[INFO] [launch]: All log files can be found below /home/robopy/.ros/log/2026-01-10-09-23-52-831327-raspberrypi-23386
[INFO] [launch]: Default logging verbosity is set to INFO
[INFO] [robot_state_publisher-1]: process started with pid [23401]
[INFO] [superpoint_node-2]: process started with pid [23403]
[INFO] [static_transform_publisher-3]: process started with pid [23405]
[INFO] [static_transform_publisher-4]: process started with pid [23407]
[INFO] [static_transform_publisher-5]: process started with pid [23409]
[INFO] [static_transform_publisher-6]: process started with pid [23411]
[INFO] [static_transform_publisher-7]: process started with pid [23413]
[INFO] [ekf_node-8]: process started with pid [23415]
[INFO] [bluedot_node-9]: process started with pid [23417]
[INFO] [motor_control_node-10]: process started with pid [23419]
[INFO] [republish-11]: process started with pid [23421]
[INFO] [foxglove_bridge-12]: process started with pid [23423]
[robot_state_publisher-1] [WARN] [1768033433.524010185] [rcl]: ROS_LOCALHOST_ONLY is deprecated but still honored if it is enabled. Use ROS_AUTOMATIC_DISCOVERY_RANGE and ROS_STATIC_PEERS instead.
[robot_state_publisher-1] [WARN] [1768033433.524047778] [rcl]: 'localhost_only' is disabled, 'automatic_discovery_range' and 'static_peers' will be used.
[republish-11] [WARN] [1768033433.536778416] [rcl]: ROS_LOCALHOST_ONLY is deprecated but still honored if it is enabled. Use ROS_AUTOMATIC_DISCOVERY_RANGE and ROS_STATIC_PEERS instead.
[republish-11] [WARN] [1768033433.537207771] [rcl]: 'localhost_only' is disabled, 'automatic_discovery_range' and 'static_peers' will be used.
[static_transform_publisher-6] [WARN] [1768033433.552106222] [rcl]: ROS_LOCALHOST_ONLY is deprecated but still honored if it is enabled. Use ROS_AUTOMATIC_DISCOVERY_RANGE and ROS_STATIC_PEERS instead.
[static_transform_publisher-6] [WARN] [1768033433.552147519] [rcl]: 'localhost_only' is disabled, 'automatic_discovery_range' and 'static_peers' will be used.
[static_transform_publisher-6] [WARN] [1768033433.558222882] []: Old-style arguments are deprecated; see --help for new-style arguments
[static_transform_publisher-4] [WARN] [1768033433.566409299] [rcl]: ROS_LOCALHOST_ONLY is deprecated but still honored if it is enabled. Use ROS_AUTOMATIC_DISCOVERY_RANGE and ROS_STATIC_PEERS instead.
[static_transform_publisher-4] [WARN] [1768033433.566446003] [rcl]: 'localhost_only' is disabled, 'automatic_discovery_range' and 'static_peers' will be used.
[static_transform_publisher-7] [WARN] [1768033433.575862096] [rcl]: ROS_LOCALHOST_ONLY is deprecated but still honored if it is enabled. Use ROS_AUTOMATIC_DISCOVERY_RANGE and ROS_STATIC_PEERS instead.
[static_transform_publisher-7] [WARN] [1768033433.575896726] [rcl]: 'localhost_only' is disabled, 'automatic_discovery_range' and 'static_peers' will be used.
[static_transform_publisher-4] [WARN] [1768033433.579219196] []: Old-style arguments are deprecated; see --help for new-style arguments
[static_transform_publisher-7] [WARN] [1768033433.583218024] []: Old-style arguments are deprecated; see --help for new-style arguments
[static_transform_publisher-5] [WARN] [1768033433.589857243] [rcl]: ROS_LOCALHOST_ONLY is deprecated but still honored if it is enabled. Use ROS_AUTOMATIC_DISCOVERY_RANGE and ROS_STATIC_PEERS instead.
[static_transform_publisher-5] [WARN] [1768033433.589906151] [rcl]: 'localhost_only' is disabled, 'automatic_discovery_range' and 'static_peers' will be used.
[static_transform_publisher-3] [WARN] [1768033433.599599043] [rcl]: ROS_LOCALHOST_ONLY is deprecated but still honored if it is enabled. Use ROS_AUTOMATIC_DISCOVERY_RANGE and ROS_STATIC_PEERS instead.
[static_transform_publisher-3] [WARN] [1768033433.599635043] [rcl]: 'localhost_only' is disabled, 'automatic_discovery_range' and 'static_peers' will be used.
[static_transform_publisher-3] [WARN] [1768033433.600789885] []: Old-style arguments are deprecated; see --help for new-style arguments
[static_transform_publisher-5] [WARN] [1768033433.602498103] []: Old-style arguments are deprecated; see --help for new-style arguments
[foxglove_bridge-12] [WARN] [1768033433.665615324] [rcl]: ROS_LOCALHOST_ONLY is deprecated but still honored if it is enabled. Use ROS_AUTOMATIC_DISCOVERY_RANGE and ROS_STATIC_PEERS instead.
[foxglove_bridge-12] [WARN] [1768033433.665678658] [rcl]: 'localhost_only' is disabled, 'automatic_discovery_range' and 'static_peers' will be used.
[static_transform_publisher-3] [INFO] [1768033433.758332410] [base_to_oak_mount]: Spinning until stopped - publishing transform
[static_transform_publisher-3] translation: ('0.100000', '0.000000', '0.150000')
[static_transform_publisher-3] rotation: ('0.000000', '0.000000', '0.000000', '1.000000')
[static_transform_publisher-3] from 'base_link' to 'oak_mount_link'
[ekf_node-8] [WARN] [1768033433.800329020] [rcl]: ROS_LOCALHOST_ONLY is deprecated but still honored if it is enabled. Use ROS_AUTOMATIC_DISCOVERY_RANGE and ROS_STATIC_PEERS instead.
[ekf_node-8] [WARN] [1768033433.800373131] [rcl]: 'localhost_only' is disabled, 'automatic_discovery_range' and 'static_peers' will be used.
[static_transform_publisher-4] [INFO] [1768033433.884317869] [oak_mount_to_camera]: Spinning until stopped - publishing transform
[static_transform_publisher-4] translation: ('0.000000', '0.000000', '0.000000')
[static_transform_publisher-4] rotation: ('0.000000', '0.000000', '0.000000', '1.000000')
[static_transform_publisher-4] from 'oak_mount_link' to 'oak_mono_camera_frame'
[static_transform_publisher-6] [INFO] [1768033433.891223090] [oak_mount_to_imu]: Spinning until stopped - publishing transform
[static_transform_publisher-6] translation: ('0.000000', '0.000000', '0.000000')
[static_transform_publisher-6] rotation: ('0.000000', '0.000000', '0.000000', '1.000000')
[static_transform_publisher-6] from 'oak_mount_link' to 'oak_imu_frame'
[static_transform_publisher-5] [INFO] [1768033433.900483682] [oak_mount_to_depth]: Spinning until stopped - publishing transform
[static_transform_publisher-5] translation: ('0.000000', '0.000000', '0.000000')
[static_transform_publisher-5] rotation: ('0.000000', '0.000000', '0.000000', '1.000000')
[static_transform_publisher-5] from 'oak_mount_link' to 'oak_depth_frame'
[static_transform_publisher-7] [INFO] [1768033433.905419610] [oak_camera_to_optical]: Spinning until stopped - publishing transform
[static_transform_publisher-7] translation: ('0.000000', '0.000000', '0.000000')
[static_transform_publisher-7] rotation: ('-0.500000', '0.500002', '-0.500000', '0.499998')
[static_transform_publisher-7] from 'oak_mono_camera_frame' to 'oak_mono_camera_optical_frame'
[robot_state_publisher-1] [WARN] [1768033433.984149252] [kdl_parser]: The root link base_link has an inertia specified in the URDF, but KDL does not support a root link with an inertia.  As a workaround, you can add an extra dummy link to your URDF.
[robot_state_publisher-1] [INFO] [1768033433.985385891] [robot_state_publisher]: Robot initialized
[ekf_node-8] [ERROR] [1768033434.114470727] [ekf_filter_node]: Initial state must be of size 15. Provided config was of size 3. The initial state will be ignored.
[republish-11] [INFO] [1768033434.138303212] [image_compressor]: The 'in_transport' parameter is set to: raw
[republish-11] [INFO] [1768033434.139009273] [image_compressor]: The 'out_transport' parameter is set to: 
[foxglove_bridge-12] [INFO] [1768033434.380083588] [foxglove_bridge]: Starting foxglove_bridge (jazzy, 3.2.2@releases/typescript/v0.7.1-592-gcf6d7a3)
[foxglove_bridge-12] [INFO] [1768033434.405572011] [foxglove_bridge]: Server listening on port 8765
[foxglove_bridge-12] [INFO] [1768033434.479392799] [foxglove_bridge]: Advertising new channel 1 for topic "/set_pose"
[foxglove_bridge-12] [INFO] [1768033434.511159995] [foxglove_bridge]: Advertising new channel 2 for topic "/rosout"
[foxglove_bridge-12] [INFO] [1768033434.555018583] [foxglove_bridge]: Advertising new channel 3 for topic "/tf_static"
[foxglove_bridge-12] [INFO] [1768033434.567014566] [foxglove_bridge]: Advertising new channel 4 for topic "/robot_description"
[foxglove_bridge-12] [INFO] [1768033434.589444466] [foxglove_bridge]: Advertising new channel 5 for topic "/parameter_events"
[foxglove_bridge-12] [INFO] [1768033434.633979856] [foxglove_bridge]: Advertising new channel 6 for topic "/odom"
[foxglove_bridge-12] [INFO] [1768033434.634173801] [foxglove_bridge]: Advertising new channel 7 for topic "/tf"
[foxglove_bridge-12] [INFO] [1768033434.639721623] [foxglove_bridge]: Advertising new channel 8 for topic "/joint_states"
[foxglove_bridge-12] [INFO] [1768033434.644936850] [foxglove_bridge]: Advertising new channel 9 for topic "/imu/data"
[foxglove_bridge-12] [INFO] [1768033434.645720097] [foxglove_bridge]: Advertising new channel 10 for topic "/superpoint/odometry"
[foxglove_bridge-12] [INFO] [1768033434.684370847] [foxglove_bridge]: Advertising new channel 11 for topic "/diagnostics"
[motor_control_node-10] [WARN] [1768033434.850871238] [rcl]: ROS_LOCALHOST_ONLY is deprecated but still honored if it is enabled. Use ROS_AUTOMATIC_DISCOVERY_RANGE and ROS_STATIC_PEERS instead.
[motor_control_node-10] [WARN] [1768033434.850902701] [rcl]: 'localhost_only' is disabled, 'automatic_discovery_range' and 'static_peers' will be used.
[bluedot_node-9] [WARN] [1768033435.034160836] [rcl]: ROS_LOCALHOST_ONLY is deprecated but still honored if it is enabled. Use ROS_AUTOMATIC_DISCOVERY_RANGE and ROS_STATIC_PEERS instead.
[bluedot_node-9] [WARN] [1768033435.034186929] [rcl]: 'localhost_only' is disabled, 'automatic_discovery_range' and 'static_peers' will be used.
[bluedot_node-9] [INFO] [1768033435.267613905] [bluedot_node]: [SERVO] Angolo: 90.0°
[bluedot_node-9] [INFO] [1768033435.271808587] [bluedot_node]: Bluedot node avviato con filtro timeout tastiera (0.3s)
[INFO] [madgwick_node-13]: process started with pid [23593]
[motor_control_node-10] [INFO] [1768033435.394111017] [motor_control_node]: ✅ Motor control node avviato (passive motors)
[foxglove_bridge-12] [INFO] [1768033435.823190579] [foxglove_bridge]: Advertising new channel 12 for topic "/superpoint/debug_image/compressed"
[foxglove_bridge-12] [INFO] [1768033435.842987180] [foxglove_bridge]: Advertising new channel 13 for topic "/servo_angle"
[foxglove_bridge-12] [INFO] [1768033435.843159107] [foxglove_bridge]: Advertising new channel 14 for topic "/out/zstd"
[foxglove_bridge-12] [INFO] [1768033435.843245330] [foxglove_bridge]: Advertising new channel 15 for topic "/out/compressedDepth"
[foxglove_bridge-12] [INFO] [1768033435.858909972] [foxglove_bridge]: Advertising new channel 16 for topic "/out"
[foxglove_bridge-12] [INFO] [1768033435.882107156] [foxglove_bridge]: Advertising new channel 17 for topic "/out/theora"
[foxglove_bridge-12] [INFO] [1768033435.933290264] [foxglove_bridge]: Advertising new channel 18 for topic "/bluedot_input"
[foxglove_bridge-12] [INFO] [1768033435.936767940] [foxglove_bridge]: received connection graph subscribe request
[foxglove_bridge-12] [INFO] [1768033435.937297796] [foxglove_bridge]: received subscribe request for channel 7 from client 1 (sink 1)
[foxglove_bridge-12] [WARN] [1768033435.937780374] [foxglove_bridge]: Limiting history depth for topic '/tf' to 10 (was 200). You may want to increase the max_qos_depth parameter value.
[foxglove_bridge-12] [INFO] [1768033435.948103122] [foxglove_bridge]: created ROS subscription on /tf (tf2_msgs/msg/TFMessage) successfully for channel 7 (client 1, sink 1)
[foxglove_bridge-12] [INFO] [1768033435.949097852] [foxglove_bridge]: received subscribe request for channel 3 from client 1 (sink 1)
[foxglove_bridge-12] [INFO] [1768033435.954289727] [foxglove_bridge]: created ROS subscription on /tf_static (tf2_msgs/msg/TFMessage) successfully for channel 3 (client 1, sink 1)
[foxglove_bridge-12] [INFO] [1768033435.956529319] [foxglove_bridge]: received subscribe request for channel 4 from client 1 (sink 1)
[foxglove_bridge-12] [INFO] [1768033435.968570636] [foxglove_bridge]: created ROS subscription on /robot_description (std_msgs/msg/String) successfully for channel 4 (client 1, sink 1)
[foxglove_bridge-12] [INFO] [1768033435.968731230] [foxglove_bridge]: received subscribe request for channel 9 from client 1 (sink 1)
[foxglove_bridge-12] [INFO] [1768033435.978233101] [foxglove_bridge]: created ROS subscription on /imu/data (sensor_msgs/msg/Imu) successfully for channel 9 (client 1, sink 1)
[foxglove_bridge-12] [INFO] [1768033435.978448640] [foxglove_bridge]: received subscribe request for channel 11 from client 1 (sink 1)
[foxglove_bridge-12] [INFO] [1768033435.991575337] [foxglove_bridge]: created ROS subscription on /diagnostics (diagnostic_msgs/msg/DiagnosticArray) successfully for channel 11 (client 1, sink 1)
[foxglove_bridge-12] [INFO] [1768033436.043564322] [foxglove_bridge]: received subscribe request for channel 18 from client 1 (sink 1)
[foxglove_bridge-12] [INFO] [1768033436.055830919] [foxglove_bridge]: created ROS subscription on /bluedot_input (std_msgs/msg/Float64MultiArray) successfully for channel 18 (client 1, sink 1)
[foxglove_bridge-12] [INFO] [1768033436.099124891] [foxglove_bridge]: publishing connection graph
[madgwick_node-13] [WARN] [1768033436.446050858] [rcl]: ROS_LOCALHOST_ONLY is deprecated but still honored if it is enabled. Use ROS_AUTOMATIC_DISCOVERY_RANGE and ROS_STATIC_PEERS instead.
[madgwick_node-13] [WARN] [1768033436.446074840] [rcl]: 'localhost_only' is disabled, 'automatic_discovery_range' and 'static_peers' will be used.
[foxglove_bridge-12] [INFO] [1768033436.601437032] [foxglove_bridge]: Advertising new channel 19 for topic "/imu/raw"
[foxglove_bridge-12] [INFO] [1768033436.601675237] [foxglove_bridge]: Advertising new channel 20 for topic "/imu/linear"
[foxglove_bridge-12] [INFO] [1768033436.611915559] [foxglove_bridge]: received subscribe request for channel 20 from client 1 (sink 1)
[madgwick_node-13] [INFO] [1768033436.622179974] [madgwick_filter]: Madgwick IMU filter started
[foxglove_bridge-12] [INFO] [1768033436.622362420] [foxglove_bridge]: created ROS subscription on /imu/linear (sensor_msgs/msg/Imu) successfully for channel 20 (client 1, sink 1)
[foxglove_bridge-12] [INFO] [1768033436.673413712] [foxglove_bridge]: publishing connection graph
[superpoint_node-2] [WARN] [1768033437.111274473] [rcl]: ROS_LOCALHOST_ONLY is deprecated but still honored if it is enabled. Use ROS_AUTOMATIC_DISCOVERY_RANGE and ROS_STATIC_PEERS instead.
[superpoint_node-2] [WARN] [1768033437.111294954] [rcl]: 'localhost_only' is disabled, 'automatic_discovery_range' and 'static_peers' will be used.
[foxglove_bridge-12] [INFO] [1768033437.186685292] [foxglove_bridge]: publishing connection graph
[superpoint_node-2] [WARN] [1768033437.309015167] [superpoint_node]: YOLO blob non trovato: /home/robopy/robopy/robopi_controller/robopy_controller_host/install/robopy_controller/share/robopy_controller/models/yolov8n-seg.superblob
[superpoint_node-2] [INFO] [1768033437.310225565] [superpoint_node]: Info camera di default generate
[superpoint_node-2] [INFO] [1768033437.311083665] [superpoint_node]: Camera matrix shape: (3, 3)
[superpoint_node-2] [INFO] [1768033437.322341846] [superpoint_node]: Publisher depth attivato: 320x200
[superpoint_node-2] [INFO] [1768033437.326921234] [superpoint_node]: Publisher mono attivato: 320x200
[superpoint_node-2] [INFO] [1768033437.331440826] [superpoint_node]: Publisher camera_info attivato
[superpoint_node-2] [INFO] [1768033437.348422830] [superpoint_node]: Publisher features SuperPoint attivato
[superpoint_node-2] [INFO] [1768033437.433517263] [superpoint_node]: Publisher features RTAB-Map attivato
[superpoint_node-2] [INFO] [1768033437.465349570] [superpoint_node]: Publisher odometry e TF attivati
[superpoint_node-2] [INFO] [1768033437.469785272] [superpoint_node]: Publisher matches visualization attivato
[superpoint_node-2] [INFO] [1768033437.473762341] [superpoint_node]: Publisher debug image attivato
[superpoint_node-2] [INFO] [1768033437.477995726] [superpoint_node]: Publisher keypoints 3D cloud attivato
[superpoint_node-2] [INFO] [1768033437.482178111] [superpoint_node]: Publisher matches 3D cloud attivato
[superpoint_node-2] [INFO] [1768033437.495380197] [superpoint_node]: FLANN matcher inizializzato
[superpoint_node-2] [2026-01-10 09:23:57.533] [depthai] [warning] OpenVINO 2021.2 is deprecated!
[foxglove_bridge-12] [INFO] [1768033437.952735278] [foxglove_bridge]: Advertising new channel 21 for topic "/superpoint/matches_3d"
[foxglove_bridge-12] [INFO] [1768033438.011542355] [foxglove_bridge]: Advertising new channel 22 for topic "/superpoint/markers"
[foxglove_bridge-12] [INFO] [1768033438.019678641] [foxglove_bridge]: Advertising new channel 23 for topic "/superpoint/features"
[foxglove_bridge-12] [INFO] [1768033438.020296942] [foxglove_bridge]: Advertising new channel 24 for topic "/superpoint/debug_image"
[foxglove_bridge-12] [INFO] [1768033438.027635463] [foxglove_bridge]: Advertising new channel 25 for topic "/rtabmap/features"
[foxglove_bridge-12] [INFO] [1768033438.031338622] [foxglove_bridge]: received subscribe request for channel 24 from client 1 (sink 1)
[foxglove_bridge-12] [INFO] [1768033438.032128166] [foxglove_bridge]: Advertising new channel 26 for topic "/flann/matches_viz"
[foxglove_bridge-12] [INFO] [1768033438.032215296] [foxglove_bridge]: Advertising new channel 27 for topic "/superpoint/keypoints_3d"
[foxglove_bridge-12] [INFO] [1768033438.032259667] [foxglove_bridge]: Advertising new channel 28 for topic "/depth/image_raw"
[foxglove_bridge-12] [INFO] [1768033438.032303778] [foxglove_bridge]: Advertising new channel 29 for topic "/camera/image_raw"
[foxglove_bridge-12] [INFO] [1768033438.040844309] [foxglove_bridge]: Advertising new channel 30 for topic "/camera/camera_info"
[foxglove_bridge-12] [INFO] [1768033438.048983966] [foxglove_bridge]: created ROS subscription on /superpoint/debug_image (sensor_msgs/msg/Image) successfully for channel 24 (client 1, sink 1)
[foxglove_bridge-12] [INFO] [1768033438.057412088] [foxglove_bridge]: received subscribe request for channel 26 from client 1 (sink 1)
[foxglove_bridge-12] [INFO] [1768033438.065767024] [foxglove_bridge]: created ROS subscription on /flann/matches_viz (geometry_msgs/msg/PoseArray) successfully for channel 26 (client 1, sink 1)
[foxglove_bridge-12] [INFO] [1768033438.066229713] [foxglove_bridge]: received subscribe request for channel 28 from client 1 (sink 1)
[foxglove_bridge-12] [INFO] [1768033438.074664354] [foxglove_bridge]: created ROS subscription on /depth/image_raw (sensor_msgs/msg/Image) successfully for channel 28 (client 1, sink 1)
[foxglove_bridge-12] [INFO] [1768033438.074895782] [foxglove_bridge]: received subscribe request for channel 29 from client 1 (sink 1)
[foxglove_bridge-12] [INFO] [1768033438.082474305] [foxglove_bridge]: created ROS subscription on /camera/image_raw (sensor_msgs/msg/Image) successfully for channel 29 (client 1, sink 1)
[foxglove_bridge-12] [INFO] [1768033438.085474588] [foxglove_bridge]: received subscribe request for channel 30 from client 1 (sink 1)
[foxglove_bridge-12] [INFO] [1768033438.094291380] [foxglove_bridge]: created ROS subscription on /camera/camera_info (sensor_msgs/msg/CameraInfo) successfully for channel 30 (client 1, sink 1)
[foxglove_bridge-12] [INFO] [1768033438.104770611] [foxglove_bridge]: publishing connection graph
[foxglove_bridge-12] [INFO] [1768033438.613114077] [foxglove_bridge]: publishing connection graph
[superpoint_node-2] [19443010F1AB0B7E00] [3.1] [2.276] [NeuralNetwork(10)] [warning] Network compiled for 4 shaves, maximum available 10, compiling for 5 shaves likely will yield in better performance
[superpoint_node-2] [INFO] [1768033440.967791151] [superpoint_node]: Pipeline DepthAI configurata con successo
[superpoint_node-2] [INFO] [1768033440.970159503] [superpoint_node]: Nodo SuperPoint Odometry avviato a 10 FPS
[superpoint_node-2] [INFO] [1768033440.971169955] [superpoint_node]: Nodo SuperPoint Odometry avviato. Premi Ctrl+C per interrompere.
[INFO] [rtabmap-14]: process started with pid [23735]
[superpoint_node-2] [INFO] [1768033441.515717727] [superpoint_node]: Keypoints estratti: 800
[superpoint_node-2] [ERROR] [1768033441.522148481] [superpoint_node]: Errore pubblicazione keypoints 3D: could not assign tuple of length 3 to structure with 4 fields.
[superpoint_node-2] [INFO] [1768033441.618035981] [superpoint_node]: Keypoints estratti: 800
[superpoint_node-2] [ERROR] [1768033441.626329324] [superpoint_node]: Errore pubblicazione keypoints 3D: could not assign tuple of length 3 to structure with 4 fields.
[superpoint_node-2] [INFO] [1768033441.728176611] [superpoint_node]: Keypoints estratti: 800
[superpoint_node-2] [ERROR] [1768033441.734608403] [superpoint_node]: Errore pubblicazione keypoints 3D: could not assign tuple of length 3 to structure with 4 fields.
[superpoint_node-2] [INFO] [1768033441.825177490] [superpoint_node]: Keypoints estratti: 800
[superpoint_node-2] [ERROR] [1768033441.831867617] [superpoint_node]: Errore pubblicazione keypoints 3D: could not assign tuple of length 3 to structure with 4 fields.
[superpoint_node-2] [INFO] [1768033441.925331190] [superpoint_node]: Keypoints estratti: 800
[superpoint_node-2] [ERROR] [1768033441.932728026] [superpoint_node]: Errore pubblicazione keypoints 3D: could not assign tuple of length 3 to structure with 4 fields.
[superpoint_node-2] [INFO] [1768033442.034009512] [superpoint_node]: Keypoints estratti: 800
[superpoint_node-2] [ERROR] [1768033442.042161003] [superpoint_node]: Errore pubblicazione keypoints 3D: could not assign tuple of length 3 to structure with 4 fields.
[superpoint_node-2] [INFO] [1768033442.153663700] [superpoint_node]: Keypoints estratti: 800
[superpoint_node-2] [ERROR] [1768033442.160845183] [superpoint_node]: Errore pubblicazione keypoints 3D: could not assign tuple of length 3 to structure with 4 fields.
[superpoint_node-2] [INFO] [1768033442.254813852] [superpoint_node]: Keypoints estratti: 800
[superpoint_node-2] [ERROR] [1768033442.262068428] [superpoint_node]: Errore pubblicazione keypoints 3D: could not assign tuple of length 3 to structure with 4 fields.
[superpoint_node-2] [INFO] [1768033442.356474138] [superpoint_node]: Keypoints estratti: 800
[superpoint_node-2] [ERROR] [1768033442.364411404] [superpoint_node]: Errore pubblicazione keypoints 3D: could not assign tuple of length 3 to structure with 4 fields.
[superpoint_node-2] [INFO] [1768033442.454398450] [superpoint_node]: Keypoints estratti: 800
[superpoint_node-2] [ERROR] [1768033442.461721674] [superpoint_node]: Errore pubblicazione keypoints 3D: could not assign tuple of length 3 to structure with 4 fields.
[superpoint_node-2] [INFO] [1768033442.551846443] [superpoint_node]: Keypoints estratti: 800
[superpoint_node-2] [ERROR] [1768033442.558799905] [superpoint_node]: Errore pubblicazione keypoints 3D: could not assign tuple of length 3 to structure with 4 fields.
[superpoint_node-2] [INFO] [1768033442.647499200] [superpoint_node]: Keypoints estratti: 800
[superpoint_node-2] [ERROR] [1768033442.654826869] [superpoint_node]: Errore pubblicazione keypoints 3D: could not assign tuple of length 3 to structure with 4 fields.
[superpoint_node-2] [INFO] [1768033442.747189840] [superpoint_node]: Keypoints estratti: 800
[superpoint_node-2] [ERROR] [1768033442.755843946] [superpoint_node]: Errore pubblicazione keypoints 3D: could not assign tuple of length 3 to structure with 4 fields.
[superpoint_node-2] [INFO] [1768033442.860546700] [superpoint_node]: Keypoints estratti: 800
[superpoint_node-2] [ERROR] [1768033442.867760257] [superpoint_node]: Errore pubblicazione keypoints 3D: could not assign tuple of length 3 to structure with 4 fields.
[superpoint_node-2] [INFO] [1768033442.969188226] [superpoint_node]: Keypoints estratti: 800
[superpoint_node-2] [ERROR] [1768033442.977893091] [superpoint_node]: Errore pubblicazione keypoints 3D: could not assign tuple of length 3 to structure with 4 fields.
[superpoint_node-2] [INFO] [1768033443.085314034] [superpoint_node]: Keypoints estratti: 800
[superpoint_node-2] [ERROR] [1768033443.093681322] [superpoint_node]: Errore pubblicazione keypoints 3D: could not assign tuple of length 3 to structure with 4 fields.
[superpoint_node-2] [INFO] [1768033443.204523977] [superpoint_node]: Keypoints estratti: 800
[superpoint_node-2] [ERROR] [1768033443.210445117] [superpoint_node]: Errore pubblicazione keypoints 3D: could not assign tuple of length 3 to structure with 4 fields.
[superpoint_node-2] [INFO] [1768033443.312980280] [superpoint_node]: Keypoints estratti: 800
[superpoint_node-2] [ERROR] [1768033443.321312401] [superpoint_node]: Errore pubblicazione keypoints 3D: could not assign tuple of length 3 to structure with 4 fields.
[superpoint_node-2] [INFO] [1768033443.422619573] [superpoint_node]: Keypoints estratti: 800
[superpoint_node-2] [ERROR] [1768033443.430023187] [superpoint_node]: Errore pubblicazione keypoints 3D: could not assign tuple of length 3 to structure with 4 fields.
[superpoint_node-2] [INFO] [1768033443.531022616] [superpoint_node]: Keypoints estratti: 800
[superpoint_node-2] [ERROR] [1768033443.539008549] [superpoint_node]: Errore pubblicazione keypoints 3D: could not assign tuple of length 3 to structure with 4 fields.
[superpoint_node-2] [INFO] [1768033443.631414781] [superpoint_node]: Keypoints estratti: 800
[superpoint_node-2] [ERROR] [1768033443.639893811] [superpoint_node]: Errore pubblicazione keypoints 3D: could not assign tuple of length 3 to structure with 4 fields.
[superpoint_node-2] [INFO] [1768033443.737189173] [superpoint_node]: Keypoints estratti: 800
[superpoint_node-2] [ERROR] [1768033443.746133114] [superpoint_node]: Errore pubblicazione keypoints 3D: could not assign tuple of length 3 to structure with 4 fields.
[superpoint_node-2] [INFO] [1768033443.843054362] [superpoint_node]: Keypoints estratti: 800
[superpoint_node-2] [ERROR] [1768033443.851489707] [superpoint_node]: Errore pubblicazione keypoints 3D: could not assign tuple of length 3 to structure with 4 fields.
[superpoint_node-2] [INFO] [1768033443.948676198] [superpoint_node]: Keypoints estratti: 800
[superpoint_node-2] [ERROR] [1768033443.956373444] [superpoint_node]: Errore pubblicazione keypoints 3D: could not assign tuple of length 3 to structure with 4 fields.
[superpoint_node-2] [INFO] [1768033444.051166361] [superpoint_node]: Keypoints estratti: 800
[superpoint_node-2] [ERROR] [1768033444.059535872] [superpoint_node]: Errore pubblicazione keypoints 3D: could not assign tuple of length 3 to structure with 4 fields.
[superpoint_node-2] [INFO] [1768033444.205123949] [superpoint_node]: Keypoints estratti: 800
[superpoint_node-2] [ERROR] [1768033444.213592665] [superpoint_node]: Errore pubblicazione keypoints 3D: could not assign tuple of length 3 to structure with 4 fields.
[superpoint_node-2] [INFO] [1768033444.313999533] [superpoint_node]: Keypoints estratti: 800
[superpoint_node-2] [ERROR] [1768033444.322552916] [superpoint_node]: Errore pubblicazione keypoints 3D: could not assign tuple of length 3 to structure with 4 fields.
[superpoint_node-2] [INFO] [1768033444.419434904] [superpoint_node]: Keypoints estratti: 800
[superpoint_node-2] [ERROR] [1768033444.427007816] [superpoint_node]: Errore pubblicazione keypoints 3D: could not assign tuple of length 3 to structure with 4 fields.
[superpoint_node-2] [INFO] [1768033444.531936554] [superpoint_node]: Keypoints estratti: 800
[superpoint_node-2] [ERROR] [1768033444.541326258] [superpoint_node]: Errore pubblicazione keypoints 3D: could not assign tuple of length 3 to structure with 4 fields.
[superpoint_node-2] [INFO] [1768033444.639590054] [superpoint_node]: Keypoints estratti: 800
[superpoint_node-2] [ERROR] [1768033444.648406679] [superpoint_node]: Errore pubblicazione keypoints 3D: could not assign tuple of length 3 to structure with 4 fields.
[superpoint_node-2] [INFO] [1768033444.747479352] [superpoint_node]: Keypoints estratti: 800
[superpoint_node-2] [ERROR] [1768033444.755628787] [superpoint_node]: Errore pubblicazione keypoints 3D: could not assign tuple of length 3 to structure with 4 fields.
[superpoint_node-2] [INFO] [1768033444.852573554] [superpoint_node]: Keypoints estratti: 800
[superpoint_node-2] [ERROR] [1768033444.860516579] [superpoint_node]: Errore pubblicazione keypoints 3D: could not assign tuple of length 3 to structure with 4 fields.
[superpoint_node-2] [INFO] [1768033444.961375433] [superpoint_node]: Keypoints estratti: 800
[superpoint_node-2] [ERROR] [1768033444.970054224] [superpoint_node]: Errore pubblicazione keypoints 3D: could not assign tuple of length 3 to structure with 4 fields.
[superpoint_node-2] [INFO] [1768033445.065668962] [superpoint_node]: Keypoints estratti: 800
[superpoint_node-2] [ERROR] [1768033445.073365893] [superpoint_node]: Errore pubblicazione keypoints 3D: could not assign tuple of length 3 to structure with 4 fields.
[superpoint_node-2] [INFO] [1768033445.168686944] [superpoint_node]: Keypoints estratti: 800
[superpoint_node-2] [ERROR] [1768033445.176861268] [superpoint_node]: Errore pubblicazione keypoints 3D: could not assign tuple of length 3 to structure with 4 fields.
[superpoint_node-2] [INFO] [1768033445.269028719] [superpoint_node]: Keypoints estratti: 800
[superpoint_node-2] [ERROR] [1768033445.278388645] [superpoint_node]: Errore pubblicazione keypoints 3D: could not assign tuple of length 3 to structure with 4 fields.
[superpoint_node-2] [INFO] [1768033445.371262954] [superpoint_node]: Keypoints estratti: 800
[superpoint_node-2] [ERROR] [1768033445.379218369] [superpoint_node]: Errore pubblicazione keypoints 3D: could not assign tuple of length 3 to structure with 4 fields.
[superpoint_node-2] [INFO] [1768033445.474754013] [superpoint_node]: Keypoints estratti: 800
[superpoint_node-2] [ERROR] [1768033445.483038949] [superpoint_node]: Errore pubblicazione keypoints 3D: could not assign tuple of length 3 to structure with 4 fields.
[superpoint_node-2] [INFO] [1768033445.577723495] [superpoint_node]: Keypoints estratti: 800
[superpoint_node-2] [ERROR] [1768033445.585302073] [superpoint_node]: Errore pubblicazione keypoints 3D: could not assign tuple of length 3 to structure with 4 fields.
[superpoint_node-2] [INFO] [1768033445.679322854] [superpoint_node]: Keypoints estratti: 800
[superpoint_node-2] [ERROR] [1768033445.686907766] [superpoint_node]: Errore pubblicazione keypoints 3D: could not assign tuple of length 3 to structure with 4 fields.
[superpoint_node-2] [INFO] [1768033445.785723270] [superpoint_node]: Keypoints estratti: 800
[superpoint_node-2] [ERROR] [1768033445.794618452] [superpoint_node]: Errore pubblicazione keypoints 3D: could not assign tuple of length 3 to structure with 4 fields.
[superpoint_node-2] [INFO] [1768033445.886273658] [superpoint_node]: Keypoints estratti: 800
[superpoint_node-2] [ERROR] [1768033445.894344463] [superpoint_node]: Errore pubblicazione keypoints 3D: could not assign tuple of length 3 to structure with 4 fields.
[superpoint_node-2] [INFO] [1768033445.991122321] [superpoint_node]: Keypoints estratti: 800
[superpoint_node-2] [ERROR] [1768033445.999776871] [superpoint_node]: Errore pubblicazione keypoints 3D: could not assign tuple of length 3 to structure with 4 fields.
[superpoint_node-2] [INFO] [1768033446.094924587] [superpoint_node]: Keypoints estratti: 800
[superpoint_node-2] [ERROR] [1768033446.102851909] [superpoint_node]: Errore pubblicazione keypoints 3D: could not assign tuple of length 3 to structure with 4 fields.
[superpoint_node-2] [INFO] [1768033446.202078731] [superpoint_node]: Keypoints estratti: 800
[superpoint_node-2] [ERROR] [1768033446.211297619] [superpoint_node]: Errore pubblicazione keypoints 3D: could not assign tuple of length 3 to structure with 4 fields.
[superpoint_node-2] [INFO] [1768033446.310958074] [superpoint_node]: Keypoints estratti: 800
[superpoint_node-2] [ERROR] [1768033446.318204187] [superpoint_node]: Errore pubblicazione keypoints 3D: could not assign tuple of length 3 to structure with 4 fields.
[superpoint_node-2] [INFO] [1768033446.416511798] [superpoint_node]: Keypoints estratti: 800
[superpoint_node-2] [ERROR] [1768033446.423984450] [superpoint_node]: Errore pubblicazione keypoints 3D: could not assign tuple of length 3 to structure with 4 fields.
[superpoint_node-2] [INFO] [1768033446.514357257] [superpoint_node]: Keypoints estratti: 800
[superpoint_node-2] [ERROR] [1768033446.521720723] [superpoint_node]: Errore pubblicazione keypoints 3D: could not assign tuple of length 3 to structure with 4 fields.
[superpoint_node-2] [INFO] [1768033446.617788650] [superpoint_node]: Keypoints estratti: 800
[superpoint_node-2] [ERROR] [1768033446.625540119] [superpoint_node]: Errore pubblicazione keypoints 3D: could not assign tuple of length 3 to structure with 4 fields.
[superpoint_node-2] [INFO] [1768033446.715901482] [superpoint_node]: Keypoints estratti: 800
[superpoint_node-2] [ERROR] [1768033446.723118965] [superpoint_node]: Errore pubblicazione keypoints 3D: could not assign tuple of length 3 to structure with 4 fields.
[superpoint_node-2] [INFO] [1768033446.816655649] [superpoint_node]: Keypoints estratti: 800
[superpoint_node-2] [ERROR] [1768033446.824048856] [superpoint_node]: Errore pubblicazione keypoints 3D: could not assign tuple of length 3 to structure with 4 fields.
[superpoint_node-2] [INFO] [1768033447.022882262] [superpoint_node]: Keypoints estratti: 800
[superpoint_node-2] [ERROR] [1768033447.030305284] [superpoint_node]: Errore pubblicazione keypoints 3D: could not assign tuple of length 3 to structure with 4 fields.
[superpoint_node-2] [INFO] [1768033447.125980671] [superpoint_node]: Keypoints estratti: 800
[superpoint_node-2] [ERROR] [1768033447.133177839] [superpoint_node]: Errore pubblicazione keypoints 3D: could not assign tuple of length 3 to structure with 4 fields.
[superpoint_node-2] [INFO] [1768033447.229309303] [superpoint_node]: Keypoints estratti: 800
[superpoint_node-2] [ERROR] [1768033447.237195606] [superpoint_node]: Errore pubblicazione keypoints 3D: could not assign tuple of length 3 to structure with 4 fields.
[superpoint_node-2] [INFO] [1768033447.330848292] [superpoint_node]: Keypoints estratti: 800
[superpoint_node-2] [ERROR] [1768033447.338152627] [superpoint_node]: Errore pubblicazione keypoints 3D: could not assign tuple of length 3 to structure with 4 fields.
[superpoint_node-2] [INFO] [1768033447.428475027] [superpoint_node]: Keypoints estratti: 800
[superpoint_node-2] [ERROR] [1768033447.435680177] [superpoint_node]: Errore pubblicazione keypoints 3D: could not assign tuple of length 3 to structure with 4 fields.
[superpoint_node-2] [INFO] [1768033447.525950669] [superpoint_node]: Keypoints estratti: 800
[superpoint_node-2] [ERROR] [1768033447.533723304] [superpoint_node]: Errore pubblicazione keypoints 3D: could not assign tuple of length 3 to structure with 4 fields.
[superpoint_node-2] [INFO] [1768033447.622038855] [superpoint_node]: Keypoints estratti: 800
[superpoint_node-2] [ERROR] [1768033447.629238579] [superpoint_node]: Errore pubblicazione keypoints 3D: could not assign tuple of length 3 to structure with 4 fields.
[superpoint_node-2] [INFO] [1768033447.755093556] [superpoint_node]: Keypoints estratti: 800
[superpoint_node-2] [ERROR] [1768033447.762434133] [superpoint_node]: Errore pubblicazione keypoints 3D: could not assign tuple of length 3 to structure with 4 fields.
[superpoint_node-2] [INFO] [1768033447.851469874] [superpoint_node]: Keypoints estratti: 800
[superpoint_node-2] [ERROR] [1768033447.858736950] [superpoint_node]: Errore pubblicazione keypoints 3D: could not assign tuple of length 3 to structure with 4 fields.
[rtabmap-14] [WARN] [1768033447.885560310] [rcl]: ROS_LOCALHOST_ONLY is deprecated but still honored if it is enabled. Use ROS_AUTOMATIC_DISCOVERY_RANGE and ROS_STATIC_PEERS instead.
[rtabmap-14] [WARN] [1768033447.885651700] [rcl]: 'localhost_only' is disabled, 'automatic_discovery_range' and 'static_peers' will be used.
[foxglove_bridge-12] [INFO] [1768033447.930567537] [foxglove_bridge]: publishing connection graph
[superpoint_node-2] [INFO] [1768033447.967760368] [superpoint_node]: Keypoints estratti: 800
[superpoint_node-2] [ERROR] [1768033447.977240777] [superpoint_node]: Errore pubblicazione keypoints 3D: could not assign tuple of length 3 to structure with 4 fields.
[rtabmap-14] [WARN] [1768033448.091770849] [rtabmap]: Parameter "queue_size" has been renamed to "sync_queue_size" and will be removed in future versions! The value (20) is copied to "sync_queue_size".
[superpoint_node-2] [INFO] [1768033448.114697864] [superpoint_node]: Keypoints estratti: 800
[superpoint_node-2] [ERROR] [1768033448.122270128] [superpoint_node]: Errore pubblicazione keypoints 3D: could not assign tuple of length 3 to structure with 4 fields.
[rtabmap-14] [INFO] [1768033448.132603450] [rtabmap]: rtabmap(maps): latch                      = true
[rtabmap-14] [INFO] [1768033448.132704414] [rtabmap]: rtabmap(maps): map_filter_radius          = 0.000000
[rtabmap-14] [INFO] [1768033448.132748248] [rtabmap]: rtabmap(maps): map_filter_angle           = 30.000000
[rtabmap-14] [INFO] [1768033448.132781211] [rtabmap]: rtabmap(maps): map_cleanup                = true
[rtabmap-14] [INFO] [1768033448.132811008] [rtabmap]: rtabmap(maps): map_always_update          = false
[rtabmap-14] [INFO] [1768033448.132838934] [rtabmap]: rtabmap(maps): map_empty_ray_tracing      = true
[rtabmap-14] [INFO] [1768033448.132863989] [rtabmap]: rtabmap(maps): cloud_output_voxelized     = true
[rtabmap-14] [INFO] [1768033448.132892156] [rtabmap]: rtabmap(maps): cloud_subtract_filtering   = false
[rtabmap-14] [INFO] [1768033448.132918619] [rtabmap]: rtabmap(maps): cloud_subtract_filtering_min_neighbors = 2
[rtabmap-14] [INFO] [1768033448.134679819] [rtabmap]: rtabmap(maps): octomap_tree_depth         = 16
[superpoint_node-2] [INFO] [1768033448.255130512] [superpoint_node]: Keypoints estratti: 800
[superpoint_node-2] [ERROR] [1768033448.264138954] [superpoint_node]: Errore pubblicazione keypoints 3D: could not assign tuple of length 3 to structure with 4 fields.
[rtabmap-14] [INFO] [1768033448.325885406] [rtabmap]: rtabmap: frame_id      = base_link
[rtabmap-14] [INFO] [1768033448.326049444] [rtabmap]: rtabmap: odom_frame_id = odom
[rtabmap-14] [INFO] [1768033448.326095037] [rtabmap]: rtabmap: map_frame_id  = map
[rtabmap-14] [INFO] [1768033448.326130204] [rtabmap]: rtabmap: log_to_rosout_level  = 4
[rtabmap-14] [INFO] [1768033448.326164519] [rtabmap]: rtabmap: initial_pose  = 
[rtabmap-14] [INFO] [1768033448.326345965] [rtabmap]: rtabmap: use_action_for_goal  = false
[rtabmap-14] [INFO] [1768033448.326425725] [rtabmap]: rtabmap: tf_delay      = 0.100000
[rtabmap-14] [INFO] [1768033448.326488207] [rtabmap]: rtabmap: tf_tolerance  = 0.200000
[rtabmap-14] [INFO] [1768033448.326570504] [rtabmap]: rtabmap: odom_sensor_sync   = false
[rtabmap-14] [INFO] [1768033448.326655134] [rtabmap]: rtabmap: pub_loc_pose_only_when_localizing = false
[rtabmap-14] [INFO] [1768033448.326771320] [rtabmap]: rtabmap: wait_for_transform = 0.200000
[rtabmap-14] [INFO] [1768033448.326814709] [rtabmap]: rtabmap: gen_scan  = false
[rtabmap-14] [INFO] [1768033448.326849821] [rtabmap]: rtabmap: gen_depth  = false
[superpoint_node-2] [INFO] [1768033448.398902502] [superpoint_node]: Keypoints estratti: 800
[superpoint_node-2] [ERROR] [1768033448.409585272] [superpoint_node]: Errore pubblicazione keypoints 3D: could not assign tuple of length 3 to structure with 4 fields.
[foxglove_bridge-12] [INFO] [1768033448.433435312] [foxglove_bridge]: Advertising new channel 31 for topic "/octomap_occupied_space"
[foxglove_bridge-12] [INFO] [1768033448.433583573] [foxglove_bridge]: Advertising new channel 32 for topic "/octomap_obstacles"
[foxglove_bridge-12] [INFO] [1768033448.433648758] [foxglove_bridge]: Advertising new channel 33 for topic "/octomap_ground"
[foxglove_bridge-12] [INFO] [1768033448.433716388] [foxglove_bridge]: Advertising new channel 34 for topic "/octomap_global_frontier_space"
[foxglove_bridge-12] [INFO] [1768033448.442929887] [foxglove_bridge]: received subscribe request for channel 31 from client 1 (sink 1)
[superpoint_node-2] [INFO] [1768033448.540451048] [superpoint_node]: Keypoints estratti: 800
[rtabmap-14] [INFO] [1768033448.551239003] [rtabmap]: Setting RTAB-Map parameter "Grid/3D"="true" (rosparam)
[rtabmap-14] [INFO] [1768033448.551703637] [rtabmap]: Setting RTAB-Map parameter "Grid/CellSize"="0.05" (rosparam)
[rtabmap-14] [INFO] [1768033448.556622546] [rtabmap]: Setting RTAB-Map parameter "Grid/MinClusterSize"="8" (rosparam)
[rtabmap-14] [INFO] [1768033448.557375478] [rtabmap]: Setting RTAB-Map parameter "Grid/NoiseFilteringMinNeighbors"="3" (rosparam)
[rtabmap-14] [INFO] [1768033448.557776166] [rtabmap]: Setting RTAB-Map parameter "Grid/NoiseFilteringRadius"="0.08" (rosparam)
[rtabmap-14] [INFO] [1768033448.559764312] [rtabmap]: Setting RTAB-Map parameter "Grid/RangeMax"="4.0" (rosparam)
[rtabmap-14] [INFO] [1768033448.560500132] [rtabmap]: Setting RTAB-Map parameter "Grid/RangeMin"="0.15" (rosparam)
[rtabmap-14] [INFO] [1768033448.561133397] [rtabmap]: Setting RTAB-Map parameter "Grid/RayTracing"="true" (rosparam)
[foxglove_bridge-12] [INFO] [1768033448.568086507] [foxglove_bridge]: Advertising new channel 35 for topic "/octomap_full"
[foxglove_bridge-12] [INFO] [1768033448.568253805] [foxglove_bridge]: Advertising new channel 36 for topic "/octomap_empty_space"
[foxglove_bridge-12] [INFO] [1768033448.569473463] [foxglove_bridge]: Advertising new channel 37 for topic "/octomap_binary"
[rtabmap-14] [INFO] [1768033448.573197677] [rtabmap]: Setting RTAB-Map parameter "Icp/MaxRotation"="0.4" (rosparam)
[rtabmap-14] [INFO] [1768033448.574038758] [rtabmap]: Setting RTAB-Map parameter "Icp/MaxTranslation"="0.4" (rosparam)
[rtabmap-14] [INFO] [1768033448.587241307] [rtabmap]: Setting RTAB-Map parameter "Kp/DetectorStrategy"="6" (rosparam)
[rtabmap-14] [INFO] [1768033448.590493925] [rtabmap]: Setting RTAB-Map parameter "Kp/MaxFeatures"="500" (rosparam)
[rtabmap-14] [INFO] [1768033448.597694130] [rtabmap]: Setting RTAB-Map parameter "Mem/BadSignaturesIgnored"="true" (rosparam)
[rtabmap-14] [INFO] [1768033448.601602865] [rtabmap]: Setting RTAB-Map parameter "Mem/IncrementalMemory"="true" (rosparam)
[superpoint_node-2] [ERROR] [1768033448.592694869] [superpoint_node]: Errore pubblicazione keypoints 3D: could not assign tuple of length 3 to structure with 4 fields.
[rtabmap-14] [INFO] [1768033448.605332209] [rtabmap]: Setting RTAB-Map parameter "Mem/ReduceGraph"="true" (rosparam)
[rtabmap-14] [INFO] [1768033448.605952029] [rtabmap]: Setting RTAB-Map parameter "Mem/RehearsalSimilarity"="0.75" (rosparam)
[rtabmap-14] [INFO] [1768033448.606916907] [rtabmap]: Setting RTAB-Map parameter "Mem/STMSize"="10" (rosparam)
[rtabmap-14] [INFO] [1768033448.613632090] [rtabmap]: Setting RTAB-Map parameter "Optimizer/Iterations"="5" (rosparam)
[rtabmap-14] [INFO] [1768033448.615857441] [rtabmap]: Setting RTAB-Map parameter "Optimizer/Strategy"="1" (rosparam)
[rtabmap-14] [INFO] [1768033448.626383005] [rtabmap]: Setting RTAB-Map parameter "RGBD/LocalRadius"="2.0" (rosparam)
[rtabmap-14] [INFO] [1768033448.630578168] [rtabmap]: Setting RTAB-Map parameter "RGBD/NeighborLinkRefining"="true" (rosparam)
[rtabmap-14] [INFO] [1768033448.632442109] [rtabmap]: Setting RTAB-Map parameter "RGBD/OptimizeMaxError"="1.0" (rosparam)
[rtabmap-14] [INFO] [1768033448.637251036] [rtabmap]: Setting RTAB-Map parameter "RGBD/ProximityPathMaxNeighbors"="5" (rosparam)
[rtabmap-14] [INFO] [1768033448.638833752] [rtabmap]: Setting RTAB-Map parameter "Reg/Force3DoF"="true" (rosparam)
[rtabmap-14] [INFO] [1768033448.639893668] [rtabmap]: Setting RTAB-Map parameter "Reg/Strategy"="0" (rosparam)
[rtabmap-14] [INFO] [1768033448.641531459] [rtabmap]: Setting RTAB-Map parameter "Rtabmap/DetectionRate"="2.0" (rosparam)
[rtabmap-14] [INFO] [1768033448.642388595] [rtabmap]: Setting RTAB-Map parameter "Rtabmap/ImagesAlreadyRectified"="true" (rosparam)
[rtabmap-14] [INFO] [1768033448.656486355] [rtabmap]: Setting RTAB-Map parameter "Rtabmap/TimeThr"="1.0" (rosparam)
[foxglove_bridge-12] [INFO] [1768033448.673658342] [foxglove_bridge]: Advertising new channel 38 for topic "/info"
[foxglove_bridge-12] [INFO] [1768033448.709674016] [foxglove_bridge]: Advertising new channel 39 for topic "/map"
[foxglove_bridge-12] [INFO] [1768033448.709929037] [foxglove_bridge]: Advertising new channel 40 for topic "/grid_prob_map"
[foxglove_bridge-12] [INFO] [1768033448.710664043] [foxglove_bridge]: Advertising new channel 41 for topic "/octomap_grid"
[foxglove_bridge-12] [INFO] [1768033448.710854322] [foxglove_bridge]: Advertising new channel 42 for topic "/cloud_obstacles"
[foxglove_bridge-12] [INFO] [1768033448.710967934] [foxglove_bridge]: Advertising new channel 43 for topic "/cloud_map"
[foxglove_bridge-12] [INFO] [1768033448.711049472] [foxglove_bridge]: Advertising new channel 44 for topic "/cloud_ground"
[foxglove_bridge-12] [INFO] [1768033448.730075011] [foxglove_bridge]: created ROS subscription on /octomap_occupied_space (sensor_msgs/msg/PointCloud2) successfully for channel 31 (client 1, sink 1)
[foxglove_bridge-12] [INFO] [1768033448.732407789] [foxglove_bridge]: received subscribe request for channel 32 from client 1 (sink 1)
[rtabmap-14] [INFO] [1768033448.739103064] [rtabmap]: Setting RTAB-Map parameter "Vis/CorGuessWinSize"="20" (rosparam)
[foxglove_bridge-12] [INFO] [1768033448.742290978] [foxglove_bridge]: created ROS subscription on /octomap_obstacles (sensor_msgs/msg/PointCloud2) successfully for channel 32 (client 1, sink 1)
[foxglove_bridge-12] [INFO] [1768033448.742515572] [foxglove_bridge]: received subscribe request for channel 33 from client 1 (sink 1)
[rtabmap-14] [INFO] [1768033448.743799046] [rtabmap]: Setting RTAB-Map parameter "Vis/CorNNType"="1" (rosparam)
[rtabmap-14] [INFO] [1768033448.752217057] [rtabmap]: Setting RTAB-Map parameter "Vis/FeatureType"="6" (rosparam)
[rtabmap-14] [INFO] [1768033448.755028449] [rtabmap]: Setting RTAB-Map parameter "Vis/InlierDistance"="0.1" (rosparam)
[rtabmap-14] [INFO] [1768033448.756559647] [rtabmap]: Setting RTAB-Map parameter "Vis/Iterations"="800" (rosparam)
[foxglove_bridge-12] [INFO] [1768033448.754256610] [foxglove_bridge]: created ROS subscription on /octomap_ground (sensor_msgs/msg/PointCloud2) successfully for channel 33 (client 1, sink 1)
[foxglove_bridge-12] [INFO] [1768033448.755198895] [foxglove_bridge]: received subscribe request for channel 34 from client 1 (sink 1)
[rtabmap-14] [INFO] [1768033448.760009804] [rtabmap]: Setting RTAB-Map parameter "Vis/MaxFeatures"="500" (rosparam)
[rtabmap-14] [INFO] [1768033448.762140376] [rtabmap]: Setting RTAB-Map parameter "Vis/MinInliers"="15" (rosparam)
[foxglove_bridge-12] [INFO] [1768033448.764512728] [foxglove_bridge]: created ROS subscription on /octomap_global_frontier_space (sensor_msgs/msg/PointCloud2) successfully for channel 34 (client 1, sink 1)
[foxglove_bridge-12] [INFO] [1768033448.764707674] [foxglove_bridge]: received subscribe request for channel 36 from client 1 (sink 1)
[foxglove_bridge-12] [INFO] [1768033448.777446867] [foxglove_bridge]: created ROS subscription on /octomap_empty_space (sensor_msgs/msg/PointCloud2) successfully for channel 36 (client 1, sink 1)
[foxglove_bridge-12] [INFO] [1768033448.777642517] [foxglove_bridge]: received subscribe request for channel 39 from client 1 (sink 1)
[rtabmap-14] [INFO] [1768033448.793433735] [rtabmap]: RTAB-Map detection rate = 2.000000 Hz
[rtabmap-14] [INFO] [1768033448.803340776] [rtabmap]: rtabmap: Deleted database "/home/robopy/.ros/rtabmap.db" (--delete_db_on_start or -d are set).
[rtabmap-14] [INFO] [1768033448.803535092] [rtabmap]: rtabmap: Using database from "/home/robopy/.ros/rtabmap.db" (0 MB).
[foxglove_bridge-12] [INFO] [1768033448.794619929] [foxglove_bridge]: created ROS subscription on /map (nav_msgs/msg/OccupancyGrid) successfully for channel 39 (client 1, sink 1)
[foxglove_bridge-12] [INFO] [1768033448.794819079] [foxglove_bridge]: received subscribe request for channel 40 from client 1 (sink 1)
[foxglove_bridge-12] [INFO] [1768033448.804365136] [foxglove_bridge]: created ROS subscription on /grid_prob_map (nav_msgs/msg/OccupancyGrid) successfully for channel 40 (client 1, sink 1)
[foxglove_bridge-12] [INFO] [1768033448.804531193] [foxglove_bridge]: received subscribe request for channel 41 from client 1 (sink 1)
[foxglove_bridge-12] [INFO] [1768033448.811737583] [foxglove_bridge]: created ROS subscription on /octomap_grid (nav_msgs/msg/OccupancyGrid) successfully for channel 41 (client 1, sink 1)
[foxglove_bridge-12] [INFO] [1768033448.811903159] [foxglove_bridge]: received subscribe request for channel 42 from client 1 (sink 1)
[foxglove_bridge-12] [INFO] [1768033448.819431774] [foxglove_bridge]: created ROS subscription on /cloud_obstacles (sensor_msgs/msg/PointCloud2) successfully for channel 42 (client 1, sink 1)
[foxglove_bridge-12] [INFO] [1768033448.819591645] [foxglove_bridge]: received subscribe request for channel 43 from client 1 (sink 1)
[foxglove_bridge-12] [INFO] [1768033448.824639741] [foxglove_bridge]: created ROS subscription on /cloud_map (sensor_msgs/msg/PointCloud2) successfully for channel 43 (client 1, sink 1)
[foxglove_bridge-12] [INFO] [1768033448.825079781] [foxglove_bridge]: received subscribe request for channel 44 from client 1 (sink 1)
[foxglove_bridge-12] [INFO] [1768033448.832259116] [foxglove_bridge]: created ROS subscription on /cloud_ground (sensor_msgs/msg/PointCloud2) successfully for channel 44 (client 1, sink 1)
[foxglove_bridge-12] [INFO] [1768033448.860171059] [foxglove_bridge]: publishing connection graph
[superpoint_node-2] [INFO] [1768033448.929114253] [superpoint_node]: Keypoints estratti: 800
[superpoint_node-2] [ERROR] [1768033448.937398855] [superpoint_node]: Errore pubblicazione keypoints 3D: could not assign tuple of length 3 to structure with 4 fields.
[superpoint_node-2] [INFO] [1768033449.034689218] [superpoint_node]: Keypoints estratti: 800
[superpoint_node-2] [ERROR] [1768033449.043153377] [superpoint_node]: Errore pubblicazione keypoints 3D: could not assign tuple of length 3 to structure with 4 fields.
[superpoint_node-2] [INFO] [1768033449.133818261] [superpoint_node]: Keypoints estratti: 800
[superpoint_node-2] [ERROR] [1768033449.142214402] [superpoint_node]: Errore pubblicazione keypoints 3D: could not assign tuple of length 3 to structure with 4 fields.
[rtabmap-14] [INFO] [1768033449.232952157] [rtabmap]: rtabmap: Database version = "0.22.1".
[rtabmap-14] [INFO] [1768033449.233115640] [rtabmap]: rtabmap: SLAM mode (Mem/IncrementalMemory=true)
[superpoint_node-2] [INFO] [1768033449.266751943] [superpoint_node]: Keypoints estratti: 800
[superpoint_node-2] [ERROR] [1768033449.277257192] [superpoint_node]: Errore pubblicazione keypoints 3D: could not assign tuple of length 3 to structure with 4 fields.
[rtabmap-14] [INFO] [1768033449.346001885] [rtabmap]: Setup callbacks
[rtabmap-14] [INFO] [1768033449.348136513] [rtabmap]: rtabmap: subscribe_depth = true
[rtabmap-14] [INFO] [1768033449.348228458] [rtabmap]: rtabmap: subscribe_rgb = true
[rtabmap-14] [INFO] [1768033449.348260865] [rtabmap]: rtabmap: subscribe_stereo = false
[rtabmap-14] [INFO] [1768033449.348289606] [rtabmap]: rtabmap: subscribe_rgbd = false (rgbd_cameras=1)
[rtabmap-14] [INFO] [1768033449.348315403] [rtabmap]: rtabmap: subscribe_sensor_data = false
[rtabmap-14] [INFO] [1768033449.348346218] [rtabmap]: rtabmap: subscribe_odom_info = false
[rtabmap-14] [INFO] [1768033449.348372644] [rtabmap]: rtabmap: subscribe_user_data = false
[rtabmap-14] [INFO] [1768033449.348412052] [rtabmap]: rtabmap: subscribe_scan = false
[rtabmap-14] [INFO] [1768033449.348448737] [rtabmap]: rtabmap: subscribe_scan_cloud = false
[rtabmap-14] [INFO] [1768033449.348480293] [rtabmap]: rtabmap: subscribe_scan_descriptor = false
[rtabmap-14] [INFO] [1768033449.348515127] [rtabmap]: rtabmap: topic_queue_size = 10
[rtabmap-14] [INFO] [1768033449.348549775] [rtabmap]: rtabmap: sync_queue_size  = 10
[rtabmap-14] [INFO] [1768033449.348737869] [rtabmap]: rtabmap: qos_image       = 0
[rtabmap-14] [INFO] [1768033449.348784851] [rtabmap]: rtabmap: qos_camera_info = 0
[rtabmap-14] [INFO] [1768033449.348815314] [rtabmap]: rtabmap: qos_scan        = 0
[rtabmap-14] [INFO] [1768033449.348846148] [rtabmap]: rtabmap: qos_odom        = 0
[rtabmap-14] [INFO] [1768033449.348874555] [rtabmap]: rtabmap: qos_user_data   = 0
[rtabmap-14] [INFO] [1768033449.348911908] [rtabmap]: rtabmap: approx_sync     = true
[rtabmap-14] [INFO] [1768033449.351537169] [rtabmap]: Setup depth callback
[foxglove_bridge-12] [INFO] [1768033449.368678842] [foxglove_bridge]: Advertising new channel 45 for topic "/mapOdomCache"
[foxglove_bridge-12] [INFO] [1768033449.369121419] [foxglove_bridge]: Advertising new channel 46 for topic "/mapGraph"
[foxglove_bridge-12] [INFO] [1768033449.369740628] [foxglove_bridge]: Advertising new channel 47 for topic "/localization_pose"
[superpoint_node-2] [INFO] [1768033449.415918845] [superpoint_node]: Keypoints estratti: 800
[superpoint_node-2] [ERROR] [1768033449.423420034] [superpoint_node]: Errore pubblicazione keypoints 3D: could not assign tuple of length 3 to structure with 4 fields.
[foxglove_bridge-12] [INFO] [1768033449.450363525] [foxglove_bridge]: Advertising new channel 48 for topic "/mapData"
[foxglove_bridge-12] [INFO] [1768033449.452822822] [foxglove_bridge]: received subscribe request for channel 47 from client 1 (sink 1)
[foxglove_bridge-12] [INFO] [1768033449.455615252] [foxglove_bridge]: Advertising new channel 49 for topic "/local_path_nodes"
[foxglove_bridge-12] [INFO] [1768033449.455794235] [foxglove_bridge]: Advertising new channel 50 for topic "/local_grid_obstacle"
[foxglove_bridge-12] [INFO] [1768033449.455865976] [foxglove_bridge]: Advertising new channel 51 for topic "/local_grid_ground"
[foxglove_bridge-12] [INFO] [1768033449.456361999] [foxglove_bridge]: Advertising new channel 52 for topic "/local_grid_empty"
[rtabmap-14] [INFO] [1768033449.478704009] [rtabmap]: 
[rtabmap-14] rtabmap subscribed to (approx sync):
[rtabmap-14]    /camera/image_raw \
[rtabmap-14]    /depth/image_raw \
[rtabmap-14]    /camera/camera_info
[foxglove_bridge-12] [INFO] [1768033449.481667291] [foxglove_bridge]: Advertising new channel 53 for topic "/local_path"
[foxglove_bridge-12] [INFO] [1768033449.481930071] [foxglove_bridge]: Advertising new channel 54 for topic "/landmarks"
[foxglove_bridge-12] [INFO] [1768033449.482040942] [foxglove_bridge]: Advertising new channel 55 for topic "/initialpose"
[foxglove_bridge-12] [INFO] [1768033449.482193851] [foxglove_bridge]: Advertising new channel 56 for topic "/labels"
[foxglove_bridge-12] [INFO] [1768033449.492866047] [foxglove_bridge]: Advertising new channel 57 for topic "/goal_reached"
[foxglove_bridge-12] [INFO] [1768033449.506121559] [foxglove_bridge]: Advertising new channel 58 for topic "/goal_node"
[foxglove_bridge-12] [INFO] [1768033449.506677137] [foxglove_bridge]: Advertising new channel 59 for topic "/mapPath"
[foxglove_bridge-12] [INFO] [1768033449.515368558] [foxglove_bridge]: Advertising new channel 60 for topic "/goal"
[foxglove_bridge-12] [INFO] [1768033449.515584856] [foxglove_bridge]: Advertising new channel 61 for topic "/goal_out"
[foxglove_bridge-12] [INFO] [1768033449.515691801] [foxglove_bridge]: Advertising new channel 62 for topic "/global_path_nodes"
[foxglove_bridge-12] [INFO] [1768033449.515784191] [foxglove_bridge]: Advertising new channel 63 for topic "/global_path"
[foxglove_bridge-12] [INFO] [1768033449.553264191] [foxglove_bridge]: created ROS subscription on /localization_pose (geometry_msgs/msg/PoseWithCovarianceStamped) successfully for channel 47 (client 1, sink 1)
[superpoint_node-2] [INFO] [1768033449.580732501] [superpoint_node]: Keypoints estratti: 800
[foxglove_bridge-12] [INFO] [1768033449.615058773] [foxglove_bridge]: received subscribe request for channel 50 from client 1 (sink 1)
[superpoint_node-2] [ERROR] [1768033449.620040849] [superpoint_node]: Errore pubblicazione keypoints 3D: could not assign tuple of length 3 to structure with 4 fields.
[foxglove_bridge-12] [INFO] [1768033449.633217509] [foxglove_bridge]: created ROS subscription on /local_grid_obstacle (sensor_msgs/msg/PointCloud2) successfully for channel 50 (client 1, sink 1)
[foxglove_bridge-12] [INFO] [1768033449.665198929] [foxglove_bridge]: received subscribe request for channel 51 from client 1 (sink 1)
[foxglove_bridge-12] [INFO] [1768033449.707210187] [foxglove_bridge]: created ROS subscription on /local_grid_ground (sensor_msgs/msg/PointCloud2) successfully for channel 51 (client 1, sink 1)
[foxglove_bridge-12] [INFO] [1768033449.707417300] [foxglove_bridge]: received subscribe request for channel 52 from client 1 (sink 1)
[foxglove_bridge-12] [INFO] [1768033449.725636444] [foxglove_bridge]: created ROS subscription on /local_grid_empty (sensor_msgs/msg/PointCloud2) successfully for channel 52 (client 1, sink 1)
[foxglove_bridge-12] [INFO] [1768033449.729024619] [foxglove_bridge]: received subscribe request for channel 53 from client 1 (sink 1)
[foxglove_bridge-12] [INFO] [1768033449.755410198] [foxglove_bridge]: created ROS subscription on /local_path (nav_msgs/msg/Path) successfully for channel 53 (client 1, sink 1)
[foxglove_bridge-12] [INFO] [1768033449.755620589] [foxglove_bridge]: received subscribe request for channel 54 from client 1 (sink 1)
[foxglove_bridge-12] [INFO] [1768033449.787833640] [foxglove_bridge]: created ROS subscription on /landmarks (geometry_msgs/msg/PoseArray) successfully for channel 54 (client 1, sink 1)
[foxglove_bridge-12] [INFO] [1768033449.787996567] [foxglove_bridge]: received subscribe request for channel 55 from client 1 (sink 1)
[foxglove_bridge-12] [INFO] [1768033449.822696027] [foxglove_bridge]: created ROS subscription on /initialpose (geometry_msgs/msg/PoseWithCovarianceStamped) successfully for channel 55 (client 1, sink 1)
[foxglove_bridge-12] [INFO] [1768033449.825093546] [foxglove_bridge]: received subscribe request for channel 59 from client 1 (sink 1)
[foxglove_bridge-12] [INFO] [1768033449.867434992] [foxglove_bridge]: created ROS subscription on /mapPath (nav_msgs/msg/Path) successfully for channel 59 (client 1, sink 1)
[foxglove_bridge-12] [INFO] [1768033449.867614697] [foxglove_bridge]: received subscribe request for channel 60 from client 1 (sink 1)
[foxglove_bridge-12] [INFO] [1768033449.874636308] [foxglove_bridge]: created ROS subscription on /goal (geometry_msgs/msg/PoseStamped) successfully for channel 60 (client 1, sink 1)
[foxglove_bridge-12] [INFO] [1768033449.874858088] [foxglove_bridge]: received subscribe request for channel 61 from client 1 (sink 1)
[foxglove_bridge-12] [INFO] [1768033449.882820743] [foxglove_bridge]: created ROS subscription on /goal_out (geometry_msgs/msg/PoseStamped) successfully for channel 61 (client 1, sink 1)
[foxglove_bridge-12] [INFO] [1768033449.882984633] [foxglove_bridge]: received subscribe request for channel 63 from client 1 (sink 1)
[foxglove_bridge-12] [INFO] [1768033449.887148889] [foxglove_bridge]: created ROS subscription on /global_path (nav_msgs/msg/Path) successfully for channel 63 (client 1, sink 1)
[superpoint_node-2] [INFO] [1768033450.064301068] [superpoint_node]: Keypoints estratti: 800
[superpoint_node-2] [ERROR] [1768033450.082145043] [superpoint_node]: Errore pubblicazione keypoints 3D: could not assign tuple of length 3 to structure with 4 fields.
[superpoint_node-2] [INFO] [1768033450.209988999] [superpoint_node]: Keypoints estratti: 800
[superpoint_node-2] [ERROR] [1768033450.220660916] [superpoint_node]: Errore pubblicazione keypoints 3D: could not assign tuple of length 3 to structure with 4 fields.
[superpoint_node-2] [INFO] [1768033450.348636503] [superpoint_node]: Keypoints estratti: 800
[superpoint_node-2] [ERROR] [1768033450.365653878] [superpoint_node]: Errore pubblicazione keypoints 3D: could not assign tuple of length 3 to structure with 4 fields.
[superpoint_node-2] [INFO] [1768033450.521512297] [superpoint_node]: Keypoints estratti: 800
[superpoint_node-2] [ERROR] [1768033450.539342938] [superpoint_node]: Errore pubblicazione keypoints 3D: could not assign tuple of length 3 to structure with 4 fields.
[rtabmap-14] [INFO] [1768033450.577513203] [rtabmap]: rtabmap (1): Rate=0.50s, Limit=0.001s, Conversion=0.0034s, RTAB-Map=0.6576s, Maps update=0.0004s pub=0.0110s delay=1.1030s (local map=0, WM=0)
[superpoint_node-2] [INFO] [1768033450.703531552] [superpoint_node]: Keypoints estratti: 800
[superpoint_node-2] [ERROR] [1768033450.716133874] [superpoint_node]: Errore pubblicazione keypoints 3D: could not assign tuple of length 3 to structure with 4 fields.
[rtabmap-14] [INFO] [1768033450.733930404] [rtabmap]: rtabmap (2): Rate=0.50s, Limit=0.001s, Conversion=0.0003s, RTAB-Map=0.0710s, Maps update=0.0012s pub=0.0072s delay=0.1276s (local map=0, WM=0)
[foxglove_bridge-12] [INFO] [1768033450.809632817] [foxglove_bridge]: publishing connection graph
[superpoint_node-2] [INFO] [1768033450.882099502] [superpoint_node]: Keypoints estratti: 800
[superpoint_node-2] [ERROR] [1768033450.893544315] [superpoint_node]: Errore pubblicazione keypoints 3D: could not assign tuple of length 3 to structure with 4 fields.
[superpoint_node-2] [INFO] [1768033451.015544169] [superpoint_node]: Keypoints estratti: 800
[superpoint_node-2] [ERROR] [1768033451.022833245] [superpoint_node]: Errore pubblicazione keypoints 3D: could not assign tuple of length 3 to structure with 4 fields.
[superpoint_node-2] [INFO] [1768033451.146959987] [superpoint_node]: Keypoints estratti: 800
[superpoint_node-2] [ERROR] [1768033451.157454699] [superpoint_node]: Errore pubblicazione keypoints 3D: could not assign tuple of length 3 to structure with 4 fields.
[superpoint_node-2] [INFO] [1768033451.281113752] [superpoint_node]: Keypoints estratti: 800
[superpoint_node-2] [ERROR] [1768033451.289842339] [superpoint_node]: Errore pubblicazione keypoints 3D: could not assign tuple of length 3 to structure with 4 fields.
[foxglove_bridge-12] [INFO] [1768033451.327237728] [foxglove_bridge]: Advertising new channel 64 for topic "/user_data_async"
[rtabmap-14] [INFO] [1768033451.333947688] [rtabmap]: rtabmap (3): Rate=0.50s, Limit=0.001s, Conversion=0.0005s, RTAB-Map=0.0480s, Maps update=0.0005s pub=0.0026s delay=0.1194s (local map=0, WM=0)
[foxglove_bridge-12] [INFO] [1768033451.336998861] [foxglove_bridge]: Advertising new channel 65 for topic "/rtabmap/republish_node_data"
[foxglove_bridge-12] [INFO] [1768033451.342919370] [foxglove_bridge]: Advertising new channel 66 for topic "/landmark_detections"
[foxglove_bridge-12] [INFO] [1768033451.343124965] [foxglove_bridge]: Advertising new channel 67 for topic "/imu"
[foxglove_bridge-12] [INFO] [1768033451.358274103] [foxglove_bridge]: Advertising new channel 68 for topic "/gps/fix"
[foxglove_bridge-12] [INFO] [1768033451.358702792] [foxglove_bridge]: Advertising new channel 69 for topic "/global_pose"
[foxglove_bridge-12] [INFO] [1768033451.373157739] [foxglove_bridge]: Advertising new channel 70 for topic "/landmark_detection"
[foxglove_bridge-12] [INFO] [1768033451.387120739] [foxglove_bridge]: received subscribe request for channel 67 from client 1 (sink 1)
[foxglove_bridge-12] [INFO] [1768033451.393396418] [foxglove_bridge]: created ROS subscription on /imu (sensor_msgs/msg/Imu) successfully for channel 67 (client 1, sink 1)
[foxglove_bridge-12] [INFO] [1768033451.393705346] [foxglove_bridge]: received subscribe request for channel 68 from client 1 (sink 1)
[foxglove_bridge-12] [INFO] [1768033451.397338486] [foxglove_bridge]: publishing connection graph
[foxglove_bridge-12] [INFO] [1768033451.405131437] [foxglove_bridge]: created ROS subscription on /gps/fix (sensor_msgs/msg/NavSatFix) successfully for channel 68 (client 1, sink 1)
[superpoint_node-2] [INFO] [1768033451.442733419] [superpoint_node]: Keypoints estratti: 800
[foxglove_bridge-12] [INFO] [1768033451.444193338] [foxglove_bridge]: received subscribe request for channel 69 from client 1 (sink 1)
[foxglove_bridge-12] [INFO] [1768033451.452664165] [foxglove_bridge]: created ROS subscription on /global_pose (geometry_msgs/msg/PoseWithCovarianceStamped) successfully for channel 69 (client 1, sink 1)
[superpoint_node-2] [ERROR] [1768033451.456308101] [superpoint_node]: Errore pubblicazione keypoints 3D: could not assign tuple of length 3 to structure with 4 fields.
[superpoint_node-2] [INFO] [1768033451.573144637] [superpoint_node]: Keypoints estratti: 800
[superpoint_node-2] [ERROR] [1768033451.581858094] [superpoint_node]: Errore pubblicazione keypoints 3D: could not assign tuple of length 3 to structure with 4 fields.
[superpoint_node-2] [INFO] [1768033451.729762839] [superpoint_node]: Keypoints estratti: 800
[superpoint_node-2] [ERROR] [1768033451.747761833] [superpoint_node]: Errore pubblicazione keypoints 3D: could not assign tuple of length 3 to structure with 4 fields.
[superpoint_node-2] [INFO] [1768033451.879611395] [superpoint_node]: Keypoints estratti: 800
[superpoint_node-2] [ERROR] [1768033451.886746544] [superpoint_node]: Errore pubblicazione keypoints 3D: could not assign tuple of length 3 to structure with 4 fields.
[foxglove_bridge-12] [INFO] [1768033451.927460070] [foxglove_bridge]: publishing connection graph
[rtabmap-14] [INFO] [1768033451.959037709] [rtabmap]: rtabmap (4): Rate=0.50s, Limit=0.001s, Conversion=0.0002s, RTAB-Map=0.0554s, Maps update=0.0088s pub=0.0040s delay=0.1438s (local map=0, WM=0)
[superpoint_node-2] [INFO] [1768033452.000046737] [superpoint_node]: Keypoints estratti: 800
[superpoint_node-2] [ERROR] [1768033452.007170256] [superpoint_node]: Errore pubblicazione keypoints 3D: could not assign tuple of length 3 to structure with 4 fields.
[superpoint_node-2] [INFO] [1768033452.111189301] [superpoint_node]: Keypoints estratti: 800
[superpoint_node-2] [ERROR] [1768033452.119530367] [superpoint_node]: Errore pubblicazione keypoints 3D: could not assign tuple of length 3 to structure with 4 fields.
[superpoint_node-2] [INFO] [1768033452.223497912] [superpoint_node]: Keypoints estratti: 800
[superpoint_node-2] [ERROR] [1768033452.230477264] [superpoint_node]: Errore pubblicazione keypoints 3D: could not assign tuple of length 3 to structure with 4 fields.
[superpoint_node-2] [INFO] [1768033452.325198476] [superpoint_node]: Keypoints estratti: 800
[superpoint_node-2] [ERROR] [1768033452.332659757] [superpoint_node]: Errore pubblicazione keypoints 3D: could not assign tuple of length 3 to structure with 4 fields.
[superpoint_node-2] [INFO] [1768033452.428855093] [superpoint_node]: Keypoints estratti: 800
[superpoint_node-2] [ERROR] [1768033452.436334967] [superpoint_node]: Errore pubblicazione keypoints 3D: could not assign tuple of length 3 to structure with 4 fields.
[rtabmap-14] [INFO] [1768033452.487413186] [rtabmap]: rtabmap (5): Rate=0.50s, Limit=0.001s, Conversion=0.0002s, RTAB-Map=0.0426s, Maps update=0.0003s pub=0.0013s delay=0.1111s (local map=0, WM=0)
[superpoint_node-2] [INFO] [1768033452.545114753] [superpoint_node]: Keypoints estratti: 800
[superpoint_node-2] [ERROR] [1768033452.553069594] [superpoint_node]: Errore pubblicazione keypoints 3D: could not assign tuple of length 3 to structure with 4 fields.
[superpoint_node-2] [INFO] [1768033452.689131189] [superpoint_node]: Keypoints estratti: 800
[superpoint_node-2] [ERROR] [1768033452.696320950] [superpoint_node]: Errore pubblicazione keypoints 3D: could not assign tuple of length 3 to structure with 4 fields.
[superpoint_node-2] [INFO] [1768033452.794390855] [superpoint_node]: Keypoints estratti: 800
[superpoint_node-2] [ERROR] [1768033452.801190465] [superpoint_node]: Errore pubblicazione keypoints 3D: could not assign tuple of length 3 to structure with 4 fields.
[rtabmap-14] [33m[ WARN] (2026-01-10 09:24:08.815) Features2d.cpp:658::create() BRIEF, FREAK and DAISY features cannot be used because OpenCV was not built with xfeatures2d module. GFTT/ORB is used instead.[0m
[rtabmap-14] [33m[ WARN] (2026-01-10 09:24:08.842) Features2d.cpp:658::create() BRIEF, FREAK and DAISY features cannot be used because OpenCV was not built with xfeatures2d module. GFTT/ORB is used instead.[0m
[rtabmap-14] [33m[ WARN] (2026-01-10 09:24:08.844) Features2d.cpp:658::create() BRIEF, FREAK and DAISY features cannot be used because OpenCV was not built with xfeatures2d module. GFTT/ORB is used instead.[0m
[rtabmap-14] [33m[ WARN] (2026-01-10 09:24:08.866) Features2d.cpp:658::create() BRIEF, FREAK and DAISY features cannot be used because OpenCV was not built with xfeatures2d module. GFTT/ORB is used instead.[0m
[rtabmap-14] [33m[ WARN] (2026-01-10 09:24:08.867) Features2d.cpp:658::create() BRIEF, FREAK and DAISY features cannot be used because OpenCV was not built with xfeatures2d module. GFTT/ORB is used instead.[0m
[rtabmap-14] [33m[ WARN] (2026-01-10 09:24:08.868) Features2d.cpp:658::create() BRIEF, FREAK and DAISY features cannot be used because OpenCV was not built with xfeatures2d module. GFTT/ORB is used instead.[0m
[rtabmap-14] [33m[ WARN] (2026-01-10 09:24:08.871) Features2d.cpp:658::create() BRIEF, FREAK and DAISY features cannot be used because OpenCV was not built with xfeatures2d module. GFTT/ORB is used instead.[0m
[rtabmap-14] [33m[ WARN] (2026-01-10 09:24:08.873) Features2d.cpp:658::create() BRIEF, FREAK and DAISY features cannot be used because OpenCV was not built with xfeatures2d module. GFTT/ORB is used instead.[0m
[rtabmap-14] [33m[ WARN] (2026-01-10 09:24:08.874) Features2d.cpp:658::create() BRIEF, FREAK and DAISY features cannot be used because OpenCV was not built with xfeatures2d module. GFTT/ORB is used instead.[0m
[rtabmap-14] [33m[ WARN] (2026-01-10 09:24:09.228) Features2d.cpp:658::create() BRIEF, FREAK and DAISY features cannot be used because OpenCV was not built with xfeatures2d module. GFTT/ORB is used instead.[0m
[rtabmap-14] [33m[ WARN] (2026-01-10 09:24:09.229) Features2d.cpp:658::create() BRIEF, FREAK and DAISY features cannot be used because OpenCV was not built with xfeatures2d module. GFTT/ORB is used instead.[0m
[rtabmap-14] [33m[ WARN] (2026-01-10 09:24:09.230) Features2d.cpp:658::create() BRIEF, FREAK and DAISY features cannot be used because OpenCV was not built with xfeatures2d module. GFTT/ORB is used instead.[0m
[rtabmap-14] [33m[ WARN] (2026-01-10 09:24:09.897) MsgConversion.cpp:2088::convertRGBDMsgs() Input depth/left image has encoding "mono16" and camera info P[3] is null for both cameras, thus image is considered a depth image. If the depth image is in fact the right image, please convert the right image to "mono8". This warning is shown only once.[0m
[rtabmap-14] [33m[ WARN] (2026-01-10 09:24:10.566) MapsManager.cpp:863::publishMaps() Graph has changed! The whole cloud is regenerated.[0m
[rtabmap-14] [33m[ WARN] (2026-01-10 09:24:10.569) OccupancyGrid.cpp:169::getProbMap() Map info is empty, cannot generate probabilistic occupancy grid[0m
[rtabmap-14] [33m[ WARN] (2026-01-10 09:24:10.726) MapsManager.cpp:863::publishMaps() Graph has changed! The whole cloud is regenerated.[0m
[rtabmap-14] [33m[ WARN] (2026-01-10 09:24:10.728) OccupancyGrid.cpp:169::getProbMap() Map info is empty, cannot generate probabilistic occupancy grid[0m
[rtabmap-14] [33m[ WARN] (2026-01-10 09:24:11.331) MapsManager.cpp:863::publishMaps() Graph has changed! The whole cloud is regenerated.[0m
[rtabmap-14] [33m[ WARN] (2026-01-10 09:24:11.332) OccupancyGrid.cpp:169::getProbMap() Map info is empty, cannot generate probabilistic occupancy grid[0m
[rtabmap-14] [33m[ WARN] (2026-01-10 09:24:11.955) MapsManager.cpp:863::publishMaps() Graph has changed! The whole cloud is regenerated.[0m
[rtabmap-14] [33m[ WARN] (2026-01-10 09:24:11.956) OccupancyGrid.cpp:169::getProbMap() Map info is empty, cannot generate probabilistic occupancy grid[0m
[rtabmap-14] [33m[ WARN] (2026-01-10 09:24:12.486) MapsManager.cpp:863::publishMaps() Graph has changed! The whole cloud is regenerated.[0m
[rtabmap-14] [33m[ WARN] (2026-01-10 09:24:12.486) OccupancyGrid.cpp:169::getProbMap() Map info is empty, cannot generate probabilistic occupancy grid[0m
[superpoint_node-2] [INFO] [1768033452.892648133] [superpoint_node]: Keypoints estratti: 800
[superpoint_node-2] [ERROR] [1768033452.899291500] [superpoint_node]: Errore pubblicazione keypoints 3D: could not assign tuple of length 3 to structure with 4 fields.
[superpoint_node-2] [INFO] [1768033452.999166309] [superpoint_node]: Keypoints estratti: 800
[superpoint_node-2] [ERROR] [1768033453.006120957] [superpoint_node]: Errore pubblicazione keypoints 3D: could not assign tuple of length 3 to structure with 4 fields.
[rtabmap-14] [INFO] [1768033453.063494059] [rtabmap]: rtabmap (6): Rate=0.50s, Limit=0.001s, Conversion=0.0002s, RTAB-Map=0.0440s, Maps update=0.0003s pub=0.0076s delay=0.1218s (local map=0, WM=0)
[madgwick_node-13] [INFO] [1768033453.079127738] [madgwick_filter]: IMU bias calibration completed
[superpoint_node-2] [INFO] [1768033453.115360432] [superpoint_node]: Keypoints estratti: 800
[superpoint_node-2] [ERROR] [1768033453.122030892] [superpoint_node]: Errore pubblicazione keypoints 3D: could not assign tuple of length 3 to structure with 4 fields.
[superpoint_node-2] [INFO] [1768033453.218447322] [superpoint_node]: Keypoints estratti: 800
[superpoint_node-2] [ERROR] [1768033453.225380025] [superpoint_node]: Errore pubblicazione keypoints 3D: could not assign tuple of length 3 to structure with 4 fields.
[superpoint_node-2] [INFO] [1768033453.320319665] [superpoint_node]: Keypoints estratti: 800
[superpoint_node-2] [ERROR] [1768033453.326980366] [superpoint_node]: Errore pubblicazione keypoints 3D: could not assign tuple of length 3 to structure with 4 fields.
[superpoint_node-2] [INFO] [1768033453.420443846] [superpoint_node]: Keypoints estratti: 800
[superpoint_node-2] [ERROR] [1768033453.427262530] [superpoint_node]: Errore pubblicazione keypoints 3D: could not assign tuple of length 3 to structure with 4 fields.
[superpoint_node-2] [INFO] [1768033453.531310353] [superpoint_node]: Keypoints estratti: 800
[superpoint_node-2] [ERROR] [1768033453.540291332] [superpoint_node]: Errore pubblicazione keypoints 3D: could not assign tuple of length 3 to structure with 4 fields.
[rtabmap-14] [INFO] [1768033453.577947352] [rtabmap]: rtabmap (7): Rate=0.50s, Limit=0.001s, Conversion=0.0035s, RTAB-Map=0.0412s, Maps update=0.0009s pub=0.0075s delay=0.1060s (local map=0, WM=0)
[superpoint_node-2] [INFO] [1768033453.647977128] [superpoint_node]: Keypoints estratti: 800
[superpoint_node-2] [ERROR] [1768033453.654933794] [superpoint_node]: Errore pubblicazione keypoints 3D: could not assign tuple of length 3 to structure with 4 fields.
[superpoint_node-2] [INFO] [1768033453.753130108] [superpoint_node]: Keypoints estratti: 800
[superpoint_node-2] [ERROR] [1768033453.760359129] [superpoint_node]: Errore pubblicazione keypoints 3D: could not assign tuple of length 3 to structure with 4 fields.
[superpoint_node-2] [INFO] [1768033453.860650607] [superpoint_node]: Keypoints estratti: 800
[superpoint_node-2] [ERROR] [1768033453.867363401] [superpoint_node]: Errore pubblicazione keypoints 3D: could not assign tuple of length 3 to structure with 4 fields.
[superpoint_node-2] [INFO] [1768033453.965664309] [superpoint_node]: Keypoints estratti: 800
[superpoint_node-2] [ERROR] [1768033453.972981867] [superpoint_node]: Errore pubblicazione keypoints 3D: could not assign tuple of length 3 to structure with 4 fields.
[superpoint_node-2] [INFO] [1768033454.068367844] [superpoint_node]: Keypoints estratti: 800
[superpoint_node-2] [ERROR] [1768033454.075875755] [superpoint_node]: Errore pubblicazione keypoints 3D: could not assign tuple of length 3 to structure with 4 fields.
[rtabmap-14] [INFO] [1768033454.112331803] [rtabmap]: rtabmap (8): Rate=0.50s, Limit=0.001s, Conversion=0.0002s, RTAB-Map=0.0266s, Maps update=0.0010s pub=0.0014s delay=0.0970s (local map=0, WM=0)
[superpoint_node-2] [INFO] [1768033454.172234980] [superpoint_node]: Keypoints estratti: 800
[superpoint_node-2] [ERROR] [1768033454.179129313] [superpoint_node]: Errore pubblicazione keypoints 3D: could not assign tuple of length 3 to structure with 4 fields.
[superpoint_node-2] [INFO] [1768033454.276425971] [superpoint_node]: Keypoints estratti: 800
[superpoint_node-2] [ERROR] [1768033454.283448286] [superpoint_node]: Errore pubblicazione keypoints 3D: could not assign tuple of length 3 to structure with 4 fields.
[superpoint_node-2] [INFO] [1768033454.381214986] [superpoint_node]: Keypoints estratti: 800
[superpoint_node-2] [ERROR] [1768033454.388246412] [superpoint_node]: Errore pubblicazione keypoints 3D: could not assign tuple of length 3 to structure with 4 fields.
[superpoint_node-2] [INFO] [1768033454.493190372] [superpoint_node]: Keypoints estratti: 800
[superpoint_node-2] [ERROR] [1768033454.499885425] [superpoint_node]: Errore pubblicazione keypoints 3D: could not assign tuple of length 3 to structure with 4 fields.
[superpoint_node-2] [INFO] [1768033454.603858247] [superpoint_node]: Keypoints estratti: 800
[superpoint_node-2] [ERROR] [1768033454.612975338] [superpoint_node]: Errore pubblicazione keypoints 3D: could not assign tuple of length 3 to structure with 4 fields.
[rtabmap-14] [INFO] [1768033454.635708092] [rtabmap]: rtabmap (9): Rate=0.50s, Limit=0.001s, Conversion=0.0006s, RTAB-Map=0.0446s, Maps update=0.0003s pub=0.0012s delay=0.0974s (local map=0, WM=0)
[superpoint_node-2] [INFO] [1768033454.723403508] [superpoint_node]: Keypoints estratti: 800
[superpoint_node-2] [ERROR] [1768033454.729498945] [superpoint_node]: Errore pubblicazione keypoints 3D: could not assign tuple of length 3 to structure with 4 fields.
[superpoint_node-2] [INFO] [1768033454.829932314] [superpoint_node]: Keypoints estratti: 800
[superpoint_node-2] [ERROR] [1768033454.836171845] [superpoint_node]: Errore pubblicazione keypoints 3D: could not assign tuple of length 3 to structure with 4 fields.
[superpoint_node-2] [INFO] [1768033454.930470443] [superpoint_node]: Keypoints estratti: 800
[superpoint_node-2] [ERROR] [1768033454.936908475] [superpoint_node]: Errore pubblicazione keypoints 3D: could not assign tuple of length 3 to structure with 4 fields.
[superpoint_node-2] [INFO] [1768033455.033478573] [superpoint_node]: Keypoints estratti: 800
[superpoint_node-2] [ERROR] [1768033455.040464165] [superpoint_node]: Errore pubblicazione keypoints 3D: could not assign tuple of length 3 to structure with 4 fields.
[superpoint_node-2] [INFO] [1768033455.129550704] [superpoint_node]: Keypoints estratti: 800
[superpoint_node-2] [ERROR] [1768033455.135559399] [superpoint_node]: Errore pubblicazione keypoints 3D: could not assign tuple of length 3 to structure with 4 fields.
[rtabmap-14] [INFO] [1768033455.168800199] [rtabmap]: rtabmap (10): Rate=0.50s, Limit=0.001s, Conversion=0.0002s, RTAB-Map=0.0218s, Maps update=0.0004s pub=0.0016s delay=0.0868s (local map=0, WM=0)
[superpoint_node-2] [INFO] [1768033455.228016131] [superpoint_node]: Keypoints estratti: 800
[superpoint_node-2] [ERROR] [1768033455.234494978] [superpoint_node]: Errore pubblicazione keypoints 3D: could not assign tuple of length 3 to structure with 4 fields.
[superpoint_node-2] [INFO] [1768033455.322950419] [superpoint_node]: Keypoints estratti: 800
[superpoint_node-2] [ERROR] [1768033455.330007642] [superpoint_node]: Errore pubblicazione keypoints 3D: could not assign tuple of length 3 to structure with 4 fields.
[superpoint_node-2] [INFO] [1768033455.435248845] [superpoint_node]: Keypoints estratti: 800
[foxglove_bridge-12] [INFO] [1768033455.439972530] [foxglove_bridge]: publishing connection graph
[superpoint_node-2] [ERROR] [1768033455.442958091] [superpoint_node]: Errore pubblicazione keypoints 3D: could not assign tuple of length 3 to structure with 4 fields.
[superpoint_node-2] [INFO] [1768033455.531218197] [superpoint_node]: Keypoints estratti: 800
[superpoint_node-2] [ERROR] [1768033455.538315364] [superpoint_node]: Errore pubblicazione keypoints 3D: could not assign tuple of length 3 to structure with 4 fields.
[superpoint_node-2] [INFO] [1768033455.656770653] [superpoint_node]: Keypoints estratti: 800
[superpoint_node-2] [ERROR] [1768033455.663581133] [superpoint_node]: Errore pubblicazione keypoints 3D: could not assign tuple of length 3 to structure with 4 fields.
[rtabmap-14] [INFO] [1768033455.697352400] [rtabmap]: rtabmap (11): Rate=0.50s, Limit=0.001s, Conversion=0.0004s, RTAB-Map=0.0426s, Maps update=0.0003s pub=0.0053s delay=0.1119s (local map=0, WM=0)
[superpoint_node-2] [INFO] [1768033455.751882647] [superpoint_node]: Keypoints estratti: 800
[superpoint_node-2] [ERROR] [1768033455.757768341] [superpoint_node]: Errore pubblicazione keypoints 3D: could not assign tuple of length 3 to structure with 4 fields.
[superpoint_node-2] [INFO] [1768033455.838983762] [superpoint_node]: Keypoints estratti: 800
[superpoint_node-2] [ERROR] [1768033455.845535054] [superpoint_node]: Errore pubblicazione keypoints 3D: could not assign tuple of length 3 to structure with 4 fields.
[superpoint_node-2] [INFO] [1768033455.923809414] [superpoint_node]: Keypoints estratti: 800
[superpoint_node-2] [ERROR] [1768033455.929380884] [superpoint_node]: Errore pubblicazione keypoints 3D: could not assign tuple of length 3 to structure with 4 fields.
[foxglove_bridge-12] [INFO] [1768033455.960380648] [foxglove_bridge]: publishing connection graph
[superpoint_node-2] [INFO] [1768033456.013167788] [superpoint_node]: Keypoints estratti: 800
[superpoint_node-2] [ERROR] [1768033456.019699969] [superpoint_node]: Errore pubblicazione keypoints 3D: could not assign tuple of length 3 to structure with 4 fields.
[superpoint_node-2] [INFO] [1768033456.113598416] [superpoint_node]: Keypoints estratti: 800
[superpoint_node-2] [ERROR] [1768033456.119384703] [superpoint_node]: Errore pubblicazione keypoints 3D: could not assign tuple of length 3 to structure with 4 fields.
[superpoint_node-2] [INFO] [1768033456.214171138] [superpoint_node]: Keypoints estratti: 800
[superpoint_node-2] [ERROR] [1768033456.220264723] [superpoint_node]: Errore pubblicazione keypoints 3D: could not assign tuple of length 3 to structure with 4 fields.
[rtabmap-14] [INFO] [1768033456.253124557] [rtabmap]: rtabmap (12): Rate=0.50s, Limit=0.001s, Conversion=0.0003s, RTAB-Map=0.0377s, Maps update=0.0002s pub=0.0010s delay=0.0839s (local map=0, WM=0)
[superpoint_node-2] [INFO] [1768033456.310430363] [superpoint_node]: Keypoints estratti: 800
[superpoint_node-2] [ERROR] [1768033456.316786043] [superpoint_node]: Errore pubblicazione keypoints 3D: could not assign tuple of length 3 to structure with 4 fields.
[superpoint_node-2] [INFO] [1768033456.413431622] [superpoint_node]: Keypoints estratti: 800
[superpoint_node-2] [ERROR] [1768033456.419227631] [superpoint_node]: Errore pubblicazione keypoints 3D: could not assign tuple of length 3 to structure with 4 fields.
[superpoint_node-2] [INFO] [1768033456.515600060] [superpoint_node]: Keypoints estratti: 800
[superpoint_node-2] [ERROR] [1768033456.521230345] [superpoint_node]: Errore pubblicazione keypoints 3D: could not assign tuple of length 3 to structure with 4 fields.
[superpoint_node-2] [INFO] [1768033456.610180272] [superpoint_node]: Keypoints estratti: 800
[superpoint_node-2] [ERROR] [1768033456.615913558] [superpoint_node]: Errore pubblicazione keypoints 3D: could not assign tuple of length 3 to structure with 4 fields.
[superpoint_node-2] [INFO] [1768033456.726685138] [superpoint_node]: Keypoints estratti: 800
[superpoint_node-2] [ERROR] [1768033456.732259052] [superpoint_node]: Errore pubblicazione keypoints 3D: could not assign tuple of length 3 to structure with 4 fields.
[rtabmap-14] [INFO] [1768033456.786214202] [rtabmap]: rtabmap (13): Rate=0.50s, Limit=0.001s, Conversion=0.0002s, RTAB-Map=0.0312s, Maps update=0.0072s pub=0.0018s delay=0.1001s (local map=0, WM=0)
[superpoint_node-2] [INFO] [1768033456.818823626] [superpoint_node]: Keypoints estratti: 800
[superpoint_node-2] [ERROR] [1768033456.824549560] [superpoint_node]: Errore pubblicazione keypoints 3D: could not assign tuple of length 3 to structure with 4 fields.
[superpoint_node-2] [INFO] [1768033456.912378089] [superpoint_node]: Keypoints estratti: 800
[superpoint_node-2] [ERROR] [1768033456.918056374] [superpoint_node]: Errore pubblicazione keypoints 3D: could not assign tuple of length 3 to structure with 4 fields.
[superpoint_node-2] [INFO] [1768033457.010964813] [superpoint_node]: Keypoints estratti: 800
[superpoint_node-2] [ERROR] [1768033457.016642655] [superpoint_node]: Errore pubblicazione keypoints 3D: could not assign tuple of length 3 to structure with 4 fields.
[superpoint_node-2] [INFO] [1768033457.112764989] [superpoint_node]: Keypoints estratti: 800
[superpoint_node-2] [ERROR] [1768033457.118383274] [superpoint_node]: Errore pubblicazione keypoints 3D: could not assign tuple of length 3 to structure with 4 fields.
[superpoint_node-2] [INFO] [1768033457.212086905] [superpoint_node]: Keypoints estratti: 800
[superpoint_node-2] [ERROR] [1768033457.217869395] [superpoint_node]: Errore pubblicazione keypoints 3D: could not assign tuple of length 3 to structure with 4 fields.
[superpoint_node-2] [INFO] [1768033457.310642981] [superpoint_node]: Keypoints estratti: 800
[superpoint_node-2] [ERROR] [1768033457.316809789] [superpoint_node]: Errore pubblicazione keypoints 3D: could not assign tuple of length 3 to structure with 4 fields.
[rtabmap-14] [INFO] [1768033457.349821773] [rtabmap]: rtabmap (14): Rate=0.50s, Limit=0.001s, Conversion=0.0002s, RTAB-Map=0.0302s, Maps update=0.0002s pub=0.0053s delay=0.0803s (local map=0, WM=0)
[superpoint_node-2] [INFO] [1768033457.411766041] [superpoint_node]: Keypoints estratti: 800
[superpoint_node-2] [ERROR] [1768033457.417537420] [superpoint_node]: Errore pubblicazione keypoints 3D: could not assign tuple of length 3 to structure with 4 fields.
[superpoint_node-2] [INFO] [1768033457.512417133] [superpoint_node]: Keypoints estratti: 800
[superpoint_node-2] [ERROR] [1768033457.518314458] [superpoint_node]: Errore pubblicazione keypoints 3D: could not assign tuple of length 3 to structure with 4 fields.
[superpoint_node-2] [INFO] [1768033457.610854820] [superpoint_node]: Keypoints estratti: 800
[superpoint_node-2] [ERROR] [1768033457.617246278] [superpoint_node]: Errore pubblicazione keypoints 3D: could not assign tuple of length 3 to structure with 4 fields.
[superpoint_node-2] [INFO] [1768033457.712428531] [superpoint_node]: Keypoints estratti: 800
[superpoint_node-2] [ERROR] [1768033457.718367078] [superpoint_node]: Errore pubblicazione keypoints 3D: could not assign tuple of length 3 to structure with 4 fields.
[superpoint_node-2] [INFO] [1768033457.810937847] [superpoint_node]: Keypoints estratti: 800
[superpoint_node-2] [ERROR] [1768033457.816942062] [superpoint_node]: Errore pubblicazione keypoints 3D: could not assign tuple of length 3 to structure with 4 fields.
[rtabmap-14] [INFO] [1768033457.832023403] [rtabmap]: rtabmap (15): Rate=0.50s, Limit=0.001s, Conversion=0.0002s, RTAB-Map=0.0161s, Maps update=0.0003s pub=0.0011s delay=0.0625s (local map=0, WM=0)
[rtabmap-14] [33m[ WARN] (2026-01-10 09:24:13.055) MapsManager.cpp:863::publishMaps() Graph has changed! The whole cloud is regenerated.[0m
[rtabmap-14] [33m[ WARN] (2026-01-10 09:24:13.056) OccupancyGrid.cpp:169::getProbMap() Map info is empty, cannot generate probabilistic occupancy grid[0m
[rtabmap-14] [33m[ WARN] (2026-01-10 09:24:13.570) MapsManager.cpp:863::publishMaps() Graph has changed! The whole cloud is regenerated.[0m
[rtabmap-14] [33m[ WARN] (2026-01-10 09:24:13.575) OccupancyGrid.cpp:169::getProbMap() Map info is empty, cannot generate probabilistic occupancy grid[0m
[rtabmap-14] [33m[ WARN] (2026-01-10 09:24:14.110) MapsManager.cpp:863::publishMaps() Graph has changed! The whole cloud is regenerated.[0m
[rtabmap-14] [33m[ WARN] (2026-01-10 09:24:14.111) OccupancyGrid.cpp:169::getProbMap() Map info is empty, cannot generate probabilistic occupancy grid[0m
[rtabmap-14] [33m[ WARN] (2026-01-10 09:24:14.634) MapsManager.cpp:863::publishMaps() Graph has changed! The whole cloud is regenerated.[0m
[rtabmap-14] [33m[ WARN] (2026-01-10 09:24:14.635) OccupancyGrid.cpp:169::getProbMap() Map info is empty, cannot generate probabilistic occupancy grid[0m
[rtabmap-14] [33m[ WARN] (2026-01-10 09:24:15.167) MapsManager.cpp:863::publishMaps() Graph has changed! The whole cloud is regenerated.[0m
[rtabmap-14] [33m[ WARN] (2026-01-10 09:24:15.167) OccupancyGrid.cpp:169::getProbMap() Map info is empty, cannot generate probabilistic occupancy grid[0m
[rtabmap-14] [33m[ WARN] (2026-01-10 09:24:15.692) MapsManager.cpp:863::publishMaps() Graph has changed! The whole cloud is regenerated.[0m
[rtabmap-14] [33m[ WARN] (2026-01-10 09:24:15.694) OccupancyGrid.cpp:169::getProbMap() Map info is empty, cannot generate probabilistic occupancy grid[0m
[rtabmap-14] [33m[ WARN] (2026-01-10 09:24:16.252) MapsManager.cpp:863::publishMaps() Graph has changed! The whole cloud is regenerated.[0m
[rtabmap-14] [33m[ WARN] (2026-01-10 09:24:16.252) OccupancyGrid.cpp:169::getProbMap() Map info is empty, cannot generate probabilistic occupancy grid[0m
[rtabmap-14] [33m[ WARN] (2026-01-10 09:24:16.784) MapsManager.cpp:863::publishMaps() Graph has changed! The whole cloud is regenerated.[0m
[rtabmap-14] [33m[ WARN] (2026-01-10 09:24:16.785) OccupancyGrid.cpp:169::getProbMap() Map info is empty, cannot generate probabilistic occupancy grid[0m
[rtabmap-14] [33m[ WARN] (2026-01-10 09:24:17.344) MapsManager.cpp:863::publishMaps() Graph has changed! The whole cloud is regenerated.[0m
[rtabmap-14] [33m[ WARN] (2026-01-10 09:24:17.348) OccupancyGrid.cpp:169::getProbMap() Map info is empty, cannot generate probabilistic occupancy grid[0m
[rtabmap-14] [33m[ WARN] (2026-01-10 09:24:17.830) MapsManager.cpp:863::publishMaps() Graph has changed! The whole cloud is regenerated.[0m
[rtabmap-14] [33m[ WARN] (2026-01-10 09:24:17.831) OccupancyGrid.cpp:169::getProbMap() Map info is empty, cannot generate probabilistic occupancy grid[0m
[superpoint_node-2] [INFO] [1768033457.912555744] [superpoint_node]: Keypoints estratti: 800
[superpoint_node-2] [ERROR] [1768033457.918279437] [superpoint_node]: Errore pubblicazione keypoints 3D: could not assign tuple of length 3 to structure with 4 fields.
[superpoint_node-2] [INFO] [1768033458.014000880] [superpoint_node]: Keypoints estratti: 800
[superpoint_node-2] [ERROR] [1768033458.019738537] [superpoint_node]: Errore pubblicazione keypoints 3D: could not assign tuple of length 3 to structure with 4 fields.
[superpoint_node-2] [INFO] [1768033458.114628510] [superpoint_node]: Keypoints estratti: 800
[superpoint_node-2] [ERROR] [1768033458.120296814] [superpoint_node]: Errore pubblicazione keypoints 3D: could not assign tuple of length 3 to structure with 4 fields.
[superpoint_node-2] [INFO] [1768033458.210216118] [superpoint_node]: Keypoints estratti: 800
[superpoint_node-2] [ERROR] [1768033458.216036127] [superpoint_node]: Errore pubblicazione keypoints 3D: could not assign tuple of length 3 to structure with 4 fields.
[superpoint_node-2] [INFO] [1768033458.315430488] [superpoint_node]: Keypoints estratti: 800
[superpoint_node-2] [ERROR] [1768033458.321252941] [superpoint_node]: Errore pubblicazione keypoints 3D: could not assign tuple of length 3 to structure with 4 fields.
[superpoint_node-2] [INFO] [1768033458.411147264] [superpoint_node]: Keypoints estratti: 800
[superpoint_node-2] [ERROR] [1768033458.417095107] [superpoint_node]: Errore pubblicazione keypoints 3D: could not assign tuple of length 3 to structure with 4 fields.
[rtabmap-14] [INFO] [1768033458.452946168] [rtabmap]: rtabmap (16): Rate=0.50s, Limit=0.001s, Conversion=0.0002s, RTAB-Map=0.0324s, Maps update=0.0013s pub=0.0030s delay=0.0836s (local map=0, WM=0)
[superpoint_node-2] [INFO] [1768033458.513996559] [superpoint_node]: Keypoints estratti: 800
[superpoint_node-2] [ERROR] [1768033458.519745382] [superpoint_node]: Errore pubblicazione keypoints 3D: could not assign tuple of length 3 to structure with 4 fields.
[superpoint_node-2] [INFO] [1768033458.613317937] [superpoint_node]: Keypoints estratti: 800
[superpoint_node-2] [ERROR] [1768033458.620219437] [superpoint_node]: Errore pubblicazione keypoints 3D: could not assign tuple of length 3 to structure with 4 fields.
[superpoint_node-2] [INFO] [1768033458.713402841] [superpoint_node]: Keypoints estratti: 800
[superpoint_node-2] [ERROR] [1768033458.719175868] [superpoint_node]: Errore pubblicazione keypoints 3D: could not assign tuple of length 3 to structure with 4 fields.
[superpoint_node-2] [INFO] [1768033458.811982269] [superpoint_node]: Keypoints estratti: 800
[superpoint_node-2] [ERROR] [1768033458.817684277] [superpoint_node]: Errore pubblicazione keypoints 3D: could not assign tuple of length 3 to structure with 4 fields.
[superpoint_node-2] [INFO] [1768033458.913604962] [superpoint_node]: Keypoints estratti: 800
[superpoint_node-2] [ERROR] [1768033458.919822233] [superpoint_node]: Errore pubblicazione keypoints 3D: could not assign tuple of length 3 to structure with 4 fields.
[rtabmap-14] [INFO] [1768033458.934818426] [rtabmap]: rtabmap (17): Rate=0.50s, Limit=0.001s, Conversion=0.0002s, RTAB-Map=0.0188s, Maps update=0.0002s pub=0.0012s delay=0.0653s (local map=0, WM=0)
[superpoint_node-2] [INFO] [1768033459.014633576] [superpoint_node]: Keypoints estratti: 800
[superpoint_node-2] [ERROR] [1768033459.020410548] [superpoint_node]: Errore pubblicazione keypoints 3D: could not assign tuple of length 3 to structure with 4 fields.
[superpoint_node-2] [INFO] [1768033459.113082707] [superpoint_node]: Keypoints estratti: 800
[superpoint_node-2] [ERROR] [1768033459.118689659] [superpoint_node]: Errore pubblicazione keypoints 3D: could not assign tuple of length 3 to structure with 4 fields.
[superpoint_node-2] [INFO] [1768033459.212404456] [superpoint_node]: Keypoints estratti: 800
[superpoint_node-2] [ERROR] [1768033459.219269955] [superpoint_node]: Errore pubblicazione keypoints 3D: could not assign tuple of length 3 to structure with 4 fields.
[superpoint_node-2] [INFO] [1768033459.313914593] [superpoint_node]: Keypoints estratti: 800
[superpoint_node-2] [ERROR] [1768033459.319656990] [superpoint_node]: Errore pubblicazione keypoints 3D: could not assign tuple of length 3 to structure with 4 fields.
[superpoint_node-2] [INFO] [1768033459.413186600] [superpoint_node]: Keypoints estratti: 800
[superpoint_node-2] [ERROR] [1768033459.419191889] [superpoint_node]: Errore pubblicazione keypoints 3D: could not assign tuple of length 3 to structure with 4 fields.
[superpoint_node-2] [INFO] [1768033459.519001364] [superpoint_node]: Keypoints estratti: 800
[superpoint_node-2] [ERROR] [1768033459.525976660] [superpoint_node]: Errore pubblicazione keypoints 3D: could not assign tuple of length 3 to structure with 4 fields.
[rtabmap-14] [INFO] [1768033459.532753658] [rtabmap]: rtabmap (18): Rate=0.50s, Limit=0.001s, Conversion=0.0003s, RTAB-Map=0.0183s, Maps update=0.0002s pub=0.0008s delay=0.0633s (local map=0, WM=0)
[superpoint_node-2] [INFO] [1768033459.612992404] [superpoint_node]: Keypoints estratti: 800
[superpoint_node-2] [ERROR] [1768033459.618776357] [superpoint_node]: Errore pubblicazione keypoints 3D: could not assign tuple of length 3 to structure with 4 fields.
[superpoint_node-2] [INFO] [1768033459.712188374] [superpoint_node]: Keypoints estratti: 800
[superpoint_node-2] [ERROR] [1768033459.718036439] [superpoint_node]: Errore pubblicazione keypoints 3D: could not assign tuple of length 3 to structure with 4 fields.
[superpoint_node-2] [INFO] [1768033459.811380918] [superpoint_node]: Keypoints estratti: 800
[superpoint_node-2] [ERROR] [1768033459.816881313] [superpoint_node]: Errore pubblicazione keypoints 3D: could not assign tuple of length 3 to structure with 4 fields.
[superpoint_node-2] [INFO] [1768033459.914084138] [superpoint_node]: Keypoints estratti: 800
[superpoint_node-2] [ERROR] [1768033459.919822369] [superpoint_node]: Errore pubblicazione keypoints 3D: could not assign tuple of length 3 to structure with 4 fields.
[superpoint_node-2] [INFO] [1768033460.013992855] [superpoint_node]: Keypoints estratti: 800
[superpoint_node-2] [ERROR] [1768033460.019844623] [superpoint_node]: Errore pubblicazione keypoints 3D: could not assign tuple of length 3 to structure with 4 fields.
[superpoint_node-2] [INFO] [1768033460.113311178] [superpoint_node]: Keypoints estratti: 800
[superpoint_node-2] [ERROR] [1768033460.119444800] [superpoint_node]: Errore pubblicazione keypoints 3D: could not assign tuple of length 3 to structure with 4 fields.
[rtabmap-14] [INFO] [1768033460.131179245] [rtabmap]: rtabmap (19): Rate=0.50s, Limit=0.001s, Conversion=0.0004s, RTAB-Map=0.0178s, Maps update=0.0003s pub=0.0011s delay=0.0616s (local map=0, WM=0)
[superpoint_node-2] [INFO] [1768033460.214231754] [superpoint_node]: Keypoints estratti: 800
[superpoint_node-2] [ERROR] [1768033460.220635916] [superpoint_node]: Errore pubblicazione keypoints 3D: could not assign tuple of length 3 to structure with 4 fields.
[superpoint_node-2] [INFO] [1768033460.319726996] [superpoint_node]: Keypoints estratti: 800
[superpoint_node-2] [ERROR] [1768033460.325326448] [superpoint_node]: Errore pubblicazione keypoints 3D: could not assign tuple of length 3 to structure with 4 fields.
[superpoint_node-2] [INFO] [1768033460.413414608] [superpoint_node]: Keypoints estratti: 800
[superpoint_node-2] [ERROR] [1768033460.419191969] [superpoint_node]: Errore pubblicazione keypoints 3D: could not assign tuple of length 3 to structure with 4 fields.
[superpoint_node-2] [INFO] [1768033460.514504964] [superpoint_node]: Keypoints estratti: 800
[superpoint_node-2] [ERROR] [1768033460.520172008] [superpoint_node]: Errore pubblicazione keypoints 3D: could not assign tuple of length 3 to structure with 4 fields.
[superpoint_node-2] [INFO] [1768033460.612748130] [superpoint_node]: Keypoints estratti: 800
[superpoint_node-2] [ERROR] [1768033460.618478990] [superpoint_node]: Errore pubblicazione keypoints 3D: could not assign tuple of length 3 to structure with 4 fields.
[rtabmap-14] [INFO] [1768033460.709244727] [rtabmap]: rtabmap (20): Rate=0.50s, Limit=0.001s, Conversion=0.0002s, RTAB-Map=0.0199s, Maps update=0.0003s pub=0.0039s delay=0.0398s (local map=0, WM=0)
[superpoint_node-2] [INFO] [1768033460.718295224] [superpoint_node]: Keypoints estratti: 800
[superpoint_node-2] [ERROR] [1768033460.723967066] [superpoint_node]: Errore pubblicazione keypoints 3D: could not assign tuple of length 3 to structure with 4 fields.
[superpoint_node-2] [INFO] [1768033460.815470438] [superpoint_node]: Keypoints estratti: 800
[superpoint_node-2] [ERROR] [1768033460.821092630] [superpoint_node]: Errore pubblicazione keypoints 3D: could not assign tuple of length 3 to structure with 4 fields.
[superpoint_node-2] [INFO] [1768033460.912952617] [superpoint_node]: Keypoints estratti: 800
[superpoint_node-2] [ERROR] [1768033460.919442020] [superpoint_node]: Errore pubblicazione keypoints 3D: could not assign tuple of length 3 to structure with 4 fields.
[superpoint_node-2] [INFO] [1768033461.018100745] [superpoint_node]: Keypoints estratti: 800
[superpoint_node-2] [ERROR] [1768033461.024734446] [superpoint_node]: Errore pubblicazione keypoints 3D: could not assign tuple of length 3 to structure with 4 fields.
[superpoint_node-2] [INFO] [1768033461.117883257] [superpoint_node]: Keypoints estratti: 800
[superpoint_node-2] [ERROR] [1768033461.124370882] [superpoint_node]: Errore pubblicazione keypoints 3D: could not assign tuple of length 3 to structure with 4 fields.
[superpoint_node-2] [INFO] [1768033461.217124709] [superpoint_node]: Keypoints estratti: 800
[superpoint_node-2] [ERROR] [1768033461.224568675] [superpoint_node]: Errore pubblicazione keypoints 3D: could not assign tuple of length 3 to structure with 4 fields.
[rtabmap-14] [INFO] [1768033461.254791674] [rtabmap]: rtabmap (21): Rate=0.50s, Limit=0.001s, Conversion=0.0009s, RTAB-Map=0.0388s, Maps update=0.0003s pub=0.0014s delay=0.0852s (local map=0, WM=0)
[superpoint_node-2] [INFO] [1768033461.319014219] [superpoint_node]: Keypoints estratti: 800
[superpoint_node-2] [ERROR] [1768033461.325546363] [superpoint_node]: Errore pubblicazione keypoints 3D: could not assign tuple of length 3 to structure with 4 fields.
[superpoint_node-2] [INFO] [1768033461.416890308] [superpoint_node]: Keypoints estratti: 800
[superpoint_node-2] [ERROR] [1768033461.423387915] [superpoint_node]: Errore pubblicazione keypoints 3D: could not assign tuple of length 3 to structure with 4 fields.
[superpoint_node-2] [INFO] [1768033461.520315941] [superpoint_node]: Keypoints estratti: 800
[superpoint_node-2] [ERROR] [1768033461.526919438] [superpoint_node]: Errore pubblicazione keypoints 3D: could not assign tuple of length 3 to structure with 4 fields.
[superpoint_node-2] [INFO] [1768033461.617056226] [superpoint_node]: Keypoints estratti: 800
[superpoint_node-2] [ERROR] [1768033461.623728260] [superpoint_node]: Errore pubblicazione keypoints 3D: could not assign tuple of length 3 to structure with 4 fields.
[superpoint_node-2] [INFO] [1768033461.715975064] [superpoint_node]: Keypoints estratti: 800
[superpoint_node-2] [ERROR] [1768033461.722799840] [superpoint_node]: Errore pubblicazione keypoints 3D: could not assign tuple of length 3 to structure with 4 fields.
[superpoint_node-2] [INFO] [1768033461.816790102] [superpoint_node]: Keypoints estratti: 800
[superpoint_node-2] [ERROR] [1768033461.823571489] [superpoint_node]: Errore pubblicazione keypoints 3D: could not assign tuple of length 3 to structure with 4 fields.
[rtabmap-14] [INFO] [1768033461.857287367] [rtabmap]: rtabmap (22): Rate=0.50s, Limit=0.001s, Conversion=0.0006s, RTAB-Map=0.0343s, Maps update=0.0003s pub=0.0048s delay=0.0878s (local map=0, WM=0)
[superpoint_node-2] [INFO] [1768033461.917816291] [superpoint_node]: Keypoints estratti: 800
[superpoint_node-2] [ERROR] [1768033461.924384843] [superpoint_node]: Errore pubblicazione keypoints 3D: could not assign tuple of length 3 to structure with 4 fields.
[superpoint_node-2] [INFO] [1768033462.016828963] [superpoint_node]: Keypoints estratti: 800
[superpoint_node-2] [ERROR] [1768033462.023429534] [superpoint_node]: Errore pubblicazione keypoints 3D: could not assign tuple of length 3 to structure with 4 fields.
[superpoint_node-2] [INFO] [1768033462.116207676] [superpoint_node]: Keypoints estratti: 800
[superpoint_node-2] [ERROR] [1768033462.122883377] [superpoint_node]: Errore pubblicazione keypoints 3D: could not assign tuple of length 3 to structure with 4 fields.
[superpoint_node-2] [INFO] [1768033462.216085688] [superpoint_node]: Keypoints estratti: 800
[superpoint_node-2] [ERROR] [1768033462.222522591] [superpoint_node]: Errore pubblicazione keypoints 3D: could not assign tuple of length 3 to structure with 4 fields.
[superpoint_node-2] [INFO] [1768033462.314760413] [superpoint_node]: Keypoints estratti: 800
[superpoint_node-2] [ERROR] [1768033462.321503948] [superpoint_node]: Errore pubblicazione keypoints 3D: could not assign tuple of length 3 to structure with 4 fields.
[superpoint_node-2] [INFO] [1768033462.417530560] [superpoint_node]: Keypoints estratti: 800
[superpoint_node-2] [ERROR] [1768033462.424181816] [superpoint_node]: Errore pubblicazione keypoints 3D: could not assign tuple of length 3 to structure with 4 fields.
[rtabmap-14] [INFO] [1768033462.457044151] [rtabmap]: rtabmap (23): Rate=0.50s, Limit=0.001s, Conversion=0.0002s, RTAB-Map=0.0420s, Maps update=0.0003s pub=0.0034s delay=0.0875s (local map=0, WM=0)
[superpoint_node-2] [INFO] [1768033462.518282117] [superpoint_node]: Keypoints estratti: 800
[superpoint_node-2] [ERROR] [1768033462.524918910] [superpoint_node]: Errore pubblicazione keypoints 3D: could not assign tuple of length 3 to structure with 4 fields.
[superpoint_node-2] [INFO] [1768033462.618347649] [superpoint_node]: Keypoints estratti: 800
[superpoint_node-2] [ERROR] [1768033462.624912386] [superpoint_node]: Errore pubblicazione keypoints 3D: could not assign tuple of length 3 to structure with 4 fields.
[superpoint_node-2] [INFO] [1768033462.715549437] [superpoint_node]: Keypoints estratti: 800
[superpoint_node-2] [ERROR] [1768033462.722377954] [superpoint_node]: Errore pubblicazione keypoints 3D: could not assign tuple of length 3 to structure with 4 fields.
[superpoint_node-2] [INFO] [1768033462.819291628] [superpoint_node]: Keypoints estratti: 800
[superpoint_node-2] [ERROR] [1768033462.825870458] [superpoint_node]: Errore pubblicazione keypoints 3D: could not assign tuple of length 3 to structure with 4 fields.
[rtabmap-14] [33m[ WARN] (2026-01-10 09:24:18.449) MapsManager.cpp:863::publishMaps() Graph has changed! The whole cloud is regenerated.[0m
[rtabmap-14] [33m[ WARN] (2026-01-10 09:24:18.451) OccupancyGrid.cpp:169::getProbMap() Map info is empty, cannot generate probabilistic occupancy grid[0m
[rtabmap-14] [33m[ WARN] (2026-01-10 09:24:18.933) MapsManager.cpp:863::publishMaps() Graph has changed! The whole cloud is regenerated.[0m
[rtabmap-14] [33m[ WARN] (2026-01-10 09:24:18.934) OccupancyGrid.cpp:169::getProbMap() Map info is empty, cannot generate probabilistic occupancy grid[0m
[rtabmap-14] [33m[ WARN] (2026-01-10 09:24:19.531) MapsManager.cpp:863::publishMaps() Graph has changed! The whole cloud is regenerated.[0m
[rtabmap-14] [33m[ WARN] (2026-01-10 09:24:19.532) OccupancyGrid.cpp:169::getProbMap() Map info is empty, cannot generate probabilistic occupancy grid[0m
[rtabmap-14] [33m[ WARN] (2026-01-10 09:24:20.130) MapsManager.cpp:863::publishMaps() Graph has changed! The whole cloud is regenerated.[0m
[rtabmap-14] [33m[ WARN] (2026-01-10 09:24:20.130) OccupancyGrid.cpp:169::getProbMap() Map info is empty, cannot generate probabilistic occupancy grid[0m
[rtabmap-14] [33m[ WARN] (2026-01-10 09:24:20.705) MapsManager.cpp:863::publishMaps() Graph has changed! The whole cloud is regenerated.[0m
[rtabmap-14] [33m[ WARN] (2026-01-10 09:24:20.708) OccupancyGrid.cpp:169::getProbMap() Map info is empty, cannot generate probabilistic occupancy grid[0m
[rtabmap-14] [33m[ WARN] (2026-01-10 09:24:21.253) MapsManager.cpp:863::publishMaps() Graph has changed! The whole cloud is regenerated.[0m
[rtabmap-14] [33m[ WARN] (2026-01-10 09:24:21.254) OccupancyGrid.cpp:169::getProbMap() Map info is empty, cannot generate probabilistic occupancy grid[0m
[rtabmap-14] [33m[ WARN] (2026-01-10 09:24:21.850) MapsManager.cpp:863::publishMaps() Graph has changed! The whole cloud is regenerated.[0m
[rtabmap-14] [33m[ WARN] (2026-01-10 09:24:21.851) OccupancyGrid.cpp:169::getProbMap() Map info is empty, cannot generate probabilistic occupancy grid[0m
[rtabmap-14] [33m[ WARN] (2026-01-10 09:24:22.453) MapsManager.cpp:863::publishMaps() Graph has changed! The whole cloud is regenerated.[0m
[rtabmap-14] [33m[ WARN] (2026-01-10 09:24:22.454) OccupancyGrid.cpp:169::getProbMap() Map info is empty, cannot generate probabilistic occupancy grid[0m
[superpoint_node-2] [INFO] [1768033462.915959116] [superpoint_node]: Keypoints estratti: 800
[superpoint_node-2] [ERROR] [1768033462.922654817] [superpoint_node]: Errore pubblicazione keypoints 3D: could not assign tuple of length 3 to structure with 4 fields.
[superpoint_node-2] [INFO] [1768033463.017506956] [superpoint_node]: Keypoints estratti: 800
[superpoint_node-2] [ERROR] [1768033463.026151080] [superpoint_node]: Errore pubblicazione keypoints 3D: could not assign tuple of length 3 to structure with 4 fields.
[rtabmap-14] [INFO] [1768033463.041491016] [rtabmap]: rtabmap (24): Rate=0.50s, Limit=0.001s, Conversion=0.0002s, RTAB-Map=0.0255s, Maps update=0.0003s pub=0.0037s delay=0.0719s (local map=0, WM=0)
[superpoint_node-2] [INFO] [1768033463.115064969] [superpoint_node]: Keypoints estratti: 800
[superpoint_node-2] [ERROR] [1768033463.121771170] [superpoint_node]: Errore pubblicazione keypoints 3D: could not assign tuple of length 3 to structure with 4 fields.
[superpoint_node-2] [INFO] [1768033463.216406271] [superpoint_node]: Keypoints estratti: 800
[superpoint_node-2] [ERROR] [1768033463.223001953] [superpoint_node]: Errore pubblicazione keypoints 3D: could not assign tuple of length 3 to structure with 4 fields.
[superpoint_node-2] [INFO] [1768033463.316010763] [superpoint_node]: Keypoints estratti: 800
[superpoint_node-2] [ERROR] [1768033463.322632612] [superpoint_node]: Errore pubblicazione keypoints 3D: could not assign tuple of length 3 to structure with 4 fields.
[superpoint_node-2] [INFO] [1768033463.414211133] [superpoint_node]: Keypoints estratti: 800
[superpoint_node-2] [ERROR] [1768033463.420950964] [superpoint_node]: Errore pubblicazione keypoints 3D: could not assign tuple of length 3 to structure with 4 fields.
[superpoint_node-2] [INFO] [1768033463.517563673] [superpoint_node]: Keypoints estratti: 800
[superpoint_node-2] [ERROR] [1768033463.524244170] [superpoint_node]: Errore pubblicazione keypoints 3D: could not assign tuple of length 3 to structure with 4 fields.
[rtabmap-14] [INFO] [1768033463.556498962] [rtabmap]: rtabmap (25): Rate=0.50s, Limit=0.001s, Conversion=0.0006s, RTAB-Map=0.0417s, Maps update=0.0012s pub=0.0014s delay=0.0865s (local map=0, WM=0)
[superpoint_node-2] [INFO] [1768033463.618905030] [superpoint_node]: Keypoints estratti: 800
[superpoint_node-2] [ERROR] [1768033463.625269192] [superpoint_node]: Errore pubblicazione keypoints 3D: could not assign tuple of length 3 to structure with 4 fields.
[superpoint_node-2] [INFO] [1768033463.717940258] [superpoint_node]: Keypoints estratti: 800
[superpoint_node-2] [ERROR] [1768033463.724729108] [superpoint_node]: Errore pubblicazione keypoints 3D: could not assign tuple of length 3 to structure with 4 fields.
[superpoint_node-2] [INFO] [1768033463.815524994] [superpoint_node]: Keypoints estratti: 800
[superpoint_node-2] [ERROR] [1768033463.822025415] [superpoint_node]: Errore pubblicazione keypoints 3D: could not assign tuple of length 3 to structure with 4 fields.
[superpoint_node-2] [INFO] [1768033463.917306336] [superpoint_node]: Keypoints estratti: 800
[superpoint_node-2] [ERROR] [1768033463.923959092] [superpoint_node]: Errore pubblicazione keypoints 3D: could not assign tuple of length 3 to structure with 4 fields.
[superpoint_node-2] [INFO] [1768033464.018947566] [superpoint_node]: Keypoints estratti: 800
[superpoint_node-2] [ERROR] [1768033464.025483692] [superpoint_node]: Errore pubblicazione keypoints 3D: could not assign tuple of length 3 to structure with 4 fields.
[superpoint_node-2] [INFO] [1768033464.118432409] [superpoint_node]: Keypoints estratti: 800
[superpoint_node-2] [ERROR] [1768033464.125196426] [superpoint_node]: Errore pubblicazione keypoints 3D: could not assign tuple of length 3 to structure with 4 fields.
[rtabmap-14] [INFO] [1768033464.160623447] [rtabmap]: rtabmap (26): Rate=0.50s, Limit=0.001s, Conversion=0.0005s, RTAB-Map=0.0447s, Maps update=0.0004s pub=0.0013s delay=0.0911s (local map=0, WM=0)
[superpoint_node-2] [INFO] [1768033464.253363625] [superpoint_node]: Keypoints estratti: 800
[superpoint_node-2] [ERROR] [1768033464.259976752] [superpoint_node]: Errore pubblicazione keypoints 3D: could not assign tuple of length 3 to structure with 4 fields.
[superpoint_node-2] [INFO] [1768033464.346976255] [superpoint_node]: Keypoints estratti: 800
[superpoint_node-2] [ERROR] [1768033464.354061829] [superpoint_node]: Errore pubblicazione keypoints 3D: could not assign tuple of length 3 to structure with 4 fields.
[superpoint_node-2] [INFO] [1768033464.442256750] [superpoint_node]: Keypoints estratti: 800
[superpoint_node-2] [ERROR] [1768033464.449599160] [superpoint_node]: Errore pubblicazione keypoints 3D: could not assign tuple of length 3 to structure with 4 fields.
[superpoint_node-2] [INFO] [1768033464.535108429] [superpoint_node]: Keypoints estratti: 800
[superpoint_node-2] [ERROR] [1768033464.543290382] [superpoint_node]: Errore pubblicazione keypoints 3D: could not assign tuple of length 3 to structure with 4 fields.
[superpoint_node-2] [INFO] [1768033464.633391484] [superpoint_node]: Keypoints estratti: 800
[superpoint_node-2] [ERROR] [1768033464.641767940] [superpoint_node]: Errore pubblicazione keypoints 3D: could not assign tuple of length 3 to structure with 4 fields.
[rtabmap-14] [INFO] [1768033464.652079632] [rtabmap]: rtabmap (27): Rate=0.50s, Limit=0.001s, Conversion=0.0005s, RTAB-Map=0.0406s, Maps update=0.0003s pub=0.0013s delay=0.0672s (local map=0, WM=0)
[superpoint_node-2] [INFO] [1768033464.731052165] [superpoint_node]: Keypoints estratti: 800
[superpoint_node-2] [ERROR] [1768033464.737701254] [superpoint_node]: Errore pubblicazione keypoints 3D: could not assign tuple of length 3 to structure with 4 fields.
[superpoint_node-2] [INFO] [1768033464.826108787] [superpoint_node]: Keypoints estratti: 800
[superpoint_node-2] [ERROR] [1768033464.832581635] [superpoint_node]: Errore pubblicazione keypoints 3D: could not assign tuple of length 3 to structure with 4 fields.
[superpoint_node-2] [INFO] [1768033464.919690898] [superpoint_node]: Keypoints estratti: 800
[superpoint_node-2] [ERROR] [1768033464.926083078] [superpoint_node]: Errore pubblicazione keypoints 3D: could not assign tuple of length 3 to structure with 4 fields.
[superpoint_node-2] [INFO] [1768033465.019829209] [superpoint_node]: Keypoints estratti: 800
[superpoint_node-2] [ERROR] [1768033465.026558725] [superpoint_node]: Errore pubblicazione keypoints 3D: could not assign tuple of length 3 to structure with 4 fields.
[superpoint_node-2] [INFO] [1768033465.116584086] [superpoint_node]: Keypoints estratti: 800
[superpoint_node-2] [ERROR] [1768033465.123048211] [superpoint_node]: Errore pubblicazione keypoints 3D: could not assign tuple of length 3 to structure with 4 fields.
[superpoint_node-2] [INFO] [1768033465.218983989] [superpoint_node]: Keypoints estratti: 800
[superpoint_node-2] [ERROR] [1768033465.227099868] [superpoint_node]: Errore pubblicazione keypoints 3D: could not assign tuple of length 3 to structure with 4 fields.
[rtabmap-14] [INFO] [1768033465.243128050] [rtabmap]: rtabmap (28): Rate=0.50s, Limit=0.001s, Conversion=0.0002s, RTAB-Map=0.0236s, Maps update=0.0004s pub=0.0033s delay=0.0736s (local map=0, WM=0)
[superpoint_node-2] [INFO] [1768033465.320022733] [superpoint_node]: Keypoints estratti: 800
[superpoint_node-2] [ERROR] [1768033465.326488951] [superpoint_node]: Errore pubblicazione keypoints 3D: could not assign tuple of length 3 to structure with 4 fields.
[superpoint_node-2] [INFO] [1768033465.420832105] [superpoint_node]: Keypoints estratti: 800
[superpoint_node-2] [ERROR] [1768033465.427965272] [superpoint_node]: Errore pubblicazione keypoints 3D: could not assign tuple of length 3 to structure with 4 fields.
[superpoint_node-2] [INFO] [1768033465.518138505] [superpoint_node]: Keypoints estratti: 800
[superpoint_node-2] [ERROR] [1768033465.525415525] [superpoint_node]: Errore pubblicazione keypoints 3D: could not assign tuple of length 3 to structure with 4 fields.
[superpoint_node-2] [INFO] [1768033465.619862254] [superpoint_node]: Keypoints estratti: 800
[superpoint_node-2] [ERROR] [1768033465.626637882] [superpoint_node]: Errore pubblicazione keypoints 3D: could not assign tuple of length 3 to structure with 4 fields.
[superpoint_node-2] [INFO] [1768033465.718109661] [superpoint_node]: Keypoints estratti: 800
[superpoint_node-2] [ERROR] [1768033465.724795547] [superpoint_node]: Errore pubblicazione keypoints 3D: could not assign tuple of length 3 to structure with 4 fields.
[superpoint_node-2] [INFO] [1768033465.815794434] [superpoint_node]: Keypoints estratti: 800
[superpoint_node-2] [ERROR] [1768033465.823724404] [superpoint_node]: Errore pubblicazione keypoints 3D: could not assign tuple of length 3 to structure with 4 fields.
[rtabmap-14] [INFO] [1768033465.834634620] [rtabmap]: rtabmap (29): Rate=0.50s, Limit=0.001s, Conversion=0.0002s, RTAB-Map=0.0190s, Maps update=0.0003s pub=0.0013s delay=0.0647s (local map=0, WM=0)
[superpoint_node-2] [INFO] [1768033465.915357648] [superpoint_node]: Keypoints estratti: 800
[superpoint_node-2] [ERROR] [1768033465.922016386] [superpoint_node]: Errore pubblicazione keypoints 3D: could not assign tuple of length 3 to structure with 4 fields.
[superpoint_node-2] [INFO] [1768033466.016871081] [superpoint_node]: Keypoints estratti: 800
[superpoint_node-2] [ERROR] [1768033466.023614005] [superpoint_node]: Errore pubblicazione keypoints 3D: could not assign tuple of length 3 to structure with 4 fields.
[superpoint_node-2] [INFO] [1768033466.119277466] [superpoint_node]: Keypoints estratti: 800
[superpoint_node-2] [ERROR] [1768033466.126558097] [superpoint_node]: Errore pubblicazione keypoints 3D: could not assign tuple of length 3 to structure with 4 fields.
[superpoint_node-2] [INFO] [1768033466.215770692] [superpoint_node]: Keypoints estratti: 800
[superpoint_node-2] [ERROR] [1768033466.222195817] [superpoint_node]: Errore pubblicazione keypoints 3D: could not assign tuple of length 3 to structure with 4 fields.
[superpoint_node-2] [INFO] [1768033466.315205201] [superpoint_node]: Keypoints estratti: 800
[superpoint_node-2] [ERROR] [1768033466.321661715] [superpoint_node]: Errore pubblicazione keypoints 3D: could not assign tuple of length 3 to structure with 4 fields.
[superpoint_node-2] [INFO] [1768033466.420154606] [superpoint_node]: Keypoints estratti: 800
[superpoint_node-2] [ERROR] [1768033466.427461627] [superpoint_node]: Errore pubblicazione keypoints 3D: could not assign tuple of length 3 to structure with 4 fields.
[rtabmap-14] [INFO] [1768033466.459052821] [rtabmap]: rtabmap (30): Rate=0.50s, Limit=0.001s, Conversion=0.0002s, RTAB-Map=0.0444s, Maps update=0.0003s pub=0.0012s delay=0.0896s (local map=0, WM=0)
[superpoint_node-2] [INFO] [1768033466.519037666] [superpoint_node]: Keypoints estratti: 800
[superpoint_node-2] [ERROR] [1768033466.525384235] [superpoint_node]: Errore pubblicazione keypoints 3D: could not assign tuple of length 3 to structure with 4 fields.
[superpoint_node-2] [INFO] [1768033466.614839554] [superpoint_node]: Keypoints estratti: 800
[superpoint_node-2] [ERROR] [1768033466.621595663] [superpoint_node]: Errore pubblicazione keypoints 3D: could not assign tuple of length 3 to structure with 4 fields.
[superpoint_node-2] [INFO] [1768033466.750206125] [superpoint_node]: Keypoints estratti: 800
[superpoint_node-2] [ERROR] [1768033466.757552072] [superpoint_node]: Errore pubblicazione keypoints 3D: could not assign tuple of length 3 to structure with 4 fields.
[superpoint_node-2] [INFO] [1768033466.847358265] [superpoint_node]: Keypoints estratti: 800
[superpoint_node-2] [ERROR] [1768033466.853990947] [superpoint_node]: Errore pubblicazione keypoints 3D: could not assign tuple of length 3 to structure with 4 fields.
[superpoint_node-2] [INFO] [1768033466.944998556] [superpoint_node]: Keypoints estratti: 800
[superpoint_node-2] [ERROR] [1768033466.951973778] [superpoint_node]: Errore pubblicazione keypoints 3D: could not assign tuple of length 3 to structure with 4 fields.
[rtabmap-14] [INFO] [1768033466.967002841] [rtabmap]: rtabmap (31): Rate=0.50s, Limit=0.001s, Conversion=0.0003s, RTAB-Map=0.0428s, Maps update=0.0003s pub=0.0039s delay=0.0733s (local map=0, WM=0)
[superpoint_node-2] [INFO] [1768033467.043208259] [superpoint_node]: Keypoints estratti: 800
[superpoint_node-2] [ERROR] [1768033467.050070906] [superpoint_node]: Errore pubblicazione keypoints 3D: could not assign tuple of length 3 to structure with 4 fields.
[superpoint_node-2] [INFO] [1768033467.136574646] [superpoint_node]: Keypoints estratti: 800
[superpoint_node-2] [ERROR] [1768033467.143912648] [superpoint_node]: Errore pubblicazione keypoints 3D: could not assign tuple of length 3 to structure with 4 fields.
[superpoint_node-2] [INFO] [1768033467.232652017] [superpoint_node]: Keypoints estratti: 800
[superpoint_node-2] [ERROR] [1768033467.239640702] [superpoint_node]: Errore pubblicazione keypoints 3D: could not assign tuple of length 3 to structure with 4 fields.
[superpoint_node-2] [INFO] [1768033467.326519594] [superpoint_node]: Keypoints estratti: 800
[superpoint_node-2] [ERROR] [1768033467.333128424] [superpoint_node]: Errore pubblicazione keypoints 3D: could not assign tuple of length 3 to structure with 4 fields.
[superpoint_node-2] [INFO] [1768033467.419602904] [superpoint_node]: Keypoints estratti: 800
[superpoint_node-2] [ERROR] [1768033467.426016325] [superpoint_node]: Errore pubblicazione keypoints 3D: could not assign tuple of length 3 to structure with 4 fields.
[superpoint_node-2] [INFO] [1768033467.548921409] [superpoint_node]: Keypoints estratti: 800
[superpoint_node-2] [ERROR] [1768033467.556220726] [superpoint_node]: Errore pubblicazione keypoints 3D: could not assign tuple of length 3 to structure with 4 fields.
[rtabmap-14] [INFO] [1768033467.590574757] [rtabmap]: rtabmap (32): Rate=0.50s, Limit=0.001s, Conversion=0.0002s, RTAB-Map=0.0410s, Maps update=0.0005s pub=0.0010s delay=0.0882s (local map=0, WM=0)
[superpoint_node-2] [INFO] [1768033467.646200624] [superpoint_node]: Keypoints estratti: 800
[superpoint_node-2] [ERROR] [1768033467.653112215] [superpoint_node]: Errore pubblicazione keypoints 3D: could not assign tuple of length 3 to structure with 4 fields.
[superpoint_node-2] [INFO] [1768033467.737434642] [superpoint_node]: Keypoints estratti: 800
[superpoint_node-2] [ERROR] [1768033467.744337326] [superpoint_node]: Errore pubblicazione keypoints 3D: could not assign tuple of length 3 to structure with 4 fields.
[superpoint_node-2] [INFO] [1768033467.832611543] [superpoint_node]: Keypoints estratti: 800
[superpoint_node-2] [ERROR] [1768033467.839678229] [superpoint_node]: Errore pubblicazione keypoints 3D: could not assign tuple of length 3 to structure with 4 fields.
[rtabmap-14] [33m[ WARN] (2026-01-10 09:24:23.037) MapsManager.cpp:863::publishMaps() Graph has changed! The whole cloud is regenerated.[0m
[rtabmap-14] [33m[ WARN] (2026-01-10 09:24:23.040) OccupancyGrid.cpp:169::getProbMap() Map info is empty, cannot generate probabilistic occupancy grid[0m
[rtabmap-14] [33m[ WARN] (2026-01-10 09:24:23.555) MapsManager.cpp:863::publishMaps() Graph has changed! The whole cloud is regenerated.[0m
[rtabmap-14] [33m[ WARN] (2026-01-10 09:24:23.555) OccupancyGrid.cpp:169::getProbMap() Map info is empty, cannot generate probabilistic occupancy grid[0m
[rtabmap-14] [33m[ WARN] (2026-01-10 09:24:24.159) MapsManager.cpp:863::publishMaps() Graph has changed! The whole cloud is regenerated.[0m
[rtabmap-14] [33m[ WARN] (2026-01-10 09:24:24.159) OccupancyGrid.cpp:169::getProbMap() Map info is empty, cannot generate probabilistic occupancy grid[0m
[rtabmap-14] [33m[ WARN] (2026-01-10 09:24:24.650) MapsManager.cpp:863::publishMaps() Graph has changed! The whole cloud is regenerated.[0m
[rtabmap-14] [33m[ WARN] (2026-01-10 09:24:24.651) OccupancyGrid.cpp:169::getProbMap() Map info is empty, cannot generate probabilistic occupancy grid[0m
[rtabmap-14] [33m[ WARN] (2026-01-10 09:24:25.239) MapsManager.cpp:863::publishMaps() Graph has changed! The whole cloud is regenerated.[0m
[rtabmap-14] [33m[ WARN] (2026-01-10 09:24:25.241) OccupancyGrid.cpp:169::getProbMap() Map info is empty, cannot generate probabilistic occupancy grid[0m
[rtabmap-14] [33m[ WARN] (2026-01-10 09:24:25.833) MapsManager.cpp:863::publishMaps() Graph has changed! The whole cloud is regenerated.[0m
[rtabmap-14] [33m[ WARN] (2026-01-10 09:24:25.833) OccupancyGrid.cpp:169::getProbMap() Map info is empty, cannot generate probabilistic occupancy grid[0m
[rtabmap-14] [33m[ WARN] (2026-01-10 09:24:26.457) MapsManager.cpp:863::publishMaps() Graph has changed! The whole cloud is regenerated.[0m
[rtabmap-14] [33m[ WARN] (2026-01-10 09:24:26.458) OccupancyGrid.cpp:169::getProbMap() Map info is empty, cannot generate probabilistic occupancy grid[0m
[rtabmap-14] [33m[ WARN] (2026-01-10 09:24:26.963) MapsManager.cpp:863::publishMaps() Graph has changed! The whole cloud is regenerated.[0m
[rtabmap-14] [33m[ WARN] (2026-01-10 09:24:26.963) OccupancyGrid.cpp:169::getProbMap() Map info is empty, cannot generate probabilistic occupancy grid[0m
[rtabmap-14] [33m[ WARN] (2026-01-10 09:24:27.589) MapsManager.cpp:863::publishMaps() Graph has changed! The whole cloud is regenerated.[0m
[rtabmap-14] [33m[ WARN] (2026-01-10 09:24:27.590) OccupancyGrid.cpp:169::getProbMap() Map info is empty, cannot generate probabilistic occupancy grid[0m
[superpoint_node-2] [INFO] [1768033467.928883842] [superpoint_node]: Keypoints estratti: 800
[superpoint_node-2] [ERROR] [1768033467.935204485] [superpoint_node]: Errore pubblicazione keypoints 3D: could not assign tuple of length 3 to structure with 4 fields.
[superpoint_node-2] [INFO] [1768033468.023966206] [superpoint_node]: Keypoints estratti: 800
[superpoint_node-2] [ERROR] [1768033468.030671962] [superpoint_node]: Errore pubblicazione keypoints 3D: could not assign tuple of length 3 to structure with 4 fields.
[superpoint_node-2] [INFO] [1768033468.121891018] [superpoint_node]: Keypoints estratti: 800
[superpoint_node-2] [ERROR] [1768033468.129645375] [superpoint_node]: Errore pubblicazione keypoints 3D: could not assign tuple of length 3 to structure with 4 fields.
[rtabmap-14] [INFO] [1768033468.142145382] [rtabmap]: rtabmap (33): Rate=0.50s, Limit=0.001s, Conversion=0.0003s, RTAB-Map=0.0241s, Maps update=0.0010s pub=0.0025s delay=0.0704s (local map=0, WM=0)
[superpoint_node-2] [INFO] [1768033468.220132851] [superpoint_node]: Keypoints estratti: 800
[superpoint_node-2] [ERROR] [1768033468.227139184] [superpoint_node]: Errore pubblicazione keypoints 3D: could not assign tuple of length 3 to structure with 4 fields.
[superpoint_node-2] [INFO] [1768033468.316083036] [superpoint_node]: Keypoints estratti: 800
[superpoint_node-2] [ERROR] [1768033468.322694162] [superpoint_node]: Errore pubblicazione keypoints 3D: could not assign tuple of length 3 to structure with 4 fields.
[superpoint_node-2] [INFO] [1768033468.419565744] [superpoint_node]: Keypoints estratti: 800
[superpoint_node-2] [ERROR] [1768033468.427952532] [superpoint_node]: Errore pubblicazione keypoints 3D: could not assign tuple of length 3 to structure with 4 fields.
[superpoint_node-2] [INFO] [1768033468.520967361] [superpoint_node]: Keypoints estratti: 800
[superpoint_node-2] [ERROR] [1768033468.527501431] [superpoint_node]: Errore pubblicazione keypoints 3D: could not assign tuple of length 3 to structure with 4 fields.
[superpoint_node-2] [INFO] [1768033468.618364780] [superpoint_node]: Keypoints estratti: 800
[superpoint_node-2] [ERROR] [1768033468.624793053] [superpoint_node]: Errore pubblicazione keypoints 3D: could not assign tuple of length 3 to structure with 4 fields.
[superpoint_node-2] [INFO] [1768033468.716015997] [superpoint_node]: Keypoints estratti: 800
[superpoint_node-2] [ERROR] [1768033468.723525612] [superpoint_node]: Errore pubblicazione keypoints 3D: could not assign tuple of length 3 to structure with 4 fields.
[rtabmap-14] [INFO] [1768033468.739287385] [rtabmap]: rtabmap (34): Rate=0.50s, Limit=0.001s, Conversion=0.0003s, RTAB-Map=0.0225s, Maps update=0.0007s pub=0.0013s delay=0.0697s (local map=0, WM=0)
[superpoint_node-2] [INFO] [1768033468.815488803] [superpoint_node]: Keypoints estratti: 800
[superpoint_node-2] [ERROR] [1768033468.822305450] [superpoint_node]: Errore pubblicazione keypoints 3D: could not assign tuple of length 3 to structure with 4 fields.
[superpoint_node-2] [INFO] [1768033468.914299918] [superpoint_node]: Keypoints estratti: 800
[superpoint_node-2] [ERROR] [1768033468.921142269] [superpoint_node]: Errore pubblicazione keypoints 3D: could not assign tuple of length 3 to structure with 4 fields.
[superpoint_node-2] [INFO] [1768033469.014409118] [superpoint_node]: Keypoints estratti: 800
[superpoint_node-2] [ERROR] [1768033469.021009893] [superpoint_node]: Errore pubblicazione keypoints 3D: could not assign tuple of length 3 to structure with 4 fields.
[superpoint_node-2] [INFO] [1768033469.114662949] [superpoint_node]: Keypoints estratti: 800
[superpoint_node-2] [ERROR] [1768033469.121078055] [superpoint_node]: Errore pubblicazione keypoints 3D: could not assign tuple of length 3 to structure with 4 fields.
[superpoint_node-2] [INFO] [1768033469.218944904] [superpoint_node]: Keypoints estratti: 800
[superpoint_node-2] [ERROR] [1768033469.225484863] [superpoint_node]: Errore pubblicazione keypoints 3D: could not assign tuple of length 3 to structure with 4 fields.
[superpoint_node-2] [INFO] [1768033469.314143324] [superpoint_node]: Keypoints estratti: 800
[superpoint_node-2] [ERROR] [1768033469.321209843] [superpoint_node]: Errore pubblicazione keypoints 3D: could not assign tuple of length 3 to structure with 4 fields.
[rtabmap-14] [INFO] [1768033469.348904951] [rtabmap]: rtabmap (35): Rate=0.50s, Limit=0.001s, Conversion=0.0005s, RTAB-Map=0.0313s, Maps update=0.0003s pub=0.0011s delay=0.0794s (local map=0, WM=0)
[superpoint_node-2] [INFO] [1768033469.419492620] [superpoint_node]: Keypoints estratti: 800
[superpoint_node-2] [ERROR] [1768033469.426643677] [superpoint_node]: Errore pubblicazione keypoints 3D: could not assign tuple of length 3 to structure with 4 fields.
[superpoint_node-2] [INFO] [1768033469.515476436] [superpoint_node]: Keypoints estratti: 800
[superpoint_node-2] [ERROR] [1768033469.521995413] [superpoint_node]: Errore pubblicazione keypoints 3D: could not assign tuple of length 3 to structure with 4 fields.
[superpoint_node-2] [INFO] [1768033469.615369708] [superpoint_node]: Keypoints estratti: 800
[superpoint_node-2] [ERROR] [1768033469.622086464] [superpoint_node]: Errore pubblicazione keypoints 3D: could not assign tuple of length 3 to structure with 4 fields.
[superpoint_node-2] [INFO] [1768033469.716735602] [superpoint_node]: Keypoints estratti: 800
[superpoint_node-2] [ERROR] [1768033469.723303321] [superpoint_node]: Errore pubblicazione keypoints 3D: could not assign tuple of length 3 to structure with 4 fields.
[superpoint_node-2] [INFO] [1768033469.818356240] [superpoint_node]: Keypoints estratti: 800
[superpoint_node-2] [ERROR] [1768033469.825227239] [superpoint_node]: Errore pubblicazione keypoints 3D: could not assign tuple of length 3 to structure with 4 fields.
[rtabmap-14] [INFO] [1768033469.861085874] [rtabmap]: rtabmap (36): Rate=0.50s, Limit=0.001s, Conversion=0.0002s, RTAB-Map=0.0374s, Maps update=0.0003s pub=0.0046s delay=0.0915s (local map=0, WM=0)
[superpoint_node-2] [INFO] [1768033469.922082357] [superpoint_node]: Keypoints estratti: 800
[superpoint_node-2] [ERROR] [1768033469.928483334] [superpoint_node]: Errore pubblicazione keypoints 3D: could not assign tuple of length 3 to structure with 4 fields.
[superpoint_node-2] [INFO] [1768033470.018851419] [superpoint_node]: Keypoints estratti: 800
[superpoint_node-2] [ERROR] [1768033470.025321396] [superpoint_node]: Errore pubblicazione keypoints 3D: could not assign tuple of length 3 to structure with 4 fields.
[superpoint_node-2] [INFO] [1768033470.115507092] [superpoint_node]: Keypoints estratti: 800
[superpoint_node-2] [ERROR] [1768033470.122058680] [superpoint_node]: Errore pubblicazione keypoints 3D: could not assign tuple of length 3 to structure with 4 fields.
[superpoint_node-2] [INFO] [1768033470.217006062] [superpoint_node]: Keypoints estratti: 800
[superpoint_node-2] [ERROR] [1768033470.223908598] [superpoint_node]: Errore pubblicazione keypoints 3D: could not assign tuple of length 3 to structure with 4 fields.
[superpoint_node-2] [INFO] [1768033470.323633517] [superpoint_node]: Keypoints estratti: 800
[superpoint_node-2] [ERROR] [1768033470.330867852] [superpoint_node]: Errore pubblicazione keypoints 3D: could not assign tuple of length 3 to structure with 4 fields.
[superpoint_node-2] [INFO] [1768033470.432724454] [superpoint_node]: Keypoints estratti: 800
[superpoint_node-2] [ERROR] [1768033470.440116698] [superpoint_node]: Errore pubblicazione keypoints 3D: could not assign tuple of length 3 to structure with 4 fields.
[rtabmap-14] [INFO] [1768033470.479470194] [rtabmap]: rtabmap (37): Rate=0.50s, Limit=0.001s, Conversion=0.0002s, RTAB-Map=0.0350s, Maps update=0.0005s pub=0.0013s delay=0.0991s (local map=0, WM=0)
[superpoint_node-2] [INFO] [1768033470.560120240] [superpoint_node]: Keypoints estratti: 800
[superpoint_node-2] [ERROR] [1768033470.568423509] [superpoint_node]: Errore pubblicazione keypoints 3D: could not assign tuple of length 3 to structure with 4 fields.
[superpoint_node-2] [INFO] [1768033470.671674808] [superpoint_node]: Keypoints estratti: 800
[superpoint_node-2] [ERROR] [1768033470.680114264] [superpoint_node]: Errore pubblicazione keypoints 3D: could not assign tuple of length 3 to structure with 4 fields.
[superpoint_node-2] [INFO] [1768033470.840505922] [superpoint_node]: Keypoints estratti: 800
[superpoint_node-2] [ERROR] [1768033470.847723072] [superpoint_node]: Errore pubblicazione keypoints 3D: could not assign tuple of length 3 to structure with 4 fields.
[superpoint_node-2] [INFO] [1768033470.967090627] [superpoint_node]: Keypoints estratti: 800
[superpoint_node-2] [ERROR] [1768033470.975435934] [superpoint_node]: Errore pubblicazione keypoints 3D: could not assign tuple of length 3 to structure with 4 fields.
[rtabmap-14] [INFO] [1768033471.014510540] [rtabmap]: rtabmap (38): Rate=0.50s, Limit=0.001s, Conversion=0.0003s, RTAB-Map=0.0473s, Maps update=0.0005s pub=0.0019s delay=0.1152s (local map=0, WM=0)
[superpoint_node-2] [INFO] [1768033471.089805673] [superpoint_node]: Keypoints estratti: 800
[superpoint_node-2] [ERROR] [1768033471.097496456] [superpoint_node]: Errore pubblicazione keypoints 3D: could not assign tuple of length 3 to structure with 4 fields.
[superpoint_node-2] [INFO] [1768033471.213267668] [superpoint_node]: Keypoints estratti: 800
[superpoint_node-2] [ERROR] [1768033471.220284687] [superpoint_node]: Errore pubblicazione keypoints 3D: could not assign tuple of length 3 to structure with 4 fields.
[superpoint_node-2] [INFO] [1768033471.312691714] [superpoint_node]: Keypoints estratti: 800
[superpoint_node-2] [ERROR] [1768033471.319331286] [superpoint_node]: Errore pubblicazione keypoints 3D: could not assign tuple of length 3 to structure with 4 fields.
[superpoint_node-2] [INFO] [1768033471.408785771] [superpoint_node]: Keypoints estratti: 800
[superpoint_node-2] [ERROR] [1768033471.416169441] [superpoint_node]: Errore pubblicazione keypoints 3D: could not assign tuple of length 3 to structure with 4 fields.
[superpoint_node-2] [INFO] [1768033471.506952826] [superpoint_node]: Keypoints estratti: 800
[superpoint_node-2] [ERROR] [1768033471.513830380] [superpoint_node]: Errore pubblicazione keypoints 3D: could not assign tuple of length 3 to structure with 4 fields.
[rtabmap-14] [INFO] [1768033471.516515142] [rtabmap]: rtabmap (39): Rate=0.50s, Limit=0.001s, Conversion=0.0005s, RTAB-Map=0.0339s, Maps update=0.0003s pub=0.0022s delay=0.0595s (local map=0, WM=0)
[superpoint_node-2] [INFO] [1768033471.600441177] [superpoint_node]: Keypoints estratti: 800
[superpoint_node-2] [ERROR] [1768033471.608079849] [superpoint_node]: Errore pubblicazione keypoints 3D: could not assign tuple of length 3 to structure with 4 fields.
[superpoint_node-2] [INFO] [1768033471.692131217] [superpoint_node]: Keypoints estratti: 800
[superpoint_node-2] [ERROR] [1768033471.698605602] [superpoint_node]: Errore pubblicazione keypoints 3D: could not assign tuple of length 3 to structure with 4 fields.
[superpoint_node-2] [INFO] [1768033471.786593169] [superpoint_node]: Keypoints estratti: 800
[superpoint_node-2] [ERROR] [1768033471.793005053] [superpoint_node]: Errore pubblicazione keypoints 3D: could not assign tuple of length 3 to structure with 4 fields.
[superpoint_node-2] [INFO] [1768033471.916600790] [superpoint_node]: Keypoints estratti: 800
[superpoint_node-2] [ERROR] [1768033471.923306103] [superpoint_node]: Errore pubblicazione keypoints 3D: could not assign tuple of length 3 to structure with 4 fields.
[superpoint_node-2] [INFO] [1768033472.020237629] [superpoint_node]: Keypoints estratti: 800
[superpoint_node-2] [ERROR] [1768033472.026967404] [superpoint_node]: Errore pubblicazione keypoints 3D: could not assign tuple of length 3 to structure with 4 fields.
[rtabmap-14] [INFO] [1768033472.057270626] [rtabmap]: rtabmap (40): Rate=0.50s, Limit=0.001s, Conversion=0.0005s, RTAB-Map=0.0403s, Maps update=0.0009s pub=0.0024s delay=0.0879s (local map=0, WM=0)
[superpoint_node-2] [INFO] [1768033472.121559153] [superpoint_node]: Keypoints estratti: 800
[superpoint_node-2] [ERROR] [1768033472.127905018] [superpoint_node]: Errore pubblicazione keypoints 3D: could not assign tuple of length 3 to structure with 4 fields.
[superpoint_node-2] [INFO] [1768033472.219141833] [superpoint_node]: Keypoints estratti: 800
[superpoint_node-2] [ERROR] [1768033472.225533791] [superpoint_node]: Errore pubblicazione keypoints 3D: could not assign tuple of length 3 to structure with 4 fields.
[superpoint_node-2] [INFO] [1768033472.318680472] [superpoint_node]: Keypoints estratti: 800
[superpoint_node-2] [ERROR] [1768033472.325137301] [superpoint_node]: Errore pubblicazione keypoints 3D: could not assign tuple of length 3 to structure with 4 fields.
[superpoint_node-2] [INFO] [1768033472.418299465] [superpoint_node]: Keypoints estratti: 800
[superpoint_node-2] [ERROR] [1768033472.424973999] [superpoint_node]: Errore pubblicazione keypoints 3D: could not assign tuple of length 3 to structure with 4 fields.
[superpoint_node-2] [INFO] [1768033472.519649804] [superpoint_node]: Keypoints estratti: 800
[superpoint_node-2] [ERROR] [1768033472.527312105] [superpoint_node]: Errore pubblicazione keypoints 3D: could not assign tuple of length 3 to structure with 4 fields.
[rtabmap-14] [INFO] [1768033472.548991314] [rtabmap]: rtabmap (41): Rate=0.50s, Limit=0.001s, Conversion=0.0002s, RTAB-Map=0.0317s, Maps update=0.0003s pub=0.0012s delay=0.0796s (local map=0, WM=0)
[superpoint_node-2] [INFO] [1768033472.619378241] [superpoint_node]: Keypoints estratti: 800
[superpoint_node-2] [ERROR] [1768033472.625891682] [superpoint_node]: Errore pubblicazione keypoints 3D: could not assign tuple of length 3 to structure with 4 fields.
[superpoint_node-2] [INFO] [1768033472.717567685] [superpoint_node]: Keypoints estratti: 800
[superpoint_node-2] [ERROR] [1768033472.723914272] [superpoint_node]: Errore pubblicazione keypoints 3D: could not assign tuple of length 3 to structure with 4 fields.
[superpoint_node-2] [INFO] [1768033472.814795028] [superpoint_node]: Keypoints estratti: 800
[superpoint_node-2] [ERROR] [1768033472.821315673] [superpoint_node]: Errore pubblicazione keypoints 3D: could not assign tuple of length 3 to structure with 4 fields.
[rtabmap-14] [33m[ WARN] (2026-01-10 09:24:28.139) MapsManager.cpp:863::publishMaps() Graph has changed! The whole cloud is regenerated.[0m
[rtabmap-14] [33m[ WARN] (2026-01-10 09:24:28.141) OccupancyGrid.cpp:169::getProbMap() Map info is empty, cannot generate probabilistic occupancy grid[0m
[rtabmap-14] [33m[ WARN] (2026-01-10 09:24:28.737) MapsManager.cpp:863::publishMaps() Graph has changed! The whole cloud is regenerated.[0m
[rtabmap-14] [33m[ WARN] (2026-01-10 09:24:28.738) OccupancyGrid.cpp:169::getProbMap() Map info is empty, cannot generate probabilistic occupancy grid[0m
[rtabmap-14] [33m[ WARN] (2026-01-10 09:24:29.347) MapsManager.cpp:863::publishMaps() Graph has changed! The whole cloud is regenerated.[0m
[rtabmap-14] [33m[ WARN] (2026-01-10 09:24:29.348) OccupancyGrid.cpp:169::getProbMap() Map info is empty, cannot generate probabilistic occupancy grid[0m
[rtabmap-14] [33m[ WARN] (2026-01-10 09:24:29.856) MapsManager.cpp:863::publishMaps() Graph has changed! The whole cloud is regenerated.[0m
[rtabmap-14] [33m[ WARN] (2026-01-10 09:24:29.860) OccupancyGrid.cpp:169::getProbMap() Map info is empty, cannot generate probabilistic occupancy grid[0m
[rtabmap-14] [33m[ WARN] (2026-01-10 09:24:30.478) MapsManager.cpp:863::publishMaps() Graph has changed! The whole cloud is regenerated.[0m
[rtabmap-14] [33m[ WARN] (2026-01-10 09:24:30.478) OccupancyGrid.cpp:169::getProbMap() Map info is empty, cannot generate probabilistic occupancy grid[0m
[rtabmap-14] [33m[ WARN] (2026-01-10 09:24:31.012) MapsManager.cpp:863::publishMaps() Graph has changed! The whole cloud is regenerated.[0m
[rtabmap-14] [33m[ WARN] (2026-01-10 09:24:31.013) OccupancyGrid.cpp:169::getProbMap() Map info is empty, cannot generate probabilistic occupancy grid[0m
[rtabmap-14] [33m[ WARN] (2026-01-10 09:24:31.514) MapsManager.cpp:863::publishMaps() Graph has changed! The whole cloud is regenerated.[0m
[rtabmap-14] [33m[ WARN] (2026-01-10 09:24:31.515) OccupancyGrid.cpp:169::getProbMap() Map info is empty, cannot generate probabilistic occupancy grid[0m
[rtabmap-14] [33m[ WARN] (2026-01-10 09:24:31.850) CoreWrapper.cpp:1227::odomTFUpdate() Odometry is reset (identity pose detected). Increment map id![0m
[rtabmap-14] [33m[ WARN] (2026-01-10 09:24:32.054) MapsManager.cpp:863::publishMaps() Graph has changed! The whole cloud is regenerated.[0m
[rtabmap-14] [33m[ WARN] (2026-01-10 09:24:32.055) OccupancyGrid.cpp:169::getProbMap() Map info is empty, cannot generate probabilistic occupancy grid[0m
[rtabmap-14] [33m[ WARN] (2026-01-10 09:24:32.547) MapsManager.cpp:863::publishMaps() Graph has changed! The whole cloud is regenerated.[0m
[rtabmap-14] [33m[ WARN] (2026-01-10 09:24:32.548) OccupancyGrid.cpp:169::getProbMap() Map info is empty, cannot generate probabilistic occupancy grid[0m
[superpoint_node-2] [INFO] [1768033472.920698015] [superpoint_node]: Keypoints estratti: 800
[superpoint_node-2] [ERROR] [1768033472.927319715] [superpoint_node]: Errore pubblicazione keypoints 3D: could not assign tuple of length 3 to structure with 4 fields.
[superpoint_node-2] [INFO] [1768033473.016837850] [superpoint_node]: Keypoints estratti: 800
[superpoint_node-2] [ERROR] [1768033473.023290827] [superpoint_node]: Errore pubblicazione keypoints 3D: could not assign tuple of length 3 to structure with 4 fields.
[superpoint_node-2] [INFO] [1768033473.117665463] [superpoint_node]: Keypoints estratti: 800
[superpoint_node-2] [ERROR] [1768033473.124580295] [superpoint_node]: Errore pubblicazione keypoints 3D: could not assign tuple of length 3 to structure with 4 fields.
[rtabmap-14] [INFO] [1768033473.165174876] [rtabmap]: rtabmap (42): Rate=0.50s, Limit=0.001s, Conversion=0.0004s, RTAB-Map=0.0408s, Maps update=0.0002s pub=0.0070s delay=0.0957s (local map=0, WM=0)
[superpoint_node-2] [INFO] [1768033473.223036037] [superpoint_node]: Keypoints estratti: 800
[superpoint_node-2] [ERROR] [1768033473.229779813] [superpoint_node]: Errore pubblicazione keypoints 3D: could not assign tuple of length 3 to structure with 4 fields.
[superpoint_node-2] [INFO] [1768033473.324961196] [superpoint_node]: Keypoints estratti: 800
[superpoint_node-2] [ERROR] [1768033473.331638804] [superpoint_node]: Errore pubblicazione keypoints 3D: could not assign tuple of length 3 to structure with 4 fields.
[superpoint_node-2] [INFO] [1768033473.420931770] [superpoint_node]: Keypoints estratti: 800
[superpoint_node-2] [ERROR] [1768033473.428198754] [superpoint_node]: Errore pubblicazione keypoints 3D: could not assign tuple of length 3 to structure with 4 fields.
[superpoint_node-2] [INFO] [1768033473.521230971] [superpoint_node]: Keypoints estratti: 800
[superpoint_node-2] [ERROR] [1768033473.527615448] [superpoint_node]: Errore pubblicazione keypoints 3D: could not assign tuple of length 3 to structure with 4 fields.
[superpoint_node-2] [INFO] [1768033473.619798455] [superpoint_node]: Keypoints estratti: 800
[superpoint_node-2] [ERROR] [1768033473.626843418] [superpoint_node]: Errore pubblicazione keypoints 3D: could not assign tuple of length 3 to structure with 4 fields.
[superpoint_node-2] [INFO] [1768033473.715300637] [superpoint_node]: Keypoints estratti: 800
[superpoint_node-2] [ERROR] [1768033473.723121291] [superpoint_node]: Errore pubblicazione keypoints 3D: could not assign tuple of length 3 to structure with 4 fields.
[rtabmap-14] [INFO] [1768033473.760029343] [rtabmap]: rtabmap (43): Rate=0.50s, Limit=0.001s, Conversion=0.0002s, RTAB-Map=0.0406s, Maps update=0.0003s pub=0.0012s delay=0.0904s (local map=0, WM=0)
[superpoint_node-2] [INFO] [1768033473.820033614] [superpoint_node]: Keypoints estratti: 800
[superpoint_node-2] [ERROR] [1768033473.826489813] [superpoint_node]: Errore pubblicazione keypoints 3D: could not assign tuple of length 3 to structure with 4 fields.
[superpoint_node-2] [INFO] [1768033473.921979736] [superpoint_node]: Keypoints estratti: 800
[superpoint_node-2] [ERROR] [1768033473.929318960] [superpoint_node]: Errore pubblicazione keypoints 3D: could not assign tuple of length 3 to structure with 4 fields.
[superpoint_node-2] [INFO] [1768033474.023532373] [superpoint_node]: Keypoints estratti: 800
[superpoint_node-2] [ERROR] [1768033474.031579288] [superpoint_node]: Errore pubblicazione keypoints 3D: could not assign tuple of length 3 to structure with 4 fields.
[superpoint_node-2] [INFO] [1768033474.117234429] [superpoint_node]: Keypoints estratti: 800
[superpoint_node-2] [ERROR] [1768033474.123586831] [superpoint_node]: Errore pubblicazione keypoints 3D: could not assign tuple of length 3 to structure with 4 fields.
[superpoint_node-2] [INFO] [1768033474.217349833] [superpoint_node]: Keypoints estratti: 800
[superpoint_node-2] [ERROR] [1768033474.224003552] [superpoint_node]: Errore pubblicazione keypoints 3D: could not assign tuple of length 3 to structure with 4 fields.
[superpoint_node-2] [INFO] [1768033474.320862448] [superpoint_node]: Keypoints estratti: 800
[superpoint_node-2] [ERROR] [1768033474.330944898] [superpoint_node]: Errore pubblicazione keypoints 3D: could not assign tuple of length 3 to structure with 4 fields.
[rtabmap-14] [INFO] [1768033474.339808468] [rtabmap]: rtabmap (44): Rate=0.50s, Limit=0.001s, Conversion=0.0003s, RTAB-Map=0.0234s, Maps update=0.0006s pub=0.0013s delay=0.0704s (local map=0, WM=0)
[superpoint_node-2] [INFO] [1768033474.422965978] [superpoint_node]: Keypoints estratti: 800
[superpoint_node-2] [ERROR] [1768033474.429845088] [superpoint_node]: Errore pubblicazione keypoints 3D: could not assign tuple of length 3 to structure with 4 fields.
[superpoint_node-2] [INFO] [1768033474.519194814] [superpoint_node]: Keypoints estratti: 800
[superpoint_node-2] [ERROR] [1768033474.525538216] [superpoint_node]: Errore pubblicazione keypoints 3D: could not assign tuple of length 3 to structure with 4 fields.
[superpoint_node-2] [INFO] [1768033474.616082581] [superpoint_node]: Keypoints estratti: 800
[superpoint_node-2] [ERROR] [1768033474.622978598] [superpoint_node]: Errore pubblicazione keypoints 3D: could not assign tuple of length 3 to structure with 4 fields.
[superpoint_node-2] [INFO] [1768033474.716129558] [superpoint_node]: Keypoints estratti: 800
[superpoint_node-2] [ERROR] [1768033474.722664406] [superpoint_node]: Errore pubblicazione keypoints 3D: could not assign tuple of length 3 to structure with 4 fields.
[superpoint_node-2] [INFO] [1768033474.847400652] [superpoint_node]: Keypoints estratti: 800
[superpoint_node-2] [ERROR] [1768033474.855802904] [superpoint_node]: Errore pubblicazione keypoints 3D: could not assign tuple of length 3 to structure with 4 fields.
[rtabmap-14] [INFO] [1768033474.873590582] [rtabmap]: rtabmap (45): Rate=0.50s, Limit=0.001s, Conversion=0.0002s, RTAB-Map=0.0258s, Maps update=0.0003s pub=0.0011s delay=0.0734s (local map=0, WM=0)
[superpoint_node-2] [INFO] [1768033474.950932157] [superpoint_node]: Keypoints estratti: 800
[superpoint_node-2] [ERROR] [1768033474.957885564] [superpoint_node]: Errore pubblicazione keypoints 3D: could not assign tuple of length 3 to structure with 4 fields.
[superpoint_node-2] [INFO] [1768033475.047490681] [superpoint_node]: Keypoints estratti: 800
[superpoint_node-2] [ERROR] [1768033475.054373679] [superpoint_node]: Errore pubblicazione keypoints 3D: could not assign tuple of length 3 to structure with 4 fields.
[superpoint_node-2] [INFO] [1768033475.143752813] [superpoint_node]: Keypoints estratti: 800
[superpoint_node-2] [ERROR] [1768033475.151756487] [superpoint_node]: Errore pubblicazione keypoints 3D: could not assign tuple of length 3 to structure with 4 fields.
[superpoint_node-2] [INFO] [1768033475.237314850] [superpoint_node]: Keypoints estratti: 800
[superpoint_node-2] [ERROR] [1768033475.244758353] [superpoint_node]: Errore pubblicazione keypoints 3D: could not assign tuple of length 3 to structure with 4 fields.
[superpoint_node-2] [INFO] [1768033475.329702155] [superpoint_node]: Keypoints estratti: 800
[superpoint_node-2] [ERROR] [1768033475.336389930] [superpoint_node]: Errore pubblicazione keypoints 3D: could not assign tuple of length 3 to structure with 4 fields.
[superpoint_node-2] [INFO] [1768033475.431775759] [superpoint_node]: Keypoints estratti: 800
[superpoint_node-2] [ERROR] [1768033475.440475439] [superpoint_node]: Errore pubblicazione keypoints 3D: could not assign tuple of length 3 to structure with 4 fields.
[rtabmap-14] [INFO] [1768033475.455500947] [rtabmap]: rtabmap (46): Rate=0.50s, Limit=0.001s, Conversion=0.0005s, RTAB-Map=0.0373s, Maps update=0.0002s pub=0.0013s delay=0.0765s (local map=0, WM=0)
[superpoint_node-2] [INFO] [1768033475.528820305] [superpoint_node]: Keypoints estratti: 800
[superpoint_node-2] [ERROR] [1768033475.535522673] [superpoint_node]: Errore pubblicazione keypoints 3D: could not assign tuple of length 3 to structure with 4 fields.
[superpoint_node-2] [INFO] [1768033475.625149271] [superpoint_node]: Keypoints estratti: 800
[superpoint_node-2] [ERROR] [1768033475.632266457] [superpoint_node]: Errore pubblicazione keypoints 3D: could not assign tuple of length 3 to structure with 4 fields.
[superpoint_node-2] [INFO] [1768033475.720398414] [superpoint_node]: Keypoints estratti: 800
[superpoint_node-2] [ERROR] [1768033475.726801872] [superpoint_node]: Errore pubblicazione keypoints 3D: could not assign tuple of length 3 to structure with 4 fields.
[superpoint_node-2] [INFO] [1768033475.820172722] [superpoint_node]: Keypoints estratti: 800
[superpoint_node-2] [ERROR] [1768033475.826572124] [superpoint_node]: Errore pubblicazione keypoints 3D: could not assign tuple of length 3 to structure with 4 fields.
[superpoint_node-2] [INFO] [1768033475.917474436] [superpoint_node]: Keypoints estratti: 800
[superpoint_node-2] [ERROR] [1768033475.924040988] [superpoint_node]: Errore pubblicazione keypoints 3D: could not assign tuple of length 3 to structure with 4 fields.
[superpoint_node-2] [INFO] [1768033476.015493194] [superpoint_node]: Keypoints estratti: 800
[superpoint_node-2] [ERROR] [1768033476.023378552] [superpoint_node]: Errore pubblicazione keypoints 3D: could not assign tuple of length 3 to structure with 4 fields.
[rtabmap-14] [INFO] [1768033476.031783323] [rtabmap]: rtabmap (47): Rate=0.50s, Limit=0.001s, Conversion=0.0002s, RTAB-Map=0.0207s, Maps update=0.0003s pub=0.0013s delay=0.0623s (local map=0, WM=0)
[superpoint_node-2] [INFO] [1768033476.118332045] [superpoint_node]: Keypoints estratti: 800
[superpoint_node-2] [ERROR] [1768033476.124688928] [superpoint_node]: Errore pubblicazione keypoints 3D: could not assign tuple of length 3 to structure with 4 fields.
[superpoint_node-2] [INFO] [1768033476.217757220] [superpoint_node]: Keypoints estratti: 800
[superpoint_node-2] [ERROR] [1768033476.224248994] [superpoint_node]: Errore pubblicazione keypoints 3D: could not assign tuple of length 3 to structure with 4 fields.
[superpoint_node-2] [INFO] [1768033476.316379594] [superpoint_node]: Keypoints estratti: 800
[superpoint_node-2] [ERROR] [1768033476.323143499] [superpoint_node]: Errore pubblicazione keypoints 3D: could not assign tuple of length 3 to structure with 4 fields.
[superpoint_node-2] [INFO] [1768033476.415963900] [superpoint_node]: Keypoints estratti: 800
[superpoint_node-2] [ERROR] [1768033476.422281339] [superpoint_node]: Errore pubblicazione keypoints 3D: could not assign tuple of length 3 to structure with 4 fields.
[superpoint_node-2] [INFO] [1768033476.517162275] [superpoint_node]: Keypoints estratti: 800
[superpoint_node-2] [ERROR] [1768033476.524277054] [superpoint_node]: Errore pubblicazione keypoints 3D: could not assign tuple of length 3 to structure with 4 fields.
[rtabmap-14] [INFO] [1768033476.549207362] [rtabmap]: rtabmap (48): Rate=0.50s, Limit=0.001s, Conversion=0.0002s, RTAB-Map=0.0327s, Maps update=0.0008s pub=0.0034s delay=0.0797s (local map=0, WM=0)
[superpoint_node-2] [INFO] [1768033476.617185530] [superpoint_node]: Keypoints estratti: 800
[superpoint_node-2] [ERROR] [1768033476.623730674] [superpoint_node]: Errore pubblicazione keypoints 3D: could not assign tuple of length 3 to structure with 4 fields.
[superpoint_node-2] [INFO] [1768033476.716665632] [superpoint_node]: Keypoints estratti: 800
[superpoint_node-2] [ERROR] [1768033476.723145683] [superpoint_node]: Errore pubblicazione keypoints 3D: could not assign tuple of length 3 to structure with 4 fields.
[superpoint_node-2] [INFO] [1768033476.817698210] [superpoint_node]: Keypoints estratti: 800
[superpoint_node-2] [ERROR] [1768033476.824676339] [superpoint_node]: Errore pubblicazione keypoints 3D: could not assign tuple of length 3 to structure with 4 fields.
[superpoint_node-2] [INFO] [1768033476.917990688] [superpoint_node]: Keypoints estratti: 800
[superpoint_node-2] [ERROR] [1768033476.943264574] [superpoint_node]: Errore pubblicazione keypoints 3D: could not assign tuple of length 3 to structure with 4 fields.
[superpoint_node-2] [INFO] [1768033477.032568281] [superpoint_node]: Keypoints estratti: 800
[superpoint_node-2] [ERROR] [1768033477.039756171] [superpoint_node]: Errore pubblicazione keypoints 3D: could not assign tuple of length 3 to structure with 4 fields.
[rtabmap-14] [INFO] [1768033477.101041971] [rtabmap]: rtabmap (49): Rate=0.50s, Limit=0.001s, Conversion=0.0002s, RTAB-Map=0.0467s, Maps update=0.0022s pub=0.0023s delay=0.1137s (local map=0, WM=0)
[superpoint_node-2] [INFO] [1768033477.132471330] [superpoint_node]: Keypoints estratti: 800
[superpoint_node-2] [ERROR] [1768033477.141102547] [superpoint_node]: Errore pubblicazione keypoints 3D: could not assign tuple of length 3 to structure with 4 fields.
[superpoint_node-2] [INFO] [1768033477.229538265] [superpoint_node]: Keypoints estratti: 800
[superpoint_node-2] [ERROR] [1768033477.236701081] [superpoint_node]: Errore pubblicazione keypoints 3D: could not assign tuple of length 3 to structure with 4 fields.
[superpoint_node-2] [INFO] [1768033477.324931502] [superpoint_node]: Keypoints estratti: 800
[superpoint_node-2] [ERROR] [1768033477.331459387] [superpoint_node]: Errore pubblicazione keypoints 3D: could not assign tuple of length 3 to structure with 4 fields.
[superpoint_node-2] [INFO] [1768033477.420785390] [superpoint_node]: Keypoints estratti: 800
[superpoint_node-2] [ERROR] [1768033477.427368276] [superpoint_node]: Errore pubblicazione keypoints 3D: could not assign tuple of length 3 to structure with 4 fields.
[superpoint_node-2] [INFO] [1768033477.517054041] [superpoint_node]: Keypoints estratti: 800
[superpoint_node-2] [ERROR] [1768033477.523596093] [superpoint_node]: Errore pubblicazione keypoints 3D: could not assign tuple of length 3 to structure with 4 fields.
[superpoint_node-2] [INFO] [1768033477.615789434] [superpoint_node]: Keypoints estratti: 800
[superpoint_node-2] [ERROR] [1768033477.622457894] [superpoint_node]: Errore pubblicazione keypoints 3D: could not assign tuple of length 3 to structure with 4 fields.
[rtabmap-14] [INFO] [1768033477.660677493] [rtabmap]: rtabmap (50): Rate=0.50s, Limit=0.001s, Conversion=0.0024s, RTAB-Map=0.0416s, Maps update=0.0020s pub=0.0022s delay=0.0911s (local map=0, WM=0)
[superpoint_node-2] [INFO] [1768033477.716584768] [superpoint_node]: Keypoints estratti: 800
[superpoint_node-2] [ERROR] [1768033477.723187506] [superpoint_node]: Errore pubblicazione keypoints 3D: could not assign tuple of length 3 to structure with 4 fields.
[superpoint_node-2] [INFO] [1768033477.816225298] [superpoint_node]: Keypoints estratti: 800
[superpoint_node-2] [ERROR] [1768033477.822781257] [superpoint_node]: Errore pubblicazione keypoints 3D: could not assign tuple of length 3 to structure with 4 fields.
[rtabmap-14] [33m[ WARN] (2026-01-10 09:24:33.158) MapsManager.cpp:863::publishMaps() Graph has changed! The whole cloud is regenerated.[0m
[rtabmap-14] [33m[ WARN] (2026-01-10 09:24:33.161) OccupancyGrid.cpp:169::getProbMap() Map info is empty, cannot generate probabilistic occupancy grid[0m
[rtabmap-14] [33m[ WARN] (2026-01-10 09:24:33.758) MapsManager.cpp:863::publishMaps() Graph has changed! The whole cloud is regenerated.[0m
[rtabmap-14] [33m[ WARN] (2026-01-10 09:24:33.759) OccupancyGrid.cpp:169::getProbMap() Map info is empty, cannot generate probabilistic occupancy grid[0m
[rtabmap-14] [33m[ WARN] (2026-01-10 09:24:34.338) MapsManager.cpp:863::publishMaps() Graph has changed! The whole cloud is regenerated.[0m
[rtabmap-14] [33m[ WARN] (2026-01-10 09:24:34.339) OccupancyGrid.cpp:169::getProbMap() Map info is empty, cannot generate probabilistic occupancy grid[0m
[rtabmap-14] [33m[ WARN] (2026-01-10 09:24:34.872) MapsManager.cpp:863::publishMaps() Graph has changed! The whole cloud is regenerated.[0m
[rtabmap-14] [33m[ WARN] (2026-01-10 09:24:34.873) OccupancyGrid.cpp:169::getProbMap() Map info is empty, cannot generate probabilistic occupancy grid[0m
[rtabmap-14] [33m[ WARN] (2026-01-10 09:24:35.454) MapsManager.cpp:863::publishMaps() Graph has changed! The whole cloud is regenerated.[0m
[rtabmap-14] [33m[ WARN] (2026-01-10 09:24:35.454) OccupancyGrid.cpp:169::getProbMap() Map info is empty, cannot generate probabilistic occupancy grid[0m
[rtabmap-14] [33m[ WARN] (2026-01-10 09:24:36.030) MapsManager.cpp:863::publishMaps() Graph has changed! The whole cloud is regenerated.[0m
[rtabmap-14] [33m[ WARN] (2026-01-10 09:24:36.031) OccupancyGrid.cpp:169::getProbMap() Map info is empty, cannot generate probabilistic occupancy grid[0m
[rtabmap-14] [33m[ WARN] (2026-01-10 09:24:36.545) MapsManager.cpp:863::publishMaps() Graph has changed! The whole cloud is regenerated.[0m
[rtabmap-14] [33m[ WARN] (2026-01-10 09:24:36.546) OccupancyGrid.cpp:169::getProbMap() Map info is empty, cannot generate probabilistic occupancy grid[0m
[rtabmap-14] [33m[ WARN] (2026-01-10 09:24:37.098) MapsManager.cpp:863::publishMaps() Graph has changed! The whole cloud is regenerated.[0m
[rtabmap-14] [33m[ WARN] (2026-01-10 09:24:37.100) OccupancyGrid.cpp:169::getProbMap() Map info is empty, cannot generate probabilistic occupancy grid[0m
[rtabmap-14] [33m[ WARN] (2026-01-10 09:24:37.658) MapsManager.cpp:863::publishMaps() Graph has changed! The whole cloud is regenerated.[0m
[rtabmap-14] [33m[ WARN] (2026-01-10 09:24:37.659) OccupancyGrid.cpp:169::getProbMap() Map info is empty, cannot generate probabilistic occupancy grid[0m
[superpoint_node-2] [INFO] [1768033477.915448416] [superpoint_node]: Keypoints estratti: 800
[superpoint_node-2] [ERROR] [1768033477.921819671] [superpoint_node]: Errore pubblicazione keypoints 3D: could not assign tuple of length 3 to structure with 4 fields.
[superpoint_node-2] [INFO] [1768033478.019739038] [superpoint_node]: Keypoints estratti: 800
[superpoint_node-2] [ERROR] [1768033478.026605759] [superpoint_node]: Errore pubblicazione keypoints 3D: could not assign tuple of length 3 to structure with 4 fields.
[superpoint_node-2] [INFO] [1768033478.117884389] [superpoint_node]: Keypoints estratti: 800
[superpoint_node-2] [ERROR] [1768033478.124487219] [superpoint_node]: Errore pubblicazione keypoints 3D: could not assign tuple of length 3 to structure with 4 fields.
[superpoint_node-2] [INFO] [1768033478.216876950] [superpoint_node]: Keypoints estratti: 800
[superpoint_node-2] [ERROR] [1768033478.223862265] [superpoint_node]: Errore pubblicazione keypoints 3D: could not assign tuple of length 3 to structure with 4 fields.
[rtabmap-14] [INFO] [1768033478.255890278] [rtabmap]: rtabmap (51): Rate=0.50s, Limit=0.001s, Conversion=0.0006s, RTAB-Map=0.0373s, Maps update=0.0003s pub=0.0013s delay=0.0855s (local map=0, WM=0)
[superpoint_node-2] [INFO] [1768033478.317312301] [superpoint_node]: Keypoints estratti: 800
[superpoint_node-2] [ERROR] [1768033478.323924705] [superpoint_node]: Errore pubblicazione keypoints 3D: could not assign tuple of length 3 to structure with 4 fields.
[superpoint_node-2] [INFO] [1768033478.419905298] [superpoint_node]: Keypoints estratti: 800
[superpoint_node-2] [ERROR] [1768033478.426335682] [superpoint_node]: Errore pubblicazione keypoints 3D: could not assign tuple of length 3 to structure with 4 fields.
[superpoint_node-2] [INFO] [1768033478.516410877] [superpoint_node]: Keypoints estratti: 800
[superpoint_node-2] [ERROR] [1768033478.523002595] [superpoint_node]: Errore pubblicazione keypoints 3D: could not assign tuple of length 3 to structure with 4 fields.
[superpoint_node-2] [INFO] [1768033478.618465777] [superpoint_node]: Keypoints estratti: 800
[superpoint_node-2] [ERROR] [1768033478.625170608] [superpoint_node]: Errore pubblicazione keypoints 3D: could not assign tuple of length 3 to structure with 4 fields.
[superpoint_node-2] [INFO] [1768033478.718202622] [superpoint_node]: Keypoints estratti: 800
[superpoint_node-2] [ERROR] [1768033478.724761526] [superpoint_node]: Errore pubblicazione keypoints 3D: could not assign tuple of length 3 to structure with 4 fields.
[superpoint_node-2] [INFO] [1768033478.819094846] [superpoint_node]: Keypoints estratti: 800
[superpoint_node-2] [ERROR] [1768033478.825929419] [superpoint_node]: Errore pubblicazione keypoints 3D: could not assign tuple of length 3 to structure with 4 fields.
[rtabmap-14] [INFO] [1768033478.856241714] [rtabmap]: rtabmap (52): Rate=0.50s, Limit=0.001s, Conversion=0.0005s, RTAB-Map=0.0435s, Maps update=0.0003s pub=0.0021s delay=0.0867s (local map=0, WM=0)
[superpoint_node-2] [INFO] [1768033478.919536327] [superpoint_node]: Keypoints estratti: 800
[superpoint_node-2] [ERROR] [1768033478.926700976] [superpoint_node]: Errore pubblicazione keypoints 3D: could not assign tuple of length 3 to structure with 4 fields.
[superpoint_node-2] [INFO] [1768033479.016143499] [superpoint_node]: Keypoints estratti: 800
[superpoint_node-2] [ERROR] [1768033479.022573679] [superpoint_node]: Errore pubblicazione keypoints 3D: could not assign tuple of length 3 to structure with 4 fields.
[superpoint_node-2] [INFO] [1768033479.114574537] [superpoint_node]: Keypoints estratti: 800
[superpoint_node-2] [ERROR] [1768033479.121796964] [superpoint_node]: Errore pubblicazione keypoints 3D: could not assign tuple of length 3 to structure with 4 fields.
[superpoint_node-2] [INFO] [1768033479.217557556] [superpoint_node]: Keypoints estratti: 800
[superpoint_node-2] [ERROR] [1768033479.224853484] [superpoint_node]: Errore pubblicazione keypoints 3D: could not assign tuple of length 3 to structure with 4 fields.
[superpoint_node-2] [INFO] [1768033479.317565218] [superpoint_node]: Keypoints estratti: 800
[superpoint_node-2] [ERROR] [1768033479.324428772] [superpoint_node]: Errore pubblicazione keypoints 3D: could not assign tuple of length 3 to structure with 4 fields.
[superpoint_node-2] [INFO] [1768033479.419794490] [superpoint_node]: Keypoints estratti: 800
[superpoint_node-2] [ERROR] [1768033479.427919739] [superpoint_node]: Errore pubblicazione keypoints 3D: could not assign tuple of length 3 to structure with 4 fields.
[rtabmap-14] [INFO] [1768033479.435387798] [rtabmap]: rtabmap (53): Rate=0.50s, Limit=0.001s, Conversion=0.0003s, RTAB-Map=0.0194s, Maps update=0.0010s pub=0.0018s delay=0.0660s (local map=0, WM=0)
[superpoint_node-2] [INFO] [1768033479.515292838] [superpoint_node]: Keypoints estratti: 800
[superpoint_node-2] [ERROR] [1768033479.521758445] [superpoint_node]: Errore pubblicazione keypoints 3D: could not assign tuple of length 3 to structure with 4 fields.
[superpoint_node-2] [INFO] [1768033479.616873938] [superpoint_node]: Keypoints estratti: 800
[superpoint_node-2] [ERROR] [1768033479.623944272] [superpoint_node]: Errore pubblicazione keypoints 3D: could not assign tuple of length 3 to structure with 4 fields.
[superpoint_node-2] [INFO] [1768033479.716413837] [superpoint_node]: Keypoints estratti: 800
[superpoint_node-2] [ERROR] [1768033479.722928296] [superpoint_node]: Errore pubblicazione keypoints 3D: could not assign tuple of length 3 to structure with 4 fields.
[superpoint_node-2] [INFO] [1768033479.818176772] [superpoint_node]: Keypoints estratti: 800
[superpoint_node-2] [ERROR] [1768033479.824555804] [superpoint_node]: Errore pubblicazione keypoints 3D: could not assign tuple of length 3 to structure with 4 fields.
[superpoint_node-2] [INFO] [1768033479.917815117] [superpoint_node]: Keypoints estratti: 800
[superpoint_node-2] [ERROR] [1768033479.925026452] [superpoint_node]: Errore pubblicazione keypoints 3D: could not assign tuple of length 3 to structure with 4 fields.
[rtabmap-14] [INFO] [1768033479.948661176] [rtabmap]: rtabmap (54): Rate=0.50s, Limit=0.001s, Conversion=0.0003s, RTAB-Map=0.0349s, Maps update=0.0004s pub=0.0012s delay=0.0791s (local map=0, WM=0)
[superpoint_node-2] [INFO] [1768033480.018060114] [superpoint_node]: Keypoints estratti: 800
[superpoint_node-2] [ERROR] [1768033480.024698352] [superpoint_node]: Errore pubblicazione keypoints 3D: could not assign tuple of length 3 to structure with 4 fields.
[superpoint_node-2] [INFO] [1768033480.119445842] [superpoint_node]: Keypoints estratti: 800
[superpoint_node-2] [ERROR] [1768033480.125982764] [superpoint_node]: Errore pubblicazione keypoints 3D: could not assign tuple of length 3 to structure with 4 fields.
[superpoint_node-2] [INFO] [1768033480.220024546] [superpoint_node]: Keypoints estratti: 800
[superpoint_node-2] [ERROR] [1768033480.226589412] [superpoint_node]: Errore pubblicazione keypoints 3D: could not assign tuple of length 3 to structure with 4 fields.
[superpoint_node-2] [INFO] [1768033480.324220019] [superpoint_node]: Keypoints estratti: 800
[superpoint_node-2] [ERROR] [1768033480.331149481] [superpoint_node]: Errore pubblicazione keypoints 3D: could not assign tuple of length 3 to structure with 4 fields.
[superpoint_node-2] [INFO] [1768033480.429505463] [superpoint_node]: Keypoints estratti: 800
[superpoint_node-2] [ERROR] [1768033480.437551267] [superpoint_node]: Errore pubblicazione keypoints 3D: could not assign tuple of length 3 to structure with 4 fields.
[rtabmap-14] [INFO] [1768033480.442913977] [rtabmap]: rtabmap (55): Rate=0.50s, Limit=0.001s, Conversion=0.0002s, RTAB-Map=0.0280s, Maps update=0.0003s pub=0.0020s delay=0.0704s (local map=0, WM=0)
[superpoint_node-2] [INFO] [1768033480.532285888] [superpoint_node]: Keypoints estratti: 800
[superpoint_node-2] [ERROR] [1768033480.540192839] [superpoint_node]: Errore pubblicazione keypoints 3D: could not assign tuple of length 3 to structure with 4 fields.
[superpoint_node-2] [INFO] [1768033480.633599745] [superpoint_node]: Keypoints estratti: 800
[superpoint_node-2] [ERROR] [1768033480.641759865] [superpoint_node]: Errore pubblicazione keypoints 3D: could not assign tuple of length 3 to structure with 4 fields.
[superpoint_node-2] [INFO] [1768033480.735811961] [superpoint_node]: Keypoints estratti: 800
[superpoint_node-2] [ERROR] [1768033480.745093572] [superpoint_node]: Errore pubblicazione keypoints 3D: could not assign tuple of length 3 to structure with 4 fields.
[superpoint_node-2] [INFO] [1768033480.838972278] [superpoint_node]: Keypoints estratti: 800
[superpoint_node-2] [ERROR] [1768033480.847348122] [superpoint_node]: Errore pubblicazione keypoints 3D: could not assign tuple of length 3 to structure with 4 fields.
[superpoint_node-2] [INFO] [1768033480.935441338] [superpoint_node]: Keypoints estratti: 800
[superpoint_node-2] [ERROR] [1768033480.942491245] [superpoint_node]: Errore pubblicazione keypoints 3D: could not assign tuple of length 3 to structure with 4 fields.
[rtabmap-14] [INFO] [1768033480.968713620] [rtabmap]: rtabmap (56): Rate=0.50s, Limit=0.001s, Conversion=0.0002s, RTAB-Map=0.0210s, Maps update=0.0005s pub=0.0035s delay=0.0797s (local map=0, WM=0)
[superpoint_node-2] [INFO] [1768033481.035947744] [superpoint_node]: Keypoints estratti: 800
[superpoint_node-2] [ERROR] [1768033481.043894011] [superpoint_node]: Errore pubblicazione keypoints 3D: could not assign tuple of length 3 to structure with 4 fields.
[superpoint_node-2] [INFO] [1768033481.132565620] [superpoint_node]: Keypoints estratti: 800
[superpoint_node-2] [ERROR] [1768033481.139652269] [superpoint_node]: Errore pubblicazione keypoints 3D: could not assign tuple of length 3 to structure with 4 fields.
[superpoint_node-2] [INFO] [1768033481.229641611] [superpoint_node]: Keypoints estratti: 800
[superpoint_node-2] [ERROR] [1768033481.236941150] [superpoint_node]: Errore pubblicazione keypoints 3D: could not assign tuple of length 3 to structure with 4 fields.
[superpoint_node-2] [INFO] [1768033481.327493719] [superpoint_node]: Keypoints estratti: 800
[superpoint_node-2] [ERROR] [1768033481.334380829] [superpoint_node]: Errore pubblicazione keypoints 3D: could not assign tuple of length 3 to structure with 4 fields.
[superpoint_node-2] [INFO] [1768033481.423825296] [superpoint_node]: Keypoints estratti: 800
[superpoint_node-2] [ERROR] [1768033481.430676350] [superpoint_node]: Errore pubblicazione keypoints 3D: could not assign tuple of length 3 to structure with 4 fields.
[superpoint_node-2] [INFO] [1768033481.524307702] [superpoint_node]: Keypoints estratti: 800
[superpoint_node-2] [ERROR] [1768033481.530979163] [superpoint_node]: Errore pubblicazione keypoints 3D: could not assign tuple of length 3 to structure with 4 fields.
[rtabmap-14] [INFO] [1768033481.565330453] [rtabmap]: rtabmap (57): Rate=0.50s, Limit=0.001s, Conversion=0.0004s, RTAB-Map=0.0399s, Maps update=0.0015s pub=0.0059s delay=0.0927s (local map=0, WM=0)
[superpoint_node-2] [INFO] [1768033481.629517702] [superpoint_node]: Keypoints estratti: 800
[superpoint_node-2] [ERROR] [1768033481.636765704] [superpoint_node]: Errore pubblicazione keypoints 3D: could not assign tuple of length 3 to structure with 4 fields.
[superpoint_node-2] [INFO] [1768033481.750825995] [superpoint_node]: Keypoints estratti: 800
[superpoint_node-2] [ERROR] [1768033481.757810717] [superpoint_node]: Errore pubblicazione keypoints 3D: could not assign tuple of length 3 to structure with 4 fields.
[superpoint_node-2] [INFO] [1768033481.850076540] [superpoint_node]: Keypoints estratti: 800
[superpoint_node-2] [ERROR] [1768033481.857198115] [superpoint_node]: Errore pubblicazione keypoints 3D: could not assign tuple of length 3 to structure with 4 fields.
[superpoint_node-2] [INFO] [1768033481.949401141] [superpoint_node]: Keypoints estratti: 800
[superpoint_node-2] [ERROR] [1768033481.956228510] [superpoint_node]: Errore pubblicazione keypoints 3D: could not assign tuple of length 3 to structure with 4 fields.
[superpoint_node-2] [INFO] [1768033482.084025596] [superpoint_node]: Keypoints estratti: 800
[superpoint_node-2] [ERROR] [1768033482.091351542] [superpoint_node]: Errore pubblicazione keypoints 3D: could not assign tuple of length 3 to structure with 4 fields.
[rtabmap-14] [INFO] [1768033482.111412998] [rtabmap]: rtabmap (58): Rate=0.50s, Limit=0.001s, Conversion=0.0003s, RTAB-Map=0.0236s, Maps update=0.0004s pub=0.0028s delay=0.0793s (local map=0, WM=0)
[superpoint_node-2] [INFO] [1768033482.183779459] [superpoint_node]: Keypoints estratti: 800
[superpoint_node-2] [ERROR] [1768033482.191030924] [superpoint_node]: Errore pubblicazione keypoints 3D: could not assign tuple of length 3 to structure with 4 fields.
[superpoint_node-2] [INFO] [1768033482.324389980] [superpoint_node]: Keypoints estratti: 800
[superpoint_node-2] [ERROR] [1768033482.331279627] [superpoint_node]: Errore pubblicazione keypoints 3D: could not assign tuple of length 3 to structure with 4 fields.
[superpoint_node-2] [INFO] [1768033482.426567788] [superpoint_node]: Keypoints estratti: 800
[superpoint_node-2] [ERROR] [1768033482.433455454] [superpoint_node]: Errore pubblicazione keypoints 3D: could not assign tuple of length 3 to structure with 4 fields.
[superpoint_node-2] [INFO] [1768033482.527449494] [superpoint_node]: Keypoints estratti: 800
[superpoint_node-2] [ERROR] [1768033482.535551651] [superpoint_node]: Errore pubblicazione keypoints 3D: could not assign tuple of length 3 to structure with 4 fields.
[superpoint_node-2] [INFO] [1768033482.629070558] [superpoint_node]: Keypoints estratti: 800
[rtabmap-14] [INFO] [1768033482.637426013] [rtabmap]: rtabmap (59): Rate=0.50s, Limit=0.001s, Conversion=0.0003s, RTAB-Map=0.0208s, Maps update=0.0003s pub=0.0017s delay=0.0587s (local map=0, WM=0)
[superpoint_node-2] [ERROR] [1768033482.637669626] [superpoint_node]: Errore pubblicazione keypoints 3D: could not assign tuple of length 3 to structure with 4 fields.
[superpoint_node-2] [INFO] [1768033482.741238186] [superpoint_node]: Keypoints estratti: 800
[superpoint_node-2] [ERROR] [1768033482.748947951] [superpoint_node]: Errore pubblicazione keypoints 3D: could not assign tuple of length 3 to structure with 4 fields.
[superpoint_node-2] [INFO] [1768033482.839789485] [superpoint_node]: Keypoints estratti: 800
[superpoint_node-2] [ERROR] [1768033482.846698317] [superpoint_node]: Errore pubblicazione keypoints 3D: could not assign tuple of length 3 to structure with 4 fields.
[rtabmap-14] [33m[ WARN] (2026-01-10 09:24:38.254) MapsManager.cpp:863::publishMaps() Graph has changed! The whole cloud is regenerated.[0m
[rtabmap-14] [33m[ WARN] (2026-01-10 09:24:38.255) OccupancyGrid.cpp:169::getProbMap() Map info is empty, cannot generate probabilistic occupancy grid[0m
[rtabmap-14] [33m[ WARN] (2026-01-10 09:24:38.854) MapsManager.cpp:863::publishMaps() Graph has changed! The whole cloud is regenerated.[0m
[rtabmap-14] [33m[ WARN] (2026-01-10 09:24:38.855) OccupancyGrid.cpp:169::getProbMap() Map info is empty, cannot generate probabilistic occupancy grid[0m
[rtabmap-14] [33m[ WARN] (2026-01-10 09:24:39.433) MapsManager.cpp:863::publishMaps() Graph has changed! The whole cloud is regenerated.[0m
[rtabmap-14] [33m[ WARN] (2026-01-10 09:24:39.434) OccupancyGrid.cpp:169::getProbMap() Map info is empty, cannot generate probabilistic occupancy grid[0m
[rtabmap-14] [33m[ WARN] (2026-01-10 09:24:39.947) MapsManager.cpp:863::publishMaps() Graph has changed! The whole cloud is regenerated.[0m
[rtabmap-14] [33m[ WARN] (2026-01-10 09:24:39.947) OccupancyGrid.cpp:169::getProbMap() Map info is empty, cannot generate probabilistic occupancy grid[0m
[rtabmap-14] [33m[ WARN] (2026-01-10 09:24:40.440) MapsManager.cpp:863::publishMaps() Graph has changed! The whole cloud is regenerated.[0m
[rtabmap-14] [33m[ WARN] (2026-01-10 09:24:40.441) OccupancyGrid.cpp:169::getProbMap() Map info is empty, cannot generate probabilistic occupancy grid[0m
[rtabmap-14] [33m[ WARN] (2026-01-10 09:24:40.965) MapsManager.cpp:863::publishMaps() Graph has changed! The whole cloud is regenerated.[0m
[rtabmap-14] [33m[ WARN] (2026-01-10 09:24:40.967) OccupancyGrid.cpp:169::getProbMap() Map info is empty, cannot generate probabilistic occupancy grid[0m
[rtabmap-14] [33m[ WARN] (2026-01-10 09:24:41.559) MapsManager.cpp:863::publishMaps() Graph has changed! The whole cloud is regenerated.[0m
[rtabmap-14] [33m[ WARN] (2026-01-10 09:24:41.563) OccupancyGrid.cpp:169::getProbMap() Map info is empty, cannot generate probabilistic occupancy grid[0m
[rtabmap-14] [33m[ WARN] (2026-01-10 09:24:42.108) MapsManager.cpp:863::publishMaps() Graph has changed! The whole cloud is regenerated.[0m
[rtabmap-14] [33m[ WARN] (2026-01-10 09:24:42.110) OccupancyGrid.cpp:169::getProbMap() Map info is empty, cannot generate probabilistic occupancy grid[0m
[rtabmap-14] [33m[ WARN] (2026-01-10 09:24:42.245) CoreWrapper.cpp:1227::odomTFUpdate() Odometry is reset (identity pose detected). Increment map id![0m
[rtabmap-14] [33m[ WARN] (2026-01-10 09:24:42.635) MapsManager.cpp:863::publishMaps() Graph has changed! The whole cloud is regenerated.[0m
[rtabmap-14] [33m[ WARN] (2026-01-10 09:24:42.636) OccupancyGrid.cpp:169::getProbMap() Map info is empty, cannot generate probabilistic occupancy grid[0m
[superpoint_node-2] [INFO] [1768033482.938938918] [superpoint_node]: Keypoints estratti: 800
[superpoint_node-2] [ERROR] [1768033482.945970659] [superpoint_node]: Errore pubblicazione keypoints 3D: could not assign tuple of length 3 to structure with 4 fields.
[superpoint_node-2] [INFO] [1768033483.034592397] [superpoint_node]: Keypoints estratti: 800
[superpoint_node-2] [ERROR] [1768033483.041631471] [superpoint_node]: Errore pubblicazione keypoints 3D: could not assign tuple of length 3 to structure with 4 fields.
[superpoint_node-2] [INFO] [1768033483.137635417] [superpoint_node]: Keypoints estratti: 800
[superpoint_node-2] [ERROR] [1768033483.145007475] [superpoint_node]: Errore pubblicazione keypoints 3D: could not assign tuple of length 3 to structure with 4 fields.
[rtabmap-14] [INFO] [1768033483.167732192] [rtabmap]: rtabmap (60): Rate=0.50s, Limit=0.001s, Conversion=0.0004s, RTAB-Map=0.0423s, Maps update=0.0003s pub=0.0051s delay=0.0838s (local map=0, WM=0)
[superpoint_node-2] [INFO] [1768033483.237345891] [superpoint_node]: Keypoints estratti: 800
[superpoint_node-2] [ERROR] [1768033483.244327502] [superpoint_node]: Errore pubblicazione keypoints 3D: could not assign tuple of length 3 to structure with 4 fields.
[superpoint_node-2] [INFO] [1768033483.337297201] [superpoint_node]: Keypoints estratti: 800
[superpoint_node-2] [ERROR] [1768033483.344526832] [superpoint_node]: Errore pubblicazione keypoints 3D: could not assign tuple of length 3 to structure with 4 fields.
[superpoint_node-2] [INFO] [1768033483.433281553] [superpoint_node]: Keypoints estratti: 800
[superpoint_node-2] [ERROR] [1768033483.441080170] [superpoint_node]: Errore pubblicazione keypoints 3D: could not assign tuple of length 3 to structure with 4 fields.
[superpoint_node-2] [INFO] [1768033483.532543579] [superpoint_node]: Keypoints estratti: 800
[superpoint_node-2] [ERROR] [1768033483.539637728] [superpoint_node]: Errore pubblicazione keypoints 3D: could not assign tuple of length 3 to structure with 4 fields.
[superpoint_node-2] [INFO] [1768033483.633888511] [superpoint_node]: Keypoints estratti: 800
[superpoint_node-2] [ERROR] [1768033483.641069512] [superpoint_node]: Errore pubblicazione keypoints 3D: could not assign tuple of length 3 to structure with 4 fields.
[superpoint_node-2] [INFO] [1768033483.731411135] [superpoint_node]: Keypoints estratti: 800
[superpoint_node-2] [ERROR] [1768033483.738949083] [superpoint_node]: Errore pubblicazione keypoints 3D: could not assign tuple of length 3 to structure with 4 fields.
[rtabmap-14] [INFO] [1768033483.789451576] [rtabmap]: rtabmap (61): Rate=0.50s, Limit=0.001s, Conversion=0.0002s, RTAB-Map=0.0357s, Maps update=0.0003s pub=0.0022s delay=0.1063s (local map=0, WM=0)
[superpoint_node-2] [INFO] [1768033483.838101461] [superpoint_node]: Keypoints estratti: 800
[superpoint_node-2] [ERROR] [1768033483.845459834] [superpoint_node]: Errore pubblicazione keypoints 3D: could not assign tuple of length 3 to structure with 4 fields.
[superpoint_node-2] [INFO] [1768033483.937242838] [superpoint_node]: Keypoints estratti: 800
[superpoint_node-2] [ERROR] [1768033483.944587878] [superpoint_node]: Errore pubblicazione keypoints 3D: could not assign tuple of length 3 to structure with 4 fields.
[superpoint_node-2] [INFO] [1768033484.038868939] [superpoint_node]: Keypoints estratti: 800
[superpoint_node-2] [ERROR] [1768033484.047407932] [superpoint_node]: Errore pubblicazione keypoints 3D: could not assign tuple of length 3 to structure with 4 fields.
[superpoint_node-2] [INFO] [1768033484.145747081] [superpoint_node]: Keypoints estratti: 800
[superpoint_node-2] [ERROR] [1768033484.153054250] [superpoint_node]: Errore pubblicazione keypoints 3D: could not assign tuple of length 3 to structure with 4 fields.
[superpoint_node-2] [INFO] [1768033484.248072373] [superpoint_node]: Keypoints estratti: 800
[superpoint_node-2] [ERROR] [1768033484.256026584] [superpoint_node]: Errore pubblicazione keypoints 3D: could not assign tuple of length 3 to structure with 4 fields.
[rtabmap-14] [INFO] [1768033484.289204124] [rtabmap]: rtabmap (62): Rate=0.50s, Limit=0.001s, Conversion=0.0008s, RTAB-Map=0.0433s, Maps update=0.0011s pub=0.0014s delay=0.0948s (local map=0, WM=0)
[superpoint_node-2] [INFO] [1768033484.358519025] [superpoint_node]: Keypoints estratti: 800
[superpoint_node-2] [ERROR] [1768033484.366080288] [superpoint_node]: Errore pubblicazione keypoints 3D: could not assign tuple of length 3 to structure with 4 fields.
[superpoint_node-2] [INFO] [1768033484.459684233] [superpoint_node]: Keypoints estratti: 800
[superpoint_node-2] [ERROR] [1768033484.466598750] [superpoint_node]: Errore pubblicazione keypoints 3D: could not assign tuple of length 3 to structure with 4 fields.
[superpoint_node-2] [INFO] [1768033484.560956423] [superpoint_node]: Keypoints estratti: 800
[superpoint_node-2] [ERROR] [1768033484.568497001] [superpoint_node]: Errore pubblicazione keypoints 3D: could not assign tuple of length 3 to structure with 4 fields.
[superpoint_node-2] [INFO] [1768033484.658930217] [superpoint_node]: Keypoints estratti: 800
[superpoint_node-2] [ERROR] [1768033484.665852031] [superpoint_node]: Errore pubblicazione keypoints 3D: could not assign tuple of length 3 to structure with 4 fields.
[superpoint_node-2] [INFO] [1768033484.759664329] [superpoint_node]: Keypoints estratti: 800
[superpoint_node-2] [ERROR] [1768033484.767754190] [superpoint_node]: Errore pubblicazione keypoints 3D: could not assign tuple of length 3 to structure with 4 fields.
[rtabmap-14] [INFO] [1768033484.799471644] [rtabmap]: rtabmap (63): Rate=0.50s, Limit=0.001s, Conversion=0.0006s, RTAB-Map=0.0442s, Maps update=0.0008s pub=0.0033s delay=0.0915s (local map=0, WM=0)
[superpoint_node-2] [INFO] [1768033484.864971052] [superpoint_node]: Keypoints estratti: 800
[superpoint_node-2] [ERROR] [1768033484.871987385] [superpoint_node]: Errore pubblicazione keypoints 3D: could not assign tuple of length 3 to structure with 4 fields.
[superpoint_node-2] [INFO] [1768033484.963778649] [superpoint_node]: Keypoints estratti: 800
[superpoint_node-2] [ERROR] [1768033484.970705074] [superpoint_node]: Errore pubblicazione keypoints 3D: could not assign tuple of length 3 to structure with 4 fields.
[superpoint_node-2] [INFO] [1768033485.062425411] [superpoint_node]: Keypoints estratti: 800
[superpoint_node-2] [ERROR] [1768033485.069793117] [superpoint_node]: Errore pubblicazione keypoints 3D: could not assign tuple of length 3 to structure with 4 fields.
[superpoint_node-2] [INFO] [1768033485.162821872] [superpoint_node]: Keypoints estratti: 800
[superpoint_node-2] [ERROR] [1768033485.170788695] [superpoint_node]: Errore pubblicazione keypoints 3D: could not assign tuple of length 3 to structure with 4 fields.
[superpoint_node-2] [INFO] [1768033485.266643305] [superpoint_node]: Keypoints estratti: 800
[superpoint_node-2] [ERROR] [1768033485.275672432] [superpoint_node]: Errore pubblicazione keypoints 3D: could not assign tuple of length 3 to structure with 4 fields.
[rtabmap-14] [INFO] [1768033485.305367352] [rtabmap]: rtabmap (64): Rate=0.50s, Limit=0.001s, Conversion=0.0002s, RTAB-Map=0.0219s, Maps update=0.0003s pub=0.0016s delay=0.0900s (local map=0, WM=0)
[superpoint_node-2] [INFO] [1768033485.371892583] [superpoint_node]: Keypoints estratti: 800
[superpoint_node-2] [ERROR] [1768033485.379600366] [superpoint_node]: Errore pubblicazione keypoints 3D: could not assign tuple of length 3 to structure with 4 fields.
[superpoint_node-2] [INFO] [1768033485.504213204] [superpoint_node]: Keypoints estratti: 800
[superpoint_node-2] [ERROR] [1768033485.511567336] [superpoint_node]: Errore pubblicazione keypoints 3D: could not assign tuple of length 3 to structure with 4 fields.
[superpoint_node-2] [INFO] [1768033485.600067833] [superpoint_node]: Keypoints estratti: 800
[superpoint_node-2] [ERROR] [1768033485.607397577] [superpoint_node]: Errore pubblicazione keypoints 3D: could not assign tuple of length 3 to structure with 4 fields.
[superpoint_node-2] [INFO] [1768033485.696027593] [superpoint_node]: Keypoints estratti: 800
[superpoint_node-2] [ERROR] [1768033485.702948055] [superpoint_node]: Errore pubblicazione keypoints 3D: could not assign tuple of length 3 to structure with 4 fields.
[superpoint_node-2] [INFO] [1768033485.811392691] [superpoint_node]: Keypoints estratti: 800
[superpoint_node-2] [ERROR] [1768033485.818904973] [superpoint_node]: Errore pubblicazione keypoints 3D: could not assign tuple of length 3 to structure with 4 fields.
[rtabmap-14] [INFO] [1768033485.874621581] [rtabmap]: rtabmap (65): Rate=0.50s, Limit=0.001s, Conversion=0.0014s, RTAB-Map=0.0550s, Maps update=0.0015s pub=0.0059s delay=0.1219s (local map=0, WM=0)
[superpoint_node-2] [INFO] [1768033485.921739991] [superpoint_node]: Keypoints estratti: 800
[superpoint_node-2] [ERROR] [1768033485.928546859] [superpoint_node]: Errore pubblicazione keypoints 3D: could not assign tuple of length 3 to structure with 4 fields.
[superpoint_node-2] [INFO] [1768033486.034751830] [superpoint_node]: Keypoints estratti: 800
[superpoint_node-2] [ERROR] [1768033486.042641429] [superpoint_node]: Errore pubblicazione keypoints 3D: could not assign tuple of length 3 to structure with 4 fields.
[superpoint_node-2] [INFO] [1768033486.159295112] [superpoint_node]: Keypoints estratti: 800
[superpoint_node-2] [ERROR] [1768033486.166826745] [superpoint_node]: Errore pubblicazione keypoints 3D: could not assign tuple of length 3 to structure with 4 fields.
[superpoint_node-2] [INFO] [1768033486.321048799] [superpoint_node]: Keypoints estratti: 800
[superpoint_node-2] [ERROR] [1768033486.330531356] [superpoint_node]: Errore pubblicazione keypoints 3D: could not assign tuple of length 3 to structure with 4 fields.
[superpoint_node-2] [INFO] [1768033486.441096120] [superpoint_node]: Keypoints estratti: 800
[superpoint_node-2] [ERROR] [1768033486.450875901] [superpoint_node]: Errore pubblicazione keypoints 3D: could not assign tuple of length 3 to structure with 4 fields.
[rtabmap-14] [INFO] [1768033486.507401552] [rtabmap]: rtabmap (66): Rate=0.50s, Limit=0.001s, Conversion=0.0002s, RTAB-Map=0.0496s, Maps update=0.0025s pub=0.0055s delay=0.1295s (local map=0, WM=0)
[superpoint_node-2] [INFO] [1768033486.566656706] [superpoint_node]: Keypoints estratti: 800
[superpoint_node-2] [ERROR] [1768033486.573597817] [superpoint_node]: Errore pubblicazione keypoints 3D: could not assign tuple of length 3 to structure with 4 fields.
[superpoint_node-2] [INFO] [1768033486.675764033] [superpoint_node]: Keypoints estratti: 800
[superpoint_node-2] [ERROR] [1768033486.683652651] [superpoint_node]: Errore pubblicazione keypoints 3D: could not assign tuple of length 3 to structure with 4 fields.
[superpoint_node-2] [INFO] [1768033486.774461166] [superpoint_node]: Keypoints estratti: 800
[superpoint_node-2] [ERROR] [1768033486.781154404] [superpoint_node]: Errore pubblicazione keypoints 3D: could not assign tuple of length 3 to structure with 4 fields.
[superpoint_node-2] [INFO] [1768033486.871763936] [superpoint_node]: Keypoints estratti: 800
[superpoint_node-2] [ERROR] [1768033486.879714629] [superpoint_node]: Errore pubblicazione keypoints 3D: could not assign tuple of length 3 to structure with 4 fields.
[superpoint_node-2] [INFO] [1768033486.979347214] [superpoint_node]: Keypoints estratti: 800
[superpoint_node-2] [ERROR] [1768033486.986399047] [superpoint_node]: Errore pubblicazione keypoints 3D: could not assign tuple of length 3 to structure with 4 fields.
[rtabmap-14] [INFO] [1768033487.012137140] [rtabmap]: rtabmap (67): Rate=0.50s, Limit=0.001s, Conversion=0.0004s, RTAB-Map=0.0516s, Maps update=0.0003s pub=0.0076s delay=0.0907s (local map=0, WM=0)
[superpoint_node-2] [INFO] [1768033487.094327235] [superpoint_node]: Keypoints estratti: 800
[superpoint_node-2] [ERROR] [1768033487.101047048] [superpoint_node]: Errore pubblicazione keypoints 3D: could not assign tuple of length 3 to structure with 4 fields.
[superpoint_node-2] [INFO] [1768033487.234365103] [superpoint_node]: Keypoints estratti: 800
[superpoint_node-2] [ERROR] [1768033487.241373862] [superpoint_node]: Errore pubblicazione keypoints 3D: could not assign tuple of length 3 to structure with 4 fields.
[superpoint_node-2] [INFO] [1768033487.329363855] [superpoint_node]: Keypoints estratti: 800
[superpoint_node-2] [ERROR] [1768033487.336843433] [superpoint_node]: Errore pubblicazione keypoints 3D: could not assign tuple of length 3 to structure with 4 fields.
[superpoint_node-2] [INFO] [1768033487.426070361] [superpoint_node]: Keypoints estratti: 800
[superpoint_node-2] [ERROR] [1768033487.432612005] [superpoint_node]: Errore pubblicazione keypoints 3D: could not assign tuple of length 3 to structure with 4 fields.
[superpoint_node-2] [INFO] [1768033487.522854757] [superpoint_node]: Keypoints estratti: 800
[superpoint_node-2] [ERROR] [1768033487.530811301] [superpoint_node]: Errore pubblicazione keypoints 3D: could not assign tuple of length 3 to structure with 4 fields.
[rtabmap-14] [INFO] [1768033487.559486676] [rtabmap]: rtabmap (68): Rate=0.50s, Limit=0.001s, Conversion=0.0006s, RTAB-Map=0.0389s, Maps update=0.0006s pub=0.0084s delay=0.0872s (local map=0, WM=0)
[superpoint_node-2] [INFO] [1768033487.625267253] [superpoint_node]: Keypoints estratti: 800
[superpoint_node-2] [ERROR] [1768033487.631775712] [superpoint_node]: Errore pubblicazione keypoints 3D: could not assign tuple of length 3 to structure with 4 fields.
[superpoint_node-2] [INFO] [1768033487.719231719] [superpoint_node]: Keypoints estratti: 800
[superpoint_node-2] [ERROR] [1768033487.725741381] [superpoint_node]: Errore pubblicazione keypoints 3D: could not assign tuple of length 3 to structure with 4 fields.
[superpoint_node-2] [INFO] [1768033487.817332125] [superpoint_node]: Keypoints estratti: 800
[superpoint_node-2] [ERROR] [1768033487.824255031] [superpoint_node]: Errore pubblicazione keypoints 3D: could not assign tuple of length 3 to structure with 4 fields.
[rtabmap-14] [33m[ WARN] (2026-01-10 09:24:43.162) MapsManager.cpp:863::publishMaps() Graph has changed! The whole cloud is regenerated.[0m
[rtabmap-14] [33m[ WARN] (2026-01-10 09:24:43.166) OccupancyGrid.cpp:169::getProbMap() Map info is empty, cannot generate probabilistic occupancy grid[0m
[rtabmap-14] [33m[ WARN] (2026-01-10 09:24:43.786) MapsManager.cpp:863::publishMaps() Graph has changed! The whole cloud is regenerated.[0m
[rtabmap-14] [33m[ WARN] (2026-01-10 09:24:43.787) OccupancyGrid.cpp:169::getProbMap() Map info is empty, cannot generate probabilistic occupancy grid[0m
[rtabmap-14] [33m[ WARN] (2026-01-10 09:24:44.287) MapsManager.cpp:863::publishMaps() Graph has changed! The whole cloud is regenerated.[0m
[rtabmap-14] [33m[ WARN] (2026-01-10 09:24:44.288) OccupancyGrid.cpp:169::getProbMap() Map info is empty, cannot generate probabilistic occupancy grid[0m
[rtabmap-14] [33m[ WARN] (2026-01-10 09:24:44.796) MapsManager.cpp:863::publishMaps() Graph has changed! The whole cloud is regenerated.[0m
[rtabmap-14] [33m[ WARN] (2026-01-10 09:24:44.798) OccupancyGrid.cpp:169::getProbMap() Map info is empty, cannot generate probabilistic occupancy grid[0m
[rtabmap-14] [33m[ WARN] (2026-01-10 09:24:45.303) MapsManager.cpp:863::publishMaps() Graph has changed! The whole cloud is regenerated.[0m
[rtabmap-14] [33m[ WARN] (2026-01-10 09:24:45.304) OccupancyGrid.cpp:169::getProbMap() Map info is empty, cannot generate probabilistic occupancy grid[0m
[rtabmap-14] [33m[ WARN] (2026-01-10 09:24:45.868) MapsManager.cpp:863::publishMaps() Graph has changed! The whole cloud is regenerated.[0m
[rtabmap-14] [33m[ WARN] (2026-01-10 09:24:45.871) OccupancyGrid.cpp:169::getProbMap() Map info is empty, cannot generate probabilistic occupancy grid[0m
[rtabmap-14] [33m[ WARN] (2026-01-10 09:24:46.501) MapsManager.cpp:863::publishMaps() Graph has changed! The whole cloud is regenerated.[0m
[rtabmap-14] [33m[ WARN] (2026-01-10 09:24:46.506) OccupancyGrid.cpp:169::getProbMap() Map info is empty, cannot generate probabilistic occupancy grid[0m
[rtabmap-14] [33m[ WARN] (2026-01-10 09:24:47.004) MapsManager.cpp:863::publishMaps() Graph has changed! The whole cloud is regenerated.[0m
[rtabmap-14] [33m[ WARN] (2026-01-10 09:24:47.007) OccupancyGrid.cpp:169::getProbMap() Map info is empty, cannot generate probabilistic occupancy grid[0m
[rtabmap-14] [33m[ WARN] (2026-01-10 09:24:47.550) MapsManager.cpp:863::publishMaps() Graph has changed! The whole cloud is regenerated.[0m
[rtabmap-14] [33m[ WARN] (2026-01-10 09:24:47.555) OccupancyGrid.cpp:169::getProbMap() Map info is empty, cannot generate probabilistic occupancy grid[0m
[superpoint_node-2] [INFO] [1768033487.917676363] [superpoint_node]: Keypoints estratti: 800
[superpoint_node-2] [ERROR] [1768033487.924409713] [superpoint_node]: Errore pubblicazione keypoints 3D: could not assign tuple of length 3 to structure with 4 fields.
[superpoint_node-2] [INFO] [1768033488.017547265] [superpoint_node]: Keypoints estratti: 800
[superpoint_node-2] [ERROR] [1768033488.024747378] [superpoint_node]: Errore pubblicazione keypoints 3D: could not assign tuple of length 3 to structure with 4 fields.
[superpoint_node-2] [INFO] [1768033488.115708598] [superpoint_node]: Keypoints estratti: 800
[superpoint_node-2] [ERROR] [1768033488.122986359] [superpoint_node]: Errore pubblicazione keypoints 3D: could not assign tuple of length 3 to structure with 4 fields.
[rtabmap-14] [INFO] [1768033488.161580331] [rtabmap]: rtabmap (69): Rate=0.50s, Limit=0.001s, Conversion=0.0004s, RTAB-Map=0.0432s, Maps update=0.0011s pub=0.0010s delay=0.0918s (local map=0, WM=0)
[superpoint_node-2] [INFO] [1768033488.216431265] [superpoint_node]: Keypoints estratti: 800
[superpoint_node-2] [ERROR] [1768033488.223004225] [superpoint_node]: Errore pubblicazione keypoints 3D: could not assign tuple of length 3 to structure with 4 fields.
[superpoint_node-2] [INFO] [1768033488.319449544] [superpoint_node]: Keypoints estratti: 800
[superpoint_node-2] [ERROR] [1768033488.326329876] [superpoint_node]: Errore pubblicazione keypoints 3D: could not assign tuple of length 3 to structure with 4 fields.
[superpoint_node-2] [INFO] [1768033488.419155574] [superpoint_node]: Keypoints estratti: 800
[superpoint_node-2] [ERROR] [1768033488.427840939] [superpoint_node]: Errore pubblicazione keypoints 3D: could not assign tuple of length 3 to structure with 4 fields.
[superpoint_node-2] [INFO] [1768033488.519405571] [superpoint_node]: Keypoints estratti: 800
[superpoint_node-2] [ERROR] [1768033488.526048420] [superpoint_node]: Errore pubblicazione keypoints 3D: could not assign tuple of length 3 to structure with 4 fields.
[superpoint_node-2] [INFO] [1768033488.618839488] [superpoint_node]: Keypoints estratti: 800
[superpoint_node-2] [ERROR] [1768033488.625402558] [superpoint_node]: Errore pubblicazione keypoints 3D: could not assign tuple of length 3 to structure with 4 fields.
[superpoint_node-2] [INFO] [1768033488.716413260] [superpoint_node]: Keypoints estratti: 800
[superpoint_node-2] [ERROR] [1768033488.723105591] [superpoint_node]: Errore pubblicazione keypoints 3D: could not assign tuple of length 3 to structure with 4 fields.
[rtabmap-14] [INFO] [1768033488.753240237] [rtabmap]: rtabmap (70): Rate=0.50s, Limit=0.001s, Conversion=0.0002s, RTAB-Map=0.0352s, Maps update=0.0004s pub=0.0037s delay=0.0838s (local map=0, WM=0)
[superpoint_node-2] [INFO] [1768033488.818589476] [superpoint_node]: Keypoints estratti: 800
[superpoint_node-2] [ERROR] [1768033488.824996101] [superpoint_node]: Errore pubblicazione keypoints 3D: could not assign tuple of length 3 to structure with 4 fields.
[superpoint_node-2] [INFO] [1768033488.950836245] [superpoint_node]: Keypoints estratti: 800
[superpoint_node-2] [ERROR] [1768033488.957295426] [superpoint_node]: Errore pubblicazione keypoints 3D: could not assign tuple of length 3 to structure with 4 fields.
[superpoint_node-2] [INFO] [1768033489.044565728] [superpoint_node]: Keypoints estratti: 800
[superpoint_node-2] [ERROR] [1768033489.051853304] [superpoint_node]: Errore pubblicazione keypoints 3D: could not assign tuple of length 3 to structure with 4 fields.
[superpoint_node-2] [INFO] [1768033489.138334229] [superpoint_node]: Keypoints estratti: 800
[superpoint_node-2] [ERROR] [1768033489.145507990] [superpoint_node]: Errore pubblicazione keypoints 3D: could not assign tuple of length 3 to structure with 4 fields.
[superpoint_node-2] [INFO] [1768033489.234906401] [superpoint_node]: Keypoints estratti: 800
[rtabmap-14] [INFO] [1768033489.241571491] [rtabmap]: rtabmap (71): Rate=0.50s, Limit=0.001s, Conversion=0.0005s, RTAB-Map=0.0185s, Maps update=0.0003s pub=0.0030s delay=0.0557s (local map=0, WM=0)
[superpoint_node-2] [ERROR] [1768033489.243845361] [superpoint_node]: Errore pubblicazione keypoints 3D: could not assign tuple of length 3 to structure with 4 fields.
[superpoint_node-2] [INFO] [1768033489.331226238] [superpoint_node]: Keypoints estratti: 800
[superpoint_node-2] [ERROR] [1768033489.338688001] [superpoint_node]: Errore pubblicazione keypoints 3D: could not assign tuple of length 3 to structure with 4 fields.
[superpoint_node-2] [INFO] [1768033489.428880233] [superpoint_node]: Keypoints estratti: 800
[superpoint_node-2] [ERROR] [1768033489.436069068] [superpoint_node]: Errore pubblicazione keypoints 3D: could not assign tuple of length 3 to structure with 4 fields.
[superpoint_node-2] [INFO] [1768033489.522522585] [superpoint_node]: Keypoints estratti: 800
[superpoint_node-2] [ERROR] [1768033489.529059489] [superpoint_node]: Errore pubblicazione keypoints 3D: could not assign tuple of length 3 to structure with 4 fields.
[superpoint_node-2] [INFO] [1768033489.619591983] [superpoint_node]: Keypoints estratti: 800
[superpoint_node-2] [ERROR] [1768033489.626168758] [superpoint_node]: Errore pubblicazione keypoints 3D: could not assign tuple of length 3 to structure with 4 fields.
[superpoint_node-2] [INFO] [1768033489.721493271] [superpoint_node]: Keypoints estratti: 800
[superpoint_node-2] [ERROR] [1768033489.728960053] [superpoint_node]: Errore pubblicazione keypoints 3D: could not assign tuple of length 3 to structure with 4 fields.
[superpoint_node-2] [INFO] [1768033489.820473203] [superpoint_node]: Keypoints estratti: 800
[superpoint_node-2] [ERROR] [1768033489.827468610] [superpoint_node]: Errore pubblicazione keypoints 3D: could not assign tuple of length 3 to structure with 4 fields.
[rtabmap-14] [INFO] [1768033489.862030125] [rtabmap]: rtabmap (72): Rate=0.50s, Limit=0.001s, Conversion=0.0003s, RTAB-Map=0.0433s, Maps update=0.0009s pub=0.0044s delay=0.0908s (local map=0, WM=0)
[superpoint_node-2] [INFO] [1768033489.922803161] [superpoint_node]: Keypoints estratti: 800
[superpoint_node-2] [ERROR] [1768033489.929335194] [superpoint_node]: Errore pubblicazione keypoints 3D: could not assign tuple of length 3 to structure with 4 fields.
[superpoint_node-2] [INFO] [1768033490.018310288] [superpoint_node]: Keypoints estratti: 800
[superpoint_node-2] [ERROR] [1768033490.024845895] [superpoint_node]: Errore pubblicazione keypoints 3D: could not assign tuple of length 3 to structure with 4 fields.
[superpoint_node-2] [INFO] [1768033490.117553314] [superpoint_node]: Keypoints estratti: 800
[superpoint_node-2] [ERROR] [1768033490.124694296] [superpoint_node]: Errore pubblicazione keypoints 3D: could not assign tuple of length 3 to structure with 4 fields.
[superpoint_node-2] [INFO] [1768033490.219147451] [superpoint_node]: Keypoints estratti: 800
[superpoint_node-2] [ERROR] [1768033490.225779726] [superpoint_node]: Errore pubblicazione keypoints 3D: could not assign tuple of length 3 to structure with 4 fields.
[superpoint_node-2] [INFO] [1768033490.319435171] [superpoint_node]: Keypoints estratti: 800
[superpoint_node-2] [ERROR] [1768033490.325972093] [superpoint_node]: Errore pubblicazione keypoints 3D: could not assign tuple of length 3 to structure with 4 fields.
[superpoint_node-2] [INFO] [1768033490.418609438] [superpoint_node]: Keypoints estratti: 800
[superpoint_node-2] [ERROR] [1768033490.427129024] [superpoint_node]: Errore pubblicazione keypoints 3D: could not assign tuple of length 3 to structure with 4 fields.
[rtabmap-14] [INFO] [1768033490.441529860] [rtabmap]: rtabmap (73): Rate=0.50s, Limit=0.001s, Conversion=0.0002s, RTAB-Map=0.0260s, Maps update=0.0003s pub=0.0027s delay=0.0721s (local map=0, WM=0)
[superpoint_node-2] [INFO] [1768033490.519905443] [superpoint_node]: Keypoints estratti: 800
[superpoint_node-2] [ERROR] [1768033490.526950795] [superpoint_node]: Errore pubblicazione keypoints 3D: could not assign tuple of length 3 to structure with 4 fields.
[superpoint_node-2] [INFO] [1768033490.618102258] [superpoint_node]: Keypoints estratti: 800
[superpoint_node-2] [ERROR] [1768033490.624848570] [superpoint_node]: Errore pubblicazione keypoints 3D: could not assign tuple of length 3 to structure with 4 fields.
[superpoint_node-2] [INFO] [1768033490.717633379] [superpoint_node]: Keypoints estratti: 800
[superpoint_node-2] [ERROR] [1768033490.724300672] [superpoint_node]: Errore pubblicazione keypoints 3D: could not assign tuple of length 3 to structure with 4 fields.
[superpoint_node-2] [INFO] [1768033490.818662364] [superpoint_node]: Keypoints estratti: 800
[superpoint_node-2] [ERROR] [1768033490.825122193] [superpoint_node]: Errore pubblicazione keypoints 3D: could not assign tuple of length 3 to structure with 4 fields.
[superpoint_node-2] [INFO] [1768033490.918158337] [superpoint_node]: Keypoints estratti: 800
[superpoint_node-2] [ERROR] [1768033490.924932446] [superpoint_node]: Errore pubblicazione keypoints 3D: could not assign tuple of length 3 to structure with 4 fields.
[rtabmap-14] [INFO] [1768033490.954622773] [rtabmap]: rtabmap (74): Rate=0.50s, Limit=0.001s, Conversion=0.0003s, RTAB-Map=0.0399s, Maps update=0.0006s pub=0.0012s delay=0.0852s (local map=0, WM=0)
[superpoint_node-2] [INFO] [1768033491.019439212] [superpoint_node]: Keypoints estratti: 800
[superpoint_node-2] [ERROR] [1768033491.026058228] [superpoint_node]: Errore pubblicazione keypoints 3D: could not assign tuple of length 3 to structure with 4 fields.
[superpoint_node-2] [INFO] [1768033491.115915643] [superpoint_node]: Keypoints estratti: 800
[superpoint_node-2] [ERROR] [1768033491.122555825] [superpoint_node]: Errore pubblicazione keypoints 3D: could not assign tuple of length 3 to structure with 4 fields.
[superpoint_node-2] [INFO] [1768033491.216790386] [superpoint_node]: Keypoints estratti: 800
[superpoint_node-2] [ERROR] [1768033491.223335956] [superpoint_node]: Errore pubblicazione keypoints 3D: could not assign tuple of length 3 to structure with 4 fields.
[superpoint_node-2] [INFO] [1768033491.316259766] [superpoint_node]: Keypoints estratti: 800
[superpoint_node-2] [ERROR] [1768033491.322659501] [superpoint_node]: Errore pubblicazione keypoints 3D: could not assign tuple of length 3 to structure with 4 fields.
[superpoint_node-2] [INFO] [1768033491.418076035] [superpoint_node]: Keypoints estratti: 800
[superpoint_node-2] [ERROR] [1768033491.425531668] [superpoint_node]: Errore pubblicazione keypoints 3D: could not assign tuple of length 3 to structure with 4 fields.
[rtabmap-14] [INFO] [1768033491.441067791] [rtabmap]: rtabmap (75): Rate=0.50s, Limit=0.001s, Conversion=0.0003s, RTAB-Map=0.0229s, Maps update=0.0003s pub=0.0009s delay=0.0715s (local map=0, WM=0)
[superpoint_node-2] [INFO] [1768033491.515072988] [superpoint_node]: Keypoints estratti: 800
[superpoint_node-2] [ERROR] [1768033491.521793115] [superpoint_node]: Errore pubblicazione keypoints 3D: could not assign tuple of length 3 to structure with 4 fields.
[superpoint_node-2] [INFO] [1768033491.618903939] [superpoint_node]: Keypoints estratti: 800
[superpoint_node-2] [ERROR] [1768033491.625447602] [superpoint_node]: Errore pubblicazione keypoints 3D: could not assign tuple of length 3 to structure with 4 fields.
[superpoint_node-2] [INFO] [1768033491.714467677] [superpoint_node]: Keypoints estratti: 800
[superpoint_node-2] [ERROR] [1768033491.721035785] [superpoint_node]: Errore pubblicazione keypoints 3D: could not assign tuple of length 3 to structure with 4 fields.
[superpoint_node-2] [INFO] [1768033491.817025156] [superpoint_node]: Keypoints estratti: 800
[superpoint_node-2] [ERROR] [1768033491.823582115] [superpoint_node]: Errore pubblicazione keypoints 3D: could not assign tuple of length 3 to structure with 4 fields.
[superpoint_node-2] [INFO] [1768033491.918886647] [superpoint_node]: Keypoints estratti: 800
[superpoint_node-2] [ERROR] [1768033491.925444792] [superpoint_node]: Errore pubblicazione keypoints 3D: could not assign tuple of length 3 to structure with 4 fields.
[superpoint_node-2] [INFO] [1768033492.018340990] [superpoint_node]: Keypoints estratti: 800
[superpoint_node-2] [ERROR] [1768033492.024955079] [superpoint_node]: Errore pubblicazione keypoints 3D: could not assign tuple of length 3 to structure with 4 fields.
[rtabmap-14] [INFO] [1768033492.060256136] [rtabmap]: rtabmap (76): Rate=0.50s, Limit=0.001s, Conversion=0.0026s, RTAB-Map=0.0391s, Maps update=0.0003s pub=0.0041s delay=0.0908s (local map=0, WM=0)
[superpoint_node-2] [INFO] [1768033492.116176079] [superpoint_node]: Keypoints estratti: 800
[superpoint_node-2] [ERROR] [1768033492.122623926] [superpoint_node]: Errore pubblicazione keypoints 3D: could not assign tuple of length 3 to structure with 4 fields.
[superpoint_node-2] [INFO] [1768033492.216810339] [superpoint_node]: Keypoints estratti: 800
[superpoint_node-2] [ERROR] [1768033492.223123222] [superpoint_node]: Errore pubblicazione keypoints 3D: could not assign tuple of length 3 to structure with 4 fields.
[superpoint_node-2] [INFO] [1768033492.315880234] [superpoint_node]: Keypoints estratti: 800
[superpoint_node-2] [ERROR] [1768033492.322568194] [superpoint_node]: Errore pubblicazione keypoints 3D: could not assign tuple of length 3 to structure with 4 fields.
[superpoint_node-2] [INFO] [1768033492.415395633] [superpoint_node]: Keypoints estratti: 800
[superpoint_node-2] [ERROR] [1768033492.422032130] [superpoint_node]: Errore pubblicazione keypoints 3D: could not assign tuple of length 3 to structure with 4 fields.
[superpoint_node-2] [INFO] [1768033492.515835835] [superpoint_node]: Keypoints estratti: 800
[superpoint_node-2] [ERROR] [1768033492.522939058] [superpoint_node]: Errore pubblicazione keypoints 3D: could not assign tuple of length 3 to structure with 4 fields.
[rtabmap-14] [INFO] [1768033492.566334476] [rtabmap]: rtabmap (77): Rate=0.50s, Limit=0.001s, Conversion=0.0002s, RTAB-Map=0.0428s, Maps update=0.0004s pub=0.0062s delay=0.0967s (local map=0, WM=0)
[superpoint_node-2] [INFO] [1768033492.616936099] [superpoint_node]: Keypoints estratti: 800
[superpoint_node-2] [ERROR] [1768033492.623365798] [superpoint_node]: Errore pubblicazione keypoints 3D: could not assign tuple of length 3 to structure with 4 fields.
[superpoint_node-2] [INFO] [1768033492.715335655] [superpoint_node]: Keypoints estratti: 800
[superpoint_node-2] [ERROR] [1768033492.722028856] [superpoint_node]: Errore pubblicazione keypoints 3D: could not assign tuple of length 3 to structure with 4 fields.
[superpoint_node-2] [INFO] [1768033492.846975790] [superpoint_node]: Keypoints estratti: 800
[superpoint_node-2] [ERROR] [1768033492.854052272] [superpoint_node]: Errore pubblicazione keypoints 3D: could not assign tuple of length 3 to structure with 4 fields.
[rtabmap-14] [33m[ WARN] (2026-01-10 09:24:48.160) MapsManager.cpp:863::publishMaps() Graph has changed! The whole cloud is regenerated.[0m
[rtabmap-14] [33m[ WARN] (2026-01-10 09:24:48.161) OccupancyGrid.cpp:169::getProbMap() Map info is empty, cannot generate probabilistic occupancy grid[0m
[rtabmap-14] [33m[ WARN] (2026-01-10 09:24:48.749) MapsManager.cpp:863::publishMaps() Graph has changed! The whole cloud is regenerated.[0m
[rtabmap-14] [33m[ WARN] (2026-01-10 09:24:48.750) OccupancyGrid.cpp:169::getProbMap() Map info is empty, cannot generate probabilistic occupancy grid[0m
[rtabmap-14] [33m[ WARN] (2026-01-10 09:24:49.238) MapsManager.cpp:863::publishMaps() Graph has changed! The whole cloud is regenerated.[0m
[rtabmap-14] [33m[ WARN] (2026-01-10 09:24:49.240) OccupancyGrid.cpp:169::getProbMap() Map info is empty, cannot generate probabilistic occupancy grid[0m
[rtabmap-14] [33m[ WARN] (2026-01-10 09:24:49.857) MapsManager.cpp:863::publishMaps() Graph has changed! The whole cloud is regenerated.[0m
[rtabmap-14] [33m[ WARN] (2026-01-10 09:24:49.861) OccupancyGrid.cpp:169::getProbMap() Map info is empty, cannot generate probabilistic occupancy grid[0m
[rtabmap-14] [33m[ WARN] (2026-01-10 09:24:50.438) MapsManager.cpp:863::publishMaps() Graph has changed! The whole cloud is regenerated.[0m
[rtabmap-14] [33m[ WARN] (2026-01-10 09:24:50.440) OccupancyGrid.cpp:169::getProbMap() Map info is empty, cannot generate probabilistic occupancy grid[0m
[rtabmap-14] [33m[ WARN] (2026-01-10 09:24:50.953) MapsManager.cpp:863::publishMaps() Graph has changed! The whole cloud is regenerated.[0m
[rtabmap-14] [33m[ WARN] (2026-01-10 09:24:50.953) OccupancyGrid.cpp:169::getProbMap() Map info is empty, cannot generate probabilistic occupancy grid[0m
[rtabmap-14] [33m[ WARN] (2026-01-10 09:24:51.440) MapsManager.cpp:863::publishMaps() Graph has changed! The whole cloud is regenerated.[0m
[rtabmap-14] [33m[ WARN] (2026-01-10 09:24:51.440) OccupancyGrid.cpp:169::getProbMap() Map info is empty, cannot generate probabilistic occupancy grid[0m
[rtabmap-14] [33m[ WARN] (2026-01-10 09:24:52.056) MapsManager.cpp:863::publishMaps() Graph has changed! The whole cloud is regenerated.[0m
[rtabmap-14] [33m[ WARN] (2026-01-10 09:24:52.058) OccupancyGrid.cpp:169::getProbMap() Map info is empty, cannot generate probabilistic occupancy grid[0m
[rtabmap-14] [33m[ WARN] (2026-01-10 09:24:52.560) MapsManager.cpp:863::publishMaps() Graph has changed! The whole cloud is regenerated.[0m
[rtabmap-14] [33m[ WARN] (2026-01-10 09:24:52.562) OccupancyGrid.cpp:169::getProbMap() Map info is empty, cannot generate probabilistic occupancy grid[0m
[superpoint_node-2] [INFO] [1768033492.940359844] [superpoint_node]: Keypoints estratti: 800
[superpoint_node-2] [ERROR] [1768033492.947297214] [superpoint_node]: Errore pubblicazione keypoints 3D: could not assign tuple of length 3 to structure with 4 fields.
[superpoint_node-2] [INFO] [1768033493.039639519] [superpoint_node]: Keypoints estratti: 800
[superpoint_node-2] [ERROR] [1768033493.047081318] [superpoint_node]: Errore pubblicazione keypoints 3D: could not assign tuple of length 3 to structure with 4 fields.
[rtabmap-14] [INFO] [1768033493.051974765] [rtabmap]: rtabmap (78): Rate=0.50s, Limit=0.001s, Conversion=0.0003s, RTAB-Map=0.0409s, Maps update=0.0002s pub=0.0024s delay=0.0657s (local map=0, WM=0)
[superpoint_node-2] [INFO] [1768033493.139158140] [superpoint_node]: Keypoints estratti: 800
[superpoint_node-2] [ERROR] [1768033493.147325760] [superpoint_node]: Errore pubblicazione keypoints 3D: could not assign tuple of length 3 to structure with 4 fields.
[superpoint_node-2] [INFO] [1768033493.239475860] [superpoint_node]: Keypoints estratti: 800
[superpoint_node-2] [ERROR] [1768033493.246816400] [superpoint_node]: Errore pubblicazione keypoints 3D: could not assign tuple of length 3 to structure with 4 fields.
[superpoint_node-2] [INFO] [1768033493.336008032] [superpoint_node]: Keypoints estratti: 800
[superpoint_node-2] [ERROR] [1768033493.343195348] [superpoint_node]: Errore pubblicazione keypoints 3D: could not assign tuple of length 3 to structure with 4 fields.
[superpoint_node-2] [INFO] [1768033493.434108734] [superpoint_node]: Keypoints estratti: 800
[superpoint_node-2] [ERROR] [1768033493.441918240] [superpoint_node]: Errore pubblicazione keypoints 3D: could not assign tuple of length 3 to structure with 4 fields.
[superpoint_node-2] [INFO] [1768033493.531039872] [superpoint_node]: Keypoints estratti: 800
[superpoint_node-2] [ERROR] [1768033493.540454002] [superpoint_node]: Errore pubblicazione keypoints 3D: could not assign tuple of length 3 to structure with 4 fields.
[superpoint_node-2] [INFO] [1768033493.631918874] [superpoint_node]: Keypoints estratti: 800
[superpoint_node-2] [ERROR] [1768033493.640372311] [superpoint_node]: Errore pubblicazione keypoints 3D: could not assign tuple of length 3 to structure with 4 fields.
[rtabmap-14] [INFO] [1768033493.661198809] [rtabmap]: rtabmap (79): Rate=0.50s, Limit=0.001s, Conversion=0.0006s, RTAB-Map=0.0404s, Maps update=0.0003s pub=0.0012s delay=0.0789s (local map=0, WM=0)
[superpoint_node-2] [INFO] [1768033493.738248271] [superpoint_node]: Keypoints estratti: 800
[superpoint_node-2] [ERROR] [1768033493.746014851] [superpoint_node]: Errore pubblicazione keypoints 3D: could not assign tuple of length 3 to structure with 4 fields.
[superpoint_node-2] [INFO] [1768033493.836407974] [superpoint_node]: Keypoints estratti: 800
[superpoint_node-2] [ERROR] [1768033493.844662743] [superpoint_node]: Errore pubblicazione keypoints 3D: could not assign tuple of length 3 to structure with 4 fields.
[superpoint_node-2] [INFO] [1768033493.933832394] [superpoint_node]: Keypoints estratti: 800
[superpoint_node-2] [ERROR] [1768033493.941452250] [superpoint_node]: Errore pubblicazione keypoints 3D: could not assign tuple of length 3 to structure with 4 fields.
[superpoint_node-2] [INFO] [1768033494.031514259] [superpoint_node]: Keypoints estratti: 800
[superpoint_node-2] [ERROR] [1768033494.038516037] [superpoint_node]: Errore pubblicazione keypoints 3D: could not assign tuple of length 3 to structure with 4 fields.
[superpoint_node-2] [INFO] [1768033494.131164585] [superpoint_node]: Keypoints estratti: 800
[superpoint_node-2] [ERROR] [1768033494.140567993] [superpoint_node]: Errore pubblicazione keypoints 3D: could not assign tuple of length 3 to structure with 4 fields.
[superpoint_node-2] [INFO] [1768033494.231968198] [superpoint_node]: Keypoints estratti: 800
[superpoint_node-2] [ERROR] [1768033494.238888586] [superpoint_node]: Errore pubblicazione keypoints 3D: could not assign tuple of length 3 to structure with 4 fields.
[rtabmap-14] [INFO] [1768033494.305354501] [rtabmap]: rtabmap (80): Rate=0.50s, Limit=0.001s, Conversion=0.0002s, RTAB-Map=0.0442s, Maps update=0.0049s pub=0.0038s delay=0.1211s (local map=0, WM=0)
[superpoint_node-2] [INFO] [1768033494.338847563] [superpoint_node]: Keypoints estratti: 800
[superpoint_node-2] [ERROR] [1768033494.346434530] [superpoint_node]: Errore pubblicazione keypoints 3D: could not assign tuple of length 3 to structure with 4 fields.
[superpoint_node-2] [INFO] [1768033494.440677776] [superpoint_node]: Keypoints estratti: 800
[superpoint_node-2] [ERROR] [1768033494.448456264] [superpoint_node]: Errore pubblicazione keypoints 3D: could not assign tuple of length 3 to structure with 4 fields.
[superpoint_node-2] [INFO] [1768033494.542280932] [superpoint_node]: Keypoints estratti: 800
[superpoint_node-2] [ERROR] [1768033494.550594702] [superpoint_node]: Errore pubblicazione keypoints 3D: could not assign tuple of length 3 to structure with 4 fields.
[superpoint_node-2] [INFO] [1768033494.644104220] [superpoint_node]: Keypoints estratti: 800
[superpoint_node-2] [ERROR] [1768033494.652340341] [superpoint_node]: Errore pubblicazione keypoints 3D: could not assign tuple of length 3 to structure with 4 fields.
[superpoint_node-2] [INFO] [1768033494.746479864] [superpoint_node]: Keypoints estratti: 800
[superpoint_node-2] [ERROR] [1768033494.755428953] [superpoint_node]: Errore pubblicazione keypoints 3D: could not assign tuple of length 3 to structure with 4 fields.
[rtabmap-14] [INFO] [1768033494.808714986] [rtabmap]: rtabmap (81): Rate=0.50s, Limit=0.001s, Conversion=0.0003s, RTAB-Map=0.0442s, Maps update=0.0014s pub=0.0077s delay=0.1103s (local map=0, WM=0)
[superpoint_node-2] [INFO] [1768033494.857254000] [superpoint_node]: Keypoints estratti: 800
[superpoint_node-2] [ERROR] [1768033494.865268341] [superpoint_node]: Errore pubblicazione keypoints 3D: could not assign tuple of length 3 to structure with 4 fields.
[superpoint_node-2] [INFO] [1768033494.964397959] [superpoint_node]: Keypoints estratti: 800
[superpoint_node-2] [ERROR] [1768033494.971470922] [superpoint_node]: Errore pubblicazione keypoints 3D: could not assign tuple of length 3 to structure with 4 fields.
[superpoint_node-2] [INFO] [1768033495.066564305] [superpoint_node]: Keypoints estratti: 800
[superpoint_node-2] [ERROR] [1768033495.075151151] [superpoint_node]: Errore pubblicazione keypoints 3D: could not assign tuple of length 3 to structure with 4 fields.
[superpoint_node-2] [INFO] [1768033495.185030243] [superpoint_node]: Keypoints estratti: 800
[superpoint_node-2] [ERROR] [1768033495.192070854] [superpoint_node]: Errore pubblicazione keypoints 3D: could not assign tuple of length 3 to structure with 4 fields.
[superpoint_node-2] [INFO] [1768033495.294096125] [superpoint_node]: Keypoints estratti: 800
[superpoint_node-2] [ERROR] [1768033495.302953658] [superpoint_node]: Errore pubblicazione keypoints 3D: could not assign tuple of length 3 to structure with 4 fields.
[rtabmap-14] [INFO] [1768033495.332476151] [rtabmap]: rtabmap (82): Rate=0.50s, Limit=0.001s, Conversion=0.0006s, RTAB-Map=0.0405s, Maps update=0.0005s pub=0.0064s delay=0.0917s (local map=0, WM=0)
[superpoint_node-2] [INFO] [1768033495.403057469] [superpoint_node]: Keypoints estratti: 800
[superpoint_node-2] [ERROR] [1768033495.411518221] [superpoint_node]: Errore pubblicazione keypoints 3D: could not assign tuple of length 3 to structure with 4 fields.
[superpoint_node-2] [INFO] [1768033495.512148240] [superpoint_node]: Keypoints estratti: 800
[superpoint_node-2] [ERROR] [1768033495.519101721] [superpoint_node]: Errore pubblicazione keypoints 3D: could not assign tuple of length 3 to structure with 4 fields.
[superpoint_node-2] [INFO] [1768033495.627293707] [superpoint_node]: Keypoints estratti: 800
[superpoint_node-2] [ERROR] [1768033495.636959672] [superpoint_node]: Errore pubblicazione keypoints 3D: could not assign tuple of length 3 to structure with 4 fields.
[superpoint_node-2] [INFO] [1768033495.742556582] [superpoint_node]: Keypoints estratti: 800
[superpoint_node-2] [ERROR] [1768033495.753184759] [superpoint_node]: Errore pubblicazione keypoints 3D: could not assign tuple of length 3 to structure with 4 fields.
[superpoint_node-2] [INFO] [1768033495.865382684] [superpoint_node]: Keypoints estratti: 800
[superpoint_node-2] [ERROR] [1768033495.874191365] [superpoint_node]: Errore pubblicazione keypoints 3D: could not assign tuple of length 3 to structure with 4 fields.
[rtabmap-14] [INFO] [1768033495.908115096] [rtabmap]: rtabmap (83): Rate=0.50s, Limit=0.001s, Conversion=0.0006s, RTAB-Map=0.0501s, Maps update=0.0021s pub=0.0037s delay=0.1076s (local map=0, WM=0)
[superpoint_node-2] [INFO] [1768033495.972412179] [superpoint_node]: Keypoints estratti: 800
[superpoint_node-2] [ERROR] [1768033495.979895850] [superpoint_node]: Errore pubblicazione keypoints 3D: could not assign tuple of length 3 to structure with 4 fields.
[superpoint_node-2] [INFO] [1768033496.079377989] [superpoint_node]: Keypoints estratti: 800
[superpoint_node-2] [ERROR] [1768033496.087532350] [superpoint_node]: Errore pubblicazione keypoints 3D: could not assign tuple of length 3 to structure with 4 fields.
[superpoint_node-2] [INFO] [1768033496.201814921] [superpoint_node]: Keypoints estratti: 800
[superpoint_node-2] [ERROR] [1768033496.209549834] [superpoint_node]: Errore pubblicazione keypoints 3D: could not assign tuple of length 3 to structure with 4 fields.
[superpoint_node-2] [INFO] [1768033496.314973743] [superpoint_node]: Keypoints estratti: 800
[superpoint_node-2] [ERROR] [1768033496.322255597] [superpoint_node]: Errore pubblicazione keypoints 3D: could not assign tuple of length 3 to structure with 4 fields.
[superpoint_node-2] [INFO] [1768033496.435310103] [superpoint_node]: Keypoints estratti: 800
[superpoint_node-2] [ERROR] [1768033496.444329952] [superpoint_node]: Errore pubblicazione keypoints 3D: could not assign tuple of length 3 to structure with 4 fields.
[rtabmap-14] [INFO] [1768033496.484054378] [rtabmap]: rtabmap (84): Rate=0.50s, Limit=0.001s, Conversion=0.0007s, RTAB-Map=0.0555s, Maps update=0.0003s pub=0.0056s delay=0.1110s (local map=0, WM=0)
[superpoint_node-2] [INFO] [1768033496.551113112] [superpoint_node]: Keypoints estratti: 800
[superpoint_node-2] [ERROR] [1768033496.558512152] [superpoint_node]: Errore pubblicazione keypoints 3D: could not assign tuple of length 3 to structure with 4 fields.
[superpoint_node-2] [INFO] [1768033496.677290204] [superpoint_node]: Keypoints estratti: 800
[superpoint_node-2] [ERROR] [1768033496.698159517] [superpoint_node]: Errore pubblicazione keypoints 3D: could not assign tuple of length 3 to structure with 4 fields.
[superpoint_node-2] [INFO] [1768033496.820667080] [superpoint_node]: Keypoints estratti: 800
[superpoint_node-2] [ERROR] [1768033496.827493041] [superpoint_node]: Errore pubblicazione keypoints 3D: could not assign tuple of length 3 to structure with 4 fields.
[superpoint_node-2] [INFO] [1768033496.931235529] [superpoint_node]: Keypoints estratti: 800
[superpoint_node-2] [ERROR] [1768033496.938693958] [superpoint_node]: Errore pubblicazione keypoints 3D: could not assign tuple of length 3 to structure with 4 fields.
[superpoint_node-2] [INFO] [1768033497.050967736] [superpoint_node]: Keypoints estratti: 800
[superpoint_node-2] [ERROR] [1768033497.059450285] [superpoint_node]: Errore pubblicazione keypoints 3D: could not assign tuple of length 3 to structure with 4 fields.
[rtabmap-14] [INFO] [1768033497.114736482] [rtabmap]: rtabmap (85): Rate=0.50s, Limit=0.001s, Conversion=0.0002s, RTAB-Map=0.0560s, Maps update=0.0004s pub=0.0014s delay=0.1286s (local map=0, WM=0)
[superpoint_node-2] [INFO] [1768033497.174550622] [superpoint_node]: Keypoints estratti: 800
[superpoint_node-2] [ERROR] [1768033497.182259609] [superpoint_node]: Errore pubblicazione keypoints 3D: could not assign tuple of length 3 to structure with 4 fields.
[superpoint_node-2] [INFO] [1768033497.289019880] [superpoint_node]: Keypoints estratti: 800
[superpoint_node-2] [ERROR] [1768033497.296088214] [superpoint_node]: Errore pubblicazione keypoints 3D: could not assign tuple of length 3 to structure with 4 fields.
[superpoint_node-2] [INFO] [1768033497.394606956] [superpoint_node]: Keypoints estratti: 800
[superpoint_node-2] [ERROR] [1768033497.402293425] [superpoint_node]: Errore pubblicazione keypoints 3D: could not assign tuple of length 3 to structure with 4 fields.
[superpoint_node-2] [INFO] [1768033497.528297663] [superpoint_node]: Keypoints estratti: 800
[superpoint_node-2] [ERROR] [1768033497.537340234] [superpoint_node]: Errore pubblicazione keypoints 3D: could not assign tuple of length 3 to structure with 4 fields.
[superpoint_node-2] [INFO] [1768033497.648059055] [superpoint_node]: Keypoints estratti: 800
[superpoint_node-2] [ERROR] [1768033497.658415934] [superpoint_node]: Errore pubblicazione keypoints 3D: could not assign tuple of length 3 to structure with 4 fields.
[rtabmap-14] [INFO] [1768033497.707130430] [rtabmap]: rtabmap (86): Rate=0.50s, Limit=0.001s, Conversion=0.0002s, RTAB-Map=0.0489s, Maps update=0.0013s pub=0.0047s delay=0.1193s (local map=0, WM=0)
[superpoint_node-2] [INFO] [1768033497.770178596] [superpoint_node]: Keypoints estratti: 800
[superpoint_node-2] [ERROR] [1768033497.777944787] [superpoint_node]: Errore pubblicazione keypoints 3D: could not assign tuple of length 3 to structure with 4 fields.
[superpoint_node-2] [INFO] [1768033497.881454866] [superpoint_node]: Keypoints estratti: 800
[superpoint_node-2] [ERROR] [1768033497.888571163] [superpoint_node]: Errore pubblicazione keypoints 3D: could not assign tuple of length 3 to structure with 4 fields.
[rtabmap-14] [33m[ WARN] (2026-01-10 09:24:53.049) MapsManager.cpp:863::publishMaps() Graph has changed! The whole cloud is regenerated.[0m
[rtabmap-14] [33m[ WARN] (2026-01-10 09:24:53.050) OccupancyGrid.cpp:169::getProbMap() Map info is empty, cannot generate probabilistic occupancy grid[0m
[rtabmap-14] [33m[ WARN] (2026-01-10 09:24:53.660) MapsManager.cpp:863::publishMaps() Graph has changed! The whole cloud is regenerated.[0m
[rtabmap-14] [33m[ WARN] (2026-01-10 09:24:53.660) OccupancyGrid.cpp:169::getProbMap() Map info is empty, cannot generate probabilistic occupancy grid[0m
[rtabmap-14] [33m[ WARN] (2026-01-10 09:24:54.301) MapsManager.cpp:863::publishMaps() Graph has changed! The whole cloud is regenerated.[0m
[rtabmap-14] [33m[ WARN] (2026-01-10 09:24:54.304) OccupancyGrid.cpp:169::getProbMap() Map info is empty, cannot generate probabilistic occupancy grid[0m
[rtabmap-14] [33m[ WARN] (2026-01-10 09:24:54.800) MapsManager.cpp:863::publishMaps() Graph has changed! The whole cloud is regenerated.[0m
[rtabmap-14] [33m[ WARN] (2026-01-10 09:24:54.803) OccupancyGrid.cpp:169::getProbMap() Map info is empty, cannot generate probabilistic occupancy grid[0m
[rtabmap-14] [33m[ WARN] (2026-01-10 09:24:55.326) MapsManager.cpp:863::publishMaps() Graph has changed! The whole cloud is regenerated.[0m
[rtabmap-14] [33m[ WARN] (2026-01-10 09:24:55.330) OccupancyGrid.cpp:169::getProbMap() Map info is empty, cannot generate probabilistic occupancy grid[0m
[rtabmap-14] [33m[ WARN] (2026-01-10 09:24:55.904) MapsManager.cpp:863::publishMaps() Graph has changed! The whole cloud is regenerated.[0m
[rtabmap-14] [33m[ WARN] (2026-01-10 09:24:55.906) OccupancyGrid.cpp:169::getProbMap() Map info is empty, cannot generate probabilistic occupancy grid[0m
[rtabmap-14] [33m[ WARN] (2026-01-10 09:24:56.478) MapsManager.cpp:863::publishMaps() Graph has changed! The whole cloud is regenerated.[0m
[rtabmap-14] [33m[ WARN] (2026-01-10 09:24:56.481) OccupancyGrid.cpp:169::getProbMap() Map info is empty, cannot generate probabilistic occupancy grid[0m
[rtabmap-14] [33m[ WARN] (2026-01-10 09:24:57.113) MapsManager.cpp:863::publishMaps() Graph has changed! The whole cloud is regenerated.[0m
[rtabmap-14] [33m[ WARN] (2026-01-10 09:24:57.114) OccupancyGrid.cpp:169::getProbMap() Map info is empty, cannot generate probabilistic occupancy grid[0m
[rtabmap-14] [33m[ WARN] (2026-01-10 09:24:57.702) MapsManager.cpp:863::publishMaps() Graph has changed! The whole cloud is regenerated.[0m
[rtabmap-14] [33m[ WARN] (2026-01-10 09:24:57.705) OccupancyGrid.cpp:169::getProbMap() Map info is empty, cannot generate probabilistic occupancy grid[0m
[superpoint_node-2] [INFO] [1768033497.987319908] [superpoint_node]: Keypoints estratti: 800
[superpoint_node-2] [ERROR] [1768033497.994369427] [superpoint_node]: Errore pubblicazione keypoints 3D: could not assign tuple of length 3 to structure with 4 fields.
[superpoint_node-2] [INFO] [1768033498.110001342] [superpoint_node]: Keypoints estratti: 800
[superpoint_node-2] [ERROR] [1768033498.117014786] [superpoint_node]: Errore pubblicazione keypoints 3D: could not assign tuple of length 3 to structure with 4 fields.
[superpoint_node-2] [INFO] [1768033498.214635318] [superpoint_node]: Keypoints estratti: 800
[superpoint_node-2] [ERROR] [1768033498.222634197] [superpoint_node]: Errore pubblicazione keypoints 3D: could not assign tuple of length 3 to structure with 4 fields.
[rtabmap-14] [INFO] [1768033498.272475147] [rtabmap]: rtabmap (87): Rate=0.50s, Limit=0.001s, Conversion=0.0002s, RTAB-Map=0.0449s, Maps update=0.0004s pub=0.0073s delay=0.1115s (local map=0, WM=0)
[superpoint_node-2] [INFO] [1768033498.338302260] [superpoint_node]: Keypoints estratti: 800
[superpoint_node-2] [ERROR] [1768033498.348384007] [superpoint_node]: Errore pubblicazione keypoints 3D: could not assign tuple of length 3 to structure with 4 fields.
[superpoint_node-2] [INFO] [1768033498.448014888] [superpoint_node]: Keypoints estratti: 800
[superpoint_node-2] [ERROR] [1768033498.455560800] [superpoint_node]: Errore pubblicazione keypoints 3D: could not assign tuple of length 3 to structure with 4 fields.
[superpoint_node-2] [INFO] [1768033498.556299875] [superpoint_node]: Keypoints estratti: 800
[superpoint_node-2] [ERROR] [1768033498.564362809] [superpoint_node]: Errore pubblicazione keypoints 3D: could not assign tuple of length 3 to structure with 4 fields.
[superpoint_node-2] [INFO] [1768033498.665259275] [superpoint_node]: Keypoints estratti: 800
[superpoint_node-2] [ERROR] [1768033498.672222719] [superpoint_node]: Errore pubblicazione keypoints 3D: could not assign tuple of length 3 to structure with 4 fields.
[superpoint_node-2] [INFO] [1768033498.773404038] [superpoint_node]: Keypoints estratti: 800
[superpoint_node-2] [ERROR] [1768033498.781822808] [superpoint_node]: Errore pubblicazione keypoints 3D: could not assign tuple of length 3 to structure with 4 fields.
[rtabmap-14] [INFO] [1768033498.811944306] [rtabmap]: rtabmap (88): Rate=0.50s, Limit=0.001s, Conversion=0.0002s, RTAB-Map=0.0268s, Maps update=0.0020s pub=0.0042s delay=0.0935s (local map=0, WM=0)
[superpoint_node-2] [INFO] [1768033498.886946215] [superpoint_node]: Keypoints estratti: 800
[superpoint_node-2] [ERROR] [1768033498.894237180] [superpoint_node]: Errore pubblicazione keypoints 3D: could not assign tuple of length 3 to structure with 4 fields.
[superpoint_node-2] [INFO] [1768033498.992233122] [superpoint_node]: Keypoints estratti: 800
[superpoint_node-2] [ERROR] [1768033498.999294752] [superpoint_node]: Errore pubblicazione keypoints 3D: could not assign tuple of length 3 to structure with 4 fields.
[superpoint_node-2] [INFO] [1768033499.112311240] [superpoint_node]: Keypoints estratti: 800
[superpoint_node-2] [ERROR] [1768033499.122305245] [superpoint_node]: Errore pubblicazione keypoints 3D: could not assign tuple of length 3 to structure with 4 fields.
[superpoint_node-2] [INFO] [1768033499.236412315] [superpoint_node]: Keypoints estratti: 800
[superpoint_node-2] [ERROR] [1768033499.244642824] [superpoint_node]: Errore pubblicazione keypoints 3D: could not assign tuple of length 3 to structure with 4 fields.
[superpoint_node-2] [INFO] [1768033499.349581673] [superpoint_node]: Keypoints estratti: 800
[superpoint_node-2] [ERROR] [1768033499.358635875] [superpoint_node]: Errore pubblicazione keypoints 3D: could not assign tuple of length 3 to structure with 4 fields.
[rtabmap-14] [INFO] [1768033499.406225844] [rtabmap]: rtabmap (89): Rate=0.50s, Limit=0.001s, Conversion=0.0002s, RTAB-Map=0.0549s, Maps update=0.0020s pub=0.0020s delay=0.1144s (local map=0, WM=0)
[superpoint_node-2] [INFO] [1768033499.473348209] [superpoint_node]: Keypoints estratti: 800
[superpoint_node-2] [ERROR] [1768033499.480856509] [superpoint_node]: Errore pubblicazione keypoints 3D: could not assign tuple of length 3 to structure with 4 fields.
[superpoint_node-2] [INFO] [1768033499.595805826] [superpoint_node]: Keypoints estratti: 800
[superpoint_node-2] [ERROR] [1768033499.602655492] [superpoint_node]: Errore pubblicazione keypoints 3D: could not assign tuple of length 3 to structure with 4 fields.
[superpoint_node-2] [INFO] [1768033499.711892912] [superpoint_node]: Keypoints estratti: 800
[superpoint_node-2] [ERROR] [1768033499.719731919] [superpoint_node]: Errore pubblicazione keypoints 3D: could not assign tuple of length 3 to structure with 4 fields.
[superpoint_node-2] [INFO] [1768033499.825052975] [superpoint_node]: Keypoints estratti: 800
[superpoint_node-2] [ERROR] [1768033499.831673157] [superpoint_node]: Errore pubblicazione keypoints 3D: could not assign tuple of length 3 to structure with 4 fields.
[superpoint_node-2] [INFO] [1768033499.933894133] [superpoint_node]: Keypoints estratti: 800
[superpoint_node-2] [ERROR] [1768033499.941762954] [superpoint_node]: Errore pubblicazione keypoints 3D: could not assign tuple of length 3 to structure with 4 fields.
[rtabmap-14] [INFO] [1768033499.997707508] [rtabmap]: rtabmap (90): Rate=0.50s, Limit=0.001s, Conversion=0.0003s, RTAB-Map=0.0368s, Maps update=0.0003s pub=0.0081s delay=0.1163s (local map=0, WM=0)
[superpoint_node-2] [INFO] [1768033500.046618617] [superpoint_node]: Keypoints estratti: 800
[superpoint_node-2] [ERROR] [1768033500.053898416] [superpoint_node]: Errore pubblicazione keypoints 3D: could not assign tuple of length 3 to structure with 4 fields.
[superpoint_node-2] [INFO] [1768033500.202982707] [superpoint_node]: Keypoints estratti: 800
[superpoint_node-2] [ERROR] [1768033500.211706924] [superpoint_node]: Errore pubblicazione keypoints 3D: could not assign tuple of length 3 to structure with 4 fields.
[superpoint_node-2] [INFO] [1768033500.343351818] [superpoint_node]: Keypoints estratti: 800
[superpoint_node-2] [ERROR] [1768033500.353213119] [superpoint_node]: Errore pubblicazione keypoints 3D: could not assign tuple of length 3 to structure with 4 fields.
[superpoint_node-2] [INFO] [1768033500.470263138] [superpoint_node]: Keypoints estratti: 800
[superpoint_node-2] [ERROR] [1768033500.478292146] [superpoint_node]: Errore pubblicazione keypoints 3D: could not assign tuple of length 3 to structure with 4 fields.
[rtabmap-14] [INFO] [1768033500.483156018] [rtabmap]: rtabmap (91): Rate=0.50s, Limit=0.001s, Conversion=0.0003s, RTAB-Map=0.0250s, Maps update=0.0008s pub=0.0013s delay=0.0819s (local map=0, WM=0)
[superpoint_node-2] [INFO] [1768033500.583145661] [superpoint_node]: Keypoints estratti: 800
[superpoint_node-2] [ERROR] [1768033500.591226281] [superpoint_node]: Errore pubblicazione keypoints 3D: could not assign tuple of length 3 to structure with 4 fields.
[superpoint_node-2] [INFO] [1768033500.699070653] [superpoint_node]: Keypoints estratti: 800
[superpoint_node-2] [ERROR] [1768033500.708611155] [superpoint_node]: Errore pubblicazione keypoints 3D: could not assign tuple of length 3 to structure with 4 fields.
[superpoint_node-2] [INFO] [1768033500.813799321] [superpoint_node]: Keypoints estratti: 800
[superpoint_node-2] [ERROR] [1768033500.821019007] [superpoint_node]: Errore pubblicazione keypoints 3D: could not assign tuple of length 3 to structure with 4 fields.
[superpoint_node-2] [INFO] [1768033500.963484117] [superpoint_node]: Keypoints estratti: 800
[superpoint_node-2] [ERROR] [1768033500.971169455] [superpoint_node]: Errore pubblicazione keypoints 3D: could not assign tuple of length 3 to structure with 4 fields.
[rtabmap-14] [INFO] [1768033500.987170008] [rtabmap]: rtabmap (92): Rate=0.50s, Limit=0.001s, Conversion=0.0007s, RTAB-Map=0.0364s, Maps update=0.0006s pub=0.0047s delay=0.0802s (local map=0, WM=0)
[superpoint_node-2] [INFO] [1768033501.056242536] [superpoint_node]: Keypoints estratti: 800
[superpoint_node-2] [ERROR] [1768033501.062637902] [superpoint_node]: Errore pubblicazione keypoints 3D: could not assign tuple of length 3 to structure with 4 fields.
[superpoint_node-2] [INFO] [1768033501.147037533] [superpoint_node]: Keypoints estratti: 800
[superpoint_node-2] [ERROR] [1768033501.153454324] [superpoint_node]: Errore pubblicazione keypoints 3D: could not assign tuple of length 3 to structure with 4 fields.
[superpoint_node-2] [INFO] [1768033501.238300070] [superpoint_node]: Keypoints estratti: 800
[superpoint_node-2] [ERROR] [1768033501.244805640] [superpoint_node]: Errore pubblicazione keypoints 3D: could not assign tuple of length 3 to structure with 4 fields.
[superpoint_node-2] [INFO] [1768033501.332607280] [superpoint_node]: Keypoints estratti: 800
[superpoint_node-2] [ERROR] [1768033501.340815715] [superpoint_node]: Errore pubblicazione keypoints 3D: could not assign tuple of length 3 to structure with 4 fields.
[superpoint_node-2] [INFO] [1768033501.428321574] [superpoint_node]: Keypoints estratti: 800
[superpoint_node-2] [ERROR] [1768033501.434970849] [superpoint_node]: Errore pubblicazione keypoints 3D: could not assign tuple of length 3 to structure with 4 fields.
[superpoint_node-2] [INFO] [1768033501.525249082] [superpoint_node]: Keypoints estratti: 800
[superpoint_node-2] [ERROR] [1768033501.531695319] [superpoint_node]: Errore pubblicazione keypoints 3D: could not assign tuple of length 3 to structure with 4 fields.
[rtabmap-14] [INFO] [1768033501.560449602] [rtabmap]: rtabmap (93): Rate=0.50s, Limit=0.001s, Conversion=0.0008s, RTAB-Map=0.0392s, Maps update=0.0003s pub=0.0011s delay=0.0849s (local map=0, WM=0)
[superpoint_node-2] [INFO] [1768033501.622582520] [superpoint_node]: Keypoints estratti: 800
[superpoint_node-2] [ERROR] [1768033501.629065404] [superpoint_node]: Errore pubblicazione keypoints 3D: could not assign tuple of length 3 to structure with 4 fields.
[superpoint_node-2] [INFO] [1768033501.717900608] [superpoint_node]: Keypoints estratti: 800
[superpoint_node-2] [ERROR] [1768033501.724043119] [superpoint_node]: Errore pubblicazione keypoints 3D: could not assign tuple of length 3 to structure with 4 fields.
[superpoint_node-2] [INFO] [1768033501.821795875] [superpoint_node]: Keypoints estratti: 800
[superpoint_node-2] [ERROR] [1768033501.829635622] [superpoint_node]: Errore pubblicazione keypoints 3D: could not assign tuple of length 3 to structure with 4 fields.
[superpoint_node-2] [INFO] [1768033501.921096846] [superpoint_node]: Keypoints estratti: 800
[superpoint_node-2] [ERROR] [1768033501.927438470] [superpoint_node]: Errore pubblicazione keypoints 3D: could not assign tuple of length 3 to structure with 4 fields.
[superpoint_node-2] [INFO] [1768033502.019816609] [superpoint_node]: Keypoints estratti: 800
[superpoint_node-2] [ERROR] [1768033502.026184511] [superpoint_node]: Errore pubblicazione keypoints 3D: could not assign tuple of length 3 to structure with 4 fields.
[superpoint_node-2] [INFO] [1768033502.115862962] [superpoint_node]: Keypoints estratti: 800
[superpoint_node-2] [ERROR] [1768033502.122371069] [superpoint_node]: Errore pubblicazione keypoints 3D: could not assign tuple of length 3 to structure with 4 fields.
[rtabmap-14] [INFO] [1768033502.170242633] [rtabmap]: rtabmap (94): Rate=0.50s, Limit=0.001s, Conversion=0.0002s, RTAB-Map=0.0452s, Maps update=0.0010s pub=0.0047s delay=0.1008s (local map=0, WM=0)
[superpoint_node-2] [INFO] [1768033502.219257577] [superpoint_node]: Keypoints estratti: 800
[superpoint_node-2] [ERROR] [1768033502.226226280] [superpoint_node]: Errore pubblicazione keypoints 3D: could not assign tuple of length 3 to structure with 4 fields.
[superpoint_node-2] [INFO] [1768033502.317525336] [superpoint_node]: Keypoints estratti: 800
[superpoint_node-2] [ERROR] [1768033502.323778293] [superpoint_node]: Errore pubblicazione keypoints 3D: could not assign tuple of length 3 to structure with 4 fields.
[superpoint_node-2] [INFO] [1768033502.423222284] [superpoint_node]: Keypoints estratti: 800
[superpoint_node-2] [ERROR] [1768033502.429769632] [superpoint_node]: Errore pubblicazione keypoints 3D: could not assign tuple of length 3 to structure with 4 fields.
[superpoint_node-2] [INFO] [1768033502.519034857] [superpoint_node]: Keypoints estratti: 800
[superpoint_node-2] [ERROR] [1768033502.525649854] [superpoint_node]: Errore pubblicazione keypoints 3D: could not assign tuple of length 3 to structure with 4 fields.
[superpoint_node-2] [INFO] [1768033502.621972265] [superpoint_node]: Keypoints estratti: 800
[superpoint_node-2] [ERROR] [1768033502.629717585] [superpoint_node]: Errore pubblicazione keypoints 3D: could not assign tuple of length 3 to structure with 4 fields.
[rtabmap-14] [INFO] [1768033502.681787498] [rtabmap]: rtabmap (95): Rate=0.50s, Limit=0.001s, Conversion=0.0007s, RTAB-Map=0.0531s, Maps update=0.0004s pub=0.0043s delay=0.1124s (local map=0, WM=0)
[superpoint_node-2] [INFO] [1768033502.775154681] [superpoint_node]: Keypoints estratti: 800
[superpoint_node-2] [ERROR] [1768033502.782325905] [superpoint_node]: Errore pubblicazione keypoints 3D: could not assign tuple of length 3 to structure with 4 fields.
[rtabmap-14] [33m[ WARN] (2026-01-10 09:24:58.265) MapsManager.cpp:863::publishMaps() Graph has changed! The whole cloud is regenerated.[0m
[rtabmap-14] [33m[ WARN] (2026-01-10 09:24:58.271) OccupancyGrid.cpp:169::getProbMap() Map info is empty, cannot generate probabilistic occupancy grid[0m
[rtabmap-14] [33m[ WARN] (2026-01-10 09:24:58.807) MapsManager.cpp:863::publishMaps() Graph has changed! The whole cloud is regenerated.[0m
[rtabmap-14] [33m[ WARN] (2026-01-10 09:24:58.810) OccupancyGrid.cpp:169::getProbMap() Map info is empty, cannot generate probabilistic occupancy grid[0m
[rtabmap-14] [33m[ WARN] (2026-01-10 09:24:59.404) MapsManager.cpp:863::publishMaps() Graph has changed! The whole cloud is regenerated.[0m
[rtabmap-14] [33m[ WARN] (2026-01-10 09:24:59.405) OccupancyGrid.cpp:169::getProbMap() Map info is empty, cannot generate probabilistic occupancy grid[0m
[rtabmap-14] [33m[ WARN] (2026-01-10 09:24:59.989) MapsManager.cpp:863::publishMaps() Graph has changed! The whole cloud is regenerated.[0m
[rtabmap-14] [33m[ WARN] (2026-01-10 09:24:59.993) OccupancyGrid.cpp:169::getProbMap() Map info is empty, cannot generate probabilistic occupancy grid[0m
[rtabmap-14] [33m[ WARN] (2026-01-10 09:25:00.481) MapsManager.cpp:863::publishMaps() Graph has changed! The whole cloud is regenerated.[0m
[rtabmap-14] [33m[ WARN] (2026-01-10 09:25:00.482) OccupancyGrid.cpp:169::getProbMap() Map info is empty, cannot generate probabilistic occupancy grid[0m
[rtabmap-14] [33m[ WARN] (2026-01-10 09:25:00.982) MapsManager.cpp:863::publishMaps() Graph has changed! The whole cloud is regenerated.[0m
[rtabmap-14] [33m[ WARN] (2026-01-10 09:25:00.984) OccupancyGrid.cpp:169::getProbMap() Map info is empty, cannot generate probabilistic occupancy grid[0m
[rtabmap-14] [33m[ WARN] (2026-01-10 09:25:01.559) MapsManager.cpp:863::publishMaps() Graph has changed! The whole cloud is regenerated.[0m
[rtabmap-14] [33m[ WARN] (2026-01-10 09:25:01.559) OccupancyGrid.cpp:169::getProbMap() Map info is empty, cannot generate probabilistic occupancy grid[0m
[rtabmap-14] [33m[ WARN] (2026-01-10 09:25:02.165) MapsManager.cpp:863::publishMaps() Graph has changed! The whole cloud is regenerated.[0m
[rtabmap-14] [33m[ WARN] (2026-01-10 09:25:02.167) OccupancyGrid.cpp:169::getProbMap() Map info is empty, cannot generate probabilistic occupancy grid[0m
[rtabmap-14] [33m[ WARN] (2026-01-10 09:25:02.677) MapsManager.cpp:863::publishMaps() Graph has changed! The whole cloud is regenerated.[0m
[rtabmap-14] [33m[ WARN] (2026-01-10 09:25:02.681) OccupancyGrid.cpp:169::getProbMap() Map info is empty, cannot generate probabilistic occupancy grid[0m
[superpoint_node-2] [INFO] [1768033502.958878080] [superpoint_node]: Keypoints estratti: 800
[superpoint_node-2] [ERROR] [1768033502.979752968] [superpoint_node]: Errore pubblicazione keypoints 3D: could not assign tuple of length 3 to structure with 4 fields.
[superpoint_node-2] [INFO] [1768033503.105022015] [superpoint_node]: Keypoints estratti: 800
[superpoint_node-2] [ERROR] [1768033503.112525371] [superpoint_node]: Errore pubblicazione keypoints 3D: could not assign tuple of length 3 to structure with 4 fields.
[superpoint_node-2] [INFO] [1768033503.208109127] [superpoint_node]: Keypoints estratti: 800
[superpoint_node-2] [ERROR] [1768033503.215157850] [superpoint_node]: Errore pubblicazione keypoints 3D: could not assign tuple of length 3 to structure with 4 fields.
[rtabmap-14] [INFO] [1768033503.275945461] [rtabmap]: rtabmap (96): Rate=0.50s, Limit=0.001s, Conversion=0.0026s, RTAB-Map=0.0503s, Maps update=0.0033s pub=0.0017s delay=0.1193s (local map=0, WM=0)
[superpoint_node-2] [INFO] [1768033503.335160133] [superpoint_node]: Keypoints estratti: 800
[superpoint_node-2] [ERROR] [1768033503.345420715] [superpoint_node]: Errore pubblicazione keypoints 3D: could not assign tuple of length 3 to structure with 4 fields.
[superpoint_node-2] [INFO] [1768033503.468606986] [superpoint_node]: Keypoints estratti: 800
[superpoint_node-2] [ERROR] [1768033503.477709040] [superpoint_node]: Errore pubblicazione keypoints 3D: could not assign tuple of length 3 to structure with 4 fields.
[superpoint_node-2] [INFO] [1768033503.587838819] [superpoint_node]: Keypoints estratti: 800
[superpoint_node-2] [ERROR] [1768033503.594969468] [superpoint_node]: Errore pubblicazione keypoints 3D: could not assign tuple of length 3 to structure with 4 fields.
[superpoint_node-2] [INFO] [1768033503.691021043] [superpoint_node]: Keypoints estratti: 800
[superpoint_node-2] [ERROR] [1768033503.698007765] [superpoint_node]: Errore pubblicazione keypoints 3D: could not assign tuple of length 3 to structure with 4 fields.
[superpoint_node-2] [INFO] [1768033503.800641948] [superpoint_node]: Keypoints estratti: 800
[superpoint_node-2] [ERROR] [1768033503.811560646] [superpoint_node]: Errore pubblicazione keypoints 3D: could not assign tuple of length 3 to structure with 4 fields.
[rtabmap-14] [INFO] [1768033503.890758198] [rtabmap]: rtabmap (97): Rate=0.50s, Limit=0.001s, Conversion=0.0002s, RTAB-Map=0.0710s, Maps update=0.0009s pub=0.0015s delay=0.1456s (local map=0, WM=0)
[superpoint_node-2] [INFO] [1768033503.950840211] [superpoint_node]: Keypoints estratti: 800
[superpoint_node-2] [ERROR] [1768033503.959242667] [superpoint_node]: Errore pubblicazione keypoints 3D: could not assign tuple of length 3 to structure with 4 fields.
[superpoint_node-2] [INFO] [1768033504.067199262] [superpoint_node]: Keypoints estratti: 800
[superpoint_node-2] [ERROR] [1768033504.074532450] [superpoint_node]: Errore pubblicazione keypoints 3D: could not assign tuple of length 3 to structure with 4 fields.
[superpoint_node-2] [INFO] [1768033504.178552310] [superpoint_node]: Keypoints estratti: 800
[superpoint_node-2] [ERROR] [1768033504.185183437] [superpoint_node]: Errore pubblicazione keypoints 3D: could not assign tuple of length 3 to structure with 4 fields.
[superpoint_node-2] [INFO] [1768033504.293306571] [superpoint_node]: Keypoints estratti: 800
[superpoint_node-2] [ERROR] [1768033504.300367997] [superpoint_node]: Errore pubblicazione keypoints 3D: could not assign tuple of length 3 to structure with 4 fields.
[superpoint_node-2] [INFO] [1768033504.410450998] [superpoint_node]: Keypoints estratti: 800
[superpoint_node-2] [ERROR] [1768033504.420614690] [superpoint_node]: Errore pubblicazione keypoints 3D: could not assign tuple of length 3 to structure with 4 fields.
[rtabmap-14] [INFO] [1768033504.465717899] [rtabmap]: rtabmap (98): Rate=0.50s, Limit=0.001s, Conversion=0.0002s, RTAB-Map=0.0362s, Maps update=0.0019s pub=0.0041s delay=0.1171s (local map=0, WM=0)
[superpoint_node-2] [INFO] [1768033504.540760789] [superpoint_node]: Keypoints estratti: 800
[superpoint_node-2] [ERROR] [1768033504.550768202] [superpoint_node]: Errore pubblicazione keypoints 3D: could not assign tuple of length 3 to structure with 4 fields.
[superpoint_node-2] [INFO] [1768033504.709098288] [superpoint_node]: Keypoints estratti: 800
[superpoint_node-2] [ERROR] [1768033504.715866323] [superpoint_node]: Errore pubblicazione keypoints 3D: could not assign tuple of length 3 to structure with 4 fields.
[superpoint_node-2] [INFO] [1768033504.806433707] [superpoint_node]: Keypoints estratti: 800
[superpoint_node-2] [ERROR] [1768033504.813227020] [superpoint_node]: Errore pubblicazione keypoints 3D: could not assign tuple of length 3 to structure with 4 fields.
[superpoint_node-2] [INFO] [1768033504.946633076] [superpoint_node]: Keypoints estratti: 800
[superpoint_node-2] [ERROR] [1768033504.956326283] [superpoint_node]: Errore pubblicazione keypoints 3D: could not assign tuple of length 3 to structure with 4 fields.
[rtabmap-14] [INFO] [1768033504.961576676] [rtabmap]: rtabmap (99): Rate=0.50s, Limit=0.001s, Conversion=0.0003s, RTAB-Map=0.0633s, Maps update=0.0015s pub=0.0022s delay=0.1042s (local map=0, WM=0)
[superpoint_node-2] [INFO] [1768033505.064968050] [superpoint_node]: Keypoints estratti: 800
[superpoint_node-2] [ERROR] [1768033505.071619825] [superpoint_node]: Errore pubblicazione keypoints 3D: could not assign tuple of length 3 to structure with 4 fields.
[superpoint_node-2] [INFO] [1768033505.180396834] [superpoint_node]: Keypoints estratti: 800
[superpoint_node-2] [ERROR] [1768033505.187990098] [superpoint_node]: Errore pubblicazione keypoints 3D: could not assign tuple of length 3 to structure with 4 fields.
[superpoint_node-2] [INFO] [1768033505.282914257] [superpoint_node]: Keypoints estratti: 800
[superpoint_node-2] [ERROR] [1768033505.289987628] [superpoint_node]: Errore pubblicazione keypoints 3D: could not assign tuple of length 3 to structure with 4 fields.
[superpoint_node-2] [INFO] [1768033505.389452804] [superpoint_node]: Keypoints estratti: 800
[superpoint_node-2] [ERROR] [1768033505.396650380] [superpoint_node]: Errore pubblicazione keypoints 3D: could not assign tuple of length 3 to structure with 4 fields.
[superpoint_node-2] [INFO] [1768033505.500224533] [superpoint_node]: Keypoints estratti: 800
[superpoint_node-2] [ERROR] [1768033505.510023796] [superpoint_node]: Errore pubblicazione keypoints 3D: could not assign tuple of length 3 to structure with 4 fields.
[rtabmap-14] [INFO] [1768033505.624194478] [rtabmap]: rtabmap (100): Rate=0.50s, Limit=0.001s, Conversion=0.0007s, RTAB-Map=0.0823s, Maps update=0.0017s pub=0.0171s delay=0.1794s (local map=0, WM=0)
[superpoint_node-2] [INFO] [1768033505.657166831] [superpoint_node]: Keypoints estratti: 800
[superpoint_node-2] [ERROR] [1768033505.669618967] [superpoint_node]: Errore pubblicazione keypoints 3D: could not assign tuple of length 3 to structure with 4 fields.
[superpoint_node-2] [INFO] [1768033505.778702349] [superpoint_node]: Keypoints estratti: 800
[superpoint_node-2] [ERROR] [1768033505.785681775] [superpoint_node]: Errore pubblicazione keypoints 3D: could not assign tuple of length 3 to structure with 4 fields.
[superpoint_node-2] [INFO] [1768033505.883245214] [superpoint_node]: Keypoints estratti: 800
[superpoint_node-2] [ERROR] [1768033505.889422670] [superpoint_node]: Errore pubblicazione keypoints 3D: could not assign tuple of length 3 to structure with 4 fields.
[superpoint_node-2] [INFO] [1768033505.978054631] [superpoint_node]: Keypoints estratti: 800
[superpoint_node-2] [ERROR] [1768033505.984273847] [superpoint_node]: Errore pubblicazione keypoints 3D: could not assign tuple of length 3 to structure with 4 fields.
[superpoint_node-2] [INFO] [1768033506.069756135] [superpoint_node]: Keypoints estratti: 800
[superpoint_node-2] [ERROR] [1768033506.076809024] [superpoint_node]: Errore pubblicazione keypoints 3D: could not assign tuple of length 3 to structure with 4 fields.
[rtabmap-14] [INFO] [1768033506.078814855] [rtabmap]: rtabmap (101): Rate=0.50s, Limit=0.001s, Conversion=0.0002s, RTAB-Map=0.0274s, Maps update=0.0010s pub=0.0023s delay=0.0574s (local map=0, WM=0)
[superpoint_node-2] [INFO] [1768033506.162266386] [superpoint_node]: Keypoints estratti: 800
[superpoint_node-2] [ERROR] [1768033506.168264674] [superpoint_node]: Errore pubblicazione keypoints 3D: could not assign tuple of length 3 to structure with 4 fields.
[superpoint_node-2] [INFO] [1768033506.255248029] [superpoint_node]: Keypoints estratti: 800
[superpoint_node-2] [ERROR] [1768033506.261313188] [superpoint_node]: Errore pubblicazione keypoints 3D: could not assign tuple of length 3 to structure with 4 fields.
[superpoint_node-2] [INFO] [1768033506.349454293] [superpoint_node]: Keypoints estratti: 800
[superpoint_node-2] [ERROR] [1768033506.355511230] [superpoint_node]: Errore pubblicazione keypoints 3D: could not assign tuple of length 3 to structure with 4 fields.
[superpoint_node-2] [INFO] [1768033506.439600137] [superpoint_node]: Keypoints estratti: 800
[superpoint_node-2] [ERROR] [1768033506.445737093] [superpoint_node]: Errore pubblicazione keypoints 3D: could not assign tuple of length 3 to structure with 4 fields.
[superpoint_node-2] [INFO] [1768033506.524876460] [superpoint_node]: Keypoints estratti: 800
[superpoint_node-2] [ERROR] [1768033506.530993971] [superpoint_node]: Errore pubblicazione keypoints 3D: could not assign tuple of length 3 to structure with 4 fields.
[superpoint_node-2] [INFO] [1768033506.617426434] [superpoint_node]: Keypoints estratti: 800
[superpoint_node-2] [ERROR] [1768033506.623858336] [superpoint_node]: Errore pubblicazione keypoints 3D: could not assign tuple of length 3 to structure with 4 fields.
[rtabmap-14] [INFO] [1768033506.652527360] [rtabmap]: rtabmap (102): Rate=0.50s, Limit=0.001s, Conversion=0.0003s, RTAB-Map=0.0341s, Maps update=0.0003s pub=0.0010s delay=0.0811s (local map=0, WM=0)
[superpoint_node-2] [INFO] [1768033506.715434950] [superpoint_node]: Keypoints estratti: 800
[superpoint_node-2] [ERROR] [1768033506.721614425] [superpoint_node]: Errore pubblicazione keypoints 3D: could not assign tuple of length 3 to structure with 4 fields.
[superpoint_node-2] [INFO] [1768033506.813447152] [superpoint_node]: Keypoints estratti: 800
[superpoint_node-2] [ERROR] [1768033506.820328410] [superpoint_node]: Errore pubblicazione keypoints 3D: could not assign tuple of length 3 to structure with 4 fields.
[superpoint_node-2] [INFO] [1768033506.914825807] [superpoint_node]: Keypoints estratti: 800
[superpoint_node-2] [ERROR] [1768033506.920926077] [superpoint_node]: Errore pubblicazione keypoints 3D: could not assign tuple of length 3 to structure with 4 fields.
[superpoint_node-2] [INFO] [1768033507.013876517] [superpoint_node]: Keypoints estratti: 800
[superpoint_node-2] [ERROR] [1768033507.020042936] [superpoint_node]: Errore pubblicazione keypoints 3D: could not assign tuple of length 3 to structure with 4 fields.
[superpoint_node-2] [INFO] [1768033507.112948653] [superpoint_node]: Keypoints estratti: 800
[superpoint_node-2] [ERROR] [1768033507.119307055] [superpoint_node]: Errore pubblicazione keypoints 3D: could not assign tuple of length 3 to structure with 4 fields.
[superpoint_node-2] [INFO] [1768033507.213823859] [superpoint_node]: Keypoints estratti: 800
[superpoint_node-2] [ERROR] [1768033507.220192372] [superpoint_node]: Errore pubblicazione keypoints 3D: could not assign tuple of length 3 to structure with 4 fields.
[rtabmap-14] [INFO] [1768033507.248151853] [rtabmap]: rtabmap (103): Rate=0.50s, Limit=0.001s, Conversion=0.0006s, RTAB-Map=0.0304s, Maps update=0.0003s pub=0.0039s delay=0.0786s (local map=0, WM=0)
[superpoint_node-2] [INFO] [1768033507.314904696] [superpoint_node]: Keypoints estratti: 800
[superpoint_node-2] [ERROR] [1768033507.320821854] [superpoint_node]: Errore pubblicazione keypoints 3D: could not assign tuple of length 3 to structure with 4 fields.
[superpoint_node-2] [INFO] [1768033507.416363963] [superpoint_node]: Keypoints estratti: 800
[superpoint_node-2] [ERROR] [1768033507.422223250] [superpoint_node]: Errore pubblicazione keypoints 3D: could not assign tuple of length 3 to structure with 4 fields.
[superpoint_node-2] [INFO] [1768033507.515380024] [superpoint_node]: Keypoints estratti: 800
[superpoint_node-2] [ERROR] [1768033507.521299219] [superpoint_node]: Errore pubblicazione keypoints 3D: could not assign tuple of length 3 to structure with 4 fields.
[superpoint_node-2] [INFO] [1768033507.613173706] [superpoint_node]: Keypoints estratti: 800
[superpoint_node-2] [ERROR] [1768033507.619334310] [superpoint_node]: Errore pubblicazione keypoints 3D: could not assign tuple of length 3 to structure with 4 fields.
[superpoint_node-2] [INFO] [1768033507.715198273] [superpoint_node]: Keypoints estratti: 800
[superpoint_node-2] [ERROR] [1768033507.721162839] [superpoint_node]: Errore pubblicazione keypoints 3D: could not assign tuple of length 3 to structure with 4 fields.
[superpoint_node-2] [INFO] [1768033507.813265642] [superpoint_node]: Keypoints estratti: 800
[superpoint_node-2] [ERROR] [1768033507.819526821] [superpoint_node]: Errore pubblicazione keypoints 3D: could not assign tuple of length 3 to structure with 4 fields.
[rtabmap-14] [INFO] [1768033507.852717528] [rtabmap]: rtabmap (104): Rate=0.50s, Limit=0.001s, Conversion=0.0002s, RTAB-Map=0.0329s, Maps update=0.0012s pub=0.0080s delay=0.0831s (local map=0, WM=0)
[rtabmap-14] [33m[ WARN] (2026-01-10 09:25:03.274) MapsManager.cpp:863::publishMaps() Graph has changed! The whole cloud is regenerated.[0m
[rtabmap-14] [33m[ WARN] (2026-01-10 09:25:03.275) OccupancyGrid.cpp:169::getProbMap() Map info is empty, cannot generate probabilistic occupancy grid[0m
[rtabmap-14] [33m[ WARN] (2026-01-10 09:25:03.889) MapsManager.cpp:863::publishMaps() Graph has changed! The whole cloud is regenerated.[0m
[rtabmap-14] [33m[ WARN] (2026-01-10 09:25:03.890) OccupancyGrid.cpp:169::getProbMap() Map info is empty, cannot generate probabilistic occupancy grid[0m
[rtabmap-14] [33m[ WARN] (2026-01-10 09:25:04.460) MapsManager.cpp:863::publishMaps() Graph has changed! The whole cloud is regenerated.[0m
[rtabmap-14] [33m[ WARN] (2026-01-10 09:25:04.460) OccupancyGrid.cpp:169::getProbMap() Map info is empty, cannot generate probabilistic occupancy grid[0m
[rtabmap-14] [33m[ WARN] (2026-01-10 09:25:04.959) MapsManager.cpp:863::publishMaps() Graph has changed! The whole cloud is regenerated.[0m
[rtabmap-14] [33m[ WARN] (2026-01-10 09:25:04.960) OccupancyGrid.cpp:169::getProbMap() Map info is empty, cannot generate probabilistic occupancy grid[0m
[rtabmap-14] [33m[ WARN] (2026-01-10 09:25:05.607) MapsManager.cpp:863::publishMaps() Graph has changed! The whole cloud is regenerated.[0m
[rtabmap-14] [33m[ WARN] (2026-01-10 09:25:05.610) OccupancyGrid.cpp:169::getProbMap() Map info is empty, cannot generate probabilistic occupancy grid[0m
[rtabmap-14] [33m[ WARN] (2026-01-10 09:25:06.076) MapsManager.cpp:863::publishMaps() Graph has changed! The whole cloud is regenerated.[0m
[rtabmap-14] [33m[ WARN] (2026-01-10 09:25:06.078) OccupancyGrid.cpp:169::getProbMap() Map info is empty, cannot generate probabilistic occupancy grid[0m
[rtabmap-14] [33m[ WARN] (2026-01-10 09:25:06.651) MapsManager.cpp:863::publishMaps() Graph has changed! The whole cloud is regenerated.[0m
[rtabmap-14] [33m[ WARN] (2026-01-10 09:25:06.652) OccupancyGrid.cpp:169::getProbMap() Map info is empty, cannot generate probabilistic occupancy grid[0m
[rtabmap-14] [33m[ WARN] (2026-01-10 09:25:07.244) MapsManager.cpp:863::publishMaps() Graph has changed! The whole cloud is regenerated.[0m
[rtabmap-14] [33m[ WARN] (2026-01-10 09:25:07.244) OccupancyGrid.cpp:169::getProbMap() Map info is empty, cannot generate probabilistic occupancy grid[0m
[rtabmap-14] [33m[ WARN] (2026-01-10 09:25:07.844) MapsManager.cpp:863::publishMaps() Graph has changed! The whole cloud is regenerated.[0m
[rtabmap-14] [33m[ WARN] (2026-01-10 09:25:07.850) OccupancyGrid.cpp:169::getProbMap() Map info is empty, cannot generate probabilistic occupancy grid[0m
[superpoint_node-2] [INFO] [1768033507.917348021] [superpoint_node]: Keypoints estratti: 800
[superpoint_node-2] [ERROR] [1768033507.923305235] [superpoint_node]: Errore pubblicazione keypoints 3D: could not assign tuple of length 3 to structure with 4 fields.
[superpoint_node-2] [INFO] [1768033508.038819094] [superpoint_node]: Keypoints estratti: 800
[superpoint_node-2] [ERROR] [1768033508.045881558] [superpoint_node]: Errore pubblicazione keypoints 3D: could not assign tuple of length 3 to structure with 4 fields.
[superpoint_node-2] [INFO] [1768033508.126430492] [superpoint_node]: Keypoints estratti: 800
[superpoint_node-2] [ERROR] [1768033508.132501614] [superpoint_node]: Errore pubblicazione keypoints 3D: could not assign tuple of length 3 to structure with 4 fields.
[superpoint_node-2] [INFO] [1768033508.213795387] [superpoint_node]: Keypoints estratti: 800
[superpoint_node-2] [ERROR] [1768033508.220513125] [superpoint_node]: Errore pubblicazione keypoints 3D: could not assign tuple of length 3 to structure with 4 fields.
[superpoint_node-2] [INFO] [1768033508.319265629] [superpoint_node]: Keypoints estratti: 800
[superpoint_node-2] [ERROR] [1768033508.325168417] [superpoint_node]: Errore pubblicazione keypoints 3D: could not assign tuple of length 3 to structure with 4 fields.
[superpoint_node-2] [INFO] [1768033508.415006869] [superpoint_node]: Keypoints estratti: 800
[superpoint_node-2] [ERROR] [1768033508.421596699] [superpoint_node]: Errore pubblicazione keypoints 3D: could not assign tuple of length 3 to structure with 4 fields.
[rtabmap-14] [INFO] [1768033508.453854417] [rtabmap]: rtabmap (105): Rate=0.50s, Limit=0.001s, Conversion=0.0003s, RTAB-Map=0.0340s, Maps update=0.0019s pub=0.0033s delay=0.0845s (local map=0, WM=0)
[superpoint_node-2] [INFO] [1768033508.515186644] [superpoint_node]: Keypoints estratti: 800
[superpoint_node-2] [ERROR] [1768033508.521156950] [superpoint_node]: Errore pubblicazione keypoints 3D: could not assign tuple of length 3 to structure with 4 fields.
[superpoint_node-2] [INFO] [1768033508.617231377] [superpoint_node]: Keypoints estratti: 800
[superpoint_node-2] [ERROR] [1768033508.623429964] [superpoint_node]: Errore pubblicazione keypoints 3D: could not assign tuple of length 3 to structure with 4 fields.
[superpoint_node-2] [INFO] [1768033508.714407591] [superpoint_node]: Keypoints estratti: 800
[superpoint_node-2] [ERROR] [1768033508.720407657] [superpoint_node]: Errore pubblicazione keypoints 3D: could not assign tuple of length 3 to structure with 4 fields.
[superpoint_node-2] [INFO] [1768033508.814410087] [superpoint_node]: Keypoints estratti: 800
[superpoint_node-2] [ERROR] [1768033508.820678451] [superpoint_node]: Errore pubblicazione keypoints 3D: could not assign tuple of length 3 to structure with 4 fields.
[superpoint_node-2] [INFO] [1768033508.913783225] [superpoint_node]: Keypoints estratti: 800
[superpoint_node-2] [ERROR] [1768033508.920200609] [superpoint_node]: Errore pubblicazione keypoints 3D: could not assign tuple of length 3 to structure with 4 fields.
[superpoint_node-2] [INFO] [1768033509.013869110] [superpoint_node]: Keypoints estratti: 800
[superpoint_node-2] [ERROR] [1768033509.020155808] [superpoint_node]: Errore pubblicazione keypoints 3D: could not assign tuple of length 3 to structure with 4 fields.
[rtabmap-14] [INFO] [1768033509.056309502] [rtabmap]: rtabmap (106): Rate=0.50s, Limit=0.001s, Conversion=0.0002s, RTAB-Map=0.0379s, Maps update=0.0003s pub=0.0011s delay=0.0869s (local map=0, WM=0)
[superpoint_node-2] [INFO] [1768033509.118707737] [superpoint_node]: Keypoints estratti: 800
[superpoint_node-2] [ERROR] [1768033509.124704043] [superpoint_node]: Errore pubblicazione keypoints 3D: could not assign tuple of length 3 to structure with 4 fields.
[superpoint_node-2] [INFO] [1768033509.214989443] [superpoint_node]: Keypoints estratti: 800
[superpoint_node-2] [ERROR] [1768033509.221113159] [superpoint_node]: Errore pubblicazione keypoints 3D: could not assign tuple of length 3 to structure with 4 fields.
[superpoint_node-2] [INFO] [1768033509.313880578] [superpoint_node]: Keypoints estratti: 800
[superpoint_node-2] [ERROR] [1768033509.320181072] [superpoint_node]: Errore pubblicazione keypoints 3D: could not assign tuple of length 3 to structure with 4 fields.
[superpoint_node-2] [INFO] [1768033509.414680858] [superpoint_node]: Keypoints estratti: 800
[superpoint_node-2] [ERROR] [1768033509.420742406] [superpoint_node]: Errore pubblicazione keypoints 3D: could not assign tuple of length 3 to structure with 4 fields.
[superpoint_node-2] [INFO] [1768033509.517383763] [superpoint_node]: Keypoints estratti: 800
[superpoint_node-2] [ERROR] [1768033509.524787933] [superpoint_node]: Errore pubblicazione keypoints 3D: could not assign tuple of length 3 to structure with 4 fields.
[rtabmap-14] [INFO] [1768033509.538875489] [rtabmap]: rtabmap (107): Rate=0.50s, Limit=0.001s, Conversion=0.0003s, RTAB-Map=0.0234s, Maps update=0.0003s pub=0.0013s delay=0.0695s (local map=0, WM=0)
[superpoint_node-2] [INFO] [1768033509.612215848] [superpoint_node]: Keypoints estratti: 800
[superpoint_node-2] [ERROR] [1768033509.618140320] [superpoint_node]: Errore pubblicazione keypoints 3D: could not assign tuple of length 3 to structure with 4 fields.
[superpoint_node-2] [INFO] [1768033509.720332870] [superpoint_node]: Keypoints estratti: 800
[superpoint_node-2] [ERROR] [1768033509.726480049] [superpoint_node]: Errore pubblicazione keypoints 3D: could not assign tuple of length 3 to structure with 4 fields.
[superpoint_node-2] [INFO] [1768033509.814811322] [superpoint_node]: Keypoints estratti: 800
[superpoint_node-2] [ERROR] [1768033509.820808110] [superpoint_node]: Errore pubblicazione keypoints 3D: could not assign tuple of length 3 to structure with 4 fields.
[superpoint_node-2] [INFO] [1768033509.916890278] [superpoint_node]: Keypoints estratti: 800
[superpoint_node-2] [ERROR] [1768033509.923581405] [superpoint_node]: Errore pubblicazione keypoints 3D: could not assign tuple of length 3 to structure with 4 fields.
[superpoint_node-2] [INFO] [1768033510.016289436] [superpoint_node]: Keypoints estratti: 800
[superpoint_node-2] [ERROR] [1768033510.022517855] [superpoint_node]: Errore pubblicazione keypoints 3D: could not assign tuple of length 3 to structure with 4 fields.
[rtabmap-14] [INFO] [1768033510.052609631] [rtabmap]: rtabmap (108): Rate=0.50s, Limit=0.001s, Conversion=0.0002s, RTAB-Map=0.0278s, Maps update=0.0004s pub=0.0070s delay=0.0832s (local map=0, WM=0)
[superpoint_node-2] [INFO] [1768033510.116227356] [superpoint_node]: Keypoints estratti: 800
[superpoint_node-2] [ERROR] [1768033510.122303368] [superpoint_node]: Errore pubblicazione keypoints 3D: could not assign tuple of length 3 to structure with 4 fields.
[superpoint_node-2] [INFO] [1768033510.214523635] [superpoint_node]: Keypoints estratti: 800
[superpoint_node-2] [ERROR] [1768033510.221031964] [superpoint_node]: Errore pubblicazione keypoints 3D: could not assign tuple of length 3 to structure with 4 fields.
[superpoint_node-2] [INFO] [1768033510.313596660] [superpoint_node]: Keypoints estratti: 800
[superpoint_node-2] [ERROR] [1768033510.319785524] [superpoint_node]: Errore pubblicazione keypoints 3D: could not assign tuple of length 3 to structure with 4 fields.
[superpoint_node-2] [INFO] [1768033510.412278386] [superpoint_node]: Keypoints estratti: 800
[superpoint_node-2] [ERROR] [1768033510.418976846] [superpoint_node]: Errore pubblicazione keypoints 3D: could not assign tuple of length 3 to structure with 4 fields.
[superpoint_node-2] [INFO] [1768033510.514193433] [superpoint_node]: Keypoints estratti: 800
[superpoint_node-2] [ERROR] [1768033510.520190055] [superpoint_node]: Errore pubblicazione keypoints 3D: could not assign tuple of length 3 to structure with 4 fields.
[superpoint_node-2] [INFO] [1768033510.611896540] [superpoint_node]: Keypoints estratti: 800
[superpoint_node-2] [ERROR] [1768033510.618164553] [superpoint_node]: Errore pubblicazione keypoints 3D: could not assign tuple of length 3 to structure with 4 fields.
[rtabmap-14] [INFO] [1768033510.660407924] [rtabmap]: rtabmap (109): Rate=0.50s, Limit=0.001s, Conversion=0.0002s, RTAB-Map=0.0385s, Maps update=0.0015s pub=0.0055s delay=0.0910s (local map=0, WM=0)
[superpoint_node-2] [INFO] [1768033510.713316195] [superpoint_node]: Keypoints estratti: 800
[superpoint_node-2] [ERROR] [1768033510.719542596] [superpoint_node]: Errore pubblicazione keypoints 3D: could not assign tuple of length 3 to structure with 4 fields.
[superpoint_node-2] [INFO] [1768033510.813947732] [superpoint_node]: Keypoints estratti: 800
[superpoint_node-2] [ERROR] [1768033510.819880983] [superpoint_node]: Errore pubblicazione keypoints 3D: could not assign tuple of length 3 to structure with 4 fields.
[superpoint_node-2] [INFO] [1768033510.912653718] [superpoint_node]: Keypoints estratti: 800
[superpoint_node-2] [ERROR] [1768033510.918566839] [superpoint_node]: Errore pubblicazione keypoints 3D: could not assign tuple of length 3 to structure with 4 fields.
[superpoint_node-2] [INFO] [1768033511.013637388] [superpoint_node]: Keypoints estratti: 800
[superpoint_node-2] [ERROR] [1768033511.020212403] [superpoint_node]: Errore pubblicazione keypoints 3D: could not assign tuple of length 3 to structure with 4 fields.
[superpoint_node-2] [INFO] [1768033511.113971330] [superpoint_node]: Keypoints estratti: 800
[superpoint_node-2] [ERROR] [1768033511.120718532] [superpoint_node]: Errore pubblicazione keypoints 3D: could not assign tuple of length 3 to structure with 4 fields.
[superpoint_node-2] [INFO] [1768033511.213256598] [superpoint_node]: Keypoints estratti: 800
[superpoint_node-2] [ERROR] [1768033511.219479128] [superpoint_node]: Errore pubblicazione keypoints 3D: could not assign tuple of length 3 to structure with 4 fields.
[rtabmap-14] [INFO] [1768033511.235950833] [rtabmap]: rtabmap (110): Rate=0.50s, Limit=0.001s, Conversion=0.0002s, RTAB-Map=0.0179s, Maps update=0.0007s pub=0.0015s delay=0.0664s (local map=0, WM=0)
[superpoint_node-2] [INFO] [1768033511.315268387] [superpoint_node]: Keypoints estratti: 800
[superpoint_node-2] [ERROR] [1768033511.321153396] [superpoint_node]: Errore pubblicazione keypoints 3D: could not assign tuple of length 3 to structure with 4 fields.
[superpoint_node-2] [INFO] [1768033511.413377849] [superpoint_node]: Keypoints estratti: 800
[superpoint_node-2] [ERROR] [1768033511.419299173] [superpoint_node]: Errore pubblicazione keypoints 3D: could not assign tuple of length 3 to structure with 4 fields.
[superpoint_node-2] [INFO] [1768033511.514695188] [superpoint_node]: Keypoints estratti: 800
[superpoint_node-2] [ERROR] [1768033511.520840237] [superpoint_node]: Errore pubblicazione keypoints 3D: could not assign tuple of length 3 to structure with 4 fields.
[superpoint_node-2] [INFO] [1768033511.613344043] [superpoint_node]: Keypoints estratti: 800
[superpoint_node-2] [ERROR] [1768033511.619425739] [superpoint_node]: Errore pubblicazione keypoints 3D: could not assign tuple of length 3 to structure with 4 fields.
[superpoint_node-2] [INFO] [1768033511.730986363] [superpoint_node]: Keypoints estratti: 800
[superpoint_node-2] [ERROR] [1768033511.737503082] [superpoint_node]: Errore pubblicazione keypoints 3D: could not assign tuple of length 3 to structure with 4 fields.
[rtabmap-14] [INFO] [1768033511.755808004] [rtabmap]: rtabmap (111): Rate=0.50s, Limit=0.001s, Conversion=0.0007s, RTAB-Map=0.0363s, Maps update=0.0010s pub=0.0019s delay=0.0767s (local map=0, WM=0)
[superpoint_node-2] [INFO] [1768033511.821619803] [superpoint_node]: Keypoints estratti: 800
[superpoint_node-2] [ERROR] [1768033511.827695888] [superpoint_node]: Errore pubblicazione keypoints 3D: could not assign tuple of length 3 to structure with 4 fields.
[superpoint_node-2] [INFO] [1768033511.943839882] [superpoint_node]: Keypoints estratti: 800
[superpoint_node-2] [ERROR] [1768033511.950239636] [superpoint_node]: Errore pubblicazione keypoints 3D: could not assign tuple of length 3 to structure with 4 fields.
[superpoint_node-2] [INFO] [1768033512.032846050] [superpoint_node]: Keypoints estratti: 800
[superpoint_node-2] [ERROR] [1768033512.039977365] [superpoint_node]: Errore pubblicazione keypoints 3D: could not assign tuple of length 3 to structure with 4 fields.
[superpoint_node-2] [INFO] [1768033512.121846958] [superpoint_node]: Keypoints estratti: 800
[superpoint_node-2] [ERROR] [1768033512.127808376] [superpoint_node]: Errore pubblicazione keypoints 3D: could not assign tuple of length 3 to structure with 4 fields.
[superpoint_node-2] [INFO] [1768033512.219978142] [superpoint_node]: Keypoints estratti: 800
[superpoint_node-2] [ERROR] [1768033512.227030846] [superpoint_node]: Errore pubblicazione keypoints 3D: could not assign tuple of length 3 to structure with 4 fields.
[superpoint_node-2] [INFO] [1768033512.325599571] [superpoint_node]: Keypoints estratti: 800
[superpoint_node-2] [ERROR] [1768033512.332208975] [superpoint_node]: Errore pubblicazione keypoints 3D: could not assign tuple of length 3 to structure with 4 fields.
[rtabmap-14] [INFO] [1768033512.358410275] [rtabmap]: rtabmap (112): Rate=0.50s, Limit=0.001s, Conversion=0.0004s, RTAB-Map=0.0421s, Maps update=0.0006s pub=0.0045s delay=0.0865s (local map=0, WM=0)
[superpoint_node-2] [INFO] [1768033512.416730034] [superpoint_node]: Keypoints estratti: 800
[superpoint_node-2] [ERROR] [1768033512.422671469] [superpoint_node]: Errore pubblicazione keypoints 3D: could not assign tuple of length 3 to structure with 4 fields.
[superpoint_node-2] [INFO] [1768033512.518616488] [superpoint_node]: Keypoints estratti: 800
[superpoint_node-2] [ERROR] [1768033512.525454635] [superpoint_node]: Errore pubblicazione keypoints 3D: could not assign tuple of length 3 to structure with 4 fields.
[superpoint_node-2] [INFO] [1768033512.619770678] [superpoint_node]: Keypoints estratti: 800
[superpoint_node-2] [ERROR] [1768033512.626685196] [superpoint_node]: Errore pubblicazione keypoints 3D: could not assign tuple of length 3 to structure with 4 fields.
[superpoint_node-2] [INFO] [1768033512.717676601] [superpoint_node]: Keypoints estratti: 800
[superpoint_node-2] [ERROR] [1768033512.724525008] [superpoint_node]: Errore pubblicazione keypoints 3D: could not assign tuple of length 3 to structure with 4 fields.
[superpoint_node-2] [INFO] [1768033512.820673047] [superpoint_node]: Keypoints estratti: 800
[superpoint_node-2] [ERROR] [1768033512.827248839] [superpoint_node]: Errore pubblicazione keypoints 3D: could not assign tuple of length 3 to structure with 4 fields.
[rtabmap-14] [33m[ WARN] (2026-01-10 09:25:08.450) MapsManager.cpp:863::publishMaps() Graph has changed! The whole cloud is regenerated.[0m
[rtabmap-14] [33m[ WARN] (2026-01-10 09:25:08.451) OccupancyGrid.cpp:169::getProbMap() Map info is empty, cannot generate probabilistic occupancy grid[0m
[rtabmap-14] [33m[ WARN] (2026-01-10 09:25:09.055) MapsManager.cpp:863::publishMaps() Graph has changed! The whole cloud is regenerated.[0m
[rtabmap-14] [33m[ WARN] (2026-01-10 09:25:09.055) OccupancyGrid.cpp:169::getProbMap() Map info is empty, cannot generate probabilistic occupancy grid[0m
[rtabmap-14] [33m[ WARN] (2026-01-10 09:25:09.537) MapsManager.cpp:863::publishMaps() Graph has changed! The whole cloud is regenerated.[0m
[rtabmap-14] [33m[ WARN] (2026-01-10 09:25:09.538) OccupancyGrid.cpp:169::getProbMap() Map info is empty, cannot generate probabilistic occupancy grid[0m
[rtabmap-14] [33m[ WARN] (2026-01-10 09:25:10.044) MapsManager.cpp:863::publishMaps() Graph has changed! The whole cloud is regenerated.[0m
[rtabmap-14] [33m[ WARN] (2026-01-10 09:25:10.045) OccupancyGrid.cpp:169::getProbMap() Map info is empty, cannot generate probabilistic occupancy grid[0m
[rtabmap-14] [33m[ WARN] (2026-01-10 09:25:10.654) MapsManager.cpp:863::publishMaps() Graph has changed! The whole cloud is regenerated.[0m
[rtabmap-14] [33m[ WARN] (2026-01-10 09:25:10.657) OccupancyGrid.cpp:169::getProbMap() Map info is empty, cannot generate probabilistic occupancy grid[0m
[rtabmap-14] [33m[ WARN] (2026-01-10 09:25:11.234) MapsManager.cpp:863::publishMaps() Graph has changed! The whole cloud is regenerated.[0m
[rtabmap-14] [33m[ WARN] (2026-01-10 09:25:11.235) OccupancyGrid.cpp:169::getProbMap() Map info is empty, cannot generate probabilistic occupancy grid[0m
[rtabmap-14] [33m[ WARN] (2026-01-10 09:25:11.753) MapsManager.cpp:863::publishMaps() Graph has changed! The whole cloud is regenerated.[0m
[rtabmap-14] [33m[ WARN] (2026-01-10 09:25:11.754) OccupancyGrid.cpp:169::getProbMap() Map info is empty, cannot generate probabilistic occupancy grid[0m
[rtabmap-14] [33m[ WARN] (2026-01-10 09:25:12.352) MapsManager.cpp:863::publishMaps() Graph has changed! The whole cloud is regenerated.[0m
[rtabmap-14] [33m[ WARN] (2026-01-10 09:25:12.353) OccupancyGrid.cpp:169::getProbMap() Map info is empty, cannot generate probabilistic occupancy grid[0m
[superpoint_node-2] [INFO] [1768033512.920380299] [superpoint_node]: Keypoints estratti: 800
[superpoint_node-2] [ERROR] [1768033512.927202001] [superpoint_node]: Errore pubblicazione keypoints 3D: could not assign tuple of length 3 to structure with 4 fields.
[rtabmap-14] [INFO] [1768033512.960253522] [rtabmap]: rtabmap (113): Rate=0.50s, Limit=0.001s, Conversion=0.0003s, RTAB-Map=0.0408s, Maps update=0.0003s pub=0.0031s delay=0.0902s (local map=0, WM=0)
[superpoint_node-2] [INFO] [1768033513.023919952] [superpoint_node]: Keypoints estratti: 800
[superpoint_node-2] [ERROR] [1768033513.030604616] [superpoint_node]: Errore pubblicazione keypoints 3D: could not assign tuple of length 3 to structure with 4 fields.
[superpoint_node-2] [INFO] [1768033513.122022451] [superpoint_node]: Keypoints estratti: 800
[superpoint_node-2] [ERROR] [1768033513.128838227] [superpoint_node]: Errore pubblicazione keypoints 3D: could not assign tuple of length 3 to structure with 4 fields.
[superpoint_node-2] [INFO] [1768033513.219783892] [superpoint_node]: Keypoints estratti: 800
[superpoint_node-2] [ERROR] [1768033513.226561686] [superpoint_node]: Errore pubblicazione keypoints 3D: could not assign tuple of length 3 to structure with 4 fields.
[superpoint_node-2] [INFO] [1768033513.317130385] [superpoint_node]: Keypoints estratti: 800
[superpoint_node-2] [ERROR] [1768033513.323817864] [superpoint_node]: Errore pubblicazione keypoints 3D: could not assign tuple of length 3 to structure with 4 fields.
[superpoint_node-2] [INFO] [1768033513.420740872] [superpoint_node]: Keypoints estratti: 800
[superpoint_node-2] [ERROR] [1768033513.427727149] [superpoint_node]: Errore pubblicazione keypoints 3D: could not assign tuple of length 3 to structure with 4 fields.
[rtabmap-14] [INFO] [1768033513.465447003] [rtabmap]: rtabmap (114): Rate=0.50s, Limit=0.001s, Conversion=0.0003s, RTAB-Map=0.0414s, Maps update=0.0010s pub=0.0053s delay=0.0958s (local map=0, WM=0)
[superpoint_node-2] [INFO] [1768033513.526210799] [superpoint_node]: Keypoints estratti: 800
[superpoint_node-2] [ERROR] [1768033513.534044010] [superpoint_node]: Errore pubblicazione keypoints 3D: could not assign tuple of length 3 to structure with 4 fields.
[superpoint_node-2] [INFO] [1768033513.628934483] [superpoint_node]: Keypoints estratti: 800
[superpoint_node-2] [ERROR] [1768033513.636025521] [superpoint_node]: Errore pubblicazione keypoints 3D: could not assign tuple of length 3 to structure with 4 fields.
[superpoint_node-2] [INFO] [1768033513.727641950] [superpoint_node]: Keypoints estratti: 800
[superpoint_node-2] [ERROR] [1768033513.734774636] [superpoint_node]: Errore pubblicazione keypoints 3D: could not assign tuple of length 3 to structure with 4 fields.
[superpoint_node-2] [INFO] [1768033513.826759383] [superpoint_node]: Keypoints estratti: 800
[superpoint_node-2] [ERROR] [1768033513.833647548] [superpoint_node]: Errore pubblicazione keypoints 3D: could not assign tuple of length 3 to structure with 4 fields.
[superpoint_node-2] [INFO] [1768033513.928179426] [superpoint_node]: Keypoints estratti: 800
[superpoint_node-2] [ERROR] [1768033513.936352399] [superpoint_node]: Errore pubblicazione keypoints 3D: could not assign tuple of length 3 to structure with 4 fields.
[rtabmap-14] [INFO] [1768033513.953274310] [rtabmap]: rtabmap (115): Rate=0.50s, Limit=0.001s, Conversion=0.0005s, RTAB-Map=0.0399s, Maps update=0.0003s pub=0.0010s delay=0.0766s (local map=0, WM=0)
[superpoint_node-2] [INFO] [1768033514.029705749] [superpoint_node]: Keypoints estratti: 800
[superpoint_node-2] [ERROR] [1768033514.036984992] [superpoint_node]: Errore pubblicazione keypoints 3D: could not assign tuple of length 3 to structure with 4 fields.
[superpoint_node-2] [INFO] [1768033514.133858222] [superpoint_node]: Keypoints estratti: 800
[superpoint_node-2] [ERROR] [1768033514.142251047] [superpoint_node]: Errore pubblicazione keypoints 3D: could not assign tuple of length 3 to structure with 4 fields.
[superpoint_node-2] [INFO] [1768033514.233670345] [superpoint_node]: Keypoints estratti: 800
[superpoint_node-2] [ERROR] [1768033514.240937218] [superpoint_node]: Errore pubblicazione keypoints 3D: could not assign tuple of length 3 to structure with 4 fields.
[superpoint_node-2] [INFO] [1768033514.331081042] [superpoint_node]: Keypoints estratti: 800
[superpoint_node-2] [ERROR] [1768033514.338373156] [superpoint_node]: Errore pubblicazione keypoints 3D: could not assign tuple of length 3 to structure with 4 fields.
[superpoint_node-2] [INFO] [1768033514.428239034] [superpoint_node]: Keypoints estratti: 800
[superpoint_node-2] [ERROR] [1768033514.436557859] [superpoint_node]: Errore pubblicazione keypoints 3D: could not assign tuple of length 3 to structure with 4 fields.
[rtabmap-14] [INFO] [1768033514.463581943] [rtabmap]: rtabmap (116): Rate=0.50s, Limit=0.001s, Conversion=0.0003s, RTAB-Map=0.0378s, Maps update=0.0041s pub=0.0032s delay=0.0833s (local map=0, WM=0)
[superpoint_node-2] [INFO] [1768033514.527977009] [superpoint_node]: Keypoints estratti: 800
[superpoint_node-2] [ERROR] [1768033514.534986694] [superpoint_node]: Errore pubblicazione keypoints 3D: could not assign tuple of length 3 to structure with 4 fields.
[superpoint_node-2] [INFO] [1768033514.624463921] [superpoint_node]: Keypoints estratti: 800
[superpoint_node-2] [ERROR] [1768033514.631522421] [superpoint_node]: Errore pubblicazione keypoints 3D: could not assign tuple of length 3 to structure with 4 fields.
[superpoint_node-2] [INFO] [1768033514.720156956] [superpoint_node]: Keypoints estratti: 800
[superpoint_node-2] [ERROR] [1768033514.726920473] [superpoint_node]: Errore pubblicazione keypoints 3D: could not assign tuple of length 3 to structure with 4 fields.
[superpoint_node-2] [INFO] [1768033514.816801629] [superpoint_node]: Keypoints estratti: 800
[superpoint_node-2] [ERROR] [1768033514.823546145] [superpoint_node]: Errore pubblicazione keypoints 3D: could not assign tuple of length 3 to structure with 4 fields.
[superpoint_node-2] [INFO] [1768033514.918874215] [superpoint_node]: Keypoints estratti: 800
[superpoint_node-2] [ERROR] [1768033514.925893196] [superpoint_node]: Errore pubblicazione keypoints 3D: could not assign tuple of length 3 to structure with 4 fields.
[superpoint_node-2] [INFO] [1768033515.021496602] [superpoint_node]: Keypoints estratti: 800
[superpoint_node-2] [ERROR] [1768033515.029686703] [superpoint_node]: Errore pubblicazione keypoints 3D: could not assign tuple of length 3 to structure with 4 fields.
[rtabmap-14] [INFO] [1768033515.036980409] [rtabmap]: rtabmap (117): Rate=0.50s, Limit=0.001s, Conversion=0.0003s, RTAB-Map=0.0225s, Maps update=0.0003s pub=0.0011s delay=0.0672s (local map=0, WM=0)
[superpoint_node-2] [INFO] [1768033515.124812568] [superpoint_node]: Keypoints estratti: 800
[superpoint_node-2] [ERROR] [1768033515.132234830] [superpoint_node]: Errore pubblicazione keypoints 3D: could not assign tuple of length 3 to structure with 4 fields.
[superpoint_node-2] [INFO] [1768033515.222108357] [superpoint_node]: Keypoints estratti: 800
[superpoint_node-2] [ERROR] [1768033515.228918596] [superpoint_node]: Errore pubblicazione keypoints 3D: could not assign tuple of length 3 to structure with 4 fields.
[superpoint_node-2] [INFO] [1768033515.319792537] [superpoint_node]: Keypoints estratti: 800
[superpoint_node-2] [ERROR] [1768033515.326729963] [superpoint_node]: Errore pubblicazione keypoints 3D: could not assign tuple of length 3 to structure with 4 fields.
[superpoint_node-2] [INFO] [1768033515.418853118] [superpoint_node]: Keypoints estratti: 800
[superpoint_node-2] [ERROR] [1768033515.425658339] [superpoint_node]: Errore pubblicazione keypoints 3D: could not assign tuple of length 3 to structure with 4 fields.
[superpoint_node-2] [INFO] [1768033515.518863836] [superpoint_node]: Keypoints estratti: 800
[superpoint_node-2] [ERROR] [1768033515.525527259] [superpoint_node]: Errore pubblicazione keypoints 3D: could not assign tuple of length 3 to structure with 4 fields.
[superpoint_node-2] [INFO] [1768033515.617989047] [superpoint_node]: Keypoints estratti: 800
[superpoint_node-2] [ERROR] [1768033515.625140511] [superpoint_node]: Errore pubblicazione keypoints 3D: could not assign tuple of length 3 to structure with 4 fields.
[rtabmap-14] [INFO] [1768033515.662626826] [rtabmap]: rtabmap (118): Rate=0.50s, Limit=0.001s, Conversion=0.0003s, RTAB-Map=0.0383s, Maps update=0.0006s pub=0.0062s delay=0.0932s (local map=0, WM=0)
[superpoint_node-2] [INFO] [1768033515.721764165] [superpoint_node]: Keypoints estratti: 800
[superpoint_node-2] [ERROR] [1768033515.728430254] [superpoint_node]: Errore pubblicazione keypoints 3D: could not assign tuple of length 3 to structure with 4 fields.
[superpoint_node-2] [INFO] [1768033515.819903256] [superpoint_node]: Keypoints estratti: 800
[superpoint_node-2] [ERROR] [1768033515.826731051] [superpoint_node]: Errore pubblicazione keypoints 3D: could not assign tuple of length 3 to structure with 4 fields.
[superpoint_node-2] [INFO] [1768033515.921610358] [superpoint_node]: Keypoints estratti: 800
[superpoint_node-2] [ERROR] [1768033515.928824563] [superpoint_node]: Errore pubblicazione keypoints 3D: could not assign tuple of length 3 to structure with 4 fields.
[superpoint_node-2] [INFO] [1768033516.019781228] [superpoint_node]: Keypoints estratti: 800
[superpoint_node-2] [ERROR] [1768033516.026418669] [superpoint_node]: Errore pubblicazione keypoints 3D: could not assign tuple of length 3 to structure with 4 fields.
[superpoint_node-2] [INFO] [1768033516.120269005] [superpoint_node]: Keypoints estratti: 800
[superpoint_node-2] [ERROR] [1768033516.127123800] [superpoint_node]: Errore pubblicazione keypoints 3D: could not assign tuple of length 3 to structure with 4 fields.
[rtabmap-14] [INFO] [1768033516.165078693] [rtabmap]: rtabmap (119): Rate=0.50s, Limit=0.001s, Conversion=0.0008s, RTAB-Map=0.0461s, Maps update=0.0003s pub=0.0028s delay=0.0946s (local map=0, WM=0)
[superpoint_node-2] [INFO] [1768033516.223768065] [superpoint_node]: Keypoints estratti: 800
[superpoint_node-2] [ERROR] [1768033516.230569990] [superpoint_node]: Errore pubblicazione keypoints 3D: could not assign tuple of length 3 to structure with 4 fields.
[superpoint_node-2] [INFO] [1768033516.322500643] [superpoint_node]: Keypoints estratti: 800
[superpoint_node-2] [ERROR] [1768033516.329418920] [superpoint_node]: Errore pubblicazione keypoints 3D: could not assign tuple of length 3 to structure with 4 fields.
[superpoint_node-2] [INFO] [1768033516.423951243] [superpoint_node]: Keypoints estratti: 800
[superpoint_node-2] [ERROR] [1768033516.431218967] [superpoint_node]: Errore pubblicazione keypoints 3D: could not assign tuple of length 3 to structure with 4 fields.
[superpoint_node-2] [INFO] [1768033516.525709012] [superpoint_node]: Keypoints estratti: 800
[superpoint_node-2] [ERROR] [1768033516.533186756] [superpoint_node]: Errore pubblicazione keypoints 3D: could not assign tuple of length 3 to structure with 4 fields.
[superpoint_node-2] [INFO] [1768033516.624368904] [superpoint_node]: Keypoints estratti: 800
[superpoint_node-2] [ERROR] [1768033516.632101817] [superpoint_node]: Errore pubblicazione keypoints 3D: could not assign tuple of length 3 to structure with 4 fields.
[rtabmap-14] [INFO] [1768033516.634278538] [rtabmap]: rtabmap (120): Rate=0.50s, Limit=0.001s, Conversion=0.0003s, RTAB-Map=0.0203s, Maps update=0.0003s pub=0.0028s delay=0.0598s (local map=0, WM=0)
[superpoint_node-2] [INFO] [1768033516.728158670] [superpoint_node]: Keypoints estratti: 800
[superpoint_node-2] [ERROR] [1768033516.735135429] [superpoint_node]: Errore pubblicazione keypoints 3D: could not assign tuple of length 3 to structure with 4 fields.
[superpoint_node-2] [INFO] [1768033516.827254566] [superpoint_node]: Keypoints estratti: 800
[superpoint_node-2] [ERROR] [1768033516.834489253] [superpoint_node]: Errore pubblicazione keypoints 3D: could not assign tuple of length 3 to structure with 4 fields.
[superpoint_node-2] [INFO] [1768033516.931232056] [superpoint_node]: Keypoints estratti: 800
[superpoint_node-2] [ERROR] [1768033516.938959080] [superpoint_node]: Errore pubblicazione keypoints 3D: could not assign tuple of length 3 to structure with 4 fields.
[superpoint_node-2] [INFO] [1768033517.031342774] [superpoint_node]: Keypoints estratti: 800
[superpoint_node-2] [ERROR] [1768033517.038214995] [superpoint_node]: Errore pubblicazione keypoints 3D: could not assign tuple of length 3 to structure with 4 fields.
[superpoint_node-2] [INFO] [1768033517.134069162] [superpoint_node]: Keypoints estratti: 800
[superpoint_node-2] [ERROR] [1768033517.142858620] [superpoint_node]: Errore pubblicazione keypoints 3D: could not assign tuple of length 3 to structure with 4 fields.
[rtabmap-14] [INFO] [1768033517.207276982] [rtabmap]: rtabmap (121): Rate=0.50s, Limit=0.001s, Conversion=0.0002s, RTAB-Map=0.0450s, Maps update=0.0024s pub=0.0068s delay=0.1232s (local map=0, WM=0)
[superpoint_node-2] [INFO] [1768033517.242102721] [superpoint_node]: Keypoints estratti: 800
[superpoint_node-2] [ERROR] [1768033517.250082432] [superpoint_node]: Errore pubblicazione keypoints 3D: could not assign tuple of length 3 to structure with 4 fields.
[superpoint_node-2] [INFO] [1768033517.338678967] [superpoint_node]: Keypoints estratti: 800
[superpoint_node-2] [ERROR] [1768033517.345805005] [superpoint_node]: Errore pubblicazione keypoints 3D: could not assign tuple of length 3 to structure with 4 fields.
[superpoint_node-2] [INFO] [1768033517.450612742] [superpoint_node]: Keypoints estratti: 800
[superpoint_node-2] [ERROR] [1768033517.457333481] [superpoint_node]: Errore pubblicazione keypoints 3D: could not assign tuple of length 3 to structure with 4 fields.
[superpoint_node-2] [INFO] [1768033517.553489705] [superpoint_node]: Keypoints estratti: 800
[superpoint_node-2] [ERROR] [1768033517.560663854] [superpoint_node]: Errore pubblicazione keypoints 3D: could not assign tuple of length 3 to structure with 4 fields.
[superpoint_node-2] [INFO] [1768033517.655437716] [superpoint_node]: Keypoints estratti: 800
[superpoint_node-2] [ERROR] [1768033517.662691718] [superpoint_node]: Errore pubblicazione keypoints 3D: could not assign tuple of length 3 to structure with 4 fields.
[rtabmap-14] [INFO] [1768033517.666772787] [rtabmap]: rtabmap (122): Rate=0.50s, Limit=0.001s, Conversion=0.0002s, RTAB-Map=0.0239s, Maps update=0.0002s pub=0.0015s delay=0.0644s (local map=0, WM=0)
[superpoint_node-2] [INFO] [1768033517.758974517] [superpoint_node]: Keypoints estratti: 800
[superpoint_node-2] [ERROR] [1768033517.765994314] [superpoint_node]: Errore pubblicazione keypoints 3D: could not assign tuple of length 3 to structure with 4 fields.
[superpoint_node-2] [INFO] [1768033517.858564732] [superpoint_node]: Keypoints estratti: 800
[superpoint_node-2] [ERROR] [1768033517.865503305] [superpoint_node]: Errore pubblicazione keypoints 3D: could not assign tuple of length 3 to structure with 4 fields.
[rtabmap-14] [33m[ WARN] (2026-01-10 09:25:12.956) MapsManager.cpp:863::publishMaps() Graph has changed! The whole cloud is regenerated.[0m
[rtabmap-14] [33m[ WARN] (2026-01-10 09:25:12.958) OccupancyGrid.cpp:169::getProbMap() Map info is empty, cannot generate probabilistic occupancy grid[0m
[rtabmap-14] [33m[ WARN] (2026-01-10 09:25:13.459) MapsManager.cpp:863::publishMaps() Graph has changed! The whole cloud is regenerated.[0m
[rtabmap-14] [33m[ WARN] (2026-01-10 09:25:13.462) OccupancyGrid.cpp:169::getProbMap() Map info is empty, cannot generate probabilistic occupancy grid[0m
[rtabmap-14] [33m[ WARN] (2026-01-10 09:25:13.952) MapsManager.cpp:863::publishMaps() Graph has changed! The whole cloud is regenerated.[0m
[rtabmap-14] [33m[ WARN] (2026-01-10 09:25:13.952) OccupancyGrid.cpp:169::getProbMap() Map info is empty, cannot generate probabilistic occupancy grid[0m
[rtabmap-14] [33m[ WARN] (2026-01-10 09:25:14.460) MapsManager.cpp:863::publishMaps() Graph has changed! The whole cloud is regenerated.[0m
[rtabmap-14] [33m[ WARN] (2026-01-10 09:25:14.463) OccupancyGrid.cpp:169::getProbMap() Map info is empty, cannot generate probabilistic occupancy grid[0m
[rtabmap-14] [33m[ WARN] (2026-01-10 09:25:15.035) MapsManager.cpp:863::publishMaps() Graph has changed! The whole cloud is regenerated.[0m
[rtabmap-14] [33m[ WARN] (2026-01-10 09:25:15.036) OccupancyGrid.cpp:169::getProbMap() Map info is empty, cannot generate probabilistic occupancy grid[0m
[rtabmap-14] [33m[ WARN] (2026-01-10 09:25:15.656) MapsManager.cpp:863::publishMaps() Graph has changed! The whole cloud is regenerated.[0m
[rtabmap-14] [33m[ WARN] (2026-01-10 09:25:15.660) OccupancyGrid.cpp:169::getProbMap() Map info is empty, cannot generate probabilistic occupancy grid[0m
[rtabmap-14] [33m[ WARN] (2026-01-10 09:25:16.162) MapsManager.cpp:863::publishMaps() Graph has changed! The whole cloud is regenerated.[0m
[rtabmap-14] [33m[ WARN] (2026-01-10 09:25:16.162) OccupancyGrid.cpp:169::getProbMap() Map info is empty, cannot generate probabilistic occupancy grid[0m
[rtabmap-14] [33m[ WARN] (2026-01-10 09:25:16.631) MapsManager.cpp:863::publishMaps() Graph has changed! The whole cloud is regenerated.[0m
[rtabmap-14] [33m[ WARN] (2026-01-10 09:25:16.633) OccupancyGrid.cpp:169::getProbMap() Map info is empty, cannot generate probabilistic occupancy grid[0m
[rtabmap-14] [33m[ WARN] (2026-01-10 09:25:17.200) MapsManager.cpp:863::publishMaps() Graph has changed! The whole cloud is regenerated.[0m
[rtabmap-14] [33m[ WARN] (2026-01-10 09:25:17.204) OccupancyGrid.cpp:169::getProbMap() Map info is empty, cannot generate probabilistic occupancy grid[0m
[rtabmap-14] [33m[ WARN] (2026-01-10 09:25:17.665) MapsManager.cpp:863::publishMaps() Graph has changed! The whole cloud is regenerated.[0m
[rtabmap-14] [33m[ WARN] (2026-01-10 09:25:17.666) OccupancyGrid.cpp:169::getProbMap() Map info is empty, cannot generate probabilistic occupancy grid[0m
[superpoint_node-2] [INFO] [1768033517.957757869] [superpoint_node]: Keypoints estratti: 800
[superpoint_node-2] [ERROR] [1768033517.964511552] [superpoint_node]: Errore pubblicazione keypoints 3D: could not assign tuple of length 3 to structure with 4 fields.
[superpoint_node-2] [INFO] [1768033518.054522746] [superpoint_node]: Keypoints estratti: 800
[superpoint_node-2] [ERROR] [1768033518.061338671] [superpoint_node]: Errore pubblicazione keypoints 3D: could not assign tuple of length 3 to structure with 4 fields.
[superpoint_node-2] [INFO] [1768033518.153669828] [superpoint_node]: Keypoints estratti: 800
[superpoint_node-2] [ERROR] [1768033518.160539345] [superpoint_node]: Errore pubblicazione keypoints 3D: could not assign tuple of length 3 to structure with 4 fields.
[superpoint_node-2] [INFO] [1768033518.254534460] [superpoint_node]: Keypoints estratti: 800
[superpoint_node-2] [ERROR] [1768033518.262829599] [superpoint_node]: Errore pubblicazione keypoints 3D: could not assign tuple of length 3 to structure with 4 fields.
[rtabmap-14] [INFO] [1768033518.271531076] [rtabmap]: rtabmap (123): Rate=0.50s, Limit=0.001s, Conversion=0.0003s, RTAB-Map=0.0239s, Maps update=0.0003s pub=0.0012s delay=0.0694s (local map=0, WM=0)
[superpoint_node-2] [INFO] [1768033518.358277559] [superpoint_node]: Keypoints estratti: 800
[superpoint_node-2] [ERROR] [1768033518.365046168] [superpoint_node]: Errore pubblicazione keypoints 3D: could not assign tuple of length 3 to structure with 4 fields.
[superpoint_node-2] [INFO] [1768033518.456089870] [superpoint_node]: Keypoints estratti: 800
[superpoint_node-2] [ERROR] [1768033518.462970814] [superpoint_node]: Errore pubblicazione keypoints 3D: could not assign tuple of length 3 to structure with 4 fields.
[superpoint_node-2] [INFO] [1768033518.555046228] [superpoint_node]: Keypoints estratti: 800
[superpoint_node-2] [ERROR] [1768033518.562264378] [superpoint_node]: Errore pubblicazione keypoints 3D: could not assign tuple of length 3 to structure with 4 fields.
[superpoint_node-2] [INFO] [1768033518.655583709] [superpoint_node]: Keypoints estratti: 800
[superpoint_node-2] [ERROR] [1768033518.662482764] [superpoint_node]: Errore pubblicazione keypoints 3D: could not assign tuple of length 3 to structure with 4 fields.
[superpoint_node-2] [INFO] [1768033518.756346155] [superpoint_node]: Keypoints estratti: 800
[superpoint_node-2] [ERROR] [1768033518.763371989] [superpoint_node]: Errore pubblicazione keypoints 3D: could not assign tuple of length 3 to structure with 4 fields.
[rtabmap-14] [INFO] [1768033518.794597773] [rtabmap]: rtabmap (124): Rate=0.50s, Limit=0.001s, Conversion=0.0014s, RTAB-Map=0.0437s, Maps update=0.0003s pub=0.0016s delay=0.0910s (local map=0, WM=0)
[superpoint_node-2] [INFO] [1768033518.863428114] [superpoint_node]: Keypoints estratti: 800
[superpoint_node-2] [ERROR] [1768033518.870283557] [superpoint_node]: Errore pubblicazione keypoints 3D: could not assign tuple of length 3 to structure with 4 fields.
[superpoint_node-2] [INFO] [1768033518.961983932] [superpoint_node]: Keypoints estratti: 800
[superpoint_node-2] [ERROR] [1768033518.969502565] [superpoint_node]: Errore pubblicazione keypoints 3D: could not assign tuple of length 3 to structure with 4 fields.
[superpoint_node-2] [INFO] [1768033519.059068145] [superpoint_node]: Keypoints estratti: 800
[superpoint_node-2] [ERROR] [1768033519.066463351] [superpoint_node]: Errore pubblicazione keypoints 3D: could not assign tuple of length 3 to structure with 4 fields.
[superpoint_node-2] [INFO] [1768033519.190161442] [superpoint_node]: Keypoints estratti: 800
[superpoint_node-2] [ERROR] [1768033519.196879366] [superpoint_node]: Errore pubblicazione keypoints 3D: could not assign tuple of length 3 to structure with 4 fields.
[superpoint_node-2] [INFO] [1768033519.286500501] [superpoint_node]: Keypoints estratti: 800
[superpoint_node-2] [ERROR] [1768033519.294923383] [superpoint_node]: Errore pubblicazione keypoints 3D: could not assign tuple of length 3 to structure with 4 fields.
[rtabmap-14] [INFO] [1768033519.319289446] [rtabmap]: rtabmap (125): Rate=0.50s, Limit=0.001s, Conversion=0.0006s, RTAB-Map=0.0402s, Maps update=0.0008s pub=0.0015s delay=0.0796s (local map=0, WM=0)
[superpoint_node-2] [INFO] [1768033519.386079493] [superpoint_node]: Keypoints estratti: 800
[superpoint_node-2] [ERROR] [1768033519.392594360] [superpoint_node]: Errore pubblicazione keypoints 3D: could not assign tuple of length 3 to structure with 4 fields.
[superpoint_node-2] [INFO] [1768033519.516959474] [superpoint_node]: Keypoints estratti: 800
[superpoint_node-2] [ERROR] [1768033519.523980530] [superpoint_node]: Errore pubblicazione keypoints 3D: could not assign tuple of length 3 to structure with 4 fields.
[superpoint_node-2] [INFO] [1768033519.616874265] [superpoint_node]: Keypoints estratti: 800
[superpoint_node-2] [ERROR] [1768033519.623231556] [superpoint_node]: Errore pubblicazione keypoints 3D: could not assign tuple of length 3 to structure with 4 fields.
[superpoint_node-2] [INFO] [1768033519.714638076] [superpoint_node]: Keypoints estratti: 800
[superpoint_node-2] [ERROR] [1768033519.721085998] [superpoint_node]: Errore pubblicazione keypoints 3D: could not assign tuple of length 3 to structure with 4 fields.
[superpoint_node-2] [INFO] [1768033519.814818944] [superpoint_node]: Keypoints estratti: 800
[superpoint_node-2] [ERROR] [1768033519.822027001] [superpoint_node]: Errore pubblicazione keypoints 3D: could not assign tuple of length 3 to structure with 4 fields.
[rtabmap-14] [INFO] [1768033519.861835742] [rtabmap]: rtabmap (126): Rate=0.50s, Limit=0.001s, Conversion=0.0004s, RTAB-Map=0.0448s, Maps update=0.0003s pub=0.0018s delay=0.0923s (local map=0, WM=0)
[superpoint_node-2] [INFO] [1768033519.915176479] [superpoint_node]: Keypoints estratti: 800
[superpoint_node-2] [ERROR] [1768033519.921795754] [superpoint_node]: Errore pubblicazione keypoints 3D: could not assign tuple of length 3 to structure with 4 fields.
[superpoint_node-2] [INFO] [1768033520.017159805] [superpoint_node]: Keypoints estratti: 800
[superpoint_node-2] [ERROR] [1768033520.023868914] [superpoint_node]: Errore pubblicazione keypoints 3D: could not assign tuple of length 3 to structure with 4 fields.
[superpoint_node-2] [INFO] [1768033520.117076429] [superpoint_node]: Keypoints estratti: 800
[superpoint_node-2] [ERROR] [1768033520.123688611] [superpoint_node]: Errore pubblicazione keypoints 3D: could not assign tuple of length 3 to structure with 4 fields.
[superpoint_node-2] [INFO] [1768033520.217274390] [superpoint_node]: Keypoints estratti: 800
[superpoint_node-2] [ERROR] [1768033520.223837608] [superpoint_node]: Errore pubblicazione keypoints 3D: could not assign tuple of length 3 to structure with 4 fields.
[superpoint_node-2] [INFO] [1768033520.314956293] [superpoint_node]: Keypoints estratti: 800
[superpoint_node-2] [ERROR] [1768033520.321584790] [superpoint_node]: Errore pubblicazione keypoints 3D: could not assign tuple of length 3 to structure with 4 fields.
[superpoint_node-2] [INFO] [1768033520.418204221] [superpoint_node]: Keypoints estratti: 800
[superpoint_node-2] [ERROR] [1768033520.424964256] [superpoint_node]: Errore pubblicazione keypoints 3D: could not assign tuple of length 3 to structure with 4 fields.
[rtabmap-14] [INFO] [1768033520.454503768] [rtabmap]: rtabmap (127): Rate=0.50s, Limit=0.001s, Conversion=0.0007s, RTAB-Map=0.0392s, Maps update=0.0003s pub=0.0014s delay=0.0848s (local map=0, WM=0)
[superpoint_node-2] [INFO] [1768033520.519489690] [superpoint_node]: Keypoints estratti: 800
[superpoint_node-2] [ERROR] [1768033520.526889119] [superpoint_node]: Errore pubblicazione keypoints 3D: could not assign tuple of length 3 to structure with 4 fields.
[superpoint_node-2] [INFO] [1768033520.616670922] [superpoint_node]: Keypoints estratti: 800
[superpoint_node-2] [ERROR] [1768033520.623175418] [superpoint_node]: Errore pubblicazione keypoints 3D: could not assign tuple of length 3 to structure with 4 fields.
[superpoint_node-2] [INFO] [1768033520.714998386] [superpoint_node]: Keypoints estratti: 800
[superpoint_node-2] [ERROR] [1768033520.721340640] [superpoint_node]: Errore pubblicazione keypoints 3D: could not assign tuple of length 3 to structure with 4 fields.
[superpoint_node-2] [INFO] [1768033520.820758353] [superpoint_node]: Keypoints estratti: 800
[superpoint_node-2] [ERROR] [1768033520.827306757] [superpoint_node]: Errore pubblicazione keypoints 3D: could not assign tuple of length 3 to structure with 4 fields.
[superpoint_node-2] [INFO] [1768033520.916796206] [superpoint_node]: Keypoints estratti: 800
[superpoint_node-2] [ERROR] [1768033520.923375295] [superpoint_node]: Errore pubblicazione keypoints 3D: could not assign tuple of length 3 to structure with 4 fields.
[superpoint_node-2] [INFO] [1768033521.017353114] [superpoint_node]: Keypoints estratti: 800
[superpoint_node-2] [ERROR] [1768033521.024768598] [superpoint_node]: Errore pubblicazione keypoints 3D: could not assign tuple of length 3 to structure with 4 fields.
[rtabmap-14] [INFO] [1768033521.053928181] [rtabmap]: rtabmap (128): Rate=0.50s, Limit=0.001s, Conversion=0.0002s, RTAB-Map=0.0393s, Maps update=0.0017s pub=0.0017s delay=0.0845s (local map=0, WM=0)
[superpoint_node-2] [INFO] [1768033521.119850647] [superpoint_node]: Keypoints estratti: 800
[superpoint_node-2] [ERROR] [1768033521.126406644] [superpoint_node]: Errore pubblicazione keypoints 3D: could not assign tuple of length 3 to structure with 4 fields.
[superpoint_node-2] [INFO] [1768033521.220380980] [superpoint_node]: Keypoints estratti: 800
[superpoint_node-2] [ERROR] [1768033521.227498926] [superpoint_node]: Errore pubblicazione keypoints 3D: could not assign tuple of length 3 to structure with 4 fields.
[superpoint_node-2] [INFO] [1768033521.316585205] [superpoint_node]: Keypoints estratti: 800
[superpoint_node-2] [ERROR] [1768033521.323209498] [superpoint_node]: Errore pubblicazione keypoints 3D: could not assign tuple of length 3 to structure with 4 fields.
[superpoint_node-2] [INFO] [1768033521.418145398] [superpoint_node]: Keypoints estratti: 800
[superpoint_node-2] [ERROR] [1768033521.424869137] [superpoint_node]: Errore pubblicazione keypoints 3D: could not assign tuple of length 3 to structure with 4 fields.
[superpoint_node-2] [INFO] [1768033521.516641012] [superpoint_node]: Keypoints estratti: 800
[superpoint_node-2] [ERROR] [1768033521.523134396] [superpoint_node]: Errore pubblicazione keypoints 3D: could not assign tuple of length 3 to structure with 4 fields.
[superpoint_node-2] [INFO] [1768033521.619805143] [superpoint_node]: Keypoints estratti: 800
[superpoint_node-2] [ERROR] [1768033521.629161347] [superpoint_node]: Errore pubblicazione keypoints 3D: could not assign tuple of length 3 to structure with 4 fields.
[rtabmap-14] [INFO] [1768033521.656180376] [rtabmap]: rtabmap (129): Rate=0.50s, Limit=0.001s, Conversion=0.0002s, RTAB-Map=0.0338s, Maps update=0.0002s pub=0.0076s delay=0.0867s (local map=0, WM=0)
[superpoint_node-2] [INFO] [1768033521.724171636] [superpoint_node]: Keypoints estratti: 800
[superpoint_node-2] [ERROR] [1768033521.731570547] [superpoint_node]: Errore pubblicazione keypoints 3D: could not assign tuple of length 3 to structure with 4 fields.
[superpoint_node-2] [INFO] [1768033521.823679517] [superpoint_node]: Keypoints estratti: 800
[superpoint_node-2] [ERROR] [1768033521.830207013] [superpoint_node]: Errore pubblicazione keypoints 3D: could not assign tuple of length 3 to structure with 4 fields.
[superpoint_node-2] [INFO] [1768033521.916002026] [superpoint_node]: Keypoints estratti: 800
[superpoint_node-2] [ERROR] [1768033521.922446521] [superpoint_node]: Errore pubblicazione keypoints 3D: could not assign tuple of length 3 to structure with 4 fields.
[superpoint_node-2] [INFO] [1768033522.016332727] [superpoint_node]: Keypoints estratti: 800
[superpoint_node-2] [ERROR] [1768033522.022768630] [superpoint_node]: Errore pubblicazione keypoints 3D: could not assign tuple of length 3 to structure with 4 fields.
[superpoint_node-2] [INFO] [1768033522.116841023] [superpoint_node]: Keypoints estratti: 800
[superpoint_node-2] [ERROR] [1768033522.123536799] [superpoint_node]: Errore pubblicazione keypoints 3D: could not assign tuple of length 3 to structure with 4 fields.
[superpoint_node-2] [INFO] [1768033522.217023854] [superpoint_node]: Keypoints estratti: 800
[superpoint_node-2] [ERROR] [1768033522.223817389] [superpoint_node]: Errore pubblicazione keypoints 3D: could not assign tuple of length 3 to structure with 4 fields.
[rtabmap-14] [INFO] [1768033522.260220733] [rtabmap]: rtabmap (130): Rate=0.50s, Limit=0.001s, Conversion=0.0006s, RTAB-Map=0.0391s, Maps update=0.0009s pub=0.0041s delay=0.0908s (local map=0, WM=0)
[superpoint_node-2] [INFO] [1768033522.320179170] [superpoint_node]: Keypoints estratti: 800
[superpoint_node-2] [ERROR] [1768033522.326633129] [superpoint_node]: Errore pubblicazione keypoints 3D: could not assign tuple of length 3 to structure with 4 fields.
[superpoint_node-2] [INFO] [1768033522.417885648] [superpoint_node]: Keypoints estratti: 800
[superpoint_node-2] [ERROR] [1768033522.424345236] [superpoint_node]: Errore pubblicazione keypoints 3D: could not assign tuple of length 3 to structure with 4 fields.
[superpoint_node-2] [INFO] [1768033522.545337176] [superpoint_node]: Keypoints estratti: 800
[superpoint_node-2] [ERROR] [1768033522.552301712] [superpoint_node]: Errore pubblicazione keypoints 3D: could not assign tuple of length 3 to structure with 4 fields.
[superpoint_node-2] [INFO] [1768033522.643488268] [superpoint_node]: Keypoints estratti: 800
[superpoint_node-2] [ERROR] [1768033522.650860919] [superpoint_node]: Errore pubblicazione keypoints 3D: could not assign tuple of length 3 to structure with 4 fields.
[superpoint_node-2] [INFO] [1768033522.741192504] [superpoint_node]: Keypoints estratti: 800
[superpoint_node-2] [ERROR] [1768033522.748841417] [superpoint_node]: Errore pubblicazione keypoints 3D: could not assign tuple of length 3 to structure with 4 fields.
[rtabmap-14] [INFO] [1768033522.764034092] [rtabmap]: rtabmap (131): Rate=0.50s, Limit=0.001s, Conversion=0.0009s, RTAB-Map=0.0416s, Maps update=0.0003s pub=0.0027s delay=0.0738s (local map=0, WM=0)
[superpoint_node-2] [INFO] [1768033522.840808849] [superpoint_node]: Keypoints estratti: 800
[superpoint_node-2] [ERROR] [1768033522.848351705] [superpoint_node]: Errore pubblicazione keypoints 3D: could not assign tuple of length 3 to structure with 4 fields.
[rtabmap-14] [33m[ WARN] (2026-01-10 09:25:18.270) MapsManager.cpp:863::publishMaps() Graph has changed! The whole cloud is regenerated.[0m
[rtabmap-14] [33m[ WARN] (2026-01-10 09:25:18.270) OccupancyGrid.cpp:169::getProbMap() Map info is empty, cannot generate probabilistic occupancy grid[0m
[rtabmap-14] [33m[ WARN] (2026-01-10 09:25:18.792) MapsManager.cpp:863::publishMaps() Graph has changed! The whole cloud is regenerated.[0m
[rtabmap-14] [33m[ WARN] (2026-01-10 09:25:18.793) OccupancyGrid.cpp:169::getProbMap() Map info is empty, cannot generate probabilistic occupancy grid[0m
[rtabmap-14] [33m[ WARN] (2026-01-10 09:25:19.317) MapsManager.cpp:863::publishMaps() Graph has changed! The whole cloud is regenerated.[0m
[rtabmap-14] [33m[ WARN] (2026-01-10 09:25:19.318) OccupancyGrid.cpp:169::getProbMap() Map info is empty, cannot generate probabilistic occupancy grid[0m
[rtabmap-14] [33m[ WARN] (2026-01-10 09:25:19.442) CoreWrapper.cpp:1227::odomTFUpdate() Odometry is reset (identity pose detected). Increment map id![0m
[rtabmap-14] [33m[ WARN] (2026-01-10 09:25:19.860) MapsManager.cpp:863::publishMaps() Graph has changed! The whole cloud is regenerated.[0m
[rtabmap-14] [33m[ WARN] (2026-01-10 09:25:19.860) OccupancyGrid.cpp:169::getProbMap() Map info is empty, cannot generate probabilistic occupancy grid[0m
[rtabmap-14] [33m[ WARN] (2026-01-10 09:25:20.453) MapsManager.cpp:863::publishMaps() Graph has changed! The whole cloud is regenerated.[0m
[rtabmap-14] [33m[ WARN] (2026-01-10 09:25:20.453) OccupancyGrid.cpp:169::getProbMap() Map info is empty, cannot generate probabilistic occupancy grid[0m
[rtabmap-14] [33m[ WARN] (2026-01-10 09:25:21.052) MapsManager.cpp:863::publishMaps() Graph has changed! The whole cloud is regenerated.[0m
[rtabmap-14] [33m[ WARN] (2026-01-10 09:25:21.052) OccupancyGrid.cpp:169::getProbMap() Map info is empty, cannot generate probabilistic occupancy grid[0m
[rtabmap-14] [33m[ WARN] (2026-01-10 09:25:21.648) MapsManager.cpp:863::publishMaps() Graph has changed! The whole cloud is regenerated.[0m
[rtabmap-14] [33m[ WARN] (2026-01-10 09:25:21.650) OccupancyGrid.cpp:169::getProbMap() Map info is empty, cannot generate probabilistic occupancy grid[0m
[rtabmap-14] [33m[ WARN] (2026-01-10 09:25:22.256) MapsManager.cpp:863::publishMaps() Graph has changed! The whole cloud is regenerated.[0m
[rtabmap-14] [33m[ WARN] (2026-01-10 09:25:22.259) OccupancyGrid.cpp:169::getProbMap() Map info is empty, cannot generate probabilistic occupancy grid[0m
[rtabmap-14] [33m[ WARN] (2026-01-10 09:25:22.761) MapsManager.cpp:863::publishMaps() Graph has changed! The whole cloud is regenerated.[0m
[rtabmap-14] [33m[ WARN] (2026-01-10 09:25:22.761) OccupancyGrid.cpp:169::getProbMap() Map info is empty, cannot generate probabilistic occupancy grid[0m
[superpoint_node-2] [INFO] [1768033522.937355298] [superpoint_node]: Keypoints estratti: 800
[superpoint_node-2] [ERROR] [1768033522.944321168] [superpoint_node]: Errore pubblicazione keypoints 3D: could not assign tuple of length 3 to structure with 4 fields.
[superpoint_node-2] [INFO] [1768033523.033076001] [superpoint_node]: Keypoints estratti: 800
[superpoint_node-2] [ERROR] [1768033523.040825803] [superpoint_node]: Errore pubblicazione keypoints 3D: could not assign tuple of length 3 to structure with 4 fields.
[superpoint_node-2] [INFO] [1768033523.128205958] [superpoint_node]: Keypoints estratti: 800
[superpoint_node-2] [ERROR] [1768033523.134890603] [superpoint_node]: Errore pubblicazione keypoints 3D: could not assign tuple of length 3 to structure with 4 fields.
[superpoint_node-2] [INFO] [1768033523.225910324] [superpoint_node]: Keypoints estratti: 800
[superpoint_node-2] [ERROR] [1768033523.232459135] [superpoint_node]: Errore pubblicazione keypoints 3D: could not assign tuple of length 3 to structure with 4 fields.
[superpoint_node-2] [INFO] [1768033523.321821898] [superpoint_node]: Keypoints estratti: 800
[superpoint_node-2] [ERROR] [1768033523.329682368] [superpoint_node]: Errore pubblicazione keypoints 3D: could not assign tuple of length 3 to structure with 4 fields.
[rtabmap-14] [INFO] [1768033523.339916153] [rtabmap]: rtabmap (132): Rate=0.50s, Limit=0.001s, Conversion=0.0003s, RTAB-Map=0.0246s, Maps update=0.0011s pub=0.0013s delay=0.0659s (local map=0, WM=0)
[superpoint_node-2] [INFO] [1768033523.424048763] [superpoint_node]: Keypoints estratti: 800
[superpoint_node-2] [ERROR] [1768033523.431605230] [superpoint_node]: Errore pubblicazione keypoints 3D: could not assign tuple of length 3 to structure with 4 fields.
[superpoint_node-2] [INFO] [1768033523.520315822] [superpoint_node]: Keypoints estratti: 800
[superpoint_node-2] [ERROR] [1768033523.526838818] [superpoint_node]: Errore pubblicazione keypoints 3D: could not assign tuple of length 3 to structure with 4 fields.
[superpoint_node-2] [INFO] [1768033523.617454184] [superpoint_node]: Keypoints estratti: 800
[superpoint_node-2] [ERROR] [1768033523.624163588] [superpoint_node]: Errore pubblicazione keypoints 3D: could not assign tuple of length 3 to structure with 4 fields.
[superpoint_node-2] [INFO] [1768033523.718533632] [superpoint_node]: Keypoints estratti: 800
[superpoint_node-2] [ERROR] [1768033523.725070869] [superpoint_node]: Errore pubblicazione keypoints 3D: could not assign tuple of length 3 to structure with 4 fields.
[superpoint_node-2] [INFO] [1768033523.815956607] [superpoint_node]: Keypoints estratti: 800
[superpoint_node-2] [ERROR] [1768033523.822453955] [superpoint_node]: Errore pubblicazione keypoints 3D: could not assign tuple of length 3 to structure with 4 fields.
[superpoint_node-2] [INFO] [1768033523.918203454] [superpoint_node]: Keypoints estratti: 800
[superpoint_node-2] [ERROR] [1768033523.930036159] [superpoint_node]: Errore pubblicazione keypoints 3D: could not assign tuple of length 3 to structure with 4 fields.
[rtabmap-14] [INFO] [1768033523.958933999] [rtabmap]: rtabmap (133): Rate=0.50s, Limit=0.001s, Conversion=0.0002s, RTAB-Map=0.0408s, Maps update=0.0005s pub=0.0055s delay=0.0894s (local map=0, WM=0)
[superpoint_node-2] [INFO] [1768033524.020577653] [superpoint_node]: Keypoints estratti: 800
[superpoint_node-2] [ERROR] [1768033524.029022942] [superpoint_node]: Errore pubblicazione keypoints 3D: could not assign tuple of length 3 to structure with 4 fields.
[superpoint_node-2] [INFO] [1768033524.117939665] [superpoint_node]: Keypoints estratti: 800
[superpoint_node-2] [ERROR] [1768033524.124378568] [superpoint_node]: Errore pubblicazione keypoints 3D: could not assign tuple of length 3 to structure with 4 fields.
[superpoint_node-2] [INFO] [1768033524.216846967] [superpoint_node]: Keypoints estratti: 800
[superpoint_node-2] [ERROR] [1768033524.223483242] [superpoint_node]: Errore pubblicazione keypoints 3D: could not assign tuple of length 3 to structure with 4 fields.
[superpoint_node-2] [INFO] [1768033524.314374906] [superpoint_node]: Keypoints estratti: 800
[superpoint_node-2] [ERROR] [1768033524.321116255] [superpoint_node]: Errore pubblicazione keypoints 3D: could not assign tuple of length 3 to structure with 4 fields.
[superpoint_node-2] [INFO] [1768033524.416468270] [superpoint_node]: Keypoints estratti: 800
[superpoint_node-2] [ERROR] [1768033524.423099211] [superpoint_node]: Errore pubblicazione keypoints 3D: could not assign tuple of length 3 to structure with 4 fields.
[superpoint_node-2] [INFO] [1768033524.519979423] [superpoint_node]: Keypoints estratti: 800
[superpoint_node-2] [ERROR] [1768033524.526528715] [superpoint_node]: Errore pubblicazione keypoints 3D: could not assign tuple of length 3 to structure with 4 fields.
[rtabmap-14] [INFO] [1768033524.563290580] [rtabmap]: rtabmap (134): Rate=0.50s, Limit=0.001s, Conversion=0.0002s, RTAB-Map=0.0393s, Maps update=0.0012s pub=0.0053s delay=0.0938s (local map=0, WM=0)
[superpoint_node-2] [INFO] [1768033524.620248754] [superpoint_node]: Keypoints estratti: 800
[superpoint_node-2] [ERROR] [1768033524.626911973] [superpoint_node]: Errore pubblicazione keypoints 3D: could not assign tuple of length 3 to structure with 4 fields.
[superpoint_node-2] [INFO] [1768033524.717305707] [superpoint_node]: Keypoints estratti: 800
[superpoint_node-2] [ERROR] [1768033524.724410430] [superpoint_node]: Errore pubblicazione keypoints 3D: could not assign tuple of length 3 to structure with 4 fields.
[superpoint_node-2] [INFO] [1768033524.814635219] [superpoint_node]: Keypoints estratti: 800
[superpoint_node-2] [ERROR] [1768033524.821255105] [superpoint_node]: Errore pubblicazione keypoints 3D: could not assign tuple of length 3 to structure with 4 fields.
[superpoint_node-2] [INFO] [1768033524.915136700] [superpoint_node]: Keypoints estratti: 800
[superpoint_node-2] [ERROR] [1768033524.921747567] [superpoint_node]: Errore pubblicazione keypoints 3D: could not assign tuple of length 3 to structure with 4 fields.
[superpoint_node-2] [INFO] [1768033525.015359716] [superpoint_node]: Keypoints estratti: 800
[superpoint_node-2] [ERROR] [1768033525.022177418] [superpoint_node]: Errore pubblicazione keypoints 3D: could not assign tuple of length 3 to structure with 4 fields.
[rtabmap-14] [INFO] [1768033525.055259661] [rtabmap]: rtabmap (135): Rate=0.50s, Limit=0.001s, Conversion=0.0006s, RTAB-Map=0.0376s, Maps update=0.0002s pub=0.0023s delay=0.0857s (local map=0, WM=0)
[superpoint_node-2] [INFO] [1768033525.119052407] [superpoint_node]: Keypoints estratti: 800
[superpoint_node-2] [ERROR] [1768033525.125486829] [superpoint_node]: Errore pubblicazione keypoints 3D: could not assign tuple of length 3 to structure with 4 fields.
[superpoint_node-2] [INFO] [1768033525.216430734] [superpoint_node]: Keypoints estratti: 800
[superpoint_node-2] [ERROR] [1768033525.222986545] [superpoint_node]: Errore pubblicazione keypoints 3D: could not assign tuple of length 3 to structure with 4 fields.
[superpoint_node-2] [INFO] [1768033525.318270985] [superpoint_node]: Keypoints estratti: 800
[superpoint_node-2] [ERROR] [1768033525.324817851] [superpoint_node]: Errore pubblicazione keypoints 3D: could not assign tuple of length 3 to structure with 4 fields.
[superpoint_node-2] [INFO] [1768033525.418271295] [superpoint_node]: Keypoints estratti: 800
[superpoint_node-2] [ERROR] [1768033525.425067090] [superpoint_node]: Errore pubblicazione keypoints 3D: could not assign tuple of length 3 to structure with 4 fields.
[superpoint_node-2] [INFO] [1768033525.523910835] [superpoint_node]: Keypoints estratti: 800
[superpoint_node-2] [ERROR] [1768033525.531014040] [superpoint_node]: Errore pubblicazione keypoints 3D: could not assign tuple of length 3 to structure with 4 fields.
[superpoint_node-2] [INFO] [1768033525.625982532] [superpoint_node]: Keypoints estratti: 800
[superpoint_node-2] [ERROR] [1768033525.635506645] [superpoint_node]: Errore pubblicazione keypoints 3D: could not assign tuple of length 3 to structure with 4 fields.
[rtabmap-14] [INFO] [1768033525.677294698] [rtabmap]: rtabmap (136): Rate=0.50s, Limit=0.001s, Conversion=0.0008s, RTAB-Map=0.0527s, Maps update=0.0017s pub=0.0039s delay=0.1041s (local map=0, WM=0)
[superpoint_node-2] [INFO] [1768033525.771714409] [superpoint_node]: Keypoints estratti: 800
[superpoint_node-2] [ERROR] [1768033525.779602879] [superpoint_node]: Errore pubblicazione keypoints 3D: could not assign tuple of length 3 to structure with 4 fields.
[superpoint_node-2] [INFO] [1768033525.869398497] [superpoint_node]: Keypoints estratti: 800
[superpoint_node-2] [ERROR] [1768033525.876764166] [superpoint_node]: Errore pubblicazione keypoints 3D: could not assign tuple of length 3 to structure with 4 fields.
[superpoint_node-2] [INFO] [1768033525.968105316] [superpoint_node]: Keypoints estratti: 800
[superpoint_node-2] [ERROR] [1768033525.976288010] [superpoint_node]: Errore pubblicazione keypoints 3D: could not assign tuple of length 3 to structure with 4 fields.
[superpoint_node-2] [INFO] [1768033526.070056919] [superpoint_node]: Keypoints estratti: 800
[superpoint_node-2] [ERROR] [1768033526.077490645] [superpoint_node]: Errore pubblicazione keypoints 3D: could not assign tuple of length 3 to structure with 4 fields.
[superpoint_node-2] [INFO] [1768033526.166069291] [superpoint_node]: Keypoints estratti: 800
[superpoint_node-2] [ERROR] [1768033526.173055105] [superpoint_node]: Errore pubblicazione keypoints 3D: could not assign tuple of length 3 to structure with 4 fields.
[rtabmap-14] [INFO] [1768033526.213701946] [rtabmap]: rtabmap (137): Rate=0.50s, Limit=0.001s, Conversion=0.0002s, RTAB-Map=0.0349s, Maps update=0.0003s pub=0.0014s delay=0.0945s (local map=0, WM=0)
[superpoint_node-2] [INFO] [1768033526.268434490] [superpoint_node]: Keypoints estratti: 800
[superpoint_node-2] [ERROR] [1768033526.276117107] [superpoint_node]: Errore pubblicazione keypoints 3D: could not assign tuple of length 3 to structure with 4 fields.
[superpoint_node-2] [INFO] [1768033526.367766036] [superpoint_node]: Keypoints estratti: 800
[superpoint_node-2] [ERROR] [1768033526.375567727] [superpoint_node]: Errore pubblicazione keypoints 3D: could not assign tuple of length 3 to structure with 4 fields.
[superpoint_node-2] [INFO] [1768033526.465678330] [superpoint_node]: Keypoints estratti: 800
[superpoint_node-2] [ERROR] [1768033526.472484773] [superpoint_node]: Errore pubblicazione keypoints 3D: could not assign tuple of length 3 to structure with 4 fields.
[superpoint_node-2] [INFO] [1768033526.562883229] [superpoint_node]: Keypoints estratti: 800
[superpoint_node-2] [ERROR] [1768033526.569797969] [superpoint_node]: Errore pubblicazione keypoints 3D: could not assign tuple of length 3 to structure with 4 fields.
[superpoint_node-2] [INFO] [1768033526.660752023] [superpoint_node]: Keypoints estratti: 800
[superpoint_node-2] [ERROR] [1768033526.668305897] [superpoint_node]: Errore pubblicazione keypoints 3D: could not assign tuple of length 3 to structure with 4 fields.
[superpoint_node-2] [INFO] [1768033526.768073669] [superpoint_node]: Keypoints estratti: 800
[superpoint_node-2] [ERROR] [1768033526.776146214] [superpoint_node]: Errore pubblicazione keypoints 3D: could not assign tuple of length 3 to structure with 4 fields.
[rtabmap-14] [INFO] [1768033526.815617619] [rtabmap]: rtabmap (138): Rate=0.50s, Limit=0.001s, Conversion=0.0002s, RTAB-Map=0.0380s, Maps update=0.0008s pub=0.0017s delay=0.0951s (local map=0, WM=0)
[superpoint_node-2] [INFO] [1768033526.870693130] [superpoint_node]: Keypoints estratti: 800
[superpoint_node-2] [ERROR] [1768033526.878697934] [superpoint_node]: Errore pubblicazione keypoints 3D: could not assign tuple of length 3 to structure with 4 fields.
[superpoint_node-2] [INFO] [1768033526.965697641] [superpoint_node]: Keypoints estratti: 800
[superpoint_node-2] [ERROR] [1768033526.972657474] [superpoint_node]: Errore pubblicazione keypoints 3D: could not assign tuple of length 3 to structure with 4 fields.
[superpoint_node-2] [INFO] [1768033527.061418103] [superpoint_node]: Keypoints estratti: 800
[superpoint_node-2] [ERROR] [1768033527.068639253] [superpoint_node]: Errore pubblicazione keypoints 3D: could not assign tuple of length 3 to structure with 4 fields.
[superpoint_node-2] [INFO] [1768033527.159534324] [superpoint_node]: Keypoints estratti: 800
[superpoint_node-2] [ERROR] [1768033527.166421527] [superpoint_node]: Errore pubblicazione keypoints 3D: could not assign tuple of length 3 to structure with 4 fields.
[superpoint_node-2] [INFO] [1768033527.260742829] [superpoint_node]: Keypoints estratti: 800
[superpoint_node-2] [ERROR] [1768033527.267870701] [superpoint_node]: Errore pubblicazione keypoints 3D: could not assign tuple of length 3 to structure with 4 fields.
[superpoint_node-2] [INFO] [1768033527.360185950] [superpoint_node]: Keypoints estratti: 800
[superpoint_node-2] [ERROR] [1768033527.367135746] [superpoint_node]: Errore pubblicazione keypoints 3D: could not assign tuple of length 3 to structure with 4 fields.
[rtabmap-14] [INFO] [1768033527.431224161] [rtabmap]: rtabmap (139): Rate=0.50s, Limit=0.001s, Conversion=0.0002s, RTAB-Map=0.0474s, Maps update=0.0003s pub=0.0013s delay=0.1211s (local map=0, WM=0)
[superpoint_node-2] [INFO] [1768033527.464899113] [superpoint_node]: Keypoints estratti: 800
[superpoint_node-2] [ERROR] [1768033527.472239504] [superpoint_node]: Errore pubblicazione keypoints 3D: could not assign tuple of length 3 to structure with 4 fields.
[superpoint_node-2] [INFO] [1768033527.567386369] [superpoint_node]: Keypoints estratti: 800
[superpoint_node-2] [ERROR] [1768033527.575425951] [superpoint_node]: Errore pubblicazione keypoints 3D: could not assign tuple of length 3 to structure with 4 fields.
[superpoint_node-2] [INFO] [1768033527.666179225] [superpoint_node]: Keypoints estratti: 800
[superpoint_node-2] [ERROR] [1768033527.673480320] [superpoint_node]: Errore pubblicazione keypoints 3D: could not assign tuple of length 3 to structure with 4 fields.
[superpoint_node-2] [INFO] [1768033527.763765646] [superpoint_node]: Keypoints estratti: 800
[superpoint_node-2] [ERROR] [1768033527.771003277] [superpoint_node]: Errore pubblicazione keypoints 3D: could not assign tuple of length 3 to structure with 4 fields.
[superpoint_node-2] [INFO] [1768033527.867716043] [superpoint_node]: Keypoints estratti: 800
[superpoint_node-2] [ERROR] [1768033527.877007821] [superpoint_node]: Errore pubblicazione keypoints 3D: could not assign tuple of length 3 to structure with 4 fields.
[rtabmap-14] [33m[ WARN] (2026-01-10 09:25:23.338) MapsManager.cpp:863::publishMaps() Graph has changed! The whole cloud is regenerated.[0m
[rtabmap-14] [33m[ WARN] (2026-01-10 09:25:23.339) OccupancyGrid.cpp:169::getProbMap() Map info is empty, cannot generate probabilistic occupancy grid[0m
[rtabmap-14] [33m[ WARN] (2026-01-10 09:25:23.953) MapsManager.cpp:863::publishMaps() Graph has changed! The whole cloud is regenerated.[0m
[rtabmap-14] [33m[ WARN] (2026-01-10 09:25:23.955) OccupancyGrid.cpp:169::getProbMap() Map info is empty, cannot generate probabilistic occupancy grid[0m
[rtabmap-14] [33m[ WARN] (2026-01-10 09:25:24.557) MapsManager.cpp:863::publishMaps() Graph has changed! The whole cloud is regenerated.[0m
[rtabmap-14] [33m[ WARN] (2026-01-10 09:25:24.560) OccupancyGrid.cpp:169::getProbMap() Map info is empty, cannot generate probabilistic occupancy grid[0m
[rtabmap-14] [33m[ WARN] (2026-01-10 09:25:25.052) MapsManager.cpp:863::publishMaps() Graph has changed! The whole cloud is regenerated.[0m
[rtabmap-14] [33m[ WARN] (2026-01-10 09:25:25.054) OccupancyGrid.cpp:169::getProbMap() Map info is empty, cannot generate probabilistic occupancy grid[0m
[rtabmap-14] [33m[ WARN] (2026-01-10 09:25:25.673) MapsManager.cpp:863::publishMaps() Graph has changed! The whole cloud is regenerated.[0m
[rtabmap-14] [33m[ WARN] (2026-01-10 09:25:25.674) OccupancyGrid.cpp:169::getProbMap() Map info is empty, cannot generate probabilistic occupancy grid[0m
[rtabmap-14] [33m[ WARN] (2026-01-10 09:25:26.212) MapsManager.cpp:863::publishMaps() Graph has changed! The whole cloud is regenerated.[0m
[rtabmap-14] [33m[ WARN] (2026-01-10 09:25:26.212) OccupancyGrid.cpp:169::getProbMap() Map info is empty, cannot generate probabilistic occupancy grid[0m
[rtabmap-14] [33m[ WARN] (2026-01-10 09:25:26.813) MapsManager.cpp:863::publishMaps() Graph has changed! The whole cloud is regenerated.[0m
[rtabmap-14] [33m[ WARN] (2026-01-10 09:25:26.815) OccupancyGrid.cpp:169::getProbMap() Map info is empty, cannot generate probabilistic occupancy grid[0m
[rtabmap-14] [33m[ WARN] (2026-01-10 09:25:27.429) MapsManager.cpp:863::publishMaps() Graph has changed! The whole cloud is regenerated.[0m
[rtabmap-14] [33m[ WARN] (2026-01-10 09:25:27.430) OccupancyGrid.cpp:169::getProbMap() Map info is empty, cannot generate probabilistic occupancy grid[0m
[rtabmap-14] [INFO] [1768033527.910742902] [rtabmap]: rtabmap (140): Rate=0.50s, Limit=0.001s, Conversion=0.0005s, RTAB-Map=0.0518s, Maps update=0.0027s pub=0.0041s delay=0.0960s (local map=0, WM=0)
[superpoint_node-2] [INFO] [1768033527.973629160] [superpoint_node]: Keypoints estratti: 800
[superpoint_node-2] [ERROR] [1768033527.980816772] [superpoint_node]: Errore pubblicazione keypoints 3D: could not assign tuple of length 3 to structure with 4 fields.
[superpoint_node-2] [INFO] [1768033528.077217165] [superpoint_node]: Keypoints estratti: 800
[superpoint_node-2] [ERROR] [1768033528.084372777] [superpoint_node]: Errore pubblicazione keypoints 3D: could not assign tuple of length 3 to structure with 4 fields.
[superpoint_node-2] [INFO] [1768033528.181813345] [superpoint_node]: Keypoints estratti: 800
[superpoint_node-2] [ERROR] [1768033528.188634177] [superpoint_node]: Errore pubblicazione keypoints 3D: could not assign tuple of length 3 to structure with 4 fields.
[superpoint_node-2] [INFO] [1768033528.284222323] [superpoint_node]: Keypoints estratti: 800
[superpoint_node-2] [ERROR] [1768033528.292050866] [superpoint_node]: Errore pubblicazione keypoints 3D: could not assign tuple of length 3 to structure with 4 fields.
[superpoint_node-2] [INFO] [1768033528.391770952] [superpoint_node]: Keypoints estratti: 800
[superpoint_node-2] [ERROR] [1768033528.399506551] [superpoint_node]: Errore pubblicazione keypoints 3D: could not assign tuple of length 3 to structure with 4 fields.
[rtabmap-14] [INFO] [1768033528.440630302] [rtabmap]: rtabmap (141): Rate=0.50s, Limit=0.001s, Conversion=0.0006s, RTAB-Map=0.0468s, Maps update=0.0016s pub=0.0065s delay=0.1042s (local map=0, WM=0)
[superpoint_node-2] [INFO] [1768033528.503543282] [superpoint_node]: Keypoints estratti: 800
[superpoint_node-2] [ERROR] [1768033528.511050490] [superpoint_node]: Errore pubblicazione keypoints 3D: could not assign tuple of length 3 to structure with 4 fields.
[superpoint_node-2] [INFO] [1768033528.600635495] [superpoint_node]: Keypoints estratti: 800
[superpoint_node-2] [ERROR] [1768033528.607792107] [superpoint_node]: Errore pubblicazione keypoints 3D: could not assign tuple of length 3 to structure with 4 fields.
[superpoint_node-2] [INFO] [1768033528.704412761] [superpoint_node]: Keypoints estratti: 800
[superpoint_node-2] [ERROR] [1768033528.712360565] [superpoint_node]: Errore pubblicazione keypoints 3D: could not assign tuple of length 3 to structure with 4 fields.
[superpoint_node-2] [INFO] [1768033528.806896758] [superpoint_node]: Keypoints estratti: 800
[superpoint_node-2] [ERROR] [1768033528.814126630] [superpoint_node]: Errore pubblicazione keypoints 3D: could not assign tuple of length 3 to structure with 4 fields.
[superpoint_node-2] [INFO] [1768033528.908195912] [superpoint_node]: Keypoints estratti: 800
[superpoint_node-2] [ERROR] [1768033528.915223320] [superpoint_node]: Errore pubblicazione keypoints 3D: could not assign tuple of length 3 to structure with 4 fields.
[rtabmap-14] [INFO] [1768033528.982135461] [rtabmap]: rtabmap (142): Rate=0.50s, Limit=0.001s, Conversion=0.0003s, RTAB-Map=0.0567s, Maps update=0.0035s pub=0.0058s delay=0.1218s (local map=0, WM=0)
[superpoint_node-2] [INFO] [1768033529.019137328] [superpoint_node]: Keypoints estratti: 800
[superpoint_node-2] [ERROR] [1768033529.025936659] [superpoint_node]: Errore pubblicazione keypoints 3D: could not assign tuple of length 3 to structure with 4 fields.
[superpoint_node-2] [INFO] [1768033529.119461826] [superpoint_node]: Keypoints estratti: 800
[superpoint_node-2] [ERROR] [1768033529.126146138] [superpoint_node]: Errore pubblicazione keypoints 3D: could not assign tuple of length 3 to structure with 4 fields.
[superpoint_node-2] [INFO] [1768033529.222435956] [superpoint_node]: Keypoints estratti: 800
[superpoint_node-2] [ERROR] [1768033529.229599735] [superpoint_node]: Errore pubblicazione keypoints 3D: could not assign tuple of length 3 to structure with 4 fields.
[superpoint_node-2] [INFO] [1768033529.330425182] [superpoint_node]: Keypoints estratti: 800
[superpoint_node-2] [ERROR] [1768033529.337347311] [superpoint_node]: Errore pubblicazione keypoints 3D: could not assign tuple of length 3 to structure with 4 fields.
[superpoint_node-2] [INFO] [1768033529.430643531] [superpoint_node]: Keypoints estratti: 800
[superpoint_node-2] [ERROR] [1768033529.438563427] [superpoint_node]: Errore pubblicazione keypoints 3D: could not assign tuple of length 3 to structure with 4 fields.
[rtabmap-14] [INFO] [1768033529.514732549] [rtabmap]: rtabmap (143): Rate=0.50s, Limit=0.001s, Conversion=0.0002s, RTAB-Map=0.0573s, Maps update=0.0019s pub=0.0036s delay=0.1344s (local map=0, WM=0)
[superpoint_node-2] [INFO] [1768033529.543945539] [superpoint_node]: Keypoints estratti: 800
[superpoint_node-2] [ERROR] [1768033529.551832379] [superpoint_node]: Errore pubblicazione keypoints 3D: could not assign tuple of length 3 to structure with 4 fields.
[superpoint_node-2] [INFO] [1768033529.653420091] [superpoint_node]: Keypoints estratti: 800
[superpoint_node-2] [ERROR] [1768033529.660372665] [superpoint_node]: Errore pubblicazione keypoints 3D: could not assign tuple of length 3 to structure with 4 fields.
[superpoint_node-2] [INFO] [1768033529.792113079] [superpoint_node]: Keypoints estratti: 800
[superpoint_node-2] [ERROR] [1768033529.799269413] [superpoint_node]: Errore pubblicazione keypoints 3D: could not assign tuple of length 3 to structure with 4 fields.
[superpoint_node-2] [INFO] [1768033529.896111032] [superpoint_node]: Keypoints estratti: 800
[superpoint_node-2] [ERROR] [1768033529.903018253] [superpoint_node]: Errore pubblicazione keypoints 3D: could not assign tuple of length 3 to structure with 4 fields.
[superpoint_node-2] [INFO] [1768033529.997723910] [superpoint_node]: Keypoints estratti: 800
[superpoint_node-2] [ERROR] [1768033530.004373093] [superpoint_node]: Errore pubblicazione keypoints 3D: could not assign tuple of length 3 to structure with 4 fields.
[rtabmap-14] [INFO] [1768033530.040017005] [rtabmap]: rtabmap (144): Rate=0.50s, Limit=0.001s, Conversion=0.0002s, RTAB-Map=0.0265s, Maps update=0.0004s pub=0.0012s delay=0.0917s (local map=0, WM=0)
[superpoint_node-2] [INFO] [1768033530.105167632] [superpoint_node]: Keypoints estratti: 800
[superpoint_node-2] [ERROR] [1768033530.112513708] [superpoint_node]: Errore pubblicazione keypoints 3D: could not assign tuple of length 3 to structure with 4 fields.
[superpoint_node-2] [INFO] [1768033530.212303813] [superpoint_node]: Keypoints estratti: 800
[superpoint_node-2] [ERROR] [1768033530.219458852] [superpoint_node]: Errore pubblicazione keypoints 3D: could not assign tuple of length 3 to structure with 4 fields.
[superpoint_node-2] [INFO] [1768033530.318975177] [superpoint_node]: Keypoints estratti: 800
[superpoint_node-2] [ERROR] [1768033530.326153900] [superpoint_node]: Errore pubblicazione keypoints 3D: could not assign tuple of length 3 to structure with 4 fields.
[superpoint_node-2] [INFO] [1768033530.427842835] [superpoint_node]: Keypoints estratti: 800
[superpoint_node-2] [ERROR] [1768033530.434958151] [superpoint_node]: Errore pubblicazione keypoints 3D: could not assign tuple of length 3 to structure with 4 fields.
[superpoint_node-2] [INFO] [1768033530.528574429] [superpoint_node]: Keypoints estratti: 800
[superpoint_node-2] [ERROR] [1768033530.535582948] [superpoint_node]: Errore pubblicazione keypoints 3D: could not assign tuple of length 3 to structure with 4 fields.
[rtabmap-14] [INFO] [1768033530.601886880] [rtabmap]: rtabmap (145): Rate=0.50s, Limit=0.001s, Conversion=0.0002s, RTAB-Map=0.0579s, Maps update=0.0006s pub=0.0015s delay=0.1232s (local map=0, WM=0)
[superpoint_node-2] [INFO] [1768033530.642376404] [superpoint_node]: Keypoints estratti: 800
[superpoint_node-2] [ERROR] [1768033530.649978094] [superpoint_node]: Errore pubblicazione keypoints 3D: could not assign tuple of length 3 to structure with 4 fields.
[superpoint_node-2] [INFO] [1768033530.748630024] [superpoint_node]: Keypoints estratti: 800
[superpoint_node-2] [ERROR] [1768033530.756183028] [superpoint_node]: Errore pubblicazione keypoints 3D: could not assign tuple of length 3 to structure with 4 fields.
[superpoint_node-2] [INFO] [1768033530.860984172] [superpoint_node]: Keypoints estratti: 800
[superpoint_node-2] [ERROR] [1768033530.869439776] [superpoint_node]: Errore pubblicazione keypoints 3D: could not assign tuple of length 3 to structure with 4 fields.
[superpoint_node-2] [INFO] [1768033530.967637924] [superpoint_node]: Keypoints estratti: 800
[superpoint_node-2] [ERROR] [1768033530.975448023] [superpoint_node]: Errore pubblicazione keypoints 3D: could not assign tuple of length 3 to structure with 4 fields.
[superpoint_node-2] [INFO] [1768033531.069899216] [superpoint_node]: Keypoints estratti: 800
[superpoint_node-2] [ERROR] [1768033531.077287922] [superpoint_node]: Errore pubblicazione keypoints 3D: could not assign tuple of length 3 to structure with 4 fields.
[rtabmap-14] [INFO] [1768033531.142075398] [rtabmap]: rtabmap (146): Rate=0.50s, Limit=0.001s, Conversion=0.0002s, RTAB-Map=0.0562s, Maps update=0.0003s pub=0.0015s delay=0.1218s (local map=0, WM=0)
[superpoint_node-2] [INFO] [1768033531.178435557] [superpoint_node]: Keypoints estratti: 800
[superpoint_node-2] [ERROR] [1768033531.185508502] [superpoint_node]: Errore pubblicazione keypoints 3D: could not assign tuple of length 3 to structure with 4 fields.
[superpoint_node-2] [INFO] [1768033531.278035031] [superpoint_node]: Keypoints estratti: 800
[superpoint_node-2] [ERROR] [1768033531.285281033] [superpoint_node]: Errore pubblicazione keypoints 3D: could not assign tuple of length 3 to structure with 4 fields.
[superpoint_node-2] [INFO] [1768033531.378442585] [superpoint_node]: Keypoints estratti: 800
[superpoint_node-2] [ERROR] [1768033531.385461641] [superpoint_node]: Errore pubblicazione keypoints 3D: could not assign tuple of length 3 to structure with 4 fields.
[superpoint_node-2] [INFO] [1768033531.520811175] [superpoint_node]: Keypoints estratti: 800
[superpoint_node-2] [ERROR] [1768033531.528255531] [superpoint_node]: Errore pubblicazione keypoints 3D: could not assign tuple of length 3 to structure with 4 fields.
[superpoint_node-2] [INFO] [1768033531.624060660] [superpoint_node]: Keypoints estratti: 800
[superpoint_node-2] [ERROR] [1768033531.632807229] [superpoint_node]: Errore pubblicazione keypoints 3D: could not assign tuple of length 3 to structure with 4 fields.
[rtabmap-14] [INFO] [1768033531.663426249] [rtabmap]: rtabmap (147): Rate=0.50s, Limit=0.001s, Conversion=0.0003s, RTAB-Map=0.0407s, Maps update=0.0007s pub=0.0074s delay=0.0921s (local map=0, WM=0)
[superpoint_node-2] [INFO] [1768033531.736283567] [superpoint_node]: Keypoints estratti: 800
[superpoint_node-2] [ERROR] [1768033531.744856987] [superpoint_node]: Errore pubblicazione keypoints 3D: could not assign tuple of length 3 to structure with 4 fields.
[superpoint_node-2] [INFO] [1768033531.851401905] [superpoint_node]: Keypoints estratti: 800
[superpoint_node-2] [ERROR] [1768033531.858652666] [superpoint_node]: Errore pubblicazione keypoints 3D: could not assign tuple of length 3 to structure with 4 fields.
[superpoint_node-2] [INFO] [1768033531.955060059] [superpoint_node]: Keypoints estratti: 800
[superpoint_node-2] [ERROR] [1768033531.961958058] [superpoint_node]: Errore pubblicazione keypoints 3D: could not assign tuple of length 3 to structure with 4 fields.
[superpoint_node-2] [INFO] [1768033532.058899881] [superpoint_node]: Keypoints estratti: 800
[superpoint_node-2] [ERROR] [1768033532.065467211] [superpoint_node]: Errore pubblicazione keypoints 3D: could not assign tuple of length 3 to structure with 4 fields.
[superpoint_node-2] [INFO] [1768033532.160085831] [superpoint_node]: Keypoints estratti: 800
[superpoint_node-2] [ERROR] [1768033532.168022838] [superpoint_node]: Errore pubblicazione keypoints 3D: could not assign tuple of length 3 to structure with 4 fields.
[rtabmap-14] [INFO] [1768033532.200626966] [rtabmap]: rtabmap (148): Rate=0.50s, Limit=0.001s, Conversion=0.0011s, RTAB-Map=0.0491s, Maps update=0.0003s pub=0.0047s delay=0.0934s (local map=0, WM=0)
[superpoint_node-2] [INFO] [1768033532.265755241] [superpoint_node]: Keypoints estratti: 800
[superpoint_node-2] [ERROR] [1768033532.272105644] [superpoint_node]: Errore pubblicazione keypoints 3D: could not assign tuple of length 3 to structure with 4 fields.
[superpoint_node-2] [INFO] [1768033532.365181566] [superpoint_node]: Keypoints estratti: 800
[superpoint_node-2] [ERROR] [1768033532.372732126] [superpoint_node]: Errore pubblicazione keypoints 3D: could not assign tuple of length 3 to structure with 4 fields.
[superpoint_node-2] [INFO] [1768033532.466893686] [superpoint_node]: Keypoints estratti: 800
[superpoint_node-2] [ERROR] [1768033532.474498802] [superpoint_node]: Errore pubblicazione keypoints 3D: could not assign tuple of length 3 to structure with 4 fields.
[superpoint_node-2] [INFO] [1768033532.566041842] [superpoint_node]: Keypoints estratti: 800
[superpoint_node-2] [ERROR] [1768033532.573143713] [superpoint_node]: Errore pubblicazione keypoints 3D: could not assign tuple of length 3 to structure with 4 fields.
[superpoint_node-2] [INFO] [1768033532.671017673] [superpoint_node]: Keypoints estratti: 800
[superpoint_node-2] [ERROR] [1768033532.679065996] [superpoint_node]: Errore pubblicazione keypoints 3D: could not assign tuple of length 3 to structure with 4 fields.
[rtabmap-14] [INFO] [1768033532.703380522] [rtabmap]: rtabmap (149): Rate=0.50s, Limit=0.001s, Conversion=0.0002s, RTAB-Map=0.0202s, Maps update=0.0003s pub=0.0032s delay=0.0865s (local map=0, WM=0)
[superpoint_node-2] [INFO] [1768033532.774159693] [superpoint_node]: Keypoints estratti: 800
[superpoint_node-2] [ERROR] [1768033532.780654041] [superpoint_node]: Errore pubblicazione keypoints 3D: could not assign tuple of length 3 to structure with 4 fields.
[superpoint_node-2] [INFO] [1768033532.871694225] [superpoint_node]: Keypoints estratti: 800
[superpoint_node-2] [ERROR] [1768033532.879568584] [superpoint_node]: Errore pubblicazione keypoints 3D: could not assign tuple of length 3 to structure with 4 fields.
[rtabmap-14] [33m[ WARN] (2026-01-10 09:25:27.907) MapsManager.cpp:863::publishMaps() Graph has changed! The whole cloud is regenerated.[0m
[rtabmap-14] [33m[ WARN] (2026-01-10 09:25:27.908) OccupancyGrid.cpp:169::getProbMap() Map info is empty, cannot generate probabilistic occupancy grid[0m
[rtabmap-14] [33m[ WARN] (2026-01-10 09:25:28.433) MapsManager.cpp:863::publishMaps() Graph has changed! The whole cloud is regenerated.[0m
[rtabmap-14] [33m[ WARN] (2026-01-10 09:25:28.435) OccupancyGrid.cpp:169::getProbMap() Map info is empty, cannot generate probabilistic occupancy grid[0m
[rtabmap-14] [33m[ WARN] (2026-01-10 09:25:28.976) MapsManager.cpp:863::publishMaps() Graph has changed! The whole cloud is regenerated.[0m
[rtabmap-14] [33m[ WARN] (2026-01-10 09:25:28.979) OccupancyGrid.cpp:169::getProbMap() Map info is empty, cannot generate probabilistic occupancy grid[0m
[rtabmap-14] [33m[ WARN] (2026-01-10 09:25:29.511) MapsManager.cpp:863::publishMaps() Graph has changed! The whole cloud is regenerated.[0m
[rtabmap-14] [33m[ WARN] (2026-01-10 09:25:29.513) OccupancyGrid.cpp:169::getProbMap() Map info is empty, cannot generate probabilistic occupancy grid[0m
[rtabmap-14] [33m[ WARN] (2026-01-10 09:25:30.038) MapsManager.cpp:863::publishMaps() Graph has changed! The whole cloud is regenerated.[0m
[rtabmap-14] [33m[ WARN] (2026-01-10 09:25:30.039) OccupancyGrid.cpp:169::getProbMap() Map info is empty, cannot generate probabilistic occupancy grid[0m
[rtabmap-14] [33m[ WARN] (2026-01-10 09:25:30.600) MapsManager.cpp:863::publishMaps() Graph has changed! The whole cloud is regenerated.[0m
[rtabmap-14] [33m[ WARN] (2026-01-10 09:25:30.601) OccupancyGrid.cpp:169::getProbMap() Map info is empty, cannot generate probabilistic occupancy grid[0m
[rtabmap-14] [33m[ WARN] (2026-01-10 09:25:31.140) MapsManager.cpp:863::publishMaps() Graph has changed! The whole cloud is regenerated.[0m
[rtabmap-14] [33m[ WARN] (2026-01-10 09:25:31.141) OccupancyGrid.cpp:169::getProbMap() Map info is empty, cannot generate probabilistic occupancy grid[0m
[rtabmap-14] [33m[ WARN] (2026-01-10 09:25:31.438) CoreWrapper.cpp:1227::odomTFUpdate() Odometry is reset (identity pose detected). Increment map id![0m
[rtabmap-14] [33m[ WARN] (2026-01-10 09:25:31.655) MapsManager.cpp:863::publishMaps() Graph has changed! The whole cloud is regenerated.[0m
[rtabmap-14] [33m[ WARN] (2026-01-10 09:25:31.660) OccupancyGrid.cpp:169::getProbMap() Map info is empty, cannot generate probabilistic occupancy grid[0m
[rtabmap-14] [33m[ WARN] (2026-01-10 09:25:32.195) MapsManager.cpp:863::publishMaps() Graph has changed! The whole cloud is regenerated.[0m
[rtabmap-14] [33m[ WARN] (2026-01-10 09:25:32.198) OccupancyGrid.cpp:169::getProbMap() Map info is empty, cannot generate probabilistic occupancy grid[0m
[rtabmap-14] [33m[ WARN] (2026-01-10 09:25:32.700) MapsManager.cpp:863::publishMaps() Graph has changed! The whole cloud is regenerated.[0m
[rtabmap-14] [33m[ WARN] (2026-01-10 09:25:32.701) OccupancyGrid.cpp:169::getProbMap() Map info is empty, cannot generate probabilistic occupancy grid[0m
[superpoint_node-2] [INFO] [1768033532.967921395] [superpoint_node]: Keypoints estratti: 800
[superpoint_node-2] [ERROR] [1768033532.974781393] [superpoint_node]: Errore pubblicazione keypoints 3D: could not assign tuple of length 3 to structure with 4 fields.
[superpoint_node-2] [INFO] [1768033533.073412545] [superpoint_node]: Keypoints estratti: 800
[superpoint_node-2] [ERROR] [1768033533.093678057] [superpoint_node]: Errore pubblicazione keypoints 3D: could not assign tuple of length 3 to structure with 4 fields.
[superpoint_node-2] [INFO] [1768033533.305757588] [superpoint_node]: Keypoints estratti: 800
[superpoint_node-2] [ERROR] [1768033533.312339974] [superpoint_node]: Errore pubblicazione keypoints 3D: could not assign tuple of length 3 to structure with 4 fields.
[rtabmap-14] [INFO] [1768033533.361294676] [rtabmap]: rtabmap (150): Rate=0.50s, Limit=0.001s, Conversion=0.0002s, RTAB-Map=0.0357s, Maps update=0.0003s pub=0.0067s delay=0.1186s (local map=0, WM=0)
[superpoint_node-2] [INFO] [1768033533.404403314] [superpoint_node]: Keypoints estratti: 800
[superpoint_node-2] [ERROR] [1768033533.411724835] [superpoint_node]: Errore pubblicazione keypoints 3D: could not assign tuple of length 3 to structure with 4 fields.
[superpoint_node-2] [INFO] [1768033533.498826617] [superpoint_node]: Keypoints estratti: 800
[superpoint_node-2] [ERROR] [1768033533.505336613] [superpoint_node]: Errore pubblicazione keypoints 3D: could not assign tuple of length 3 to structure with 4 fields.
[superpoint_node-2] [INFO] [1768033533.587380856] [superpoint_node]: Keypoints estratti: 800
[superpoint_node-2] [ERROR] [1768033533.593698646] [superpoint_node]: Errore pubblicazione keypoints 3D: could not assign tuple of length 3 to structure with 4 fields.
[superpoint_node-2] [INFO] [1768033533.704918935] [superpoint_node]: Keypoints estratti: 800
[superpoint_node-2] [ERROR] [1768033533.712665459] [superpoint_node]: Errore pubblicazione keypoints 3D: could not assign tuple of length 3 to structure with 4 fields.
[superpoint_node-2] [INFO] [1768033533.800640045] [superpoint_node]: Keypoints estratti: 800
[superpoint_node-2] [ERROR] [1768033533.808434958] [superpoint_node]: Errore pubblicazione keypoints 3D: could not assign tuple of length 3 to structure with 4 fields.
[rtabmap-14] [INFO] [1768033533.848578646] [rtabmap]: rtabmap (151): Rate=0.50s, Limit=0.001s, Conversion=0.0002s, RTAB-Map=0.0345s, Maps update=0.0012s pub=0.0041s delay=0.0958s (local map=0, WM=0)
[superpoint_node-2] [INFO] [1768033533.972602129] [superpoint_node]: Keypoints estratti: 800
[superpoint_node-2] [ERROR] [1768033534.003186445] [superpoint_node]: Errore pubblicazione keypoints 3D: could not assign tuple of length 3 to structure with 4 fields.
[foxglove_bridge-12] [INFO] [1768033534.009391550] [foxglove_bridge]: publishing connection graph
[superpoint_node-2] [INFO] [1768033534.180895148] [superpoint_node]: Keypoints estratti: 800
[superpoint_node-2] [ERROR] [1768033534.219310008] [superpoint_node]: Errore pubblicazione keypoints 3D: could not assign tuple of length 3 to structure with 4 fields.
[foxglove_bridge-12] [INFO] [1768033534.540018918] [foxglove_bridge]: publishing connection graph
[superpoint_node-2] [INFO] [1768033534.628005597] [superpoint_node]: Keypoints estratti: 800
[superpoint_node-2] [ERROR] [1768033534.634621482] [superpoint_node]: Errore pubblicazione keypoints 3D: could not assign tuple of length 3 to structure with 4 fields.
[superpoint_node-2] [INFO] [1768033534.727805943] [superpoint_node]: Keypoints estratti: 800
[superpoint_node-2] [ERROR] [1768033534.734029436] [superpoint_node]: Errore pubblicazione keypoints 3D: could not assign tuple of length 3 to structure with 4 fields.
[superpoint_node-2] [INFO] [1768033534.822845010] [superpoint_node]: Keypoints estratti: 800
[superpoint_node-2] [ERROR] [1768033534.828973929] [superpoint_node]: Errore pubblicazione keypoints 3D: could not assign tuple of length 3 to structure with 4 fields.
[superpoint_node-2] [INFO] [1768033534.930861273] [superpoint_node]: Keypoints estratti: 800
[superpoint_node-2] [ERROR] [1768033534.937387121] [superpoint_node]: Errore pubblicazione keypoints 3D: could not assign tuple of length 3 to structure with 4 fields.
[superpoint_node-2] [INFO] [1768033535.029993150] [superpoint_node]: Keypoints estratti: 800
[superpoint_node-2] [ERROR] [1768033535.036360905] [superpoint_node]: Errore pubblicazione keypoints 3D: could not assign tuple of length 3 to structure with 4 fields.
[foxglove_bridge-12] [INFO] [1768033535.062080793] [foxglove_bridge]: publishing connection graph
[superpoint_node-2] [INFO] [1768033535.130748337] [superpoint_node]: Keypoints estratti: 800
[superpoint_node-2] [ERROR] [1768033535.139011199] [superpoint_node]: Errore pubblicazione keypoints 3D: could not assign tuple of length 3 to structure with 4 fields.
[superpoint_node-2] [INFO] [1768033535.227056785] [superpoint_node]: Keypoints estratti: 800
[superpoint_node-2] [ERROR] [1768033535.233272297] [superpoint_node]: Errore pubblicazione keypoints 3D: could not assign tuple of length 3 to structure with 4 fields.
[superpoint_node-2] [INFO] [1768033535.323309010] [superpoint_node]: Keypoints estratti: 800
[superpoint_node-2] [ERROR] [1768033535.329926785] [superpoint_node]: Errore pubblicazione keypoints 3D: could not assign tuple of length 3 to structure with 4 fields.
[superpoint_node-2] [INFO] [1768033535.417452589] [superpoint_node]: Keypoints estratti: 800
[superpoint_node-2] [ERROR] [1768033535.423718454] [superpoint_node]: Errore pubblicazione keypoints 3D: could not assign tuple of length 3 to structure with 4 fields.
[superpoint_node-2] [INFO] [1768033535.515450310] [superpoint_node]: Keypoints estratti: 800
[superpoint_node-2] [ERROR] [1768033535.521664618] [superpoint_node]: Errore pubblicazione keypoints 3D: could not assign tuple of length 3 to structure with 4 fields.
[superpoint_node-2] [INFO] [1768033535.617497711] [superpoint_node]: Keypoints estratti: 800
[superpoint_node-2] [ERROR] [1768033535.623664908] [superpoint_node]: Errore pubblicazione keypoints 3D: could not assign tuple of length 3 to structure with 4 fields.
[superpoint_node-2] [INFO] [1768033535.718494455] [superpoint_node]: Keypoints estratti: 800
[superpoint_node-2] [ERROR] [1768033535.724918487] [superpoint_node]: Errore pubblicazione keypoints 3D: could not assign tuple of length 3 to structure with 4 fields.
[rtabmap-14] [33m[ WARN] (2026-01-10 09:25:33.354) MapsManager.cpp:863::publishMaps() Graph has changed! The whole cloud is regenerated.[0m
[rtabmap-14] [33m[ WARN] (2026-01-10 09:25:33.356) OccupancyGrid.cpp:169::getProbMap() Map info is empty, cannot generate probabilistic occupancy grid[0m
[rtabmap-14] [33m[ WARN] (2026-01-10 09:25:33.844) MapsManager.cpp:863::publishMaps() Graph has changed! The whole cloud is regenerated.[0m
[rtabmap-14] [33m[ WARN] (2026-01-10 09:25:33.844) OccupancyGrid.cpp:169::getProbMap() Map info is empty, cannot generate probabilistic occupancy grid[0m
[superpoint_node-2] [INFO] [1768033538.242953392] [superpoint_node]: Keypoints estratti: 800
[superpoint_node-2] [ERROR] [1768033538.250416710] [superpoint_node]: Errore pubblicazione keypoints 3D: could not assign tuple of length 3 to structure with 4 fields.
[superpoint_node-2] [INFO] [1768033538.338369814] [superpoint_node]: Keypoints estratti: 800
[superpoint_node-2] [ERROR] [1768033538.345552445] [superpoint_node]: Errore pubblicazione keypoints 3D: could not assign tuple of length 3 to structure with 4 fields.
[rtabmap-14] [INFO] [1768033538.370910368] [rtabmap]: rtabmap (152): Rate=0.50s, Limit=0.001s, Conversion=0.0002s, RTAB-Map=3.7195s, Maps update=0.0003s pub=0.0013s delay=3.7935s (local map=0, WM=0)
[foxglove_bridge-12] [INFO] [1768033538.510583956] [foxglove_bridge]: publishing connection graph
[superpoint_node-2] [INFO] [1768033538.542919490] [superpoint_node]: Keypoints estratti: 800
[superpoint_node-2] [ERROR] [1768033538.564119676] [superpoint_node]: Errore pubblicazione keypoints 3D: could not assign tuple of length 3 to structure with 4 fields.
[superpoint_node-2] [INFO] [1768033538.678094486] [superpoint_node]: Keypoints estratti: 800
[superpoint_node-2] [ERROR] [1768033538.685772862] [superpoint_node]: Errore pubblicazione keypoints 3D: could not assign tuple of length 3 to structure with 4 fields.
[rtabmap-14] [INFO] [1768033538.951843247] [rtabmap]: rtabmap (153): Rate=0.50s, Limit=0.001s, Conversion=0.0003s, RTAB-Map=0.1523s, Maps update=0.0027s pub=0.0122s delay=0.4952s (local map=0, WM=0)
[superpoint_node-2] [INFO] [1768033539.158132158] [superpoint_node]: Keypoints estratti: 800
[superpoint_node-2] [ERROR] [1768033539.178733395] [superpoint_node]: Errore pubblicazione keypoints 3D: could not assign tuple of length 3 to structure with 4 fields.
[foxglove_bridge-12] [INFO] [1768033539.492672011] [foxglove_bridge]: publishing connection graph
[rtabmap-14] [INFO] [1768033539.539034267] [rtabmap]: rtabmap (154): Rate=0.50s, Limit=0.001s, Conversion=0.0005s, RTAB-Map=0.0948s, Maps update=0.0004s pub=0.0046s delay=0.1739s (local map=0, WM=0)
[superpoint_node-2] [INFO] [1768033539.672276915] [superpoint_node]: Keypoints estratti: 800
[superpoint_node-2] [ERROR] [1768033539.710122159] [superpoint_node]: Errore pubblicazione keypoints 3D: could not assign tuple of length 3 to structure with 4 fields.
[rtabmap-14] [INFO] [1768033540.220424941] [rtabmap]: rtabmap (155): Rate=0.50s, Limit=0.001s, Conversion=0.0002s, RTAB-Map=0.0567s, Maps update=0.0004s pub=0.0020s delay=0.1060s (local map=0, WM=0)
[foxglove_bridge-12] [INFO] [1768033540.299866256] [foxglove_bridge]: publishing connection graph
[superpoint_node-2] [INFO] [1768033540.347054704] [superpoint_node]: Keypoints estratti: 800
[superpoint_node-2] [ERROR] [1768033540.366612062] [superpoint_node]: Errore pubblicazione keypoints 3D: could not assign tuple of length 3 to structure with 4 fields.
[superpoint_node-2] [INFO] [1768033540.549094341] [superpoint_node]: Keypoints estratti: 800
[superpoint_node-2] [ERROR] [1768033540.558174042] [superpoint_node]: Errore pubblicazione keypoints 3D: could not assign tuple of length 3 to structure with 4 fields.
[superpoint_node-2] [INFO] [1768033540.681344184] [superpoint_node]: Keypoints estratti: 800
[superpoint_node-2] [ERROR] [1768033540.688623779] [superpoint_node]: Errore pubblicazione keypoints 3D: could not assign tuple of length 3 to structure with 4 fields.
[superpoint_node-2] [INFO] [1768033540.788503089] [superpoint_node]: Keypoints estratti: 800
[superpoint_node-2] [ERROR] [1768033540.798395204] [superpoint_node]: Errore pubblicazione keypoints 3D: could not assign tuple of length 3 to structure with 4 fields.
[rtabmap-14] [INFO] [1768033540.813309304] [rtabmap]: rtabmap (156): Rate=0.50s, Limit=0.001s, Conversion=0.0002s, RTAB-Map=0.0253s, Maps update=0.0010s pub=0.0021s delay=0.0804s (local map=0, WM=0)
[foxglove_bridge-12] [INFO] [1768033540.839764550] [foxglove_bridge]: publishing connection graph
[superpoint_node-2] [INFO] [1768033540.896708001] [superpoint_node]: Keypoints estratti: 800
[superpoint_node-2] [ERROR] [1768033540.904104523] [superpoint_node]: Errore pubblicazione keypoints 3D: could not assign tuple of length 3 to structure with 4 fields.
[superpoint_node-2] [INFO] [1768033541.000201450] [superpoint_node]: Keypoints estratti: 800
[superpoint_node-2] [ERROR] [1768033541.008119587] [superpoint_node]: Errore pubblicazione keypoints 3D: could not assign tuple of length 3 to structure with 4 fields.
[superpoint_node-2] [INFO] [1768033541.104408387] [superpoint_node]: Keypoints estratti: 800
[superpoint_node-2] [ERROR] [1768033541.112119948] [superpoint_node]: Errore pubblicazione keypoints 3D: could not assign tuple of length 3 to structure with 4 fields.
[superpoint_node-2] [INFO] [1768033541.215814084] [superpoint_node]: Keypoints estratti: 800
[superpoint_node-2] [ERROR] [1768033541.225611958] [superpoint_node]: Errore pubblicazione keypoints 3D: could not assign tuple of length 3 to structure with 4 fields.
[superpoint_node-2] [INFO] [1768033541.342302771] [superpoint_node]: Keypoints estratti: 800
[superpoint_node-2] [ERROR] [1768033541.351124452] [superpoint_node]: Errore pubblicazione keypoints 3D: could not assign tuple of length 3 to structure with 4 fields.
[rtabmap-14] [INFO] [1768033541.365280601] [rtabmap]: rtabmap (157): Rate=0.50s, Limit=0.001s, Conversion=0.0006s, RTAB-Map=0.0385s, Maps update=0.0034s pub=0.0037s delay=0.0901s (local map=0, WM=0)
[superpoint_node-2] [INFO] [1768033541.472395986] [superpoint_node]: Keypoints estratti: 800
[superpoint_node-2] [ERROR] [1768033541.480935221] [superpoint_node]: Errore pubblicazione keypoints 3D: could not assign tuple of length 3 to structure with 4 fields.
[superpoint_node-2] [INFO] [1768033541.586997820] [superpoint_node]: Keypoints estratti: 800
[superpoint_node-2] [ERROR] [1768033541.594030635] [superpoint_node]: Errore pubblicazione keypoints 3D: could not assign tuple of length 3 to structure with 4 fields.
[superpoint_node-2] [INFO] [1768033541.690587752] [superpoint_node]: Keypoints estratti: 800
[superpoint_node-2] [ERROR] [1768033541.698399128] [superpoint_node]: Errore pubblicazione keypoints 3D: could not assign tuple of length 3 to structure with 4 fields.
[superpoint_node-2] [INFO] [1768033541.791913221] [superpoint_node]: Keypoints estratti: 800
[superpoint_node-2] [ERROR] [1768033541.800009433] [superpoint_node]: Errore pubblicazione keypoints 3D: could not assign tuple of length 3 to structure with 4 fields.
[superpoint_node-2] [INFO] [1768033541.893884010] [superpoint_node]: Keypoints estratti: 800
[superpoint_node-2] [ERROR] [1768033541.901809776] [superpoint_node]: Errore pubblicazione keypoints 3D: could not assign tuple of length 3 to structure with 4 fields.
[rtabmap-14] [INFO] [1768033541.947528231] [rtabmap]: rtabmap (158): Rate=0.50s, Limit=0.001s, Conversion=0.0005s, RTAB-Map=0.0429s, Maps update=0.0002s pub=0.0035s delay=0.1022s (local map=0, WM=0)
[rtabmap-14] [33m[ WARN] (2026-01-10 09:25:38.369) MapsManager.cpp:863::publishMaps() Graph has changed! The whole cloud is regenerated.[0m
[rtabmap-14] [33m[ WARN] (2026-01-10 09:25:38.370) OccupancyGrid.cpp:169::getProbMap() Map info is empty, cannot generate probabilistic occupancy grid[0m
[rtabmap-14] [33m[ WARN] (2026-01-10 09:25:38.924) CoreWrapper.cpp:1227::odomTFUpdate() Odometry is reset (identity pose detected). Increment map id![0m
[rtabmap-14] [33m[ WARN] (2026-01-10 09:25:38.939) MapsManager.cpp:863::publishMaps() Graph has changed! The whole cloud is regenerated.[0m
[rtabmap-14] [33m[ WARN] (2026-01-10 09:25:38.951) OccupancyGrid.cpp:169::getProbMap() Map info is empty, cannot generate probabilistic occupancy grid[0m
[rtabmap-14] [33m[ WARN] (2026-01-10 09:25:39.534) MapsManager.cpp:863::publishMaps() Graph has changed! The whole cloud is regenerated.[0m
[rtabmap-14] [33m[ WARN] (2026-01-10 09:25:39.535) OccupancyGrid.cpp:169::getProbMap() Map info is empty, cannot generate probabilistic occupancy grid[0m
[rtabmap-14] [33m[ WARN] (2026-01-10 09:25:40.218) MapsManager.cpp:863::publishMaps() Graph has changed! The whole cloud is regenerated.[0m
[rtabmap-14] [33m[ WARN] (2026-01-10 09:25:40.219) OccupancyGrid.cpp:169::getProbMap() Map info is empty, cannot generate probabilistic occupancy grid[0m
[rtabmap-14] [33m[ WARN] (2026-01-10 09:25:40.811) MapsManager.cpp:863::publishMaps() Graph has changed! The whole cloud is regenerated.[0m
[rtabmap-14] [33m[ WARN] (2026-01-10 09:25:40.812) OccupancyGrid.cpp:169::getProbMap() Map info is empty, cannot generate probabilistic occupancy grid[0m
[rtabmap-14] [33m[ WARN] (2026-01-10 09:25:41.361) MapsManager.cpp:863::publishMaps() Graph has changed! The whole cloud is regenerated.[0m
[rtabmap-14] [33m[ WARN] (2026-01-10 09:25:41.363) OccupancyGrid.cpp:169::getProbMap() Map info is empty, cannot generate probabilistic occupancy grid[0m
[rtabmap-14] [33m[ WARN] (2026-01-10 09:25:41.564) CoreWrapper.cpp:1227::odomTFUpdate() Odometry is reset (identity pose detected). Increment map id![0m
[rtabmap-14] [33m[ WARN] (2026-01-10 09:25:41.943) MapsManager.cpp:863::publishMaps() Graph has changed! The whole cloud is regenerated.[0m
[rtabmap-14] [33m[ WARN] (2026-01-10 09:25:41.944) OccupancyGrid.cpp:169::getProbMap() Map info is empty, cannot generate probabilistic occupancy grid[0m
[superpoint_node-2] [INFO] [1768033543.476558674] [superpoint_node]: Keypoints estratti: 800
[superpoint_node-2] [ERROR] [1768033543.485789321] [superpoint_node]: Errore pubblicazione keypoints 3D: could not assign tuple of length 3 to structure with 4 fields.
[rtabmap-14] [INFO] [1768033543.502605566] [rtabmap]: rtabmap (159): Rate=0.50s, Limit=0.001s, Conversion=0.0004s, RTAB-Map=0.0548s, Maps update=0.0026s pub=0.0048s delay=0.1097s (local map=0, WM=0)
[superpoint_node-2] [INFO] [1768033543.618247796] [superpoint_node]: Keypoints estratti: 800
[superpoint_node-2] [ERROR] [1768033543.625318741] [superpoint_node]: Errore pubblicazione keypoints 3D: could not assign tuple of length 3 to structure with 4 fields.
[superpoint_node-2] [INFO] [1768033543.754908379] [superpoint_node]: Keypoints estratti: 800
[superpoint_node-2] [ERROR] [1768033543.762287474] [superpoint_node]: Errore pubblicazione keypoints 3D: could not assign tuple of length 3 to structure with 4 fields.
[superpoint_node-2] [INFO] [1768033543.907628347] [superpoint_node]: Keypoints estratti: 800
[superpoint_node-2] [ERROR] [1768033543.918157042] [superpoint_node]: Errore pubblicazione keypoints 3D: could not assign tuple of length 3 to structure with 4 fields.
[superpoint_node-2] [INFO] [1768033544.023677655] [superpoint_node]: Keypoints estratti: 800
[superpoint_node-2] [ERROR] [1768033544.031776312] [superpoint_node]: Errore pubblicazione keypoints 3D: could not assign tuple of length 3 to structure with 4 fields.
[rtabmap-14] [INFO] [1768033544.064920038] [rtabmap]: rtabmap (160): Rate=0.50s, Limit=0.001s, Conversion=0.0003s, RTAB-Map=0.0424s, Maps update=0.0003s pub=0.0073s delay=0.0971s (local map=0, WM=0)
[superpoint_node-2] [INFO] [1768033544.148498181] [superpoint_node]: Keypoints estratti: 800
[superpoint_node-2] [ERROR] [1768033544.155652312] [superpoint_node]: Errore pubblicazione keypoints 3D: could not assign tuple of length 3 to structure with 4 fields.
[superpoint_node-2] [INFO] [1768033544.252943193] [superpoint_node]: Keypoints estratti: 800
[superpoint_node-2] [ERROR] [1768033544.259711821] [superpoint_node]: Errore pubblicazione keypoints 3D: could not assign tuple of length 3 to structure with 4 fields.
[superpoint_node-2] [INFO] [1768033544.366584519] [superpoint_node]: Keypoints estratti: 800
[superpoint_node-2] [ERROR] [1768033544.373480074] [superpoint_node]: Errore pubblicazione keypoints 3D: could not assign tuple of length 3 to structure with 4 fields.
[superpoint_node-2] [INFO] [1768033544.468631457] [superpoint_node]: Keypoints estratti: 800
[superpoint_node-2] [ERROR] [1768033544.475814940] [superpoint_node]: Errore pubblicazione keypoints 3D: could not assign tuple of length 3 to structure with 4 fields.
[superpoint_node-2] [INFO] [1768033544.576556016] [superpoint_node]: Keypoints estratti: 800
[superpoint_node-2] [ERROR] [1768033544.585338270] [superpoint_node]: Errore pubblicazione keypoints 3D: could not assign tuple of length 3 to structure with 4 fields.
[rtabmap-14] [INFO] [1768033544.615786363] [rtabmap]: rtabmap (161): Rate=0.50s, Limit=0.001s, Conversion=0.0003s, RTAB-Map=0.0385s, Maps update=0.0003s pub=0.0014s delay=0.0956s (local map=0, WM=0)
[superpoint_node-2] [INFO] [1768033544.685135820] [superpoint_node]: Keypoints estratti: 800
[superpoint_node-2] [ERROR] [1768033544.691344554] [superpoint_node]: Errore pubblicazione keypoints 3D: could not assign tuple of length 3 to structure with 4 fields.
[superpoint_node-2] [INFO] [1768033544.785122390] [superpoint_node]: Keypoints estratti: 800
[superpoint_node-2] [ERROR] [1768033544.791317439] [superpoint_node]: Errore pubblicazione keypoints 3D: could not assign tuple of length 3 to structure with 4 fields.
[superpoint_node-2] [INFO] [1768033544.883428205] [superpoint_node]: Keypoints estratti: 800
[superpoint_node-2] [ERROR] [1768033544.889874645] [superpoint_node]: Errore pubblicazione keypoints 3D: could not assign tuple of length 3 to structure with 4 fields.
[superpoint_node-2] [INFO] [1768033544.987959274] [superpoint_node]: Keypoints estratti: 800
[superpoint_node-2] [ERROR] [1768033544.996339174] [superpoint_node]: Errore pubblicazione keypoints 3D: could not assign tuple of length 3 to structure with 4 fields.
[superpoint_node-2] [INFO] [1768033545.089516115] [superpoint_node]: Keypoints estratti: 800
[superpoint_node-2] [ERROR] [1768033545.097940164] [superpoint_node]: Errore pubblicazione keypoints 3D: could not assign tuple of length 3 to structure with 4 fields.
[rtabmap-14] [INFO] [1768033545.121972317] [rtabmap]: rtabmap (162): Rate=0.50s, Limit=0.001s, Conversion=0.0003s, RTAB-Map=0.0385s, Maps update=0.0008s pub=0.0050s delay=0.0858s (local map=0, WM=0)
[superpoint_node-2] [INFO] [1768033545.187582003] [superpoint_node]: Keypoints estratti: 800
[superpoint_node-2] [ERROR] [1768033545.193735941] [superpoint_node]: Errore pubblicazione keypoints 3D: could not assign tuple of length 3 to structure with 4 fields.
[superpoint_node-2] [INFO] [1768033545.287679852] [superpoint_node]: Keypoints estratti: 800
[superpoint_node-2] [ERROR] [1768033545.294267589] [superpoint_node]: Errore pubblicazione keypoints 3D: could not assign tuple of length 3 to structure with 4 fields.
[superpoint_node-2] [INFO] [1768033545.385814666] [superpoint_node]: Keypoints estratti: 800
[superpoint_node-2] [ERROR] [1768033545.392139975] [superpoint_node]: Errore pubblicazione keypoints 3D: could not assign tuple of length 3 to structure with 4 fields.
[superpoint_node-2] [INFO] [1768033545.481924372] [superpoint_node]: Keypoints estratti: 800
[superpoint_node-2] [ERROR] [1768033545.488429164] [superpoint_node]: Errore pubblicazione keypoints 3D: could not assign tuple of length 3 to structure with 4 fields.
[rtabmap-14] [INFO] [1768033545.647673332] [rtabmap]: rtabmap (163): Rate=0.50s, Limit=0.001s, Conversion=0.0002s, RTAB-Map=0.0379s, Maps update=0.0015s pub=0.0075s delay=0.0781s (local map=0, WM=0)
[foxglove_bridge-12] [INFO] [1768033545.674109560] [foxglove_bridge]: publishing connection graph
[foxglove_bridge-12] [INFO] [1768033546.192035403] [foxglove_bridge]: publishing connection graph
[foxglove_bridge-12] [INFO] [1768033546.769421217] [foxglove_bridge]: publishing connection graph
[superpoint_node-2] [INFO] [1768033546.963254585] [superpoint_node]: Keypoints estratti: 800
[superpoint_node-2] [ERROR] [1768033546.975409774] [superpoint_node]: Errore pubblicazione keypoints 3D: could not assign tuple of length 3 to structure with 4 fields.
[superpoint_node-2] [INFO] [1768033547.147870881] [superpoint_node]: Keypoints estratti: 800
[superpoint_node-2] [ERROR] [1768033547.159740771] [superpoint_node]: Errore pubblicazione keypoints 3D: could not assign tuple of length 3 to structure with 4 fields.
[rtabmap-14] [INFO] [1768033547.190211179] [rtabmap]: rtabmap (164): Rate=0.50s, Limit=0.001s, Conversion=0.0018s, RTAB-Map=0.0648s, Maps update=0.0004s pub=0.0012s delay=0.1109s (local map=0, WM=0)
[superpoint_node-2] [INFO] [1768033547.263431704] [superpoint_node]: Keypoints estratti: 800
[superpoint_node-2] [ERROR] [1768033547.270042126] [superpoint_node]: Errore pubblicazione keypoints 3D: could not assign tuple of length 3 to structure with 4 fields.
[foxglove_bridge-12] [INFO] [1768033547.295427420] [foxglove_bridge]: publishing connection graph
[superpoint_node-2] [INFO] [1768033547.370138456] [superpoint_node]: Keypoints estratti: 800
[superpoint_node-2] [ERROR] [1768033547.378810858] [superpoint_node]: Errore pubblicazione keypoints 3D: could not assign tuple of length 3 to structure with 4 fields.
[superpoint_node-2] [INFO] [1768033547.492178960] [superpoint_node]: Keypoints estratti: 800
[superpoint_node-2] [ERROR] [1768033547.499326591] [superpoint_node]: Errore pubblicazione keypoints 3D: could not assign tuple of length 3 to structure with 4 fields.
[superpoint_node-2] [INFO] [1768033547.596680584] [superpoint_node]: Keypoints estratti: 800
[superpoint_node-2] [ERROR] [1768033547.603075412] [superpoint_node]: Errore pubblicazione keypoints 3D: could not assign tuple of length 3 to structure with 4 fields.
[superpoint_node-2] [INFO] [1768033547.694259894] [superpoint_node]: Keypoints estratti: 800
[superpoint_node-2] [ERROR] [1768033547.700818742] [superpoint_node]: Errore pubblicazione keypoints 3D: could not assign tuple of length 3 to structure with 4 fields.
[rtabmap-14] [INFO] [1768033547.773504281] [rtabmap]: rtabmap (165): Rate=0.50s, Limit=0.001s, Conversion=0.0002s, RTAB-Map=0.0554s, Maps update=0.0011s pub=0.0032s delay=0.1274s (local map=0, WM=0)
[superpoint_node-2] [INFO] [1768033547.817184627] [superpoint_node]: Keypoints estratti: 800
[superpoint_node-2] [ERROR] [1768033547.823673530] [superpoint_node]: Errore pubblicazione keypoints 3D: could not assign tuple of length 3 to structure with 4 fields.
[foxglove_bridge-12] [INFO] [1768033547.825199190] [foxglove_bridge]: publishing connection graph
[superpoint_node-2] [INFO] [1768033547.918036740] [superpoint_node]: Keypoints estratti: 800
[superpoint_node-2] [ERROR] [1768033547.929149939] [superpoint_node]: Errore pubblicazione keypoints 3D: could not assign tuple of length 3 to structure with 4 fields.
[superpoint_node-2] [INFO] [1768033548.022599328] [superpoint_node]: Keypoints estratti: 800
[superpoint_node-2] [ERROR] [1768033548.029317085] [superpoint_node]: Errore pubblicazione keypoints 3D: could not assign tuple of length 3 to structure with 4 fields.
[superpoint_node-2] [INFO] [1768033548.117948249] [superpoint_node]: Keypoints estratti: 800
[superpoint_node-2] [ERROR] [1768033548.124060779] [superpoint_node]: Errore pubblicazione keypoints 3D: could not assign tuple of length 3 to structure with 4 fields.
[rtabmap-14] [33m[ WARN] (2026-01-10 09:25:43.436) CoreWrapper.cpp:1227::odomTFUpdate() Odometry is reset (identity pose detected). Increment map id![0m
[rtabmap-14] [33m[ WARN] (2026-01-10 09:25:43.497) MapsManager.cpp:863::publishMaps() Graph has changed! The whole cloud is regenerated.[0m
[rtabmap-14] [33m[ WARN] (2026-01-10 09:25:43.498) OccupancyGrid.cpp:169::getProbMap() Map info is empty, cannot generate probabilistic occupancy grid[0m
[rtabmap-14] [33m[ WARN] (2026-01-10 09:25:44.057) MapsManager.cpp:863::publishMaps() Graph has changed! The whole cloud is regenerated.[0m
[rtabmap-14] [33m[ WARN] (2026-01-10 09:25:44.061) OccupancyGrid.cpp:169::getProbMap() Map info is empty, cannot generate probabilistic occupancy grid[0m
[rtabmap-14] [33m[ WARN] (2026-01-10 09:25:44.568) CoreWrapper.cpp:1227::odomTFUpdate() Odometry is reset (identity pose detected). Increment map id![0m
[rtabmap-14] [33m[ WARN] (2026-01-10 09:25:44.614) MapsManager.cpp:863::publishMaps() Graph has changed! The whole cloud is regenerated.[0m
[rtabmap-14] [33m[ WARN] (2026-01-10 09:25:44.615) OccupancyGrid.cpp:169::getProbMap() Map info is empty, cannot generate probabilistic occupancy grid[0m
[rtabmap-14] [33m[ WARN] (2026-01-10 09:25:45.116) MapsManager.cpp:863::publishMaps() Graph has changed! The whole cloud is regenerated.[0m
[rtabmap-14] [33m[ WARN] (2026-01-10 09:25:45.121) OccupancyGrid.cpp:169::getProbMap() Map info is empty, cannot generate probabilistic occupancy grid[0m
[rtabmap-14] [33m[ WARN] (2026-01-10 09:25:45.640) MapsManager.cpp:863::publishMaps() Graph has changed! The whole cloud is regenerated.[0m
[rtabmap-14] [33m[ WARN] (2026-01-10 09:25:45.640) OccupancyGrid.cpp:169::getProbMap() Map info is empty, cannot generate probabilistic occupancy grid[0m
[rtabmap-14] [33m[ WARN] (2026-01-10 09:25:47.188) MapsManager.cpp:863::publishMaps() Graph has changed! The whole cloud is regenerated.[0m
[rtabmap-14] [33m[ WARN] (2026-01-10 09:25:47.189) OccupancyGrid.cpp:169::getProbMap() Map info is empty, cannot generate probabilistic occupancy grid[0m
[rtabmap-14] [33m[ WARN] (2026-01-10 09:25:47.770) MapsManager.cpp:863::publishMaps() Graph has changed! The whole cloud is regenerated.[0m
[rtabmap-14] [33m[ WARN] (2026-01-10 09:25:47.772) OccupancyGrid.cpp:169::getProbMap() Map info is empty, cannot generate probabilistic occupancy grid[0m
[superpoint_node-2] [INFO] [1768033548.224390259] [superpoint_node]: Keypoints estratti: 800
[superpoint_node-2] [ERROR] [1768033548.232631047] [superpoint_node]: Errore pubblicazione keypoints 3D: could not assign tuple of length 3 to structure with 4 fields.
[rtabmap-14] [INFO] [1768033548.252881652] [rtabmap]: rtabmap (166): Rate=0.50s, Limit=0.001s, Conversion=0.0005s, RTAB-Map=0.0381s, Maps update=0.0015s pub=0.0034s delay=0.0834s (local map=0, WM=0)
[superpoint_node-2] [INFO] [1768033548.326284788] [superpoint_node]: Keypoints estratti: 800
[superpoint_node-2] [ERROR] [1768033548.333092991] [superpoint_node]: Errore pubblicazione keypoints 3D: could not assign tuple of length 3 to structure with 4 fields.
[superpoint_node-2] [INFO] [1768033548.429126010] [superpoint_node]: Keypoints estratti: 800
[superpoint_node-2] [ERROR] [1768033548.436768478] [superpoint_node]: Errore pubblicazione keypoints 3D: could not assign tuple of length 3 to structure with 4 fields.
[superpoint_node-2] [INFO] [1768033548.565514887] [superpoint_node]: Keypoints estratti: 800
[superpoint_node-2] [ERROR] [1768033548.572368941] [superpoint_node]: Errore pubblicazione keypoints 3D: could not assign tuple of length 3 to structure with 4 fields.
[superpoint_node-2] [INFO] [1768033548.660149359] [superpoint_node]: Keypoints estratti: 800
[superpoint_node-2] [ERROR] [1768033548.667157951] [superpoint_node]: Errore pubblicazione keypoints 3D: could not assign tuple of length 3 to structure with 4 fields.
[superpoint_node-2] [INFO] [1768033548.755834820] [superpoint_node]: Keypoints estratti: 800
[superpoint_node-2] [ERROR] [1768033548.763712457] [superpoint_node]: Errore pubblicazione keypoints 3D: could not assign tuple of length 3 to structure with 4 fields.
[rtabmap-14] [INFO] [1768033548.790886561] [rtabmap]: rtabmap (167): Rate=0.50s, Limit=0.001s, Conversion=0.0003s, RTAB-Map=0.0357s, Maps update=0.0008s pub=0.0037s delay=0.0831s (local map=0, WM=0)
[superpoint_node-2] [INFO] [1768033548.866488160] [superpoint_node]: Keypoints estratti: 800
[superpoint_node-2] [ERROR] [1768033548.873581142] [superpoint_node]: Errore pubblicazione keypoints 3D: could not assign tuple of length 3 to structure with 4 fields.
[superpoint_node-2] [INFO] [1768033548.957526936] [superpoint_node]: Keypoints estratti: 800
[superpoint_node-2] [ERROR] [1768033548.963733208] [superpoint_node]: Errore pubblicazione keypoints 3D: could not assign tuple of length 3 to structure with 4 fields.
[superpoint_node-2] [INFO] [1768033549.056028661] [superpoint_node]: Keypoints estratti: 800
[superpoint_node-2] [ERROR] [1768033549.062342026] [superpoint_node]: Errore pubblicazione keypoints 3D: could not assign tuple of length 3 to structure with 4 fields.
[superpoint_node-2] [INFO] [1768033549.147883518] [superpoint_node]: Keypoints estratti: 800
[superpoint_node-2] [ERROR] [1768033549.154260717] [superpoint_node]: Errore pubblicazione keypoints 3D: could not assign tuple of length 3 to structure with 4 fields.
[superpoint_node-2] [INFO] [1768033549.235874289] [superpoint_node]: Keypoints estratti: 800
[superpoint_node-2] [ERROR] [1768033549.242734918] [superpoint_node]: Errore pubblicazione keypoints 3D: could not assign tuple of length 3 to structure with 4 fields.
[superpoint_node-2] [INFO] [1768033549.331244044] [superpoint_node]: Keypoints estratti: 800
[superpoint_node-2] [ERROR] [1768033549.337884467] [superpoint_node]: Errore pubblicazione keypoints 3D: could not assign tuple of length 3 to structure with 4 fields.
[rtabmap-14] [INFO] [1768033549.355430903] [rtabmap]: rtabmap (168): Rate=0.50s, Limit=0.001s, Conversion=0.0005s, RTAB-Map=0.0413s, Maps update=0.0020s pub=0.0018s delay=0.0740s (local map=0, WM=0)
[superpoint_node-2] [INFO] [1768033549.425529162] [superpoint_node]: Keypoints estratti: 800
[superpoint_node-2] [ERROR] [1768033549.432217844] [superpoint_node]: Errore pubblicazione keypoints 3D: could not assign tuple of length 3 to structure with 4 fields.
[superpoint_node-2] [INFO] [1768033549.517519335] [superpoint_node]: Keypoints estratti: 800
[superpoint_node-2] [ERROR] [1768033549.523998942] [superpoint_node]: Errore pubblicazione keypoints 3D: could not assign tuple of length 3 to structure with 4 fields.
[superpoint_node-2] [INFO] [1768033549.616199968] [superpoint_node]: Keypoints estratti: 800
[superpoint_node-2] [ERROR] [1768033549.622439869] [superpoint_node]: Errore pubblicazione keypoints 3D: could not assign tuple of length 3 to structure with 4 fields.
[superpoint_node-2] [INFO] [1768033549.717105693] [superpoint_node]: Keypoints estratti: 800
[superpoint_node-2] [ERROR] [1768033549.723351706] [superpoint_node]: Errore pubblicazione keypoints 3D: could not assign tuple of length 3 to structure with 4 fields.
[superpoint_node-2] [INFO] [1768033549.815114358] [superpoint_node]: Keypoints estratti: 800
[superpoint_node-2] [ERROR] [1768033549.821392167] [superpoint_node]: Errore pubblicazione keypoints 3D: could not assign tuple of length 3 to structure with 4 fields.
[superpoint_node-2] [INFO] [1768033549.914628073] [superpoint_node]: Keypoints estratti: 800
[superpoint_node-2] [ERROR] [1768033549.921286255] [superpoint_node]: Errore pubblicazione keypoints 3D: could not assign tuple of length 3 to structure with 4 fields.
[rtabmap-14] [INFO] [1768033549.949156661] [rtabmap]: rtabmap (169): Rate=0.50s, Limit=0.001s, Conversion=0.0003s, RTAB-Map=0.0331s, Maps update=0.0003s pub=0.0012s delay=0.0797s (local map=0, WM=0)
[superpoint_node-2] [INFO] [1768033550.015522390] [superpoint_node]: Keypoints estratti: 800
[superpoint_node-2] [ERROR] [1768033550.021630809] [superpoint_node]: Errore pubblicazione keypoints 3D: could not assign tuple of length 3 to structure with 4 fields.
[superpoint_node-2] [INFO] [1768033550.118415001] [superpoint_node]: Keypoints estratti: 800
[superpoint_node-2] [ERROR] [1768033550.124701977] [superpoint_node]: Errore pubblicazione keypoints 3D: could not assign tuple of length 3 to structure with 4 fields.
[foxglove_bridge-12] [INFO] [1768033550.125923672] [foxglove_bridge]: publishing connection graph
[superpoint_node-2] [INFO] [1768033550.213762979] [superpoint_node]: Keypoints estratti: 800
[superpoint_node-2] [ERROR] [1768033550.219883046] [superpoint_node]: Errore pubblicazione keypoints 3D: could not assign tuple of length 3 to structure with 4 fields.
[superpoint_node-2] [INFO] [1768033550.314231034] [superpoint_node]: Keypoints estratti: 800
[superpoint_node-2] [ERROR] [1768033550.320646659] [superpoint_node]: Errore pubblicazione keypoints 3D: could not assign tuple of length 3 to structure with 4 fields.
[superpoint_node-2] [INFO] [1768033550.414049139] [superpoint_node]: Keypoints estratti: 800
[superpoint_node-2] [ERROR] [1768033550.420823397] [superpoint_node]: Errore pubblicazione keypoints 3D: could not assign tuple of length 3 to structure with 4 fields.
[rtabmap-14] [INFO] [1768033550.463152306] [rtabmap]: rtabmap (170): Rate=0.50s, Limit=0.001s, Conversion=0.0003s, RTAB-Map=0.0414s, Maps update=0.0011s pub=0.0063s delay=0.0937s (local map=0, WM=0)
[superpoint_node-2] [INFO] [1768033550.517968685] [superpoint_node]: Keypoints estratti: 800
[superpoint_node-2] [ERROR] [1768033550.524161678] [superpoint_node]: Errore pubblicazione keypoints 3D: could not assign tuple of length 3 to structure with 4 fields.
[superpoint_node-2] [INFO] [1768033550.617304471] [superpoint_node]: Keypoints estratti: 800
[superpoint_node-2] [ERROR] [1768033550.623723115] [superpoint_node]: Errore pubblicazione keypoints 3D: could not assign tuple of length 3 to structure with 4 fields.
[superpoint_node-2] [INFO] [1768033550.713076063] [superpoint_node]: Keypoints estratti: 800
[superpoint_node-2] [ERROR] [1768033550.719450855] [superpoint_node]: Errore pubblicazione keypoints 3D: could not assign tuple of length 3 to structure with 4 fields.
[superpoint_node-2] [INFO] [1768033550.814422477] [superpoint_node]: Keypoints estratti: 800
[superpoint_node-2] [ERROR] [1768033550.821441718] [superpoint_node]: Errore pubblicazione keypoints 3D: could not assign tuple of length 3 to structure with 4 fields.
[superpoint_node-2] [INFO] [1768033550.916467693] [superpoint_node]: Keypoints estratti: 800
[superpoint_node-2] [ERROR] [1768033550.922772335] [superpoint_node]: Errore pubblicazione keypoints 3D: could not assign tuple of length 3 to structure with 4 fields.
[superpoint_node-2] [INFO] [1768033551.016985933] [superpoint_node]: Keypoints estratti: 800
[superpoint_node-2] [ERROR] [1768033551.023575189] [superpoint_node]: Errore pubblicazione keypoints 3D: could not assign tuple of length 3 to structure with 4 fields.
[rtabmap-14] [INFO] [1768033551.061535212] [rtabmap]: rtabmap (171): Rate=0.50s, Limit=0.001s, Conversion=0.0003s, RTAB-Map=0.0471s, Maps update=0.0002s pub=0.0024s delay=0.0921s (local map=0, WM=0)
[superpoint_node-2] [INFO] [1768033551.114486687] [superpoint_node]: Keypoints estratti: 800
[superpoint_node-2] [ERROR] [1768033551.120891608] [superpoint_node]: Errore pubblicazione keypoints 3D: could not assign tuple of length 3 to structure with 4 fields.
[superpoint_node-2] [INFO] [1768033551.217034962] [superpoint_node]: Keypoints estratti: 800
[superpoint_node-2] [ERROR] [1768033551.223884646] [superpoint_node]: Errore pubblicazione keypoints 3D: could not assign tuple of length 3 to structure with 4 fields.
[superpoint_node-2] [INFO] [1768033551.319821999] [superpoint_node]: Keypoints estratti: 800
[superpoint_node-2] [ERROR] [1768033551.326885740] [superpoint_node]: Errore pubblicazione keypoints 3D: could not assign tuple of length 3 to structure with 4 fields.
[superpoint_node-2] [INFO] [1768033551.418888172] [superpoint_node]: Keypoints estratti: 800
[superpoint_node-2] [ERROR] [1768033551.425565003] [superpoint_node]: Errore pubblicazione keypoints 3D: could not assign tuple of length 3 to structure with 4 fields.
[superpoint_node-2] [INFO] [1768033551.521180371] [superpoint_node]: Keypoints estratti: 800
[superpoint_node-2] [ERROR] [1768033551.528215446] [superpoint_node]: Errore pubblicazione keypoints 3D: could not assign tuple of length 3 to structure with 4 fields.
[rtabmap-14] [INFO] [1768033551.559742992] [rtabmap]: rtabmap (172): Rate=0.50s, Limit=0.001s, Conversion=0.0003s, RTAB-Map=0.0420s, Maps update=0.0005s pub=0.0062s delay=0.0903s (local map=0, WM=0)
[superpoint_node-2] [INFO] [1768033551.624712321] [superpoint_node]: Keypoints estratti: 800
[superpoint_node-2] [ERROR] [1768033551.631922600] [superpoint_node]: Errore pubblicazione keypoints 3D: could not assign tuple of length 3 to structure with 4 fields.
[superpoint_node-2] [INFO] [1768033551.759897188] [superpoint_node]: Keypoints estratti: 800
[superpoint_node-2] [ERROR] [1768033551.766448147] [superpoint_node]: Errore pubblicazione keypoints 3D: could not assign tuple of length 3 to structure with 4 fields.
[superpoint_node-2] [INFO] [1768033551.857843557] [superpoint_node]: Keypoints estratti: 800
[superpoint_node-2] [ERROR] [1768033551.864704889] [superpoint_node]: Errore pubblicazione keypoints 3D: could not assign tuple of length 3 to structure with 4 fields.
[superpoint_node-2] [INFO] [1768033551.957383030] [superpoint_node]: Keypoints estratti: 800
[superpoint_node-2] [ERROR] [1768033551.964747700] [superpoint_node]: Errore pubblicazione keypoints 3D: could not assign tuple of length 3 to structure with 4 fields.
[superpoint_node-2] [INFO] [1768033552.068043721] [superpoint_node]: Keypoints estratti: 800
[superpoint_node-2] [ERROR] [1768033552.077000089] [superpoint_node]: Errore pubblicazione keypoints 3D: could not assign tuple of length 3 to structure with 4 fields.
[rtabmap-14] [INFO] [1768033552.094673932] [rtabmap]: rtabmap (173): Rate=0.50s, Limit=0.001s, Conversion=0.0005s, RTAB-Map=0.0485s, Maps update=0.0003s pub=0.0014s delay=0.0873s (local map=0, WM=0)
[superpoint_node-2] [INFO] [1768033552.180380463] [superpoint_node]: Keypoints estratti: 800
[superpoint_node-2] [ERROR] [1768033552.187323592] [superpoint_node]: Errore pubblicazione keypoints 3D: could not assign tuple of length 3 to structure with 4 fields.
[superpoint_node-2] [INFO] [1768033552.284751031] [superpoint_node]: Keypoints estratti: 800
[superpoint_node-2] [ERROR] [1768033552.291831698] [superpoint_node]: Errore pubblicazione keypoints 3D: could not assign tuple of length 3 to structure with 4 fields.
[superpoint_node-2] [INFO] [1768033552.384306615] [superpoint_node]: Keypoints estratti: 800
[superpoint_node-2] [ERROR] [1768033552.391351523] [superpoint_node]: Errore pubblicazione keypoints 3D: could not assign tuple of length 3 to structure with 4 fields.
[superpoint_node-2] [INFO] [1768033552.482121464] [superpoint_node]: Keypoints estratti: 800
[superpoint_node-2] [ERROR] [1768033552.489587394] [superpoint_node]: Errore pubblicazione keypoints 3D: could not assign tuple of length 3 to structure with 4 fields.
[rtabmap-14] [INFO] [1768033552.580683319] [rtabmap]: rtabmap (174): Rate=0.50s, Limit=0.001s, Conversion=0.0002s, RTAB-Map=0.0300s, Maps update=0.0004s pub=0.0013s delay=0.0498s (local map=0, WM=0)
[superpoint_node-2] [INFO] [1768033552.589404018] [superpoint_node]: Keypoints estratti: 800
[superpoint_node-2] [ERROR] [1768033552.596361517] [superpoint_node]: Errore pubblicazione keypoints 3D: could not assign tuple of length 3 to structure with 4 fields.
[superpoint_node-2] [INFO] [1768033552.690350077] [superpoint_node]: Keypoints estratti: 800
[superpoint_node-2] [ERROR] [1768033552.697297539] [superpoint_node]: Errore pubblicazione keypoints 3D: could not assign tuple of length 3 to structure with 4 fields.
[superpoint_node-2] [INFO] [1768033552.789900106] [superpoint_node]: Keypoints estratti: 800
[superpoint_node-2] [ERROR] [1768033552.796593122] [superpoint_node]: Errore pubblicazione keypoints 3D: could not assign tuple of length 3 to structure with 4 fields.
[superpoint_node-2] [INFO] [1768033552.889595062] [superpoint_node]: Keypoints estratti: 800
[superpoint_node-2] [ERROR] [1768033552.897003954] [superpoint_node]: Errore pubblicazione keypoints 3D: could not assign tuple of length 3 to structure with 4 fields.
[superpoint_node-2] [INFO] [1768033552.988881145] [superpoint_node]: Keypoints estratti: 800
[superpoint_node-2] [ERROR] [1768033552.995383548] [superpoint_node]: Errore pubblicazione keypoints 3D: could not assign tuple of length 3 to structure with 4 fields.
[superpoint_node-2] [INFO] [1768033553.088511434] [superpoint_node]: Keypoints estratti: 800
[superpoint_node-2] [ERROR] [1768033553.097508598] [superpoint_node]: Errore pubblicazione keypoints 3D: could not assign tuple of length 3 to structure with 4 fields.
[rtabmap-14] [INFO] [1768033553.118674969] [rtabmap]: rtabmap (175): Rate=0.50s, Limit=0.001s, Conversion=0.0006s, RTAB-Map=0.0344s, Maps update=0.0003s pub=0.0030s delay=0.0816s (local map=0, WM=0)
[rtabmap-14] [33m[ WARN] (2026-01-10 09:25:48.249) MapsManager.cpp:863::publishMaps() Graph has changed! The whole cloud is regenerated.[0m
[rtabmap-14] [33m[ WARN] (2026-01-10 09:25:48.251) OccupancyGrid.cpp:169::getProbMap() Map info is empty, cannot generate probabilistic occupancy grid[0m
[rtabmap-14] [33m[ WARN] (2026-01-10 09:25:48.786) MapsManager.cpp:863::publishMaps() Graph has changed! The whole cloud is regenerated.[0m
[rtabmap-14] [33m[ WARN] (2026-01-10 09:25:48.787) OccupancyGrid.cpp:169::getProbMap() Map info is empty, cannot generate probabilistic occupancy grid[0m
[rtabmap-14] [33m[ WARN] (2026-01-10 09:25:49.353) MapsManager.cpp:863::publishMaps() Graph has changed! The whole cloud is regenerated.[0m
[rtabmap-14] [33m[ WARN] (2026-01-10 09:25:49.354) OccupancyGrid.cpp:169::getProbMap() Map info is empty, cannot generate probabilistic occupancy grid[0m
[rtabmap-14] [33m[ WARN] (2026-01-10 09:25:49.947) MapsManager.cpp:863::publishMaps() Graph has changed! The whole cloud is regenerated.[0m
[rtabmap-14] [33m[ WARN] (2026-01-10 09:25:49.948) OccupancyGrid.cpp:169::getProbMap() Map info is empty, cannot generate probabilistic occupancy grid[0m
[rtabmap-14] [33m[ WARN] (2026-01-10 09:25:50.456) MapsManager.cpp:863::publishMaps() Graph has changed! The whole cloud is regenerated.[0m
[rtabmap-14] [33m[ WARN] (2026-01-10 09:25:50.460) OccupancyGrid.cpp:169::getProbMap() Map info is empty, cannot generate probabilistic occupancy grid[0m
[rtabmap-14] [33m[ WARN] (2026-01-10 09:25:51.059) MapsManager.cpp:863::publishMaps() Graph has changed! The whole cloud is regenerated.[0m
[rtabmap-14] [33m[ WARN] (2026-01-10 09:25:51.059) OccupancyGrid.cpp:169::getProbMap() Map info is empty, cannot generate probabilistic occupancy grid[0m
[rtabmap-14] [33m[ WARN] (2026-01-10 09:25:51.553) MapsManager.cpp:863::publishMaps() Graph has changed! The whole cloud is regenerated.[0m
[rtabmap-14] [33m[ WARN] (2026-01-10 09:25:51.555) OccupancyGrid.cpp:169::getProbMap() Map info is empty, cannot generate probabilistic occupancy grid[0m
[rtabmap-14] [33m[ WARN] (2026-01-10 09:25:52.093) MapsManager.cpp:863::publishMaps() Graph has changed! The whole cloud is regenerated.[0m
[rtabmap-14] [33m[ WARN] (2026-01-10 09:25:52.093) OccupancyGrid.cpp:169::getProbMap() Map info is empty, cannot generate probabilistic occupancy grid[0m
[rtabmap-14] [33m[ WARN] (2026-01-10 09:25:52.579) MapsManager.cpp:863::publishMaps() Graph has changed! The whole cloud is regenerated.[0m
[rtabmap-14] [33m[ WARN] (2026-01-10 09:25:52.579) OccupancyGrid.cpp:169::getProbMap() Map info is empty, cannot generate probabilistic occupancy grid[0m
[rtabmap-14] [33m[ WARN] (2026-01-10 09:25:53.115) MapsManager.cpp:863::publishMaps() Graph has changed! The whole cloud is regenerated.[0m
[rtabmap-14] [33m[ WARN] (2026-01-10 09:25:53.115) OccupancyGrid.cpp:169::getProbMap() Map info is empty, cannot generate probabilistic occupancy grid[0m
[superpoint_node-2] [INFO] [1768033553.194495718] [superpoint_node]: Keypoints estratti: 800
[superpoint_node-2] [ERROR] [1768033553.201328846] [superpoint_node]: Errore pubblicazione keypoints 3D: could not assign tuple of length 3 to structure with 4 fields.
[superpoint_node-2] [INFO] [1768033553.292635662] [superpoint_node]: Keypoints estratti: 800
[superpoint_node-2] [ERROR] [1768033553.299755866] [superpoint_node]: Errore pubblicazione keypoints 3D: could not assign tuple of length 3 to structure with 4 fields.
[superpoint_node-2] [INFO] [1768033553.392916975] [superpoint_node]: Keypoints estratti: 800
[superpoint_node-2] [ERROR] [1768033553.399842826] [superpoint_node]: Errore pubblicazione keypoints 3D: could not assign tuple of length 3 to structure with 4 fields.
[superpoint_node-2] [INFO] [1768033553.490435988] [superpoint_node]: Keypoints estratti: 800
[superpoint_node-2] [ERROR] [1768033553.497298857] [superpoint_node]: Errore pubblicazione keypoints 3D: could not assign tuple of length 3 to structure with 4 fields.
[superpoint_node-2] [INFO] [1768033553.592885392] [superpoint_node]: Keypoints estratti: 800
[superpoint_node-2] [ERROR] [1768033553.600341803] [superpoint_node]: Errore pubblicazione keypoints 3D: could not assign tuple of length 3 to structure with 4 fields.
[rtabmap-14] [INFO] [1768033553.628675268] [rtabmap]: rtabmap (176): Rate=0.50s, Limit=0.001s, Conversion=0.0002s, RTAB-Map=0.0378s, Maps update=0.0007s pub=0.0043s delay=0.0897s (local map=0, WM=0)
[superpoint_node-2] [INFO] [1768033553.706804794] [superpoint_node]: Keypoints estratti: 800
[superpoint_node-2] [ERROR] [1768033553.713695738] [superpoint_node]: Errore pubblicazione keypoints 3D: could not assign tuple of length 3 to structure with 4 fields.
[superpoint_node-2] [INFO] [1768033553.803552505] [superpoint_node]: Keypoints estratti: 800
[superpoint_node-2] [ERROR] [1768033553.811132954] [superpoint_node]: Errore pubblicazione keypoints 3D: could not assign tuple of length 3 to structure with 4 fields.
[superpoint_node-2] [INFO] [1768033553.905462497] [superpoint_node]: Keypoints estratti: 800
[superpoint_node-2] [ERROR] [1768033553.913145540] [superpoint_node]: Errore pubblicazione keypoints 3D: could not assign tuple of length 3 to structure with 4 fields.
[superpoint_node-2] [INFO] [1768033554.000917661] [superpoint_node]: Keypoints estratti: 800
[superpoint_node-2] [ERROR] [1768033554.008474221] [superpoint_node]: Errore pubblicazione keypoints 3D: could not assign tuple of length 3 to structure with 4 fields.
[superpoint_node-2] [INFO] [1768033554.103090526] [superpoint_node]: Keypoints estratti: 800
[superpoint_node-2] [ERROR] [1768033554.111371147] [superpoint_node]: Errore pubblicazione keypoints 3D: could not assign tuple of length 3 to structure with 4 fields.
[rtabmap-14] [INFO] [1768033554.119119708] [rtabmap]: rtabmap (177): Rate=0.50s, Limit=0.001s, Conversion=0.0003s, RTAB-Map=0.0397s, Maps update=0.0003s pub=0.0014s delay=0.0694s (local map=0, WM=0)
[superpoint_node-2] [INFO] [1768033554.205178983] [superpoint_node]: Keypoints estratti: 800
[superpoint_node-2] [ERROR] [1768033554.212708376] [superpoint_node]: Errore pubblicazione keypoints 3D: could not assign tuple of length 3 to structure with 4 fields.
[superpoint_node-2] [INFO] [1768033554.315679099] [superpoint_node]: Keypoints estratti: 800
[superpoint_node-2] [ERROR] [1768033554.322615413] [superpoint_node]: Errore pubblicazione keypoints 3D: could not assign tuple of length 3 to structure with 4 fields.
[superpoint_node-2] [INFO] [1768033554.418600192] [superpoint_node]: Keypoints estratti: 800
[superpoint_node-2] [ERROR] [1768033554.425989454] [superpoint_node]: Errore pubblicazione keypoints 3D: could not assign tuple of length 3 to structure with 4 fields.
[superpoint_node-2] [INFO] [1768033554.521389265] [superpoint_node]: Keypoints estratti: 800
[superpoint_node-2] [ERROR] [1768033554.528909380] [superpoint_node]: Errore pubblicazione keypoints 3D: could not assign tuple of length 3 to structure with 4 fields.
[superpoint_node-2] [INFO] [1768033554.622587715] [superpoint_node]: Keypoints estratti: 800
[superpoint_node-2] [ERROR] [1768033554.630066996] [superpoint_node]: Errore pubblicazione keypoints 3D: could not assign tuple of length 3 to structure with 4 fields.
[rtabmap-14] [INFO] [1768033554.653859796] [rtabmap]: rtabmap (178): Rate=0.50s, Limit=0.001s, Conversion=0.0003s, RTAB-Map=0.0360s, Maps update=0.0002s pub=0.0012s delay=0.0826s (local map=0, WM=0)
[superpoint_node-2] [INFO] [1768033554.726253628] [superpoint_node]: Keypoints estratti: 800
[superpoint_node-2] [ERROR] [1768033554.733171368] [superpoint_node]: Errore pubblicazione keypoints 3D: could not assign tuple of length 3 to structure with 4 fields.
[superpoint_node-2] [INFO] [1768033554.829190499] [superpoint_node]: Keypoints estratti: 800
[superpoint_node-2] [ERROR] [1768033554.835903108] [superpoint_node]: Errore pubblicazione keypoints 3D: could not assign tuple of length 3 to structure with 4 fields.
[superpoint_node-2] [INFO] [1768033554.925563707] [superpoint_node]: Keypoints estratti: 800
[superpoint_node-2] [ERROR] [1768033554.932645485] [superpoint_node]: Errore pubblicazione keypoints 3D: could not assign tuple of length 3 to structure with 4 fields.
[superpoint_node-2] [INFO] [1768033555.023250518] [superpoint_node]: Keypoints estratti: 800
[superpoint_node-2] [ERROR] [1768033555.030094017] [superpoint_node]: Errore pubblicazione keypoints 3D: could not assign tuple of length 3 to structure with 4 fields.
[superpoint_node-2] [INFO] [1768033555.126309279] [superpoint_node]: Keypoints estratti: 800
[superpoint_node-2] [ERROR] [1768033555.135259553] [superpoint_node]: Errore pubblicazione keypoints 3D: could not assign tuple of length 3 to structure with 4 fields.
[rtabmap-14] [INFO] [1768033555.167333104] [rtabmap]: rtabmap (179): Rate=0.50s, Limit=0.001s, Conversion=0.0010s, RTAB-Map=0.0428s, Maps update=0.0003s pub=0.0042s delay=0.0938s (local map=0, WM=0)
[superpoint_node-2] [INFO] [1768033555.233358923] [superpoint_node]: Keypoints estratti: 800
[superpoint_node-2] [ERROR] [1768033555.241083373] [superpoint_node]: Errore pubblicazione keypoints 3D: could not assign tuple of length 3 to structure with 4 fields.
[superpoint_node-2] [INFO] [1768033555.332170095] [superpoint_node]: Keypoints estratti: 800
[superpoint_node-2] [ERROR] [1768033555.339148279] [superpoint_node]: Errore pubblicazione keypoints 3D: could not assign tuple of length 3 to structure with 4 fields.
[superpoint_node-2] [INFO] [1768033555.430063388] [superpoint_node]: Keypoints estratti: 800
[superpoint_node-2] [ERROR] [1768033555.437008536] [superpoint_node]: Errore pubblicazione keypoints 3D: could not assign tuple of length 3 to structure with 4 fields.
[superpoint_node-2] [INFO] [1768033555.528088980] [superpoint_node]: Keypoints estratti: 800
[superpoint_node-2] [ERROR] [1768033555.534813107] [superpoint_node]: Errore pubblicazione keypoints 3D: could not assign tuple of length 3 to structure with 4 fields.
[superpoint_node-2] [INFO] [1768033555.629704766] [superpoint_node]: Keypoints estratti: 800
[superpoint_node-2] [ERROR] [1768033555.638112425] [superpoint_node]: Errore pubblicazione keypoints 3D: could not assign tuple of length 3 to structure with 4 fields.
[rtabmap-14] [INFO] [1768033555.644976702] [rtabmap]: rtabmap (180): Rate=0.50s, Limit=0.001s, Conversion=0.0003s, RTAB-Map=0.0296s, Maps update=0.0002s pub=0.0011s delay=0.0677s (local map=0, WM=0)
[superpoint_node-2] [INFO] [1768033555.769608763] [superpoint_node]: Keypoints estratti: 800
[superpoint_node-2] [ERROR] [1768033555.779119264] [superpoint_node]: Errore pubblicazione keypoints 3D: could not assign tuple of length 3 to structure with 4 fields.
[superpoint_node-2] [INFO] [1768033555.871904573] [superpoint_node]: Keypoints estratti: 800
[superpoint_node-2] [ERROR] [1768033555.879374688] [superpoint_node]: Errore pubblicazione keypoints 3D: could not assign tuple of length 3 to structure with 4 fields.
[superpoint_node-2] [INFO] [1768033555.970945895] [superpoint_node]: Keypoints estratti: 800
[superpoint_node-2] [ERROR] [1768033555.978286842] [superpoint_node]: Errore pubblicazione keypoints 3D: could not assign tuple of length 3 to structure with 4 fields.
[superpoint_node-2] [INFO] [1768033556.071074595] [superpoint_node]: Keypoints estratti: 800
[superpoint_node-2] [ERROR] [1768033556.078549803] [superpoint_node]: Errore pubblicazione keypoints 3D: could not assign tuple of length 3 to structure with 4 fields.
[superpoint_node-2] [INFO] [1768033556.168026789] [superpoint_node]: Keypoints estratti: 800
[superpoint_node-2] [ERROR] [1768033556.175847092] [superpoint_node]: Errore pubblicazione keypoints 3D: could not assign tuple of length 3 to structure with 4 fields.
[rtabmap-14] [INFO] [1768033556.212002434] [rtabmap]: rtabmap (181): Rate=0.50s, Limit=0.001s, Conversion=0.0002s, RTAB-Map=0.0351s, Maps update=0.0003s pub=0.0012s delay=0.0922s (local map=0, WM=0)
[superpoint_node-2] [INFO] [1768033556.269211202] [superpoint_node]: Keypoints estratti: 800
[superpoint_node-2] [ERROR] [1768033556.276917578] [superpoint_node]: Errore pubblicazione keypoints 3D: could not assign tuple of length 3 to structure with 4 fields.
[superpoint_node-2] [INFO] [1768033556.369394421] [superpoint_node]: Keypoints estratti: 800
[superpoint_node-2] [ERROR] [1768033556.377222983] [superpoint_node]: Errore pubblicazione keypoints 3D: could not assign tuple of length 3 to structure with 4 fields.
[superpoint_node-2] [INFO] [1768033556.468788616] [superpoint_node]: Keypoints estratti: 800
[superpoint_node-2] [ERROR] [1768033556.477249091] [superpoint_node]: Errore pubblicazione keypoints 3D: could not assign tuple of length 3 to structure with 4 fields.
[superpoint_node-2] [INFO] [1768033556.572805866] [superpoint_node]: Keypoints estratti: 800
[superpoint_node-2] [ERROR] [1768033556.579804070] [superpoint_node]: Errore pubblicazione keypoints 3D: could not assign tuple of length 3 to structure with 4 fields.
[superpoint_node-2] [INFO] [1768033556.673213254] [superpoint_node]: Keypoints estratti: 800
[superpoint_node-2] [ERROR] [1768033556.681049112] [superpoint_node]: Errore pubblicazione keypoints 3D: could not assign tuple of length 3 to structure with 4 fields.
[rtabmap-14] [INFO] [1768033556.695481245] [rtabmap]: rtabmap (182): Rate=0.50s, Limit=0.001s, Conversion=0.0005s, RTAB-Map=0.0460s, Maps update=0.0016s pub=0.0024s delay=0.0745s (local map=0, WM=0)
[superpoint_node-2] [INFO] [1768033556.773759958] [superpoint_node]: Keypoints estratti: 800
[superpoint_node-2] [ERROR] [1768033556.780556252] [superpoint_node]: Errore pubblicazione keypoints 3D: could not assign tuple of length 3 to structure with 4 fields.
[superpoint_node-2] [INFO] [1768033556.873685231] [superpoint_node]: Keypoints estratti: 800
[superpoint_node-2] [ERROR] [1768033556.880906195] [superpoint_node]: Errore pubblicazione keypoints 3D: could not assign tuple of length 3 to structure with 4 fields.
[superpoint_node-2] [INFO] [1768033556.972419920] [superpoint_node]: Keypoints estratti: 800
[superpoint_node-2] [ERROR] [1768033556.980147963] [superpoint_node]: Errore pubblicazione keypoints 3D: could not assign tuple of length 3 to structure with 4 fields.
[superpoint_node-2] [INFO] [1768033557.073904724] [superpoint_node]: Keypoints estratti: 800
[superpoint_node-2] [ERROR] [1768033557.080645203] [superpoint_node]: Errore pubblicazione keypoints 3D: could not assign tuple of length 3 to structure with 4 fields.
[superpoint_node-2] [INFO] [1768033557.170053134] [superpoint_node]: Keypoints estratti: 800
[superpoint_node-2] [ERROR] [1768033557.177445822] [superpoint_node]: Errore pubblicazione keypoints 3D: could not assign tuple of length 3 to structure with 4 fields.
[rtabmap-14] [INFO] [1768033557.232917298] [rtabmap]: rtabmap (183): Rate=0.50s, Limit=0.001s, Conversion=0.0002s, RTAB-Map=0.0401s, Maps update=0.0014s pub=0.0060s delay=0.1110s (local map=0, WM=0)
[superpoint_node-2] [INFO] [1768033557.275933491] [superpoint_node]: Keypoints estratti: 800
[superpoint_node-2] [ERROR] [1768033557.282782916] [superpoint_node]: Errore pubblicazione keypoints 3D: could not assign tuple of length 3 to structure with 4 fields.
[superpoint_node-2] [INFO] [1768033557.376651104] [superpoint_node]: Keypoints estratti: 800
[superpoint_node-2] [ERROR] [1768033557.383660418] [superpoint_node]: Errore pubblicazione keypoints 3D: could not assign tuple of length 3 to structure with 4 fields.
[superpoint_node-2] [INFO] [1768033557.477863591] [superpoint_node]: Keypoints estratti: 800
[superpoint_node-2] [ERROR] [1768033557.484711719] [superpoint_node]: Errore pubblicazione keypoints 3D: could not assign tuple of length 3 to structure with 4 fields.
[superpoint_node-2] [INFO] [1768033557.573853647] [superpoint_node]: Keypoints estratti: 800
[superpoint_node-2] [ERROR] [1768033557.580475700] [superpoint_node]: Errore pubblicazione keypoints 3D: could not assign tuple of length 3 to structure with 4 fields.
[rtabmap-14] [INFO] [1768033557.707240593] [rtabmap]: rtabmap (184): Rate=0.50s, Limit=0.001s, Conversion=0.0003s, RTAB-Map=0.0236s, Maps update=0.0003s pub=0.0024s delay=0.0377s (local map=0, WM=0)
[superpoint_node-2] [INFO] [1768033557.733020686] [superpoint_node]: Keypoints estratti: 800
[superpoint_node-2] [ERROR] [1768033557.740589190] [superpoint_node]: Errore pubblicazione keypoints 3D: could not assign tuple of length 3 to structure with 4 fields.
[superpoint_node-2] [INFO] [1768033557.831990248] [superpoint_node]: Keypoints estratti: 800
[superpoint_node-2] [ERROR] [1768033557.838412187] [superpoint_node]: Errore pubblicazione keypoints 3D: could not assign tuple of length 3 to structure with 4 fields.
[superpoint_node-2] [INFO] [1768033557.929515779] [superpoint_node]: Keypoints estratti: 800
[superpoint_node-2] [ERROR] [1768033557.936271796] [superpoint_node]: Errore pubblicazione keypoints 3D: could not assign tuple of length 3 to structure with 4 fields.
[superpoint_node-2] [INFO] [1768033558.026903921] [superpoint_node]: Keypoints estratti: 800
[superpoint_node-2] [ERROR] [1768033558.033680197] [superpoint_node]: Errore pubblicazione keypoints 3D: could not assign tuple of length 3 to structure with 4 fields.
[rtabmap-14] [33m[ WARN] (2026-01-10 09:25:53.624) MapsManager.cpp:863::publishMaps() Graph has changed! The whole cloud is regenerated.[0m
[rtabmap-14] [33m[ WARN] (2026-01-10 09:25:53.627) OccupancyGrid.cpp:169::getProbMap() Map info is empty, cannot generate probabilistic occupancy grid[0m
[rtabmap-14] [33m[ WARN] (2026-01-10 09:25:54.116) MapsManager.cpp:863::publishMaps() Graph has changed! The whole cloud is regenerated.[0m
[rtabmap-14] [33m[ WARN] (2026-01-10 09:25:54.116) OccupancyGrid.cpp:169::getProbMap() Map info is empty, cannot generate probabilistic occupancy grid[0m
[rtabmap-14] [33m[ WARN] (2026-01-10 09:25:54.373) CoreWrapper.cpp:1227::odomTFUpdate() Odometry is reset (identity pose detected). Increment map id![0m
[rtabmap-14] [33m[ WARN] (2026-01-10 09:25:54.652) MapsManager.cpp:863::publishMaps() Graph has changed! The whole cloud is regenerated.[0m
[rtabmap-14] [33m[ WARN] (2026-01-10 09:25:54.653) OccupancyGrid.cpp:169::getProbMap() Map info is empty, cannot generate probabilistic occupancy grid[0m
[rtabmap-14] [33m[ WARN] (2026-01-10 09:25:55.163) MapsManager.cpp:863::publishMaps() Graph has changed! The whole cloud is regenerated.[0m
[rtabmap-14] [33m[ WARN] (2026-01-10 09:25:55.166) OccupancyGrid.cpp:169::getProbMap() Map info is empty, cannot generate probabilistic occupancy grid[0m
[rtabmap-14] [33m[ WARN] (2026-01-10 09:25:55.643) MapsManager.cpp:863::publishMaps() Graph has changed! The whole cloud is regenerated.[0m
[rtabmap-14] [33m[ WARN] (2026-01-10 09:25:55.644) OccupancyGrid.cpp:169::getProbMap() Map info is empty, cannot generate probabilistic occupancy grid[0m
[rtabmap-14] [33m[ WARN] (2026-01-10 09:25:56.210) MapsManager.cpp:863::publishMaps() Graph has changed! The whole cloud is regenerated.[0m
[rtabmap-14] [33m[ WARN] (2026-01-10 09:25:56.211) OccupancyGrid.cpp:169::getProbMap() Map info is empty, cannot generate probabilistic occupancy grid[0m
[rtabmap-14] [33m[ WARN] (2026-01-10 09:25:56.693) MapsManager.cpp:863::publishMaps() Graph has changed! The whole cloud is regenerated.[0m
[rtabmap-14] [33m[ WARN] (2026-01-10 09:25:56.694) OccupancyGrid.cpp:169::getProbMap() Map info is empty, cannot generate probabilistic occupancy grid[0m
[rtabmap-14] [33m[ WARN] (2026-01-10 09:25:57.226) MapsManager.cpp:863::publishMaps() Graph has changed! The whole cloud is regenerated.[0m
[rtabmap-14] [33m[ WARN] (2026-01-10 09:25:57.227) OccupancyGrid.cpp:169::getProbMap() Map info is empty, cannot generate probabilistic occupancy grid[0m
[rtabmap-14] [33m[ WARN] (2026-01-10 09:25:57.633) CoreWrapper.cpp:1227::odomTFUpdate() Odometry is reset (identity pose detected). Increment map id![0m
[rtabmap-14] [33m[ WARN] (2026-01-10 09:25:57.704) MapsManager.cpp:863::publishMaps() Graph has changed! The whole cloud is regenerated.[0m
[rtabmap-14] [33m[ WARN] (2026-01-10 09:25:57.705) OccupancyGrid.cpp:169::getProbMap() Map info is empty, cannot generate probabilistic occupancy grid[0m
[superpoint_node-2] [INFO] [1768033558.128608356] [superpoint_node]: Keypoints estratti: 800
[superpoint_node-2] [ERROR] [1768033558.135510041] [superpoint_node]: Errore pubblicazione keypoints 3D: could not assign tuple of length 3 to structure with 4 fields.
[foxglove_bridge-12] [INFO] [1768033558.223549719] [foxglove_bridge]: publishing connection graph
[superpoint_node-2] [INFO] [1768033558.229859103] [superpoint_node]: Keypoints estratti: 800
[superpoint_node-2] [ERROR] [1768033558.236358914] [superpoint_node]: Errore pubblicazione keypoints 3D: could not assign tuple of length 3 to structure with 4 fields.
[rtabmap-14] [INFO] [1768033558.297153803] [rtabmap]: rtabmap (185): Rate=0.50s, Limit=0.001s, Conversion=0.0002s, RTAB-Map=0.0465s, Maps update=0.0010s pub=0.0045s delay=0.1193s (local map=0, WM=0)
[superpoint_node-2] [INFO] [1768033558.326686203] [superpoint_node]: Keypoints estratti: 800
[superpoint_node-2] [ERROR] [1768033558.333418960] [superpoint_node]: Errore pubblicazione keypoints 3D: could not assign tuple of length 3 to structure with 4 fields.
[superpoint_node-2] [INFO] [1768033558.419604347] [superpoint_node]: Keypoints estratti: 800
[superpoint_node-2] [ERROR] [1768033558.426464790] [superpoint_node]: Errore pubblicazione keypoints 3D: could not assign tuple of length 3 to structure with 4 fields.
[superpoint_node-2] [INFO] [1768033558.518351351] [superpoint_node]: Keypoints estratti: 800
[superpoint_node-2] [ERROR] [1768033558.524972533] [superpoint_node]: Errore pubblicazione keypoints 3D: could not assign tuple of length 3 to structure with 4 fields.
[superpoint_node-2] [INFO] [1768033558.618263624] [superpoint_node]: Keypoints estratti: 800
[superpoint_node-2] [ERROR] [1768033558.625108882] [superpoint_node]: Errore pubblicazione keypoints 3D: could not assign tuple of length 3 to structure with 4 fields.
[superpoint_node-2] [INFO] [1768033558.720655713] [superpoint_node]: Keypoints estratti: 800
[superpoint_node-2] [ERROR] [1768033558.727284858] [superpoint_node]: Errore pubblicazione keypoints 3D: could not assign tuple of length 3 to structure with 4 fields.
[rtabmap-14] [INFO] [1768033558.814322436] [rtabmap]: rtabmap (186): Rate=0.50s, Limit=0.001s, Conversion=0.0002s, RTAB-Map=0.0269s, Maps update=0.0004s pub=0.0044s delay=0.0449s (local map=0, WM=0)
[superpoint_node-2] [INFO] [1768033558.823335193] [superpoint_node]: Keypoints estratti: 800
[superpoint_node-2] [ERROR] [1768033558.829983264] [superpoint_node]: Errore pubblicazione keypoints 3D: could not assign tuple of length 3 to structure with 4 fields.
[superpoint_node-2] [INFO] [1768033558.919221600] [superpoint_node]: Keypoints estratti: 800
[superpoint_node-2] [ERROR] [1768033558.925807227] [superpoint_node]: Errore pubblicazione keypoints 3D: could not assign tuple of length 3 to structure with 4 fields.
[superpoint_node-2] [INFO] [1768033559.016577094] [superpoint_node]: Keypoints estratti: 800
[superpoint_node-2] [ERROR] [1768033559.023453482] [superpoint_node]: Errore pubblicazione keypoints 3D: could not assign tuple of length 3 to structure with 4 fields.
[superpoint_node-2] [INFO] [1768033559.117273966] [superpoint_node]: Keypoints estratti: 800
[superpoint_node-2] [ERROR] [1768033559.123682387] [superpoint_node]: Errore pubblicazione keypoints 3D: could not assign tuple of length 3 to structure with 4 fields.
[superpoint_node-2] [INFO] [1768033559.222673615] [superpoint_node]: Keypoints estratti: 800
[superpoint_node-2] [ERROR] [1768033559.229633411] [superpoint_node]: Errore pubblicazione keypoints 3D: could not assign tuple of length 3 to structure with 4 fields.
[superpoint_node-2] [INFO] [1768033559.318870322] [superpoint_node]: Keypoints estratti: 800
[superpoint_node-2] [ERROR] [1768033559.325860099] [superpoint_node]: Errore pubblicazione keypoints 3D: could not assign tuple of length 3 to structure with 4 fields.
[rtabmap-14] [INFO] [1768033559.358428468] [rtabmap]: rtabmap (187): Rate=0.50s, Limit=0.001s, Conversion=0.0002s, RTAB-Map=0.0401s, Maps update=0.0003s pub=0.0044s delay=0.0875s (local map=0, WM=0)
[superpoint_node-2] [INFO] [1768033559.421368800] [superpoint_node]: Keypoints estratti: 800
[superpoint_node-2] [ERROR] [1768033559.428164706] [superpoint_node]: Errore pubblicazione keypoints 3D: could not assign tuple of length 3 to structure with 4 fields.
[superpoint_node-2] [INFO] [1768033559.525130993] [superpoint_node]: Keypoints estratti: 800
[superpoint_node-2] [ERROR] [1768033559.532707682] [superpoint_node]: Errore pubblicazione keypoints 3D: could not assign tuple of length 3 to structure with 4 fields.
[superpoint_node-2] [INFO] [1768033559.634433173] [superpoint_node]: Keypoints estratti: 800
[superpoint_node-2] [ERROR] [1768033559.642551367] [superpoint_node]: Errore pubblicazione keypoints 3D: could not assign tuple of length 3 to structure with 4 fields.
[superpoint_node-2] [INFO] [1768033559.731153532] [superpoint_node]: Keypoints estratti: 800
[superpoint_node-2] [ERROR] [1768033559.738203477] [superpoint_node]: Errore pubblicazione keypoints 3D: could not assign tuple of length 3 to structure with 4 fields.
[superpoint_node-2] [INFO] [1768033559.831677458] [superpoint_node]: Keypoints estratti: 800
[rtabmap-14] [INFO] [1768033559.837538338] [rtabmap]: rtabmap (188): Rate=0.50s, Limit=0.001s, Conversion=0.0004s, RTAB-Map=0.0234s, Maps update=0.0002s pub=0.0012s delay=0.0583s (local map=0, WM=0)
[superpoint_node-2] [ERROR] [1768033559.839414167] [superpoint_node]: Errore pubblicazione keypoints 3D: could not assign tuple of length 3 to structure with 4 fields.
[superpoint_node-2] [INFO] [1768033559.934256974] [superpoint_node]: Keypoints estratti: 800
[superpoint_node-2] [ERROR] [1768033559.941401271] [superpoint_node]: Errore pubblicazione keypoints 3D: could not assign tuple of length 3 to structure with 4 fields.
[superpoint_node-2] [INFO] [1768033560.030384143] [superpoint_node]: Keypoints estratti: 800
[superpoint_node-2] [ERROR] [1768033560.037205734] [superpoint_node]: Errore pubblicazione keypoints 3D: could not assign tuple of length 3 to structure with 4 fields.
[superpoint_node-2] [INFO] [1768033560.133471441] [superpoint_node]: Keypoints estratti: 800
[superpoint_node-2] [ERROR] [1768033560.141757451] [superpoint_node]: Errore pubblicazione keypoints 3D: could not assign tuple of length 3 to structure with 4 fields.
[superpoint_node-2] [INFO] [1768033560.230509173] [superpoint_node]: Keypoints estratti: 800
[superpoint_node-2] [ERROR] [1768033560.237962584] [superpoint_node]: Errore pubblicazione keypoints 3D: could not assign tuple of length 3 to structure with 4 fields.
[superpoint_node-2] [INFO] [1768033560.340951492] [superpoint_node]: Keypoints estratti: 800
[rtabmap-14] [INFO] [1768033560.348533274] [rtabmap]: rtabmap (189): Rate=0.50s, Limit=0.001s, Conversion=0.0003s, RTAB-Map=0.0295s, Maps update=0.0003s pub=0.0012s delay=0.0664s (local map=0, WM=0)
[superpoint_node-2] [ERROR] [1768033560.349535319] [superpoint_node]: Errore pubblicazione keypoints 3D: could not assign tuple of length 3 to structure with 4 fields.
[superpoint_node-2] [INFO] [1768033560.438755063] [superpoint_node]: Keypoints estratti: 800
[superpoint_node-2] [ERROR] [1768033560.446248845] [superpoint_node]: Errore pubblicazione keypoints 3D: could not assign tuple of length 3 to structure with 4 fields.
[superpoint_node-2] [INFO] [1768033560.535350217] [superpoint_node]: Keypoints estratti: 800
[superpoint_node-2] [ERROR] [1768033560.542856128] [superpoint_node]: Errore pubblicazione keypoints 3D: could not assign tuple of length 3 to structure with 4 fields.
[superpoint_node-2] [INFO] [1768033560.632898934] [superpoint_node]: Keypoints estratti: 800
[superpoint_node-2] [ERROR] [1768033560.640662496] [superpoint_node]: Errore pubblicazione keypoints 3D: could not assign tuple of length 3 to structure with 4 fields.
[superpoint_node-2] [INFO] [1768033560.726743992] [superpoint_node]: Keypoints estratti: 800
[superpoint_node-2] [ERROR] [1768033560.733288581] [superpoint_node]: Errore pubblicazione keypoints 3D: could not assign tuple of length 3 to structure with 4 fields.
[superpoint_node-2] [INFO] [1768033560.822288379] [superpoint_node]: Keypoints estratti: 800
[superpoint_node-2] [ERROR] [1768033560.829065451] [superpoint_node]: Errore pubblicazione keypoints 3D: could not assign tuple of length 3 to structure with 4 fields.
[superpoint_node-2] [INFO] [1768033560.920163913] [superpoint_node]: Keypoints estratti: 800
[superpoint_node-2] [ERROR] [1768033560.927101561] [superpoint_node]: Errore pubblicazione keypoints 3D: could not assign tuple of length 3 to structure with 4 fields.
[rtabmap-14] [INFO] [1768033560.961244109] [rtabmap]: rtabmap (190): Rate=0.50s, Limit=0.001s, Conversion=0.0003s, RTAB-Map=0.0423s, Maps update=0.0015s pub=0.0025s delay=0.0918s (local map=0, WM=0)
[superpoint_node-2] [INFO] [1768033561.021219566] [superpoint_node]: Keypoints estratti: 800
[superpoint_node-2] [ERROR] [1768033561.028763014] [superpoint_node]: Errore pubblicazione keypoints 3D: could not assign tuple of length 3 to structure with 4 fields.
[superpoint_node-2] [INFO] [1768033561.118969470] [superpoint_node]: Keypoints estratti: 800
[superpoint_node-2] [ERROR] [1768033561.125836894] [superpoint_node]: Errore pubblicazione keypoints 3D: could not assign tuple of length 3 to structure with 4 fields.
[superpoint_node-2] [INFO] [1768033561.217117469] [superpoint_node]: Keypoints estratti: 800
[superpoint_node-2] [ERROR] [1768033561.223554187] [superpoint_node]: Errore pubblicazione keypoints 3D: could not assign tuple of length 3 to structure with 4 fields.
[superpoint_node-2] [INFO] [1768033561.315692732] [superpoint_node]: Keypoints estratti: 800
[superpoint_node-2] [ERROR] [1768033561.322289358] [superpoint_node]: Errore pubblicazione keypoints 3D: could not assign tuple of length 3 to structure with 4 fields.
[superpoint_node-2] [INFO] [1768033561.416064045] [superpoint_node]: Keypoints estratti: 800
[superpoint_node-2] [ERROR] [1768033561.422675653] [superpoint_node]: Errore pubblicazione keypoints 3D: could not assign tuple of length 3 to structure with 4 fields.
[superpoint_node-2] [INFO] [1768033561.518663210] [superpoint_node]: Keypoints estratti: 800
[superpoint_node-2] [ERROR] [1768033561.526325752] [superpoint_node]: Errore pubblicazione keypoints 3D: could not assign tuple of length 3 to structure with 4 fields.
[rtabmap-14] [INFO] [1768033561.564343275] [rtabmap]: rtabmap (191): Rate=0.50s, Limit=0.001s, Conversion=0.0007s, RTAB-Map=0.0438s, Maps update=0.0029s pub=0.0041s delay=0.0949s (local map=0, WM=0)
[superpoint_node-2] [INFO] [1768033561.622497755] [superpoint_node]: Keypoints estratti: 800
[superpoint_node-2] [ERROR] [1768033561.629896184] [superpoint_node]: Errore pubblicazione keypoints 3D: could not assign tuple of length 3 to structure with 4 fields.
[superpoint_node-2] [INFO] [1768033561.723755205] [superpoint_node]: Keypoints estratti: 800
[superpoint_node-2] [ERROR] [1768033561.730406165] [superpoint_node]: Errore pubblicazione keypoints 3D: could not assign tuple of length 3 to structure with 4 fields.
[superpoint_node-2] [INFO] [1768033561.818243583] [superpoint_node]: Keypoints estratti: 800
[superpoint_node-2] [ERROR] [1768033561.825369584] [superpoint_node]: Errore pubblicazione keypoints 3D: could not assign tuple of length 3 to structure with 4 fields.
[superpoint_node-2] [INFO] [1768033561.918126171] [superpoint_node]: Keypoints estratti: 800
[superpoint_node-2] [ERROR] [1768033561.924706463] [superpoint_node]: Errore pubblicazione keypoints 3D: could not assign tuple of length 3 to structure with 4 fields.
[superpoint_node-2] [INFO] [1768033562.019503325] [superpoint_node]: Keypoints estratti: 800
[superpoint_node-2] [ERROR] [1768033562.026222342] [superpoint_node]: Errore pubblicazione keypoints 3D: could not assign tuple of length 3 to structure with 4 fields.
[rtabmap-14] [INFO] [1768033562.048774391] [rtabmap]: rtabmap (192): Rate=0.50s, Limit=0.001s, Conversion=0.0004s, RTAB-Map=0.0381s, Maps update=0.0003s pub=0.0012s delay=0.0789s (local map=0, WM=0)
[superpoint_node-2] [INFO] [1768033562.124584639] [superpoint_node]: Keypoints estratti: 800
[superpoint_node-2] [ERROR] [1768033562.132792908] [superpoint_node]: Errore pubblicazione keypoints 3D: could not assign tuple of length 3 to structure with 4 fields.
[superpoint_node-2] [INFO] [1768033562.224652376] [superpoint_node]: Keypoints estratti: 800
[superpoint_node-2] [ERROR] [1768033562.232291807] [superpoint_node]: Errore pubblicazione keypoints 3D: could not assign tuple of length 3 to structure with 4 fields.
[superpoint_node-2] [INFO] [1768033562.325432675] [superpoint_node]: Keypoints estratti: 800
[superpoint_node-2] [ERROR] [1768033562.332089987] [superpoint_node]: Errore pubblicazione keypoints 3D: could not assign tuple of length 3 to structure with 4 fields.
[superpoint_node-2] [INFO] [1768033562.421205248] [superpoint_node]: Keypoints estratti: 800
[superpoint_node-2] [ERROR] [1768033562.427996728] [superpoint_node]: Errore pubblicazione keypoints 3D: could not assign tuple of length 3 to structure with 4 fields.
[superpoint_node-2] [INFO] [1768033562.517385492] [superpoint_node]: Keypoints estratti: 800
[superpoint_node-2] [ERROR] [1768033562.523841413] [superpoint_node]: Errore pubblicazione keypoints 3D: could not assign tuple of length 3 to structure with 4 fields.
[superpoint_node-2] [INFO] [1768033562.615998199] [superpoint_node]: Keypoints estratti: 800
[superpoint_node-2] [ERROR] [1768033562.622912179] [superpoint_node]: Errore pubblicazione keypoints 3D: could not assign tuple of length 3 to structure with 4 fields.
[rtabmap-14] [INFO] [1768033562.639643053] [rtabmap]: rtabmap (193): Rate=0.50s, Limit=0.001s, Conversion=0.0002s, RTAB-Map=0.0211s, Maps update=0.0003s pub=0.0026s delay=0.0701s (local map=0, WM=0)
[superpoint_node-2] [INFO] [1768033562.719483352] [superpoint_node]: Keypoints estratti: 800
[superpoint_node-2] [ERROR] [1768033562.726175664] [superpoint_node]: Errore pubblicazione keypoints 3D: could not assign tuple of length 3 to structure with 4 fields.
[superpoint_node-2] [INFO] [1768033562.817647833] [superpoint_node]: Keypoints estratti: 800
[superpoint_node-2] [ERROR] [1768033562.824170144] [superpoint_node]: Errore pubblicazione keypoints 3D: could not assign tuple of length 3 to structure with 4 fields.
[superpoint_node-2] [INFO] [1768033562.919291675] [superpoint_node]: Keypoints estratti: 800
[superpoint_node-2] [ERROR] [1768033562.926005710] [superpoint_node]: Errore pubblicazione keypoints 3D: could not assign tuple of length 3 to structure with 4 fields.
[superpoint_node-2] [INFO] [1768033563.018192033] [superpoint_node]: Keypoints estratti: 800
[superpoint_node-2] [ERROR] [1768033563.025052995] [superpoint_node]: Errore pubblicazione keypoints 3D: could not assign tuple of length 3 to structure with 4 fields.
[superpoint_node-2] [INFO] [1768033563.117277966] [superpoint_node]: Keypoints estratti: 800
[superpoint_node-2] [ERROR] [1768033563.123820147] [superpoint_node]: Errore pubblicazione keypoints 3D: could not assign tuple of length 3 to structure with 4 fields.
[rtabmap-14] [33m[ WARN] (2026-01-10 09:25:58.292) MapsManager.cpp:863::publishMaps() Graph has changed! The whole cloud is regenerated.[0m
[rtabmap-14] [33m[ WARN] (2026-01-10 09:25:58.296) OccupancyGrid.cpp:169::getProbMap() Map info is empty, cannot generate probabilistic occupancy grid[0m
[rtabmap-14] [33m[ WARN] (2026-01-10 09:25:58.809) MapsManager.cpp:863::publishMaps() Graph has changed! The whole cloud is regenerated.[0m
[rtabmap-14] [33m[ WARN] (2026-01-10 09:25:58.812) OccupancyGrid.cpp:169::getProbMap() Map info is empty, cannot generate probabilistic occupancy grid[0m
[rtabmap-14] [33m[ WARN] (2026-01-10 09:25:59.354) MapsManager.cpp:863::publishMaps() Graph has changed! The whole cloud is regenerated.[0m
[rtabmap-14] [33m[ WARN] (2026-01-10 09:25:59.356) OccupancyGrid.cpp:169::getProbMap() Map info is empty, cannot generate probabilistic occupancy grid[0m
[rtabmap-14] [33m[ WARN] (2026-01-10 09:25:59.836) MapsManager.cpp:863::publishMaps() Graph has changed! The whole cloud is regenerated.[0m
[rtabmap-14] [33m[ WARN] (2026-01-10 09:25:59.836) OccupancyGrid.cpp:169::getProbMap() Map info is empty, cannot generate probabilistic occupancy grid[0m
[rtabmap-14] [33m[ WARN] (2026-01-10 09:26:00.347) MapsManager.cpp:863::publishMaps() Graph has changed! The whole cloud is regenerated.[0m
[rtabmap-14] [33m[ WARN] (2026-01-10 09:26:00.347) OccupancyGrid.cpp:169::getProbMap() Map info is empty, cannot generate probabilistic occupancy grid[0m
[rtabmap-14] [33m[ WARN] (2026-01-10 09:26:00.958) MapsManager.cpp:863::publishMaps() Graph has changed! The whole cloud is regenerated.[0m
[rtabmap-14] [33m[ WARN] (2026-01-10 09:26:00.960) OccupancyGrid.cpp:169::getProbMap() Map info is empty, cannot generate probabilistic occupancy grid[0m
[rtabmap-14] [33m[ WARN] (2026-01-10 09:26:01.560) MapsManager.cpp:863::publishMaps() Graph has changed! The whole cloud is regenerated.[0m
[rtabmap-14] [33m[ WARN] (2026-01-10 09:26:01.561) OccupancyGrid.cpp:169::getProbMap() Map info is empty, cannot generate probabilistic occupancy grid[0m
[rtabmap-14] [33m[ WARN] (2026-01-10 09:26:02.047) MapsManager.cpp:863::publishMaps() Graph has changed! The whole cloud is regenerated.[0m
[rtabmap-14] [33m[ WARN] (2026-01-10 09:26:02.048) OccupancyGrid.cpp:169::getProbMap() Map info is empty, cannot generate probabilistic occupancy grid[0m
[rtabmap-14] [33m[ WARN] (2026-01-10 09:26:02.637) MapsManager.cpp:863::publishMaps() Graph has changed! The whole cloud is regenerated.[0m
[rtabmap-14] [33m[ WARN] (2026-01-10 09:26:02.638) OccupancyGrid.cpp:169::getProbMap() Map info is empty, cannot generate probabilistic occupancy grid[0m
[superpoint_node-2] [INFO] [1768033563.218843937] [superpoint_node]: Keypoints estratti: 800
[superpoint_node-2] [ERROR] [1768033563.225763677] [superpoint_node]: Errore pubblicazione keypoints 3D: could not assign tuple of length 3 to structure with 4 fields.
[rtabmap-14] [INFO] [1768033563.252647038] [rtabmap]: rtabmap (194): Rate=0.50s, Limit=0.001s, Conversion=0.0004s, RTAB-Map=0.0327s, Maps update=0.0005s pub=0.0036s delay=0.0831s (local map=0, WM=0)
[superpoint_node-2] [INFO] [1768033563.354448400] [superpoint_node]: Keypoints estratti: 800
[superpoint_node-2] [ERROR] [1768033563.361212158] [superpoint_node]: Errore pubblicazione keypoints 3D: could not assign tuple of length 3 to structure with 4 fields.
[superpoint_node-2] [INFO] [1768033563.451413539] [superpoint_node]: Keypoints estratti: 800
[superpoint_node-2] [ERROR] [1768033563.458178981] [superpoint_node]: Errore pubblicazione keypoints 3D: could not assign tuple of length 3 to structure with 4 fields.
[superpoint_node-2] [INFO] [1768033563.547975507] [superpoint_node]: Keypoints estratti: 800
[superpoint_node-2] [ERROR] [1768033563.554453485] [superpoint_node]: Errore pubblicazione keypoints 3D: could not assign tuple of length 3 to structure with 4 fields.
[superpoint_node-2] [INFO] [1768033563.643436208] [superpoint_node]: Keypoints estratti: 800
[superpoint_node-2] [ERROR] [1768033563.650988009] [superpoint_node]: Errore pubblicazione keypoints 3D: could not assign tuple of length 3 to structure with 4 fields.
[superpoint_node-2] [INFO] [1768033563.743735780] [superpoint_node]: Keypoints estratti: 800
[superpoint_node-2] [ERROR] [1768033563.750999949] [superpoint_node]: Errore pubblicazione keypoints 3D: could not assign tuple of length 3 to structure with 4 fields.
[rtabmap-14] [INFO] [1768033563.758998883] [rtabmap]: rtabmap (195): Rate=0.50s, Limit=0.001s, Conversion=0.0002s, RTAB-Map=0.0405s, Maps update=0.0003s pub=0.0031s delay=0.0663s (local map=0, WM=0)
[superpoint_node-2] [INFO] [1768033563.841700482] [superpoint_node]: Keypoints estratti: 800
[superpoint_node-2] [ERROR] [1768033563.849308283] [superpoint_node]: Errore pubblicazione keypoints 3D: could not assign tuple of length 3 to structure with 4 fields.
[superpoint_node-2] [INFO] [1768033563.936446696] [superpoint_node]: Keypoints estratti: 800
[superpoint_node-2] [ERROR] [1768033563.943425084] [superpoint_node]: Errore pubblicazione keypoints 3D: could not assign tuple of length 3 to structure with 4 fields.
[superpoint_node-2] [INFO] [1768033564.029640601] [superpoint_node]: Keypoints estratti: 800
[superpoint_node-2] [ERROR] [1768033564.036873232] [superpoint_node]: Errore pubblicazione keypoints 3D: could not assign tuple of length 3 to structure with 4 fields.
[superpoint_node-2] [INFO] [1768033564.133203347] [superpoint_node]: Keypoints estratti: 800
[superpoint_node-2] [ERROR] [1768033564.141390208] [superpoint_node]: Errore pubblicazione keypoints 3D: could not assign tuple of length 3 to structure with 4 fields.
[superpoint_node-2] [INFO] [1768033564.233157343] [superpoint_node]: Keypoints estratti: 800
[superpoint_node-2] [ERROR] [1768033564.240958756] [superpoint_node]: Errore pubblicazione keypoints 3D: could not assign tuple of length 3 to structure with 4 fields.
[superpoint_node-2] [INFO] [1768033564.336988128] [superpoint_node]: Keypoints estratti: 800
[superpoint_node-2] [ERROR] [1768033564.345092414] [superpoint_node]: Errore pubblicazione keypoints 3D: could not assign tuple of length 3 to structure with 4 fields.
[rtabmap-14] [INFO] [1768033564.361720268] [rtabmap]: rtabmap (196): Rate=0.50s, Limit=0.001s, Conversion=0.0005s, RTAB-Map=0.0457s, Maps update=0.0013s pub=0.0029s delay=0.0789s (local map=0, WM=0)
[superpoint_node-2] [INFO] [1768033564.439626923] [superpoint_node]: Keypoints estratti: 800
[superpoint_node-2] [ERROR] [1768033564.446845998] [superpoint_node]: Errore pubblicazione keypoints 3D: could not assign tuple of length 3 to structure with 4 fields.
[superpoint_node-2] [INFO] [1768033564.537955868] [superpoint_node]: Keypoints estratti: 800
[superpoint_node-2] [ERROR] [1768033564.545083665] [superpoint_node]: Errore pubblicazione keypoints 3D: could not assign tuple of length 3 to structure with 4 fields.
[superpoint_node-2] [INFO] [1768033564.637820048] [superpoint_node]: Keypoints estratti: 800
[superpoint_node-2] [ERROR] [1768033564.645447183] [superpoint_node]: Errore pubblicazione keypoints 3D: could not assign tuple of length 3 to structure with 4 fields.
[superpoint_node-2] [INFO] [1768033564.735870399] [superpoint_node]: Keypoints estratti: 800
[superpoint_node-2] [ERROR] [1768033564.743161179] [superpoint_node]: Errore pubblicazione keypoints 3D: could not assign tuple of length 3 to structure with 4 fields.
[rtabmap-14] [INFO] [1768033564.833965213] [rtabmap]: rtabmap (197): Rate=0.50s, Limit=0.001s, Conversion=0.0002s, RTAB-Map=0.0218s, Maps update=0.0005s pub=0.0017s delay=0.0492s (local map=0, WM=0)
[superpoint_node-2] [INFO] [1768033564.839790907] [superpoint_node]: Keypoints estratti: 800
[superpoint_node-2] [ERROR] [1768033564.847379893] [superpoint_node]: Errore pubblicazione keypoints 3D: could not assign tuple of length 3 to structure with 4 fields.
[superpoint_node-2] [INFO] [1768033564.937244994] [superpoint_node]: Keypoints estratti: 800
[superpoint_node-2] [ERROR] [1768033564.944599497] [superpoint_node]: Errore pubblicazione keypoints 3D: could not assign tuple of length 3 to structure with 4 fields.
[superpoint_node-2] [INFO] [1768033565.051712660] [superpoint_node]: Keypoints estratti: 800
[superpoint_node-2] [ERROR] [1768033565.058861272] [superpoint_node]: Errore pubblicazione keypoints 3D: could not assign tuple of length 3 to structure with 4 fields.
[superpoint_node-2] [INFO] [1768033565.151001724] [superpoint_node]: Keypoints estratti: 800
[superpoint_node-2] [ERROR] [1768033565.158579285] [superpoint_node]: Errore pubblicazione keypoints 3D: could not assign tuple of length 3 to structure with 4 fields.
[superpoint_node-2] [INFO] [1768033565.248794925] [superpoint_node]: Keypoints estratti: 800
[superpoint_node-2] [ERROR] [1768033565.255684332] [superpoint_node]: Errore pubblicazione keypoints 3D: could not assign tuple of length 3 to structure with 4 fields.
[superpoint_node-2] [INFO] [1768033565.349090127] [superpoint_node]: Keypoints estratti: 800
[superpoint_node-2] [ERROR] [1768033565.356193350] [superpoint_node]: Errore pubblicazione keypoints 3D: could not assign tuple of length 3 to structure with 4 fields.
[rtabmap-14] [INFO] [1768033565.364662047] [rtabmap]: rtabmap (198): Rate=0.50s, Limit=0.001s, Conversion=0.0009s, RTAB-Map=0.0430s, Maps update=0.0014s pub=0.0013s delay=0.0680s (local map=0, WM=0)
[superpoint_node-2] [INFO] [1768033565.450211780] [superpoint_node]: Keypoints estratti: 800
[superpoint_node-2] [ERROR] [1768033565.458023120] [superpoint_node]: Errore pubblicazione keypoints 3D: could not assign tuple of length 3 to structure with 4 fields.
[superpoint_node-2] [INFO] [1768033565.551505971] [superpoint_node]: Keypoints estratti: 800
[superpoint_node-2] [ERROR] [1768033565.559509831] [superpoint_node]: Errore pubblicazione keypoints 3D: could not assign tuple of length 3 to structure with 4 fields.
[superpoint_node-2] [INFO] [1768033565.651595523] [superpoint_node]: Keypoints estratti: 800
[superpoint_node-2] [ERROR] [1768033565.658686931] [superpoint_node]: Errore pubblicazione keypoints 3D: could not assign tuple of length 3 to structure with 4 fields.
[superpoint_node-2] [INFO] [1768033565.751714576] [superpoint_node]: Keypoints estratti: 800
[superpoint_node-2] [ERROR] [1768033565.758299795] [superpoint_node]: Errore pubblicazione keypoints 3D: could not assign tuple of length 3 to structure with 4 fields.
[rtabmap-14] [INFO] [1768033565.844962000] [rtabmap]: rtabmap (199): Rate=0.50s, Limit=0.001s, Conversion=0.0002s, RTAB-Map=0.0302s, Maps update=0.0005s pub=0.0026s delay=0.0464s (local map=0, WM=0)
[superpoint_node-2] [INFO] [1768033565.854486242] [superpoint_node]: Keypoints estratti: 800
[superpoint_node-2] [ERROR] [1768033565.861364852] [superpoint_node]: Errore pubblicazione keypoints 3D: could not assign tuple of length 3 to structure with 4 fields.
[superpoint_node-2] [INFO] [1768033565.952113626] [superpoint_node]: Keypoints estratti: 800
[superpoint_node-2] [ERROR] [1768033565.958970421] [superpoint_node]: Errore pubblicazione keypoints 3D: could not assign tuple of length 3 to structure with 4 fields.
[superpoint_node-2] [INFO] [1768033566.047835329] [superpoint_node]: Keypoints estratti: 800
[superpoint_node-2] [ERROR] [1768033566.054571512] [superpoint_node]: Errore pubblicazione keypoints 3D: could not assign tuple of length 3 to structure with 4 fields.
[superpoint_node-2] [INFO] [1768033566.144300352] [superpoint_node]: Keypoints estratti: 800
[superpoint_node-2] [ERROR] [1768033566.151656151] [superpoint_node]: Errore pubblicazione keypoints 3D: could not assign tuple of length 3 to structure with 4 fields.
[superpoint_node-2] [INFO] [1768033566.244560628] [superpoint_node]: Keypoints estratti: 800
[superpoint_node-2] [ERROR] [1768033566.251692907] [superpoint_node]: Errore pubblicazione keypoints 3D: could not assign tuple of length 3 to structure with 4 fields.
[superpoint_node-2] [INFO] [1768033566.342978926] [superpoint_node]: Keypoints estratti: 800
[superpoint_node-2] [ERROR] [1768033566.350238576] [superpoint_node]: Errore pubblicazione keypoints 3D: could not assign tuple of length 3 to structure with 4 fields.
[superpoint_node-2] [INFO] [1768033566.446365856] [superpoint_node]: Keypoints estratti: 800
[superpoint_node-2] [ERROR] [1768033566.453548506] [superpoint_node]: Errore pubblicazione keypoints 3D: could not assign tuple of length 3 to structure with 4 fields.
[rtabmap-14] [INFO] [1768033566.466419941] [rtabmap]: rtabmap (200): Rate=0.50s, Limit=0.001s, Conversion=0.0005s, RTAB-Map=0.0479s, Maps update=0.0007s pub=0.0038s delay=0.0752s (local map=0, WM=0)
[superpoint_node-2] [INFO] [1768033566.545782644] [superpoint_node]: Keypoints estratti: 800
[superpoint_node-2] [ERROR] [1768033566.555090940] [superpoint_node]: Errore pubblicazione keypoints 3D: could not assign tuple of length 3 to structure with 4 fields.
[superpoint_node-2] [INFO] [1768033566.694582563] [superpoint_node]: Keypoints estratti: 800
[superpoint_node-2] [ERROR] [1768033566.702700813] [superpoint_node]: Errore pubblicazione keypoints 3D: could not assign tuple of length 3 to structure with 4 fields.
[superpoint_node-2] [INFO] [1768033566.795795310] [superpoint_node]: Keypoints estratti: 800
[superpoint_node-2] [ERROR] [1768033566.802844347] [superpoint_node]: Errore pubblicazione keypoints 3D: could not assign tuple of length 3 to structure with 4 fields.
[superpoint_node-2] [INFO] [1768033566.894376739] [superpoint_node]: Keypoints estratti: 800
[superpoint_node-2] [ERROR] [1768033566.901776297] [superpoint_node]: Errore pubblicazione keypoints 3D: could not assign tuple of length 3 to structure with 4 fields.
[superpoint_node-2] [INFO] [1768033566.996331472] [superpoint_node]: Keypoints estratti: 800
[superpoint_node-2] [ERROR] [1768033567.003486140] [superpoint_node]: Errore pubblicazione keypoints 3D: could not assign tuple of length 3 to structure with 4 fields.
[rtabmap-14] [INFO] [1768033567.018203183] [rtabmap]: rtabmap (201): Rate=0.50s, Limit=0.001s, Conversion=0.0006s, RTAB-Map=0.0353s, Maps update=0.0003s pub=0.0020s delay=0.0747s (local map=0, WM=0)
[superpoint_node-2] [INFO] [1768033567.095783445] [superpoint_node]: Keypoints estratti: 800
[superpoint_node-2] [ERROR] [1768033567.102745056] [superpoint_node]: Errore pubblicazione keypoints 3D: could not assign tuple of length 3 to structure with 4 fields.
[superpoint_node-2] [INFO] [1768033567.197913810] [superpoint_node]: Keypoints estratti: 800
[superpoint_node-2] [ERROR] [1768033567.205355091] [superpoint_node]: Errore pubblicazione keypoints 3D: could not assign tuple of length 3 to structure with 4 fields.
[superpoint_node-2] [INFO] [1768033567.299109760] [superpoint_node]: Keypoints estratti: 800
[superpoint_node-2] [ERROR] [1768033567.306051333] [superpoint_node]: Errore pubblicazione keypoints 3D: could not assign tuple of length 3 to structure with 4 fields.
[superpoint_node-2] [INFO] [1768033567.397022221] [superpoint_node]: Keypoints estratti: 800
[superpoint_node-2] [ERROR] [1768033567.403749441] [superpoint_node]: Errore pubblicazione keypoints 3D: could not assign tuple of length 3 to structure with 4 fields.
[superpoint_node-2] [INFO] [1768033567.494831421] [superpoint_node]: Keypoints estratti: 800
[superpoint_node-2] [ERROR] [1768033567.504102699] [superpoint_node]: Errore pubblicazione keypoints 3D: could not assign tuple of length 3 to structure with 4 fields.
[rtabmap-14] [INFO] [1768033567.515146527] [rtabmap]: rtabmap (202): Rate=0.50s, Limit=0.001s, Conversion=0.0003s, RTAB-Map=0.0284s, Maps update=0.0003s pub=0.0012s delay=0.0704s (local map=0, WM=0)
[superpoint_node-2] [INFO] [1768033567.595881833] [superpoint_node]: Keypoints estratti: 800
[superpoint_node-2] [ERROR] [1768033567.602692887] [superpoint_node]: Errore pubblicazione keypoints 3D: could not assign tuple of length 3 to structure with 4 fields.
[superpoint_node-2] [INFO] [1768033567.693520607] [superpoint_node]: Keypoints estratti: 800
[superpoint_node-2] [ERROR] [1768033567.700176696] [superpoint_node]: Errore pubblicazione keypoints 3D: could not assign tuple of length 3 to structure with 4 fields.
[superpoint_node-2] [INFO] [1768033567.790660543] [superpoint_node]: Keypoints estratti: 800
[superpoint_node-2] [ERROR] [1768033567.797766747] [superpoint_node]: Errore pubblicazione keypoints 3D: could not assign tuple of length 3 to structure with 4 fields.
[superpoint_node-2] [INFO] [1768033567.888538448] [superpoint_node]: Keypoints estratti: 800
[superpoint_node-2] [ERROR] [1768033567.895310390] [superpoint_node]: Errore pubblicazione keypoints 3D: could not assign tuple of length 3 to structure with 4 fields.
[superpoint_node-2] [INFO] [1768033567.989494525] [superpoint_node]: Keypoints estratti: 800
[superpoint_node-2] [ERROR] [1768033567.996438228] [superpoint_node]: Errore pubblicazione keypoints 3D: could not assign tuple of length 3 to structure with 4 fields.
[superpoint_node-2] [INFO] [1768033568.091009718] [superpoint_node]: Keypoints estratti: 800
[superpoint_node-2] [ERROR] [1768033568.101412467] [superpoint_node]: Errore pubblicazione keypoints 3D: could not assign tuple of length 3 to structure with 4 fields.
[rtabmap-14] [INFO] [1768033568.109471161] [rtabmap]: rtabmap (203): Rate=0.50s, Limit=0.001s, Conversion=0.0002s, RTAB-Map=0.0240s, Maps update=0.0003s pub=0.0011s delay=0.0702s (local map=0, WM=0)
[rtabmap-14] [33m[ WARN] (2026-01-10 09:26:03.249) MapsManager.cpp:863::publishMaps() Graph has changed! The whole cloud is regenerated.[0m
[rtabmap-14] [33m[ WARN] (2026-01-10 09:26:03.251) OccupancyGrid.cpp:169::getProbMap() Map info is empty, cannot generate probabilistic occupancy grid[0m
[rtabmap-14] [33m[ WARN] (2026-01-10 09:26:03.755) MapsManager.cpp:863::publishMaps() Graph has changed! The whole cloud is regenerated.[0m
[rtabmap-14] [33m[ WARN] (2026-01-10 09:26:03.756) OccupancyGrid.cpp:169::getProbMap() Map info is empty, cannot generate probabilistic occupancy grid[0m
[rtabmap-14] [33m[ WARN] (2026-01-10 09:26:04.358) MapsManager.cpp:863::publishMaps() Graph has changed! The whole cloud is regenerated.[0m
[rtabmap-14] [33m[ WARN] (2026-01-10 09:26:04.359) OccupancyGrid.cpp:169::getProbMap() Map info is empty, cannot generate probabilistic occupancy grid[0m
[rtabmap-14] [33m[ WARN] (2026-01-10 09:26:04.832) MapsManager.cpp:863::publishMaps() Graph has changed! The whole cloud is regenerated.[0m
[rtabmap-14] [33m[ WARN] (2026-01-10 09:26:04.832) OccupancyGrid.cpp:169::getProbMap() Map info is empty, cannot generate probabilistic occupancy grid[0m
[rtabmap-14] [33m[ WARN] (2026-01-10 09:26:05.363) MapsManager.cpp:863::publishMaps() Graph has changed! The whole cloud is regenerated.[0m
[rtabmap-14] [33m[ WARN] (2026-01-10 09:26:05.363) OccupancyGrid.cpp:169::getProbMap() Map info is empty, cannot generate probabilistic occupancy grid[0m
[rtabmap-14] [33m[ WARN] (2026-01-10 09:26:05.842) MapsManager.cpp:863::publishMaps() Graph has changed! The whole cloud is regenerated.[0m
[rtabmap-14] [33m[ WARN] (2026-01-10 09:26:05.843) OccupancyGrid.cpp:169::getProbMap() Map info is empty, cannot generate probabilistic occupancy grid[0m
[rtabmap-14] [33m[ WARN] (2026-01-10 09:26:06.462) MapsManager.cpp:863::publishMaps() Graph has changed! The whole cloud is regenerated.[0m
[rtabmap-14] [33m[ WARN] (2026-01-10 09:26:06.465) OccupancyGrid.cpp:169::getProbMap() Map info is empty, cannot generate probabilistic occupancy grid[0m
[rtabmap-14] [33m[ WARN] (2026-01-10 09:26:07.016) MapsManager.cpp:863::publishMaps() Graph has changed! The whole cloud is regenerated.[0m
[rtabmap-14] [33m[ WARN] (2026-01-10 09:26:07.017) OccupancyGrid.cpp:169::getProbMap() Map info is empty, cannot generate probabilistic occupancy grid[0m
[rtabmap-14] [33m[ WARN] (2026-01-10 09:26:07.513) MapsManager.cpp:863::publishMaps() Graph has changed! The whole cloud is regenerated.[0m
[rtabmap-14] [33m[ WARN] (2026-01-10 09:26:07.514) OccupancyGrid.cpp:169::getProbMap() Map info is empty, cannot generate probabilistic occupancy grid[0m
[rtabmap-14] [33m[ WARN] (2026-01-10 09:26:08.108) MapsManager.cpp:863::publishMaps() Graph has changed! The whole cloud is regenerated.[0m
[rtabmap-14] [33m[ WARN] (2026-01-10 09:26:08.108) OccupancyGrid.cpp:169::getProbMap() Map info is empty, cannot generate probabilistic occupancy grid[0m
[superpoint_node-2] [INFO] [1768033568.198320272] [superpoint_node]: Keypoints estratti: 800
[superpoint_node-2] [ERROR] [1768033568.205257142] [superpoint_node]: Errore pubblicazione keypoints 3D: could not assign tuple of length 3 to structure with 4 fields.
[superpoint_node-2] [INFO] [1768033568.298052044] [superpoint_node]: Keypoints estratti: 800
[superpoint_node-2] [ERROR] [1768033568.305022284] [superpoint_node]: Errore pubblicazione keypoints 3D: could not assign tuple of length 3 to structure with 4 fields.
[superpoint_node-2] [INFO] [1768033568.399818943] [superpoint_node]: Keypoints estratti: 800
[superpoint_node-2] [ERROR] [1768033568.407177260] [superpoint_node]: Errore pubblicazione keypoints 3D: could not assign tuple of length 3 to structure with 4 fields.
[superpoint_node-2] [INFO] [1768033568.500046625] [superpoint_node]: Keypoints estratti: 800
[superpoint_node-2] [ERROR] [1768033568.507590111] [superpoint_node]: Errore pubblicazione keypoints 3D: could not assign tuple of length 3 to structure with 4 fields.
[superpoint_node-2] [INFO] [1768033568.598572869] [superpoint_node]: Keypoints estratti: 800
[superpoint_node-2] [ERROR] [1768033568.605535813] [superpoint_node]: Errore pubblicazione keypoints 3D: could not assign tuple of length 3 to structure with 4 fields.
[rtabmap-14] [INFO] [1768033568.638889855] [rtabmap]: rtabmap (204): Rate=0.50s, Limit=0.001s, Conversion=0.0002s, RTAB-Map=0.0219s, Maps update=0.0009s pub=0.0015s delay=0.0883s (local map=0, WM=0)
[superpoint_node-2] [INFO] [1768033568.699913987] [superpoint_node]: Keypoints estratti: 800
[superpoint_node-2] [ERROR] [1768033568.707489732] [superpoint_node]: Errore pubblicazione keypoints 3D: could not assign tuple of length 3 to structure with 4 fields.
[superpoint_node-2] [INFO] [1768033568.799191810] [superpoint_node]: Keypoints estratti: 800
[superpoint_node-2] [ERROR] [1768033568.807166577] [superpoint_node]: Errore pubblicazione keypoints 3D: could not assign tuple of length 3 to structure with 4 fields.
[superpoint_node-2] [INFO] [1768033568.896426191] [superpoint_node]: Keypoints estratti: 800
[superpoint_node-2] [ERROR] [1768033568.903478951] [superpoint_node]: Errore pubblicazione keypoints 3D: could not assign tuple of length 3 to structure with 4 fields.
[superpoint_node-2] [INFO] [1768033568.996537040] [superpoint_node]: Keypoints estratti: 800
[superpoint_node-2] [ERROR] [1768033569.003254260] [superpoint_node]: Errore pubblicazione keypoints 3D: could not assign tuple of length 3 to structure with 4 fields.
[superpoint_node-2] [INFO] [1768033569.107747032] [superpoint_node]: Keypoints estratti: 800
[superpoint_node-2] [ERROR] [1768033569.114527364] [superpoint_node]: Errore pubblicazione keypoints 3D: could not assign tuple of length 3 to structure with 4 fields.
[superpoint_node-2] [INFO] [1768033569.207093208] [superpoint_node]: Keypoints estratti: 800
[superpoint_node-2] [ERROR] [1768033569.214198024] [superpoint_node]: Errore pubblicazione keypoints 3D: could not assign tuple of length 3 to structure with 4 fields.
[rtabmap-14] [INFO] [1768033569.232891005] [rtabmap]: rtabmap (205): Rate=0.50s, Limit=0.001s, Conversion=0.0002s, RTAB-Map=0.0209s, Maps update=0.0003s pub=0.0011s delay=0.0756s (local map=0, WM=0)
[superpoint_node-2] [INFO] [1768033569.310477935] [superpoint_node]: Keypoints estratti: 800
[superpoint_node-2] [ERROR] [1768033569.317442342] [superpoint_node]: Errore pubblicazione keypoints 3D: could not assign tuple of length 3 to structure with 4 fields.
[superpoint_node-2] [INFO] [1768033569.410639765] [superpoint_node]: Keypoints estratti: 800
[superpoint_node-2] [ERROR] [1768033569.417292040] [superpoint_node]: Errore pubblicazione keypoints 3D: could not assign tuple of length 3 to structure with 4 fields.
[superpoint_node-2] [INFO] [1768033569.513155429] [superpoint_node]: Keypoints estratti: 800
[superpoint_node-2] [ERROR] [1768033569.520434302] [superpoint_node]: Errore pubblicazione keypoints 3D: could not assign tuple of length 3 to structure with 4 fields.
[superpoint_node-2] [INFO] [1768033569.611556986] [superpoint_node]: Keypoints estratti: 800
[superpoint_node-2] [ERROR] [1768033569.618486597] [superpoint_node]: Errore pubblicazione keypoints 3D: could not assign tuple of length 3 to structure with 4 fields.
[superpoint_node-2] [INFO] [1768033569.711794725] [superpoint_node]: Keypoints estratti: 800
[superpoint_node-2] [ERROR] [1768033569.718754780] [superpoint_node]: Errore pubblicazione keypoints 3D: could not assign tuple of length 3 to structure with 4 fields.
[rtabmap-14] [INFO] [1768033569.731366287] [rtabmap]: rtabmap (206): Rate=0.50s, Limit=0.001s, Conversion=0.0008s, RTAB-Map=0.0422s, Maps update=0.0003s pub=0.0029s delay=0.0699s (local map=0, WM=0)
[superpoint_node-2] [INFO] [1768033569.813339566] [superpoint_node]: Keypoints estratti: 800
[superpoint_node-2] [ERROR] [1768033569.820379048] [superpoint_node]: Errore pubblicazione keypoints 3D: could not assign tuple of length 3 to structure with 4 fields.
[superpoint_node-2] [INFO] [1768033569.951941868] [superpoint_node]: Keypoints estratti: 800
[superpoint_node-2] [ERROR] [1768033569.959159907] [superpoint_node]: Errore pubblicazione keypoints 3D: could not assign tuple of length 3 to structure with 4 fields.
[superpoint_node-2] [INFO] [1768033570.048226390] [superpoint_node]: Keypoints estratti: 800
[superpoint_node-2] [ERROR] [1768033570.055163353] [superpoint_node]: Errore pubblicazione keypoints 3D: could not assign tuple of length 3 to structure with 4 fields.
[superpoint_node-2] [INFO] [1768033570.154896383] [superpoint_node]: Keypoints estratti: 800
[superpoint_node-2] [ERROR] [1768033570.162081459] [superpoint_node]: Errore pubblicazione keypoints 3D: could not assign tuple of length 3 to structure with 4 fields.
[superpoint_node-2] [INFO] [1768033570.253127180] [superpoint_node]: Keypoints estratti: 800
[superpoint_node-2] [ERROR] [1768033570.261655766] [superpoint_node]: Errore pubblicazione keypoints 3D: could not assign tuple of length 3 to structure with 4 fields.
[rtabmap-14] [INFO] [1768033570.291640856] [rtabmap]: rtabmap (207): Rate=0.50s, Limit=0.001s, Conversion=0.0012s, RTAB-Map=0.0426s, Maps update=0.0003s pub=0.0053s delay=0.0892s (local map=0, WM=0)
[superpoint_node-2] [INFO] [1768033570.358381884] [superpoint_node]: Keypoints estratti: 800
[superpoint_node-2] [ERROR] [1768033570.365470700] [superpoint_node]: Errore pubblicazione keypoints 3D: could not assign tuple of length 3 to structure with 4 fields.
[superpoint_node-2] [INFO] [1768033570.458182249] [superpoint_node]: Keypoints estratti: 800
[superpoint_node-2] [ERROR] [1768033570.465934773] [superpoint_node]: Errore pubblicazione keypoints 3D: could not assign tuple of length 3 to structure with 4 fields.
[superpoint_node-2] [INFO] [1768033570.559938648] [superpoint_node]: Keypoints estratti: 800
[superpoint_node-2] [ERROR] [1768033570.566620793] [superpoint_node]: Errore pubblicazione keypoints 3D: could not assign tuple of length 3 to structure with 4 fields.
[superpoint_node-2] [INFO] [1768033570.660054200] [superpoint_node]: Keypoints estratti: 800
[superpoint_node-2] [ERROR] [1768033570.666927514] [superpoint_node]: Errore pubblicazione keypoints 3D: could not assign tuple of length 3 to structure with 4 fields.
[superpoint_node-2] [INFO] [1768033570.760370087] [superpoint_node]: Keypoints estratti: 800
[superpoint_node-2] [ERROR] [1768033570.767402810] [superpoint_node]: Errore pubblicazione keypoints 3D: could not assign tuple of length 3 to structure with 4 fields.
[rtabmap-14] [INFO] [1768033570.795241401] [rtabmap]: rtabmap (208): Rate=0.50s, Limit=0.001s, Conversion=0.0006s, RTAB-Map=0.0401s, Maps update=0.0003s pub=0.0013s delay=0.0860s (local map=0, WM=0)
[superpoint_node-2] [INFO] [1768033570.863323588] [superpoint_node]: Keypoints estratti: 800
[superpoint_node-2] [ERROR] [1768033570.870421774] [superpoint_node]: Errore pubblicazione keypoints 3D: could not assign tuple of length 3 to structure with 4 fields.
[superpoint_node-2] [INFO] [1768033570.960759619] [superpoint_node]: Keypoints estratti: 800
[superpoint_node-2] [ERROR] [1768033570.967591599] [superpoint_node]: Errore pubblicazione keypoints 3D: could not assign tuple of length 3 to structure with 4 fields.
[superpoint_node-2] [INFO] [1768033571.061999625] [superpoint_node]: Keypoints estratti: 800
[superpoint_node-2] [ERROR] [1768033571.068782568] [superpoint_node]: Errore pubblicazione keypoints 3D: could not assign tuple of length 3 to structure with 4 fields.
[superpoint_node-2] [INFO] [1768033571.192957718] [superpoint_node]: Keypoints estratti: 800
[superpoint_node-2] [ERROR] [1768033571.200007811] [superpoint_node]: Errore pubblicazione keypoints 3D: could not assign tuple of length 3 to structure with 4 fields.
[superpoint_node-2] [INFO] [1768033571.293787554] [superpoint_node]: Keypoints estratti: 800
[superpoint_node-2] [ERROR] [1768033571.300814461] [superpoint_node]: Errore pubblicazione keypoints 3D: could not assign tuple of length 3 to structure with 4 fields.
[rtabmap-14] [INFO] [1768033571.304631732] [rtabmap]: rtabmap (209): Rate=0.50s, Limit=0.001s, Conversion=0.0002s, RTAB-Map=0.0214s, Maps update=0.0003s pub=0.0012s delay=0.0628s (local map=0, WM=0)
[superpoint_node-2] [INFO] [1768033571.391650940] [superpoint_node]: Keypoints estratti: 800
[superpoint_node-2] [ERROR] [1768033571.398445846] [superpoint_node]: Errore pubblicazione keypoints 3D: could not assign tuple of length 3 to structure with 4 fields.
[superpoint_node-2] [INFO] [1768033571.487882888] [superpoint_node]: Keypoints estratti: 800
[superpoint_node-2] [ERROR] [1768033571.494931981] [superpoint_node]: Errore pubblicazione keypoints 3D: could not assign tuple of length 3 to structure with 4 fields.
[superpoint_node-2] [INFO] [1768033571.588458814] [superpoint_node]: Keypoints estratti: 800
[superpoint_node-2] [ERROR] [1768033571.595604038] [superpoint_node]: Errore pubblicazione keypoints 3D: could not assign tuple of length 3 to structure with 4 fields.
[foxglove_bridge-12] [ERROR] [1768033571.676364085] [foxglove_bridge]: Failed to retrieve parameters from node '/superpoint_node': Failed to retrieve parameter names for node '/superpoint_node'
[foxglove_bridge-12] [WARN] [1768033571.676501827] [foxglove_bridge]: Adding node /superpoint_node to the ignore list to prevent repeated timeouts or failures in future parameter requests.
[superpoint_node-2] [INFO] [1768033571.689962156] [superpoint_node]: Keypoints estratti: 800
[superpoint_node-2] [ERROR] [1768033571.697013841] [superpoint_node]: Errore pubblicazione keypoints 3D: could not assign tuple of length 3 to structure with 4 fields.
[superpoint_node-2] [INFO] [1768033571.792958823] [superpoint_node]: Keypoints estratti: 800
[superpoint_node-2] [ERROR] [1768033571.799956768] [superpoint_node]: Errore pubblicazione keypoints 3D: could not assign tuple of length 3 to structure with 4 fields.
[superpoint_node-2] [INFO] [1768033571.895288541] [superpoint_node]: Keypoints estratti: 800
[superpoint_node-2] [ERROR] [1768033571.902044391] [superpoint_node]: Errore pubblicazione keypoints 3D: could not assign tuple of length 3 to structure with 4 fields.
[rtabmap-14] [INFO] [1768033571.969746668] [rtabmap]: rtabmap (210): Rate=0.50s, Limit=0.001s, Conversion=0.0003s, RTAB-Map=0.0575s, Maps update=0.0010s pub=0.0018s delay=0.1247s (local map=0, WM=0)
[superpoint_node-2] [INFO] [1768033572.001925868] [superpoint_node]: Keypoints estratti: 800
[superpoint_node-2] [ERROR] [1768033572.010659548] [superpoint_node]: Errore pubblicazione keypoints 3D: could not assign tuple of length 3 to structure with 4 fields.
[superpoint_node-2] [INFO] [1768033572.106933088] [superpoint_node]: Keypoints estratti: 800
[superpoint_node-2] [ERROR] [1768033572.113761106] [superpoint_node]: Errore pubblicazione keypoints 3D: could not assign tuple of length 3 to structure with 4 fields.
[superpoint_node-2] [INFO] [1768033572.210543372] [superpoint_node]: Keypoints estratti: 800
[superpoint_node-2] [ERROR] [1768033572.217829578] [superpoint_node]: Errore pubblicazione keypoints 3D: could not assign tuple of length 3 to structure with 4 fields.
[superpoint_node-2] [INFO] [1768033572.311413894] [superpoint_node]: Keypoints estratti: 800
[superpoint_node-2] [ERROR] [1768033572.318407634] [superpoint_node]: Errore pubblicazione keypoints 3D: could not assign tuple of length 3 to structure with 4 fields.
[superpoint_node-2] [INFO] [1768033572.414053262] [superpoint_node]: Keypoints estratti: 800
[superpoint_node-2] [ERROR] [1768033572.421007429] [superpoint_node]: Errore pubblicazione keypoints 3D: could not assign tuple of length 3 to structure with 4 fields.
[rtabmap-14] [INFO] [1768033572.429947777] [rtabmap]: rtabmap (211): Rate=0.50s, Limit=0.001s, Conversion=0.0005s, RTAB-Map=0.0431s, Maps update=0.0003s pub=0.0037s delay=0.0690s (local map=0, WM=0)
[superpoint_node-2] [INFO] [1768033572.512475524] [superpoint_node]: Keypoints estratti: 800
[superpoint_node-2] [ERROR] [1768033572.519309744] [superpoint_node]: Errore pubblicazione keypoints 3D: could not assign tuple of length 3 to structure with 4 fields.
[superpoint_node-2] [INFO] [1768033572.611270621] [superpoint_node]: Keypoints estratti: 800
[superpoint_node-2] [ERROR] [1768033572.618021693] [superpoint_node]: Errore pubblicazione keypoints 3D: could not assign tuple of length 3 to structure with 4 fields.
[superpoint_node-2] [INFO] [1768033572.715711041] [superpoint_node]: Keypoints estratti: 800
[superpoint_node-2] [ERROR] [1768033572.722618336] [superpoint_node]: Errore pubblicazione keypoints 3D: could not assign tuple of length 3 to structure with 4 fields.
[superpoint_node-2] [INFO] [1768033572.815009494] [superpoint_node]: Keypoints estratti: 800
[superpoint_node-2] [ERROR] [1768033572.822010105] [superpoint_node]: Errore pubblicazione keypoints 3D: could not assign tuple of length 3 to structure with 4 fields.
[superpoint_node-2] [INFO] [1768033572.919230042] [superpoint_node]: Keypoints estratti: 800
[superpoint_node-2] [ERROR] [1768033572.926156023] [superpoint_node]: Errore pubblicazione keypoints 3D: could not assign tuple of length 3 to structure with 4 fields.
[rtabmap-14] [INFO] [1768033572.934042678] [rtabmap]: rtabmap (212): Rate=0.50s, Limit=0.001s, Conversion=0.0002s, RTAB-Map=0.0451s, Maps update=0.0015s pub=0.0010s delay=0.0693s (local map=0, WM=0)
[superpoint_node-2] [INFO] [1768033573.019789931] [superpoint_node]: Keypoints estratti: 800
[superpoint_node-2] [ERROR] [1768033573.026613745] [superpoint_node]: Errore pubblicazione keypoints 3D: could not assign tuple of length 3 to structure with 4 fields.
[superpoint_node-2] [INFO] [1768033573.121335903] [superpoint_node]: Keypoints estratti: 800
[rtabmap-14] [33m[ WARN] (2026-01-10 09:26:08.637) MapsManager.cpp:863::publishMaps() Graph has changed! The whole cloud is regenerated.[0m
[rtabmap-14] [33m[ WARN] (2026-01-10 09:26:08.638) OccupancyGrid.cpp:169::getProbMap() Map info is empty, cannot generate probabilistic occupancy grid[0m
[rtabmap-14] [33m[ WARN] (2026-01-10 09:26:09.231) MapsManager.cpp:863::publishMaps() Graph has changed! The whole cloud is regenerated.[0m
[rtabmap-14] [33m[ WARN] (2026-01-10 09:26:09.232) OccupancyGrid.cpp:169::getProbMap() Map info is empty, cannot generate probabilistic occupancy grid[0m
[rtabmap-14] [33m[ WARN] (2026-01-10 09:26:09.728) MapsManager.cpp:863::publishMaps() Graph has changed! The whole cloud is regenerated.[0m
[rtabmap-14] [33m[ WARN] (2026-01-10 09:26:09.728) OccupancyGrid.cpp:169::getProbMap() Map info is empty, cannot generate probabilistic occupancy grid[0m
[rtabmap-14] [33m[ WARN] (2026-01-10 09:26:10.286) MapsManager.cpp:863::publishMaps() Graph has changed! The whole cloud is regenerated.[0m
[rtabmap-14] [33m[ WARN] (2026-01-10 09:26:10.290) OccupancyGrid.cpp:169::getProbMap() Map info is empty, cannot generate probabilistic occupancy grid[0m
[rtabmap-14] [33m[ WARN] (2026-01-10 09:26:10.793) MapsManager.cpp:863::publishMaps() Graph has changed! The whole cloud is regenerated.[0m
[rtabmap-14] [33m[ WARN] (2026-01-10 09:26:10.794) OccupancyGrid.cpp:169::getProbMap() Map info is empty, cannot generate probabilistic occupancy grid[0m
[rtabmap-14] [33m[ WARN] (2026-01-10 09:26:11.303) MapsManager.cpp:863::publishMaps() Graph has changed! The whole cloud is regenerated.[0m
[rtabmap-14] [33m[ WARN] (2026-01-10 09:26:11.304) OccupancyGrid.cpp:169::getProbMap() Map info is empty, cannot generate probabilistic occupancy grid[0m
[rtabmap-14] [33m[ WARN] (2026-01-10 09:26:11.967) MapsManager.cpp:863::publishMaps() Graph has changed! The whole cloud is regenerated.[0m
[rtabmap-14] [33m[ WARN] (2026-01-10 09:26:11.968) OccupancyGrid.cpp:169::getProbMap() Map info is empty, cannot generate probabilistic occupancy grid[0m
[rtabmap-14] [33m[ WARN] (2026-01-10 09:26:12.426) MapsManager.cpp:863::publishMaps() Graph has changed! The whole cloud is regenerated.[0m
[rtabmap-14] [33m[ WARN] (2026-01-10 09:26:12.428) OccupancyGrid.cpp:169::getProbMap() Map info is empty, cannot generate probabilistic occupancy grid[0m
[rtabmap-14] [33m[ WARN] (2026-01-10 09:26:12.933) MapsManager.cpp:863::publishMaps() Graph has changed! The whole cloud is regenerated.[0m
[rtabmap-14] [33m[ WARN] (2026-01-10 09:26:12.933) OccupancyGrid.cpp:169::getProbMap() Map info is empty, cannot generate probabilistic occupancy grid[0m
[superpoint_node-2] [ERROR] [1768033573.128335384] [superpoint_node]: Errore pubblicazione keypoints 3D: could not assign tuple of length 3 to structure with 4 fields.
[superpoint_node-2] [INFO] [1768033573.220890395] [superpoint_node]: Keypoints estratti: 800
[superpoint_node-2] [ERROR] [1768033573.227969859] [superpoint_node]: Errore pubblicazione keypoints 3D: could not assign tuple of length 3 to structure with 4 fields.
[superpoint_node-2] [INFO] [1768033573.320632370] [superpoint_node]: Keypoints estratti: 800
[superpoint_node-2] [ERROR] [1768033573.327798168] [superpoint_node]: Errore pubblicazione keypoints 3D: could not assign tuple of length 3 to structure with 4 fields.
[superpoint_node-2] [INFO] [1768033573.418448590] [superpoint_node]: Keypoints estratti: 800
[superpoint_node-2] [ERROR] [1768033573.425698684] [superpoint_node]: Errore pubblicazione keypoints 3D: could not assign tuple of length 3 to structure with 4 fields.
[rtabmap-14] [INFO] [1768033573.456030462] [rtabmap]: rtabmap (213): Rate=0.50s, Limit=0.001s, Conversion=0.0008s, RTAB-Map=0.0366s, Maps update=0.0003s pub=0.0015s delay=0.0866s (local map=0, WM=0)
[superpoint_node-2] [INFO] [1768033573.522685156] [superpoint_node]: Keypoints estratti: 800
[superpoint_node-2] [ERROR] [1768033573.529804176] [superpoint_node]: Errore pubblicazione keypoints 3D: could not assign tuple of length 3 to structure with 4 fields.
[superpoint_node-2] [INFO] [1768033573.621884387] [superpoint_node]: Keypoints estratti: 800
[superpoint_node-2] [ERROR] [1768033573.628906294] [superpoint_node]: Errore pubblicazione keypoints 3D: could not assign tuple of length 3 to structure with 4 fields.
[superpoint_node-2] [INFO] [1768033573.721560991] [superpoint_node]: Keypoints estratti: 800
[superpoint_node-2] [ERROR] [1768033573.728644584] [superpoint_node]: Errore pubblicazione keypoints 3D: could not assign tuple of length 3 to structure with 4 fields.
[superpoint_node-2] [INFO] [1768033573.822018028] [superpoint_node]: Keypoints estratti: 800
[superpoint_node-2] [ERROR] [1768033573.829069880] [superpoint_node]: Errore pubblicazione keypoints 3D: could not assign tuple of length 3 to structure with 4 fields.
[superpoint_node-2] [INFO] [1768033573.957754677] [superpoint_node]: Keypoints estratti: 800
[superpoint_node-2] [ERROR] [1768033573.964820918] [superpoint_node]: Errore pubblicazione keypoints 3D: could not assign tuple of length 3 to structure with 4 fields.
[rtabmap-14] [INFO] [1768033573.995159751] [rtabmap]: rtabmap (214): Rate=0.50s, Limit=0.001s, Conversion=0.0002s, RTAB-Map=0.0362s, Maps update=0.0005s pub=0.0064s delay=0.0879s (local map=0, WM=0)
[superpoint_node-2] [INFO] [1768033574.059195666] [superpoint_node]: Keypoints estratti: 800
[superpoint_node-2] [ERROR] [1768033574.066519483] [superpoint_node]: Errore pubblicazione keypoints 3D: could not assign tuple of length 3 to structure with 4 fields.
[superpoint_node-2] [INFO] [1768033574.158579861] [superpoint_node]: Keypoints estratti: 800
[superpoint_node-2] [ERROR] [1768033574.165309340] [superpoint_node]: Errore pubblicazione keypoints 3D: could not assign tuple of length 3 to structure with 4 fields.
[superpoint_node-2] [INFO] [1768033574.255606685] [superpoint_node]: Keypoints estratti: 800
[superpoint_node-2] [ERROR] [1768033574.262284368] [superpoint_node]: Errore pubblicazione keypoints 3D: could not assign tuple of length 3 to structure with 4 fields.
[superpoint_node-2] [INFO] [1768033574.353680055] [superpoint_node]: Keypoints estratti: 800
[superpoint_node-2] [ERROR] [1768033574.360667110] [superpoint_node]: Errore pubblicazione keypoints 3D: could not assign tuple of length 3 to structure with 4 fields.
[superpoint_node-2] [INFO] [1768033574.452900341] [superpoint_node]: Keypoints estratti: 800
[superpoint_node-2] [ERROR] [1768033574.459854414] [superpoint_node]: Errore pubblicazione keypoints 3D: could not assign tuple of length 3 to structure with 4 fields.
[superpoint_node-2] [INFO] [1768033574.552140442] [superpoint_node]: Keypoints estratti: 800
[superpoint_node-2] [ERROR] [1768033574.559242609] [superpoint_node]: Errore pubblicazione keypoints 3D: could not assign tuple of length 3 to structure with 4 fields.
[rtabmap-14] [INFO] [1768033574.595085986] [rtabmap]: rtabmap (215): Rate=0.50s, Limit=0.001s, Conversion=0.0013s, RTAB-Map=0.0446s, Maps update=0.0003s pub=0.0057s delay=0.0924s (local map=0, WM=0)
[superpoint_node-2] [INFO] [1768033574.651751490] [superpoint_node]: Keypoints estratti: 800
[superpoint_node-2] [ERROR] [1768033574.658579655] [superpoint_node]: Errore pubblicazione keypoints 3D: could not assign tuple of length 3 to structure with 4 fields.
[superpoint_node-2] [INFO] [1768033574.748208958] [superpoint_node]: Keypoints estratti: 800
[superpoint_node-2] [ERROR] [1768033574.755293848] [superpoint_node]: Errore pubblicazione keypoints 3D: could not assign tuple of length 3 to structure with 4 fields.
[superpoint_node-2] [INFO] [1768033574.845774046] [superpoint_node]: Keypoints estratti: 800
[superpoint_node-2] [ERROR] [1768033574.853217920] [superpoint_node]: Errore pubblicazione keypoints 3D: could not assign tuple of length 3 to structure with 4 fields.
[superpoint_node-2] [INFO] [1768033574.944677255] [superpoint_node]: Keypoints estratti: 800
[superpoint_node-2] [ERROR] [1768033574.953031062] [superpoint_node]: Errore pubblicazione keypoints 3D: could not assign tuple of length 3 to structure with 4 fields.
[superpoint_node-2] [INFO] [1768033575.047187771] [superpoint_node]: Keypoints estratti: 800
[superpoint_node-2] [ERROR] [1768033575.054312568] [superpoint_node]: Errore pubblicazione keypoints 3D: could not assign tuple of length 3 to structure with 4 fields.
[superpoint_node-2] [INFO] [1768033575.144103854] [superpoint_node]: Keypoints estratti: 800
[superpoint_node-2] [ERROR] [1768033575.151509820] [superpoint_node]: Errore pubblicazione keypoints 3D: could not assign tuple of length 3 to structure with 4 fields.
[rtabmap-14] [INFO] [1768033575.189683770] [rtabmap]: rtabmap (216): Rate=0.50s, Limit=0.001s, Conversion=0.0002s, RTAB-Map=0.0341s, Maps update=0.0005s pub=0.0056s delay=0.0933s (local map=0, WM=0)
[superpoint_node-2] [INFO] [1768033575.281515128] [superpoint_node]: Keypoints estratti: 800
[superpoint_node-2] [ERROR] [1768033575.289224078] [superpoint_node]: Errore pubblicazione keypoints 3D: could not assign tuple of length 3 to structure with 4 fields.
[superpoint_node-2] [INFO] [1768033575.378887751] [superpoint_node]: Keypoints estratti: 800
[superpoint_node-2] [ERROR] [1768033575.385791935] [superpoint_node]: Errore pubblicazione keypoints 3D: could not assign tuple of length 3 to structure with 4 fields.
[superpoint_node-2] [INFO] [1768033575.476061928] [superpoint_node]: Keypoints estratti: 800
[superpoint_node-2] [ERROR] [1768033575.483382227] [superpoint_node]: Errore pubblicazione keypoints 3D: could not assign tuple of length 3 to structure with 4 fields.
[superpoint_node-2] [INFO] [1768033575.618465223] [superpoint_node]: Keypoints estratti: 800
[superpoint_node-2] [ERROR] [1768033575.625472056] [superpoint_node]: Errore pubblicazione keypoints 3D: could not assign tuple of length 3 to structure with 4 fields.
[superpoint_node-2] [INFO] [1768033575.718195421] [superpoint_node]: Keypoints estratti: 800
[superpoint_node-2] [ERROR] [1768033575.725441033] [superpoint_node]: Errore pubblicazione keypoints 3D: could not assign tuple of length 3 to structure with 4 fields.
[rtabmap-14] [INFO] [1768033575.756112036] [rtabmap]: rtabmap (217): Rate=0.50s, Limit=0.001s, Conversion=0.0002s, RTAB-Map=0.0381s, Maps update=0.0003s pub=0.0016s delay=0.0866s (local map=0, WM=0)
[superpoint_node-2] [INFO] [1768033575.819325537] [superpoint_node]: Keypoints estratti: 800
[superpoint_node-2] [ERROR] [1768033575.826387055] [superpoint_node]: Errore pubblicazione keypoints 3D: could not assign tuple of length 3 to structure with 4 fields.
[superpoint_node-2] [INFO] [1768033575.922341890] [superpoint_node]: Keypoints estratti: 800
[superpoint_node-2] [ERROR] [1768033575.929813560] [superpoint_node]: Errore pubblicazione keypoints 3D: could not assign tuple of length 3 to structure with 4 fields.
[superpoint_node-2] [INFO] [1768033576.021334674] [superpoint_node]: Keypoints estratti: 800
[superpoint_node-2] [ERROR] [1768033576.029220736] [superpoint_node]: Errore pubblicazione keypoints 3D: could not assign tuple of length 3 to structure with 4 fields.
[superpoint_node-2] [INFO] [1768033576.119761158] [superpoint_node]: Keypoints estratti: 800
[superpoint_node-2] [ERROR] [1768033576.127488108] [superpoint_node]: Errore pubblicazione keypoints 3D: could not assign tuple of length 3 to structure with 4 fields.
[superpoint_node-2] [INFO] [1768033576.220252935] [superpoint_node]: Keypoints estratti: 800
[superpoint_node-2] [ERROR] [1768033576.227790976] [superpoint_node]: Errore pubblicazione keypoints 3D: could not assign tuple of length 3 to structure with 4 fields.
[rtabmap-14] [INFO] [1768033576.266357060] [rtabmap]: rtabmap (218): Rate=0.50s, Limit=0.001s, Conversion=0.0003s, RTAB-Map=0.0460s, Maps update=0.0004s pub=0.0045s delay=0.0951s (local map=0, WM=0)
[superpoint_node-2] [INFO] [1768033576.325380379] [superpoint_node]: Keypoints estratti: 800
[superpoint_node-2] [ERROR] [1768033576.332259452] [superpoint_node]: Errore pubblicazione keypoints 3D: could not assign tuple of length 3 to structure with 4 fields.
[superpoint_node-2] [INFO] [1768033576.422575075] [superpoint_node]: Keypoints estratti: 800
[superpoint_node-2] [ERROR] [1768033576.429626520] [superpoint_node]: Errore pubblicazione keypoints 3D: could not assign tuple of length 3 to structure with 4 fields.
[superpoint_node-2] [INFO] [1768033576.520958021] [superpoint_node]: Keypoints estratti: 800
[superpoint_node-2] [ERROR] [1768033576.528011447] [superpoint_node]: Errore pubblicazione keypoints 3D: could not assign tuple of length 3 to structure with 4 fields.
[superpoint_node-2] [INFO] [1768033576.618588980] [superpoint_node]: Keypoints estratti: 800
[superpoint_node-2] [ERROR] [1768033576.625643480] [superpoint_node]: Errore pubblicazione keypoints 3D: could not assign tuple of length 3 to structure with 4 fields.
[superpoint_node-2] [INFO] [1768033576.717402689] [superpoint_node]: Keypoints estratti: 800
[superpoint_node-2] [ERROR] [1768033576.724443504] [superpoint_node]: Errore pubblicazione keypoints 3D: could not assign tuple of length 3 to structure with 4 fields.
[superpoint_node-2] [INFO] [1768033576.817753058] [superpoint_node]: Keypoints estratti: 800
[superpoint_node-2] [ERROR] [1768033576.825224950] [superpoint_node]: Errore pubblicazione keypoints 3D: could not assign tuple of length 3 to structure with 4 fields.
[rtabmap-14] [INFO] [1768033576.866451258] [rtabmap]: rtabmap (219): Rate=0.50s, Limit=0.001s, Conversion=0.0002s, RTAB-Map=0.0465s, Maps update=0.0009s pub=0.0045s delay=0.0970s (local map=0, WM=0)
[superpoint_node-2] [INFO] [1768033576.919575457] [superpoint_node]: Keypoints estratti: 800
[superpoint_node-2] [ERROR] [1768033576.926683236] [superpoint_node]: Errore pubblicazione keypoints 3D: could not assign tuple of length 3 to structure with 4 fields.
[superpoint_node-2] [INFO] [1768033577.018593538] [superpoint_node]: Keypoints estratti: 800
[superpoint_node-2] [ERROR] [1768033577.025549649] [superpoint_node]: Errore pubblicazione keypoints 3D: could not assign tuple of length 3 to structure with 4 fields.
[superpoint_node-2] [INFO] [1768033577.116752741] [superpoint_node]: Keypoints estratti: 800
[superpoint_node-2] [ERROR] [1768033577.123620666] [superpoint_node]: Errore pubblicazione keypoints 3D: could not assign tuple of length 3 to structure with 4 fields.
[superpoint_node-2] [INFO] [1768033577.216311475] [superpoint_node]: Keypoints estratti: 800
[superpoint_node-2] [ERROR] [1768033577.223174455] [superpoint_node]: Errore pubblicazione keypoints 3D: could not assign tuple of length 3 to structure with 4 fields.
[superpoint_node-2] [INFO] [1768033577.319890721] [superpoint_node]: Keypoints estratti: 800
[superpoint_node-2] [ERROR] [1768033577.326931518] [superpoint_node]: Errore pubblicazione keypoints 3D: could not assign tuple of length 3 to structure with 4 fields.
[superpoint_node-2] [INFO] [1768033577.416809267] [superpoint_node]: Keypoints estratti: 800
[superpoint_node-2] [ERROR] [1768033577.424167696] [superpoint_node]: Errore pubblicazione keypoints 3D: could not assign tuple of length 3 to structure with 4 fields.
[rtabmap-14] [INFO] [1768033577.450394292] [rtabmap]: rtabmap (220): Rate=0.50s, Limit=0.001s, Conversion=0.0006s, RTAB-Map=0.0320s, Maps update=0.0007s pub=0.0012s delay=0.0810s (local map=0, WM=0)
[superpoint_node-2] [INFO] [1768033577.522362825] [superpoint_node]: Keypoints estratti: 800
[superpoint_node-2] [ERROR] [1768033577.529373770] [superpoint_node]: Errore pubblicazione keypoints 3D: could not assign tuple of length 3 to structure with 4 fields.
[superpoint_node-2] [INFO] [1768033577.622801269] [superpoint_node]: Keypoints estratti: 800
[superpoint_node-2] [ERROR] [1768033577.630687221] [superpoint_node]: Errore pubblicazione keypoints 3D: could not assign tuple of length 3 to structure with 4 fields.
[superpoint_node-2] [INFO] [1768033577.723141786] [superpoint_node]: Keypoints estratti: 800
[superpoint_node-2] [ERROR] [1768033577.730050712] [superpoint_node]: Errore pubblicazione keypoints 3D: could not assign tuple of length 3 to structure with 4 fields.
[superpoint_node-2] [INFO] [1768033577.819514124] [superpoint_node]: Keypoints estratti: 800
[superpoint_node-2] [ERROR] [1768033577.826425382] [superpoint_node]: Errore pubblicazione keypoints 3D: could not assign tuple of length 3 to structure with 4 fields.
[superpoint_node-2] [INFO] [1768033577.922094474] [superpoint_node]: Keypoints estratti: 800
[superpoint_node-2] [ERROR] [1768033577.931732235] [superpoint_node]: Errore pubblicazione keypoints 3D: could not assign tuple of length 3 to structure with 4 fields.
[rtabmap-14] [INFO] [1768033577.948495683] [rtabmap]: rtabmap (221): Rate=0.50s, Limit=0.001s, Conversion=0.0005s, RTAB-Map=0.0375s, Maps update=0.0002s pub=0.0010s delay=0.0790s (local map=0, WM=0)
[superpoint_node-2] [INFO] [1768033578.022317286] [superpoint_node]: Keypoints estratti: 800
[superpoint_node-2] [ERROR] [1768033578.029408083] [superpoint_node]: Errore pubblicazione keypoints 3D: could not assign tuple of length 3 to structure with 4 fields.
[superpoint_node-2] [INFO] [1768033578.122567729] [superpoint_node]: Keypoints estratti: 800
[rtabmap-14] [33m[ WARN] (2026-01-10 09:26:13.454) MapsManager.cpp:863::publishMaps() Graph has changed! The whole cloud is regenerated.[0m
[rtabmap-14] [33m[ WARN] (2026-01-10 09:26:13.455) OccupancyGrid.cpp:169::getProbMap() Map info is empty, cannot generate probabilistic occupancy grid[0m
[rtabmap-14] [33m[ WARN] (2026-01-10 09:26:13.988) MapsManager.cpp:863::publishMaps() Graph has changed! The whole cloud is regenerated.[0m
[rtabmap-14] [33m[ WARN] (2026-01-10 09:26:13.989) OccupancyGrid.cpp:169::getProbMap() Map info is empty, cannot generate probabilistic occupancy grid[0m
[rtabmap-14] [33m[ WARN] (2026-01-10 09:26:14.589) MapsManager.cpp:863::publishMaps() Graph has changed! The whole cloud is regenerated.[0m
[rtabmap-14] [33m[ WARN] (2026-01-10 09:26:14.592) OccupancyGrid.cpp:169::getProbMap() Map info is empty, cannot generate probabilistic occupancy grid[0m
[rtabmap-14] [33m[ WARN] (2026-01-10 09:26:15.183) MapsManager.cpp:863::publishMaps() Graph has changed! The whole cloud is regenerated.[0m
[rtabmap-14] [33m[ WARN] (2026-01-10 09:26:15.187) OccupancyGrid.cpp:169::getProbMap() Map info is empty, cannot generate probabilistic occupancy grid[0m
[rtabmap-14] [33m[ WARN] (2026-01-10 09:26:15.537) CoreWrapper.cpp:1227::odomTFUpdate() Odometry is reset (identity pose detected). Increment map id![0m
[rtabmap-14] [33m[ WARN] (2026-01-10 09:26:15.753) MapsManager.cpp:863::publishMaps() Graph has changed! The whole cloud is regenerated.[0m
[rtabmap-14] [33m[ WARN] (2026-01-10 09:26:15.754) OccupancyGrid.cpp:169::getProbMap() Map info is empty, cannot generate probabilistic occupancy grid[0m
[rtabmap-14] [33m[ WARN] (2026-01-10 09:26:16.261) MapsManager.cpp:863::publishMaps() Graph has changed! The whole cloud is regenerated.[0m
[rtabmap-14] [33m[ WARN] (2026-01-10 09:26:16.264) OccupancyGrid.cpp:169::getProbMap() Map info is empty, cannot generate probabilistic occupancy grid[0m
[rtabmap-14] [33m[ WARN] (2026-01-10 09:26:16.861) MapsManager.cpp:863::publishMaps() Graph has changed! The whole cloud is regenerated.[0m
[rtabmap-14] [33m[ WARN] (2026-01-10 09:26:16.864) OccupancyGrid.cpp:169::getProbMap() Map info is empty, cannot generate probabilistic occupancy grid[0m
[rtabmap-14] [33m[ WARN] (2026-01-10 09:26:17.449) MapsManager.cpp:863::publishMaps() Graph has changed! The whole cloud is regenerated.[0m
[rtabmap-14] [33m[ WARN] (2026-01-10 09:26:17.449) OccupancyGrid.cpp:169::getProbMap() Map info is empty, cannot generate probabilistic occupancy grid[0m
[rtabmap-14] [33m[ WARN] (2026-01-10 09:26:17.947) MapsManager.cpp:863::publishMaps() Graph has changed! The whole cloud is regenerated.[0m
[rtabmap-14] [33m[ WARN] (2026-01-10 09:26:17.948) OccupancyGrid.cpp:169::getProbMap() Map info is empty, cannot generate probabilistic occupancy grid[0m
[superpoint_node-2] [ERROR] [1768033578.130398124] [superpoint_node]: Errore pubblicazione keypoints 3D: could not assign tuple of length 3 to structure with 4 fields.
[superpoint_node-2] [INFO] [1768033578.220140002] [superpoint_node]: Keypoints estratti: 800
[superpoint_node-2] [ERROR] [1768033578.226919963] [superpoint_node]: Errore pubblicazione keypoints 3D: could not assign tuple of length 3 to structure with 4 fields.
[superpoint_node-2] [INFO] [1768033578.317883184] [superpoint_node]: Keypoints estratti: 800
[superpoint_node-2] [ERROR] [1768033578.325134648] [superpoint_node]: Errore pubblicazione keypoints 3D: could not assign tuple of length 3 to structure with 4 fields.
[superpoint_node-2] [INFO] [1768033578.422225751] [superpoint_node]: Keypoints estratti: 800
[superpoint_node-2] [ERROR] [1768033578.429703681] [superpoint_node]: Errore pubblicazione keypoints 3D: could not assign tuple of length 3 to structure with 4 fields.
[superpoint_node-2] [INFO] [1768033578.520869662] [superpoint_node]: Keypoints estratti: 800
[superpoint_node-2] [ERROR] [1768033578.530808926] [superpoint_node]: Errore pubblicazione keypoints 3D: could not assign tuple of length 3 to structure with 4 fields.
[rtabmap-14] [INFO] [1768033578.568143055] [rtabmap]: rtabmap (222): Rate=0.50s, Limit=0.001s, Conversion=0.0003s, RTAB-Map=0.0447s, Maps update=0.0003s pub=0.0047s delay=0.0968s (local map=0, WM=0)
[superpoint_node-2] [INFO] [1768033578.630234769] [superpoint_node]: Keypoints estratti: 800
[superpoint_node-2] [ERROR] [1768033578.637452678] [superpoint_node]: Errore pubblicazione keypoints 3D: could not assign tuple of length 3 to structure with 4 fields.
[superpoint_node-2] [INFO] [1768033578.732930713] [superpoint_node]: Keypoints estratti: 800
[superpoint_node-2] [ERROR] [1768033578.740406142] [superpoint_node]: Errore pubblicazione keypoints 3D: could not assign tuple of length 3 to structure with 4 fields.
[superpoint_node-2] [INFO] [1768033578.829934592] [superpoint_node]: Keypoints estratti: 800
[superpoint_node-2] [ERROR] [1768033578.836809758] [superpoint_node]: Errore pubblicazione keypoints 3D: could not assign tuple of length 3 to structure with 4 fields.
[superpoint_node-2] [INFO] [1768033578.932378978] [superpoint_node]: Keypoints estratti: 800
[superpoint_node-2] [ERROR] [1768033578.939595443] [superpoint_node]: Errore pubblicazione keypoints 3D: could not assign tuple of length 3 to structure with 4 fields.
[superpoint_node-2] [INFO] [1768033579.029962659] [superpoint_node]: Keypoints estratti: 800
[superpoint_node-2] [ERROR] [1768033579.036921899] [superpoint_node]: Errore pubblicazione keypoints 3D: could not assign tuple of length 3 to structure with 4 fields.
[rtabmap-14] [INFO] [1768033579.094749079] [rtabmap]: rtabmap (223): Rate=0.50s, Limit=0.001s, Conversion=0.0002s, RTAB-Map=0.0433s, Maps update=0.0006s pub=0.0050s delay=0.1123s (local map=0, WM=0)
[superpoint_node-2] [INFO] [1768033579.133114180] [superpoint_node]: Keypoints estratti: 800
[superpoint_node-2] [ERROR] [1768033579.140805759] [superpoint_node]: Errore pubblicazione keypoints 3D: could not assign tuple of length 3 to structure with 4 fields.
[superpoint_node-2] [INFO] [1768033579.232587857] [superpoint_node]: Keypoints estratti: 800
[superpoint_node-2] [ERROR] [1768033579.240788644] [superpoint_node]: Errore pubblicazione keypoints 3D: could not assign tuple of length 3 to structure with 4 fields.
[superpoint_node-2] [INFO] [1768033579.333369785] [superpoint_node]: Keypoints estratti: 800
[superpoint_node-2] [ERROR] [1768033579.341946704] [superpoint_node]: Errore pubblicazione keypoints 3D: could not assign tuple of length 3 to structure with 4 fields.
[superpoint_node-2] [INFO] [1768033579.441424622] [superpoint_node]: Keypoints estratti: 800
[superpoint_node-2] [ERROR] [1768033579.449124757] [superpoint_node]: Errore pubblicazione keypoints 3D: could not assign tuple of length 3 to structure with 4 fields.
[superpoint_node-2] [INFO] [1768033579.544105899] [superpoint_node]: Keypoints estratti: 800
[superpoint_node-2] [ERROR] [1768033579.551585217] [superpoint_node]: Errore pubblicazione keypoints 3D: could not assign tuple of length 3 to structure with 4 fields.
[rtabmap-14] [INFO] [1768033579.601746541] [rtabmap]: rtabmap (224): Rate=0.50s, Limit=0.001s, Conversion=0.0003s, RTAB-Map=0.0513s, Maps update=0.0013s pub=0.0030s delay=0.1074s (local map=0, WM=0)
[superpoint_node-2] [INFO] [1768033579.658373248] [superpoint_node]: Keypoints estratti: 800
[superpoint_node-2] [ERROR] [1768033579.666036791] [superpoint_node]: Errore pubblicazione keypoints 3D: could not assign tuple of length 3 to structure with 4 fields.
[superpoint_node-2] [INFO] [1768033579.763154745] [superpoint_node]: Keypoints estratti: 800
[superpoint_node-2] [ERROR] [1768033579.770009207] [superpoint_node]: Errore pubblicazione keypoints 3D: could not assign tuple of length 3 to structure with 4 fields.
[superpoint_node-2] [INFO] [1768033579.874954668] [superpoint_node]: Keypoints estratti: 800
[superpoint_node-2] [ERROR] [1768033579.882309856] [superpoint_node]: Errore pubblicazione keypoints 3D: could not assign tuple of length 3 to structure with 4 fields.
[superpoint_node-2] [INFO] [1768033579.978558100] [superpoint_node]: Keypoints estratti: 800
[superpoint_node-2] [ERROR] [1768033579.985444303] [superpoint_node]: Errore pubblicazione keypoints 3D: could not assign tuple of length 3 to structure with 4 fields.
[superpoint_node-2] [INFO] [1768033580.083436135] [superpoint_node]: Keypoints estratti: 800
[rtabmap-14] [INFO] [1768033580.085338576] [rtabmap]: rtabmap (225): Rate=0.50s, Limit=0.001s, Conversion=0.0003s, RTAB-Map=0.0342s, Maps update=0.0018s pub=0.0032s delay=0.0574s (local map=0, WM=0)
[superpoint_node-2] [ERROR] [1768033580.090866268] [superpoint_node]: Errore pubblicazione keypoints 3D: could not assign tuple of length 3 to structure with 4 fields.
[superpoint_node-2] [INFO] [1768033580.184387472] [superpoint_node]: Keypoints estratti: 800
[superpoint_node-2] [ERROR] [1768033580.191313175] [superpoint_node]: Errore pubblicazione keypoints 3D: could not assign tuple of length 3 to structure with 4 fields.
[superpoint_node-2] [INFO] [1768033580.284300356] [superpoint_node]: Keypoints estratti: 800
[superpoint_node-2] [ERROR] [1768033580.291351578] [superpoint_node]: Errore pubblicazione keypoints 3D: could not assign tuple of length 3 to structure with 4 fields.
[superpoint_node-2] [INFO] [1768033580.387453877] [superpoint_node]: Keypoints estratti: 800
[superpoint_node-2] [ERROR] [1768033580.394863769] [superpoint_node]: Errore pubblicazione keypoints 3D: could not assign tuple of length 3 to structure with 4 fields.
[superpoint_node-2] [INFO] [1768033580.490235080] [superpoint_node]: Keypoints estratti: 800
[superpoint_node-2] [ERROR] [1768033580.497080968] [superpoint_node]: Errore pubblicazione keypoints 3D: could not assign tuple of length 3 to structure with 4 fields.
[superpoint_node-2] [INFO] [1768033580.591724680] [superpoint_node]: Keypoints estratti: 800
[superpoint_node-2] [ERROR] [1768033580.599398186] [superpoint_node]: Errore pubblicazione keypoints 3D: could not assign tuple of length 3 to structure with 4 fields.
[rtabmap-14] [INFO] [1768033580.649356211] [rtabmap]: rtabmap (226): Rate=0.50s, Limit=0.001s, Conversion=0.0004s, RTAB-Map=0.0576s, Maps update=0.0011s pub=0.0065s delay=0.1096s (local map=0, WM=0)
[superpoint_node-2] [INFO] [1768033580.709527151] [superpoint_node]: Keypoints estratti: 800
[superpoint_node-2] [ERROR] [1768033580.718188127] [superpoint_node]: Errore pubblicazione keypoints 3D: could not assign tuple of length 3 to structure with 4 fields.
[superpoint_node-2] [INFO] [1768033580.816859649] [superpoint_node]: Keypoints estratti: 800
[superpoint_node-2] [ERROR] [1768033580.824031465] [superpoint_node]: Errore pubblicazione keypoints 3D: could not assign tuple of length 3 to structure with 4 fields.
[superpoint_node-2] [INFO] [1768033580.918064488] [superpoint_node]: Keypoints estratti: 800
[superpoint_node-2] [ERROR] [1768033580.924887672] [superpoint_node]: Errore pubblicazione keypoints 3D: could not assign tuple of length 3 to structure with 4 fields.
[superpoint_node-2] [INFO] [1768033581.018887342] [superpoint_node]: Keypoints estratti: 800
[superpoint_node-2] [ERROR] [1768033581.025874027] [superpoint_node]: Errore pubblicazione keypoints 3D: could not assign tuple of length 3 to structure with 4 fields.
[superpoint_node-2] [INFO] [1768033581.120815020] [superpoint_node]: Keypoints estratti: 800
[superpoint_node-2] [ERROR] [1768033581.128375636] [superpoint_node]: Errore pubblicazione keypoints 3D: could not assign tuple of length 3 to structure with 4 fields.
[rtabmap-14] [INFO] [1768033581.188047072] [rtabmap]: rtabmap (227): Rate=0.50s, Limit=0.001s, Conversion=0.0003s, RTAB-Map=0.0639s, Maps update=0.0007s pub=0.0110s delay=0.1185s (local map=0, WM=0)
[superpoint_node-2] [INFO] [1768033581.228190167] [superpoint_node]: Keypoints estratti: 800
[superpoint_node-2] [ERROR] [1768033581.235372502] [superpoint_node]: Errore pubblicazione keypoints 3D: could not assign tuple of length 3 to structure with 4 fields.
[superpoint_node-2] [INFO] [1768033581.367438474] [superpoint_node]: Keypoints estratti: 800
[superpoint_node-2] [ERROR] [1768033581.376258044] [superpoint_node]: Errore pubblicazione keypoints 3D: could not assign tuple of length 3 to structure with 4 fields.
[superpoint_node-2] [INFO] [1768033581.472560752] [superpoint_node]: Keypoints estratti: 800
[superpoint_node-2] [ERROR] [1768033581.481255228] [superpoint_node]: Errore pubblicazione keypoints 3D: could not assign tuple of length 3 to structure with 4 fields.
[superpoint_node-2] [INFO] [1768033581.577209599] [superpoint_node]: Keypoints estratti: 800
[superpoint_node-2] [ERROR] [1768033581.584478713] [superpoint_node]: Errore pubblicazione keypoints 3D: could not assign tuple of length 3 to structure with 4 fields.
[superpoint_node-2] [INFO] [1768033581.676123790] [superpoint_node]: Keypoints estratti: 800
[superpoint_node-2] [ERROR] [1768033581.683463997] [superpoint_node]: Errore pubblicazione keypoints 3D: could not assign tuple of length 3 to structure with 4 fields.
[rtabmap-14] [INFO] [1768033581.723965670] [rtabmap]: rtabmap (228): Rate=0.50s, Limit=0.001s, Conversion=0.0002s, RTAB-Map=0.0443s, Maps update=0.0004s pub=0.0017s delay=0.0960s (local map=0, WM=0)
[superpoint_node-2] [INFO] [1768033581.787718656] [superpoint_node]: Keypoints estratti: 800
[superpoint_node-2] [ERROR] [1768033581.794810620] [superpoint_node]: Errore pubblicazione keypoints 3D: could not assign tuple of length 3 to structure with 4 fields.
[superpoint_node-2] [INFO] [1768033581.889933410] [superpoint_node]: Keypoints estratti: 800
[superpoint_node-2] [ERROR] [1768033581.896858188] [superpoint_node]: Errore pubblicazione keypoints 3D: could not assign tuple of length 3 to structure with 4 fields.
[superpoint_node-2] [INFO] [1768033582.004376373] [superpoint_node]: Keypoints estratti: 800
[superpoint_node-2] [ERROR] [1768033582.011771413] [superpoint_node]: Errore pubblicazione keypoints 3D: could not assign tuple of length 3 to structure with 4 fields.
[superpoint_node-2] [INFO] [1768033582.101553217] [superpoint_node]: Keypoints estratti: 800
[superpoint_node-2] [ERROR] [1768033582.108933497] [superpoint_node]: Errore pubblicazione keypoints 3D: could not assign tuple of length 3 to structure with 4 fields.
[superpoint_node-2] [INFO] [1768033582.225145733] [superpoint_node]: Keypoints estratti: 800
[superpoint_node-2] [ERROR] [1768033582.233104129] [superpoint_node]: Errore pubblicazione keypoints 3D: could not assign tuple of length 3 to structure with 4 fields.
[rtabmap-14] [INFO] [1768033582.244908538] [rtabmap]: rtabmap (229): Rate=0.50s, Limit=0.001s, Conversion=0.0002s, RTAB-Map=0.0472s, Maps update=0.0010s pub=0.0096s delay=0.0917s (local map=0, WM=0)
[superpoint_node-2] [INFO] [1768033582.337615291] [superpoint_node]: Keypoints estratti: 800
[superpoint_node-2] [ERROR] [1768033582.347351905] [superpoint_node]: Errore pubblicazione keypoints 3D: could not assign tuple of length 3 to structure with 4 fields.
[superpoint_node-2] [INFO] [1768033582.448336687] [superpoint_node]: Keypoints estratti: 800
[superpoint_node-2] [ERROR] [1768033582.455465799] [superpoint_node]: Errore pubblicazione keypoints 3D: could not assign tuple of length 3 to structure with 4 fields.
[superpoint_node-2] [INFO] [1768033582.551296965] [superpoint_node]: Keypoints estratti: 800
[superpoint_node-2] [ERROR] [1768033582.558627894] [superpoint_node]: Errore pubblicazione keypoints 3D: could not assign tuple of length 3 to structure with 4 fields.
[superpoint_node-2] [INFO] [1768033582.659361840] [superpoint_node]: Keypoints estratti: 800
[superpoint_node-2] [ERROR] [1768033582.666468267] [superpoint_node]: Errore pubblicazione keypoints 3D: could not assign tuple of length 3 to structure with 4 fields.
[superpoint_node-2] [INFO] [1768033582.761837763] [superpoint_node]: Keypoints estratti: 800
[superpoint_node-2] [ERROR] [1768033582.769211544] [superpoint_node]: Errore pubblicazione keypoints 3D: could not assign tuple of length 3 to structure with 4 fields.
[rtabmap-14] [INFO] [1768033582.837574585] [rtabmap]: rtabmap (230): Rate=0.50s, Limit=0.001s, Conversion=0.0002s, RTAB-Map=0.0550s, Maps update=0.0003s pub=0.0053s delay=0.1280s (local map=0, WM=0)
[superpoint_node-2] [INFO] [1768033582.868275069] [superpoint_node]: Keypoints estratti: 800
[superpoint_node-2] [ERROR] [1768033582.875267051] [superpoint_node]: Errore pubblicazione keypoints 3D: could not assign tuple of length 3 to structure with 4 fields.
[superpoint_node-2] [INFO] [1768033582.972075595] [superpoint_node]: Keypoints estratti: 800
[superpoint_node-2] [ERROR] [1768033582.979690100] [superpoint_node]: Errore pubblicazione keypoints 3D: could not assign tuple of length 3 to structure with 4 fields.
[superpoint_node-2] [INFO] [1768033583.074179682] [superpoint_node]: Keypoints estratti: 800
[superpoint_node-2] [ERROR] [1768033583.081121867] [superpoint_node]: Errore pubblicazione keypoints 3D: could not assign tuple of length 3 to structure with 4 fields.
[rtabmap-14] [33m[ WARN] (2026-01-10 09:26:18.563) MapsManager.cpp:863::publishMaps() Graph has changed! The whole cloud is regenerated.[0m
[rtabmap-14] [33m[ WARN] (2026-01-10 09:26:18.564) OccupancyGrid.cpp:169::getProbMap() Map info is empty, cannot generate probabilistic occupancy grid[0m
[rtabmap-14] [33m[ WARN] (2026-01-10 09:26:19.089) MapsManager.cpp:863::publishMaps() Graph has changed! The whole cloud is regenerated.[0m
[rtabmap-14] [33m[ WARN] (2026-01-10 09:26:19.093) OccupancyGrid.cpp:169::getProbMap() Map info is empty, cannot generate probabilistic occupancy grid[0m
[rtabmap-14] [33m[ WARN] (2026-01-10 09:26:19.598) MapsManager.cpp:863::publishMaps() Graph has changed! The whole cloud is regenerated.[0m
[rtabmap-14] [33m[ WARN] (2026-01-10 09:26:19.601) OccupancyGrid.cpp:169::getProbMap() Map info is empty, cannot generate probabilistic occupancy grid[0m
[rtabmap-14] [33m[ WARN] (2026-01-10 09:26:20.082) MapsManager.cpp:863::publishMaps() Graph has changed! The whole cloud is regenerated.[0m
[rtabmap-14] [33m[ WARN] (2026-01-10 09:26:20.083) OccupancyGrid.cpp:169::getProbMap() Map info is empty, cannot generate probabilistic occupancy grid[0m
[rtabmap-14] [33m[ WARN] (2026-01-10 09:26:20.642) MapsManager.cpp:863::publishMaps() Graph has changed! The whole cloud is regenerated.[0m
[rtabmap-14] [33m[ WARN] (2026-01-10 09:26:20.645) OccupancyGrid.cpp:169::getProbMap() Map info is empty, cannot generate probabilistic occupancy grid[0m
[rtabmap-14] [33m[ WARN] (2026-01-10 09:26:21.176) MapsManager.cpp:863::publishMaps() Graph has changed! The whole cloud is regenerated.[0m
[rtabmap-14] [33m[ WARN] (2026-01-10 09:26:21.181) OccupancyGrid.cpp:169::getProbMap() Map info is empty, cannot generate probabilistic occupancy grid[0m
[rtabmap-14] [33m[ WARN] (2026-01-10 09:26:21.722) MapsManager.cpp:863::publishMaps() Graph has changed! The whole cloud is regenerated.[0m
[rtabmap-14] [33m[ WARN] (2026-01-10 09:26:21.723) OccupancyGrid.cpp:169::getProbMap() Map info is empty, cannot generate probabilistic occupancy grid[0m
[rtabmap-14] [33m[ WARN] (2026-01-10 09:26:22.235) MapsManager.cpp:863::publishMaps() Graph has changed! The whole cloud is regenerated.[0m
[rtabmap-14] [33m[ WARN] (2026-01-10 09:26:22.240) OccupancyGrid.cpp:169::getProbMap() Map info is empty, cannot generate probabilistic occupancy grid[0m
[rtabmap-14] [33m[ WARN] (2026-01-10 09:26:22.832) MapsManager.cpp:863::publishMaps() Graph has changed! The whole cloud is regenerated.[0m
[rtabmap-14] [33m[ WARN] (2026-01-10 09:26:22.836) OccupancyGrid.cpp:169::getProbMap() Map info is empty, cannot generate probabilistic occupancy grid[0m
[superpoint_node-2] [INFO] [1768033583.173611748] [superpoint_node]: Keypoints estratti: 800
[superpoint_node-2] [ERROR] [1768033583.180898324] [superpoint_node]: Errore pubblicazione keypoints 3D: could not assign tuple of length 3 to structure with 4 fields.
[rtabmap-14] [INFO] [1768033583.263415015] [rtabmap]: rtabmap (231): Rate=0.50s, Limit=0.001s, Conversion=0.0002s, RTAB-Map=0.0250s, Maps update=0.0003s pub=0.0015s delay=0.0407s (local map=0, WM=0)
[superpoint_node-2] [INFO] [1768033583.319277661] [superpoint_node]: Keypoints estratti: 800
[superpoint_node-2] [ERROR] [1768033583.326387477] [superpoint_node]: Errore pubblicazione keypoints 3D: could not assign tuple of length 3 to structure with 4 fields.
[superpoint_node-2] [INFO] [1768033583.417047714] [superpoint_node]: Keypoints estratti: 800
[superpoint_node-2] [ERROR] [1768033583.423684988] [superpoint_node]: Errore pubblicazione keypoints 3D: could not assign tuple of length 3 to structure with 4 fields.
[superpoint_node-2] [INFO] [1768033583.517676233] [superpoint_node]: Keypoints estratti: 800
[superpoint_node-2] [ERROR] [1768033583.524062395] [superpoint_node]: Errore pubblicazione keypoints 3D: could not assign tuple of length 3 to structure with 4 fields.
[superpoint_node-2] [INFO] [1768033583.630363089] [superpoint_node]: Keypoints estratti: 800
[superpoint_node-2] [ERROR] [1768033583.636608916] [superpoint_node]: Errore pubblicazione keypoints 3D: could not assign tuple of length 3 to structure with 4 fields.
[superpoint_node-2] [INFO] [1768033583.725381323] [superpoint_node]: Keypoints estratti: 800
[superpoint_node-2] [ERROR] [1768033583.731868078] [superpoint_node]: Errore pubblicazione keypoints 3D: could not assign tuple of length 3 to structure with 4 fields.
[superpoint_node-2] [INFO] [1768033583.821392973] [superpoint_node]: Keypoints estratti: 800
[superpoint_node-2] [ERROR] [1768033583.828765994] [superpoint_node]: Errore pubblicazione keypoints 3D: could not assign tuple of length 3 to structure with 4 fields.
[rtabmap-14] [INFO] [1768033583.862453483] [rtabmap]: rtabmap (232): Rate=0.50s, Limit=0.001s, Conversion=0.0015s, RTAB-Map=0.0423s, Maps update=0.0040s pub=0.0026s delay=0.0900s (local map=0, WM=0)
[superpoint_node-2] [INFO] [1768033583.930843525] [superpoint_node]: Keypoints estratti: 800
[superpoint_node-2] [ERROR] [1768033583.937346317] [superpoint_node]: Errore pubblicazione keypoints 3D: could not assign tuple of length 3 to structure with 4 fields.
[superpoint_node-2] [INFO] [1768033584.031199024] [superpoint_node]: Keypoints estratti: 800
[superpoint_node-2] [ERROR] [1768033584.037751261] [superpoint_node]: Errore pubblicazione keypoints 3D: could not assign tuple of length 3 to structure with 4 fields.
[superpoint_node-2] [INFO] [1768033584.127234544] [superpoint_node]: Keypoints estratti: 800
[superpoint_node-2] [ERROR] [1768033584.133579835] [superpoint_node]: Errore pubblicazione keypoints 3D: could not assign tuple of length 3 to structure with 4 fields.
[superpoint_node-2] [INFO] [1768033584.311578986] [superpoint_node]: Keypoints estratti: 800
[superpoint_node-2] [ERROR] [1768033584.319895071] [superpoint_node]: Errore pubblicazione keypoints 3D: could not assign tuple of length 3 to structure with 4 fields.
[foxglove_bridge-12] [INFO] [1768033584.735827681] [foxglove_bridge]: publishing connection graph
[rtabmap-14] [INFO] [1768033585.012919636] [rtabmap]: rtabmap (233): Rate=0.50s, Limit=0.001s, Conversion=0.0003s, RTAB-Map=0.0854s, Maps update=0.0019s pub=0.0039s delay=0.1357s (local map=0, WM=0)
[superpoint_node-2] [INFO] [1768033585.429425066] [superpoint_node]: Keypoints estratti: 800
[foxglove_bridge-12] [INFO] [1768033585.463567336] [foxglove_bridge]: publishing connection graph
[superpoint_node-2] [ERROR] [1768033585.521609426] [superpoint_node]: Errore pubblicazione keypoints 3D: could not assign tuple of length 3 to structure with 4 fields.
[rtabmap-14] [INFO] [1768033585.959463598] [rtabmap]: rtabmap (234): Rate=0.50s, Limit=0.001s, Conversion=0.0002s, RTAB-Map=0.0421s, Maps update=0.0005s pub=0.0017s delay=0.0884s (local map=0, WM=0)
[superpoint_node-2] [INFO] [1768033586.015151169] [superpoint_node]: Keypoints estratti: 800
[superpoint_node-2] [ERROR] [1768033586.036516598] [superpoint_node]: Errore pubblicazione keypoints 3D: could not assign tuple of length 3 to structure with 4 fields.
[foxglove_bridge-12] [INFO] [1768033586.082084144] [foxglove_bridge]: publishing connection graph
[superpoint_node-2] [INFO] [1768033586.189448921] [superpoint_node]: Keypoints estratti: 800
[superpoint_node-2] [ERROR] [1768033586.197349817] [superpoint_node]: Errore pubblicazione keypoints 3D: could not assign tuple of length 3 to structure with 4 fields.
[superpoint_node-2] [INFO] [1768033586.410957157] [superpoint_node]: Keypoints estratti: 800
[superpoint_node-2] [ERROR] [1768033586.422073468] [superpoint_node]: Errore pubblicazione keypoints 3D: could not assign tuple of length 3 to structure with 4 fields.
[rtabmap-14] [INFO] [1768033586.626697589] [rtabmap]: rtabmap (235): Rate=0.50s, Limit=0.001s, Conversion=0.0006s, RTAB-Map=0.0683s, Maps update=0.0009s pub=0.0049s delay=0.1229s (local map=0, WM=0)
[superpoint_node-2] [INFO] [1768033586.634360131] [superpoint_node]: Keypoints estratti: 800
[superpoint_node-2] [ERROR] [1768033586.664030403] [superpoint_node]: Errore pubblicazione keypoints 3D: could not assign tuple of length 3 to structure with 4 fields.
[foxglove_bridge-12] [INFO] [1768033586.681429986] [foxglove_bridge]: publishing connection graph
[superpoint_node-2] [INFO] [1768033587.025525508] [superpoint_node]: Keypoints estratti: 800
[superpoint_node-2] [ERROR] [1768033587.045301998] [superpoint_node]: Errore pubblicazione keypoints 3D: could not assign tuple of length 3 to structure with 4 fields.
[republish-11] [WARN] [1768033587.159140548] [CompressedDepthPublisher]: parameter `out.format` is deprecated and ambiguous; use transport qualified name `out.compressedDepth.format`
[foxglove_bridge-12] [INFO] [1768033587.299465420] [foxglove_bridge]: publishing connection graph
[rtabmap-14] [INFO] [1768033587.364423656] [rtabmap]: rtabmap (236): Rate=0.50s, Limit=0.001s, Conversion=0.0003s, RTAB-Map=0.0423s, Maps update=0.0004s pub=0.0023s delay=0.1174s (local map=0, WM=0)
[superpoint_node-2] [INFO] [1768033587.456330051] [superpoint_node]: Keypoints estratti: 800
[superpoint_node-2] [ERROR] [1768033587.520305280] [superpoint_node]: Errore pubblicazione keypoints 3D: could not assign tuple of length 3 to structure with 4 fields.
[superpoint_node-2] [INFO] [1768033587.795734741] [superpoint_node]: Keypoints estratti: 800
[superpoint_node-2] [ERROR] [1768033587.821155331] [superpoint_node]: Errore pubblicazione keypoints 3D: could not assign tuple of length 3 to structure with 4 fields.
[foxglove_bridge-12] [INFO] [1768033587.875328779] [foxglove_bridge]: publishing connection graph
[rtabmap-14] [INFO] [1768033588.000084063] [rtabmap]: rtabmap (237): Rate=0.50s, Limit=0.001s, Conversion=0.0002s, RTAB-Map=0.0389s, Maps update=0.0010s pub=0.0015s delay=0.1095s (local map=0, WM=0)
[superpoint_node-2] [INFO] [1768033588.015774577] [superpoint_node]: Keypoints estratti: 800
[superpoint_node-2] [ERROR] [1768033588.022906615] [superpoint_node]: Errore pubblicazione keypoints 3D: could not assign tuple of length 3 to structure with 4 fields.
[rtabmap-14] [33m[ WARN] (2026-01-10 09:26:23.235) CoreWrapper.cpp:1227::odomTFUpdate() Odometry is reset (identity pose detected). Increment map id![0m
[rtabmap-14] [33m[ WARN] (2026-01-10 09:26:23.261) MapsManager.cpp:863::publishMaps() Graph has changed! The whole cloud is regenerated.[0m
[rtabmap-14] [33m[ WARN] (2026-01-10 09:26:23.262) OccupancyGrid.cpp:169::getProbMap() Map info is empty, cannot generate probabilistic occupancy grid[0m
[rtabmap-14] [33m[ WARN] (2026-01-10 09:26:23.859) MapsManager.cpp:863::publishMaps() Graph has changed! The whole cloud is regenerated.[0m
[rtabmap-14] [33m[ WARN] (2026-01-10 09:26:23.861) OccupancyGrid.cpp:169::getProbMap() Map info is empty, cannot generate probabilistic occupancy grid[0m
[rtabmap-14] [33m[ WARN] (2026-01-10 09:26:25.009) MapsManager.cpp:863::publishMaps() Graph has changed! The whole cloud is regenerated.[0m
[rtabmap-14] [33m[ WARN] (2026-01-10 09:26:25.010) OccupancyGrid.cpp:169::getProbMap() Map info is empty, cannot generate probabilistic occupancy grid[0m
[rtabmap-14] [33m[ WARN] (2026-01-10 09:26:25.957) MapsManager.cpp:863::publishMaps() Graph has changed! The whole cloud is regenerated.[0m
[rtabmap-14] [33m[ WARN] (2026-01-10 09:26:25.958) OccupancyGrid.cpp:169::getProbMap() Map info is empty, cannot generate probabilistic occupancy grid[0m
[rtabmap-14] [33m[ WARN] (2026-01-10 09:26:26.621) MapsManager.cpp:863::publishMaps() Graph has changed! The whole cloud is regenerated.[0m
[rtabmap-14] [33m[ WARN] (2026-01-10 09:26:26.622) OccupancyGrid.cpp:169::getProbMap() Map info is empty, cannot generate probabilistic occupancy grid[0m
[rtabmap-14] [33m[ WARN] (2026-01-10 09:26:27.362) MapsManager.cpp:863::publishMaps() Graph has changed! The whole cloud is regenerated.[0m
[rtabmap-14] [33m[ WARN] (2026-01-10 09:26:27.363) OccupancyGrid.cpp:169::getProbMap() Map info is empty, cannot generate probabilistic occupancy grid[0m
[rtabmap-14] [33m[ WARN] (2026-01-10 09:26:27.945) CoreWrapper.cpp:1227::odomTFUpdate() Odometry is reset (identity pose detected). Increment map id![0m
[rtabmap-14] [33m[ WARN] (2026-01-10 09:26:27.998) MapsManager.cpp:863::publishMaps() Graph has changed! The whole cloud is regenerated.[0m
[rtabmap-14] [33m[ WARN] (2026-01-10 09:26:27.999) OccupancyGrid.cpp:169::getProbMap() Map info is empty, cannot generate probabilistic occupancy grid[0m
[superpoint_node-2] [INFO] [1768033588.133427027] [superpoint_node]: Keypoints estratti: 800
[superpoint_node-2] [ERROR] [1768033588.142779120] [superpoint_node]: Errore pubblicazione keypoints 3D: could not assign tuple of length 3 to structure with 4 fields.
[superpoint_node-2] [INFO] [1768033588.243856995] [superpoint_node]: Keypoints estratti: 800
[superpoint_node-2] [ERROR] [1768033588.251168923] [superpoint_node]: Errore pubblicazione keypoints 3D: could not assign tuple of length 3 to structure with 4 fields.
[superpoint_node-2] [INFO] [1768033588.347827337] [superpoint_node]: Keypoints estratti: 800
[superpoint_node-2] [ERROR] [1768033588.355972439] [superpoint_node]: Errore pubblicazione keypoints 3D: could not assign tuple of length 3 to structure with 4 fields.
[foxglove_bridge-12] [INFO] [1768033588.415850173] [foxglove_bridge]: publishing connection graph
[superpoint_node-2] [INFO] [1768033588.469878434] [superpoint_node]: Keypoints estratti: 800
[superpoint_node-2] [ERROR] [1768033588.479134470] [superpoint_node]: Errore pubblicazione keypoints 3D: could not assign tuple of length 3 to structure with 4 fields.
[rtabmap-14] [INFO] [1768033588.544685749] [rtabmap]: rtabmap (238): Rate=0.50s, Limit=0.001s, Conversion=0.0004s, RTAB-Map=0.0762s, Maps update=0.0021s pub=0.0101s delay=0.1370s (local map=0, WM=0)
[superpoint_node-2] [INFO] [1768033588.601221290] [superpoint_node]: Keypoints estratti: 800
[superpoint_node-2] [ERROR] [1768033588.609410299] [superpoint_node]: Errore pubblicazione keypoints 3D: could not assign tuple of length 3 to structure with 4 fields.
[superpoint_node-2] [INFO] [1768033588.709509629] [superpoint_node]: Keypoints estratti: 800
[superpoint_node-2] [ERROR] [1768033588.717984326] [superpoint_node]: Errore pubblicazione keypoints 3D: could not assign tuple of length 3 to structure with 4 fields.
[foxglove_bridge-12] [INFO] [1768033588.999893856] [foxglove_bridge]: publishing connection graph
[rtabmap-14] [INFO] [1768033589.061285416] [rtabmap]: rtabmap (239): Rate=0.50s, Limit=0.001s, Conversion=0.0003s, RTAB-Map=0.0420s, Maps update=0.0013s pub=0.0019s delay=0.0843s (local map=0, WM=0)
[superpoint_node-2] [INFO] [1768033589.129018342] [superpoint_node]: Keypoints estratti: 800
[superpoint_node-2] [ERROR] [1768033589.137304797] [superpoint_node]: Errore pubblicazione keypoints 3D: could not assign tuple of length 3 to structure with 4 fields.
[superpoint_node-2] [INFO] [1768033589.307444811] [superpoint_node]: Keypoints estratti: 800
[superpoint_node-2] [ERROR] [1768033589.314656609] [superpoint_node]: Errore pubblicazione keypoints 3D: could not assign tuple of length 3 to structure with 4 fields.
[superpoint_node-2] [INFO] [1768033589.412865591] [superpoint_node]: Keypoints estratti: 800
[superpoint_node-2] [ERROR] [1768033589.419135659] [superpoint_node]: Errore pubblicazione keypoints 3D: could not assign tuple of length 3 to structure with 4 fields.
[superpoint_node-2] [INFO] [1768033589.524826941] [superpoint_node]: Keypoints estratti: 800
[superpoint_node-2] [ERROR] [1768033589.538188640] [superpoint_node]: Errore pubblicazione keypoints 3D: could not assign tuple of length 3 to structure with 4 fields.
[foxglove_bridge-12] [INFO] [1768033589.546224685] [foxglove_bridge]: publishing connection graph
[superpoint_node-2] [INFO] [1768033589.630676521] [superpoint_node]: Keypoints estratti: 800
[superpoint_node-2] [ERROR] [1768033589.637227035] [superpoint_node]: Errore pubblicazione keypoints 3D: could not assign tuple of length 3 to structure with 4 fields.
[rtabmap-14] [INFO] [1768033589.672482111] [rtabmap]: rtabmap (240): Rate=0.50s, Limit=0.001s, Conversion=0.0002s, RTAB-Map=0.0210s, Maps update=0.0003s pub=0.0018s delay=0.0892s (local map=0, WM=0)
[superpoint_node-2] [INFO] [1768033589.733381853] [superpoint_node]: Keypoints estratti: 800
[superpoint_node-2] [ERROR] [1768033589.739869923] [superpoint_node]: Errore pubblicazione keypoints 3D: could not assign tuple of length 3 to structure with 4 fields.
[superpoint_node-2] [INFO] [1768033589.838775762] [superpoint_node]: Keypoints estratti: 800
[superpoint_node-2] [ERROR] [1768033589.847464664] [superpoint_node]: Errore pubblicazione keypoints 3D: could not assign tuple of length 3 to structure with 4 fields.
[superpoint_node-2] [INFO] [1768033589.935350546] [superpoint_node]: Keypoints estratti: 800
[superpoint_node-2] [ERROR] [1768033589.942623215] [superpoint_node]: Errore pubblicazione keypoints 3D: could not assign tuple of length 3 to structure with 4 fields.
[superpoint_node-2] [INFO] [1768033590.048227459] [superpoint_node]: Keypoints estratti: 800
[superpoint_node-2] [ERROR] [1768033590.055152495] [superpoint_node]: Errore pubblicazione keypoints 3D: could not assign tuple of length 3 to structure with 4 fields.
[superpoint_node-2] [INFO] [1768033590.138238283] [superpoint_node]: Keypoints estratti: 800
[superpoint_node-2] [ERROR] [1768033590.145666194] [superpoint_node]: Errore pubblicazione keypoints 3D: could not assign tuple of length 3 to structure with 4 fields.
[rtabmap-14] [INFO] [1768033590.225238806] [rtabmap]: rtabmap (241): Rate=0.50s, Limit=0.001s, Conversion=0.0002s, RTAB-Map=0.0631s, Maps update=0.0009s pub=0.0091s delay=0.1307s (local map=0, WM=0)
[superpoint_node-2] [INFO] [1768033590.321586903] [superpoint_node]: Keypoints estratti: 800
[superpoint_node-2] [ERROR] [1768033590.340514571] [superpoint_node]: Errore pubblicazione keypoints 3D: could not assign tuple of length 3 to structure with 4 fields.
[foxglove_bridge-12] [INFO] [1768033590.349429068] [foxglove_bridge]: publishing connection graph
[superpoint_node-2] [INFO] [1768033590.573447806] [superpoint_node]: Keypoints estratti: 800
[superpoint_node-2] [ERROR] [1768033590.582097059] [superpoint_node]: Errore pubblicazione keypoints 3D: could not assign tuple of length 3 to structure with 4 fields.
[superpoint_node-2] [INFO] [1768033590.724256519] [superpoint_node]: Keypoints estratti: 800
[superpoint_node-2] [ERROR] [1768033590.741171690] [superpoint_node]: Errore pubblicazione keypoints 3D: could not assign tuple of length 3 to structure with 4 fields.
[rtabmap-14] [INFO] [1768033590.742088438] [rtabmap]: rtabmap (242): Rate=0.50s, Limit=0.001s, Conversion=0.0007s, RTAB-Map=0.0556s, Maps update=0.0008s pub=0.0053s delay=0.1095s (local map=0, WM=0)
[superpoint_node-2] [INFO] [1768033590.857154646] [superpoint_node]: Keypoints estratti: 800
[superpoint_node-2] [ERROR] [1768033590.864793485] [superpoint_node]: Errore pubblicazione keypoints 3D: could not assign tuple of length 3 to structure with 4 fields.
[foxglove_bridge-12] [INFO] [1768033590.871986893] [foxglove_bridge]: publishing connection graph
[superpoint_node-2] [INFO] [1768033590.951770155] [superpoint_node]: Keypoints estratti: 800
[superpoint_node-2] [ERROR] [1768033590.957554423] [superpoint_node]: Errore pubblicazione keypoints 3D: could not assign tuple of length 3 to structure with 4 fields.
[superpoint_node-2] [INFO] [1768033591.074753982] [superpoint_node]: Keypoints estratti: 800
[superpoint_node-2] [ERROR] [1768033591.080498934] [superpoint_node]: Errore pubblicazione keypoints 3D: could not assign tuple of length 3 to structure with 4 fields.
[superpoint_node-2] [INFO] [1768033591.168403575] [superpoint_node]: Keypoints estratti: 800
[superpoint_node-2] [ERROR] [1768033591.175603670] [superpoint_node]: Errore pubblicazione keypoints 3D: could not assign tuple of length 3 to structure with 4 fields.
[superpoint_node-2] [INFO] [1768033591.279694939] [superpoint_node]: Keypoints estratti: 800
[superpoint_node-2] [ERROR] [1768033591.285992359] [superpoint_node]: Errore pubblicazione keypoints 3D: could not assign tuple of length 3 to structure with 4 fields.
[rtabmap-14] [INFO] [1768033591.318874231] [rtabmap]: rtabmap (243): Rate=0.50s, Limit=0.001s, Conversion=0.0002s, RTAB-Map=0.0462s, Maps update=0.0177s pub=0.0039s delay=0.1066s (local map=0, WM=0)
[superpoint_node-2] [INFO] [1768033591.386069115] [superpoint_node]: Keypoints estratti: 800
[superpoint_node-2] [ERROR] [1768033591.392002236] [superpoint_node]: Errore pubblicazione keypoints 3D: could not assign tuple of length 3 to structure with 4 fields.
[foxglove_bridge-12] [INFO] [1768033591.398080969] [foxglove_bridge]: publishing connection graph
[superpoint_node-2] [INFO] [1768033591.510875919] [superpoint_node]: Keypoints estratti: 800
[superpoint_node-2] [ERROR] [1768033591.521702449] [superpoint_node]: Errore pubblicazione keypoints 3D: could not assign tuple of length 3 to structure with 4 fields.
[superpoint_node-2] [INFO] [1768033591.615289005] [superpoint_node]: Keypoints estratti: 800
[superpoint_node-2] [ERROR] [1768033591.622157097] [superpoint_node]: Errore pubblicazione keypoints 3D: could not assign tuple of length 3 to structure with 4 fields.
[superpoint_node-2] [INFO] [1768033591.710123609] [superpoint_node]: Keypoints estratti: 800
[superpoint_node-2] [ERROR] [1768033591.715965655] [superpoint_node]: Errore pubblicazione keypoints 3D: could not assign tuple of length 3 to structure with 4 fields.
[superpoint_node-2] [INFO] [1768033591.891974864] [superpoint_node]: Keypoints estratti: 800
[superpoint_node-2] [ERROR] [1768033591.898230210] [superpoint_node]: Errore pubblicazione keypoints 3D: could not assign tuple of length 3 to structure with 4 fields.
[rtabmap-14] [INFO] [1768033591.916419040] [rtabmap]: rtabmap (244): Rate=0.50s, Limit=0.001s, Conversion=0.0003s, RTAB-Map=0.0332s, Maps update=0.0005s pub=0.0049s delay=0.0739s (local map=0, WM=0)
[superpoint_node-2] [INFO] [1768033591.983132476] [superpoint_node]: Keypoints estratti: 800
[superpoint_node-2] [ERROR] [1768033591.988779780] [superpoint_node]: Errore pubblicazione keypoints 3D: could not assign tuple of length 3 to structure with 4 fields.
[superpoint_node-2] [INFO] [1768033592.075967415] [superpoint_node]: Keypoints estratti: 800
[superpoint_node-2] [ERROR] [1768033592.082224446] [superpoint_node]: Errore pubblicazione keypoints 3D: could not assign tuple of length 3 to structure with 4 fields.
[superpoint_node-2] [INFO] [1768033592.216329805] [superpoint_node]: Keypoints estratti: 800
[superpoint_node-2] [ERROR] [1768033592.222223722] [superpoint_node]: Errore pubblicazione keypoints 3D: could not assign tuple of length 3 to structure with 4 fields.
[superpoint_node-2] [INFO] [1768033592.318992341] [superpoint_node]: Keypoints estratti: 800
[superpoint_node-2] [ERROR] [1768033592.325139889] [superpoint_node]: Errore pubblicazione keypoints 3D: could not assign tuple of length 3 to structure with 4 fields.
[superpoint_node-2] [INFO] [1768033592.423106869] [superpoint_node]: Keypoints estratti: 800
[superpoint_node-2] [ERROR] [1768033592.430514298] [superpoint_node]: Errore pubblicazione keypoints 3D: could not assign tuple of length 3 to structure with 4 fields.
[rtabmap-14] [INFO] [1768033592.463227039] [rtabmap]: rtabmap (245): Rate=0.50s, Limit=0.001s, Conversion=0.0002s, RTAB-Map=0.0475s, Maps update=0.0006s pub=0.0048s delay=0.0938s (local map=0, WM=0)
[superpoint_node-2] [INFO] [1768033592.534567975] [superpoint_node]: Keypoints estratti: 800
[superpoint_node-2] [ERROR] [1768033592.542172683] [superpoint_node]: Errore pubblicazione keypoints 3D: could not assign tuple of length 3 to structure with 4 fields.
[superpoint_node-2] [INFO] [1768033592.641002763] [superpoint_node]: Keypoints estratti: 800
[superpoint_node-2] [ERROR] [1768033592.648073615] [superpoint_node]: Errore pubblicazione keypoints 3D: could not assign tuple of length 3 to structure with 4 fields.
[superpoint_node-2] [INFO] [1768033592.744940679] [superpoint_node]: Keypoints estratti: 800
[superpoint_node-2] [ERROR] [1768033592.752094569] [superpoint_node]: Errore pubblicazione keypoints 3D: could not assign tuple of length 3 to structure with 4 fields.
[superpoint_node-2] [INFO] [1768033592.841554111] [superpoint_node]: Keypoints estratti: 800
[superpoint_node-2] [ERROR] [1768033592.847907143] [superpoint_node]: Errore pubblicazione keypoints 3D: could not assign tuple of length 3 to structure with 4 fields.
[superpoint_node-2] [INFO] [1768033592.937104794] [superpoint_node]: Keypoints estratti: 800
[superpoint_node-2] [ERROR] [1768033592.944274203] [superpoint_node]: Errore pubblicazione keypoints 3D: could not assign tuple of length 3 to structure with 4 fields.
[rtabmap-14] [INFO] [1768033592.947898898] [rtabmap]: rtabmap (246): Rate=0.50s, Limit=0.001s, Conversion=0.0006s, RTAB-Map=0.0336s, Maps update=0.0003s pub=0.0029s delay=0.0644s (local map=0, WM=0)
[superpoint_node-2] [INFO] [1768033593.052340374] [superpoint_node]: Keypoints estratti: 800
[superpoint_node-2] [ERROR] [1768033593.058604849] [superpoint_node]: Errore pubblicazione keypoints 3D: could not assign tuple of length 3 to structure with 4 fields.
[rtabmap-14] [33m[ WARN] (2026-01-10 09:26:28.534) MapsManager.cpp:863::publishMaps() Graph has changed! The whole cloud is regenerated.[0m
[rtabmap-14] [33m[ WARN] (2026-01-10 09:26:28.541) OccupancyGrid.cpp:169::getProbMap() Map info is empty, cannot generate probabilistic occupancy grid[0m
[rtabmap-14] [33m[ WARN] (2026-01-10 09:26:29.059) MapsManager.cpp:863::publishMaps() Graph has changed! The whole cloud is regenerated.[0m
[rtabmap-14] [33m[ WARN] (2026-01-10 09:26:29.060) OccupancyGrid.cpp:169::getProbMap() Map info is empty, cannot generate probabilistic occupancy grid[0m
[rtabmap-14] [33m[ WARN] (2026-01-10 09:26:29.407) CoreWrapper.cpp:1227::odomTFUpdate() Odometry is reset (identity pose detected). Increment map id![0m
[rtabmap-14] [33m[ WARN] (2026-01-10 09:26:29.670) MapsManager.cpp:863::publishMaps() Graph has changed! The whole cloud is regenerated.[0m
[rtabmap-14] [33m[ WARN] (2026-01-10 09:26:29.671) OccupancyGrid.cpp:169::getProbMap() Map info is empty, cannot generate probabilistic occupancy grid[0m
[rtabmap-14] [33m[ WARN] (2026-01-10 09:26:30.216) MapsManager.cpp:863::publishMaps() Graph has changed! The whole cloud is regenerated.[0m
[rtabmap-14] [33m[ WARN] (2026-01-10 09:26:30.220) OccupancyGrid.cpp:169::getProbMap() Map info is empty, cannot generate probabilistic occupancy grid[0m
[rtabmap-14] [33m[ WARN] (2026-01-10 09:26:30.736) MapsManager.cpp:863::publishMaps() Graph has changed! The whole cloud is regenerated.[0m
[rtabmap-14] [33m[ WARN] (2026-01-10 09:26:30.737) OccupancyGrid.cpp:169::getProbMap() Map info is empty, cannot generate probabilistic occupancy grid[0m
[rtabmap-14] [33m[ WARN] (2026-01-10 09:26:31.314) MapsManager.cpp:863::publishMaps() Graph has changed! The whole cloud is regenerated.[0m
[rtabmap-14] [33m[ WARN] (2026-01-10 09:26:31.316) OccupancyGrid.cpp:169::getProbMap() Map info is empty, cannot generate probabilistic occupancy grid[0m
[rtabmap-14] [33m[ WARN] (2026-01-10 09:26:31.911) MapsManager.cpp:863::publishMaps() Graph has changed! The whole cloud is regenerated.[0m
[rtabmap-14] [33m[ WARN] (2026-01-10 09:26:31.913) OccupancyGrid.cpp:169::getProbMap() Map info is empty, cannot generate probabilistic occupancy grid[0m
[rtabmap-14] [33m[ WARN] (2026-01-10 09:26:32.458) MapsManager.cpp:863::publishMaps() Graph has changed! The whole cloud is regenerated.[0m
[rtabmap-14] [33m[ WARN] (2026-01-10 09:26:32.462) OccupancyGrid.cpp:169::getProbMap() Map info is empty, cannot generate probabilistic occupancy grid[0m
[rtabmap-14] [33m[ WARN] (2026-01-10 09:26:32.944) MapsManager.cpp:863::publishMaps() Graph has changed! The whole cloud is regenerated.[0m
[rtabmap-14] [33m[ WARN] (2026-01-10 09:26:32.945) OccupancyGrid.cpp:169::getProbMap() Map info is empty, cannot generate probabilistic occupancy grid[0m
[superpoint_node-2] [INFO] [1768033593.160738492] [superpoint_node]: Keypoints estratti: 800
[superpoint_node-2] [ERROR] [1768033593.166551797] [superpoint_node]: Errore pubblicazione keypoints 3D: could not assign tuple of length 3 to structure with 4 fields.
[superpoint_node-2] [INFO] [1768033593.267907563] [superpoint_node]: Keypoints estratti: 800
[superpoint_node-2] [ERROR] [1768033593.273993778] [superpoint_node]: Errore pubblicazione keypoints 3D: could not assign tuple of length 3 to structure with 4 fields.
[superpoint_node-2] [INFO] [1768033593.371847239] [superpoint_node]: Keypoints estratti: 800
[superpoint_node-2] [ERROR] [1768033593.382279673] [superpoint_node]: Errore pubblicazione keypoints 3D: could not assign tuple of length 3 to structure with 4 fields.
[superpoint_node-2] [INFO] [1768033593.471404602] [superpoint_node]: Keypoints estratti: 800
[superpoint_node-2] [ERROR] [1768033593.479421906] [superpoint_node]: Errore pubblicazione keypoints 3D: could not assign tuple of length 3 to structure with 4 fields.
[rtabmap-14] [INFO] [1768033593.511627272] [rtabmap]: rtabmap (247): Rate=0.50s, Limit=0.001s, Conversion=0.0013s, RTAB-Map=0.0314s, Maps update=0.0003s pub=0.0012s delay=0.0921s (local map=0, WM=0)
[superpoint_node-2] [INFO] [1768033593.569229729] [superpoint_node]: Keypoints estratti: 800
[superpoint_node-2] [ERROR] [1768033593.575782133] [superpoint_node]: Errore pubblicazione keypoints 3D: could not assign tuple of length 3 to structure with 4 fields.
[superpoint_node-2] [INFO] [1768033593.666469851] [superpoint_node]: Keypoints estratti: 800
[superpoint_node-2] [ERROR] [1768033593.672317138] [superpoint_node]: Errore pubblicazione keypoints 3D: could not assign tuple of length 3 to structure with 4 fields.
[superpoint_node-2] [INFO] [1768033593.771495332] [superpoint_node]: Keypoints estratti: 800
[superpoint_node-2] [ERROR] [1768033593.779427524] [superpoint_node]: Errore pubblicazione keypoints 3D: could not assign tuple of length 3 to structure with 4 fields.
[superpoint_node-2] [INFO] [1768033594.369160234] [superpoint_node]: Keypoints estratti: 800
[superpoint_node-2] [ERROR] [1768033594.386452001] [superpoint_node]: Errore pubblicazione keypoints 3D: could not assign tuple of length 3 to structure with 4 fields.
[rtabmap-14] [INFO] [1768033594.439555959] [rtabmap]: rtabmap (248): Rate=0.50s, Limit=0.001s, Conversion=0.0005s, RTAB-Map=0.0748s, Maps update=0.0004s pub=0.0088s delay=0.1362s (local map=0, WM=0)
[superpoint_node-2] [INFO] [1768033594.542478793] [superpoint_node]: Keypoints estratti: 800
[superpoint_node-2] [ERROR] [1768033594.549423718] [superpoint_node]: Errore pubblicazione keypoints 3D: could not assign tuple of length 3 to structure with 4 fields.
[superpoint_node-2] [INFO] [1768033594.684564178] [superpoint_node]: Keypoints estratti: 800
[superpoint_node-2] [ERROR] [1768033594.691280935] [superpoint_node]: Errore pubblicazione keypoints 3D: could not assign tuple of length 3 to structure with 4 fields.
[superpoint_node-2] [INFO] [1768033594.865394481] [superpoint_node]: Keypoints estratti: 800
[superpoint_node-2] [ERROR] [1768033594.880019541] [superpoint_node]: Errore pubblicazione keypoints 3D: could not assign tuple of length 3 to structure with 4 fields.
[superpoint_node-2] [INFO] [1768033594.980277929] [superpoint_node]: Keypoints estratti: 800
[superpoint_node-2] [ERROR] [1768033594.988275140] [superpoint_node]: Errore pubblicazione keypoints 3D: could not assign tuple of length 3 to structure with 4 fields.
[rtabmap-14] [INFO] [1768033595.017315444] [rtabmap]: rtabmap (249): Rate=0.50s, Limit=0.001s, Conversion=0.0003s, RTAB-Map=0.0305s, Maps update=0.0020s pub=0.0015s delay=0.0887s (local map=0, WM=0)
[superpoint_node-2] [INFO] [1768033595.089607554] [superpoint_node]: Keypoints estratti: 800
[superpoint_node-2] [ERROR] [1768033595.096751722] [superpoint_node]: Errore pubblicazione keypoints 3D: could not assign tuple of length 3 to structure with 4 fields.
[superpoint_node-2] [INFO] [1768033595.190287907] [superpoint_node]: Keypoints estratti: 800
[superpoint_node-2] [ERROR] [1768033595.196494901] [superpoint_node]: Errore pubblicazione keypoints 3D: could not assign tuple of length 3 to structure with 4 fields.
[superpoint_node-2] [INFO] [1768033595.291460357] [superpoint_node]: Keypoints estratti: 800
[superpoint_node-2] [ERROR] [1768033595.298491672] [superpoint_node]: Errore pubblicazione keypoints 3D: could not assign tuple of length 3 to structure with 4 fields.
[superpoint_node-2] [INFO] [1768033595.416184031] [superpoint_node]: Keypoints estratti: 800
[superpoint_node-2] [ERROR] [1768033595.423015029] [superpoint_node]: Errore pubblicazione keypoints 3D: could not assign tuple of length 3 to structure with 4 fields.
[superpoint_node-2] [INFO] [1768033595.530406306] [superpoint_node]: Keypoints estratti: 800
[superpoint_node-2] [ERROR] [1768033595.538052645] [superpoint_node]: Errore pubblicazione keypoints 3D: could not assign tuple of length 3 to structure with 4 fields.
[superpoint_node-2] [INFO] [1768033595.637575489] [superpoint_node]: Keypoints estratti: 800
[superpoint_node-2] [ERROR] [1768033595.644716453] [superpoint_node]: Errore pubblicazione keypoints 3D: could not assign tuple of length 3 to structure with 4 fields.
[rtabmap-14] [INFO] [1768033595.565110692] [rtabmap]: rtabmap (250): Rate=0.50s, Limit=0.001s, Conversion=0.0004s, RTAB-Map=0.0425s, Maps update=0.0003s pub=0.0010s delay=0.1013s (local map=0, WM=0)
[foxglove_bridge-12] [INFO] [1768033595.747574342] [foxglove_bridge]: publishing connection graph
[superpoint_node-2] [INFO] [1768033595.788093607] [superpoint_node]: Keypoints estratti: 800
[superpoint_node-2] [ERROR] [1768033595.808136970] [superpoint_node]: Errore pubblicazione keypoints 3D: could not assign tuple of length 3 to structure with 4 fields.
[superpoint_node-2] [INFO] [1768033595.975034867] [superpoint_node]: Keypoints estratti: 800
[superpoint_node-2] [ERROR] [1768033595.981497862] [superpoint_node]: Errore pubblicazione keypoints 3D: could not assign tuple of length 3 to structure with 4 fields.
[superpoint_node-2] [INFO] [1768033596.090443744] [superpoint_node]: Keypoints estratti: 800
[superpoint_node-2] [ERROR] [1768033596.098321158] [superpoint_node]: Errore pubblicazione keypoints 3D: could not assign tuple of length 3 to structure with 4 fields.
[rtabmap-14] [INFO] [1768033596.114055061] [rtabmap]: rtabmap (251): Rate=0.50s, Limit=0.001s, Conversion=0.0005s, RTAB-Map=0.0343s, Maps update=0.0004s pub=0.0013s delay=0.0853s (local map=0, WM=0)
[superpoint_node-2] [INFO] [1768033596.222523531] [superpoint_node]: Keypoints estratti: 800
[superpoint_node-2] [ERROR] [1768033596.230071813] [superpoint_node]: Errore pubblicazione keypoints 3D: could not assign tuple of length 3 to structure with 4 fields.
[superpoint_node-2] [INFO] [1768033596.362957570] [superpoint_node]: Keypoints estratti: 800
[superpoint_node-2] [ERROR] [1768033596.380848842] [superpoint_node]: Errore pubblicazione keypoints 3D: could not assign tuple of length 3 to structure with 4 fields.
[superpoint_node-2] [INFO] [1768033596.499105853] [superpoint_node]: Keypoints estratti: 800
[superpoint_node-2] [ERROR] [1768033596.505261013] [superpoint_node]: Errore pubblicazione keypoints 3D: could not assign tuple of length 3 to structure with 4 fields.
[superpoint_node-2] [INFO] [1768033596.602942305] [superpoint_node]: Keypoints estratti: 800
[superpoint_node-2] [ERROR] [1768033596.611192463] [superpoint_node]: Errore pubblicazione keypoints 3D: could not assign tuple of length 3 to structure with 4 fields.
[rtabmap-14] [INFO] [1768033596.670818528] [rtabmap]: rtabmap (252): Rate=0.50s, Limit=0.001s, Conversion=0.0005s, RTAB-Map=0.0473s, Maps update=0.0003s pub=0.0044s delay=0.1222s (local map=0, WM=0)
[superpoint_node-2] [INFO] [1768033596.729059879] [superpoint_node]: Keypoints estratti: 800
[superpoint_node-2] [ERROR] [1768033596.735562838] [superpoint_node]: Errore pubblicazione keypoints 3D: could not assign tuple of length 3 to structure with 4 fields.
[superpoint_node-2] [INFO] [1768033596.830640869] [superpoint_node]: Keypoints estratti: 800
[superpoint_node-2] [ERROR] [1768033596.837173180] [superpoint_node]: Errore pubblicazione keypoints 3D: could not assign tuple of length 3 to structure with 4 fields.
[superpoint_node-2] [INFO] [1768033596.999625467] [superpoint_node]: Keypoints estratti: 800
[superpoint_node-2] [ERROR] [1768033597.006644597] [superpoint_node]: Errore pubblicazione keypoints 3D: could not assign tuple of length 3 to structure with 4 fields.
[superpoint_node-2] [INFO] [1768033597.099765927] [superpoint_node]: Keypoints estratti: 800
[superpoint_node-2] [ERROR] [1768033597.106679686] [superpoint_node]: Errore pubblicazione keypoints 3D: could not assign tuple of length 3 to structure with 4 fields.
[rtabmap-14] [INFO] [1768033597.181674262] [rtabmap]: rtabmap (253): Rate=0.50s, Limit=0.001s, Conversion=0.0002s, RTAB-Map=0.0604s, Maps update=0.0005s pub=0.0014s delay=0.1303s (local map=0, WM=0)
[superpoint_node-2] [INFO] [1768033597.205267078] [superpoint_node]: Keypoints estratti: 800
[superpoint_node-2] [ERROR] [1768033597.213512347] [superpoint_node]: Errore pubblicazione keypoints 3D: could not assign tuple of length 3 to structure with 4 fields.
[superpoint_node-2] [INFO] [1768033597.310322725] [superpoint_node]: Keypoints estratti: 800
[superpoint_node-2] [ERROR] [1768033597.316688739] [superpoint_node]: Errore pubblicazione keypoints 3D: could not assign tuple of length 3 to structure with 4 fields.
[superpoint_node-2] [INFO] [1768033597.404780789] [superpoint_node]: Keypoints estratti: 800
[superpoint_node-2] [ERROR] [1768033597.412386905] [superpoint_node]: Errore pubblicazione keypoints 3D: could not assign tuple of length 3 to structure with 4 fields.
[superpoint_node-2] [INFO] [1768033597.507831457] [superpoint_node]: Keypoints estratti: 800
[superpoint_node-2] [ERROR] [1768033597.514692586] [superpoint_node]: Errore pubblicazione keypoints 3D: could not assign tuple of length 3 to structure with 4 fields.
[superpoint_node-2] [INFO] [1768033597.604448352] [superpoint_node]: Keypoints estratti: 800
[superpoint_node-2] [ERROR] [1768033597.612872901] [superpoint_node]: Errore pubblicazione keypoints 3D: could not assign tuple of length 3 to structure with 4 fields.
[rtabmap-14] [INFO] [1768033597.644402910] [rtabmap]: rtabmap (254): Rate=0.50s, Limit=0.001s, Conversion=0.0002s, RTAB-Map=0.0240s, Maps update=0.0004s pub=0.0020s delay=0.0893s (local map=0, WM=0)
[superpoint_node-2] [INFO] [1768033597.714485873] [superpoint_node]: Keypoints estratti: 800
[superpoint_node-2] [ERROR] [1768033597.721367797] [superpoint_node]: Errore pubblicazione keypoints 3D: could not assign tuple of length 3 to structure with 4 fields.
[superpoint_node-2] [INFO] [1768033597.833772355] [superpoint_node]: Keypoints estratti: 800
[superpoint_node-2] [ERROR] [1768033597.840551946] [superpoint_node]: Errore pubblicazione keypoints 3D: could not assign tuple of length 3 to structure with 4 fields.
[superpoint_node-2] [INFO] [1768033597.928550421] [superpoint_node]: Keypoints estratti: 800
[superpoint_node-2] [ERROR] [1768033597.934660395] [superpoint_node]: Errore pubblicazione keypoints 3D: could not assign tuple of length 3 to structure with 4 fields.
[superpoint_node-2] [INFO] [1768033598.032138353] [superpoint_node]: Keypoints estratti: 800
[superpoint_node-2] [ERROR] [1768033598.038448218] [superpoint_node]: Errore pubblicazione keypoints 3D: could not assign tuple of length 3 to structure with 4 fields.
[rtabmap-14] [33m[ WARN] (2026-01-10 09:26:33.510) MapsManager.cpp:863::publishMaps() Graph has changed! The whole cloud is regenerated.[0m
[rtabmap-14] [33m[ WARN] (2026-01-10 09:26:33.511) OccupancyGrid.cpp:169::getProbMap() Map info is empty, cannot generate probabilistic occupancy grid[0m
[rtabmap-14] [33m[ WARN] (2026-01-10 09:26:34.430) MapsManager.cpp:863::publishMaps() Graph has changed! The whole cloud is regenerated.[0m
[rtabmap-14] [33m[ WARN] (2026-01-10 09:26:34.436) OccupancyGrid.cpp:169::getProbMap() Map info is empty, cannot generate probabilistic occupancy grid[0m
[rtabmap-14] [33m[ WARN] (2026-01-10 09:26:35.015) MapsManager.cpp:863::publishMaps() Graph has changed! The whole cloud is regenerated.[0m
[rtabmap-14] [33m[ WARN] (2026-01-10 09:26:35.016) OccupancyGrid.cpp:169::getProbMap() Map info is empty, cannot generate probabilistic occupancy grid[0m
[rtabmap-14] [33m[ WARN] (2026-01-10 09:26:35.564) MapsManager.cpp:863::publishMaps() Graph has changed! The whole cloud is regenerated.[0m
[rtabmap-14] [33m[ WARN] (2026-01-10 09:26:35.564) OccupancyGrid.cpp:169::getProbMap() Map info is empty, cannot generate probabilistic occupancy grid[0m
[rtabmap-14] [33m[ WARN] (2026-01-10 09:26:36.112) MapsManager.cpp:863::publishMaps() Graph has changed! The whole cloud is regenerated.[0m
[rtabmap-14] [33m[ WARN] (2026-01-10 09:26:36.113) OccupancyGrid.cpp:169::getProbMap() Map info is empty, cannot generate probabilistic occupancy grid[0m
[rtabmap-14] [33m[ WARN] (2026-01-10 09:26:36.666) MapsManager.cpp:863::publishMaps() Graph has changed! The whole cloud is regenerated.[0m
[rtabmap-14] [33m[ WARN] (2026-01-10 09:26:36.670) OccupancyGrid.cpp:169::getProbMap() Map info is empty, cannot generate probabilistic occupancy grid[0m
[rtabmap-14] [33m[ WARN] (2026-01-10 09:26:37.180) MapsManager.cpp:863::publishMaps() Graph has changed! The whole cloud is regenerated.[0m
[rtabmap-14] [33m[ WARN] (2026-01-10 09:26:37.180) OccupancyGrid.cpp:169::getProbMap() Map info is empty, cannot generate probabilistic occupancy grid[0m
[rtabmap-14] [33m[ WARN] (2026-01-10 09:26:37.642) MapsManager.cpp:863::publishMaps() Graph has changed! The whole cloud is regenerated.[0m
[rtabmap-14] [33m[ WARN] (2026-01-10 09:26:37.643) OccupancyGrid.cpp:169::getProbMap() Map info is empty, cannot generate probabilistic occupancy grid[0m
[superpoint_node-2] [INFO] [1768033598.130307075] [superpoint_node]: Keypoints estratti: 800
[superpoint_node-2] [ERROR] [1768033598.136431142] [superpoint_node]: Errore pubblicazione keypoints 3D: could not assign tuple of length 3 to structure with 4 fields.
[rtabmap-14] [INFO] [1768033598.202531647] [rtabmap]: rtabmap (255): Rate=0.50s, Limit=0.001s, Conversion=0.0004s, RTAB-Map=0.0470s, Maps update=0.0034s pub=0.0060s delay=0.1219s (local map=0, WM=0)
[superpoint_node-2] [INFO] [1768033598.234333140] [superpoint_node]: Keypoints estratti: 800
[superpoint_node-2] [ERROR] [1768033598.242027349] [superpoint_node]: Errore pubblicazione keypoints 3D: could not assign tuple of length 3 to structure with 4 fields.
[superpoint_node-2] [INFO] [1768033598.335810611] [superpoint_node]: Keypoints estratti: 800
[superpoint_node-2] [ERROR] [1768033598.343306022] [superpoint_node]: Errore pubblicazione keypoints 3D: could not assign tuple of length 3 to structure with 4 fields.
[superpoint_node-2] [INFO] [1768033598.436807763] [superpoint_node]: Keypoints estratti: 800
[superpoint_node-2] [ERROR] [1768033598.445941021] [superpoint_node]: Errore pubblicazione keypoints 3D: could not assign tuple of length 3 to structure with 4 fields.
[superpoint_node-2] [INFO] [1768033598.533226027] [superpoint_node]: Keypoints estratti: 800
[superpoint_node-2] [ERROR] [1768033598.540286453] [superpoint_node]: Errore pubblicazione keypoints 3D: could not assign tuple of length 3 to structure with 4 fields.
[superpoint_node-2] [INFO] [1768033598.653862909] [superpoint_node]: Keypoints estratti: 800
[superpoint_node-2] [ERROR] [1768033598.660698574] [superpoint_node]: Errore pubblicazione keypoints 3D: could not assign tuple of length 3 to structure with 4 fields.
[rtabmap-14] [INFO] [1768033598.665995709] [rtabmap]: rtabmap (256): Rate=0.50s, Limit=0.001s, Conversion=0.0010s, RTAB-Map=0.0423s, Maps update=0.0008s pub=0.0044s delay=0.0832s (local map=0, WM=0)
[superpoint_node-2] [INFO] [1768033598.758899297] [superpoint_node]: Keypoints estratti: 800
[superpoint_node-2] [ERROR] [1768033598.765645054] [superpoint_node]: Errore pubblicazione keypoints 3D: could not assign tuple of length 3 to structure with 4 fields.
[superpoint_node-2] [INFO] [1768033598.861560333] [superpoint_node]: Keypoints estratti: 800
[superpoint_node-2] [ERROR] [1768033598.868364072] [superpoint_node]: Errore pubblicazione keypoints 3D: could not assign tuple of length 3 to structure with 4 fields.
[superpoint_node-2] [INFO] [1768033598.968988869] [superpoint_node]: Keypoints estratti: 800
[superpoint_node-2] [ERROR] [1768033598.976071907] [superpoint_node]: Errore pubblicazione keypoints 3D: could not assign tuple of length 3 to structure with 4 fields.
[superpoint_node-2] [INFO] [1768033599.080209214] [superpoint_node]: Keypoints estratti: 800
[superpoint_node-2] [ERROR] [1768033599.086391151] [superpoint_node]: Errore pubblicazione keypoints 3D: could not assign tuple of length 3 to structure with 4 fields.
[superpoint_node-2] [INFO] [1768033599.171839014] [superpoint_node]: Keypoints estratti: 800
[superpoint_node-2] [ERROR] [1768033599.178634475] [superpoint_node]: Errore pubblicazione keypoints 3D: could not assign tuple of length 3 to structure with 4 fields.
[rtabmap-14] [INFO] [1768033599.235218238] [rtabmap]: rtabmap (257): Rate=0.50s, Limit=0.001s, Conversion=0.0002s, RTAB-Map=0.0479s, Maps update=0.0006s pub=0.0032s delay=0.1097s (local map=0, WM=0)
[superpoint_node-2] [INFO] [1768033599.323958645] [superpoint_node]: Keypoints estratti: 800
[superpoint_node-2] [ERROR] [1768033599.330828903] [superpoint_node]: Errore pubblicazione keypoints 3D: could not assign tuple of length 3 to structure with 4 fields.
[superpoint_node-2] [INFO] [1768033599.422320795] [superpoint_node]: Keypoints estratti: 800
[superpoint_node-2] [ERROR] [1768033599.428848773] [superpoint_node]: Errore pubblicazione keypoints 3D: could not assign tuple of length 3 to structure with 4 fields.
[superpoint_node-2] [INFO] [1768033599.518036757] [superpoint_node]: Keypoints estratti: 800
[superpoint_node-2] [ERROR] [1768033599.525017868] [superpoint_node]: Errore pubblicazione keypoints 3D: could not assign tuple of length 3 to structure with 4 fields.
[superpoint_node-2] [INFO] [1768033599.637524871] [superpoint_node]: Keypoints estratti: 800
[superpoint_node-2] [ERROR] [1768033599.646555924] [superpoint_node]: Errore pubblicazione keypoints 3D: could not assign tuple of length 3 to structure with 4 fields.
[foxglove_bridge-12] [INFO] [1768033599.653917149] [foxglove_bridge]: publishing connection graph
[superpoint_node-2] [INFO] [1768033599.757197300] [superpoint_node]: Keypoints estratti: 800
[superpoint_node-2] [ERROR] [1768033599.764990992] [superpoint_node]: Errore pubblicazione keypoints 3D: could not assign tuple of length 3 to structure with 4 fields.
[rtabmap-14] [INFO] [1768033599.825018282] [rtabmap]: rtabmap (258): Rate=0.50s, Limit=0.001s, Conversion=0.0005s, RTAB-Map=0.0619s, Maps update=0.0004s pub=0.0017s delay=0.1310s (local map=0, WM=0)
[rtabmap-14] [INFO] [1768033599.829236723] [rtabmap]: Parameters event received!
[rtabmap-14] [INFO] [1768033599.830653475] [rtabmap]: Parameters event received!
[rtabmap-14] [INFO] [1768033599.844959903] [rtabmap]: Parameters event received!
[rtabmap-14] [INFO] [1768033599.846820122] [rtabmap]: Parameters event received!
[rtabmap-14] [INFO] [1768033599.847736240] [rtabmap]: Parameters event received!
[rtabmap-14] [INFO] [1768033599.848530098] [rtabmap]: Parameters event received!
[rtabmap-14] [INFO] [1768033599.855125502] [rtabmap]: Parameters event received!
[rtabmap-14] [INFO] [1768033599.858300565] [rtabmap]: Parameters event received!
[rtabmap-14] [INFO] [1768033599.858669771] [rtabmap]: Parameters event received!
[rtabmap-14] [INFO] [1768033599.861376182] [rtabmap]: Parameters event received!
[rtabmap-14] [INFO] [1768033599.872806809] [rtabmap]: Parameters event received!
[rtabmap-14] [INFO] [1768033599.882564368] [rtabmap]: Parameters event received!
[rtabmap-14] [INFO] [1768033599.892394594] [rtabmap]: Parameters event received!
[rtabmap-14] [INFO] [1768033599.899024980] [rtabmap]: Parameters event received!
[rtabmap-14] [INFO] [1768033599.912420734] [rtabmap]: Parameters event received!
[rtabmap-14] [INFO] [1768033599.924559775] [rtabmap]: Parameters event received!
[rtabmap-14] [INFO] [1768033599.931515126] [rtabmap]: Parameters event received!
[rtabmap-14] [INFO] [1768033599.940597846] [rtabmap]: Parameters event received!
[superpoint_node-2] [INFO] [1768033599.944495211] [superpoint_node]: Keypoints estratti: 800
[superpoint_node-2] [ERROR] [1768033599.955895986] [superpoint_node]: Errore pubblicazione keypoints 3D: could not assign tuple of length 3 to structure with 4 fields.
[rtabmap-14] [INFO] [1768033599.956090580] [rtabmap]: Parameters event received!
[rtabmap-14] [INFO] [1768033599.975860052] [rtabmap]: Parameters event received!
[rtabmap-14] [INFO] [1768033599.992784334] [rtabmap]: Parameters event received!
[rtabmap-14] [INFO] [1768033600.007712026] [rtabmap]: Parameters event received!
[rtabmap-14] [INFO] [1768033600.023587911] [rtabmap]: Parameters event received!
[rtabmap-14] [INFO] [1768033600.037295224] [rtabmap]: Parameters event received!
[rtabmap-14] [INFO] [1768033600.046407148] [rtabmap]: Parameters event received!
[rtabmap-14] [INFO] [1768033600.053426259] [rtabmap]: Parameters event received!
[rtabmap-14] [INFO] [1768033600.060882874] [rtabmap]: Parameters event received!
[rtabmap-14] [INFO] [1768033600.065595911] [rtabmap]: Parameters event received!
[rtabmap-14] [INFO] [1768033600.069699425] [rtabmap]: Parameters event received!
[rtabmap-14] [INFO] [1768033600.076779907] [rtabmap]: Parameters event received!
[rtabmap-14] [INFO] [1768033600.081775576] [rtabmap]: Parameters event received!
[rtabmap-14] [INFO] [1768033600.093192648] [rtabmap]: Parameters event received!
[rtabmap-14] [INFO] [1768033600.097207050] [rtabmap]: Parameters event received!
[rtabmap-14] [INFO] [1768033600.097631128] [rtabmap]: Parameters event received!
[rtabmap-14] [INFO] [1768033600.104970334] [rtabmap]: Parameters event received!
[rtabmap-14] [INFO] [1768033600.113363456] [rtabmap]: Parameters event received!
[rtabmap-14] [INFO] [1768033600.115356120] [rtabmap]: Parameters event received!
[rtabmap-14] [INFO] [1768033600.120964776] [rtabmap]: Parameters event received!
[rtabmap-14] [INFO] [1768033600.122300249] [rtabmap]: Parameters event received!
[rtabmap-14] [INFO] [1768033600.129162285] [rtabmap]: Parameters event received!
[rtabmap-14] [INFO] [1768033600.131141949] [rtabmap]: Parameters event received!
[rtabmap-14] [INFO] [1768033600.132014141] [rtabmap]: Parameters event received!
[rtabmap-14] [INFO] [1768033600.139460367] [rtabmap]: Parameters event received!
[rtabmap-14] [INFO] [1768033600.140050371] [rtabmap]: Parameters event received!
[rtabmap-14] [INFO] [1768033600.152700305] [rtabmap]: Parameters event received!
[rtabmap-14] [INFO] [1768033600.157995588] [rtabmap]: Parameters event received!
[rtabmap-14] [INFO] [1768033600.171578732] [rtabmap]: Parameters event received!
[rtabmap-14] [INFO] [1768033600.184461464] [rtabmap]: Parameters event received!
[rtabmap-14] [INFO] [1768033600.185831919] [rtabmap]: Parameters event received!
[rtabmap-14] [INFO] [1768033600.195368069] [rtabmap]: Parameters event received!
[superpoint_node-2] [INFO] [1768033600.197158528] [superpoint_node]: Keypoints estratti: 800
[rtabmap-14] [INFO] [1768033600.206898605] [rtabmap]: Parameters event received!
[rtabmap-14] [INFO] [1768033600.213147340] [rtabmap]: Parameters event received!
[rtabmap-14] [INFO] [1768033600.215525266] [rtabmap]: Parameters event received!
[rtabmap-14] [INFO] [1768033600.216801239] [rtabmap]: Parameters event received!
[superpoint_node-2] [ERROR] [1768033600.218606346] [superpoint_node]: Errore pubblicazione keypoints 3D: could not assign tuple of length 3 to structure with 4 fields.
[rtabmap-14] [INFO] [1768033600.234349082] [rtabmap]: Parameters event received!
[rtabmap-14] [INFO] [1768033600.237175197] [rtabmap]: Parameters event received!
[rtabmap-14] [INFO] [1768033600.239056026] [rtabmap]: Parameters event received!
[rtabmap-14] [INFO] [1768033600.244515755] [rtabmap]: Parameters event received!
[rtabmap-14] [INFO] [1768033600.245619115] [rtabmap]: Parameters event received!
[rtabmap-14] [INFO] [1768033600.258828776] [rtabmap]: Parameters event received!
[rtabmap-14] [INFO] [1768033600.264663192] [rtabmap]: Parameters event received!
[rtabmap-14] [INFO] [1768033600.265977129] [rtabmap]: Parameters event received!
[rtabmap-14] [INFO] [1768033600.270916464] [rtabmap]: Parameters event received!
[rtabmap-14] [INFO] [1768033600.278311041] [rtabmap]: Parameters event received!
[rtabmap-14] [INFO] [1768033600.279420476] [rtabmap]: Parameters event received!
[rtabmap-14] [INFO] [1768033600.293449587] [rtabmap]: Parameters event received!
[rtabmap-14] [INFO] [1768033600.296515352] [rtabmap]: Parameters event received!
[rtabmap-14] [INFO] [1768033600.298134383] [rtabmap]: Parameters event received!
[rtabmap-14] [INFO] [1768033600.305099957] [rtabmap]: Parameters event received!
[rtabmap-14] [INFO] [1768033600.311620657] [rtabmap]: Parameters event received!
[rtabmap-14] [INFO] [1768033600.317252979] [rtabmap]: Parameters event received!
[rtabmap-14] [INFO] [1768033600.330049951] [rtabmap]: Parameters event received!
[rtabmap-14] [INFO] [1768033600.334800470] [rtabmap]: Parameters event received!
[rtabmap-14] [INFO] [1768033600.337915421] [rtabmap]: Parameters event received!
[rtabmap-14] [INFO] [1768033600.346567286] [rtabmap]: Parameters event received!
[foxglove_bridge-12] [INFO] [1768033600.395908584] [foxglove_bridge]: publishing connection graph
[rtabmap-14] [INFO] [1768033600.441500557] [rtabmap]: rtabmap (259): Rate=0.50s, Limit=0.001s, Conversion=0.0003s, RTAB-Map=0.0444s, Maps update=0.0005s pub=0.0046s delay=0.1130s (local map=0, WM=0)
[rtabmap-14] [INFO] [1768033600.492834815] [rtabmap]: Parameters event received!
[rtabmap-14] [INFO] [1768033600.501765349] [rtabmap]: Parameters event received!
[rtabmap-14] [INFO] [1768033600.502281797] [rtabmap]: Parameters event received!
[rtabmap-14] [INFO] [1768033600.502699745] [rtabmap]: Parameters event received!
[rtabmap-14] [INFO] [1768033600.513004160] [rtabmap]: Parameters event received!
[rtabmap-14] [INFO] [1768033600.515180640] [rtabmap]: Parameters event received!
[rtabmap-14] [INFO] [1768033600.516362928] [rtabmap]: Parameters event received!
[rtabmap-14] [INFO] [1768033600.517340306] [rtabmap]: Parameters event received!
[rtabmap-14] [INFO] [1768033600.518345462] [rtabmap]: Parameters event received!
[superpoint_node-2] [INFO] [1768033600.521287485] [superpoint_node]: Keypoints estratti: 800
[rtabmap-14] [INFO] [1768033600.526368711] [rtabmap]: Parameters event received!
[rtabmap-14] [INFO] [1768033600.527931223] [rtabmap]: Parameters event received!
[rtabmap-14] [INFO] [1768033600.529043639] [rtabmap]: Parameters event received!
[rtabmap-14] [INFO] [1768033600.530065351] [rtabmap]: Parameters event received!
[rtabmap-14] [INFO] [1768033600.538082970] [rtabmap]: Parameters event received!
[rtabmap-14] [INFO] [1768033600.547632805] [rtabmap]: Parameters event received!
[rtabmap-14] [INFO] [1768033600.559036673] [rtabmap]: Parameters event received!
[rtabmap-14] [INFO] [1768033600.564137343] [rtabmap]: Parameters event received!
[rtabmap-14] [INFO] [1768033600.568837843] [rtabmap]: Parameters event received!
[rtabmap-14] [INFO] [1768033600.573077821] [rtabmap]: Parameters event received!
[rtabmap-14] [INFO] [1768033600.578357067] [rtabmap]: Parameters event received!
[rtabmap-14] [INFO] [1768033600.579762115] [rtabmap]: Parameters event received!
[rtabmap-14] [INFO] [1768033600.590827703] [rtabmap]: Parameters event received!
[rtabmap-14] [INFO] [1768033600.592633902] [rtabmap]: Parameters event received!
[rtabmap-14] [INFO] [1768033600.593127758] [rtabmap]: Parameters event received!
[rtabmap-14] [INFO] [1768033600.594284860] [rtabmap]: Parameters event received!
[rtabmap-14] [INFO] [1768033600.602927521] [rtabmap]: Parameters event received!
[rtabmap-14] [INFO] [1768033600.608590344] [rtabmap]: Parameters event received!
[rtabmap-14] [INFO] [1768033600.610591285] [rtabmap]: Parameters event received!
[rtabmap-14] [INFO] [1768033600.611649460] [rtabmap]: Parameters event received!
[rtabmap-14] [INFO] [1768033600.612863322] [rtabmap]: Parameters event received!
[rtabmap-14] [INFO] [1768033600.613767329] [rtabmap]: Parameters event received!
[rtabmap-14] [INFO] [1768033600.614618262] [rtabmap]: Parameters event received!
[rtabmap-14] [INFO] [1768033600.631056485] [rtabmap]: Parameters event received!
[rtabmap-14] [INFO] [1768033600.635995876] [rtabmap]: Parameters event received!
[rtabmap-14] [INFO] [1768033600.636893309] [rtabmap]: Parameters event received!
[rtabmap-14] [INFO] [1768033600.637785482] [rtabmap]: Parameters event received!
[rtabmap-14] [INFO] [1768033600.653573385] [rtabmap]: Parameters event received!
[rtabmap-14] [INFO] [1768033600.663074109] [rtabmap]: Parameters event received!
[rtabmap-14] [INFO] [1768033600.665183218] [rtabmap]: Parameters event received!
[rtabmap-14] [INFO] [1768033600.666367876] [rtabmap]: Parameters event received!
[rtabmap-14] [INFO] [1768033600.674635552] [rtabmap]: Parameters event received!
[rtabmap-14] [INFO] [1768033600.676507160] [rtabmap]: Parameters event received!
[rtabmap-14] [INFO] [1768033600.677418889] [rtabmap]: Parameters event received!
[rtabmap-14] [INFO] [1768033600.678447045] [rtabmap]: Parameters event received!
[superpoint_node-2] [ERROR] [1768033600.679141588] [superpoint_node]: Errore pubblicazione keypoints 3D: could not assign tuple of length 3 to structure with 4 fields.
[rtabmap-14] [INFO] [1768033600.707034568] [rtabmap]: Parameters event received!
[rtabmap-14] [INFO] [1768033600.709290549] [rtabmap]: Parameters event received!
[rtabmap-14] [INFO] [1768033600.709680052] [rtabmap]: Parameters event received!
[rtabmap-14] [INFO] [1768033600.710487114] [rtabmap]: Parameters event received!
[rtabmap-14] [INFO] [1768033600.726336721] [rtabmap]: Parameters event received!
[rtabmap-14] [INFO] [1768033600.733639427] [rtabmap]: Parameters event received!
[rtabmap-14] [INFO] [1768033600.736195355] [rtabmap]: Parameters event received!
[rtabmap-14] [INFO] [1768033600.738076333] [rtabmap]: Parameters event received!
[rtabmap-14] [INFO] [1768033600.744618236] [rtabmap]: Parameters event received!
[rtabmap-14] [INFO] [1768033600.754839669] [rtabmap]: Parameters event received!
[rtabmap-14] [INFO] [1768033600.765899831] [rtabmap]: Parameters event received!
[rtabmap-14] [INFO] [1768033600.775316461] [rtabmap]: Parameters event received!
[rtabmap-14] [INFO] [1768033600.784400978] [rtabmap]: Parameters event received!
[rtabmap-14] [INFO] [1768033600.796322683] [rtabmap]: Parameters event received!
[rtabmap-14] [INFO] [1768033600.805763869] [rtabmap]: Parameters event received!
[rtabmap-14] [INFO] [1768033600.814080787] [rtabmap]: Parameters event received!
[rtabmap-14] [INFO] [1768033600.823551288] [rtabmap]: Parameters event received!
[rtabmap-14] [INFO] [1768033600.823922346] [rtabmap]: Parameters event received!
[rtabmap-14] [INFO] [1768033600.834320540] [rtabmap]: Parameters event received!
[rtabmap-14] [INFO] [1768033600.845631037] [rtabmap]: Parameters event received!
[rtabmap-14] [INFO] [1768033600.855222391] [rtabmap]: Parameters event received!
[rtabmap-14] [INFO] [1768033600.856624346] [rtabmap]: Parameters event received!
[rtabmap-14] [INFO] [1768033600.861569311] [rtabmap]: Parameters event received!
[rtabmap-14] [INFO] [1768033600.863242862] [rtabmap]: Parameters event received!
[rtabmap-14] [INFO] [1768033600.864062238] [rtabmap]: Parameters event received!
[rtabmap-14] [INFO] [1768033600.864780763] [rtabmap]: Parameters event received!
[rtabmap-14] [INFO] [1768033600.865589399] [rtabmap]: Parameters event received!
[rtabmap-14] [INFO] [1768033600.883090148] [rtabmap]: Parameters event received!
[rtabmap-14] [INFO] [1768033600.890159501] [rtabmap]: Parameters event received!
[rtabmap-14] [INFO] [1768033600.902480321] [rtabmap]: Parameters event received!
[rtabmap-14] [INFO] [1768033600.905401733] [rtabmap]: Parameters event received!
[rtabmap-14] [INFO] [1768033600.912141193] [rtabmap]: Parameters event received!
[rtabmap-14] [INFO] [1768033600.915947020] [rtabmap]: Parameters event received!
[rtabmap-14] [INFO] [1768033600.917549514] [rtabmap]: Parameters event received!
[rtabmap-14] [INFO] [1768033600.918459447] [rtabmap]: Parameters event received!
[rtabmap-14] [INFO] [1768033600.924742293] [rtabmap]: Parameters event received!
[rtabmap-14] [INFO] [1768033600.926697087] [rtabmap]: Parameters event received!
[rtabmap-14] [INFO] [1768033600.942764362] [rtabmap]: Parameters event received!
[rtabmap-14] [INFO] [1768033600.943140550] [rtabmap]: Parameters event received!
[rtabmap-14] [INFO] [1768033600.945962517] [rtabmap]: Parameters event received!
[rtabmap-14] [INFO] [1768033600.946249890] [rtabmap]: Parameters event received!
[rtabmap-14] [INFO] [1768033600.946888191] [rtabmap]: Parameters event received!
[rtabmap-14] [INFO] [1768033600.947620604] [rtabmap]: Parameters event received!
[rtabmap-14] [INFO] [1768033600.948452778] [rtabmap]: Parameters event received!
[rtabmap-14] [INFO] [1768033600.949376377] [rtabmap]: Parameters event received!
[rtabmap-14] [INFO] [1768033600.965143095] [rtabmap]: Parameters event received!
[rtabmap-14] [INFO] [1768033600.971988186] [rtabmap]: Parameters event received!
[rtabmap-14] [INFO] [1768033600.978802462] [rtabmap]: Parameters event received!
[rtabmap-14] [INFO] [1768033600.981801894] [rtabmap]: Parameters event received!
[rtabmap-14] [INFO] [1768033600.997645408] [rtabmap]: Parameters event received!
[rtabmap-14] [INFO] [1768033600.998101597] [rtabmap]: Parameters event received!
[rtabmap-14] [INFO] [1768033600.999745277] [rtabmap]: Parameters event received!
[rtabmap-14] [INFO] [1768033601.000545635] [rtabmap]: Parameters event received!
[rtabmap-14] [INFO] [1768033601.001374456] [rtabmap]: Parameters event received!
[rtabmap-14] [INFO] [1768033601.002143796] [rtabmap]: Parameters event received!
[rtabmap-14] [INFO] [1768033601.020087975] [rtabmap]: Parameters event received!
[foxglove_bridge-12] [INFO] [1768033601.124547173] [foxglove_bridge]: publishing connection graph
[rtabmap-14] [INFO] [1768033601.129905919] [rtabmap]: rtabmap (260): Rate=0.50s, Limit=0.001s, Conversion=0.0003s, RTAB-Map=0.0887s, Maps update=0.0005s pub=0.0032s delay=0.1427s (local map=0, WM=0)
[rtabmap-14] [INFO] [1768033601.133378243] [rtabmap]: Parameters event received!
[rtabmap-14] [INFO] [1768033601.133963081] [rtabmap]: Parameters event received!
[rtabmap-14] [INFO] [1768033601.144826611] [rtabmap]: Parameters event received!
[rtabmap-14] [INFO] [1768033601.156683817] [rtabmap]: Parameters event received!
[superpoint_node-2] [INFO] [1768033601.164935012] [superpoint_node]: Keypoints estratti: 800
[rtabmap-14] [INFO] [1768033601.166865101] [rtabmap]: Parameters event received!
[rtabmap-14] [INFO] [1768033601.170629223] [rtabmap]: Parameters event received!
[superpoint_node-2] [ERROR] [1768033601.175271649] [superpoint_node]: Errore pubblicazione keypoints 3D: could not assign tuple of length 3 to structure with 4 fields.
[rtabmap-14] [INFO] [1768033601.176441381] [rtabmap]: Parameters event received!
[rtabmap-14] [INFO] [1768033601.177193331] [rtabmap]: Parameters event received!
[rtabmap-14] [INFO] [1768033601.183070285] [rtabmap]: Parameters event received!
[rtabmap-14] [INFO] [1768033601.188402198] [rtabmap]: Parameters event received!
[rtabmap-14] [INFO] [1768033601.191272535] [rtabmap]: Parameters event received!
[rtabmap-14] [INFO] [1768033601.199329229] [rtabmap]: Parameters event received!
[rtabmap-14] [INFO] [1768033601.199828010] [rtabmap]: Parameters event received!
[rtabmap-14] [INFO] [1768033601.201286689] [rtabmap]: Parameters event received!
[rtabmap-14] [INFO] [1768033601.202128936] [rtabmap]: Parameters event received!
[rtabmap-14] [INFO] [1768033601.211270045] [rtabmap]: Parameters event received!
[rtabmap-14] [INFO] [1768033601.215396393] [rtabmap]: Parameters event received!
[rtabmap-14] [INFO] [1768033601.220801084] [rtabmap]: Parameters event received!
[rtabmap-14] [INFO] [1768033601.226546574] [rtabmap]: Parameters event received!
[rtabmap-14] [INFO] [1768033601.235697498] [rtabmap]: Parameters event received!
[rtabmap-14] [INFO] [1768033601.240775205] [rtabmap]: Parameters event received!
[rtabmap-14] [INFO] [1768033601.241260931] [rtabmap]: Parameters event received!
[rtabmap-14] [INFO] [1768033601.245607743] [rtabmap]: Parameters event received!
[rtabmap-14] [INFO] [1768033601.251944479] [rtabmap]: Parameters event received!
[rtabmap-14] [INFO] [1768033601.253629103] [rtabmap]: Parameters event received!
[rtabmap-14] [INFO] [1768033601.256304773] [rtabmap]: Parameters event received!
[rtabmap-14] [INFO] [1768033601.258785329] [rtabmap]: Parameters event received!
[rtabmap-14] [INFO] [1768033601.265072805] [rtabmap]: Parameters event received!
[rtabmap-14] [INFO] [1768033601.267836290] [rtabmap]: Parameters event received!
[rtabmap-14] [INFO] [1768033601.269570470] [rtabmap]: Parameters event received!
[rtabmap-14] [INFO] [1768033601.272342900] [rtabmap]: Parameters event received!
[superpoint_node-2] [INFO] [1768033601.282669574] [superpoint_node]: Keypoints estratti: 800
[rtabmap-14] [INFO] [1768033601.283199690] [rtabmap]: Parameters event received!
[rtabmap-14] [INFO] [1768033601.284732220] [rtabmap]: Parameters event received!
[rtabmap-14] [INFO] [1768033601.287089813] [rtabmap]: Parameters event received!
[superpoint_node-2] [ERROR] [1768033601.289495036] [superpoint_node]: Errore pubblicazione keypoints 3D: could not assign tuple of length 3 to structure with 4 fields.
[rtabmap-14] [INFO] [1768033601.290950640] [rtabmap]: Parameters event received!
[rtabmap-14] [INFO] [1768033601.293275343] [rtabmap]: Parameters event received!
[rtabmap-14] [INFO] [1768033601.295829956] [rtabmap]: Parameters event received!
[rtabmap-14] [INFO] [1768033601.299077315] [rtabmap]: Parameters event received!
[rtabmap-14] [INFO] [1768033601.301231703] [rtabmap]: Parameters event received!
[rtabmap-14] [INFO] [1768033601.304094355] [rtabmap]: Parameters event received!
[rtabmap-14] [INFO] [1768033601.304747860] [rtabmap]: Parameters event received!
[rtabmap-14] [INFO] [1768033601.307863478] [rtabmap]: Parameters event received!
[rtabmap-14] [INFO] [1768033601.313132667] [rtabmap]: Parameters event received!
[rtabmap-14] [INFO] [1768033601.318580803] [rtabmap]: Parameters event received!
[rtabmap-14] [INFO] [1768033601.322267814] [rtabmap]: Parameters event received!
[rtabmap-14] [INFO] [1768033601.325065929] [rtabmap]: Parameters event received!
[rtabmap-14] [INFO] [1768033601.325355487] [rtabmap]: Parameters event received!
[rtabmap-14] [INFO] [1768033601.325942787] [rtabmap]: Parameters event received!
[rtabmap-14] [INFO] [1768033601.326600608] [rtabmap]: Parameters event received!
[rtabmap-14] [INFO] [1768033601.329180072] [rtabmap]: Parameters event received!
[rtabmap-14] [INFO] [1768033601.336518834] [rtabmap]: Parameters event received!
[rtabmap-14] [INFO] [1768033601.340781164] [rtabmap]: Parameters event received!
[rtabmap-14] [INFO] [1768033601.345779648] [rtabmap]: Parameters event received!
[rtabmap-14] [INFO] [1768033601.354111548] [rtabmap]: Parameters event received!
[rtabmap-14] [INFO] [1768033601.358019171] [rtabmap]: Parameters event received!
[rtabmap-14] [INFO] [1768033601.360220800] [rtabmap]: Parameters event received!
[rtabmap-14] [INFO] [1768033601.363752013] [rtabmap]: Parameters event received!
[rtabmap-14] [INFO] [1768033601.368137048] [rtabmap]: Parameters event received!
[rtabmap-14] [INFO] [1768033601.370348676] [rtabmap]: Parameters event received!
[rtabmap-14] [INFO] [1768033601.382031065] [rtabmap]: Parameters event received!
[rtabmap-14] [INFO] [1768033601.384915829] [rtabmap]: Parameters event received!
[rtabmap-14] [INFO] [1768033601.385519278] [rtabmap]: Parameters event received!
[rtabmap-14] [INFO] [1768033601.389144362] [rtabmap]: Parameters event received!
[rtabmap-14] [INFO] [1768033601.395288393] [rtabmap]: Parameters event received!
[rtabmap-14] [INFO] [1768033601.396360253] [rtabmap]: Parameters event received!
[superpoint_node-2] [INFO] [1768033601.396934387] [superpoint_node]: Keypoints estratti: 800
[rtabmap-14] [INFO] [1768033601.401149198] [rtabmap]: Parameters event received!
[superpoint_node-2] [ERROR] [1768033601.404531707] [superpoint_node]: Errore pubblicazione keypoints 3D: could not assign tuple of length 3 to structure with 4 fields.
[rtabmap-14] [INFO] [1768033601.406186275] [rtabmap]: Parameters event received!
[rtabmap-14] [INFO] [1768033601.408417608] [rtabmap]: Parameters event received!
[rtabmap-14] [INFO] [1768033601.410362345] [rtabmap]: Parameters event received!
[rtabmap-14] [INFO] [1768033601.414603435] [rtabmap]: Parameters event received!
[rtabmap-14] [INFO] [1768033601.418570059] [rtabmap]: Parameters event received!
[rtabmap-14] [INFO] [1768033601.420953392] [rtabmap]: Parameters event received!
[rtabmap-14] [INFO] [1768033601.426807216] [rtabmap]: Parameters event received!
[rtabmap-14] [INFO] [1768033601.433728123] [rtabmap]: Parameters event received!
[rtabmap-14] [INFO] [1768033601.438496513] [rtabmap]: Parameters event received!
[rtabmap-14] [INFO] [1768033601.439279093] [rtabmap]: Parameters event received!
[rtabmap-14] [INFO] [1768033601.444705525] [rtabmap]: Parameters event received!
[rtabmap-14] [INFO] [1768033601.452143621] [rtabmap]: Parameters event received!
[rtabmap-14] [INFO] [1768033601.453961376] [rtabmap]: Parameters event received!
[rtabmap-14] [INFO] [1768033601.454602992] [rtabmap]: Parameters event received!
[rtabmap-14] [INFO] [1768033601.457383570] [rtabmap]: Parameters event received!
[rtabmap-14] [INFO] [1768033601.462700223] [rtabmap]: Parameters event received!
[rtabmap-14] [INFO] [1768033601.466165843] [rtabmap]: Parameters event received!
[rtabmap-14] [INFO] [1768033601.466524272] [rtabmap]: Parameters event received!
[rtabmap-14] [INFO] [1768033601.471377421] [rtabmap]: Parameters event received!
[rtabmap-14] [INFO] [1768033601.481331241] [rtabmap]: Parameters event received!
[rtabmap-14] [INFO] [1768033601.482705474] [rtabmap]: Parameters event received!
[rtabmap-14] [INFO] [1768033601.490764520] [rtabmap]: Parameters event received!
[rtabmap-14] [INFO] [1768033601.495779522] [rtabmap]: Parameters event received!
[rtabmap-14] [INFO] [1768033601.504233311] [rtabmap]: Parameters event received!
[rtabmap-14] [INFO] [1768033601.506708127] [rtabmap]: Parameters event received!
[rtabmap-14] [INFO] [1768033601.519183041] [rtabmap]: Parameters event received!
[rtabmap-14] [INFO] [1768033601.522121583] [rtabmap]: Parameters event received!
[rtabmap-14] [INFO] [1768033601.551012775] [rtabmap]: Parameters event received!
[rtabmap-14] [INFO] [1768033601.559870160] [rtabmap]: Parameters event received!
[superpoint_node-2] [INFO] [1768033601.571507808] [superpoint_node]: Keypoints estratti: 800
[rtabmap-14] [INFO] [1768033601.571767476] [rtabmap]: Parameters event received!
[rtabmap-14] [INFO] [1768033601.580324377] [rtabmap]: Parameters event received!
[rtabmap-14] [INFO] [1768033601.583942776] [rtabmap]: Parameters event received!
[rtabmap-14] [INFO] [1768033601.584882173] [rtabmap]: Parameters event received!
[rtabmap-14] [INFO] [1768033601.585724031] [rtabmap]: Parameters event received!
[superpoint_node-2] [ERROR] [1768033601.588418275] [superpoint_node]: Errore pubblicazione keypoints 3D: could not assign tuple of length 3 to structure with 4 fields.
[rtabmap-14] [INFO] [1768033601.595305089] [rtabmap]: Parameters event received!
[rtabmap-14] [INFO] [1768033601.596608229] [rtabmap]: Parameters event received!
[rtabmap-14] [INFO] [1768033601.597994721] [rtabmap]: Parameters event received!
[rtabmap-14] [INFO] [1768033601.602438386] [rtabmap]: Parameters event received!
[rtabmap-14] [INFO] [1768033601.604590662] [rtabmap]: Parameters event received!
[rtabmap-14] [INFO] [1768033601.606380121] [rtabmap]: Parameters event received!
[rtabmap-14] [INFO] [1768033601.610512950] [rtabmap]: Parameters event received!
[rtabmap-14] [INFO] [1768033601.617880805] [rtabmap]: Parameters event received!
[rtabmap-14] [INFO] [1768033601.625748108] [rtabmap]: Parameters event received!
[rtabmap-14] [INFO] [1768033601.632748700] [rtabmap]: Parameters event received!
[rtabmap-14] [INFO] [1768033601.634601326] [rtabmap]: Parameters event received!
[rtabmap-14] [INFO] [1768033601.636315154] [rtabmap]: Parameters event received!
[rtabmap-14] [INFO] [1768033601.643430303] [rtabmap]: Parameters event received!
[rtabmap-14] [INFO] [1768033601.655031840] [rtabmap]: Parameters event received!
[rtabmap-14] [INFO] [1768033601.666316670] [rtabmap]: Parameters event received!
[rtabmap-14] [INFO] [1768033601.677476295] [rtabmap]: Parameters event received!
[rtabmap-14] [INFO] [1768033601.689052591] [rtabmap]: Parameters event received!
[rtabmap-14] [INFO] [1768033601.696213407] [rtabmap]: Parameters event received!
[rtabmap-14] [INFO] [1768033601.700904703] [rtabmap]: Parameters event received!
[rtabmap-14] [INFO] [1768033601.701526245] [rtabmap]: Parameters event received!
[rtabmap-14] [INFO] [1768033601.710752263] [rtabmap]: Parameters event received!
[superpoint_node-2] [INFO] [1768033601.784004251] [superpoint_node]: Keypoints estratti: 800
[superpoint_node-2] [ERROR] [1768033601.798044714] [superpoint_node]: Errore pubblicazione keypoints 3D: could not assign tuple of length 3 to structure with 4 fields.
[rtabmap-14] [INFO] [1768033601.801566501] [rtabmap]: rtabmap (261): Rate=0.50s, Limit=0.001s, Conversion=0.0003s, RTAB-Map=0.0736s, Maps update=0.0003s pub=0.0013s delay=0.1481s (local map=0, WM=0)
[rtabmap-14] [INFO] [1768033601.806609097] [rtabmap]: Parameters event received!
[rtabmap-14] [INFO] [1768033601.808113312] [rtabmap]: Parameters event received!
[rtabmap-14] [INFO] [1768033601.808818762] [rtabmap]: Parameters event received!
[rtabmap-14] [INFO] [1768033601.809411137] [rtabmap]: Parameters event received!
[rtabmap-14] [INFO] [1768033601.809932549] [rtabmap]: Parameters event received!
[rtabmap-14] [INFO] [1768033601.810478238] [rtabmap]: Parameters event received!
[foxglove_bridge-12] [INFO] [1768033601.810533405] [foxglove_bridge]: publishing connection graph
[rtabmap-14] [INFO] [1768033601.827032388] [rtabmap]: Parameters event received!
[rtabmap-14] [INFO] [1768033601.830809029] [rtabmap]: Parameters event received!
[rtabmap-14] [INFO] [1768033601.832364412] [rtabmap]: Parameters event received!
[rtabmap-14] [INFO] [1768033601.833044121] [rtabmap]: Parameters event received!
[rtabmap-14] [INFO] [1768033601.833807016] [rtabmap]: Parameters event received!
[rtabmap-14] [INFO] [1768033601.834566207] [rtabmap]: Parameters event received!
[rtabmap-14] [INFO] [1768033601.849454232] [rtabmap]: Parameters event received!
[rtabmap-14] [INFO] [1768033601.860847915] [rtabmap]: Parameters event received!
[rtabmap-14] [INFO] [1768033601.871953429] [rtabmap]: Parameters event received!
[rtabmap-14] [INFO] [1768033601.876924691] [rtabmap]: Parameters event received!
[rtabmap-14] [INFO] [1768033601.882612291] [rtabmap]: Parameters event received!
[rtabmap-14] [INFO] [1768033601.892476796] [rtabmap]: Parameters event received!
[rtabmap-14] [INFO] [1768033601.893605971] [rtabmap]: Parameters event received!
[rtabmap-14] [INFO] [1768033601.914165801] [rtabmap]: Parameters event received!
[rtabmap-14] [INFO] [1768033601.916241799] [rtabmap]: Parameters event received!
[rtabmap-14] [INFO] [1768033601.926152988] [rtabmap]: Parameters event received!
[superpoint_node-2] [INFO] [1768033601.927837187] [superpoint_node]: Keypoints estratti: 800
[rtabmap-14] [INFO] [1768033601.928301894] [rtabmap]: Parameters event received!
[rtabmap-14] [INFO] [1768033601.928643712] [rtabmap]: Parameters event received!
[rtabmap-14] [INFO] [1768033601.929381681] [rtabmap]: Parameters event received!
[rtabmap-14] [INFO] [1768033601.930145224] [rtabmap]: Parameters event received!
[superpoint_node-2] [ERROR] [1768033601.935259338] [superpoint_node]: Errore pubblicazione keypoints 3D: could not assign tuple of length 3 to structure with 4 fields.
[rtabmap-14] [INFO] [1768033601.952925997] [rtabmap]: Parameters event received!
[rtabmap-14] [INFO] [1768033601.954554362] [rtabmap]: Parameters event received!
[rtabmap-14] [INFO] [1768033601.956003929] [rtabmap]: Parameters event received!
[rtabmap-14] [INFO] [1768033601.956795287] [rtabmap]: Parameters event received!
[rtabmap-14] [INFO] [1768033601.971306217] [rtabmap]: Parameters event received!
[rtabmap-14] [INFO] [1768033601.977248560] [rtabmap]: Parameters event received!
[rtabmap-14] [INFO] [1768033601.977623304] [rtabmap]: Parameters event received!
[rtabmap-14] [INFO] [1768033601.982824789] [rtabmap]: Parameters event received!
[rtabmap-14] [INFO] [1768033601.992287587] [rtabmap]: Parameters event received!
[rtabmap-14] [INFO] [1768033601.993842136] [rtabmap]: Parameters event received!
[rtabmap-14] [INFO] [1768033601.996831771] [rtabmap]: Parameters event received!
[rtabmap-14] [INFO] [1768033602.007049500] [rtabmap]: Parameters event received!
[rtabmap-14] [INFO] [1768033602.019548988] [rtabmap]: Parameters event received!
[rtabmap-14] [INFO] [1768033602.021411984] [rtabmap]: Parameters event received!
[rtabmap-14] [INFO] [1768033602.023201813] [rtabmap]: Parameters event received!
[rtabmap-14] [INFO] [1768033602.024627361] [rtabmap]: Parameters event received!
[rtabmap-14] [INFO] [1768033602.025515350] [rtabmap]: Parameters event received!
[rtabmap-14] [INFO] [1768033602.026436524] [rtabmap]: Parameters event received!
[rtabmap-14] [INFO] [1768033602.045603361] [rtabmap]: Parameters event received!
[rtabmap-14] [INFO] [1768033602.052052801] [rtabmap]: Parameters event received!
[rtabmap-14] [INFO] [1768033602.059079449] [rtabmap]: Parameters event received!
[rtabmap-14] [INFO] [1768033602.059900233] [rtabmap]: Parameters event received!
[rtabmap-14] [INFO] [1768033602.065816651] [rtabmap]: Parameters event received!
[rtabmap-14] [INFO] [1768033602.067914167] [rtabmap]: Parameters event received!
[rtabmap-14] [INFO] [1768033602.075909416] [rtabmap]: Parameters event received!
[rtabmap-14] [INFO] [1768033602.080908104] [rtabmap]: Parameters event received!
[rtabmap-14] [INFO] [1768033602.081456997] [rtabmap]: Parameters event received!
[rtabmap-14] [INFO] [1768033602.086927040] [rtabmap]: Parameters event received!
[rtabmap-14] [INFO] [1768033602.089881712] [rtabmap]: Parameters event received!
[rtabmap-14] [INFO] [1768033602.095150624] [rtabmap]: Parameters event received!
[rtabmap-14] [INFO] [1768033602.096885452] [rtabmap]: Parameters event received!
[rtabmap-14] [INFO] [1768033602.097528920] [rtabmap]: Parameters event received!
[rtabmap-14] [INFO] [1768033602.098146703] [rtabmap]: Parameters event received!
[rtabmap-14] [INFO] [1768033602.111431660] [rtabmap]: Parameters event received!
[rtabmap-14] [INFO] [1768033602.115417044] [rtabmap]: Parameters event received!
[rtabmap-14] [INFO] [1768033602.116616738] [rtabmap]: Parameters event received!
[rtabmap-14] [INFO] [1768033602.117604228] [rtabmap]: Parameters event received!
[rtabmap-14] [INFO] [1768033602.122870325] [rtabmap]: Parameters event received!
[rtabmap-14] [INFO] [1768033602.124701821] [rtabmap]: Parameters event received!
[rtabmap-14] [INFO] [1768033602.125627754] [rtabmap]: Parameters event received!
[rtabmap-14] [INFO] [1768033602.126283982] [rtabmap]: Parameters event received!
[rtabmap-14] [INFO] [1768033602.127236971] [rtabmap]: Parameters event received!
[rtabmap-14] [INFO] [1768033602.128006625] [rtabmap]: Parameters event received!
[rtabmap-14] [INFO] [1768033602.128771687] [rtabmap]: Parameters event received!
[rtabmap-14] [INFO] [1768033602.129554137] [rtabmap]: Parameters event received!
[superpoint_node-2] [INFO] [1768033602.145274780] [superpoint_node]: Keypoints estratti: 800
[rtabmap-14] [INFO] [1768033602.147533743] [rtabmap]: Parameters event received!
[rtabmap-14] [INFO] [1768033602.175714725] [rtabmap]: Parameters event received!
[rtabmap-14] [INFO] [1768033602.177878076] [rtabmap]: Parameters event received!
[rtabmap-14] [INFO] [1768033602.187345910] [rtabmap]: Parameters event received!
[rtabmap-14] [INFO] [1768033602.187908081] [rtabmap]: Parameters event received!
[rtabmap-14] [INFO] [1768033602.189217277] [rtabmap]: Parameters event received!
[superpoint_node-2] [ERROR] [1768033602.194889822] [superpoint_node]: Errore pubblicazione keypoints 3D: could not assign tuple of length 3 to structure with 4 fields.
[rtabmap-14] [INFO] [1768033602.198484628] [rtabmap]: Parameters event received!
[rtabmap-14] [INFO] [1768033602.199806990] [rtabmap]: Parameters event received!
[rtabmap-14] [INFO] [1768033602.207262957] [rtabmap]: Parameters event received!
[rtabmap-14] [INFO] [1768033602.218798122] [rtabmap]: Parameters event received!
[rtabmap-14] [INFO] [1768033602.229012277] [rtabmap]: Parameters event received!
[rtabmap-14] [INFO] [1768033602.246216654] [rtabmap]: Parameters event received!
[rtabmap-14] [INFO] [1768033602.254026994] [rtabmap]: Parameters event received!
[rtabmap-14] [INFO] [1768033602.255892675] [rtabmap]: Parameters event received!
[rtabmap-14] [INFO] [1768033602.256759664] [rtabmap]: Parameters event received!
[rtabmap-14] [INFO] [1768033602.257436521] [rtabmap]: Parameters event received!
[rtabmap-14] [INFO] [1768033602.274900104] [rtabmap]: Parameters event received!
[rtabmap-14] [INFO] [1768033602.284148881] [rtabmap]: Parameters event received!
[rtabmap-14] [INFO] [1768033602.285430224] [rtabmap]: Parameters event received!
[rtabmap-14] [INFO] [1768033602.291842220] [rtabmap]: Parameters event received!
[rtabmap-14] [INFO] [1768033602.293564122] [rtabmap]: Parameters event received!
[rtabmap-14] [INFO] [1768033602.303425811] [rtabmap]: Parameters event received!
[rtabmap-14] [INFO] [1768033602.306226111] [rtabmap]: Parameters event received!
[rtabmap-14] [INFO] [1768033602.307687475] [rtabmap]: Parameters event received!
[rtabmap-14] [INFO] [1768033602.312471828] [rtabmap]: Parameters event received!
[rtabmap-14] [INFO] [1768033602.318040075] [rtabmap]: Parameters event received!
[rtabmap-14] [INFO] [1768033602.328149155] [rtabmap]: Parameters event received!
[rtabmap-14] [INFO] [1768033602.329494444] [rtabmap]: Parameters event received!
[rtabmap-14] [INFO] [1768033602.329874280] [rtabmap]: Parameters event received!
[rtabmap-14] [INFO] [1768033602.339180243] [rtabmap]: Parameters event received!
[rtabmap-14] [INFO] [1768033602.343762520] [rtabmap]: Parameters event received!
[rtabmap-14] [INFO] [1768033602.345126179] [rtabmap]: Parameters event received!
[rtabmap-14] [INFO] [1768033602.346259021] [rtabmap]: Parameters event received!
[rtabmap-14] [INFO] [1768033602.378091773] [rtabmap]: Parameters event received!
[rtabmap-14] [INFO] [1768033602.388666024] [rtabmap]: Parameters event received!
[rtabmap-14] [INFO] [1768033602.394386421] [rtabmap]: Parameters event received!
[rtabmap-14] [INFO] [1768033602.408481903] [rtabmap]: Parameters event received!
[foxglove_bridge-12] [INFO] [1768033602.440908919] [foxglove_bridge]: publishing connection graph
[rtabmap-14] [INFO] [1768033602.515286898] [rtabmap]: rtabmap (262): Rate=0.50s, Limit=0.001s, Conversion=0.0003s, RTAB-Map=0.0905s, Maps update=0.0004s pub=0.0057s delay=0.1761s (local map=0, WM=0)
[rtabmap-14] [INFO] [1768033602.524481915] [rtabmap]: Parameters event received!
[rtabmap-14] [INFO] [1768033602.525254829] [rtabmap]: Parameters event received!
[rtabmap-14] [INFO] [1768033602.530216516] [rtabmap]: Parameters event received!
[rtabmap-14] [INFO] [1768033602.542195852] [rtabmap]: Parameters event received!
[rtabmap-14] [INFO] [1768033602.545926511] [rtabmap]: Parameters event received!
[rtabmap-14] [INFO] [1768033602.556333834] [rtabmap]: Parameters event received!
[rtabmap-14] [INFO] [1768033602.558180164] [rtabmap]: Parameters event received!
[rtabmap-14] [INFO] [1768033602.567072475] [rtabmap]: Parameters event received!
[rtabmap-14] [INFO] [1768033602.575660302] [rtabmap]: Parameters event received!
[superpoint_node-2] [INFO] [1768033602.580485674] [superpoint_node]: Keypoints estratti: 800
[rtabmap-14] [INFO] [1768033602.581983982] [rtabmap]: Parameters event received!
[rtabmap-14] [INFO] [1768033602.597888293] [rtabmap]: Parameters event received!
[rtabmap-14] [INFO] [1768033602.600383257] [rtabmap]: Parameters event received!
[rtabmap-14] [INFO] [1768033602.600857446] [rtabmap]: Parameters event received!
[rtabmap-14] [INFO] [1768033602.609232864] [rtabmap]: Parameters event received!
[rtabmap-14] [INFO] [1768033602.610102557] [rtabmap]: Parameters event received!
[superpoint_node-2] [ERROR] [1768033602.613569565] [superpoint_node]: Errore pubblicazione keypoints 3D: could not assign tuple of length 3 to structure with 4 fields.
[rtabmap-14] [INFO] [1768033602.618556753] [rtabmap]: Parameters event received!
[rtabmap-14] [INFO] [1768033602.621055125] [rtabmap]: Parameters event received!
[rtabmap-14] [INFO] [1768033602.632121157] [rtabmap]: Parameters event received!
[rtabmap-14] [INFO] [1768033602.639570123] [rtabmap]: Parameters event received!
[rtabmap-14] [INFO] [1768033602.640003368] [rtabmap]: Parameters event received!
[rtabmap-14] [INFO] [1768033602.647652447] [rtabmap]: Parameters event received!
[rtabmap-14] [INFO] [1768033602.654857356] [rtabmap]: Parameters event received!
[rtabmap-14] [INFO] [1768033602.667811606] [rtabmap]: Parameters event received!
[rtabmap-14] [INFO] [1768033602.676000857] [rtabmap]: Parameters event received!
[rtabmap-14] [INFO] [1768033602.686805479] [rtabmap]: Parameters event received!
[rtabmap-14] [INFO] [1768033602.694673505] [rtabmap]: Parameters event received!
[rtabmap-14] [INFO] [1768033602.696330999] [rtabmap]: Parameters event received!
[rtabmap-14] [INFO] [1768033602.697187932] [rtabmap]: Parameters event received!
[rtabmap-14] [INFO] [1768033602.697972938] [rtabmap]: Parameters event received!
[rtabmap-14] [INFO] [1768033602.710388999] [rtabmap]: Parameters event received!
[rtabmap-14] [INFO] [1768033602.713674674] [rtabmap]: Parameters event received!
[rtabmap-14] [INFO] [1768033602.715294909] [rtabmap]: Parameters event received!
[rtabmap-14] [INFO] [1768033602.716016933] [rtabmap]: Parameters event received!
[rtabmap-14] [INFO] [1768033602.716613252] [rtabmap]: Parameters event received!
[rtabmap-14] [INFO] [1768033602.722814153] [rtabmap]: Parameters event received!
[rtabmap-14] [INFO] [1768033602.725172746] [rtabmap]: Parameters event received!
[rtabmap-14] [INFO] [1768033602.726478053] [rtabmap]: Parameters event received!
[rtabmap-14] [INFO] [1768033602.738979670] [rtabmap]: Parameters event received!
[rtabmap-14] [INFO] [1768033602.739868048] [rtabmap]: Parameters event received!
[rtabmap-14] [INFO] [1768033602.747768555] [rtabmap]: Parameters event received!
[rtabmap-14] [INFO] [1768033602.764711022] [rtabmap]: Parameters event received!
[rtabmap-14] [INFO] [1768033602.772625437] [rtabmap]: Parameters event received!
[rtabmap-14] [INFO] [1768033602.776625580] [rtabmap]: Parameters event received!
[rtabmap-14] [INFO] [1768033602.783660543] [rtabmap]: Parameters event received!
[rtabmap-14] [INFO] [1768033602.795117967] [rtabmap]: Parameters event received!
[rtabmap-14] [INFO] [1768033602.796116253] [rtabmap]: Parameters event received!
[rtabmap-14] [INFO] [1768033602.803780573] [rtabmap]: Parameters event received!
[rtabmap-14] [INFO] [1768033602.812368233] [rtabmap]: Parameters event received!
[rtabmap-14] [INFO] [1768033602.813907635] [rtabmap]: Parameters event received!
[rtabmap-14] [INFO] [1768033602.823042800] [rtabmap]: Parameters event received!
[rtabmap-14] [INFO] [1768033602.825395077] [rtabmap]: Parameters event received!
[superpoint_node-2] [INFO] [1768033602.835512732] [superpoint_node]: Keypoints estratti: 800
[rtabmap-14] [INFO] [1768033602.838962722] [rtabmap]: Parameters event received!
[rtabmap-14] [INFO] [1768033602.843299127] [rtabmap]: Parameters event received!
[rtabmap-14] [INFO] [1768033602.844510266] [rtabmap]: Parameters event received!
[rtabmap-14] [INFO] [1768033602.845366458] [rtabmap]: Parameters event received!
[rtabmap-14] [INFO] [1768033602.846185372] [rtabmap]: Parameters event received!
[rtabmap-14] [INFO] [1768033602.847188195] [rtabmap]: Parameters event received!
[superpoint_node-2] [ERROR] [1768033602.847937552] [superpoint_node]: Errore pubblicazione keypoints 3D: could not assign tuple of length 3 to structure with 4 fields.
[rtabmap-14] [INFO] [1768033602.848358648] [rtabmap]: Parameters event received!
[rtabmap-14] [INFO] [1768033602.849406694] [rtabmap]: Parameters event received!
[rtabmap-14] [INFO] [1768033602.850340534] [rtabmap]: Parameters event received!
[rtabmap-14] [INFO] [1768033602.866897962] [rtabmap]: Parameters event received!
[rtabmap-14] [INFO] [1768033602.876759244] [rtabmap]: Parameters event received!
[rtabmap-14] [INFO] [1768033602.877287470] [rtabmap]: Parameters event received!
[rtabmap-14] [INFO] [1768033602.879196504] [rtabmap]: Parameters event received!
[rtabmap-14] [INFO] [1768033602.893529525] [rtabmap]: Parameters event received!
[rtabmap-14] [INFO] [1768033602.894782720] [rtabmap]: Parameters event received!
[rtabmap-14] [INFO] [1768033602.898002301] [rtabmap]: Setting RTAB-Map parameter "BRIEF/Bytes"="32"
[rtabmap-14] [INFO] [1768033602.898072690] [rtabmap]: rtabmap: Updating parameters
[rtabmap-14] [INFO] [1768033602.898144728] [rtabmap]: RTAB-Map rate detection = 2.000000 Hz
[superpoint_node-2] [INFO] [1768033602.962588961] [superpoint_node]: Keypoints estratti: 800
[superpoint_node-2] [ERROR] [1768033602.973383176] [superpoint_node]: Errore pubblicazione keypoints 3D: could not assign tuple of length 3 to structure with 4 fields.
[foxglove_bridge-12] [INFO] [1768033602.977058224] [foxglove_bridge]: publishing connection graph
[rtabmap-14] [INFO] [1768033603.075331540] [rtabmap]: rtabmap (263): Rate=0.50s, Limit=0.001s, Conversion=0.0003s, RTAB-Map=0.0788s, Maps update=0.0052s pub=0.0044s delay=0.1815s (local map=0, WM=0)
[rtabmap-14] [INFO] [1768033603.085746104] [rtabmap]: Parameters event received!
[rtabmap-14] [INFO] [1768033603.085842512] [rtabmap]: Setting RTAB-Map parameter "BRISK/Octaves"="3"
[rtabmap-14] [INFO] [1768033603.088781480] [rtabmap]: rtabmap: Updating parameters
[rtabmap-14] [INFO] [1768033603.088963759] [rtabmap]: RTAB-Map rate detection = 2.000000 Hz
[superpoint_node-2] [INFO] [1768033603.093236033] [superpoint_node]: Keypoints estratti: 800
[superpoint_node-2] [ERROR] [1768033603.101425635] [superpoint_node]: Errore pubblicazione keypoints 3D: could not assign tuple of length 3 to structure with 4 fields.
[rtabmap-14] [INFO] [1768033603.120597676] [rtabmap]: Parameters event received!
[rtabmap-14] [INFO] [1768033603.120699788] [rtabmap]: Setting RTAB-Map parameter "BRISK/PatternScale"="1"
[rtabmap-14] [INFO] [1768033603.120735511] [rtabmap]: rtabmap: Updating parameters
[rtabmap-14] [INFO] [1768033603.120785048] [rtabmap]: RTAB-Map rate detection = 2.000000 Hz
[rtabmap-14] [33m[ WARN] (2026-01-10 09:26:38.196) MapsManager.cpp:863::publishMaps() Graph has changed! The whole cloud is regenerated.[0m
[rtabmap-14] [33m[ WARN] (2026-01-10 09:26:38.198) OccupancyGrid.cpp:169::getProbMap() Map info is empty, cannot generate probabilistic occupancy grid[0m
[rtabmap-14] [33m[ WARN] (2026-01-10 09:26:38.661) MapsManager.cpp:863::publishMaps() Graph has changed! The whole cloud is regenerated.[0m
[rtabmap-14] [33m[ WARN] (2026-01-10 09:26:38.665) OccupancyGrid.cpp:169::getProbMap() Map info is empty, cannot generate probabilistic occupancy grid[0m
[rtabmap-14] [33m[ WARN] (2026-01-10 09:26:39.232) MapsManager.cpp:863::publishMaps() Graph has changed! The whole cloud is regenerated.[0m
[rtabmap-14] [33m[ WARN] (2026-01-10 09:26:39.234) OccupancyGrid.cpp:169::getProbMap() Map info is empty, cannot generate probabilistic occupancy grid[0m
[rtabmap-14] [33m[ WARN] (2026-01-10 09:26:39.236) CoreWrapper.cpp:1227::odomTFUpdate() Odometry is reset (identity pose detected). Increment map id![0m
[rtabmap-14] [33m[ WARN] (2026-01-10 09:26:39.823) MapsManager.cpp:863::publishMaps() Graph has changed! The whole cloud is regenerated.[0m
[rtabmap-14] [33m[ WARN] (2026-01-10 09:26:39.824) OccupancyGrid.cpp:169::getProbMap() Map info is empty, cannot generate probabilistic occupancy grid[0m
[rtabmap-14] [33m[ WARN] (2026-01-10 09:26:40.436) MapsManager.cpp:863::publishMaps() Graph has changed! The whole cloud is regenerated.[0m
[rtabmap-14] [33m[ WARN] (2026-01-10 09:26:40.440) OccupancyGrid.cpp:169::getProbMap() Map info is empty, cannot generate probabilistic occupancy grid[0m
[rtabmap-14] [33m[ WARN] (2026-01-10 09:26:41.126) MapsManager.cpp:863::publishMaps() Graph has changed! The whole cloud is regenerated.[0m
[rtabmap-14] [33m[ WARN] (2026-01-10 09:26:41.128) OccupancyGrid.cpp:169::getProbMap() Map info is empty, cannot generate probabilistic occupancy grid[0m
[rtabmap-14] [33m[ WARN] (2026-01-10 09:26:41.800) MapsManager.cpp:863::publishMaps() Graph has changed! The whole cloud is regenerated.[0m
[rtabmap-14] [33m[ WARN] (2026-01-10 09:26:41.800) OccupancyGrid.cpp:169::getProbMap() Map info is empty, cannot generate probabilistic occupancy grid[0m
[rtabmap-14] [33m[ WARN] (2026-01-10 09:26:42.509) MapsManager.cpp:863::publishMaps() Graph has changed! The whole cloud is regenerated.[0m
[rtabmap-14] [33m[ WARN] (2026-01-10 09:26:42.514) OccupancyGrid.cpp:169::getProbMap() Map info is empty, cannot generate probabilistic occupancy grid[0m
[rtabmap-14] [33m[ WARN] (2026-01-10 09:26:42.909) Features2d.cpp:658::create() BRIEF, FREAK and DAISY features cannot be used because OpenCV was not built with xfeatures2d module. GFTT/ORB is used instead.[0m
[rtabmap-14] [33m[ WARN] (2026-01-10 09:26:42.944) Features2d.cpp:658::create() BRIEF, FREAK and DAISY features cannot be used because OpenCV was not built with xfeatures2d module. GFTT/ORB is used instead.[0m
[rtabmap-14] [33m[ WARN] (2026-01-10 09:26:42.945) Features2d.cpp:658::create() BRIEF, FREAK and DAISY features cannot be used because OpenCV was not built with xfeatures2d module. GFTT/ORB is used instead.[0m
[rtabmap-14] [33m[ WARN] (2026-01-10 09:26:43.070) MapsManager.cpp:863::publishMaps() Graph has changed! The whole cloud is regenerated.[0m
[rtabmap-14] [33m[ WARN] (2026-01-10 09:26:43.072) OccupancyGrid.cpp:169::getProbMap() Map info is empty, cannot generate probabilistic occupancy grid[0m
[rtabmap-14] [33m[ WARN] (2026-01-10 09:26:43.089) Features2d.cpp:658::create() BRIEF, FREAK and DAISY features cannot be used because OpenCV was not built with xfeatures2d module. GFTT/ORB is used instead.[0m
[rtabmap-14] [33m[ WARN] (2026-01-10 09:26:43.096) Features2d.cpp:658::create() BRIEF, FREAK and DAISY features cannot be used because OpenCV was not built with xfeatures2d module. GFTT/ORB is used instead.[0m
[rtabmap-14] [33m[ WARN] (2026-01-10 09:26:43.103) Features2d.cpp:658::create() BRIEF, FREAK and DAISY features cannot be used because OpenCV was not built with xfeatures2d module. GFTT/ORB is used instead.[0m
[rtabmap-14] [33m[ WARN] (2026-01-10 09:26:43.121) Features2d.cpp:658::create() BRIEF, FREAK and DAISY features cannot be used because OpenCV was not built with xfeatures2d module. GFTT/ORB is used instead.[0m
[rtabmap-14] [33m[ WARN] (2026-01-10 09:26:43.124) Features2d.cpp:658::create() BRIEF, FREAK and DAISY features cannot be used because OpenCV was not built with xfeatures2d module. GFTT/ORB is used instead.[0m
[rtabmap-14] [INFO] [1768033603.156121050] [rtabmap]: Parameters event received!
[rtabmap-14] [INFO] [1768033603.156221218] [rtabmap]: Setting RTAB-Map parameter "BRISK/Thresh"="30"
[rtabmap-14] [INFO] [1768033603.157146651] [rtabmap]: rtabmap: Updating parameters
[rtabmap-14] [INFO] [1768033603.157206744] [rtabmap]: RTAB-Map rate detection = 2.000000 Hz
[rtabmap-14] [INFO] [1768033603.186851627] [rtabmap]: Parameters event received!
[rtabmap-14] [INFO] [1768033603.186984387] [rtabmap]: Setting RTAB-Map parameter "Bayes/FullPredictionUpdate"="false"
[rtabmap-14] [INFO] [1768033603.187018295] [rtabmap]: rtabmap: Updating parameters
[rtabmap-14] [INFO] [1768033603.187068647] [rtabmap]: RTAB-Map rate detection = 2.000000 Hz
[superpoint_node-2] [INFO] [1768033603.215495891] [superpoint_node]: Keypoints estratti: 800
[superpoint_node-2] [ERROR] [1768033603.222662244] [superpoint_node]: Errore pubblicazione keypoints 3D: could not assign tuple of length 3 to structure with 4 fields.
[rtabmap-14] [INFO] [1768033603.226981371] [rtabmap]: Parameters event received!
[rtabmap-14] [INFO] [1768033603.227064205] [rtabmap]: Setting RTAB-Map parameter "Bayes/PredictionLC"="0.1 0.36 0.30 0.16 0.062 0.0151 0.00255 0.000324 2.5e-05 1.3e-06 4.8e-08 1.2e-09 1.9e-11 2.2e-13 1.7e-15 8.5e-18 2.9e-20 6.9e-23"
[rtabmap-14] [INFO] [1768033603.227087631] [rtabmap]: rtabmap: Updating parameters
[rtabmap-14] [INFO] [1768033603.227126057] [rtabmap]: RTAB-Map rate detection = 2.000000 Hz
[rtabmap-14] [INFO] [1768033603.268197142] [rtabmap]: Parameters event received!
[rtabmap-14] [INFO] [1768033603.268286217] [rtabmap]: Setting RTAB-Map parameter "Bayes/VirtualPlacePriorThr"="0.9"
[rtabmap-14] [INFO] [1768033603.268317384] [rtabmap]: rtabmap: Updating parameters
[rtabmap-14] [INFO] [1768033603.268420236] [rtabmap]: RTAB-Map rate detection = 2.000000 Hz
[rtabmap-14] [INFO] [1768033603.299865152] [rtabmap]: Parameters event received!
[rtabmap-14] [INFO] [1768033603.299982931] [rtabmap]: Setting RTAB-Map parameter "Db/TargetVersion"=""
[rtabmap-14] [INFO] [1768033603.300008598] [rtabmap]: rtabmap: Updating parameters
[rtabmap-14] [INFO] [1768033603.300059728] [rtabmap]: RTAB-Map rate detection = 2.000000 Hz
[superpoint_node-2] [INFO] [1768033603.325220909] [superpoint_node]: Keypoints estratti: 800
[superpoint_node-2] [ERROR] [1768033603.331894239] [superpoint_node]: Errore pubblicazione keypoints 3D: could not assign tuple of length 3 to structure with 4 fields.
[rtabmap-14] [INFO] [1768033603.344778267] [rtabmap]: Parameters event received!
[rtabmap-14] [INFO] [1768033603.344868009] [rtabmap]: Setting RTAB-Map parameter "DbSqlite3/CacheSize"="10000"
[rtabmap-14] [INFO] [1768033603.344895768] [rtabmap]: rtabmap: Updating parameters
[rtabmap-14] [INFO] [1768033603.344941547] [rtabmap]: RTAB-Map rate detection = 2.000000 Hz
[rtabmap-14] [INFO] [1768033603.399043216] [rtabmap]: Parameters event received!
[rtabmap-14] [INFO] [1768033603.399166198] [rtabmap]: Setting RTAB-Map parameter "DbSqlite3/InMemory"="false"
[rtabmap-14] [INFO] [1768033603.399202551] [rtabmap]: rtabmap: Updating parameters
[rtabmap-14] [INFO] [1768033603.399256940] [rtabmap]: RTAB-Map rate detection = 2.000000 Hz
[superpoint_node-2] [INFO] [1768033603.429117806] [superpoint_node]: Keypoints estratti: 800
[superpoint_node-2] [ERROR] [1768033603.435729914] [superpoint_node]: Errore pubblicazione keypoints 3D: could not assign tuple of length 3 to structure with 4 fields.
[rtabmap-14] [INFO] [1768033603.438011043] [rtabmap]: Parameters event received!
[rtabmap-14] [INFO] [1768033603.438121507] [rtabmap]: Setting RTAB-Map parameter "DbSqlite3/JournalMode"="3"
[rtabmap-14] [INFO] [1768033603.438169119] [rtabmap]: rtabmap: Updating parameters
[rtabmap-14] [INFO] [1768033603.438224841] [rtabmap]: RTAB-Map rate detection = 2.000000 Hz
[rtabmap-14] [INFO] [1768033603.463749025] [rtabmap]: Parameters event received!
[rtabmap-14] [INFO] [1768033603.463842970] [rtabmap]: Setting RTAB-Map parameter "DbSqlite3/Synchronous"="0"
[rtabmap-14] [INFO] [1768033603.463875267] [rtabmap]: rtabmap: Updating parameters
[rtabmap-14] [INFO] [1768033603.463921082] [rtabmap]: RTAB-Map rate detection = 2.000000 Hz
[rtabmap-14] [INFO] [1768033603.483699498] [rtabmap]: Parameters event received!
[rtabmap-14] [INFO] [1768033603.483795258] [rtabmap]: Setting RTAB-Map parameter "DbSqlite3/TempStore"="2"
[rtabmap-14] [INFO] [1768033603.483818610] [rtabmap]: rtabmap: Updating parameters
[rtabmap-14] [INFO] [1768033603.483858240] [rtabmap]: RTAB-Map rate detection = 2.000000 Hz
[rtabmap-14] [INFO] [1768033603.514398815] [rtabmap]: Parameters event received!
[rtabmap-14] [INFO] [1768033603.514568428] [rtabmap]: Setting RTAB-Map parameter "FAST/CV"="0"
[rtabmap-14] [INFO] [1768033603.514615521] [rtabmap]: rtabmap: Updating parameters
[rtabmap-14] [INFO] [1768033603.514676003] [rtabmap]: RTAB-Map rate detection = 2.000000 Hz
[superpoint_node-2] [INFO] [1768033603.541199417] [superpoint_node]: Keypoints estratti: 800
[superpoint_node-2] [ERROR] [1768033603.548679383] [superpoint_node]: Errore pubblicazione keypoints 3D: could not assign tuple of length 3 to structure with 4 fields.
[superpoint_node-2] [INFO] [1768033603.656569775] [superpoint_node]: Keypoints estratti: 800
[rtabmap-14] [INFO] [1768033603.658592699] [rtabmap]: rtabmap (264): Rate=0.50s, Limit=0.001s, Conversion=0.0002s, RTAB-Map=0.0884s, Maps update=0.0003s pub=0.0009s delay=0.1743s (local map=0, WM=0)
[superpoint_node-2] [ERROR] [1768033603.664989064] [superpoint_node]: Errore pubblicazione keypoints 3D: could not assign tuple of length 3 to structure with 4 fields.
[rtabmap-14] [INFO] [1768033603.672820497] [rtabmap]: Parameters event received!
[rtabmap-14] [INFO] [1768033603.672904275] [rtabmap]: Setting RTAB-Map parameter "FAST/Gpu"="false"
[rtabmap-14] [INFO] [1768033603.672926201] [rtabmap]: rtabmap: Updating parameters
[rtabmap-14] [INFO] [1768033603.672963053] [rtabmap]: RTAB-Map rate detection = 2.000000 Hz
[rtabmap-14] [INFO] [1768033603.702857068] [rtabmap]: Parameters event received!
[rtabmap-14] [INFO] [1768033603.703005347] [rtabmap]: Setting RTAB-Map parameter "FAST/GpuKeypointsRatio"="0.05"
[rtabmap-14] [INFO] [1768033603.703036681] [rtabmap]: rtabmap: Updating parameters
[rtabmap-14] [INFO] [1768033603.703084292] [rtabmap]: RTAB-Map rate detection = 2.000000 Hz
[rtabmap-14] [33m[ WARN] (2026-01-10 09:26:43.129) Features2d.cpp:658::create() BRIEF, FREAK and DAISY features cannot be used because OpenCV was not built with xfeatures2d module. GFTT/ORB is used instead.[0m
[rtabmap-14] [33m[ WARN] (2026-01-10 09:26:43.157) Features2d.cpp:658::create() BRIEF, FREAK and DAISY features cannot be used because OpenCV was not built with xfeatures2d module. GFTT/ORB is used instead.[0m
[rtabmap-14] [33m[ WARN] (2026-01-10 09:26:43.164) Features2d.cpp:658::create() BRIEF, FREAK and DAISY features cannot be used because OpenCV was not built with xfeatures2d module. GFTT/ORB is used instead.[0m
[rtabmap-14] [33m[ WARN] (2026-01-10 09:26:43.164) Features2d.cpp:658::create() BRIEF, FREAK and DAISY features cannot be used because OpenCV was not built with xfeatures2d module. GFTT/ORB is used instead.[0m
[rtabmap-14] [33m[ WARN] (2026-01-10 09:26:43.187) Features2d.cpp:658::create() BRIEF, FREAK and DAISY features cannot be used because OpenCV was not built with xfeatures2d module. GFTT/ORB is used instead.[0m
[rtabmap-14] [33m[ WARN] (2026-01-10 09:26:43.198) Features2d.cpp:658::create() BRIEF, FREAK and DAISY features cannot be used because OpenCV was not built with xfeatures2d module. GFTT/ORB is used instead.[0m
[rtabmap-14] [33m[ WARN] (2026-01-10 09:26:43.199) Features2d.cpp:658::create() BRIEF, FREAK and DAISY features cannot be used because OpenCV was not built with xfeatures2d module. GFTT/ORB is used instead.[0m
[rtabmap-14] [33m[ WARN] (2026-01-10 09:26:43.227) Features2d.cpp:658::create() BRIEF, FREAK and DAISY features cannot be used because OpenCV was not built with xfeatures2d module. GFTT/ORB is used instead.[0m
[rtabmap-14] [33m[ WARN] (2026-01-10 09:26:43.229) Features2d.cpp:658::create() BRIEF, FREAK and DAISY features cannot be used because OpenCV was not built with xfeatures2d module. GFTT/ORB is used instead.[0m
[rtabmap-14] [33m[ WARN] (2026-01-10 09:26:43.237) Features2d.cpp:658::create() BRIEF, FREAK and DAISY features cannot be used because OpenCV was not built with xfeatures2d module. GFTT/ORB is used instead.[0m
[rtabmap-14] [33m[ WARN] (2026-01-10 09:26:43.269) Features2d.cpp:658::create() BRIEF, FREAK and DAISY features cannot be used because OpenCV was not built with xfeatures2d module. GFTT/ORB is used instead.[0m
[rtabmap-14] [33m[ WARN] (2026-01-10 09:26:43.270) Features2d.cpp:658::create() BRIEF, FREAK and DAISY features cannot be used because OpenCV was not built with xfeatures2d module. GFTT/ORB is used instead.[0m
[rtabmap-14] [33m[ WARN] (2026-01-10 09:26:43.287) Features2d.cpp:658::create() BRIEF, FREAK and DAISY features cannot be used because OpenCV was not built with xfeatures2d module. GFTT/ORB is used instead.[0m
[rtabmap-14] [33m[ WARN] (2026-01-10 09:26:43.300) Features2d.cpp:658::create() BRIEF, FREAK and DAISY features cannot be used because OpenCV was not built with xfeatures2d module. GFTT/ORB is used instead.[0m
[rtabmap-14] [33m[ WARN] (2026-01-10 09:26:43.316) Features2d.cpp:658::create() BRIEF, FREAK and DAISY features cannot be used because OpenCV was not built with xfeatures2d module. GFTT/ORB is used instead.[0m
[rtabmap-14] [33m[ WARN] (2026-01-10 09:26:43.317) Features2d.cpp:658::create() BRIEF, FREAK and DAISY features cannot be used because OpenCV was not built with xfeatures2d module. GFTT/ORB is used instead.[0m
[rtabmap-14] [33m[ WARN] (2026-01-10 09:26:43.345) Features2d.cpp:658::create() BRIEF, FREAK and DAISY features cannot be used because OpenCV was not built with xfeatures2d module. GFTT/ORB is used instead.[0m
[rtabmap-14] [33m[ WARN] (2026-01-10 09:26:43.358) Features2d.cpp:658::create() BRIEF, FREAK and DAISY features cannot be used because OpenCV was not built with xfeatures2d module. GFTT/ORB is used instead.[0m
[rtabmap-14] [33m[ WARN] (2026-01-10 09:26:43.362) Features2d.cpp:658::create() BRIEF, FREAK and DAISY features cannot be used because OpenCV was not built with xfeatures2d module. GFTT/ORB is used instead.[0m
[rtabmap-14] [33m[ WARN] (2026-01-10 09:26:43.400) Features2d.cpp:658::create() BRIEF, FREAK and DAISY features cannot be used because OpenCV was not built with xfeatures2d module. GFTT/ORB is used instead.[0m
[rtabmap-14] [33m[ WARN] (2026-01-10 09:26:43.401) Features2d.cpp:658::create() BRIEF, FREAK and DAISY features cannot be used because OpenCV was not built with xfeatures2d module. GFTT/ORB is used instead.[0m
[rtabmap-14] [33m[ WARN] (2026-01-10 09:26:43.402) Features2d.cpp:658::create() BRIEF, FREAK and DAISY features cannot be used because OpenCV was not built with xfeatures2d module. GFTT/ORB is used instead.[0m
[rtabmap-14] [33m[ WARN] (2026-01-10 09:26:43.438) Features2d.cpp:658::create() BRIEF, FREAK and DAISY features cannot be used because OpenCV was not built with xfeatures2d module. GFTT/ORB is used instead.[0m
[rtabmap-14] [33m[ WARN] (2026-01-10 09:26:43.448) Features2d.cpp:658::create() BRIEF, FREAK and DAISY features cannot be used because OpenCV was not built with xfeatures2d module. GFTT/ORB is used instead.[0m
[rtabmap-14] [33m[ WARN] (2026-01-10 09:26:43.449) Features2d.cpp:658::create() BRIEF, FREAK and DAISY features cannot be used because OpenCV was not built with xfeatures2d module. GFTT/ORB is used instead.[0m
[rtabmap-14] [33m[ WARN] (2026-01-10 09:26:43.464) Features2d.cpp:658::create() BRIEF, FREAK and DAISY features cannot be used because OpenCV was not built with xfeatures2d module. GFTT/ORB is used instead.[0m
[rtabmap-14] [33m[ WARN] (2026-01-10 09:26:43.465) Features2d.cpp:658::create() BRIEF, FREAK and DAISY features cannot be used because OpenCV was not built with xfeatures2d module. GFTT/ORB is used instead.[0m
[rtabmap-14] [33m[ WARN] (2026-01-10 09:26:43.466) Features2d.cpp:658::create() BRIEF, FREAK and DAISY features cannot be used because OpenCV was not built with xfeatures2d module. GFTT/ORB is used instead.[0m
[rtabmap-14] [33m[ WARN] (2026-01-10 09:26:43.484) Features2d.cpp:658::create() BRIEF, FREAK and DAISY features cannot be used because OpenCV was not built with xfeatures2d module. GFTT/ORB is used instead.[0m
[rtabmap-14] [33m[ WARN] (2026-01-10 09:26:43.485) Features2d.cpp:658::create() BRIEF, FREAK and DAISY features cannot be used because OpenCV was not built with xfeatures2d module. GFTT/ORB is used instead.[0m
[rtabmap-14] [33m[ WARN] (2026-01-10 09:26:43.501) Features2d.cpp:658::create() BRIEF, FREAK and DAISY features cannot be used because OpenCV was not built with xfeatures2d module. GFTT/ORB is used instead.[0m
[rtabmap-14] [33m[ WARN] (2026-01-10 09:26:43.527) Features2d.cpp:658::create() BRIEF, FREAK and DAISY features cannot be used because OpenCV was not built with xfeatures2d module. GFTT/ORB is used instead.[0m
[rtabmap-14] [33m[ WARN] (2026-01-10 09:26:43.529) Features2d.cpp:658::create() BRIEF, FREAK and DAISY features cannot be used because OpenCV was not built with xfeatures2d module. GFTT/ORB is used instead.[0m
[rtabmap-14] [33m[ WARN] (2026-01-10 09:26:43.530) Features2d.cpp:658::create() BRIEF, FREAK and DAISY features cannot be used because OpenCV was not built with xfeatures2d module. GFTT/ORB is used instead.[0m
[rtabmap-14] [33m[ WARN] (2026-01-10 09:26:43.657) MapsManager.cpp:863::publishMaps() Graph has changed! The whole cloud is regenerated.[0m
[rtabmap-14] [33m[ WARN] (2026-01-10 09:26:43.658) OccupancyGrid.cpp:169::getProbMap() Map info is empty, cannot generate probabilistic occupancy grid[0m
[rtabmap-14] [33m[ WARN] (2026-01-10 09:26:43.673) Features2d.cpp:658::create() BRIEF, FREAK and DAISY features cannot be used because OpenCV was not built with xfeatures2d module. GFTT/ORB is used instead.[0m
[rtabmap-14] [33m[ WARN] (2026-01-10 09:26:43.689) Features2d.cpp:658::create() BRIEF, FREAK and DAISY features cannot be used because OpenCV was not built with xfeatures2d module. GFTT/ORB is used instead.[0m
[rtabmap-14] [33m[ WARN] (2026-01-10 09:26:43.689) Features2d.cpp:658::create() BRIEF, FREAK and DAISY features cannot be used because OpenCV was not built with xfeatures2d module. GFTT/ORB is used instead.[0m
[rtabmap-14] [33m[ WARN] (2026-01-10 09:26:43.704) Features2d.cpp:658::create() BRIEF, FREAK and DAISY features cannot be used because OpenCV was not built with xfeatures2d module. GFTT/ORB is used instead.[0m
[rtabmap-14] [33m[ WARN] (2026-01-10 09:26:43.710) Features2d.cpp:658::create() BRIEF, FREAK and DAISY features cannot be used because OpenCV was not built with xfeatures2d module. GFTT/ORB is used instead.[0m
[rtabmap-14] [INFO] [1768033603.729397704] [rtabmap]: Parameters event received!
[rtabmap-14] [INFO] [1768033603.729515909] [rtabmap]: Setting RTAB-Map parameter "FAST/GridCols"="0"
[rtabmap-14] [INFO] [1768033603.729551002] [rtabmap]: rtabmap: Updating parameters
[rtabmap-14] [INFO] [1768033603.729608947] [rtabmap]: RTAB-Map rate detection = 2.000000 Hz
[superpoint_node-2] [INFO] [1768033603.769054370] [superpoint_node]: Keypoints estratti: 800
[superpoint_node-2] [ERROR] [1768033603.775625460] [superpoint_node]: Errore pubblicazione keypoints 3D: could not assign tuple of length 3 to structure with 4 fields.
[rtabmap-14] [INFO] [1768033603.776816302] [rtabmap]: Parameters event received!
[rtabmap-14] [INFO] [1768033603.776898284] [rtabmap]: Setting RTAB-Map parameter "FAST/GridRows"="0"
[rtabmap-14] [INFO] [1768033603.776924433] [rtabmap]: rtabmap: Updating parameters
[rtabmap-14] [INFO] [1768033603.776964767] [rtabmap]: RTAB-Map rate detection = 2.000000 Hz
[rtabmap-14] [INFO] [1768033603.811009351] [rtabmap]: Parameters event received!
[rtabmap-14] [INFO] [1768033603.811098130] [rtabmap]: Setting RTAB-Map parameter "FAST/MaxThreshold"="200"
[rtabmap-14] [INFO] [1768033603.811129500] [rtabmap]: rtabmap: Updating parameters
[rtabmap-14] [INFO] [1768033603.811178019] [rtabmap]: RTAB-Map rate detection = 2.000000 Hz
[rtabmap-14] [INFO] [1768033603.843296626] [rtabmap]: Parameters event received!
[rtabmap-14] [INFO] [1768033603.843393108] [rtabmap]: Setting RTAB-Map parameter "FAST/MinThreshold"="7"
[rtabmap-14] [INFO] [1768033603.843418071] [rtabmap]: rtabmap: Updating parameters
[rtabmap-14] [INFO] [1768033603.843459497] [rtabmap]: RTAB-Map rate detection = 2.000000 Hz
[superpoint_node-2] [INFO] [1768033603.877326488] [superpoint_node]: Keypoints estratti: 800
[superpoint_node-2] [ERROR] [1768033603.883934911] [superpoint_node]: Errore pubblicazione keypoints 3D: could not assign tuple of length 3 to structure with 4 fields.
[rtabmap-14] [INFO] [1768033603.885768018] [rtabmap]: Parameters event received!
[rtabmap-14] [INFO] [1768033603.885850963] [rtabmap]: Setting RTAB-Map parameter "FAST/NonmaxSuppression"="true"
[rtabmap-14] [INFO] [1768033603.885878167] [rtabmap]: rtabmap: Updating parameters
[rtabmap-14] [INFO] [1768033603.885924667] [rtabmap]: RTAB-Map rate detection = 2.000000 Hz
[rtabmap-14] [INFO] [1768033603.957490605] [rtabmap]: Parameters event received!
[rtabmap-14] [INFO] [1768033603.957579179] [rtabmap]: Setting RTAB-Map parameter "FAST/Threshold"="20"
[rtabmap-14] [INFO] [1768033603.957607717] [rtabmap]: rtabmap: Updating parameters
[rtabmap-14] [INFO] [1768033603.957650958] [rtabmap]: RTAB-Map rate detection = 2.000000 Hz
[rtabmap-14] [INFO] [1768033603.993192906] [rtabmap]: Parameters event received!
[rtabmap-14] [INFO] [1768033603.993336555] [rtabmap]: Setting RTAB-Map parameter "FREAK/NOctaves"="4"
[rtabmap-14] [INFO] [1768033603.993373944] [rtabmap]: rtabmap: Updating parameters
[rtabmap-14] [INFO] [1768033603.993444130] [rtabmap]: RTAB-Map rate detection = 2.000000 Hz
[superpoint_node-2] [INFO] [1768033604.020448678] [superpoint_node]: Keypoints estratti: 800
[superpoint_node-2] [ERROR] [1768033604.028881318] [superpoint_node]: Errore pubblicazione keypoints 3D: could not assign tuple of length 3 to structure with 4 fields.
[rtabmap-14] [INFO] [1768033604.031486043] [rtabmap]: Parameters event received!
[rtabmap-14] [INFO] [1768033604.031577451] [rtabmap]: Setting RTAB-Map parameter "FREAK/OrientationNormalized"="true"
[rtabmap-14] [INFO] [1768033604.031600284] [rtabmap]: rtabmap: Updating parameters
[rtabmap-14] [INFO] [1768033604.031639081] [rtabmap]: RTAB-Map rate detection = 2.000000 Hz
[rtabmap-14] [INFO] [1768033604.056755947] [rtabmap]: Parameters event received!
[rtabmap-14] [INFO] [1768033604.056879355] [rtabmap]: Setting RTAB-Map parameter "FREAK/PatternScale"="22"
[rtabmap-14] [INFO] [1768033604.056914855] [rtabmap]: rtabmap: Updating parameters
[rtabmap-14] [INFO] [1768033604.056956263] [rtabmap]: RTAB-Map rate detection = 2.000000 Hz
[rtabmap-14] [INFO] [1768033604.092913752] [rtabmap]: Parameters event received!
[rtabmap-14] [INFO] [1768033604.093054568] [rtabmap]: Setting RTAB-Map parameter "FREAK/ScaleNormalized"="true"
[rtabmap-14] [INFO] [1768033604.093093290] [rtabmap]: rtabmap: Updating parameters
[rtabmap-14] [INFO] [1768033604.093158013] [rtabmap]: RTAB-Map rate detection = 2.000000 Hz
[superpoint_node-2] [INFO] [1768033604.124324575] [superpoint_node]: Keypoints estratti: 800
[superpoint_node-2] [ERROR] [1768033604.130780015] [superpoint_node]: Errore pubblicazione keypoints 3D: could not assign tuple of length 3 to structure with 4 fields.
[rtabmap-14] [INFO] [1768033604.213714154] [rtabmap]: rtabmap (265): Rate=0.50s, Limit=0.001s, Conversion=0.0004s, RTAB-Map=0.0715s, Maps update=0.0146s pub=0.0024s delay=0.1409s (local map=0, WM=0)
[rtabmap-14] [INFO] [1768033604.221551493] [rtabmap]: Parameters event received!
[rtabmap-14] [INFO] [1768033604.221709717] [rtabmap]: Setting RTAB-Map parameter "GFTT/BlockSize"="3"
[rtabmap-14] [INFO] [1768033604.221750402] [rtabmap]: rtabmap: Updating parameters
[rtabmap-14] [INFO] [1768033604.221842496] [rtabmap]: RTAB-Map rate detection = 2.000000 Hz
[superpoint_node-2] [INFO] [1768033604.231480405] [superpoint_node]: Keypoints estratti: 800
[superpoint_node-2] [ERROR] [1768033604.238199551] [superpoint_node]: Errore pubblicazione keypoints 3D: could not assign tuple of length 3 to structure with 4 fields.
[rtabmap-14] [INFO] [1768033604.265779288] [rtabmap]: Parameters event received!
[rtabmap-14] [INFO] [1768033604.265868271] [rtabmap]: Setting RTAB-Map parameter "GFTT/Gpu"="false"
[rtabmap-14] [INFO] [1768033604.265893215] [rtabmap]: rtabmap: Updating parameters
[rtabmap-14] [INFO] [1768033604.265976049] [rtabmap]: RTAB-Map rate detection = 2.000000 Hz
[rtabmap-14] [INFO] [1768033604.306878299] [rtabmap]: Parameters event received!
[rtabmap-14] [INFO] [1768033604.306999448] [rtabmap]: Setting RTAB-Map parameter "GFTT/K"="0.04"
[rtabmap-14] [INFO] [1768033604.307024819] [rtabmap]: rtabmap: Updating parameters
[rtabmap-14] [INFO] [1768033604.307073042] [rtabmap]: RTAB-Map rate detection = 2.000000 Hz
[superpoint_node-2] [INFO] [1768033604.332068721] [superpoint_node]: Keypoints estratti: 800
[rtabmap-14] [INFO] [1768033604.336373163] [rtabmap]: Parameters event received!
[rtabmap-14] [INFO] [1768033604.336459052] [rtabmap]: Setting RTAB-Map parameter "GFTT/MinDistance"="7"
[rtabmap-14] [INFO] [1768033604.336499293] [rtabmap]: rtabmap: Updating parameters
[rtabmap-14] [INFO] [1768033604.336539608] [rtabmap]: RTAB-Map rate detection = 2.000000 Hz
[rtabmap-14] [33m[ WARN] (2026-01-10 09:26:43.711) Features2d.cpp:658::create() BRIEF, FREAK and DAISY features cannot be used because OpenCV was not built with xfeatures2d module. GFTT/ORB is used instead.[0m
[rtabmap-14] [33m[ WARN] (2026-01-10 09:26:43.734) Features2d.cpp:658::create() BRIEF, FREAK and DAISY features cannot be used because OpenCV was not built with xfeatures2d module. GFTT/ORB is used instead.[0m
[rtabmap-14] [33m[ WARN] (2026-01-10 09:26:43.736) Features2d.cpp:658::create() BRIEF, FREAK and DAISY features cannot be used because OpenCV was not built with xfeatures2d module. GFTT/ORB is used instead.[0m
[rtabmap-14] [33m[ WARN] (2026-01-10 09:26:43.750) Features2d.cpp:658::create() BRIEF, FREAK and DAISY features cannot be used because OpenCV was not built with xfeatures2d module. GFTT/ORB is used instead.[0m
[rtabmap-14] [33m[ WARN] (2026-01-10 09:26:43.777) Features2d.cpp:658::create() BRIEF, FREAK and DAISY features cannot be used because OpenCV was not built with xfeatures2d module. GFTT/ORB is used instead.[0m
[rtabmap-14] [33m[ WARN] (2026-01-10 09:26:43.789) Features2d.cpp:658::create() BRIEF, FREAK and DAISY features cannot be used because OpenCV was not built with xfeatures2d module. GFTT/ORB is used instead.[0m
[rtabmap-14] [33m[ WARN] (2026-01-10 09:26:43.789) Features2d.cpp:658::create() BRIEF, FREAK and DAISY features cannot be used because OpenCV was not built with xfeatures2d module. GFTT/ORB is used instead.[0m
[rtabmap-14] [33m[ WARN] (2026-01-10 09:26:43.811) Features2d.cpp:658::create() BRIEF, FREAK and DAISY features cannot be used because OpenCV was not built with xfeatures2d module. GFTT/ORB is used instead.[0m
[rtabmap-14] [33m[ WARN] (2026-01-10 09:26:43.812) Features2d.cpp:658::create() BRIEF, FREAK and DAISY features cannot be used because OpenCV was not built with xfeatures2d module. GFTT/ORB is used instead.[0m
[rtabmap-14] [33m[ WARN] (2026-01-10 09:26:43.813) Features2d.cpp:658::create() BRIEF, FREAK and DAISY features cannot be used because OpenCV was not built with xfeatures2d module. GFTT/ORB is used instead.[0m
[rtabmap-14] [33m[ WARN] (2026-01-10 09:26:43.844) Features2d.cpp:658::create() BRIEF, FREAK and DAISY features cannot be used because OpenCV was not built with xfeatures2d module. GFTT/ORB is used instead.[0m
[rtabmap-14] [33m[ WARN] (2026-01-10 09:26:43.845) Features2d.cpp:658::create() BRIEF, FREAK and DAISY features cannot be used because OpenCV was not built with xfeatures2d module. GFTT/ORB is used instead.[0m
[rtabmap-14] [33m[ WARN] (2026-01-10 09:26:43.845) Features2d.cpp:658::create() BRIEF, FREAK and DAISY features cannot be used because OpenCV was not built with xfeatures2d module. GFTT/ORB is used instead.[0m
[rtabmap-14] [33m[ WARN] (2026-01-10 09:26:43.886) Features2d.cpp:658::create() BRIEF, FREAK and DAISY features cannot be used because OpenCV was not built with xfeatures2d module. GFTT/ORB is used instead.[0m
[rtabmap-14] [33m[ WARN] (2026-01-10 09:26:43.896) Features2d.cpp:658::create() BRIEF, FREAK and DAISY features cannot be used because OpenCV was not built with xfeatures2d module. GFTT/ORB is used instead.[0m
[rtabmap-14] [33m[ WARN] (2026-01-10 09:26:43.904) Features2d.cpp:658::create() BRIEF, FREAK and DAISY features cannot be used because OpenCV was not built with xfeatures2d module. GFTT/ORB is used instead.[0m
[rtabmap-14] [33m[ WARN] (2026-01-10 09:26:43.958) Features2d.cpp:658::create() BRIEF, FREAK and DAISY features cannot be used because OpenCV was not built with xfeatures2d module. GFTT/ORB is used instead.[0m
[rtabmap-14] [33m[ WARN] (2026-01-10 09:26:43.959) Features2d.cpp:658::create() BRIEF, FREAK and DAISY features cannot be used because OpenCV was not built with xfeatures2d module. GFTT/ORB is used instead.[0m
[rtabmap-14] [33m[ WARN] (2026-01-10 09:26:43.960) Features2d.cpp:658::create() BRIEF, FREAK and DAISY features cannot be used because OpenCV was not built with xfeatures2d module. GFTT/ORB is used instead.[0m
[rtabmap-14] [33m[ WARN] (2026-01-10 09:26:43.994) Features2d.cpp:658::create() BRIEF, FREAK and DAISY features cannot be used because OpenCV was not built with xfeatures2d module. GFTT/ORB is used instead.[0m
[rtabmap-14] [33m[ WARN] (2026-01-10 09:26:43.995) Features2d.cpp:658::create() BRIEF, FREAK and DAISY features cannot be used because OpenCV was not built with xfeatures2d module. GFTT/ORB is used instead.[0m
[rtabmap-14] [33m[ WARN] (2026-01-10 09:26:44.012) Features2d.cpp:658::create() BRIEF, FREAK and DAISY features cannot be used because OpenCV was not built with xfeatures2d module. GFTT/ORB is used instead.[0m
[rtabmap-14] [33m[ WARN] (2026-01-10 09:26:44.032) Features2d.cpp:658::create() BRIEF, FREAK and DAISY features cannot be used because OpenCV was not built with xfeatures2d module. GFTT/ORB is used instead.[0m
[rtabmap-14] [33m[ WARN] (2026-01-10 09:26:44.033) Features2d.cpp:658::create() BRIEF, FREAK and DAISY features cannot be used because OpenCV was not built with xfeatures2d module. GFTT/ORB is used instead.[0m
[rtabmap-14] [33m[ WARN] (2026-01-10 09:26:44.034) Features2d.cpp:658::create() BRIEF, FREAK and DAISY features cannot be used because OpenCV was not built with xfeatures2d module. GFTT/ORB is used instead.[0m
[rtabmap-14] [33m[ WARN] (2026-01-10 09:26:44.057) Features2d.cpp:658::create() BRIEF, FREAK and DAISY features cannot be used because OpenCV was not built with xfeatures2d module. GFTT/ORB is used instead.[0m
[rtabmap-14] [33m[ WARN] (2026-01-10 09:26:44.068) Features2d.cpp:658::create() BRIEF, FREAK and DAISY features cannot be used because OpenCV was not built with xfeatures2d module. GFTT/ORB is used instead.[0m
[rtabmap-14] [33m[ WARN] (2026-01-10 09:26:44.068) Features2d.cpp:658::create() BRIEF, FREAK and DAISY features cannot be used because OpenCV was not built with xfeatures2d module. GFTT/ORB is used instead.[0m
[rtabmap-14] [33m[ WARN] (2026-01-10 09:26:44.094) Features2d.cpp:658::create() BRIEF, FREAK and DAISY features cannot be used because OpenCV was not built with xfeatures2d module. GFTT/ORB is used instead.[0m
[rtabmap-14] [33m[ WARN] (2026-01-10 09:26:44.106) Features2d.cpp:658::create() BRIEF, FREAK and DAISY features cannot be used because OpenCV was not built with xfeatures2d module. GFTT/ORB is used instead.[0m
[rtabmap-14] [33m[ WARN] (2026-01-10 09:26:44.107) Features2d.cpp:658::create() BRIEF, FREAK and DAISY features cannot be used because OpenCV was not built with xfeatures2d module. GFTT/ORB is used instead.[0m
[rtabmap-14] [33m[ WARN] (2026-01-10 09:26:44.211) MapsManager.cpp:863::publishMaps() Graph has changed! The whole cloud is regenerated.[0m
[rtabmap-14] [33m[ WARN] (2026-01-10 09:26:44.212) OccupancyGrid.cpp:169::getProbMap() Map info is empty, cannot generate probabilistic occupancy grid[0m
[rtabmap-14] [33m[ WARN] (2026-01-10 09:26:44.223) Features2d.cpp:658::create() BRIEF, FREAK and DAISY features cannot be used because OpenCV was not built with xfeatures2d module. GFTT/ORB is used instead.[0m
[rtabmap-14] [33m[ WARN] (2026-01-10 09:26:44.235) Features2d.cpp:658::create() BRIEF, FREAK and DAISY features cannot be used because OpenCV was not built with xfeatures2d module. GFTT/ORB is used instead.[0m
[rtabmap-14] [33m[ WARN] (2026-01-10 09:26:44.236) Features2d.cpp:658::create() BRIEF, FREAK and DAISY features cannot be used because OpenCV was not built with xfeatures2d module. GFTT/ORB is used instead.[0m
[rtabmap-14] [33m[ WARN] (2026-01-10 09:26:44.270) Features2d.cpp:658::create() BRIEF, FREAK and DAISY features cannot be used because OpenCV was not built with xfeatures2d module. GFTT/ORB is used instead.[0m
[rtabmap-14] [33m[ WARN] (2026-01-10 09:26:44.271) Features2d.cpp:658::create() BRIEF, FREAK and DAISY features cannot be used because OpenCV was not built with xfeatures2d module. GFTT/ORB is used instead.[0m
[rtabmap-14] [33m[ WARN] (2026-01-10 09:26:44.272) Features2d.cpp:658::create() BRIEF, FREAK and DAISY features cannot be used because OpenCV was not built with xfeatures2d module. GFTT/ORB is used instead.[0m
[rtabmap-14] [33m[ WARN] (2026-01-10 09:26:44.308) Features2d.cpp:658::create() BRIEF, FREAK and DAISY features cannot be used because OpenCV was not built with xfeatures2d module. GFTT/ORB is used instead.[0m
[rtabmap-14] [33m[ WARN] (2026-01-10 09:26:44.313) Features2d.cpp:658::create() BRIEF, FREAK and DAISY features cannot be used because OpenCV was not built with xfeatures2d module. GFTT/ORB is used instead.[0m
[rtabmap-14] [33m[ WARN] (2026-01-10 09:26:44.314) Features2d.cpp:658::create() BRIEF, FREAK and DAISY features cannot be used because OpenCV was not built with xfeatures2d module. GFTT/ORB is used instead.[0m
[superpoint_node-2] [ERROR] [1768033604.338952942] [superpoint_node]: Errore pubblicazione keypoints 3D: could not assign tuple of length 3 to structure with 4 fields.
[rtabmap-14] [INFO] [1768033604.357513645] [rtabmap]: Parameters event received!
[rtabmap-14] [INFO] [1768033604.357600146] [rtabmap]: Setting RTAB-Map parameter "GFTT/QualityLevel"="0.001"
[rtabmap-14] [INFO] [1768033604.357628924] [rtabmap]: rtabmap: Updating parameters
[rtabmap-14] [INFO] [1768033604.366835571] [rtabmap]: RTAB-Map rate detection = 2.000000 Hz
[rtabmap-14] [INFO] [1768033604.398372672] [rtabmap]: Parameters event received!
[rtabmap-14] [INFO] [1768033604.398491710] [rtabmap]: Setting RTAB-Map parameter "GFTT/UseHarrisDetector"="false"
[rtabmap-14] [INFO] [1768033604.398525266] [rtabmap]: rtabmap: Updating parameters
[rtabmap-14] [INFO] [1768033604.398578767] [rtabmap]: RTAB-Map rate detection = 2.000000 Hz
[rtabmap-14] [INFO] [1768033604.421348725] [rtabmap]: Parameters event received!
[rtabmap-14] [INFO] [1768033604.421480300] [rtabmap]: Setting RTAB-Map parameter "GMS/ThresholdFactor"="6.0"
[rtabmap-14] [INFO] [1768033604.421543782] [rtabmap]: rtabmap: Updating parameters
[rtabmap-14] [INFO] [1768033604.421605560] [rtabmap]: RTAB-Map rate detection = 2.000000 Hz
[superpoint_node-2] [INFO] [1768033604.434263346] [superpoint_node]: Keypoints estratti: 800
[superpoint_node-2] [ERROR] [1768033604.442294502] [superpoint_node]: Errore pubblicazione keypoints 3D: could not assign tuple of length 3 to structure with 4 fields.
[rtabmap-14] [INFO] [1768033604.452761789] [rtabmap]: Parameters event received!
[rtabmap-14] [INFO] [1768033604.452851215] [rtabmap]: Setting RTAB-Map parameter "GMS/WithRotation"="false"
[rtabmap-14] [INFO] [1768033604.452884086] [rtabmap]: rtabmap: Updating parameters
[rtabmap-14] [INFO] [1768033604.452949290] [rtabmap]: RTAB-Map rate detection = 2.000000 Hz
[rtabmap-14] [INFO] [1768033604.472321759] [rtabmap]: Parameters event received!
[rtabmap-14] [INFO] [1768033604.472408518] [rtabmap]: Setting RTAB-Map parameter "GMS/WithScale"="false"
[rtabmap-14] [INFO] [1768033604.472434685] [rtabmap]: rtabmap: Updating parameters
[rtabmap-14] [INFO] [1768033604.477479429] [rtabmap]: RTAB-Map rate detection = 2.000000 Hz
[rtabmap-14] [INFO] [1768033604.514400907] [rtabmap]: Parameters event received!
[rtabmap-14] [INFO] [1768033604.514538297] [rtabmap]: Setting RTAB-Map parameter "GTSAM/IncRelinearizeSkip"="1"
[rtabmap-14] [INFO] [1768033604.514575297] [rtabmap]: rtabmap: Updating parameters
[rtabmap-14] [INFO] [1768033604.514631501] [rtabmap]: RTAB-Map rate detection = 2.000000 Hz
[superpoint_node-2] [INFO] [1768033604.543108579] [superpoint_node]: Keypoints estratti: 800
[rtabmap-14] [INFO] [1768033604.549370795] [rtabmap]: Parameters event received!
[rtabmap-14] [INFO] [1768033604.549450777] [rtabmap]: Setting RTAB-Map parameter "GTSAM/IncRelinearizeThreshold"="0.01"
[rtabmap-14] [INFO] [1768033604.549474555] [rtabmap]: rtabmap: Updating parameters
[rtabmap-14] [INFO] [1768033604.549513759] [rtabmap]: RTAB-Map rate detection = 2.000000 Hz
[superpoint_node-2] [ERROR] [1768033604.549965263] [superpoint_node]: Errore pubblicazione keypoints 3D: could not assign tuple of length 3 to structure with 4 fields.
[rtabmap-14] [INFO] [1768033604.571749435] [rtabmap]: Parameters event received!
[rtabmap-14] [INFO] [1768033604.571834269] [rtabmap]: Setting RTAB-Map parameter "GTSAM/Incremental"="false"
[rtabmap-14] [INFO] [1768033604.571862807] [rtabmap]: rtabmap: Updating parameters
[rtabmap-14] [INFO] [1768033604.571907418] [rtabmap]: RTAB-Map rate detection = 2.000000 Hz
[rtabmap-14] [INFO] [1768033604.605793390] [rtabmap]: Parameters event received!
[rtabmap-14] [INFO] [1768033604.606096911] [rtabmap]: Setting RTAB-Map parameter "GTSAM/Optimizer"="1"
[rtabmap-14] [INFO] [1768033604.609602698] [rtabmap]: rtabmap: Updating parameters
[rtabmap-14] [INFO] [1768033604.609713033] [rtabmap]: RTAB-Map rate detection = 2.000000 Hz
[rtabmap-14] [INFO] [1768033604.635419273] [rtabmap]: Parameters event received!
[rtabmap-14] [INFO] [1768033604.635647720] [rtabmap]: Setting RTAB-Map parameter "Grid/3D"="true"
[rtabmap-14] [INFO] [1768033604.635735350] [rtabmap]: rtabmap: Updating parameters
[rtabmap-14] [INFO] [1768033604.635828443] [rtabmap]: RTAB-Map rate detection = 2.000000 Hz
[superpoint_node-2] [INFO] [1768033604.649080178] [superpoint_node]: Keypoints estratti: 800
[superpoint_node-2] [ERROR] [1768033604.656798406] [superpoint_node]: Errore pubblicazione keypoints 3D: could not assign tuple of length 3 to structure with 4 fields.
[superpoint_node-2] [INFO] [1768033604.753066298] [superpoint_node]: Keypoints estratti: 800
[rtabmap-14] [INFO] [1768033604.755630578] [rtabmap]: rtabmap (266): Rate=0.50s, Limit=0.001s, Conversion=0.0002s, RTAB-Map=0.0743s, Maps update=0.0017s pub=0.0030s delay=0.1579s (local map=0, WM=0)
[superpoint_node-2] [ERROR] [1768033604.760684951] [superpoint_node]: Errore pubblicazione keypoints 3D: could not assign tuple of length 3 to structure with 4 fields.
[rtabmap-14] [INFO] [1768033604.761960480] [rtabmap]: Parameters event received!
[rtabmap-14] [INFO] [1768033604.762046610] [rtabmap]: Setting RTAB-Map parameter "Grid/CellSize"="0.05"
[rtabmap-14] [INFO] [1768033604.762104703] [rtabmap]: rtabmap: Updating parameters
[rtabmap-14] [INFO] [1768033604.762151833] [rtabmap]: RTAB-Map rate detection = 2.000000 Hz
[rtabmap-14] [INFO] [1768033604.788288948] [rtabmap]: Parameters event received!
[rtabmap-14] [INFO] [1768033604.788385152] [rtabmap]: Setting RTAB-Map parameter "Grid/ClusterRadius"="0.1"
[rtabmap-14] [INFO] [1768033604.788416875] [rtabmap]: rtabmap: Updating parameters
[rtabmap-14] [INFO] [1768033604.788462375] [rtabmap]: RTAB-Map rate detection = 2.000000 Hz
[rtabmap-14] [INFO] [1768033604.816361578] [rtabmap]: Parameters event received!
[rtabmap-14] [INFO] [1768033604.816516542] [rtabmap]: Setting RTAB-Map parameter "Grid/DepthDecimation"="4"
[rtabmap-14] [INFO] [1768033604.816555764] [rtabmap]: rtabmap: Updating parameters
[rtabmap-14] [INFO] [1768033604.816612802] [rtabmap]: RTAB-Map rate detection = 2.000000 Hz
[rtabmap-14] [33m[ WARN] (2026-01-10 09:26:44.337) Features2d.cpp:658::create() BRIEF, FREAK and DAISY features cannot be used because OpenCV was not built with xfeatures2d module. GFTT/ORB is used instead.[0m
[rtabmap-14] [33m[ WARN] (2026-01-10 09:26:44.339) Features2d.cpp:658::create() BRIEF, FREAK and DAISY features cannot be used because OpenCV was not built with xfeatures2d module. GFTT/ORB is used instead.[0m
[rtabmap-14] [33m[ WARN] (2026-01-10 09:26:44.349) Features2d.cpp:658::create() BRIEF, FREAK and DAISY features cannot be used because OpenCV was not built with xfeatures2d module. GFTT/ORB is used instead.[0m
[rtabmap-14] [33m[ WARN] (2026-01-10 09:26:44.367) Features2d.cpp:658::create() BRIEF, FREAK and DAISY features cannot be used because OpenCV was not built with xfeatures2d module. GFTT/ORB is used instead.[0m
[rtabmap-14] [33m[ WARN] (2026-01-10 09:26:44.368) Features2d.cpp:658::create() BRIEF, FREAK and DAISY features cannot be used because OpenCV was not built with xfeatures2d module. GFTT/ORB is used instead.[0m
[rtabmap-14] [33m[ WARN] (2026-01-10 09:26:44.369) Features2d.cpp:658::create() BRIEF, FREAK and DAISY features cannot be used because OpenCV was not built with xfeatures2d module. GFTT/ORB is used instead.[0m
[rtabmap-14] [33m[ WARN] (2026-01-10 09:26:44.399) Features2d.cpp:658::create() BRIEF, FREAK and DAISY features cannot be used because OpenCV was not built with xfeatures2d module. GFTT/ORB is used instead.[0m
[rtabmap-14] [33m[ WARN] (2026-01-10 09:26:44.400) Features2d.cpp:658::create() BRIEF, FREAK and DAISY features cannot be used because OpenCV was not built with xfeatures2d module. GFTT/ORB is used instead.[0m
[rtabmap-14] [33m[ WARN] (2026-01-10 09:26:44.403) Features2d.cpp:658::create() BRIEF, FREAK and DAISY features cannot be used because OpenCV was not built with xfeatures2d module. GFTT/ORB is used instead.[0m
[rtabmap-14] [33m[ WARN] (2026-01-10 09:26:44.431) Features2d.cpp:658::create() BRIEF, FREAK and DAISY features cannot be used because OpenCV was not built with xfeatures2d module. GFTT/ORB is used instead.[0m
[rtabmap-14] [33m[ WARN] (2026-01-10 09:26:44.433) Features2d.cpp:658::create() BRIEF, FREAK and DAISY features cannot be used because OpenCV was not built with xfeatures2d module. GFTT/ORB is used instead.[0m
[rtabmap-14] [33m[ WARN] (2026-01-10 09:26:44.437) Features2d.cpp:658::create() BRIEF, FREAK and DAISY features cannot be used because OpenCV was not built with xfeatures2d module. GFTT/ORB is used instead.[0m
[rtabmap-14] [33m[ WARN] (2026-01-10 09:26:44.453) Features2d.cpp:658::create() BRIEF, FREAK and DAISY features cannot be used because OpenCV was not built with xfeatures2d module. GFTT/ORB is used instead.[0m
[rtabmap-14] [33m[ WARN] (2026-01-10 09:26:44.456) Features2d.cpp:658::create() BRIEF, FREAK and DAISY features cannot be used because OpenCV was not built with xfeatures2d module. GFTT/ORB is used instead.[0m
[rtabmap-14] [33m[ WARN] (2026-01-10 09:26:44.457) Features2d.cpp:658::create() BRIEF, FREAK and DAISY features cannot be used because OpenCV was not built with xfeatures2d module. GFTT/ORB is used instead.[0m
[rtabmap-14] [33m[ WARN] (2026-01-10 09:26:44.485) Features2d.cpp:658::create() BRIEF, FREAK and DAISY features cannot be used because OpenCV was not built with xfeatures2d module. GFTT/ORB is used instead.[0m
[rtabmap-14] [33m[ WARN] (2026-01-10 09:26:44.486) Features2d.cpp:658::create() BRIEF, FREAK and DAISY features cannot be used because OpenCV was not built with xfeatures2d module. GFTT/ORB is used instead.[0m
[rtabmap-14] [33m[ WARN] (2026-01-10 09:26:44.493) Features2d.cpp:658::create() BRIEF, FREAK and DAISY features cannot be used because OpenCV was not built with xfeatures2d module. GFTT/ORB is used instead.[0m
[rtabmap-14] [33m[ WARN] (2026-01-10 09:26:44.515) Features2d.cpp:658::create() BRIEF, FREAK and DAISY features cannot be used because OpenCV was not built with xfeatures2d module. GFTT/ORB is used instead.[0m
[rtabmap-14] [33m[ WARN] (2026-01-10 09:26:44.526) Features2d.cpp:658::create() BRIEF, FREAK and DAISY features cannot be used because OpenCV was not built with xfeatures2d module. GFTT/ORB is used instead.[0m
[rtabmap-14] [33m[ WARN] (2026-01-10 09:26:44.527) Features2d.cpp:658::create() BRIEF, FREAK and DAISY features cannot be used because OpenCV was not built with xfeatures2d module. GFTT/ORB is used instead.[0m
[rtabmap-14] [33m[ WARN] (2026-01-10 09:26:44.550) Features2d.cpp:658::create() BRIEF, FREAK and DAISY features cannot be used because OpenCV was not built with xfeatures2d module. GFTT/ORB is used instead.[0m
[rtabmap-14] [33m[ WARN] (2026-01-10 09:26:44.551) Features2d.cpp:658::create() BRIEF, FREAK and DAISY features cannot be used because OpenCV was not built with xfeatures2d module. GFTT/ORB is used instead.[0m
[rtabmap-14] [33m[ WARN] (2026-01-10 09:26:44.559) Features2d.cpp:658::create() BRIEF, FREAK and DAISY features cannot be used because OpenCV was not built with xfeatures2d module. GFTT/ORB is used instead.[0m
[rtabmap-14] [33m[ WARN] (2026-01-10 09:26:44.572) Features2d.cpp:658::create() BRIEF, FREAK and DAISY features cannot be used because OpenCV was not built with xfeatures2d module. GFTT/ORB is used instead.[0m
[rtabmap-14] [33m[ WARN] (2026-01-10 09:26:44.583) Features2d.cpp:658::create() BRIEF, FREAK and DAISY features cannot be used because OpenCV was not built with xfeatures2d module. GFTT/ORB is used instead.[0m
[rtabmap-14] [33m[ WARN] (2026-01-10 09:26:44.584) Features2d.cpp:658::create() BRIEF, FREAK and DAISY features cannot be used because OpenCV was not built with xfeatures2d module. GFTT/ORB is used instead.[0m
[rtabmap-14] [33m[ WARN] (2026-01-10 09:26:44.610) Features2d.cpp:658::create() BRIEF, FREAK and DAISY features cannot be used because OpenCV was not built with xfeatures2d module. GFTT/ORB is used instead.[0m
[rtabmap-14] [33m[ WARN] (2026-01-10 09:26:44.616) Features2d.cpp:658::create() BRIEF, FREAK and DAISY features cannot be used because OpenCV was not built with xfeatures2d module. GFTT/ORB is used instead.[0m
[rtabmap-14] [33m[ WARN] (2026-01-10 09:26:44.618) Features2d.cpp:658::create() BRIEF, FREAK and DAISY features cannot be used because OpenCV was not built with xfeatures2d module. GFTT/ORB is used instead.[0m
[rtabmap-14] [33m[ WARN] (2026-01-10 09:26:44.636) Features2d.cpp:658::create() BRIEF, FREAK and DAISY features cannot be used because OpenCV was not built with xfeatures2d module. GFTT/ORB is used instead.[0m
[rtabmap-14] [33m[ WARN] (2026-01-10 09:26:44.638) Features2d.cpp:658::create() BRIEF, FREAK and DAISY features cannot be used because OpenCV was not built with xfeatures2d module. GFTT/ORB is used instead.[0m
[rtabmap-14] [33m[ WARN] (2026-01-10 09:26:44.655) Features2d.cpp:658::create() BRIEF, FREAK and DAISY features cannot be used because OpenCV was not built with xfeatures2d module. GFTT/ORB is used instead.[0m
[rtabmap-14] [33m[ WARN] (2026-01-10 09:26:44.752) MapsManager.cpp:863::publishMaps() Graph has changed! The whole cloud is regenerated.[0m
[rtabmap-14] [33m[ WARN] (2026-01-10 09:26:44.755) OccupancyGrid.cpp:169::getProbMap() Map info is empty, cannot generate probabilistic occupancy grid[0m
[rtabmap-14] [33m[ WARN] (2026-01-10 09:26:44.766) Features2d.cpp:658::create() BRIEF, FREAK and DAISY features cannot be used because OpenCV was not built with xfeatures2d module. GFTT/ORB is used instead.[0m
[rtabmap-14] [33m[ WARN] (2026-01-10 09:26:44.768) Features2d.cpp:658::create() BRIEF, FREAK and DAISY features cannot be used because OpenCV was not built with xfeatures2d module. GFTT/ORB is used instead.[0m
[rtabmap-14] [33m[ WARN] (2026-01-10 09:26:44.769) Features2d.cpp:658::create() BRIEF, FREAK and DAISY features cannot be used because OpenCV was not built with xfeatures2d module. GFTT/ORB is used instead.[0m
[rtabmap-14] [33m[ WARN] (2026-01-10 09:26:44.789) Features2d.cpp:658::create() BRIEF, FREAK and DAISY features cannot be used because OpenCV was not built with xfeatures2d module. GFTT/ORB is used instead.[0m
[rtabmap-14] [33m[ WARN] (2026-01-10 09:26:44.790) Features2d.cpp:658::create() BRIEF, FREAK and DAISY features cannot be used because OpenCV was not built with xfeatures2d module. GFTT/ORB is used instead.[0m
[rtabmap-14] [33m[ WARN] (2026-01-10 09:26:44.795) Features2d.cpp:658::create() BRIEF, FREAK and DAISY features cannot be used because OpenCV was not built with xfeatures2d module. GFTT/ORB is used instead.[0m
[rtabmap-14] [INFO] [1768033604.850480700] [rtabmap]: Parameters event received!
[rtabmap-14] [INFO] [1768033604.850632423] [rtabmap]: Setting RTAB-Map parameter "Grid/DepthRoiRatios"="0.0 0.0 0.0 0.0"
[rtabmap-14] [INFO] [1768033604.850664220] [rtabmap]: rtabmap: Updating parameters
[rtabmap-14] [INFO] [1768033604.850763461] [rtabmap]: RTAB-Map rate detection = 2.000000 Hz
[superpoint_node-2] [INFO] [1768033604.855327183] [superpoint_node]: Keypoints estratti: 800
[superpoint_node-2] [ERROR] [1768033604.861798882] [superpoint_node]: Errore pubblicazione keypoints 3D: could not assign tuple of length 3 to structure with 4 fields.
[rtabmap-14] [INFO] [1768033604.870812602] [rtabmap]: Parameters event received!
[rtabmap-14] [INFO] [1768033604.870923825] [rtabmap]: Setting RTAB-Map parameter "Grid/FlatObstacleDetected"="true"
[rtabmap-14] [INFO] [1768033604.870958325] [rtabmap]: rtabmap: Updating parameters
[rtabmap-14] [INFO] [1768033604.871007937] [rtabmap]: RTAB-Map rate detection = 2.000000 Hz
[rtabmap-14] [INFO] [1768033604.892404514] [rtabmap]: Parameters event received!
[rtabmap-14] [INFO] [1768033604.892491885] [rtabmap]: Setting RTAB-Map parameter "Grid/FootprintHeight"="0.0"
[rtabmap-14] [INFO] [1768033604.892524829] [rtabmap]: rtabmap: Updating parameters
[rtabmap-14] [INFO] [1768033604.892577830] [rtabmap]: RTAB-Map rate detection = 2.000000 Hz
[rtabmap-14] [INFO] [1768033604.924146691] [rtabmap]: Parameters event received!
[rtabmap-14] [INFO] [1768033604.924227581] [rtabmap]: Setting RTAB-Map parameter "Grid/FootprintLength"="0.0"
[rtabmap-14] [INFO] [1768033604.924248655] [rtabmap]: rtabmap: Updating parameters
[rtabmap-14] [INFO] [1768033604.924285877] [rtabmap]: RTAB-Map rate detection = 2.000000 Hz
[rtabmap-14] [INFO] [1768033604.956608300] [rtabmap]: Parameters event received!
[rtabmap-14] [INFO] [1768033604.956735671] [rtabmap]: Setting RTAB-Map parameter "Grid/FootprintWidth"="0.0"
[superpoint_node-2] [INFO] [1768033604.961579062] [superpoint_node]: Keypoints estratti: 800
[rtabmap-14] [INFO] [1768033604.963768524] [rtabmap]: rtabmap: Updating parameters
[rtabmap-14] [INFO] [1768033604.963847728] [rtabmap]: RTAB-Map rate detection = 2.000000 Hz
[superpoint_node-2] [ERROR] [1768033604.969295882] [superpoint_node]: Errore pubblicazione keypoints 3D: could not assign tuple of length 3 to structure with 4 fields.
[rtabmap-14] [INFO] [1768033604.999035044] [rtabmap]: Parameters event received!
[rtabmap-14] [INFO] [1768033604.999146211] [rtabmap]: Setting RTAB-Map parameter "Grid/GroundIsObstacle"="false"
[rtabmap-14] [INFO] [1768033604.999185952] [rtabmap]: rtabmap: Updating parameters
[rtabmap-14] [INFO] [1768033604.999234471] [rtabmap]: RTAB-Map rate detection = 2.000000 Hz
[rtabmap-14] [INFO] [1768033605.045209410] [rtabmap]: Parameters event received!
[rtabmap-14] [INFO] [1768033605.045332392] [rtabmap]: Setting RTAB-Map parameter "Grid/MapFrameProjection"="false"
[rtabmap-14] [INFO] [1768033605.045357929] [rtabmap]: rtabmap: Updating parameters
[rtabmap-14] [INFO] [1768033605.045402115] [rtabmap]: RTAB-Map rate detection = 2.000000 Hz
[rtabmap-14] [INFO] [1768033605.079573645] [rtabmap]: Parameters event received!
[rtabmap-14] [INFO] [1768033605.079674849] [rtabmap]: Setting RTAB-Map parameter "Grid/MaxGroundAngle"="45"
[rtabmap-14] [INFO] [1768033605.079701887] [rtabmap]: rtabmap: Updating parameters
[rtabmap-14] [INFO] [1768033605.079742406] [rtabmap]: RTAB-Map rate detection = 2.000000 Hz
[superpoint_node-2] [INFO] [1768033605.079594534] [superpoint_node]: Keypoints estratti: 800
[superpoint_node-2] [ERROR] [1768033605.088357974] [superpoint_node]: Errore pubblicazione keypoints 3D: could not assign tuple of length 3 to structure with 4 fields.
[rtabmap-14] [INFO] [1768033605.100840554] [rtabmap]: Parameters event received!
[rtabmap-14] [INFO] [1768033605.100942555] [rtabmap]: Setting RTAB-Map parameter "Grid/MaxGroundHeight"="0.0"
[rtabmap-14] [INFO] [1768033605.100977111] [rtabmap]: rtabmap: Updating parameters
[rtabmap-14] [INFO] [1768033605.101024759] [rtabmap]: RTAB-Map rate detection = 2.000000 Hz
[rtabmap-14] [INFO] [1768033605.127024762] [rtabmap]: Parameters event received!
[rtabmap-14] [INFO] [1768033605.127103929] [rtabmap]: Setting RTAB-Map parameter "Grid/MaxObstacleHeight"="0.0"
[rtabmap-14] [INFO] [1768033605.127125559] [rtabmap]: rtabmap: Updating parameters
[rtabmap-14] [INFO] [1768033605.127158189] [rtabmap]: RTAB-Map rate detection = 2.000000 Hz
[rtabmap-14] [INFO] [1768033605.161611684] [rtabmap]: Parameters event received!
[rtabmap-14] [INFO] [1768033605.161708333] [rtabmap]: Setting RTAB-Map parameter "Grid/MinClusterSize"="8"
[rtabmap-14] [INFO] [1768033605.161771870] [rtabmap]: rtabmap: Updating parameters
[rtabmap-14] [INFO] [1768033605.161824038] [rtabmap]: RTAB-Map rate detection = 2.000000 Hz
[superpoint_node-2] [INFO] [1768033605.202018838] [superpoint_node]: Keypoints estratti: 800
[superpoint_node-2] [ERROR] [1768033605.210771722] [superpoint_node]: Errore pubblicazione keypoints 3D: could not assign tuple of length 3 to structure with 4 fields.
[rtabmap-14] [INFO] [1768033605.263783642] [rtabmap]: rtabmap (267): Rate=0.50s, Limit=0.001s, Conversion=0.0003s, RTAB-Map=0.0619s, Maps update=0.0009s pub=0.0102s delay=0.1277s (local map=0, WM=0)
[rtabmap-14] [INFO] [1768033605.280957852] [rtabmap]: Parameters event received!
[rtabmap-14] [INFO] [1768033605.281100298] [rtabmap]: Setting RTAB-Map parameter "Grid/MinGroundHeight"="0.0"
[rtabmap-14] [INFO] [1768033605.281166780] [rtabmap]: rtabmap: Updating parameters
[rtabmap-14] [INFO] [1768033605.281245336] [rtabmap]: RTAB-Map rate detection = 2.000000 Hz
[superpoint_node-2] [INFO] [1768033605.318446408] [superpoint_node]: Keypoints estratti: 800
[rtabmap-14] [INFO] [1768033605.319910198] [rtabmap]: Parameters event received!
[rtabmap-14] [INFO] [1768033605.319998013] [rtabmap]: Setting RTAB-Map parameter "Grid/NoiseFilteringMinNeighbors"="3"
[rtabmap-14] [INFO] [1768033605.320028347] [rtabmap]: rtabmap: Updating parameters
[rtabmap-14] [INFO] [1768033605.320071477] [rtabmap]: RTAB-Map rate detection = 2.000000 Hz
[superpoint_node-2] [ERROR] [1768033605.326409694] [superpoint_node]: Errore pubblicazione keypoints 3D: could not assign tuple of length 3 to structure with 4 fields.
[rtabmap-14] [33m[ WARN] (2026-01-10 09:26:44.820) Features2d.cpp:658::create() BRIEF, FREAK and DAISY features cannot be used because OpenCV was not built with xfeatures2d module. GFTT/ORB is used instead.[0m
[rtabmap-14] [33m[ WARN] (2026-01-10 09:26:44.825) Features2d.cpp:658::create() BRIEF, FREAK and DAISY features cannot be used because OpenCV was not built with xfeatures2d module. GFTT/ORB is used instead.[0m
[rtabmap-14] [33m[ WARN] (2026-01-10 09:26:44.826) Features2d.cpp:658::create() BRIEF, FREAK and DAISY features cannot be used because OpenCV was not built with xfeatures2d module. GFTT/ORB is used instead.[0m
[rtabmap-14] [33m[ WARN] (2026-01-10 09:26:44.853) Features2d.cpp:658::create() BRIEF, FREAK and DAISY features cannot be used because OpenCV was not built with xfeatures2d module. GFTT/ORB is used instead.[0m
[rtabmap-14] [33m[ WARN] (2026-01-10 09:26:44.856) Features2d.cpp:658::create() BRIEF, FREAK and DAISY features cannot be used because OpenCV was not built with xfeatures2d module. GFTT/ORB is used instead.[0m
[rtabmap-14] [33m[ WARN] (2026-01-10 09:26:44.863) Features2d.cpp:658::create() BRIEF, FREAK and DAISY features cannot be used because OpenCV was not built with xfeatures2d module. GFTT/ORB is used instead.[0m
[rtabmap-14] [33m[ WARN] (2026-01-10 09:26:44.871) Features2d.cpp:658::create() BRIEF, FREAK and DAISY features cannot be used because OpenCV was not built with xfeatures2d module. GFTT/ORB is used instead.[0m
[rtabmap-14] [33m[ WARN] (2026-01-10 09:26:44.880) Features2d.cpp:658::create() BRIEF, FREAK and DAISY features cannot be used because OpenCV was not built with xfeatures2d module. GFTT/ORB is used instead.[0m
[rtabmap-14] [33m[ WARN] (2026-01-10 09:26:44.887) Features2d.cpp:658::create() BRIEF, FREAK and DAISY features cannot be used because OpenCV was not built with xfeatures2d module. GFTT/ORB is used instead.[0m
[rtabmap-14] [33m[ WARN] (2026-01-10 09:26:44.893) Features2d.cpp:658::create() BRIEF, FREAK and DAISY features cannot be used because OpenCV was not built with xfeatures2d module. GFTT/ORB is used instead.[0m
[rtabmap-14] [33m[ WARN] (2026-01-10 09:26:44.894) Features2d.cpp:658::create() BRIEF, FREAK and DAISY features cannot be used because OpenCV was not built with xfeatures2d module. GFTT/ORB is used instead.[0m
[rtabmap-14] [33m[ WARN] (2026-01-10 09:26:44.899) Features2d.cpp:658::create() BRIEF, FREAK and DAISY features cannot be used because OpenCV was not built with xfeatures2d module. GFTT/ORB is used instead.[0m
[rtabmap-14] [33m[ WARN] (2026-01-10 09:26:44.925) Features2d.cpp:658::create() BRIEF, FREAK and DAISY features cannot be used because OpenCV was not built with xfeatures2d module. GFTT/ORB is used instead.[0m
[rtabmap-14] [33m[ WARN] (2026-01-10 09:26:44.926) Features2d.cpp:658::create() BRIEF, FREAK and DAISY features cannot be used because OpenCV was not built with xfeatures2d module. GFTT/ORB is used instead.[0m
[rtabmap-14] [33m[ WARN] (2026-01-10 09:26:44.940) Features2d.cpp:658::create() BRIEF, FREAK and DAISY features cannot be used because OpenCV was not built with xfeatures2d module. GFTT/ORB is used instead.[0m
[rtabmap-14] [33m[ WARN] (2026-01-10 09:26:44.964) Features2d.cpp:658::create() BRIEF, FREAK and DAISY features cannot be used because OpenCV was not built with xfeatures2d module. GFTT/ORB is used instead.[0m
[rtabmap-14] [33m[ WARN] (2026-01-10 09:26:44.971) Features2d.cpp:658::create() BRIEF, FREAK and DAISY features cannot be used because OpenCV was not built with xfeatures2d module. GFTT/ORB is used instead.[0m
[rtabmap-14] [33m[ WARN] (2026-01-10 09:26:44.972) Features2d.cpp:658::create() BRIEF, FREAK and DAISY features cannot be used because OpenCV was not built with xfeatures2d module. GFTT/ORB is used instead.[0m
[rtabmap-14] [33m[ WARN] (2026-01-10 09:26:44.999) Features2d.cpp:658::create() BRIEF, FREAK and DAISY features cannot be used because OpenCV was not built with xfeatures2d module. GFTT/ORB is used instead.[0m
[rtabmap-14] [33m[ WARN] (2026-01-10 09:26:45.001) Features2d.cpp:658::create() BRIEF, FREAK and DAISY features cannot be used because OpenCV was not built with xfeatures2d module. GFTT/ORB is used instead.[0m
[rtabmap-14] [33m[ WARN] (2026-01-10 09:26:45.001) Features2d.cpp:658::create() BRIEF, FREAK and DAISY features cannot be used because OpenCV was not built with xfeatures2d module. GFTT/ORB is used instead.[0m
[rtabmap-14] [33m[ WARN] (2026-01-10 09:26:45.046) Features2d.cpp:658::create() BRIEF, FREAK and DAISY features cannot be used because OpenCV was not built with xfeatures2d module. GFTT/ORB is used instead.[0m
[rtabmap-14] [33m[ WARN] (2026-01-10 09:26:45.063) Features2d.cpp:658::create() BRIEF, FREAK and DAISY features cannot be used because OpenCV was not built with xfeatures2d module. GFTT/ORB is used instead.[0m
[rtabmap-14] [33m[ WARN] (2026-01-10 09:26:45.064) Features2d.cpp:658::create() BRIEF, FREAK and DAISY features cannot be used because OpenCV was not built with xfeatures2d module. GFTT/ORB is used instead.[0m
[rtabmap-14] [33m[ WARN] (2026-01-10 09:26:45.082) Features2d.cpp:658::create() BRIEF, FREAK and DAISY features cannot be used because OpenCV was not built with xfeatures2d module. GFTT/ORB is used instead.[0m
[rtabmap-14] [33m[ WARN] (2026-01-10 09:26:45.084) Features2d.cpp:658::create() BRIEF, FREAK and DAISY features cannot be used because OpenCV was not built with xfeatures2d module. GFTT/ORB is used instead.[0m
[rtabmap-14] [33m[ WARN] (2026-01-10 09:26:45.084) Features2d.cpp:658::create() BRIEF, FREAK and DAISY features cannot be used because OpenCV was not built with xfeatures2d module. GFTT/ORB is used instead.[0m
[rtabmap-14] [33m[ WARN] (2026-01-10 09:26:45.101) Features2d.cpp:658::create() BRIEF, FREAK and DAISY features cannot be used because OpenCV was not built with xfeatures2d module. GFTT/ORB is used instead.[0m
[rtabmap-14] [33m[ WARN] (2026-01-10 09:26:45.111) Features2d.cpp:658::create() BRIEF, FREAK and DAISY features cannot be used because OpenCV was not built with xfeatures2d module. GFTT/ORB is used instead.[0m
[rtabmap-14] [33m[ WARN] (2026-01-10 09:26:45.112) Features2d.cpp:658::create() BRIEF, FREAK and DAISY features cannot be used because OpenCV was not built with xfeatures2d module. GFTT/ORB is used instead.[0m
[rtabmap-14] [33m[ WARN] (2026-01-10 09:26:45.127) Features2d.cpp:658::create() BRIEF, FREAK and DAISY features cannot be used because OpenCV was not built with xfeatures2d module. GFTT/ORB is used instead.[0m
[rtabmap-14] [33m[ WARN] (2026-01-10 09:26:45.129) Features2d.cpp:658::create() BRIEF, FREAK and DAISY features cannot be used because OpenCV was not built with xfeatures2d module. GFTT/ORB is used instead.[0m
[rtabmap-14] [33m[ WARN] (2026-01-10 09:26:45.129) Features2d.cpp:658::create() BRIEF, FREAK and DAISY features cannot be used because OpenCV was not built with xfeatures2d module. GFTT/ORB is used instead.[0m
[rtabmap-14] [33m[ WARN] (2026-01-10 09:26:45.162) Features2d.cpp:658::create() BRIEF, FREAK and DAISY features cannot be used because OpenCV was not built with xfeatures2d module. GFTT/ORB is used instead.[0m
[rtabmap-14] [33m[ WARN] (2026-01-10 09:26:45.163) Features2d.cpp:658::create() BRIEF, FREAK and DAISY features cannot be used because OpenCV was not built with xfeatures2d module. GFTT/ORB is used instead.[0m
[rtabmap-14] [33m[ WARN] (2026-01-10 09:26:45.164) Features2d.cpp:658::create() BRIEF, FREAK and DAISY features cannot be used because OpenCV was not built with xfeatures2d module. GFTT/ORB is used instead.[0m
[rtabmap-14] [33m[ WARN] (2026-01-10 09:26:45.253) MapsManager.cpp:863::publishMaps() Graph has changed! The whole cloud is regenerated.[0m
[rtabmap-14] [33m[ WARN] (2026-01-10 09:26:45.260) OccupancyGrid.cpp:169::getProbMap() Map info is empty, cannot generate probabilistic occupancy grid[0m
[rtabmap-14] [33m[ WARN] (2026-01-10 09:26:45.284) Features2d.cpp:658::create() BRIEF, FREAK and DAISY features cannot be used because OpenCV was not built with xfeatures2d module. GFTT/ORB is used instead.[0m
[rtabmap-14] [33m[ WARN] (2026-01-10 09:26:45.294) Features2d.cpp:658::create() BRIEF, FREAK and DAISY features cannot be used because OpenCV was not built with xfeatures2d module. GFTT/ORB is used instead.[0m
[rtabmap-14] [33m[ WARN] (2026-01-10 09:26:45.295) Features2d.cpp:658::create() BRIEF, FREAK and DAISY features cannot be used because OpenCV was not built with xfeatures2d module. GFTT/ORB is used instead.[0m
[rtabmap-14] [33m[ WARN] (2026-01-10 09:26:45.327) Features2d.cpp:658::create() BRIEF, FREAK and DAISY features cannot be used because OpenCV was not built with xfeatures2d module. GFTT/ORB is used instead.[0m
[rtabmap-14] [INFO] [1768033605.359678309] [rtabmap]: Parameters event received!
[rtabmap-14] [INFO] [1768033605.359776588] [rtabmap]: Setting RTAB-Map parameter "Grid/NoiseFilteringRadius"="0.08"
[rtabmap-14] [INFO] [1768033605.359805588] [rtabmap]: rtabmap: Updating parameters
[rtabmap-14] [INFO] [1768033605.359853348] [rtabmap]: RTAB-Map rate detection = 2.000000 Hz
[rtabmap-14] [INFO] [1768033605.381070460] [rtabmap]: Parameters event received!
[rtabmap-14] [INFO] [1768033605.382041746] [rtabmap]: Setting RTAB-Map parameter "Grid/NormalK"="20"
[rtabmap-14] [INFO] [1768033605.382107931] [rtabmap]: rtabmap: Updating parameters
[rtabmap-14] [INFO] [1768033605.382169932] [rtabmap]: RTAB-Map rate detection = 2.000000 Hz
[rtabmap-14] [INFO] [1768033605.417832733] [rtabmap]: Parameters event received!
[rtabmap-14] [INFO] [1768033605.417945419] [rtabmap]: Setting RTAB-Map parameter "Grid/NormalsSegmentation"="true"
[rtabmap-14] [INFO] [1768033605.417983271] [rtabmap]: rtabmap: Updating parameters
[rtabmap-14] [INFO] [1768033605.418035142] [rtabmap]: RTAB-Map rate detection = 2.000000 Hz
[superpoint_node-2] [INFO] [1768033605.431894381] [superpoint_node]: Keypoints estratti: 800
[rtabmap-14] [INFO] [1768033605.435144500] [rtabmap]: Parameters event received!
[rtabmap-14] [INFO] [1768033605.435239186] [rtabmap]: Setting RTAB-Map parameter "Grid/PreVoxelFiltering"="true"
[rtabmap-14] [INFO] [1768033605.435265630] [rtabmap]: rtabmap: Updating parameters
[rtabmap-14] [INFO] [1768033605.435306371] [rtabmap]: RTAB-Map rate detection = 2.000000 Hz
[superpoint_node-2] [ERROR] [1768033605.439980075] [superpoint_node]: Errore pubblicazione keypoints 3D: could not assign tuple of length 3 to structure with 4 fields.
[rtabmap-14] [INFO] [1768033605.458594723] [rtabmap]: Parameters event received!
[rtabmap-14] [INFO] [1768033605.458673464] [rtabmap]: Setting RTAB-Map parameter "Grid/RangeMax"="4.0"
[rtabmap-14] [INFO] [1768033605.458695427] [rtabmap]: rtabmap: Updating parameters
[rtabmap-14] [INFO] [1768033605.458780483] [rtabmap]: RTAB-Map rate detection = 2.000000 Hz
[rtabmap-14] [INFO] [1768033605.482941601] [rtabmap]: Parameters event received!
[rtabmap-14] [INFO] [1768033605.483018583] [rtabmap]: Setting RTAB-Map parameter "Grid/RangeMin"="0.15"
[rtabmap-14] [INFO] [1768033605.483062750] [rtabmap]: rtabmap: Updating parameters
[rtabmap-14] [INFO] [1768033605.483102713] [rtabmap]: RTAB-Map rate detection = 2.000000 Hz
[rtabmap-14] [INFO] [1768033605.523009585] [rtabmap]: Parameters event received!
[rtabmap-14] [INFO] [1768033605.523139512] [rtabmap]: Setting RTAB-Map parameter "Grid/RayTracing"="true"
[rtabmap-14] [INFO] [1768033605.523167160] [rtabmap]: rtabmap: Updating parameters
[rtabmap-14] [INFO] [1768033605.523223253] [rtabmap]: RTAB-Map rate detection = 2.000000 Hz
[superpoint_node-2] [INFO] [1768033605.535805205] [superpoint_node]: Keypoints estratti: 800
[superpoint_node-2] [ERROR] [1768033605.544754035] [superpoint_node]: Errore pubblicazione keypoints 3D: could not assign tuple of length 3 to structure with 4 fields.
[rtabmap-14] [INFO] [1768033605.546515253] [rtabmap]: Parameters event received!
[rtabmap-14] [INFO] [1768033605.546609254] [rtabmap]: Setting RTAB-Map parameter "Grid/Scan2dUnknownSpaceFilled"="false"
[rtabmap-14] [INFO] [1768033605.546638013] [rtabmap]: rtabmap: Updating parameters
[rtabmap-14] [INFO] [1768033605.546688847] [rtabmap]: RTAB-Map rate detection = 2.000000 Hz
[rtabmap-14] [INFO] [1768033605.579703831] [rtabmap]: Parameters event received!
[rtabmap-14] [INFO] [1768033605.579804109] [rtabmap]: Setting RTAB-Map parameter "Grid/ScanDecimation"="1"
[rtabmap-14] [INFO] [1768033605.579841165] [rtabmap]: rtabmap: Updating parameters
[rtabmap-14] [INFO] [1768033605.579886832] [rtabmap]: RTAB-Map rate detection = 2.000000 Hz
[rtabmap-14] [INFO] [1768033605.622609189] [rtabmap]: Parameters event received!
[rtabmap-14] [INFO] [1768033605.634072465] [rtabmap]: Setting RTAB-Map parameter "Grid/Sensor"="1"
[rtabmap-14] [INFO] [1768033605.634124706] [rtabmap]: rtabmap: Updating parameters
[rtabmap-14] [INFO] [1768033605.634171170] [rtabmap]: RTAB-Map rate detection = 2.000000 Hz
[superpoint_node-2] [INFO] [1768033605.644723494] [superpoint_node]: Keypoints estratti: 800
[superpoint_node-2] [ERROR] [1768033605.652402833] [superpoint_node]: Errore pubblicazione keypoints 3D: could not assign tuple of length 3 to structure with 4 fields.
[rtabmap-14] [INFO] [1768033605.663305012] [rtabmap]: Parameters event received!
[rtabmap-14] [INFO] [1768033605.663390568] [rtabmap]: Setting RTAB-Map parameter "GridGlobal/AltitudeDelta"="0"
[rtabmap-14] [INFO] [1768033605.663414161] [rtabmap]: rtabmap: Updating parameters
[rtabmap-14] [INFO] [1768033605.663456568] [rtabmap]: RTAB-Map rate detection = 2.000000 Hz
[rtabmap-14] [INFO] [1768033605.688948548] [rtabmap]: Parameters event received!
[rtabmap-14] [INFO] [1768033605.689038216] [rtabmap]: Setting RTAB-Map parameter "GridGlobal/Eroded"="false"
[rtabmap-14] [INFO] [1768033605.689068494] [rtabmap]: rtabmap: Updating parameters
[rtabmap-14] [INFO] [1768033605.689124476] [rtabmap]: RTAB-Map rate detection = 2.000000 Hz
[rtabmap-14] [INFO] [1768033605.720316797] [rtabmap]: Parameters event received!
[rtabmap-14] [INFO] [1768033605.720443298] [rtabmap]: Setting RTAB-Map parameter "GridGlobal/FloodFillDepth"="0"
[rtabmap-14] [INFO] [1768033605.720471409] [rtabmap]: rtabmap: Updating parameters
[rtabmap-14] [INFO] [1768033605.720511261] [rtabmap]: RTAB-Map rate detection = 2.000000 Hz
[superpoint_node-2] [INFO] [1768033605.751477803] [superpoint_node]: Keypoints estratti: 800
[superpoint_node-2] [ERROR] [1768033605.761898571] [superpoint_node]: Errore pubblicazione keypoints 3D: could not assign tuple of length 3 to structure with 4 fields.
[rtabmap-14] [33m[ WARN] (2026-01-10 09:26:45.328) Features2d.cpp:658::create() BRIEF, FREAK and DAISY features cannot be used because OpenCV was not built with xfeatures2d module. GFTT/ORB is used instead.[0m
[rtabmap-14] [33m[ WARN] (2026-01-10 09:26:45.329) Features2d.cpp:658::create() BRIEF, FREAK and DAISY features cannot be used because OpenCV was not built with xfeatures2d module. GFTT/ORB is used instead.[0m
[rtabmap-14] [33m[ WARN] (2026-01-10 09:26:45.360) Features2d.cpp:658::create() BRIEF, FREAK and DAISY features cannot be used because OpenCV was not built with xfeatures2d module. GFTT/ORB is used instead.[0m
[rtabmap-14] [33m[ WARN] (2026-01-10 09:26:45.362) Features2d.cpp:658::create() BRIEF, FREAK and DAISY features cannot be used because OpenCV was not built with xfeatures2d module. GFTT/ORB is used instead.[0m
[rtabmap-14] [33m[ WARN] (2026-01-10 09:26:45.366) Features2d.cpp:658::create() BRIEF, FREAK and DAISY features cannot be used because OpenCV was not built with xfeatures2d module. GFTT/ORB is used instead.[0m
[rtabmap-14] [33m[ WARN] (2026-01-10 09:26:45.388) Features2d.cpp:658::create() BRIEF, FREAK and DAISY features cannot be used because OpenCV was not built with xfeatures2d module. GFTT/ORB is used instead.[0m
[rtabmap-14] [33m[ WARN] (2026-01-10 09:26:45.397) Features2d.cpp:658::create() BRIEF, FREAK and DAISY features cannot be used because OpenCV was not built with xfeatures2d module. GFTT/ORB is used instead.[0m
[rtabmap-14] [33m[ WARN] (2026-01-10 09:26:45.403) Features2d.cpp:658::create() BRIEF, FREAK and DAISY features cannot be used because OpenCV was not built with xfeatures2d module. GFTT/ORB is used instead.[0m
[rtabmap-14] [33m[ WARN] (2026-01-10 09:26:45.419) Features2d.cpp:658::create() BRIEF, FREAK and DAISY features cannot be used because OpenCV was not built with xfeatures2d module. GFTT/ORB is used instead.[0m
[rtabmap-14] [33m[ WARN] (2026-01-10 09:26:45.420) Features2d.cpp:658::create() BRIEF, FREAK and DAISY features cannot be used because OpenCV was not built with xfeatures2d module. GFTT/ORB is used instead.[0m
[rtabmap-14] [33m[ WARN] (2026-01-10 09:26:45.421) Features2d.cpp:658::create() BRIEF, FREAK and DAISY features cannot be used because OpenCV was not built with xfeatures2d module. GFTT/ORB is used instead.[0m
[rtabmap-14] [33m[ WARN] (2026-01-10 09:26:45.436) Features2d.cpp:658::create() BRIEF, FREAK and DAISY features cannot be used because OpenCV was not built with xfeatures2d module. GFTT/ORB is used instead.[0m
[rtabmap-14] [33m[ WARN] (2026-01-10 09:26:45.443) Features2d.cpp:658::create() BRIEF, FREAK and DAISY features cannot be used because OpenCV was not built with xfeatures2d module. GFTT/ORB is used instead.[0m
[rtabmap-14] [33m[ WARN] (2026-01-10 09:26:45.444) Features2d.cpp:658::create() BRIEF, FREAK and DAISY features cannot be used because OpenCV was not built with xfeatures2d module. GFTT/ORB is used instead.[0m
[rtabmap-14] [33m[ WARN] (2026-01-10 09:26:45.459) Features2d.cpp:658::create() BRIEF, FREAK and DAISY features cannot be used because OpenCV was not built with xfeatures2d module. GFTT/ORB is used instead.[0m
[rtabmap-14] [33m[ WARN] (2026-01-10 09:26:45.468) Features2d.cpp:658::create() BRIEF, FREAK and DAISY features cannot be used because OpenCV was not built with xfeatures2d module. GFTT/ORB is used instead.[0m
[rtabmap-14] [33m[ WARN] (2026-01-10 09:26:45.469) Features2d.cpp:658::create() BRIEF, FREAK and DAISY features cannot be used because OpenCV was not built with xfeatures2d module. GFTT/ORB is used instead.[0m
[rtabmap-14] [33m[ WARN] (2026-01-10 09:26:45.483) Features2d.cpp:658::create() BRIEF, FREAK and DAISY features cannot be used because OpenCV was not built with xfeatures2d module. GFTT/ORB is used instead.[0m
[rtabmap-14] [33m[ WARN] (2026-01-10 09:26:45.484) Features2d.cpp:658::create() BRIEF, FREAK and DAISY features cannot be used because OpenCV was not built with xfeatures2d module. GFTT/ORB is used instead.[0m
[rtabmap-14] [33m[ WARN] (2026-01-10 09:26:45.495) Features2d.cpp:658::create() BRIEF, FREAK and DAISY features cannot be used because OpenCV was not built with xfeatures2d module. GFTT/ORB is used instead.[0m
[rtabmap-14] [33m[ WARN] (2026-01-10 09:26:45.523) Features2d.cpp:658::create() BRIEF, FREAK and DAISY features cannot be used because OpenCV was not built with xfeatures2d module. GFTT/ORB is used instead.[0m
[rtabmap-14] [33m[ WARN] (2026-01-10 09:26:45.534) Features2d.cpp:658::create() BRIEF, FREAK and DAISY features cannot be used because OpenCV was not built with xfeatures2d module. GFTT/ORB is used instead.[0m
[rtabmap-14] [33m[ WARN] (2026-01-10 09:26:45.535) Features2d.cpp:658::create() BRIEF, FREAK and DAISY features cannot be used because OpenCV was not built with xfeatures2d module. GFTT/ORB is used instead.[0m
[rtabmap-14] [33m[ WARN] (2026-01-10 09:26:45.547) Features2d.cpp:658::create() BRIEF, FREAK and DAISY features cannot be used because OpenCV was not built with xfeatures2d module. GFTT/ORB is used instead.[0m
[rtabmap-14] [33m[ WARN] (2026-01-10 09:26:45.548) Features2d.cpp:658::create() BRIEF, FREAK and DAISY features cannot be used because OpenCV was not built with xfeatures2d module. GFTT/ORB is used instead.[0m
[rtabmap-14] [33m[ WARN] (2026-01-10 09:26:45.557) Features2d.cpp:658::create() BRIEF, FREAK and DAISY features cannot be used because OpenCV was not built with xfeatures2d module. GFTT/ORB is used instead.[0m
[rtabmap-14] [33m[ WARN] (2026-01-10 09:26:45.583) Features2d.cpp:658::create() BRIEF, FREAK and DAISY features cannot be used because OpenCV was not built with xfeatures2d module. GFTT/ORB is used instead.[0m
[rtabmap-14] [33m[ WARN] (2026-01-10 09:26:45.584) Features2d.cpp:658::create() BRIEF, FREAK and DAISY features cannot be used because OpenCV was not built with xfeatures2d module. GFTT/ORB is used instead.[0m
[rtabmap-14] [33m[ WARN] (2026-01-10 09:26:45.584) Features2d.cpp:658::create() BRIEF, FREAK and DAISY features cannot be used because OpenCV was not built with xfeatures2d module. GFTT/ORB is used instead.[0m
[rtabmap-14] [33m[ WARN] (2026-01-10 09:26:45.635) Features2d.cpp:658::create() BRIEF, FREAK and DAISY features cannot be used because OpenCV was not built with xfeatures2d module. GFTT/ORB is used instead.[0m
[rtabmap-14] [33m[ WARN] (2026-01-10 09:26:45.636) Features2d.cpp:658::create() BRIEF, FREAK and DAISY features cannot be used because OpenCV was not built with xfeatures2d module. GFTT/ORB is used instead.[0m
[rtabmap-14] [33m[ WARN] (2026-01-10 09:26:45.649) Features2d.cpp:658::create() BRIEF, FREAK and DAISY features cannot be used because OpenCV was not built with xfeatures2d module. GFTT/ORB is used instead.[0m
[rtabmap-14] [33m[ WARN] (2026-01-10 09:26:45.664) Features2d.cpp:658::create() BRIEF, FREAK and DAISY features cannot be used because OpenCV was not built with xfeatures2d module. GFTT/ORB is used instead.[0m
[rtabmap-14] [33m[ WARN] (2026-01-10 09:26:45.673) Features2d.cpp:658::create() BRIEF, FREAK and DAISY features cannot be used because OpenCV was not built with xfeatures2d module. GFTT/ORB is used instead.[0m
[rtabmap-14] [33m[ WARN] (2026-01-10 09:26:45.674) Features2d.cpp:658::create() BRIEF, FREAK and DAISY features cannot be used because OpenCV was not built with xfeatures2d module. GFTT/ORB is used instead.[0m
[rtabmap-14] [33m[ WARN] (2026-01-10 09:26:45.689) Features2d.cpp:658::create() BRIEF, FREAK and DAISY features cannot be used because OpenCV was not built with xfeatures2d module. GFTT/ORB is used instead.[0m
[rtabmap-14] [33m[ WARN] (2026-01-10 09:26:45.694) Features2d.cpp:658::create() BRIEF, FREAK and DAISY features cannot be used because OpenCV was not built with xfeatures2d module. GFTT/ORB is used instead.[0m
[rtabmap-14] [33m[ WARN] (2026-01-10 09:26:45.694) Features2d.cpp:658::create() BRIEF, FREAK and DAISY features cannot be used because OpenCV was not built with xfeatures2d module. GFTT/ORB is used instead.[0m
[rtabmap-14] [33m[ WARN] (2026-01-10 09:26:45.721) Features2d.cpp:658::create() BRIEF, FREAK and DAISY features cannot be used because OpenCV was not built with xfeatures2d module. GFTT/ORB is used instead.[0m
[rtabmap-14] [33m[ WARN] (2026-01-10 09:26:45.731) Features2d.cpp:658::create() BRIEF, FREAK and DAISY features cannot be used because OpenCV was not built with xfeatures2d module. GFTT/ORB is used instead.[0m
[rtabmap-14] [33m[ WARN] (2026-01-10 09:26:45.737) Features2d.cpp:658::create() BRIEF, FREAK and DAISY features cannot be used because OpenCV was not built with xfeatures2d module. GFTT/ORB is used instead.[0m
[rtabmap-14] [INFO] [1768033605.805532065] [rtabmap]: rtabmap (268): Rate=0.50s, Limit=0.001s, Conversion=0.0002s, RTAB-Map=0.0447s, Maps update=0.0004s pub=0.0035s delay=0.1091s (local map=0, WM=0)
[rtabmap-14] [INFO] [1768033605.813001087] [rtabmap]: Parameters event received!
[rtabmap-14] [INFO] [1768033605.813136532] [rtabmap]: Setting RTAB-Map parameter "GridGlobal/FootprintRadius"="0.0"
[rtabmap-14] [INFO] [1768033605.813163403] [rtabmap]: rtabmap: Updating parameters
[rtabmap-14] [INFO] [1768033605.813217866] [rtabmap]: RTAB-Map rate detection = 2.000000 Hz
[rtabmap-14] [INFO] [1768033605.846294851] [rtabmap]: Parameters event received!
[rtabmap-14] [INFO] [1768033605.846465722] [rtabmap]: Setting RTAB-Map parameter "GridGlobal/MaxNodes"="0"
[rtabmap-14] [INFO] [1768033605.846497482] [rtabmap]: rtabmap: Updating parameters
[rtabmap-14] [INFO] [1768033605.846558094] [rtabmap]: RTAB-Map rate detection = 2.000000 Hz
[superpoint_node-2] [INFO] [1768033605.864569940] [superpoint_node]: Keypoints estratti: 800
[superpoint_node-2] [ERROR] [1768033605.872300427] [superpoint_node]: Errore pubblicazione keypoints 3D: could not assign tuple of length 3 to structure with 4 fields.
[rtabmap-14] [INFO] [1768033605.876223069] [rtabmap]: Parameters event received!
[rtabmap-14] [INFO] [1768033605.876325922] [rtabmap]: Setting RTAB-Map parameter "GridGlobal/MinSize"="0.0"
[rtabmap-14] [INFO] [1768033605.876360978] [rtabmap]: rtabmap: Updating parameters
[rtabmap-14] [INFO] [1768033605.876414849] [rtabmap]: RTAB-Map rate detection = 2.000000 Hz
[rtabmap-14] [INFO] [1768033605.907076481] [rtabmap]: Parameters event received!
[rtabmap-14] [INFO] [1768033605.907163222] [rtabmap]: Setting RTAB-Map parameter "GridGlobal/OccupancyThr"="0.5"
[rtabmap-14] [INFO] [1768033605.907189500] [rtabmap]: rtabmap: Updating parameters
[rtabmap-14] [INFO] [1768033605.907229130] [rtabmap]: RTAB-Map rate detection = 2.000000 Hz
[rtabmap-14] [INFO] [1768033605.920659440] [rtabmap]: Parameters event received!
[rtabmap-14] [INFO] [1768033605.920749219] [rtabmap]: Setting RTAB-Map parameter "GridGlobal/ProbClampingMax"="0.971"
[rtabmap-14] [INFO] [1768033605.920775960] [rtabmap]: rtabmap: Updating parameters
[rtabmap-14] [INFO] [1768033605.920815867] [rtabmap]: RTAB-Map rate detection = 2.000000 Hz
[rtabmap-14] [INFO] [1768033605.964425620] [rtabmap]: Parameters event received!
[rtabmap-14] [INFO] [1768033605.964525954] [rtabmap]: Setting RTAB-Map parameter "GridGlobal/ProbClampingMin"="0.1192"
[rtabmap-14] [INFO] [1768033605.964553529] [rtabmap]: rtabmap: Updating parameters
[rtabmap-14] [INFO] [1768033605.964607325] [rtabmap]: RTAB-Map rate detection = 2.000000 Hz
[superpoint_node-2] [INFO] [1768033605.980796361] [superpoint_node]: Keypoints estratti: 800
[superpoint_node-2] [ERROR] [1768033605.987534266] [superpoint_node]: Errore pubblicazione keypoints 3D: could not assign tuple of length 3 to structure with 4 fields.
[rtabmap-14] [INFO] [1768033605.988787350] [rtabmap]: Parameters event received!
[rtabmap-14] [INFO] [1768033605.988875573] [rtabmap]: Setting RTAB-Map parameter "GridGlobal/ProbHit"="0.7"
[rtabmap-14] [INFO] [1768033605.988898259] [rtabmap]: rtabmap: Updating parameters
[rtabmap-14] [INFO] [1768033605.988938537] [rtabmap]: RTAB-Map rate detection = 2.000000 Hz
[rtabmap-14] [INFO] [1768033606.002814554] [rtabmap]: Parameters event received!
[rtabmap-14] [INFO] [1768033606.002907814] [rtabmap]: Setting RTAB-Map parameter "GridGlobal/ProbMiss"="0.4"
[rtabmap-14] [INFO] [1768033606.002932981] [rtabmap]: rtabmap: Updating parameters
[rtabmap-14] [INFO] [1768033606.002972555] [rtabmap]: RTAB-Map rate detection = 2.000000 Hz
[rtabmap-14] [INFO] [1768033606.043544284] [rtabmap]: Parameters event received!
[rtabmap-14] [INFO] [1768033606.043713749] [rtabmap]: Setting RTAB-Map parameter "GridGlobal/UpdateError"="0.01"
[rtabmap-14] [INFO] [1768033606.043761490] [rtabmap]: rtabmap: Updating parameters
[rtabmap-14] [INFO] [1768033606.043831305] [rtabmap]: RTAB-Map rate detection = 2.000000 Hz
[superpoint_node-2] [INFO] [1768033606.084362182] [superpoint_node]: Keypoints estratti: 800
[rtabmap-14] [INFO] [1768033606.087405521] [rtabmap]: Parameters event received!
[rtabmap-14] [INFO] [1768033606.087541114] [rtabmap]: Setting RTAB-Map parameter "Icp/CCFilterOutFarthestPoints"="false"
[rtabmap-14] [INFO] [1768033606.087570485] [rtabmap]: rtabmap: Updating parameters
[rtabmap-14] [INFO] [1768033606.087611596] [rtabmap]: RTAB-Map rate detection = 2.000000 Hz
[superpoint_node-2] [ERROR] [1768033606.091277126] [superpoint_node]: Errore pubblicazione keypoints 3D: could not assign tuple of length 3 to structure with 4 fields.
[rtabmap-14] [INFO] [1768033606.104217080] [rtabmap]: Parameters event received!
[rtabmap-14] [INFO] [1768033606.104328099] [rtabmap]: Setting RTAB-Map parameter "Icp/CCMaxFinalRMS"="0.2"
[rtabmap-14] [INFO] [1768033606.104353062] [rtabmap]: rtabmap: Updating parameters
[rtabmap-14] [INFO] [1768033606.104394007] [rtabmap]: RTAB-Map rate detection = 2.000000 Hz
[rtabmap-14] [INFO] [1768033606.132349710] [rtabmap]: Parameters event received!
[rtabmap-14] [INFO] [1768033606.132435433] [rtabmap]: Setting RTAB-Map parameter "Icp/CCSamplingLimit"="50000"
[rtabmap-14] [INFO] [1768033606.132459563] [rtabmap]: rtabmap: Updating parameters
[rtabmap-14] [INFO] [1768033606.132491304] [rtabmap]: RTAB-Map rate detection = 2.000000 Hz
[superpoint_node-2] [INFO] [1768033606.184930960] [superpoint_node]: Keypoints estratti: 800
[rtabmap-14] [INFO] [1768033606.191036509] [rtabmap]: Parameters event received!
[rtabmap-14] [INFO] [1768033606.191130046] [rtabmap]: Setting RTAB-Map parameter "Icp/CorrespondenceRatio"="0.1"
[rtabmap-14] [INFO] [1768033606.191158936] [rtabmap]: rtabmap: Updating parameters
[rtabmap-14] [INFO] [1768033606.191200751] [rtabmap]: RTAB-Map rate detection = 2.000000 Hz
[superpoint_node-2] [ERROR] [1768033606.191580143] [superpoint_node]: Errore pubblicazione keypoints 3D: could not assign tuple of length 3 to structure with 4 fields.
[rtabmap-14] [INFO] [1768033606.209552526] [rtabmap]: Parameters event received!
[rtabmap-14] [INFO] [1768033606.209640434] [rtabmap]: Setting RTAB-Map parameter "Icp/DebugExportFormat"=""
[rtabmap-14] [INFO] [1768033606.209668527] [rtabmap]: rtabmap: Updating parameters
[rtabmap-14] [INFO] [1768033606.209713638] [rtabmap]: RTAB-Map rate detection = 2.000000 Hz
[rtabmap-14] [33m[ WARN] (2026-01-10 09:26:45.802) MapsManager.cpp:863::publishMaps() Graph has changed! The whole cloud is regenerated.[0m
[rtabmap-14] [33m[ WARN] (2026-01-10 09:26:45.804) OccupancyGrid.cpp:169::getProbMap() Map info is empty, cannot generate probabilistic occupancy grid[0m
[rtabmap-14] [33m[ WARN] (2026-01-10 09:26:45.819) Features2d.cpp:658::create() BRIEF, FREAK and DAISY features cannot be used because OpenCV was not built with xfeatures2d module. GFTT/ORB is used instead.[0m
[rtabmap-14] [33m[ WARN] (2026-01-10 09:26:45.823) Features2d.cpp:658::create() BRIEF, FREAK and DAISY features cannot be used because OpenCV was not built with xfeatures2d module. GFTT/ORB is used instead.[0m
[rtabmap-14] [33m[ WARN] (2026-01-10 09:26:45.832) Features2d.cpp:658::create() BRIEF, FREAK and DAISY features cannot be used because OpenCV was not built with xfeatures2d module. GFTT/ORB is used instead.[0m
[rtabmap-14] [33m[ WARN] (2026-01-10 09:26:45.857) Features2d.cpp:658::create() BRIEF, FREAK and DAISY features cannot be used because OpenCV was not built with xfeatures2d module. GFTT/ORB is used instead.[0m
[rtabmap-14] [33m[ WARN] (2026-01-10 09:26:45.861) Features2d.cpp:658::create() BRIEF, FREAK and DAISY features cannot be used because OpenCV was not built with xfeatures2d module. GFTT/ORB is used instead.[0m
[rtabmap-14] [33m[ WARN] (2026-01-10 09:26:45.862) Features2d.cpp:658::create() BRIEF, FREAK and DAISY features cannot be used because OpenCV was not built with xfeatures2d module. GFTT/ORB is used instead.[0m
[rtabmap-14] [33m[ WARN] (2026-01-10 09:26:45.887) Features2d.cpp:658::create() BRIEF, FREAK and DAISY features cannot be used because OpenCV was not built with xfeatures2d module. GFTT/ORB is used instead.[0m
[rtabmap-14] [33m[ WARN] (2026-01-10 09:26:45.888) Features2d.cpp:658::create() BRIEF, FREAK and DAISY features cannot be used because OpenCV was not built with xfeatures2d module. GFTT/ORB is used instead.[0m
[rtabmap-14] [33m[ WARN] (2026-01-10 09:26:45.889) Features2d.cpp:658::create() BRIEF, FREAK and DAISY features cannot be used because OpenCV was not built with xfeatures2d module. GFTT/ORB is used instead.[0m
[rtabmap-14] [33m[ WARN] (2026-01-10 09:26:45.907) Features2d.cpp:658::create() BRIEF, FREAK and DAISY features cannot be used because OpenCV was not built with xfeatures2d module. GFTT/ORB is used instead.[0m
[rtabmap-14] [33m[ WARN] (2026-01-10 09:26:45.908) Features2d.cpp:658::create() BRIEF, FREAK and DAISY features cannot be used because OpenCV was not built with xfeatures2d module. GFTT/ORB is used instead.[0m
[rtabmap-14] [33m[ WARN] (2026-01-10 09:26:45.909) Features2d.cpp:658::create() BRIEF, FREAK and DAISY features cannot be used because OpenCV was not built with xfeatures2d module. GFTT/ORB is used instead.[0m
[rtabmap-14] [33m[ WARN] (2026-01-10 09:26:45.921) Features2d.cpp:658::create() BRIEF, FREAK and DAISY features cannot be used because OpenCV was not built with xfeatures2d module. GFTT/ORB is used instead.[0m
[rtabmap-14] [33m[ WARN] (2026-01-10 09:26:45.922) Features2d.cpp:658::create() BRIEF, FREAK and DAISY features cannot be used because OpenCV was not built with xfeatures2d module. GFTT/ORB is used instead.[0m
[rtabmap-14] [33m[ WARN] (2026-01-10 09:26:45.935) Features2d.cpp:658::create() BRIEF, FREAK and DAISY features cannot be used because OpenCV was not built with xfeatures2d module. GFTT/ORB is used instead.[0m
[rtabmap-14] [33m[ WARN] (2026-01-10 09:26:45.968) Features2d.cpp:658::create() BRIEF, FREAK and DAISY features cannot be used because OpenCV was not built with xfeatures2d module. GFTT/ORB is used instead.[0m
[rtabmap-14] [33m[ WARN] (2026-01-10 09:26:45.969) Features2d.cpp:658::create() BRIEF, FREAK and DAISY features cannot be used because OpenCV was not built with xfeatures2d module. GFTT/ORB is used instead.[0m
[rtabmap-14] [33m[ WARN] (2026-01-10 09:26:45.980) Features2d.cpp:658::create() BRIEF, FREAK and DAISY features cannot be used because OpenCV was not built with xfeatures2d module. GFTT/ORB is used instead.[0m
[rtabmap-14] [33m[ WARN] (2026-01-10 09:26:45.989) Features2d.cpp:658::create() BRIEF, FREAK and DAISY features cannot be used because OpenCV was not built with xfeatures2d module. GFTT/ORB is used instead.[0m
[rtabmap-14] [33m[ WARN] (2026-01-10 09:26:45.990) Features2d.cpp:658::create() BRIEF, FREAK and DAISY features cannot be used because OpenCV was not built with xfeatures2d module. GFTT/ORB is used instead.[0m
[rtabmap-14] [33m[ WARN] (2026-01-10 09:26:45.991) Features2d.cpp:658::create() BRIEF, FREAK and DAISY features cannot be used because OpenCV was not built with xfeatures2d module. GFTT/ORB is used instead.[0m
[rtabmap-14] [33m[ WARN] (2026-01-10 09:26:46.003) Features2d.cpp:658::create() BRIEF, FREAK and DAISY features cannot be used because OpenCV was not built with xfeatures2d module. GFTT/ORB is used instead.[0m
[rtabmap-14] [33m[ WARN] (2026-01-10 09:26:46.004) Features2d.cpp:658::create() BRIEF, FREAK and DAISY features cannot be used because OpenCV was not built with xfeatures2d module. GFTT/ORB is used instead.[0m
[rtabmap-14] [33m[ WARN] (2026-01-10 09:26:46.005) Features2d.cpp:658::create() BRIEF, FREAK and DAISY features cannot be used because OpenCV was not built with xfeatures2d module. GFTT/ORB is used instead.[0m
[rtabmap-14] [33m[ WARN] (2026-01-10 09:26:46.045) Features2d.cpp:658::create() BRIEF, FREAK and DAISY features cannot be used because OpenCV was not built with xfeatures2d module. GFTT/ORB is used instead.[0m
[rtabmap-14] [33m[ WARN] (2026-01-10 09:26:46.065) Features2d.cpp:658::create() BRIEF, FREAK and DAISY features cannot be used because OpenCV was not built with xfeatures2d module. GFTT/ORB is used instead.[0m
[rtabmap-14] [33m[ WARN] (2026-01-10 09:26:46.066) Features2d.cpp:658::create() BRIEF, FREAK and DAISY features cannot be used because OpenCV was not built with xfeatures2d module. GFTT/ORB is used instead.[0m
[rtabmap-14] [33m[ WARN] (2026-01-10 09:26:46.088) Features2d.cpp:658::create() BRIEF, FREAK and DAISY features cannot be used because OpenCV was not built with xfeatures2d module. GFTT/ORB is used instead.[0m
[rtabmap-14] [33m[ WARN] (2026-01-10 09:26:46.089) Features2d.cpp:658::create() BRIEF, FREAK and DAISY features cannot be used because OpenCV was not built with xfeatures2d module. GFTT/ORB is used instead.[0m
[rtabmap-14] [33m[ WARN] (2026-01-10 09:26:46.090) Features2d.cpp:658::create() BRIEF, FREAK and DAISY features cannot be used because OpenCV was not built with xfeatures2d module. GFTT/ORB is used instead.[0m
[rtabmap-14] [33m[ WARN] (2026-01-10 09:26:46.105) Features2d.cpp:658::create() BRIEF, FREAK and DAISY features cannot be used because OpenCV was not built with xfeatures2d module. GFTT/ORB is used instead.[0m
[rtabmap-14] [33m[ WARN] (2026-01-10 09:26:46.106) Features2d.cpp:658::create() BRIEF, FREAK and DAISY features cannot be used because OpenCV was not built with xfeatures2d module. GFTT/ORB is used instead.[0m
[rtabmap-14] [33m[ WARN] (2026-01-10 09:26:46.115) Features2d.cpp:658::create() BRIEF, FREAK and DAISY features cannot be used because OpenCV was not built with xfeatures2d module. GFTT/ORB is used instead.[0m
[rtabmap-14] [33m[ WARN] (2026-01-10 09:26:46.133) Features2d.cpp:658::create() BRIEF, FREAK and DAISY features cannot be used because OpenCV was not built with xfeatures2d module. GFTT/ORB is used instead.[0m
[rtabmap-14] [33m[ WARN] (2026-01-10 09:26:46.147) Features2d.cpp:658::create() BRIEF, FREAK and DAISY features cannot be used because OpenCV was not built with xfeatures2d module. GFTT/ORB is used instead.[0m
[rtabmap-14] [33m[ WARN] (2026-01-10 09:26:46.151) Features2d.cpp:658::create() BRIEF, FREAK and DAISY features cannot be used because OpenCV was not built with xfeatures2d module. GFTT/ORB is used instead.[0m
[rtabmap-14] [33m[ WARN] (2026-01-10 09:26:46.192) Features2d.cpp:658::create() BRIEF, FREAK and DAISY features cannot be used because OpenCV was not built with xfeatures2d module. GFTT/ORB is used instead.[0m
[rtabmap-14] [33m[ WARN] (2026-01-10 09:26:46.193) Features2d.cpp:658::create() BRIEF, FREAK and DAISY features cannot be used because OpenCV was not built with xfeatures2d module. GFTT/ORB is used instead.[0m
[rtabmap-14] [33m[ WARN] (2026-01-10 09:26:46.194) Features2d.cpp:658::create() BRIEF, FREAK and DAISY features cannot be used because OpenCV was not built with xfeatures2d module. GFTT/ORB is used instead.[0m
[rtabmap-14] [INFO] [1768033606.241678373] [rtabmap]: Parameters event received!
[rtabmap-14] [INFO] [1768033606.241800707] [rtabmap]: Setting RTAB-Map parameter "Icp/DownsamplingStep"="1"
[rtabmap-14] [INFO] [1768033606.241842522] [rtabmap]: rtabmap: Updating parameters
[rtabmap-14] [INFO] [1768033606.241919912] [rtabmap]: RTAB-Map rate detection = 2.000000 Hz
[rtabmap-14] [INFO] [1768033606.275804588] [rtabmap]: Parameters event received!
[rtabmap-14] [INFO] [1768033606.276008182] [rtabmap]: Setting RTAB-Map parameter "Icp/Epsilon"="0"
[rtabmap-14] [INFO] [1768033606.276042701] [rtabmap]: rtabmap: Updating parameters
[rtabmap-14] [INFO] [1768033606.276093757] [rtabmap]: RTAB-Map rate detection = 2.000000 Hz
[superpoint_node-2] [INFO] [1768033606.300538506] [superpoint_node]: Keypoints estratti: 800
[superpoint_node-2] [ERROR] [1768033606.307964898] [superpoint_node]: Errore pubblicazione keypoints 3D: could not assign tuple of length 3 to structure with 4 fields.
[rtabmap-14] [INFO] [1768033606.388991374] [rtabmap]: rtabmap (269): Rate=0.50s, Limit=0.001s, Conversion=0.0002s, RTAB-Map=0.0688s, Maps update=0.0014s pub=0.0098s delay=0.1479s (local map=0, WM=0)
[rtabmap-14] [INFO] [1768033606.401944754] [rtabmap]: Parameters event received!
[rtabmap-14] [INFO] [1768033606.402067922] [rtabmap]: Setting RTAB-Map parameter "Icp/FiltersEnabled"="3"
[rtabmap-14] [INFO] [1768033606.402137719] [rtabmap]: rtabmap: Updating parameters
[rtabmap-14] [INFO] [1768033606.402212293] [rtabmap]: RTAB-Map rate detection = 2.000000 Hz
[superpoint_node-2] [INFO] [1768033606.411675072] [superpoint_node]: Keypoints estratti: 800
[superpoint_node-2] [ERROR] [1768033606.421284741] [superpoint_node]: Errore pubblicazione keypoints 3D: could not assign tuple of length 3 to structure with 4 fields.
[rtabmap-14] [INFO] [1768033606.426861285] [rtabmap]: Parameters event received!
[rtabmap-14] [INFO] [1768033606.426958249] [rtabmap]: Setting RTAB-Map parameter "Icp/Force4DoF"="false"
[rtabmap-14] [INFO] [1768033606.426989490] [rtabmap]: rtabmap: Updating parameters
[rtabmap-14] [INFO] [1768033606.427048675] [rtabmap]: RTAB-Map rate detection = 2.000000 Hz
[rtabmap-14] [INFO] [1768033606.462918608] [rtabmap]: Parameters event received!
[rtabmap-14] [INFO] [1768033606.462999312] [rtabmap]: Setting RTAB-Map parameter "Icp/Iterations"="30"
[rtabmap-14] [INFO] [1768033606.463022646] [rtabmap]: rtabmap: Updating parameters
[rtabmap-14] [INFO] [1768033606.463061164] [rtabmap]: RTAB-Map rate detection = 2.000000 Hz
[rtabmap-14] [INFO] [1768033606.476711328] [rtabmap]: Parameters event received!
[rtabmap-14] [INFO] [1768033606.483842663] [rtabmap]: Setting RTAB-Map parameter "Icp/MaxCorrespondenceDistance"="0.1"
[rtabmap-14] [INFO] [1768033606.483881126] [rtabmap]: rtabmap: Updating parameters
[rtabmap-14] [INFO] [1768033606.488765868] [rtabmap]: RTAB-Map rate detection = 2.000000 Hz
[rtabmap-14] [INFO] [1768033606.514657296] [rtabmap]: Parameters event received!
[rtabmap-14] [INFO] [1768033606.514974076] [rtabmap]: Setting RTAB-Map parameter "Icp/MaxRotation"="0.4"
[rtabmap-14] [INFO] [1768033606.515026391] [rtabmap]: rtabmap: Updating parameters
[rtabmap-14] [INFO] [1768033606.515151762] [rtabmap]: RTAB-Map rate detection = 2.000000 Hz
[superpoint_node-2] [INFO] [1768033606.536448079] [superpoint_node]: Keypoints estratti: 800
[rtabmap-14] [INFO] [1768033606.538786098] [rtabmap]: Parameters event received!
[rtabmap-14] [INFO] [1768033606.538888025] [rtabmap]: Setting RTAB-Map parameter "Icp/MaxTranslation"="0.4"
[rtabmap-14] [INFO] [1768033606.538929506] [rtabmap]: rtabmap: Updating parameters
[rtabmap-14] [INFO] [1768033606.539030878] [rtabmap]: RTAB-Map rate detection = 2.000000 Hz
[superpoint_node-2] [ERROR] [1768033606.546165249] [superpoint_node]: Errore pubblicazione keypoints 3D: could not assign tuple of length 3 to structure with 4 fields.
[rtabmap-14] [INFO] [1768033606.563007197] [rtabmap]: Parameters event received!
[rtabmap-14] [INFO] [1768033606.563147310] [rtabmap]: Setting RTAB-Map parameter "Icp/OutlierRatio"="0.85"
[rtabmap-14] [INFO] [1768033606.563186977] [rtabmap]: rtabmap: Updating parameters
[rtabmap-14] [INFO] [1768033606.563271699] [rtabmap]: RTAB-Map rate detection = 2.000000 Hz
[rtabmap-14] [INFO] [1768033606.584756388] [rtabmap]: Parameters event received!
[rtabmap-14] [INFO] [1768033606.584875926] [rtabmap]: Setting RTAB-Map parameter "Icp/PMConfig"=""
[rtabmap-14] [INFO] [1768033606.584911667] [rtabmap]: rtabmap: Updating parameters
[rtabmap-14] [INFO] [1768033606.584962834] [rtabmap]: RTAB-Map rate detection = 2.000000 Hz
[rtabmap-14] [INFO] [1768033606.609940588] [rtabmap]: Parameters event received!
[rtabmap-14] [INFO] [1768033606.610019681] [rtabmap]: Setting RTAB-Map parameter "Icp/PMMatcherEpsilon"="0.0"
[rtabmap-14] [INFO] [1768033606.610043459] [rtabmap]: rtabmap: Updating parameters
[rtabmap-14] [INFO] [1768033606.610088978] [rtabmap]: RTAB-Map rate detection = 2.000000 Hz
[rtabmap-14] [INFO] [1768033606.630653826] [rtabmap]: Parameters event received!
[rtabmap-14] [INFO] [1768033606.630800827] [rtabmap]: Setting RTAB-Map parameter "Icp/PMMatcherIntensity"="false"
[rtabmap-14] [INFO] [1768033606.630836457] [rtabmap]: rtabmap: Updating parameters
[rtabmap-14] [INFO] [1768033606.630898513] [rtabmap]: RTAB-Map rate detection = 2.000000 Hz
[rtabmap-14] [INFO] [1768033606.661962352] [rtabmap]: Parameters event received!
[rtabmap-14] [INFO] [1768033606.662087797] [rtabmap]: Setting RTAB-Map parameter "Icp/PMMatcherKnn"="1"
[rtabmap-14] [INFO] [1768033606.662125890] [rtabmap]: rtabmap: Updating parameters
[rtabmap-14] [INFO] [1768033606.662173372] [rtabmap]: RTAB-Map rate detection = 2.000000 Hz
[rtabmap-14] [33m[ WARN] (2026-01-10 09:26:46.210) Features2d.cpp:658::create() BRIEF, FREAK and DAISY features cannot be used because OpenCV was not built with xfeatures2d module. GFTT/ORB is used instead.[0m
[rtabmap-14] [33m[ WARN] (2026-01-10 09:26:46.219) Features2d.cpp:658::create() BRIEF, FREAK and DAISY features cannot be used because OpenCV was not built with xfeatures2d module. GFTT/ORB is used instead.[0m
[rtabmap-14] [33m[ WARN] (2026-01-10 09:26:46.220) Features2d.cpp:658::create() BRIEF, FREAK and DAISY features cannot be used because OpenCV was not built with xfeatures2d module. GFTT/ORB is used instead.[0m
[rtabmap-14] [33m[ WARN] (2026-01-10 09:26:46.254) Features2d.cpp:658::create() BRIEF, FREAK and DAISY features cannot be used because OpenCV was not built with xfeatures2d module. GFTT/ORB is used instead.[0m
[rtabmap-14] [33m[ WARN] (2026-01-10 09:26:46.258) Features2d.cpp:658::create() BRIEF, FREAK and DAISY features cannot be used because OpenCV was not built with xfeatures2d module. GFTT/ORB is used instead.[0m
[rtabmap-14] [33m[ WARN] (2026-01-10 09:26:46.262) Features2d.cpp:658::create() BRIEF, FREAK and DAISY features cannot be used because OpenCV was not built with xfeatures2d module. GFTT/ORB is used instead.[0m
[rtabmap-14] [33m[ WARN] (2026-01-10 09:26:46.277) Features2d.cpp:658::create() BRIEF, FREAK and DAISY features cannot be used because OpenCV was not built with xfeatures2d module. GFTT/ORB is used instead.[0m
[rtabmap-14] [33m[ WARN] (2026-01-10 09:26:46.291) Features2d.cpp:658::create() BRIEF, FREAK and DAISY features cannot be used because OpenCV was not built with xfeatures2d module. GFTT/ORB is used instead.[0m
[rtabmap-14] [33m[ WARN] (2026-01-10 09:26:46.292) Features2d.cpp:658::create() BRIEF, FREAK and DAISY features cannot be used because OpenCV was not built with xfeatures2d module. GFTT/ORB is used instead.[0m
[rtabmap-14] [33m[ WARN] (2026-01-10 09:26:46.379) MapsManager.cpp:863::publishMaps() Graph has changed! The whole cloud is regenerated.[0m
[rtabmap-14] [33m[ WARN] (2026-01-10 09:26:46.384) OccupancyGrid.cpp:169::getProbMap() Map info is empty, cannot generate probabilistic occupancy grid[0m
[rtabmap-14] [33m[ WARN] (2026-01-10 09:26:46.403) Features2d.cpp:658::create() BRIEF, FREAK and DAISY features cannot be used because OpenCV was not built with xfeatures2d module. GFTT/ORB is used instead.[0m
[rtabmap-14] [33m[ WARN] (2026-01-10 09:26:46.404) Features2d.cpp:658::create() BRIEF, FREAK and DAISY features cannot be used because OpenCV was not built with xfeatures2d module. GFTT/ORB is used instead.[0m
[rtabmap-14] [33m[ WARN] (2026-01-10 09:26:46.405) Features2d.cpp:658::create() BRIEF, FREAK and DAISY features cannot be used because OpenCV was not built with xfeatures2d module. GFTT/ORB is used instead.[0m
[rtabmap-14] [33m[ WARN] (2026-01-10 09:26:46.427) Features2d.cpp:658::create() BRIEF, FREAK and DAISY features cannot be used because OpenCV was not built with xfeatures2d module. GFTT/ORB is used instead.[0m
[rtabmap-14] [33m[ WARN] (2026-01-10 09:26:46.428) Features2d.cpp:658::create() BRIEF, FREAK and DAISY features cannot be used because OpenCV was not built with xfeatures2d module. GFTT/ORB is used instead.[0m
[rtabmap-14] [33m[ WARN] (2026-01-10 09:26:46.429) Features2d.cpp:658::create() BRIEF, FREAK and DAISY features cannot be used because OpenCV was not built with xfeatures2d module. GFTT/ORB is used instead.[0m
[rtabmap-14] [33m[ WARN] (2026-01-10 09:26:46.463) Features2d.cpp:658::create() BRIEF, FREAK and DAISY features cannot be used because OpenCV was not built with xfeatures2d module. GFTT/ORB is used instead.[0m
[rtabmap-14] [33m[ WARN] (2026-01-10 09:26:46.464) Features2d.cpp:658::create() BRIEF, FREAK and DAISY features cannot be used because OpenCV was not built with xfeatures2d module. GFTT/ORB is used instead.[0m
[rtabmap-14] [33m[ WARN] (2026-01-10 09:26:46.465) Features2d.cpp:658::create() BRIEF, FREAK and DAISY features cannot be used because OpenCV was not built with xfeatures2d module. GFTT/ORB is used instead.[0m
[rtabmap-14] [33m[ WARN] (2026-01-10 09:26:46.489) Features2d.cpp:658::create() BRIEF, FREAK and DAISY features cannot be used because OpenCV was not built with xfeatures2d module. GFTT/ORB is used instead.[0m
[rtabmap-14] [33m[ WARN] (2026-01-10 09:26:46.502) Features2d.cpp:658::create() BRIEF, FREAK and DAISY features cannot be used because OpenCV was not built with xfeatures2d module. GFTT/ORB is used instead.[0m
[rtabmap-14] [33m[ WARN] (2026-01-10 09:26:46.502) Features2d.cpp:658::create() BRIEF, FREAK and DAISY features cannot be used because OpenCV was not built with xfeatures2d module. GFTT/ORB is used instead.[0m
[rtabmap-14] [33m[ WARN] (2026-01-10 09:26:46.516) Features2d.cpp:658::create() BRIEF, FREAK and DAISY features cannot be used because OpenCV was not built with xfeatures2d module. GFTT/ORB is used instead.[0m
[rtabmap-14] [33m[ WARN] (2026-01-10 09:26:46.524) Features2d.cpp:658::create() BRIEF, FREAK and DAISY features cannot be used because OpenCV was not built with xfeatures2d module. GFTT/ORB is used instead.[0m
[rtabmap-14] [33m[ WARN] (2026-01-10 09:26:46.525) Features2d.cpp:658::create() BRIEF, FREAK and DAISY features cannot be used because OpenCV was not built with xfeatures2d module. GFTT/ORB is used instead.[0m
[rtabmap-14] [33m[ WARN] (2026-01-10 09:26:46.539) Features2d.cpp:658::create() BRIEF, FREAK and DAISY features cannot be used because OpenCV was not built with xfeatures2d module. GFTT/ORB is used instead.[0m
[rtabmap-14] [33m[ WARN] (2026-01-10 09:26:46.548) Features2d.cpp:658::create() BRIEF, FREAK and DAISY features cannot be used because OpenCV was not built with xfeatures2d module. GFTT/ORB is used instead.[0m
[rtabmap-14] [33m[ WARN] (2026-01-10 09:26:46.548) Features2d.cpp:658::create() BRIEF, FREAK and DAISY features cannot be used because OpenCV was not built with xfeatures2d module. GFTT/ORB is used instead.[0m
[rtabmap-14] [33m[ WARN] (2026-01-10 09:26:46.564) Features2d.cpp:658::create() BRIEF, FREAK and DAISY features cannot be used because OpenCV was not built with xfeatures2d module. GFTT/ORB is used instead.[0m
[rtabmap-14] [33m[ WARN] (2026-01-10 09:26:46.565) Features2d.cpp:658::create() BRIEF, FREAK and DAISY features cannot be used because OpenCV was not built with xfeatures2d module. GFTT/ORB is used instead.[0m
[rtabmap-14] [33m[ WARN] (2026-01-10 09:26:46.566) Features2d.cpp:658::create() BRIEF, FREAK and DAISY features cannot be used because OpenCV was not built with xfeatures2d module. GFTT/ORB is used instead.[0m
[rtabmap-14] [33m[ WARN] (2026-01-10 09:26:46.585) Features2d.cpp:658::create() BRIEF, FREAK and DAISY features cannot be used because OpenCV was not built with xfeatures2d module. GFTT/ORB is used instead.[0m
[rtabmap-14] [33m[ WARN] (2026-01-10 09:26:46.595) Features2d.cpp:658::create() BRIEF, FREAK and DAISY features cannot be used because OpenCV was not built with xfeatures2d module. GFTT/ORB is used instead.[0m
[rtabmap-14] [33m[ WARN] (2026-01-10 09:26:46.595) Features2d.cpp:658::create() BRIEF, FREAK and DAISY features cannot be used because OpenCV was not built with xfeatures2d module. GFTT/ORB is used instead.[0m
[rtabmap-14] [33m[ WARN] (2026-01-10 09:26:46.610) Features2d.cpp:658::create() BRIEF, FREAK and DAISY features cannot be used because OpenCV was not built with xfeatures2d module. GFTT/ORB is used instead.[0m
[rtabmap-14] [33m[ WARN] (2026-01-10 09:26:46.611) Features2d.cpp:658::create() BRIEF, FREAK and DAISY features cannot be used because OpenCV was not built with xfeatures2d module. GFTT/ORB is used instead.[0m
[rtabmap-14] [33m[ WARN] (2026-01-10 09:26:46.612) Features2d.cpp:658::create() BRIEF, FREAK and DAISY features cannot be used because OpenCV was not built with xfeatures2d module. GFTT/ORB is used instead.[0m
[rtabmap-14] [33m[ WARN] (2026-01-10 09:26:46.631) Features2d.cpp:658::create() BRIEF, FREAK and DAISY features cannot be used because OpenCV was not built with xfeatures2d module. GFTT/ORB is used instead.[0m
[rtabmap-14] [33m[ WARN] (2026-01-10 09:26:46.632) Features2d.cpp:658::create() BRIEF, FREAK and DAISY features cannot be used because OpenCV was not built with xfeatures2d module. GFTT/ORB is used instead.[0m
[rtabmap-14] [33m[ WARN] (2026-01-10 09:26:46.633) Features2d.cpp:658::create() BRIEF, FREAK and DAISY features cannot be used because OpenCV was not built with xfeatures2d module. GFTT/ORB is used instead.[0m
[rtabmap-14] [33m[ WARN] (2026-01-10 09:26:46.664) Features2d.cpp:658::create() BRIEF, FREAK and DAISY features cannot be used because OpenCV was not built with xfeatures2d module. GFTT/ORB is used instead.[0m
[rtabmap-14] [INFO] [1768033606.682287624] [rtabmap]: Parameters event received!
[rtabmap-14] [INFO] [1768033606.682387866] [rtabmap]: Setting RTAB-Map parameter "Icp/PointToPlane"="true"
[rtabmap-14] [INFO] [1768033606.682414940] [rtabmap]: rtabmap: Updating parameters
[rtabmap-14] [INFO] [1768033606.682456533] [rtabmap]: RTAB-Map rate detection = 2.000000 Hz
[superpoint_node-2] [INFO] [1768033606.700866401] [superpoint_node]: Keypoints estratti: 800
[rtabmap-14] [INFO] [1768033606.705834644] [rtabmap]: Parameters event received!
[rtabmap-14] [INFO] [1768033606.705931571] [rtabmap]: Setting RTAB-Map parameter "Icp/PointToPlaneGroundNormalsUp"="0.0"
[rtabmap-14] [INFO] [1768033606.705957219] [rtabmap]: rtabmap: Updating parameters
[rtabmap-14] [INFO] [1768033606.706000923] [rtabmap]: RTAB-Map rate detection = 2.000000 Hz
[superpoint_node-2] [ERROR] [1768033606.709212541] [superpoint_node]: Errore pubblicazione keypoints 3D: could not assign tuple of length 3 to structure with 4 fields.
[rtabmap-14] [INFO] [1768033606.742733085] [rtabmap]: Parameters event received!
[rtabmap-14] [INFO] [1768033606.742809437] [rtabmap]: Setting RTAB-Map parameter "Icp/PointToPlaneK"="5"
[rtabmap-14] [INFO] [1768033606.742832456] [rtabmap]: rtabmap: Updating parameters
[rtabmap-14] [INFO] [1768033606.742870604] [rtabmap]: RTAB-Map rate detection = 2.000000 Hz
[rtabmap-14] [INFO] [1768033606.776991986] [rtabmap]: Parameters event received!
[rtabmap-14] [INFO] [1768033606.777097690] [rtabmap]: Setting RTAB-Map parameter "Icp/PointToPlaneLowComplexityStrategy"="1"
[rtabmap-14] [INFO] [1768033606.777127931] [rtabmap]: rtabmap: Updating parameters
[rtabmap-14] [INFO] [1768033606.777168339] [rtabmap]: RTAB-Map rate detection = 2.000000 Hz
[rtabmap-14] [INFO] [1768033606.794164992] [rtabmap]: Parameters event received!
[rtabmap-14] [INFO] [1768033606.794434902] [rtabmap]: Setting RTAB-Map parameter "Icp/PointToPlaneMinComplexity"="0.02"
[rtabmap-14] [INFO] [1768033606.794612996] [rtabmap]: rtabmap: Updating parameters
[rtabmap-14] [INFO] [1768033606.794920628] [rtabmap]: RTAB-Map rate detection = 2.000000 Hz
[rtabmap-14] [INFO] [1768033606.812223820] [rtabmap]: Parameters event received!
[rtabmap-14] [INFO] [1768033606.812366988] [rtabmap]: Setting RTAB-Map parameter "Icp/PointToPlaneRadius"="0.0"
[rtabmap-14] [INFO] [1768033606.812409100] [rtabmap]: rtabmap: Updating parameters
[rtabmap-14] [INFO] [1768033606.812485248] [rtabmap]: RTAB-Map rate detection = 2.000000 Hz
[superpoint_node-2] [INFO] [1768033606.815393420] [superpoint_node]: Keypoints estratti: 800
[superpoint_node-2] [ERROR] [1768033606.821662229] [superpoint_node]: Errore pubblicazione keypoints 3D: could not assign tuple of length 3 to structure with 4 fields.
[rtabmap-14] [INFO] [1768033606.877641839] [rtabmap]: rtabmap (270): Rate=0.50s, Limit=0.001s, Conversion=0.0003s, RTAB-Map=0.0476s, Maps update=0.0003s pub=0.0010s delay=0.1244s (local map=0, WM=0)
[rtabmap-14] [INFO] [1768033606.878372734] [rtabmap]: Parameters event received!
[rtabmap-14] [INFO] [1768033606.878445160] [rtabmap]: Setting RTAB-Map parameter "Icp/RangeMax"="0"
[rtabmap-14] [INFO] [1768033606.878468327] [rtabmap]: rtabmap: Updating parameters
[rtabmap-14] [INFO] [1768033606.878505124] [rtabmap]: RTAB-Map rate detection = 2.000000 Hz
[rtabmap-14] [INFO] [1768033606.912371836] [rtabmap]: Parameters event received!
[rtabmap-14] [INFO] [1768033606.912586190] [rtabmap]: Setting RTAB-Map parameter "Icp/RangeMin"="0"
[rtabmap-14] [INFO] [1768033606.912636153] [rtabmap]: rtabmap: Updating parameters
[rtabmap-14] [INFO] [1768033606.912686320] [rtabmap]: RTAB-Map rate detection = 2.000000 Hz
[rtabmap-14] [INFO] [1768033606.941585401] [rtabmap]: Parameters event received!
[rtabmap-14] [INFO] [1768033606.941678809] [rtabmap]: Setting RTAB-Map parameter "Icp/ReciprocalCorrespondences"="true"
[rtabmap-14] [INFO] [1768033606.941709884] [rtabmap]: rtabmap: Updating parameters
[rtabmap-14] [INFO] [1768033606.941756014] [rtabmap]: RTAB-Map rate detection = 2.000000 Hz
[superpoint_node-2] [INFO] [1768033606.949178517] [superpoint_node]: Keypoints estratti: 800
[rtabmap-14] [INFO] [1768033606.959163763] [rtabmap]: Parameters event received!
[rtabmap-14] [INFO] [1768033606.959253208] [rtabmap]: Setting RTAB-Map parameter "Icp/Strategy"="1"
[rtabmap-14] [INFO] [1768033606.959283634] [rtabmap]: rtabmap: Updating parameters
[rtabmap-14] [INFO] [1768033606.959328171] [rtabmap]: RTAB-Map rate detection = 2.000000 Hz
[superpoint_node-2] [ERROR] [1768033606.961682746] [superpoint_node]: Errore pubblicazione keypoints 3D: could not assign tuple of length 3 to structure with 4 fields.
[rtabmap-14] [INFO] [1768033606.977161109] [rtabmap]: Parameters event received!
[rtabmap-14] [INFO] [1768033606.977263573] [rtabmap]: Setting RTAB-Map parameter "Icp/VoxelSize"="0.05"
[rtabmap-14] [INFO] [1768033606.977323610] [rtabmap]: rtabmap: Updating parameters
[rtabmap-14] [INFO] [1768033606.977371111] [rtabmap]: RTAB-Map rate detection = 2.000000 Hz
[rtabmap-14] [INFO] [1768033606.986966742] [rtabmap]: Parameters event received!
[rtabmap-14] [INFO] [1768033606.987185614] [rtabmap]: Setting RTAB-Map parameter "ImuFilter/ComplementaryBiasAlpha"="0.01"
[rtabmap-14] [INFO] [1768033606.987226985] [rtabmap]: rtabmap: Updating parameters
[rtabmap-14] [INFO] [1768033606.987320782] [rtabmap]: RTAB-Map rate detection = 2.000000 Hz
[rtabmap-14] [INFO] [1768033607.003042536] [rtabmap]: Parameters event received!
[rtabmap-14] [INFO] [1768033607.003125796] [rtabmap]: Setting RTAB-Map parameter "ImuFilter/ComplementaryDoAdpativeGain"="true"
[rtabmap-14] [INFO] [1768033607.003151111] [rtabmap]: rtabmap: Updating parameters
[rtabmap-14] [INFO] [1768033607.003251964] [rtabmap]: RTAB-Map rate detection = 2.000000 Hz
[rtabmap-14] [33m[ WARN] (2026-01-10 09:26:46.665) Features2d.cpp:658::create() BRIEF, FREAK and DAISY features cannot be used because OpenCV was not built with xfeatures2d module. GFTT/ORB is used instead.[0m
[rtabmap-14] [33m[ WARN] (2026-01-10 09:26:46.670) Features2d.cpp:658::create() BRIEF, FREAK and DAISY features cannot be used because OpenCV was not built with xfeatures2d module. GFTT/ORB is used instead.[0m
[rtabmap-14] [33m[ WARN] (2026-01-10 09:26:46.683) Features2d.cpp:658::create() BRIEF, FREAK and DAISY features cannot be used because OpenCV was not built with xfeatures2d module. GFTT/ORB is used instead.[0m
[rtabmap-14] [33m[ WARN] (2026-01-10 09:26:46.692) Features2d.cpp:658::create() BRIEF, FREAK and DAISY features cannot be used because OpenCV was not built with xfeatures2d module. GFTT/ORB is used instead.[0m
[rtabmap-14] [33m[ WARN] (2026-01-10 09:26:46.693) Features2d.cpp:658::create() BRIEF, FREAK and DAISY features cannot be used because OpenCV was not built with xfeatures2d module. GFTT/ORB is used instead.[0m
[rtabmap-14] [33m[ WARN] (2026-01-10 09:26:46.714) Features2d.cpp:658::create() BRIEF, FREAK and DAISY features cannot be used because OpenCV was not built with xfeatures2d module. GFTT/ORB is used instead.[0m
[rtabmap-14] [33m[ WARN] (2026-01-10 09:26:46.716) Features2d.cpp:658::create() BRIEF, FREAK and DAISY features cannot be used because OpenCV was not built with xfeatures2d module. GFTT/ORB is used instead.[0m
[rtabmap-14] [33m[ WARN] (2026-01-10 09:26:46.723) Features2d.cpp:658::create() BRIEF, FREAK and DAISY features cannot be used because OpenCV was not built with xfeatures2d module. GFTT/ORB is used instead.[0m
[rtabmap-14] [33m[ WARN] (2026-01-10 09:26:46.743) Features2d.cpp:658::create() BRIEF, FREAK and DAISY features cannot be used because OpenCV was not built with xfeatures2d module. GFTT/ORB is used instead.[0m
[rtabmap-14] [33m[ WARN] (2026-01-10 09:26:46.744) Features2d.cpp:658::create() BRIEF, FREAK and DAISY features cannot be used because OpenCV was not built with xfeatures2d module. GFTT/ORB is used instead.[0m
[rtabmap-14] [33m[ WARN] (2026-01-10 09:26:46.745) Features2d.cpp:658::create() BRIEF, FREAK and DAISY features cannot be used because OpenCV was not built with xfeatures2d module. GFTT/ORB is used instead.[0m
[rtabmap-14] [33m[ WARN] (2026-01-10 09:26:46.777) Features2d.cpp:658::create() BRIEF, FREAK and DAISY features cannot be used because OpenCV was not built with xfeatures2d module. GFTT/ORB is used instead.[0m
[rtabmap-14] [33m[ WARN] (2026-01-10 09:26:46.779) Features2d.cpp:658::create() BRIEF, FREAK and DAISY features cannot be used because OpenCV was not built with xfeatures2d module. GFTT/ORB is used instead.[0m
[rtabmap-14] [33m[ WARN] (2026-01-10 09:26:46.779) Features2d.cpp:658::create() BRIEF, FREAK and DAISY features cannot be used because OpenCV was not built with xfeatures2d module. GFTT/ORB is used instead.[0m
[rtabmap-14] [33m[ WARN] (2026-01-10 09:26:46.798) Features2d.cpp:658::create() BRIEF, FREAK and DAISY features cannot be used because OpenCV was not built with xfeatures2d module. GFTT/ORB is used instead.[0m
[rtabmap-14] [33m[ WARN] (2026-01-10 09:26:46.799) Features2d.cpp:658::create() BRIEF, FREAK and DAISY features cannot be used because OpenCV was not built with xfeatures2d module. GFTT/ORB is used instead.[0m
[rtabmap-14] [33m[ WARN] (2026-01-10 09:26:46.800) Features2d.cpp:658::create() BRIEF, FREAK and DAISY features cannot be used because OpenCV was not built with xfeatures2d module. GFTT/ORB is used instead.[0m
[rtabmap-14] [33m[ WARN] (2026-01-10 09:26:46.813) Features2d.cpp:658::create() BRIEF, FREAK and DAISY features cannot be used because OpenCV was not built with xfeatures2d module. GFTT/ORB is used instead.[0m
[rtabmap-14] [33m[ WARN] (2026-01-10 09:26:46.815) Features2d.cpp:658::create() BRIEF, FREAK and DAISY features cannot be used because OpenCV was not built with xfeatures2d module. GFTT/ORB is used instead.[0m
[rtabmap-14] [33m[ WARN] (2026-01-10 09:26:46.816) Features2d.cpp:658::create() BRIEF, FREAK and DAISY features cannot be used because OpenCV was not built with xfeatures2d module. GFTT/ORB is used instead.[0m
[rtabmap-14] [33m[ WARN] (2026-01-10 09:26:46.876) MapsManager.cpp:863::publishMaps() Graph has changed! The whole cloud is regenerated.[0m
[rtabmap-14] [33m[ WARN] (2026-01-10 09:26:46.877) OccupancyGrid.cpp:169::getProbMap() Map info is empty, cannot generate probabilistic occupancy grid[0m
[rtabmap-14] [33m[ WARN] (2026-01-10 09:26:46.882) Features2d.cpp:658::create() BRIEF, FREAK and DAISY features cannot be used because OpenCV was not built with xfeatures2d module. GFTT/ORB is used instead.[0m
[rtabmap-14] [33m[ WARN] (2026-01-10 09:26:46.886) Features2d.cpp:658::create() BRIEF, FREAK and DAISY features cannot be used because OpenCV was not built with xfeatures2d module. GFTT/ORB is used instead.[0m
[rtabmap-14] [33m[ WARN] (2026-01-10 09:26:46.887) Features2d.cpp:658::create() BRIEF, FREAK and DAISY features cannot be used because OpenCV was not built with xfeatures2d module. GFTT/ORB is used instead.[0m
[rtabmap-14] [33m[ WARN] (2026-01-10 09:26:46.918) Features2d.cpp:658::create() BRIEF, FREAK and DAISY features cannot be used because OpenCV was not built with xfeatures2d module. GFTT/ORB is used instead.[0m
[rtabmap-14] [33m[ WARN] (2026-01-10 09:26:46.926) Features2d.cpp:658::create() BRIEF, FREAK and DAISY features cannot be used because OpenCV was not built with xfeatures2d module. GFTT/ORB is used instead.[0m
[rtabmap-14] [33m[ WARN] (2026-01-10 09:26:46.928) Features2d.cpp:658::create() BRIEF, FREAK and DAISY features cannot be used because OpenCV was not built with xfeatures2d module. GFTT/ORB is used instead.[0m
[rtabmap-14] [33m[ WARN] (2026-01-10 09:26:46.942) Features2d.cpp:658::create() BRIEF, FREAK and DAISY features cannot be used because OpenCV was not built with xfeatures2d module. GFTT/ORB is used instead.[0m
[rtabmap-14] [33m[ WARN] (2026-01-10 09:26:46.944) Features2d.cpp:658::create() BRIEF, FREAK and DAISY features cannot be used because OpenCV was not built with xfeatures2d module. GFTT/ORB is used instead.[0m
[rtabmap-14] [33m[ WARN] (2026-01-10 09:26:46.945) Features2d.cpp:658::create() BRIEF, FREAK and DAISY features cannot be used because OpenCV was not built with xfeatures2d module. GFTT/ORB is used instead.[0m
[rtabmap-14] [33m[ WARN] (2026-01-10 09:26:46.960) Features2d.cpp:658::create() BRIEF, FREAK and DAISY features cannot be used because OpenCV was not built with xfeatures2d module. GFTT/ORB is used instead.[0m
[rtabmap-14] [33m[ WARN] (2026-01-10 09:26:46.961) Features2d.cpp:658::create() BRIEF, FREAK and DAISY features cannot be used because OpenCV was not built with xfeatures2d module. GFTT/ORB is used instead.[0m
[rtabmap-14] [33m[ WARN] (2026-01-10 09:26:46.961) Features2d.cpp:658::create() BRIEF, FREAK and DAISY features cannot be used because OpenCV was not built with xfeatures2d module. GFTT/ORB is used instead.[0m
[rtabmap-14] [33m[ WARN] (2026-01-10 09:26:46.978) Features2d.cpp:658::create() BRIEF, FREAK and DAISY features cannot be used because OpenCV was not built with xfeatures2d module. GFTT/ORB is used instead.[0m
[rtabmap-14] [33m[ WARN] (2026-01-10 09:26:46.979) Features2d.cpp:658::create() BRIEF, FREAK and DAISY features cannot be used because OpenCV was not built with xfeatures2d module. GFTT/ORB is used instead.[0m
[rtabmap-14] [33m[ WARN] (2026-01-10 09:26:46.979) Features2d.cpp:658::create() BRIEF, FREAK and DAISY features cannot be used because OpenCV was not built with xfeatures2d module. GFTT/ORB is used instead.[0m
[rtabmap-14] [33m[ WARN] (2026-01-10 09:26:46.988) Features2d.cpp:658::create() BRIEF, FREAK and DAISY features cannot be used because OpenCV was not built with xfeatures2d module. GFTT/ORB is used instead.[0m
[rtabmap-14] [33m[ WARN] (2026-01-10 09:26:46.989) Features2d.cpp:658::create() BRIEF, FREAK and DAISY features cannot be used because OpenCV was not built with xfeatures2d module. GFTT/ORB is used instead.[0m
[rtabmap-14] [33m[ WARN] (2026-01-10 09:26:46.990) Features2d.cpp:658::create() BRIEF, FREAK and DAISY features cannot be used because OpenCV was not built with xfeatures2d module. GFTT/ORB is used instead.[0m
[rtabmap-14] [33m[ WARN] (2026-01-10 09:26:47.006) Features2d.cpp:658::create() BRIEF, FREAK and DAISY features cannot be used because OpenCV was not built with xfeatures2d module. GFTT/ORB is used instead.[0m
[rtabmap-14] [33m[ WARN] (2026-01-10 09:26:47.008) Features2d.cpp:658::create() BRIEF, FREAK and DAISY features cannot be used because OpenCV was not built with xfeatures2d module. GFTT/ORB is used instead.[0m
[rtabmap-14] [INFO] [1768033607.030476865] [rtabmap]: Parameters event received!
[rtabmap-14] [INFO] [1768033607.030613292] [rtabmap]: Setting RTAB-Map parameter "ImuFilter/ComplementaryDoBiasEstimation"="true"
[rtabmap-14] [INFO] [1768033607.030664941] [rtabmap]: rtabmap: Updating parameters
[rtabmap-14] [INFO] [1768033607.030873313] [rtabmap]: RTAB-Map rate detection = 2.000000 Hz
[superpoint_node-2] [INFO] [1768033607.062234894] [superpoint_node]: Keypoints estratti: 800
[rtabmap-14] [INFO] [1768033607.066808597] [rtabmap]: Parameters event received!
[rtabmap-14] [INFO] [1768033607.066909543] [rtabmap]: Setting RTAB-Map parameter "ImuFilter/ComplementaryGainAcc"="0.01"
[rtabmap-14] [INFO] [1768033607.066944728] [rtabmap]: rtabmap: Updating parameters
[rtabmap-14] [INFO] [1768033607.066989710] [rtabmap]: RTAB-Map rate detection = 2.000000 Hz
[superpoint_node-2] [ERROR] [1768033607.069142708] [superpoint_node]: Errore pubblicazione keypoints 3D: could not assign tuple of length 3 to structure with 4 fields.
[rtabmap-14] [INFO] [1768033607.084342792] [rtabmap]: Parameters event received!
[rtabmap-14] [INFO] [1768033607.084432607] [rtabmap]: Setting RTAB-Map parameter "ImuFilter/MadgwickGain"="0.1"
[rtabmap-14] [INFO] [1768033607.084458552] [rtabmap]: rtabmap: Updating parameters
[rtabmap-14] [INFO] [1768033607.084501812] [rtabmap]: RTAB-Map rate detection = 2.000000 Hz
[rtabmap-14] [INFO] [1768033607.096699834] [rtabmap]: Parameters event received!
[rtabmap-14] [INFO] [1768033607.096791150] [rtabmap]: Setting RTAB-Map parameter "ImuFilter/MadgwickZeta"="0.0"
[rtabmap-14] [INFO] [1768033607.096821261] [rtabmap]: rtabmap: Updating parameters
[rtabmap-14] [INFO] [1768033607.096863706] [rtabmap]: RTAB-Map rate detection = 2.000000 Hz
[rtabmap-14] [INFO] [1768033607.122866486] [rtabmap]: Parameters event received!
[rtabmap-14] [INFO] [1768033607.125012799] [rtabmap]: Setting RTAB-Map parameter "KAZE/Diffusivity"="1"
[rtabmap-14] [INFO] [1768033607.125232764] [rtabmap]: rtabmap: Updating parameters
[rtabmap-14] [INFO] [1768033607.125472359] [rtabmap]: RTAB-Map rate detection = 2.000000 Hz
[rtabmap-14] [INFO] [1768033607.150304685] [rtabmap]: Parameters event received!
[rtabmap-14] [INFO] [1768033607.150437390] [rtabmap]: Setting RTAB-Map parameter "KAZE/Extended"="false"
[rtabmap-14] [INFO] [1768033607.150490631] [rtabmap]: rtabmap: Updating parameters
[rtabmap-14] [INFO] [1768033607.150566983] [rtabmap]: RTAB-Map rate detection = 2.000000 Hz
[superpoint_node-2] [INFO] [1768033607.166259737] [superpoint_node]: Keypoints estratti: 800
[superpoint_node-2] [ERROR] [1768033607.173141070] [superpoint_node]: Errore pubblicazione keypoints 3D: could not assign tuple of length 3 to structure with 4 fields.
[rtabmap-14] [INFO] [1768033607.178577539] [rtabmap]: Parameters event received!
[rtabmap-14] [INFO] [1768033607.178661058] [rtabmap]: Setting RTAB-Map parameter "KAZE/NOctaveLayers"="4"
[rtabmap-14] [INFO] [1768033607.178733818] [rtabmap]: rtabmap: Updating parameters
[rtabmap-14] [INFO] [1768033607.178792800] [rtabmap]: RTAB-Map rate detection = 2.000000 Hz
[rtabmap-14] [INFO] [1768033607.189257771] [rtabmap]: Parameters event received!
[rtabmap-14] [INFO] [1768033607.189384087] [rtabmap]: Setting RTAB-Map parameter "KAZE/NOctaves"="4"
[rtabmap-14] [INFO] [1768033607.189418791] [rtabmap]: rtabmap: Updating parameters
[rtabmap-14] [INFO] [1768033607.189458440] [rtabmap]: RTAB-Map rate detection = 2.000000 Hz
[rtabmap-14] [INFO] [1768033607.205075045] [rtabmap]: Parameters event received!
[rtabmap-14] [INFO] [1768033607.205181194] [rtabmap]: Setting RTAB-Map parameter "KAZE/Threshold"="0.001"
[rtabmap-14] [INFO] [1768033607.205327843] [rtabmap]: rtabmap: Updating parameters
[rtabmap-14] [INFO] [1768033607.206868948] [rtabmap]: RTAB-Map rate detection = 2.000000 Hz
[rtabmap-14] [INFO] [1768033607.216631785] [rtabmap]: Parameters event received!
[rtabmap-14] [INFO] [1768033607.216742119] [rtabmap]: Setting RTAB-Map parameter "KAZE/Upright"="false"
[rtabmap-14] [INFO] [1768033607.216781786] [rtabmap]: rtabmap: Updating parameters
[rtabmap-14] [INFO] [1768033607.216829657] [rtabmap]: RTAB-Map rate detection = 2.000000 Hz
[rtabmap-14] [INFO] [1768033607.235659880] [rtabmap]: Parameters event received!
[rtabmap-14] [INFO] [1768033607.237554228] [rtabmap]: Setting RTAB-Map parameter "Kp/BadSignRatio"="0.5"
[rtabmap-14] [INFO] [1768033607.237694581] [rtabmap]: rtabmap: Updating parameters
[rtabmap-14] [INFO] [1768033607.237817804] [rtabmap]: RTAB-Map rate detection = 2.000000 Hz
[rtabmap-14] [INFO] [1768033607.257845278] [rtabmap]: Parameters event received!
[rtabmap-14] [INFO] [1768033607.257936723] [rtabmap]: Setting RTAB-Map parameter "Kp/ByteToFloat"="false"
[rtabmap-14] [INFO] [1768033607.257966668] [rtabmap]: rtabmap: Updating parameters
[rtabmap-14] [INFO] [1768033607.258014983] [rtabmap]: RTAB-Map rate detection = 2.000000 Hz
[superpoint_node-2] [INFO] [1768033607.282537751] [superpoint_node]: Keypoints estratti: 800
[superpoint_node-2] [ERROR] [1768033607.289241693] [superpoint_node]: Errore pubblicazione keypoints 3D: could not assign tuple of length 3 to structure with 4 fields.
[rtabmap-14] [INFO] [1768033607.290077422] [rtabmap]: Parameters event received!
[rtabmap-14] [INFO] [1768033607.290149460] [rtabmap]: Setting RTAB-Map parameter "Kp/DetectorStrategy"="6"
[rtabmap-14] [INFO] [1768033607.290172942] [rtabmap]: rtabmap: Updating parameters
[rtabmap-14] [INFO] [1768033607.290221090] [rtabmap]: RTAB-Map rate detection = 2.000000 Hz
[rtabmap-14] [INFO] [1768033607.308944424] [rtabmap]: Parameters event received!
[rtabmap-14] [INFO] [1768033607.309043702] [rtabmap]: Setting RTAB-Map parameter "Kp/DictionaryPath"=""
[rtabmap-14] [INFO] [1768033607.309076554] [rtabmap]: rtabmap: Updating parameters
[rtabmap-14] [INFO] [1768033607.309123110] [rtabmap]: RTAB-Map rate detection = 2.000000 Hz
[rtabmap-14] [33m[ WARN] (2026-01-10 09:26:47.009) Features2d.cpp:658::create() BRIEF, FREAK and DAISY features cannot be used because OpenCV was not built with xfeatures2d module. GFTT/ORB is used instead.[0m
[rtabmap-14] [33m[ WARN] (2026-01-10 09:26:47.032) Features2d.cpp:658::create() BRIEF, FREAK and DAISY features cannot be used because OpenCV was not built with xfeatures2d module. GFTT/ORB is used instead.[0m
[rtabmap-14] [33m[ WARN] (2026-01-10 09:26:47.033) Features2d.cpp:658::create() BRIEF, FREAK and DAISY features cannot be used because OpenCV was not built with xfeatures2d module. GFTT/ORB is used instead.[0m
[rtabmap-14] [33m[ WARN] (2026-01-10 09:26:47.033) Features2d.cpp:658::create() BRIEF, FREAK and DAISY features cannot be used because OpenCV was not built with xfeatures2d module. GFTT/ORB is used instead.[0m
[rtabmap-14] [33m[ WARN] (2026-01-10 09:26:47.067) Features2d.cpp:658::create() BRIEF, FREAK and DAISY features cannot be used because OpenCV was not built with xfeatures2d module. GFTT/ORB is used instead.[0m
[rtabmap-14] [33m[ WARN] (2026-01-10 09:26:47.068) Features2d.cpp:658::create() BRIEF, FREAK and DAISY features cannot be used because OpenCV was not built with xfeatures2d module. GFTT/ORB is used instead.[0m
[rtabmap-14] [33m[ WARN] (2026-01-10 09:26:47.069) Features2d.cpp:658::create() BRIEF, FREAK and DAISY features cannot be used because OpenCV was not built with xfeatures2d module. GFTT/ORB is used instead.[0m
[rtabmap-14] [33m[ WARN] (2026-01-10 09:26:47.085) Features2d.cpp:658::create() BRIEF, FREAK and DAISY features cannot be used because OpenCV was not built with xfeatures2d module. GFTT/ORB is used instead.[0m
[rtabmap-14] [33m[ WARN] (2026-01-10 09:26:47.086) Features2d.cpp:658::create() BRIEF, FREAK and DAISY features cannot be used because OpenCV was not built with xfeatures2d module. GFTT/ORB is used instead.[0m
[rtabmap-14] [33m[ WARN] (2026-01-10 09:26:47.087) Features2d.cpp:658::create() BRIEF, FREAK and DAISY features cannot be used because OpenCV was not built with xfeatures2d module. GFTT/ORB is used instead.[0m
[rtabmap-14] [33m[ WARN] (2026-01-10 09:26:47.097) Features2d.cpp:658::create() BRIEF, FREAK and DAISY features cannot be used because OpenCV was not built with xfeatures2d module. GFTT/ORB is used instead.[0m
[rtabmap-14] [33m[ WARN] (2026-01-10 09:26:47.098) Features2d.cpp:658::create() BRIEF, FREAK and DAISY features cannot be used because OpenCV was not built with xfeatures2d module. GFTT/ORB is used instead.[0m
[rtabmap-14] [33m[ WARN] (2026-01-10 09:26:47.099) Features2d.cpp:658::create() BRIEF, FREAK and DAISY features cannot be used because OpenCV was not built with xfeatures2d module. GFTT/ORB is used instead.[0m
[rtabmap-14] [33m[ WARN] (2026-01-10 09:26:47.132) Features2d.cpp:658::create() BRIEF, FREAK and DAISY features cannot be used because OpenCV was not built with xfeatures2d module. GFTT/ORB is used instead.[0m
[rtabmap-14] [33m[ WARN] (2026-01-10 09:26:47.134) Features2d.cpp:658::create() BRIEF, FREAK and DAISY features cannot be used because OpenCV was not built with xfeatures2d module. GFTT/ORB is used instead.[0m
[rtabmap-14] [33m[ WARN] (2026-01-10 09:26:47.138) Features2d.cpp:658::create() BRIEF, FREAK and DAISY features cannot be used because OpenCV was not built with xfeatures2d module. GFTT/ORB is used instead.[0m
[rtabmap-14] [33m[ WARN] (2026-01-10 09:26:47.155) Features2d.cpp:658::create() BRIEF, FREAK and DAISY features cannot be used because OpenCV was not built with xfeatures2d module. GFTT/ORB is used instead.[0m
[rtabmap-14] [33m[ WARN] (2026-01-10 09:26:47.157) Features2d.cpp:658::create() BRIEF, FREAK and DAISY features cannot be used because OpenCV was not built with xfeatures2d module. GFTT/ORB is used instead.[0m
[rtabmap-14] [33m[ WARN] (2026-01-10 09:26:47.164) Features2d.cpp:658::create() BRIEF, FREAK and DAISY features cannot be used because OpenCV was not built with xfeatures2d module. GFTT/ORB is used instead.[0m
[rtabmap-14] [33m[ WARN] (2026-01-10 09:26:47.179) Features2d.cpp:658::create() BRIEF, FREAK and DAISY features cannot be used because OpenCV was not built with xfeatures2d module. GFTT/ORB is used instead.[0m
[rtabmap-14] [33m[ WARN] (2026-01-10 09:26:47.180) Features2d.cpp:658::create() BRIEF, FREAK and DAISY features cannot be used because OpenCV was not built with xfeatures2d module. GFTT/ORB is used instead.[0m
[rtabmap-14] [33m[ WARN] (2026-01-10 09:26:47.181) Features2d.cpp:658::create() BRIEF, FREAK and DAISY features cannot be used because OpenCV was not built with xfeatures2d module. GFTT/ORB is used instead.[0m
[rtabmap-14] [33m[ WARN] (2026-01-10 09:26:47.190) Features2d.cpp:658::create() BRIEF, FREAK and DAISY features cannot be used because OpenCV was not built with xfeatures2d module. GFTT/ORB is used instead.[0m
[rtabmap-14] [33m[ WARN] (2026-01-10 09:26:47.195) Features2d.cpp:658::create() BRIEF, FREAK and DAISY features cannot be used because OpenCV was not built with xfeatures2d module. GFTT/ORB is used instead.[0m
[rtabmap-14] [33m[ WARN] (2026-01-10 09:26:47.196) Features2d.cpp:658::create() BRIEF, FREAK and DAISY features cannot be used because OpenCV was not built with xfeatures2d module. GFTT/ORB is used instead.[0m
[rtabmap-14] [33m[ WARN] (2026-01-10 09:26:47.207) Features2d.cpp:658::create() BRIEF, FREAK and DAISY features cannot be used because OpenCV was not built with xfeatures2d module. GFTT/ORB is used instead.[0m
[rtabmap-14] [33m[ WARN] (2026-01-10 09:26:47.209) Features2d.cpp:658::create() BRIEF, FREAK and DAISY features cannot be used because OpenCV was not built with xfeatures2d module. GFTT/ORB is used instead.[0m
[rtabmap-14] [33m[ WARN] (2026-01-10 09:26:47.209) Features2d.cpp:658::create() BRIEF, FREAK and DAISY features cannot be used because OpenCV was not built with xfeatures2d module. GFTT/ORB is used instead.[0m
[rtabmap-14] [33m[ WARN] (2026-01-10 09:26:47.217) Features2d.cpp:658::create() BRIEF, FREAK and DAISY features cannot be used because OpenCV was not built with xfeatures2d module. GFTT/ORB is used instead.[0m
[rtabmap-14] [33m[ WARN] (2026-01-10 09:26:47.224) Features2d.cpp:658::create() BRIEF, FREAK and DAISY features cannot be used because OpenCV was not built with xfeatures2d module. GFTT/ORB is used instead.[0m
[rtabmap-14] [33m[ WARN] (2026-01-10 09:26:47.225) Features2d.cpp:658::create() BRIEF, FREAK and DAISY features cannot be used because OpenCV was not built with xfeatures2d module. GFTT/ORB is used instead.[0m
[rtabmap-14] [33m[ WARN] (2026-01-10 09:26:47.242) Features2d.cpp:658::create() BRIEF, FREAK and DAISY features cannot be used because OpenCV was not built with xfeatures2d module. GFTT/ORB is used instead.[0m
[rtabmap-14] [33m[ WARN] (2026-01-10 09:26:47.247) Features2d.cpp:658::create() BRIEF, FREAK and DAISY features cannot be used because OpenCV was not built with xfeatures2d module. GFTT/ORB is used instead.[0m
[rtabmap-14] [33m[ WARN] (2026-01-10 09:26:47.250) Features2d.cpp:658::create() BRIEF, FREAK and DAISY features cannot be used because OpenCV was not built with xfeatures2d module. GFTT/ORB is used instead.[0m
[rtabmap-14] [33m[ WARN] (2026-01-10 09:26:47.263) Features2d.cpp:658::create() BRIEF, FREAK and DAISY features cannot be used because OpenCV was not built with xfeatures2d module. GFTT/ORB is used instead.[0m
[rtabmap-14] [33m[ WARN] (2026-01-10 09:26:47.265) Features2d.cpp:658::create() BRIEF, FREAK and DAISY features cannot be used because OpenCV was not built with xfeatures2d module. GFTT/ORB is used instead.[0m
[rtabmap-14] [33m[ WARN] (2026-01-10 09:26:47.265) Features2d.cpp:658::create() BRIEF, FREAK and DAISY features cannot be used because OpenCV was not built with xfeatures2d module. GFTT/ORB is used instead.[0m
[rtabmap-14] [33m[ WARN] (2026-01-10 09:26:47.290) Features2d.cpp:658::create() BRIEF, FREAK and DAISY features cannot be used because OpenCV was not built with xfeatures2d module. GFTT/ORB is used instead.[0m
[rtabmap-14] [33m[ WARN] (2026-01-10 09:26:47.292) Features2d.cpp:658::create() BRIEF, FREAK and DAISY features cannot be used because OpenCV was not built with xfeatures2d module. GFTT/ORB is used instead.[0m
[rtabmap-14] [33m[ WARN] (2026-01-10 09:26:47.293) Features2d.cpp:658::create() BRIEF, FREAK and DAISY features cannot be used because OpenCV was not built with xfeatures2d module. GFTT/ORB is used instead.[0m
[rtabmap-14] [33m[ WARN] (2026-01-10 09:26:47.310) Features2d.cpp:658::create() BRIEF, FREAK and DAISY features cannot be used because OpenCV was not built with xfeatures2d module. GFTT/ORB is used instead.[0m
[rtabmap-14] [INFO] [1768033607.348997741] [rtabmap]: Parameters event received!
[rtabmap-14] [INFO] [1768033607.349109020] [rtabmap]: Setting RTAB-Map parameter "Kp/FlannRebalancingFactor"="2.0"
[rtabmap-14] [INFO] [1768033607.349138409] [rtabmap]: rtabmap: Updating parameters
[rtabmap-14] [INFO] [1768033607.349183465] [rtabmap]: RTAB-Map rate detection = 2.000000 Hz
[superpoint_node-2] [INFO] [1768033607.392181009] [superpoint_node]: Keypoints estratti: 800
[superpoint_node-2] [ERROR] [1768033607.400809429] [superpoint_node]: Errore pubblicazione keypoints 3D: could not assign tuple of length 3 to structure with 4 fields.
[rtabmap-14] [INFO] [1768033607.469942088] [rtabmap]: rtabmap (271): Rate=0.50s, Limit=0.001s, Conversion=0.0002s, RTAB-Map=0.0563s, Maps update=0.0004s pub=0.0213s delay=0.1366s (local map=0, WM=0)
[rtabmap-14] [INFO] [1768033607.475846339] [rtabmap]: Parameters event received!
[rtabmap-14] [INFO] [1768033607.475954544] [rtabmap]: Setting RTAB-Map parameter "Kp/GridCols"="1"
[rtabmap-14] [INFO] [1768033607.475983247] [rtabmap]: rtabmap: Updating parameters
[rtabmap-14] [INFO] [1768033607.476034618] [rtabmap]: RTAB-Map rate detection = 2.000000 Hz
[rtabmap-14] [INFO] [1768033607.490228397] [rtabmap]: Parameters event received!
[rtabmap-14] [INFO] [1768033607.490341213] [rtabmap]: Setting RTAB-Map parameter "Kp/GridRows"="1"
[rtabmap-14] [INFO] [1768033607.490364935] [rtabmap]: rtabmap: Updating parameters
[rtabmap-14] [INFO] [1768033607.490407936] [rtabmap]: RTAB-Map rate detection = 2.000000 Hz
[rtabmap-14] [INFO] [1768033607.500950519] [rtabmap]: Parameters event received!
[rtabmap-14] [INFO] [1768033607.501059020] [rtabmap]: Setting RTAB-Map parameter "Kp/IncrementalDictionary"="true"
[rtabmap-14] [INFO] [1768033607.501100206] [rtabmap]: rtabmap: Updating parameters
[rtabmap-14] [INFO] [1768033607.501156021] [rtabmap]: RTAB-Map rate detection = 2.000000 Hz
[superpoint_node-2] [INFO] [1768033607.512672020] [superpoint_node]: Keypoints estratti: 800
[rtabmap-14] [INFO] [1768033607.516602014] [rtabmap]: Parameters event received!
[rtabmap-14] [INFO] [1768033607.516698848] [rtabmap]: Setting RTAB-Map parameter "Kp/IncrementalFlann"="true"
[rtabmap-14] [INFO] [1768033607.516729070] [rtabmap]: rtabmap: Updating parameters
[rtabmap-14] [INFO] [1768033607.516774404] [rtabmap]: RTAB-Map rate detection = 2.000000 Hz
[superpoint_node-2] [ERROR] [1768033607.522908064] [superpoint_node]: Errore pubblicazione keypoints 3D: could not assign tuple of length 3 to structure with 4 fields.
[rtabmap-14] [INFO] [1768033607.530815552] [rtabmap]: Parameters event received!
[rtabmap-14] [INFO] [1768033607.530915201] [rtabmap]: Setting RTAB-Map parameter "Kp/MaxDepth"="0"
[rtabmap-14] [INFO] [1768033607.530952998] [rtabmap]: rtabmap: Updating parameters
[rtabmap-14] [INFO] [1768033607.531025573] [rtabmap]: RTAB-Map rate detection = 2.000000 Hz
[rtabmap-14] [INFO] [1768033607.554038922] [rtabmap]: Parameters event received!
[rtabmap-14] [INFO] [1768033607.554158737] [rtabmap]: Setting RTAB-Map parameter "Kp/MaxFeatures"="500"
[rtabmap-14] [INFO] [1768033607.554199571] [rtabmap]: rtabmap: Updating parameters
[rtabmap-14] [INFO] [1768033607.554248645] [rtabmap]: RTAB-Map rate detection = 2.000000 Hz
[rtabmap-14] [INFO] [1768033607.562099985] [rtabmap]: Parameters event received!
[rtabmap-14] [INFO] [1768033607.566825116] [rtabmap]: Setting RTAB-Map parameter "Kp/MinDepth"="0"
[rtabmap-14] [INFO] [1768033607.566902190] [rtabmap]: rtabmap: Updating parameters
[rtabmap-14] [INFO] [1768033607.566968876] [rtabmap]: RTAB-Map rate detection = 2.000000 Hz
[rtabmap-14] [INFO] [1768033607.595521287] [rtabmap]: Parameters event received!
[rtabmap-14] [INFO] [1768033607.595814105] [rtabmap]: Setting RTAB-Map parameter "Kp/NNStrategy"="1"
[rtabmap-14] [INFO] [1768033607.595920568] [rtabmap]: rtabmap: Updating parameters
[rtabmap-14] [INFO] [1768033607.596013865] [rtabmap]: RTAB-Map rate detection = 2.000000 Hz
[superpoint_node-2] [INFO] [1768033607.616911698] [superpoint_node]: Keypoints estratti: 800
[rtabmap-14] [INFO] [1768033607.618916269] [rtabmap]: Parameters event received!
[rtabmap-14] [INFO] [1768033607.619012640] [rtabmap]: Setting RTAB-Map parameter "Kp/NewWordsComparedTogether"="true"
[rtabmap-14] [INFO] [1768033607.619042677] [rtabmap]: rtabmap: Updating parameters
[rtabmap-14] [INFO] [1768033607.619086752] [rtabmap]: RTAB-Map rate detection = 2.000000 Hz
[superpoint_node-2] [ERROR] [1768033607.624089717] [superpoint_node]: Errore pubblicazione keypoints 3D: could not assign tuple of length 3 to structure with 4 fields.
[rtabmap-14] [INFO] [1768033607.633537700] [rtabmap]: Parameters event received!
[rtabmap-14] [INFO] [1768033607.633641034] [rtabmap]: Setting RTAB-Map parameter "Kp/NndrRatio"="0.8"
[rtabmap-14] [INFO] [1768033607.633672608] [rtabmap]: rtabmap: Updating parameters
[rtabmap-14] [INFO] [1768033607.633717164] [rtabmap]: RTAB-Map rate detection = 2.000000 Hz
[rtabmap-14] [INFO] [1768033607.650024053] [rtabmap]: Parameters event received!
[rtabmap-14] [INFO] [1768033607.650115387] [rtabmap]: Setting RTAB-Map parameter "Kp/Parallelized"="true"
[rtabmap-14] [INFO] [1768033607.650153498] [rtabmap]: rtabmap: Updating parameters
[rtabmap-14] [INFO] [1768033607.650207999] [rtabmap]: RTAB-Map rate detection = 2.000000 Hz
[rtabmap-14] [INFO] [1768033607.677200194] [rtabmap]: Parameters event received!
[rtabmap-14] [INFO] [1768033607.677379066] [rtabmap]: Setting RTAB-Map parameter "Kp/RoiRatios"="0.0 0.0 0.0 0.0"
[rtabmap-14] [INFO] [1768033607.677541493] [rtabmap]: rtabmap: Updating parameters
[rtabmap-14] [INFO] [1768033607.681972676] [rtabmap]: RTAB-Map rate detection = 2.000000 Hz
[rtabmap-14] [33m[ WARN] (2026-01-10 09:26:47.324) Features2d.cpp:658::create() BRIEF, FREAK and DAISY features cannot be used because OpenCV was not built with xfeatures2d module. GFTT/ORB is used instead.[0m
[rtabmap-14] [33m[ WARN] (2026-01-10 09:26:47.324) Features2d.cpp:658::create() BRIEF, FREAK and DAISY features cannot be used because OpenCV was not built with xfeatures2d module. GFTT/ORB is used instead.[0m
[rtabmap-14] [33m[ WARN] (2026-01-10 09:26:47.358) Features2d.cpp:658::create() BRIEF, FREAK and DAISY features cannot be used because OpenCV was not built with xfeatures2d module. GFTT/ORB is used instead.[0m
[rtabmap-14] [33m[ WARN] (2026-01-10 09:26:47.363) Features2d.cpp:658::create() BRIEF, FREAK and DAISY features cannot be used because OpenCV was not built with xfeatures2d module. GFTT/ORB is used instead.[0m
[rtabmap-14] [33m[ WARN] (2026-01-10 09:26:47.371) Features2d.cpp:658::create() BRIEF, FREAK and DAISY features cannot be used because OpenCV was not built with xfeatures2d module. GFTT/ORB is used instead.[0m
[rtabmap-14] [33m[ WARN] (2026-01-10 09:26:47.447) MapsManager.cpp:863::publishMaps() Graph has changed! The whole cloud is regenerated.[0m
[rtabmap-14] [33m[ WARN] (2026-01-10 09:26:47.466) OccupancyGrid.cpp:169::getProbMap() Map info is empty, cannot generate probabilistic occupancy grid[0m
[rtabmap-14] [33m[ WARN] (2026-01-10 09:26:47.479) Features2d.cpp:658::create() BRIEF, FREAK and DAISY features cannot be used because OpenCV was not built with xfeatures2d module. GFTT/ORB is used instead.[0m
[rtabmap-14] [33m[ WARN] (2026-01-10 09:26:47.480) Features2d.cpp:658::create() BRIEF, FREAK and DAISY features cannot be used because OpenCV was not built with xfeatures2d module. GFTT/ORB is used instead.[0m
[rtabmap-14] [33m[ WARN] (2026-01-10 09:26:47.481) Features2d.cpp:658::create() BRIEF, FREAK and DAISY features cannot be used because OpenCV was not built with xfeatures2d module. GFTT/ORB is used instead.[0m
[rtabmap-14] [33m[ WARN] (2026-01-10 09:26:47.491) Features2d.cpp:658::create() BRIEF, FREAK and DAISY features cannot be used because OpenCV was not built with xfeatures2d module. GFTT/ORB is used instead.[0m
[rtabmap-14] [33m[ WARN] (2026-01-10 09:26:47.492) Features2d.cpp:658::create() BRIEF, FREAK and DAISY features cannot be used because OpenCV was not built with xfeatures2d module. GFTT/ORB is used instead.[0m
[rtabmap-14] [33m[ WARN] (2026-01-10 09:26:47.493) Features2d.cpp:658::create() BRIEF, FREAK and DAISY features cannot be used because OpenCV was not built with xfeatures2d module. GFTT/ORB is used instead.[0m
[rtabmap-14] [33m[ WARN] (2026-01-10 09:26:47.502) Features2d.cpp:658::create() BRIEF, FREAK and DAISY features cannot be used because OpenCV was not built with xfeatures2d module. GFTT/ORB is used instead.[0m
[rtabmap-14] [33m[ WARN] (2026-01-10 09:26:47.503) Features2d.cpp:658::create() BRIEF, FREAK and DAISY features cannot be used because OpenCV was not built with xfeatures2d module. GFTT/ORB is used instead.[0m
[rtabmap-14] [33m[ WARN] (2026-01-10 09:26:47.504) Features2d.cpp:658::create() BRIEF, FREAK and DAISY features cannot be used because OpenCV was not built with xfeatures2d module. GFTT/ORB is used instead.[0m
[rtabmap-14] [33m[ WARN] (2026-01-10 09:26:47.517) Features2d.cpp:658::create() BRIEF, FREAK and DAISY features cannot be used because OpenCV was not built with xfeatures2d module. GFTT/ORB is used instead.[0m
[rtabmap-14] [33m[ WARN] (2026-01-10 09:26:47.518) Features2d.cpp:658::create() BRIEF, FREAK and DAISY features cannot be used because OpenCV was not built with xfeatures2d module. GFTT/ORB is used instead.[0m
[rtabmap-14] [33m[ WARN] (2026-01-10 09:26:47.519) Features2d.cpp:658::create() BRIEF, FREAK and DAISY features cannot be used because OpenCV was not built with xfeatures2d module. GFTT/ORB is used instead.[0m
[rtabmap-14] [33m[ WARN] (2026-01-10 09:26:47.531) Features2d.cpp:658::create() BRIEF, FREAK and DAISY features cannot be used because OpenCV was not built with xfeatures2d module. GFTT/ORB is used instead.[0m
[rtabmap-14] [33m[ WARN] (2026-01-10 09:26:47.532) Features2d.cpp:658::create() BRIEF, FREAK and DAISY features cannot be used because OpenCV was not built with xfeatures2d module. GFTT/ORB is used instead.[0m
[rtabmap-14] [33m[ WARN] (2026-01-10 09:26:47.533) Features2d.cpp:658::create() BRIEF, FREAK and DAISY features cannot be used because OpenCV was not built with xfeatures2d module. GFTT/ORB is used instead.[0m
[rtabmap-14] [33m[ WARN] (2026-01-10 09:26:47.555) Features2d.cpp:658::create() BRIEF, FREAK and DAISY features cannot be used because OpenCV was not built with xfeatures2d module. GFTT/ORB is used instead.[0m
[rtabmap-14] [33m[ WARN] (2026-01-10 09:26:47.556) Features2d.cpp:658::create() BRIEF, FREAK and DAISY features cannot be used because OpenCV was not built with xfeatures2d module. GFTT/ORB is used instead.[0m
[rtabmap-14] [33m[ WARN] (2026-01-10 09:26:47.556) Features2d.cpp:658::create() BRIEF, FREAK and DAISY features cannot be used because OpenCV was not built with xfeatures2d module. GFTT/ORB is used instead.[0m
[rtabmap-14] [33m[ WARN] (2026-01-10 09:26:47.571) Features2d.cpp:658::create() BRIEF, FREAK and DAISY features cannot be used because OpenCV was not built with xfeatures2d module. GFTT/ORB is used instead.[0m
[rtabmap-14] [33m[ WARN] (2026-01-10 09:26:47.583) Features2d.cpp:658::create() BRIEF, FREAK and DAISY features cannot be used because OpenCV was not built with xfeatures2d module. GFTT/ORB is used instead.[0m
[rtabmap-14] [33m[ WARN] (2026-01-10 09:26:47.584) Features2d.cpp:658::create() BRIEF, FREAK and DAISY features cannot be used because OpenCV was not built with xfeatures2d module. GFTT/ORB is used instead.[0m
[rtabmap-14] [33m[ WARN] (2026-01-10 09:26:47.597) Features2d.cpp:658::create() BRIEF, FREAK and DAISY features cannot be used because OpenCV was not built with xfeatures2d module. GFTT/ORB is used instead.[0m
[rtabmap-14] [33m[ WARN] (2026-01-10 09:26:47.602) Features2d.cpp:658::create() BRIEF, FREAK and DAISY features cannot be used because OpenCV was not built with xfeatures2d module. GFTT/ORB is used instead.[0m
[rtabmap-14] [33m[ WARN] (2026-01-10 09:26:47.609) Features2d.cpp:658::create() BRIEF, FREAK and DAISY features cannot be used because OpenCV was not built with xfeatures2d module. GFTT/ORB is used instead.[0m
[rtabmap-14] [33m[ WARN] (2026-01-10 09:26:47.619) Features2d.cpp:658::create() BRIEF, FREAK and DAISY features cannot be used because OpenCV was not built with xfeatures2d module. GFTT/ORB is used instead.[0m
[rtabmap-14] [33m[ WARN] (2026-01-10 09:26:47.621) Features2d.cpp:658::create() BRIEF, FREAK and DAISY features cannot be used because OpenCV was not built with xfeatures2d module. GFTT/ORB is used instead.[0m
[rtabmap-14] [33m[ WARN] (2026-01-10 09:26:47.621) Features2d.cpp:658::create() BRIEF, FREAK and DAISY features cannot be used because OpenCV was not built with xfeatures2d module. GFTT/ORB is used instead.[0m
[rtabmap-14] [33m[ WARN] (2026-01-10 09:26:47.634) Features2d.cpp:658::create() BRIEF, FREAK and DAISY features cannot be used because OpenCV was not built with xfeatures2d module. GFTT/ORB is used instead.[0m
[rtabmap-14] [33m[ WARN] (2026-01-10 09:26:47.635) Features2d.cpp:658::create() BRIEF, FREAK and DAISY features cannot be used because OpenCV was not built with xfeatures2d module. GFTT/ORB is used instead.[0m
[rtabmap-14] [33m[ WARN] (2026-01-10 09:26:47.636) Features2d.cpp:658::create() BRIEF, FREAK and DAISY features cannot be used because OpenCV was not built with xfeatures2d module. GFTT/ORB is used instead.[0m
[rtabmap-14] [33m[ WARN] (2026-01-10 09:26:47.650) Features2d.cpp:658::create() BRIEF, FREAK and DAISY features cannot be used because OpenCV was not built with xfeatures2d module. GFTT/ORB is used instead.[0m
[rtabmap-14] [33m[ WARN] (2026-01-10 09:26:47.655) Features2d.cpp:658::create() BRIEF, FREAK and DAISY features cannot be used because OpenCV was not built with xfeatures2d module. GFTT/ORB is used instead.[0m
[rtabmap-14] [33m[ WARN] (2026-01-10 09:26:47.656) Features2d.cpp:658::create() BRIEF, FREAK and DAISY features cannot be used because OpenCV was not built with xfeatures2d module. GFTT/ORB is used instead.[0m
[rtabmap-14] [33m[ WARN] (2026-01-10 09:26:47.682) Features2d.cpp:658::create() BRIEF, FREAK and DAISY features cannot be used because OpenCV was not built with xfeatures2d module. GFTT/ORB is used instead.[0m
[rtabmap-14] [INFO] [1768033607.698481974] [rtabmap]: Parameters event received!
[rtabmap-14] [INFO] [1768033607.698641234] [rtabmap]: Setting RTAB-Map parameter "Kp/SSC"="false"
[rtabmap-14] [INFO] [1768033607.698684179] [rtabmap]: rtabmap: Updating parameters
[rtabmap-14] [INFO] [1768033607.698778772] [rtabmap]: RTAB-Map rate detection = 2.000000 Hz
[rtabmap-14] [INFO] [1768033607.726941755] [rtabmap]: Parameters event received!
[rtabmap-14] [INFO] [1768033607.727059941] [rtabmap]: Setting RTAB-Map parameter "Kp/SubPixEps"="0.02"
[rtabmap-14] [INFO] [1768033607.727103164] [rtabmap]: rtabmap: Updating parameters
[rtabmap-14] [INFO] [1768033607.727172053] [rtabmap]: RTAB-Map rate detection = 2.000000 Hz
[superpoint_node-2] [INFO] [1768033607.734141849] [superpoint_node]: Keypoints estratti: 800
[rtabmap-14] [INFO] [1768033607.738278937] [rtabmap]: Parameters event received!
[rtabmap-14] [INFO] [1768033607.738408901] [rtabmap]: Setting RTAB-Map parameter "Kp/SubPixIterations"="0"
[rtabmap-14] [INFO] [1768033607.738452402] [rtabmap]: rtabmap: Updating parameters
[rtabmap-14] [INFO] [1768033607.738499161] [rtabmap]: RTAB-Map rate detection = 2.000000 Hz
[superpoint_node-2] [ERROR] [1768033607.743378496] [superpoint_node]: Errore pubblicazione keypoints 3D: could not assign tuple of length 3 to structure with 4 fields.
[rtabmap-14] [INFO] [1768033607.749835936] [rtabmap]: Parameters event received!
[rtabmap-14] [INFO] [1768033607.749950937] [rtabmap]: Setting RTAB-Map parameter "Kp/SubPixWinSize"="3"
[rtabmap-14] [INFO] [1768033607.749989252] [rtabmap]: rtabmap: Updating parameters
[rtabmap-14] [INFO] [1768033607.750037716] [rtabmap]: RTAB-Map rate detection = 2.000000 Hz
[rtabmap-14] [INFO] [1768033607.770692213] [rtabmap]: Parameters event received!
[rtabmap-14] [INFO] [1768033607.770818584] [rtabmap]: Setting RTAB-Map parameter "Kp/TfIdfLikelihoodUsed"="true"
[rtabmap-14] [INFO] [1768033607.770846066] [rtabmap]: rtabmap: Updating parameters
[rtabmap-14] [INFO] [1768033607.770884899] [rtabmap]: RTAB-Map rate detection = 2.000000 Hz
[rtabmap-14] [INFO] [1768033607.778663202] [rtabmap]: Parameters event received!
[rtabmap-14] [INFO] [1768033607.778796203] [rtabmap]: Setting RTAB-Map parameter "Marker/CornerRefinementMethod"="0"
[rtabmap-14] [INFO] [1768033607.778839185] [rtabmap]: rtabmap: Updating parameters
[rtabmap-14] [INFO] [1768033607.778899296] [rtabmap]: RTAB-Map rate detection = 2.000000 Hz
[rtabmap-14] [INFO] [1768033607.810842883] [rtabmap]: Parameters event received!
[rtabmap-14] [INFO] [1768033607.810953235] [rtabmap]: Setting RTAB-Map parameter "Marker/Dictionary"="0"
[rtabmap-14] [INFO] [1768033607.810984013] [rtabmap]: rtabmap: Updating parameters
[rtabmap-14] [INFO] [1768033607.811033143] [rtabmap]: RTAB-Map rate detection = 2.000000 Hz
[rtabmap-14] [INFO] [1768033607.826567267] [rtabmap]: Parameters event received!
[rtabmap-14] [INFO] [1768033607.826777527] [rtabmap]: Setting RTAB-Map parameter "Marker/Length"="0"
[rtabmap-14] [INFO] [1768033607.826849417] [rtabmap]: rtabmap: Updating parameters
[rtabmap-14] [INFO] [1768033607.826919362] [rtabmap]: RTAB-Map rate detection = 2.000000 Hz
[rtabmap-14] [INFO] [1768033607.835741469] [rtabmap]: Parameters event received!
[rtabmap-14] [INFO] [1768033607.835944063] [rtabmap]: Setting RTAB-Map parameter "Marker/MaxDepthError"="0.01"
[rtabmap-14] [INFO] [1768033607.836014304] [rtabmap]: rtabmap: Updating parameters
[rtabmap-14] [INFO] [1768033607.836181083] [rtabmap]: RTAB-Map rate detection = 2.000000 Hz
[superpoint_node-2] [INFO] [1768033607.846340794] [superpoint_node]: Keypoints estratti: 800
[superpoint_node-2] [ERROR] [1768033607.854155393] [superpoint_node]: Errore pubblicazione keypoints 3D: could not assign tuple of length 3 to structure with 4 fields.
[rtabmap-14] [INFO] [1768033607.867013976] [rtabmap]: Parameters event received!
[rtabmap-14] [INFO] [1768033607.867111329] [rtabmap]: Setting RTAB-Map parameter "Marker/MaxRange"="0.0"
[rtabmap-14] [INFO] [1768033607.867146347] [rtabmap]: rtabmap: Updating parameters
[rtabmap-14] [INFO] [1768033607.867189977] [rtabmap]: RTAB-Map rate detection = 2.000000 Hz
[rtabmap-14] [INFO] [1768033607.895389627] [rtabmap]: Parameters event received!
[rtabmap-14] [INFO] [1768033607.898171112] [rtabmap]: Setting RTAB-Map parameter "Marker/MinRange"="0.0"
[rtabmap-14] [INFO] [1768033607.898224390] [rtabmap]: rtabmap: Updating parameters
[rtabmap-14] [INFO] [1768033607.898283909] [rtabmap]: RTAB-Map rate detection = 2.000000 Hz
[rtabmap-14] [INFO] [1768033607.937628758] [rtabmap]: Parameters event received!
[rtabmap-14] [INFO] [1768033607.937811482] [rtabmap]: Setting RTAB-Map parameter "Marker/Priors"=""
[rtabmap-14] [INFO] [1768033607.938393356] [rtabmap]: rtabmap: Updating parameters
[rtabmap-14] [INFO] [1768033607.938467820] [rtabmap]: RTAB-Map rate detection = 2.000000 Hz
[superpoint_node-2] [INFO] [1768033607.955605030] [superpoint_node]: Keypoints estratti: 800
[superpoint_node-2] [ERROR] [1768033607.964207283] [superpoint_node]: Errore pubblicazione keypoints 3D: could not assign tuple of length 3 to structure with 4 fields.
[rtabmap-14] [INFO] [1768033608.074231433] [rtabmap]: rtabmap (272): Rate=0.50s, Limit=0.001s, Conversion=0.0002s, RTAB-Map=0.0693s, Maps update=0.0013s pub=0.0423s delay=0.1748s (local map=0, WM=0)
[rtabmap-14] [INFO] [1768033608.081702029] [rtabmap]: Parameters event received!
[rtabmap-14] [INFO] [1768033608.081898494] [rtabmap]: Setting RTAB-Map parameter "Marker/PriorsVarianceAngular"="0.001"
[rtabmap-14] [INFO] [1768033608.081978791] [rtabmap]: rtabmap: Updating parameters
[rtabmap-14] [INFO] [1768033608.082095292] [rtabmap]: RTAB-Map rate detection = 2.000000 Hz
[rtabmap-14] [33m[ WARN] (2026-01-10 09:26:47.691) Features2d.cpp:658::create() BRIEF, FREAK and DAISY features cannot be used because OpenCV was not built with xfeatures2d module. GFTT/ORB is used instead.[0m
[rtabmap-14] [33m[ WARN] (2026-01-10 09:26:47.692) Features2d.cpp:658::create() BRIEF, FREAK and DAISY features cannot be used because OpenCV was not built with xfeatures2d module. GFTT/ORB is used instead.[0m
[rtabmap-14] [33m[ WARN] (2026-01-10 09:26:47.703) Features2d.cpp:658::create() BRIEF, FREAK and DAISY features cannot be used because OpenCV was not built with xfeatures2d module. GFTT/ORB is used instead.[0m
[rtabmap-14] [33m[ WARN] (2026-01-10 09:26:47.704) Features2d.cpp:658::create() BRIEF, FREAK and DAISY features cannot be used because OpenCV was not built with xfeatures2d module. GFTT/ORB is used instead.[0m
[rtabmap-14] [33m[ WARN] (2026-01-10 09:26:47.705) Features2d.cpp:658::create() BRIEF, FREAK and DAISY features cannot be used because OpenCV was not built with xfeatures2d module. GFTT/ORB is used instead.[0m
[rtabmap-14] [33m[ WARN] (2026-01-10 09:26:47.728) Features2d.cpp:658::create() BRIEF, FREAK and DAISY features cannot be used because OpenCV was not built with xfeatures2d module. GFTT/ORB is used instead.[0m
[rtabmap-14] [33m[ WARN] (2026-01-10 09:26:47.729) Features2d.cpp:658::create() BRIEF, FREAK and DAISY features cannot be used because OpenCV was not built with xfeatures2d module. GFTT/ORB is used instead.[0m
[rtabmap-14] [33m[ WARN] (2026-01-10 09:26:47.731) Features2d.cpp:658::create() BRIEF, FREAK and DAISY features cannot be used because OpenCV was not built with xfeatures2d module. GFTT/ORB is used instead.[0m
[rtabmap-14] [33m[ WARN] (2026-01-10 09:26:47.739) Features2d.cpp:658::create() BRIEF, FREAK and DAISY features cannot be used because OpenCV was not built with xfeatures2d module. GFTT/ORB is used instead.[0m
[rtabmap-14] [33m[ WARN] (2026-01-10 09:26:47.743) Features2d.cpp:658::create() BRIEF, FREAK and DAISY features cannot be used because OpenCV was not built with xfeatures2d module. GFTT/ORB is used instead.[0m
[rtabmap-14] [33m[ WARN] (2026-01-10 09:26:47.744) Features2d.cpp:658::create() BRIEF, FREAK and DAISY features cannot be used because OpenCV was not built with xfeatures2d module. GFTT/ORB is used instead.[0m
[rtabmap-14] [33m[ WARN] (2026-01-10 09:26:47.754) Features2d.cpp:658::create() BRIEF, FREAK and DAISY features cannot be used because OpenCV was not built with xfeatures2d module. GFTT/ORB is used instead.[0m
[rtabmap-14] [33m[ WARN] (2026-01-10 09:26:47.756) Features2d.cpp:658::create() BRIEF, FREAK and DAISY features cannot be used because OpenCV was not built with xfeatures2d module. GFTT/ORB is used instead.[0m
[rtabmap-14] [33m[ WARN] (2026-01-10 09:26:47.756) Features2d.cpp:658::create() BRIEF, FREAK and DAISY features cannot be used because OpenCV was not built with xfeatures2d module. GFTT/ORB is used instead.[0m
[rtabmap-14] [33m[ WARN] (2026-01-10 09:26:47.771) Features2d.cpp:658::create() BRIEF, FREAK and DAISY features cannot be used because OpenCV was not built with xfeatures2d module. GFTT/ORB is used instead.[0m
[rtabmap-14] [33m[ WARN] (2026-01-10 09:26:47.773) Features2d.cpp:658::create() BRIEF, FREAK and DAISY features cannot be used because OpenCV was not built with xfeatures2d module. GFTT/ORB is used instead.[0m
[rtabmap-14] [33m[ WARN] (2026-01-10 09:26:47.774) Features2d.cpp:658::create() BRIEF, FREAK and DAISY features cannot be used because OpenCV was not built with xfeatures2d module. GFTT/ORB is used instead.[0m
[rtabmap-14] [33m[ WARN] (2026-01-10 09:26:47.779) Features2d.cpp:658::create() BRIEF, FREAK and DAISY features cannot be used because OpenCV was not built with xfeatures2d module. GFTT/ORB is used instead.[0m
[rtabmap-14] [33m[ WARN] (2026-01-10 09:26:47.780) Features2d.cpp:658::create() BRIEF, FREAK and DAISY features cannot be used because OpenCV was not built with xfeatures2d module. GFTT/ORB is used instead.[0m
[rtabmap-14] [33m[ WARN] (2026-01-10 09:26:47.781) Features2d.cpp:658::create() BRIEF, FREAK and DAISY features cannot be used because OpenCV was not built with xfeatures2d module. GFTT/ORB is used instead.[0m
[rtabmap-14] [33m[ WARN] (2026-01-10 09:26:47.811) Features2d.cpp:658::create() BRIEF, FREAK and DAISY features cannot be used because OpenCV was not built with xfeatures2d module. GFTT/ORB is used instead.[0m
[rtabmap-14] [33m[ WARN] (2026-01-10 09:26:47.812) Features2d.cpp:658::create() BRIEF, FREAK and DAISY features cannot be used because OpenCV was not built with xfeatures2d module. GFTT/ORB is used instead.[0m
[rtabmap-14] [33m[ WARN] (2026-01-10 09:26:47.813) Features2d.cpp:658::create() BRIEF, FREAK and DAISY features cannot be used because OpenCV was not built with xfeatures2d module. GFTT/ORB is used instead.[0m
[rtabmap-14] [33m[ WARN] (2026-01-10 09:26:47.828) Features2d.cpp:658::create() BRIEF, FREAK and DAISY features cannot be used because OpenCV was not built with xfeatures2d module. GFTT/ORB is used instead.[0m
[rtabmap-14] [33m[ WARN] (2026-01-10 09:26:47.829) Features2d.cpp:658::create() BRIEF, FREAK and DAISY features cannot be used because OpenCV was not built with xfeatures2d module. GFTT/ORB is used instead.[0m
[rtabmap-14] [33m[ WARN] (2026-01-10 09:26:47.830) Features2d.cpp:658::create() BRIEF, FREAK and DAISY features cannot be used because OpenCV was not built with xfeatures2d module. GFTT/ORB is used instead.[0m
[rtabmap-14] [33m[ WARN] (2026-01-10 09:26:47.839) Features2d.cpp:658::create() BRIEF, FREAK and DAISY features cannot be used because OpenCV was not built with xfeatures2d module. GFTT/ORB is used instead.[0m
[rtabmap-14] [33m[ WARN] (2026-01-10 09:26:47.841) Features2d.cpp:658::create() BRIEF, FREAK and DAISY features cannot be used because OpenCV was not built with xfeatures2d module. GFTT/ORB is used instead.[0m
[rtabmap-14] [33m[ WARN] (2026-01-10 09:26:47.842) Features2d.cpp:658::create() BRIEF, FREAK and DAISY features cannot be used because OpenCV was not built with xfeatures2d module. GFTT/ORB is used instead.[0m
[rtabmap-14] [33m[ WARN] (2026-01-10 09:26:47.867) Features2d.cpp:658::create() BRIEF, FREAK and DAISY features cannot be used because OpenCV was not built with xfeatures2d module. GFTT/ORB is used instead.[0m
[rtabmap-14] [33m[ WARN] (2026-01-10 09:26:47.869) Features2d.cpp:658::create() BRIEF, FREAK and DAISY features cannot be used because OpenCV was not built with xfeatures2d module. GFTT/ORB is used instead.[0m
[rtabmap-14] [33m[ WARN] (2026-01-10 09:26:47.869) Features2d.cpp:658::create() BRIEF, FREAK and DAISY features cannot be used because OpenCV was not built with xfeatures2d module. GFTT/ORB is used instead.[0m
[rtabmap-14] [33m[ WARN] (2026-01-10 09:26:47.899) Features2d.cpp:658::create() BRIEF, FREAK and DAISY features cannot be used because OpenCV was not built with xfeatures2d module. GFTT/ORB is used instead.[0m
[rtabmap-14] [33m[ WARN] (2026-01-10 09:26:47.910) Features2d.cpp:658::create() BRIEF, FREAK and DAISY features cannot be used because OpenCV was not built with xfeatures2d module. GFTT/ORB is used instead.[0m
[rtabmap-14] [33m[ WARN] (2026-01-10 09:26:47.911) Features2d.cpp:658::create() BRIEF, FREAK and DAISY features cannot be used because OpenCV was not built with xfeatures2d module. GFTT/ORB is used instead.[0m
[rtabmap-14] [33m[ WARN] (2026-01-10 09:26:47.939) Features2d.cpp:658::create() BRIEF, FREAK and DAISY features cannot be used because OpenCV was not built with xfeatures2d module. GFTT/ORB is used instead.[0m
[rtabmap-14] [33m[ WARN] (2026-01-10 09:26:47.941) Features2d.cpp:658::create() BRIEF, FREAK and DAISY features cannot be used because OpenCV was not built with xfeatures2d module. GFTT/ORB is used instead.[0m
[rtabmap-14] [33m[ WARN] (2026-01-10 09:26:47.942) Features2d.cpp:658::create() BRIEF, FREAK and DAISY features cannot be used because OpenCV was not built with xfeatures2d module. GFTT/ORB is used instead.[0m
[rtabmap-14] [33m[ WARN] (2026-01-10 09:26:48.031) MapsManager.cpp:863::publishMaps() Graph has changed! The whole cloud is regenerated.[0m
[rtabmap-14] [33m[ WARN] (2026-01-10 09:26:48.063) OccupancyGrid.cpp:169::getProbMap() Map info is empty, cannot generate probabilistic occupancy grid[0m
[rtabmap-14] [33m[ WARN] (2026-01-10 09:26:48.084) Features2d.cpp:658::create() BRIEF, FREAK and DAISY features cannot be used because OpenCV was not built with xfeatures2d module. GFTT/ORB is used instead.[0m
[rtabmap-14] [33m[ WARN] (2026-01-10 09:26:48.089) Features2d.cpp:658::create() BRIEF, FREAK and DAISY features cannot be used because OpenCV was not built with xfeatures2d module. GFTT/ORB is used instead.[0m
[rtabmap-14] [INFO] [1768033608.099475837] [rtabmap]: Parameters event received!
[rtabmap-14] [INFO] [1768033608.099601727] [rtabmap]: Setting RTAB-Map parameter "Marker/PriorsVarianceLinear"="0.001"
[rtabmap-14] [INFO] [1768033608.099637097] [rtabmap]: rtabmap: Updating parameters
[rtabmap-14] [INFO] [1768033608.099692524] [rtabmap]: RTAB-Map rate detection = 2.000000 Hz
[superpoint_node-2] [INFO] [1768033608.123854141] [superpoint_node]: Keypoints estratti: 800
[rtabmap-14] [INFO] [1768033608.126837591] [rtabmap]: Parameters event received!
[rtabmap-14] [INFO] [1768033608.126951592] [rtabmap]: Setting RTAB-Map parameter "Marker/VarianceAngular"="0.01"
[rtabmap-14] [INFO] [1768033608.126987870] [rtabmap]: rtabmap: Updating parameters
[rtabmap-14] [INFO] [1768033608.127034851] [rtabmap]: RTAB-Map rate detection = 2.000000 Hz
[rtabmap-14] [33m[ WARN] (2026-01-10 09:26:48.090) Features2d.cpp:658::create() BRIEF, FREAK and DAISY features cannot be used because OpenCV was not built with xfeatures2d module. GFTT/ORB is used instead.[0m
[rtabmap-14] [33m[ WARN] (2026-01-10 09:26:48.100) Features2d.cpp:658::create() BRIEF, FREAK and DAISY features cannot be used because OpenCV was not built with xfeatures2d module. GFTT/ORB is used instead.[0m
[rtabmap-14] [33m[ WARN] (2026-01-10 09:26:48.111) Features2d.cpp:658::create() BRIEF, FREAK and DAISY features cannot be used because OpenCV was not built with xfeatures2d module. GFTT/ORB is used instead.[0m
[rtabmap-14] [33m[ WARN] (2026-01-10 09:26:48.112) Features2d.cpp:658::create() BRIEF, FREAK and DAISY features cannot be used because OpenCV was not built with xfeatures2d module. GFTT/ORB is used instead.[0m
[superpoint_node-2] [ERROR] [1768033608.131111458] [superpoint_node]: Errore pubblicazione keypoints 3D: could not assign tuple of length 3 to structure with 4 fields.
[rtabmap-14] [INFO] [1768033608.141234057] [rtabmap]: Parameters event received!
[rtabmap-14] [INFO] [1768033608.141329261] [rtabmap]: Setting RTAB-Map parameter "Marker/VarianceLinear"="0.001"
[rtabmap-14] [INFO] [1768033608.141359280] [rtabmap]: rtabmap: Updating parameters
[rtabmap-14] [INFO] [1768033608.141405910] [rtabmap]: RTAB-Map rate detection = 2.000000 Hz
[rtabmap-14] [INFO] [1768033608.152289459] [rtabmap]: Parameters event received!
[rtabmap-14] [INFO] [1768033608.152518720] [rtabmap]: Setting RTAB-Map parameter "Marker/VarianceOrientationIgnored"="false"
[rtabmap-14] [INFO] [1768033608.152650388] [rtabmap]: rtabmap: Updating parameters
[rtabmap-14] [INFO] [1768033608.152799778] [rtabmap]: RTAB-Map rate detection = 2.000000 Hz
[rtabmap-14] [INFO] [1768033608.169254927] [rtabmap]: Parameters event received!
[rtabmap-14] [INFO] [1768033608.169360650] [rtabmap]: Setting RTAB-Map parameter "Mem/BadSignaturesIgnored"="true"
[rtabmap-14] [INFO] [1768033608.169399835] [rtabmap]: rtabmap: Updating parameters
[rtabmap-14] [INFO] [1768033608.169448836] [rtabmap]: RTAB-Map rate detection = 2.000000 Hz
[rtabmap-14] [INFO] [1768033608.187774833] [rtabmap]: Parameters event received!
[rtabmap-14] [INFO] [1768033608.188050724] [rtabmap]: Setting RTAB-Map parameter "Mem/BinDataKept"="true"
[rtabmap-14] [INFO] [1768033608.188122299] [rtabmap]: rtabmap: Updating parameters
[rtabmap-14] [INFO] [1768033608.188204984] [rtabmap]: RTAB-Map rate detection = 2.000000 Hz
[rtabmap-14] [INFO] [1768033608.214618675] [rtabmap]: Parameters event received!
[rtabmap-14] [INFO] [1768033608.221196801] [rtabmap]: Setting RTAB-Map parameter "Mem/CompressionParallelized"="true"
[rtabmap-14] [INFO] [1768033608.221302469] [rtabmap]: rtabmap: Updating parameters
[rtabmap-14] [INFO] [1768033608.221422655] [rtabmap]: RTAB-Map rate detection = 2.000000 Hz
[superpoint_node-2] [INFO] [1768033608.226368028] [superpoint_node]: Keypoints estratti: 800
[superpoint_node-2] [ERROR] [1768033608.233180230] [superpoint_node]: Errore pubblicazione keypoints 3D: could not assign tuple of length 3 to structure with 4 fields.
[rtabmap-14] [INFO] [1768033608.234854354] [rtabmap]: Parameters event received!
[rtabmap-14] [INFO] [1768033608.234962188] [rtabmap]: Setting RTAB-Map parameter "Mem/CovOffDiagIgnored"="true"
[rtabmap-14] [INFO] [1768033608.234995966] [rtabmap]: rtabmap: Updating parameters
[rtabmap-14] [INFO] [1768033608.235044782] [rtabmap]: RTAB-Map rate detection = 2.000000 Hz
[rtabmap-14] [INFO] [1768033608.249706509] [rtabmap]: Parameters event received!
[rtabmap-14] [INFO] [1768033608.249797491] [rtabmap]: Setting RTAB-Map parameter "Mem/DepthAsMask"="true"
[rtabmap-14] [INFO] [1768033608.249825047] [rtabmap]: rtabmap: Updating parameters
[rtabmap-14] [INFO] [1768033608.249871306] [rtabmap]: RTAB-Map rate detection = 2.000000 Hz
[rtabmap-14] [INFO] [1768033608.261030450] [rtabmap]: Parameters event received!
[rtabmap-14] [INFO] [1768033608.261148692] [rtabmap]: Setting RTAB-Map parameter "Mem/DepthCompressionFormat"=".rvl"
[rtabmap-14] [INFO] [1768033608.261195896] [rtabmap]: rtabmap: Updating parameters
[rtabmap-14] [INFO] [1768033608.261247378] [rtabmap]: RTAB-Map rate detection = 2.000000 Hz
[rtabmap-14] [INFO] [1768033608.288852301] [rtabmap]: Parameters event received!
[rtabmap-14] [INFO] [1768033608.288993524] [rtabmap]: Setting RTAB-Map parameter "Mem/DepthMaskFloorThr"="0.0"
[rtabmap-14] [INFO] [1768033608.289026395] [rtabmap]: rtabmap: Updating parameters
[rtabmap-14] [INFO] [1768033608.289084154] [rtabmap]: RTAB-Map rate detection = 2.000000 Hz
[rtabmap-14] [INFO] [1768033608.314927674] [rtabmap]: Parameters event received!
[rtabmap-14] [INFO] [1768033608.315098601] [rtabmap]: Setting RTAB-Map parameter "Mem/GenerateIds"="true"
[rtabmap-14] [INFO] [1768033608.315196232] [rtabmap]: rtabmap: Updating parameters
[rtabmap-14] [INFO] [1768033608.315321418] [rtabmap]: RTAB-Map rate detection = 2.000000 Hz
[superpoint_node-2] [INFO] [1768033608.327127252] [superpoint_node]: Keypoints estratti: 800
[superpoint_node-2] [ERROR] [1768033608.333706712] [superpoint_node]: Errore pubblicazione keypoints 3D: could not assign tuple of length 3 to structure with 4 fields.
[rtabmap-14] [INFO] [1768033608.339997650] [rtabmap]: Parameters event received!
[rtabmap-14] [INFO] [1768033608.340782582] [rtabmap]: Setting RTAB-Map parameter "Mem/GlobalDescriptorStrategy"="0"
[rtabmap-14] [INFO] [1768033608.340824175] [rtabmap]: rtabmap: Updating parameters
[rtabmap-14] [INFO] [1768033608.340874046] [rtabmap]: RTAB-Map rate detection = 2.000000 Hz
[rtabmap-14] [INFO] [1768033608.348806294] [rtabmap]: Parameters event received!
[rtabmap-14] [INFO] [1768033608.351905208] [rtabmap]: Setting RTAB-Map parameter "Mem/ImageCompressionFormat"=".jpg"
[rtabmap-14] [INFO] [1768033608.352010653] [rtabmap]: rtabmap: Updating parameters
[rtabmap-14] [INFO] [1768033608.352070876] [rtabmap]: RTAB-Map rate detection = 2.000000 Hz
[rtabmap-14] [INFO] [1768033608.366854771] [rtabmap]: Parameters event received!
[rtabmap-14] [INFO] [1768033608.366969086] [rtabmap]: Setting RTAB-Map parameter "Mem/ImageKept"="false"
[rtabmap-14] [INFO] [1768033608.367003457] [rtabmap]: rtabmap: Updating parameters
[rtabmap-14] [INFO] [1768033608.367049235] [rtabmap]: RTAB-Map rate detection = 2.000000 Hz
[rtabmap-14] [33m[ WARN] (2026-01-10 09:26:48.127) Features2d.cpp:658::create() BRIEF, FREAK and DAISY features cannot be used because OpenCV was not built with xfeatures2d module. GFTT/ORB is used instead.[0m
[rtabmap-14] [33m[ WARN] (2026-01-10 09:26:48.128) Features2d.cpp:658::create() BRIEF, FREAK and DAISY features cannot be used because OpenCV was not built with xfeatures2d module. GFTT/ORB is used instead.[0m
[rtabmap-14] [33m[ WARN] (2026-01-10 09:26:48.129) Features2d.cpp:658::create() BRIEF, FREAK and DAISY features cannot be used because OpenCV was not built with xfeatures2d module. GFTT/ORB is used instead.[0m
[rtabmap-14] [33m[ WARN] (2026-01-10 09:26:48.142) Features2d.cpp:658::create() BRIEF, FREAK and DAISY features cannot be used because OpenCV was not built with xfeatures2d module. GFTT/ORB is used instead.[0m
[rtabmap-14] [33m[ WARN] (2026-01-10 09:26:48.144) Features2d.cpp:658::create() BRIEF, FREAK and DAISY features cannot be used because OpenCV was not built with xfeatures2d module. GFTT/ORB is used instead.[0m
[rtabmap-14] [33m[ WARN] (2026-01-10 09:26:48.144) Features2d.cpp:658::create() BRIEF, FREAK and DAISY features cannot be used because OpenCV was not built with xfeatures2d module. GFTT/ORB is used instead.[0m
[rtabmap-14] [33m[ WARN] (2026-01-10 09:26:48.154) Features2d.cpp:658::create() BRIEF, FREAK and DAISY features cannot be used because OpenCV was not built with xfeatures2d module. GFTT/ORB is used instead.[0m
[rtabmap-14] [33m[ WARN] (2026-01-10 09:26:48.158) Features2d.cpp:658::create() BRIEF, FREAK and DAISY features cannot be used because OpenCV was not built with xfeatures2d module. GFTT/ORB is used instead.[0m
[rtabmap-14] [33m[ WARN] (2026-01-10 09:26:48.163) Features2d.cpp:658::create() BRIEF, FREAK and DAISY features cannot be used because OpenCV was not built with xfeatures2d module. GFTT/ORB is used instead.[0m
[rtabmap-14] [33m[ WARN] (2026-01-10 09:26:48.170) Features2d.cpp:658::create() BRIEF, FREAK and DAISY features cannot be used because OpenCV was not built with xfeatures2d module. GFTT/ORB is used instead.[0m
[rtabmap-14] [33m[ WARN] (2026-01-10 09:26:48.173) Features2d.cpp:658::create() BRIEF, FREAK and DAISY features cannot be used because OpenCV was not built with xfeatures2d module. GFTT/ORB is used instead.[0m
[rtabmap-14] [33m[ WARN] (2026-01-10 09:26:48.173) Features2d.cpp:658::create() BRIEF, FREAK and DAISY features cannot be used because OpenCV was not built with xfeatures2d module. GFTT/ORB is used instead.[0m
[rtabmap-14] [33m[ WARN] (2026-01-10 09:26:48.189) Features2d.cpp:658::create() BRIEF, FREAK and DAISY features cannot be used because OpenCV was not built with xfeatures2d module. GFTT/ORB is used instead.[0m
[rtabmap-14] [33m[ WARN] (2026-01-10 09:26:48.190) Features2d.cpp:658::create() BRIEF, FREAK and DAISY features cannot be used because OpenCV was not built with xfeatures2d module. GFTT/ORB is used instead.[0m
[rtabmap-14] [33m[ WARN] (2026-01-10 09:26:48.198) Features2d.cpp:658::create() BRIEF, FREAK and DAISY features cannot be used because OpenCV was not built with xfeatures2d module. GFTT/ORB is used instead.[0m
[rtabmap-14] [33m[ WARN] (2026-01-10 09:26:48.222) Features2d.cpp:658::create() BRIEF, FREAK and DAISY features cannot be used because OpenCV was not built with xfeatures2d module. GFTT/ORB is used instead.[0m
[rtabmap-14] [33m[ WARN] (2026-01-10 09:26:48.224) Features2d.cpp:658::create() BRIEF, FREAK and DAISY features cannot be used because OpenCV was not built with xfeatures2d module. GFTT/ORB is used instead.[0m
[rtabmap-14] [33m[ WARN] (2026-01-10 09:26:48.225) Features2d.cpp:658::create() BRIEF, FREAK and DAISY features cannot be used because OpenCV was not built with xfeatures2d module. GFTT/ORB is used instead.[0m
[rtabmap-14] [33m[ WARN] (2026-01-10 09:26:48.235) Features2d.cpp:658::create() BRIEF, FREAK and DAISY features cannot be used because OpenCV was not built with xfeatures2d module. GFTT/ORB is used instead.[0m
[rtabmap-14] [33m[ WARN] (2026-01-10 09:26:48.240) Features2d.cpp:658::create() BRIEF, FREAK and DAISY features cannot be used because OpenCV was not built with xfeatures2d module. GFTT/ORB is used instead.[0m
[rtabmap-14] [33m[ WARN] (2026-01-10 09:26:48.240) Features2d.cpp:658::create() BRIEF, FREAK and DAISY features cannot be used because OpenCV was not built with xfeatures2d module. GFTT/ORB is used instead.[0m
[rtabmap-14] [33m[ WARN] (2026-01-10 09:26:48.250) Features2d.cpp:658::create() BRIEF, FREAK and DAISY features cannot be used because OpenCV was not built with xfeatures2d module. GFTT/ORB is used instead.[0m
[rtabmap-14] [33m[ WARN] (2026-01-10 09:26:48.251) Features2d.cpp:658::create() BRIEF, FREAK and DAISY features cannot be used because OpenCV was not built with xfeatures2d module. GFTT/ORB is used instead.[0m
[rtabmap-14] [33m[ WARN] (2026-01-10 09:26:48.252) Features2d.cpp:658::create() BRIEF, FREAK and DAISY features cannot be used because OpenCV was not built with xfeatures2d module. GFTT/ORB is used instead.[0m
[rtabmap-14] [33m[ WARN] (2026-01-10 09:26:48.261) Features2d.cpp:658::create() BRIEF, FREAK and DAISY features cannot be used because OpenCV was not built with xfeatures2d module. GFTT/ORB is used instead.[0m
[rtabmap-14] [33m[ WARN] (2026-01-10 09:26:48.267) Features2d.cpp:658::create() BRIEF, FREAK and DAISY features cannot be used because OpenCV was not built with xfeatures2d module. GFTT/ORB is used instead.[0m
[rtabmap-14] [33m[ WARN] (2026-01-10 09:26:48.268) Features2d.cpp:658::create() BRIEF, FREAK and DAISY features cannot be used because OpenCV was not built with xfeatures2d module. GFTT/ORB is used instead.[0m
[rtabmap-14] [33m[ WARN] (2026-01-10 09:26:48.293) Features2d.cpp:658::create() BRIEF, FREAK and DAISY features cannot be used because OpenCV was not built with xfeatures2d module. GFTT/ORB is used instead.[0m
[rtabmap-14] [33m[ WARN] (2026-01-10 09:26:48.294) Features2d.cpp:658::create() BRIEF, FREAK and DAISY features cannot be used because OpenCV was not built with xfeatures2d module. GFTT/ORB is used instead.[0m
[rtabmap-14] [33m[ WARN] (2026-01-10 09:26:48.303) Features2d.cpp:658::create() BRIEF, FREAK and DAISY features cannot be used because OpenCV was not built with xfeatures2d module. GFTT/ORB is used instead.[0m
[rtabmap-14] [33m[ WARN] (2026-01-10 09:26:48.316) Features2d.cpp:658::create() BRIEF, FREAK and DAISY features cannot be used because OpenCV was not built with xfeatures2d module. GFTT/ORB is used instead.[0m
[rtabmap-14] [33m[ WARN] (2026-01-10 09:26:48.323) Features2d.cpp:658::create() BRIEF, FREAK and DAISY features cannot be used because OpenCV was not built with xfeatures2d module. GFTT/ORB is used instead.[0m
[rtabmap-14] [33m[ WARN] (2026-01-10 09:26:48.324) Features2d.cpp:658::create() BRIEF, FREAK and DAISY features cannot be used because OpenCV was not built with xfeatures2d module. GFTT/ORB is used instead.[0m
[rtabmap-14] [33m[ WARN] (2026-01-10 09:26:48.341) Features2d.cpp:658::create() BRIEF, FREAK and DAISY features cannot be used because OpenCV was not built with xfeatures2d module. GFTT/ORB is used instead.[0m
[rtabmap-14] [33m[ WARN] (2026-01-10 09:26:48.342) Features2d.cpp:658::create() BRIEF, FREAK and DAISY features cannot be used because OpenCV was not built with xfeatures2d module. GFTT/ORB is used instead.[0m
[rtabmap-14] [33m[ WARN] (2026-01-10 09:26:48.343) Features2d.cpp:658::create() BRIEF, FREAK and DAISY features cannot be used because OpenCV was not built with xfeatures2d module. GFTT/ORB is used instead.[0m
[rtabmap-14] [33m[ WARN] (2026-01-10 09:26:48.352) Features2d.cpp:658::create() BRIEF, FREAK and DAISY features cannot be used because OpenCV was not built with xfeatures2d module. GFTT/ORB is used instead.[0m
[rtabmap-14] [33m[ WARN] (2026-01-10 09:26:48.354) Features2d.cpp:658::create() BRIEF, FREAK and DAISY features cannot be used because OpenCV was not built with xfeatures2d module. GFTT/ORB is used instead.[0m
[rtabmap-14] [33m[ WARN] (2026-01-10 09:26:48.354) Features2d.cpp:658::create() BRIEF, FREAK and DAISY features cannot be used because OpenCV was not built with xfeatures2d module. GFTT/ORB is used instead.[0m
[rtabmap-14] [33m[ WARN] (2026-01-10 09:26:48.367) Features2d.cpp:658::create() BRIEF, FREAK and DAISY features cannot be used because OpenCV was not built with xfeatures2d module. GFTT/ORB is used instead.[0m
[rtabmap-14] [INFO] [1768033608.406296435] [rtabmap]: Parameters event received!
[rtabmap-14] [INFO] [1768033608.406444714] [rtabmap]: Setting RTAB-Map parameter "Mem/ImagePostDecimation"="1"
[rtabmap-14] [INFO] [1768033608.406510122] [rtabmap]: rtabmap: Updating parameters
[rtabmap-14] [INFO] [1768033608.406574845] [rtabmap]: RTAB-Map rate detection = 2.000000 Hz
[rtabmap-14] [INFO] [1768033608.428836151] [rtabmap]: Parameters event received!
[rtabmap-14] [INFO] [1768033608.428953892] [rtabmap]: Setting RTAB-Map parameter "Mem/ImagePreDecimation"="1"
[rtabmap-14] [INFO] [1768033608.428993615] [rtabmap]: rtabmap: Updating parameters
[rtabmap-14] [INFO] [1768033608.429083171] [rtabmap]: RTAB-Map rate detection = 2.000000 Hz
[superpoint_node-2] [INFO] [1768033608.429405433] [superpoint_node]: Keypoints estratti: 800
[rtabmap-14] [INFO] [1768033608.436095042] [rtabmap]: Parameters event received!
[rtabmap-14] [INFO] [1768033608.436197783] [rtabmap]: Setting RTAB-Map parameter "Mem/IncrementalMemory"="true"
[rtabmap-14] [INFO] [1768033608.436234802] [rtabmap]: rtabmap: Updating parameters
[rtabmap-14] [INFO] [1768033608.436283099] [rtabmap]: RTAB-Map rate detection = 2.000000 Hz
[superpoint_node-2] [ERROR] [1768033608.436601786] [superpoint_node]: Errore pubblicazione keypoints 3D: could not assign tuple of length 3 to structure with 4 fields.
[rtabmap-14] [INFO] [1768033608.455023062] [rtabmap]: Parameters event received!
[rtabmap-14] [INFO] [1768033608.455119359] [rtabmap]: Setting RTAB-Map parameter "Mem/InitWMWithAllNodes"="false"
[rtabmap-14] [INFO] [1768033608.455146359] [rtabmap]: rtabmap: Updating parameters
[rtabmap-14] [INFO] [1768033608.455185619] [rtabmap]: RTAB-Map rate detection = 2.000000 Hz
[rtabmap-14] [INFO] [1768033608.472392311] [rtabmap]: Parameters event received!
[rtabmap-14] [INFO] [1768033608.472497737] [rtabmap]: Setting RTAB-Map parameter "Mem/IntermediateNodeDataKept"="false"
[rtabmap-14] [INFO] [1768033608.472530238] [rtabmap]: rtabmap: Updating parameters
[rtabmap-14] [INFO] [1768033608.472576775] [rtabmap]: RTAB-Map rate detection = 2.000000 Hz
[rtabmap-14] [INFO] [1768033608.506893566] [rtabmap]: Parameters event received!
[rtabmap-14] [INFO] [1768033608.507038326] [rtabmap]: Setting RTAB-Map parameter "Mem/LaserScanDownsampleStepSize"="1"
[rtabmap-14] [INFO] [1768033608.507081900] [rtabmap]: rtabmap: Updating parameters
[rtabmap-14] [INFO] [1768033608.507135642] [rtabmap]: RTAB-Map rate detection = 2.000000 Hz
[rtabmap-14] [INFO] [1768033608.527697082] [rtabmap]: Parameters event received!
[rtabmap-14] [INFO] [1768033608.527896251] [rtabmap]: Setting RTAB-Map parameter "Mem/LaserScanNormalK"="0"
[rtabmap-14] [INFO] [1768033608.527952177] [rtabmap]: rtabmap: Updating parameters
[rtabmap-14] [INFO] [1768033608.528032085] [rtabmap]: RTAB-Map rate detection = 2.000000 Hz
[superpoint_node-2] [INFO] [1768033608.530687180] [superpoint_node]: Keypoints estratti: 800
[superpoint_node-2] [ERROR] [1768033608.539098636] [superpoint_node]: Errore pubblicazione keypoints 3D: could not assign tuple of length 3 to structure with 4 fields.
[rtabmap-14] [INFO] [1768033608.612375994] [rtabmap]: rtabmap (273): Rate=0.50s, Limit=0.001s, Conversion=0.0003s, RTAB-Map=0.0547s, Maps update=0.0005s pub=0.0032s delay=0.1313s (local map=0, WM=0)
[rtabmap-14] [INFO] [1768033608.616896678] [rtabmap]: Parameters event received!
[rtabmap-14] [INFO] [1768033608.617054902] [rtabmap]: Setting RTAB-Map parameter "Mem/LaserScanNormalRadius"="0.0"
[rtabmap-14] [INFO] [1768033608.617106865] [rtabmap]: rtabmap: Updating parameters
[rtabmap-14] [INFO] [1768033608.617180995] [rtabmap]: RTAB-Map rate detection = 2.000000 Hz
[rtabmap-14] [INFO] [1768033608.631736907] [rtabmap]: Parameters event received!
[rtabmap-14] [INFO] [1768033608.631884760] [rtabmap]: Setting RTAB-Map parameter "Mem/LaserScanVoxelSize"="0.0"
[rtabmap-14] [INFO] [1768033608.631923631] [rtabmap]: rtabmap: Updating parameters
[rtabmap-14] [INFO] [1768033608.631978983] [rtabmap]: RTAB-Map rate detection = 2.000000 Hz
[superpoint_node-2] [INFO] [1768033608.634632930] [superpoint_node]: Keypoints estratti: 800
[superpoint_node-2] [ERROR] [1768033608.642335695] [superpoint_node]: Errore pubblicazione keypoints 3D: could not assign tuple of length 3 to structure with 4 fields.
[rtabmap-14] [INFO] [1768033608.645068253] [rtabmap]: Parameters event received!
[rtabmap-14] [INFO] [1768033608.645156847] [rtabmap]: Setting RTAB-Map parameter "Mem/LocalizationDataSaved"="false"
[rtabmap-14] [INFO] [1768033608.645184550] [rtabmap]: rtabmap: Updating parameters
[rtabmap-14] [INFO] [1768033608.645222421] [rtabmap]: RTAB-Map rate detection = 2.000000 Hz
[rtabmap-14] [INFO] [1768033608.657375999] [rtabmap]: Parameters event received!
[rtabmap-14] [INFO] [1768033608.657472685] [rtabmap]: Setting RTAB-Map parameter "Mem/MapLabelsAdded"="true"
[rtabmap-14] [INFO] [1768033608.657505074] [rtabmap]: rtabmap: Updating parameters
[rtabmap-14] [INFO] [1768033608.657550630] [rtabmap]: RTAB-Map rate detection = 2.000000 Hz
[rtabmap-14] [INFO] [1768033608.674910508] [rtabmap]: Parameters event received!
[rtabmap-14] [INFO] [1768033608.675012787] [rtabmap]: Setting RTAB-Map parameter "Mem/NotLinkedNodesKept"="true"
[rtabmap-14] [INFO] [1768033608.675044509] [rtabmap]: rtabmap: Updating parameters
[rtabmap-14] [INFO] [1768033608.675088047] [rtabmap]: RTAB-Map rate detection = 2.000000 Hz
[rtabmap-14] [INFO] [1768033608.695730340] [rtabmap]: Parameters event received!
[rtabmap-14] [INFO] [1768033608.695900286] [rtabmap]: Setting RTAB-Map parameter "Mem/RawDescriptorsKept"="true"
[rtabmap-14] [INFO] [1768033608.696028787] [rtabmap]: rtabmap: Updating parameters
[rtabmap-14] [INFO] [1768033608.696282215] [rtabmap]: RTAB-Map rate detection = 2.000000 Hz
[rtabmap-14] [33m[ WARN] (2026-01-10 09:26:48.369) Features2d.cpp:658::create() BRIEF, FREAK and DAISY features cannot be used because OpenCV was not built with xfeatures2d module. GFTT/ORB is used instead.[0m
[rtabmap-14] [33m[ WARN] (2026-01-10 09:26:48.370) Features2d.cpp:658::create() BRIEF, FREAK and DAISY features cannot be used because OpenCV was not built with xfeatures2d module. GFTT/ORB is used instead.[0m
[rtabmap-14] [33m[ WARN] (2026-01-10 09:26:48.412) Features2d.cpp:658::create() BRIEF, FREAK and DAISY features cannot be used because OpenCV was not built with xfeatures2d module. GFTT/ORB is used instead.[0m
[rtabmap-14] [33m[ WARN] (2026-01-10 09:26:48.414) Features2d.cpp:658::create() BRIEF, FREAK and DAISY features cannot be used because OpenCV was not built with xfeatures2d module. GFTT/ORB is used instead.[0m
[rtabmap-14] [33m[ WARN] (2026-01-10 09:26:48.423) Features2d.cpp:658::create() BRIEF, FREAK and DAISY features cannot be used because OpenCV was not built with xfeatures2d module. GFTT/ORB is used instead.[0m
[rtabmap-14] [33m[ WARN] (2026-01-10 09:26:48.429) Features2d.cpp:658::create() BRIEF, FREAK and DAISY features cannot be used because OpenCV was not built with xfeatures2d module. GFTT/ORB is used instead.[0m
[rtabmap-14] [33m[ WARN] (2026-01-10 09:26:48.431) Features2d.cpp:658::create() BRIEF, FREAK and DAISY features cannot be used because OpenCV was not built with xfeatures2d module. GFTT/ORB is used instead.[0m
[rtabmap-14] [33m[ WARN] (2026-01-10 09:26:48.431) Features2d.cpp:658::create() BRIEF, FREAK and DAISY features cannot be used because OpenCV was not built with xfeatures2d module. GFTT/ORB is used instead.[0m
[rtabmap-14] [33m[ WARN] (2026-01-10 09:26:48.438) Features2d.cpp:658::create() BRIEF, FREAK and DAISY features cannot be used because OpenCV was not built with xfeatures2d module. GFTT/ORB is used instead.[0m
[rtabmap-14] [33m[ WARN] (2026-01-10 09:26:48.442) Features2d.cpp:658::create() BRIEF, FREAK and DAISY features cannot be used because OpenCV was not built with xfeatures2d module. GFTT/ORB is used instead.[0m
[rtabmap-14] [33m[ WARN] (2026-01-10 09:26:48.443) Features2d.cpp:658::create() BRIEF, FREAK and DAISY features cannot be used because OpenCV was not built with xfeatures2d module. GFTT/ORB is used instead.[0m
[rtabmap-14] [33m[ WARN] (2026-01-10 09:26:48.455) Features2d.cpp:658::create() BRIEF, FREAK and DAISY features cannot be used because OpenCV was not built with xfeatures2d module. GFTT/ORB is used instead.[0m
[rtabmap-14] [33m[ WARN] (2026-01-10 09:26:48.463) Features2d.cpp:658::create() BRIEF, FREAK and DAISY features cannot be used because OpenCV was not built with xfeatures2d module. GFTT/ORB is used instead.[0m
[rtabmap-14] [33m[ WARN] (2026-01-10 09:26:48.464) Features2d.cpp:658::create() BRIEF, FREAK and DAISY features cannot be used because OpenCV was not built with xfeatures2d module. GFTT/ORB is used instead.[0m
[rtabmap-14] [33m[ WARN] (2026-01-10 09:26:48.473) Features2d.cpp:658::create() BRIEF, FREAK and DAISY features cannot be used because OpenCV was not built with xfeatures2d module. GFTT/ORB is used instead.[0m
[rtabmap-14] [33m[ WARN] (2026-01-10 09:26:48.474) Features2d.cpp:658::create() BRIEF, FREAK and DAISY features cannot be used because OpenCV was not built with xfeatures2d module. GFTT/ORB is used instead.[0m
[rtabmap-14] [33m[ WARN] (2026-01-10 09:26:48.501) Features2d.cpp:658::create() BRIEF, FREAK and DAISY features cannot be used because OpenCV was not built with xfeatures2d module. GFTT/ORB is used instead.[0m
[rtabmap-14] [33m[ WARN] (2026-01-10 09:26:48.513) Features2d.cpp:658::create() BRIEF, FREAK and DAISY features cannot be used because OpenCV was not built with xfeatures2d module. GFTT/ORB is used instead.[0m
[rtabmap-14] [33m[ WARN] (2026-01-10 09:26:48.515) Features2d.cpp:658::create() BRIEF, FREAK and DAISY features cannot be used because OpenCV was not built with xfeatures2d module. GFTT/ORB is used instead.[0m
[rtabmap-14] [33m[ WARN] (2026-01-10 09:26:48.516) Features2d.cpp:658::create() BRIEF, FREAK and DAISY features cannot be used because OpenCV was not built with xfeatures2d module. GFTT/ORB is used instead.[0m
[rtabmap-14] [33m[ WARN] (2026-01-10 09:26:48.529) Features2d.cpp:658::create() BRIEF, FREAK and DAISY features cannot be used because OpenCV was not built with xfeatures2d module. GFTT/ORB is used instead.[0m
[rtabmap-14] [33m[ WARN] (2026-01-10 09:26:48.543) Features2d.cpp:658::create() BRIEF, FREAK and DAISY features cannot be used because OpenCV was not built with xfeatures2d module. GFTT/ORB is used instead.[0m
[rtabmap-14] [33m[ WARN] (2026-01-10 09:26:48.544) Features2d.cpp:658::create() BRIEF, FREAK and DAISY features cannot be used because OpenCV was not built with xfeatures2d module. GFTT/ORB is used instead.[0m
[rtabmap-14] [33m[ WARN] (2026-01-10 09:26:48.609) MapsManager.cpp:863::publishMaps() Graph has changed! The whole cloud is regenerated.[0m
[rtabmap-14] [33m[ WARN] (2026-01-10 09:26:48.611) OccupancyGrid.cpp:169::getProbMap() Map info is empty, cannot generate probabilistic occupancy grid[0m
[rtabmap-14] [33m[ WARN] (2026-01-10 09:26:48.618) Features2d.cpp:658::create() BRIEF, FREAK and DAISY features cannot be used because OpenCV was not built with xfeatures2d module. GFTT/ORB is used instead.[0m
[rtabmap-14] [33m[ WARN] (2026-01-10 09:26:48.619) Features2d.cpp:658::create() BRIEF, FREAK and DAISY features cannot be used because OpenCV was not built with xfeatures2d module. GFTT/ORB is used instead.[0m
[rtabmap-14] [33m[ WARN] (2026-01-10 09:26:48.627) Features2d.cpp:658::create() BRIEF, FREAK and DAISY features cannot be used because OpenCV was not built with xfeatures2d module. GFTT/ORB is used instead.[0m
[rtabmap-14] [33m[ WARN] (2026-01-10 09:26:48.632) Features2d.cpp:658::create() BRIEF, FREAK and DAISY features cannot be used because OpenCV was not built with xfeatures2d module. GFTT/ORB is used instead.[0m
[rtabmap-14] [33m[ WARN] (2026-01-10 09:26:48.636) Features2d.cpp:658::create() BRIEF, FREAK and DAISY features cannot be used because OpenCV was not built with xfeatures2d module. GFTT/ORB is used instead.[0m
[rtabmap-14] [33m[ WARN] (2026-01-10 09:26:48.637) Features2d.cpp:658::create() BRIEF, FREAK and DAISY features cannot be used because OpenCV was not built with xfeatures2d module. GFTT/ORB is used instead.[0m
[rtabmap-14] [33m[ WARN] (2026-01-10 09:26:48.645) Features2d.cpp:658::create() BRIEF, FREAK and DAISY features cannot be used because OpenCV was not built with xfeatures2d module. GFTT/ORB is used instead.[0m
[rtabmap-14] [33m[ WARN] (2026-01-10 09:26:48.650) Features2d.cpp:658::create() BRIEF, FREAK and DAISY features cannot be used because OpenCV was not built with xfeatures2d module. GFTT/ORB is used instead.[0m
[rtabmap-14] [33m[ WARN] (2026-01-10 09:26:48.651) Features2d.cpp:658::create() BRIEF, FREAK and DAISY features cannot be used because OpenCV was not built with xfeatures2d module. GFTT/ORB is used instead.[0m
[rtabmap-14] [33m[ WARN] (2026-01-10 09:26:48.662) Features2d.cpp:658::create() BRIEF, FREAK and DAISY features cannot be used because OpenCV was not built with xfeatures2d module. GFTT/ORB is used instead.[0m
[rtabmap-14] [33m[ WARN] (2026-01-10 09:26:48.664) Features2d.cpp:658::create() BRIEF, FREAK and DAISY features cannot be used because OpenCV was not built with xfeatures2d module. GFTT/ORB is used instead.[0m
[rtabmap-14] [33m[ WARN] (2026-01-10 09:26:48.665) Features2d.cpp:658::create() BRIEF, FREAK and DAISY features cannot be used because OpenCV was not built with xfeatures2d module. GFTT/ORB is used instead.[0m
[rtabmap-14] [33m[ WARN] (2026-01-10 09:26:48.675) Features2d.cpp:658::create() BRIEF, FREAK and DAISY features cannot be used because OpenCV was not built with xfeatures2d module. GFTT/ORB is used instead.[0m
[rtabmap-14] [33m[ WARN] (2026-01-10 09:26:48.676) Features2d.cpp:658::create() BRIEF, FREAK and DAISY features cannot be used because OpenCV was not built with xfeatures2d module. GFTT/ORB is used instead.[0m
[rtabmap-14] [33m[ WARN] (2026-01-10 09:26:48.682) Features2d.cpp:658::create() BRIEF, FREAK and DAISY features cannot be used because OpenCV was not built with xfeatures2d module. GFTT/ORB is used instead.[0m
[rtabmap-14] [33m[ WARN] (2026-01-10 09:26:48.700) Features2d.cpp:658::create() BRIEF, FREAK and DAISY features cannot be used because OpenCV was not built with xfeatures2d module. GFTT/ORB is used instead.[0m
[rtabmap-14] [33m[ WARN] (2026-01-10 09:26:48.702) Features2d.cpp:658::create() BRIEF, FREAK and DAISY features cannot be used because OpenCV was not built with xfeatures2d module. GFTT/ORB is used instead.[0m
[rtabmap-14] [INFO] [1768033608.730870693] [rtabmap]: Parameters event received!
[rtabmap-14] [INFO] [1768033608.731092713] [rtabmap]: Setting RTAB-Map parameter "Mem/RecentWmRatio"="0.2"
[rtabmap-14] [INFO] [1768033608.731143343] [rtabmap]: rtabmap: Updating parameters
[rtabmap-14] [INFO] [1768033608.731201936] [rtabmap]: RTAB-Map rate detection = 2.000000 Hz
[superpoint_node-2] [INFO] [1768033608.733867161] [superpoint_node]: Keypoints estratti: 800
[superpoint_node-2] [ERROR] [1768033608.741813261] [superpoint_node]: Errore pubblicazione keypoints 3D: could not assign tuple of length 3 to structure with 4 fields.
[rtabmap-14] [INFO] [1768033608.750071289] [rtabmap]: Parameters event received!
[rtabmap-14] [INFO] [1768033608.750190883] [rtabmap]: Setting RTAB-Map parameter "Mem/ReduceGraph"="true"
[rtabmap-14] [INFO] [1768033608.750437736] [rtabmap]: rtabmap: Updating parameters
[rtabmap-14] [INFO] [1768033608.750514422] [rtabmap]: RTAB-Map rate detection = 2.000000 Hz
[rtabmap-14] [INFO] [1768033608.758391892] [rtabmap]: Parameters event received!
[rtabmap-14] [INFO] [1768033608.758483134] [rtabmap]: Setting RTAB-Map parameter "Mem/RehearsalIdUpdatedToNewOne"="false"
[rtabmap-14] [INFO] [1768033608.758512875] [rtabmap]: rtabmap: Updating parameters
[rtabmap-14] [INFO] [1768033608.758554597] [rtabmap]: RTAB-Map rate detection = 2.000000 Hz
[rtabmap-14] [INFO] [1768033608.777704545] [rtabmap]: Parameters event received!
[rtabmap-14] [INFO] [1768033608.777808972] [rtabmap]: Setting RTAB-Map parameter "Mem/RehearsalSimilarity"="0.75"
[rtabmap-14] [INFO] [1768033608.777848176] [rtabmap]: rtabmap: Updating parameters
[rtabmap-14] [INFO] [1768033608.777904732] [rtabmap]: RTAB-Map rate detection = 2.000000 Hz
[rtabmap-14] [INFO] [1768033608.791612859] [rtabmap]: Parameters event received!
[rtabmap-14] [INFO] [1768033608.791837565] [rtabmap]: Setting RTAB-Map parameter "Mem/RehearsalWeightIgnoredWhileMoving"="false"
[rtabmap-14] [INFO] [1768033608.791924510] [rtabmap]: rtabmap: Updating parameters
[rtabmap-14] [INFO] [1768033608.792024585] [rtabmap]: RTAB-Map rate detection = 2.000000 Hz
[rtabmap-14] [INFO] [1768033608.810936568] [rtabmap]: Parameters event received!
[rtabmap-14] [INFO] [1768033608.811101365] [rtabmap]: Setting RTAB-Map parameter "Mem/RotateImagesUpsideUp"="false"
[rtabmap-14] [INFO] [1768033608.811159792] [rtabmap]: rtabmap: Updating parameters
[rtabmap-14] [INFO] [1768033608.811229348] [rtabmap]: RTAB-Map rate detection = 2.000000 Hz
[rtabmap-14] [INFO] [1768033608.830924078] [rtabmap]: Parameters event received!
[rtabmap-14] [INFO] [1768033608.831101728] [rtabmap]: Setting RTAB-Map parameter "Mem/STMSize"="10"
[rtabmap-14] [INFO] [1768033608.831162006] [rtabmap]: rtabmap: Updating parameters
[rtabmap-14] [INFO] [1768033608.831238266] [rtabmap]: RTAB-Map rate detection = 2.000000 Hz
[superpoint_node-2] [INFO] [1768033608.833566266] [superpoint_node]: Keypoints estratti: 800
[superpoint_node-2] [ERROR] [1768033608.841210789] [superpoint_node]: Errore pubblicazione keypoints 3D: could not assign tuple of length 3 to structure with 4 fields.
[rtabmap-14] [INFO] [1768033608.844993727] [rtabmap]: Parameters event received!
[rtabmap-14] [INFO] [1768033608.845090190] [rtabmap]: Setting RTAB-Map parameter "Mem/SaveDepth16Format"="false"
[rtabmap-14] [INFO] [1768033608.845125672] [rtabmap]: rtabmap: Updating parameters
[rtabmap-14] [INFO] [1768033608.845174061] [rtabmap]: RTAB-Map rate detection = 2.000000 Hz
[rtabmap-14] [INFO] [1768033608.853403145] [rtabmap]: Parameters event received!
[rtabmap-14] [INFO] [1768033608.853516183] [rtabmap]: Setting RTAB-Map parameter "Mem/StereoFromMotion"="false"
[rtabmap-14] [INFO] [1768033608.853554424] [rtabmap]: rtabmap: Updating parameters
[rtabmap-14] [INFO] [1768033608.853606017] [rtabmap]: RTAB-Map rate detection = 2.000000 Hz
[rtabmap-14] [INFO] [1768033608.873264932] [rtabmap]: Parameters event received!
[rtabmap-14] [INFO] [1768033608.873377248] [rtabmap]: Setting RTAB-Map parameter "Mem/TransferSortingByWeightId"="false"
[rtabmap-14] [INFO] [1768033608.873415952] [rtabmap]: rtabmap: Updating parameters
[rtabmap-14] [INFO] [1768033608.873463193] [rtabmap]: RTAB-Map rate detection = 2.000000 Hz
[rtabmap-14] [INFO] [1768033608.882417375] [rtabmap]: Parameters event received!
[rtabmap-14] [INFO] [1768033608.882498950] [rtabmap]: Setting RTAB-Map parameter "Mem/UseOdomFeatures"="true"
[rtabmap-14] [INFO] [1768033608.882522746] [rtabmap]: rtabmap: Updating parameters
[rtabmap-14] [INFO] [1768033608.882560858] [rtabmap]: RTAB-Map rate detection = 2.000000 Hz
[rtabmap-14] [INFO] [1768033608.913273268] [rtabmap]: Parameters event received!
[rtabmap-14] [INFO] [1768033608.913404472] [rtabmap]: Setting RTAB-Map parameter "Mem/UseOdomGravity"="false"
[rtabmap-14] [INFO] [1768033608.913438436] [rtabmap]: rtabmap: Updating parameters
[rtabmap-14] [INFO] [1768033608.913489492] [rtabmap]: RTAB-Map rate detection = 2.000000 Hz
[rtabmap-14] [INFO] [1768033608.936010374] [rtabmap]: Parameters event received!
[rtabmap-14] [INFO] [1768033608.936312413] [rtabmap]: Setting RTAB-Map parameter "ORB/EdgeThreshold"="19"
[rtabmap-14] [INFO] [1768033608.936410395] [rtabmap]: rtabmap: Updating parameters
[rtabmap-14] [INFO] [1768033608.936468785] [rtabmap]: RTAB-Map rate detection = 2.000000 Hz
[superpoint_node-2] [INFO] [1768033608.937859240] [superpoint_node]: Keypoints estratti: 800
[superpoint_node-2] [ERROR] [1768033608.946171565] [superpoint_node]: Errore pubblicazione keypoints 3D: could not assign tuple of length 3 to structure with 4 fields.
[rtabmap-14] [INFO] [1768033608.955292712] [rtabmap]: Parameters event received!
[rtabmap-14] [INFO] [1768033608.955416954] [rtabmap]: Setting RTAB-Map parameter "ORB/FirstLevel"="0"
[rtabmap-14] [INFO] [1768033608.955461935] [rtabmap]: rtabmap: Updating parameters
[rtabmap-14] [INFO] [1768033608.955513751] [rtabmap]: RTAB-Map rate detection = 2.000000 Hz
[rtabmap-14] [33m[ WARN] (2026-01-10 09:26:48.716) Features2d.cpp:658::create() BRIEF, FREAK and DAISY features cannot be used because OpenCV was not built with xfeatures2d module. GFTT/ORB is used instead.[0m
[rtabmap-14] [33m[ WARN] (2026-01-10 09:26:48.732) Features2d.cpp:658::create() BRIEF, FREAK and DAISY features cannot be used because OpenCV was not built with xfeatures2d module. GFTT/ORB is used instead.[0m
[rtabmap-14] [33m[ WARN] (2026-01-10 09:26:48.733) Features2d.cpp:658::create() BRIEF, FREAK and DAISY features cannot be used because OpenCV was not built with xfeatures2d module. GFTT/ORB is used instead.[0m
[rtabmap-14] [33m[ WARN] (2026-01-10 09:26:48.734) Features2d.cpp:658::create() BRIEF, FREAK and DAISY features cannot be used because OpenCV was not built with xfeatures2d module. GFTT/ORB is used instead.[0m
[rtabmap-14] [33m[ WARN] (2026-01-10 09:26:48.751) Features2d.cpp:658::create() BRIEF, FREAK and DAISY features cannot be used because OpenCV was not built with xfeatures2d module. GFTT/ORB is used instead.[0m
[rtabmap-14] [33m[ WARN] (2026-01-10 09:26:48.752) Features2d.cpp:658::create() BRIEF, FREAK and DAISY features cannot be used because OpenCV was not built with xfeatures2d module. GFTT/ORB is used instead.[0m
[rtabmap-14] [33m[ WARN] (2026-01-10 09:26:48.753) Features2d.cpp:658::create() BRIEF, FREAK and DAISY features cannot be used because OpenCV was not built with xfeatures2d module. GFTT/ORB is used instead.[0m
[rtabmap-14] [33m[ WARN] (2026-01-10 09:26:48.759) Features2d.cpp:658::create() BRIEF, FREAK and DAISY features cannot be used because OpenCV was not built with xfeatures2d module. GFTT/ORB is used instead.[0m
[rtabmap-14] [33m[ WARN] (2026-01-10 09:26:48.760) Features2d.cpp:658::create() BRIEF, FREAK and DAISY features cannot be used because OpenCV was not built with xfeatures2d module. GFTT/ORB is used instead.[0m
[rtabmap-14] [33m[ WARN] (2026-01-10 09:26:48.761) Features2d.cpp:658::create() BRIEF, FREAK and DAISY features cannot be used because OpenCV was not built with xfeatures2d module. GFTT/ORB is used instead.[0m
[rtabmap-14] [33m[ WARN] (2026-01-10 09:26:48.778) Features2d.cpp:658::create() BRIEF, FREAK and DAISY features cannot be used because OpenCV was not built with xfeatures2d module. GFTT/ORB is used instead.[0m
[rtabmap-14] [33m[ WARN] (2026-01-10 09:26:48.780) Features2d.cpp:658::create() BRIEF, FREAK and DAISY features cannot be used because OpenCV was not built with xfeatures2d module. GFTT/ORB is used instead.[0m
[rtabmap-14] [33m[ WARN] (2026-01-10 09:26:48.782) Features2d.cpp:658::create() BRIEF, FREAK and DAISY features cannot be used because OpenCV was not built with xfeatures2d module. GFTT/ORB is used instead.[0m
[rtabmap-14] [33m[ WARN] (2026-01-10 09:26:48.797) Features2d.cpp:658::create() BRIEF, FREAK and DAISY features cannot be used because OpenCV was not built with xfeatures2d module. GFTT/ORB is used instead.[0m
[rtabmap-14] [33m[ WARN] (2026-01-10 09:26:48.800) Features2d.cpp:658::create() BRIEF, FREAK and DAISY features cannot be used because OpenCV was not built with xfeatures2d module. GFTT/ORB is used instead.[0m
[rtabmap-14] [33m[ WARN] (2026-01-10 09:26:48.801) Features2d.cpp:658::create() BRIEF, FREAK and DAISY features cannot be used because OpenCV was not built with xfeatures2d module. GFTT/ORB is used instead.[0m
[rtabmap-14] [33m[ WARN] (2026-01-10 09:26:48.812) Features2d.cpp:658::create() BRIEF, FREAK and DAISY features cannot be used because OpenCV was not built with xfeatures2d module. GFTT/ORB is used instead.[0m
[rtabmap-14] [33m[ WARN] (2026-01-10 09:26:48.814) Features2d.cpp:658::create() BRIEF, FREAK and DAISY features cannot be used because OpenCV was not built with xfeatures2d module. GFTT/ORB is used instead.[0m
[rtabmap-14] [33m[ WARN] (2026-01-10 09:26:48.818) Features2d.cpp:658::create() BRIEF, FREAK and DAISY features cannot be used because OpenCV was not built with xfeatures2d module. GFTT/ORB is used instead.[0m
[rtabmap-14] [33m[ WARN] (2026-01-10 09:26:48.832) Features2d.cpp:658::create() BRIEF, FREAK and DAISY features cannot be used because OpenCV was not built with xfeatures2d module. GFTT/ORB is used instead.[0m
[rtabmap-14] [33m[ WARN] (2026-01-10 09:26:48.833) Features2d.cpp:658::create() BRIEF, FREAK and DAISY features cannot be used because OpenCV was not built with xfeatures2d module. GFTT/ORB is used instead.[0m
[rtabmap-14] [33m[ WARN] (2026-01-10 09:26:48.834) Features2d.cpp:658::create() BRIEF, FREAK and DAISY features cannot be used because OpenCV was not built with xfeatures2d module. GFTT/ORB is used instead.[0m
[rtabmap-14] [33m[ WARN] (2026-01-10 09:26:48.845) Features2d.cpp:658::create() BRIEF, FREAK and DAISY features cannot be used because OpenCV was not built with xfeatures2d module. GFTT/ORB is used instead.[0m
[rtabmap-14] [33m[ WARN] (2026-01-10 09:26:48.847) Features2d.cpp:658::create() BRIEF, FREAK and DAISY features cannot be used because OpenCV was not built with xfeatures2d module. GFTT/ORB is used instead.[0m
[rtabmap-14] [33m[ WARN] (2026-01-10 09:26:48.847) Features2d.cpp:658::create() BRIEF, FREAK and DAISY features cannot be used because OpenCV was not built with xfeatures2d module. GFTT/ORB is used instead.[0m
[rtabmap-14] [33m[ WARN] (2026-01-10 09:26:48.854) Features2d.cpp:658::create() BRIEF, FREAK and DAISY features cannot be used because OpenCV was not built with xfeatures2d module. GFTT/ORB is used instead.[0m
[rtabmap-14] [33m[ WARN] (2026-01-10 09:26:48.864) Features2d.cpp:658::create() BRIEF, FREAK and DAISY features cannot be used because OpenCV was not built with xfeatures2d module. GFTT/ORB is used instead.[0m
[rtabmap-14] [33m[ WARN] (2026-01-10 09:26:48.865) Features2d.cpp:658::create() BRIEF, FREAK and DAISY features cannot be used because OpenCV was not built with xfeatures2d module. GFTT/ORB is used instead.[0m
[rtabmap-14] [33m[ WARN] (2026-01-10 09:26:48.875) Features2d.cpp:658::create() BRIEF, FREAK and DAISY features cannot be used because OpenCV was not built with xfeatures2d module. GFTT/ORB is used instead.[0m
[rtabmap-14] [33m[ WARN] (2026-01-10 09:26:48.876) Features2d.cpp:658::create() BRIEF, FREAK and DAISY features cannot be used because OpenCV was not built with xfeatures2d module. GFTT/ORB is used instead.[0m
[rtabmap-14] [33m[ WARN] (2026-01-10 09:26:48.877) Features2d.cpp:658::create() BRIEF, FREAK and DAISY features cannot be used because OpenCV was not built with xfeatures2d module. GFTT/ORB is used instead.[0m
[rtabmap-14] [33m[ WARN] (2026-01-10 09:26:48.898) Features2d.cpp:658::create() BRIEF, FREAK and DAISY features cannot be used because OpenCV was not built with xfeatures2d module. GFTT/ORB is used instead.[0m
[rtabmap-14] [33m[ WARN] (2026-01-10 09:26:48.904) Features2d.cpp:658::create() BRIEF, FREAK and DAISY features cannot be used because OpenCV was not built with xfeatures2d module. GFTT/ORB is used instead.[0m
[rtabmap-14] [33m[ WARN] (2026-01-10 09:26:48.905) Features2d.cpp:658::create() BRIEF, FREAK and DAISY features cannot be used because OpenCV was not built with xfeatures2d module. GFTT/ORB is used instead.[0m
[rtabmap-14] [33m[ WARN] (2026-01-10 09:26:48.914) Features2d.cpp:658::create() BRIEF, FREAK and DAISY features cannot be used because OpenCV was not built with xfeatures2d module. GFTT/ORB is used instead.[0m
[rtabmap-14] [33m[ WARN] (2026-01-10 09:26:48.922) Features2d.cpp:658::create() BRIEF, FREAK and DAISY features cannot be used because OpenCV was not built with xfeatures2d module. GFTT/ORB is used instead.[0m
[rtabmap-14] [33m[ WARN] (2026-01-10 09:26:48.927) Features2d.cpp:658::create() BRIEF, FREAK and DAISY features cannot be used because OpenCV was not built with xfeatures2d module. GFTT/ORB is used instead.[0m
[rtabmap-14] [33m[ WARN] (2026-01-10 09:26:48.938) Features2d.cpp:658::create() BRIEF, FREAK and DAISY features cannot be used because OpenCV was not built with xfeatures2d module. GFTT/ORB is used instead.[0m
[rtabmap-14] [33m[ WARN] (2026-01-10 09:26:48.940) Features2d.cpp:658::create() BRIEF, FREAK and DAISY features cannot be used because OpenCV was not built with xfeatures2d module. GFTT/ORB is used instead.[0m
[rtabmap-14] [33m[ WARN] (2026-01-10 09:26:48.942) Features2d.cpp:658::create() BRIEF, FREAK and DAISY features cannot be used because OpenCV was not built with xfeatures2d module. GFTT/ORB is used instead.[0m
[rtabmap-14] [33m[ WARN] (2026-01-10 09:26:48.956) Features2d.cpp:658::create() BRIEF, FREAK and DAISY features cannot be used because OpenCV was not built with xfeatures2d module. GFTT/ORB is used instead.[0m
[rtabmap-14] [INFO] [1768033608.983458898] [rtabmap]: Parameters event received!
[rtabmap-14] [INFO] [1768033608.983549176] [rtabmap]: Setting RTAB-Map parameter "ORB/Gpu"="false"
[rtabmap-14] [INFO] [1768033608.983577917] [rtabmap]: rtabmap: Updating parameters
[rtabmap-14] [INFO] [1768033608.983618047] [rtabmap]: RTAB-Map rate detection = 2.000000 Hz
[rtabmap-14] [INFO] [1768033609.036530393] [rtabmap]: Parameters event received!
[rtabmap-14] [INFO] [1768033609.036636042] [rtabmap]: Setting RTAB-Map parameter "ORB/NLevels"="3"
[rtabmap-14] [INFO] [1768033609.036670820] [rtabmap]: rtabmap: Updating parameters
[rtabmap-14] [INFO] [1768033609.036713320] [rtabmap]: RTAB-Map rate detection = 2.000000 Hz
[superpoint_node-2] [INFO] [1768033609.044774310] [superpoint_node]: Keypoints estratti: 800
[superpoint_node-2] [ERROR] [1768033609.052605353] [superpoint_node]: Errore pubblicazione keypoints 3D: could not assign tuple of length 3 to structure with 4 fields.
[rtabmap-14] [INFO] [1768033609.055332042] [rtabmap]: Parameters event received!
[rtabmap-14] [INFO] [1768033609.055430709] [rtabmap]: Setting RTAB-Map parameter "ORB/PatchSize"="31"
[rtabmap-14] [INFO] [1768033609.055494950] [rtabmap]: rtabmap: Updating parameters
[rtabmap-14] [INFO] [1768033609.055541784] [rtabmap]: RTAB-Map rate detection = 2.000000 Hz
[rtabmap-14] [INFO] [1768033609.143789613] [rtabmap]: rtabmap (274): Rate=0.50s, Limit=0.001s, Conversion=0.0002s, RTAB-Map=0.0676s, Maps update=0.0006s pub=0.0088s delay=0.1534s (local map=0, WM=0)
[superpoint_node-2] [INFO] [1768033609.145938204] [superpoint_node]: Keypoints estratti: 800
[rtabmap-14] [INFO] [1768033609.151827640] [rtabmap]: Parameters event received!
[rtabmap-14] [INFO] [1768033609.151919603] [rtabmap]: Setting RTAB-Map parameter "ORB/ScaleFactor"="2"
[rtabmap-14] [INFO] [1768033609.151967437] [rtabmap]: rtabmap: Updating parameters
[rtabmap-14] [INFO] [1768033609.152016178] [rtabmap]: RTAB-Map rate detection = 2.000000 Hz
[superpoint_node-2] [ERROR] [1768033609.153301077] [superpoint_node]: Errore pubblicazione keypoints 3D: could not assign tuple of length 3 to structure with 4 fields.
[rtabmap-14] [INFO] [1768033609.160478134] [rtabmap]: Parameters event received!
[rtabmap-14] [INFO] [1768033609.160613450] [rtabmap]: Setting RTAB-Map parameter "ORB/ScoreType"="0"
[rtabmap-14] [INFO] [1768033609.160661117] [rtabmap]: rtabmap: Updating parameters
[rtabmap-14] [INFO] [1768033609.160711543] [rtabmap]: RTAB-Map rate detection = 2.000000 Hz
[rtabmap-14] [INFO] [1768033609.178483036] [rtabmap]: Parameters event received!
[rtabmap-14] [INFO] [1768033609.178625500] [rtabmap]: Setting RTAB-Map parameter "ORB/WTA_K"="2"
[rtabmap-14] [INFO] [1768033609.178909928] [rtabmap]: rtabmap: Updating parameters
[rtabmap-14] [INFO] [1768033609.178990985] [rtabmap]: RTAB-Map rate detection = 2.000000 Hz
[rtabmap-14] [INFO] [1768033609.186529341] [rtabmap]: Parameters event received!
[rtabmap-14] [INFO] [1768033609.186628341] [rtabmap]: Setting RTAB-Map parameter "Optimizer/Epsilon"="0.0"
[rtabmap-14] [INFO] [1768033609.186650619] [rtabmap]: rtabmap: Updating parameters
[rtabmap-14] [INFO] [1768033609.186688898] [rtabmap]: RTAB-Map rate detection = 2.000000 Hz
[rtabmap-14] [INFO] [1768033609.214095318] [rtabmap]: Parameters event received!
[rtabmap-14] [INFO] [1768033609.214215282] [rtabmap]: Setting RTAB-Map parameter "Optimizer/GravitySigma"="0.3"
[rtabmap-14] [INFO] [1768033609.214262320] [rtabmap]: rtabmap: Updating parameters
[rtabmap-14] [INFO] [1768033609.214314913] [rtabmap]: RTAB-Map rate detection = 2.000000 Hz
[rtabmap-14] [INFO] [1768033609.230033667] [rtabmap]: Parameters event received!
[rtabmap-14] [INFO] [1768033609.230193613] [rtabmap]: Setting RTAB-Map parameter "Optimizer/Iterations"="5"
[rtabmap-14] [INFO] [1768033609.230235891] [rtabmap]: rtabmap: Updating parameters
[rtabmap-14] [INFO] [1768033609.230280965] [rtabmap]: RTAB-Map rate detection = 2.000000 Hz
[superpoint_node-2] [INFO] [1768033609.246633076] [superpoint_node]: Keypoints estratti: 800
[superpoint_node-2] [ERROR] [1768033609.253398297] [superpoint_node]: Errore pubblicazione keypoints 3D: could not assign tuple of length 3 to structure with 4 fields.
[rtabmap-14] [INFO] [1768033609.256378839] [rtabmap]: Parameters event received!
[rtabmap-14] [INFO] [1768033609.256476117] [rtabmap]: Setting RTAB-Map parameter "Optimizer/LandmarksIgnored"="false"
[rtabmap-14] [INFO] [1768033609.256504080] [rtabmap]: rtabmap: Updating parameters
[rtabmap-14] [INFO] [1768033609.256540396] [rtabmap]: RTAB-Map rate detection = 2.000000 Hz
[rtabmap-14] [INFO] [1768033609.263981417] [rtabmap]: Parameters event received!
[rtabmap-14] [INFO] [1768033609.264071307] [rtabmap]: Setting RTAB-Map parameter "Optimizer/PriorsIgnored"="true"
[rtabmap-14] [INFO] [1768033609.264095733] [rtabmap]: rtabmap: Updating parameters
[rtabmap-14] [INFO] [1768033609.264132382] [rtabmap]: RTAB-Map rate detection = 2.000000 Hz
[rtabmap-14] [INFO] [1768033609.284054428] [rtabmap]: Parameters event received!
[rtabmap-14] [INFO] [1768033609.284154263] [rtabmap]: Setting RTAB-Map parameter "Optimizer/Robust"="false"
[rtabmap-14] [INFO] [1768033609.284188429] [rtabmap]: rtabmap: Updating parameters
[rtabmap-14] [INFO] [1768033609.284231115] [rtabmap]: RTAB-Map rate detection = 2.000000 Hz
[rtabmap-14] [INFO] [1768033609.294957848] [rtabmap]: Parameters event received!
[rtabmap-14] [INFO] [1768033609.297848593] [rtabmap]: Setting RTAB-Map parameter "Optimizer/Strategy"="1"
[rtabmap-14] [INFO] [1768033609.297958390] [rtabmap]: rtabmap: Updating parameters
[rtabmap-14] [INFO] [1768033609.298065354] [rtabmap]: RTAB-Map rate detection = 2.000000 Hz
[rtabmap-14] [33m[ WARN] (2026-01-10 09:26:48.961) Features2d.cpp:658::create() BRIEF, FREAK and DAISY features cannot be used because OpenCV was not built with xfeatures2d module. GFTT/ORB is used instead.[0m
[rtabmap-14] [33m[ WARN] (2026-01-10 09:26:48.961) Features2d.cpp:658::create() BRIEF, FREAK and DAISY features cannot be used because OpenCV was not built with xfeatures2d module. GFTT/ORB is used instead.[0m
[rtabmap-14] [33m[ WARN] (2026-01-10 09:26:48.984) Features2d.cpp:658::create() BRIEF, FREAK and DAISY features cannot be used because OpenCV was not built with xfeatures2d module. GFTT/ORB is used instead.[0m
[rtabmap-14] [33m[ WARN] (2026-01-10 09:26:48.985) Features2d.cpp:658::create() BRIEF, FREAK and DAISY features cannot be used because OpenCV was not built with xfeatures2d module. GFTT/ORB is used instead.[0m
[rtabmap-14] [33m[ WARN] (2026-01-10 09:26:48.986) Features2d.cpp:658::create() BRIEF, FREAK and DAISY features cannot be used because OpenCV was not built with xfeatures2d module. GFTT/ORB is used instead.[0m
[rtabmap-14] [33m[ WARN] (2026-01-10 09:26:49.038) Features2d.cpp:658::create() BRIEF, FREAK and DAISY features cannot be used because OpenCV was not built with xfeatures2d module. GFTT/ORB is used instead.[0m
[rtabmap-14] [33m[ WARN] (2026-01-10 09:26:49.043) Features2d.cpp:658::create() BRIEF, FREAK and DAISY features cannot be used because OpenCV was not built with xfeatures2d module. GFTT/ORB is used instead.[0m
[rtabmap-14] [33m[ WARN] (2026-01-10 09:26:49.044) Features2d.cpp:658::create() BRIEF, FREAK and DAISY features cannot be used because OpenCV was not built with xfeatures2d module. GFTT/ORB is used instead.[0m
[rtabmap-14] [33m[ WARN] (2026-01-10 09:26:49.056) Features2d.cpp:658::create() BRIEF, FREAK and DAISY features cannot be used because OpenCV was not built with xfeatures2d module. GFTT/ORB is used instead.[0m
[rtabmap-14] [33m[ WARN] (2026-01-10 09:26:49.057) Features2d.cpp:658::create() BRIEF, FREAK and DAISY features cannot be used because OpenCV was not built with xfeatures2d module. GFTT/ORB is used instead.[0m
[rtabmap-14] [33m[ WARN] (2026-01-10 09:26:49.059) Features2d.cpp:658::create() BRIEF, FREAK and DAISY features cannot be used because OpenCV was not built with xfeatures2d module. GFTT/ORB is used instead.[0m
[rtabmap-14] [33m[ WARN] (2026-01-10 09:26:49.134) MapsManager.cpp:863::publishMaps() Graph has changed! The whole cloud is regenerated.[0m
[rtabmap-14] [33m[ WARN] (2026-01-10 09:26:49.138) OccupancyGrid.cpp:169::getProbMap() Map info is empty, cannot generate probabilistic occupancy grid[0m
[rtabmap-14] [33m[ WARN] (2026-01-10 09:26:49.152) Features2d.cpp:658::create() BRIEF, FREAK and DAISY features cannot be used because OpenCV was not built with xfeatures2d module. GFTT/ORB is used instead.[0m
[rtabmap-14] [33m[ WARN] (2026-01-10 09:26:49.153) Features2d.cpp:658::create() BRIEF, FREAK and DAISY features cannot be used because OpenCV was not built with xfeatures2d module. GFTT/ORB is used instead.[0m
[rtabmap-14] [33m[ WARN] (2026-01-10 09:26:49.154) Features2d.cpp:658::create() BRIEF, FREAK and DAISY features cannot be used because OpenCV was not built with xfeatures2d module. GFTT/ORB is used instead.[0m
[rtabmap-14] [33m[ WARN] (2026-01-10 09:26:49.161) Features2d.cpp:658::create() BRIEF, FREAK and DAISY features cannot be used because OpenCV was not built with xfeatures2d module. GFTT/ORB is used instead.[0m
[rtabmap-14] [33m[ WARN] (2026-01-10 09:26:49.166) Features2d.cpp:658::create() BRIEF, FREAK and DAISY features cannot be used because OpenCV was not built with xfeatures2d module. GFTT/ORB is used instead.[0m
[rtabmap-14] [33m[ WARN] (2026-01-10 09:26:49.167) Features2d.cpp:658::create() BRIEF, FREAK and DAISY features cannot be used because OpenCV was not built with xfeatures2d module. GFTT/ORB is used instead.[0m
[rtabmap-14] [33m[ WARN] (2026-01-10 09:26:49.179) Features2d.cpp:658::create() BRIEF, FREAK and DAISY features cannot be used because OpenCV was not built with xfeatures2d module. GFTT/ORB is used instead.[0m
[rtabmap-14] [33m[ WARN] (2026-01-10 09:26:49.180) Features2d.cpp:658::create() BRIEF, FREAK and DAISY features cannot be used because OpenCV was not built with xfeatures2d module. GFTT/ORB is used instead.[0m
[rtabmap-14] [33m[ WARN] (2026-01-10 09:26:49.181) Features2d.cpp:658::create() BRIEF, FREAK and DAISY features cannot be used because OpenCV was not built with xfeatures2d module. GFTT/ORB is used instead.[0m
[rtabmap-14] [33m[ WARN] (2026-01-10 09:26:49.187) Features2d.cpp:658::create() BRIEF, FREAK and DAISY features cannot be used because OpenCV was not built with xfeatures2d module. GFTT/ORB is used instead.[0m
[rtabmap-14] [33m[ WARN] (2026-01-10 09:26:49.188) Features2d.cpp:658::create() BRIEF, FREAK and DAISY features cannot be used because OpenCV was not built with xfeatures2d module. GFTT/ORB is used instead.[0m
[rtabmap-14] [33m[ WARN] (2026-01-10 09:26:49.189) Features2d.cpp:658::create() BRIEF, FREAK and DAISY features cannot be used because OpenCV was not built with xfeatures2d module. GFTT/ORB is used instead.[0m
[rtabmap-14] [33m[ WARN] (2026-01-10 09:26:49.215) Features2d.cpp:658::create() BRIEF, FREAK and DAISY features cannot be used because OpenCV was not built with xfeatures2d module. GFTT/ORB is used instead.[0m
[rtabmap-14] [33m[ WARN] (2026-01-10 09:26:49.222) Features2d.cpp:658::create() BRIEF, FREAK and DAISY features cannot be used because OpenCV was not built with xfeatures2d module. GFTT/ORB is used instead.[0m
[rtabmap-14] [33m[ WARN] (2026-01-10 09:26:49.223) Features2d.cpp:658::create() BRIEF, FREAK and DAISY features cannot be used because OpenCV was not built with xfeatures2d module. GFTT/ORB is used instead.[0m
[rtabmap-14] [33m[ WARN] (2026-01-10 09:26:49.236) Features2d.cpp:658::create() BRIEF, FREAK and DAISY features cannot be used because OpenCV was not built with xfeatures2d module. GFTT/ORB is used instead.[0m
[rtabmap-14] [33m[ WARN] (2026-01-10 09:26:49.244) Features2d.cpp:658::create() BRIEF, FREAK and DAISY features cannot be used because OpenCV was not built with xfeatures2d module. GFTT/ORB is used instead.[0m
[rtabmap-14] [33m[ WARN] (2026-01-10 09:26:49.245) Features2d.cpp:658::create() BRIEF, FREAK and DAISY features cannot be used because OpenCV was not built with xfeatures2d module. GFTT/ORB is used instead.[0m
[rtabmap-14] [33m[ WARN] (2026-01-10 09:26:49.257) Features2d.cpp:658::create() BRIEF, FREAK and DAISY features cannot be used because OpenCV was not built with xfeatures2d module. GFTT/ORB is used instead.[0m
[rtabmap-14] [33m[ WARN] (2026-01-10 09:26:49.259) Features2d.cpp:658::create() BRIEF, FREAK and DAISY features cannot be used because OpenCV was not built with xfeatures2d module. GFTT/ORB is used instead.[0m
[rtabmap-14] [33m[ WARN] (2026-01-10 09:26:49.260) Features2d.cpp:658::create() BRIEF, FREAK and DAISY features cannot be used because OpenCV was not built with xfeatures2d module. GFTT/ORB is used instead.[0m
[rtabmap-14] [33m[ WARN] (2026-01-10 09:26:49.264) Features2d.cpp:658::create() BRIEF, FREAK and DAISY features cannot be used because OpenCV was not built with xfeatures2d module. GFTT/ORB is used instead.[0m
[rtabmap-14] [33m[ WARN] (2026-01-10 09:26:49.265) Features2d.cpp:658::create() BRIEF, FREAK and DAISY features cannot be used because OpenCV was not built with xfeatures2d module. GFTT/ORB is used instead.[0m
[rtabmap-14] [33m[ WARN] (2026-01-10 09:26:49.266) Features2d.cpp:658::create() BRIEF, FREAK and DAISY features cannot be used because OpenCV was not built with xfeatures2d module. GFTT/ORB is used instead.[0m
[rtabmap-14] [33m[ WARN] (2026-01-10 09:26:49.284) Features2d.cpp:658::create() BRIEF, FREAK and DAISY features cannot be used because OpenCV was not built with xfeatures2d module. GFTT/ORB is used instead.[0m
[rtabmap-14] [33m[ WARN] (2026-01-10 09:26:49.285) Features2d.cpp:658::create() BRIEF, FREAK and DAISY features cannot be used because OpenCV was not built with xfeatures2d module. GFTT/ORB is used instead.[0m
[rtabmap-14] [33m[ WARN] (2026-01-10 09:26:49.286) Features2d.cpp:658::create() BRIEF, FREAK and DAISY features cannot be used because OpenCV was not built with xfeatures2d module. GFTT/ORB is used instead.[0m
[rtabmap-14] [33m[ WARN] (2026-01-10 09:26:49.302) Features2d.cpp:658::create() BRIEF, FREAK and DAISY features cannot be used because OpenCV was not built with xfeatures2d module. GFTT/ORB is used instead.[0m
[rtabmap-14] [33m[ WARN] (2026-01-10 09:26:49.312) Features2d.cpp:658::create() BRIEF, FREAK and DAISY features cannot be used because OpenCV was not built with xfeatures2d module. GFTT/ORB is used instead.[0m
[rtabmap-14] [INFO] [1768033609.327020787] [rtabmap]: Parameters event received!
[rtabmap-14] [INFO] [1768033609.327288456] [rtabmap]: Setting RTAB-Map parameter "Optimizer/VarianceIgnored"="false"
[rtabmap-14] [INFO] [1768033609.327336753] [rtabmap]: rtabmap: Updating parameters
[rtabmap-14] [INFO] [1768033609.327387790] [rtabmap]: RTAB-Map rate detection = 2.000000 Hz
[superpoint_node-2] [INFO] [1768033609.344295573] [superpoint_node]: Keypoints estratti: 800
[superpoint_node-2] [ERROR] [1768033609.350201860] [superpoint_node]: Errore pubblicazione keypoints 3D: could not assign tuple of length 3 to structure with 4 fields.
[rtabmap-14] [INFO] [1768033609.354216336] [rtabmap]: Parameters event received!
[rtabmap-14] [INFO] [1768033609.354316170] [rtabmap]: Setting RTAB-Map parameter "PyDescriptor/Dim"="4096"
[rtabmap-14] [INFO] [1768033609.354351541] [rtabmap]: rtabmap: Updating parameters
[rtabmap-14] [INFO] [1768033609.354392653] [rtabmap]: RTAB-Map rate detection = 2.000000 Hz
[rtabmap-14] [INFO] [1768033609.362447013] [rtabmap]: Parameters event received!
[rtabmap-14] [INFO] [1768033609.362551625] [rtabmap]: Setting RTAB-Map parameter "PyDescriptor/Path"=""
[rtabmap-14] [INFO] [1768033609.362588366] [rtabmap]: rtabmap: Updating parameters
[rtabmap-14] [INFO] [1768033609.362637996] [rtabmap]: RTAB-Map rate detection = 2.000000 Hz
[rtabmap-14] [INFO] [1768033609.383933738] [rtabmap]: Parameters event received!
[rtabmap-14] [INFO] [1768033609.384033054] [rtabmap]: Setting RTAB-Map parameter "PyDetector/Cuda"="true"
[rtabmap-14] [INFO] [1768033609.384243815] [rtabmap]: rtabmap: Updating parameters
[rtabmap-14] [INFO] [1768033609.384299482] [rtabmap]: RTAB-Map rate detection = 2.000000 Hz
[rtabmap-14] [INFO] [1768033609.394789399] [rtabmap]: Parameters event received!
[rtabmap-14] [INFO] [1768033609.394877751] [rtabmap]: Setting RTAB-Map parameter "PyDetector/Path"=""
[rtabmap-14] [INFO] [1768033609.394905696] [rtabmap]: rtabmap: Updating parameters
[rtabmap-14] [INFO] [1768033609.394945807] [rtabmap]: RTAB-Map rate detection = 2.000000 Hz
[rtabmap-14] [INFO] [1768033609.420561307] [rtabmap]: Parameters event received!
[rtabmap-14] [INFO] [1768033609.422878584] [rtabmap]: Setting RTAB-Map parameter "PyMatcher/Cuda"="true"
[rtabmap-14] [INFO] [1768033609.423087808] [rtabmap]: rtabmap: Updating parameters
[rtabmap-14] [INFO] [1768033609.423273161] [rtabmap]: RTAB-Map rate detection = 2.000000 Hz
[rtabmap-14] [INFO] [1768033609.444308828] [rtabmap]: Parameters event received!
[rtabmap-14] [INFO] [1768033609.444486681] [rtabmap]: Setting RTAB-Map parameter "PyMatcher/Iterations"="20"
[rtabmap-14] [INFO] [1768033609.444547811] [rtabmap]: rtabmap: Updating parameters
[rtabmap-14] [INFO] [1768033609.444626682] [rtabmap]: RTAB-Map rate detection = 2.000000 Hz
[superpoint_node-2] [INFO] [1768033609.449691834] [superpoint_node]: Keypoints estratti: 800
[superpoint_node-2] [ERROR] [1768033609.456156366] [superpoint_node]: Errore pubblicazione keypoints 3D: could not assign tuple of length 3 to structure with 4 fields.
[rtabmap-14] [INFO] [1768033609.467117824] [rtabmap]: Parameters event received!
[rtabmap-14] [INFO] [1768033609.467206324] [rtabmap]: Setting RTAB-Map parameter "PyMatcher/Model"="indoor"
[rtabmap-14] [INFO] [1768033609.467230325] [rtabmap]: rtabmap: Updating parameters
[rtabmap-14] [INFO] [1768033609.467266751] [rtabmap]: RTAB-Map rate detection = 2.000000 Hz
[rtabmap-14] [INFO] [1768033609.496677799] [rtabmap]: Parameters event received!
[rtabmap-14] [INFO] [1768033609.497722918] [rtabmap]: Setting RTAB-Map parameter "PyMatcher/Path"=""
[rtabmap-14] [INFO] [1768033609.497821030] [rtabmap]: rtabmap: Updating parameters
[rtabmap-14] [INFO] [1768033609.497885438] [rtabmap]: RTAB-Map rate detection = 2.000000 Hz
[rtabmap-14] [INFO] [1768033609.532030875] [rtabmap]: Parameters event received!
[rtabmap-14] [INFO] [1768033609.532124561] [rtabmap]: Setting RTAB-Map parameter "PyMatcher/Threshold"="0.2"
[rtabmap-14] [INFO] [1768033609.532155469] [rtabmap]: rtabmap: Updating parameters
[rtabmap-14] [INFO] [1768033609.532200747] [rtabmap]: RTAB-Map rate detection = 2.000000 Hz
[superpoint_node-2] [INFO] [1768033609.551045452] [superpoint_node]: Keypoints estratti: 800
[superpoint_node-2] [ERROR] [1768033609.557412206] [superpoint_node]: Errore pubblicazione keypoints 3D: could not assign tuple of length 3 to structure with 4 fields.
[rtabmap-14] [INFO] [1768033609.624024919] [rtabmap]: rtabmap (275): Rate=0.50s, Limit=0.001s, Conversion=0.0002s, RTAB-Map=0.0550s, Maps update=0.0004s pub=0.0018s delay=0.1264s (local map=0, WM=0)
[rtabmap-14] [INFO] [1768033609.629910243] [rtabmap]: Parameters event received!
[rtabmap-14] [INFO] [1768033609.630047559] [rtabmap]: Setting RTAB-Map parameter "RGBD/AggressiveLoopThr"="0.05"
[rtabmap-14] [INFO] [1768033609.631169253] [rtabmap]: rtabmap: Updating parameters
[rtabmap-14] [INFO] [1768033609.631253643] [rtabmap]: RTAB-Map rate detection = 2.000000 Hz
[superpoint_node-2] [INFO] [1768033609.656166081] [superpoint_node]: Keypoints estratti: 800
[superpoint_node-2] [ERROR] [1768033609.663160840] [superpoint_node]: Errore pubblicazione keypoints 3D: could not assign tuple of length 3 to structure with 4 fields.
[rtabmap-14] [INFO] [1768033609.666809036] [rtabmap]: Parameters event received!
[rtabmap-14] [INFO] [1768033609.666903629] [rtabmap]: Setting RTAB-Map parameter "RGBD/AngularSpeedUpdate"="0.0"
[rtabmap-14] [INFO] [1768033609.666932592] [rtabmap]: rtabmap: Updating parameters
[rtabmap-14] [INFO] [1768033609.666975352] [rtabmap]: RTAB-Map rate detection = 2.000000 Hz
[rtabmap-14] [INFO] [1768033609.685367461] [rtabmap]: Parameters event received!
[rtabmap-14] [INFO] [1768033609.685465610] [rtabmap]: Setting RTAB-Map parameter "RGBD/AngularUpdate"="0.1"
[rtabmap-14] [INFO] [1768033609.685491277] [rtabmap]: rtabmap: Updating parameters
[rtabmap-14] [INFO] [1768033609.685530425] [rtabmap]: RTAB-Map rate detection = 2.000000 Hz
[rtabmap-14] [33m[ WARN] (2026-01-10 09:26:49.313) Features2d.cpp:658::create() BRIEF, FREAK and DAISY features cannot be used because OpenCV was not built with xfeatures2d module. GFTT/ORB is used instead.[0m
[rtabmap-14] [33m[ WARN] (2026-01-10 09:26:49.328) Features2d.cpp:658::create() BRIEF, FREAK and DAISY features cannot be used because OpenCV was not built with xfeatures2d module. GFTT/ORB is used instead.[0m
[rtabmap-14] [33m[ WARN] (2026-01-10 09:26:49.329) Features2d.cpp:658::create() BRIEF, FREAK and DAISY features cannot be used because OpenCV was not built with xfeatures2d module. GFTT/ORB is used instead.[0m
[rtabmap-14] [33m[ WARN] (2026-01-10 09:26:49.330) Features2d.cpp:658::create() BRIEF, FREAK and DAISY features cannot be used because OpenCV was not built with xfeatures2d module. GFTT/ORB is used instead.[0m
[rtabmap-14] [33m[ WARN] (2026-01-10 09:26:49.355) Features2d.cpp:658::create() BRIEF, FREAK and DAISY features cannot be used because OpenCV was not built with xfeatures2d module. GFTT/ORB is used instead.[0m
[rtabmap-14] [33m[ WARN] (2026-01-10 09:26:49.356) Features2d.cpp:658::create() BRIEF, FREAK and DAISY features cannot be used because OpenCV was not built with xfeatures2d module. GFTT/ORB is used instead.[0m
[rtabmap-14] [33m[ WARN] (2026-01-10 09:26:49.357) Features2d.cpp:658::create() BRIEF, FREAK and DAISY features cannot be used because OpenCV was not built with xfeatures2d module. GFTT/ORB is used instead.[0m
[rtabmap-14] [33m[ WARN] (2026-01-10 09:26:49.363) Features2d.cpp:658::create() BRIEF, FREAK and DAISY features cannot be used because OpenCV was not built with xfeatures2d module. GFTT/ORB is used instead.[0m
[rtabmap-14] [33m[ WARN] (2026-01-10 09:26:49.364) Features2d.cpp:658::create() BRIEF, FREAK and DAISY features cannot be used because OpenCV was not built with xfeatures2d module. GFTT/ORB is used instead.[0m
[rtabmap-14] [33m[ WARN] (2026-01-10 09:26:49.365) Features2d.cpp:658::create() BRIEF, FREAK and DAISY features cannot be used because OpenCV was not built with xfeatures2d module. GFTT/ORB is used instead.[0m
[rtabmap-14] [33m[ WARN] (2026-01-10 09:26:49.385) Features2d.cpp:658::create() BRIEF, FREAK and DAISY features cannot be used because OpenCV was not built with xfeatures2d module. GFTT/ORB is used instead.[0m
[rtabmap-14] [33m[ WARN] (2026-01-10 09:26:49.386) Features2d.cpp:658::create() BRIEF, FREAK and DAISY features cannot be used because OpenCV was not built with xfeatures2d module. GFTT/ORB is used instead.[0m
[rtabmap-14] [33m[ WARN] (2026-01-10 09:26:49.386) Features2d.cpp:658::create() BRIEF, FREAK and DAISY features cannot be used because OpenCV was not built with xfeatures2d module. GFTT/ORB is used instead.[0m
[rtabmap-14] [33m[ WARN] (2026-01-10 09:26:49.395) Features2d.cpp:658::create() BRIEF, FREAK and DAISY features cannot be used because OpenCV was not built with xfeatures2d module. GFTT/ORB is used instead.[0m
[rtabmap-14] [33m[ WARN] (2026-01-10 09:26:49.396) Features2d.cpp:658::create() BRIEF, FREAK and DAISY features cannot be used because OpenCV was not built with xfeatures2d module. GFTT/ORB is used instead.[0m
[rtabmap-14] [33m[ WARN] (2026-01-10 09:26:49.407) Features2d.cpp:658::create() BRIEF, FREAK and DAISY features cannot be used because OpenCV was not built with xfeatures2d module. GFTT/ORB is used instead.[0m
[rtabmap-14] [33m[ WARN] (2026-01-10 09:26:49.424) Features2d.cpp:658::create() BRIEF, FREAK and DAISY features cannot be used because OpenCV was not built with xfeatures2d module. GFTT/ORB is used instead.[0m
[rtabmap-14] [33m[ WARN] (2026-01-10 09:26:49.425) Features2d.cpp:658::create() BRIEF, FREAK and DAISY features cannot be used because OpenCV was not built with xfeatures2d module. GFTT/ORB is used instead.[0m
[rtabmap-14] [33m[ WARN] (2026-01-10 09:26:49.431) Features2d.cpp:658::create() BRIEF, FREAK and DAISY features cannot be used because OpenCV was not built with xfeatures2d module. GFTT/ORB is used instead.[0m
[rtabmap-14] [33m[ WARN] (2026-01-10 09:26:49.445) Features2d.cpp:658::create() BRIEF, FREAK and DAISY features cannot be used because OpenCV was not built with xfeatures2d module. GFTT/ORB is used instead.[0m
[rtabmap-14] [33m[ WARN] (2026-01-10 09:26:49.452) Features2d.cpp:658::create() BRIEF, FREAK and DAISY features cannot be used because OpenCV was not built with xfeatures2d module. GFTT/ORB is used instead.[0m
[rtabmap-14] [33m[ WARN] (2026-01-10 09:26:49.455) Features2d.cpp:658::create() BRIEF, FREAK and DAISY features cannot be used because OpenCV was not built with xfeatures2d module. GFTT/ORB is used instead.[0m
[rtabmap-14] [33m[ WARN] (2026-01-10 09:26:49.467) Features2d.cpp:658::create() BRIEF, FREAK and DAISY features cannot be used because OpenCV was not built with xfeatures2d module. GFTT/ORB is used instead.[0m
[rtabmap-14] [33m[ WARN] (2026-01-10 09:26:49.468) Features2d.cpp:658::create() BRIEF, FREAK and DAISY features cannot be used because OpenCV was not built with xfeatures2d module. GFTT/ORB is used instead.[0m
[rtabmap-14] [33m[ WARN] (2026-01-10 09:26:49.469) Features2d.cpp:658::create() BRIEF, FREAK and DAISY features cannot be used because OpenCV was not built with xfeatures2d module. GFTT/ORB is used instead.[0m
[rtabmap-14] [33m[ WARN] (2026-01-10 09:26:49.509) Features2d.cpp:658::create() BRIEF, FREAK and DAISY features cannot be used because OpenCV was not built with xfeatures2d module. GFTT/ORB is used instead.[0m
[rtabmap-14] [33m[ WARN] (2026-01-10 09:26:49.514) Features2d.cpp:658::create() BRIEF, FREAK and DAISY features cannot be used because OpenCV was not built with xfeatures2d module. GFTT/ORB is used instead.[0m
[rtabmap-14] [33m[ WARN] (2026-01-10 09:26:49.516) Features2d.cpp:658::create() BRIEF, FREAK and DAISY features cannot be used because OpenCV was not built with xfeatures2d module. GFTT/ORB is used instead.[0m
[rtabmap-14] [33m[ WARN] (2026-01-10 09:26:49.533) Features2d.cpp:658::create() BRIEF, FREAK and DAISY features cannot be used because OpenCV was not built with xfeatures2d module. GFTT/ORB is used instead.[0m
[rtabmap-14] [33m[ WARN] (2026-01-10 09:26:49.534) Features2d.cpp:658::create() BRIEF, FREAK and DAISY features cannot be used because OpenCV was not built with xfeatures2d module. GFTT/ORB is used instead.[0m
[rtabmap-14] [33m[ WARN] (2026-01-10 09:26:49.550) Features2d.cpp:658::create() BRIEF, FREAK and DAISY features cannot be used because OpenCV was not built with xfeatures2d module. GFTT/ORB is used instead.[0m
[rtabmap-14] [33m[ WARN] (2026-01-10 09:26:49.622) MapsManager.cpp:863::publishMaps() Graph has changed! The whole cloud is regenerated.[0m
[rtabmap-14] [33m[ WARN] (2026-01-10 09:26:49.622) OccupancyGrid.cpp:169::getProbMap() Map info is empty, cannot generate probabilistic occupancy grid[0m
[rtabmap-14] [33m[ WARN] (2026-01-10 09:26:49.635) Features2d.cpp:658::create() BRIEF, FREAK and DAISY features cannot be used because OpenCV was not built with xfeatures2d module. GFTT/ORB is used instead.[0m
[rtabmap-14] [33m[ WARN] (2026-01-10 09:26:49.645) Features2d.cpp:658::create() BRIEF, FREAK and DAISY features cannot be used because OpenCV was not built with xfeatures2d module. GFTT/ORB is used instead.[0m
[rtabmap-14] [33m[ WARN] (2026-01-10 09:26:49.646) Features2d.cpp:658::create() BRIEF, FREAK and DAISY features cannot be used because OpenCV was not built with xfeatures2d module. GFTT/ORB is used instead.[0m
[rtabmap-14] [33m[ WARN] (2026-01-10 09:26:49.667) Features2d.cpp:658::create() BRIEF, FREAK and DAISY features cannot be used because OpenCV was not built with xfeatures2d module. GFTT/ORB is used instead.[0m
[rtabmap-14] [33m[ WARN] (2026-01-10 09:26:49.668) Features2d.cpp:658::create() BRIEF, FREAK and DAISY features cannot be used because OpenCV was not built with xfeatures2d module. GFTT/ORB is used instead.[0m
[rtabmap-14] [33m[ WARN] (2026-01-10 09:26:49.669) Features2d.cpp:658::create() BRIEF, FREAK and DAISY features cannot be used because OpenCV was not built with xfeatures2d module. GFTT/ORB is used instead.[0m
[rtabmap-14] [33m[ WARN] (2026-01-10 09:26:49.686) Features2d.cpp:658::create() BRIEF, FREAK and DAISY features cannot be used because OpenCV was not built with xfeatures2d module. GFTT/ORB is used instead.[0m
[rtabmap-14] [33m[ WARN] (2026-01-10 09:26:49.687) Features2d.cpp:658::create() BRIEF, FREAK and DAISY features cannot be used because OpenCV was not built with xfeatures2d module. GFTT/ORB is used instead.[0m
[rtabmap-14] [INFO] [1768033609.693087707] [rtabmap]: Parameters event received!
[rtabmap-14] [INFO] [1768033609.693205356] [rtabmap]: Setting RTAB-Map parameter "RGBD/CreateOccupancyGrid"="true"
[rtabmap-14] [INFO] [1768033609.693265264] [rtabmap]: rtabmap: Updating parameters
[rtabmap-14] [INFO] [1768033609.693337154] [rtabmap]: RTAB-Map rate detection = 2.000000 Hz
[rtabmap-14] [INFO] [1768033609.729016381] [rtabmap]: Parameters event received!
[rtabmap-14] [INFO] [1768033609.729170789] [rtabmap]: Setting RTAB-Map parameter "RGBD/Enabled"="true"
[rtabmap-14] [INFO] [1768033609.729208864] [rtabmap]: rtabmap: Updating parameters
[rtabmap-14] [INFO] [1768033609.729266994] [rtabmap]: RTAB-Map rate detection = 2.000000 Hz
[superpoint_node-2] [INFO] [1768033609.760119312] [superpoint_node]: Keypoints estratti: 800
[rtabmap-14] [INFO] [1768033609.760239517] [rtabmap]: Parameters event received!
[rtabmap-14] [INFO] [1768033609.760322092] [rtabmap]: Setting RTAB-Map parameter "RGBD/ForceOdom3DoF"="true"
[rtabmap-14] [INFO] [1768033609.760347907] [rtabmap]: rtabmap: Updating parameters
[rtabmap-14] [INFO] [1768033609.760386833] [rtabmap]: RTAB-Map rate detection = 2.000000 Hz
[superpoint_node-2] [ERROR] [1768033609.766429288] [superpoint_node]: Errore pubblicazione keypoints 3D: could not assign tuple of length 3 to structure with 4 fields.
[rtabmap-14] [INFO] [1768033609.776739092] [rtabmap]: Parameters event received!
[rtabmap-14] [INFO] [1768033609.776837463] [rtabmap]: Setting RTAB-Map parameter "RGBD/GoalReachedRadius"="0.5"
[rtabmap-14] [INFO] [1768033609.776865704] [rtabmap]: rtabmap: Updating parameters
[rtabmap-14] [INFO] [1768033609.776909242] [rtabmap]: RTAB-Map rate detection = 2.000000 Hz
[rtabmap-14] [INFO] [1768033609.782766140] [rtabmap]: Parameters event received!
[rtabmap-14] [INFO] [1768033609.782847011] [rtabmap]: Setting RTAB-Map parameter "RGBD/GoalsSavedInUserData"="false"
[rtabmap-14] [INFO] [1768033609.782868419] [rtabmap]: rtabmap: Updating parameters
[rtabmap-14] [INFO] [1768033609.782926901] [rtabmap]: RTAB-Map rate detection = 2.000000 Hz
[rtabmap-14] [INFO] [1768033609.797386478] [rtabmap]: Parameters event received!
[rtabmap-14] [INFO] [1768033609.797494349] [rtabmap]: Setting RTAB-Map parameter "RGBD/InvertedReg"="false"
[rtabmap-14] [INFO] [1768033609.797532813] [rtabmap]: rtabmap: Updating parameters
[rtabmap-14] [INFO] [1768033609.797576443] [rtabmap]: RTAB-Map rate detection = 2.000000 Hz
[rtabmap-14] [INFO] [1768033609.815739605] [rtabmap]: Parameters event received!
[rtabmap-14] [INFO] [1768033609.816008348] [rtabmap]: Setting RTAB-Map parameter "RGBD/LinearSpeedUpdate"="0.0"
[rtabmap-14] [INFO] [1768033609.816082200] [rtabmap]: rtabmap: Updating parameters
[rtabmap-14] [INFO] [1768033609.816161497] [rtabmap]: RTAB-Map rate detection = 2.000000 Hz
[rtabmap-14] [INFO] [1768033609.841939220] [rtabmap]: Parameters event received!
[rtabmap-14] [INFO] [1768033609.842046480] [rtabmap]: Setting RTAB-Map parameter "RGBD/LinearUpdate"="0.1"
[rtabmap-14] [INFO] [1768033609.842083888] [rtabmap]: rtabmap: Updating parameters
[rtabmap-14] [INFO] [1768033609.842127240] [rtabmap]: RTAB-Map rate detection = 2.000000 Hz
[superpoint_node-2] [INFO] [1768033609.856595151] [superpoint_node]: Keypoints estratti: 800
[superpoint_node-2] [ERROR] [1768033609.863031461] [superpoint_node]: Errore pubblicazione keypoints 3D: could not assign tuple of length 3 to structure with 4 fields.
[rtabmap-14] [INFO] [1768033609.866820214] [rtabmap]: Parameters event received!
[rtabmap-14] [INFO] [1768033609.866930789] [rtabmap]: Setting RTAB-Map parameter "RGBD/LocalBundleOnLoopClosure"="false"
[rtabmap-14] [INFO] [1768033609.866965048] [rtabmap]: rtabmap: Updating parameters
[rtabmap-14] [INFO] [1768033609.867009641] [rtabmap]: RTAB-Map rate detection = 2.000000 Hz
[rtabmap-14] [INFO] [1768033609.884731893] [rtabmap]: Parameters event received!
[rtabmap-14] [INFO] [1768033609.884827393] [rtabmap]: Setting RTAB-Map parameter "RGBD/LocalImmunizationRatio"="0.25"
[rtabmap-14] [INFO] [1768033609.884862171] [rtabmap]: rtabmap: Updating parameters
[rtabmap-14] [INFO] [1768033609.884903727] [rtabmap]: RTAB-Map rate detection = 2.000000 Hz
[rtabmap-14] [INFO] [1768033609.891128684] [rtabmap]: Parameters event received!
[rtabmap-14] [INFO] [1768033609.891231314] [rtabmap]: Setting RTAB-Map parameter "RGBD/LocalRadius"="2.0"
[rtabmap-14] [INFO] [1768033609.891299871] [rtabmap]: rtabmap: Updating parameters
[rtabmap-14] [INFO] [1768033609.891352093] [rtabmap]: RTAB-Map rate detection = 2.000000 Hz
[rtabmap-14] [INFO] [1768033609.915303857] [rtabmap]: Parameters event received!
[rtabmap-14] [INFO] [1768033609.915408099] [rtabmap]: Setting RTAB-Map parameter "RGBD/LocalizationPriorError"="0.001"
[rtabmap-14] [INFO] [1768033609.915445136] [rtabmap]: rtabmap: Updating parameters
[rtabmap-14] [INFO] [1768033609.915499803] [rtabmap]: RTAB-Map rate detection = 2.000000 Hz
[rtabmap-14] [INFO] [1768033609.945945674] [rtabmap]: Parameters event received!
[rtabmap-14] [INFO] [1768033609.946117935] [rtabmap]: Setting RTAB-Map parameter "RGBD/LocalizationSecondTryWithoutProximityLinks"="true"
[rtabmap-14] [INFO] [1768033609.946162139] [rtabmap]: rtabmap: Updating parameters
[rtabmap-14] [INFO] [1768033609.946215713] [rtabmap]: RTAB-Map rate detection = 2.000000 Hz
[superpoint_node-2] [INFO] [1768033609.949758482] [superpoint_node]: Keypoints estratti: 800
[superpoint_node-2] [ERROR] [1768033609.957791453] [superpoint_node]: Errore pubblicazione keypoints 3D: could not assign tuple of length 3 to structure with 4 fields.
[rtabmap-14] [INFO] [1768033609.980429781] [rtabmap]: Parameters event received!
[rtabmap-14] [INFO] [1768033609.980530467] [rtabmap]: Setting RTAB-Map parameter "RGBD/LocalizationSmoothing"="true"
[rtabmap-14] [INFO] [1768033609.980565893] [rtabmap]: rtabmap: Updating parameters
[rtabmap-14] [INFO] [1768033609.980620153] [rtabmap]: RTAB-Map rate detection = 2.000000 Hz
[rtabmap-14] [33m[ WARN] (2026-01-10 09:26:49.688) Features2d.cpp:658::create() BRIEF, FREAK and DAISY features cannot be used because OpenCV was not built with xfeatures2d module. GFTT/ORB is used instead.[0m
[rtabmap-14] [33m[ WARN] (2026-01-10 09:26:49.696) Features2d.cpp:658::create() BRIEF, FREAK and DAISY features cannot be used because OpenCV was not built with xfeatures2d module. GFTT/ORB is used instead.[0m
[rtabmap-14] [33m[ WARN] (2026-01-10 09:26:49.702) Features2d.cpp:658::create() BRIEF, FREAK and DAISY features cannot be used because OpenCV was not built with xfeatures2d module. GFTT/ORB is used instead.[0m
[rtabmap-14] [33m[ WARN] (2026-01-10 09:26:49.706) Features2d.cpp:658::create() BRIEF, FREAK and DAISY features cannot be used because OpenCV was not built with xfeatures2d module. GFTT/ORB is used instead.[0m
[rtabmap-14] [33m[ WARN] (2026-01-10 09:26:49.734) Features2d.cpp:658::create() BRIEF, FREAK and DAISY features cannot be used because OpenCV was not built with xfeatures2d module. GFTT/ORB is used instead.[0m
[rtabmap-14] [33m[ WARN] (2026-01-10 09:26:49.736) Features2d.cpp:658::create() BRIEF, FREAK and DAISY features cannot be used because OpenCV was not built with xfeatures2d module. GFTT/ORB is used instead.[0m
[rtabmap-14] [33m[ WARN] (2026-01-10 09:26:49.744) Features2d.cpp:658::create() BRIEF, FREAK and DAISY features cannot be used because OpenCV was not built with xfeatures2d module. GFTT/ORB is used instead.[0m
[rtabmap-14] [33m[ WARN] (2026-01-10 09:26:49.765) Features2d.cpp:658::create() BRIEF, FREAK and DAISY features cannot be used because OpenCV was not built with xfeatures2d module. GFTT/ORB is used instead.[0m
[rtabmap-14] [33m[ WARN] (2026-01-10 09:26:49.766) Features2d.cpp:658::create() BRIEF, FREAK and DAISY features cannot be used because OpenCV was not built with xfeatures2d module. GFTT/ORB is used instead.[0m
[rtabmap-14] [33m[ WARN] (2026-01-10 09:26:49.767) Features2d.cpp:658::create() BRIEF, FREAK and DAISY features cannot be used because OpenCV was not built with xfeatures2d module. GFTT/ORB is used instead.[0m
[rtabmap-14] [33m[ WARN] (2026-01-10 09:26:49.777) Features2d.cpp:658::create() BRIEF, FREAK and DAISY features cannot be used because OpenCV was not built with xfeatures2d module. GFTT/ORB is used instead.[0m
[rtabmap-14] [33m[ WARN] (2026-01-10 09:26:49.778) Features2d.cpp:658::create() BRIEF, FREAK and DAISY features cannot be used because OpenCV was not built with xfeatures2d module. GFTT/ORB is used instead.[0m
[rtabmap-14] [33m[ WARN] (2026-01-10 09:26:49.779) Features2d.cpp:658::create() BRIEF, FREAK and DAISY features cannot be used because OpenCV was not built with xfeatures2d module. GFTT/ORB is used instead.[0m
[rtabmap-14] [33m[ WARN] (2026-01-10 09:26:49.783) Features2d.cpp:658::create() BRIEF, FREAK and DAISY features cannot be used because OpenCV was not built with xfeatures2d module. GFTT/ORB is used instead.[0m
[rtabmap-14] [33m[ WARN] (2026-01-10 09:26:49.784) Features2d.cpp:658::create() BRIEF, FREAK and DAISY features cannot be used because OpenCV was not built with xfeatures2d module. GFTT/ORB is used instead.[0m
[rtabmap-14] [33m[ WARN] (2026-01-10 09:26:49.785) Features2d.cpp:658::create() BRIEF, FREAK and DAISY features cannot be used because OpenCV was not built with xfeatures2d module. GFTT/ORB is used instead.[0m
[rtabmap-14] [33m[ WARN] (2026-01-10 09:26:49.798) Features2d.cpp:658::create() BRIEF, FREAK and DAISY features cannot be used because OpenCV was not built with xfeatures2d module. GFTT/ORB is used instead.[0m
[rtabmap-14] [33m[ WARN] (2026-01-10 09:26:49.799) Features2d.cpp:658::create() BRIEF, FREAK and DAISY features cannot be used because OpenCV was not built with xfeatures2d module. GFTT/ORB is used instead.[0m
[rtabmap-14] [33m[ WARN] (2026-01-10 09:26:49.800) Features2d.cpp:658::create() BRIEF, FREAK and DAISY features cannot be used because OpenCV was not built with xfeatures2d module. GFTT/ORB is used instead.[0m
[rtabmap-14] [33m[ WARN] (2026-01-10 09:26:49.817) Features2d.cpp:658::create() BRIEF, FREAK and DAISY features cannot be used because OpenCV was not built with xfeatures2d module. GFTT/ORB is used instead.[0m
[rtabmap-14] [33m[ WARN] (2026-01-10 09:26:49.830) Features2d.cpp:658::create() BRIEF, FREAK and DAISY features cannot be used because OpenCV was not built with xfeatures2d module. GFTT/ORB is used instead.[0m
[rtabmap-14] [33m[ WARN] (2026-01-10 09:26:49.831) Features2d.cpp:658::create() BRIEF, FREAK and DAISY features cannot be used because OpenCV was not built with xfeatures2d module. GFTT/ORB is used instead.[0m
[rtabmap-14] [33m[ WARN] (2026-01-10 09:26:49.843) Features2d.cpp:658::create() BRIEF, FREAK and DAISY features cannot be used because OpenCV was not built with xfeatures2d module. GFTT/ORB is used instead.[0m
[rtabmap-14] [33m[ WARN] (2026-01-10 09:26:49.844) Features2d.cpp:658::create() BRIEF, FREAK and DAISY features cannot be used because OpenCV was not built with xfeatures2d module. GFTT/ORB is used instead.[0m
[rtabmap-14] [33m[ WARN] (2026-01-10 09:26:49.845) Features2d.cpp:658::create() BRIEF, FREAK and DAISY features cannot be used because OpenCV was not built with xfeatures2d module. GFTT/ORB is used instead.[0m
[rtabmap-14] [33m[ WARN] (2026-01-10 09:26:49.867) Features2d.cpp:658::create() BRIEF, FREAK and DAISY features cannot be used because OpenCV was not built with xfeatures2d module. GFTT/ORB is used instead.[0m
[rtabmap-14] [33m[ WARN] (2026-01-10 09:26:49.868) Features2d.cpp:658::create() BRIEF, FREAK and DAISY features cannot be used because OpenCV was not built with xfeatures2d module. GFTT/ORB is used instead.[0m
[rtabmap-14] [33m[ WARN] (2026-01-10 09:26:49.869) Features2d.cpp:658::create() BRIEF, FREAK and DAISY features cannot be used because OpenCV was not built with xfeatures2d module. GFTT/ORB is used instead.[0m
[rtabmap-14] [33m[ WARN] (2026-01-10 09:26:49.885) Features2d.cpp:658::create() BRIEF, FREAK and DAISY features cannot be used because OpenCV was not built with xfeatures2d module. GFTT/ORB is used instead.[0m
[rtabmap-14] [33m[ WARN] (2026-01-10 09:26:49.886) Features2d.cpp:658::create() BRIEF, FREAK and DAISY features cannot be used because OpenCV was not built with xfeatures2d module. GFTT/ORB is used instead.[0m
[rtabmap-14] [33m[ WARN] (2026-01-10 09:26:49.887) Features2d.cpp:658::create() BRIEF, FREAK and DAISY features cannot be used because OpenCV was not built with xfeatures2d module. GFTT/ORB is used instead.[0m
[rtabmap-14] [33m[ WARN] (2026-01-10 09:26:49.892) Features2d.cpp:658::create() BRIEF, FREAK and DAISY features cannot be used because OpenCV was not built with xfeatures2d module. GFTT/ORB is used instead.[0m
[rtabmap-14] [33m[ WARN] (2026-01-10 09:26:49.893) Features2d.cpp:658::create() BRIEF, FREAK and DAISY features cannot be used because OpenCV was not built with xfeatures2d module. GFTT/ORB is used instead.[0m
[rtabmap-14] [33m[ WARN] (2026-01-10 09:26:49.893) Features2d.cpp:658::create() BRIEF, FREAK and DAISY features cannot be used because OpenCV was not built with xfeatures2d module. GFTT/ORB is used instead.[0m
[rtabmap-14] [33m[ WARN] (2026-01-10 09:26:49.918) Features2d.cpp:658::create() BRIEF, FREAK and DAISY features cannot be used because OpenCV was not built with xfeatures2d module. GFTT/ORB is used instead.[0m
[rtabmap-14] [33m[ WARN] (2026-01-10 09:26:49.926) Features2d.cpp:658::create() BRIEF, FREAK and DAISY features cannot be used because OpenCV was not built with xfeatures2d module. GFTT/ORB is used instead.[0m
[rtabmap-14] [33m[ WARN] (2026-01-10 09:26:49.927) Features2d.cpp:658::create() BRIEF, FREAK and DAISY features cannot be used because OpenCV was not built with xfeatures2d module. GFTT/ORB is used instead.[0m
[rtabmap-14] [33m[ WARN] (2026-01-10 09:26:49.960) Features2d.cpp:658::create() BRIEF, FREAK and DAISY features cannot be used because OpenCV was not built with xfeatures2d module. GFTT/ORB is used instead.[0m
[rtabmap-14] [33m[ WARN] (2026-01-10 09:26:49.962) Features2d.cpp:658::create() BRIEF, FREAK and DAISY features cannot be used because OpenCV was not built with xfeatures2d module. GFTT/ORB is used instead.[0m
[rtabmap-14] [33m[ WARN] (2026-01-10 09:26:49.962) Features2d.cpp:658::create() BRIEF, FREAK and DAISY features cannot be used because OpenCV was not built with xfeatures2d module. GFTT/ORB is used instead.[0m
[rtabmap-14] [33m[ WARN] (2026-01-10 09:26:49.981) Features2d.cpp:658::create() BRIEF, FREAK and DAISY features cannot be used because OpenCV was not built with xfeatures2d module. GFTT/ORB is used instead.[0m
[rtabmap-14] [INFO] [1768033610.016016989] [rtabmap]: Parameters event received!
[rtabmap-14] [INFO] [1768033610.016125823] [rtabmap]: Setting RTAB-Map parameter "RGBD/LoopClosureIdentityGuess"="false"
[rtabmap-14] [INFO] [1768033610.016167416] [rtabmap]: rtabmap: Updating parameters
[rtabmap-14] [INFO] [1768033610.016229842] [rtabmap]: RTAB-Map rate detection = 2.000000 Hz
[rtabmap-14] [INFO] [1768033610.036669523] [rtabmap]: Parameters event received!
[rtabmap-14] [INFO] [1768033610.045102367] [rtabmap]: Setting RTAB-Map parameter "RGBD/LoopClosureReextractFeatures"="false"
[rtabmap-14] [INFO] [1768033610.045249646] [rtabmap]: rtabmap: Updating parameters
[rtabmap-14] [INFO] [1768033610.045332573] [rtabmap]: RTAB-Map rate detection = 2.000000 Hz
[superpoint_node-2] [INFO] [1768033610.046370137] [superpoint_node]: Keypoints estratti: 800
[superpoint_node-2] [ERROR] [1768033610.053059282] [superpoint_node]: Errore pubblicazione keypoints 3D: could not assign tuple of length 3 to structure with 4 fields.
[rtabmap-14] [INFO] [1768033610.058093304] [rtabmap]: Parameters event received!
[rtabmap-14] [INFO] [1768033610.058179915] [rtabmap]: Setting RTAB-Map parameter "RGBD/LoopCovLimited"="false"
[rtabmap-14] [INFO] [1768033610.058203416] [rtabmap]: rtabmap: Updating parameters
[rtabmap-14] [INFO] [1768033610.058241360] [rtabmap]: RTAB-Map rate detection = 2.000000 Hz
[rtabmap-14] [INFO] [1768033610.067874437] [rtabmap]: Parameters event received!
[rtabmap-14] [INFO] [1768033610.067965067] [rtabmap]: Setting RTAB-Map parameter "RGBD/MarkerDetection"="false"
[rtabmap-14] [INFO] [1768033610.067986808] [rtabmap]: rtabmap: Updating parameters
[rtabmap-14] [INFO] [1768033610.068024753] [rtabmap]: RTAB-Map rate detection = 2.000000 Hz
[rtabmap-14] [INFO] [1768033610.085389242] [rtabmap]: Parameters event received!
[rtabmap-14] [INFO] [1768033610.085498928] [rtabmap]: Setting RTAB-Map parameter "RGBD/MaxLocalRetrieved"="2"
[rtabmap-14] [INFO] [1768033610.085534188] [rtabmap]: rtabmap: Updating parameters
[rtabmap-14] [INFO] [1768033610.085574707] [rtabmap]: RTAB-Map rate detection = 2.000000 Hz
[rtabmap-14] [INFO] [1768033610.105277733] [rtabmap]: Parameters event received!
[rtabmap-14] [INFO] [1768033610.105407123] [rtabmap]: Setting RTAB-Map parameter "RGBD/MaxLoopClosureDistance"="0.0"
[rtabmap-14] [INFO] [1768033610.105437494] [rtabmap]: rtabmap: Updating parameters
[rtabmap-14] [INFO] [1768033610.105482753] [rtabmap]: RTAB-Map rate detection = 2.000000 Hz
[rtabmap-14] [INFO] [1768033610.123416581] [rtabmap]: Parameters event received!
[rtabmap-14] [INFO] [1768033610.123633823] [rtabmap]: Setting RTAB-Map parameter "RGBD/MaxOdomCacheSize"="10"
[rtabmap-14] [INFO] [1768033610.123712120] [rtabmap]: rtabmap: Updating parameters
[rtabmap-14] [INFO] [1768033610.123795324] [rtabmap]: RTAB-Map rate detection = 2.000000 Hz
[superpoint_node-2] [INFO] [1768033610.140983312] [superpoint_node]: Keypoints estratti: 800
[superpoint_node-2] [ERROR] [1768033610.147847959] [superpoint_node]: Errore pubblicazione keypoints 3D: could not assign tuple of length 3 to structure with 4 fields.
[rtabmap-14] [INFO] [1768033610.172667100] [rtabmap]: rtabmap (276): Rate=0.50s, Limit=0.001s, Conversion=0.0002s, RTAB-Map=0.0248s, Maps update=0.0007s pub=0.0017s delay=0.0795s (local map=0, WM=0)
[rtabmap-14] [INFO] [1768033610.180085456] [rtabmap]: Parameters event received!
[rtabmap-14] [INFO] [1768033610.180329069] [rtabmap]: Setting RTAB-Map parameter "RGBD/NeighborLinkRefining"="true"
[rtabmap-14] [INFO] [1768033610.180404532] [rtabmap]: rtabmap: Updating parameters
[rtabmap-14] [INFO] [1768033610.180501755] [rtabmap]: RTAB-Map rate detection = 2.000000 Hz
[rtabmap-14] [INFO] [1768033610.198315433] [rtabmap]: Parameters event received!
[rtabmap-14] [INFO] [1768033610.198411138] [rtabmap]: Setting RTAB-Map parameter "RGBD/NewMapOdomChangeDistance"="0"
[rtabmap-14] [INFO] [1768033610.198490157] [rtabmap]: rtabmap: Updating parameters
[rtabmap-14] [INFO] [1768033610.198542898] [rtabmap]: RTAB-Map rate detection = 2.000000 Hz
[rtabmap-14] [INFO] [1768033610.205062654] [rtabmap]: Parameters event received!
[rtabmap-14] [INFO] [1768033610.205162451] [rtabmap]: Setting RTAB-Map parameter "RGBD/OptimizeFromGraphEnd"="false"
[rtabmap-14] [INFO] [1768033610.205212340] [rtabmap]: rtabmap: Updating parameters
[rtabmap-14] [INFO] [1768033610.205258414] [rtabmap]: RTAB-Map rate detection = 2.000000 Hz
[rtabmap-14] [INFO] [1768033610.218621557] [rtabmap]: Parameters event received!
[rtabmap-14] [INFO] [1768033610.218739466] [rtabmap]: Setting RTAB-Map parameter "RGBD/OptimizeMaxError"="1.0"
[rtabmap-14] [INFO] [1768033610.218777929] [rtabmap]: rtabmap: Updating parameters
[rtabmap-14] [INFO] [1768033610.218827596] [rtabmap]: RTAB-Map rate detection = 2.000000 Hz
[rtabmap-14] [INFO] [1768033610.225879393] [rtabmap]: Parameters event received!
[rtabmap-14] [INFO] [1768033610.225987505] [rtabmap]: Setting RTAB-Map parameter "RGBD/PlanAngularVelocity"="0"
[rtabmap-14] [INFO] [1768033610.226018486] [rtabmap]: rtabmap: Updating parameters
[rtabmap-14] [INFO] [1768033610.226059653] [rtabmap]: RTAB-Map rate detection = 2.000000 Hz
[rtabmap-14] [INFO] [1768033610.249496154] [rtabmap]: Parameters event received!
[rtabmap-14] [INFO] [1768033610.249605858] [rtabmap]: Setting RTAB-Map parameter "RGBD/PlanLinearVelocity"="0"
[rtabmap-14] [INFO] [1768033610.249646618] [rtabmap]: rtabmap: Updating parameters
[rtabmap-14] [INFO] [1768033610.249695100] [rtabmap]: RTAB-Map rate detection = 2.000000 Hz
[rtabmap-14] [33m[ WARN] (2026-01-10 09:26:49.982) Features2d.cpp:658::create() BRIEF, FREAK and DAISY features cannot be used because OpenCV was not built with xfeatures2d module. GFTT/ORB is used instead.[0m
[rtabmap-14] [33m[ WARN] (2026-01-10 09:26:49.987) Features2d.cpp:658::create() BRIEF, FREAK and DAISY features cannot be used because OpenCV was not built with xfeatures2d module. GFTT/ORB is used instead.[0m
[rtabmap-14] [33m[ WARN] (2026-01-10 09:26:50.017) Features2d.cpp:658::create() BRIEF, FREAK and DAISY features cannot be used because OpenCV was not built with xfeatures2d module. GFTT/ORB is used instead.[0m
[rtabmap-14] [33m[ WARN] (2026-01-10 09:26:50.018) Features2d.cpp:658::create() BRIEF, FREAK and DAISY features cannot be used because OpenCV was not built with xfeatures2d module. GFTT/ORB is used instead.[0m
[rtabmap-14] [33m[ WARN] (2026-01-10 09:26:50.029) Features2d.cpp:658::create() BRIEF, FREAK and DAISY features cannot be used because OpenCV was not built with xfeatures2d module. GFTT/ORB is used instead.[0m
[rtabmap-14] [33m[ WARN] (2026-01-10 09:26:50.046) Features2d.cpp:658::create() BRIEF, FREAK and DAISY features cannot be used because OpenCV was not built with xfeatures2d module. GFTT/ORB is used instead.[0m
[rtabmap-14] [33m[ WARN] (2026-01-10 09:26:50.047) Features2d.cpp:658::create() BRIEF, FREAK and DAISY features cannot be used because OpenCV was not built with xfeatures2d module. GFTT/ORB is used instead.[0m
[rtabmap-14] [33m[ WARN] (2026-01-10 09:26:50.048) Features2d.cpp:658::create() BRIEF, FREAK and DAISY features cannot be used because OpenCV was not built with xfeatures2d module. GFTT/ORB is used instead.[0m
[rtabmap-14] [33m[ WARN] (2026-01-10 09:26:50.060) Features2d.cpp:658::create() BRIEF, FREAK and DAISY features cannot be used because OpenCV was not built with xfeatures2d module. GFTT/ORB is used instead.[0m
[rtabmap-14] [33m[ WARN] (2026-01-10 09:26:50.061) Features2d.cpp:658::create() BRIEF, FREAK and DAISY features cannot be used because OpenCV was not built with xfeatures2d module. GFTT/ORB is used instead.[0m
[rtabmap-14] [33m[ WARN] (2026-01-10 09:26:50.062) Features2d.cpp:658::create() BRIEF, FREAK and DAISY features cannot be used because OpenCV was not built with xfeatures2d module. GFTT/ORB is used instead.[0m
[rtabmap-14] [33m[ WARN] (2026-01-10 09:26:50.068) Features2d.cpp:658::create() BRIEF, FREAK and DAISY features cannot be used because OpenCV was not built with xfeatures2d module. GFTT/ORB is used instead.[0m
[rtabmap-14] [33m[ WARN] (2026-01-10 09:26:50.069) Features2d.cpp:658::create() BRIEF, FREAK and DAISY features cannot be used because OpenCV was not built with xfeatures2d module. GFTT/ORB is used instead.[0m
[rtabmap-14] [33m[ WARN] (2026-01-10 09:26:50.070) Features2d.cpp:658::create() BRIEF, FREAK and DAISY features cannot be used because OpenCV was not built with xfeatures2d module. GFTT/ORB is used instead.[0m
[rtabmap-14] [33m[ WARN] (2026-01-10 09:26:50.086) Features2d.cpp:658::create() BRIEF, FREAK and DAISY features cannot be used because OpenCV was not built with xfeatures2d module. GFTT/ORB is used instead.[0m
[rtabmap-14] [33m[ WARN] (2026-01-10 09:26:50.087) Features2d.cpp:658::create() BRIEF, FREAK and DAISY features cannot be used because OpenCV was not built with xfeatures2d module. GFTT/ORB is used instead.[0m
[rtabmap-14] [33m[ WARN] (2026-01-10 09:26:50.088) Features2d.cpp:658::create() BRIEF, FREAK and DAISY features cannot be used because OpenCV was not built with xfeatures2d module. GFTT/ORB is used instead.[0m
[rtabmap-14] [33m[ WARN] (2026-01-10 09:26:50.106) Features2d.cpp:658::create() BRIEF, FREAK and DAISY features cannot be used because OpenCV was not built with xfeatures2d module. GFTT/ORB is used instead.[0m
[rtabmap-14] [33m[ WARN] (2026-01-10 09:26:50.110) Features2d.cpp:658::create() BRIEF, FREAK and DAISY features cannot be used because OpenCV was not built with xfeatures2d module. GFTT/ORB is used instead.[0m
[rtabmap-14] [33m[ WARN] (2026-01-10 09:26:50.111) Features2d.cpp:658::create() BRIEF, FREAK and DAISY features cannot be used because OpenCV was not built with xfeatures2d module. GFTT/ORB is used instead.[0m
[rtabmap-14] [33m[ WARN] (2026-01-10 09:26:50.125) Features2d.cpp:658::create() BRIEF, FREAK and DAISY features cannot be used because OpenCV was not built with xfeatures2d module. GFTT/ORB is used instead.[0m
[rtabmap-14] [33m[ WARN] (2026-01-10 09:26:50.132) Features2d.cpp:658::create() BRIEF, FREAK and DAISY features cannot be used because OpenCV was not built with xfeatures2d module. GFTT/ORB is used instead.[0m
[rtabmap-14] [33m[ WARN] (2026-01-10 09:26:50.133) Features2d.cpp:658::create() BRIEF, FREAK and DAISY features cannot be used because OpenCV was not built with xfeatures2d module. GFTT/ORB is used instead.[0m
[rtabmap-14] [33m[ WARN] (2026-01-10 09:26:50.170) MapsManager.cpp:863::publishMaps() Graph has changed! The whole cloud is regenerated.[0m
[rtabmap-14] [33m[ WARN] (2026-01-10 09:26:50.171) OccupancyGrid.cpp:169::getProbMap() Map info is empty, cannot generate probabilistic occupancy grid[0m
[rtabmap-14] [33m[ WARN] (2026-01-10 09:26:50.183) Features2d.cpp:658::create() BRIEF, FREAK and DAISY features cannot be used because OpenCV was not built with xfeatures2d module. GFTT/ORB is used instead.[0m
[rtabmap-14] [33m[ WARN] (2026-01-10 09:26:50.186) Features2d.cpp:658::create() BRIEF, FREAK and DAISY features cannot be used because OpenCV was not built with xfeatures2d module. GFTT/ORB is used instead.[0m
[rtabmap-14] [33m[ WARN] (2026-01-10 09:26:50.187) Features2d.cpp:658::create() BRIEF, FREAK and DAISY features cannot be used because OpenCV was not built with xfeatures2d module. GFTT/ORB is used instead.[0m
[rtabmap-14] [33m[ WARN] (2026-01-10 09:26:50.199) Features2d.cpp:658::create() BRIEF, FREAK and DAISY features cannot be used because OpenCV was not built with xfeatures2d module. GFTT/ORB is used instead.[0m
[rtabmap-14] [33m[ WARN] (2026-01-10 09:26:50.200) Features2d.cpp:658::create() BRIEF, FREAK and DAISY features cannot be used because OpenCV was not built with xfeatures2d module. GFTT/ORB is used instead.[0m
[rtabmap-14] [33m[ WARN] (2026-01-10 09:26:50.201) Features2d.cpp:658::create() BRIEF, FREAK and DAISY features cannot be used because OpenCV was not built with xfeatures2d module. GFTT/ORB is used instead.[0m
[rtabmap-14] [33m[ WARN] (2026-01-10 09:26:50.205) Features2d.cpp:658::create() BRIEF, FREAK and DAISY features cannot be used because OpenCV was not built with xfeatures2d module. GFTT/ORB is used instead.[0m
[rtabmap-14] [33m[ WARN] (2026-01-10 09:26:50.211) Features2d.cpp:658::create() BRIEF, FREAK and DAISY features cannot be used because OpenCV was not built with xfeatures2d module. GFTT/ORB is used instead.[0m
[rtabmap-14] [33m[ WARN] (2026-01-10 09:26:50.211) Features2d.cpp:658::create() BRIEF, FREAK and DAISY features cannot be used because OpenCV was not built with xfeatures2d module. GFTT/ORB is used instead.[0m
[rtabmap-14] [33m[ WARN] (2026-01-10 09:26:50.219) Features2d.cpp:658::create() BRIEF, FREAK and DAISY features cannot be used because OpenCV was not built with xfeatures2d module. GFTT/ORB is used instead.[0m
[rtabmap-14] [33m[ WARN] (2026-01-10 09:26:50.221) Features2d.cpp:658::create() BRIEF, FREAK and DAISY features cannot be used because OpenCV was not built with xfeatures2d module. GFTT/ORB is used instead.[0m
[rtabmap-14] [33m[ WARN] (2026-01-10 09:26:50.221) Features2d.cpp:658::create() BRIEF, FREAK and DAISY features cannot be used because OpenCV was not built with xfeatures2d module. GFTT/ORB is used instead.[0m
[rtabmap-14] [33m[ WARN] (2026-01-10 09:26:50.230) Features2d.cpp:658::create() BRIEF, FREAK and DAISY features cannot be used because OpenCV was not built with xfeatures2d module. GFTT/ORB is used instead.[0m
[rtabmap-14] [33m[ WARN] (2026-01-10 09:26:50.232) Features2d.cpp:658::create() BRIEF, FREAK and DAISY features cannot be used because OpenCV was not built with xfeatures2d module. GFTT/ORB is used instead.[0m
[rtabmap-14] [33m[ WARN] (2026-01-10 09:26:50.232) Features2d.cpp:658::create() BRIEF, FREAK and DAISY features cannot be used because OpenCV was not built with xfeatures2d module. GFTT/ORB is used instead.[0m
[rtabmap-14] [33m[ WARN] (2026-01-10 09:26:50.250) Features2d.cpp:658::create() BRIEF, FREAK and DAISY features cannot be used because OpenCV was not built with xfeatures2d module. GFTT/ORB is used instead.[0m
[rtabmap-14] [33m[ WARN] (2026-01-10 09:26:50.251) Features2d.cpp:658::create() BRIEF, FREAK and DAISY features cannot be used because OpenCV was not built with xfeatures2d module. GFTT/ORB is used instead.[0m
[rtabmap-14] [INFO] [1768033610.267660501] [rtabmap]: Parameters event received!
[rtabmap-14] [INFO] [1768033610.267779891] [rtabmap]: Setting RTAB-Map parameter "RGBD/PlanStuckIterations"="0"
[rtabmap-14] [INFO] [1768033610.267816318] [rtabmap]: rtabmap: Updating parameters
[rtabmap-14] [INFO] [1768033610.267861040] [rtabmap]: RTAB-Map rate detection = 2.000000 Hz
[superpoint_node-2] [INFO] [1768033610.283336515] [superpoint_node]: Keypoints estratti: 800
[rtabmap-14] [INFO] [1768033610.289294117] [rtabmap]: Parameters event received!
[rtabmap-14] [INFO] [1768033610.289411970] [rtabmap]: Setting RTAB-Map parameter "RGBD/ProximityAngle"="45"
[rtabmap-14] [INFO] [1768033610.289447841] [rtabmap]: rtabmap: Updating parameters
[rtabmap-14] [INFO] [1768033610.289492656] [rtabmap]: RTAB-Map rate detection = 2.000000 Hz
[superpoint_node-2] [ERROR] [1768033610.290221199] [superpoint_node]: Errore pubblicazione keypoints 3D: could not assign tuple of length 3 to structure with 4 fields.
[rtabmap-14] [INFO] [1768033610.308173786] [rtabmap]: Parameters event received!
[rtabmap-14] [INFO] [1768033610.308260842] [rtabmap]: Setting RTAB-Map parameter "RGBD/ProximityBySpace"="true"
[rtabmap-14] [INFO] [1768033610.308284009] [rtabmap]: rtabmap: Updating parameters
[rtabmap-14] [INFO] [1768033610.308322805] [rtabmap]: RTAB-Map rate detection = 2.000000 Hz
[rtabmap-14] [INFO] [1768033610.326877915] [rtabmap]: Parameters event received!
[rtabmap-14] [INFO] [1768033610.327015935] [rtabmap]: Setting RTAB-Map parameter "RGBD/ProximityByTime"="false"
[rtabmap-14] [INFO] [1768033610.327067602] [rtabmap]: rtabmap: Updating parameters
[rtabmap-14] [INFO] [1768033610.327136547] [rtabmap]: RTAB-Map rate detection = 2.000000 Hz
[rtabmap-14] [INFO] [1768033610.359888121] [rtabmap]: Parameters event received!
[rtabmap-14] [INFO] [1768033610.360134975] [rtabmap]: Setting RTAB-Map parameter "RGBD/ProximityGlobalScanMap"="false"
[rtabmap-14] [INFO] [1768033610.360198235] [rtabmap]: rtabmap: Updating parameters
[rtabmap-14] [INFO] [1768033610.360383681] [rtabmap]: RTAB-Map rate detection = 2.000000 Hz
[superpoint_node-2] [INFO] [1768033610.387751601] [superpoint_node]: Keypoints estratti: 800
[rtabmap-14] [INFO] [1768033610.388556071] [rtabmap]: Parameters event received!
[rtabmap-14] [INFO] [1768033610.388634775] [rtabmap]: Setting RTAB-Map parameter "RGBD/ProximityMaxGraphDepth"="50"
[rtabmap-14] [INFO] [1768033610.388658423] [rtabmap]: rtabmap: Updating parameters
[rtabmap-14] [INFO] [1768033610.388695238] [rtabmap]: RTAB-Map rate detection = 2.000000 Hz
[superpoint_node-2] [ERROR] [1768033610.394694934] [superpoint_node]: Errore pubblicazione keypoints 3D: could not assign tuple of length 3 to structure with 4 fields.
[rtabmap-14] [INFO] [1768033610.403951711] [rtabmap]: Parameters event received!
[rtabmap-14] [INFO] [1768033610.404038082] [rtabmap]: Setting RTAB-Map parameter "RGBD/ProximityMaxPaths"="3"
[rtabmap-14] [INFO] [1768033610.404063471] [rtabmap]: rtabmap: Updating parameters
[rtabmap-14] [INFO] [1768033610.404118916] [rtabmap]: RTAB-Map rate detection = 2.000000 Hz
[rtabmap-14] [INFO] [1768033610.411722032] [rtabmap]: Parameters event received!
[rtabmap-14] [INFO] [1768033610.411820607] [rtabmap]: Setting RTAB-Map parameter "RGBD/ProximityMergedScanCovFactor"="100.0"
[rtabmap-14] [INFO] [1768033610.411853107] [rtabmap]: rtabmap: Updating parameters
[rtabmap-14] [INFO] [1768033610.411899441] [rtabmap]: RTAB-Map rate detection = 2.000000 Hz
[rtabmap-14] [INFO] [1768033610.427612602] [rtabmap]: Parameters event received!
[rtabmap-14] [INFO] [1768033610.427707566] [rtabmap]: Setting RTAB-Map parameter "RGBD/ProximityOdomGuess"="false"
[rtabmap-14] [INFO] [1768033610.427854178] [rtabmap]: rtabmap: Updating parameters
[rtabmap-14] [INFO] [1768033610.427994087] [rtabmap]: RTAB-Map rate detection = 2.000000 Hz
[rtabmap-14] [INFO] [1768033610.448180636] [rtabmap]: Parameters event received!
[rtabmap-14] [INFO] [1768033610.448282544] [rtabmap]: Setting RTAB-Map parameter "RGBD/ProximityPathFilteringRadius"="1"
[rtabmap-14] [INFO] [1768033610.448316211] [rtabmap]: rtabmap: Updating parameters
[rtabmap-14] [INFO] [1768033610.448414008] [rtabmap]: RTAB-Map rate detection = 2.000000 Hz
[rtabmap-14] [INFO] [1768033610.469308303] [rtabmap]: Parameters event received!
[rtabmap-14] [INFO] [1768033610.469428897] [rtabmap]: Setting RTAB-Map parameter "RGBD/ProximityPathMaxNeighbors"="5"
[rtabmap-14] [INFO] [1768033610.469452064] [rtabmap]: rtabmap: Updating parameters
[rtabmap-14] [INFO] [1768033610.469494805] [rtabmap]: RTAB-Map rate detection = 2.000000 Hz
[superpoint_node-2] [INFO] [1768033610.478425264] [superpoint_node]: Keypoints estratti: 800
[superpoint_node-2] [ERROR] [1768033610.484460794] [superpoint_node]: Errore pubblicazione keypoints 3D: could not assign tuple of length 3 to structure with 4 fields.
[rtabmap-14] [INFO] [1768033610.486801812] [rtabmap]: Parameters event received!
[rtabmap-14] [INFO] [1768033610.486881961] [rtabmap]: Setting RTAB-Map parameter "RGBD/ProximityPathRawPosesUsed"="true"
[rtabmap-14] [INFO] [1768033610.486905628] [rtabmap]: rtabmap: Updating parameters
[rtabmap-14] [INFO] [1768033610.486943184] [rtabmap]: RTAB-Map rate detection = 2.000000 Hz
[rtabmap-14] [INFO] [1768033610.501779061] [rtabmap]: Parameters event received!
[rtabmap-14] [INFO] [1768033610.502029637] [rtabmap]: Setting RTAB-Map parameter "RGBD/ScanMatchingIdsSavedInLinks"="true"
[rtabmap-14] [INFO] [1768033610.502131563] [rtabmap]: rtabmap: Updating parameters
[rtabmap-14] [INFO] [1768033610.502227360] [rtabmap]: RTAB-Map rate detection = 2.000000 Hz
[rtabmap-14] [INFO] [1768033610.519220143] [rtabmap]: Parameters event received!
[rtabmap-14] [INFO] [1768033610.519325737] [rtabmap]: Setting RTAB-Map parameter "RGBD/StartAtOrigin"="false"
[rtabmap-14] [INFO] [1768033610.519351959] [rtabmap]: rtabmap: Updating parameters
[rtabmap-14] [INFO] [1768033610.519391700] [rtabmap]: RTAB-Map rate detection = 2.000000 Hz
[rtabmap-14] [33m[ WARN] (2026-01-10 09:26:50.252) Features2d.cpp:658::create() BRIEF, FREAK and DAISY features cannot be used because OpenCV was not built with xfeatures2d module. GFTT/ORB is used instead.[0m
[rtabmap-14] [33m[ WARN] (2026-01-10 09:26:50.268) Features2d.cpp:658::create() BRIEF, FREAK and DAISY features cannot be used because OpenCV was not built with xfeatures2d module. GFTT/ORB is used instead.[0m
[rtabmap-14] [33m[ WARN] (2026-01-10 09:26:50.283) Features2d.cpp:658::create() BRIEF, FREAK and DAISY features cannot be used because OpenCV was not built with xfeatures2d module. GFTT/ORB is used instead.[0m
[rtabmap-14] [33m[ WARN] (2026-01-10 09:26:50.284) Features2d.cpp:658::create() BRIEF, FREAK and DAISY features cannot be used because OpenCV was not built with xfeatures2d module. GFTT/ORB is used instead.[0m
[rtabmap-14] [33m[ WARN] (2026-01-10 09:26:50.290) Features2d.cpp:658::create() BRIEF, FREAK and DAISY features cannot be used because OpenCV was not built with xfeatures2d module. GFTT/ORB is used instead.[0m
[rtabmap-14] [33m[ WARN] (2026-01-10 09:26:50.295) Features2d.cpp:658::create() BRIEF, FREAK and DAISY features cannot be used because OpenCV was not built with xfeatures2d module. GFTT/ORB is used instead.[0m
[rtabmap-14] [33m[ WARN] (2026-01-10 09:26:50.296) Features2d.cpp:658::create() BRIEF, FREAK and DAISY features cannot be used because OpenCV was not built with xfeatures2d module. GFTT/ORB is used instead.[0m
[rtabmap-14] [33m[ WARN] (2026-01-10 09:26:50.309) Features2d.cpp:658::create() BRIEF, FREAK and DAISY features cannot be used because OpenCV was not built with xfeatures2d module. GFTT/ORB is used instead.[0m
[rtabmap-14] [33m[ WARN] (2026-01-10 09:26:50.310) Features2d.cpp:658::create() BRIEF, FREAK and DAISY features cannot be used because OpenCV was not built with xfeatures2d module. GFTT/ORB is used instead.[0m
[rtabmap-14] [33m[ WARN] (2026-01-10 09:26:50.312) Features2d.cpp:658::create() BRIEF, FREAK and DAISY features cannot be used because OpenCV was not built with xfeatures2d module. GFTT/ORB is used instead.[0m
[rtabmap-14] [33m[ WARN] (2026-01-10 09:26:50.327) Features2d.cpp:658::create() BRIEF, FREAK and DAISY features cannot be used because OpenCV was not built with xfeatures2d module. GFTT/ORB is used instead.[0m
[rtabmap-14] [33m[ WARN] (2026-01-10 09:26:50.329) Features2d.cpp:658::create() BRIEF, FREAK and DAISY features cannot be used because OpenCV was not built with xfeatures2d module. GFTT/ORB is used instead.[0m
[rtabmap-14] [33m[ WARN] (2026-01-10 09:26:50.329) Features2d.cpp:658::create() BRIEF, FREAK and DAISY features cannot be used because OpenCV was not built with xfeatures2d module. GFTT/ORB is used instead.[0m
[rtabmap-14] [33m[ WARN] (2026-01-10 09:26:50.363) Features2d.cpp:658::create() BRIEF, FREAK and DAISY features cannot be used because OpenCV was not built with xfeatures2d module. GFTT/ORB is used instead.[0m
[rtabmap-14] [33m[ WARN] (2026-01-10 09:26:50.371) Features2d.cpp:658::create() BRIEF, FREAK and DAISY features cannot be used because OpenCV was not built with xfeatures2d module. GFTT/ORB is used instead.[0m
[rtabmap-14] [33m[ WARN] (2026-01-10 09:26:50.372) Features2d.cpp:658::create() BRIEF, FREAK and DAISY features cannot be used because OpenCV was not built with xfeatures2d module. GFTT/ORB is used instead.[0m
[rtabmap-14] [33m[ WARN] (2026-01-10 09:26:50.395) Features2d.cpp:658::create() BRIEF, FREAK and DAISY features cannot be used because OpenCV was not built with xfeatures2d module. GFTT/ORB is used instead.[0m
[rtabmap-14] [33m[ WARN] (2026-01-10 09:26:50.396) Features2d.cpp:658::create() BRIEF, FREAK and DAISY features cannot be used because OpenCV was not built with xfeatures2d module. GFTT/ORB is used instead.[0m
[rtabmap-14] [33m[ WARN] (2026-01-10 09:26:50.397) Features2d.cpp:658::create() BRIEF, FREAK and DAISY features cannot be used because OpenCV was not built with xfeatures2d module. GFTT/ORB is used instead.[0m
[rtabmap-14] [33m[ WARN] (2026-01-10 09:26:50.404) Features2d.cpp:658::create() BRIEF, FREAK and DAISY features cannot be used because OpenCV was not built with xfeatures2d module. GFTT/ORB is used instead.[0m
[rtabmap-14] [33m[ WARN] (2026-01-10 09:26:50.407) Features2d.cpp:658::create() BRIEF, FREAK and DAISY features cannot be used because OpenCV was not built with xfeatures2d module. GFTT/ORB is used instead.[0m
[rtabmap-14] [33m[ WARN] (2026-01-10 09:26:50.408) Features2d.cpp:658::create() BRIEF, FREAK and DAISY features cannot be used because OpenCV was not built with xfeatures2d module. GFTT/ORB is used instead.[0m
[rtabmap-14] [33m[ WARN] (2026-01-10 09:26:50.413) Features2d.cpp:658::create() BRIEF, FREAK and DAISY features cannot be used because OpenCV was not built with xfeatures2d module. GFTT/ORB is used instead.[0m
[rtabmap-14] [33m[ WARN] (2026-01-10 09:26:50.422) Features2d.cpp:658::create() BRIEF, FREAK and DAISY features cannot be used because OpenCV was not built with xfeatures2d module. GFTT/ORB is used instead.[0m
[rtabmap-14] [33m[ WARN] (2026-01-10 09:26:50.423) Features2d.cpp:658::create() BRIEF, FREAK and DAISY features cannot be used because OpenCV was not built with xfeatures2d module. GFTT/ORB is used instead.[0m
[rtabmap-14] [33m[ WARN] (2026-01-10 09:26:50.428) Features2d.cpp:658::create() BRIEF, FREAK and DAISY features cannot be used because OpenCV was not built with xfeatures2d module. GFTT/ORB is used instead.[0m
[rtabmap-14] [33m[ WARN] (2026-01-10 09:26:50.431) Features2d.cpp:658::create() BRIEF, FREAK and DAISY features cannot be used because OpenCV was not built with xfeatures2d module. GFTT/ORB is used instead.[0m
[rtabmap-14] [33m[ WARN] (2026-01-10 09:26:50.431) Features2d.cpp:658::create() BRIEF, FREAK and DAISY features cannot be used because OpenCV was not built with xfeatures2d module. GFTT/ORB is used instead.[0m
[rtabmap-14] [33m[ WARN] (2026-01-10 09:26:50.449) Features2d.cpp:658::create() BRIEF, FREAK and DAISY features cannot be used because OpenCV was not built with xfeatures2d module. GFTT/ORB is used instead.[0m
[rtabmap-14] [33m[ WARN] (2026-01-10 09:26:50.460) Features2d.cpp:658::create() BRIEF, FREAK and DAISY features cannot be used because OpenCV was not built with xfeatures2d module. GFTT/ORB is used instead.[0m
[rtabmap-14] [33m[ WARN] (2026-01-10 09:26:50.463) Features2d.cpp:658::create() BRIEF, FREAK and DAISY features cannot be used because OpenCV was not built with xfeatures2d module. GFTT/ORB is used instead.[0m
[rtabmap-14] [33m[ WARN] (2026-01-10 09:26:50.477) Features2d.cpp:658::create() BRIEF, FREAK and DAISY features cannot be used because OpenCV was not built with xfeatures2d module. GFTT/ORB is used instead.[0m
[rtabmap-14] [33m[ WARN] (2026-01-10 09:26:50.478) Features2d.cpp:658::create() BRIEF, FREAK and DAISY features cannot be used because OpenCV was not built with xfeatures2d module. GFTT/ORB is used instead.[0m
[rtabmap-14] [33m[ WARN] (2026-01-10 09:26:50.479) Features2d.cpp:658::create() BRIEF, FREAK and DAISY features cannot be used because OpenCV was not built with xfeatures2d module. GFTT/ORB is used instead.[0m
[rtabmap-14] [33m[ WARN] (2026-01-10 09:26:50.487) Features2d.cpp:658::create() BRIEF, FREAK and DAISY features cannot be used because OpenCV was not built with xfeatures2d module. GFTT/ORB is used instead.[0m
[rtabmap-14] [33m[ WARN] (2026-01-10 09:26:50.488) Features2d.cpp:658::create() BRIEF, FREAK and DAISY features cannot be used because OpenCV was not built with xfeatures2d module. GFTT/ORB is used instead.[0m
[rtabmap-14] [33m[ WARN] (2026-01-10 09:26:50.489) Features2d.cpp:658::create() BRIEF, FREAK and DAISY features cannot be used because OpenCV was not built with xfeatures2d module. GFTT/ORB is used instead.[0m
[rtabmap-14] [33m[ WARN] (2026-01-10 09:26:50.503) Features2d.cpp:658::create() BRIEF, FREAK and DAISY features cannot be used because OpenCV was not built with xfeatures2d module. GFTT/ORB is used instead.[0m
[rtabmap-14] [33m[ WARN] (2026-01-10 09:26:50.504) Features2d.cpp:658::create() BRIEF, FREAK and DAISY features cannot be used because OpenCV was not built with xfeatures2d module. GFTT/ORB is used instead.[0m
[rtabmap-14] [33m[ WARN] (2026-01-10 09:26:50.505) Features2d.cpp:658::create() BRIEF, FREAK and DAISY features cannot be used because OpenCV was not built with xfeatures2d module. GFTT/ORB is used instead.[0m
[rtabmap-14] [33m[ WARN] (2026-01-10 09:26:50.531) Features2d.cpp:658::create() BRIEF, FREAK and DAISY features cannot be used because OpenCV was not built with xfeatures2d module. GFTT/ORB is used instead.[0m
[rtabmap-14] [INFO] [1768033610.567184875] [rtabmap]: Parameters event received!
[rtabmap-14] [INFO] [1768033610.567283191] [rtabmap]: Setting RTAB-Map parameter "Reg/Force3DoF"="true"
[rtabmap-14] [INFO] [1768033610.567311265] [rtabmap]: rtabmap: Updating parameters
[rtabmap-14] [INFO] [1768033610.567355580] [rtabmap]: RTAB-Map rate detection = 2.000000 Hz
[superpoint_node-2] [INFO] [1768033610.582398440] [superpoint_node]: Keypoints estratti: 800
[superpoint_node-2] [ERROR] [1768033610.588466118] [superpoint_node]: Errore pubblicazione keypoints 3D: could not assign tuple of length 3 to structure with 4 fields.
[rtabmap-14] [INFO] [1768033610.588836454] [rtabmap]: Parameters event received!
[rtabmap-14] [INFO] [1768033610.588911066] [rtabmap]: Setting RTAB-Map parameter "Reg/RepeatOnce"="true"
[rtabmap-14] [INFO] [1768033610.588936751] [rtabmap]: rtabmap: Updating parameters
[rtabmap-14] [INFO] [1768033610.588975215] [rtabmap]: RTAB-Map rate detection = 2.000000 Hz
[rtabmap-14] [INFO] [1768033610.594631259] [rtabmap]: Parameters event received!
[rtabmap-14] [INFO] [1768033610.594765853] [rtabmap]: Setting RTAB-Map parameter "Reg/Strategy"="0"
[rtabmap-14] [INFO] [1768033610.594802853] [rtabmap]: rtabmap: Updating parameters
[rtabmap-14] [INFO] [1768033610.594841465] [rtabmap]: RTAB-Map rate detection = 2.000000 Hz
[rtabmap-14] [INFO] [1768033610.610780832] [rtabmap]: Parameters event received!
[rtabmap-14] [INFO] [1768033610.610874703] [rtabmap]: Setting RTAB-Map parameter "Rtabmap/ComputeRMSE"="true"
[rtabmap-14] [INFO] [1768033610.610902703] [rtabmap]: rtabmap: Updating parameters
[rtabmap-14] [INFO] [1768033610.610939185] [rtabmap]: RTAB-Map rate detection = 2.000000 Hz
[rtabmap-14] [INFO] [1768033610.622800298] [rtabmap]: Parameters event received!
[rtabmap-14] [INFO] [1768033610.622909298] [rtabmap]: Setting RTAB-Map parameter "Rtabmap/CreateIntermediateNodes"="false"
[rtabmap-14] [INFO] [1768033610.622990818] [rtabmap]: rtabmap: Updating parameters
[rtabmap-14] [INFO] [1768033610.623096318] [rtabmap]: RTAB-Map rate detection = 2.000000 Hz
[rtabmap-14] [INFO] [1768033610.644945936] [rtabmap]: Parameters event received!
[rtabmap-14] [INFO] [1768033610.645039585] [rtabmap]: Setting RTAB-Map parameter "Rtabmap/DetectionRate"="2.0"
[rtabmap-14] [INFO] [1768033610.645065974] [rtabmap]: rtabmap: Updating parameters
[rtabmap-14] [INFO] [1768033610.645106326] [rtabmap]: RTAB-Map rate detection = 2.000000 Hz
[rtabmap-14] [INFO] [1768033610.671729445] [rtabmap]: Parameters event received!
[rtabmap-14] [INFO] [1768033610.671895538] [rtabmap]: Setting RTAB-Map parameter "Rtabmap/ImageBufferSize"="1"
[rtabmap-14] [INFO] [1768033610.671970224] [rtabmap]: rtabmap: Updating parameters
[rtabmap-14] [INFO] [1768033610.672117725] [rtabmap]: RTAB-Map rate detection = 2.000000 Hz
[superpoint_node-2] [INFO] [1768033610.679075688] [superpoint_node]: Keypoints estratti: 800
[rtabmap-14] [INFO] [1768033610.683512593] [rtabmap]: Parameters event received!
[rtabmap-14] [INFO] [1768033610.683596576] [rtabmap]: Setting RTAB-Map parameter "Rtabmap/ImagesAlreadyRectified"="true"
[rtabmap-14] [INFO] [1768033610.683648169] [rtabmap]: rtabmap: Updating parameters
[rtabmap-14] [INFO] [1768033610.683684002] [rtabmap]: RTAB-Map rate detection = 2.000000 Hz
[superpoint_node-2] [ERROR] [1768033610.685300330] [superpoint_node]: Errore pubblicazione keypoints 3D: could not assign tuple of length 3 to structure with 4 fields.
[rtabmap-14] [INFO] [1768033610.759209601] [rtabmap]: rtabmap (277): Rate=0.50s, Limit=0.001s, Conversion=0.0002s, RTAB-Map=0.0598s, Maps update=0.0007s pub=0.0039s delay=0.1312s (local map=0, WM=0)
[rtabmap-14] [INFO] [1768033610.764112529] [rtabmap]: Parameters event received!
[rtabmap-14] [INFO] [1768033610.764223752] [rtabmap]: Setting RTAB-Map parameter "Rtabmap/LoopGPS"="true"
[rtabmap-14] [INFO] [1768033610.764250048] [rtabmap]: rtabmap: Updating parameters
[rtabmap-14] [INFO] [1768033610.764289845] [rtabmap]: RTAB-Map rate detection = 2.000000 Hz
[rtabmap-14] [INFO] [1768033610.775827788] [rtabmap]: Parameters event received!
[rtabmap-14] [INFO] [1768033610.775992067] [rtabmap]: Setting RTAB-Map parameter "Rtabmap/LoopRatio"="0"
[rtabmap-14] [INFO] [1768033610.776027734] [rtabmap]: rtabmap: Updating parameters
[rtabmap-14] [INFO] [1768033610.776082642] [rtabmap]: RTAB-Map rate detection = 2.000000 Hz
[superpoint_node-2] [INFO] [1768033610.779580336] [superpoint_node]: Keypoints estratti: 800
[rtabmap-14] [INFO] [1768033610.783008049] [rtabmap]: Parameters event received!
[rtabmap-14] [INFO] [1768033610.783100661] [rtabmap]: Setting RTAB-Map parameter "Rtabmap/LoopThr"="0.11"
[rtabmap-14] [INFO] [1768033610.783122531] [rtabmap]: rtabmap: Updating parameters
[rtabmap-14] [INFO] [1768033610.783161087] [rtabmap]: RTAB-Map rate detection = 2.000000 Hz
[superpoint_node-2] [ERROR] [1768033610.786384557] [superpoint_node]: Errore pubblicazione keypoints 3D: could not assign tuple of length 3 to structure with 4 fields.
[rtabmap-14] [INFO] [1768033610.792378012] [rtabmap]: Parameters event received!
[rtabmap-14] [INFO] [1768033610.792471476] [rtabmap]: Setting RTAB-Map parameter "Rtabmap/MaxRepublished"="2"
[rtabmap-14] [INFO] [1768033610.792497105] [rtabmap]: rtabmap: Updating parameters
[rtabmap-14] [INFO] [1768033610.792531365] [rtabmap]: RTAB-Map rate detection = 2.000000 Hz
[rtabmap-14] [INFO] [1768033610.799695588] [rtabmap]: Parameters event received!
[rtabmap-14] [INFO] [1768033610.799781089] [rtabmap]: Setting RTAB-Map parameter "Rtabmap/MaxRetrieved"="2"
[rtabmap-14] [INFO] [1768033610.799802626] [rtabmap]: rtabmap: Updating parameters
[rtabmap-14] [INFO] [1768033610.799835534] [rtabmap]: RTAB-Map rate detection = 2.000000 Hz
[rtabmap-14] [33m[ WARN] (2026-01-10 09:26:50.543) Features2d.cpp:658::create() BRIEF, FREAK and DAISY features cannot be used because OpenCV was not built with xfeatures2d module. GFTT/ORB is used instead.[0m
[rtabmap-14] [33m[ WARN] (2026-01-10 09:26:50.544) Features2d.cpp:658::create() BRIEF, FREAK and DAISY features cannot be used because OpenCV was not built with xfeatures2d module. GFTT/ORB is used instead.[0m
[rtabmap-14] [33m[ WARN] (2026-01-10 09:26:50.568) Features2d.cpp:658::create() BRIEF, FREAK and DAISY features cannot be used because OpenCV was not built with xfeatures2d module. GFTT/ORB is used instead.[0m
[rtabmap-14] [33m[ WARN] (2026-01-10 09:26:50.576) Features2d.cpp:658::create() BRIEF, FREAK and DAISY features cannot be used because OpenCV was not built with xfeatures2d module. GFTT/ORB is used instead.[0m
[rtabmap-14] [33m[ WARN] (2026-01-10 09:26:50.582) Features2d.cpp:658::create() BRIEF, FREAK and DAISY features cannot be used because OpenCV was not built with xfeatures2d module. GFTT/ORB is used instead.[0m
[rtabmap-14] [33m[ WARN] (2026-01-10 09:26:50.589) Features2d.cpp:658::create() BRIEF, FREAK and DAISY features cannot be used because OpenCV was not built with xfeatures2d module. GFTT/ORB is used instead.[0m
[rtabmap-14] [33m[ WARN] (2026-01-10 09:26:50.590) Features2d.cpp:658::create() BRIEF, FREAK and DAISY features cannot be used because OpenCV was not built with xfeatures2d module. GFTT/ORB is used instead.[0m
[rtabmap-14] [33m[ WARN] (2026-01-10 09:26:50.591) Features2d.cpp:658::create() BRIEF, FREAK and DAISY features cannot be used because OpenCV was not built with xfeatures2d module. GFTT/ORB is used instead.[0m
[rtabmap-14] [33m[ WARN] (2026-01-10 09:26:50.595) Features2d.cpp:658::create() BRIEF, FREAK and DAISY features cannot be used because OpenCV was not built with xfeatures2d module. GFTT/ORB is used instead.[0m
[rtabmap-14] [33m[ WARN] (2026-01-10 09:26:50.602) Features2d.cpp:658::create() BRIEF, FREAK and DAISY features cannot be used because OpenCV was not built with xfeatures2d module. GFTT/ORB is used instead.[0m
[rtabmap-14] [33m[ WARN] (2026-01-10 09:26:50.603) Features2d.cpp:658::create() BRIEF, FREAK and DAISY features cannot be used because OpenCV was not built with xfeatures2d module. GFTT/ORB is used instead.[0m
[rtabmap-14] [33m[ WARN] (2026-01-10 09:26:50.611) Features2d.cpp:658::create() BRIEF, FREAK and DAISY features cannot be used because OpenCV was not built with xfeatures2d module. GFTT/ORB is used instead.[0m
[rtabmap-14] [33m[ WARN] (2026-01-10 09:26:50.612) Features2d.cpp:658::create() BRIEF, FREAK and DAISY features cannot be used because OpenCV was not built with xfeatures2d module. GFTT/ORB is used instead.[0m
[rtabmap-14] [33m[ WARN] (2026-01-10 09:26:50.613) Features2d.cpp:658::create() BRIEF, FREAK and DAISY features cannot be used because OpenCV was not built with xfeatures2d module. GFTT/ORB is used instead.[0m
[rtabmap-14] [33m[ WARN] (2026-01-10 09:26:50.623) Features2d.cpp:658::create() BRIEF, FREAK and DAISY features cannot be used because OpenCV was not built with xfeatures2d module. GFTT/ORB is used instead.[0m
[rtabmap-14] [33m[ WARN] (2026-01-10 09:26:50.626) Features2d.cpp:658::create() BRIEF, FREAK and DAISY features cannot be used because OpenCV was not built with xfeatures2d module. GFTT/ORB is used instead.[0m
[rtabmap-14] [33m[ WARN] (2026-01-10 09:26:50.627) Features2d.cpp:658::create() BRIEF, FREAK and DAISY features cannot be used because OpenCV was not built with xfeatures2d module. GFTT/ORB is used instead.[0m
[rtabmap-14] [33m[ WARN] (2026-01-10 09:26:50.645) Features2d.cpp:658::create() BRIEF, FREAK and DAISY features cannot be used because OpenCV was not built with xfeatures2d module. GFTT/ORB is used instead.[0m
[rtabmap-14] [33m[ WARN] (2026-01-10 09:26:50.655) Features2d.cpp:658::create() BRIEF, FREAK and DAISY features cannot be used because OpenCV was not built with xfeatures2d module. GFTT/ORB is used instead.[0m
[rtabmap-14] [33m[ WARN] (2026-01-10 09:26:50.656) Features2d.cpp:658::create() BRIEF, FREAK and DAISY features cannot be used because OpenCV was not built with xfeatures2d module. GFTT/ORB is used instead.[0m
[rtabmap-14] [33m[ WARN] (2026-01-10 09:26:50.675) Features2d.cpp:658::create() BRIEF, FREAK and DAISY features cannot be used because OpenCV was not built with xfeatures2d module. GFTT/ORB is used instead.[0m
[rtabmap-14] [33m[ WARN] (2026-01-10 09:26:50.677) Features2d.cpp:658::create() BRIEF, FREAK and DAISY features cannot be used because OpenCV was not built with xfeatures2d module. GFTT/ORB is used instead.[0m
[rtabmap-14] [33m[ WARN] (2026-01-10 09:26:50.678) Features2d.cpp:658::create() BRIEF, FREAK and DAISY features cannot be used because OpenCV was not built with xfeatures2d module. GFTT/ORB is used instead.[0m
[rtabmap-14] [33m[ WARN] (2026-01-10 09:26:50.686) Features2d.cpp:658::create() BRIEF, FREAK and DAISY features cannot be used because OpenCV was not built with xfeatures2d module. GFTT/ORB is used instead.[0m
[rtabmap-14] [33m[ WARN] (2026-01-10 09:26:50.687) Features2d.cpp:658::create() BRIEF, FREAK and DAISY features cannot be used because OpenCV was not built with xfeatures2d module. GFTT/ORB is used instead.[0m
[rtabmap-14] [33m[ WARN] (2026-01-10 09:26:50.687) Features2d.cpp:658::create() BRIEF, FREAK and DAISY features cannot be used because OpenCV was not built with xfeatures2d module. GFTT/ORB is used instead.[0m
[rtabmap-14] [33m[ WARN] (2026-01-10 09:26:50.755) MapsManager.cpp:863::publishMaps() Graph has changed! The whole cloud is regenerated.[0m
[rtabmap-14] [33m[ WARN] (2026-01-10 09:26:50.756) OccupancyGrid.cpp:169::getProbMap() Map info is empty, cannot generate probabilistic occupancy grid[0m
[rtabmap-14] [33m[ WARN] (2026-01-10 09:26:50.764) Features2d.cpp:658::create() BRIEF, FREAK and DAISY features cannot be used because OpenCV was not built with xfeatures2d module. GFTT/ORB is used instead.[0m
[rtabmap-14] [33m[ WARN] (2026-01-10 09:26:50.765) Features2d.cpp:658::create() BRIEF, FREAK and DAISY features cannot be used because OpenCV was not built with xfeatures2d module. GFTT/ORB is used instead.[0m
[rtabmap-14] [33m[ WARN] (2026-01-10 09:26:50.766) Features2d.cpp:658::create() BRIEF, FREAK and DAISY features cannot be used because OpenCV was not built with xfeatures2d module. GFTT/ORB is used instead.[0m
[rtabmap-14] [33m[ WARN] (2026-01-10 09:26:50.777) Features2d.cpp:658::create() BRIEF, FREAK and DAISY features cannot be used because OpenCV was not built with xfeatures2d module. GFTT/ORB is used instead.[0m
[rtabmap-14] [33m[ WARN] (2026-01-10 09:26:50.778) Features2d.cpp:658::create() BRIEF, FREAK and DAISY features cannot be used because OpenCV was not built with xfeatures2d module. GFTT/ORB is used instead.[0m
[rtabmap-14] [33m[ WARN] (2026-01-10 09:26:50.779) Features2d.cpp:658::create() BRIEF, FREAK and DAISY features cannot be used because OpenCV was not built with xfeatures2d module. GFTT/ORB is used instead.[0m
[rtabmap-14] [33m[ WARN] (2026-01-10 09:26:50.783) Features2d.cpp:658::create() BRIEF, FREAK and DAISY features cannot be used because OpenCV was not built with xfeatures2d module. GFTT/ORB is used instead.[0m
[rtabmap-14] [33m[ WARN] (2026-01-10 09:26:50.785) Features2d.cpp:658::create() BRIEF, FREAK and DAISY features cannot be used because OpenCV was not built with xfeatures2d module. GFTT/ORB is used instead.[0m
[rtabmap-14] [33m[ WARN] (2026-01-10 09:26:50.785) Features2d.cpp:658::create() BRIEF, FREAK and DAISY features cannot be used because OpenCV was not built with xfeatures2d module. GFTT/ORB is used instead.[0m
[rtabmap-14] [33m[ WARN] (2026-01-10 09:26:50.793) Features2d.cpp:658::create() BRIEF, FREAK and DAISY features cannot be used because OpenCV was not built with xfeatures2d module. GFTT/ORB is used instead.[0m
[rtabmap-14] [33m[ WARN] (2026-01-10 09:26:50.794) Features2d.cpp:658::create() BRIEF, FREAK and DAISY features cannot be used because OpenCV was not built with xfeatures2d module. GFTT/ORB is used instead.[0m
[rtabmap-14] [33m[ WARN] (2026-01-10 09:26:50.796) Features2d.cpp:658::create() BRIEF, FREAK and DAISY features cannot be used because OpenCV was not built with xfeatures2d module. GFTT/ORB is used instead.[0m
[rtabmap-14] [33m[ WARN] (2026-01-10 09:26:50.800) Features2d.cpp:658::create() BRIEF, FREAK and DAISY features cannot be used because OpenCV was not built with xfeatures2d module. GFTT/ORB is used instead.[0m
[rtabmap-14] [INFO] [1768033610.816219979] [rtabmap]: Parameters event received!
[rtabmap-14] [INFO] [1768033610.816304294] [rtabmap]: Setting RTAB-Map parameter "Rtabmap/MemoryThr"="0"
[rtabmap-14] [INFO] [1768033610.816327368] [rtabmap]: rtabmap: Updating parameters
[rtabmap-14] [INFO] [1768033610.816366313] [rtabmap]: RTAB-Map rate detection = 2.000000 Hz
[rtabmap-14] [INFO] [1768033610.827590217] [rtabmap]: Parameters event received!
[rtabmap-14] [INFO] [1768033610.827704255] [rtabmap]: Setting RTAB-Map parameter "Rtabmap/PublishLastSignature"="true"
[rtabmap-14] [INFO] [1768033610.827739903] [rtabmap]: rtabmap: Updating parameters
[rtabmap-14] [INFO] [1768033610.827789367] [rtabmap]: RTAB-Map rate detection = 2.000000 Hz
[rtabmap-14] [INFO] [1768033610.851369609] [rtabmap]: Parameters event received!
[rtabmap-14] [INFO] [1768033610.851610722] [rtabmap]: Setting RTAB-Map parameter "Rtabmap/PublishLikelihood"="true"
[rtabmap-14] [INFO] [1768033610.851653722] [rtabmap]: rtabmap: Updating parameters
[rtabmap-14] [INFO] [1768033610.851708501] [rtabmap]: RTAB-Map rate detection = 2.000000 Hz
[rtabmap-14] [INFO] [1768033610.869447641] [rtabmap]: Parameters event received!
[rtabmap-14] [INFO] [1768033610.869639809] [rtabmap]: Setting RTAB-Map parameter "Rtabmap/PublishPdf"="true"
[rtabmap-14] [INFO] [1768033610.869676550] [rtabmap]: rtabmap: Updating parameters
[rtabmap-14] [INFO] [1768033610.869754958] [rtabmap]: RTAB-Map rate detection = 2.000000 Hz
[superpoint_node-2] [INFO] [1768033610.875498152] [superpoint_node]: Keypoints estratti: 800
[rtabmap-14] [INFO] [1768033610.880943880] [rtabmap]: Parameters event received!
[rtabmap-14] [INFO] [1768033610.881031640] [rtabmap]: Setting RTAB-Map parameter "Rtabmap/PublishRAMUsage"="false"
[rtabmap-14] [INFO] [1768033610.881056937] [rtabmap]: rtabmap: Updating parameters
[rtabmap-14] [INFO] [1768033610.881093085] [rtabmap]: RTAB-Map rate detection = 2.000000 Hz
[superpoint_node-2] [ERROR] [1768033610.881457829] [superpoint_node]: Errore pubblicazione keypoints 3D: could not assign tuple of length 3 to structure with 4 fields.
[rtabmap-14] [INFO] [1768033610.896181723] [rtabmap]: Parameters event received!
[rtabmap-14] [INFO] [1768033610.896263557] [rtabmap]: Setting RTAB-Map parameter "Rtabmap/PublishStats"="true"
[rtabmap-14] [INFO] [1768033610.896283854] [rtabmap]: rtabmap: Updating parameters
[rtabmap-14] [INFO] [1768033610.896319928] [rtabmap]: RTAB-Map rate detection = 2.000000 Hz
[rtabmap-14] [INFO] [1768033610.906237692] [rtabmap]: Parameters event received!
[rtabmap-14] [INFO] [1768033610.906338971] [rtabmap]: Setting RTAB-Map parameter "Rtabmap/RectifyOnlyFeatures"="false"
[rtabmap-14] [INFO] [1768033610.906367545] [rtabmap]: rtabmap: Updating parameters
[rtabmap-14] [INFO] [1768033610.906441008] [rtabmap]: RTAB-Map rate detection = 2.000000 Hz
[rtabmap-14] [INFO] [1768033610.920858956] [rtabmap]: Parameters event received!
[rtabmap-14] [INFO] [1768033610.921093106] [rtabmap]: Setting RTAB-Map parameter "Rtabmap/SaveWMState"="false"
[rtabmap-14] [INFO] [1768033610.923251493] [rtabmap]: rtabmap: Updating parameters
[rtabmap-14] [INFO] [1768033610.923349161] [rtabmap]: RTAB-Map rate detection = 2.000000 Hz
[rtabmap-14] [INFO] [1768033610.945080444] [rtabmap]: Parameters event received!
[rtabmap-14] [INFO] [1768033610.945190723] [rtabmap]: Setting RTAB-Map parameter "Rtabmap/StartNewMapOnGoodSignature"="false"
[rtabmap-14] [INFO] [1768033610.945216593] [rtabmap]: rtabmap: Updating parameters
[rtabmap-14] [INFO] [1768033610.945264964] [rtabmap]: RTAB-Map rate detection = 2.000000 Hz
[rtabmap-14] [INFO] [1768033610.957600599] [rtabmap]: Parameters event received!
[rtabmap-14] [INFO] [1768033610.957683433] [rtabmap]: Setting RTAB-Map parameter "Rtabmap/StartNewMapOnLoopClosure"="false"
[rtabmap-14] [INFO] [1768033610.957705044] [rtabmap]: rtabmap: Updating parameters
[rtabmap-14] [INFO] [1768033610.957735322] [rtabmap]: RTAB-Map rate detection = 2.000000 Hz
[rtabmap-14] [INFO] [1768033610.964477228] [rtabmap]: Parameters event received!
[rtabmap-14] [INFO] [1768033610.964565080] [rtabmap]: Setting RTAB-Map parameter "Rtabmap/StatisticLogged"="false"
[rtabmap-14] [INFO] [1768033610.964586821] [rtabmap]: rtabmap: Updating parameters
[rtabmap-14] [INFO] [1768033610.964617469] [rtabmap]: RTAB-Map rate detection = 2.000000 Hz
[rtabmap-14] [INFO] [1768033610.993463309] [rtabmap]: Parameters event received!
[rtabmap-14] [INFO] [1768033610.993563866] [rtabmap]: Setting RTAB-Map parameter "Rtabmap/StatisticLoggedHeaders"="true"
[rtabmap-14] [INFO] [1768033610.993585977] [rtabmap]: rtabmap: Updating parameters
[rtabmap-14] [INFO] [1768033610.993629848] [rtabmap]: RTAB-Map rate detection = 2.000000 Hz
[rtabmap-14] [INFO] [1768033611.021533939] [rtabmap]: Parameters event received!
[rtabmap-14] [INFO] [1768033611.021755589] [rtabmap]: Setting RTAB-Map parameter "Rtabmap/StatisticLogsBufferedInRAM"="true"
[rtabmap-14] [INFO] [1768033611.021794515] [rtabmap]: rtabmap: Updating parameters
[rtabmap-14] [INFO] [1768033611.021880979] [rtabmap]: RTAB-Map rate detection = 2.000000 Hz
[superpoint_node-2] [INFO] [1768033611.026292421] [superpoint_node]: Keypoints estratti: 800
[superpoint_node-2] [ERROR] [1768033611.032003578] [superpoint_node]: Errore pubblicazione keypoints 3D: could not assign tuple of length 3 to structure with 4 fields.
[rtabmap-14] [INFO] [1768033611.049422993] [rtabmap]: Parameters event received!
[rtabmap-14] [INFO] [1768033611.049503513] [rtabmap]: Setting RTAB-Map parameter "Rtabmap/TimeThr"="1.0"
[rtabmap-14] [INFO] [1768033611.049525402] [rtabmap]: rtabmap: Updating parameters
[rtabmap-14] [INFO] [1768033611.049565939] [rtabmap]: RTAB-Map rate detection = 2.000000 Hz
[rtabmap-14] [33m[ WARN] (2026-01-10 09:26:50.801) Features2d.cpp:658::create() BRIEF, FREAK and DAISY features cannot be used because OpenCV was not built with xfeatures2d module. GFTT/ORB is used instead.[0m
[rtabmap-14] [33m[ WARN] (2026-01-10 09:26:50.802) Features2d.cpp:658::create() BRIEF, FREAK and DAISY features cannot be used because OpenCV was not built with xfeatures2d module. GFTT/ORB is used instead.[0m
[rtabmap-14] [33m[ WARN] (2026-01-10 09:26:50.817) Features2d.cpp:658::create() BRIEF, FREAK and DAISY features cannot be used because OpenCV was not built with xfeatures2d module. GFTT/ORB is used instead.[0m
[rtabmap-14] [33m[ WARN] (2026-01-10 09:26:50.818) Features2d.cpp:658::create() BRIEF, FREAK and DAISY features cannot be used because OpenCV was not built with xfeatures2d module. GFTT/ORB is used instead.[0m
[rtabmap-14] [33m[ WARN] (2026-01-10 09:26:50.818) Features2d.cpp:658::create() BRIEF, FREAK and DAISY features cannot be used because OpenCV was not built with xfeatures2d module. GFTT/ORB is used instead.[0m
[rtabmap-14] [33m[ WARN] (2026-01-10 09:26:50.828) Features2d.cpp:658::create() BRIEF, FREAK and DAISY features cannot be used because OpenCV was not built with xfeatures2d module. GFTT/ORB is used instead.[0m
[rtabmap-14] [33m[ WARN] (2026-01-10 09:26:50.836) Features2d.cpp:658::create() BRIEF, FREAK and DAISY features cannot be used because OpenCV was not built with xfeatures2d module. GFTT/ORB is used instead.[0m
[rtabmap-14] [33m[ WARN] (2026-01-10 09:26:50.841) Features2d.cpp:658::create() BRIEF, FREAK and DAISY features cannot be used because OpenCV was not built with xfeatures2d module. GFTT/ORB is used instead.[0m
[rtabmap-14] [33m[ WARN] (2026-01-10 09:26:50.852) Features2d.cpp:658::create() BRIEF, FREAK and DAISY features cannot be used because OpenCV was not built with xfeatures2d module. GFTT/ORB is used instead.[0m
[rtabmap-14] [33m[ WARN] (2026-01-10 09:26:50.858) Features2d.cpp:658::create() BRIEF, FREAK and DAISY features cannot be used because OpenCV was not built with xfeatures2d module. GFTT/ORB is used instead.[0m
[rtabmap-14] [33m[ WARN] (2026-01-10 09:26:50.859) Features2d.cpp:658::create() BRIEF, FREAK and DAISY features cannot be used because OpenCV was not built with xfeatures2d module. GFTT/ORB is used instead.[0m
[rtabmap-14] [33m[ WARN] (2026-01-10 09:26:50.871) Features2d.cpp:658::create() BRIEF, FREAK and DAISY features cannot be used because OpenCV was not built with xfeatures2d module. GFTT/ORB is used instead.[0m
[rtabmap-14] [33m[ WARN] (2026-01-10 09:26:50.874) Features2d.cpp:658::create() BRIEF, FREAK and DAISY features cannot be used because OpenCV was not built with xfeatures2d module. GFTT/ORB is used instead.[0m
[rtabmap-14] [33m[ WARN] (2026-01-10 09:26:50.875) Features2d.cpp:658::create() BRIEF, FREAK and DAISY features cannot be used because OpenCV was not built with xfeatures2d module. GFTT/ORB is used instead.[0m
[rtabmap-14] [33m[ WARN] (2026-01-10 09:26:50.881) Features2d.cpp:658::create() BRIEF, FREAK and DAISY features cannot be used because OpenCV was not built with xfeatures2d module. GFTT/ORB is used instead.[0m
[rtabmap-14] [33m[ WARN] (2026-01-10 09:26:50.887) Features2d.cpp:658::create() BRIEF, FREAK and DAISY features cannot be used because OpenCV was not built with xfeatures2d module. GFTT/ORB is used instead.[0m
[rtabmap-14] [33m[ WARN] (2026-01-10 09:26:50.887) Features2d.cpp:658::create() BRIEF, FREAK and DAISY features cannot be used because OpenCV was not built with xfeatures2d module. GFTT/ORB is used instead.[0m
[rtabmap-14] [33m[ WARN] (2026-01-10 09:26:50.896) Features2d.cpp:658::create() BRIEF, FREAK and DAISY features cannot be used because OpenCV was not built with xfeatures2d module. GFTT/ORB is used instead.[0m
[rtabmap-14] [33m[ WARN] (2026-01-10 09:26:50.897) Features2d.cpp:658::create() BRIEF, FREAK and DAISY features cannot be used because OpenCV was not built with xfeatures2d module. GFTT/ORB is used instead.[0m
[rtabmap-14] [33m[ WARN] (2026-01-10 09:26:50.898) Features2d.cpp:658::create() BRIEF, FREAK and DAISY features cannot be used because OpenCV was not built with xfeatures2d module. GFTT/ORB is used instead.[0m
[rtabmap-14] [33m[ WARN] (2026-01-10 09:26:50.907) Features2d.cpp:658::create() BRIEF, FREAK and DAISY features cannot be used because OpenCV was not built with xfeatures2d module. GFTT/ORB is used instead.[0m
[rtabmap-14] [33m[ WARN] (2026-01-10 09:26:50.911) Features2d.cpp:658::create() BRIEF, FREAK and DAISY features cannot be used because OpenCV was not built with xfeatures2d module. GFTT/ORB is used instead.[0m
[rtabmap-14] [33m[ WARN] (2026-01-10 09:26:50.912) Features2d.cpp:658::create() BRIEF, FREAK and DAISY features cannot be used because OpenCV was not built with xfeatures2d module. GFTT/ORB is used instead.[0m
[rtabmap-14] [33m[ WARN] (2026-01-10 09:26:50.928) Features2d.cpp:658::create() BRIEF, FREAK and DAISY features cannot be used because OpenCV was not built with xfeatures2d module. GFTT/ORB is used instead.[0m
[rtabmap-14] [33m[ WARN] (2026-01-10 09:26:50.936) Features2d.cpp:658::create() BRIEF, FREAK and DAISY features cannot be used because OpenCV was not built with xfeatures2d module. GFTT/ORB is used instead.[0m
[rtabmap-14] [33m[ WARN] (2026-01-10 09:26:50.937) Features2d.cpp:658::create() BRIEF, FREAK and DAISY features cannot be used because OpenCV was not built with xfeatures2d module. GFTT/ORB is used instead.[0m
[rtabmap-14] [33m[ WARN] (2026-01-10 09:26:50.945) Features2d.cpp:658::create() BRIEF, FREAK and DAISY features cannot be used because OpenCV was not built with xfeatures2d module. GFTT/ORB is used instead.[0m
[rtabmap-14] [33m[ WARN] (2026-01-10 09:26:50.953) Features2d.cpp:658::create() BRIEF, FREAK and DAISY features cannot be used because OpenCV was not built with xfeatures2d module. GFTT/ORB is used instead.[0m
[rtabmap-14] [33m[ WARN] (2026-01-10 09:26:50.953) Features2d.cpp:658::create() BRIEF, FREAK and DAISY features cannot be used because OpenCV was not built with xfeatures2d module. GFTT/ORB is used instead.[0m
[rtabmap-14] [33m[ WARN] (2026-01-10 09:26:50.959) Features2d.cpp:658::create() BRIEF, FREAK and DAISY features cannot be used because OpenCV was not built with xfeatures2d module. GFTT/ORB is used instead.[0m
[rtabmap-14] [33m[ WARN] (2026-01-10 09:26:50.960) Features2d.cpp:658::create() BRIEF, FREAK and DAISY features cannot be used because OpenCV was not built with xfeatures2d module. GFTT/ORB is used instead.[0m
[rtabmap-14] [33m[ WARN] (2026-01-10 09:26:50.961) Features2d.cpp:658::create() BRIEF, FREAK and DAISY features cannot be used because OpenCV was not built with xfeatures2d module. GFTT/ORB is used instead.[0m
[rtabmap-14] [33m[ WARN] (2026-01-10 09:26:50.965) Features2d.cpp:658::create() BRIEF, FREAK and DAISY features cannot be used because OpenCV was not built with xfeatures2d module. GFTT/ORB is used instead.[0m
[rtabmap-14] [33m[ WARN] (2026-01-10 09:26:50.966) Features2d.cpp:658::create() BRIEF, FREAK and DAISY features cannot be used because OpenCV was not built with xfeatures2d module. GFTT/ORB is used instead.[0m
[rtabmap-14] [33m[ WARN] (2026-01-10 09:26:50.972) Features2d.cpp:658::create() BRIEF, FREAK and DAISY features cannot be used because OpenCV was not built with xfeatures2d module. GFTT/ORB is used instead.[0m
[rtabmap-14] [33m[ WARN] (2026-01-10 09:26:51.001) Features2d.cpp:658::create() BRIEF, FREAK and DAISY features cannot be used because OpenCV was not built with xfeatures2d module. GFTT/ORB is used instead.[0m
[rtabmap-14] [33m[ WARN] (2026-01-10 09:26:51.006) Features2d.cpp:658::create() BRIEF, FREAK and DAISY features cannot be used because OpenCV was not built with xfeatures2d module. GFTT/ORB is used instead.[0m
[rtabmap-14] [33m[ WARN] (2026-01-10 09:26:51.008) Features2d.cpp:658::create() BRIEF, FREAK and DAISY features cannot be used because OpenCV was not built with xfeatures2d module. GFTT/ORB is used instead.[0m
[rtabmap-14] [33m[ WARN] (2026-01-10 09:26:51.030) Features2d.cpp:658::create() BRIEF, FREAK and DAISY features cannot be used because OpenCV was not built with xfeatures2d module. GFTT/ORB is used instead.[0m
[rtabmap-14] [33m[ WARN] (2026-01-10 09:26:51.031) Features2d.cpp:658::create() BRIEF, FREAK and DAISY features cannot be used because OpenCV was not built with xfeatures2d module. GFTT/ORB is used instead.[0m
[rtabmap-14] [33m[ WARN] (2026-01-10 09:26:51.032) Features2d.cpp:658::create() BRIEF, FREAK and DAISY features cannot be used because OpenCV was not built with xfeatures2d module. GFTT/ORB is used instead.[0m
[rtabmap-14] [INFO] [1768033611.065502250] [rtabmap]: Parameters event received!
[rtabmap-14] [INFO] [1768033611.065592714] [rtabmap]: Setting RTAB-Map parameter "Rtabmap/VirtualPlaceLikelihoodRatio"="0"
[rtabmap-14] [INFO] [1768033611.065618622] [rtabmap]: rtabmap: Updating parameters
[rtabmap-14] [INFO] [1768033611.065661826] [rtabmap]: RTAB-Map rate detection = 2.000000 Hz
[rtabmap-14] [INFO] [1768033611.091525253] [rtabmap]: Parameters event received!
[rtabmap-14] [INFO] [1768033611.091614309] [rtabmap]: Setting RTAB-Map parameter "Rtabmap/WorkingDirectory"="/home/robopy/.ros"
[rtabmap-14] [INFO] [1768033611.091642384] [rtabmap]: rtabmap: Updating parameters
[rtabmap-14] [INFO] [1768033611.091689940] [rtabmap]: RTAB-Map rate detection = 2.000000 Hz
[rtabmap-14] [INFO] [1768033611.106184554] [rtabmap]: Parameters event received!
[rtabmap-14] [INFO] [1768033611.106324204] [rtabmap]: Setting RTAB-Map parameter "SIFT/ContrastThreshold"="0.04"
[rtabmap-14] [INFO] [1768033611.106359500] [rtabmap]: rtabmap: Updating parameters
[rtabmap-14] [INFO] [1768033611.106414241] [rtabmap]: RTAB-Map rate detection = 2.000000 Hz
[rtabmap-14] [INFO] [1768033611.118999730] [rtabmap]: Parameters event received!
[rtabmap-14] [INFO] [1768033611.119083860] [rtabmap]: Setting RTAB-Map parameter "SIFT/EdgeThreshold"="10"
[rtabmap-14] [INFO] [1768033611.119105638] [rtabmap]: rtabmap: Updating parameters
[rtabmap-14] [INFO] [1768033611.119143083] [rtabmap]: RTAB-Map rate detection = 2.000000 Hz
[superpoint_node-2] [INFO] [1768033611.119479789] [superpoint_node]: Keypoints estratti: 800
[superpoint_node-2] [ERROR] [1768033611.125226131] [superpoint_node]: Errore pubblicazione keypoints 3D: could not assign tuple of length 3 to structure with 4 fields.
[rtabmap-14] [INFO] [1768033611.127982412] [rtabmap]: Parameters event received!
[rtabmap-14] [INFO] [1768033611.128070080] [rtabmap]: Setting RTAB-Map parameter "SIFT/GaussianThreshold"="2.0"
[rtabmap-14] [INFO] [1768033611.128097024] [rtabmap]: rtabmap: Updating parameters
[rtabmap-14] [INFO] [1768033611.128135191] [rtabmap]: RTAB-Map rate detection = 2.000000 Hz
[rtabmap-14] [INFO] [1768033611.149097413] [rtabmap]: Parameters event received!
[rtabmap-14] [INFO] [1768033611.149190617] [rtabmap]: Setting RTAB-Map parameter "SIFT/Gpu"="false"
[rtabmap-14] [INFO] [1768033611.149260396] [rtabmap]: rtabmap: Updating parameters
[rtabmap-14] [INFO] [1768033611.149305637] [rtabmap]: RTAB-Map rate detection = 2.000000 Hz
[rtabmap-14] [INFO] [1768033611.157836964] [rtabmap]: Parameters event received!
[rtabmap-14] [INFO] [1768033611.157933668] [rtabmap]: Setting RTAB-Map parameter "SIFT/NOctaveLayers"="3"
[rtabmap-14] [INFO] [1768033611.157959280] [rtabmap]: rtabmap: Updating parameters
[rtabmap-14] [INFO] [1768033611.158003002] [rtabmap]: RTAB-Map rate detection = 2.000000 Hz
[rtabmap-14] [INFO] [1768033611.182826847] [rtabmap]: Parameters event received!
[rtabmap-14] [INFO] [1768033611.182980015] [rtabmap]: Setting RTAB-Map parameter "SIFT/PreciseUpscale"="false"
[rtabmap-14] [INFO] [1768033611.183029849] [rtabmap]: rtabmap: Updating parameters
[rtabmap-14] [INFO] [1768033611.183089738] [rtabmap]: RTAB-Map rate detection = 2.000000 Hz
[superpoint_node-2] [INFO] [1768033611.219919641] [superpoint_node]: Keypoints estratti: 800
[superpoint_node-2] [ERROR] [1768033611.225669298] [superpoint_node]: Errore pubblicazione keypoints 3D: could not assign tuple of length 3 to structure with 4 fields.
[rtabmap-14] [INFO] [1768033611.255368626] [rtabmap]: rtabmap (278): Rate=0.50s, Limit=0.001s, Conversion=0.0003s, RTAB-Map=0.0461s, Maps update=0.0008s pub=0.0025s delay=0.0860s (local map=0, WM=0)
[rtabmap-14] [INFO] [1768033611.257275844] [rtabmap]: Parameters event received!
[rtabmap-14] [INFO] [1768033611.257361364] [rtabmap]: Setting RTAB-Map parameter "SIFT/RootSIFT"="false"
[rtabmap-14] [INFO] [1768033611.257391975] [rtabmap]: rtabmap: Updating parameters
[rtabmap-14] [INFO] [1768033611.257452753] [rtabmap]: RTAB-Map rate detection = 2.000000 Hz
[rtabmap-14] [INFO] [1768033611.266736882] [rtabmap]: Parameters event received!
[rtabmap-14] [INFO] [1768033611.266820846] [rtabmap]: Setting RTAB-Map parameter "SIFT/Sigma"="1.6"
[rtabmap-14] [INFO] [1768033611.266845328] [rtabmap]: rtabmap: Updating parameters
[rtabmap-14] [INFO] [1768033611.266877550] [rtabmap]: RTAB-Map rate detection = 2.000000 Hz
[rtabmap-14] [INFO] [1768033611.290171605] [rtabmap]: Parameters event received!
[rtabmap-14] [INFO] [1768033611.290329106] [rtabmap]: Setting RTAB-Map parameter "SIFT/Upscale"="false"
[rtabmap-14] [INFO] [1768033611.290369255] [rtabmap]: rtabmap: Updating parameters
[rtabmap-14] [INFO] [1768033611.290418922] [rtabmap]: RTAB-Map rate detection = 2.000000 Hz
[rtabmap-14] [INFO] [1768033611.310316543] [rtabmap]: Parameters event received!
[rtabmap-14] [INFO] [1768033611.310473322] [rtabmap]: Setting RTAB-Map parameter "SURF/Extended"="false"
[rtabmap-14] [INFO] [1768033611.310513952] [rtabmap]: rtabmap: Updating parameters
[rtabmap-14] [INFO] [1768033611.310580082] [rtabmap]: RTAB-Map rate detection = 2.000000 Hz
[superpoint_node-2] [INFO] [1768033611.318377755] [superpoint_node]: Keypoints estratti: 800
[rtabmap-14] [INFO] [1768033611.320029157] [rtabmap]: Parameters event received!
[rtabmap-14] [INFO] [1768033611.320097398] [rtabmap]: Setting RTAB-Map parameter "SURF/GpuKeypointsRatio"="0.01"
[rtabmap-14] [INFO] [1768033611.320118305] [rtabmap]: rtabmap: Updating parameters
[rtabmap-14] [INFO] [1768033611.320155787] [rtabmap]: RTAB-Map rate detection = 2.000000 Hz
[rtabmap-14] [33m[ WARN] (2026-01-10 09:26:51.050) Features2d.cpp:658::create() BRIEF, FREAK and DAISY features cannot be used because OpenCV was not built with xfeatures2d module. GFTT/ORB is used instead.[0m
[rtabmap-14] [33m[ WARN] (2026-01-10 09:26:51.051) Features2d.cpp:658::create() BRIEF, FREAK and DAISY features cannot be used because OpenCV was not built with xfeatures2d module. GFTT/ORB is used instead.[0m
[rtabmap-14] [33m[ WARN] (2026-01-10 09:26:51.051) Features2d.cpp:658::create() BRIEF, FREAK and DAISY features cannot be used because OpenCV was not built with xfeatures2d module. GFTT/ORB is used instead.[0m
[rtabmap-14] [33m[ WARN] (2026-01-10 09:26:51.066) Features2d.cpp:658::create() BRIEF, FREAK and DAISY features cannot be used because OpenCV was not built with xfeatures2d module. GFTT/ORB is used instead.[0m
[rtabmap-14] [33m[ WARN] (2026-01-10 09:26:51.074) Features2d.cpp:658::create() BRIEF, FREAK and DAISY features cannot be used because OpenCV was not built with xfeatures2d module. GFTT/ORB is used instead.[0m
[rtabmap-14] [33m[ WARN] (2026-01-10 09:26:51.075) Features2d.cpp:658::create() BRIEF, FREAK and DAISY features cannot be used because OpenCV was not built with xfeatures2d module. GFTT/ORB is used instead.[0m
[rtabmap-14] [33m[ WARN] (2026-01-10 09:26:51.094) Features2d.cpp:658::create() BRIEF, FREAK and DAISY features cannot be used because OpenCV was not built with xfeatures2d module. GFTT/ORB is used instead.[0m
[rtabmap-14] [33m[ WARN] (2026-01-10 09:26:51.096) Features2d.cpp:658::create() BRIEF, FREAK and DAISY features cannot be used because OpenCV was not built with xfeatures2d module. GFTT/ORB is used instead.[0m
[rtabmap-14] [33m[ WARN] (2026-01-10 09:26:51.097) Features2d.cpp:658::create() BRIEF, FREAK and DAISY features cannot be used because OpenCV was not built with xfeatures2d module. GFTT/ORB is used instead.[0m
[rtabmap-14] [33m[ WARN] (2026-01-10 09:26:51.107) Features2d.cpp:658::create() BRIEF, FREAK and DAISY features cannot be used because OpenCV was not built with xfeatures2d module. GFTT/ORB is used instead.[0m
[rtabmap-14] [33m[ WARN] (2026-01-10 09:26:51.108) Features2d.cpp:658::create() BRIEF, FREAK and DAISY features cannot be used because OpenCV was not built with xfeatures2d module. GFTT/ORB is used instead.[0m
[rtabmap-14] [33m[ WARN] (2026-01-10 09:26:51.112) Features2d.cpp:658::create() BRIEF, FREAK and DAISY features cannot be used because OpenCV was not built with xfeatures2d module. GFTT/ORB is used instead.[0m
[rtabmap-14] [33m[ WARN] (2026-01-10 09:26:51.122) Features2d.cpp:658::create() BRIEF, FREAK and DAISY features cannot be used because OpenCV was not built with xfeatures2d module. GFTT/ORB is used instead.[0m
[rtabmap-14] [33m[ WARN] (2026-01-10 09:26:51.123) Features2d.cpp:658::create() BRIEF, FREAK and DAISY features cannot be used because OpenCV was not built with xfeatures2d module. GFTT/ORB is used instead.[0m
[rtabmap-14] [33m[ WARN] (2026-01-10 09:26:51.124) Features2d.cpp:658::create() BRIEF, FREAK and DAISY features cannot be used because OpenCV was not built with xfeatures2d module. GFTT/ORB is used instead.[0m
[rtabmap-14] [33m[ WARN] (2026-01-10 09:26:51.128) Features2d.cpp:658::create() BRIEF, FREAK and DAISY features cannot be used because OpenCV was not built with xfeatures2d module. GFTT/ORB is used instead.[0m
[rtabmap-14] [33m[ WARN] (2026-01-10 09:26:51.129) Features2d.cpp:658::create() BRIEF, FREAK and DAISY features cannot be used because OpenCV was not built with xfeatures2d module. GFTT/ORB is used instead.[0m
[rtabmap-14] [33m[ WARN] (2026-01-10 09:26:51.130) Features2d.cpp:658::create() BRIEF, FREAK and DAISY features cannot be used because OpenCV was not built with xfeatures2d module. GFTT/ORB is used instead.[0m
[rtabmap-14] [33m[ WARN] (2026-01-10 09:26:51.149) Features2d.cpp:658::create() BRIEF, FREAK and DAISY features cannot be used because OpenCV was not built with xfeatures2d module. GFTT/ORB is used instead.[0m
[rtabmap-14] [33m[ WARN] (2026-01-10 09:26:51.151) Features2d.cpp:658::create() BRIEF, FREAK and DAISY features cannot be used because OpenCV was not built with xfeatures2d module. GFTT/ORB is used instead.[0m
[rtabmap-14] [33m[ WARN] (2026-01-10 09:26:51.151) Features2d.cpp:658::create() BRIEF, FREAK and DAISY features cannot be used because OpenCV was not built with xfeatures2d module. GFTT/ORB is used instead.[0m
[rtabmap-14] [33m[ WARN] (2026-01-10 09:26:51.163) Features2d.cpp:658::create() BRIEF, FREAK and DAISY features cannot be used because OpenCV was not built with xfeatures2d module. GFTT/ORB is used instead.[0m
[rtabmap-14] [33m[ WARN] (2026-01-10 09:26:51.164) Features2d.cpp:658::create() BRIEF, FREAK and DAISY features cannot be used because OpenCV was not built with xfeatures2d module. GFTT/ORB is used instead.[0m
[rtabmap-14] [33m[ WARN] (2026-01-10 09:26:51.164) Features2d.cpp:658::create() BRIEF, FREAK and DAISY features cannot be used because OpenCV was not built with xfeatures2d module. GFTT/ORB is used instead.[0m
[rtabmap-14] [33m[ WARN] (2026-01-10 09:26:51.188) Features2d.cpp:658::create() BRIEF, FREAK and DAISY features cannot be used because OpenCV was not built with xfeatures2d module. GFTT/ORB is used instead.[0m
[rtabmap-14] [33m[ WARN] (2026-01-10 09:26:51.189) Features2d.cpp:658::create() BRIEF, FREAK and DAISY features cannot be used because OpenCV was not built with xfeatures2d module. GFTT/ORB is used instead.[0m
[rtabmap-14] [33m[ WARN] (2026-01-10 09:26:51.189) Features2d.cpp:658::create() BRIEF, FREAK and DAISY features cannot be used because OpenCV was not built with xfeatures2d module. GFTT/ORB is used instead.[0m
[rtabmap-14] [33m[ WARN] (2026-01-10 09:26:51.252) MapsManager.cpp:863::publishMaps() Graph has changed! The whole cloud is regenerated.[0m
[rtabmap-14] [33m[ WARN] (2026-01-10 09:26:51.253) OccupancyGrid.cpp:169::getProbMap() Map info is empty, cannot generate probabilistic occupancy grid[0m
[rtabmap-14] [33m[ WARN] (2026-01-10 09:26:51.260) Features2d.cpp:658::create() BRIEF, FREAK and DAISY features cannot be used because OpenCV was not built with xfeatures2d module. GFTT/ORB is used instead.[0m
[rtabmap-14] [33m[ WARN] (2026-01-10 09:26:51.263) Features2d.cpp:658::create() BRIEF, FREAK and DAISY features cannot be used because OpenCV was not built with xfeatures2d module. GFTT/ORB is used instead.[0m
[rtabmap-14] [33m[ WARN] (2026-01-10 09:26:51.263) Features2d.cpp:658::create() BRIEF, FREAK and DAISY features cannot be used because OpenCV was not built with xfeatures2d module. GFTT/ORB is used instead.[0m
[rtabmap-14] [33m[ WARN] (2026-01-10 09:26:51.267) Features2d.cpp:658::create() BRIEF, FREAK and DAISY features cannot be used because OpenCV was not built with xfeatures2d module. GFTT/ORB is used instead.[0m
[rtabmap-14] [33m[ WARN] (2026-01-10 09:26:51.268) Features2d.cpp:658::create() BRIEF, FREAK and DAISY features cannot be used because OpenCV was not built with xfeatures2d module. GFTT/ORB is used instead.[0m
[rtabmap-14] [33m[ WARN] (2026-01-10 09:26:51.269) Features2d.cpp:658::create() BRIEF, FREAK and DAISY features cannot be used because OpenCV was not built with xfeatures2d module. GFTT/ORB is used instead.[0m
[rtabmap-14] [33m[ WARN] (2026-01-10 09:26:51.293) Features2d.cpp:658::create() BRIEF, FREAK and DAISY features cannot be used because OpenCV was not built with xfeatures2d module. GFTT/ORB is used instead.[0m
[rtabmap-14] [33m[ WARN] (2026-01-10 09:26:51.294) Features2d.cpp:658::create() BRIEF, FREAK and DAISY features cannot be used because OpenCV was not built with xfeatures2d module. GFTT/ORB is used instead.[0m
[rtabmap-14] [33m[ WARN] (2026-01-10 09:26:51.297) Features2d.cpp:658::create() BRIEF, FREAK and DAISY features cannot be used because OpenCV was not built with xfeatures2d module. GFTT/ORB is used instead.[0m
[rtabmap-14] [33m[ WARN] (2026-01-10 09:26:51.311) Features2d.cpp:658::create() BRIEF, FREAK and DAISY features cannot be used because OpenCV was not built with xfeatures2d module. GFTT/ORB is used instead.[0m
[rtabmap-14] [33m[ WARN] (2026-01-10 09:26:51.312) Features2d.cpp:658::create() BRIEF, FREAK and DAISY features cannot be used because OpenCV was not built with xfeatures2d module. GFTT/ORB is used instead.[0m
[rtabmap-14] [33m[ WARN] (2026-01-10 09:26:51.313) Features2d.cpp:658::create() BRIEF, FREAK and DAISY features cannot be used because OpenCV was not built with xfeatures2d module. GFTT/ORB is used instead.[0m
[rtabmap-14] [33m[ WARN] (2026-01-10 09:26:51.320) Features2d.cpp:658::create() BRIEF, FREAK and DAISY features cannot be used because OpenCV was not built with xfeatures2d module. GFTT/ORB is used instead.[0m
[rtabmap-14] [INFO] [1768033611.327193417] [rtabmap]: Parameters event received!
[rtabmap-14] [INFO] [1768033611.327289344] [rtabmap]: Setting RTAB-Map parameter "SURF/GpuVersion"="false"
[rtabmap-14] [INFO] [1768033611.327314622] [rtabmap]: rtabmap: Updating parameters
[rtabmap-14] [INFO] [1768033611.327353641] [rtabmap]: RTAB-Map rate detection = 2.000000 Hz
[superpoint_node-2] [ERROR] [1768033611.327985627] [superpoint_node]: Errore pubblicazione keypoints 3D: could not assign tuple of length 3 to structure with 4 fields.
[rtabmap-14] [INFO] [1768033611.340766858] [rtabmap]: Parameters event received!
[rtabmap-14] [INFO] [1768033611.340845025] [rtabmap]: Setting RTAB-Map parameter "SURF/HessianThreshold"="500"
[rtabmap-14] [INFO] [1768033611.340871396] [rtabmap]: rtabmap: Updating parameters
[rtabmap-14] [INFO] [1768033611.340905433] [rtabmap]: RTAB-Map rate detection = 2.000000 Hz
[rtabmap-14] [INFO] [1768033611.350660381] [rtabmap]: Parameters event received!
[rtabmap-14] [INFO] [1768033611.354842599] [rtabmap]: Setting RTAB-Map parameter "SURF/OctaveLayers"="2"
[rtabmap-14] [INFO] [1768033611.354886414] [rtabmap]: rtabmap: Updating parameters
[rtabmap-14] [INFO] [1768033611.354925211] [rtabmap]: RTAB-Map rate detection = 2.000000 Hz
[rtabmap-14] [INFO] [1768033611.368510633] [rtabmap]: Parameters event received!
[rtabmap-14] [INFO] [1768033611.368591708] [rtabmap]: Setting RTAB-Map parameter "SURF/Octaves"="4"
[rtabmap-14] [INFO] [1768033611.368612042] [rtabmap]: rtabmap: Updating parameters
[rtabmap-14] [INFO] [1768033611.368647060] [rtabmap]: RTAB-Map rate detection = 2.000000 Hz
[rtabmap-14] [INFO] [1768033611.393843130] [rtabmap]: Parameters event received!
[rtabmap-14] [INFO] [1768033611.393953261] [rtabmap]: Setting RTAB-Map parameter "SURF/Upright"="false"
[rtabmap-14] [INFO] [1768033611.393984521] [rtabmap]: rtabmap: Updating parameters
[rtabmap-14] [INFO] [1768033611.394033558] [rtabmap]: RTAB-Map rate detection = 2.000000 Hz
[rtabmap-14] [INFO] [1768033611.412607631] [rtabmap]: Parameters event received!
[rtabmap-14] [INFO] [1768033611.412795558] [rtabmap]: Setting RTAB-Map parameter "Stereo/DenseStrategy"="0"
[rtabmap-14] [INFO] [1768033611.412830892] [rtabmap]: rtabmap: Updating parameters
[rtabmap-14] [INFO] [1768033611.412883781] [rtabmap]: RTAB-Map rate detection = 2.000000 Hz
[rtabmap-14] [INFO] [1768033611.428841982] [rtabmap]: Parameters event received!
[rtabmap-14] [INFO] [1768033611.428985298] [rtabmap]: Setting RTAB-Map parameter "Stereo/Eps"="0.01"
[rtabmap-14] [INFO] [1768033611.429012280] [rtabmap]: rtabmap: Updating parameters
[rtabmap-14] [INFO] [1768033611.429064669] [rtabmap]: RTAB-Map rate detection = 2.000000 Hz
[superpoint_node-2] [INFO] [1768033611.452366446] [superpoint_node]: Keypoints estratti: 800
[rtabmap-14] [INFO] [1768033611.452407872] [rtabmap]: Parameters event received!
[rtabmap-14] [INFO] [1768033611.452486466] [rtabmap]: Setting RTAB-Map parameter "Stereo/Gpu"="false"
[rtabmap-14] [INFO] [1768033611.452514707] [rtabmap]: rtabmap: Updating parameters
[rtabmap-14] [INFO] [1768033611.452559948] [rtabmap]: RTAB-Map rate detection = 2.000000 Hz
[superpoint_node-2] [ERROR] [1768033611.458440217] [superpoint_node]: Errore pubblicazione keypoints 3D: could not assign tuple of length 3 to structure with 4 fields.
[rtabmap-14] [INFO] [1768033611.460207990] [rtabmap]: Parameters event received!
[rtabmap-14] [INFO] [1768033611.460328954] [rtabmap]: Setting RTAB-Map parameter "Stereo/Iterations"="30"
[rtabmap-14] [INFO] [1768033611.460365121] [rtabmap]: rtabmap: Updating parameters
[rtabmap-14] [INFO] [1768033611.460410269] [rtabmap]: RTAB-Map rate detection = 2.000000 Hz
[rtabmap-14] [INFO] [1768033611.473406391] [rtabmap]: Parameters event received!
[rtabmap-14] [INFO] [1768033611.473484058] [rtabmap]: Setting RTAB-Map parameter "Stereo/MaxDisparity"="128.0"
[rtabmap-14] [INFO] [1768033611.473506095] [rtabmap]: rtabmap: Updating parameters
[rtabmap-14] [INFO] [1768033611.473540595] [rtabmap]: RTAB-Map rate detection = 2.000000 Hz
[rtabmap-14] [INFO] [1768033611.486814867] [rtabmap]: Parameters event received!
[rtabmap-14] [INFO] [1768033611.486907516] [rtabmap]: Setting RTAB-Map parameter "Stereo/MaxLevel"="5"
[rtabmap-14] [INFO] [1768033611.486938239] [rtabmap]: rtabmap: Updating parameters
[rtabmap-14] [INFO] [1768033611.486979813] [rtabmap]: RTAB-Map rate detection = 2.000000 Hz
[rtabmap-14] [INFO] [1768033611.498770795] [rtabmap]: Parameters event received!
[rtabmap-14] [INFO] [1768033611.498847481] [rtabmap]: Setting RTAB-Map parameter "Stereo/MinDisparity"="0.5"
[rtabmap-14] [INFO] [1768033611.498869389] [rtabmap]: rtabmap: Updating parameters
[rtabmap-14] [INFO] [1768033611.498956778] [rtabmap]: RTAB-Map rate detection = 2.000000 Hz
[rtabmap-14] [INFO] [1768033611.530955606] [rtabmap]: Parameters event received!
[rtabmap-14] [INFO] [1768033611.531112292] [rtabmap]: Setting RTAB-Map parameter "Stereo/OpticalFlow"="true"
[rtabmap-14] [INFO] [1768033611.531138256] [rtabmap]: rtabmap: Updating parameters
[rtabmap-14] [INFO] [1768033611.531209238] [rtabmap]: RTAB-Map rate detection = 2.000000 Hz
[superpoint_node-2] [INFO] [1768033611.549404215] [superpoint_node]: Keypoints estratti: 800
[rtabmap-14] [INFO] [1768033611.552239534] [rtabmap]: Parameters event received!
[superpoint_node-2] [ERROR] [1768033611.555686154] [superpoint_node]: Errore pubblicazione keypoints 3D: could not assign tuple of length 3 to structure with 4 fields.
[rtabmap-14] [INFO] [1768033611.557038331] [rtabmap]: Setting RTAB-Map parameter "Stereo/SSD"="true"
[rtabmap-14] [INFO] [1768033611.557097184] [rtabmap]: rtabmap: Updating parameters
[rtabmap-14] [INFO] [1768033611.557138165] [rtabmap]: RTAB-Map rate detection = 2.000000 Hz
[rtabmap-14] [33m[ WARN] (2026-01-10 09:26:51.321) Features2d.cpp:658::create() BRIEF, FREAK and DAISY features cannot be used because OpenCV was not built with xfeatures2d module. GFTT/ORB is used instead.[0m
[rtabmap-14] [33m[ WARN] (2026-01-10 09:26:51.322) Features2d.cpp:658::create() BRIEF, FREAK and DAISY features cannot be used because OpenCV was not built with xfeatures2d module. GFTT/ORB is used instead.[0m
[rtabmap-14] [33m[ WARN] (2026-01-10 09:26:51.327) Features2d.cpp:658::create() BRIEF, FREAK and DAISY features cannot be used because OpenCV was not built with xfeatures2d module. GFTT/ORB is used instead.[0m
[rtabmap-14] [33m[ WARN] (2026-01-10 09:26:51.329) Features2d.cpp:658::create() BRIEF, FREAK and DAISY features cannot be used because OpenCV was not built with xfeatures2d module. GFTT/ORB is used instead.[0m
[rtabmap-14] [33m[ WARN] (2026-01-10 09:26:51.329) Features2d.cpp:658::create() BRIEF, FREAK and DAISY features cannot be used because OpenCV was not built with xfeatures2d module. GFTT/ORB is used instead.[0m
[rtabmap-14] [33m[ WARN] (2026-01-10 09:26:51.341) Features2d.cpp:658::create() BRIEF, FREAK and DAISY features cannot be used because OpenCV was not built with xfeatures2d module. GFTT/ORB is used instead.[0m
[rtabmap-14] [33m[ WARN] (2026-01-10 09:26:51.342) Features2d.cpp:658::create() BRIEF, FREAK and DAISY features cannot be used because OpenCV was not built with xfeatures2d module. GFTT/ORB is used instead.[0m
[rtabmap-14] [33m[ WARN] (2026-01-10 09:26:51.343) Features2d.cpp:658::create() BRIEF, FREAK and DAISY features cannot be used because OpenCV was not built with xfeatures2d module. GFTT/ORB is used instead.[0m
[rtabmap-14] [33m[ WARN] (2026-01-10 09:26:51.355) Features2d.cpp:658::create() BRIEF, FREAK and DAISY features cannot be used because OpenCV was not built with xfeatures2d module. GFTT/ORB is used instead.[0m
[rtabmap-14] [33m[ WARN] (2026-01-10 09:26:51.357) Features2d.cpp:658::create() BRIEF, FREAK and DAISY features cannot be used because OpenCV was not built with xfeatures2d module. GFTT/ORB is used instead.[0m
[rtabmap-14] [33m[ WARN] (2026-01-10 09:26:51.359) Features2d.cpp:658::create() BRIEF, FREAK and DAISY features cannot be used because OpenCV was not built with xfeatures2d module. GFTT/ORB is used instead.[0m
[rtabmap-14] [33m[ WARN] (2026-01-10 09:26:51.369) Features2d.cpp:658::create() BRIEF, FREAK and DAISY features cannot be used because OpenCV was not built with xfeatures2d module. GFTT/ORB is used instead.[0m
[rtabmap-14] [33m[ WARN] (2026-01-10 09:26:51.371) Features2d.cpp:658::create() BRIEF, FREAK and DAISY features cannot be used because OpenCV was not built with xfeatures2d module. GFTT/ORB is used instead.[0m
[rtabmap-14] [33m[ WARN] (2026-01-10 09:26:51.376) Features2d.cpp:658::create() BRIEF, FREAK and DAISY features cannot be used because OpenCV was not built with xfeatures2d module. GFTT/ORB is used instead.[0m
[rtabmap-14] [33m[ WARN] (2026-01-10 09:26:51.396) Features2d.cpp:658::create() BRIEF, FREAK and DAISY features cannot be used because OpenCV was not built with xfeatures2d module. GFTT/ORB is used instead.[0m
[rtabmap-14] [33m[ WARN] (2026-01-10 09:26:51.398) Features2d.cpp:658::create() BRIEF, FREAK and DAISY features cannot be used because OpenCV was not built with xfeatures2d module. GFTT/ORB is used instead.[0m
[rtabmap-14] [33m[ WARN] (2026-01-10 09:26:51.403) Features2d.cpp:658::create() BRIEF, FREAK and DAISY features cannot be used because OpenCV was not built with xfeatures2d module. GFTT/ORB is used instead.[0m
[rtabmap-14] [33m[ WARN] (2026-01-10 09:26:51.415) Features2d.cpp:658::create() BRIEF, FREAK and DAISY features cannot be used because OpenCV was not built with xfeatures2d module. GFTT/ORB is used instead.[0m
[rtabmap-14] [33m[ WARN] (2026-01-10 09:26:51.416) Features2d.cpp:658::create() BRIEF, FREAK and DAISY features cannot be used because OpenCV was not built with xfeatures2d module. GFTT/ORB is used instead.[0m
[rtabmap-14] [33m[ WARN] (2026-01-10 09:26:51.417) Features2d.cpp:658::create() BRIEF, FREAK and DAISY features cannot be used because OpenCV was not built with xfeatures2d module. GFTT/ORB is used instead.[0m
[rtabmap-14] [33m[ WARN] (2026-01-10 09:26:51.429) Features2d.cpp:658::create() BRIEF, FREAK and DAISY features cannot be used because OpenCV was not built with xfeatures2d module. GFTT/ORB is used instead.[0m
[rtabmap-14] [33m[ WARN] (2026-01-10 09:26:51.441) Features2d.cpp:658::create() BRIEF, FREAK and DAISY features cannot be used because OpenCV was not built with xfeatures2d module. GFTT/ORB is used instead.[0m
[rtabmap-14] [33m[ WARN] (2026-01-10 09:26:51.442) Features2d.cpp:658::create() BRIEF, FREAK and DAISY features cannot be used because OpenCV was not built with xfeatures2d module. GFTT/ORB is used instead.[0m
[rtabmap-14] [33m[ WARN] (2026-01-10 09:26:51.453) Features2d.cpp:658::create() BRIEF, FREAK and DAISY features cannot be used because OpenCV was not built with xfeatures2d module. GFTT/ORB is used instead.[0m
[rtabmap-14] [33m[ WARN] (2026-01-10 09:26:51.454) Features2d.cpp:658::create() BRIEF, FREAK and DAISY features cannot be used because OpenCV was not built with xfeatures2d module. GFTT/ORB is used instead.[0m
[rtabmap-14] [33m[ WARN] (2026-01-10 09:26:51.454) Features2d.cpp:658::create() BRIEF, FREAK and DAISY features cannot be used because OpenCV was not built with xfeatures2d module. GFTT/ORB is used instead.[0m
[rtabmap-14] [33m[ WARN] (2026-01-10 09:26:51.461) Features2d.cpp:658::create() BRIEF, FREAK and DAISY features cannot be used because OpenCV was not built with xfeatures2d module. GFTT/ORB is used instead.[0m
[rtabmap-14] [33m[ WARN] (2026-01-10 09:26:51.462) Features2d.cpp:658::create() BRIEF, FREAK and DAISY features cannot be used because OpenCV was not built with xfeatures2d module. GFTT/ORB is used instead.[0m
[rtabmap-14] [33m[ WARN] (2026-01-10 09:26:51.467) Features2d.cpp:658::create() BRIEF, FREAK and DAISY features cannot be used because OpenCV was not built with xfeatures2d module. GFTT/ORB is used instead.[0m
[rtabmap-14] [33m[ WARN] (2026-01-10 09:26:51.474) Features2d.cpp:658::create() BRIEF, FREAK and DAISY features cannot be used because OpenCV was not built with xfeatures2d module. GFTT/ORB is used instead.[0m
[rtabmap-14] [33m[ WARN] (2026-01-10 09:26:51.475) Features2d.cpp:658::create() BRIEF, FREAK and DAISY features cannot be used because OpenCV was not built with xfeatures2d module. GFTT/ORB is used instead.[0m
[rtabmap-14] [33m[ WARN] (2026-01-10 09:26:51.476) Features2d.cpp:658::create() BRIEF, FREAK and DAISY features cannot be used because OpenCV was not built with xfeatures2d module. GFTT/ORB is used instead.[0m
[rtabmap-14] [33m[ WARN] (2026-01-10 09:26:51.487) Features2d.cpp:658::create() BRIEF, FREAK and DAISY features cannot be used because OpenCV was not built with xfeatures2d module. GFTT/ORB is used instead.[0m
[rtabmap-14] [33m[ WARN] (2026-01-10 09:26:51.488) Features2d.cpp:658::create() BRIEF, FREAK and DAISY features cannot be used because OpenCV was not built with xfeatures2d module. GFTT/ORB is used instead.[0m
[rtabmap-14] [33m[ WARN] (2026-01-10 09:26:51.489) Features2d.cpp:658::create() BRIEF, FREAK and DAISY features cannot be used because OpenCV was not built with xfeatures2d module. GFTT/ORB is used instead.[0m
[rtabmap-14] [33m[ WARN] (2026-01-10 09:26:51.499) Features2d.cpp:658::create() BRIEF, FREAK and DAISY features cannot be used because OpenCV was not built with xfeatures2d module. GFTT/ORB is used instead.[0m
[rtabmap-14] [33m[ WARN] (2026-01-10 09:26:51.508) Features2d.cpp:658::create() BRIEF, FREAK and DAISY features cannot be used because OpenCV was not built with xfeatures2d module. GFTT/ORB is used instead.[0m
[rtabmap-14] [33m[ WARN] (2026-01-10 09:26:51.513) Features2d.cpp:658::create() BRIEF, FREAK and DAISY features cannot be used because OpenCV was not built with xfeatures2d module. GFTT/ORB is used instead.[0m
[rtabmap-14] [33m[ WARN] (2026-01-10 09:26:51.532) Features2d.cpp:658::create() BRIEF, FREAK and DAISY features cannot be used because OpenCV was not built with xfeatures2d module. GFTT/ORB is used instead.[0m
[rtabmap-14] [33m[ WARN] (2026-01-10 09:26:51.533) Features2d.cpp:658::create() BRIEF, FREAK and DAISY features cannot be used because OpenCV was not built with xfeatures2d module. GFTT/ORB is used instead.[0m
[rtabmap-14] [33m[ WARN] (2026-01-10 09:26:51.534) Features2d.cpp:658::create() BRIEF, FREAK and DAISY features cannot be used because OpenCV was not built with xfeatures2d module. GFTT/ORB is used instead.[0m
[rtabmap-14] [INFO] [1768033611.573182385] [rtabmap]: Parameters event received!
[rtabmap-14] [INFO] [1768033611.573265978] [rtabmap]: Setting RTAB-Map parameter "Stereo/WinHeight"="3"
[rtabmap-14] [INFO] [1768033611.573288886] [rtabmap]: rtabmap: Updating parameters
[rtabmap-14] [INFO] [1768033611.573328442] [rtabmap]: RTAB-Map rate detection = 2.000000 Hz
[rtabmap-14] [INFO] [1768033611.599909745] [rtabmap]: Parameters event received!
[rtabmap-14] [INFO] [1768033611.600024672] [rtabmap]: Setting RTAB-Map parameter "Stereo/WinWidth"="15"
[rtabmap-14] [INFO] [1768033611.600065802] [rtabmap]: rtabmap: Updating parameters
[rtabmap-14] [INFO] [1768033611.600128376] [rtabmap]: RTAB-Map rate detection = 2.000000 Hz
[rtabmap-14] [INFO] [1768033611.638958406] [rtabmap]: Parameters event received!
[rtabmap-14] [INFO] [1768033611.639176612] [rtabmap]: Setting RTAB-Map parameter "StereoBM/BlockSize"="15"
[rtabmap-14] [INFO] [1768033611.639207075] [rtabmap]: rtabmap: Updating parameters
[rtabmap-14] [INFO] [1768033611.639277409] [rtabmap]: RTAB-Map rate detection = 2.000000 Hz
[superpoint_node-2] [INFO] [1768033611.658881009] [superpoint_node]: Keypoints estratti: 800
[rtabmap-14] [INFO] [1768033611.660186686] [rtabmap]: Parameters event received!
[rtabmap-14] [INFO] [1768033611.660278927] [rtabmap]: Setting RTAB-Map parameter "StereoBM/Disp12MaxDiff"="-1"
[rtabmap-14] [INFO] [1768033611.660319131] [rtabmap]: rtabmap: Updating parameters
[rtabmap-14] [INFO] [1768033611.660361372] [rtabmap]: RTAB-Map rate detection = 2.000000 Hz
[superpoint_node-2] [ERROR] [1768033611.665602914] [superpoint_node]: Errore pubblicazione keypoints 3D: could not assign tuple of length 3 to structure with 4 fields.
[rtabmap-14] [INFO] [1768033611.668628142] [rtabmap]: Parameters event received!
[rtabmap-14] [INFO] [1768033611.668719513] [rtabmap]: Setting RTAB-Map parameter "StereoBM/MinDisparity"="0"
[rtabmap-14] [INFO] [1768033611.668770106] [rtabmap]: rtabmap: Updating parameters
[rtabmap-14] [INFO] [1768033611.668813847] [rtabmap]: RTAB-Map rate detection = 2.000000 Hz
[rtabmap-14] [INFO] [1768033611.691934011] [rtabmap]: Parameters event received!
[rtabmap-14] [INFO] [1768033611.692064772] [rtabmap]: Setting RTAB-Map parameter "StereoBM/NumDisparities"="128"
[rtabmap-14] [INFO] [1768033611.692107883] [rtabmap]: rtabmap: Updating parameters
[rtabmap-14] [INFO] [1768033611.692163661] [rtabmap]: RTAB-Map rate detection = 2.000000 Hz
[rtabmap-14] [INFO] [1768033611.699007734] [rtabmap]: Parameters event received!
[rtabmap-14] [INFO] [1768033611.699108994] [rtabmap]: Setting RTAB-Map parameter "StereoBM/PreFilterCap"="31"
[rtabmap-14] [INFO] [1768033611.699136643] [rtabmap]: rtabmap: Updating parameters
[rtabmap-14] [INFO] [1768033611.699178050] [rtabmap]: RTAB-Map rate detection = 2.000000 Hz
[rtabmap-14] [INFO] [1768033611.725396091] [rtabmap]: Parameters event received!
[rtabmap-14] [INFO] [1768033611.725541500] [rtabmap]: Setting RTAB-Map parameter "StereoBM/PreFilterSize"="9"
[rtabmap-14] [INFO] [1768033611.725565037] [rtabmap]: rtabmap: Updating parameters
[rtabmap-14] [INFO] [1768033611.725612964] [rtabmap]: RTAB-Map rate detection = 2.000000 Hz
[rtabmap-14] [INFO] [1768033611.739300720] [rtabmap]: Parameters event received!
[rtabmap-14] [INFO] [1768033611.743955350] [rtabmap]: Setting RTAB-Map parameter "StereoBM/SpeckleRange"="4"
[rtabmap-14] [INFO] [1768033611.744090166] [rtabmap]: rtabmap: Updating parameters
[rtabmap-14] [INFO] [1768033611.744181444] [rtabmap]: RTAB-Map rate detection = 2.000000 Hz
[superpoint_node-2] [INFO] [1768033611.754097763] [superpoint_node]: Keypoints estratti: 800
[superpoint_node-2] [ERROR] [1768033611.761008152] [superpoint_node]: Errore pubblicazione keypoints 3D: could not assign tuple of length 3 to structure with 4 fields.
[rtabmap-14] [INFO] [1768033611.814259907] [rtabmap]: rtabmap (279): Rate=0.50s, Limit=0.001s, Conversion=0.0004s, RTAB-Map=0.0477s, Maps update=0.0003s pub=0.0103s delay=0.1126s (local map=0, WM=0)
[rtabmap-14] [INFO] [1768033611.816957299] [rtabmap]: Parameters event received!
[rtabmap-14] [INFO] [1768033611.817064059] [rtabmap]: Setting RTAB-Map parameter "StereoBM/SpeckleWindowSize"="100"
[rtabmap-14] [INFO] [1768033611.817089985] [rtabmap]: rtabmap: Updating parameters
[rtabmap-14] [INFO] [1768033611.817136615] [rtabmap]: RTAB-Map rate detection = 2.000000 Hz
[rtabmap-14] [INFO] [1768033611.847051445] [rtabmap]: Parameters event received!
[rtabmap-14] [INFO] [1768033611.847307984] [rtabmap]: Setting RTAB-Map parameter "StereoBM/TextureThreshold"="10"
[rtabmap-14] [INFO] [1768033611.847362817] [rtabmap]: rtabmap: Updating parameters
[rtabmap-14] [INFO] [1768033611.847474078] [rtabmap]: RTAB-Map rate detection = 2.000000 Hz
[superpoint_node-2] [INFO] [1768033611.862044637] [superpoint_node]: Keypoints estratti: 800
[rtabmap-14] [INFO] [1768033611.862737273] [rtabmap]: Parameters event received!
[rtabmap-14] [INFO] [1768033611.862806218] [rtabmap]: Setting RTAB-Map parameter "StereoBM/UniquenessRatio"="15"
[rtabmap-14] [INFO] [1768033611.862827514] [rtabmap]: rtabmap: Updating parameters
[rtabmap-14] [INFO] [1768033611.862865848] [rtabmap]: RTAB-Map rate detection = 2.000000 Hz
[superpoint_node-2] [ERROR] [1768033611.868987081] [superpoint_node]: Errore pubblicazione keypoints 3D: could not assign tuple of length 3 to structure with 4 fields.
[rtabmap-14] [INFO] [1768033611.870970097] [rtabmap]: Parameters event received!
[rtabmap-14] [INFO] [1768033611.871051209] [rtabmap]: Setting RTAB-Map parameter "StereoSGBM/BlockSize"="15"
[rtabmap-14] [INFO] [1768033611.871075209] [rtabmap]: rtabmap: Updating parameters
[rtabmap-14] [INFO] [1768033611.871110876] [rtabmap]: RTAB-Map rate detection = 2.000000 Hz
[rtabmap-14] [33m[ WARN] (2026-01-10 09:26:51.557) Features2d.cpp:658::create() BRIEF, FREAK and DAISY features cannot be used because OpenCV was not built with xfeatures2d module. GFTT/ORB is used instead.[0m
[rtabmap-14] [33m[ WARN] (2026-01-10 09:26:51.560) Features2d.cpp:658::create() BRIEF, FREAK and DAISY features cannot be used because OpenCV was not built with xfeatures2d module. GFTT/ORB is used instead.[0m
[rtabmap-14] [33m[ WARN] (2026-01-10 09:26:51.561) Features2d.cpp:658::create() BRIEF, FREAK and DAISY features cannot be used because OpenCV was not built with xfeatures2d module. GFTT/ORB is used instead.[0m
[rtabmap-14] [33m[ WARN] (2026-01-10 09:26:51.574) Features2d.cpp:658::create() BRIEF, FREAK and DAISY features cannot be used because OpenCV was not built with xfeatures2d module. GFTT/ORB is used instead.[0m
[rtabmap-14] [33m[ WARN] (2026-01-10 09:26:51.580) Features2d.cpp:658::create() BRIEF, FREAK and DAISY features cannot be used because OpenCV was not built with xfeatures2d module. GFTT/ORB is used instead.[0m
[rtabmap-14] [33m[ WARN] (2026-01-10 09:26:51.581) Features2d.cpp:658::create() BRIEF, FREAK and DAISY features cannot be used because OpenCV was not built with xfeatures2d module. GFTT/ORB is used instead.[0m
[rtabmap-14] [33m[ WARN] (2026-01-10 09:26:51.613) Features2d.cpp:658::create() BRIEF, FREAK and DAISY features cannot be used because OpenCV was not built with xfeatures2d module. GFTT/ORB is used instead.[0m
[rtabmap-14] [33m[ WARN] (2026-01-10 09:26:51.621) Features2d.cpp:658::create() BRIEF, FREAK and DAISY features cannot be used because OpenCV was not built with xfeatures2d module. GFTT/ORB is used instead.[0m
[rtabmap-14] [33m[ WARN] (2026-01-10 09:26:51.622) Features2d.cpp:658::create() BRIEF, FREAK and DAISY features cannot be used because OpenCV was not built with xfeatures2d module. GFTT/ORB is used instead.[0m
[rtabmap-14] [33m[ WARN] (2026-01-10 09:26:51.641) Features2d.cpp:658::create() BRIEF, FREAK and DAISY features cannot be used because OpenCV was not built with xfeatures2d module. GFTT/ORB is used instead.[0m
[rtabmap-14] [33m[ WARN] (2026-01-10 09:26:51.642) Features2d.cpp:658::create() BRIEF, FREAK and DAISY features cannot be used because OpenCV was not built with xfeatures2d module. GFTT/ORB is used instead.[0m
[rtabmap-14] [33m[ WARN] (2026-01-10 09:26:51.648) Features2d.cpp:658::create() BRIEF, FREAK and DAISY features cannot be used because OpenCV was not built with xfeatures2d module. GFTT/ORB is used instead.[0m
[rtabmap-14] [33m[ WARN] (2026-01-10 09:26:51.661) Features2d.cpp:658::create() BRIEF, FREAK and DAISY features cannot be used because OpenCV was not built with xfeatures2d module. GFTT/ORB is used instead.[0m
[rtabmap-14] [33m[ WARN] (2026-01-10 09:26:51.662) Features2d.cpp:658::create() BRIEF, FREAK and DAISY features cannot be used because OpenCV was not built with xfeatures2d module. GFTT/ORB is used instead.[0m
[rtabmap-14] [33m[ WARN] (2026-01-10 09:26:51.662) Features2d.cpp:658::create() BRIEF, FREAK and DAISY features cannot be used because OpenCV was not built with xfeatures2d module. GFTT/ORB is used instead.[0m
[rtabmap-14] [33m[ WARN] (2026-01-10 09:26:51.669) Features2d.cpp:658::create() BRIEF, FREAK and DAISY features cannot be used because OpenCV was not built with xfeatures2d module. GFTT/ORB is used instead.[0m
[rtabmap-14] [33m[ WARN] (2026-01-10 09:26:51.670) Features2d.cpp:658::create() BRIEF, FREAK and DAISY features cannot be used because OpenCV was not built with xfeatures2d module. GFTT/ORB is used instead.[0m
[rtabmap-14] [33m[ WARN] (2026-01-10 09:26:51.683) Features2d.cpp:658::create() BRIEF, FREAK and DAISY features cannot be used because OpenCV was not built with xfeatures2d module. GFTT/ORB is used instead.[0m
[rtabmap-14] [33m[ WARN] (2026-01-10 09:26:51.692) Features2d.cpp:658::create() BRIEF, FREAK and DAISY features cannot be used because OpenCV was not built with xfeatures2d module. GFTT/ORB is used instead.[0m
[rtabmap-14] [33m[ WARN] (2026-01-10 09:26:51.693) Features2d.cpp:658::create() BRIEF, FREAK and DAISY features cannot be used because OpenCV was not built with xfeatures2d module. GFTT/ORB is used instead.[0m
[rtabmap-14] [33m[ WARN] (2026-01-10 09:26:51.694) Features2d.cpp:658::create() BRIEF, FREAK and DAISY features cannot be used because OpenCV was not built with xfeatures2d module. GFTT/ORB is used instead.[0m
[rtabmap-14] [33m[ WARN] (2026-01-10 09:26:51.699) Features2d.cpp:658::create() BRIEF, FREAK and DAISY features cannot be used because OpenCV was not built with xfeatures2d module. GFTT/ORB is used instead.[0m
[rtabmap-14] [33m[ WARN] (2026-01-10 09:26:51.700) Features2d.cpp:658::create() BRIEF, FREAK and DAISY features cannot be used because OpenCV was not built with xfeatures2d module. GFTT/ORB is used instead.[0m
[rtabmap-14] [33m[ WARN] (2026-01-10 09:26:51.701) Features2d.cpp:658::create() BRIEF, FREAK and DAISY features cannot be used because OpenCV was not built with xfeatures2d module. GFTT/ORB is used instead.[0m
[rtabmap-14] [33m[ WARN] (2026-01-10 09:26:51.726) Features2d.cpp:658::create() BRIEF, FREAK and DAISY features cannot be used because OpenCV was not built with xfeatures2d module. GFTT/ORB is used instead.[0m
[rtabmap-14] [33m[ WARN] (2026-01-10 09:26:51.727) Features2d.cpp:658::create() BRIEF, FREAK and DAISY features cannot be used because OpenCV was not built with xfeatures2d module. GFTT/ORB is used instead.[0m
[rtabmap-14] [33m[ WARN] (2026-01-10 09:26:51.728) Features2d.cpp:658::create() BRIEF, FREAK and DAISY features cannot be used because OpenCV was not built with xfeatures2d module. GFTT/ORB is used instead.[0m
[rtabmap-14] [33m[ WARN] (2026-01-10 09:26:51.745) Features2d.cpp:658::create() BRIEF, FREAK and DAISY features cannot be used because OpenCV was not built with xfeatures2d module. GFTT/ORB is used instead.[0m
[rtabmap-14] [33m[ WARN] (2026-01-10 09:26:51.750) Features2d.cpp:658::create() BRIEF, FREAK and DAISY features cannot be used because OpenCV was not built with xfeatures2d module. GFTT/ORB is used instead.[0m
[rtabmap-14] [33m[ WARN] (2026-01-10 09:26:51.751) Features2d.cpp:658::create() BRIEF, FREAK and DAISY features cannot be used because OpenCV was not built with xfeatures2d module. GFTT/ORB is used instead.[0m
[rtabmap-14] [33m[ WARN] (2026-01-10 09:26:51.803) MapsManager.cpp:863::publishMaps() Graph has changed! The whole cloud is regenerated.[0m
[rtabmap-14] [33m[ WARN] (2026-01-10 09:26:51.806) OccupancyGrid.cpp:169::getProbMap() Map info is empty, cannot generate probabilistic occupancy grid[0m
[rtabmap-14] [33m[ WARN] (2026-01-10 09:26:51.819) Features2d.cpp:658::create() BRIEF, FREAK and DAISY features cannot be used because OpenCV was not built with xfeatures2d module. GFTT/ORB is used instead.[0m
[rtabmap-14] [33m[ WARN] (2026-01-10 09:26:51.827) Features2d.cpp:658::create() BRIEF, FREAK and DAISY features cannot be used because OpenCV was not built with xfeatures2d module. GFTT/ORB is used instead.[0m
[rtabmap-14] [33m[ WARN] (2026-01-10 09:26:51.828) Features2d.cpp:658::create() BRIEF, FREAK and DAISY features cannot be used because OpenCV was not built with xfeatures2d module. GFTT/ORB is used instead.[0m
[rtabmap-14] [33m[ WARN] (2026-01-10 09:26:51.855) Features2d.cpp:658::create() BRIEF, FREAK and DAISY features cannot be used because OpenCV was not built with xfeatures2d module. GFTT/ORB is used instead.[0m
[rtabmap-14] [33m[ WARN] (2026-01-10 09:26:51.856) Features2d.cpp:658::create() BRIEF, FREAK and DAISY features cannot be used because OpenCV was not built with xfeatures2d module. GFTT/ORB is used instead.[0m
[rtabmap-14] [33m[ WARN] (2026-01-10 09:26:51.857) Features2d.cpp:658::create() BRIEF, FREAK and DAISY features cannot be used because OpenCV was not built with xfeatures2d module. GFTT/ORB is used instead.[0m
[rtabmap-14] [33m[ WARN] (2026-01-10 09:26:51.863) Features2d.cpp:658::create() BRIEF, FREAK and DAISY features cannot be used because OpenCV was not built with xfeatures2d module. GFTT/ORB is used instead.[0m
[rtabmap-14] [33m[ WARN] (2026-01-10 09:26:51.864) Features2d.cpp:658::create() BRIEF, FREAK and DAISY features cannot be used because OpenCV was not built with xfeatures2d module. GFTT/ORB is used instead.[0m
[rtabmap-14] [33m[ WARN] (2026-01-10 09:26:51.865) Features2d.cpp:658::create() BRIEF, FREAK and DAISY features cannot be used because OpenCV was not built with xfeatures2d module. GFTT/ORB is used instead.[0m
[rtabmap-14] [INFO] [1768033611.884823096] [rtabmap]: Parameters event received!
[rtabmap-14] [INFO] [1768033611.884896596] [rtabmap]: Setting RTAB-Map parameter "StereoSGBM/Disp12MaxDiff"="1"
[rtabmap-14] [INFO] [1768033611.884916671] [rtabmap]: rtabmap: Updating parameters
[rtabmap-14] [INFO] [1768033611.884949652] [rtabmap]: RTAB-Map rate detection = 2.000000 Hz
[rtabmap-14] [INFO] [1768033611.896527318] [rtabmap]: Parameters event received!
[rtabmap-14] [INFO] [1768033611.896622911] [rtabmap]: Setting RTAB-Map parameter "StereoSGBM/MinDisparity"="0"
[rtabmap-14] [INFO] [1768033611.896653578] [rtabmap]: rtabmap: Updating parameters
[rtabmap-14] [INFO] [1768033611.896693560] [rtabmap]: RTAB-Map rate detection = 2.000000 Hz
[rtabmap-14] [INFO] [1768033611.908468987] [rtabmap]: Parameters event received!
[rtabmap-14] [INFO] [1768033611.908556988] [rtabmap]: Setting RTAB-Map parameter "StereoSGBM/Mode"="2"
[rtabmap-14] [INFO] [1768033611.908583599] [rtabmap]: rtabmap: Updating parameters
[rtabmap-14] [INFO] [1768033611.908624118] [rtabmap]: RTAB-Map rate detection = 2.000000 Hz
[rtabmap-14] [INFO] [1768033611.935229273] [rtabmap]: Parameters event received!
[rtabmap-14] [INFO] [1768033611.935369533] [rtabmap]: Setting RTAB-Map parameter "StereoSGBM/NumDisparities"="128"
[rtabmap-14] [INFO] [1768033611.935399497] [rtabmap]: rtabmap: Updating parameters
[rtabmap-14] [INFO] [1768033611.935483294] [rtabmap]: RTAB-Map rate detection = 2.000000 Hz
[rtabmap-14] [INFO] [1768033611.957742637] [rtabmap]: Parameters event received!
[rtabmap-14] [INFO] [1768033611.957858156] [rtabmap]: Setting RTAB-Map parameter "StereoSGBM/P1"="2"
[rtabmap-14] [INFO] [1768033611.957882064] [rtabmap]: rtabmap: Updating parameters
[rtabmap-14] [INFO] [1768033611.957920657] [rtabmap]: RTAB-Map rate detection = 2.000000 Hz
[superpoint_node-2] [INFO] [1768033611.958012194] [superpoint_node]: Keypoints estratti: 800
[superpoint_node-2] [ERROR] [1768033611.964140410] [superpoint_node]: Errore pubblicazione keypoints 3D: could not assign tuple of length 3 to structure with 4 fields.
[rtabmap-14] [INFO] [1768033611.966547725] [rtabmap]: Parameters event received!
[rtabmap-14] [INFO] [1768033611.966627448] [rtabmap]: Setting RTAB-Map parameter "StereoSGBM/P2"="5"
[rtabmap-14] [INFO] [1768033611.966650485] [rtabmap]: rtabmap: Updating parameters
[rtabmap-14] [INFO] [1768033611.966686930] [rtabmap]: RTAB-Map rate detection = 2.000000 Hz
[rtabmap-14] [INFO] [1768033611.976992771] [rtabmap]: Parameters event received!
[rtabmap-14] [INFO] [1768033611.977067475] [rtabmap]: Setting RTAB-Map parameter "StereoSGBM/PreFilterCap"="31"
[rtabmap-14] [INFO] [1768033611.977088771] [rtabmap]: rtabmap: Updating parameters
[rtabmap-14] [INFO] [1768033611.977126272] [rtabmap]: RTAB-Map rate detection = 2.000000 Hz
[rtabmap-14] [INFO] [1768033611.982659612] [rtabmap]: Parameters event received!
[rtabmap-14] [INFO] [1768033611.982939429] [rtabmap]: Setting RTAB-Map parameter "StereoSGBM/SpeckleRange"="4"
[rtabmap-14] [INFO] [1768033611.983012800] [rtabmap]: rtabmap: Updating parameters
[rtabmap-14] [INFO] [1768033611.983115523] [rtabmap]: RTAB-Map rate detection = 2.000000 Hz
[rtabmap-14] [INFO] [1768033611.992368337] [rtabmap]: Parameters event received!
[rtabmap-14] [INFO] [1768033611.992464653] [rtabmap]: Setting RTAB-Map parameter "StereoSGBM/SpeckleWindowSize"="100"
[rtabmap-14] [INFO] [1768033611.992488912] [rtabmap]: rtabmap: Updating parameters
[rtabmap-14] [INFO] [1768033611.992524431] [rtabmap]: RTAB-Map rate detection = 2.000000 Hz
[rtabmap-14] [INFO] [1768033612.025839769] [rtabmap]: Parameters event received!
[rtabmap-14] [INFO] [1768033612.026042882] [rtabmap]: Setting RTAB-Map parameter "StereoSGBM/UniquenessRatio"="20"
[rtabmap-14] [INFO] [1768033612.026096826] [rtabmap]: rtabmap: Updating parameters
[rtabmap-14] [INFO] [1768033612.026168531] [rtabmap]: RTAB-Map rate detection = 2.000000 Hz
[superpoint_node-2] [INFO] [1768033612.054286346] [superpoint_node]: Keypoints estratti: 800
[superpoint_node-2] [ERROR] [1768033612.060961603] [superpoint_node]: Errore pubblicazione keypoints 3D: could not assign tuple of length 3 to structure with 4 fields.
[rtabmap-14] [INFO] [1768033612.062201335] [rtabmap]: Parameters event received!
[rtabmap-14] [INFO] [1768033612.062278280] [rtabmap]: Setting RTAB-Map parameter "SuperPoint/Cuda"="true"
[rtabmap-14] [INFO] [1768033612.062300947] [rtabmap]: rtabmap: Updating parameters
[rtabmap-14] [INFO] [1768033612.062338077] [rtabmap]: RTAB-Map rate detection = 2.000000 Hz
[rtabmap-14] [INFO] [1768033612.072635269] [rtabmap]: Parameters event received!
[rtabmap-14] [INFO] [1768033612.072727474] [rtabmap]: Setting RTAB-Map parameter "SuperPoint/ModelPath"=""
[rtabmap-14] [INFO] [1768033612.072754696] [rtabmap]: rtabmap: Updating parameters
[rtabmap-14] [INFO] [1768033612.072803826] [rtabmap]: RTAB-Map rate detection = 2.000000 Hz
[rtabmap-14] [INFO] [1768033612.098261232] [rtabmap]: Parameters event received!
[rtabmap-14] [INFO] [1768033612.098375751] [rtabmap]: Setting RTAB-Map parameter "SuperPoint/NMS"="true"
[rtabmap-14] [INFO] [1768033612.099093461] [rtabmap]: rtabmap: Updating parameters
[rtabmap-14] [INFO] [1768033612.099187813] [rtabmap]: RTAB-Map rate detection = 2.000000 Hz
[rtabmap-14] [33m[ WARN] (2026-01-10 09:26:51.871) Features2d.cpp:658::create() BRIEF, FREAK and DAISY features cannot be used because OpenCV was not built with xfeatures2d module. GFTT/ORB is used instead.[0m
[rtabmap-14] [33m[ WARN] (2026-01-10 09:26:51.872) Features2d.cpp:658::create() BRIEF, FREAK and DAISY features cannot be used because OpenCV was not built with xfeatures2d module. GFTT/ORB is used instead.[0m
[rtabmap-14] [33m[ WARN] (2026-01-10 09:26:51.873) Features2d.cpp:658::create() BRIEF, FREAK and DAISY features cannot be used because OpenCV was not built with xfeatures2d module. GFTT/ORB is used instead.[0m
[rtabmap-14] [33m[ WARN] (2026-01-10 09:26:51.885) Features2d.cpp:658::create() BRIEF, FREAK and DAISY features cannot be used because OpenCV was not built with xfeatures2d module. GFTT/ORB is used instead.[0m
[rtabmap-14] [33m[ WARN] (2026-01-10 09:26:51.886) Features2d.cpp:658::create() BRIEF, FREAK and DAISY features cannot be used because OpenCV was not built with xfeatures2d module. GFTT/ORB is used instead.[0m
[rtabmap-14] [33m[ WARN] (2026-01-10 09:26:51.887) Features2d.cpp:658::create() BRIEF, FREAK and DAISY features cannot be used because OpenCV was not built with xfeatures2d module. GFTT/ORB is used instead.[0m
[rtabmap-14] [33m[ WARN] (2026-01-10 09:26:51.897) Features2d.cpp:658::create() BRIEF, FREAK and DAISY features cannot be used because OpenCV was not built with xfeatures2d module. GFTT/ORB is used instead.[0m
[rtabmap-14] [33m[ WARN] (2026-01-10 09:26:51.902) Features2d.cpp:658::create() BRIEF, FREAK and DAISY features cannot be used because OpenCV was not built with xfeatures2d module. GFTT/ORB is used instead.[0m
[rtabmap-14] [33m[ WARN] (2026-01-10 09:26:51.902) Features2d.cpp:658::create() BRIEF, FREAK and DAISY features cannot be used because OpenCV was not built with xfeatures2d module. GFTT/ORB is used instead.[0m
[rtabmap-14] [33m[ WARN] (2026-01-10 09:26:51.909) Features2d.cpp:658::create() BRIEF, FREAK and DAISY features cannot be used because OpenCV was not built with xfeatures2d module. GFTT/ORB is used instead.[0m
[rtabmap-14] [33m[ WARN] (2026-01-10 09:26:51.910) Features2d.cpp:658::create() BRIEF, FREAK and DAISY features cannot be used because OpenCV was not built with xfeatures2d module. GFTT/ORB is used instead.[0m
[rtabmap-14] [33m[ WARN] (2026-01-10 09:26:51.911) Features2d.cpp:658::create() BRIEF, FREAK and DAISY features cannot be used because OpenCV was not built with xfeatures2d module. GFTT/ORB is used instead.[0m
[rtabmap-14] [33m[ WARN] (2026-01-10 09:26:51.936) Features2d.cpp:658::create() BRIEF, FREAK and DAISY features cannot be used because OpenCV was not built with xfeatures2d module. GFTT/ORB is used instead.[0m
[rtabmap-14] [33m[ WARN] (2026-01-10 09:26:51.947) Features2d.cpp:658::create() BRIEF, FREAK and DAISY features cannot be used because OpenCV was not built with xfeatures2d module. GFTT/ORB is used instead.[0m
[rtabmap-14] [33m[ WARN] (2026-01-10 09:26:51.948) Features2d.cpp:658::create() BRIEF, FREAK and DAISY features cannot be used because OpenCV was not built with xfeatures2d module. GFTT/ORB is used instead.[0m
[rtabmap-14] [33m[ WARN] (2026-01-10 09:26:51.958) Features2d.cpp:658::create() BRIEF, FREAK and DAISY features cannot be used because OpenCV was not built with xfeatures2d module. GFTT/ORB is used instead.[0m
[rtabmap-14] [33m[ WARN] (2026-01-10 09:26:51.959) Features2d.cpp:658::create() BRIEF, FREAK and DAISY features cannot be used because OpenCV was not built with xfeatures2d module. GFTT/ORB is used instead.[0m
[rtabmap-14] [33m[ WARN] (2026-01-10 09:26:51.960) Features2d.cpp:658::create() BRIEF, FREAK and DAISY features cannot be used because OpenCV was not built with xfeatures2d module. GFTT/ORB is used instead.[0m
[rtabmap-14] [33m[ WARN] (2026-01-10 09:26:51.967) Features2d.cpp:658::create() BRIEF, FREAK and DAISY features cannot be used because OpenCV was not built with xfeatures2d module. GFTT/ORB is used instead.[0m
[rtabmap-14] [33m[ WARN] (2026-01-10 09:26:51.968) Features2d.cpp:658::create() BRIEF, FREAK and DAISY features cannot be used because OpenCV was not built with xfeatures2d module. GFTT/ORB is used instead.[0m
[rtabmap-14] [33m[ WARN] (2026-01-10 09:26:51.968) Features2d.cpp:658::create() BRIEF, FREAK and DAISY features cannot be used because OpenCV was not built with xfeatures2d module. GFTT/ORB is used instead.[0m
[rtabmap-14] [33m[ WARN] (2026-01-10 09:26:51.977) Features2d.cpp:658::create() BRIEF, FREAK and DAISY features cannot be used because OpenCV was not built with xfeatures2d module. GFTT/ORB is used instead.[0m
[rtabmap-14] [33m[ WARN] (2026-01-10 09:26:51.978) Features2d.cpp:658::create() BRIEF, FREAK and DAISY features cannot be used because OpenCV was not built with xfeatures2d module. GFTT/ORB is used instead.[0m
[rtabmap-14] [33m[ WARN] (2026-01-10 09:26:51.979) Features2d.cpp:658::create() BRIEF, FREAK and DAISY features cannot be used because OpenCV was not built with xfeatures2d module. GFTT/ORB is used instead.[0m
[rtabmap-14] [33m[ WARN] (2026-01-10 09:26:51.984) Features2d.cpp:658::create() BRIEF, FREAK and DAISY features cannot be used because OpenCV was not built with xfeatures2d module. GFTT/ORB is used instead.[0m
[rtabmap-14] [33m[ WARN] (2026-01-10 09:26:51.985) Features2d.cpp:658::create() BRIEF, FREAK and DAISY features cannot be used because OpenCV was not built with xfeatures2d module. GFTT/ORB is used instead.[0m
[rtabmap-14] [33m[ WARN] (2026-01-10 09:26:51.986) Features2d.cpp:658::create() BRIEF, FREAK and DAISY features cannot be used because OpenCV was not built with xfeatures2d module. GFTT/ORB is used instead.[0m
[rtabmap-14] [33m[ WARN] (2026-01-10 09:26:51.993) Features2d.cpp:658::create() BRIEF, FREAK and DAISY features cannot be used because OpenCV was not built with xfeatures2d module. GFTT/ORB is used instead.[0m
[rtabmap-14] [33m[ WARN] (2026-01-10 09:26:51.994) Features2d.cpp:658::create() BRIEF, FREAK and DAISY features cannot be used because OpenCV was not built with xfeatures2d module. GFTT/ORB is used instead.[0m
[rtabmap-14] [33m[ WARN] (2026-01-10 09:26:52.006) Features2d.cpp:658::create() BRIEF, FREAK and DAISY features cannot be used because OpenCV was not built with xfeatures2d module. GFTT/ORB is used instead.[0m
[rtabmap-14] [33m[ WARN] (2026-01-10 09:26:52.029) Features2d.cpp:658::create() BRIEF, FREAK and DAISY features cannot be used because OpenCV was not built with xfeatures2d module. GFTT/ORB is used instead.[0m
[rtabmap-14] [33m[ WARN] (2026-01-10 09:26:52.035) Features2d.cpp:658::create() BRIEF, FREAK and DAISY features cannot be used because OpenCV was not built with xfeatures2d module. GFTT/ORB is used instead.[0m
[rtabmap-14] [33m[ WARN] (2026-01-10 09:26:52.035) Features2d.cpp:658::create() BRIEF, FREAK and DAISY features cannot be used because OpenCV was not built with xfeatures2d module. GFTT/ORB is used instead.[0m
[rtabmap-14] [33m[ WARN] (2026-01-10 09:26:52.063) Features2d.cpp:658::create() BRIEF, FREAK and DAISY features cannot be used because OpenCV was not built with xfeatures2d module. GFTT/ORB is used instead.[0m
[rtabmap-14] [33m[ WARN] (2026-01-10 09:26:52.064) Features2d.cpp:658::create() BRIEF, FREAK and DAISY features cannot be used because OpenCV was not built with xfeatures2d module. GFTT/ORB is used instead.[0m
[rtabmap-14] [33m[ WARN] (2026-01-10 09:26:52.064) Features2d.cpp:658::create() BRIEF, FREAK and DAISY features cannot be used because OpenCV was not built with xfeatures2d module. GFTT/ORB is used instead.[0m
[rtabmap-14] [33m[ WARN] (2026-01-10 09:26:52.073) Features2d.cpp:658::create() BRIEF, FREAK and DAISY features cannot be used because OpenCV was not built with xfeatures2d module. GFTT/ORB is used instead.[0m
[rtabmap-14] [33m[ WARN] (2026-01-10 09:26:52.081) Features2d.cpp:658::create() BRIEF, FREAK and DAISY features cannot be used because OpenCV was not built with xfeatures2d module. GFTT/ORB is used instead.[0m
[rtabmap-14] [33m[ WARN] (2026-01-10 09:26:52.082) Features2d.cpp:658::create() BRIEF, FREAK and DAISY features cannot be used because OpenCV was not built with xfeatures2d module. GFTT/ORB is used instead.[0m
[rtabmap-14] [33m[ WARN] (2026-01-10 09:26:52.099) Features2d.cpp:658::create() BRIEF, FREAK and DAISY features cannot be used because OpenCV was not built with xfeatures2d module. GFTT/ORB is used instead.[0m
[rtabmap-14] [33m[ WARN] (2026-01-10 09:26:52.103) Features2d.cpp:658::create() BRIEF, FREAK and DAISY features cannot be used because OpenCV was not built with xfeatures2d module. GFTT/ORB is used instead.[0m
[rtabmap-14] [INFO] [1768033612.142035542] [rtabmap]: Parameters event received!
[rtabmap-14] [INFO] [1768033612.142144320] [rtabmap]: Setting RTAB-Map parameter "SuperPoint/NMSRadius"="4"
[rtabmap-14] [INFO] [1768033612.142172172] [rtabmap]: rtabmap: Updating parameters
[rtabmap-14] [INFO] [1768033612.142217025] [rtabmap]: RTAB-Map rate detection = 2.000000 Hz
[superpoint_node-2] [INFO] [1768033612.156400155] [superpoint_node]: Keypoints estratti: 800
[rtabmap-14] [INFO] [1768033612.156700195] [rtabmap]: Parameters event received!
[rtabmap-14] [INFO] [1768033612.156767714] [rtabmap]: Setting RTAB-Map parameter "SuperPoint/Threshold"="0.010"
[rtabmap-14] [INFO] [1768033612.156790381] [rtabmap]: rtabmap: Updating parameters
[rtabmap-14] [INFO] [1768033612.156855659] [rtabmap]: RTAB-Map rate detection = 2.000000 Hz
[superpoint_node-2] [ERROR] [1768033612.162907670] [superpoint_node]: Errore pubblicazione keypoints 3D: could not assign tuple of length 3 to structure with 4 fields.
[rtabmap-14] [INFO] [1768033612.170218043] [rtabmap]: Parameters event received!
[rtabmap-14] [INFO] [1768033612.170308155] [rtabmap]: Setting RTAB-Map parameter "VhEp/Enabled"="false"
[rtabmap-14] [INFO] [1768033612.170331784] [rtabmap]: rtabmap: Updating parameters
[rtabmap-14] [INFO] [1768033612.170369211] [rtabmap]: RTAB-Map rate detection = 2.000000 Hz
[rtabmap-14] [INFO] [1768033612.177560953] [rtabmap]: Parameters event received!
[rtabmap-14] [INFO] [1768033612.177668935] [rtabmap]: Setting RTAB-Map parameter "VhEp/MatchCountMin"="8"
[rtabmap-14] [INFO] [1768033612.177693343] [rtabmap]: rtabmap: Updating parameters
[rtabmap-14] [INFO] [1768033612.177732602] [rtabmap]: RTAB-Map rate detection = 2.000000 Hz
[rtabmap-14] [INFO] [1768033612.187457439] [rtabmap]: Parameters event received!
[rtabmap-14] [INFO] [1768033612.187552125] [rtabmap]: Setting RTAB-Map parameter "VhEp/RansacParam1"="3"
[rtabmap-14] [INFO] [1768033612.187579699] [rtabmap]: rtabmap: Updating parameters
[rtabmap-14] [INFO] [1768033612.187618144] [rtabmap]: RTAB-Map rate detection = 2.000000 Hz
[rtabmap-14] [INFO] [1768033612.198279913] [rtabmap]: Parameters event received!
[rtabmap-14] [INFO] [1768033612.198365858] [rtabmap]: Setting RTAB-Map parameter "VhEp/RansacParam2"="0.99"
[rtabmap-14] [INFO] [1768033612.198392192] [rtabmap]: rtabmap: Updating parameters
[rtabmap-14] [INFO] [1768033612.198432840] [rtabmap]: RTAB-Map rate detection = 2.000000 Hz
[rtabmap-14] [INFO] [1768033612.225156126] [rtabmap]: Parameters event received!
[rtabmap-14] [INFO] [1768033612.225318554] [rtabmap]: Setting RTAB-Map parameter "Vis/BundleAdjustment"="1"
[rtabmap-14] [INFO] [1768033612.225351795] [rtabmap]: rtabmap: Updating parameters
[rtabmap-14] [INFO] [1768033612.225405758] [rtabmap]: RTAB-Map rate detection = 2.000000 Hz
[rtabmap-14] [INFO] [1768033612.245339083] [rtabmap]: Parameters event received!
[rtabmap-14] [INFO] [1768033612.245441657] [rtabmap]: Setting RTAB-Map parameter "Vis/CorFlowEps"="0.01"
[rtabmap-14] [INFO] [1768033612.245505843] [rtabmap]: rtabmap: Updating parameters
[rtabmap-14] [INFO] [1768033612.245550621] [rtabmap]: RTAB-Map rate detection = 2.000000 Hz
[superpoint_node-2] [INFO] [1768033612.251452501] [superpoint_node]: Keypoints estratti: 800
[rtabmap-14] [INFO] [1768033612.255506626] [rtabmap]: Parameters event received!
[rtabmap-14] [INFO] [1768033612.255598219] [rtabmap]: Setting RTAB-Map parameter "Vis/CorFlowGpu"="false"
[rtabmap-14] [INFO] [1768033612.255627164] [rtabmap]: rtabmap: Updating parameters
[rtabmap-14] [INFO] [1768033612.255667387] [rtabmap]: RTAB-Map rate detection = 2.000000 Hz
[superpoint_node-2] [ERROR] [1768033612.257379826] [superpoint_node]: Errore pubblicazione keypoints 3D: could not assign tuple of length 3 to structure with 4 fields.
[rtabmap-14] [INFO] [1768033612.292894922] [rtabmap]: Parameters event received!
[rtabmap-14] [INFO] [1768033612.293374130] [rtabmap]: Setting RTAB-Map parameter "Vis/CorFlowIterations"="30"
[rtabmap-14] [INFO] [1768033612.293436371] [rtabmap]: rtabmap: Updating parameters
[rtabmap-14] [INFO] [1768033612.293495724] [rtabmap]: RTAB-Map rate detection = 2.000000 Hz
[rtabmap-14] [INFO] [1768033612.328535186] [rtabmap]: Parameters event received!
[rtabmap-14] [INFO] [1768033612.328652835] [rtabmap]: Setting RTAB-Map parameter "Vis/CorFlowMaxLevel"="3"
[rtabmap-14] [INFO] [1768033612.328688688] [rtabmap]: rtabmap: Updating parameters
[rtabmap-14] [INFO] [1768033612.328737873] [rtabmap]: RTAB-Map rate detection = 2.000000 Hz
[rtabmap-14] [INFO] [1768033612.383063896] [rtabmap]: Parameters event received!
[rtabmap-14] [INFO] [1768033612.383485826] [rtabmap]: Setting RTAB-Map parameter "Vis/CorFlowWinSize"="16"
[rtabmap-14] [INFO] [1768033612.383549289] [rtabmap]: rtabmap: Updating parameters
[rtabmap-14] [INFO] [1768033612.383613604] [rtabmap]: RTAB-Map rate detection = 2.000000 Hz
[rtabmap-14] [INFO] [1768033612.416838608] [rtabmap]: Parameters event received!
[rtabmap-14] [INFO] [1768033612.416943480] [rtabmap]: Setting RTAB-Map parameter "Vis/CorGuessMatchToProjection"="false"
[rtabmap-14] [INFO] [1768033612.416972961] [rtabmap]: rtabmap: Updating parameters
[rtabmap-14] [INFO] [1768033612.417022851] [rtabmap]: RTAB-Map rate detection = 2.000000 Hz
[rtabmap-14] [INFO] [1768033612.437521328] [rtabmap]: Parameters event received!
[foxglove_bridge-12] [INFO] [1768033612.437859534] [foxglove_bridge]: publishing connection graph
[rtabmap-14] [INFO] [1768033612.439772549] [rtabmap]: Setting RTAB-Map parameter "Vis/CorGuessWinSize"="20"
[rtabmap-14] [INFO] [1768033612.439862809] [rtabmap]: rtabmap: Updating parameters
[rtabmap-14] [INFO] [1768033612.439925699] [rtabmap]: RTAB-Map rate detection = 2.000000 Hz
[rtabmap-14] [33m[ WARN] (2026-01-10 09:26:52.105) Features2d.cpp:658::create() BRIEF, FREAK and DAISY features cannot be used because OpenCV was not built with xfeatures2d module. GFTT/ORB is used instead.[0m
[rtabmap-14] [33m[ WARN] (2026-01-10 09:26:52.143) Features2d.cpp:658::create() BRIEF, FREAK and DAISY features cannot be used because OpenCV was not built with xfeatures2d module. GFTT/ORB is used instead.[0m
[rtabmap-14] [33m[ WARN] (2026-01-10 09:26:52.145) Features2d.cpp:658::create() BRIEF, FREAK and DAISY features cannot be used because OpenCV was not built with xfeatures2d module. GFTT/ORB is used instead.[0m
[rtabmap-14] [33m[ WARN] (2026-01-10 09:26:52.145) Features2d.cpp:658::create() BRIEF, FREAK and DAISY features cannot be used because OpenCV was not built with xfeatures2d module. GFTT/ORB is used instead.[0m
[rtabmap-14] [33m[ WARN] (2026-01-10 09:26:52.161) Features2d.cpp:658::create() BRIEF, FREAK and DAISY features cannot be used because OpenCV was not built with xfeatures2d module. GFTT/ORB is used instead.[0m
[rtabmap-14] [33m[ WARN] (2026-01-10 09:26:52.162) Features2d.cpp:658::create() BRIEF, FREAK and DAISY features cannot be used because OpenCV was not built with xfeatures2d module. GFTT/ORB is used instead.[0m
[rtabmap-14] [33m[ WARN] (2026-01-10 09:26:52.166) Features2d.cpp:658::create() BRIEF, FREAK and DAISY features cannot be used because OpenCV was not built with xfeatures2d module. GFTT/ORB is used instead.[0m
[rtabmap-14] [33m[ WARN] (2026-01-10 09:26:52.171) Features2d.cpp:658::create() BRIEF, FREAK and DAISY features cannot be used because OpenCV was not built with xfeatures2d module. GFTT/ORB is used instead.[0m
[rtabmap-14] [33m[ WARN] (2026-01-10 09:26:52.172) Features2d.cpp:658::create() BRIEF, FREAK and DAISY features cannot be used because OpenCV was not built with xfeatures2d module. GFTT/ORB is used instead.[0m
[rtabmap-14] [33m[ WARN] (2026-01-10 09:26:52.173) Features2d.cpp:658::create() BRIEF, FREAK and DAISY features cannot be used because OpenCV was not built with xfeatures2d module. GFTT/ORB is used instead.[0m
[rtabmap-14] [33m[ WARN] (2026-01-10 09:26:52.178) Features2d.cpp:658::create() BRIEF, FREAK and DAISY features cannot be used because OpenCV was not built with xfeatures2d module. GFTT/ORB is used instead.[0m
[rtabmap-14] [33m[ WARN] (2026-01-10 09:26:52.183) Features2d.cpp:658::create() BRIEF, FREAK and DAISY features cannot be used because OpenCV was not built with xfeatures2d module. GFTT/ORB is used instead.[0m
[rtabmap-14] [33m[ WARN] (2026-01-10 09:26:52.184) Features2d.cpp:658::create() BRIEF, FREAK and DAISY features cannot be used because OpenCV was not built with xfeatures2d module. GFTT/ORB is used instead.[0m
[rtabmap-14] [33m[ WARN] (2026-01-10 09:26:52.188) Features2d.cpp:658::create() BRIEF, FREAK and DAISY features cannot be used because OpenCV was not built with xfeatures2d module. GFTT/ORB is used instead.[0m
[rtabmap-14] [33m[ WARN] (2026-01-10 09:26:52.189) Features2d.cpp:658::create() BRIEF, FREAK and DAISY features cannot be used because OpenCV was not built with xfeatures2d module. GFTT/ORB is used instead.[0m
[rtabmap-14] [33m[ WARN] (2026-01-10 09:26:52.189) Features2d.cpp:658::create() BRIEF, FREAK and DAISY features cannot be used because OpenCV was not built with xfeatures2d module. GFTT/ORB is used instead.[0m
[rtabmap-14] [33m[ WARN] (2026-01-10 09:26:52.203) Features2d.cpp:658::create() BRIEF, FREAK and DAISY features cannot be used because OpenCV was not built with xfeatures2d module. GFTT/ORB is used instead.[0m
[rtabmap-14] [33m[ WARN] (2026-01-10 09:26:52.206) Features2d.cpp:658::create() BRIEF, FREAK and DAISY features cannot be used because OpenCV was not built with xfeatures2d module. GFTT/ORB is used instead.[0m
[rtabmap-14] [33m[ WARN] (2026-01-10 09:26:52.211) Features2d.cpp:658::create() BRIEF, FREAK and DAISY features cannot be used because OpenCV was not built with xfeatures2d module. GFTT/ORB is used instead.[0m
[rtabmap-14] [33m[ WARN] (2026-01-10 09:26:52.230) Features2d.cpp:658::create() BRIEF, FREAK and DAISY features cannot be used because OpenCV was not built with xfeatures2d module. GFTT/ORB is used instead.[0m
[rtabmap-14] [33m[ WARN] (2026-01-10 09:26:52.231) Features2d.cpp:658::create() BRIEF, FREAK and DAISY features cannot be used because OpenCV was not built with xfeatures2d module. GFTT/ORB is used instead.[0m
[rtabmap-14] [33m[ WARN] (2026-01-10 09:26:52.232) Features2d.cpp:658::create() BRIEF, FREAK and DAISY features cannot be used because OpenCV was not built with xfeatures2d module. GFTT/ORB is used instead.[0m
[rtabmap-14] [33m[ WARN] (2026-01-10 09:26:52.248) Features2d.cpp:658::create() BRIEF, FREAK and DAISY features cannot be used because OpenCV was not built with xfeatures2d module. GFTT/ORB is used instead.[0m
[rtabmap-14] [33m[ WARN] (2026-01-10 09:26:52.249) Features2d.cpp:658::create() BRIEF, FREAK and DAISY features cannot be used because OpenCV was not built with xfeatures2d module. GFTT/ORB is used instead.[0m
[rtabmap-14] [33m[ WARN] (2026-01-10 09:26:52.250) Features2d.cpp:658::create() BRIEF, FREAK and DAISY features cannot be used because OpenCV was not built with xfeatures2d module. GFTT/ORB is used instead.[0m
[rtabmap-14] [33m[ WARN] (2026-01-10 09:26:52.256) Features2d.cpp:658::create() BRIEF, FREAK and DAISY features cannot be used because OpenCV was not built with xfeatures2d module. GFTT/ORB is used instead.[0m
[rtabmap-14] [33m[ WARN] (2026-01-10 09:26:52.260) Features2d.cpp:658::create() BRIEF, FREAK and DAISY features cannot be used because OpenCV was not built with xfeatures2d module. GFTT/ORB is used instead.[0m
[rtabmap-14] [33m[ WARN] (2026-01-10 09:26:52.260) Features2d.cpp:658::create() BRIEF, FREAK and DAISY features cannot be used because OpenCV was not built with xfeatures2d module. GFTT/ORB is used instead.[0m
[rtabmap-14] [33m[ WARN] (2026-01-10 09:26:52.297) Features2d.cpp:658::create() BRIEF, FREAK and DAISY features cannot be used because OpenCV was not built with xfeatures2d module. GFTT/ORB is used instead.[0m
[rtabmap-14] [33m[ WARN] (2026-01-10 09:26:52.302) Features2d.cpp:658::create() BRIEF, FREAK and DAISY features cannot be used because OpenCV was not built with xfeatures2d module. GFTT/ORB is used instead.[0m
[rtabmap-14] [33m[ WARN] (2026-01-10 09:26:52.307) Features2d.cpp:658::create() BRIEF, FREAK and DAISY features cannot be used because OpenCV was not built with xfeatures2d module. GFTT/ORB is used instead.[0m
[rtabmap-14] [33m[ WARN] (2026-01-10 09:26:52.334) Features2d.cpp:658::create() BRIEF, FREAK and DAISY features cannot be used because OpenCV was not built with xfeatures2d module. GFTT/ORB is used instead.[0m
[rtabmap-14] [33m[ WARN] (2026-01-10 09:26:52.344) Features2d.cpp:658::create() BRIEF, FREAK and DAISY features cannot be used because OpenCV was not built with xfeatures2d module. GFTT/ORB is used instead.[0m
[rtabmap-14] [33m[ WARN] (2026-01-10 09:26:52.370) Features2d.cpp:658::create() BRIEF, FREAK and DAISY features cannot be used because OpenCV was not built with xfeatures2d module. GFTT/ORB is used instead.[0m
[rtabmap-14] [33m[ WARN] (2026-01-10 09:26:52.387) Features2d.cpp:658::create() BRIEF, FREAK and DAISY features cannot be used because OpenCV was not built with xfeatures2d module. GFTT/ORB is used instead.[0m
[rtabmap-14] [33m[ WARN] (2026-01-10 09:26:52.399) Features2d.cpp:658::create() BRIEF, FREAK and DAISY features cannot be used because OpenCV was not built with xfeatures2d module. GFTT/ORB is used instead.[0m
[rtabmap-14] [33m[ WARN] (2026-01-10 09:26:52.400) Features2d.cpp:658::create() BRIEF, FREAK and DAISY features cannot be used because OpenCV was not built with xfeatures2d module. GFTT/ORB is used instead.[0m
[rtabmap-14] [33m[ WARN] (2026-01-10 09:26:52.419) Features2d.cpp:658::create() BRIEF, FREAK and DAISY features cannot be used because OpenCV was not built with xfeatures2d module. GFTT/ORB is used instead.[0m
[rtabmap-14] [33m[ WARN] (2026-01-10 09:26:52.425) Features2d.cpp:658::create() BRIEF, FREAK and DAISY features cannot be used because OpenCV was not built with xfeatures2d module. GFTT/ORB is used instead.[0m
[rtabmap-14] [33m[ WARN] (2026-01-10 09:26:52.426) Features2d.cpp:658::create() BRIEF, FREAK and DAISY features cannot be used because OpenCV was not built with xfeatures2d module. GFTT/ORB is used instead.[0m
[rtabmap-14] [33m[ WARN] (2026-01-10 09:26:52.442) Features2d.cpp:658::create() BRIEF, FREAK and DAISY features cannot be used because OpenCV was not built with xfeatures2d module. GFTT/ORB is used instead.[0m
[rtabmap-14] [INFO] [1768033612.500835533] [rtabmap]: Parameters event received!
[rtabmap-14] [INFO] [1768033612.500958942] [rtabmap]: Setting RTAB-Map parameter "Vis/CorNNDR"="0.8"
[rtabmap-14] [INFO] [1768033612.501009053] [rtabmap]: rtabmap: Updating parameters
[rtabmap-14] [INFO] [1768033612.501093517] [rtabmap]: RTAB-Map rate detection = 2.000000 Hz
[rtabmap-14] [INFO] [1768033612.539288042] [rtabmap]: Parameters event received!
[rtabmap-14] [INFO] [1768033612.539418506] [rtabmap]: Setting RTAB-Map parameter "Vis/CorNNType"="1"
[rtabmap-14] [INFO] [1768033612.539454599] [rtabmap]: rtabmap: Updating parameters
[rtabmap-14] [INFO] [1768033612.539505118] [rtabmap]: RTAB-Map rate detection = 2.000000 Hz
[rtabmap-14] [INFO] [1768033612.567432209] [rtabmap]: Parameters event received!
[rtabmap-14] [INFO] [1768033612.567579840] [rtabmap]: Setting RTAB-Map parameter "Vis/CorType"="0"
[rtabmap-14] [INFO] [1768033612.567620970] [rtabmap]: rtabmap: Updating parameters
[rtabmap-14] [INFO] [1768033612.567676489] [rtabmap]: RTAB-Map rate detection = 2.000000 Hz
[rtabmap-14] [INFO] [1768033612.606915670] [rtabmap]: Parameters event received!
[rtabmap-14] [INFO] [1768033612.607131950] [rtabmap]: Setting RTAB-Map parameter "Vis/DepthAsMask"="true"
[rtabmap-14] [INFO] [1768033612.607190154] [rtabmap]: rtabmap: Updating parameters
[rtabmap-14] [INFO] [1768033612.607259025] [rtabmap]: RTAB-Map rate detection = 2.000000 Hz
[superpoint_node-2] [INFO] [1768033612.660457669] [superpoint_node]: Keypoints estratti: 800
[superpoint_node-2] [ERROR] [1768033612.668175786] [superpoint_node]: Errore pubblicazione keypoints 3D: could not assign tuple of length 3 to structure with 4 fields.
[rtabmap-14] [INFO] [1768033612.697614130] [rtabmap]: rtabmap (280): Rate=0.50s, Limit=0.001s, Conversion=0.0002s, RTAB-Map=0.0621s, Maps update=0.0023s pub=0.0010s delay=0.1342s (local map=0, WM=0)
[rtabmap-14] [INFO] [1768033612.700365207] [rtabmap]: Parameters event received!
[rtabmap-14] [INFO] [1768033612.700508801] [rtabmap]: Setting RTAB-Map parameter "Vis/DepthMaskFloorThr"="0.0"
[rtabmap-14] [INFO] [1768033612.700565968] [rtabmap]: rtabmap: Updating parameters
[rtabmap-14] [INFO] [1768033612.700677691] [rtabmap]: RTAB-Map rate detection = 2.000000 Hz
[rtabmap-14] [INFO] [1768033612.709347964] [rtabmap]: Parameters event received!
[rtabmap-14] [INFO] [1768033612.709462094] [rtabmap]: Setting RTAB-Map parameter "Vis/EpipolarGeometryVar"="0.1"
[rtabmap-14] [INFO] [1768033612.709492798] [rtabmap]: rtabmap: Updating parameters
[rtabmap-14] [INFO] [1768033612.709532484] [rtabmap]: RTAB-Map rate detection = 2.000000 Hz
[rtabmap-14] [INFO] [1768033612.742700710] [rtabmap]: Parameters event received!
[rtabmap-14] [INFO] [1768033612.744343204] [rtabmap]: Setting RTAB-Map parameter "Vis/EstimationType"="1"
[rtabmap-14] [INFO] [1768033612.745247285] [rtabmap]: rtabmap: Updating parameters
[rtabmap-14] [INFO] [1768033612.745418342] [rtabmap]: RTAB-Map rate detection = 2.000000 Hz
[rtabmap-14] [INFO] [1768033612.782089577] [rtabmap]: Parameters event received!
[rtabmap-14] [INFO] [1768033612.782332820] [rtabmap]: Setting RTAB-Map parameter "Vis/FeatureType"="6"
[rtabmap-14] [INFO] [1768033612.782419802] [rtabmap]: rtabmap: Updating parameters
[rtabmap-14] [INFO] [1768033612.782538859] [rtabmap]: RTAB-Map rate detection = 2.000000 Hz
[superpoint_node-2] [INFO] [1768033612.792291362] [superpoint_node]: Keypoints estratti: 800
[rtabmap-14] [INFO] [1768033612.796489154] [rtabmap]: Parameters event received!
[rtabmap-14] [INFO] [1768033612.796651322] [rtabmap]: Setting RTAB-Map parameter "Vis/GridCols"="1"
[rtabmap-14] [INFO] [1768033612.796689600] [rtabmap]: rtabmap: Updating parameters
[rtabmap-14] [INFO] [1768033612.797199975] [rtabmap]: RTAB-Map rate detection = 2.000000 Hz
[superpoint_node-2] [ERROR] [1768033612.799719439] [superpoint_node]: Errore pubblicazione keypoints 3D: could not assign tuple of length 3 to structure with 4 fields.
[rtabmap-14] [INFO] [1768033612.816622481] [rtabmap]: Parameters event received!
[rtabmap-14] [INFO] [1768033612.816741093] [rtabmap]: Setting RTAB-Map parameter "Vis/GridRows"="1"
[rtabmap-14] [INFO] [1768033612.816779649] [rtabmap]: rtabmap: Updating parameters
[rtabmap-14] [INFO] [1768033612.816829279] [rtabmap]: RTAB-Map rate detection = 2.000000 Hz
[rtabmap-14] [INFO] [1768033612.829506194] [rtabmap]: Parameters event received!
[rtabmap-14] [INFO] [1768033612.829645602] [rtabmap]: Setting RTAB-Map parameter "Vis/InlierDistance"="0.1"
[rtabmap-14] [INFO] [1768033612.829679232] [rtabmap]: rtabmap: Updating parameters
[rtabmap-14] [INFO] [1768033612.829730603] [rtabmap]: RTAB-Map rate detection = 2.000000 Hz
[rtabmap-14] [INFO] [1768033612.853771905] [rtabmap]: Parameters event received!
[rtabmap-14] [INFO] [1768033612.853898350] [rtabmap]: Setting RTAB-Map parameter "Vis/Iterations"="800"
[rtabmap-14] [INFO] [1768033612.853938462] [rtabmap]: rtabmap: Updating parameters
[rtabmap-14] [INFO] [1768033612.853990573] [rtabmap]: RTAB-Map rate detection = 2.000000 Hz
[rtabmap-14] [INFO] [1768033612.880398579] [rtabmap]: Parameters event received!
[rtabmap-14] [INFO] [1768033612.882032036] [rtabmap]: Setting RTAB-Map parameter "Vis/MaxDepth"="0"
[rtabmap-14] [INFO] [1768033612.882195537] [rtabmap]: rtabmap: Updating parameters
[rtabmap-14] [INFO] [1768033612.882287408] [rtabmap]: RTAB-Map rate detection = 2.000000 Hz
[rtabmap-14] [33m[ WARN] (2026-01-10 09:26:52.448) Features2d.cpp:658::create() BRIEF, FREAK and DAISY features cannot be used because OpenCV was not built with xfeatures2d module. GFTT/ORB is used instead.[0m
[rtabmap-14] [33m[ WARN] (2026-01-10 09:26:52.458) Features2d.cpp:658::create() BRIEF, FREAK and DAISY features cannot be used because OpenCV was not built with xfeatures2d module. GFTT/ORB is used instead.[0m
[rtabmap-14] [33m[ WARN] (2026-01-10 09:26:52.507) Features2d.cpp:658::create() BRIEF, FREAK and DAISY features cannot be used because OpenCV was not built with xfeatures2d module. GFTT/ORB is used instead.[0m
[rtabmap-14] [33m[ WARN] (2026-01-10 09:26:52.508) Features2d.cpp:658::create() BRIEF, FREAK and DAISY features cannot be used because OpenCV was not built with xfeatures2d module. GFTT/ORB is used instead.[0m
[rtabmap-14] [33m[ WARN] (2026-01-10 09:26:52.517) Features2d.cpp:658::create() BRIEF, FREAK and DAISY features cannot be used because OpenCV was not built with xfeatures2d module. GFTT/ORB is used instead.[0m
[rtabmap-14] [33m[ WARN] (2026-01-10 09:26:52.540) Features2d.cpp:658::create() BRIEF, FREAK and DAISY features cannot be used because OpenCV was not built with xfeatures2d module. GFTT/ORB is used instead.[0m
[rtabmap-14] [33m[ WARN] (2026-01-10 09:26:52.544) Features2d.cpp:658::create() BRIEF, FREAK and DAISY features cannot be used because OpenCV was not built with xfeatures2d module. GFTT/ORB is used instead.[0m
[rtabmap-14] [33m[ WARN] (2026-01-10 09:26:52.545) Features2d.cpp:658::create() BRIEF, FREAK and DAISY features cannot be used because OpenCV was not built with xfeatures2d module. GFTT/ORB is used instead.[0m
[rtabmap-14] [33m[ WARN] (2026-01-10 09:26:52.568) Features2d.cpp:658::create() BRIEF, FREAK and DAISY features cannot be used because OpenCV was not built with xfeatures2d module. GFTT/ORB is used instead.[0m
[rtabmap-14] [33m[ WARN] (2026-01-10 09:26:52.584) Features2d.cpp:658::create() BRIEF, FREAK and DAISY features cannot be used because OpenCV was not built with xfeatures2d module. GFTT/ORB is used instead.[0m
[rtabmap-14] [33m[ WARN] (2026-01-10 09:26:52.588) Features2d.cpp:658::create() BRIEF, FREAK and DAISY features cannot be used because OpenCV was not built with xfeatures2d module. GFTT/ORB is used instead.[0m
[rtabmap-14] [33m[ WARN] (2026-01-10 09:26:52.608) Features2d.cpp:658::create() BRIEF, FREAK and DAISY features cannot be used because OpenCV was not built with xfeatures2d module. GFTT/ORB is used instead.[0m
[rtabmap-14] [33m[ WARN] (2026-01-10 09:26:52.613) Features2d.cpp:658::create() BRIEF, FREAK and DAISY features cannot be used because OpenCV was not built with xfeatures2d module. GFTT/ORB is used instead.[0m
[rtabmap-14] [33m[ WARN] (2026-01-10 09:26:52.614) Features2d.cpp:658::create() BRIEF, FREAK and DAISY features cannot be used because OpenCV was not built with xfeatures2d module. GFTT/ORB is used instead.[0m
[rtabmap-14] [33m[ WARN] (2026-01-10 09:26:52.696) MapsManager.cpp:863::publishMaps() Graph has changed! The whole cloud is regenerated.[0m
[rtabmap-14] [33m[ WARN] (2026-01-10 09:26:52.697) OccupancyGrid.cpp:169::getProbMap() Map info is empty, cannot generate probabilistic occupancy grid[0m
[rtabmap-14] [33m[ WARN] (2026-01-10 09:26:52.701) Features2d.cpp:658::create() BRIEF, FREAK and DAISY features cannot be used because OpenCV was not built with xfeatures2d module. GFTT/ORB is used instead.[0m
[rtabmap-14] [33m[ WARN] (2026-01-10 09:26:52.702) Features2d.cpp:658::create() BRIEF, FREAK and DAISY features cannot be used because OpenCV was not built with xfeatures2d module. GFTT/ORB is used instead.[0m
[rtabmap-14] [33m[ WARN] (2026-01-10 09:26:52.703) Features2d.cpp:658::create() BRIEF, FREAK and DAISY features cannot be used because OpenCV was not built with xfeatures2d module. GFTT/ORB is used instead.[0m
[rtabmap-14] [33m[ WARN] (2026-01-10 09:26:52.710) Features2d.cpp:658::create() BRIEF, FREAK and DAISY features cannot be used because OpenCV was not built with xfeatures2d module. GFTT/ORB is used instead.[0m
[rtabmap-14] [33m[ WARN] (2026-01-10 09:26:52.711) Features2d.cpp:658::create() BRIEF, FREAK and DAISY features cannot be used because OpenCV was not built with xfeatures2d module. GFTT/ORB is used instead.[0m
[rtabmap-14] [33m[ WARN] (2026-01-10 09:26:52.726) Features2d.cpp:658::create() BRIEF, FREAK and DAISY features cannot be used because OpenCV was not built with xfeatures2d module. GFTT/ORB is used instead.[0m
[rtabmap-14] [33m[ WARN] (2026-01-10 09:26:52.749) Features2d.cpp:658::create() BRIEF, FREAK and DAISY features cannot be used because OpenCV was not built with xfeatures2d module. GFTT/ORB is used instead.[0m
[rtabmap-14] [33m[ WARN] (2026-01-10 09:26:52.755) Features2d.cpp:658::create() BRIEF, FREAK and DAISY features cannot be used because OpenCV was not built with xfeatures2d module. GFTT/ORB is used instead.[0m
[rtabmap-14] [33m[ WARN] (2026-01-10 09:26:52.759) Features2d.cpp:658::create() BRIEF, FREAK and DAISY features cannot be used because OpenCV was not built with xfeatures2d module. GFTT/ORB is used instead.[0m
[rtabmap-14] [33m[ WARN] (2026-01-10 09:26:52.786) Features2d.cpp:658::create() BRIEF, FREAK and DAISY features cannot be used because OpenCV was not built with xfeatures2d module. GFTT/ORB is used instead.[0m
[rtabmap-14] [33m[ WARN] (2026-01-10 09:26:52.787) Features2d.cpp:658::create() BRIEF, FREAK and DAISY features cannot be used because OpenCV was not built with xfeatures2d module. GFTT/ORB is used instead.[0m
[rtabmap-14] [33m[ WARN] (2026-01-10 09:26:52.788) Features2d.cpp:658::create() BRIEF, FREAK and DAISY features cannot be used because OpenCV was not built with xfeatures2d module. GFTT/ORB is used instead.[0m
[rtabmap-14] [33m[ WARN] (2026-01-10 09:26:52.799) Features2d.cpp:658::create() BRIEF, FREAK and DAISY features cannot be used because OpenCV was not built with xfeatures2d module. GFTT/ORB is used instead.[0m
[rtabmap-14] [33m[ WARN] (2026-01-10 09:26:52.800) Features2d.cpp:658::create() BRIEF, FREAK and DAISY features cannot be used because OpenCV was not built with xfeatures2d module. GFTT/ORB is used instead.[0m
[rtabmap-14] [33m[ WARN] (2026-01-10 09:26:52.806) Features2d.cpp:658::create() BRIEF, FREAK and DAISY features cannot be used because OpenCV was not built with xfeatures2d module. GFTT/ORB is used instead.[0m
[rtabmap-14] [33m[ WARN] (2026-01-10 09:26:52.817) Features2d.cpp:658::create() BRIEF, FREAK and DAISY features cannot be used because OpenCV was not built with xfeatures2d module. GFTT/ORB is used instead.[0m
[rtabmap-14] [33m[ WARN] (2026-01-10 09:26:52.818) Features2d.cpp:658::create() BRIEF, FREAK and DAISY features cannot be used because OpenCV was not built with xfeatures2d module. GFTT/ORB is used instead.[0m
[rtabmap-14] [33m[ WARN] (2026-01-10 09:26:52.819) Features2d.cpp:658::create() BRIEF, FREAK and DAISY features cannot be used because OpenCV was not built with xfeatures2d module. GFTT/ORB is used instead.[0m
[rtabmap-14] [33m[ WARN] (2026-01-10 09:26:52.832) Features2d.cpp:658::create() BRIEF, FREAK and DAISY features cannot be used because OpenCV was not built with xfeatures2d module. GFTT/ORB is used instead.[0m
[rtabmap-14] [33m[ WARN] (2026-01-10 09:26:52.834) Features2d.cpp:658::create() BRIEF, FREAK and DAISY features cannot be used because OpenCV was not built with xfeatures2d module. GFTT/ORB is used instead.[0m
[rtabmap-14] [33m[ WARN] (2026-01-10 09:26:52.838) Features2d.cpp:658::create() BRIEF, FREAK and DAISY features cannot be used because OpenCV was not built with xfeatures2d module. GFTT/ORB is used instead.[0m
[rtabmap-14] [33m[ WARN] (2026-01-10 09:26:52.857) Features2d.cpp:658::create() BRIEF, FREAK and DAISY features cannot be used because OpenCV was not built with xfeatures2d module. GFTT/ORB is used instead.[0m
[rtabmap-14] [33m[ WARN] (2026-01-10 09:26:52.863) Features2d.cpp:658::create() BRIEF, FREAK and DAISY features cannot be used because OpenCV was not built with xfeatures2d module. GFTT/ORB is used instead.[0m
[rtabmap-14] [33m[ WARN] (2026-01-10 09:26:52.865) Features2d.cpp:658::create() BRIEF, FREAK and DAISY features cannot be used because OpenCV was not built with xfeatures2d module. GFTT/ORB is used instead.[0m
[rtabmap-14] [33m[ WARN] (2026-01-10 09:26:52.883) Features2d.cpp:658::create() BRIEF, FREAK and DAISY features cannot be used because OpenCV was not built with xfeatures2d module. GFTT/ORB is used instead.[0m
[rtabmap-14] [33m[ WARN] (2026-01-10 09:26:52.884) Features2d.cpp:658::create() BRIEF, FREAK and DAISY features cannot be used because OpenCV was not built with xfeatures2d module. GFTT/ORB is used instead.[0m
[superpoint_node-2] [INFO] [1768033612.898592612] [superpoint_node]: Keypoints estratti: 800
[rtabmap-14] [INFO] [1768033612.902205900] [rtabmap]: Parameters event received!
[rtabmap-14] [INFO] [1768033612.902282641] [rtabmap]: Setting RTAB-Map parameter "Vis/MaxFeatures"="500"
[rtabmap-14] [INFO] [1768033612.902303845] [rtabmap]: rtabmap: Updating parameters
[rtabmap-14] [INFO] [1768033612.902341290] [rtabmap]: RTAB-Map rate detection = 2.000000 Hz
[superpoint_node-2] [ERROR] [1768033612.904373269] [superpoint_node]: Errore pubblicazione keypoints 3D: could not assign tuple of length 3 to structure with 4 fields.
[rtabmap-14] [INFO] [1768033612.909680737] [rtabmap]: Parameters event received!
[rtabmap-14] [INFO] [1768033612.909764793] [rtabmap]: Setting RTAB-Map parameter "Vis/MeanInliersDistance"="0.0"
[rtabmap-14] [INFO] [1768033612.909791015] [rtabmap]: rtabmap: Updating parameters
[rtabmap-14] [INFO] [1768033612.911149341] [rtabmap]: RTAB-Map rate detection = 2.000000 Hz
[rtabmap-14] [INFO] [1768033612.917965636] [rtabmap]: Parameters event received!
[rtabmap-14] [INFO] [1768033612.918056803] [rtabmap]: Setting RTAB-Map parameter "Vis/MinDepth"="0"
[rtabmap-14] [INFO] [1768033612.918114637] [rtabmap]: rtabmap: Updating parameters
[rtabmap-14] [INFO] [1768033612.918182582] [rtabmap]: RTAB-Map rate detection = 2.000000 Hz
[rtabmap-14] [INFO] [1768033612.935993816] [rtabmap]: Parameters event received!
[rtabmap-14] [INFO] [1768033612.936082409] [rtabmap]: Setting RTAB-Map parameter "Vis/MinInliers"="15"
[rtabmap-14] [INFO] [1768033612.936108020] [rtabmap]: rtabmap: Updating parameters
[rtabmap-14] [INFO] [1768033612.936146521] [rtabmap]: RTAB-Map rate detection = 2.000000 Hz
[rtabmap-14] [INFO] [1768033612.944726903] [rtabmap]: Parameters event received!
[rtabmap-14] [INFO] [1768033612.944871312] [rtabmap]: Setting RTAB-Map parameter "Vis/MinInliersDistribution"="0.0"
[rtabmap-14] [INFO] [1768033612.944895534] [rtabmap]: rtabmap: Updating parameters
[rtabmap-14] [INFO] [1768033612.944932201] [rtabmap]: RTAB-Map rate detection = 2.000000 Hz
[rtabmap-14] [INFO] [1768033612.961330090] [rtabmap]: Parameters event received!
[rtabmap-14] [INFO] [1768033612.961431795] [rtabmap]: Setting RTAB-Map parameter "Vis/PnPFlags"="0"
[rtabmap-14] [INFO] [1768033612.961471240] [rtabmap]: rtabmap: Updating parameters
[rtabmap-14] [INFO] [1768033612.961520296] [rtabmap]: RTAB-Map rate detection = 2.000000 Hz
[foxglove_bridge-12] [INFO] [1768033612.965036601] [foxglove_bridge]: publishing connection graph
[rtabmap-14] [INFO] [1768033612.974306878] [rtabmap]: Parameters event received!
[rtabmap-14] [INFO] [1768033612.974391138] [rtabmap]: Setting RTAB-Map parameter "Vis/PnPMaxVariance"="0.0"
[rtabmap-14] [INFO] [1768033612.974412620] [rtabmap]: rtabmap: Updating parameters
[rtabmap-14] [INFO] [1768033612.974449287] [rtabmap]: RTAB-Map rate detection = 2.000000 Hz
[rtabmap-14] [INFO] [1768033612.988760252] [rtabmap]: Parameters event received!
[rtabmap-14] [INFO] [1768033612.988870994] [rtabmap]: Setting RTAB-Map parameter "Vis/PnPRefineIterations"="0"
[rtabmap-14] [INFO] [1768033612.988897550] [rtabmap]: rtabmap: Updating parameters
[rtabmap-14] [INFO] [1768033612.988945809] [rtabmap]: RTAB-Map rate detection = 2.000000 Hz
[rtabmap-14] [INFO] [1768033612.996576129] [rtabmap]: Parameters event received!
[superpoint_node-2] [INFO] [1768033613.001538002] [superpoint_node]: Keypoints estratti: 800
[rtabmap-14] [INFO] [1768033613.002910235] [rtabmap]: Setting RTAB-Map parameter "Vis/PnPReprojError"="2"
[rtabmap-14] [INFO] [1768033613.002948550] [rtabmap]: rtabmap: Updating parameters
[rtabmap-14] [INFO] [1768033613.002985217] [rtabmap]: RTAB-Map rate detection = 2.000000 Hz
[superpoint_node-2] [ERROR] [1768033613.009325675] [superpoint_node]: Errore pubblicazione keypoints 3D: could not assign tuple of length 3 to structure with 4 fields.
[rtabmap-14] [INFO] [1768033613.014229158] [rtabmap]: Parameters event received!
[rtabmap-14] [INFO] [1768033613.014310733] [rtabmap]: Setting RTAB-Map parameter "Vis/PnPSamplingPolicy"="1"
[rtabmap-14] [INFO] [1768033613.014333085] [rtabmap]: rtabmap: Updating parameters
[rtabmap-14] [INFO] [1768033613.014368363] [rtabmap]: RTAB-Map rate detection = 2.000000 Hz
[rtabmap-14] [INFO] [1768033613.020075649] [rtabmap]: Parameters event received!
[rtabmap-14] [INFO] [1768033613.020166260] [rtabmap]: Setting RTAB-Map parameter "Vis/PnPSplitLinearCovComponents"="false"
[rtabmap-14] [INFO] [1768033613.020191205] [rtabmap]: rtabmap: Updating parameters
[rtabmap-14] [INFO] [1768033613.020226872] [rtabmap]: RTAB-Map rate detection = 2.000000 Hz
[rtabmap-14] [INFO] [1768033613.037014635] [rtabmap]: Parameters event received!
[rtabmap-14] [INFO] [1768033613.037115469] [rtabmap]: Setting RTAB-Map parameter "Vis/PnPVarianceMedianRatio"="4"
[rtabmap-14] [INFO] [1768033613.037153451] [rtabmap]: rtabmap: Updating parameters
[rtabmap-14] [INFO] [1768033613.037193192] [rtabmap]: RTAB-Map rate detection = 2.000000 Hz
[rtabmap-14] [INFO] [1768033613.045633610] [rtabmap]: Parameters event received!
[rtabmap-14] [INFO] [1768033613.045725019] [rtabmap]: Setting RTAB-Map parameter "Vis/RefineIterations"="5"
[rtabmap-14] [INFO] [1768033613.045748926] [rtabmap]: rtabmap: Updating parameters
[rtabmap-14] [INFO] [1768033613.045786501] [rtabmap]: RTAB-Map rate detection = 2.000000 Hz
[rtabmap-14] [INFO] [1768033613.062273242] [rtabmap]: Parameters event received!
[rtabmap-14] [INFO] [1768033613.064413407] [rtabmap]: Setting RTAB-Map parameter "Vis/RoiRatios"="0.0 0.0 0.0 0.0"
[rtabmap-14] [INFO] [1768033613.064448519] [rtabmap]: rtabmap: Updating parameters
[rtabmap-14] [INFO] [1768033613.064488612] [rtabmap]: RTAB-Map rate detection = 2.000000 Hz
[rtabmap-14] [33m[ WARN] (2026-01-10 09:26:52.885) Features2d.cpp:658::create() BRIEF, FREAK and DAISY features cannot be used because OpenCV was not built with xfeatures2d module. GFTT/ORB is used instead.[0m
[rtabmap-14] [33m[ WARN] (2026-01-10 09:26:52.903) Features2d.cpp:658::create() BRIEF, FREAK and DAISY features cannot be used because OpenCV was not built with xfeatures2d module. GFTT/ORB is used instead.[0m
[rtabmap-14] [33m[ WARN] (2026-01-10 09:26:52.904) Features2d.cpp:658::create() BRIEF, FREAK and DAISY features cannot be used because OpenCV was not built with xfeatures2d module. GFTT/ORB is used instead.[0m
[rtabmap-14] [33m[ WARN] (2026-01-10 09:26:52.904) Features2d.cpp:658::create() BRIEF, FREAK and DAISY features cannot be used because OpenCV was not built with xfeatures2d module. GFTT/ORB is used instead.[0m
[rtabmap-14] [33m[ WARN] (2026-01-10 09:26:52.911) Features2d.cpp:658::create() BRIEF, FREAK and DAISY features cannot be used because OpenCV was not built with xfeatures2d module. GFTT/ORB is used instead.[0m
[rtabmap-14] [33m[ WARN] (2026-01-10 09:26:52.913) Features2d.cpp:658::create() BRIEF, FREAK and DAISY features cannot be used because OpenCV was not built with xfeatures2d module. GFTT/ORB is used instead.[0m
[rtabmap-14] [33m[ WARN] (2026-01-10 09:26:52.914) Features2d.cpp:658::create() BRIEF, FREAK and DAISY features cannot be used because OpenCV was not built with xfeatures2d module. GFTT/ORB is used instead.[0m
[rtabmap-14] [33m[ WARN] (2026-01-10 09:26:52.920) Features2d.cpp:658::create() BRIEF, FREAK and DAISY features cannot be used because OpenCV was not built with xfeatures2d module. GFTT/ORB is used instead.[0m
[rtabmap-14] [33m[ WARN] (2026-01-10 09:26:52.922) Features2d.cpp:658::create() BRIEF, FREAK and DAISY features cannot be used because OpenCV was not built with xfeatures2d module. GFTT/ORB is used instead.[0m
[rtabmap-14] [33m[ WARN] (2026-01-10 09:26:52.923) Features2d.cpp:658::create() BRIEF, FREAK and DAISY features cannot be used because OpenCV was not built with xfeatures2d module. GFTT/ORB is used instead.[0m
[rtabmap-14] [33m[ WARN] (2026-01-10 09:26:52.936) Features2d.cpp:658::create() BRIEF, FREAK and DAISY features cannot be used because OpenCV was not built with xfeatures2d module. GFTT/ORB is used instead.[0m
[rtabmap-14] [33m[ WARN] (2026-01-10 09:26:52.938) Features2d.cpp:658::create() BRIEF, FREAK and DAISY features cannot be used because OpenCV was not built with xfeatures2d module. GFTT/ORB is used instead.[0m
[rtabmap-14] [33m[ WARN] (2026-01-10 09:26:52.938) Features2d.cpp:658::create() BRIEF, FREAK and DAISY features cannot be used because OpenCV was not built with xfeatures2d module. GFTT/ORB is used instead.[0m
[rtabmap-14] [33m[ WARN] (2026-01-10 09:26:52.951) Features2d.cpp:658::create() BRIEF, FREAK and DAISY features cannot be used because OpenCV was not built with xfeatures2d module. GFTT/ORB is used instead.[0m
[rtabmap-14] [33m[ WARN] (2026-01-10 09:26:52.952) Features2d.cpp:658::create() BRIEF, FREAK and DAISY features cannot be used because OpenCV was not built with xfeatures2d module. GFTT/ORB is used instead.[0m
[rtabmap-14] [33m[ WARN] (2026-01-10 09:26:52.952) Features2d.cpp:658::create() BRIEF, FREAK and DAISY features cannot be used because OpenCV was not built with xfeatures2d module. GFTT/ORB is used instead.[0m
[rtabmap-14] [33m[ WARN] (2026-01-10 09:26:52.963) Features2d.cpp:658::create() BRIEF, FREAK and DAISY features cannot be used because OpenCV was not built with xfeatures2d module. GFTT/ORB is used instead.[0m
[rtabmap-14] [33m[ WARN] (2026-01-10 09:26:52.966) Features2d.cpp:658::create() BRIEF, FREAK and DAISY features cannot be used because OpenCV was not built with xfeatures2d module. GFTT/ORB is used instead.[0m
[rtabmap-14] [33m[ WARN] (2026-01-10 09:26:52.967) Features2d.cpp:658::create() BRIEF, FREAK and DAISY features cannot be used because OpenCV was not built with xfeatures2d module. GFTT/ORB is used instead.[0m
[rtabmap-14] [33m[ WARN] (2026-01-10 09:26:52.978) Features2d.cpp:658::create() BRIEF, FREAK and DAISY features cannot be used because OpenCV was not built with xfeatures2d module. GFTT/ORB is used instead.[0m
[rtabmap-14] [33m[ WARN] (2026-01-10 09:26:52.979) Features2d.cpp:658::create() BRIEF, FREAK and DAISY features cannot be used because OpenCV was not built with xfeatures2d module. GFTT/ORB is used instead.[0m
[rtabmap-14] [33m[ WARN] (2026-01-10 09:26:52.980) Features2d.cpp:658::create() BRIEF, FREAK and DAISY features cannot be used because OpenCV was not built with xfeatures2d module. GFTT/ORB is used instead.[0m
[rtabmap-14] [33m[ WARN] (2026-01-10 09:26:52.989) Features2d.cpp:658::create() BRIEF, FREAK and DAISY features cannot be used because OpenCV was not built with xfeatures2d module. GFTT/ORB is used instead.[0m
[rtabmap-14] [33m[ WARN] (2026-01-10 09:26:52.990) Features2d.cpp:658::create() BRIEF, FREAK and DAISY features cannot be used because OpenCV was not built with xfeatures2d module. GFTT/ORB is used instead.[0m
[rtabmap-14] [33m[ WARN] (2026-01-10 09:26:52.991) Features2d.cpp:658::create() BRIEF, FREAK and DAISY features cannot be used because OpenCV was not built with xfeatures2d module. GFTT/ORB is used instead.[0m
[rtabmap-14] [33m[ WARN] (2026-01-10 09:26:53.003) Features2d.cpp:658::create() BRIEF, FREAK and DAISY features cannot be used because OpenCV was not built with xfeatures2d module. GFTT/ORB is used instead.[0m
[rtabmap-14] [33m[ WARN] (2026-01-10 09:26:53.004) Features2d.cpp:658::create() BRIEF, FREAK and DAISY features cannot be used because OpenCV was not built with xfeatures2d module. GFTT/ORB is used instead.[0m
[rtabmap-14] [33m[ WARN] (2026-01-10 09:26:53.005) Features2d.cpp:658::create() BRIEF, FREAK and DAISY features cannot be used because OpenCV was not built with xfeatures2d module. GFTT/ORB is used instead.[0m
[rtabmap-14] [33m[ WARN] (2026-01-10 09:26:53.015) Features2d.cpp:658::create() BRIEF, FREAK and DAISY features cannot be used because OpenCV was not built with xfeatures2d module. GFTT/ORB is used instead.[0m
[rtabmap-14] [33m[ WARN] (2026-01-10 09:26:53.016) Features2d.cpp:658::create() BRIEF, FREAK and DAISY features cannot be used because OpenCV was not built with xfeatures2d module. GFTT/ORB is used instead.[0m
[rtabmap-14] [33m[ WARN] (2026-01-10 09:26:53.016) Features2d.cpp:658::create() BRIEF, FREAK and DAISY features cannot be used because OpenCV was not built with xfeatures2d module. GFTT/ORB is used instead.[0m
[rtabmap-14] [33m[ WARN] (2026-01-10 09:26:53.020) Features2d.cpp:658::create() BRIEF, FREAK and DAISY features cannot be used because OpenCV was not built with xfeatures2d module. GFTT/ORB is used instead.[0m
[rtabmap-14] [33m[ WARN] (2026-01-10 09:26:53.021) Features2d.cpp:658::create() BRIEF, FREAK and DAISY features cannot be used because OpenCV was not built with xfeatures2d module. GFTT/ORB is used instead.[0m
[rtabmap-14] [33m[ WARN] (2026-01-10 09:26:53.022) Features2d.cpp:658::create() BRIEF, FREAK and DAISY features cannot be used because OpenCV was not built with xfeatures2d module. GFTT/ORB is used instead.[0m
[rtabmap-14] [33m[ WARN] (2026-01-10 09:26:53.037) Features2d.cpp:658::create() BRIEF, FREAK and DAISY features cannot be used because OpenCV was not built with xfeatures2d module. GFTT/ORB is used instead.[0m
[rtabmap-14] [33m[ WARN] (2026-01-10 09:26:53.038) Features2d.cpp:658::create() BRIEF, FREAK and DAISY features cannot be used because OpenCV was not built with xfeatures2d module. GFTT/ORB is used instead.[0m
[rtabmap-14] [33m[ WARN] (2026-01-10 09:26:53.041) Features2d.cpp:658::create() BRIEF, FREAK and DAISY features cannot be used because OpenCV was not built with xfeatures2d module. GFTT/ORB is used instead.[0m
[rtabmap-14] [33m[ WARN] (2026-01-10 09:26:53.055) Features2d.cpp:658::create() BRIEF, FREAK and DAISY features cannot be used because OpenCV was not built with xfeatures2d module. GFTT/ORB is used instead.[0m
[rtabmap-14] [33m[ WARN] (2026-01-10 09:26:53.056) Features2d.cpp:658::create() BRIEF, FREAK and DAISY features cannot be used because OpenCV was not built with xfeatures2d module. GFTT/ORB is used instead.[0m
[rtabmap-14] [33m[ WARN] (2026-01-10 09:26:53.057) Features2d.cpp:658::create() BRIEF, FREAK and DAISY features cannot be used because OpenCV was not built with xfeatures2d module. GFTT/ORB is used instead.[0m
[rtabmap-14] [33m[ WARN] (2026-01-10 09:26:53.065) Features2d.cpp:658::create() BRIEF, FREAK and DAISY features cannot be used because OpenCV was not built with xfeatures2d module. GFTT/ORB is used instead.[0m
[rtabmap-14] [INFO] [1768033613.080272644] [rtabmap]: Parameters event received!
[rtabmap-14] [INFO] [1768033613.080508165] [rtabmap]: Setting RTAB-Map parameter "Vis/SSC"="false"
[rtabmap-14] [INFO] [1768033613.080586295] [rtabmap]: rtabmap: Updating parameters
[rtabmap-14] [INFO] [1768033613.080651166] [rtabmap]: RTAB-Map rate detection = 2.000000 Hz
[rtabmap-14] [INFO] [1768033613.093009375] [rtabmap]: Parameters event received!
[rtabmap-14] [INFO] [1768033613.093153894] [rtabmap]: Setting RTAB-Map parameter "Vis/SubPixEps"="0.02"
[rtabmap-14] [INFO] [1768033613.093185450] [rtabmap]: rtabmap: Updating parameters
[rtabmap-14] [INFO] [1768033613.093250340] [rtabmap]: RTAB-Map rate detection = 2.000000 Hz
[superpoint_node-2] [INFO] [1768033613.114083023] [superpoint_node]: Keypoints estratti: 800
[rtabmap-14] [INFO] [1768033613.116116169] [rtabmap]: Parameters event received!
[rtabmap-14] [INFO] [1768033613.116194947] [rtabmap]: Setting RTAB-Map parameter "Vis/SubPixIterations"="0"
[rtabmap-14] [INFO] [1768033613.116219096] [rtabmap]: rtabmap: Updating parameters
[rtabmap-14] [INFO] [1768033613.116255170] [rtabmap]: RTAB-Map rate detection = 2.000000 Hz
[superpoint_node-2] [ERROR] [1768033613.120309925] [superpoint_node]: Errore pubblicazione keypoints 3D: could not assign tuple of length 3 to structure with 4 fields.
[rtabmap-14] [INFO] [1768033613.122837204] [rtabmap]: Parameters event received!
[rtabmap-14] [INFO] [1768033613.122923630] [rtabmap]: Setting RTAB-Map parameter "Vis/SubPixWinSize"="3"
[rtabmap-14] [INFO] [1768033613.122946908] [rtabmap]: rtabmap: Updating parameters
[rtabmap-14] [INFO] [1768033613.122986075] [rtabmap]: RTAB-Map rate detection = 2.000000 Hz
[rtabmap-14] [33m[ WARN] (2026-01-10 09:26:53.066) Features2d.cpp:658::create() BRIEF, FREAK and DAISY features cannot be used because OpenCV was not built with xfeatures2d module. GFTT/ORB is used instead.[0m
[rtabmap-14] [33m[ WARN] (2026-01-10 09:26:53.069) Features2d.cpp:658::create() BRIEF, FREAK and DAISY features cannot be used because OpenCV was not built with xfeatures2d module. GFTT/ORB is used instead.[0m
[rtabmap-14] [33m[ WARN] (2026-01-10 09:26:53.081) Features2d.cpp:658::create() BRIEF, FREAK and DAISY features cannot be used because OpenCV was not built with xfeatures2d module. GFTT/ORB is used instead.[0m
[rtabmap-14] [33m[ WARN] (2026-01-10 09:26:53.084) Features2d.cpp:658::create() BRIEF, FREAK and DAISY features cannot be used because OpenCV was not built with xfeatures2d module. GFTT/ORB is used instead.[0m
[rtabmap-14] [33m[ WARN] (2026-01-10 09:26:53.085) Features2d.cpp:658::create() BRIEF, FREAK and DAISY features cannot be used because OpenCV was not built with xfeatures2d module. GFTT/ORB is used instead.[0m
[rtabmap-14] [33m[ WARN] (2026-01-10 09:26:53.094) Features2d.cpp:658::create() BRIEF, FREAK and DAISY features cannot be used because OpenCV was not built with xfeatures2d module. GFTT/ORB is used instead.[0m
[rtabmap-14] [33m[ WARN] (2026-01-10 09:26:53.101) Features2d.cpp:658::create() BRIEF, FREAK and DAISY features cannot be used because OpenCV was not built with xfeatures2d module. GFTT/ORB is used instead.[0m
[rtabmap-14] [33m[ WARN] (2026-01-10 09:26:53.101) Features2d.cpp:658::create() BRIEF, FREAK and DAISY features cannot be used because OpenCV was not built with xfeatures2d module. GFTT/ORB is used instead.[0m
[rtabmap-14] [33m[ WARN] (2026-01-10 09:26:53.117) Features2d.cpp:658::create() BRIEF, FREAK and DAISY features cannot be used because OpenCV was not built with xfeatures2d module. GFTT/ORB is used instead.[0m
[rtabmap-14] [33m[ WARN] (2026-01-10 09:26:53.118) Features2d.cpp:658::create() BRIEF, FREAK and DAISY features cannot be used because OpenCV was not built with xfeatures2d module. GFTT/ORB is used instead.[0m
[rtabmap-14] [33m[ WARN] (2026-01-10 09:26:53.118) Features2d.cpp:658::create() BRIEF, FREAK and DAISY features cannot be used because OpenCV was not built with xfeatures2d module. GFTT/ORB is used instead.[0m
[rtabmap-14] [33m[ WARN] (2026-01-10 09:26:53.123) Features2d.cpp:658::create() BRIEF, FREAK and DAISY features cannot be used because OpenCV was not built with xfeatures2d module. GFTT/ORB is used instead.[0m
[rtabmap-14] [33m[ WARN] (2026-01-10 09:26:53.124) Features2d.cpp:658::create() BRIEF, FREAK and DAISY features cannot be used because OpenCV was not built with xfeatures2d module. GFTT/ORB is used instead.[0m
[rtabmap-14] [33m[ WARN] (2026-01-10 09:26:53.125) Features2d.cpp:658::create() BRIEF, FREAK and DAISY features cannot be used because OpenCV was not built with xfeatures2d module. GFTT/ORB is used instead.[0m
[rtabmap-14] [INFO] [1768033613.135978623] [rtabmap]: Parameters event received!
[rtabmap-14] [INFO] [1768033613.136060309] [rtabmap]: Setting RTAB-Map parameter "g2o/Baseline"="0.075"
[rtabmap-14] [INFO] [1768033613.136085587] [rtabmap]: rtabmap: Updating parameters
[rtabmap-14] [INFO] [1768033613.136122365] [rtabmap]: RTAB-Map rate detection = 2.000000 Hz
[rtabmap-14] [INFO] [1768033613.144726007] [rtabmap]: Parameters event received!
[rtabmap-14] [INFO] [1768033613.144820563] [rtabmap]: Setting RTAB-Map parameter "g2o/Optimizer"="0"
[rtabmap-14] [INFO] [1768033613.144851212] [rtabmap]: rtabmap: Updating parameters
[rtabmap-14] [INFO] [1768033613.144887693] [rtabmap]: RTAB-Map rate detection = 2.000000 Hz
[rtabmap-14] [INFO] [1768033613.164630091] [rtabmap]: Parameters event received!
[rtabmap-14] [INFO] [1768033613.164713184] [rtabmap]: Setting RTAB-Map parameter "g2o/PixelVariance"="1.0"
[rtabmap-14] [INFO] [1768033613.164735314] [rtabmap]: rtabmap: Updating parameters
[rtabmap-14] [INFO] [1768033613.164767592] [rtabmap]: RTAB-Map rate detection = 2.000000 Hz
[rtabmap-14] [INFO] [1768033613.170633990] [rtabmap]: Parameters event received!
[rtabmap-14] [INFO] [1768033613.179522912] [rtabmap]: Setting RTAB-Map parameter "g2o/RobustKernelDelta"="8"
[rtabmap-14] [INFO] [1768033613.179575968] [rtabmap]: rtabmap: Updating parameters
[rtabmap-14] [INFO] [1768033613.179612987] [rtabmap]: RTAB-Map rate detection = 2.000000 Hz
[rtabmap-14] [INFO] [1768033613.191259098] [rtabmap]: Parameters event received!
[rtabmap-14] [INFO] [1768033613.191420433] [rtabmap]: Setting RTAB-Map parameter "g2o/Solver"="0"
[rtabmap-14] [INFO] [1768033613.191461174] [rtabmap]: rtabmap: Updating parameters
[rtabmap-14] [INFO] [1768033613.191525156] [rtabmap]: RTAB-Map rate detection = 2.000000 Hz
[rtabmap-14] [INFO] [1768033613.207890285] [rtabmap]: Parameters event received!
[superpoint_node-2] [INFO] [1768033613.216649595] [superpoint_node]: Keypoints estratti: 800
[superpoint_node-2] [ERROR] [1768033613.222391067] [superpoint_node]: Errore pubblicazione keypoints 3D: could not assign tuple of length 3 to structure with 4 fields.
[rtabmap-14] [INFO] [1768033613.254694212] [rtabmap]: rtabmap (281): Rate=0.50s, Limit=0.001s, Conversion=0.0002s, RTAB-Map=0.0370s, Maps update=0.0003s pub=0.0061s delay=0.0851s (local map=0, WM=0)
[rtabmap-14] [INFO] [1768033613.256758395] [rtabmap]: Parameters event received!
[superpoint_node-2] [INFO] [1768033613.316051994] [superpoint_node]: Keypoints estratti: 800
[superpoint_node-2] [ERROR] [1768033613.321625576] [superpoint_node]: Errore pubblicazione keypoints 3D: could not assign tuple of length 3 to structure with 4 fields.
[superpoint_node-2] [INFO] [1768033613.413108578] [superpoint_node]: Keypoints estratti: 800
[superpoint_node-2] [ERROR] [1768033613.418600752] [superpoint_node]: Errore pubblicazione keypoints 3D: could not assign tuple of length 3 to structure with 4 fields.
[superpoint_node-2] [INFO] [1768033613.513187057] [superpoint_node]: Keypoints estratti: 800
[superpoint_node-2] [ERROR] [1768033613.519436903] [superpoint_node]: Errore pubblicazione keypoints 3D: could not assign tuple of length 3 to structure with 4 fields.
[superpoint_node-2] [INFO] [1768033613.614595416] [superpoint_node]: Keypoints estratti: 800
[superpoint_node-2] [ERROR] [1768033613.620835077] [superpoint_node]: Errore pubblicazione keypoints 3D: could not assign tuple of length 3 to structure with 4 fields.
[superpoint_node-2] [INFO] [1768033613.713589460] [superpoint_node]: Keypoints estratti: 800
[superpoint_node-2] [ERROR] [1768033613.720415440] [superpoint_node]: Errore pubblicazione keypoints 3D: could not assign tuple of length 3 to structure with 4 fields.
[superpoint_node-2] [INFO] [1768033613.824524598] [superpoint_node]: Keypoints estratti: 800
[superpoint_node-2] [ERROR] [1768033613.834901125] [superpoint_node]: Errore pubblicazione keypoints 3D: could not assign tuple of length 3 to structure with 4 fields.
[foxglove_bridge-12] [INFO] [1768033613.861318983] [foxglove_bridge]: publishing connection graph
[rtabmap-14] [INFO] [1768033613.935606312] [rtabmap]: rtabmap (282): Rate=0.50s, Limit=0.001s, Conversion=0.0003s, RTAB-Map=0.1045s, Maps update=0.0081s pub=0.0100s delay=0.1662s (local map=0, WM=0)
[superpoint_node-2] [INFO] [1768033614.092379536] [superpoint_node]: Keypoints estratti: 800
[superpoint_node-2] [ERROR] [1768033614.121666694] [superpoint_node]: Errore pubblicazione keypoints 3D: could not assign tuple of length 3 to structure with 4 fields.
[superpoint_node-2] [INFO] [1768033614.200647653] [superpoint_node]: Keypoints estratti: 800
[superpoint_node-2] [ERROR] [1768033614.206229957] [superpoint_node]: Errore pubblicazione keypoints 3D: could not assign tuple of length 3 to structure with 4 fields.
[superpoint_node-2] [INFO] [1768033614.311114566] [superpoint_node]: Keypoints estratti: 800
[superpoint_node-2] [ERROR] [1768033614.317154206] [superpoint_node]: Errore pubblicazione keypoints 3D: could not assign tuple of length 3 to structure with 4 fields.
[foxglove_bridge-12] [INFO] [1768033614.380755451] [foxglove_bridge]: publishing connection graph
[superpoint_node-2] [INFO] [1768033614.415134631] [superpoint_node]: Keypoints estratti: 800
[superpoint_node-2] [ERROR] [1768033614.421187309] [superpoint_node]: Errore pubblicazione keypoints 3D: could not assign tuple of length 3 to structure with 4 fields.
[rtabmap-14] [INFO] [1768033614.449945629] [rtabmap]: rtabmap (283): Rate=0.50s, Limit=0.001s, Conversion=0.0002s, RTAB-Map=0.0330s, Maps update=0.0003s pub=0.0028s delay=0.0804s (local map=0, WM=0)
[superpoint_node-2] [INFO] [1768033614.516211858] [superpoint_node]: Keypoints estratti: 800
[superpoint_node-2] [ERROR] [1768033614.521922440] [superpoint_node]: Errore pubblicazione keypoints 3D: could not assign tuple of length 3 to structure with 4 fields.
[superpoint_node-2] [INFO] [1768033614.612147507] [superpoint_node]: Keypoints estratti: 800
[superpoint_node-2] [ERROR] [1768033614.617640384] [superpoint_node]: Errore pubblicazione keypoints 3D: could not assign tuple of length 3 to structure with 4 fields.
[superpoint_node-2] [INFO] [1768033614.712680712] [superpoint_node]: Keypoints estratti: 800
[superpoint_node-2] [ERROR] [1768033614.720629478] [superpoint_node]: Errore pubblicazione keypoints 3D: could not assign tuple of length 3 to structure with 4 fields.
[superpoint_node-2] [INFO] [1768033614.810764452] [superpoint_node]: Keypoints estratti: 800
[superpoint_node-2] [ERROR] [1768033614.816157069] [superpoint_node]: Errore pubblicazione keypoints 3D: could not assign tuple of length 3 to structure with 4 fields.
[superpoint_node-2] [INFO] [1768033614.910218833] [superpoint_node]: Keypoints estratti: 800
[superpoint_node-2] [ERROR] [1768033614.915768710] [superpoint_node]: Errore pubblicazione keypoints 3D: could not assign tuple of length 3 to structure with 4 fields.
[superpoint_node-2] [INFO] [1768033615.011275300] [superpoint_node]: Keypoints estratti: 800
[superpoint_node-2] [ERROR] [1768033615.017167921] [superpoint_node]: Errore pubblicazione keypoints 3D: could not assign tuple of length 3 to structure with 4 fields.
[rtabmap-14] [INFO] [1768033615.053683007] [rtabmap]: rtabmap (284): Rate=0.50s, Limit=0.001s, Conversion=0.0002s, RTAB-Map=0.0333s, Maps update=0.0020s pub=0.0054s delay=0.0844s (local map=0, WM=0)
[superpoint_node-2] [INFO] [1768033615.116169984] [superpoint_node]: Keypoints estratti: 800
[superpoint_node-2] [ERROR] [1768033615.123980434] [superpoint_node]: Errore pubblicazione keypoints 3D: could not assign tuple of length 3 to structure with 4 fields.
[superpoint_node-2] [INFO] [1768033615.211988224] [superpoint_node]: Keypoints estratti: 800
[superpoint_node-2] [ERROR] [1768033615.217479472] [superpoint_node]: Errore pubblicazione keypoints 3D: could not assign tuple of length 3 to structure with 4 fields.
[superpoint_node-2] [INFO] [1768033615.314016366] [superpoint_node]: Keypoints estratti: 800
[superpoint_node-2] [ERROR] [1768033615.320508844] [superpoint_node]: Errore pubblicazione keypoints 3D: could not assign tuple of length 3 to structure with 4 fields.
[superpoint_node-2] [INFO] [1768033615.412057940] [superpoint_node]: Keypoints estratti: 800
[superpoint_node-2] [ERROR] [1768033615.417522965] [superpoint_node]: Errore pubblicazione keypoints 3D: could not assign tuple of length 3 to structure with 4 fields.
[superpoint_node-2] [INFO] [1768033615.515142479] [superpoint_node]: Keypoints estratti: 800
[superpoint_node-2] [ERROR] [1768033615.520972229] [superpoint_node]: Errore pubblicazione keypoints 3D: could not assign tuple of length 3 to structure with 4 fields.
[rtabmap-14] [INFO] [1768033615.548767968] [rtabmap]: rtabmap (285): Rate=0.50s, Limit=0.001s, Conversion=0.0002s, RTAB-Map=0.0304s, Maps update=0.0002s pub=0.0008s delay=0.0794s (local map=0, WM=0)
[superpoint_node-2] [INFO] [1768033615.612718363] [superpoint_node]: Keypoints estratti: 800
[superpoint_node-2] [ERROR] [1768033615.618854468] [superpoint_node]: Errore pubblicazione keypoints 3D: could not assign tuple of length 3 to structure with 4 fields.
[superpoint_node-2] [INFO] [1768033615.713049455] [superpoint_node]: Keypoints estratti: 800
[superpoint_node-2] [ERROR] [1768033615.719118559] [superpoint_node]: Errore pubblicazione keypoints 3D: could not assign tuple of length 3 to structure with 4 fields.
[superpoint_node-2] [INFO] [1768033615.813982144] [superpoint_node]: Keypoints estratti: 800
[superpoint_node-2] [ERROR] [1768033615.820118729] [superpoint_node]: Errore pubblicazione keypoints 3D: could not assign tuple of length 3 to structure with 4 fields.
[superpoint_node-2] [INFO] [1768033615.914155808] [superpoint_node]: Keypoints estratti: 800
[superpoint_node-2] [ERROR] [1768033615.921329698] [superpoint_node]: Errore pubblicazione keypoints 3D: could not assign tuple of length 3 to structure with 4 fields.
[superpoint_node-2] [INFO] [1768033616.015021219] [superpoint_node]: Keypoints estratti: 800
[superpoint_node-2] [ERROR] [1768033616.023149616] [superpoint_node]: Errore pubblicazione keypoints 3D: could not assign tuple of length 3 to structure with 4 fields.
[rtabmap-14] [INFO] [1768033616.033278530] [rtabmap]: rtabmap (286): Rate=0.50s, Limit=0.001s, Conversion=0.0003s, RTAB-Map=0.0188s, Maps update=0.0003s pub=0.0012s delay=0.0638s (local map=0, WM=0)
[superpoint_node-2] [INFO] [1768033616.112602455] [superpoint_node]: Keypoints estratti: 800
[superpoint_node-2] [ERROR] [1768033616.118573743] [superpoint_node]: Errore pubblicazione keypoints 3D: could not assign tuple of length 3 to structure with 4 fields.
[superpoint_node-2] [INFO] [1768033616.213410495] [superpoint_node]: Keypoints estratti: 800
[superpoint_node-2] [ERROR] [1768033616.219660007] [superpoint_node]: Errore pubblicazione keypoints 3D: could not assign tuple of length 3 to structure with 4 fields.
[superpoint_node-2] [INFO] [1768033616.316071142] [superpoint_node]: Keypoints estratti: 800
[superpoint_node-2] [ERROR] [1768033616.322014355] [superpoint_node]: Errore pubblicazione keypoints 3D: could not assign tuple of length 3 to structure with 4 fields.
[superpoint_node-2] [INFO] [1768033616.417142609] [superpoint_node]: Keypoints estratti: 800
[superpoint_node-2] [ERROR] [1768033616.423189546] [superpoint_node]: Errore pubblicazione keypoints 3D: could not assign tuple of length 3 to structure with 4 fields.
[superpoint_node-2] [INFO] [1768033616.516490989] [superpoint_node]: Keypoints estratti: 800
[superpoint_node-2] [ERROR] [1768033616.522745520] [superpoint_node]: Errore pubblicazione keypoints 3D: could not assign tuple of length 3 to structure with 4 fields.
[superpoint_node-2] [INFO] [1768033616.612922365] [superpoint_node]: Keypoints estratti: 800
[superpoint_node-2] [ERROR] [1768033616.619477435] [superpoint_node]: Errore pubblicazione keypoints 3D: could not assign tuple of length 3 to structure with 4 fields.
[rtabmap-14] [INFO] [1768033616.652301918] [rtabmap]: rtabmap (287): Rate=0.50s, Limit=0.001s, Conversion=0.0002s, RTAB-Map=0.0333s, Maps update=0.0006s pub=0.0040s delay=0.0829s (local map=0, WM=0)
[superpoint_node-2] [INFO] [1768033616.717247469] [superpoint_node]: Keypoints estratti: 800
[superpoint_node-2] [ERROR] [1768033616.723072886] [superpoint_node]: Errore pubblicazione keypoints 3D: could not assign tuple of length 3 to structure with 4 fields.
[superpoint_node-2] [INFO] [1768033616.814534111] [superpoint_node]: Keypoints estratti: 800
[superpoint_node-2] [ERROR] [1768033616.820674530] [superpoint_node]: Errore pubblicazione keypoints 3D: could not assign tuple of length 3 to structure with 4 fields.
[superpoint_node-2] [INFO] [1768033616.913144929] [superpoint_node]: Keypoints estratti: 800
[superpoint_node-2] [ERROR] [1768033616.920282634] [superpoint_node]: Errore pubblicazione keypoints 3D: could not assign tuple of length 3 to structure with 4 fields.
[superpoint_node-2] [INFO] [1768033617.012081880] [superpoint_node]: Keypoints estratti: 800
[superpoint_node-2] [ERROR] [1768033617.019624940] [superpoint_node]: Errore pubblicazione keypoints 3D: could not assign tuple of length 3 to structure with 4 fields.
[superpoint_node-2] [INFO] [1768033617.113092514] [superpoint_node]: Keypoints estratti: 800
[superpoint_node-2] [ERROR] [1768033617.119333027] [superpoint_node]: Errore pubblicazione keypoints 3D: could not assign tuple of length 3 to structure with 4 fields.
[foxglove_bridge-12] [INFO] [1768033617.151286224] [foxglove_bridge]: received unsubscribe request for channel 7
[foxglove_bridge-12] [INFO] [1768033617.151379466] [foxglove_bridge]: Cleaned up subscription to topic /tf for client 1 on channel 7
[foxglove_bridge-12] [INFO] [1768033617.152786384] [foxglove_bridge]: received unsubscribe request for channel 3
[foxglove_bridge-12] [INFO] [1768033617.152892200] [foxglove_bridge]: Cleaned up subscription to topic /tf_static for client 1 on channel 3
[rtabmap-14] [INFO] [1768033617.152848663] [rtabmap]: rtabmap (288): Rate=0.50s, Limit=0.001s, Conversion=0.0002s, RTAB-Map=0.0357s, Maps update=0.0003s pub=0.0032s delay=0.0834s (local map=0, WM=0)
[foxglove_bridge-12] [INFO] [1768033617.153058942] [foxglove_bridge]: received unsubscribe request for channel 4
[foxglove_bridge-12] [INFO] [1768033617.153099905] [foxglove_bridge]: Cleaned up subscription to topic /robot_description for client 1 on channel 4
[foxglove_bridge-12] [INFO] [1768033617.153150313] [foxglove_bridge]: received unsubscribe request for channel 9
[foxglove_bridge-12] [INFO] [1768033617.153203110] [foxglove_bridge]: Cleaned up subscription to topic /imu/data for client 1 on channel 9
[foxglove_bridge-12] [INFO] [1768033617.153244573] [foxglove_bridge]: received unsubscribe request for channel 11
[foxglove_bridge-12] [INFO] [1768033617.153274740] [foxglove_bridge]: Cleaned up subscription to topic /diagnostics for client 1 on channel 11
[foxglove_bridge-12] [INFO] [1768033617.153317722] [foxglove_bridge]: received unsubscribe request for channel 18
[foxglove_bridge-12] [INFO] [1768033617.153348741] [foxglove_bridge]: Cleaned up subscription to topic /bluedot_input for client 1 on channel 18
[foxglove_bridge-12] [INFO] [1768033617.153390685] [foxglove_bridge]: received unsubscribe request for channel 20
[foxglove_bridge-12] [INFO] [1768033617.153424149] [foxglove_bridge]: Cleaned up subscription to topic /imu/linear for client 1 on channel 20
[foxglove_bridge-12] [INFO] [1768033617.153469649] [foxglove_bridge]: received unsubscribe request for channel 24
[foxglove_bridge-12] [INFO] [1768033617.153497001] [foxglove_bridge]: Cleaned up subscription to topic /superpoint/debug_image for client 1 on channel 24
[foxglove_bridge-12] [INFO] [1768033617.153531650] [foxglove_bridge]: received unsubscribe request for channel 26
[foxglove_bridge-12] [INFO] [1768033617.153555446] [foxglove_bridge]: Cleaned up subscription to topic /flann/matches_viz for client 1 on channel 26
[foxglove_bridge-12] [INFO] [1768033617.153596057] [foxglove_bridge]: received unsubscribe request for channel 28
[foxglove_bridge-12] [INFO] [1768033617.153628447] [foxglove_bridge]: Cleaned up subscription to topic /depth/image_raw for client 1 on channel 28
[foxglove_bridge-12] [INFO] [1768033617.153668984] [foxglove_bridge]: received unsubscribe request for channel 29
[foxglove_bridge-12] [INFO] [1768033617.153693021] [foxglove_bridge]: Cleaned up subscription to topic /camera/image_raw for client 1 on channel 29
[foxglove_bridge-12] [INFO] [1768033617.153732262] [foxglove_bridge]: received unsubscribe request for channel 30
[foxglove_bridge-12] [INFO] [1768033617.153763170] [foxglove_bridge]: Cleaned up subscription to topic /camera/camera_info for client 1 on channel 30
[foxglove_bridge-12] [INFO] [1768033617.153946301] [foxglove_bridge]: received unsubscribe request for channel 31
[foxglove_bridge-12] [INFO] [1768033617.154008357] [foxglove_bridge]: Cleaned up subscription to topic /octomap_occupied_space for client 1 on channel 31
[foxglove_bridge-12] [INFO] [1768033617.154052357] [foxglove_bridge]: received unsubscribe request for channel 32
[foxglove_bridge-12] [INFO] [1768033617.154077284] [foxglove_bridge]: Cleaned up subscription to topic /octomap_obstacles for client 1 on channel 32
[foxglove_bridge-12] [INFO] [1768033617.154109821] [foxglove_bridge]: received unsubscribe request for channel 33
[foxglove_bridge-12] [INFO] [1768033617.154131284] [foxglove_bridge]: Cleaned up subscription to topic /octomap_ground for client 1 on channel 33
[foxglove_bridge-12] [INFO] [1768033617.154165229] [foxglove_bridge]: received unsubscribe request for channel 34
[foxglove_bridge-12] [INFO] [1768033617.154188507] [foxglove_bridge]: Cleaned up subscription to topic /octomap_global_frontier_space for client 1 on channel 34
[foxglove_bridge-12] [INFO] [1768033617.154219285] [foxglove_bridge]: received unsubscribe request for channel 36
[foxglove_bridge-12] [INFO] [1768033617.154241748] [foxglove_bridge]: Cleaned up subscription to topic /octomap_empty_space for client 1 on channel 36
[foxglove_bridge-12] [INFO] [1768033617.154272026] [foxglove_bridge]: received unsubscribe request for channel 39
[foxglove_bridge-12] [INFO] [1768033617.154293544] [foxglove_bridge]: Cleaned up subscription to topic /map for client 1 on channel 39
[foxglove_bridge-12] [INFO] [1768033617.154329304] [foxglove_bridge]: received unsubscribe request for channel 40
[foxglove_bridge-12] [INFO] [1768033617.154391064] [foxglove_bridge]: Cleaned up subscription to topic /grid_prob_map for client 1 on channel 40
[foxglove_bridge-12] [INFO] [1768033617.154433305] [foxglove_bridge]: received unsubscribe request for channel 41
[foxglove_bridge-12] [INFO] [1768033617.154458657] [foxglove_bridge]: Cleaned up subscription to topic /octomap_grid for client 1 on channel 41
[foxglove_bridge-12] [INFO] [1768033617.154496157] [foxglove_bridge]: received unsubscribe request for channel 42
[foxglove_bridge-12] [INFO] [1768033617.154522454] [foxglove_bridge]: Cleaned up subscription to topic /cloud_obstacles for client 1 on channel 42
[foxglove_bridge-12] [INFO] [1768033617.154560361] [foxglove_bridge]: received unsubscribe request for channel 43
[foxglove_bridge-12] [INFO] [1768033617.154594232] [foxglove_bridge]: Cleaned up subscription to topic /cloud_map for client 1 on channel 43
[foxglove_bridge-12] [INFO] [1768033617.154640381] [foxglove_bridge]: received unsubscribe request for channel 44
[foxglove_bridge-12] [INFO] [1768033617.154671362] [foxglove_bridge]: Cleaned up subscription to topic /cloud_ground for client 1 on channel 44
[foxglove_bridge-12] [INFO] [1768033617.154741844] [foxglove_bridge]: received unsubscribe request for channel 47
[foxglove_bridge-12] [INFO] [1768033617.154783622] [foxglove_bridge]: Cleaned up subscription to topic /localization_pose for client 1 on channel 47
[foxglove_bridge-12] [INFO] [1768033617.154832364] [foxglove_bridge]: received unsubscribe request for channel 50
[foxglove_bridge-12] [INFO] [1768033617.154867179] [foxglove_bridge]: Cleaned up subscription to topic /local_grid_obstacle for client 1 on channel 50
[foxglove_bridge-12] [INFO] [1768033617.154903401] [foxglove_bridge]: received unsubscribe request for channel 51
[foxglove_bridge-12] [INFO] [1768033617.154932309] [foxglove_bridge]: Cleaned up subscription to topic /local_grid_ground for client 1 on channel 51
[foxglove_bridge-12] [INFO] [1768033617.154974772] [foxglove_bridge]: received unsubscribe request for channel 52
[foxglove_bridge-12] [INFO] [1768033617.155001624] [foxglove_bridge]: Cleaned up subscription to topic /local_grid_empty for client 1 on channel 52
[foxglove_bridge-12] [INFO] [1768033617.155034995] [foxglove_bridge]: received unsubscribe request for channel 53
[foxglove_bridge-12] [INFO] [1768033617.155059051] [foxglove_bridge]: Cleaned up subscription to topic /local_path for client 1 on channel 53
[foxglove_bridge-12] [INFO] [1768033617.155099106] [foxglove_bridge]: received unsubscribe request for channel 54
[foxglove_bridge-12] [INFO] [1768033617.155130792] [foxglove_bridge]: Cleaned up subscription to topic /landmarks for client 1 on channel 54
[foxglove_bridge-12] [INFO] [1768033617.155168218] [foxglove_bridge]: received unsubscribe request for channel 55
[foxglove_bridge-12] [INFO] [1768033617.155192274] [foxglove_bridge]: Cleaned up subscription to topic /initialpose for client 1 on channel 55
[foxglove_bridge-12] [INFO] [1768033617.155228700] [foxglove_bridge]: received unsubscribe request for channel 59
[foxglove_bridge-12] [INFO] [1768033617.155256793] [foxglove_bridge]: Cleaned up subscription to topic /mapPath for client 1 on channel 59
[foxglove_bridge-12] [INFO] [1768033617.155293108] [foxglove_bridge]: received unsubscribe request for channel 60
[foxglove_bridge-12] [INFO] [1768033617.155318979] [foxglove_bridge]: Cleaned up subscription to topic /goal for client 1 on channel 60
[foxglove_bridge-12] [INFO] [1768033617.155360146] [foxglove_bridge]: received unsubscribe request for channel 61
[foxglove_bridge-12] [INFO] [1768033617.155387979] [foxglove_bridge]: Cleaned up subscription to topic /goal_out for client 1 on channel 61
[foxglove_bridge-12] [INFO] [1768033617.155421961] [foxglove_bridge]: received unsubscribe request for channel 63
[foxglove_bridge-12] [INFO] [1768033617.155444646] [foxglove_bridge]: Cleaned up subscription to topic /global_path for client 1 on channel 63
[foxglove_bridge-12] [INFO] [1768033617.155478887] [foxglove_bridge]: received unsubscribe request for channel 67
[foxglove_bridge-12] [INFO] [1768033617.155503610] [foxglove_bridge]: Cleaned up subscription to topic /imu for client 1 on channel 67
[foxglove_bridge-12] [INFO] [1768033617.155544684] [foxglove_bridge]: received unsubscribe request for channel 68
[foxglove_bridge-12] [INFO] [1768033617.155579184] [foxglove_bridge]: Cleaned up subscription to topic /gps/fix for client 1 on channel 68
[foxglove_bridge-12] [INFO] [1768033617.155628166] [foxglove_bridge]: received unsubscribe request for channel 69
[foxglove_bridge-12] [INFO] [1768033617.155664278] [foxglove_bridge]: Cleaned up subscription to topic /global_pose for client 1 on channel 69
[foxglove_bridge-12] [INFO] [1768033617.233781693] [foxglove_bridge]: publishing connection graph
[superpoint_node-2] [INFO] [1768033617.246542850] [superpoint_node]: Keypoints estratti: 800
[superpoint_node-2] [ERROR] [1768033617.255902628] [superpoint_node]: Errore pubblicazione keypoints 3D: could not assign tuple of length 3 to structure with 4 fields.
[foxglove_bridge-12] [INFO] [1768033617.318843719] [foxglove_bridge]: received subscribe request for channel 63 from client 1 (sink 1)
[foxglove_bridge-12] [INFO] [1768033617.341440287] [foxglove_bridge]: created ROS subscription on /global_path (nav_msgs/msg/Path) successfully for channel 63 (client 1, sink 1)
[foxglove_bridge-12] [INFO] [1768033617.348974884] [foxglove_bridge]: Client ID 1 is advertising "/move_base_simple/goal" (geometry_msgs/PoseStamped) on channel 1 with encoding "cdr"
[foxglove_bridge-12] [INFO] [1768033617.354911468] [foxglove_bridge]: Client ID 1 is advertising "/clicked_point" (geometry_msgs/PointStamped) on channel 2 with encoding "cdr"
[foxglove_bridge-12] [INFO] [1768033617.360208843] [foxglove_bridge]: Client ID 1 is advertising "/initialpose" (geometry_msgs/PoseWithCovarianceStamped) on channel 3 with encoding "cdr"
[superpoint_node-2] [INFO] [1768033617.362985828] [superpoint_node]: Keypoints estratti: 800
[foxglove_bridge-12] [INFO] [1768033617.365243791] [foxglove_bridge]: Client ID 1 is advertising "/teleop/cmd_vel" (geometry_msgs/Twist) on channel 4 with encoding "cdr"
[superpoint_node-2] [ERROR] [1768033617.370680482] [superpoint_node]: Errore pubblicazione keypoints 3D: could not assign tuple of length 3 to structure with 4 fields.
[superpoint_node-2] [INFO] [1768033617.452971430] [superpoint_node]: Keypoints estratti: 800
[superpoint_node-2] [ERROR] [1768033617.458660642] [superpoint_node]: Errore pubblicazione keypoints 3D: could not assign tuple of length 3 to structure with 4 fields.
[superpoint_node-2] [INFO] [1768033617.533745515] [superpoint_node]: Keypoints estratti: 800
[superpoint_node-2] [ERROR] [1768033617.539809119] [superpoint_node]: Errore pubblicazione keypoints 3D: could not assign tuple of length 3 to structure with 4 fields.
[foxglove_bridge-12] [INFO] [1768033617.558001189] [foxglove_bridge]: received subscribe request for channel 68 from client 1 (sink 1)
[foxglove_bridge-12] [INFO] [1768033617.575056676] [foxglove_bridge]: created ROS subscription on /gps/fix (sensor_msgs/msg/NavSatFix) successfully for channel 68 (client 1, sink 1)
[foxglove_bridge-12] [INFO] [1768033617.586394099] [foxglove_bridge]: received subscribe request for channel 11 from client 1 (sink 1)
[foxglove_bridge-12] [INFO] [1768033617.599161848] [foxglove_bridge]: created ROS subscription on /diagnostics (diagnostic_msgs/msg/DiagnosticArray) successfully for channel 11 (client 1, sink 1)
[superpoint_node-2] [INFO] [1768033617.630810895] [superpoint_node]: Keypoints estratti: 800
[superpoint_node-2] [ERROR] [1768033617.638331455] [superpoint_node]: Errore pubblicazione keypoints 3D: could not assign tuple of length 3 to structure with 4 fields.
[rtabmap-14] [INFO] [1768033617.656256375] [rtabmap]: rtabmap (289): Rate=0.50s, Limit=0.001s, Conversion=0.0002s, RTAB-Map=0.0417s, Maps update=0.0001s pub=0.0000s delay=0.0761s (local map=0, WM=0)
[superpoint_node-2] [INFO] [1768033617.718625851] [superpoint_node]: Keypoints estratti: 800
[superpoint_node-2] [ERROR] [1768033617.724714510] [superpoint_node]: Errore pubblicazione keypoints 3D: could not assign tuple of length 3 to structure with 4 fields.
[foxglove_bridge-12] [INFO] [1768033617.769283141] [foxglove_bridge]: Advertising new channel 71 for topic "/teleop/cmd_vel"
[foxglove_bridge-12] [INFO] [1768033617.769475254] [foxglove_bridge]: Advertising new channel 72 for topic "/move_base_simple/goal"
[foxglove_bridge-12] [INFO] [1768033617.779650075] [foxglove_bridge]: Advertising new channel 73 for topic "/clicked_point"
[foxglove_bridge-12] [INFO] [1768033617.794303784] [foxglove_bridge]: publishing connection graph
[superpoint_node-2] [INFO] [1768033617.811485864] [superpoint_node]: Keypoints estratti: 800
[superpoint_node-2] [ERROR] [1768033617.817280818] [superpoint_node]: Errore pubblicazione keypoints 3D: could not assign tuple of length 3 to structure with 4 fields.
[foxglove_bridge-12] [INFO] [1768033617.899502840] [foxglove_bridge]: received subscribe request for channel 30 from client 1 (sink 1)
[foxglove_bridge-12] [INFO] [1768033617.905998836] [foxglove_bridge]: created ROS subscription on /camera/camera_info (sensor_msgs/msg/CameraInfo) successfully for channel 30 (client 1, sink 1)
[foxglove_bridge-12] [INFO] [1768033617.906439395] [foxglove_bridge]: received subscribe request for channel 24 from client 1 (sink 1)
[foxglove_bridge-12] [INFO] [1768033617.912564684] [foxglove_bridge]: created ROS subscription on /superpoint/debug_image (sensor_msgs/msg/Image) successfully for channel 24 (client 1, sink 1)
[foxglove_bridge-12] [INFO] [1768033617.912751871] [foxglove_bridge]: received subscribe request for channel 29 from client 1 (sink 1)
[superpoint_node-2] [INFO] [1768033617.914072029] [superpoint_node]: Keypoints estratti: 800
[foxglove_bridge-12] [INFO] [1768033617.916714772] [foxglove_bridge]: created ROS subscription on /camera/image_raw (sensor_msgs/msg/Image) successfully for channel 29 (client 1, sink 1)
[foxglove_bridge-12] [INFO] [1768033617.917099757] [foxglove_bridge]: received subscribe request for channel 44 from client 1 (sink 1)
[foxglove_bridge-12] [INFO] [1768033617.922661171] [foxglove_bridge]: created ROS subscription on /cloud_ground (sensor_msgs/msg/PointCloud2) successfully for channel 44 (client 1, sink 1)
[foxglove_bridge-12] [INFO] [1768033617.922841599] [foxglove_bridge]: received subscribe request for channel 43 from client 1 (sink 1)
[superpoint_node-2] [ERROR] [1768033617.924258110] [superpoint_node]: Errore pubblicazione keypoints 3D: could not assign tuple of length 3 to structure with 4 fields.
[foxglove_bridge-12] [INFO] [1768033617.927975788] [foxglove_bridge]: created ROS subscription on /cloud_map (sensor_msgs/msg/PointCloud2) successfully for channel 43 (client 1, sink 1)
[foxglove_bridge-12] [INFO] [1768033617.928127881] [foxglove_bridge]: received subscribe request for channel 42 from client 1 (sink 1)
[foxglove_bridge-12] [INFO] [1768033617.932567231] [foxglove_bridge]: created ROS subscription on /cloud_obstacles (sensor_msgs/msg/PointCloud2) successfully for channel 42 (client 1, sink 1)
[foxglove_bridge-12] [INFO] [1768033617.932753214] [foxglove_bridge]: received subscribe request for channel 28 from client 1 (sink 1)
[foxglove_bridge-12] [INFO] [1768033617.939554157] [foxglove_bridge]: created ROS subscription on /depth/image_raw (sensor_msgs/msg/Image) successfully for channel 28 (client 1, sink 1)
[foxglove_bridge-12] [INFO] [1768033617.939762085] [foxglove_bridge]: received subscribe request for channel 26 from client 1 (sink 1)
[foxglove_bridge-12] [INFO] [1768033617.945879004] [foxglove_bridge]: created ROS subscription on /flann/matches_viz (geometry_msgs/msg/PoseArray) successfully for channel 26 (client 1, sink 1)
[foxglove_bridge-12] [INFO] [1768033617.946146802] [foxglove_bridge]: received subscribe request for channel 69 from client 1 (sink 1)
[foxglove_bridge-12] [INFO] [1768033617.953445397] [foxglove_bridge]: created ROS subscription on /global_pose (geometry_msgs/msg/PoseWithCovarianceStamped) successfully for channel 69 (client 1, sink 1)
[foxglove_bridge-12] [INFO] [1768033617.953701047] [foxglove_bridge]: received subscribe request for channel 60 from client 1 (sink 1)
[foxglove_bridge-12] [INFO] [1768033617.960112339] [foxglove_bridge]: created ROS subscription on /goal (geometry_msgs/msg/PoseStamped) successfully for channel 60 (client 1, sink 1)
[foxglove_bridge-12] [INFO] [1768033617.960351859] [foxglove_bridge]: received subscribe request for channel 61 from client 1 (sink 1)
[foxglove_bridge-12] [INFO] [1768033617.965570123] [foxglove_bridge]: created ROS subscription on /goal_out (geometry_msgs/msg/PoseStamped) successfully for channel 61 (client 1, sink 1)
[foxglove_bridge-12] [INFO] [1768033617.965759161] [foxglove_bridge]: received subscribe request for channel 40 from client 1 (sink 1)
[foxglove_bridge-12] [INFO] [1768033617.972263213] [foxglove_bridge]: created ROS subscription on /grid_prob_map (nav_msgs/msg/OccupancyGrid) successfully for channel 40 (client 1, sink 1)
[foxglove_bridge-12] [INFO] [1768033617.972427788] [foxglove_bridge]: received subscribe request for channel 55 from client 1 (sink 1)
[foxglove_bridge-12] [INFO] [1768033617.977429606] [foxglove_bridge]: created ROS subscription on /initialpose (geometry_msgs/msg/PoseWithCovarianceStamped) successfully for channel 55 (client 1, sink 1)
[foxglove_bridge-12] [INFO] [1768033617.977577847] [foxglove_bridge]: received subscribe request for channel 54 from client 1 (sink 1)
[foxglove_bridge-12] [INFO] [1768033617.983587284] [foxglove_bridge]: created ROS subscription on /landmarks (geometry_msgs/msg/PoseArray) successfully for channel 54 (client 1, sink 1)
[foxglove_bridge-12] [INFO] [1768033617.983763248] [foxglove_bridge]: received subscribe request for channel 52 from client 1 (sink 1)
[foxglove_bridge-12] [INFO] [1768033617.988833196] [foxglove_bridge]: created ROS subscription on /local_grid_empty (sensor_msgs/msg/PointCloud2) successfully for channel 52 (client 1, sink 1)
[foxglove_bridge-12] [INFO] [1768033617.989018716] [foxglove_bridge]: received subscribe request for channel 51 from client 1 (sink 1)
[foxglove_bridge-12] [INFO] [1768033617.994009255] [foxglove_bridge]: created ROS subscription on /local_grid_ground (sensor_msgs/msg/PointCloud2) successfully for channel 51 (client 1, sink 1)
[foxglove_bridge-12] [INFO] [1768033617.994198090] [foxglove_bridge]: received subscribe request for channel 50 from client 1 (sink 1)
[foxglove_bridge-12] [INFO] [1768033617.998147918] [foxglove_bridge]: created ROS subscription on /local_grid_obstacle (sensor_msgs/msg/PointCloud2) successfully for channel 50 (client 1, sink 1)
[foxglove_bridge-12] [INFO] [1768033617.998324938] [foxglove_bridge]: received subscribe request for channel 53 from client 1 (sink 1)
[foxglove_bridge-12] [INFO] [1768033618.003062068] [foxglove_bridge]: created ROS subscription on /local_path (nav_msgs/msg/Path) successfully for channel 53 (client 1, sink 1)
[foxglove_bridge-12] [INFO] [1768033618.003309181] [foxglove_bridge]: received subscribe request for channel 47 from client 1 (sink 1)
[foxglove_bridge-12] [INFO] [1768033618.008102145] [foxglove_bridge]: created ROS subscription on /localization_pose (geometry_msgs/msg/PoseWithCovarianceStamped) successfully for channel 47 (client 1, sink 1)
[foxglove_bridge-12] [INFO] [1768033618.008339276] [foxglove_bridge]: received subscribe request for channel 39 from client 1 (sink 1)
[foxglove_bridge-12] [INFO] [1768033618.012801793] [foxglove_bridge]: created ROS subscription on /map (nav_msgs/msg/OccupancyGrid) successfully for channel 39 (client 1, sink 1)
[foxglove_bridge-12] [INFO] [1768033618.013152666] [foxglove_bridge]: received subscribe request for channel 59 from client 1 (sink 1)
[foxglove_bridge-12] [INFO] [1768033618.018989731] [foxglove_bridge]: created ROS subscription on /mapPath (nav_msgs/msg/Path) successfully for channel 59 (client 1, sink 1)
[foxglove_bridge-12] [INFO] [1768033618.019131899] [foxglove_bridge]: received subscribe request for channel 36 from client 1 (sink 1)
[foxglove_bridge-12] [INFO] [1768033618.026033324] [foxglove_bridge]: created ROS subscription on /octomap_empty_space (sensor_msgs/msg/PointCloud2) successfully for channel 36 (client 1, sink 1)
[foxglove_bridge-12] [INFO] [1768033618.026185251] [foxglove_bridge]: received subscribe request for channel 34 from client 1 (sink 1)
[foxglove_bridge-12] [INFO] [1768033618.031757610] [foxglove_bridge]: created ROS subscription on /octomap_global_frontier_space (sensor_msgs/msg/PointCloud2) successfully for channel 34 (client 1, sink 1)
[foxglove_bridge-12] [INFO] [1768033618.031942389] [foxglove_bridge]: received subscribe request for channel 41 from client 1 (sink 1)
[foxglove_bridge-12] [INFO] [1768033618.037800769] [foxglove_bridge]: created ROS subscription on /octomap_grid (nav_msgs/msg/OccupancyGrid) successfully for channel 41 (client 1, sink 1)
[foxglove_bridge-12] [INFO] [1768033618.038105179] [foxglove_bridge]: received subscribe request for channel 33 from client 1 (sink 1)
[foxglove_bridge-12] [INFO] [1768033618.043557537] [foxglove_bridge]: created ROS subscription on /octomap_ground (sensor_msgs/msg/PointCloud2) successfully for channel 33 (client 1, sink 1)
[foxglove_bridge-12] [INFO] [1768033618.043742020] [foxglove_bridge]: received subscribe request for channel 32 from client 1 (sink 1)
[foxglove_bridge-12] [INFO] [1768033618.058494359] [foxglove_bridge]: created ROS subscription on /octomap_obstacles (sensor_msgs/msg/PointCloud2) successfully for channel 32 (client 1, sink 1)
[foxglove_bridge-12] [INFO] [1768033618.058750676] [foxglove_bridge]: received subscribe request for channel 31 from client 1 (sink 1)
[foxglove_bridge-12] [INFO] [1768033618.064442129] [foxglove_bridge]: created ROS subscription on /octomap_occupied_space (sensor_msgs/msg/PointCloud2) successfully for channel 31 (client 1, sink 1)
[foxglove_bridge-12] [INFO] [1768033618.064611167] [foxglove_bridge]: received subscribe request for channel 4 from client 1 (sink 1)
[foxglove_bridge-12] [INFO] [1768033618.076129295] [foxglove_bridge]: created ROS subscription on /robot_description (std_msgs/msg/String) successfully for channel 4 (client 1, sink 1)
[foxglove_bridge-12] [INFO] [1768033618.076350704] [foxglove_bridge]: received subscribe request for channel 18 from client 1 (sink 1)
[foxglove_bridge-12] [INFO] [1768033618.085035125] [foxglove_bridge]: created ROS subscription on /bluedot_input (std_msgs/msg/Float64MultiArray) successfully for channel 18 (client 1, sink 1)
[foxglove_bridge-12] [INFO] [1768033618.086036966] [foxglove_bridge]: received subscribe request for channel 20 from client 1 (sink 1)
[foxglove_bridge-12] [INFO] [1768033618.091795808] [foxglove_bridge]: created ROS subscription on /imu/linear (sensor_msgs/msg/Imu) successfully for channel 20 (client 1, sink 1)
[foxglove_bridge-12] [INFO] [1768033618.092000402] [foxglove_bridge]: received subscribe request for channel 9 from client 1 (sink 1)
[foxglove_bridge-12] [INFO] [1768033618.096625772] [foxglove_bridge]: created ROS subscription on /imu/data (sensor_msgs/msg/Imu) successfully for channel 9 (client 1, sink 1)
[foxglove_bridge-12] [INFO] [1768033618.096898089] [foxglove_bridge]: received subscribe request for channel 67 from client 1 (sink 1)
[foxglove_bridge-12] [INFO] [1768033618.103327307] [foxglove_bridge]: created ROS subscription on /imu (sensor_msgs/msg/Imu) successfully for channel 67 (client 1, sink 1)
[foxglove_bridge-12] [INFO] [1768033618.103632976] [foxglove_bridge]: received subscribe request for channel 7 from client 1 (sink 1)
[foxglove_bridge-12] [WARN] [1768033618.104174573] [foxglove_bridge]: Limiting history depth for topic '/tf' to 10 (was 400). You may want to increase the max_qos_depth parameter value.
[superpoint_node-2] [INFO] [1768033618.109199002] [superpoint_node]: Keypoints estratti: 800
[superpoint_node-2] [ERROR] [1768033618.115625460] [superpoint_node]: Errore pubblicazione keypoints 3D: could not assign tuple of length 3 to structure with 4 fields.
[foxglove_bridge-12] [INFO] [1768033618.118207499] [foxglove_bridge]: created ROS subscription on /tf (tf2_msgs/msg/TFMessage) successfully for channel 7 (client 1, sink 1)
[foxglove_bridge-12] [INFO] [1768033618.118568854] [foxglove_bridge]: received subscribe request for channel 3 from client 1 (sink 1)
[foxglove_bridge-12] [INFO] [1768033618.123153501] [foxglove_bridge]: created ROS subscription on /tf_static (tf2_msgs/msg/TFMessage) successfully for channel 3 (client 1, sink 1)
[rtabmap-14] [33m[ WARN] (2026-01-10 09:26:53.136) Features2d.cpp:658::create() BRIEF, FREAK and DAISY features cannot be used because OpenCV was not built with xfeatures2d module. GFTT/ORB is used instead.[0m
[rtabmap-14] [33m[ WARN] (2026-01-10 09:26:53.138) Features2d.cpp:658::create() BRIEF, FREAK and DAISY features cannot be used because OpenCV was not built with xfeatures2d module. GFTT/ORB is used instead.[0m
[rtabmap-14] [33m[ WARN] (2026-01-10 09:26:53.140) Features2d.cpp:658::create() BRIEF, FREAK and DAISY features cannot be used because OpenCV was not built with xfeatures2d module. GFTT/ORB is used instead.[0m
[rtabmap-14] [33m[ WARN] (2026-01-10 09:26:53.145) Features2d.cpp:658::create() BRIEF, FREAK and DAISY features cannot be used because OpenCV was not built with xfeatures2d module. GFTT/ORB is used instead.[0m
[rtabmap-14] [33m[ WARN] (2026-01-10 09:26:53.150) Features2d.cpp:658::create() BRIEF, FREAK and DAISY features cannot be used because OpenCV was not built with xfeatures2d module. GFTT/ORB is used instead.[0m
[rtabmap-14] [33m[ WARN] (2026-01-10 09:26:53.151) Features2d.cpp:658::create() BRIEF, FREAK and DAISY features cannot be used because OpenCV was not built with xfeatures2d module. GFTT/ORB is used instead.[0m
[rtabmap-14] [33m[ WARN] (2026-01-10 09:26:53.165) Features2d.cpp:658::create() BRIEF, FREAK and DAISY features cannot be used because OpenCV was not built with xfeatures2d module. GFTT/ORB is used instead.[0m
[rtabmap-14] [33m[ WARN] (2026-01-10 09:26:53.166) Features2d.cpp:658::create() BRIEF, FREAK and DAISY features cannot be used because OpenCV was not built with xfeatures2d module. GFTT/ORB is used instead.[0m
[rtabmap-14] [33m[ WARN] (2026-01-10 09:26:53.167) Features2d.cpp:658::create() BRIEF, FREAK and DAISY features cannot be used because OpenCV was not built with xfeatures2d module. GFTT/ORB is used instead.[0m
[rtabmap-14] [33m[ WARN] (2026-01-10 09:26:53.180) Features2d.cpp:658::create() BRIEF, FREAK and DAISY features cannot be used because OpenCV was not built with xfeatures2d module. GFTT/ORB is used instead.[0m
[rtabmap-14] [33m[ WARN] (2026-01-10 09:26:53.184) Features2d.cpp:658::create() BRIEF, FREAK and DAISY features cannot be used because OpenCV was not built with xfeatures2d module. GFTT/ORB is used instead.[0m
[rtabmap-14] [33m[ WARN] (2026-01-10 09:26:53.185) Features2d.cpp:658::create() BRIEF, FREAK and DAISY features cannot be used because OpenCV was not built with xfeatures2d module. GFTT/ORB is used instead.[0m
[rtabmap-14] [33m[ WARN] (2026-01-10 09:26:53.194) Features2d.cpp:658::create() BRIEF, FREAK and DAISY features cannot be used because OpenCV was not built with xfeatures2d module. GFTT/ORB is used instead.[0m
[rtabmap-14] [33m[ WARN] (2026-01-10 09:26:53.195) Features2d.cpp:658::create() BRIEF, FREAK and DAISY features cannot be used because OpenCV was not built with xfeatures2d module. GFTT/ORB is used instead.[0m
[rtabmap-14] [33m[ WARN] (2026-01-10 09:26:53.196) Features2d.cpp:658::create() BRIEF, FREAK and DAISY features cannot be used because OpenCV was not built with xfeatures2d module. GFTT/ORB is used instead.[0m
[rtabmap-14] [33m[ WARN] (2026-01-10 09:26:53.248) MapsManager.cpp:863::publishMaps() Graph has changed! The whole cloud is regenerated.[0m
[rtabmap-14] [33m[ WARN] (2026-01-10 09:26:53.249) OccupancyGrid.cpp:169::getProbMap() Map info is empty, cannot generate probabilistic occupancy grid[0m
[rtabmap-14] [33m[ WARN] (2026-01-10 09:26:53.924) MapsManager.cpp:863::publishMaps() Graph has changed! The whole cloud is regenerated.[0m
[rtabmap-14] [33m[ WARN] (2026-01-10 09:26:53.929) OccupancyGrid.cpp:169::getProbMap() Map info is empty, cannot generate probabilistic occupancy grid[0m
[rtabmap-14] [33m[ WARN] (2026-01-10 09:26:54.374) CoreWrapper.cpp:1227::odomTFUpdate() Odometry is reset (identity pose detected). Increment map id![0m
[rtabmap-14] [33m[ WARN] (2026-01-10 09:26:54.447) MapsManager.cpp:863::publishMaps() Graph has changed! The whole cloud is regenerated.[0m
[rtabmap-14] [33m[ WARN] (2026-01-10 09:26:54.449) OccupancyGrid.cpp:169::getProbMap() Map info is empty, cannot generate probabilistic occupancy grid[0m
[rtabmap-14] [33m[ WARN] (2026-01-10 09:26:55.047) MapsManager.cpp:863::publishMaps() Graph has changed! The whole cloud is regenerated.[0m
[rtabmap-14] [33m[ WARN] (2026-01-10 09:26:55.051) OccupancyGrid.cpp:169::getProbMap() Map info is empty, cannot generate probabilistic occupancy grid[0m
[rtabmap-14] [33m[ WARN] (2026-01-10 09:26:55.547) MapsManager.cpp:863::publishMaps() Graph has changed! The whole cloud is regenerated.[0m
[rtabmap-14] [33m[ WARN] (2026-01-10 09:26:55.548) OccupancyGrid.cpp:169::getProbMap() Map info is empty, cannot generate probabilistic occupancy grid[0m
[rtabmap-14] [33m[ WARN] (2026-01-10 09:26:56.032) MapsManager.cpp:863::publishMaps() Graph has changed! The whole cloud is regenerated.[0m
[rtabmap-14] [33m[ WARN] (2026-01-10 09:26:56.032) OccupancyGrid.cpp:169::getProbMap() Map info is empty, cannot generate probabilistic occupancy grid[0m
[rtabmap-14] [33m[ WARN] (2026-01-10 09:26:56.648) MapsManager.cpp:863::publishMaps() Graph has changed! The whole cloud is regenerated.[0m
[rtabmap-14] [33m[ WARN] (2026-01-10 09:26:56.651) OccupancyGrid.cpp:169::getProbMap() Map info is empty, cannot generate probabilistic occupancy grid[0m
[rtabmap-14] [33m[ WARN] (2026-01-10 09:26:57.149) MapsManager.cpp:863::publishMaps() Graph has changed! The whole cloud is regenerated.[0m
[rtabmap-14] [33m[ WARN] (2026-01-10 09:26:57.150) OccupancyGrid.cpp:169::getProbMap() Map info is empty, cannot generate probabilistic occupancy grid[0m
[superpoint_node-2] [INFO] [1768033618.204640129] [superpoint_node]: Keypoints estratti: 800
[superpoint_node-2] [ERROR] [1768033618.210880030] [superpoint_node]: Errore pubblicazione keypoints 3D: could not assign tuple of length 3 to structure with 4 fields.
[rtabmap-14] [INFO] [1768033618.249774783] [rtabmap]: rtabmap (290): Rate=0.50s, Limit=0.001s, Conversion=0.0002s, RTAB-Map=0.0356s, Maps update=0.0002s pub=0.0037s delay=0.0909s (local map=0, WM=0)
[superpoint_node-2] [INFO] [1768033618.300923892] [superpoint_node]: Keypoints estratti: 800
[superpoint_node-2] [ERROR] [1768033618.307607648] [superpoint_node]: Errore pubblicazione keypoints 3D: could not assign tuple of length 3 to structure with 4 fields.
[foxglove_bridge-12] [INFO] [1768033618.313848402] [foxglove_bridge]: publishing connection graph
[superpoint_node-2] [INFO] [1768033618.411899623] [superpoint_node]: Keypoints estratti: 800
[superpoint_node-2] [ERROR] [1768033618.417682502] [superpoint_node]: Errore pubblicazione keypoints 3D: could not assign tuple of length 3 to structure with 4 fields.
[superpoint_node-2] [INFO] [1768033618.513472595] [superpoint_node]: Keypoints estratti: 800
[superpoint_node-2] [ERROR] [1768033618.519499235] [superpoint_node]: Errore pubblicazione keypoints 3D: could not assign tuple of length 3 to structure with 4 fields.
[superpoint_node-2] [INFO] [1768033618.613449313] [superpoint_node]: Keypoints estratti: 800
[superpoint_node-2] [ERROR] [1768033618.619447713] [superpoint_node]: Errore pubblicazione keypoints 3D: could not assign tuple of length 3 to structure with 4 fields.
[superpoint_node-2] [INFO] [1768033618.713571625] [superpoint_node]: Keypoints estratti: 800
[superpoint_node-2] [ERROR] [1768033618.719673396] [superpoint_node]: Errore pubblicazione keypoints 3D: could not assign tuple of length 3 to structure with 4 fields.
[rtabmap-14] [INFO] [1768033618.737529889] [rtabmap]: rtabmap (291): Rate=0.50s, Limit=0.001s, Conversion=0.0003s, RTAB-Map=0.0223s, Maps update=0.0003s pub=0.0022s delay=0.0682s (local map=0, WM=0)
[superpoint_node-2] [INFO] [1768033618.813152933] [superpoint_node]: Keypoints estratti: 800
[superpoint_node-2] [ERROR] [1768033618.819297093] [superpoint_node]: Errore pubblicazione keypoints 3D: could not assign tuple of length 3 to structure with 4 fields.
[superpoint_node-2] [INFO] [1768033618.913601748] [superpoint_node]: Keypoints estratti: 800
[superpoint_node-2] [ERROR] [1768033618.919405979] [superpoint_node]: Errore pubblicazione keypoints 3D: could not assign tuple of length 3 to structure with 4 fields.
[superpoint_node-2] [INFO] [1768033619.014149693] [superpoint_node]: Keypoints estratti: 800
[superpoint_node-2] [ERROR] [1768033619.020778134] [superpoint_node]: Errore pubblicazione keypoints 3D: could not assign tuple of length 3 to structure with 4 fields.
[superpoint_node-2] [INFO] [1768033619.117076657] [superpoint_node]: Keypoints estratti: 800
[superpoint_node-2] [ERROR] [1768033619.123219261] [superpoint_node]: Errore pubblicazione keypoints 3D: could not assign tuple of length 3 to structure with 4 fields.
[superpoint_node-2] [INFO] [1768033619.213971665] [superpoint_node]: Keypoints estratti: 800
[superpoint_node-2] [ERROR] [1768033619.220338383] [superpoint_node]: Errore pubblicazione keypoints 3D: could not assign tuple of length 3 to structure with 4 fields.
[superpoint_node-2] [INFO] [1768033619.313766105] [superpoint_node]: Keypoints estratti: 800
[superpoint_node-2] [ERROR] [1768033619.320233526] [superpoint_node]: Errore pubblicazione keypoints 3D: could not assign tuple of length 3 to structure with 4 fields.
[rtabmap-14] [INFO] [1768033619.351352699] [rtabmap]: rtabmap (292): Rate=0.50s, Limit=0.001s, Conversion=0.0004s, RTAB-Map=0.0308s, Maps update=0.0021s pub=0.0055s delay=0.0820s (local map=0, WM=0)
[superpoint_node-2] [INFO] [1768033619.415052370] [superpoint_node]: Keypoints estratti: 800
[superpoint_node-2] [ERROR] [1768033619.421648460] [superpoint_node]: Errore pubblicazione keypoints 3D: could not assign tuple of length 3 to structure with 4 fields.
[superpoint_node-2] [INFO] [1768033619.514242268] [superpoint_node]: Keypoints estratti: 800
[superpoint_node-2] [ERROR] [1768033619.520272797] [superpoint_node]: Errore pubblicazione keypoints 3D: could not assign tuple of length 3 to structure with 4 fields.
[superpoint_node-2] [INFO] [1768033619.615095789] [superpoint_node]: Keypoints estratti: 800
[superpoint_node-2] [ERROR] [1768033619.621548507] [superpoint_node]: Errore pubblicazione keypoints 3D: could not assign tuple of length 3 to structure with 4 fields.
[superpoint_node-2] [INFO] [1768033619.714039685] [superpoint_node]: Keypoints estratti: 800
[superpoint_node-2] [ERROR] [1768033619.720196530] [superpoint_node]: Errore pubblicazione keypoints 3D: could not assign tuple of length 3 to structure with 4 fields.
[rtabmap-14] [INFO] [1768033619.809276884] [rtabmap]: rtabmap (293): Rate=0.50s, Limit=0.001s, Conversion=0.0003s, RTAB-Map=0.0244s, Maps update=0.0004s pub=0.0016s delay=0.0399s (local map=0, WM=0)
[superpoint_node-2] [INFO] [1768033619.819333241] [superpoint_node]: Keypoints estratti: 800
[superpoint_node-2] [ERROR] [1768033619.825430586] [superpoint_node]: Errore pubblicazione keypoints 3D: could not assign tuple of length 3 to structure with 4 fields.
[superpoint_node-2] [INFO] [1768033619.918006597] [superpoint_node]: Keypoints estratti: 800
[superpoint_node-2] [ERROR] [1768033619.924068701] [superpoint_node]: Errore pubblicazione keypoints 3D: could not assign tuple of length 3 to structure with 4 fields.
[superpoint_node-2] [INFO] [1768033620.014917847] [superpoint_node]: Keypoints estratti: 800
[superpoint_node-2] [ERROR] [1768033620.022072330] [superpoint_node]: Errore pubblicazione keypoints 3D: could not assign tuple of length 3 to structure with 4 fields.
[superpoint_node-2] [INFO] [1768033620.112251693] [superpoint_node]: Keypoints estratti: 800
[superpoint_node-2] [ERROR] [1768033620.118337593] [superpoint_node]: Errore pubblicazione keypoints 3D: could not assign tuple of length 3 to structure with 4 fields.
[superpoint_node-2] [INFO] [1768033620.215160008] [superpoint_node]: Keypoints estratti: 800
[superpoint_node-2] [ERROR] [1768033620.221251890] [superpoint_node]: Errore pubblicazione keypoints 3D: could not assign tuple of length 3 to structure with 4 fields.
[superpoint_node-2] [INFO] [1768033620.315253857] [superpoint_node]: Keypoints estratti: 800
[superpoint_node-2] [ERROR] [1768033620.321201034] [superpoint_node]: Errore pubblicazione keypoints 3D: could not assign tuple of length 3 to structure with 4 fields.
[superpoint_node-2] [INFO] [1768033620.414091900] [superpoint_node]: Keypoints estratti: 800
[superpoint_node-2] [ERROR] [1768033620.420646100] [superpoint_node]: Errore pubblicazione keypoints 3D: could not assign tuple of length 3 to structure with 4 fields.
[rtabmap-14] [INFO] [1768033620.452199313] [rtabmap]: rtabmap (294): Rate=0.50s, Limit=0.001s, Conversion=0.0006s, RTAB-Map=0.0344s, Maps update=0.0002s pub=0.0040s delay=0.0827s (local map=0, WM=0)
[superpoint_node-2] [INFO] [1768033620.512268919] [superpoint_node]: Keypoints estratti: 800
[superpoint_node-2] [ERROR] [1768033620.518423856] [superpoint_node]: Errore pubblicazione keypoints 3D: could not assign tuple of length 3 to structure with 4 fields.
[superpoint_node-2] [INFO] [1768033620.614159634] [superpoint_node]: Keypoints estratti: 800
[superpoint_node-2] [ERROR] [1768033620.621764453] [superpoint_node]: Errore pubblicazione keypoints 3D: could not assign tuple of length 3 to structure with 4 fields.
[superpoint_node-2] [INFO] [1768033620.713821720] [superpoint_node]: Keypoints estratti: 800
[superpoint_node-2] [ERROR] [1768033620.720016584] [superpoint_node]: Errore pubblicazione keypoints 3D: could not assign tuple of length 3 to structure with 4 fields.
[superpoint_node-2] [INFO] [1768033620.813551307] [superpoint_node]: Keypoints estratti: 800
[superpoint_node-2] [ERROR] [1768033620.819979321] [superpoint_node]: Errore pubblicazione keypoints 3D: could not assign tuple of length 3 to structure with 4 fields.
[superpoint_node-2] [INFO] [1768033620.914467829] [superpoint_node]: Keypoints estratti: 800
[superpoint_node-2] [ERROR] [1768033620.921318605] [superpoint_node]: Errore pubblicazione keypoints 3D: could not assign tuple of length 3 to structure with 4 fields.
[rtabmap-14] [INFO] [1768033621.006963062] [rtabmap]: rtabmap (295): Rate=0.50s, Limit=0.001s, Conversion=0.0010s, RTAB-Map=0.0208s, Maps update=0.0004s pub=0.0014s delay=0.0376s (local map=0, WM=0)
[superpoint_node-2] [INFO] [1768033621.018880601] [superpoint_node]: Keypoints estratti: 800
[superpoint_node-2] [ERROR] [1768033621.025199225] [superpoint_node]: Errore pubblicazione keypoints 3D: could not assign tuple of length 3 to structure with 4 fields.
[superpoint_node-2] [INFO] [1768033621.113319886] [superpoint_node]: Keypoints estratti: 800
[superpoint_node-2] [ERROR] [1768033621.119765530] [superpoint_node]: Errore pubblicazione keypoints 3D: could not assign tuple of length 3 to structure with 4 fields.
[superpoint_node-2] [INFO] [1768033621.211660092] [superpoint_node]: Keypoints estratti: 800
[superpoint_node-2] [ERROR] [1768033621.217718343] [superpoint_node]: Errore pubblicazione keypoints 3D: could not assign tuple of length 3 to structure with 4 fields.
[superpoint_node-2] [INFO] [1768033621.312386446] [superpoint_node]: Keypoints estratti: 800
[superpoint_node-2] [ERROR] [1768033621.318588902] [superpoint_node]: Errore pubblicazione keypoints 3D: could not assign tuple of length 3 to structure with 4 fields.
[superpoint_node-2] [INFO] [1768033621.414261327] [superpoint_node]: Keypoints estratti: 800
[superpoint_node-2] [ERROR] [1768033621.421207308] [superpoint_node]: Errore pubblicazione keypoints 3D: could not assign tuple of length 3 to structure with 4 fields.
[superpoint_node-2] [INFO] [1768033621.513292538] [superpoint_node]: Keypoints estratti: 800
[superpoint_node-2] [ERROR] [1768033621.519503569] [superpoint_node]: Errore pubblicazione keypoints 3D: could not assign tuple of length 3 to structure with 4 fields.
[superpoint_node-2] [INFO] [1768033621.615488756] [superpoint_node]: Keypoints estratti: 800
[superpoint_node-2] [ERROR] [1768033621.622075660] [superpoint_node]: Errore pubblicazione keypoints 3D: could not assign tuple of length 3 to structure with 4 fields.
[rtabmap-14] [INFO] [1768033621.653407038] [rtabmap]: rtabmap (296): Rate=0.50s, Limit=0.001s, Conversion=0.0003s, RTAB-Map=0.0410s, Maps update=0.0003s pub=0.0023s delay=0.0841s (local map=0, WM=0)
[superpoint_node-2] [INFO] [1768033621.714812858] [superpoint_node]: Keypoints estratti: 800
[superpoint_node-2] [ERROR] [1768033621.721180223] [superpoint_node]: Errore pubblicazione keypoints 3D: could not assign tuple of length 3 to structure with 4 fields.
[superpoint_node-2] [INFO] [1768033621.816759721] [superpoint_node]: Keypoints estratti: 800
[superpoint_node-2] [ERROR] [1768033621.822889714] [superpoint_node]: Errore pubblicazione keypoints 3D: could not assign tuple of length 3 to structure with 4 fields.
[superpoint_node-2] [INFO] [1768033621.915094001] [superpoint_node]: Keypoints estratti: 800
[superpoint_node-2] [ERROR] [1768033621.921232346] [superpoint_node]: Errore pubblicazione keypoints 3D: could not assign tuple of length 3 to structure with 4 fields.
[superpoint_node-2] [INFO] [1768033622.019113825] [superpoint_node]: Keypoints estratti: 800
[superpoint_node-2] [ERROR] [1768033622.025770822] [superpoint_node]: Errore pubblicazione keypoints 3D: could not assign tuple of length 3 to structure with 4 fields.
[superpoint_node-2] [INFO] [1768033622.120181700] [superpoint_node]: Keypoints estratti: 800
[superpoint_node-2] [ERROR] [1768033622.127488425] [superpoint_node]: Errore pubblicazione keypoints 3D: could not assign tuple of length 3 to structure with 4 fields.
[rtabmap-14] [INFO] [1768033622.161040598] [rtabmap]: rtabmap (297): Rate=0.50s, Limit=0.001s, Conversion=0.0003s, RTAB-Map=0.0433s, Maps update=0.0024s pub=0.0015s delay=0.0915s (local map=0, WM=0)
[superpoint_node-2] [INFO] [1768033622.222961719] [superpoint_node]: Keypoints estratti: 800
[superpoint_node-2] [ERROR] [1768033622.230172183] [superpoint_node]: Errore pubblicazione keypoints 3D: could not assign tuple of length 3 to structure with 4 fields.
[superpoint_node-2] [INFO] [1768033622.324147984] [superpoint_node]: Keypoints estratti: 800
[superpoint_node-2] [ERROR] [1768033622.331094039] [superpoint_node]: Errore pubblicazione keypoints 3D: could not assign tuple of length 3 to structure with 4 fields.
[superpoint_node-2] [INFO] [1768033622.425149525] [superpoint_node]: Keypoints estratti: 800
[superpoint_node-2] [ERROR] [1768033622.431988412] [superpoint_node]: Errore pubblicazione keypoints 3D: could not assign tuple of length 3 to structure with 4 fields.
[superpoint_node-2] [INFO] [1768033622.523043393] [superpoint_node]: Keypoints estratti: 800
[superpoint_node-2] [ERROR] [1768033622.529943226] [superpoint_node]: Errore pubblicazione keypoints 3D: could not assign tuple of length 3 to structure with 4 fields.
[foxglove_bridge-12] [INFO] [1768033622.569953506] [foxglove_bridge]: received subscribe request for channel 72 from client 1 (sink 1)
[foxglove_bridge-12] [INFO] [1768033622.577713845] [foxglove_bridge]: created ROS subscription on /move_base_simple/goal (geometry_msgs/msg/PoseStamped) successfully for channel 72 (client 1, sink 1)
[foxglove_bridge-12] [INFO] [1768033622.600929085] [foxglove_bridge]: publishing connection graph
[superpoint_node-2] [INFO] [1768033622.628665601] [superpoint_node]: Keypoints estratti: 800
[superpoint_node-2] [ERROR] [1768033622.637462615] [superpoint_node]: Errore pubblicazione keypoints 3D: could not assign tuple of length 3 to structure with 4 fields.
[rtabmap-14] [INFO] [1768033622.659783477] [rtabmap]: rtabmap (298): Rate=0.50s, Limit=0.001s, Conversion=0.0006s, RTAB-Map=0.0433s, Maps update=0.0003s pub=0.0026s delay=0.0885s (local map=0, WM=0)
[superpoint_node-2] [INFO] [1768033622.731825030] [superpoint_node]: Keypoints estratti: 800
[superpoint_node-2] [ERROR] [1768033622.739019346] [superpoint_node]: Errore pubblicazione keypoints 3D: could not assign tuple of length 3 to structure with 4 fields.
[superpoint_node-2] [INFO] [1768033622.831910471] [superpoint_node]: Keypoints estratti: 800
[superpoint_node-2] [ERROR] [1768033622.838763896] [superpoint_node]: Errore pubblicazione keypoints 3D: could not assign tuple of length 3 to structure with 4 fields.
[superpoint_node-2] [INFO] [1768033622.928123456] [superpoint_node]: Keypoints estratti: 800
[superpoint_node-2] [ERROR] [1768033622.934914899] [superpoint_node]: Errore pubblicazione keypoints 3D: could not assign tuple of length 3 to structure with 4 fields.
[superpoint_node-2] [INFO] [1768033623.027482466] [superpoint_node]: Keypoints estratti: 800
[superpoint_node-2] [ERROR] [1768033623.034146111] [superpoint_node]: Errore pubblicazione keypoints 3D: could not assign tuple of length 3 to structure with 4 fields.
[superpoint_node-2] [INFO] [1768033623.128308006] [superpoint_node]: Keypoints estratti: 800
[rtabmap-14] [33m[ WARN] (2026-01-10 09:26:58.246) MapsManager.cpp:863::publishMaps() Graph has changed! The whole cloud is regenerated.[0m
[rtabmap-14] [33m[ WARN] (2026-01-10 09:26:58.246) OccupancyGrid.cpp:169::getProbMap() Map info is empty, cannot generate probabilistic occupancy grid[0m
[rtabmap-14] [33m[ WARN] (2026-01-10 09:26:58.474) CoreWrapper.cpp:1227::odomTFUpdate() Odometry is reset (identity pose detected). Increment map id![0m
[rtabmap-14] [33m[ WARN] (2026-01-10 09:26:58.735) MapsManager.cpp:863::publishMaps() Graph has changed! The whole cloud is regenerated.[0m
[rtabmap-14] [33m[ WARN] (2026-01-10 09:26:58.735) OccupancyGrid.cpp:169::getProbMap() Map info is empty, cannot generate probabilistic occupancy grid[0m
[rtabmap-14] [33m[ WARN] (2026-01-10 09:26:59.345) MapsManager.cpp:863::publishMaps() Graph has changed! The whole cloud is regenerated.[0m
[rtabmap-14] [33m[ WARN] (2026-01-10 09:26:59.349) OccupancyGrid.cpp:169::getProbMap() Map info is empty, cannot generate probabilistic occupancy grid[0m
[rtabmap-14] [33m[ WARN] (2026-01-10 09:26:59.807) MapsManager.cpp:863::publishMaps() Graph has changed! The whole cloud is regenerated.[0m
[rtabmap-14] [33m[ WARN] (2026-01-10 09:26:59.808) OccupancyGrid.cpp:169::getProbMap() Map info is empty, cannot generate probabilistic occupancy grid[0m
[rtabmap-14] [33m[ WARN] (2026-01-10 09:27:00.448) MapsManager.cpp:863::publishMaps() Graph has changed! The whole cloud is regenerated.[0m
[rtabmap-14] [33m[ WARN] (2026-01-10 09:27:00.450) OccupancyGrid.cpp:169::getProbMap() Map info is empty, cannot generate probabilistic occupancy grid[0m
[rtabmap-14] [33m[ WARN] (2026-01-10 09:27:01.004) MapsManager.cpp:863::publishMaps() Graph has changed! The whole cloud is regenerated.[0m
[rtabmap-14] [33m[ WARN] (2026-01-10 09:27:01.005) OccupancyGrid.cpp:169::getProbMap() Map info is empty, cannot generate probabilistic occupancy grid[0m
[rtabmap-14] [33m[ WARN] (2026-01-10 09:27:01.651) MapsManager.cpp:863::publishMaps() Graph has changed! The whole cloud is regenerated.[0m
[rtabmap-14] [33m[ WARN] (2026-01-10 09:27:01.652) OccupancyGrid.cpp:169::getProbMap() Map info is empty, cannot generate probabilistic occupancy grid[0m
[rtabmap-14] [33m[ WARN] (2026-01-10 09:27:02.159) MapsManager.cpp:863::publishMaps() Graph has changed! The whole cloud is regenerated.[0m
[rtabmap-14] [33m[ WARN] (2026-01-10 09:27:02.160) OccupancyGrid.cpp:169::getProbMap() Map info is empty, cannot generate probabilistic occupancy grid[0m
[rtabmap-14] [33m[ WARN] (2026-01-10 09:27:02.657) MapsManager.cpp:863::publishMaps() Graph has changed! The whole cloud is regenerated.[0m
[rtabmap-14] [33m[ WARN] (2026-01-10 09:27:02.659) OccupancyGrid.cpp:169::getProbMap() Map info is empty, cannot generate probabilistic occupancy grid[0m
[superpoint_node-2] [ERROR] [1768033623.135802806] [superpoint_node]: Errore pubblicazione keypoints 3D: could not assign tuple of length 3 to structure with 4 fields.
[rtabmap-14] [INFO] [1768033623.155413165] [rtabmap]: rtabmap (299): Rate=0.50s, Limit=0.001s, Conversion=0.0004s, RTAB-Map=0.0428s, Maps update=0.0003s pub=0.0012s delay=0.0784s (local map=0, WM=0)
[superpoint_node-2] [INFO] [1768033623.228538152] [superpoint_node]: Keypoints estratti: 800
[superpoint_node-2] [ERROR] [1768033623.235423818] [superpoint_node]: Errore pubblicazione keypoints 3D: could not assign tuple of length 3 to structure with 4 fields.
[superpoint_node-2] [INFO] [1768033623.330591239] [superpoint_node]: Keypoints estratti: 800
[superpoint_node-2] [ERROR] [1768033623.337638832] [superpoint_node]: Errore pubblicazione keypoints 3D: could not assign tuple of length 3 to structure with 4 fields.
[superpoint_node-2] [INFO] [1768033623.429901526] [superpoint_node]: Keypoints estratti: 800
[superpoint_node-2] [ERROR] [1768033623.437418030] [superpoint_node]: Errore pubblicazione keypoints 3D: could not assign tuple of length 3 to structure with 4 fields.
[superpoint_node-2] [INFO] [1768033623.529990912] [superpoint_node]: Keypoints estratti: 800
[superpoint_node-2] [ERROR] [1768033623.537105801] [superpoint_node]: Errore pubblicazione keypoints 3D: could not assign tuple of length 3 to structure with 4 fields.
[superpoint_node-2] [INFO] [1768033623.631349697] [superpoint_node]: Keypoints estratti: 800
[rtabmap-14] [INFO] [1768033623.635094115] [rtabmap]: rtabmap (300): Rate=0.50s, Limit=0.001s, Conversion=0.0002s, RTAB-Map=0.0242s, Maps update=0.0003s pub=0.0012s delay=0.0555s (local map=0, WM=0)
[superpoint_node-2] [ERROR] [1768033623.641145034] [superpoint_node]: Errore pubblicazione keypoints 3D: could not assign tuple of length 3 to structure with 4 fields.
[superpoint_node-2] [INFO] [1768033623.729660828] [superpoint_node]: Keypoints estratti: 800
[superpoint_node-2] [ERROR] [1768033623.736648513] [superpoint_node]: Errore pubblicazione keypoints 3D: could not assign tuple of length 3 to structure with 4 fields.
[superpoint_node-2] [INFO] [1768033623.827922940] [superpoint_node]: Keypoints estratti: 800
[superpoint_node-2] [ERROR] [1768033623.834726531] [superpoint_node]: Errore pubblicazione keypoints 3D: could not assign tuple of length 3 to structure with 4 fields.
[superpoint_node-2] [INFO] [1768033623.928682757] [superpoint_node]: Keypoints estratti: 800
[superpoint_node-2] [ERROR] [1768033623.936372188] [superpoint_node]: Errore pubblicazione keypoints 3D: could not assign tuple of length 3 to structure with 4 fields.
[superpoint_node-2] [INFO] [1768033624.027715061] [superpoint_node]: Keypoints estratti: 800
[superpoint_node-2] [ERROR] [1768033624.034588800] [superpoint_node]: Errore pubblicazione keypoints 3D: could not assign tuple of length 3 to structure with 4 fields.
[superpoint_node-2] [INFO] [1768033624.126582863] [superpoint_node]: Keypoints estratti: 800
[superpoint_node-2] [ERROR] [1768033624.133331935] [superpoint_node]: Errore pubblicazione keypoints 3D: could not assign tuple of length 3 to structure with 4 fields.
[superpoint_node-2] [INFO] [1768033624.226978084] [superpoint_node]: Keypoints estratti: 800
[superpoint_node-2] [ERROR] [1768033624.235401429] [superpoint_node]: Errore pubblicazione keypoints 3D: could not assign tuple of length 3 to structure with 4 fields.
[rtabmap-14] [INFO] [1768033624.257590142] [rtabmap]: rtabmap (301): Rate=0.50s, Limit=0.001s, Conversion=0.0006s, RTAB-Map=0.0400s, Maps update=0.0002s pub=0.0045s delay=0.0810s (local map=0, WM=0)
[superpoint_node-2] [INFO] [1768033624.328722446] [superpoint_node]: Keypoints estratti: 800
[superpoint_node-2] [ERROR] [1768033624.335603779] [superpoint_node]: Errore pubblicazione keypoints 3D: could not assign tuple of length 3 to structure with 4 fields.
[superpoint_node-2] [INFO] [1768033624.428444644] [superpoint_node]: Keypoints estratti: 800
[superpoint_node-2] [ERROR] [1768033624.435407348] [superpoint_node]: Errore pubblicazione keypoints 3D: could not assign tuple of length 3 to structure with 4 fields.
[superpoint_node-2] [INFO] [1768033624.527819895] [superpoint_node]: Keypoints estratti: 800
[superpoint_node-2] [ERROR] [1768033624.534658375] [superpoint_node]: Errore pubblicazione keypoints 3D: could not assign tuple of length 3 to structure with 4 fields.
[superpoint_node-2] [INFO] [1768033624.626296750] [superpoint_node]: Keypoints estratti: 800
[superpoint_node-2] [ERROR] [1768033624.633136693] [superpoint_node]: Errore pubblicazione keypoints 3D: could not assign tuple of length 3 to structure with 4 fields.
[superpoint_node-2] [INFO] [1768033624.727435144] [superpoint_node]: Keypoints estratti: 800
[superpoint_node-2] [ERROR] [1768033624.734114012] [superpoint_node]: Errore pubblicazione keypoints 3D: could not assign tuple of length 3 to structure with 4 fields.
[superpoint_node-2] [INFO] [1768033624.824259430] [superpoint_node]: Keypoints estratti: 800
[superpoint_node-2] [ERROR] [1768033624.830977372] [superpoint_node]: Errore pubblicazione keypoints 3D: could not assign tuple of length 3 to structure with 4 fields.
[rtabmap-14] [INFO] [1768033624.881841757] [rtabmap]: rtabmap (302): Rate=0.50s, Limit=0.001s, Conversion=0.0002s, RTAB-Map=0.0260s, Maps update=0.0004s pub=0.0033s delay=0.1045s (local map=0, WM=0)
[superpoint_node-2] [INFO] [1768033624.927161394] [superpoint_node]: Keypoints estratti: 800
[superpoint_node-2] [ERROR] [1768033624.934026541] [superpoint_node]: Errore pubblicazione keypoints 3D: could not assign tuple of length 3 to structure with 4 fields.
[superpoint_node-2] [INFO] [1768033625.026137456] [superpoint_node]: Keypoints estratti: 800
[superpoint_node-2] [ERROR] [1768033625.032989343] [superpoint_node]: Errore pubblicazione keypoints 3D: could not assign tuple of length 3 to structure with 4 fields.
[superpoint_node-2] [INFO] [1768033625.125814783] [superpoint_node]: Keypoints estratti: 800
[superpoint_node-2] [ERROR] [1768033625.132502188] [superpoint_node]: Errore pubblicazione keypoints 3D: could not assign tuple of length 3 to structure with 4 fields.
[superpoint_node-2] [INFO] [1768033625.222708051] [superpoint_node]: Keypoints estratti: 800
[superpoint_node-2] [ERROR] [1768033625.229472049] [superpoint_node]: Errore pubblicazione keypoints 3D: could not assign tuple of length 3 to structure with 4 fields.
[superpoint_node-2] [INFO] [1768033625.320319806] [superpoint_node]: Keypoints estratti: 800
[superpoint_node-2] [ERROR] [1768033625.327446603] [superpoint_node]: Errore pubblicazione keypoints 3D: could not assign tuple of length 3 to structure with 4 fields.
[superpoint_node-2] [INFO] [1768033625.418071674] [superpoint_node]: Keypoints estratti: 800
[superpoint_node-2] [ERROR] [1768033625.425079229] [superpoint_node]: Errore pubblicazione keypoints 3D: could not assign tuple of length 3 to structure with 4 fields.
[rtabmap-14] [INFO] [1768033625.460898161] [rtabmap]: rtabmap (303): Rate=0.50s, Limit=0.001s, Conversion=0.0003s, RTAB-Map=0.0387s, Maps update=0.0003s pub=0.0051s delay=0.0914s (local map=0, WM=0)
[superpoint_node-2] [INFO] [1768033625.524102662] [superpoint_node]: Keypoints estratti: 800
[superpoint_node-2] [ERROR] [1768033625.531138088] [superpoint_node]: Errore pubblicazione keypoints 3D: could not assign tuple of length 3 to structure with 4 fields.
[superpoint_node-2] [INFO] [1768033625.663244321] [superpoint_node]: Keypoints estratti: 800
[superpoint_node-2] [ERROR] [1768033625.670098042] [superpoint_node]: Errore pubblicazione keypoints 3D: could not assign tuple of length 3 to structure with 4 fields.
[superpoint_node-2] [INFO] [1768033625.761185708] [superpoint_node]: Keypoints estratti: 800
[superpoint_node-2] [ERROR] [1768033625.768712397] [superpoint_node]: Errore pubblicazione keypoints 3D: could not assign tuple of length 3 to structure with 4 fields.
[superpoint_node-2] [INFO] [1768033625.864287155] [superpoint_node]: Keypoints estratti: 800
[superpoint_node-2] [ERROR] [1768033625.871199543] [superpoint_node]: Errore pubblicazione keypoints 3D: could not assign tuple of length 3 to structure with 4 fields.
[superpoint_node-2] [INFO] [1768033625.962018744] [superpoint_node]: Keypoints estratti: 800
[superpoint_node-2] [ERROR] [1768033625.969412803] [superpoint_node]: Errore pubblicazione keypoints 3D: could not assign tuple of length 3 to structure with 4 fields.
[rtabmap-14] [INFO] [1768033626.032074485] [rtabmap]: rtabmap (304): Rate=0.50s, Limit=0.001s, Conversion=0.0002s, RTAB-Map=0.0451s, Maps update=0.0026s pub=0.0050s delay=0.1177s (local map=0, WM=0)
[superpoint_node-2] [INFO] [1768033626.069838729] [superpoint_node]: Keypoints estratti: 800
[superpoint_node-2] [ERROR] [1768033626.078131794] [superpoint_node]: Errore pubblicazione keypoints 3D: could not assign tuple of length 3 to structure with 4 fields.
[superpoint_node-2] [INFO] [1768033626.173050621] [superpoint_node]: Keypoints estratti: 800
[superpoint_node-2] [ERROR] [1768033626.180086195] [superpoint_node]: Errore pubblicazione keypoints 3D: could not assign tuple of length 3 to structure with 4 fields.
[superpoint_node-2] [INFO] [1768033626.271460586] [superpoint_node]: Keypoints estratti: 800
[superpoint_node-2] [ERROR] [1768033626.278457067] [superpoint_node]: Errore pubblicazione keypoints 3D: could not assign tuple of length 3 to structure with 4 fields.
[superpoint_node-2] [INFO] [1768033626.368796784] [superpoint_node]: Keypoints estratti: 800
[superpoint_node-2] [ERROR] [1768033626.375902303] [superpoint_node]: Errore pubblicazione keypoints 3D: could not assign tuple of length 3 to structure with 4 fields.
[rtabmap-14] [INFO] [1768033626.455788047] [rtabmap]: rtabmap (305): Rate=0.50s, Limit=0.001s, Conversion=0.0001s, RTAB-Map=0.0246s, Maps update=0.0002s pub=0.0011s delay=0.0386s (local map=0, WM=0)
[superpoint_node-2] [INFO] [1768033626.518848140] [superpoint_node]: Keypoints estratti: 800
[superpoint_node-2] [ERROR] [1768033626.526427107] [superpoint_node]: Errore pubblicazione keypoints 3D: could not assign tuple of length 3 to structure with 4 fields.
[superpoint_node-2] [INFO] [1768033626.616540247] [superpoint_node]: Keypoints estratti: 800
[superpoint_node-2] [ERROR] [1768033626.623436543] [superpoint_node]: Errore pubblicazione keypoints 3D: could not assign tuple of length 3 to structure with 4 fields.
[superpoint_node-2] [INFO] [1768033626.720151309] [superpoint_node]: Keypoints estratti: 800
[superpoint_node-2] [ERROR] [1768033626.727116605] [superpoint_node]: Errore pubblicazione keypoints 3D: could not assign tuple of length 3 to structure with 4 fields.
[superpoint_node-2] [INFO] [1768033626.818224753] [superpoint_node]: Keypoints estratti: 800
[superpoint_node-2] [ERROR] [1768033626.825041381] [superpoint_node]: Errore pubblicazione keypoints 3D: could not assign tuple of length 3 to structure with 4 fields.
[superpoint_node-2] [INFO] [1768033626.921400886] [superpoint_node]: Keypoints estratti: 800
[superpoint_node-2] [ERROR] [1768033626.928372552] [superpoint_node]: Errore pubblicazione keypoints 3D: could not assign tuple of length 3 to structure with 4 fields.
[superpoint_node-2] [INFO] [1768033627.019010734] [superpoint_node]: Keypoints estratti: 800
[superpoint_node-2] [ERROR] [1768033627.027581172] [superpoint_node]: Errore pubblicazione keypoints 3D: could not assign tuple of length 3 to structure with 4 fields.
[rtabmap-14] [INFO] [1768033627.038838021] [rtabmap]: rtabmap (306): Rate=0.50s, Limit=0.001s, Conversion=0.0004s, RTAB-Map=0.0202s, Maps update=0.0007s pub=0.0022s delay=0.0686s (local map=0, WM=0)
[superpoint_node-2] [INFO] [1768033627.123629285] [superpoint_node]: Keypoints estratti: 800
[superpoint_node-2] [ERROR] [1768033627.130465691] [superpoint_node]: Errore pubblicazione keypoints 3D: could not assign tuple of length 3 to structure with 4 fields.
[superpoint_node-2] [INFO] [1768033627.222356494] [superpoint_node]: Keypoints estratti: 800
[superpoint_node-2] [ERROR] [1768033627.229136696] [superpoint_node]: Errore pubblicazione keypoints 3D: could not assign tuple of length 3 to structure with 4 fields.
[superpoint_node-2] [INFO] [1768033627.321576299] [superpoint_node]: Keypoints estratti: 800
[superpoint_node-2] [ERROR] [1768033627.328556002] [superpoint_node]: Errore pubblicazione keypoints 3D: could not assign tuple of length 3 to structure with 4 fields.
[superpoint_node-2] [INFO] [1768033627.421423461] [superpoint_node]: Keypoints estratti: 800
[superpoint_node-2] [ERROR] [1768033627.428638555] [superpoint_node]: Errore pubblicazione keypoints 3D: could not assign tuple of length 3 to structure with 4 fields.
[superpoint_node-2] [INFO] [1768033627.519116383] [superpoint_node]: Keypoints estratti: 800
[superpoint_node-2] [ERROR] [1768033627.526327922] [superpoint_node]: Errore pubblicazione keypoints 3D: could not assign tuple of length 3 to structure with 4 fields.
[superpoint_node-2] [INFO] [1768033627.618609209] [superpoint_node]: Keypoints estratti: 800
[superpoint_node-2] [ERROR] [1768033627.625928859] [superpoint_node]: Errore pubblicazione keypoints 3D: could not assign tuple of length 3 to structure with 4 fields.
[rtabmap-14] [INFO] [1768033627.665791953] [rtabmap]: rtabmap (307): Rate=0.50s, Limit=0.001s, Conversion=0.0007s, RTAB-Map=0.0449s, Maps update=0.0007s pub=0.0033s delay=0.0963s (local map=0, WM=0)
[superpoint_node-2] [INFO] [1768033627.724223083] [superpoint_node]: Keypoints estratti: 800
[superpoint_node-2] [ERROR] [1768033627.731805476] [superpoint_node]: Errore pubblicazione keypoints 3D: could not assign tuple of length 3 to structure with 4 fields.
[superpoint_node-2] [INFO] [1768033627.824810788] [superpoint_node]: Keypoints estratti: 800
[superpoint_node-2] [ERROR] [1768033627.832049030] [superpoint_node]: Errore pubblicazione keypoints 3D: could not assign tuple of length 3 to structure with 4 fields.
[superpoint_node-2] [INFO] [1768033627.923645404] [superpoint_node]: Keypoints estratti: 800
[superpoint_node-2] [ERROR] [1768033627.930814887] [superpoint_node]: Errore pubblicazione keypoints 3D: could not assign tuple of length 3 to structure with 4 fields.
[superpoint_node-2] [INFO] [1768033628.022514392] [superpoint_node]: Keypoints estratti: 800
[superpoint_node-2] [ERROR] [1768033628.029634337] [superpoint_node]: Errore pubblicazione keypoints 3D: could not assign tuple of length 3 to structure with 4 fields.
[superpoint_node-2] [INFO] [1768033628.123468970] [superpoint_node]: Keypoints estratti: 800
[superpoint_node-2] [ERROR] [1768033628.131777999] [superpoint_node]: Errore pubblicazione keypoints 3D: could not assign tuple of length 3 to structure with 4 fields.
[rtabmap-14] [33m[ WARN] (2026-01-10 09:27:03.154) MapsManager.cpp:863::publishMaps() Graph has changed! The whole cloud is regenerated.[0m
[rtabmap-14] [33m[ WARN] (2026-01-10 09:27:03.154) OccupancyGrid.cpp:169::getProbMap() Map info is empty, cannot generate probabilistic occupancy grid[0m
[rtabmap-14] [33m[ WARN] (2026-01-10 09:27:03.633) MapsManager.cpp:863::publishMaps() Graph has changed! The whole cloud is regenerated.[0m
[rtabmap-14] [33m[ WARN] (2026-01-10 09:27:03.634) OccupancyGrid.cpp:169::getProbMap() Map info is empty, cannot generate probabilistic occupancy grid[0m
[rtabmap-14] [33m[ WARN] (2026-01-10 09:27:04.253) MapsManager.cpp:863::publishMaps() Graph has changed! The whole cloud is regenerated.[0m
[rtabmap-14] [33m[ WARN] (2026-01-10 09:27:04.255) OccupancyGrid.cpp:169::getProbMap() Map info is empty, cannot generate probabilistic occupancy grid[0m
[rtabmap-14] [33m[ WARN] (2026-01-10 09:27:04.877) MapsManager.cpp:863::publishMaps() Graph has changed! The whole cloud is regenerated.[0m
[rtabmap-14] [33m[ WARN] (2026-01-10 09:27:04.879) OccupancyGrid.cpp:169::getProbMap() Map info is empty, cannot generate probabilistic occupancy grid[0m
[rtabmap-14] [33m[ WARN] (2026-01-10 09:27:05.455) MapsManager.cpp:863::publishMaps() Graph has changed! The whole cloud is regenerated.[0m
[rtabmap-14] [33m[ WARN] (2026-01-10 09:27:05.455) OccupancyGrid.cpp:169::getProbMap() Map info is empty, cannot generate probabilistic occupancy grid[0m
[rtabmap-14] [33m[ WARN] (2026-01-10 09:27:06.027) MapsManager.cpp:863::publishMaps() Graph has changed! The whole cloud is regenerated.[0m
[rtabmap-14] [33m[ WARN] (2026-01-10 09:27:06.028) OccupancyGrid.cpp:169::getProbMap() Map info is empty, cannot generate probabilistic occupancy grid[0m
[rtabmap-14] [33m[ WARN] (2026-01-10 09:27:06.429) CoreWrapper.cpp:1227::odomTFUpdate() Odometry is reset (identity pose detected). Increment map id![0m
[rtabmap-14] [33m[ WARN] (2026-01-10 09:27:06.454) MapsManager.cpp:863::publishMaps() Graph has changed! The whole cloud is regenerated.[0m
[rtabmap-14] [33m[ WARN] (2026-01-10 09:27:06.455) OccupancyGrid.cpp:169::getProbMap() Map info is empty, cannot generate probabilistic occupancy grid[0m
[rtabmap-14] [33m[ WARN] (2026-01-10 09:27:07.036) MapsManager.cpp:863::publishMaps() Graph has changed! The whole cloud is regenerated.[0m
[rtabmap-14] [33m[ WARN] (2026-01-10 09:27:07.038) OccupancyGrid.cpp:169::getProbMap() Map info is empty, cannot generate probabilistic occupancy grid[0m
[rtabmap-14] [33m[ WARN] (2026-01-10 09:27:07.662) MapsManager.cpp:863::publishMaps() Graph has changed! The whole cloud is regenerated.[0m
[rtabmap-14] [33m[ WARN] (2026-01-10 09:27:07.663) OccupancyGrid.cpp:169::getProbMap() Map info is empty, cannot generate probabilistic occupancy grid[0m
[rtabmap-14] [INFO] [1768033628.162398390] [rtabmap]: rtabmap (308): Rate=0.50s, Limit=0.001s, Conversion=0.0003s, RTAB-Map=0.0426s, Maps update=0.0003s pub=0.0013s delay=0.0909s (local map=0, WM=0)
[superpoint_node-2] [INFO] [1768033628.234311071] [superpoint_node]: Keypoints estratti: 800
[superpoint_node-2] [ERROR] [1768033628.242288189] [superpoint_node]: Errore pubblicazione keypoints 3D: could not assign tuple of length 3 to structure with 4 fields.
[superpoint_node-2] [INFO] [1768033628.331820510] [superpoint_node]: Keypoints estratti: 800
[superpoint_node-2] [ERROR] [1768033628.339086179] [superpoint_node]: Errore pubblicazione keypoints 3D: could not assign tuple of length 3 to structure with 4 fields.
[superpoint_node-2] [INFO] [1768033628.428699463] [superpoint_node]: Keypoints estratti: 800
[superpoint_node-2] [ERROR] [1768033628.435524092] [superpoint_node]: Errore pubblicazione keypoints 3D: could not assign tuple of length 3 to structure with 4 fields.
[superpoint_node-2] [INFO] [1768033628.528364402] [superpoint_node]: Keypoints estratti: 800
[superpoint_node-2] [ERROR] [1768033628.535824924] [superpoint_node]: Errore pubblicazione keypoints 3D: could not assign tuple of length 3 to structure with 4 fields.
[superpoint_node-2] [INFO] [1768033628.626871053] [superpoint_node]: Keypoints estratti: 800
[superpoint_node-2] [ERROR] [1768033628.633599421] [superpoint_node]: Errore pubblicazione keypoints 3D: could not assign tuple of length 3 to structure with 4 fields.
[rtabmap-14] [INFO] [1768033628.700905158] [rtabmap]: rtabmap (309): Rate=0.50s, Limit=0.001s, Conversion=0.0002s, RTAB-Map=0.0487s, Maps update=0.0033s pub=0.0048s delay=0.1207s (local map=0, WM=0)
[superpoint_node-2] [INFO] [1768033628.727486406] [superpoint_node]: Keypoints estratti: 800
[superpoint_node-2] [ERROR] [1768033628.734214867] [superpoint_node]: Errore pubblicazione keypoints 3D: could not assign tuple of length 3 to structure with 4 fields.
[superpoint_node-2] [INFO] [1768033628.827199955] [superpoint_node]: Keypoints estratti: 800
[superpoint_node-2] [ERROR] [1768033628.834135825] [superpoint_node]: Errore pubblicazione keypoints 3D: could not assign tuple of length 3 to structure with 4 fields.
[superpoint_node-2] [INFO] [1768033628.927421028] [superpoint_node]: Keypoints estratti: 800
[superpoint_node-2] [ERROR] [1768033628.934091858] [superpoint_node]: Errore pubblicazione keypoints 3D: could not assign tuple of length 3 to structure with 4 fields.
[superpoint_node-2] [INFO] [1768033629.060084024] [superpoint_node]: Keypoints estratti: 800
[superpoint_node-2] [ERROR] [1768033629.067322840] [superpoint_node]: Errore pubblicazione keypoints 3D: could not assign tuple of length 3 to structure with 4 fields.
[superpoint_node-2] [INFO] [1768033629.164077163] [superpoint_node]: Keypoints estratti: 800
[superpoint_node-2] [ERROR] [1768033629.171150052] [superpoint_node]: Errore pubblicazione keypoints 3D: could not assign tuple of length 3 to structure with 4 fields.
[rtabmap-14] [INFO] [1768033629.192749112] [rtabmap]: rtabmap (310): Rate=0.50s, Limit=0.001s, Conversion=0.0005s, RTAB-Map=0.0460s, Maps update=0.0003s pub=0.0014s delay=0.0839s (local map=0, WM=0)
[superpoint_node-2] [INFO] [1768033629.266535012] [superpoint_node]: Keypoints estratti: 800
[superpoint_node-2] [ERROR] [1768033629.273772829] [superpoint_node]: Errore pubblicazione keypoints 3D: could not assign tuple of length 3 to structure with 4 fields.
[superpoint_node-2] [INFO] [1768033629.366264654] [superpoint_node]: Keypoints estratti: 800
[superpoint_node-2] [ERROR] [1768033629.374833889] [superpoint_node]: Errore pubblicazione keypoints 3D: could not assign tuple of length 3 to structure with 4 fields.
[superpoint_node-2] [INFO] [1768033629.462862865] [superpoint_node]: Keypoints estratti: 800
[superpoint_node-2] [ERROR] [1768033629.469616455] [superpoint_node]: Errore pubblicazione keypoints 3D: could not assign tuple of length 3 to structure with 4 fields.
[superpoint_node-2] [INFO] [1768033629.559351203] [superpoint_node]: Keypoints estratti: 800
[superpoint_node-2] [ERROR] [1768033629.566019812] [superpoint_node]: Errore pubblicazione keypoints 3D: could not assign tuple of length 3 to structure with 4 fields.
[superpoint_node-2] [INFO] [1768033629.657975115] [superpoint_node]: Keypoints estratti: 800
[superpoint_node-2] [ERROR] [1768033629.664713520] [superpoint_node]: Errore pubblicazione keypoints 3D: could not assign tuple of length 3 to structure with 4 fields.
[superpoint_node-2] [INFO] [1768033629.761267674] [superpoint_node]: Keypoints estratti: 800
[superpoint_node-2] [ERROR] [1768033629.768244433] [superpoint_node]: Errore pubblicazione keypoints 3D: could not assign tuple of length 3 to structure with 4 fields.
[rtabmap-14] [INFO] [1768033629.795942042] [rtabmap]: rtabmap (311): Rate=0.50s, Limit=0.001s, Conversion=0.0002s, RTAB-Map=0.0392s, Maps update=0.0003s pub=0.0014s delay=0.0894s (local map=0, WM=0)
[superpoint_node-2] [INFO] [1768033629.866358378] [superpoint_node]: Keypoints estratti: 800
[superpoint_node-2] [ERROR] [1768033629.873819437] [superpoint_node]: Errore pubblicazione keypoints 3D: could not assign tuple of length 3 to structure with 4 fields.
[superpoint_node-2] [INFO] [1768033629.966523579] [superpoint_node]: Keypoints estratti: 800
[superpoint_node-2] [ERROR] [1768033629.973829378] [superpoint_node]: Errore pubblicazione keypoints 3D: could not assign tuple of length 3 to structure with 4 fields.
[foxglove_bridge-12] [INFO] [1768033630.051118676] [foxglove_bridge]: received unsubscribe request for channel 24
[foxglove_bridge-12] [INFO] [1768033630.051514308] [foxglove_bridge]: Cleaned up subscription to topic /superpoint/debug_image for client 1 on channel 24
[foxglove_bridge-12] [INFO] [1768033630.051846459] [foxglove_bridge]: received subscribe request for channel 12 from client 1 (sink 1)
[foxglove_bridge-12] [INFO] [1768033630.080405130] [foxglove_bridge]: created ROS subscription on /superpoint/debug_image/compressed (sensor_msgs/msg/CompressedImage) successfully for channel 12 (client 1, sink 1)
[foxglove_bridge-12] [INFO] [1768033630.109816919] [foxglove_bridge]: publishing connection graph
[superpoint_node-2] [INFO] [1768033630.122331555] [superpoint_node]: Keypoints estratti: 800
[superpoint_node-2] [ERROR] [1768033630.129107572] [superpoint_node]: Errore pubblicazione keypoints 3D: could not assign tuple of length 3 to structure with 4 fields.
[superpoint_node-2] [INFO] [1768033630.223771989] [superpoint_node]: Keypoints estratti: 800
[superpoint_node-2] [ERROR] [1768033630.230418782] [superpoint_node]: Errore pubblicazione keypoints 3D: could not assign tuple of length 3 to structure with 4 fields.
[superpoint_node-2] [INFO] [1768033630.323024738] [superpoint_node]: Keypoints estratti: 800
[superpoint_node-2] [ERROR] [1768033630.331919661] [superpoint_node]: Errore pubblicazione keypoints 3D: could not assign tuple of length 3 to structure with 4 fields.
[rtabmap-14] [INFO] [1768033630.343996849] [rtabmap]: rtabmap (312): Rate=0.50s, Limit=0.001s, Conversion=0.0002s, RTAB-Map=0.0234s, Maps update=0.0003s pub=0.0025s delay=0.0718s (local map=0, WM=0)
[superpoint_node-2] [INFO] [1768033630.425291142] [superpoint_node]: Keypoints estratti: 800
[superpoint_node-2] [ERROR] [1768033630.432093325] [superpoint_node]: Errore pubblicazione keypoints 3D: could not assign tuple of length 3 to structure with 4 fields.
[superpoint_node-2] [INFO] [1768033630.524175703] [superpoint_node]: Keypoints estratti: 800
[superpoint_node-2] [ERROR] [1768033630.530727422] [superpoint_node]: Errore pubblicazione keypoints 3D: could not assign tuple of length 3 to structure with 4 fields.
[superpoint_node-2] [INFO] [1768033630.624907668] [superpoint_node]: Keypoints estratti: 800
[superpoint_node-2] [ERROR] [1768033630.631919687] [superpoint_node]: Errore pubblicazione keypoints 3D: could not assign tuple of length 3 to structure with 4 fields.
[foxglove_bridge-12] [INFO] [1768033630.633274013] [foxglove_bridge]: publishing connection graph
[superpoint_node-2] [INFO] [1768033630.722088568] [superpoint_node]: Keypoints estratti: 800
[superpoint_node-2] [ERROR] [1768033630.728912734] [superpoint_node]: Errore pubblicazione keypoints 3D: could not assign tuple of length 3 to structure with 4 fields.
[superpoint_node-2] [INFO] [1768033630.844815449] [superpoint_node]: Keypoints estratti: 800
[rtabmap-14] [INFO] [1768033630.850963090] [rtabmap]: rtabmap (313): Rate=0.50s, Limit=0.001s, Conversion=0.0003s, RTAB-Map=0.0298s, Maps update=0.0002s pub=0.0011s delay=0.0746s (local map=0, WM=0)
[superpoint_node-2] [ERROR] [1768033630.854198042] [superpoint_node]: Errore pubblicazione keypoints 3D: could not assign tuple of length 3 to structure with 4 fields.
[superpoint_node-2] [INFO] [1768033630.948408066] [superpoint_node]: Keypoints estratti: 800
[superpoint_node-2] [ERROR] [1768033630.955247620] [superpoint_node]: Errore pubblicazione keypoints 3D: could not assign tuple of length 3 to structure with 4 fields.
[superpoint_node-2] [INFO] [1768033631.044882720] [superpoint_node]: Keypoints estratti: 800
[superpoint_node-2] [ERROR] [1768033631.052797023] [superpoint_node]: Errore pubblicazione keypoints 3D: could not assign tuple of length 3 to structure with 4 fields.
[superpoint_node-2] [INFO] [1768033631.140592404] [superpoint_node]: Keypoints estratti: 800
[superpoint_node-2] [ERROR] [1768033631.147701072] [superpoint_node]: Errore pubblicazione keypoints 3D: could not assign tuple of length 3 to structure with 4 fields.
[superpoint_node-2] [INFO] [1768033631.238477069] [superpoint_node]: Keypoints estratti: 800
[superpoint_node-2] [ERROR] [1768033631.245696015] [superpoint_node]: Errore pubblicazione keypoints 3D: could not assign tuple of length 3 to structure with 4 fields.
[rtabmap-14] [INFO] [1768033631.335508209] [rtabmap]: rtabmap (314): Rate=0.50s, Limit=0.001s, Conversion=0.0002s, RTAB-Map=0.0207s, Maps update=0.0015s pub=0.0022s delay=0.0488s (local map=0, WM=0)
[superpoint_node-2] [INFO] [1768033631.341239328] [superpoint_node]: Keypoints estratti: 800
[superpoint_node-2] [ERROR] [1768033631.349056872] [superpoint_node]: Errore pubblicazione keypoints 3D: could not assign tuple of length 3 to structure with 4 fields.
[superpoint_node-2] [INFO] [1768033631.441773347] [superpoint_node]: Keypoints estratti: 800
[superpoint_node-2] [ERROR] [1768033631.450246229] [superpoint_node]: Errore pubblicazione keypoints 3D: could not assign tuple of length 3 to structure with 4 fields.
[superpoint_node-2] [INFO] [1768033631.544006843] [superpoint_node]: Keypoints estratti: 800
[superpoint_node-2] [ERROR] [1768033631.552100296] [superpoint_node]: Errore pubblicazione keypoints 3D: could not assign tuple of length 3 to structure with 4 fields.
[superpoint_node-2] [INFO] [1768033631.642069472] [superpoint_node]: Keypoints estratti: 800
[superpoint_node-2] [ERROR] [1768033631.651197581] [superpoint_node]: Errore pubblicazione keypoints 3D: could not assign tuple of length 3 to structure with 4 fields.
[superpoint_node-2] [INFO] [1768033631.743518721] [superpoint_node]: Keypoints estratti: 800
[superpoint_node-2] [ERROR] [1768033631.750882575] [superpoint_node]: Errore pubblicazione keypoints 3D: could not assign tuple of length 3 to structure with 4 fields.
[rtabmap-14] [INFO] [1768033631.839534630] [rtabmap]: rtabmap (315): Rate=0.50s, Limit=0.001s, Conversion=0.0002s, RTAB-Map=0.0250s, Maps update=0.0005s pub=0.0021s delay=0.0463s (local map=0, WM=0)
[superpoint_node-2] [INFO] [1768033631.847506230] [superpoint_node]: Keypoints estratti: 800
[superpoint_node-2] [ERROR] [1768033631.854510860] [superpoint_node]: Errore pubblicazione keypoints 3D: could not assign tuple of length 3 to structure with 4 fields.
[superpoint_node-2] [INFO] [1768033631.947072205] [superpoint_node]: Keypoints estratti: 800
[superpoint_node-2] [ERROR] [1768033631.954164335] [superpoint_node]: Errore pubblicazione keypoints 3D: could not assign tuple of length 3 to structure with 4 fields.
[superpoint_node-2] [INFO] [1768033632.045210149] [superpoint_node]: Keypoints estratti: 800
[superpoint_node-2] [ERROR] [1768033632.053155583] [superpoint_node]: Errore pubblicazione keypoints 3D: could not assign tuple of length 3 to structure with 4 fields.
[superpoint_node-2] [INFO] [1768033632.144851884] [superpoint_node]: Keypoints estratti: 800
[superpoint_node-2] [ERROR] [1768033632.152090848] [superpoint_node]: Errore pubblicazione keypoints 3D: could not assign tuple of length 3 to structure with 4 fields.
[superpoint_node-2] [INFO] [1768033632.242069987] [superpoint_node]: Keypoints estratti: 800
[superpoint_node-2] [ERROR] [1768033632.250503777] [superpoint_node]: Errore pubblicazione keypoints 3D: could not assign tuple of length 3 to structure with 4 fields.
[superpoint_node-2] [INFO] [1768033632.375326303] [superpoint_node]: Keypoints estratti: 800
[superpoint_node-2] [ERROR] [1768033632.382238802] [superpoint_node]: Errore pubblicazione keypoints 3D: could not assign tuple of length 3 to structure with 4 fields.
[rtabmap-14] [INFO] [1768033632.426755322] [rtabmap]: rtabmap (316): Rate=0.50s, Limit=0.001s, Conversion=0.0002s, RTAB-Map=0.0385s, Maps update=0.0009s pub=0.0055s delay=0.0988s (local map=0, WM=0)
[superpoint_node-2] [INFO] [1768033632.480070930] [superpoint_node]: Keypoints estratti: 800
[superpoint_node-2] [ERROR] [1768033632.486810576] [superpoint_node]: Errore pubblicazione keypoints 3D: could not assign tuple of length 3 to structure with 4 fields.
[superpoint_node-2] [INFO] [1768033632.578011484] [superpoint_node]: Keypoints estratti: 800
[superpoint_node-2] [ERROR] [1768033632.584798501] [superpoint_node]: Errore pubblicazione keypoints 3D: could not assign tuple of length 3 to structure with 4 fields.
[superpoint_node-2] [INFO] [1768033632.675561387] [superpoint_node]: Keypoints estratti: 800
[superpoint_node-2] [ERROR] [1768033632.682388052] [superpoint_node]: Errore pubblicazione keypoints 3D: could not assign tuple of length 3 to structure with 4 fields.
[superpoint_node-2] [INFO] [1768033632.773936611] [superpoint_node]: Keypoints estratti: 800
[superpoint_node-2] [ERROR] [1768033632.780541145] [superpoint_node]: Errore pubblicazione keypoints 3D: could not assign tuple of length 3 to structure with 4 fields.
[superpoint_node-2] [INFO] [1768033632.869083921] [superpoint_node]: Keypoints estratti: 800
[superpoint_node-2] [ERROR] [1768033632.876666185] [superpoint_node]: Errore pubblicazione keypoints 3D: could not assign tuple of length 3 to structure with 4 fields.
[superpoint_node-2] [INFO] [1768033632.969370160] [superpoint_node]: Keypoints estratti: 800
[superpoint_node-2] [ERROR] [1768033632.976892109] [superpoint_node]: Errore pubblicazione keypoints 3D: could not assign tuple of length 3 to structure with 4 fields.
[rtabmap-14] [INFO] [1768033632.991322760] [rtabmap]: rtabmap (317): Rate=0.50s, Limit=0.001s, Conversion=0.0003s, RTAB-Map=0.0369s, Maps update=0.0003s pub=0.0012s delay=0.0730s (local map=0, WM=0)
[superpoint_node-2] [INFO] [1768033633.070674371] [superpoint_node]: Keypoints estratti: 800
[superpoint_node-2] [ERROR] [1768033633.077766890] [superpoint_node]: Errore pubblicazione keypoints 3D: could not assign tuple of length 3 to structure with 4 fields.
[rtabmap-14] [33m[ WARN] (2026-01-10 09:27:08.161) MapsManager.cpp:863::publishMaps() Graph has changed! The whole cloud is regenerated.[0m
[rtabmap-14] [33m[ WARN] (2026-01-10 09:27:08.161) OccupancyGrid.cpp:169::getProbMap() Map info is empty, cannot generate probabilistic occupancy grid[0m
[rtabmap-14] [33m[ WARN] (2026-01-10 09:27:08.696) MapsManager.cpp:863::publishMaps() Graph has changed! The whole cloud is regenerated.[0m
[rtabmap-14] [33m[ WARN] (2026-01-10 09:27:08.699) OccupancyGrid.cpp:169::getProbMap() Map info is empty, cannot generate probabilistic occupancy grid[0m
[rtabmap-14] [33m[ WARN] (2026-01-10 09:27:09.191) MapsManager.cpp:863::publishMaps() Graph has changed! The whole cloud is regenerated.[0m
[rtabmap-14] [33m[ WARN] (2026-01-10 09:27:09.191) OccupancyGrid.cpp:169::getProbMap() Map info is empty, cannot generate probabilistic occupancy grid[0m
[rtabmap-14] [33m[ WARN] (2026-01-10 09:27:09.794) MapsManager.cpp:863::publishMaps() Graph has changed! The whole cloud is regenerated.[0m
[rtabmap-14] [33m[ WARN] (2026-01-10 09:27:09.795) OccupancyGrid.cpp:169::getProbMap() Map info is empty, cannot generate probabilistic occupancy grid[0m
[rtabmap-14] [33m[ WARN] (2026-01-10 09:27:10.341) MapsManager.cpp:863::publishMaps() Graph has changed! The whole cloud is regenerated.[0m
[rtabmap-14] [33m[ WARN] (2026-01-10 09:27:10.342) OccupancyGrid.cpp:169::getProbMap() Map info is empty, cannot generate probabilistic occupancy grid[0m
[rtabmap-14] [33m[ WARN] (2026-01-10 09:27:10.849) MapsManager.cpp:863::publishMaps() Graph has changed! The whole cloud is regenerated.[0m
[rtabmap-14] [33m[ WARN] (2026-01-10 09:27:10.850) OccupancyGrid.cpp:169::getProbMap() Map info is empty, cannot generate probabilistic occupancy grid[0m
[rtabmap-14] [33m[ WARN] (2026-01-10 09:27:11.333) MapsManager.cpp:863::publishMaps() Graph has changed! The whole cloud is regenerated.[0m
[rtabmap-14] [33m[ WARN] (2026-01-10 09:27:11.334) OccupancyGrid.cpp:169::getProbMap() Map info is empty, cannot generate probabilistic occupancy grid[0m
[rtabmap-14] [33m[ WARN] (2026-01-10 09:27:11.837) MapsManager.cpp:863::publishMaps() Graph has changed! The whole cloud is regenerated.[0m
[rtabmap-14] [33m[ WARN] (2026-01-10 09:27:11.838) OccupancyGrid.cpp:169::getProbMap() Map info is empty, cannot generate probabilistic occupancy grid[0m
[rtabmap-14] [33m[ WARN] (2026-01-10 09:27:12.421) MapsManager.cpp:863::publishMaps() Graph has changed! The whole cloud is regenerated.[0m
[rtabmap-14] [33m[ WARN] (2026-01-10 09:27:12.424) OccupancyGrid.cpp:169::getProbMap() Map info is empty, cannot generate probabilistic occupancy grid[0m
[rtabmap-14] [33m[ WARN] (2026-01-10 09:27:12.990) MapsManager.cpp:863::publishMaps() Graph has changed! The whole cloud is regenerated.[0m
[rtabmap-14] [33m[ WARN] (2026-01-10 09:27:12.990) OccupancyGrid.cpp:169::getProbMap() Map info is empty, cannot generate probabilistic occupancy grid[0m
[superpoint_node-2] [INFO] [1768033633.220059055] [superpoint_node]: Keypoints estratti: 800
[superpoint_node-2] [ERROR] [1768033633.227092036] [superpoint_node]: Errore pubblicazione keypoints 3D: could not assign tuple of length 3 to structure with 4 fields.
[superpoint_node-2] [INFO] [1768033633.318475242] [superpoint_node]: Keypoints estratti: 800
[superpoint_node-2] [ERROR] [1768033633.325380556] [superpoint_node]: Errore pubblicazione keypoints 3D: could not assign tuple of length 3 to structure with 4 fields.
[superpoint_node-2] [INFO] [1768033633.414915285] [superpoint_node]: Keypoints estratti: 800
[superpoint_node-2] [ERROR] [1768033633.422067841] [superpoint_node]: Errore pubblicazione keypoints 3D: could not assign tuple of length 3 to structure with 4 fields.
[superpoint_node-2] [INFO] [1768033633.519048166] [superpoint_node]: Keypoints estratti: 800
[superpoint_node-2] [ERROR] [1768033633.526087814] [superpoint_node]: Errore pubblicazione keypoints 3D: could not assign tuple of length 3 to structure with 4 fields.
[rtabmap-14] [INFO] [1768033633.564066837] [rtabmap]: rtabmap (318): Rate=0.50s, Limit=0.001s, Conversion=0.0004s, RTAB-Map=0.0434s, Maps update=0.0007s pub=0.0010s delay=0.0945s (local map=0, WM=0)
[superpoint_node-2] [INFO] [1768033633.620614934] [superpoint_node]: Keypoints estratti: 800
[superpoint_node-2] [ERROR] [1768033633.629113983] [superpoint_node]: Errore pubblicazione keypoints 3D: could not assign tuple of length 3 to structure with 4 fields.
[superpoint_node-2] [INFO] [1768033633.721413307] [superpoint_node]: Keypoints estratti: 800
[superpoint_node-2] [ERROR] [1768033633.728972478] [superpoint_node]: Errore pubblicazione keypoints 3D: could not assign tuple of length 3 to structure with 4 fields.
[superpoint_node-2] [INFO] [1768033633.821335636] [superpoint_node]: Keypoints estratti: 800
[superpoint_node-2] [ERROR] [1768033633.828161875] [superpoint_node]: Errore pubblicazione keypoints 3D: could not assign tuple of length 3 to structure with 4 fields.
[superpoint_node-2] [INFO] [1768033633.919946770] [superpoint_node]: Keypoints estratti: 800
[superpoint_node-2] [ERROR] [1768033633.927732276] [superpoint_node]: Errore pubblicazione keypoints 3D: could not assign tuple of length 3 to structure with 4 fields.
[superpoint_node-2] [INFO] [1768033634.020717161] [superpoint_node]: Keypoints estratti: 800
[superpoint_node-2] [ERROR] [1768033634.027775865] [superpoint_node]: Errore pubblicazione keypoints 3D: could not assign tuple of length 3 to structure with 4 fields.
[rtabmap-14] [INFO] [1768033634.065708092] [rtabmap]: rtabmap (319): Rate=0.50s, Limit=0.001s, Conversion=0.0003s, RTAB-Map=0.0416s, Maps update=0.0013s pub=0.0031s delay=0.0943s (local map=0, WM=0)
[superpoint_node-2] [INFO] [1768033634.141049300] [superpoint_node]: Keypoints estratti: 800
[superpoint_node-2] [ERROR] [1768033634.148572619] [superpoint_node]: Errore pubblicazione keypoints 3D: could not assign tuple of length 3 to structure with 4 fields.
[superpoint_node-2] [INFO] [1768033634.238134588] [superpoint_node]: Keypoints estratti: 800
[superpoint_node-2] [ERROR] [1768033634.245531999] [superpoint_node]: Errore pubblicazione keypoints 3D: could not assign tuple of length 3 to structure with 4 fields.
[superpoint_node-2] [INFO] [1768033634.335038134] [superpoint_node]: Keypoints estratti: 800
[superpoint_node-2] [ERROR] [1768033634.342898882] [superpoint_node]: Errore pubblicazione keypoints 3D: could not assign tuple of length 3 to structure with 4 fields.
[superpoint_node-2] [INFO] [1768033634.432138552] [superpoint_node]: Keypoints estratti: 800
[superpoint_node-2] [ERROR] [1768033634.439541925] [superpoint_node]: Errore pubblicazione keypoints 3D: could not assign tuple of length 3 to structure with 4 fields.
[superpoint_node-2] [INFO] [1768033634.533505355] [superpoint_node]: Keypoints estratti: 800
[superpoint_node-2] [ERROR] [1768033634.540923062] [superpoint_node]: Errore pubblicazione keypoints 3D: could not assign tuple of length 3 to structure with 4 fields.
[rtabmap-14] [INFO] [1768033634.565535961] [rtabmap]: rtabmap (320): Rate=0.50s, Limit=0.001s, Conversion=0.0004s, RTAB-Map=0.0450s, Maps update=0.0003s pub=0.0029s delay=0.0837s (local map=0, WM=0)
[superpoint_node-2] [INFO] [1768033634.633785299] [superpoint_node]: Keypoints estratti: 800
[superpoint_node-2] [ERROR] [1768033634.641798344] [superpoint_node]: Errore pubblicazione keypoints 3D: could not assign tuple of length 3 to structure with 4 fields.
[superpoint_node-2] [INFO] [1768033634.734689673] [superpoint_node]: Keypoints estratti: 800
[superpoint_node-2] [ERROR] [1768033634.742585346] [superpoint_node]: Errore pubblicazione keypoints 3D: could not assign tuple of length 3 to structure with 4 fields.
[superpoint_node-2] [INFO] [1768033634.831356772] [superpoint_node]: Keypoints estratti: 800
[superpoint_node-2] [ERROR] [1768033634.837963010] [superpoint_node]: Errore pubblicazione keypoints 3D: could not assign tuple of length 3 to structure with 4 fields.
[superpoint_node-2] [INFO] [1768033634.930220963] [superpoint_node]: Keypoints estratti: 800
[superpoint_node-2] [ERROR] [1768033634.937852450] [superpoint_node]: Errore pubblicazione keypoints 3D: could not assign tuple of length 3 to structure with 4 fields.
[superpoint_node-2] [INFO] [1768033635.031340820] [superpoint_node]: Keypoints estratti: 800
[superpoint_node-2] [ERROR] [1768033635.038270931] [superpoint_node]: Errore pubblicazione keypoints 3D: could not assign tuple of length 3 to structure with 4 fields.
[superpoint_node-2] [INFO] [1768033635.129095577] [superpoint_node]: Keypoints estratti: 800
[superpoint_node-2] [ERROR] [1768033635.136742841] [superpoint_node]: Errore pubblicazione keypoints 3D: could not assign tuple of length 3 to structure with 4 fields.
[rtabmap-14] [INFO] [1768033635.170217736] [rtabmap]: rtabmap (321): Rate=0.50s, Limit=0.001s, Conversion=0.0002s, RTAB-Map=0.0234s, Maps update=0.0003s pub=0.0013s delay=0.0881s (local map=0, WM=0)
[superpoint_node-2] [INFO] [1768033635.233136790] [superpoint_node]: Keypoints estratti: 800
[superpoint_node-2] [ERROR] [1768033635.240840500] [superpoint_node]: Errore pubblicazione keypoints 3D: could not assign tuple of length 3 to structure with 4 fields.
[superpoint_node-2] [INFO] [1768033635.330484025] [superpoint_node]: Keypoints estratti: 800
[superpoint_node-2] [ERROR] [1768033635.337277838] [superpoint_node]: Errore pubblicazione keypoints 3D: could not assign tuple of length 3 to structure with 4 fields.
[superpoint_node-2] [INFO] [1768033635.427373849] [superpoint_node]: Keypoints estratti: 800
[superpoint_node-2] [ERROR] [1768033635.434067476] [superpoint_node]: Errore pubblicazione keypoints 3D: could not assign tuple of length 3 to structure with 4 fields.
[superpoint_node-2] [INFO] [1768033635.525163013] [superpoint_node]: Keypoints estratti: 800
[superpoint_node-2] [ERROR] [1768033635.531961863] [superpoint_node]: Errore pubblicazione keypoints 3D: could not assign tuple of length 3 to structure with 4 fields.
[superpoint_node-2] [INFO] [1768033635.623015103] [superpoint_node]: Keypoints estratti: 800
[superpoint_node-2] [ERROR] [1768033635.630013640] [superpoint_node]: Errore pubblicazione keypoints 3D: could not assign tuple of length 3 to structure with 4 fields.
[superpoint_node-2] [INFO] [1768033635.728453643] [superpoint_node]: Keypoints estratti: 800
[superpoint_node-2] [ERROR] [1768033635.736392076] [superpoint_node]: Errore pubblicazione keypoints 3D: could not assign tuple of length 3 to structure with 4 fields.
[rtabmap-14] [INFO] [1768033635.753128987] [rtabmap]: rtabmap (322): Rate=0.50s, Limit=0.001s, Conversion=0.0007s, RTAB-Map=0.0381s, Maps update=0.0010s pub=0.0036s delay=0.0799s (local map=0, WM=0)
[superpoint_node-2] [INFO] [1768033635.833166640] [superpoint_node]: Keypoints estratti: 800
[superpoint_node-2] [ERROR] [1768033635.841267667] [superpoint_node]: Errore pubblicazione keypoints 3D: could not assign tuple of length 3 to structure with 4 fields.
[superpoint_node-2] [INFO] [1768033635.929610719] [superpoint_node]: Keypoints estratti: 800
[superpoint_node-2] [ERROR] [1768033635.936476644] [superpoint_node]: Errore pubblicazione keypoints 3D: could not assign tuple of length 3 to structure with 4 fields.
[superpoint_node-2] [INFO] [1768033636.026976269] [superpoint_node]: Keypoints estratti: 800
[superpoint_node-2] [ERROR] [1768033636.033722878] [superpoint_node]: Errore pubblicazione keypoints 3D: could not assign tuple of length 3 to structure with 4 fields.
[superpoint_node-2] [INFO] [1768033636.127167600] [superpoint_node]: Keypoints estratti: 800
[superpoint_node-2] [ERROR] [1768033636.134017210] [superpoint_node]: Errore pubblicazione keypoints 3D: could not assign tuple of length 3 to structure with 4 fields.
[superpoint_node-2] [INFO] [1768033636.266299832] [superpoint_node]: Keypoints estratti: 800
[superpoint_node-2] [ERROR] [1768033636.273439111] [superpoint_node]: Errore pubblicazione keypoints 3D: could not assign tuple of length 3 to structure with 4 fields.
[rtabmap-14] [INFO] [1768033636.320487243] [rtabmap]: rtabmap (323): Rate=0.50s, Limit=0.001s, Conversion=0.0002s, RTAB-Map=0.0364s, Maps update=0.0014s pub=0.0047s delay=0.0998s (local map=0, WM=0)
[superpoint_node-2] [INFO] [1768033636.407460248] [superpoint_node]: Keypoints estratti: 800
[superpoint_node-2] [ERROR] [1768033636.415115086] [superpoint_node]: Errore pubblicazione keypoints 3D: could not assign tuple of length 3 to structure with 4 fields.
[superpoint_node-2] [INFO] [1768033636.508527956] [superpoint_node]: Keypoints estratti: 800
[superpoint_node-2] [ERROR] [1768033636.515621031] [superpoint_node]: Errore pubblicazione keypoints 3D: could not assign tuple of length 3 to structure with 4 fields.
[superpoint_node-2] [INFO] [1768033636.607633594] [superpoint_node]: Keypoints estratti: 800
[superpoint_node-2] [ERROR] [1768033636.614329221] [superpoint_node]: Errore pubblicazione keypoints 3D: could not assign tuple of length 3 to structure with 4 fields.
[superpoint_node-2] [INFO] [1768033636.737930201] [superpoint_node]: Keypoints estratti: 800
[superpoint_node-2] [ERROR] [1768033636.744930460] [superpoint_node]: Errore pubblicazione keypoints 3D: could not assign tuple of length 3 to structure with 4 fields.
[superpoint_node-2] [INFO] [1768033636.839114410] [superpoint_node]: Keypoints estratti: 800
[superpoint_node-2] [ERROR] [1768033636.848604541] [superpoint_node]: Errore pubblicazione keypoints 3D: could not assign tuple of length 3 to structure with 4 fields.
[rtabmap-14] [INFO] [1768033636.867176725] [rtabmap]: rtabmap (324): Rate=0.50s, Limit=0.001s, Conversion=0.0002s, RTAB-Map=0.0232s, Maps update=0.0002s pub=0.0011s delay=0.0791s (local map=0, WM=0)
[superpoint_node-2] [INFO] [1768033636.945297734] [superpoint_node]: Keypoints estratti: 800
[superpoint_node-2] [ERROR] [1768033636.953017980] [superpoint_node]: Errore pubblicazione keypoints 3D: could not assign tuple of length 3 to structure with 4 fields.
[superpoint_node-2] [INFO] [1768033637.042023760] [superpoint_node]: Keypoints estratti: 800
[superpoint_node-2] [ERROR] [1768033637.049339947] [superpoint_node]: Errore pubblicazione keypoints 3D: could not assign tuple of length 3 to structure with 4 fields.
[superpoint_node-2] [INFO] [1768033637.137338886] [superpoint_node]: Keypoints estratti: 800
[superpoint_node-2] [ERROR] [1768033637.144995835] [superpoint_node]: Errore pubblicazione keypoints 3D: could not assign tuple of length 3 to structure with 4 fields.
[superpoint_node-2] [INFO] [1768033637.235971371] [superpoint_node]: Keypoints estratti: 800
[superpoint_node-2] [ERROR] [1768033637.244709977] [superpoint_node]: Errore pubblicazione keypoints 3D: could not assign tuple of length 3 to structure with 4 fields.
[superpoint_node-2] [INFO] [1768033637.336443408] [superpoint_node]: Keypoints estratti: 800
[superpoint_node-2] [ERROR] [1768033637.344440453] [superpoint_node]: Errore pubblicazione keypoints 3D: could not assign tuple of length 3 to structure with 4 fields.
[superpoint_node-2] [INFO] [1768033637.436949020] [superpoint_node]: Keypoints estratti: 800
[superpoint_node-2] [ERROR] [1768033637.444948324] [superpoint_node]: Errore pubblicazione keypoints 3D: could not assign tuple of length 3 to structure with 4 fields.
[rtabmap-14] [INFO] [1768033637.464331181] [rtabmap]: rtabmap (325): Rate=0.50s, Limit=0.001s, Conversion=0.0008s, RTAB-Map=0.0424s, Maps update=0.0003s pub=0.0011s delay=0.0777s (local map=0, WM=0)
[superpoint_node-2] [INFO] [1768033637.539507426] [superpoint_node]: Keypoints estratti: 800
[superpoint_node-2] [ERROR] [1768033637.548735980] [superpoint_node]: Errore pubblicazione keypoints 3D: could not assign tuple of length 3 to structure with 4 fields.
[superpoint_node-2] [INFO] [1768033637.639426144] [superpoint_node]: Keypoints estratti: 800
[superpoint_node-2] [ERROR] [1768033637.648440030] [superpoint_node]: Errore pubblicazione keypoints 3D: could not assign tuple of length 3 to structure with 4 fields.
[superpoint_node-2] [INFO] [1768033637.741348192] [superpoint_node]: Keypoints estratti: 800
[superpoint_node-2] [ERROR] [1768033637.748951401] [superpoint_node]: Errore pubblicazione keypoints 3D: could not assign tuple of length 3 to structure with 4 fields.
[superpoint_node-2] [INFO] [1768033637.838845113] [superpoint_node]: Keypoints estratti: 800
[superpoint_node-2] [ERROR] [1768033637.847867537] [superpoint_node]: Errore pubblicazione keypoints 3D: could not assign tuple of length 3 to structure with 4 fields.
[rtabmap-14] [INFO] [1768033637.942672066] [rtabmap]: rtabmap (326): Rate=0.50s, Limit=0.001s, Conversion=0.0002s, RTAB-Map=0.0243s, Maps update=0.0013s pub=0.0052s delay=0.0534s (local map=0, WM=0)
[superpoint_node-2] [INFO] [1768033637.943510684] [superpoint_node]: Keypoints estratti: 800
[superpoint_node-2] [ERROR] [1768033637.950971484] [superpoint_node]: Errore pubblicazione keypoints 3D: could not assign tuple of length 3 to structure with 4 fields.
[superpoint_node-2] [INFO] [1768033638.038818236] [superpoint_node]: Keypoints estratti: 800
[superpoint_node-2] [ERROR] [1768033638.046124627] [superpoint_node]: Errore pubblicazione keypoints 3D: could not assign tuple of length 3 to structure with 4 fields.
[rtabmap-14] [33m[ WARN] (2026-01-10 09:27:13.138) CoreWrapper.cpp:1227::odomTFUpdate() Odometry is reset (identity pose detected). Increment map id![0m
[rtabmap-14] [33m[ WARN] (2026-01-10 09:27:13.563) MapsManager.cpp:863::publishMaps() Graph has changed! The whole cloud is regenerated.[0m
[rtabmap-14] [33m[ WARN] (2026-01-10 09:27:13.563) OccupancyGrid.cpp:169::getProbMap() Map info is empty, cannot generate probabilistic occupancy grid[0m
[rtabmap-14] [33m[ WARN] (2026-01-10 09:27:14.062) MapsManager.cpp:863::publishMaps() Graph has changed! The whole cloud is regenerated.[0m
[rtabmap-14] [33m[ WARN] (2026-01-10 09:27:14.065) OccupancyGrid.cpp:169::getProbMap() Map info is empty, cannot generate probabilistic occupancy grid[0m
[rtabmap-14] [33m[ WARN] (2026-01-10 09:27:14.562) MapsManager.cpp:863::publishMaps() Graph has changed! The whole cloud is regenerated.[0m
[rtabmap-14] [33m[ WARN] (2026-01-10 09:27:14.564) OccupancyGrid.cpp:169::getProbMap() Map info is empty, cannot generate probabilistic occupancy grid[0m
[rtabmap-14] [33m[ WARN] (2026-01-10 09:27:15.168) MapsManager.cpp:863::publishMaps() Graph has changed! The whole cloud is regenerated.[0m
[rtabmap-14] [33m[ WARN] (2026-01-10 09:27:15.169) OccupancyGrid.cpp:169::getProbMap() Map info is empty, cannot generate probabilistic occupancy grid[0m
[rtabmap-14] [33m[ WARN] (2026-01-10 09:27:15.749) MapsManager.cpp:863::publishMaps() Graph has changed! The whole cloud is regenerated.[0m
[rtabmap-14] [33m[ WARN] (2026-01-10 09:27:15.751) OccupancyGrid.cpp:169::getProbMap() Map info is empty, cannot generate probabilistic occupancy grid[0m
[rtabmap-14] [33m[ WARN] (2026-01-10 09:27:16.315) MapsManager.cpp:863::publishMaps() Graph has changed! The whole cloud is regenerated.[0m
[rtabmap-14] [33m[ WARN] (2026-01-10 09:27:16.319) OccupancyGrid.cpp:169::getProbMap() Map info is empty, cannot generate probabilistic occupancy grid[0m
[rtabmap-14] [33m[ WARN] (2026-01-10 09:27:16.866) MapsManager.cpp:863::publishMaps() Graph has changed! The whole cloud is regenerated.[0m
[rtabmap-14] [33m[ WARN] (2026-01-10 09:27:16.866) OccupancyGrid.cpp:169::getProbMap() Map info is empty, cannot generate probabilistic occupancy grid[0m
[rtabmap-14] [33m[ WARN] (2026-01-10 09:27:17.463) MapsManager.cpp:863::publishMaps() Graph has changed! The whole cloud is regenerated.[0m
[rtabmap-14] [33m[ WARN] (2026-01-10 09:27:17.463) OccupancyGrid.cpp:169::getProbMap() Map info is empty, cannot generate probabilistic occupancy grid[0m
[rtabmap-14] [33m[ WARN] (2026-01-10 09:27:17.937) MapsManager.cpp:863::publishMaps() Graph has changed! The whole cloud is regenerated.[0m
[rtabmap-14] [33m[ WARN] (2026-01-10 09:27:17.938) OccupancyGrid.cpp:169::getProbMap() Map info is empty, cannot generate probabilistic occupancy grid[0m
[superpoint_node-2] [INFO] [1768033638.136642956] [superpoint_node]: Keypoints estratti: 800
[superpoint_node-2] [ERROR] [1768033638.144631926] [superpoint_node]: Errore pubblicazione keypoints 3D: could not assign tuple of length 3 to structure with 4 fields.
[superpoint_node-2] [INFO] [1768033638.235192422] [superpoint_node]: Keypoints estratti: 800
[superpoint_node-2] [ERROR] [1768033638.242735593] [superpoint_node]: Errore pubblicazione keypoints 3D: could not assign tuple of length 3 to structure with 4 fields.
[superpoint_node-2] [INFO] [1768033638.335608274] [superpoint_node]: Keypoints estratti: 800
[superpoint_node-2] [ERROR] [1768033638.342841553] [superpoint_node]: Errore pubblicazione keypoints 3D: could not assign tuple of length 3 to structure with 4 fields.
[superpoint_node-2] [INFO] [1768033638.433123528] [superpoint_node]: Keypoints estratti: 800
[superpoint_node-2] [ERROR] [1768033638.440480716] [superpoint_node]: Errore pubblicazione keypoints 3D: could not assign tuple of length 3 to structure with 4 fields.
[superpoint_node-2] [INFO] [1768033638.531848014] [superpoint_node]: Keypoints estratti: 800
[superpoint_node-2] [ERROR] [1768033638.540531398] [superpoint_node]: Errore pubblicazione keypoints 3D: could not assign tuple of length 3 to structure with 4 fields.
[rtabmap-14] [INFO] [1768033638.569833964] [rtabmap]: rtabmap (327): Rate=0.50s, Limit=0.001s, Conversion=0.0008s, RTAB-Map=0.0465s, Maps update=0.0007s pub=0.0033s delay=0.0876s (local map=0, WM=0)
[foxglove_bridge-12] [INFO] [1768033638.583925649] [foxglove_bridge]: received unsubscribe request for channel 12
[foxglove_bridge-12] [INFO] [1768033638.584008150] [foxglove_bridge]: Cleaned up subscription to topic /superpoint/debug_image/compressed for client 1 on channel 12
[foxglove_bridge-12] [INFO] [1768033638.617884808] [foxglove_bridge]: publishing connection graph
[superpoint_node-2] [INFO] [1768033638.638274136] [superpoint_node]: Keypoints estratti: 800
[superpoint_node-2] [ERROR] [1768033638.645622324] [superpoint_node]: Errore pubblicazione keypoints 3D: could not assign tuple of length 3 to structure with 4 fields.
[superpoint_node-2] [INFO] [1768033638.735674352] [superpoint_node]: Keypoints estratti: 800
[superpoint_node-2] [ERROR] [1768033638.742859169] [superpoint_node]: Errore pubblicazione keypoints 3D: could not assign tuple of length 3 to structure with 4 fields.
[superpoint_node-2] [INFO] [1768033638.834590544] [superpoint_node]: Keypoints estratti: 800
[superpoint_node-2] [ERROR] [1768033638.841636952] [superpoint_node]: Errore pubblicazione keypoints 3D: could not assign tuple of length 3 to structure with 4 fields.
[superpoint_node-2] [INFO] [1768033638.933413883] [superpoint_node]: Keypoints estratti: 800
[superpoint_node-2] [ERROR] [1768033638.940716996] [superpoint_node]: Errore pubblicazione keypoints 3D: could not assign tuple of length 3 to structure with 4 fields.
[superpoint_node-2] [INFO] [1768033639.031455475] [superpoint_node]: Keypoints estratti: 800
[superpoint_node-2] [ERROR] [1768033639.038300752] [superpoint_node]: Errore pubblicazione keypoints 3D: could not assign tuple of length 3 to structure with 4 fields.
[rtabmap-14] [INFO] [1768033639.103776215] [rtabmap]: rtabmap (328): Rate=0.50s, Limit=0.001s, Conversion=0.0002s, RTAB-Map=0.0492s, Maps update=0.0003s pub=0.0015s delay=0.1197s (local map=0, WM=0)
[superpoint_node-2] [INFO] [1768033639.136173787] [superpoint_node]: Keypoints estratti: 800
[foxglove_bridge-12] [INFO] [1768033639.138777826] [foxglove_bridge]: publishing connection graph
[superpoint_node-2] [ERROR] [1768033639.143675716] [superpoint_node]: Errore pubblicazione keypoints 3D: could not assign tuple of length 3 to structure with 4 fields.
[superpoint_node-2] [INFO] [1768033639.234868162] [superpoint_node]: Keypoints estratti: 800
[superpoint_node-2] [ERROR] [1768033639.242941855] [superpoint_node]: Errore pubblicazione keypoints 3D: could not assign tuple of length 3 to structure with 4 fields.
[superpoint_node-2] [INFO] [1768033639.334566415] [superpoint_node]: Keypoints estratti: 800
[superpoint_node-2] [ERROR] [1768033639.341812898] [superpoint_node]: Errore pubblicazione keypoints 3D: could not assign tuple of length 3 to structure with 4 fields.
[superpoint_node-2] [INFO] [1768033639.433109844] [superpoint_node]: Keypoints estratti: 800
[superpoint_node-2] [ERROR] [1768033639.441550689] [superpoint_node]: Errore pubblicazione keypoints 3D: could not assign tuple of length 3 to structure with 4 fields.
[superpoint_node-2] [INFO] [1768033639.535080375] [superpoint_node]: Keypoints estratti: 800
[superpoint_node-2] [ERROR] [1768033639.543005141] [superpoint_node]: Errore pubblicazione keypoints 3D: could not assign tuple of length 3 to structure with 4 fields.
[rtabmap-14] [INFO] [1768033639.603738530] [rtabmap]: rtabmap (329): Rate=0.50s, Limit=0.001s, Conversion=0.0002s, RTAB-Map=0.0413s, Maps update=0.0049s pub=0.0082s delay=0.1170s (local map=0, WM=0)
[superpoint_node-2] [INFO] [1768033639.634599942] [superpoint_node]: Keypoints estratti: 800
[superpoint_node-2] [ERROR] [1768033639.641765091] [superpoint_node]: Errore pubblicazione keypoints 3D: could not assign tuple of length 3 to structure with 4 fields.
[superpoint_node-2] [INFO] [1768033639.731970084] [superpoint_node]: Keypoints estratti: 800
[superpoint_node-2] [ERROR] [1768033639.739062788] [superpoint_node]: Errore pubblicazione keypoints 3D: could not assign tuple of length 3 to structure with 4 fields.
[superpoint_node-2] [INFO] [1768033639.829364578] [superpoint_node]: Keypoints estratti: 800
[superpoint_node-2] [ERROR] [1768033639.836810656] [superpoint_node]: Errore pubblicazione keypoints 3D: could not assign tuple of length 3 to structure with 4 fields.
[superpoint_node-2] [INFO] [1768033639.929228370] [superpoint_node]: Keypoints estratti: 800
[superpoint_node-2] [ERROR] [1768033639.936124739] [superpoint_node]: Errore pubblicazione keypoints 3D: could not assign tuple of length 3 to structure with 4 fields.
[superpoint_node-2] [INFO] [1768033640.027851504] [superpoint_node]: Keypoints estratti: 800
[superpoint_node-2] [ERROR] [1768033640.034581427] [superpoint_node]: Errore pubblicazione keypoints 3D: could not assign tuple of length 3 to structure with 4 fields.
[superpoint_node-2] [INFO] [1768033640.128061983] [superpoint_node]: Keypoints estratti: 800
[superpoint_node-2] [ERROR] [1768033640.138263842] [superpoint_node]: Errore pubblicazione keypoints 3D: could not assign tuple of length 3 to structure with 4 fields.
[rtabmap-14] [INFO] [1768033640.159064914] [rtabmap]: rtabmap (330): Rate=0.50s, Limit=0.001s, Conversion=0.0008s, RTAB-Map=0.0427s, Maps update=0.0006s pub=0.0021s delay=0.0810s (local map=0, WM=0)
[superpoint_node-2] [INFO] [1768033640.230334016] [superpoint_node]: Keypoints estratti: 800
[superpoint_node-2] [ERROR] [1768033640.237739427] [superpoint_node]: Errore pubblicazione keypoints 3D: could not assign tuple of length 3 to structure with 4 fields.
[superpoint_node-2] [INFO] [1768033640.385337708] [superpoint_node]: Keypoints estratti: 800
[superpoint_node-2] [ERROR] [1768033640.392027872] [superpoint_node]: Errore pubblicazione keypoints 3D: could not assign tuple of length 3 to structure with 4 fields.
[superpoint_node-2] [INFO] [1768033640.479191267] [superpoint_node]: Keypoints estratti: 800
[superpoint_node-2] [ERROR] [1768033640.485668485] [superpoint_node]: Errore pubblicazione keypoints 3D: could not assign tuple of length 3 to structure with 4 fields.
[superpoint_node-2] [INFO] [1768033640.576202554] [superpoint_node]: Keypoints estratti: 800
[superpoint_node-2] [ERROR] [1768033640.583627761] [superpoint_node]: Errore pubblicazione keypoints 3D: could not assign tuple of length 3 to structure with 4 fields.
[rtabmap-14] [INFO] [1768033640.675978827] [rtabmap]: rtabmap (331): Rate=0.50s, Limit=0.001s, Conversion=0.0002s, RTAB-Map=0.0259s, Maps update=0.0004s pub=0.0026s delay=0.0511s (local map=0, WM=0)
[superpoint_node-2] [INFO] [1768033640.681457444] [superpoint_node]: Keypoints estratti: 800
[superpoint_node-2] [ERROR] [1768033640.688310591] [superpoint_node]: Errore pubblicazione keypoints 3D: could not assign tuple of length 3 to structure with 4 fields.
[superpoint_node-2] [INFO] [1768033640.780539285] [superpoint_node]: Keypoints estratti: 800
[superpoint_node-2] [ERROR] [1768033640.788272291] [superpoint_node]: Errore pubblicazione keypoints 3D: could not assign tuple of length 3 to structure with 4 fields.
[superpoint_node-2] [INFO] [1768033640.881918682] [superpoint_node]: Keypoints estratti: 800
[superpoint_node-2] [ERROR] [1768033640.890123210] [superpoint_node]: Errore pubblicazione keypoints 3D: could not assign tuple of length 3 to structure with 4 fields.
[foxglove_bridge-12] [INFO] [1768033640.968758852] [foxglove_bridge]: received subscribe request for channel 16 from client 1 (sink 1)
[foxglove_bridge-12] [INFO] [1768033640.972623771] [foxglove_bridge]: created ROS subscription on /out (sensor_msgs/msg/Image) successfully for channel 16 (client 1, sink 1)
[superpoint_node-2] [INFO] [1768033640.989256440] [superpoint_node]: Keypoints estratti: 800
[superpoint_node-2] [ERROR] [1768033640.997033742] [superpoint_node]: Errore pubblicazione keypoints 3D: could not assign tuple of length 3 to structure with 4 fields.
[foxglove_bridge-12] [INFO] [1768033641.000841161] [foxglove_bridge]: publishing connection graph
[superpoint_node-2] [INFO] [1768033641.089783311] [superpoint_node]: Keypoints estratti: 800
[superpoint_node-2] [ERROR] [1768033641.096777070] [superpoint_node]: Errore pubblicazione keypoints 3D: could not assign tuple of length 3 to structure with 4 fields.
[superpoint_node-2] [INFO] [1768033641.189668325] [superpoint_node]: Keypoints estratti: 800
[superpoint_node-2] [ERROR] [1768033641.196828419] [superpoint_node]: Errore pubblicazione keypoints 3D: could not assign tuple of length 3 to structure with 4 fields.
[rtabmap-14] [INFO] [1768033641.225396053] [rtabmap]: rtabmap (332): Rate=0.50s, Limit=0.001s, Conversion=0.0002s, RTAB-Map=0.0394s, Maps update=0.0003s pub=0.0013s delay=0.0872s (local map=0, WM=0)
[superpoint_node-2] [INFO] [1768033641.292020692] [superpoint_node]: Keypoints estratti: 800
[superpoint_node-2] [ERROR] [1768033641.298854672] [superpoint_node]: Errore pubblicazione keypoints 3D: could not assign tuple of length 3 to structure with 4 fields.
[superpoint_node-2] [INFO] [1768033641.393265791] [superpoint_node]: Keypoints estratti: 800
[superpoint_node-2] [ERROR] [1768033641.400588960] [superpoint_node]: Errore pubblicazione keypoints 3D: could not assign tuple of length 3 to structure with 4 fields.
[superpoint_node-2] [INFO] [1768033641.489406331] [superpoint_node]: Keypoints estratti: 800
[superpoint_node-2] [ERROR] [1768033641.496286497] [superpoint_node]: Errore pubblicazione keypoints 3D: could not assign tuple of length 3 to structure with 4 fields.
[foxglove_bridge-12] [INFO] [1768033641.522871578] [foxglove_bridge]: publishing connection graph
[superpoint_node-2] [INFO] [1768033641.588403431] [superpoint_node]: Keypoints estratti: 800
[superpoint_node-2] [ERROR] [1768033641.595523969] [superpoint_node]: Errore pubblicazione keypoints 3D: could not assign tuple of length 3 to structure with 4 fields.
[superpoint_node-2] [INFO] [1768033641.686224613] [superpoint_node]: Keypoints estratti: 800
[superpoint_node-2] [ERROR] [1768033641.692977445] [superpoint_node]: Errore pubblicazione keypoints 3D: could not assign tuple of length 3 to structure with 4 fields.
[rtabmap-14] [INFO] [1768033641.783912092] [rtabmap]: rtabmap (333): Rate=0.50s, Limit=0.001s, Conversion=0.0004s, RTAB-Map=0.0310s, Maps update=0.0005s pub=0.0014s delay=0.0487s (local map=0, WM=0)
[superpoint_node-2] [INFO] [1768033641.794144451] [superpoint_node]: Keypoints estratti: 800
[superpoint_node-2] [ERROR] [1768033641.801036616] [superpoint_node]: Errore pubblicazione keypoints 3D: could not assign tuple of length 3 to structure with 4 fields.
[superpoint_node-2] [INFO] [1768033641.894242911] [superpoint_node]: Keypoints estratti: 800
[superpoint_node-2] [ERROR] [1768033641.901350226] [superpoint_node]: Errore pubblicazione keypoints 3D: could not assign tuple of length 3 to structure with 4 fields.
[superpoint_node-2] [INFO] [1768033641.995529417] [superpoint_node]: Keypoints estratti: 800
[superpoint_node-2] [ERROR] [1768033642.002484843] [superpoint_node]: Errore pubblicazione keypoints 3D: could not assign tuple of length 3 to structure with 4 fields.
[superpoint_node-2] [INFO] [1768033642.094095254] [superpoint_node]: Keypoints estratti: 800
[superpoint_node-2] [ERROR] [1768033642.101006291] [superpoint_node]: Errore pubblicazione keypoints 3D: could not assign tuple of length 3 to structure with 4 fields.
[superpoint_node-2] [INFO] [1768033642.193791230] [superpoint_node]: Keypoints estratti: 800
[superpoint_node-2] [ERROR] [1768033642.200557413] [superpoint_node]: Errore pubblicazione keypoints 3D: could not assign tuple of length 3 to structure with 4 fields.
[superpoint_node-2] [INFO] [1768033642.291457560] [superpoint_node]: Keypoints estratti: 800
[superpoint_node-2] [ERROR] [1768033642.299940386] [superpoint_node]: Errore pubblicazione keypoints 3D: could not assign tuple of length 3 to structure with 4 fields.
[rtabmap-14] [INFO] [1768033642.310330376] [rtabmap]: rtabmap (334): Rate=0.50s, Limit=0.001s, Conversion=0.0003s, RTAB-Map=0.0241s, Maps update=0.0003s pub=0.0012s delay=0.0690s (local map=0, WM=0)
[superpoint_node-2] [INFO] [1768033642.393121384] [superpoint_node]: Keypoints estratti: 800
[superpoint_node-2] [ERROR] [1768033642.400360979] [superpoint_node]: Errore pubblicazione keypoints 3D: could not assign tuple of length 3 to structure with 4 fields.
[superpoint_node-2] [INFO] [1768033642.493570458] [superpoint_node]: Keypoints estratti: 800
[superpoint_node-2] [ERROR] [1768033642.501950636] [superpoint_node]: Errore pubblicazione keypoints 3D: could not assign tuple of length 3 to structure with 4 fields.
[superpoint_node-2] [INFO] [1768033642.589821647] [superpoint_node]: Keypoints estratti: 800
[superpoint_node-2] [ERROR] [1768033642.597067779] [superpoint_node]: Errore pubblicazione keypoints 3D: could not assign tuple of length 3 to structure with 4 fields.
[superpoint_node-2] [INFO] [1768033642.692794556] [superpoint_node]: Keypoints estratti: 800
[superpoint_node-2] [ERROR] [1768033642.699774130] [superpoint_node]: Errore pubblicazione keypoints 3D: could not assign tuple of length 3 to structure with 4 fields.
[superpoint_node-2] [INFO] [1768033642.792951850] [superpoint_node]: Keypoints estratti: 800
[superpoint_node-2] [ERROR] [1768033642.800036092] [superpoint_node]: Errore pubblicazione keypoints 3D: could not assign tuple of length 3 to structure with 4 fields.
[rtabmap-14] [INFO] [1768033642.831708602] [rtabmap]: rtabmap (335): Rate=0.50s, Limit=0.001s, Conversion=0.0002s, RTAB-Map=0.0222s, Maps update=0.0003s pub=0.0014s delay=0.0889s (local map=0, WM=0)
[superpoint_node-2] [INFO] [1768033642.894022948] [superpoint_node]: Keypoints estratti: 800
[superpoint_node-2] [ERROR] [1768033642.900983336] [superpoint_node]: Errore pubblicazione keypoints 3D: could not assign tuple of length 3 to structure with 4 fields.
[superpoint_node-2] [INFO] [1768033642.993699905] [superpoint_node]: Keypoints estratti: 800
[superpoint_node-2] [ERROR] [1768033643.001179742] [superpoint_node]: Errore pubblicazione keypoints 3D: could not assign tuple of length 3 to structure with 4 fields.
[superpoint_node-2] [INFO] [1768033643.094095108] [superpoint_node]: Keypoints estratti: 800
[superpoint_node-2] [ERROR] [1768033643.100935144] [superpoint_node]: Errore pubblicazione keypoints 3D: could not assign tuple of length 3 to structure with 4 fields.
[rtabmap-14] [33m[ WARN] (2026-01-10 09:27:18.566) MapsManager.cpp:863::publishMaps() Graph has changed! The whole cloud is regenerated.[0m
[rtabmap-14] [33m[ WARN] (2026-01-10 09:27:18.569) OccupancyGrid.cpp:169::getProbMap() Map info is empty, cannot generate probabilistic occupancy grid[0m
[rtabmap-14] [33m[ WARN] (2026-01-10 09:27:19.102) MapsManager.cpp:863::publishMaps() Graph has changed! The whole cloud is regenerated.[0m
[rtabmap-14] [33m[ WARN] (2026-01-10 09:27:19.103) OccupancyGrid.cpp:169::getProbMap() Map info is empty, cannot generate probabilistic occupancy grid[0m
[rtabmap-14] [33m[ WARN] (2026-01-10 09:27:19.595) MapsManager.cpp:863::publishMaps() Graph has changed! The whole cloud is regenerated.[0m
[rtabmap-14] [33m[ WARN] (2026-01-10 09:27:19.597) OccupancyGrid.cpp:169::getProbMap() Map info is empty, cannot generate probabilistic occupancy grid[0m
[rtabmap-14] [33m[ WARN] (2026-01-10 09:27:20.156) MapsManager.cpp:863::publishMaps() Graph has changed! The whole cloud is regenerated.[0m
[rtabmap-14] [33m[ WARN] (2026-01-10 09:27:20.157) OccupancyGrid.cpp:169::getProbMap() Map info is empty, cannot generate probabilistic occupancy grid[0m
[rtabmap-14] [33m[ WARN] (2026-01-10 09:27:20.673) MapsManager.cpp:863::publishMaps() Graph has changed! The whole cloud is regenerated.[0m
[rtabmap-14] [33m[ WARN] (2026-01-10 09:27:20.674) OccupancyGrid.cpp:169::getProbMap() Map info is empty, cannot generate probabilistic occupancy grid[0m
[rtabmap-14] [33m[ WARN] (2026-01-10 09:27:21.224) MapsManager.cpp:863::publishMaps() Graph has changed! The whole cloud is regenerated.[0m
[rtabmap-14] [33m[ WARN] (2026-01-10 09:27:21.224) OccupancyGrid.cpp:169::getProbMap() Map info is empty, cannot generate probabilistic occupancy grid[0m
[rtabmap-14] [33m[ WARN] (2026-01-10 09:27:21.782) MapsManager.cpp:863::publishMaps() Graph has changed! The whole cloud is regenerated.[0m
[rtabmap-14] [33m[ WARN] (2026-01-10 09:27:21.783) OccupancyGrid.cpp:169::getProbMap() Map info is empty, cannot generate probabilistic occupancy grid[0m
[rtabmap-14] [33m[ WARN] (2026-01-10 09:27:22.309) MapsManager.cpp:863::publishMaps() Graph has changed! The whole cloud is regenerated.[0m
[rtabmap-14] [33m[ WARN] (2026-01-10 09:27:22.309) OccupancyGrid.cpp:169::getProbMap() Map info is empty, cannot generate probabilistic occupancy grid[0m
[rtabmap-14] [33m[ WARN] (2026-01-10 09:27:22.830) MapsManager.cpp:863::publishMaps() Graph has changed! The whole cloud is regenerated.[0m
[rtabmap-14] [33m[ WARN] (2026-01-10 09:27:22.830) OccupancyGrid.cpp:169::getProbMap() Map info is empty, cannot generate probabilistic occupancy grid[0m
[superpoint_node-2] [INFO] [1768033643.191531140] [superpoint_node]: Keypoints estratti: 800
[superpoint_node-2] [ERROR] [1768033643.198676956] [superpoint_node]: Errore pubblicazione keypoints 3D: could not assign tuple of length 3 to structure with 4 fields.
[superpoint_node-2] [INFO] [1768033643.286542541] [superpoint_node]: Keypoints estratti: 800
[superpoint_node-2] [ERROR] [1768033643.293312373] [superpoint_node]: Errore pubblicazione keypoints 3D: could not assign tuple of length 3 to structure with 4 fields.
[rtabmap-14] [INFO] [1768033643.380293321] [rtabmap]: rtabmap (336): Rate=0.50s, Limit=0.001s, Conversion=0.0002s, RTAB-Map=0.0261s, Maps update=0.0012s pub=0.0020s delay=0.0455s (local map=0, WM=0)
[superpoint_node-2] [INFO] [1768033643.391171593] [superpoint_node]: Keypoints estratti: 800
[superpoint_node-2] [ERROR] [1768033643.397977776] [superpoint_node]: Errore pubblicazione keypoints 3D: could not assign tuple of length 3 to structure with 4 fields.
[superpoint_node-2] [INFO] [1768033643.490419917] [superpoint_node]: Keypoints estratti: 800
[superpoint_node-2] [ERROR] [1768033643.497203470] [superpoint_node]: Errore pubblicazione keypoints 3D: could not assign tuple of length 3 to structure with 4 fields.
[superpoint_node-2] [INFO] [1768033643.589342960] [superpoint_node]: Keypoints estratti: 800
[superpoint_node-2] [ERROR] [1768033643.596266534] [superpoint_node]: Errore pubblicazione keypoints 3D: could not assign tuple of length 3 to structure with 4 fields.
[superpoint_node-2] [INFO] [1768033643.688386801] [superpoint_node]: Keypoints estratti: 800
[superpoint_node-2] [ERROR] [1768033643.696359920] [superpoint_node]: Errore pubblicazione keypoints 3D: could not assign tuple of length 3 to structure with 4 fields.
[superpoint_node-2] [INFO] [1768033643.789839735] [superpoint_node]: Keypoints estratti: 800
[superpoint_node-2] [ERROR] [1768033643.798736305] [superpoint_node]: Errore pubblicazione keypoints 3D: could not assign tuple of length 3 to structure with 4 fields.
[superpoint_node-2] [INFO] [1768033643.893429204] [superpoint_node]: Keypoints estratti: 800
[superpoint_node-2] [ERROR] [1768033643.903466358] [superpoint_node]: Errore pubblicazione keypoints 3D: could not assign tuple of length 3 to structure with 4 fields.
[rtabmap-14] [INFO] [1768033643.929302415] [rtabmap]: rtabmap (337): Rate=0.50s, Limit=0.001s, Conversion=0.0002s, RTAB-Map=0.0410s, Maps update=0.0020s pub=0.0029s delay=0.0888s (local map=0, WM=0)
[superpoint_node-2] [INFO] [1768033644.034964252] [superpoint_node]: Keypoints estratti: 800
[superpoint_node-2] [ERROR] [1768033644.042196143] [superpoint_node]: Errore pubblicazione keypoints 3D: could not assign tuple of length 3 to structure with 4 fields.
[superpoint_node-2] [INFO] [1768033644.131748427] [superpoint_node]: Keypoints estratti: 800
[superpoint_node-2] [ERROR] [1768033644.138458758] [superpoint_node]: Errore pubblicazione keypoints 3D: could not assign tuple of length 3 to structure with 4 fields.
[superpoint_node-2] [INFO] [1768033644.231435847] [superpoint_node]: Keypoints estratti: 800
[superpoint_node-2] [ERROR] [1768033644.238692571] [superpoint_node]: Errore pubblicazione keypoints 3D: could not assign tuple of length 3 to structure with 4 fields.
[superpoint_node-2] [INFO] [1768033644.332670001] [superpoint_node]: Keypoints estratti: 800
[superpoint_node-2] [ERROR] [1768033644.340039856] [superpoint_node]: Errore pubblicazione keypoints 3D: could not assign tuple of length 3 to structure with 4 fields.
[superpoint_node-2] [INFO] [1768033644.434319066] [superpoint_node]: Keypoints estratti: 800
[superpoint_node-2] [ERROR] [1768033644.442474113] [superpoint_node]: Errore pubblicazione keypoints 3D: could not assign tuple of length 3 to structure with 4 fields.
[rtabmap-14] [INFO] [1768033644.453978352] [rtabmap]: rtabmap (338): Rate=0.50s, Limit=0.001s, Conversion=0.0003s, RTAB-Map=0.0413s, Maps update=0.0003s pub=0.0010s delay=0.0727s (local map=0, WM=0)
[superpoint_node-2] [INFO] [1768033644.544461773] [superpoint_node]: Keypoints estratti: 800
[superpoint_node-2] [ERROR] [1768033644.551866239] [superpoint_node]: Errore pubblicazione keypoints 3D: could not assign tuple of length 3 to structure with 4 fields.
[superpoint_node-2] [INFO] [1768033644.641449746] [superpoint_node]: Keypoints estratti: 800
[superpoint_node-2] [ERROR] [1768033644.649093658] [superpoint_node]: Errore pubblicazione keypoints 3D: could not assign tuple of length 3 to structure with 4 fields.
[superpoint_node-2] [INFO] [1768033644.741325537] [superpoint_node]: Keypoints estratti: 800
[superpoint_node-2] [ERROR] [1768033644.748658910] [superpoint_node]: Errore pubblicazione keypoints 3D: could not assign tuple of length 3 to structure with 4 fields.
[superpoint_node-2] [INFO] [1768033644.840301470] [superpoint_node]: Keypoints estratti: 800
[superpoint_node-2] [ERROR] [1768033644.848379442] [superpoint_node]: Errore pubblicazione keypoints 3D: could not assign tuple of length 3 to structure with 4 fields.
[superpoint_node-2] [INFO] [1768033644.937210498] [superpoint_node]: Keypoints estratti: 800
[superpoint_node-2] [ERROR] [1768033644.944471666] [superpoint_node]: Errore pubblicazione keypoints 3D: could not assign tuple of length 3 to structure with 4 fields.
[rtabmap-14] [INFO] [1768033645.001632620] [rtabmap]: rtabmap (339): Rate=0.50s, Limit=0.001s, Conversion=0.0002s, RTAB-Map=0.0451s, Maps update=0.0043s pub=0.0059s delay=0.1113s (local map=0, WM=0)
[superpoint_node-2] [INFO] [1768033645.043652990] [superpoint_node]: Keypoints estratti: 800
[superpoint_node-2] [ERROR] [1768033645.051469570] [superpoint_node]: Errore pubblicazione keypoints 3D: could not assign tuple of length 3 to structure with 4 fields.
[superpoint_node-2] [INFO] [1768033645.140540832] [superpoint_node]: Keypoints estratti: 800
[superpoint_node-2] [ERROR] [1768033645.148392542] [superpoint_node]: Errore pubblicazione keypoints 3D: could not assign tuple of length 3 to structure with 4 fields.
[superpoint_node-2] [INFO] [1768033645.240908183] [superpoint_node]: Keypoints estratti: 800
[superpoint_node-2] [ERROR] [1768033645.248332242] [superpoint_node]: Errore pubblicazione keypoints 3D: could not assign tuple of length 3 to structure with 4 fields.
[superpoint_node-2] [INFO] [1768033645.337231410] [superpoint_node]: Keypoints estratti: 800
[superpoint_node-2] [ERROR] [1768033645.344903323] [superpoint_node]: Errore pubblicazione keypoints 3D: could not assign tuple of length 3 to structure with 4 fields.
[superpoint_node-2] [INFO] [1768033645.436432474] [superpoint_node]: Keypoints estratti: 800
[superpoint_node-2] [ERROR] [1768033645.443960923] [superpoint_node]: Errore pubblicazione keypoints 3D: could not assign tuple of length 3 to structure with 4 fields.
[superpoint_node-2] [INFO] [1768033645.537424756] [superpoint_node]: Keypoints estratti: 800
[superpoint_node-2] [ERROR] [1768033645.544647406] [superpoint_node]: Errore pubblicazione keypoints 3D: could not assign tuple of length 3 to structure with 4 fields.
[rtabmap-14] [INFO] [1768033645.561831339] [rtabmap]: rtabmap (340): Rate=0.50s, Limit=0.001s, Conversion=0.0005s, RTAB-Map=0.0461s, Maps update=0.0003s pub=0.0054s delay=0.0763s (local map=0, WM=0)
[superpoint_node-2] [INFO] [1768033645.635510589] [superpoint_node]: Keypoints estratti: 800
[superpoint_node-2] [ERROR] [1768033645.642690628] [superpoint_node]: Errore pubblicazione keypoints 3D: could not assign tuple of length 3 to structure with 4 fields.
[superpoint_node-2] [INFO] [1768033645.731904705] [superpoint_node]: Keypoints estratti: 800
[superpoint_node-2] [ERROR] [1768033645.745319145] [superpoint_node]: Errore pubblicazione keypoints 3D: could not assign tuple of length 3 to structure with 4 fields.
[superpoint_node-2] [INFO] [1768033645.849273284] [superpoint_node]: Keypoints estratti: 800
[superpoint_node-2] [ERROR] [1768033645.857654554] [superpoint_node]: Errore pubblicazione keypoints 3D: could not assign tuple of length 3 to structure with 4 fields.
[superpoint_node-2] [INFO] [1768033645.958920505] [superpoint_node]: Keypoints estratti: 800
[superpoint_node-2] [ERROR] [1768033645.965782912] [superpoint_node]: Errore pubblicazione keypoints 3D: could not assign tuple of length 3 to structure with 4 fields.
[superpoint_node-2] [INFO] [1768033646.058903668] [superpoint_node]: Keypoints estratti: 800
[superpoint_node-2] [ERROR] [1768033646.067149289] [superpoint_node]: Errore pubblicazione keypoints 3D: could not assign tuple of length 3 to structure with 4 fields.
[rtabmap-14] [INFO] [1768033646.073558303] [rtabmap]: rtabmap (341): Rate=0.50s, Limit=0.001s, Conversion=0.0002s, RTAB-Map=0.0213s, Maps update=0.0003s pub=0.0010s delay=0.0670s (local map=0, WM=0)
[superpoint_node-2] [INFO] [1768033646.157641821] [superpoint_node]: Keypoints estratti: 800
[superpoint_node-2] [ERROR] [1768033646.165023695] [superpoint_node]: Errore pubblicazione keypoints 3D: could not assign tuple of length 3 to structure with 4 fields.
[superpoint_node-2] [INFO] [1768033646.259380628] [superpoint_node]: Keypoints estratti: 800
[superpoint_node-2] [ERROR] [1768033646.266695853] [superpoint_node]: Errore pubblicazione keypoints 3D: could not assign tuple of length 3 to structure with 4 fields.
[superpoint_node-2] [INFO] [1768033646.359041844] [superpoint_node]: Keypoints estratti: 800
[superpoint_node-2] [ERROR] [1768033646.365896991] [superpoint_node]: Errore pubblicazione keypoints 3D: could not assign tuple of length 3 to structure with 4 fields.
[superpoint_node-2] [INFO] [1768033646.459820106] [superpoint_node]: Keypoints estratti: 800
[superpoint_node-2] [ERROR] [1768033646.466735976] [superpoint_node]: Errore pubblicazione keypoints 3D: could not assign tuple of length 3 to structure with 4 fields.
[superpoint_node-2] [INFO] [1768033646.558146571] [superpoint_node]: Keypoints estratti: 800
[superpoint_node-2] [ERROR] [1768033646.565042329] [superpoint_node]: Errore pubblicazione keypoints 3D: could not assign tuple of length 3 to structure with 4 fields.
[rtabmap-14] [INFO] [1768033646.629205616] [rtabmap]: rtabmap (342): Rate=0.50s, Limit=0.001s, Conversion=0.0002s, RTAB-Map=0.0447s, Maps update=0.0003s pub=0.0018s delay=0.1201s (local map=0, WM=0)
[superpoint_node-2] [INFO] [1768033646.660596364] [superpoint_node]: Keypoints estratti: 800
[superpoint_node-2] [ERROR] [1768033646.667350974] [superpoint_node]: Errore pubblicazione keypoints 3D: could not assign tuple of length 3 to structure with 4 fields.
[superpoint_node-2] [INFO] [1768033646.759015108] [superpoint_node]: Keypoints estratti: 800
[superpoint_node-2] [ERROR] [1768033646.765698772] [superpoint_node]: Errore pubblicazione keypoints 3D: could not assign tuple of length 3 to structure with 4 fields.
[foxglove_bridge-12] [INFO] [1768033646.794242591] [foxglove_bridge]: received unsubscribe request for channel 16
[foxglove_bridge-12] [INFO] [1768033646.794351888] [foxglove_bridge]: Cleaned up subscription to topic /out for client 1 on channel 16
[foxglove_bridge-12] [INFO] [1768033646.794398814] [foxglove_bridge]: received subscribe request for channel 15 from client 1 (sink 1)
[foxglove_bridge-12] [INFO] [1768033646.799267131] [foxglove_bridge]: created ROS subscription on /out/compressedDepth (sensor_msgs/msg/CompressedImage) successfully for channel 15 (client 1, sink 1)
[foxglove_bridge-12] [INFO] [1768033646.829479592] [foxglove_bridge]: publishing connection graph
[superpoint_node-2] [INFO] [1768033646.862492502] [superpoint_node]: Keypoints estratti: 800
[superpoint_node-2] [ERROR] [1768033646.869315482] [superpoint_node]: Errore pubblicazione keypoints 3D: could not assign tuple of length 3 to structure with 4 fields.
[superpoint_node-2] [INFO] [1768033646.965713135] [superpoint_node]: Keypoints estratti: 800
[superpoint_node-2] [ERROR] [1768033646.972705543] [superpoint_node]: Errore pubblicazione keypoints 3D: could not assign tuple of length 3 to structure with 4 fields.
[superpoint_node-2] [INFO] [1768033647.065672483] [superpoint_node]: Keypoints estratti: 800
[superpoint_node-2] [ERROR] [1768033647.072658742] [superpoint_node]: Errore pubblicazione keypoints 3D: could not assign tuple of length 3 to structure with 4 fields.
[rtabmap-14] [INFO] [1768033647.120018025] [rtabmap]: rtabmap (343): Rate=0.50s, Limit=0.001s, Conversion=0.0002s, RTAB-Map=0.0339s, Maps update=0.0003s pub=0.0070s delay=0.1060s (local map=0, WM=0)
[superpoint_node-2] [INFO] [1768033647.174234733] [superpoint_node]: Keypoints estratti: 800
[superpoint_node-2] [ERROR] [1768033647.181768348] [superpoint_node]: Errore pubblicazione keypoints 3D: could not assign tuple of length 3 to structure with 4 fields.
[superpoint_node-2] [INFO] [1768033647.273483261] [superpoint_node]: Keypoints estratti: 800
[superpoint_node-2] [ERROR] [1768033647.280680762] [superpoint_node]: Errore pubblicazione keypoints 3D: could not assign tuple of length 3 to structure with 4 fields.
[foxglove_bridge-12] [INFO] [1768033647.352902927] [foxglove_bridge]: publishing connection graph
[superpoint_node-2] [INFO] [1768033647.404421595] [superpoint_node]: Keypoints estratti: 800
[superpoint_node-2] [ERROR] [1768033647.411826839] [superpoint_node]: Errore pubblicazione keypoints 3D: could not assign tuple of length 3 to structure with 4 fields.
[superpoint_node-2] [INFO] [1768033647.503354694] [superpoint_node]: Keypoints estratti: 800
[superpoint_node-2] [ERROR] [1768033647.510618474] [superpoint_node]: Errore pubblicazione keypoints 3D: could not assign tuple of length 3 to structure with 4 fields.
[superpoint_node-2] [INFO] [1768033647.601706641] [superpoint_node]: Keypoints estratti: 800
[rtabmap-14] [INFO] [1768033647.605612653] [rtabmap]: rtabmap (344): Rate=0.50s, Limit=0.001s, Conversion=0.0003s, RTAB-Map=0.0259s, Maps update=0.0003s pub=0.0011s delay=0.0535s (local map=0, WM=0)
[superpoint_node-2] [ERROR] [1768033647.611764461] [superpoint_node]: Errore pubblicazione keypoints 3D: could not assign tuple of length 3 to structure with 4 fields.
[superpoint_node-2] [INFO] [1768033647.700521183] [superpoint_node]: Keypoints estratti: 800
[superpoint_node-2] [ERROR] [1768033647.708193355] [superpoint_node]: Errore pubblicazione keypoints 3D: could not assign tuple of length 3 to structure with 4 fields.
[superpoint_node-2] [INFO] [1768033647.797142801] [superpoint_node]: Keypoints estratti: 800
[superpoint_node-2] [ERROR] [1768033647.804338117] [superpoint_node]: Errore pubblicazione keypoints 3D: could not assign tuple of length 3 to structure with 4 fields.
[superpoint_node-2] [INFO] [1768033647.914248211] [superpoint_node]: Keypoints estratti: 800
[superpoint_node-2] [ERROR] [1768033647.922208793] [superpoint_node]: Errore pubblicazione keypoints 3D: could not assign tuple of length 3 to structure with 4 fields.
[superpoint_node-2] [INFO] [1768033648.020793982] [superpoint_node]: Keypoints estratti: 800
[superpoint_node-2] [ERROR] [1768033648.027431645] [superpoint_node]: Errore pubblicazione keypoints 3D: could not assign tuple of length 3 to structure with 4 fields.
[superpoint_node-2] [INFO] [1768033648.114614355] [superpoint_node]: Keypoints estratti: 800
[superpoint_node-2] [ERROR] [1768033648.121606096] [superpoint_node]: Errore pubblicazione keypoints 3D: could not assign tuple of length 3 to structure with 4 fields.
[rtabmap-14] [33m[ WARN] (2026-01-10 09:27:23.378) MapsManager.cpp:863::publishMaps() Graph has changed! The whole cloud is regenerated.[0m
[rtabmap-14] [33m[ WARN] (2026-01-10 09:27:23.379) OccupancyGrid.cpp:169::getProbMap() Map info is empty, cannot generate probabilistic occupancy grid[0m
[rtabmap-14] [33m[ WARN] (2026-01-10 09:27:23.926) MapsManager.cpp:863::publishMaps() Graph has changed! The whole cloud is regenerated.[0m
[rtabmap-14] [33m[ WARN] (2026-01-10 09:27:23.928) OccupancyGrid.cpp:169::getProbMap() Map info is empty, cannot generate probabilistic occupancy grid[0m
[rtabmap-14] [33m[ WARN] (2026-01-10 09:27:24.452) MapsManager.cpp:863::publishMaps() Graph has changed! The whole cloud is regenerated.[0m
[rtabmap-14] [33m[ WARN] (2026-01-10 09:27:24.453) OccupancyGrid.cpp:169::getProbMap() Map info is empty, cannot generate probabilistic occupancy grid[0m
[rtabmap-14] [33m[ WARN] (2026-01-10 09:27:24.995) MapsManager.cpp:863::publishMaps() Graph has changed! The whole cloud is regenerated.[0m
[rtabmap-14] [33m[ WARN] (2026-01-10 09:27:24.998) OccupancyGrid.cpp:169::getProbMap() Map info is empty, cannot generate probabilistic occupancy grid[0m
[rtabmap-14] [33m[ WARN] (2026-01-10 09:27:25.556) MapsManager.cpp:863::publishMaps() Graph has changed! The whole cloud is regenerated.[0m
[rtabmap-14] [33m[ WARN] (2026-01-10 09:27:25.560) OccupancyGrid.cpp:169::getProbMap() Map info is empty, cannot generate probabilistic occupancy grid[0m
[rtabmap-14] [33m[ WARN] (2026-01-10 09:27:26.072) MapsManager.cpp:863::publishMaps() Graph has changed! The whole cloud is regenerated.[0m
[rtabmap-14] [33m[ WARN] (2026-01-10 09:27:26.073) OccupancyGrid.cpp:169::getProbMap() Map info is empty, cannot generate probabilistic occupancy grid[0m
[rtabmap-14] [33m[ WARN] (2026-01-10 09:27:26.627) MapsManager.cpp:863::publishMaps() Graph has changed! The whole cloud is regenerated.[0m
[rtabmap-14] [33m[ WARN] (2026-01-10 09:27:26.628) OccupancyGrid.cpp:169::getProbMap() Map info is empty, cannot generate probabilistic occupancy grid[0m
[rtabmap-14] [33m[ WARN] (2026-01-10 09:27:27.112) MapsManager.cpp:863::publishMaps() Graph has changed! The whole cloud is regenerated.[0m
[rtabmap-14] [33m[ WARN] (2026-01-10 09:27:27.119) OccupancyGrid.cpp:169::getProbMap() Map info is empty, cannot generate probabilistic occupancy grid[0m
[rtabmap-14] [33m[ WARN] (2026-01-10 09:27:27.604) MapsManager.cpp:863::publishMaps() Graph has changed! The whole cloud is regenerated.[0m
[rtabmap-14] [33m[ WARN] (2026-01-10 09:27:27.605) OccupancyGrid.cpp:169::getProbMap() Map info is empty, cannot generate probabilistic occupancy grid[0m
[rtabmap-14] [33m[ WARN] (2026-01-10 09:27:27.973) CoreWrapper.cpp:1227::odomTFUpdate() Odometry is reset (identity pose detected). Increment map id![0m
[rtabmap-14] [INFO] [1768033648.155168028] [rtabmap]: rtabmap (345): Rate=0.50s, Limit=0.001s, Conversion=0.0002s, RTAB-Map=0.0364s, Maps update=0.0003s pub=0.0011s delay=0.0858s (local map=0, WM=0)
[superpoint_node-2] [INFO] [1768033648.215453803] [superpoint_node]: Keypoints estratti: 800
[superpoint_node-2] [ERROR] [1768033648.222045170] [superpoint_node]: Errore pubblicazione keypoints 3D: could not assign tuple of length 3 to structure with 4 fields.
[superpoint_node-2] [INFO] [1768033648.319413997] [superpoint_node]: Keypoints estratti: 800
[superpoint_node-2] [ERROR] [1768033648.325886882] [superpoint_node]: Errore pubblicazione keypoints 3D: could not assign tuple of length 3 to structure with 4 fields.
[superpoint_node-2] [INFO] [1768033648.416865122] [superpoint_node]: Keypoints estratti: 800
[superpoint_node-2] [ERROR] [1768033648.424364329] [superpoint_node]: Errore pubblicazione keypoints 3D: could not assign tuple of length 3 to structure with 4 fields.
[superpoint_node-2] [INFO] [1768033648.522126993] [superpoint_node]: Keypoints estratti: 800
[superpoint_node-2] [ERROR] [1768033648.528523859] [superpoint_node]: Errore pubblicazione keypoints 3D: could not assign tuple of length 3 to structure with 4 fields.
[superpoint_node-2] [INFO] [1768033648.617518342] [superpoint_node]: Keypoints estratti: 800
[superpoint_node-2] [ERROR] [1768033648.624768048] [superpoint_node]: Errore pubblicazione keypoints 3D: could not assign tuple of length 3 to structure with 4 fields.
[rtabmap-14] [INFO] [1768033648.659603009] [rtabmap]: rtabmap (346): Rate=0.50s, Limit=0.001s, Conversion=0.0007s, RTAB-Map=0.0353s, Maps update=0.0014s pub=0.0042s delay=0.0889s (local map=0, WM=0)
[superpoint_node-2] [INFO] [1768033648.718413364] [superpoint_node]: Keypoints estratti: 800
[superpoint_node-2] [ERROR] [1768033648.724908379] [superpoint_node]: Errore pubblicazione keypoints 3D: could not assign tuple of length 3 to structure with 4 fields.
[superpoint_node-2] [INFO] [1768033648.816082342] [superpoint_node]: Keypoints estratti: 800
[superpoint_node-2] [ERROR] [1768033648.822569505] [superpoint_node]: Errore pubblicazione keypoints 3D: could not assign tuple of length 3 to structure with 4 fields.
[superpoint_node-2] [INFO] [1768033648.920679135] [superpoint_node]: Keypoints estratti: 800
[superpoint_node-2] [ERROR] [1768033648.927221742] [superpoint_node]: Errore pubblicazione keypoints 3D: could not assign tuple of length 3 to structure with 4 fields.
[superpoint_node-2] [INFO] [1768033649.017351975] [superpoint_node]: Keypoints estratti: 800
[superpoint_node-2] [ERROR] [1768033649.024008676] [superpoint_node]: Errore pubblicazione keypoints 3D: could not assign tuple of length 3 to structure with 4 fields.
[superpoint_node-2] [INFO] [1768033649.116828208] [superpoint_node]: Keypoints estratti: 800
[superpoint_node-2] [ERROR] [1768033649.123660096] [superpoint_node]: Errore pubblicazione keypoints 3D: could not assign tuple of length 3 to structure with 4 fields.
[superpoint_node-2] [INFO] [1768033649.214924245] [superpoint_node]: Keypoints estratti: 800
[superpoint_node-2] [ERROR] [1768033649.221969079] [superpoint_node]: Errore pubblicazione keypoints 3D: could not assign tuple of length 3 to structure with 4 fields.
[rtabmap-14] [INFO] [1768033649.263098183] [rtabmap]: rtabmap (347): Rate=0.50s, Limit=0.001s, Conversion=0.0005s, RTAB-Map=0.0403s, Maps update=0.0003s pub=0.0068s delay=0.0937s (local map=0, WM=0)
[superpoint_node-2] [INFO] [1768033649.319437796] [superpoint_node]: Keypoints estratti: 800
[superpoint_node-2] [ERROR] [1768033649.326153646] [superpoint_node]: Errore pubblicazione keypoints 3D: could not assign tuple of length 3 to structure with 4 fields.
[superpoint_node-2] [INFO] [1768033649.419011623] [superpoint_node]: Keypoints estratti: 800
[superpoint_node-2] [ERROR] [1768033649.425698990] [superpoint_node]: Errore pubblicazione keypoints 3D: could not assign tuple of length 3 to structure with 4 fields.
[superpoint_node-2] [INFO] [1768033649.516323598] [superpoint_node]: Keypoints estratti: 800
[superpoint_node-2] [ERROR] [1768033649.523513247] [superpoint_node]: Errore pubblicazione keypoints 3D: could not assign tuple of length 3 to structure with 4 fields.
[superpoint_node-2] [INFO] [1768033649.619224340] [superpoint_node]: Keypoints estratti: 800
[superpoint_node-2] [ERROR] [1768033649.625662076] [superpoint_node]: Errore pubblicazione keypoints 3D: could not assign tuple of length 3 to structure with 4 fields.
[superpoint_node-2] [INFO] [1768033649.716972689] [superpoint_node]: Keypoints estratti: 800
[superpoint_node-2] [ERROR] [1768033649.724120079] [superpoint_node]: Errore pubblicazione keypoints 3D: could not assign tuple of length 3 to structure with 4 fields.
[rtabmap-14] [INFO] [1768033649.765035384] [rtabmap]: rtabmap (348): Rate=0.50s, Limit=0.001s, Conversion=0.0005s, RTAB-Map=0.0443s, Maps update=0.0012s pub=0.0012s delay=0.0956s (local map=0, WM=0)
[superpoint_node-2] [INFO] [1768033649.820316397] [superpoint_node]: Keypoints estratti: 800
[superpoint_node-2] [ERROR] [1768033649.826900745] [superpoint_node]: Errore pubblicazione keypoints 3D: could not assign tuple of length 3 to structure with 4 fields.
[superpoint_node-2] [INFO] [1768033649.917891782] [superpoint_node]: Keypoints estratti: 800
[superpoint_node-2] [ERROR] [1768033649.924741169] [superpoint_node]: Errore pubblicazione keypoints 3D: could not assign tuple of length 3 to structure with 4 fields.
[superpoint_node-2] [INFO] [1768033650.014913699] [superpoint_node]: Keypoints estratti: 800
[superpoint_node-2] [ERROR] [1768033650.021672919] [superpoint_node]: Errore pubblicazione keypoints 3D: could not assign tuple of length 3 to structure with 4 fields.
[superpoint_node-2] [INFO] [1768033650.117697329] [superpoint_node]: Keypoints estratti: 800
[superpoint_node-2] [ERROR] [1768033650.124929349] [superpoint_node]: Errore pubblicazione keypoints 3D: could not assign tuple of length 3 to structure with 4 fields.
[superpoint_node-2] [INFO] [1768033650.221046426] [superpoint_node]: Keypoints estratti: 800
[superpoint_node-2] [ERROR] [1768033650.229168879] [superpoint_node]: Errore pubblicazione keypoints 3D: could not assign tuple of length 3 to structure with 4 fields.
[rtabmap-14] [INFO] [1768033650.249835710] [rtabmap]: rtabmap (349): Rate=0.50s, Limit=0.001s, Conversion=0.0007s, RTAB-Map=0.0334s, Maps update=0.0003s pub=0.0041s delay=0.0804s (local map=0, WM=0)
[foxglove_bridge-12] [INFO] [1768033650.319811413] [foxglove_bridge]: received unsubscribe request for channel 15
[foxglove_bridge-12] [INFO] [1768033650.319928932] [foxglove_bridge]: Cleaned up subscription to topic /out/compressedDepth for client 1 on channel 15
[superpoint_node-2] [INFO] [1768033650.321920651] [superpoint_node]: Keypoints estratti: 800
[superpoint_node-2] [ERROR] [1768033650.328643279] [superpoint_node]: Errore pubblicazione keypoints 3D: could not assign tuple of length 3 to structure with 4 fields.
[foxglove_bridge-12] [INFO] [1768033650.373489208] [foxglove_bridge]: publishing connection graph
[superpoint_node-2] [INFO] [1768033650.422373337] [superpoint_node]: Keypoints estratti: 800
[superpoint_node-2] [ERROR] [1768033650.429841748] [superpoint_node]: Errore pubblicazione keypoints 3D: could not assign tuple of length 3 to structure with 4 fields.
[superpoint_node-2] [INFO] [1768033650.523141673] [superpoint_node]: Keypoints estratti: 800
[superpoint_node-2] [ERROR] [1768033650.529677373] [superpoint_node]: Errore pubblicazione keypoints 3D: could not assign tuple of length 3 to structure with 4 fields.
[superpoint_node-2] [INFO] [1768033650.652725533] [superpoint_node]: Keypoints estratti: 800
[superpoint_node-2] [ERROR] [1768033650.659440531] [superpoint_node]: Errore pubblicazione keypoints 3D: could not assign tuple of length 3 to structure with 4 fields.
[superpoint_node-2] [INFO] [1768033650.752066117] [superpoint_node]: Keypoints estratti: 800
[rtabmap-14] [INFO] [1768033650.752692789] [rtabmap]: rtabmap (350): Rate=0.50s, Limit=0.001s, Conversion=0.0002s, RTAB-Map=0.0309s, Maps update=0.0002s pub=0.0012s delay=0.0539s (local map=0, WM=0)
[superpoint_node-2] [ERROR] [1768033650.759363546] [superpoint_node]: Errore pubblicazione keypoints 3D: could not assign tuple of length 3 to structure with 4 fields.
[superpoint_node-2] [INFO] [1768033650.845689545] [superpoint_node]: Keypoints estratti: 800
[superpoint_node-2] [ERROR] [1768033650.852716008] [superpoint_node]: Errore pubblicazione keypoints 3D: could not assign tuple of length 3 to structure with 4 fields.
[foxglove_bridge-12] [INFO] [1768033650.912810299] [foxglove_bridge]: publishing connection graph
[superpoint_node-2] [INFO] [1768033650.943540524] [superpoint_node]: Keypoints estratti: 800
[superpoint_node-2] [ERROR] [1768033650.951450235] [superpoint_node]: Errore pubblicazione keypoints 3D: could not assign tuple of length 3 to structure with 4 fields.
[superpoint_node-2] [INFO] [1768033651.044032728] [superpoint_node]: Keypoints estratti: 800
[superpoint_node-2] [ERROR] [1768033651.051799401] [superpoint_node]: Errore pubblicazione keypoints 3D: could not assign tuple of length 3 to structure with 4 fields.
[superpoint_node-2] [INFO] [1768033651.140135416] [superpoint_node]: Keypoints estratti: 800
[superpoint_node-2] [ERROR] [1768033651.146865247] [superpoint_node]: Errore pubblicazione keypoints 3D: could not assign tuple of length 3 to structure with 4 fields.
[superpoint_node-2] [INFO] [1768033651.235876120] [superpoint_node]: Keypoints estratti: 800
[superpoint_node-2] [ERROR] [1768033651.243263956] [superpoint_node]: Errore pubblicazione keypoints 3D: could not assign tuple of length 3 to structure with 4 fields.
[superpoint_node-2] [INFO] [1768033651.333566135] [superpoint_node]: Keypoints estratti: 800
[superpoint_node-2] [ERROR] [1768033651.341835164] [superpoint_node]: Errore pubblicazione keypoints 3D: could not assign tuple of length 3 to structure with 4 fields.
[rtabmap-14] [INFO] [1768033651.357044321] [rtabmap]: rtabmap (351): Rate=0.50s, Limit=0.001s, Conversion=0.0005s, RTAB-Map=0.0430s, Maps update=0.0009s pub=0.0035s delay=0.0728s (local map=0, WM=0)
[superpoint_node-2] [INFO] [1768033651.433440760] [superpoint_node]: Keypoints estratti: 800
[superpoint_node-2] [ERROR] [1768033651.440307759] [superpoint_node]: Errore pubblicazione keypoints 3D: could not assign tuple of length 3 to structure with 4 fields.
[superpoint_node-2] [INFO] [1768033651.530114434] [superpoint_node]: Keypoints estratti: 800
[superpoint_node-2] [ERROR] [1768033651.537327436] [superpoint_node]: Errore pubblicazione keypoints 3D: could not assign tuple of length 3 to structure with 4 fields.
[superpoint_node-2] [INFO] [1768033651.627390428] [superpoint_node]: Keypoints estratti: 800
[superpoint_node-2] [ERROR] [1768033651.633855738] [superpoint_node]: Errore pubblicazione keypoints 3D: could not assign tuple of length 3 to structure with 4 fields.
[superpoint_node-2] [INFO] [1768033651.722301680] [superpoint_node]: Keypoints estratti: 800
[superpoint_node-2] [ERROR] [1768033651.728864603] [superpoint_node]: Errore pubblicazione keypoints 3D: could not assign tuple of length 3 to structure with 4 fields.
[superpoint_node-2] [INFO] [1768033651.816619243] [superpoint_node]: Keypoints estratti: 800
[superpoint_node-2] [ERROR] [1768033651.823720984] [superpoint_node]: Errore pubblicazione keypoints 3D: could not assign tuple of length 3 to structure with 4 fields.
[superpoint_node-2] [INFO] [1768033651.916476905] [superpoint_node]: Keypoints estratti: 800
[superpoint_node-2] [ERROR] [1768033651.923869223] [superpoint_node]: Errore pubblicazione keypoints 3D: could not assign tuple of length 3 to structure with 4 fields.
[rtabmap-14] [INFO] [1768033651.954445465] [rtabmap]: rtabmap (352): Rate=0.50s, Limit=0.001s, Conversion=0.0010s, RTAB-Map=0.0406s, Maps update=0.0003s pub=0.0012s delay=0.0849s (local map=0, WM=0)
[superpoint_node-2] [INFO] [1768033652.019982374] [superpoint_node]: Keypoints estratti: 800
[superpoint_node-2] [ERROR] [1768033652.026492425] [superpoint_node]: Errore pubblicazione keypoints 3D: could not assign tuple of length 3 to structure with 4 fields.
[superpoint_node-2] [INFO] [1768033652.114500253] [superpoint_node]: Keypoints estratti: 800
[superpoint_node-2] [ERROR] [1768033652.121756144] [superpoint_node]: Errore pubblicazione keypoints 3D: could not assign tuple of length 3 to structure with 4 fields.
[superpoint_node-2] [INFO] [1768033652.214652639] [superpoint_node]: Keypoints estratti: 800
[superpoint_node-2] [ERROR] [1768033652.222037846] [superpoint_node]: Errore pubblicazione keypoints 3D: could not assign tuple of length 3 to structure with 4 fields.
[superpoint_node-2] [INFO] [1768033652.318395221] [superpoint_node]: Keypoints estratti: 800
[superpoint_node-2] [ERROR] [1768033652.324835865] [superpoint_node]: Errore pubblicazione keypoints 3D: could not assign tuple of length 3 to structure with 4 fields.
[superpoint_node-2] [INFO] [1768033652.420456790] [superpoint_node]: Keypoints estratti: 800
[superpoint_node-2] [ERROR] [1768033652.428376426] [superpoint_node]: Errore pubblicazione keypoints 3D: could not assign tuple of length 3 to structure with 4 fields.
[rtabmap-14] [INFO] [1768033652.442448594] [rtabmap]: rtabmap (353): Rate=0.50s, Limit=0.001s, Conversion=0.0002s, RTAB-Map=0.0236s, Maps update=0.0003s pub=0.0014s delay=0.0728s (local map=0, WM=0)
[superpoint_node-2] [INFO] [1768033652.521876334] [superpoint_node]: Keypoints estratti: 800
[superpoint_node-2] [ERROR] [1768033652.528302737] [superpoint_node]: Errore pubblicazione keypoints 3D: could not assign tuple of length 3 to structure with 4 fields.
[superpoint_node-2] [INFO] [1768033652.616380065] [superpoint_node]: Keypoints estratti: 800
[superpoint_node-2] [ERROR] [1768033652.622803949] [superpoint_node]: Errore pubblicazione keypoints 3D: could not assign tuple of length 3 to structure with 4 fields.
[superpoint_node-2] [INFO] [1768033652.716193264] [superpoint_node]: Keypoints estratti: 800
[superpoint_node-2] [ERROR] [1768033652.722777983] [superpoint_node]: Errore pubblicazione keypoints 3D: could not assign tuple of length 3 to structure with 4 fields.
[superpoint_node-2] [INFO] [1768033652.816242020] [superpoint_node]: Keypoints estratti: 800
[superpoint_node-2] [ERROR] [1768033652.823442225] [superpoint_node]: Errore pubblicazione keypoints 3D: could not assign tuple of length 3 to structure with 4 fields.
[superpoint_node-2] [INFO] [1768033652.916786132] [superpoint_node]: Keypoints estratti: 800
[superpoint_node-2] [ERROR] [1768033652.923256294] [superpoint_node]: Errore pubblicazione keypoints 3D: could not assign tuple of length 3 to structure with 4 fields.
[superpoint_node-2] [INFO] [1768033653.016427163] [superpoint_node]: Keypoints estratti: 800
[superpoint_node-2] [ERROR] [1768033653.024542561] [superpoint_node]: Errore pubblicazione keypoints 3D: could not assign tuple of length 3 to structure with 4 fields.
[rtabmap-14] [INFO] [1768033653.060352678] [rtabmap]: rtabmap (354): Rate=0.50s, Limit=0.001s, Conversion=0.0010s, RTAB-Map=0.0422s, Maps update=0.0008s pub=0.0046s delay=0.0908s (local map=0, WM=0)
[superpoint_node-2] [INFO] [1768033653.114274513] [superpoint_node]: Keypoints estratti: 800
[superpoint_node-2] [ERROR] [1768033653.121171790] [superpoint_node]: Errore pubblicazione keypoints 3D: could not assign tuple of length 3 to structure with 4 fields.
[rtabmap-14] [33m[ WARN] (2026-01-10 09:27:28.154) MapsManager.cpp:863::publishMaps() Graph has changed! The whole cloud is regenerated.[0m
[rtabmap-14] [33m[ WARN] (2026-01-10 09:27:28.154) OccupancyGrid.cpp:169::getProbMap() Map info is empty, cannot generate probabilistic occupancy grid[0m
[rtabmap-14] [33m[ WARN] (2026-01-10 09:27:28.655) MapsManager.cpp:863::publishMaps() Graph has changed! The whole cloud is regenerated.[0m
[rtabmap-14] [33m[ WARN] (2026-01-10 09:27:28.658) OccupancyGrid.cpp:169::getProbMap() Map info is empty, cannot generate probabilistic occupancy grid[0m
[rtabmap-14] [33m[ WARN] (2026-01-10 09:27:29.256) MapsManager.cpp:863::publishMaps() Graph has changed! The whole cloud is regenerated.[0m
[rtabmap-14] [33m[ WARN] (2026-01-10 09:27:29.261) OccupancyGrid.cpp:169::getProbMap() Map info is empty, cannot generate probabilistic occupancy grid[0m
[rtabmap-14] [33m[ WARN] (2026-01-10 09:27:29.763) MapsManager.cpp:863::publishMaps() Graph has changed! The whole cloud is regenerated.[0m
[rtabmap-14] [33m[ WARN] (2026-01-10 09:27:29.764) OccupancyGrid.cpp:169::getProbMap() Map info is empty, cannot generate probabilistic occupancy grid[0m
[rtabmap-14] [33m[ WARN] (2026-01-10 09:27:30.245) MapsManager.cpp:863::publishMaps() Graph has changed! The whole cloud is regenerated.[0m
[rtabmap-14] [33m[ WARN] (2026-01-10 09:27:30.248) OccupancyGrid.cpp:169::getProbMap() Map info is empty, cannot generate probabilistic occupancy grid[0m
[rtabmap-14] [33m[ WARN] (2026-01-10 09:27:30.751) MapsManager.cpp:863::publishMaps() Graph has changed! The whole cloud is regenerated.[0m
[rtabmap-14] [33m[ WARN] (2026-01-10 09:27:30.751) OccupancyGrid.cpp:169::getProbMap() Map info is empty, cannot generate probabilistic occupancy grid[0m
[rtabmap-14] [33m[ WARN] (2026-01-10 09:27:31.353) MapsManager.cpp:863::publishMaps() Graph has changed! The whole cloud is regenerated.[0m
[rtabmap-14] [33m[ WARN] (2026-01-10 09:27:31.354) OccupancyGrid.cpp:169::getProbMap() Map info is empty, cannot generate probabilistic occupancy grid[0m
[rtabmap-14] [33m[ WARN] (2026-01-10 09:27:31.953) MapsManager.cpp:863::publishMaps() Graph has changed! The whole cloud is regenerated.[0m
[rtabmap-14] [33m[ WARN] (2026-01-10 09:27:31.953) OccupancyGrid.cpp:169::getProbMap() Map info is empty, cannot generate probabilistic occupancy grid[0m
[rtabmap-14] [33m[ WARN] (2026-01-10 09:27:32.440) MapsManager.cpp:863::publishMaps() Graph has changed! The whole cloud is regenerated.[0m
[rtabmap-14] [33m[ WARN] (2026-01-10 09:27:32.441) OccupancyGrid.cpp:169::getProbMap() Map info is empty, cannot generate probabilistic occupancy grid[0m
[rtabmap-14] [33m[ WARN] (2026-01-10 09:27:33.055) MapsManager.cpp:863::publishMaps() Graph has changed! The whole cloud is regenerated.[0m
[rtabmap-14] [33m[ WARN] (2026-01-10 09:27:33.058) OccupancyGrid.cpp:169::getProbMap() Map info is empty, cannot generate probabilistic occupancy grid[0m
[superpoint_node-2] [INFO] [1768033653.215761040] [superpoint_node]: Keypoints estratti: 800
[superpoint_node-2] [ERROR] [1768033653.222311129] [superpoint_node]: Errore pubblicazione keypoints 3D: could not assign tuple of length 3 to structure with 4 fields.
[superpoint_node-2] [INFO] [1768033653.316922453] [superpoint_node]: Keypoints estratti: 800
[superpoint_node-2] [ERROR] [1768033653.323550487] [superpoint_node]: Errore pubblicazione keypoints 3D: could not assign tuple of length 3 to structure with 4 fields.
[foxglove_bridge-12] [INFO] [1768033653.388777411] [foxglove_bridge]: received subscribe request for channel 24 from client 1 (sink 1)
[foxglove_bridge-12] [INFO] [1768033653.396732271] [foxglove_bridge]: created ROS subscription on /superpoint/debug_image (sensor_msgs/msg/Image) successfully for channel 24 (client 1, sink 1)
[foxglove_bridge-12] [INFO] [1768033653.419288024] [foxglove_bridge]: publishing connection graph
[superpoint_node-2] [INFO] [1768033653.420370940] [superpoint_node]: Keypoints estratti: 800
[superpoint_node-2] [ERROR] [1768033653.426911806] [superpoint_node]: Errore pubblicazione keypoints 3D: could not assign tuple of length 3 to structure with 4 fields.
[superpoint_node-2] [INFO] [1768033653.521330425] [superpoint_node]: Keypoints estratti: 800
[superpoint_node-2] [ERROR] [1768033653.527704235] [superpoint_node]: Errore pubblicazione keypoints 3D: could not assign tuple of length 3 to structure with 4 fields.
[superpoint_node-2] [INFO] [1768033653.614378293] [superpoint_node]: Keypoints estratti: 800
[superpoint_node-2] [ERROR] [1768033653.621237625] [superpoint_node]: Errore pubblicazione keypoints 3D: could not assign tuple of length 3 to structure with 4 fields.
[rtabmap-14] [INFO] [1768033653.660344194] [rtabmap]: rtabmap (355): Rate=0.50s, Limit=0.001s, Conversion=0.0002s, RTAB-Map=0.0376s, Maps update=0.0010s pub=0.0024s delay=0.0909s (local map=0, WM=0)
[superpoint_node-2] [INFO] [1768033653.717622889] [superpoint_node]: Keypoints estratti: 800
[superpoint_node-2] [ERROR] [1768033653.724346239] [superpoint_node]: Errore pubblicazione keypoints 3D: could not assign tuple of length 3 to structure with 4 fields.
[superpoint_node-2] [INFO] [1768033653.818652875] [superpoint_node]: Keypoints estratti: 800
[superpoint_node-2] [ERROR] [1768033653.825149260] [superpoint_node]: Errore pubblicazione keypoints 3D: could not assign tuple of length 3 to structure with 4 fields.
[superpoint_node-2] [INFO] [1768033653.918132071] [superpoint_node]: Keypoints estratti: 800
[superpoint_node-2] [ERROR] [1768033653.924821347] [superpoint_node]: Errore pubblicazione keypoints 3D: could not assign tuple of length 3 to structure with 4 fields.
[foxglove_bridge-12] [INFO] [1768033653.938095563] [foxglove_bridge]: publishing connection graph
[superpoint_node-2] [INFO] [1768033654.016907503] [superpoint_node]: Keypoints estratti: 800
[superpoint_node-2] [ERROR] [1768033654.023535963] [superpoint_node]: Errore pubblicazione keypoints 3D: could not assign tuple of length 3 to structure with 4 fields.
[superpoint_node-2] [INFO] [1768033654.121161607] [superpoint_node]: Keypoints estratti: 800
[superpoint_node-2] [ERROR] [1768033654.127747307] [superpoint_node]: Errore pubblicazione keypoints 3D: could not assign tuple of length 3 to structure with 4 fields.
[rtabmap-14] [INFO] [1768033654.133671984] [rtabmap]: rtabmap (356): Rate=0.50s, Limit=0.001s, Conversion=0.0004s, RTAB-Map=0.0230s, Maps update=0.0003s pub=0.0023s delay=0.0641s (local map=0, WM=0)
[superpoint_node-2] [INFO] [1768033654.220444190] [superpoint_node]: Keypoints estratti: 800
[superpoint_node-2] [ERROR] [1768033654.227536839] [superpoint_node]: Errore pubblicazione keypoints 3D: could not assign tuple of length 3 to structure with 4 fields.
[superpoint_node-2] [INFO] [1768033654.318632710] [superpoint_node]: Keypoints estratti: 800
[superpoint_node-2] [ERROR] [1768033654.326034268] [superpoint_node]: Errore pubblicazione keypoints 3D: could not assign tuple of length 3 to structure with 4 fields.
[superpoint_node-2] [INFO] [1768033654.421369506] [superpoint_node]: Keypoints estratti: 800
[superpoint_node-2] [ERROR] [1768033654.428515044] [superpoint_node]: Errore pubblicazione keypoints 3D: could not assign tuple of length 3 to structure with 4 fields.
[superpoint_node-2] [INFO] [1768033654.557887792] [superpoint_node]: Keypoints estratti: 800
[superpoint_node-2] [ERROR] [1768033654.565466056] [superpoint_node]: Errore pubblicazione keypoints 3D: could not assign tuple of length 3 to structure with 4 fields.
[superpoint_node-2] [INFO] [1768033654.659394060] [superpoint_node]: Keypoints estratti: 800
[rtabmap-14] [INFO] [1768033654.667640810] [rtabmap]: rtabmap (357): Rate=0.50s, Limit=0.001s, Conversion=0.0003s, RTAB-Map=0.0224s, Maps update=0.0003s pub=0.0012s delay=0.0597s (local map=0, WM=0)
[superpoint_node-2] [ERROR] [1768033654.668825468] [superpoint_node]: Errore pubblicazione keypoints 3D: could not assign tuple of length 3 to structure with 4 fields.
[superpoint_node-2] [INFO] [1768033654.757639561] [superpoint_node]: Keypoints estratti: 800
[superpoint_node-2] [ERROR] [1768033654.764471041] [superpoint_node]: Errore pubblicazione keypoints 3D: could not assign tuple of length 3 to structure with 4 fields.
[superpoint_node-2] [INFO] [1768033654.857443074] [superpoint_node]: Keypoints estratti: 800
[superpoint_node-2] [ERROR] [1768033654.864290036] [superpoint_node]: Errore pubblicazione keypoints 3D: could not assign tuple of length 3 to structure with 4 fields.
[superpoint_node-2] [INFO] [1768033654.953981858] [superpoint_node]: Keypoints estratti: 800
[superpoint_node-2] [ERROR] [1768033654.960864357] [superpoint_node]: Errore pubblicazione keypoints 3D: could not assign tuple of length 3 to structure with 4 fields.
[superpoint_node-2] [INFO] [1768033655.054137171] [superpoint_node]: Keypoints estratti: 800
[superpoint_node-2] [ERROR] [1768033655.060865484] [superpoint_node]: Errore pubblicazione keypoints 3D: could not assign tuple of length 3 to structure with 4 fields.
[superpoint_node-2] [INFO] [1768033655.152009799] [superpoint_node]: Keypoints estratti: 800
[superpoint_node-2] [ERROR] [1768033655.158861205] [superpoint_node]: Errore pubblicazione keypoints 3D: could not assign tuple of length 3 to structure with 4 fields.
[rtabmap-14] [INFO] [1768033655.239033341] [rtabmap]: rtabmap (358): Rate=0.50s, Limit=0.001s, Conversion=0.0002s, RTAB-Map=0.0227s, Maps update=0.0003s pub=0.0027s delay=0.0394s (local map=0, WM=0)
[superpoint_node-2] [INFO] [1768033655.254581557] [superpoint_node]: Keypoints estratti: 800
[superpoint_node-2] [ERROR] [1768033655.261375221] [superpoint_node]: Errore pubblicazione keypoints 3D: could not assign tuple of length 3 to structure with 4 fields.
[superpoint_node-2] [INFO] [1768033655.351633882] [superpoint_node]: Keypoints estratti: 800
[superpoint_node-2] [ERROR] [1768033655.358585863] [superpoint_node]: Errore pubblicazione keypoints 3D: could not assign tuple of length 3 to structure with 4 fields.
[superpoint_node-2] [INFO] [1768033655.451768101] [superpoint_node]: Keypoints estratti: 800
[superpoint_node-2] [ERROR] [1768033655.458642823] [superpoint_node]: Errore pubblicazione keypoints 3D: could not assign tuple of length 3 to structure with 4 fields.
[superpoint_node-2] [INFO] [1768033655.549536988] [superpoint_node]: Keypoints estratti: 800
[superpoint_node-2] [ERROR] [1768033655.558283353] [superpoint_node]: Errore pubblicazione keypoints 3D: could not assign tuple of length 3 to structure with 4 fields.
[superpoint_node-2] [INFO] [1768033655.651969318] [superpoint_node]: Keypoints estratti: 800
[superpoint_node-2] [ERROR] [1768033655.658704501] [superpoint_node]: Errore pubblicazione keypoints 3D: could not assign tuple of length 3 to structure with 4 fields.
[superpoint_node-2] [INFO] [1768033655.748309156] [superpoint_node]: Keypoints estratti: 800
[superpoint_node-2] [ERROR] [1768033655.755097321] [superpoint_node]: Errore pubblicazione keypoints 3D: could not assign tuple of length 3 to structure with 4 fields.
[rtabmap-14] [INFO] [1768033655.848780712] [rtabmap]: rtabmap (359): Rate=0.50s, Limit=0.001s, Conversion=0.0002s, RTAB-Map=0.0324s, Maps update=0.0007s pub=0.0036s delay=0.0529s (local map=0, WM=0)
[superpoint_node-2] [INFO] [1768033655.851115694] [superpoint_node]: Keypoints estratti: 800
[superpoint_node-2] [ERROR] [1768033655.857916211] [superpoint_node]: Errore pubblicazione keypoints 3D: could not assign tuple of length 3 to structure with 4 fields.
[superpoint_node-2] [INFO] [1768033655.948297186] [superpoint_node]: Keypoints estratti: 800
[superpoint_node-2] [ERROR] [1768033655.955206704] [superpoint_node]: Errore pubblicazione keypoints 3D: could not assign tuple of length 3 to structure with 4 fields.
[superpoint_node-2] [INFO] [1768033656.044811118] [superpoint_node]: Keypoints estratti: 800
[superpoint_node-2] [ERROR] [1768033656.051829618] [superpoint_node]: Errore pubblicazione keypoints 3D: could not assign tuple of length 3 to structure with 4 fields.
[superpoint_node-2] [INFO] [1768033656.144570317] [superpoint_node]: Keypoints estratti: 800
[superpoint_node-2] [ERROR] [1768033656.151590391] [superpoint_node]: Errore pubblicazione keypoints 3D: could not assign tuple of length 3 to structure with 4 fields.
[superpoint_node-2] [INFO] [1768033656.242419778] [superpoint_node]: Keypoints estratti: 800
[superpoint_node-2] [ERROR] [1768033656.249685132] [superpoint_node]: Errore pubblicazione keypoints 3D: could not assign tuple of length 3 to structure with 4 fields.
[superpoint_node-2] [INFO] [1768033656.341965567] [superpoint_node]: Keypoints estratti: 800
[superpoint_node-2] [ERROR] [1768033656.349478515] [superpoint_node]: Errore pubblicazione keypoints 3D: could not assign tuple of length 3 to structure with 4 fields.
[rtabmap-14] [INFO] [1768033656.434283114] [rtabmap]: rtabmap (360): Rate=0.50s, Limit=0.001s, Conversion=0.0002s, RTAB-Map=0.0243s, Maps update=0.0006s pub=0.0014s delay=0.0441s (local map=0, WM=0)
[superpoint_node-2] [INFO] [1768033656.444279508] [superpoint_node]: Keypoints estratti: 800
[superpoint_node-2] [ERROR] [1768033656.451538325] [superpoint_node]: Errore pubblicazione keypoints 3D: could not assign tuple of length 3 to structure with 4 fields.
[superpoint_node-2] [INFO] [1768033656.546043333] [superpoint_node]: Keypoints estratti: 800
[superpoint_node-2] [ERROR] [1768033656.553027740] [superpoint_node]: Errore pubblicazione keypoints 3D: could not assign tuple of length 3 to structure with 4 fields.
[superpoint_node-2] [INFO] [1768033656.644260705] [superpoint_node]: Keypoints estratti: 800
[superpoint_node-2] [ERROR] [1768033656.651885932] [superpoint_node]: Errore pubblicazione keypoints 3D: could not assign tuple of length 3 to structure with 4 fields.
[superpoint_node-2] [INFO] [1768033656.743787142] [superpoint_node]: Keypoints estratti: 800
[superpoint_node-2] [ERROR] [1768033656.751142034] [superpoint_node]: Errore pubblicazione keypoints 3D: could not assign tuple of length 3 to structure with 4 fields.
[superpoint_node-2] [INFO] [1768033656.845215891] [superpoint_node]: Keypoints estratti: 800
[superpoint_node-2] [ERROR] [1768033656.852534319] [superpoint_node]: Errore pubblicazione keypoints 3D: could not assign tuple of length 3 to structure with 4 fields.
[superpoint_node-2] [INFO] [1768033656.942082973] [superpoint_node]: Keypoints estratti: 800
[superpoint_node-2] [ERROR] [1768033656.949480384] [superpoint_node]: Errore pubblicazione keypoints 3D: could not assign tuple of length 3 to structure with 4 fields.
[rtabmap-14] [INFO] [1768033657.003405663] [rtabmap]: rtabmap (361): Rate=0.50s, Limit=0.001s, Conversion=0.0003s, RTAB-Map=0.0448s, Maps update=0.0004s pub=0.0081s delay=0.1088s (local map=0, WM=0)
[superpoint_node-2] [INFO] [1768033657.045264051] [superpoint_node]: Keypoints estratti: 800
[superpoint_node-2] [ERROR] [1768033657.052605461] [superpoint_node]: Errore pubblicazione keypoints 3D: could not assign tuple of length 3 to structure with 4 fields.
[superpoint_node-2] [INFO] [1768033657.143078326] [superpoint_node]: Keypoints estratti: 800
[superpoint_node-2] [ERROR] [1768033657.150254272] [superpoint_node]: Errore pubblicazione keypoints 3D: could not assign tuple of length 3 to structure with 4 fields.
[superpoint_node-2] [INFO] [1768033657.243996404] [superpoint_node]: Keypoints estratti: 800
[superpoint_node-2] [ERROR] [1768033657.250934330] [superpoint_node]: Errore pubblicazione keypoints 3D: could not assign tuple of length 3 to structure with 4 fields.
[superpoint_node-2] [INFO] [1768033657.339140048] [superpoint_node]: Keypoints estratti: 800
[superpoint_node-2] [ERROR] [1768033657.346300604] [superpoint_node]: Errore pubblicazione keypoints 3D: could not assign tuple of length 3 to structure with 4 fields.
[superpoint_node-2] [INFO] [1768033657.440714353] [superpoint_node]: Keypoints estratti: 800
[superpoint_node-2] [ERROR] [1768033657.449310588] [superpoint_node]: Errore pubblicazione keypoints 3D: could not assign tuple of length 3 to structure with 4 fields.
[superpoint_node-2] [INFO] [1768033657.546446673] [superpoint_node]: Keypoints estratti: 800
[superpoint_node-2] [ERROR] [1768033657.553706360] [superpoint_node]: Errore pubblicazione keypoints 3D: could not assign tuple of length 3 to structure with 4 fields.
[rtabmap-14] [INFO] [1768033657.594048383] [rtabmap]: rtabmap (362): Rate=0.50s, Limit=0.001s, Conversion=0.0002s, RTAB-Map=0.0403s, Maps update=0.0024s pub=0.0012s delay=0.1024s (local map=0, WM=0)
[superpoint_node-2] [INFO] [1768033657.655170646] [superpoint_node]: Keypoints estratti: 800
[superpoint_node-2] [ERROR] [1768033657.662097867] [superpoint_node]: Errore pubblicazione keypoints 3D: could not assign tuple of length 3 to structure with 4 fields.
[superpoint_node-2] [INFO] [1768033657.753241923] [superpoint_node]: Keypoints estratti: 800
[superpoint_node-2] [ERROR] [1768033657.760365054] [superpoint_node]: Errore pubblicazione keypoints 3D: could not assign tuple of length 3 to structure with 4 fields.
[superpoint_node-2] [INFO] [1768033657.853436255] [superpoint_node]: Keypoints estratti: 800
[superpoint_node-2] [ERROR] [1768033657.860372403] [superpoint_node]: Errore pubblicazione keypoints 3D: could not assign tuple of length 3 to structure with 4 fields.
[superpoint_node-2] [INFO] [1768033657.953504289] [superpoint_node]: Keypoints estratti: 800
[superpoint_node-2] [ERROR] [1768033657.960444363] [superpoint_node]: Errore pubblicazione keypoints 3D: could not assign tuple of length 3 to structure with 4 fields.
[rtabmap-14] [INFO] [1768033658.041011020] [rtabmap]: rtabmap (363): Rate=0.50s, Limit=0.001s, Conversion=0.0003s, RTAB-Map=0.0232s, Maps update=0.0004s pub=0.0013s delay=0.0396s (local map=0, WM=0)
[superpoint_node-2] [INFO] [1768033658.059625686] [superpoint_node]: Keypoints estratti: 800
[superpoint_node-2] [ERROR] [1768033658.066805576] [superpoint_node]: Errore pubblicazione keypoints 3D: could not assign tuple of length 3 to structure with 4 fields.
[rtabmap-14] [33m[ WARN] (2026-01-10 09:27:33.657) MapsManager.cpp:863::publishMaps() Graph has changed! The whole cloud is regenerated.[0m
[rtabmap-14] [33m[ WARN] (2026-01-10 09:27:33.658) OccupancyGrid.cpp:169::getProbMap() Map info is empty, cannot generate probabilistic occupancy grid[0m
[rtabmap-14] [33m[ WARN] (2026-01-10 09:27:34.131) MapsManager.cpp:863::publishMaps() Graph has changed! The whole cloud is regenerated.[0m
[rtabmap-14] [33m[ WARN] (2026-01-10 09:27:34.132) OccupancyGrid.cpp:169::getProbMap() Map info is empty, cannot generate probabilistic occupancy grid[0m
[rtabmap-14] [33m[ WARN] (2026-01-10 09:27:34.666) MapsManager.cpp:863::publishMaps() Graph has changed! The whole cloud is regenerated.[0m
[rtabmap-14] [33m[ WARN] (2026-01-10 09:27:34.667) OccupancyGrid.cpp:169::getProbMap() Map info is empty, cannot generate probabilistic occupancy grid[0m
[rtabmap-14] [33m[ WARN] (2026-01-10 09:27:35.236) MapsManager.cpp:863::publishMaps() Graph has changed! The whole cloud is regenerated.[0m
[rtabmap-14] [33m[ WARN] (2026-01-10 09:27:35.236) OccupancyGrid.cpp:169::getProbMap() Map info is empty, cannot generate probabilistic occupancy grid[0m
[rtabmap-14] [33m[ WARN] (2026-01-10 09:27:35.845) MapsManager.cpp:863::publishMaps() Graph has changed! The whole cloud is regenerated.[0m
[rtabmap-14] [33m[ WARN] (2026-01-10 09:27:35.846) OccupancyGrid.cpp:169::getProbMap() Map info is empty, cannot generate probabilistic occupancy grid[0m
[rtabmap-14] [33m[ WARN] (2026-01-10 09:27:36.432) MapsManager.cpp:863::publishMaps() Graph has changed! The whole cloud is regenerated.[0m
[rtabmap-14] [33m[ WARN] (2026-01-10 09:27:36.433) OccupancyGrid.cpp:169::getProbMap() Map info is empty, cannot generate probabilistic occupancy grid[0m
[rtabmap-14] [33m[ WARN] (2026-01-10 09:27:36.995) MapsManager.cpp:863::publishMaps() Graph has changed! The whole cloud is regenerated.[0m
[rtabmap-14] [33m[ WARN] (2026-01-10 09:27:36.995) OccupancyGrid.cpp:169::getProbMap() Map info is empty, cannot generate probabilistic occupancy grid[0m
[rtabmap-14] [33m[ WARN] (2026-01-10 09:27:37.592) MapsManager.cpp:863::publishMaps() Graph has changed! The whole cloud is regenerated.[0m
[rtabmap-14] [33m[ WARN] (2026-01-10 09:27:37.593) OccupancyGrid.cpp:169::getProbMap() Map info is empty, cannot generate probabilistic occupancy grid[0m
[rtabmap-14] [33m[ WARN] (2026-01-10 09:27:38.039) MapsManager.cpp:863::publishMaps() Graph has changed! The whole cloud is regenerated.[0m
[rtabmap-14] [33m[ WARN] (2026-01-10 09:27:38.040) OccupancyGrid.cpp:169::getProbMap() Map info is empty, cannot generate probabilistic occupancy grid[0m
[superpoint_node-2] [INFO] [1768033658.156736271] [superpoint_node]: Keypoints estratti: 800
[superpoint_node-2] [ERROR] [1768033658.163916976] [superpoint_node]: Errore pubblicazione keypoints 3D: could not assign tuple of length 3 to structure with 4 fields.
[superpoint_node-2] [INFO] [1768033658.258909840] [superpoint_node]: Keypoints estratti: 800
[superpoint_node-2] [ERROR] [1768033658.265897099] [superpoint_node]: Errore pubblicazione keypoints 3D: could not assign tuple of length 3 to structure with 4 fields.
[superpoint_node-2] [INFO] [1768033658.357509196] [superpoint_node]: Keypoints estratti: 800
[superpoint_node-2] [ERROR] [1768033658.364242916] [superpoint_node]: Errore pubblicazione keypoints 3D: could not assign tuple of length 3 to structure with 4 fields.
[superpoint_node-2] [INFO] [1768033658.455692419] [superpoint_node]: Keypoints estratti: 800
[superpoint_node-2] [ERROR] [1768033658.462682604] [superpoint_node]: Errore pubblicazione keypoints 3D: could not assign tuple of length 3 to structure with 4 fields.
[superpoint_node-2] [INFO] [1768033658.555865899] [superpoint_node]: Keypoints estratti: 800
[superpoint_node-2] [ERROR] [1768033658.564512097] [superpoint_node]: Errore pubblicazione keypoints 3D: could not assign tuple of length 3 to structure with 4 fields.
[rtabmap-14] [INFO] [1768033658.585780284] [rtabmap]: rtabmap (364): Rate=0.50s, Limit=0.001s, Conversion=0.0002s, RTAB-Map=0.0347s, Maps update=0.0003s pub=0.0012s delay=0.0810s (local map=0, WM=0)
[superpoint_node-2] [INFO] [1768033658.661787220] [superpoint_node]: Keypoints estratti: 800
[superpoint_node-2] [ERROR] [1768033658.668828628] [superpoint_node]: Errore pubblicazione keypoints 3D: could not assign tuple of length 3 to structure with 4 fields.
[superpoint_node-2] [INFO] [1768033658.761458325] [superpoint_node]: Keypoints estratti: 800
[superpoint_node-2] [ERROR] [1768033658.768477103] [superpoint_node]: Errore pubblicazione keypoints 3D: could not assign tuple of length 3 to structure with 4 fields.
[superpoint_node-2] [INFO] [1768033658.862971371] [superpoint_node]: Keypoints estratti: 800
[superpoint_node-2] [ERROR] [1768033658.869707017] [superpoint_node]: Errore pubblicazione keypoints 3D: could not assign tuple of length 3 to structure with 4 fields.
[superpoint_node-2] [INFO] [1768033658.960164512] [superpoint_node]: Keypoints estratti: 800
[superpoint_node-2] [ERROR] [1768033658.966933139] [superpoint_node]: Errore pubblicazione keypoints 3D: could not assign tuple of length 3 to structure with 4 fields.
[superpoint_node-2] [INFO] [1768033659.061081497] [superpoint_node]: Keypoints estratti: 800
[superpoint_node-2] [ERROR] [1768033659.069063264] [superpoint_node]: Errore pubblicazione keypoints 3D: could not assign tuple of length 3 to structure with 4 fields.
[rtabmap-14] [INFO] [1768033659.100552328] [rtabmap]: rtabmap (365): Rate=0.50s, Limit=0.001s, Conversion=0.0006s, RTAB-Map=0.0476s, Maps update=0.0003s pub=0.0013s delay=0.0922s (local map=0, WM=0)
[superpoint_node-2] [INFO] [1768033659.163641681] [superpoint_node]: Keypoints estratti: 800
[superpoint_node-2] [ERROR] [1768033659.171004017] [superpoint_node]: Errore pubblicazione keypoints 3D: could not assign tuple of length 3 to structure with 4 fields.
[superpoint_node-2] [INFO] [1768033659.262374982] [superpoint_node]: Keypoints estratti: 800
[superpoint_node-2] [ERROR] [1768033659.269518502] [superpoint_node]: Errore pubblicazione keypoints 3D: could not assign tuple of length 3 to structure with 4 fields.
[superpoint_node-2] [INFO] [1768033659.361748344] [superpoint_node]: Keypoints estratti: 800
[superpoint_node-2] [ERROR] [1768033659.369380923] [superpoint_node]: Errore pubblicazione keypoints 3D: could not assign tuple of length 3 to structure with 4 fields.
[superpoint_node-2] [INFO] [1768033659.460255588] [superpoint_node]: Keypoints estratti: 800
[superpoint_node-2] [ERROR] [1768033659.467186273] [superpoint_node]: Errore pubblicazione keypoints 3D: could not assign tuple of length 3 to structure with 4 fields.
[superpoint_node-2] [INFO] [1768033659.559610098] [superpoint_node]: Keypoints estratti: 800
[superpoint_node-2] [ERROR] [1768033659.566388504] [superpoint_node]: Errore pubblicazione keypoints 3D: could not assign tuple of length 3 to structure with 4 fields.
[rtabmap-14] [INFO] [1768033659.602913256] [rtabmap]: rtabmap (366): Rate=0.50s, Limit=0.001s, Conversion=0.0002s, RTAB-Map=0.0468s, Maps update=0.0003s pub=0.0032s delay=0.0929s (local map=0, WM=0)
[superpoint_node-2] [INFO] [1768033659.658536253] [superpoint_node]: Keypoints estratti: 800
[superpoint_node-2] [ERROR] [1768033659.665346973] [superpoint_node]: Errore pubblicazione keypoints 3D: could not assign tuple of length 3 to structure with 4 fields.
[superpoint_node-2] [INFO] [1768033659.755368835] [superpoint_node]: Keypoints estratti: 800
[superpoint_node-2] [ERROR] [1768033659.762260446] [superpoint_node]: Errore pubblicazione keypoints 3D: could not assign tuple of length 3 to structure with 4 fields.
[superpoint_node-2] [INFO] [1768033659.851651136] [superpoint_node]: Keypoints estratti: 800
[superpoint_node-2] [ERROR] [1768033659.858479190] [superpoint_node]: Errore pubblicazione keypoints 3D: could not assign tuple of length 3 to structure with 4 fields.
[superpoint_node-2] [INFO] [1768033659.950048286] [superpoint_node]: Keypoints estratti: 800
[superpoint_node-2] [ERROR] [1768033659.959069839] [superpoint_node]: Errore pubblicazione keypoints 3D: could not assign tuple of length 3 to structure with 4 fields.
[superpoint_node-2] [INFO] [1768033660.050511694] [superpoint_node]: Keypoints estratti: 800
[superpoint_node-2] [ERROR] [1768033660.058109365] [superpoint_node]: Errore pubblicazione keypoints 3D: could not assign tuple of length 3 to structure with 4 fields.
[superpoint_node-2] [INFO] [1768033660.152523355] [superpoint_node]: Keypoints estratti: 800
[superpoint_node-2] [ERROR] [1768033660.162583823] [superpoint_node]: Errore pubblicazione keypoints 3D: could not assign tuple of length 3 to structure with 4 fields.
[rtabmap-14] [INFO] [1768033660.172509106] [rtabmap]: rtabmap (367): Rate=0.50s, Limit=0.001s, Conversion=0.0003s, RTAB-Map=0.0286s, Maps update=0.0003s pub=0.0015s delay=0.0716s (local map=0, WM=0)
[superpoint_node-2] [INFO] [1768033660.259728723] [superpoint_node]: Keypoints estratti: 800
[superpoint_node-2] [ERROR] [1768033660.267391562] [superpoint_node]: Errore pubblicazione keypoints 3D: could not assign tuple of length 3 to structure with 4 fields.
[superpoint_node-2] [INFO] [1768033660.361686847] [superpoint_node]: Keypoints estratti: 800
[superpoint_node-2] [ERROR] [1768033660.368554808] [superpoint_node]: Errore pubblicazione keypoints 3D: could not assign tuple of length 3 to structure with 4 fields.
[superpoint_node-2] [INFO] [1768033660.458819487] [superpoint_node]: Keypoints estratti: 800
[superpoint_node-2] [ERROR] [1768033660.465781153] [superpoint_node]: Errore pubblicazione keypoints 3D: could not assign tuple of length 3 to structure with 4 fields.
[superpoint_node-2] [INFO] [1768033660.555310697] [superpoint_node]: Keypoints estratti: 800
[superpoint_node-2] [ERROR] [1768033660.562075936] [superpoint_node]: Errore pubblicazione keypoints 3D: could not assign tuple of length 3 to structure with 4 fields.
[superpoint_node-2] [INFO] [1768033660.655321767] [superpoint_node]: Keypoints estratti: 800
[superpoint_node-2] [ERROR] [1768033660.664381747] [superpoint_node]: Errore pubblicazione keypoints 3D: could not assign tuple of length 3 to structure with 4 fields.
[rtabmap-14] [INFO] [1768033660.670780335] [rtabmap]: rtabmap (368): Rate=0.50s, Limit=0.001s, Conversion=0.0003s, RTAB-Map=0.0234s, Maps update=0.0003s pub=0.0014s delay=0.0668s (local map=0, WM=0)
[superpoint_node-2] [INFO] [1768033660.756191419] [superpoint_node]: Keypoints estratti: 800
[superpoint_node-2] [ERROR] [1768033660.763046122] [superpoint_node]: Errore pubblicazione keypoints 3D: could not assign tuple of length 3 to structure with 4 fields.
[superpoint_node-2] [INFO] [1768033660.852861630] [superpoint_node]: Keypoints estratti: 800
[superpoint_node-2] [ERROR] [1768033660.860604229] [superpoint_node]: Errore pubblicazione keypoints 3D: could not assign tuple of length 3 to structure with 4 fields.
[superpoint_node-2] [INFO] [1768033660.951915841] [superpoint_node]: Keypoints estratti: 800
[superpoint_node-2] [ERROR] [1768033660.958775155] [superpoint_node]: Errore pubblicazione keypoints 3D: could not assign tuple of length 3 to structure with 4 fields.
[superpoint_node-2] [INFO] [1768033661.048102363] [superpoint_node]: Keypoints estratti: 800
[superpoint_node-2] [ERROR] [1768033661.055002918] [superpoint_node]: Errore pubblicazione keypoints 3D: could not assign tuple of length 3 to structure with 4 fields.
[superpoint_node-2] [INFO] [1768033661.145262560] [superpoint_node]: Keypoints estratti: 800
[superpoint_node-2] [ERROR] [1768033661.152977269] [superpoint_node]: Errore pubblicazione keypoints 3D: could not assign tuple of length 3 to structure with 4 fields.
[superpoint_node-2] [INFO] [1768033661.245174630] [superpoint_node]: Keypoints estratti: 800
[superpoint_node-2] [ERROR] [1768033661.252979655] [superpoint_node]: Errore pubblicazione keypoints 3D: could not assign tuple of length 3 to structure with 4 fields.
[rtabmap-14] [INFO] [1768033661.263542664] [rtabmap]: rtabmap (369): Rate=0.50s, Limit=0.001s, Conversion=0.0003s, RTAB-Map=0.0422s, Maps update=0.0003s pub=0.0012s delay=0.0693s (local map=0, WM=0)
[superpoint_node-2] [INFO] [1768033661.344420250] [superpoint_node]: Keypoints estratti: 800
[superpoint_node-2] [ERROR] [1768033661.352095903] [superpoint_node]: Errore pubblicazione keypoints 3D: could not assign tuple of length 3 to structure with 4 fields.
[superpoint_node-2] [INFO] [1768033661.444440284] [superpoint_node]: Keypoints estratti: 800
[superpoint_node-2] [ERROR] [1768033661.451597618] [superpoint_node]: Errore pubblicazione keypoints 3D: could not assign tuple of length 3 to structure with 4 fields.
[superpoint_node-2] [INFO] [1768033661.543212382] [superpoint_node]: Keypoints estratti: 800
[superpoint_node-2] [ERROR] [1768033661.550512588] [superpoint_node]: Errore pubblicazione keypoints 3D: could not assign tuple of length 3 to structure with 4 fields.
[superpoint_node-2] [INFO] [1768033661.640610024] [superpoint_node]: Keypoints estratti: 800
[superpoint_node-2] [ERROR] [1768033661.648048120] [superpoint_node]: Errore pubblicazione keypoints 3D: could not assign tuple of length 3 to structure with 4 fields.
[superpoint_node-2] [INFO] [1768033661.755470528] [superpoint_node]: Keypoints estratti: 800
[superpoint_node-2] [ERROR] [1768033661.762091877] [superpoint_node]: Errore pubblicazione keypoints 3D: could not assign tuple of length 3 to structure with 4 fields.
[superpoint_node-2] [INFO] [1768033661.853340471] [superpoint_node]: Keypoints estratti: 800
[superpoint_node-2] [ERROR] [1768033661.860696177] [superpoint_node]: Errore pubblicazione keypoints 3D: could not assign tuple of length 3 to structure with 4 fields.
[rtabmap-14] [INFO] [1768033661.882382904] [rtabmap]: rtabmap (370): Rate=0.50s, Limit=0.001s, Conversion=0.0002s, RTAB-Map=0.0324s, Maps update=0.0003s pub=0.0011s delay=0.0795s (local map=0, WM=0)
[superpoint_node-2] [INFO] [1768033661.957534593] [superpoint_node]: Keypoints estratti: 800
[superpoint_node-2] [ERROR] [1768033661.964362758] [superpoint_node]: Errore pubblicazione keypoints 3D: could not assign tuple of length 3 to structure with 4 fields.
[superpoint_node-2] [INFO] [1768033662.088770171] [superpoint_node]: Keypoints estratti: 800
[superpoint_node-2] [ERROR] [1768033662.095642373] [superpoint_node]: Errore pubblicazione keypoints 3D: could not assign tuple of length 3 to structure with 4 fields.
[superpoint_node-2] [INFO] [1768033662.186547446] [superpoint_node]: Keypoints estratti: 800
[superpoint_node-2] [ERROR] [1768033662.193379148] [superpoint_node]: Errore pubblicazione keypoints 3D: could not assign tuple of length 3 to structure with 4 fields.
[superpoint_node-2] [INFO] [1768033662.285112579] [superpoint_node]: Keypoints estratti: 800
[superpoint_node-2] [ERROR] [1768033662.292060097] [superpoint_node]: Errore pubblicazione keypoints 3D: could not assign tuple of length 3 to structure with 4 fields.
[rtabmap-14] [INFO] [1768033662.376528860] [rtabmap]: rtabmap (371): Rate=0.50s, Limit=0.001s, Conversion=0.0006s, RTAB-Map=0.0215s, Maps update=0.0005s pub=0.0019s delay=0.0426s (local map=0, WM=0)
[superpoint_node-2] [INFO] [1768033662.388959699] [superpoint_node]: Keypoints estratti: 800
[superpoint_node-2] [ERROR] [1768033662.395909402] [superpoint_node]: Errore pubblicazione keypoints 3D: could not assign tuple of length 3 to structure with 4 fields.
[superpoint_node-2] [INFO] [1768033662.490130168] [superpoint_node]: Keypoints estratti: 800
[superpoint_node-2] [ERROR] [1768033662.497156872] [superpoint_node]: Errore pubblicazione keypoints 3D: could not assign tuple of length 3 to structure with 4 fields.
[superpoint_node-2] [INFO] [1768033662.593617470] [superpoint_node]: Keypoints estratti: 800
[superpoint_node-2] [ERROR] [1768033662.600538117] [superpoint_node]: Errore pubblicazione keypoints 3D: could not assign tuple of length 3 to structure with 4 fields.
[superpoint_node-2] [INFO] [1768033662.691011946] [superpoint_node]: Keypoints estratti: 800
[superpoint_node-2] [ERROR] [1768033662.697929019] [superpoint_node]: Errore pubblicazione keypoints 3D: could not assign tuple of length 3 to structure with 4 fields.
[superpoint_node-2] [INFO] [1768033662.791552484] [superpoint_node]: Keypoints estratti: 800
[superpoint_node-2] [ERROR] [1768033662.798389205] [superpoint_node]: Errore pubblicazione keypoints 3D: could not assign tuple of length 3 to structure with 4 fields.
[superpoint_node-2] [INFO] [1768033662.894126131] [superpoint_node]: Keypoints estratti: 800
[superpoint_node-2] [ERROR] [1768033662.901310891] [superpoint_node]: Errore pubblicazione keypoints 3D: could not assign tuple of length 3 to structure with 4 fields.
[rtabmap-14] [INFO] [1768033662.908258687] [rtabmap]: rtabmap (372): Rate=0.50s, Limit=0.001s, Conversion=0.0002s, RTAB-Map=0.0273s, Maps update=0.0003s pub=0.0030s delay=0.0660s (local map=0, WM=0)
[superpoint_node-2] [INFO] [1768033662.995577157] [superpoint_node]: Keypoints estratti: 800
[superpoint_node-2] [ERROR] [1768033663.003041494] [superpoint_node]: Errore pubblicazione keypoints 3D: could not assign tuple of length 3 to structure with 4 fields.
[superpoint_node-2] [INFO] [1768033663.095557820] [superpoint_node]: Keypoints estratti: 800
[superpoint_node-2] [ERROR] [1768033663.102383097] [superpoint_node]: Errore pubblicazione keypoints 3D: could not assign tuple of length 3 to structure with 4 fields.
[rtabmap-14] [33m[ WARN] (2026-01-10 09:27:38.584) MapsManager.cpp:863::publishMaps() Graph has changed! The whole cloud is regenerated.[0m
[rtabmap-14] [33m[ WARN] (2026-01-10 09:27:38.585) OccupancyGrid.cpp:169::getProbMap() Map info is empty, cannot generate probabilistic occupancy grid[0m
[rtabmap-14] [33m[ WARN] (2026-01-10 09:27:39.099) MapsManager.cpp:863::publishMaps() Graph has changed! The whole cloud is regenerated.[0m
[rtabmap-14] [33m[ WARN] (2026-01-10 09:27:39.099) OccupancyGrid.cpp:169::getProbMap() Map info is empty, cannot generate probabilistic occupancy grid[0m
[rtabmap-14] [33m[ WARN] (2026-01-10 09:27:39.599) MapsManager.cpp:863::publishMaps() Graph has changed! The whole cloud is regenerated.[0m
[rtabmap-14] [33m[ WARN] (2026-01-10 09:27:39.601) OccupancyGrid.cpp:169::getProbMap() Map info is empty, cannot generate probabilistic occupancy grid[0m
[rtabmap-14] [33m[ WARN] (2026-01-10 09:27:40.170) MapsManager.cpp:863::publishMaps() Graph has changed! The whole cloud is regenerated.[0m
[rtabmap-14] [33m[ WARN] (2026-01-10 09:27:40.171) OccupancyGrid.cpp:169::getProbMap() Map info is empty, cannot generate probabilistic occupancy grid[0m
[rtabmap-14] [33m[ WARN] (2026-01-10 09:27:40.669) MapsManager.cpp:863::publishMaps() Graph has changed! The whole cloud is regenerated.[0m
[rtabmap-14] [33m[ WARN] (2026-01-10 09:27:40.670) OccupancyGrid.cpp:169::getProbMap() Map info is empty, cannot generate probabilistic occupancy grid[0m
[rtabmap-14] [33m[ WARN] (2026-01-10 09:27:41.262) MapsManager.cpp:863::publishMaps() Graph has changed! The whole cloud is regenerated.[0m
[rtabmap-14] [33m[ WARN] (2026-01-10 09:27:41.262) OccupancyGrid.cpp:169::getProbMap() Map info is empty, cannot generate probabilistic occupancy grid[0m
[rtabmap-14] [33m[ WARN] (2026-01-10 09:27:41.881) MapsManager.cpp:863::publishMaps() Graph has changed! The whole cloud is regenerated.[0m
[rtabmap-14] [33m[ WARN] (2026-01-10 09:27:41.881) OccupancyGrid.cpp:169::getProbMap() Map info is empty, cannot generate probabilistic occupancy grid[0m
[rtabmap-14] [33m[ WARN] (2026-01-10 09:27:42.372) MapsManager.cpp:863::publishMaps() Graph has changed! The whole cloud is regenerated.[0m
[rtabmap-14] [33m[ WARN] (2026-01-10 09:27:42.373) OccupancyGrid.cpp:169::getProbMap() Map info is empty, cannot generate probabilistic occupancy grid[0m
[rtabmap-14] [33m[ WARN] (2026-01-10 09:27:42.905) MapsManager.cpp:863::publishMaps() Graph has changed! The whole cloud is regenerated.[0m
[rtabmap-14] [33m[ WARN] (2026-01-10 09:27:42.907) OccupancyGrid.cpp:169::getProbMap() Map info is empty, cannot generate probabilistic occupancy grid[0m
[superpoint_node-2] [INFO] [1768033663.218485462] [superpoint_node]: Keypoints estratti: 800
[superpoint_node-2] [ERROR] [1768033663.225568129] [superpoint_node]: Errore pubblicazione keypoints 3D: could not assign tuple of length 3 to structure with 4 fields.
[superpoint_node-2] [INFO] [1768033663.320001285] [superpoint_node]: Keypoints estratti: 800
[superpoint_node-2] [ERROR] [1768033663.327002359] [superpoint_node]: Errore pubblicazione keypoints 3D: could not assign tuple of length 3 to structure with 4 fields.
[superpoint_node-2] [INFO] [1768033663.421288662] [superpoint_node]: Keypoints estratti: 800
[superpoint_node-2] [ERROR] [1768033663.428230069] [superpoint_node]: Errore pubblicazione keypoints 3D: could not assign tuple of length 3 to structure with 4 fields.
[rtabmap-14] [INFO] [1768033663.435409571] [rtabmap]: rtabmap (373): Rate=0.50s, Limit=0.001s, Conversion=0.0003s, RTAB-Map=0.0251s, Maps update=0.0003s pub=0.0012s delay=0.0656s (local map=0, WM=0)
[superpoint_node-2] [INFO] [1768033663.524457906] [superpoint_node]: Keypoints estratti: 800
[superpoint_node-2] [ERROR] [1768033663.531493481] [superpoint_node]: Errore pubblicazione keypoints 3D: could not assign tuple of length 3 to structure with 4 fields.
[superpoint_node-2] [INFO] [1768033663.622094088] [superpoint_node]: Keypoints estratti: 800
[superpoint_node-2] [ERROR] [1768033663.628752641] [superpoint_node]: Errore pubblicazione keypoints 3D: could not assign tuple of length 3 to structure with 4 fields.
[superpoint_node-2] [INFO] [1768033663.719434841] [superpoint_node]: Keypoints estratti: 800
[superpoint_node-2] [ERROR] [1768033663.726189617] [superpoint_node]: Errore pubblicazione keypoints 3D: could not assign tuple of length 3 to structure with 4 fields.
[superpoint_node-2] [INFO] [1768033663.817366673] [superpoint_node]: Keypoints estratti: 800
[superpoint_node-2] [ERROR] [1768033663.824261154] [superpoint_node]: Errore pubblicazione keypoints 3D: could not assign tuple of length 3 to structure with 4 fields.
[superpoint_node-2] [INFO] [1768033663.920221841] [superpoint_node]: Keypoints estratti: 800
[superpoint_node-2] [ERROR] [1768033663.927145914] [superpoint_node]: Errore pubblicazione keypoints 3D: could not assign tuple of length 3 to structure with 4 fields.
[superpoint_node-2] [INFO] [1768033664.019503499] [superpoint_node]: Keypoints estratti: 800
[superpoint_node-2] [ERROR] [1768033664.026502295] [superpoint_node]: Errore pubblicazione keypoints 3D: could not assign tuple of length 3 to structure with 4 fields.
[rtabmap-14] [INFO] [1768033664.067141228] [rtabmap]: rtabmap (374): Rate=0.50s, Limit=0.001s, Conversion=0.0003s, RTAB-Map=0.0492s, Maps update=0.0003s pub=0.0050s delay=0.0969s (local map=0, WM=0)
[superpoint_node-2] [INFO] [1768033664.121919218] [superpoint_node]: Keypoints estratti: 800
[superpoint_node-2] [ERROR] [1768033664.129759077] [superpoint_node]: Errore pubblicazione keypoints 3D: could not assign tuple of length 3 to structure with 4 fields.
[superpoint_node-2] [INFO] [1768033664.218267167] [superpoint_node]: Keypoints estratti: 800
[superpoint_node-2] [ERROR] [1768033664.225156777] [superpoint_node]: Errore pubblicazione keypoints 3D: could not assign tuple of length 3 to structure with 4 fields.
[superpoint_node-2] [INFO] [1768033664.317807271] [superpoint_node]: Keypoints estratti: 800
[superpoint_node-2] [ERROR] [1768033664.324645677] [superpoint_node]: Errore pubblicazione keypoints 3D: could not assign tuple of length 3 to structure with 4 fields.
[superpoint_node-2] [INFO] [1768033664.419503707] [superpoint_node]: Keypoints estratti: 800
[superpoint_node-2] [ERROR] [1768033664.426218020] [superpoint_node]: Errore pubblicazione keypoints 3D: could not assign tuple of length 3 to structure with 4 fields.
[superpoint_node-2] [INFO] [1768033664.518191638] [superpoint_node]: Keypoints estratti: 800
[superpoint_node-2] [ERROR] [1768033664.524931803] [superpoint_node]: Errore pubblicazione keypoints 3D: could not assign tuple of length 3 to structure with 4 fields.
[rtabmap-14] [INFO] [1768033664.622896024] [rtabmap]: rtabmap (375): Rate=0.50s, Limit=0.001s, Conversion=0.0002s, RTAB-Map=0.0252s, Maps update=0.0004s pub=0.0085s delay=0.0534s (local map=0, WM=0)
[superpoint_node-2] [INFO] [1768033664.624454777] [superpoint_node]: Keypoints estratti: 800
[superpoint_node-2] [ERROR] [1768033664.631594908] [superpoint_node]: Errore pubblicazione keypoints 3D: could not assign tuple of length 3 to structure with 4 fields.
[superpoint_node-2] [INFO] [1768033664.722805557] [superpoint_node]: Keypoints estratti: 800
[superpoint_node-2] [ERROR] [1768033664.729526703] [superpoint_node]: Errore pubblicazione keypoints 3D: could not assign tuple of length 3 to structure with 4 fields.
[superpoint_node-2] [INFO] [1768033664.819332748] [superpoint_node]: Keypoints estratti: 800
[superpoint_node-2] [ERROR] [1768033664.826220081] [superpoint_node]: Errore pubblicazione keypoints 3D: could not assign tuple of length 3 to structure with 4 fields.
[superpoint_node-2] [INFO] [1768033664.928812024] [superpoint_node]: Keypoints estratti: 800
[superpoint_node-2] [ERROR] [1768033664.936642271] [superpoint_node]: Errore pubblicazione keypoints 3D: could not assign tuple of length 3 to structure with 4 fields.
[superpoint_node-2] [INFO] [1768033665.033532613] [superpoint_node]: Keypoints estratti: 800
[superpoint_node-2] [ERROR] [1768033665.041845901] [superpoint_node]: Errore pubblicazione keypoints 3D: could not assign tuple of length 3 to structure with 4 fields.
[superpoint_node-2] [INFO] [1768033665.134672138] [superpoint_node]: Keypoints estratti: 800
[superpoint_node-2] [ERROR] [1768033665.142938777] [superpoint_node]: Errore pubblicazione keypoints 3D: could not assign tuple of length 3 to structure with 4 fields.
[rtabmap-14] [INFO] [1768033665.209032783] [rtabmap]: rtabmap (376): Rate=0.50s, Limit=0.001s, Conversion=0.0002s, RTAB-Map=0.0467s, Maps update=0.0044s pub=0.0069s delay=0.1223s (local map=0, WM=0)
[superpoint_node-2] [INFO] [1768033665.244053523] [superpoint_node]: Keypoints estratti: 800
[superpoint_node-2] [ERROR] [1768033665.251738566] [superpoint_node]: Errore pubblicazione keypoints 3D: could not assign tuple of length 3 to structure with 4 fields.
[superpoint_node-2] [INFO] [1768033665.346560855] [superpoint_node]: Keypoints estratti: 800
[superpoint_node-2] [ERROR] [1768033665.354067451] [superpoint_node]: Errore pubblicazione keypoints 3D: could not assign tuple of length 3 to structure with 4 fields.
[superpoint_node-2] [INFO] [1768033665.485076620] [superpoint_node]: Keypoints estratti: 800
[superpoint_node-2] [ERROR] [1768033665.494200433] [superpoint_node]: Errore pubblicazione keypoints 3D: could not assign tuple of length 3 to structure with 4 fields.
[superpoint_node-2] [INFO] [1768033665.585520509] [superpoint_node]: Keypoints estratti: 800
[superpoint_node-2] [ERROR] [1768033665.593664796] [superpoint_node]: Errore pubblicazione keypoints 3D: could not assign tuple of length 3 to structure with 4 fields.
[superpoint_node-2] [INFO] [1768033665.697372562] [superpoint_node]: Keypoints estratti: 800
[superpoint_node-2] [ERROR] [1768033665.705346866] [superpoint_node]: Errore pubblicazione keypoints 3D: could not assign tuple of length 3 to structure with 4 fields.
[rtabmap-14] [INFO] [1768033665.724871410] [rtabmap]: rtabmap (377): Rate=0.50s, Limit=0.001s, Conversion=0.0002s, RTAB-Map=0.0404s, Maps update=0.0003s pub=0.0012s delay=0.0868s (local map=0, WM=0)
[superpoint_node-2] [INFO] [1768033665.800499825] [superpoint_node]: Keypoints estratti: 800
[superpoint_node-2] [ERROR] [1768033665.808071162] [superpoint_node]: Errore pubblicazione keypoints 3D: could not assign tuple of length 3 to structure with 4 fields.
[superpoint_node-2] [INFO] [1768033665.902553856] [superpoint_node]: Keypoints estratti: 800
[superpoint_node-2] [ERROR] [1768033665.909927192] [superpoint_node]: Errore pubblicazione keypoints 3D: could not assign tuple of length 3 to structure with 4 fields.
[superpoint_node-2] [INFO] [1768033665.999557236] [superpoint_node]: Keypoints estratti: 800
[superpoint_node-2] [ERROR] [1768033666.007738468] [superpoint_node]: Errore pubblicazione keypoints 3D: could not assign tuple of length 3 to structure with 4 fields.
[superpoint_node-2] [INFO] [1768033666.100289424] [superpoint_node]: Keypoints estratti: 800
[superpoint_node-2] [ERROR] [1768033666.108138857] [superpoint_node]: Errore pubblicazione keypoints 3D: could not assign tuple of length 3 to structure with 4 fields.
[superpoint_node-2] [INFO] [1768033666.201460078] [superpoint_node]: Keypoints estratti: 800
[rtabmap-14] [INFO] [1768033666.202140806] [rtabmap]: rtabmap (378): Rate=0.50s, Limit=0.001s, Conversion=0.0003s, RTAB-Map=0.0232s, Maps update=0.0003s pub=0.0019s delay=0.0525s (local map=0, WM=0)
[superpoint_node-2] [ERROR] [1768033666.209986053] [superpoint_node]: Errore pubblicazione keypoints 3D: could not assign tuple of length 3 to structure with 4 fields.
[superpoint_node-2] [INFO] [1768033666.298598867] [superpoint_node]: Keypoints estratti: 800
[superpoint_node-2] [ERROR] [1768033666.305577126] [superpoint_node]: Errore pubblicazione keypoints 3D: could not assign tuple of length 3 to structure with 4 fields.
[superpoint_node-2] [INFO] [1768033666.401120032] [superpoint_node]: Keypoints estratti: 800
[superpoint_node-2] [ERROR] [1768033666.408681092] [superpoint_node]: Errore pubblicazione keypoints 3D: could not assign tuple of length 3 to structure with 4 fields.
[superpoint_node-2] [INFO] [1768033666.499677943] [superpoint_node]: Keypoints estratti: 800
[superpoint_node-2] [ERROR] [1768033666.506832833] [superpoint_node]: Errore pubblicazione keypoints 3D: could not assign tuple of length 3 to structure with 4 fields.
[superpoint_node-2] [INFO] [1768033666.606321585] [superpoint_node]: Keypoints estratti: 800
[superpoint_node-2] [ERROR] [1768033666.613835200] [superpoint_node]: Errore pubblicazione keypoints 3D: could not assign tuple of length 3 to structure with 4 fields.
[superpoint_node-2] [INFO] [1768033666.729863194] [superpoint_node]: Keypoints estratti: 800
[superpoint_node-2] [ERROR] [1768033666.739150545] [superpoint_node]: Errore pubblicazione keypoints 3D: could not assign tuple of length 3 to structure with 4 fields.
[rtabmap-14] [INFO] [1768033666.767878347] [rtabmap]: rtabmap (379): Rate=0.50s, Limit=0.001s, Conversion=0.0011s, RTAB-Map=0.0485s, Maps update=0.0003s pub=0.0058s delay=0.1060s (local map=0, WM=0)
[superpoint_node-2] [INFO] [1768033666.861183291] [superpoint_node]: Keypoints estratti: 800
[superpoint_node-2] [ERROR] [1768033666.871500354] [superpoint_node]: Errore pubblicazione keypoints 3D: could not assign tuple of length 3 to structure with 4 fields.
[superpoint_node-2] [INFO] [1768033666.991745271] [superpoint_node]: Keypoints estratti: 800
[superpoint_node-2] [ERROR] [1768033666.999677389] [superpoint_node]: Errore pubblicazione keypoints 3D: could not assign tuple of length 3 to structure with 4 fields.
[superpoint_node-2] [INFO] [1768033667.122945237] [superpoint_node]: Keypoints estratti: 800
[superpoint_node-2] [ERROR] [1768033667.136294139] [superpoint_node]: Errore pubblicazione keypoints 3D: could not assign tuple of length 3 to structure with 4 fields.
[superpoint_node-2] [INFO] [1768033667.249787817] [superpoint_node]: Keypoints estratti: 800
[superpoint_node-2] [ERROR] [1768033667.257793880] [superpoint_node]: Errore pubblicazione keypoints 3D: could not assign tuple of length 3 to structure with 4 fields.
[rtabmap-14] [INFO] [1768033667.293560238] [rtabmap]: rtabmap (380): Rate=0.50s, Limit=0.001s, Conversion=0.0003s, RTAB-Map=0.0419s, Maps update=0.0005s pub=0.0019s delay=0.1069s (local map=0, WM=0)
[superpoint_node-2] [INFO] [1768033667.398564052] [superpoint_node]: Keypoints estratti: 800
[superpoint_node-2] [ERROR] [1768033667.405217068] [superpoint_node]: Errore pubblicazione keypoints 3D: could not assign tuple of length 3 to structure with 4 fields.
[superpoint_node-2] [INFO] [1768033667.494831038] [superpoint_node]: Keypoints estratti: 800
[superpoint_node-2] [ERROR] [1768033667.502099892] [superpoint_node]: Errore pubblicazione keypoints 3D: could not assign tuple of length 3 to structure with 4 fields.
[superpoint_node-2] [INFO] [1768033667.593987731] [superpoint_node]: Keypoints estratti: 800
[superpoint_node-2] [ERROR] [1768033667.600573821] [superpoint_node]: Errore pubblicazione keypoints 3D: could not assign tuple of length 3 to structure with 4 fields.
[superpoint_node-2] [INFO] [1768033667.716030903] [superpoint_node]: Keypoints estratti: 800
[superpoint_node-2] [ERROR] [1768033667.722668289] [superpoint_node]: Errore pubblicazione keypoints 3D: could not assign tuple of length 3 to structure with 4 fields.
[superpoint_node-2] [INFO] [1768033667.824148001] [superpoint_node]: Keypoints estratti: 800
[superpoint_node-2] [ERROR] [1768033667.830982537] [superpoint_node]: Errore pubblicazione keypoints 3D: could not assign tuple of length 3 to structure with 4 fields.
[rtabmap-14] [INFO] [1768033667.867272158] [rtabmap]: rtabmap (381): Rate=0.50s, Limit=0.001s, Conversion=0.0002s, RTAB-Map=0.0444s, Maps update=0.0013s pub=0.0050s delay=0.0979s (local map=0, WM=0)
[superpoint_node-2] [INFO] [1768033667.922664967] [superpoint_node]: Keypoints estratti: 800
[superpoint_node-2] [ERROR] [1768033667.929279483] [superpoint_node]: Errore pubblicazione keypoints 3D: could not assign tuple of length 3 to structure with 4 fields.
[superpoint_node-2] [INFO] [1768033668.019442976] [superpoint_node]: Keypoints estratti: 800
[superpoint_node-2] [ERROR] [1768033668.026140492] [superpoint_node]: Errore pubblicazione keypoints 3D: could not assign tuple of length 3 to structure with 4 fields.
[superpoint_node-2] [INFO] [1768033668.118222370] [superpoint_node]: Keypoints estratti: 800
[superpoint_node-2] [ERROR] [1768033668.124760885] [superpoint_node]: Errore pubblicazione keypoints 3D: could not assign tuple of length 3 to structure with 4 fields.
[rtabmap-14] [33m[ WARN] (2026-01-10 09:27:43.271) CoreWrapper.cpp:1227::odomTFUpdate() Odometry is reset (identity pose detected). Increment map id![0m
[rtabmap-14] [33m[ WARN] (2026-01-10 09:27:43.434) MapsManager.cpp:863::publishMaps() Graph has changed! The whole cloud is regenerated.[0m
[rtabmap-14] [33m[ WARN] (2026-01-10 09:27:43.434) OccupancyGrid.cpp:169::getProbMap() Map info is empty, cannot generate probabilistic occupancy grid[0m
[rtabmap-14] [33m[ WARN] (2026-01-10 09:27:44.062) MapsManager.cpp:863::publishMaps() Graph has changed! The whole cloud is regenerated.[0m
[rtabmap-14] [33m[ WARN] (2026-01-10 09:27:44.062) OccupancyGrid.cpp:169::getProbMap() Map info is empty, cannot generate probabilistic occupancy grid[0m
[rtabmap-14] [33m[ WARN] (2026-01-10 09:27:44.614) MapsManager.cpp:863::publishMaps() Graph has changed! The whole cloud is regenerated.[0m
[rtabmap-14] [33m[ WARN] (2026-01-10 09:27:44.619) OccupancyGrid.cpp:169::getProbMap() Map info is empty, cannot generate probabilistic occupancy grid[0m
[rtabmap-14] [33m[ WARN] (2026-01-10 09:27:45.202) MapsManager.cpp:863::publishMaps() Graph has changed! The whole cloud is regenerated.[0m
[rtabmap-14] [33m[ WARN] (2026-01-10 09:27:45.206) OccupancyGrid.cpp:169::getProbMap() Map info is empty, cannot generate probabilistic occupancy grid[0m
[rtabmap-14] [33m[ WARN] (2026-01-10 09:27:45.723) MapsManager.cpp:863::publishMaps() Graph has changed! The whole cloud is regenerated.[0m
[rtabmap-14] [33m[ WARN] (2026-01-10 09:27:45.724) OccupancyGrid.cpp:169::getProbMap() Map info is empty, cannot generate probabilistic occupancy grid[0m
[rtabmap-14] [33m[ WARN] (2026-01-10 09:27:46.200) MapsManager.cpp:863::publishMaps() Graph has changed! The whole cloud is regenerated.[0m
[rtabmap-14] [33m[ WARN] (2026-01-10 09:27:46.200) OccupancyGrid.cpp:169::getProbMap() Map info is empty, cannot generate probabilistic occupancy grid[0m
[rtabmap-14] [33m[ WARN] (2026-01-10 09:27:46.761) MapsManager.cpp:863::publishMaps() Graph has changed! The whole cloud is regenerated.[0m
[rtabmap-14] [33m[ WARN] (2026-01-10 09:27:46.766) OccupancyGrid.cpp:169::getProbMap() Map info is empty, cannot generate probabilistic occupancy grid[0m
[rtabmap-14] [33m[ WARN] (2026-01-10 09:27:47.291) MapsManager.cpp:863::publishMaps() Graph has changed! The whole cloud is regenerated.[0m
[rtabmap-14] [33m[ WARN] (2026-01-10 09:27:47.292) OccupancyGrid.cpp:169::getProbMap() Map info is empty, cannot generate probabilistic occupancy grid[0m
[rtabmap-14] [33m[ WARN] (2026-01-10 09:27:47.773) CoreWrapper.cpp:1227::odomTFUpdate() Odometry is reset (identity pose detected). Increment map id![0m
[rtabmap-14] [33m[ WARN] (2026-01-10 09:27:47.862) MapsManager.cpp:863::publishMaps() Graph has changed! The whole cloud is regenerated.[0m
[rtabmap-14] [33m[ WARN] (2026-01-10 09:27:47.864) OccupancyGrid.cpp:169::getProbMap() Map info is empty, cannot generate probabilistic occupancy grid[0m
[superpoint_node-2] [INFO] [1768033668.215393418] [superpoint_node]: Keypoints estratti: 800
[superpoint_node-2] [ERROR] [1768033668.222116009] [superpoint_node]: Errore pubblicazione keypoints 3D: could not assign tuple of length 3 to structure with 4 fields.
[superpoint_node-2] [INFO] [1768033668.314417666] [superpoint_node]: Keypoints estratti: 800
[superpoint_node-2] [ERROR] [1768033668.321413037] [superpoint_node]: Errore pubblicazione keypoints 3D: could not assign tuple of length 3 to structure with 4 fields.
[rtabmap-14] [INFO] [1768033668.364522008] [rtabmap]: rtabmap (382): Rate=0.50s, Limit=0.001s, Conversion=0.0002s, RTAB-Map=0.0411s, Maps update=0.0008s pub=0.0057s delay=0.0951s (local map=0, WM=0)
[superpoint_node-2] [INFO] [1768033668.419440388] [superpoint_node]: Keypoints estratti: 800
[superpoint_node-2] [ERROR] [1768033668.426238812] [superpoint_node]: Errore pubblicazione keypoints 3D: could not assign tuple of length 3 to structure with 4 fields.
[superpoint_node-2] [INFO] [1768033668.518212208] [superpoint_node]: Keypoints estratti: 800
[superpoint_node-2] [ERROR] [1768033668.524721093] [superpoint_node]: Errore pubblicazione keypoints 3D: could not assign tuple of length 3 to structure with 4 fields.
[superpoint_node-2] [INFO] [1768033668.618563004] [superpoint_node]: Keypoints estratti: 800
[superpoint_node-2] [ERROR] [1768033668.625276187] [superpoint_node]: Errore pubblicazione keypoints 3D: could not assign tuple of length 3 to structure with 4 fields.
[superpoint_node-2] [INFO] [1768033668.717447696] [superpoint_node]: Keypoints estratti: 800
[superpoint_node-2] [ERROR] [1768033668.724062674] [superpoint_node]: Errore pubblicazione keypoints 3D: could not assign tuple of length 3 to structure with 4 fields.
[superpoint_node-2] [INFO] [1768033668.821557299] [superpoint_node]: Keypoints estratti: 800
[superpoint_node-2] [ERROR] [1768033668.829827846] [superpoint_node]: Errore pubblicazione keypoints 3D: could not assign tuple of length 3 to structure with 4 fields.
[rtabmap-14] [INFO] [1768033668.839843259] [rtabmap]: rtabmap (383): Rate=0.50s, Limit=0.001s, Conversion=0.0003s, RTAB-Map=0.0253s, Maps update=0.0003s pub=0.0011s delay=0.0703s (local map=0, WM=0)
[superpoint_node-2] [INFO] [1768033668.981165620] [superpoint_node]: Keypoints estratti: 800
[superpoint_node-2] [ERROR] [1768033668.988497290] [superpoint_node]: Errore pubblicazione keypoints 3D: could not assign tuple of length 3 to structure with 4 fields.
[superpoint_node-2] [INFO] [1768033669.076176911] [superpoint_node]: Keypoints estratti: 800
[superpoint_node-2] [ERROR] [1768033669.082621073] [superpoint_node]: Errore pubblicazione keypoints 3D: could not assign tuple of length 3 to structure with 4 fields.
[superpoint_node-2] [INFO] [1768033669.170484362] [superpoint_node]: Keypoints estratti: 800
[superpoint_node-2] [ERROR] [1768033669.177199804] [superpoint_node]: Errore pubblicazione keypoints 3D: could not assign tuple of length 3 to structure with 4 fields.
[superpoint_node-2] [INFO] [1768033669.263243264] [superpoint_node]: Keypoints estratti: 800
[superpoint_node-2] [ERROR] [1768033669.269509277] [superpoint_node]: Errore pubblicazione keypoints 3D: could not assign tuple of length 3 to structure with 4 fields.
[rtabmap-14] [INFO] [1768033669.359538806] [rtabmap]: rtabmap (384): Rate=0.50s, Limit=0.001s, Conversion=0.0002s, RTAB-Map=0.0316s, Maps update=0.0006s pub=0.0040s delay=0.0503s (local map=0, WM=0)
[superpoint_node-2] [INFO] [1768033669.417882861] [superpoint_node]: Keypoints estratti: 800
[superpoint_node-2] [ERROR] [1768033669.424957788] [superpoint_node]: Errore pubblicazione keypoints 3D: could not assign tuple of length 3 to structure with 4 fields.
[superpoint_node-2] [INFO] [1768033669.516078492] [superpoint_node]: Keypoints estratti: 800
[superpoint_node-2] [ERROR] [1768033669.522479542] [superpoint_node]: Errore pubblicazione keypoints 3D: could not assign tuple of length 3 to structure with 4 fields.
[superpoint_node-2] [INFO] [1768033669.616582122] [superpoint_node]: Keypoints estratti: 800
[superpoint_node-2] [ERROR] [1768033669.623338787] [superpoint_node]: Errore pubblicazione keypoints 3D: could not assign tuple of length 3 to structure with 4 fields.
[superpoint_node-2] [INFO] [1768033669.715872557] [superpoint_node]: Keypoints estratti: 800
[superpoint_node-2] [ERROR] [1768033669.722114885] [superpoint_node]: Errore pubblicazione keypoints 3D: could not assign tuple of length 3 to structure with 4 fields.
[superpoint_node-2] [INFO] [1768033669.816806617] [superpoint_node]: Keypoints estratti: 800
[superpoint_node-2] [ERROR] [1768033669.823376391] [superpoint_node]: Errore pubblicazione keypoints 3D: could not assign tuple of length 3 to structure with 4 fields.
[superpoint_node-2] [INFO] [1768033669.918635406] [superpoint_node]: Keypoints estratti: 800
[superpoint_node-2] [ERROR] [1768033669.926305152] [superpoint_node]: Errore pubblicazione keypoints 3D: could not assign tuple of length 3 to structure with 4 fields.
[rtabmap-14] [INFO] [1768033669.937060886] [rtabmap]: rtabmap (385): Rate=0.50s, Limit=0.001s, Conversion=0.0003s, RTAB-Map=0.0206s, Maps update=0.0003s pub=0.0025s delay=0.0677s (local map=0, WM=0)
[superpoint_node-2] [INFO] [1768033670.020222971] [superpoint_node]: Keypoints estratti: 800
[superpoint_node-2] [ERROR] [1768033670.026861209] [superpoint_node]: Errore pubblicazione keypoints 3D: could not assign tuple of length 3 to structure with 4 fields.
[superpoint_node-2] [INFO] [1768033670.118529991] [superpoint_node]: Keypoints estratti: 800
[superpoint_node-2] [ERROR] [1768033670.125016857] [superpoint_node]: Errore pubblicazione keypoints 3D: could not assign tuple of length 3 to structure with 4 fields.
[superpoint_node-2] [INFO] [1768033670.217611721] [superpoint_node]: Keypoints estratti: 800
[superpoint_node-2] [ERROR] [1768033670.224257737] [superpoint_node]: Errore pubblicazione keypoints 3D: could not assign tuple of length 3 to structure with 4 fields.
[superpoint_node-2] [INFO] [1768033670.315307681] [superpoint_node]: Keypoints estratti: 800
[superpoint_node-2] [ERROR] [1768033670.322002938] [superpoint_node]: Errore pubblicazione keypoints 3D: could not assign tuple of length 3 to structure with 4 fields.
[superpoint_node-2] [INFO] [1768033670.423217148] [superpoint_node]: Keypoints estratti: 800
[superpoint_node-2] [ERROR] [1768033670.431645715] [superpoint_node]: Errore pubblicazione keypoints 3D: could not assign tuple of length 3 to structure with 4 fields.
[rtabmap-14] [INFO] [1768033670.448795462] [rtabmap]: rtabmap (386): Rate=0.50s, Limit=0.001s, Conversion=0.0002s, RTAB-Map=0.0341s, Maps update=0.0003s pub=0.0012s delay=0.0793s (local map=0, WM=0)
[superpoint_node-2] [INFO] [1768033670.522962550] [superpoint_node]: Keypoints estratti: 800
[superpoint_node-2] [ERROR] [1768033670.529316656] [superpoint_node]: Errore pubblicazione keypoints 3D: could not assign tuple of length 3 to structure with 4 fields.
[superpoint_node-2] [INFO] [1768033670.617716690] [superpoint_node]: Keypoints estratti: 800
[superpoint_node-2] [ERROR] [1768033670.624301576] [superpoint_node]: Errore pubblicazione keypoints 3D: could not assign tuple of length 3 to structure with 4 fields.
[superpoint_node-2] [INFO] [1768033670.717081867] [superpoint_node]: Keypoints estratti: 800
[superpoint_node-2] [ERROR] [1768033670.723807569] [superpoint_node]: Errore pubblicazione keypoints 3D: could not assign tuple of length 3 to structure with 4 fields.
[superpoint_node-2] [INFO] [1768033670.819484105] [superpoint_node]: Keypoints estratti: 800
[superpoint_node-2] [ERROR] [1768033670.826216418] [superpoint_node]: Errore pubblicazione keypoints 3D: could not assign tuple of length 3 to structure with 4 fields.
[superpoint_node-2] [INFO] [1768033670.917156139] [superpoint_node]: Keypoints estratti: 800
[superpoint_node-2] [ERROR] [1768033670.924093379] [superpoint_node]: Errore pubblicazione keypoints 3D: could not assign tuple of length 3 to structure with 4 fields.
[superpoint_node-2] [INFO] [1768033671.018876890] [superpoint_node]: Keypoints estratti: 800
[superpoint_node-2] [ERROR] [1768033671.027514366] [superpoint_node]: Errore pubblicazione keypoints 3D: could not assign tuple of length 3 to structure with 4 fields.
[rtabmap-14] [INFO] [1768033671.052426119] [rtabmap]: rtabmap (387): Rate=0.50s, Limit=0.001s, Conversion=0.0004s, RTAB-Map=0.0403s, Maps update=0.0008s pub=0.0009s delay=0.0830s (local map=0, WM=0)
[superpoint_node-2] [INFO] [1768033671.129334155] [superpoint_node]: Keypoints estratti: 800
[superpoint_node-2] [ERROR] [1768033671.136240932] [superpoint_node]: Errore pubblicazione keypoints 3D: could not assign tuple of length 3 to structure with 4 fields.
[superpoint_node-2] [INFO] [1768033671.226513685] [superpoint_node]: Keypoints estratti: 800
[superpoint_node-2] [ERROR] [1768033671.233294202] [superpoint_node]: Errore pubblicazione keypoints 3D: could not assign tuple of length 3 to structure with 4 fields.
[superpoint_node-2] [INFO] [1768033671.325000244] [superpoint_node]: Keypoints estratti: 800
[superpoint_node-2] [ERROR] [1768033671.332016725] [superpoint_node]: Errore pubblicazione keypoints 3D: could not assign tuple of length 3 to structure with 4 fields.
[superpoint_node-2] [INFO] [1768033671.420928930] [superpoint_node]: Keypoints estratti: 800
[superpoint_node-2] [ERROR] [1768033671.428285600] [superpoint_node]: Errore pubblicazione keypoints 3D: could not assign tuple of length 3 to structure with 4 fields.
[rtabmap-14] [INFO] [1768033671.521654081] [rtabmap]: rtabmap (388): Rate=0.50s, Limit=0.001s, Conversion=0.0002s, RTAB-Map=0.0280s, Maps update=0.0019s pub=0.0019s delay=0.0517s (local map=0, WM=0)
[superpoint_node-2] [INFO] [1768033671.522665700] [superpoint_node]: Keypoints estratti: 800
[superpoint_node-2] [ERROR] [1768033671.529450124] [superpoint_node]: Errore pubblicazione keypoints 3D: could not assign tuple of length 3 to structure with 4 fields.
[superpoint_node-2] [INFO] [1768033671.617703972] [superpoint_node]: Keypoints estratti: 800
[superpoint_node-2] [ERROR] [1768033671.624418118] [superpoint_node]: Errore pubblicazione keypoints 3D: could not assign tuple of length 3 to structure with 4 fields.
[superpoint_node-2] [INFO] [1768033671.717353022] [superpoint_node]: Keypoints estratti: 800
[superpoint_node-2] [ERROR] [1768033671.724337447] [superpoint_node]: Errore pubblicazione keypoints 3D: could not assign tuple of length 3 to structure with 4 fields.
[superpoint_node-2] [INFO] [1768033671.817267203] [superpoint_node]: Keypoints estratti: 800
[superpoint_node-2] [ERROR] [1768033671.823755495] [superpoint_node]: Errore pubblicazione keypoints 3D: could not assign tuple of length 3 to structure with 4 fields.
[superpoint_node-2] [INFO] [1768033671.916499564] [superpoint_node]: Keypoints estratti: 800
[superpoint_node-2] [ERROR] [1768033671.923594565] [superpoint_node]: Errore pubblicazione keypoints 3D: could not assign tuple of length 3 to structure with 4 fields.
[superpoint_node-2] [INFO] [1768033672.018414928] [superpoint_node]: Keypoints estratti: 800
[superpoint_node-2] [ERROR] [1768033672.024933961] [superpoint_node]: Errore pubblicazione keypoints 3D: could not assign tuple of length 3 to structure with 4 fields.
[superpoint_node-2] [INFO] [1768033672.117605566] [superpoint_node]: Keypoints estratti: 800
[superpoint_node-2] [ERROR] [1768033672.124518639] [superpoint_node]: Errore pubblicazione keypoints 3D: could not assign tuple of length 3 to structure with 4 fields.
[rtabmap-14] [INFO] [1768033672.159328675] [rtabmap]: rtabmap (389): Rate=0.50s, Limit=0.001s, Conversion=0.0009s, RTAB-Map=0.0423s, Maps update=0.0003s pub=0.0024s delay=0.0896s (local map=0, WM=0)
[superpoint_node-2] [INFO] [1768033672.219942489] [superpoint_node]: Keypoints estratti: 800
[superpoint_node-2] [ERROR] [1768033672.226519059] [superpoint_node]: Errore pubblicazione keypoints 3D: could not assign tuple of length 3 to structure with 4 fields.
[superpoint_node-2] [INFO] [1768033672.319459426] [superpoint_node]: Keypoints estratti: 800
[superpoint_node-2] [ERROR] [1768033672.326002330] [superpoint_node]: Errore pubblicazione keypoints 3D: could not assign tuple of length 3 to structure with 4 fields.
[superpoint_node-2] [INFO] [1768033672.417314128] [superpoint_node]: Keypoints estratti: 800
[superpoint_node-2] [ERROR] [1768033672.423834272] [superpoint_node]: Errore pubblicazione keypoints 3D: could not assign tuple of length 3 to structure with 4 fields.
[superpoint_node-2] [INFO] [1768033672.518672395] [superpoint_node]: Keypoints estratti: 800
[superpoint_node-2] [ERROR] [1768033672.525236243] [superpoint_node]: Errore pubblicazione keypoints 3D: could not assign tuple of length 3 to structure with 4 fields.
[superpoint_node-2] [INFO] [1768033672.618969227] [superpoint_node]: Keypoints estratti: 800
[superpoint_node-2] [ERROR] [1768033672.626559824] [superpoint_node]: Errore pubblicazione keypoints 3D: could not assign tuple of length 3 to structure with 4 fields.
[rtabmap-14] [INFO] [1768033672.636239142] [rtabmap]: rtabmap (390): Rate=0.50s, Limit=0.001s, Conversion=0.0002s, RTAB-Map=0.0192s, Maps update=0.0003s pub=0.0021s delay=0.0665s (local map=0, WM=0)
[superpoint_node-2] [INFO] [1768033672.722187860] [superpoint_node]: Keypoints estratti: 800
[superpoint_node-2] [ERROR] [1768033672.729139601] [superpoint_node]: Errore pubblicazione keypoints 3D: could not assign tuple of length 3 to structure with 4 fields.
[superpoint_node-2] [INFO] [1768033672.823646480] [superpoint_node]: Keypoints estratti: 800
[superpoint_node-2] [ERROR] [1768033672.830452626] [superpoint_node]: Errore pubblicazione keypoints 3D: could not assign tuple of length 3 to structure with 4 fields.
[superpoint_node-2] [INFO] [1768033672.957869637] [superpoint_node]: Keypoints estratti: 800
[superpoint_node-2] [ERROR] [1768033672.964907600] [superpoint_node]: Errore pubblicazione keypoints 3D: could not assign tuple of length 3 to structure with 4 fields.
[superpoint_node-2] [INFO] [1768033673.066153273] [superpoint_node]: Keypoints estratti: 800
[superpoint_node-2] [ERROR] [1768033673.072748122] [superpoint_node]: Errore pubblicazione keypoints 3D: could not assign tuple of length 3 to structure with 4 fields.
[rtabmap-14] [33m[ WARN] (2026-01-10 09:27:48.358) MapsManager.cpp:863::publishMaps() Graph has changed! The whole cloud is regenerated.[0m
[rtabmap-14] [33m[ WARN] (2026-01-10 09:27:48.361) OccupancyGrid.cpp:169::getProbMap() Map info is empty, cannot generate probabilistic occupancy grid[0m
[rtabmap-14] [33m[ WARN] (2026-01-10 09:27:48.838) MapsManager.cpp:863::publishMaps() Graph has changed! The whole cloud is regenerated.[0m
[rtabmap-14] [33m[ WARN] (2026-01-10 09:27:48.839) OccupancyGrid.cpp:169::getProbMap() Map info is empty, cannot generate probabilistic occupancy grid[0m
[rtabmap-14] [33m[ WARN] (2026-01-10 09:27:49.321) CoreWrapper.cpp:1227::odomTFUpdate() Odometry is reset (identity pose detected). Increment map id![0m
[rtabmap-14] [33m[ WARN] (2026-01-10 09:27:49.355) MapsManager.cpp:863::publishMaps() Graph has changed! The whole cloud is regenerated.[0m
[rtabmap-14] [33m[ WARN] (2026-01-10 09:27:49.356) OccupancyGrid.cpp:169::getProbMap() Map info is empty, cannot generate probabilistic occupancy grid[0m
[rtabmap-14] [33m[ WARN] (2026-01-10 09:27:49.934) MapsManager.cpp:863::publishMaps() Graph has changed! The whole cloud is regenerated.[0m
[rtabmap-14] [33m[ WARN] (2026-01-10 09:27:49.935) OccupancyGrid.cpp:169::getProbMap() Map info is empty, cannot generate probabilistic occupancy grid[0m
[rtabmap-14] [33m[ WARN] (2026-01-10 09:27:50.447) MapsManager.cpp:863::publishMaps() Graph has changed! The whole cloud is regenerated.[0m
[rtabmap-14] [33m[ WARN] (2026-01-10 09:27:50.448) OccupancyGrid.cpp:169::getProbMap() Map info is empty, cannot generate probabilistic occupancy grid[0m
[rtabmap-14] [33m[ WARN] (2026-01-10 09:27:51.051) MapsManager.cpp:863::publishMaps() Graph has changed! The whole cloud is regenerated.[0m
[rtabmap-14] [33m[ WARN] (2026-01-10 09:27:51.051) OccupancyGrid.cpp:169::getProbMap() Map info is empty, cannot generate probabilistic occupancy grid[0m
[rtabmap-14] [33m[ WARN] (2026-01-10 09:27:51.519) MapsManager.cpp:863::publishMaps() Graph has changed! The whole cloud is regenerated.[0m
[rtabmap-14] [33m[ WARN] (2026-01-10 09:27:51.520) OccupancyGrid.cpp:169::getProbMap() Map info is empty, cannot generate probabilistic occupancy grid[0m
[rtabmap-14] [33m[ WARN] (2026-01-10 09:27:52.156) MapsManager.cpp:863::publishMaps() Graph has changed! The whole cloud is regenerated.[0m
[rtabmap-14] [33m[ WARN] (2026-01-10 09:27:52.157) OccupancyGrid.cpp:169::getProbMap() Map info is empty, cannot generate probabilistic occupancy grid[0m
[rtabmap-14] [33m[ WARN] (2026-01-10 09:27:52.634) MapsManager.cpp:863::publishMaps() Graph has changed! The whole cloud is regenerated.[0m
[rtabmap-14] [33m[ WARN] (2026-01-10 09:27:52.635) OccupancyGrid.cpp:169::getProbMap() Map info is empty, cannot generate probabilistic occupancy grid[0m
[superpoint_node-2] [INFO] [1768033673.162894948] [superpoint_node]: Keypoints estratti: 800
[superpoint_node-2] [ERROR] [1768033673.169544926] [superpoint_node]: Errore pubblicazione keypoints 3D: could not assign tuple of length 3 to structure with 4 fields.
[rtabmap-14] [INFO] [1768033673.202592707] [rtabmap]: rtabmap (391): Rate=0.50s, Limit=0.001s, Conversion=0.0003s, RTAB-Map=0.0240s, Maps update=0.0003s pub=0.0014s delay=0.0875s (local map=0, WM=0)
[superpoint_node-2] [INFO] [1768033673.263310596] [superpoint_node]: Keypoints estratti: 800
[superpoint_node-2] [ERROR] [1768033673.269816555] [superpoint_node]: Errore pubblicazione keypoints 3D: could not assign tuple of length 3 to structure with 4 fields.
[superpoint_node-2] [INFO] [1768033673.359749935] [superpoint_node]: Keypoints estratti: 800
[superpoint_node-2] [ERROR] [1768033673.366312209] [superpoint_node]: Errore pubblicazione keypoints 3D: could not assign tuple of length 3 to structure with 4 fields.
[superpoint_node-2] [INFO] [1768033673.456747704] [superpoint_node]: Keypoints estratti: 800
[superpoint_node-2] [ERROR] [1768033673.463494369] [superpoint_node]: Errore pubblicazione keypoints 3D: could not assign tuple of length 3 to structure with 4 fields.
[superpoint_node-2] [INFO] [1768033673.552578408] [superpoint_node]: Keypoints estratti: 800
[superpoint_node-2] [ERROR] [1768033673.559094571] [superpoint_node]: Errore pubblicazione keypoints 3D: could not assign tuple of length 3 to structure with 4 fields.
[superpoint_node-2] [INFO] [1768033673.648950562] [superpoint_node]: Keypoints estratti: 800
[superpoint_node-2] [ERROR] [1768033673.656150711] [superpoint_node]: Errore pubblicazione keypoints 3D: could not assign tuple of length 3 to structure with 4 fields.
[superpoint_node-2] [INFO] [1768033673.751518449] [superpoint_node]: Keypoints estratti: 800
[superpoint_node-2] [ERROR] [1768033673.759939812] [superpoint_node]: Errore pubblicazione keypoints 3D: could not assign tuple of length 3 to structure with 4 fields.
[rtabmap-14] [INFO] [1768033673.767606114] [rtabmap]: rtabmap (392): Rate=0.50s, Limit=0.001s, Conversion=0.0002s, RTAB-Map=0.0461s, Maps update=0.0006s pub=0.0037s delay=0.0717s (local map=0, WM=0)
[superpoint_node-2] [INFO] [1768033673.854258356] [superpoint_node]: Keypoints estratti: 800
[superpoint_node-2] [ERROR] [1768033673.860783019] [superpoint_node]: Errore pubblicazione keypoints 3D: could not assign tuple of length 3 to structure with 4 fields.
[superpoint_node-2] [INFO] [1768033673.954443114] [superpoint_node]: Keypoints estratti: 800
[superpoint_node-2] [ERROR] [1768033673.960902313] [superpoint_node]: Errore pubblicazione keypoints 3D: could not assign tuple of length 3 to structure with 4 fields.
[superpoint_node-2] [INFO] [1768033674.048415174] [superpoint_node]: Keypoints estratti: 800
[superpoint_node-2] [ERROR] [1768033674.054947892] [superpoint_node]: Errore pubblicazione keypoints 3D: could not assign tuple of length 3 to structure with 4 fields.
[superpoint_node-2] [INFO] [1768033674.144679437] [superpoint_node]: Keypoints estratti: 800
[superpoint_node-2] [ERROR] [1768033674.151823383] [superpoint_node]: Errore pubblicazione keypoints 3D: could not assign tuple of length 3 to structure with 4 fields.
[superpoint_node-2] [INFO] [1768033674.239047667] [superpoint_node]: Keypoints estratti: 800
[superpoint_node-2] [ERROR] [1768033674.246192594] [superpoint_node]: Errore pubblicazione keypoints 3D: could not assign tuple of length 3 to structure with 4 fields.
[superpoint_node-2] [INFO] [1768033674.337762857] [superpoint_node]: Keypoints estratti: 800
[superpoint_node-2] [ERROR] [1768033674.345029970] [superpoint_node]: Errore pubblicazione keypoints 3D: could not assign tuple of length 3 to structure with 4 fields.
[rtabmap-14] [INFO] [1768033674.370705526] [rtabmap]: rtabmap (393): Rate=0.50s, Limit=0.001s, Conversion=0.0003s, RTAB-Map=0.0468s, Maps update=0.0017s pub=0.0072s delay=0.0837s (local map=0, WM=0)
[superpoint_node-2] [INFO] [1768033674.436106711] [superpoint_node]: Keypoints estratti: 800
[superpoint_node-2] [ERROR] [1768033674.443255027] [superpoint_node]: Errore pubblicazione keypoints 3D: could not assign tuple of length 3 to structure with 4 fields.
[superpoint_node-2] [INFO] [1768033674.532411530] [superpoint_node]: Keypoints estratti: 800
[superpoint_node-2] [ERROR] [1768033674.538902860] [superpoint_node]: Errore pubblicazione keypoints 3D: could not assign tuple of length 3 to structure with 4 fields.
[superpoint_node-2] [INFO] [1768033674.626549388] [superpoint_node]: Keypoints estratti: 800
[superpoint_node-2] [ERROR] [1768033674.633116885] [superpoint_node]: Errore pubblicazione keypoints 3D: could not assign tuple of length 3 to structure with 4 fields.
[superpoint_node-2] [INFO] [1768033674.721123046] [superpoint_node]: Keypoints estratti: 800
[superpoint_node-2] [ERROR] [1768033674.728036656] [superpoint_node]: Errore pubblicazione keypoints 3D: could not assign tuple of length 3 to structure with 4 fields.
[superpoint_node-2] [INFO] [1768033674.817877572] [superpoint_node]: Keypoints estratti: 800
[superpoint_node-2] [ERROR] [1768033674.824566199] [superpoint_node]: Errore pubblicazione keypoints 3D: could not assign tuple of length 3 to structure with 4 fields.
[superpoint_node-2] [INFO] [1768033674.919896677] [superpoint_node]: Keypoints estratti: 800
[superpoint_node-2] [ERROR] [1768033674.928605432] [superpoint_node]: Errore pubblicazione keypoints 3D: could not assign tuple of length 3 to structure with 4 fields.
[rtabmap-14] [INFO] [1768033674.960314905] [rtabmap]: rtabmap (394): Rate=0.50s, Limit=0.001s, Conversion=0.0010s, RTAB-Map=0.0435s, Maps update=0.0044s pub=0.0027s delay=0.0909s (local map=0, WM=0)
[superpoint_node-2] [INFO] [1768033675.024920955] [superpoint_node]: Keypoints estratti: 800
[superpoint_node-2] [ERROR] [1768033675.031705583] [superpoint_node]: Errore pubblicazione keypoints 3D: could not assign tuple of length 3 to structure with 4 fields.
[superpoint_node-2] [INFO] [1768033675.123920036] [superpoint_node]: Keypoints estratti: 800
[superpoint_node-2] [ERROR] [1768033675.130865832] [superpoint_node]: Errore pubblicazione keypoints 3D: could not assign tuple of length 3 to structure with 4 fields.
[superpoint_node-2] [INFO] [1768033675.219333348] [superpoint_node]: Keypoints estratti: 800
[superpoint_node-2] [ERROR] [1768033675.225942160] [superpoint_node]: Errore pubblicazione keypoints 3D: could not assign tuple of length 3 to structure with 4 fields.
[superpoint_node-2] [INFO] [1768033675.317394682] [superpoint_node]: Keypoints estratti: 800
[superpoint_node-2] [ERROR] [1768033675.323842936] [superpoint_node]: Errore pubblicazione keypoints 3D: could not assign tuple of length 3 to structure with 4 fields.
[superpoint_node-2] [INFO] [1768033675.415931500] [superpoint_node]: Keypoints estratti: 800
[superpoint_node-2] [ERROR] [1768033675.422921185] [superpoint_node]: Errore pubblicazione keypoints 3D: could not assign tuple of length 3 to structure with 4 fields.
[rtabmap-14] [INFO] [1768033675.464590923] [rtabmap]: rtabmap (395): Rate=0.50s, Limit=0.001s, Conversion=0.0002s, RTAB-Map=0.0382s, Maps update=0.0003s pub=0.0074s delay=0.0950s (local map=0, WM=0)
[superpoint_node-2] [INFO] [1768033675.518844335] [superpoint_node]: Keypoints estratti: 800
[superpoint_node-2] [ERROR] [1768033675.525666037] [superpoint_node]: Errore pubblicazione keypoints 3D: could not assign tuple of length 3 to structure with 4 fields.
[superpoint_node-2] [INFO] [1768033675.620526160] [superpoint_node]: Keypoints estratti: 800
[superpoint_node-2] [ERROR] [1768033675.627262472] [superpoint_node]: Errore pubblicazione keypoints 3D: could not assign tuple of length 3 to structure with 4 fields.
[superpoint_node-2] [INFO] [1768033675.738116185] [superpoint_node]: Keypoints estratti: 800
[superpoint_node-2] [ERROR] [1768033675.752648800] [superpoint_node]: Errore pubblicazione keypoints 3D: could not assign tuple of length 3 to structure with 4 fields.
[superpoint_node-2] [INFO] [1768033675.843475224] [superpoint_node]: Keypoints estratti: 800
[superpoint_node-2] [ERROR] [1768033675.850843819] [superpoint_node]: Errore pubblicazione keypoints 3D: could not assign tuple of length 3 to structure with 4 fields.
[superpoint_node-2] [INFO] [1768033675.948933856] [superpoint_node]: Keypoints estratti: 800
[superpoint_node-2] [ERROR] [1768033675.956250785] [superpoint_node]: Errore pubblicazione keypoints 3D: could not assign tuple of length 3 to structure with 4 fields.
[rtabmap-14] [INFO] [1768033675.959618886] [rtabmap]: rtabmap (396): Rate=0.50s, Limit=0.001s, Conversion=0.0003s, RTAB-Map=0.0450s, Maps update=0.0024s pub=0.0026s delay=0.0668s (local map=0, WM=0)
[superpoint_node-2] [INFO] [1768033676.044319131] [superpoint_node]: Keypoints estratti: 800
[superpoint_node-2] [ERROR] [1768033676.051966433] [superpoint_node]: Errore pubblicazione keypoints 3D: could not assign tuple of length 3 to structure with 4 fields.
[superpoint_node-2] [INFO] [1768033676.142369205] [superpoint_node]: Keypoints estratti: 800
[superpoint_node-2] [ERROR] [1768033676.151018681] [superpoint_node]: Errore pubblicazione keypoints 3D: could not assign tuple of length 3 to structure with 4 fields.
[superpoint_node-2] [INFO] [1768033676.237746499] [superpoint_node]: Keypoints estratti: 800
[superpoint_node-2] [ERROR] [1768033676.244626424] [superpoint_node]: Errore pubblicazione keypoints 3D: could not assign tuple of length 3 to structure with 4 fields.
[superpoint_node-2] [INFO] [1768033676.330936164] [superpoint_node]: Keypoints estratti: 800
[superpoint_node-2] [ERROR] [1768033676.338356926] [superpoint_node]: Errore pubblicazione keypoints 3D: could not assign tuple of length 3 to structure with 4 fields.
[superpoint_node-2] [INFO] [1768033676.431140069] [superpoint_node]: Keypoints estratti: 800
[superpoint_node-2] [ERROR] [1768033676.437580417] [superpoint_node]: Errore pubblicazione keypoints 3D: could not assign tuple of length 3 to structure with 4 fields.
[superpoint_node-2] [INFO] [1768033676.526217786] [superpoint_node]: Keypoints estratti: 800
[superpoint_node-2] [ERROR] [1768033676.533793513] [superpoint_node]: Errore pubblicazione keypoints 3D: could not assign tuple of length 3 to structure with 4 fields.
[rtabmap-14] [INFO] [1768033676.600208744] [rtabmap]: rtabmap (397): Rate=0.50s, Limit=0.001s, Conversion=0.0002s, RTAB-Map=0.0498s, Maps update=0.0021s pub=0.0042s delay=0.1202s (local map=0, WM=0)
[superpoint_node-2] [INFO] [1768033676.631047544] [superpoint_node]: Keypoints estratti: 800
[superpoint_node-2] [ERROR] [1768033676.637681874] [superpoint_node]: Errore pubblicazione keypoints 3D: could not assign tuple of length 3 to structure with 4 fields.
[superpoint_node-2] [INFO] [1768033676.729308415] [superpoint_node]: Keypoints estratti: 800
[superpoint_node-2] [ERROR] [1768033676.736888827] [superpoint_node]: Errore pubblicazione keypoints 3D: could not assign tuple of length 3 to structure with 4 fields.
[superpoint_node-2] [INFO] [1768033676.830091900] [superpoint_node]: Keypoints estratti: 800
[superpoint_node-2] [ERROR] [1768033676.836685230] [superpoint_node]: Errore pubblicazione keypoints 3D: could not assign tuple of length 3 to structure with 4 fields.
[superpoint_node-2] [INFO] [1768033676.927002187] [superpoint_node]: Keypoints estratti: 800
[superpoint_node-2] [ERROR] [1768033676.934708248] [superpoint_node]: Errore pubblicazione keypoints 3D: could not assign tuple of length 3 to structure with 4 fields.
[superpoint_node-2] [INFO] [1768033677.025131780] [superpoint_node]: Keypoints estratti: 800
[superpoint_node-2] [ERROR] [1768033677.032066354] [superpoint_node]: Errore pubblicazione keypoints 3D: could not assign tuple of length 3 to structure with 4 fields.
[superpoint_node-2] [INFO] [1768033677.122164531] [superpoint_node]: Keypoints estratti: 800
[superpoint_node-2] [ERROR] [1768033677.129213809] [superpoint_node]: Errore pubblicazione keypoints 3D: could not assign tuple of length 3 to structure with 4 fields.
[rtabmap-14] [INFO] [1768033677.161159007] [rtabmap]: rtabmap (398): Rate=0.50s, Limit=0.001s, Conversion=0.0003s, RTAB-Map=0.0408s, Maps update=0.0004s pub=0.0041s delay=0.0884s (local map=0, WM=0)
[superpoint_node-2] [INFO] [1768033677.222433567] [superpoint_node]: Keypoints estratti: 800
[superpoint_node-2] [ERROR] [1768033677.229001619] [superpoint_node]: Errore pubblicazione keypoints 3D: could not assign tuple of length 3 to structure with 4 fields.
[superpoint_node-2] [INFO] [1768033677.316838445] [superpoint_node]: Keypoints estratti: 800
[superpoint_node-2] [ERROR] [1768033677.323483739] [superpoint_node]: Errore pubblicazione keypoints 3D: could not assign tuple of length 3 to structure with 4 fields.
[foxglove_bridge-12] [INFO] [1768033677.395074306] [foxglove_bridge]: received subscribe request for channel 22 from client 1 (sink 1)
[foxglove_bridge-12] [INFO] [1768033677.417262760] [foxglove_bridge]: created ROS subscription on /superpoint/markers (visualization_msgs/msg/MarkerArray) successfully for channel 22 (client 1, sink 1)
[superpoint_node-2] [INFO] [1768033677.423372420] [superpoint_node]: Keypoints estratti: 800
[superpoint_node-2] [ERROR] [1768033677.430461569] [superpoint_node]: Errore pubblicazione keypoints 3D: could not assign tuple of length 3 to structure with 4 fields.
[foxglove_bridge-12] [INFO] [1768033677.438653763] [foxglove_bridge]: publishing connection graph
[superpoint_node-2] [INFO] [1768033677.523700419] [superpoint_node]: Keypoints estratti: 800
[superpoint_node-2] [ERROR] [1768033677.530339509] [superpoint_node]: Errore pubblicazione keypoints 3D: could not assign tuple of length 3 to structure with 4 fields.
[superpoint_node-2] [INFO] [1768033677.619916127] [superpoint_node]: Keypoints estratti: 800
[superpoint_node-2] [ERROR] [1768033677.626662124] [superpoint_node]: Errore pubblicazione keypoints 3D: could not assign tuple of length 3 to structure with 4 fields.
[superpoint_node-2] [INFO] [1768033677.719115376] [superpoint_node]: Keypoints estratti: 800
[superpoint_node-2] [ERROR] [1768033677.725971819] [superpoint_node]: Errore pubblicazione keypoints 3D: could not assign tuple of length 3 to structure with 4 fields.
[rtabmap-14] [INFO] [1768033677.758612615] [rtabmap]: rtabmap (399): Rate=0.50s, Limit=0.001s, Conversion=0.0006s, RTAB-Map=0.0400s, Maps update=0.0010s pub=0.0026s delay=0.0887s (local map=0, WM=0)
[superpoint_node-2] [INFO] [1768033677.821686449] [superpoint_node]: Keypoints estratti: 800
[superpoint_node-2] [ERROR] [1768033677.828109389] [superpoint_node]: Errore pubblicazione keypoints 3D: could not assign tuple of length 3 to structure with 4 fields.
[superpoint_node-2] [INFO] [1768033677.919086832] [superpoint_node]: Keypoints estratti: 800
[superpoint_node-2] [ERROR] [1768033677.925640403] [superpoint_node]: Errore pubblicazione keypoints 3D: could not assign tuple of length 3 to structure with 4 fields.
[superpoint_node-2] [INFO] [1768033678.019802483] [superpoint_node]: Keypoints estratti: 800
[superpoint_node-2] [ERROR] [1768033678.026464980] [superpoint_node]: Errore pubblicazione keypoints 3D: could not assign tuple of length 3 to structure with 4 fields.
[superpoint_node-2] [INFO] [1768033678.117169200] [superpoint_node]: Keypoints estratti: 800
[superpoint_node-2] [ERROR] [1768033678.123815808] [superpoint_node]: Errore pubblicazione keypoints 3D: could not assign tuple of length 3 to structure with 4 fields.
[rtabmap-14] [33m[ WARN] (2026-01-10 09:27:53.201) MapsManager.cpp:863::publishMaps() Graph has changed! The whole cloud is regenerated.[0m
[rtabmap-14] [33m[ WARN] (2026-01-10 09:27:53.201) OccupancyGrid.cpp:169::getProbMap() Map info is empty, cannot generate probabilistic occupancy grid[0m
[rtabmap-14] [33m[ WARN] (2026-01-10 09:27:53.763) MapsManager.cpp:863::publishMaps() Graph has changed! The whole cloud is regenerated.[0m
[rtabmap-14] [33m[ WARN] (2026-01-10 09:27:53.767) OccupancyGrid.cpp:169::getProbMap() Map info is empty, cannot generate probabilistic occupancy grid[0m
[rtabmap-14] [33m[ WARN] (2026-01-10 09:27:54.363) MapsManager.cpp:863::publishMaps() Graph has changed! The whole cloud is regenerated.[0m
[rtabmap-14] [33m[ WARN] (2026-01-10 09:27:54.365) OccupancyGrid.cpp:169::getProbMap() Map info is empty, cannot generate probabilistic occupancy grid[0m
[rtabmap-14] [33m[ WARN] (2026-01-10 09:27:54.957) MapsManager.cpp:863::publishMaps() Graph has changed! The whole cloud is regenerated.[0m
[rtabmap-14] [33m[ WARN] (2026-01-10 09:27:54.959) OccupancyGrid.cpp:169::getProbMap() Map info is empty, cannot generate probabilistic occupancy grid[0m
[rtabmap-14] [33m[ WARN] (2026-01-10 09:27:55.457) MapsManager.cpp:863::publishMaps() Graph has changed! The whole cloud is regenerated.[0m
[rtabmap-14] [33m[ WARN] (2026-01-10 09:27:55.462) OccupancyGrid.cpp:169::getProbMap() Map info is empty, cannot generate probabilistic occupancy grid[0m
[rtabmap-14] [33m[ WARN] (2026-01-10 09:27:55.956) MapsManager.cpp:863::publishMaps() Graph has changed! The whole cloud is regenerated.[0m
[rtabmap-14] [33m[ WARN] (2026-01-10 09:27:55.957) OccupancyGrid.cpp:169::getProbMap() Map info is empty, cannot generate probabilistic occupancy grid[0m
[rtabmap-14] [33m[ WARN] (2026-01-10 09:27:56.596) MapsManager.cpp:863::publishMaps() Graph has changed! The whole cloud is regenerated.[0m
[rtabmap-14] [33m[ WARN] (2026-01-10 09:27:56.596) OccupancyGrid.cpp:169::getProbMap() Map info is empty, cannot generate probabilistic occupancy grid[0m
[rtabmap-14] [33m[ WARN] (2026-01-10 09:27:57.156) MapsManager.cpp:863::publishMaps() Graph has changed! The whole cloud is regenerated.[0m
[rtabmap-14] [33m[ WARN] (2026-01-10 09:27:57.160) OccupancyGrid.cpp:169::getProbMap() Map info is empty, cannot generate probabilistic occupancy grid[0m
[rtabmap-14] [33m[ WARN] (2026-01-10 09:27:57.754) MapsManager.cpp:863::publishMaps() Graph has changed! The whole cloud is regenerated.[0m
[rtabmap-14] [33m[ WARN] (2026-01-10 09:27:57.755) OccupancyGrid.cpp:169::getProbMap() Map info is empty, cannot generate probabilistic occupancy grid[0m
[superpoint_node-2] [INFO] [1768033678.219449918] [superpoint_node]: Keypoints estratti: 800
[superpoint_node-2] [ERROR] [1768033678.225833284] [superpoint_node]: Errore pubblicazione keypoints 3D: could not assign tuple of length 3 to structure with 4 fields.
[superpoint_node-2] [INFO] [1768033678.316643967] [superpoint_node]: Keypoints estratti: 800
[superpoint_node-2] [ERROR] [1768033678.323343538] [superpoint_node]: Errore pubblicazione keypoints 3D: could not assign tuple of length 3 to structure with 4 fields.
[rtabmap-14] [INFO] [1768033678.340318377] [rtabmap]: rtabmap (400): Rate=0.50s, Limit=0.001s, Conversion=0.0003s, RTAB-Map=0.0199s, Maps update=0.0002s pub=0.0028s delay=0.0709s (local map=0, WM=0)
[superpoint_node-2] [INFO] [1768033678.419829896] [superpoint_node]: Keypoints estratti: 800
[superpoint_node-2] [ERROR] [1768033678.426282966] [superpoint_node]: Errore pubblicazione keypoints 3D: could not assign tuple of length 3 to structure with 4 fields.
[superpoint_node-2] [INFO] [1768033678.517123260] [superpoint_node]: Keypoints estratti: 800
[superpoint_node-2] [ERROR] [1768033678.523724813] [superpoint_node]: Errore pubblicazione keypoints 3D: could not assign tuple of length 3 to structure with 4 fields.
[superpoint_node-2] [INFO] [1768033678.619525832] [superpoint_node]: Keypoints estratti: 800
[superpoint_node-2] [ERROR] [1768033678.626092828] [superpoint_node]: Errore pubblicazione keypoints 3D: could not assign tuple of length 3 to structure with 4 fields.
[superpoint_node-2] [INFO] [1768033678.717253773] [superpoint_node]: Keypoints estratti: 800
[superpoint_node-2] [ERROR] [1768033678.723786899] [superpoint_node]: Errore pubblicazione keypoints 3D: could not assign tuple of length 3 to structure with 4 fields.
[rtabmap-14] [INFO] [1768033678.811855764] [rtabmap]: rtabmap (401): Rate=0.50s, Limit=0.001s, Conversion=0.0003s, RTAB-Map=0.0264s, Maps update=0.0004s pub=0.0016s delay=0.0424s (local map=0, WM=0)
[superpoint_node-2] [INFO] [1768033678.822553775] [superpoint_node]: Keypoints estratti: 800
[superpoint_node-2] [ERROR] [1768033678.828964789] [superpoint_node]: Errore pubblicazione keypoints 3D: could not assign tuple of length 3 to structure with 4 fields.
[superpoint_node-2] [INFO] [1768033678.919078133] [superpoint_node]: Keypoints estratti: 800
[superpoint_node-2] [ERROR] [1768033678.925360942] [superpoint_node]: Errore pubblicazione keypoints 3D: could not assign tuple of length 3 to structure with 4 fields.
[superpoint_node-2] [INFO] [1768033679.020982219] [superpoint_node]: Keypoints estratti: 800
[superpoint_node-2] [ERROR] [1768033679.028219554] [superpoint_node]: Errore pubblicazione keypoints 3D: could not assign tuple of length 3 to structure with 4 fields.
[superpoint_node-2] [INFO] [1768033679.117940340] [superpoint_node]: Keypoints estratti: 800
[superpoint_node-2] [ERROR] [1768033679.125061933] [superpoint_node]: Errore pubblicazione keypoints 3D: could not assign tuple of length 3 to structure with 4 fields.
[superpoint_node-2] [INFO] [1768033679.218745917] [superpoint_node]: Keypoints estratti: 800
[superpoint_node-2] [ERROR] [1768033679.225142894] [superpoint_node]: Errore pubblicazione keypoints 3D: could not assign tuple of length 3 to structure with 4 fields.
[superpoint_node-2] [INFO] [1768033679.320880801] [superpoint_node]: Keypoints estratti: 800
[superpoint_node-2] [ERROR] [1768033679.328559825] [superpoint_node]: Errore pubblicazione keypoints 3D: could not assign tuple of length 3 to structure with 4 fields.
[rtabmap-14] [INFO] [1768033679.337945214] [rtabmap]: rtabmap (402): Rate=0.50s, Limit=0.001s, Conversion=0.0003s, RTAB-Map=0.0228s, Maps update=0.0003s pub=0.0023s delay=0.0683s (local map=0, WM=0)
[superpoint_node-2] [INFO] [1768033679.423301188] [superpoint_node]: Keypoints estratti: 800
[superpoint_node-2] [ERROR] [1768033679.429776609] [superpoint_node]: Errore pubblicazione keypoints 3D: could not assign tuple of length 3 to structure with 4 fields.
[superpoint_node-2] [INFO] [1768033679.520188900] [superpoint_node]: Keypoints estratti: 800
[superpoint_node-2] [ERROR] [1768033679.527418958] [superpoint_node]: Errore pubblicazione keypoints 3D: could not assign tuple of length 3 to structure with 4 fields.
[superpoint_node-2] [INFO] [1768033679.618372790] [superpoint_node]: Keypoints estratti: 800
[superpoint_node-2] [ERROR] [1768033679.624871323] [superpoint_node]: Errore pubblicazione keypoints 3D: could not assign tuple of length 3 to structure with 4 fields.
[superpoint_node-2] [INFO] [1768033679.719855836] [superpoint_node]: Keypoints estratti: 800
[superpoint_node-2] [ERROR] [1768033679.726200627] [superpoint_node]: Errore pubblicazione keypoints 3D: could not assign tuple of length 3 to structure with 4 fields.
[foxglove_bridge-12] [INFO] [1768033679.731588892] [foxglove_bridge]: received subscribe request for channel 21 from client 1 (sink 1)
[foxglove_bridge-12] [INFO] [1768033679.737487957] [foxglove_bridge]: created ROS subscription on /superpoint/matches_3d (sensor_msgs/msg/PointCloud2) successfully for channel 21 (client 1, sink 1)
[foxglove_bridge-12] [INFO] [1768033679.760822198] [foxglove_bridge]: publishing connection graph
[superpoint_node-2] [INFO] [1768033679.816672844] [superpoint_node]: Keypoints estratti: 800
[superpoint_node-2] [ERROR] [1768033679.823294989] [superpoint_node]: Errore pubblicazione keypoints 3D: could not assign tuple of length 3 to structure with 4 fields.
[superpoint_node-2] [INFO] [1768033679.920114516] [superpoint_node]: Keypoints estratti: 800
[superpoint_node-2] [ERROR] [1768033679.928150802] [superpoint_node]: Errore pubblicazione keypoints 3D: could not assign tuple of length 3 to structure with 4 fields.
[rtabmap-14] [INFO] [1768033679.953756024] [rtabmap]: rtabmap (403): Rate=0.50s, Limit=0.001s, Conversion=0.0005s, RTAB-Map=0.0366s, Maps update=0.0003s pub=0.0062s delay=0.0843s (local map=0, WM=0)
[superpoint_node-2] [INFO] [1768033680.023715486] [superpoint_node]: Keypoints estratti: 800
[superpoint_node-2] [ERROR] [1768033680.031098304] [superpoint_node]: Errore pubblicazione keypoints 3D: could not assign tuple of length 3 to structure with 4 fields.
[superpoint_node-2] [INFO] [1768033680.124044560] [superpoint_node]: Keypoints estratti: 800
[superpoint_node-2] [ERROR] [1768033680.131008948] [superpoint_node]: Errore pubblicazione keypoints 3D: could not assign tuple of length 3 to structure with 4 fields.
[superpoint_node-2] [INFO] [1768033680.222082800] [superpoint_node]: Keypoints estratti: 800
[superpoint_node-2] [ERROR] [1768033680.229708046] [superpoint_node]: Errore pubblicazione keypoints 3D: could not assign tuple of length 3 to structure with 4 fields.
[superpoint_node-2] [INFO] [1768033680.321940296] [superpoint_node]: Keypoints estratti: 800
[superpoint_node-2] [ERROR] [1768033680.329007593] [superpoint_node]: Errore pubblicazione keypoints 3D: could not assign tuple of length 3 to structure with 4 fields.
[superpoint_node-2] [INFO] [1768033680.459113754] [superpoint_node]: Keypoints estratti: 800
[superpoint_node-2] [ERROR] [1768033680.466432442] [superpoint_node]: Errore pubblicazione keypoints 3D: could not assign tuple of length 3 to structure with 4 fields.
[rtabmap-14] [INFO] [1768033680.500331525] [rtabmap]: rtabmap (404): Rate=0.50s, Limit=0.001s, Conversion=0.0007s, RTAB-Map=0.0433s, Maps update=0.0028s pub=0.0030s delay=0.0944s (local map=0, WM=0)
[superpoint_node-2] [INFO] [1768033680.562032441] [superpoint_node]: Keypoints estratti: 800
[superpoint_node-2] [ERROR] [1768033680.568976403] [superpoint_node]: Errore pubblicazione keypoints 3D: could not assign tuple of length 3 to structure with 4 fields.
[superpoint_node-2] [INFO] [1768033680.660472388] [superpoint_node]: Keypoints estratti: 800
[superpoint_node-2] [ERROR] [1768033680.667287294] [superpoint_node]: Errore pubblicazione keypoints 3D: could not assign tuple of length 3 to structure with 4 fields.
[superpoint_node-2] [INFO] [1768033680.759604007] [superpoint_node]: Keypoints estratti: 800
[superpoint_node-2] [ERROR] [1768033680.766489358] [superpoint_node]: Errore pubblicazione keypoints 3D: could not assign tuple of length 3 to structure with 4 fields.
[superpoint_node-2] [INFO] [1768033680.858991222] [superpoint_node]: Keypoints estratti: 800
[superpoint_node-2] [ERROR] [1768033680.865598330] [superpoint_node]: Errore pubblicazione keypoints 3D: could not assign tuple of length 3 to structure with 4 fields.
[superpoint_node-2] [INFO] [1768033680.957709764] [superpoint_node]: Keypoints estratti: 800
[superpoint_node-2] [ERROR] [1768033680.965529492] [superpoint_node]: Errore pubblicazione keypoints 3D: could not assign tuple of length 3 to structure with 4 fields.
[rtabmap-14] [INFO] [1768033680.991133677] [rtabmap]: rtabmap (405): Rate=0.50s, Limit=0.001s, Conversion=0.0005s, RTAB-Map=0.0361s, Maps update=0.0005s pub=0.0016s delay=0.0835s (local map=0, WM=0)
[superpoint_node-2] [INFO] [1768033681.063166248] [superpoint_node]: Keypoints estratti: 800
[superpoint_node-2] [ERROR] [1768033681.070297472] [superpoint_node]: Errore pubblicazione keypoints 3D: could not assign tuple of length 3 to structure with 4 fields.
[superpoint_node-2] [INFO] [1768033681.220900073] [superpoint_node]: Keypoints estratti: 800
[superpoint_node-2] [ERROR] [1768033681.227920073] [superpoint_node]: Errore pubblicazione keypoints 3D: could not assign tuple of length 3 to structure with 4 fields.
[superpoint_node-2] [INFO] [1768033681.321335833] [superpoint_node]: Keypoints estratti: 800
[superpoint_node-2] [ERROR] [1768033681.328160942] [superpoint_node]: Errore pubblicazione keypoints 3D: could not assign tuple of length 3 to structure with 4 fields.
[superpoint_node-2] [INFO] [1768033681.422538395] [superpoint_node]: Keypoints estratti: 800
[superpoint_node-2] [ERROR] [1768033681.429482672] [superpoint_node]: Errore pubblicazione keypoints 3D: could not assign tuple of length 3 to structure with 4 fields.
[superpoint_node-2] [INFO] [1768033681.523040229] [superpoint_node]: Keypoints estratti: 800
[superpoint_node-2] [ERROR] [1768033681.530101970] [superpoint_node]: Errore pubblicazione keypoints 3D: could not assign tuple of length 3 to structure with 4 fields.
[rtabmap-14] [INFO] [1768033681.559603037] [rtabmap]: rtabmap (406): Rate=0.50s, Limit=0.001s, Conversion=0.0006s, RTAB-Map=0.0396s, Maps update=0.0003s pub=0.0014s delay=0.0863s (local map=0, WM=0)
[superpoint_node-2] [INFO] [1768033681.628921606] [superpoint_node]: Keypoints estratti: 800
[superpoint_node-2] [ERROR] [1768033681.636838668] [superpoint_node]: Errore pubblicazione keypoints 3D: could not assign tuple of length 3 to structure with 4 fields.
[superpoint_node-2] [INFO] [1768033681.727806279] [superpoint_node]: Keypoints estratti: 800
[superpoint_node-2] [ERROR] [1768033681.735165578] [superpoint_node]: Errore pubblicazione keypoints 3D: could not assign tuple of length 3 to structure with 4 fields.
[superpoint_node-2] [INFO] [1768033681.826358894] [superpoint_node]: Keypoints estratti: 800
[superpoint_node-2] [ERROR] [1768033681.833172318] [superpoint_node]: Errore pubblicazione keypoints 3D: could not assign tuple of length 3 to structure with 4 fields.
[superpoint_node-2] [INFO] [1768033681.924287485] [superpoint_node]: Keypoints estratti: 800
[superpoint_node-2] [ERROR] [1768033681.931387060] [superpoint_node]: Errore pubblicazione keypoints 3D: could not assign tuple of length 3 to structure with 4 fields.
[superpoint_node-2] [INFO] [1768033682.022934934] [superpoint_node]: Keypoints estratti: 800
[superpoint_node-2] [ERROR] [1768033682.029823581] [superpoint_node]: Errore pubblicazione keypoints 3D: could not assign tuple of length 3 to structure with 4 fields.
[foxglove_bridge-12] [INFO] [1768033682.116995439] [foxglove_bridge]: received subscribe request for channel 27 from client 1 (sink 1)
[superpoint_node-2] [INFO] [1768033682.124633333] [superpoint_node]: Keypoints estratti: 800
[foxglove_bridge-12] [INFO] [1768033682.129605095] [foxglove_bridge]: created ROS subscription on /superpoint/keypoints_3d (sensor_msgs/msg/PointCloud2) successfully for channel 27 (client 1, sink 1)
[superpoint_node-2] [ERROR] [1768033682.134536893] [superpoint_node]: Errore pubblicazione keypoints 3D: could not assign tuple of length 3 to structure with 4 fields.
[rtabmap-14] [INFO] [1768033682.146233134] [rtabmap]: rtabmap (407): Rate=0.50s, Limit=0.001s, Conversion=0.0004s, RTAB-Map=0.0268s, Maps update=0.0003s pub=0.0011s delay=0.0742s (local map=0, WM=0)
[foxglove_bridge-12] [INFO] [1768033682.151265859] [foxglove_bridge]: publishing connection graph
[superpoint_node-2] [INFO] [1768033682.227364389] [superpoint_node]: Keypoints estratti: 800
[superpoint_node-2] [ERROR] [1768033682.234218591] [superpoint_node]: Errore pubblicazione keypoints 3D: could not assign tuple of length 3 to structure with 4 fields.
[superpoint_node-2] [INFO] [1768033682.327146939] [superpoint_node]: Keypoints estratti: 800
[superpoint_node-2] [ERROR] [1768033682.334174606] [superpoint_node]: Errore pubblicazione keypoints 3D: could not assign tuple of length 3 to structure with 4 fields.
[superpoint_node-2] [INFO] [1768033682.424763806] [superpoint_node]: Keypoints estratti: 800
[superpoint_node-2] [ERROR] [1768033682.432074660] [superpoint_node]: Errore pubblicazione keypoints 3D: could not assign tuple of length 3 to structure with 4 fields.
[superpoint_node-2] [INFO] [1768033682.527552510] [superpoint_node]: Keypoints estratti: 800
[superpoint_node-2] [ERROR] [1768033682.534443880] [superpoint_node]: Errore pubblicazione keypoints 3D: could not assign tuple of length 3 to structure with 4 fields.
[superpoint_node-2] [INFO] [1768033682.625666862] [superpoint_node]: Keypoints estratti: 800
[superpoint_node-2] [ERROR] [1768033682.632637010] [superpoint_node]: Errore pubblicazione keypoints 3D: could not assign tuple of length 3 to structure with 4 fields.
[foxglove_bridge-12] [INFO] [1768033682.677690349] [foxglove_bridge]: publishing connection graph
[rtabmap-14] [INFO] [1768033682.705194400] [rtabmap]: rtabmap (408): Rate=0.50s, Limit=0.001s, Conversion=0.0002s, RTAB-Map=0.0505s, Maps update=0.0004s pub=0.0028s delay=0.1273s (local map=0, WM=0)
[superpoint_node-2] [INFO] [1768033682.732141003] [superpoint_node]: Keypoints estratti: 800
[superpoint_node-2] [ERROR] [1768033682.739114281] [superpoint_node]: Errore pubblicazione keypoints 3D: could not assign tuple of length 3 to structure with 4 fields.
[superpoint_node-2] [INFO] [1768033682.831244085] [superpoint_node]: Keypoints estratti: 800
[superpoint_node-2] [ERROR] [1768033682.838114714] [superpoint_node]: Errore pubblicazione keypoints 3D: could not assign tuple of length 3 to structure with 4 fields.
[superpoint_node-2] [INFO] [1768033682.933331173] [superpoint_node]: Keypoints estratti: 800
[superpoint_node-2] [ERROR] [1768033682.940797639] [superpoint_node]: Errore pubblicazione keypoints 3D: could not assign tuple of length 3 to structure with 4 fields.
[superpoint_node-2] [INFO] [1768033683.030681871] [superpoint_node]: Keypoints estratti: 800
[superpoint_node-2] [ERROR] [1768033683.037537870] [superpoint_node]: Errore pubblicazione keypoints 3D: could not assign tuple of length 3 to structure with 4 fields.
[foxglove_bridge-12] [INFO] [1768033683.118603068] [foxglove_bridge]: received subscribe request for channel 12 from client 1 (sink 1)
[foxglove_bridge-12] [INFO] [1768033683.130827258] [foxglove_bridge]: created ROS subscription on /superpoint/debug_image/compressed (sensor_msgs/msg/CompressedImage) successfully for channel 12 (client 1, sink 1)
[rtabmap-14] [33m[ WARN] (2026-01-10 09:27:58.338) MapsManager.cpp:863::publishMaps() Graph has changed! The whole cloud is regenerated.[0m
[rtabmap-14] [33m[ WARN] (2026-01-10 09:27:58.339) OccupancyGrid.cpp:169::getProbMap() Map info is empty, cannot generate probabilistic occupancy grid[0m
[rtabmap-14] [33m[ WARN] (2026-01-10 09:27:58.810) MapsManager.cpp:863::publishMaps() Graph has changed! The whole cloud is regenerated.[0m
[rtabmap-14] [33m[ WARN] (2026-01-10 09:27:58.810) OccupancyGrid.cpp:169::getProbMap() Map info is empty, cannot generate probabilistic occupancy grid[0m
[rtabmap-14] [33m[ WARN] (2026-01-10 09:27:59.335) MapsManager.cpp:863::publishMaps() Graph has changed! The whole cloud is regenerated.[0m
[rtabmap-14] [33m[ WARN] (2026-01-10 09:27:59.336) OccupancyGrid.cpp:169::getProbMap() Map info is empty, cannot generate probabilistic occupancy grid[0m
[rtabmap-14] [33m[ WARN] (2026-01-10 09:27:59.947) MapsManager.cpp:863::publishMaps() Graph has changed! The whole cloud is regenerated.[0m
[rtabmap-14] [33m[ WARN] (2026-01-10 09:27:59.950) OccupancyGrid.cpp:169::getProbMap() Map info is empty, cannot generate probabilistic occupancy grid[0m
[rtabmap-14] [33m[ WARN] (2026-01-10 09:28:00.497) MapsManager.cpp:863::publishMaps() Graph has changed! The whole cloud is regenerated.[0m
[rtabmap-14] [33m[ WARN] (2026-01-10 09:28:00.499) OccupancyGrid.cpp:169::getProbMap() Map info is empty, cannot generate probabilistic occupancy grid[0m
[rtabmap-14] [33m[ WARN] (2026-01-10 09:28:00.989) MapsManager.cpp:863::publishMaps() Graph has changed! The whole cloud is regenerated.[0m
[rtabmap-14] [33m[ WARN] (2026-01-10 09:28:00.990) OccupancyGrid.cpp:169::getProbMap() Map info is empty, cannot generate probabilistic occupancy grid[0m
[rtabmap-14] [33m[ WARN] (2026-01-10 09:28:01.122) CoreWrapper.cpp:1227::odomTFUpdate() Odometry is reset (identity pose detected). Increment map id![0m
[rtabmap-14] [33m[ WARN] (2026-01-10 09:28:01.558) MapsManager.cpp:863::publishMaps() Graph has changed! The whole cloud is regenerated.[0m
[rtabmap-14] [33m[ WARN] (2026-01-10 09:28:01.558) OccupancyGrid.cpp:169::getProbMap() Map info is empty, cannot generate probabilistic occupancy grid[0m
[rtabmap-14] [33m[ WARN] (2026-01-10 09:28:02.145) MapsManager.cpp:863::publishMaps() Graph has changed! The whole cloud is regenerated.[0m
[rtabmap-14] [33m[ WARN] (2026-01-10 09:28:02.145) OccupancyGrid.cpp:169::getProbMap() Map info is empty, cannot generate probabilistic occupancy grid[0m
[rtabmap-14] [33m[ WARN] (2026-01-10 09:28:02.702) MapsManager.cpp:863::publishMaps() Graph has changed! The whole cloud is regenerated.[0m
[rtabmap-14] [33m[ WARN] (2026-01-10 09:28:02.704) OccupancyGrid.cpp:169::getProbMap() Map info is empty, cannot generate probabilistic occupancy grid[0m
[superpoint_node-2] [INFO] [1768033683.138683338] [superpoint_node]: Keypoints estratti: 800
[superpoint_node-2] [ERROR] [1768033683.146025119] [superpoint_node]: Errore pubblicazione keypoints 3D: could not assign tuple of length 3 to structure with 4 fields.
[rtabmap-14] [INFO] [1768033683.165282179] [rtabmap]: rtabmap (409): Rate=0.50s, Limit=0.001s, Conversion=0.0004s, RTAB-Map=0.0461s, Maps update=0.0002s pub=0.0039s delay=0.0844s (local map=0, WM=0)
[foxglove_bridge-12] [INFO] [1768033683.206088799] [foxglove_bridge]: publishing connection graph
[superpoint_node-2] [INFO] [1768033683.242940517] [superpoint_node]: Keypoints estratti: 800
[superpoint_node-2] [ERROR] [1768033683.250543800] [superpoint_node]: Errore pubblicazione keypoints 3D: could not assign tuple of length 3 to structure with 4 fields.
[superpoint_node-2] [INFO] [1768033683.343984707] [superpoint_node]: Keypoints estratti: 800
[superpoint_node-2] [ERROR] [1768033683.352752629] [superpoint_node]: Errore pubblicazione keypoints 3D: could not assign tuple of length 3 to structure with 4 fields.
[superpoint_node-2] [INFO] [1768033683.446497594] [superpoint_node]: Keypoints estratti: 800
[superpoint_node-2] [ERROR] [1768033683.453565558] [superpoint_node]: Errore pubblicazione keypoints 3D: could not assign tuple of length 3 to structure with 4 fields.
[superpoint_node-2] [INFO] [1768033683.545713363] [superpoint_node]: Keypoints estratti: 800
[superpoint_node-2] [ERROR] [1768033683.553930428] [superpoint_node]: Errore pubblicazione keypoints 3D: could not assign tuple of length 3 to structure with 4 fields.
[superpoint_node-2] [INFO] [1768033683.645946010] [superpoint_node]: Keypoints estratti: 800
[superpoint_node-2] [ERROR] [1768033683.653531403] [superpoint_node]: Errore pubblicazione keypoints 3D: could not assign tuple of length 3 to structure with 4 fields.
[rtabmap-14] [INFO] [1768033683.688548829] [rtabmap]: rtabmap (410): Rate=0.50s, Limit=0.001s, Conversion=0.0002s, RTAB-Map=0.0391s, Maps update=0.0003s pub=0.0012s delay=0.0914s (local map=0, WM=0)
[superpoint_node-2] [INFO] [1768033683.750864471] [superpoint_node]: Keypoints estratti: 800
[superpoint_node-2] [ERROR] [1768033683.757628062] [superpoint_node]: Errore pubblicazione keypoints 3D: could not assign tuple of length 3 to structure with 4 fields.
[superpoint_node-2] [INFO] [1768033683.882492774] [superpoint_node]: Keypoints estratti: 800
[superpoint_node-2] [ERROR] [1768033683.889797758] [superpoint_node]: Errore pubblicazione keypoints 3D: could not assign tuple of length 3 to structure with 4 fields.
[superpoint_node-2] [INFO] [1768033683.981254428] [superpoint_node]: Keypoints estratti: 800
[superpoint_node-2] [ERROR] [1768033683.988575449] [superpoint_node]: Errore pubblicazione keypoints 3D: could not assign tuple of length 3 to structure with 4 fields.
[superpoint_node-2] [INFO] [1768033684.084883102] [superpoint_node]: Keypoints estratti: 800
[superpoint_node-2] [ERROR] [1768033684.091846398] [superpoint_node]: Errore pubblicazione keypoints 3D: could not assign tuple of length 3 to structure with 4 fields.
[superpoint_node-2] [INFO] [1768033684.184184463] [superpoint_node]: Keypoints estratti: 800
[superpoint_node-2] [ERROR] [1768033684.192703920] [superpoint_node]: Errore pubblicazione keypoints 3D: could not assign tuple of length 3 to structure with 4 fields.
[rtabmap-14] [INFO] [1768033684.204903832] [rtabmap]: rtabmap (411): Rate=0.50s, Limit=0.001s, Conversion=0.0004s, RTAB-Map=0.0285s, Maps update=0.0003s pub=0.0009s delay=0.0717s (local map=0, WM=0)
[superpoint_node-2] [INFO] [1768033684.282541595] [superpoint_node]: Keypoints estratti: 800
[superpoint_node-2] [ERROR] [1768033684.289327816] [superpoint_node]: Errore pubblicazione keypoints 3D: could not assign tuple of length 3 to structure with 4 fields.
[superpoint_node-2] [INFO] [1768033684.379798274] [superpoint_node]: Keypoints estratti: 800
[superpoint_node-2] [ERROR] [1768033684.386603532] [superpoint_node]: Errore pubblicazione keypoints 3D: could not assign tuple of length 3 to structure with 4 fields.
[superpoint_node-2] [INFO] [1768033684.477048175] [superpoint_node]: Keypoints estratti: 800
[superpoint_node-2] [ERROR] [1768033684.484373159] [superpoint_node]: Errore pubblicazione keypoints 3D: could not assign tuple of length 3 to structure with 4 fields.
[superpoint_node-2] [INFO] [1768033684.577949642] [superpoint_node]: Keypoints estratti: 800
[superpoint_node-2] [ERROR] [1768033684.584707066] [superpoint_node]: Errore pubblicazione keypoints 3D: could not assign tuple of length 3 to structure with 4 fields.
[superpoint_node-2] [INFO] [1768033684.676313126] [superpoint_node]: Keypoints estratti: 800
[superpoint_node-2] [ERROR] [1768033684.683208532] [superpoint_node]: Errore pubblicazione keypoints 3D: could not assign tuple of length 3 to structure with 4 fields.
[superpoint_node-2] [INFO] [1768033684.779223442] [superpoint_node]: Keypoints estratti: 800
[superpoint_node-2] [ERROR] [1768033684.786275294] [superpoint_node]: Errore pubblicazione keypoints 3D: could not assign tuple of length 3 to structure with 4 fields.
[rtabmap-14] [INFO] [1768033684.805169055] [rtabmap]: rtabmap (412): Rate=0.50s, Limit=0.001s, Conversion=0.0006s, RTAB-Map=0.0458s, Maps update=0.0003s pub=0.0055s delay=0.0790s (local map=0, WM=0)
[superpoint_node-2] [INFO] [1768033684.878701527] [superpoint_node]: Keypoints estratti: 800
[superpoint_node-2] [ERROR] [1768033684.886107142] [superpoint_node]: Errore pubblicazione keypoints 3D: could not assign tuple of length 3 to structure with 4 fields.
[superpoint_node-2] [INFO] [1768033684.976106559] [superpoint_node]: Keypoints estratti: 800
[superpoint_node-2] [ERROR] [1768033684.983013021] [superpoint_node]: Errore pubblicazione keypoints 3D: could not assign tuple of length 3 to structure with 4 fields.
[superpoint_node-2] [INFO] [1768033685.075278697] [superpoint_node]: Keypoints estratti: 800
[superpoint_node-2] [ERROR] [1768033685.082452458] [superpoint_node]: Errore pubblicazione keypoints 3D: could not assign tuple of length 3 to structure with 4 fields.
[superpoint_node-2] [INFO] [1768033685.171478312] [superpoint_node]: Keypoints estratti: 800
[superpoint_node-2] [ERROR] [1768033685.179321374] [superpoint_node]: Errore pubblicazione keypoints 3D: could not assign tuple of length 3 to structure with 4 fields.
[foxglove_bridge-12] [INFO] [1768033685.184562675] [foxglove_bridge]: received subscribe request for channel 1 from client 1 (sink 1)
[foxglove_bridge-12] [INFO] [1768033685.190492370] [foxglove_bridge]: created ROS subscription on /set_pose (geometry_msgs/msg/PoseWithCovarianceStamped) successfully for channel 1 (client 1, sink 1)
[foxglove_bridge-12] [INFO] [1768033685.210106859] [foxglove_bridge]: publishing connection graph
[superpoint_node-2] [INFO] [1768033685.271664848] [superpoint_node]: Keypoints estratti: 800
[superpoint_node-2] [ERROR] [1768033685.278939535] [superpoint_node]: Errore pubblicazione keypoints 3D: could not assign tuple of length 3 to structure with 4 fields.
[superpoint_node-2] [INFO] [1768033685.378533565] [superpoint_node]: Keypoints estratti: 800
[superpoint_node-2] [ERROR] [1768033685.385583084] [superpoint_node]: Errore pubblicazione keypoints 3D: could not assign tuple of length 3 to structure with 4 fields.
[rtabmap-14] [INFO] [1768033685.396158816] [rtabmap]: rtabmap (413): Rate=0.50s, Limit=0.001s, Conversion=0.0002s, RTAB-Map=0.0406s, Maps update=0.0021s pub=0.0013s delay=0.0750s (local map=0, WM=0)
[superpoint_node-2] [INFO] [1768033685.476167655] [superpoint_node]: Keypoints estratti: 800
[superpoint_node-2] [ERROR] [1768033685.483065783] [superpoint_node]: Errore pubblicazione keypoints 3D: could not assign tuple of length 3 to structure with 4 fields.
[superpoint_node-2] [INFO] [1768033685.579138286] [superpoint_node]: Keypoints estratti: 800
[superpoint_node-2] [ERROR] [1768033685.585931118] [superpoint_node]: Errore pubblicazione keypoints 3D: could not assign tuple of length 3 to structure with 4 fields.
[superpoint_node-2] [INFO] [1768033685.678184924] [superpoint_node]: Keypoints estratti: 800
[superpoint_node-2] [ERROR] [1768033685.687301570] [superpoint_node]: Errore pubblicazione keypoints 3D: could not assign tuple of length 3 to structure with 4 fields.
[foxglove_bridge-12] [INFO] [1768033685.732526021] [foxglove_bridge]: publishing connection graph
[superpoint_node-2] [INFO] [1768033685.786911601] [superpoint_node]: Keypoints estratti: 800
[superpoint_node-2] [ERROR] [1768033685.793800044] [superpoint_node]: Errore pubblicazione keypoints 3D: could not assign tuple of length 3 to structure with 4 fields.
[superpoint_node-2] [INFO] [1768033685.885900478] [superpoint_node]: Keypoints estratti: 800
[superpoint_node-2] [ERROR] [1768033685.892955534] [superpoint_node]: Errore pubblicazione keypoints 3D: could not assign tuple of length 3 to structure with 4 fields.
[rtabmap-14] [INFO] [1768033685.924269412] [rtabmap]: rtabmap (414): Rate=0.50s, Limit=0.001s, Conversion=0.0006s, RTAB-Map=0.0424s, Maps update=0.0003s pub=0.0010s delay=0.0891s (local map=0, WM=0)
[superpoint_node-2] [INFO] [1768033685.993750463] [superpoint_node]: Keypoints estratti: 800
[superpoint_node-2] [ERROR] [1768033686.001379450] [superpoint_node]: Errore pubblicazione keypoints 3D: could not assign tuple of length 3 to structure with 4 fields.
[superpoint_node-2] [INFO] [1768033686.091512665] [superpoint_node]: Keypoints estratti: 800
[superpoint_node-2] [ERROR] [1768033686.098618684] [superpoint_node]: Errore pubblicazione keypoints 3D: could not assign tuple of length 3 to structure with 4 fields.
[superpoint_node-2] [INFO] [1768033686.217815352] [superpoint_node]: Keypoints estratti: 800
[superpoint_node-2] [ERROR] [1768033686.224680554] [superpoint_node]: Errore pubblicazione keypoints 3D: could not assign tuple of length 3 to structure with 4 fields.
[superpoint_node-2] [INFO] [1768033686.320840150] [superpoint_node]: Keypoints estratti: 800
[superpoint_node-2] [ERROR] [1768033686.328421136] [superpoint_node]: Errore pubblicazione keypoints 3D: could not assign tuple of length 3 to structure with 4 fields.
[superpoint_node-2] [INFO] [1768033686.422868163] [superpoint_node]: Keypoints estratti: 800
[superpoint_node-2] [ERROR] [1768033686.429926645] [superpoint_node]: Errore pubblicazione keypoints 3D: could not assign tuple of length 3 to structure with 4 fields.
[rtabmap-14] [INFO] [1768033686.462054900] [rtabmap]: rtabmap (415): Rate=0.50s, Limit=0.001s, Conversion=0.0003s, RTAB-Map=0.0442s, Maps update=0.0003s pub=0.0011s delay=0.0888s (local map=0, WM=0)
[foxglove_bridge-12] [INFO] [1768033686.524079632] [foxglove_bridge]: received subscribe request for channel 14 from client 1 (sink 1)
[superpoint_node-2] [INFO] [1768033686.529253525] [superpoint_node]: Keypoints estratti: 800
[foxglove_bridge-12] [INFO] [1768033686.531536988] [foxglove_bridge]: created ROS subscription on /out/zstd (sensor_msgs/msg/CompressedImage) successfully for channel 14 (client 1, sink 1)
[superpoint_node-2] [ERROR] [1768033686.537374645] [superpoint_node]: Errore pubblicazione keypoints 3D: could not assign tuple of length 3 to structure with 4 fields.
[foxglove_bridge-12] [INFO] [1768033686.551777537] [foxglove_bridge]: publishing connection graph
[superpoint_node-2] [INFO] [1768033686.631111778] [superpoint_node]: Keypoints estratti: 800
[superpoint_node-2] [ERROR] [1768033686.637905850] [superpoint_node]: Errore pubblicazione keypoints 3D: could not assign tuple of length 3 to structure with 4 fields.
[superpoint_node-2] [INFO] [1768033686.731058811] [superpoint_node]: Keypoints estratti: 800
[superpoint_node-2] [ERROR] [1768033686.738028033] [superpoint_node]: Errore pubblicazione keypoints 3D: could not assign tuple of length 3 to structure with 4 fields.
[superpoint_node-2] [INFO] [1768033686.827162740] [superpoint_node]: Keypoints estratti: 800
[superpoint_node-2] [ERROR] [1768033686.833947257] [superpoint_node]: Errore pubblicazione keypoints 3D: could not assign tuple of length 3 to structure with 4 fields.
[superpoint_node-2] [INFO] [1768033686.929004659] [superpoint_node]: Keypoints estratti: 800
[superpoint_node-2] [ERROR] [1768033686.936117437] [superpoint_node]: Errore pubblicazione keypoints 3D: could not assign tuple of length 3 to structure with 4 fields.
[rtabmap-14] [INFO] [1768033686.941808353] [rtabmap]: rtabmap (416): Rate=0.50s, Limit=0.001s, Conversion=0.0004s, RTAB-Map=0.0279s, Maps update=0.0003s pub=0.0026s delay=0.0658s (local map=0, WM=0)
[superpoint_node-2] [INFO] [1768033687.028647671] [superpoint_node]: Keypoints estratti: 800
[superpoint_node-2] [ERROR] [1768033687.035564819] [superpoint_node]: Errore pubblicazione keypoints 3D: could not assign tuple of length 3 to structure with 4 fields.
[superpoint_node-2] [INFO] [1768033687.164823714] [superpoint_node]: Keypoints estratti: 800
[superpoint_node-2] [ERROR] [1768033687.171923400] [superpoint_node]: Errore pubblicazione keypoints 3D: could not assign tuple of length 3 to structure with 4 fields.
[superpoint_node-2] [INFO] [1768033687.261869132] [superpoint_node]: Keypoints estratti: 800
[superpoint_node-2] [ERROR] [1768033687.269253413] [superpoint_node]: Errore pubblicazione keypoints 3D: could not assign tuple of length 3 to structure with 4 fields.
[superpoint_node-2] [INFO] [1768033687.360417599] [superpoint_node]: Keypoints estratti: 800
[superpoint_node-2] [ERROR] [1768033687.367058429] [superpoint_node]: Errore pubblicazione keypoints 3D: could not assign tuple of length 3 to structure with 4 fields.
[foxglove_bridge-12] [INFO] [1768033687.430909251] [foxglove_bridge]: received subscribe request for channel 15 from client 1 (sink 1)
[foxglove_bridge-12] [INFO] [1768033687.437379913] [foxglove_bridge]: created ROS subscription on /out/compressedDepth (sensor_msgs/msg/CompressedImage) successfully for channel 15 (client 1, sink 1)
[superpoint_node-2] [INFO] [1768033687.466584682] [superpoint_node]: Keypoints estratti: 800
[foxglove_bridge-12] [INFO] [1768033687.467197946] [foxglove_bridge]: publishing connection graph
[superpoint_node-2] [ERROR] [1768033687.475759754] [superpoint_node]: Errore pubblicazione keypoints 3D: could not assign tuple of length 3 to structure with 4 fields.
[rtabmap-14] [INFO] [1768033687.484123932] [rtabmap]: rtabmap (417): Rate=0.50s, Limit=0.001s, Conversion=0.0003s, RTAB-Map=0.0241s, Maps update=0.0003s pub=0.0017s delay=0.0745s (local map=0, WM=0)
[superpoint_node-2] [INFO] [1768033687.572804728] [superpoint_node]: Keypoints estratti: 800
[superpoint_node-2] [ERROR] [1768033687.580814051] [superpoint_node]: Errore pubblicazione keypoints 3D: could not assign tuple of length 3 to structure with 4 fields.
[superpoint_node-2] [INFO] [1768033687.667792240] [superpoint_node]: Keypoints estratti: 800
[superpoint_node-2] [ERROR] [1768033687.674658684] [superpoint_node]: Errore pubblicazione keypoints 3D: could not assign tuple of length 3 to structure with 4 fields.
[superpoint_node-2] [INFO] [1768033687.766528857] [superpoint_node]: Keypoints estratti: 800
[superpoint_node-2] [ERROR] [1768033687.774366975] [superpoint_node]: Errore pubblicazione keypoints 3D: could not assign tuple of length 3 to structure with 4 fields.
[superpoint_node-2] [INFO] [1768033687.867467528] [superpoint_node]: Keypoints estratti: 800
[superpoint_node-2] [ERROR] [1768033687.874904087] [superpoint_node]: Errore pubblicazione keypoints 3D: could not assign tuple of length 3 to structure with 4 fields.
[superpoint_node-2] [INFO] [1768033687.965854197] [superpoint_node]: Keypoints estratti: 800
[superpoint_node-2] [ERROR] [1768033687.973942835] [superpoint_node]: Errore pubblicazione keypoints 3D: could not assign tuple of length 3 to structure with 4 fields.
[foxglove_bridge-12] [INFO] [1768033687.987479831] [foxglove_bridge]: publishing connection graph
[rtabmap-14] [INFO] [1768033688.020020238] [rtabmap]: rtabmap (418): Rate=0.50s, Limit=0.001s, Conversion=0.0002s, RTAB-Map=0.0387s, Maps update=0.0003s pub=0.0037s delay=0.1024s (local map=0, WM=0)
[superpoint_node-2] [INFO] [1768033688.073478032] [superpoint_node]: Keypoints estratti: 800
[superpoint_node-2] [ERROR] [1768033688.080687034] [superpoint_node]: Errore pubblicazione keypoints 3D: could not assign tuple of length 3 to structure with 4 fields.
[rtabmap-14] [33m[ WARN] (2026-01-10 09:28:03.161) MapsManager.cpp:863::publishMaps() Graph has changed! The whole cloud is regenerated.[0m
[rtabmap-14] [33m[ WARN] (2026-01-10 09:28:03.161) OccupancyGrid.cpp:169::getProbMap() Map info is empty, cannot generate probabilistic occupancy grid[0m
[rtabmap-14] [33m[ WARN] (2026-01-10 09:28:03.687) MapsManager.cpp:863::publishMaps() Graph has changed! The whole cloud is regenerated.[0m
[rtabmap-14] [33m[ WARN] (2026-01-10 09:28:03.687) OccupancyGrid.cpp:169::getProbMap() Map info is empty, cannot generate probabilistic occupancy grid[0m
[rtabmap-14] [33m[ WARN] (2026-01-10 09:28:04.203) MapsManager.cpp:863::publishMaps() Graph has changed! The whole cloud is regenerated.[0m
[rtabmap-14] [33m[ WARN] (2026-01-10 09:28:04.204) OccupancyGrid.cpp:169::getProbMap() Map info is empty, cannot generate probabilistic occupancy grid[0m
[rtabmap-14] [33m[ WARN] (2026-01-10 09:28:04.799) MapsManager.cpp:863::publishMaps() Graph has changed! The whole cloud is regenerated.[0m
[rtabmap-14] [33m[ WARN] (2026-01-10 09:28:04.802) OccupancyGrid.cpp:169::getProbMap() Map info is empty, cannot generate probabilistic occupancy grid[0m
[rtabmap-14] [33m[ WARN] (2026-01-10 09:28:05.394) MapsManager.cpp:863::publishMaps() Graph has changed! The whole cloud is regenerated.[0m
[rtabmap-14] [33m[ WARN] (2026-01-10 09:28:05.395) OccupancyGrid.cpp:169::getProbMap() Map info is empty, cannot generate probabilistic occupancy grid[0m
[rtabmap-14] [33m[ WARN] (2026-01-10 09:28:05.923) MapsManager.cpp:863::publishMaps() Graph has changed! The whole cloud is regenerated.[0m
[rtabmap-14] [33m[ WARN] (2026-01-10 09:28:05.923) OccupancyGrid.cpp:169::getProbMap() Map info is empty, cannot generate probabilistic occupancy grid[0m
[rtabmap-14] [33m[ WARN] (2026-01-10 09:28:06.460) MapsManager.cpp:863::publishMaps() Graph has changed! The whole cloud is regenerated.[0m
[rtabmap-14] [33m[ WARN] (2026-01-10 09:28:06.461) OccupancyGrid.cpp:169::getProbMap() Map info is empty, cannot generate probabilistic occupancy grid[0m
[rtabmap-14] [33m[ WARN] (2026-01-10 09:28:06.939) MapsManager.cpp:863::publishMaps() Graph has changed! The whole cloud is regenerated.[0m
[rtabmap-14] [33m[ WARN] (2026-01-10 09:28:06.941) OccupancyGrid.cpp:169::getProbMap() Map info is empty, cannot generate probabilistic occupancy grid[0m
[rtabmap-14] [33m[ WARN] (2026-01-10 09:28:07.482) MapsManager.cpp:863::publishMaps() Graph has changed! The whole cloud is regenerated.[0m
[rtabmap-14] [33m[ WARN] (2026-01-10 09:28:07.483) OccupancyGrid.cpp:169::getProbMap() Map info is empty, cannot generate probabilistic occupancy grid[0m
[rtabmap-14] [33m[ WARN] (2026-01-10 09:28:08.016) MapsManager.cpp:863::publishMaps() Graph has changed! The whole cloud is regenerated.[0m
[rtabmap-14] [33m[ WARN] (2026-01-10 09:28:08.019) OccupancyGrid.cpp:169::getProbMap() Map info is empty, cannot generate probabilistic occupancy grid[0m
[superpoint_node-2] [INFO] [1768033688.171916387] [superpoint_node]: Keypoints estratti: 800
[superpoint_node-2] [ERROR] [1768033688.179408631] [superpoint_node]: Errore pubblicazione keypoints 3D: could not assign tuple of length 3 to structure with 4 fields.
[superpoint_node-2] [INFO] [1768033688.270054073] [superpoint_node]: Keypoints estratti: 800
[superpoint_node-2] [ERROR] [1768033688.277693059] [superpoint_node]: Errore pubblicazione keypoints 3D: could not assign tuple of length 3 to structure with 4 fields.
[superpoint_node-2] [INFO] [1768033688.369530565] [superpoint_node]: Keypoints estratti: 800
[superpoint_node-2] [ERROR] [1768033688.376588510] [superpoint_node]: Errore pubblicazione keypoints 3D: could not assign tuple of length 3 to structure with 4 fields.
[superpoint_node-2] [INFO] [1768033688.475300608] [superpoint_node]: Keypoints estratti: 800
[rtabmap-14] [INFO] [1768033688.476960806] [rtabmap]: rtabmap (419): Rate=0.50s, Limit=0.001s, Conversion=0.0002s, RTAB-Map=0.0252s, Maps update=0.0006s pub=0.0059s delay=0.0579s (local map=0, WM=0)
[superpoint_node-2] [ERROR] [1768033688.482427090] [superpoint_node]: Errore pubblicazione keypoints 3D: could not assign tuple of length 3 to structure with 4 fields.
[foxglove_bridge-12] [INFO] [1768033688.515924652] [foxglove_bridge]: received subscribe request for channel 16 from client 1 (sink 1)
[foxglove_bridge-12] [INFO] [1768033688.523200136] [foxglove_bridge]: created ROS subscription on /out (sensor_msgs/msg/Image) successfully for channel 16 (client 1, sink 1)
[foxglove_bridge-12] [INFO] [1768033688.552470257] [foxglove_bridge]: publishing connection graph
[superpoint_node-2] [INFO] [1768033688.578094405] [superpoint_node]: Keypoints estratti: 800
[superpoint_node-2] [ERROR] [1768033688.584973144] [superpoint_node]: Errore pubblicazione keypoints 3D: could not assign tuple of length 3 to structure with 4 fields.
[superpoint_node-2] [INFO] [1768033688.677863640] [superpoint_node]: Keypoints estratti: 800
[superpoint_node-2] [ERROR] [1768033688.685176902] [superpoint_node]: Errore pubblicazione keypoints 3D: could not assign tuple of length 3 to structure with 4 fields.
[superpoint_node-2] [INFO] [1768033688.779198666] [superpoint_node]: Keypoints estratti: 800
[superpoint_node-2] [ERROR] [1768033688.786459780] [superpoint_node]: Errore pubblicazione keypoints 3D: could not assign tuple of length 3 to structure with 4 fields.
[superpoint_node-2] [INFO] [1768033688.880655730] [superpoint_node]: Keypoints estratti: 800
[superpoint_node-2] [ERROR] [1768033688.887496785] [superpoint_node]: Errore pubblicazione keypoints 3D: could not assign tuple of length 3 to structure with 4 fields.
[superpoint_node-2] [INFO] [1768033688.983666381] [superpoint_node]: Keypoints estratti: 800
[superpoint_node-2] [ERROR] [1768033688.990872827] [superpoint_node]: Errore pubblicazione keypoints 3D: could not assign tuple of length 3 to structure with 4 fields.
[rtabmap-14] [INFO] [1768033689.025656251] [rtabmap]: rtabmap (420): Rate=0.50s, Limit=0.001s, Conversion=0.0002s, RTAB-Map=0.0384s, Maps update=0.0003s pub=0.0023s delay=0.0965s (local map=0, WM=0)
[foxglove_bridge-12] [INFO] [1768033689.077651552] [foxglove_bridge]: publishing connection graph
[superpoint_node-2] [INFO] [1768033689.087219554] [superpoint_node]: Keypoints estratti: 800
[superpoint_node-2] [ERROR] [1768033689.094085238] [superpoint_node]: Errore pubblicazione keypoints 3D: could not assign tuple of length 3 to structure with 4 fields.
[superpoint_node-2] [INFO] [1768033689.186127709] [superpoint_node]: Keypoints estratti: 800
[superpoint_node-2] [ERROR] [1768033689.193041634] [superpoint_node]: Errore pubblicazione keypoints 3D: could not assign tuple of length 3 to structure with 4 fields.
[superpoint_node-2] [INFO] [1768033689.285148124] [superpoint_node]: Keypoints estratti: 800
[superpoint_node-2] [ERROR] [1768033689.291974863] [superpoint_node]: Errore pubblicazione keypoints 3D: could not assign tuple of length 3 to structure with 4 fields.
[superpoint_node-2] [INFO] [1768033689.385014934] [superpoint_node]: Keypoints estratti: 800
[superpoint_node-2] [ERROR] [1768033689.391945434] [superpoint_node]: Errore pubblicazione keypoints 3D: could not assign tuple of length 3 to structure with 4 fields.
[superpoint_node-2] [INFO] [1768033689.489380058] [superpoint_node]: Keypoints estratti: 800
[superpoint_node-2] [ERROR] [1768033689.496599004] [superpoint_node]: Errore pubblicazione keypoints 3D: could not assign tuple of length 3 to structure with 4 fields.
[rtabmap-14] [INFO] [1768033689.517826636] [rtabmap]: rtabmap (421): Rate=0.50s, Limit=0.001s, Conversion=0.0006s, RTAB-Map=0.0335s, Maps update=0.0003s pub=0.0012s delay=0.0837s (local map=0, WM=0)
[superpoint_node-2] [INFO] [1768033689.589417537] [superpoint_node]: Keypoints estratti: 800
[superpoint_node-2] [ERROR] [1768033689.596758595] [superpoint_node]: Errore pubblicazione keypoints 3D: could not assign tuple of length 3 to structure with 4 fields.
[superpoint_node-2] [INFO] [1768033689.691691441] [superpoint_node]: Keypoints estratti: 800
[superpoint_node-2] [ERROR] [1768033689.698885498] [superpoint_node]: Errore pubblicazione keypoints 3D: could not assign tuple of length 3 to structure with 4 fields.
[superpoint_node-2] [INFO] [1768033689.792653630] [superpoint_node]: Keypoints estratti: 800
[superpoint_node-2] [ERROR] [1768033689.799602111] [superpoint_node]: Errore pubblicazione keypoints 3D: could not assign tuple of length 3 to structure with 4 fields.
[superpoint_node-2] [INFO] [1768033689.892429644] [superpoint_node]: Keypoints estratti: 800
[superpoint_node-2] [ERROR] [1768033689.899353903] [superpoint_node]: Errore pubblicazione keypoints 3D: could not assign tuple of length 3 to structure with 4 fields.
[superpoint_node-2] [INFO] [1768033689.991468411] [superpoint_node]: Keypoints estratti: 800
[superpoint_node-2] [ERROR] [1768033689.999886052] [superpoint_node]: Errore pubblicazione keypoints 3D: could not assign tuple of length 3 to structure with 4 fields.
[rtabmap-14] [INFO] [1768033690.021952393] [rtabmap]: rtabmap (422): Rate=0.50s, Limit=0.001s, Conversion=0.0002s, RTAB-Map=0.0367s, Maps update=0.0002s pub=0.0014s delay=0.0817s (local map=0, WM=0)
[superpoint_node-2] [INFO] [1768033690.092182154] [superpoint_node]: Keypoints estratti: 800
[superpoint_node-2] [ERROR] [1768033690.099727621] [superpoint_node]: Errore pubblicazione keypoints 3D: could not assign tuple of length 3 to structure with 4 fields.
[superpoint_node-2] [INFO] [1768033690.216314787] [superpoint_node]: Keypoints estratti: 800
[superpoint_node-2] [ERROR] [1768033690.223253805] [superpoint_node]: Errore pubblicazione keypoints 3D: could not assign tuple of length 3 to structure with 4 fields.
[superpoint_node-2] [INFO] [1768033690.318794803] [superpoint_node]: Keypoints estratti: 800
[superpoint_node-2] [ERROR] [1768033690.325788655] [superpoint_node]: Errore pubblicazione keypoints 3D: could not assign tuple of length 3 to structure with 4 fields.
[superpoint_node-2] [INFO] [1768033690.421834398] [superpoint_node]: Keypoints estratti: 800
[superpoint_node-2] [ERROR] [1768033690.428864621] [superpoint_node]: Errore pubblicazione keypoints 3D: could not assign tuple of length 3 to structure with 4 fields.
[superpoint_node-2] [INFO] [1768033690.526131485] [superpoint_node]: Keypoints estratti: 800
[superpoint_node-2] [ERROR] [1768033690.537403222] [superpoint_node]: Errore pubblicazione keypoints 3D: could not assign tuple of length 3 to structure with 4 fields.
[rtabmap-14] [INFO] [1768033690.563426577] [rtabmap]: rtabmap (423): Rate=0.50s, Limit=0.001s, Conversion=0.0002s, RTAB-Map=0.0386s, Maps update=0.0015s pub=0.0044s delay=0.0927s (local map=0, WM=0)
[superpoint_node-2] [INFO] [1768033690.634510270] [superpoint_node]: Keypoints estratti: 800
[superpoint_node-2] [ERROR] [1768033690.642638409] [superpoint_node]: Errore pubblicazione keypoints 3D: could not assign tuple of length 3 to structure with 4 fields.
[superpoint_node-2] [INFO] [1768033690.734227839] [superpoint_node]: Keypoints estratti: 800
[superpoint_node-2] [ERROR] [1768033690.742355033] [superpoint_node]: Errore pubblicazione keypoints 3D: could not assign tuple of length 3 to structure with 4 fields.
[superpoint_node-2] [INFO] [1768033690.854025549] [superpoint_node]: Keypoints estratti: 800
[superpoint_node-2] [ERROR] [1768033690.860912603] [superpoint_node]: Errore pubblicazione keypoints 3D: could not assign tuple of length 3 to structure with 4 fields.
[superpoint_node-2] [INFO] [1768033690.981480152] [superpoint_node]: Keypoints estratti: 800
[superpoint_node-2] [ERROR] [1768033690.988613135] [superpoint_node]: Errore pubblicazione keypoints 3D: could not assign tuple of length 3 to structure with 4 fields.
[superpoint_node-2] [INFO] [1768033691.084591655] [superpoint_node]: Keypoints estratti: 800
[superpoint_node-2] [ERROR] [1768033691.092558811] [superpoint_node]: Errore pubblicazione keypoints 3D: could not assign tuple of length 3 to structure with 4 fields.
[rtabmap-14] [INFO] [1768033691.105550655] [rtabmap]: rtabmap (424): Rate=0.50s, Limit=0.001s, Conversion=0.0003s, RTAB-Map=0.0251s, Maps update=0.0005s pub=0.0017s delay=0.0738s (local map=0, WM=0)
[superpoint_node-2] [INFO] [1768033691.220159675] [superpoint_node]: Keypoints estratti: 800
[superpoint_node-2] [ERROR] [1768033691.227946977] [superpoint_node]: Errore pubblicazione keypoints 3D: could not assign tuple of length 3 to structure with 4 fields.
[superpoint_node-2] [INFO] [1768033691.321928537] [superpoint_node]: Keypoints estratti: 800
[superpoint_node-2] [ERROR] [1768033691.329283948] [superpoint_node]: Errore pubblicazione keypoints 3D: could not assign tuple of length 3 to structure with 4 fields.
[superpoint_node-2] [INFO] [1768033691.420069927] [superpoint_node]: Keypoints estratti: 800
[superpoint_node-2] [ERROR] [1768033691.426996852] [superpoint_node]: Errore pubblicazione keypoints 3D: could not assign tuple of length 3 to structure with 4 fields.
[superpoint_node-2] [INFO] [1768033691.518754173] [superpoint_node]: Keypoints estratti: 800
[superpoint_node-2] [ERROR] [1768033691.525538597] [superpoint_node]: Errore pubblicazione keypoints 3D: could not assign tuple of length 3 to structure with 4 fields.
[superpoint_node-2] [INFO] [1768033691.643796683] [superpoint_node]: Keypoints estratti: 800
[superpoint_node-2] [ERROR] [1768033691.651680986] [superpoint_node]: Errore pubblicazione keypoints 3D: could not assign tuple of length 3 to structure with 4 fields.
[rtabmap-14] [INFO] [1768033691.655468127] [rtabmap]: rtabmap (425): Rate=0.50s, Limit=0.001s, Conversion=0.0003s, RTAB-Map=0.0327s, Maps update=0.0008s pub=0.0016s delay=0.0839s (local map=0, WM=0)
[superpoint_node-2] [INFO] [1768033691.746146698] [superpoint_node]: Keypoints estratti: 800
[superpoint_node-2] [ERROR] [1768033691.753747907] [superpoint_node]: Errore pubblicazione keypoints 3D: could not assign tuple of length 3 to structure with 4 fields.
[superpoint_node-2] [INFO] [1768033691.845866397] [superpoint_node]: Keypoints estratti: 800
[superpoint_node-2] [ERROR] [1768033691.853144566] [superpoint_node]: Errore pubblicazione keypoints 3D: could not assign tuple of length 3 to structure with 4 fields.
[superpoint_node-2] [INFO] [1768033691.947910188] [superpoint_node]: Keypoints estratti: 800
[superpoint_node-2] [ERROR] [1768033691.954800705] [superpoint_node]: Errore pubblicazione keypoints 3D: could not assign tuple of length 3 to structure with 4 fields.
[superpoint_node-2] [INFO] [1768033692.045568870] [superpoint_node]: Keypoints estratti: 800
[superpoint_node-2] [ERROR] [1768033692.053776027] [superpoint_node]: Errore pubblicazione keypoints 3D: could not assign tuple of length 3 to structure with 4 fields.
[superpoint_node-2] [INFO] [1768033692.147953996] [superpoint_node]: Keypoints estratti: 800
[superpoint_node-2] [ERROR] [1768033692.155147905] [superpoint_node]: Errore pubblicazione keypoints 3D: could not assign tuple of length 3 to structure with 4 fields.
[rtabmap-14] [INFO] [1768033692.187935054] [rtabmap]: rtabmap (426): Rate=0.50s, Limit=0.001s, Conversion=0.0008s, RTAB-Map=0.0392s, Maps update=0.0003s pub=0.0020s delay=0.0890s (local map=0, WM=0)
[superpoint_node-2] [INFO] [1768033692.252467770] [superpoint_node]: Keypoints estratti: 800
[superpoint_node-2] [ERROR] [1768033692.259355510] [superpoint_node]: Errore pubblicazione keypoints 3D: could not assign tuple of length 3 to structure with 4 fields.
[superpoint_node-2] [INFO] [1768033692.353210847] [superpoint_node]: Keypoints estratti: 800
[superpoint_node-2] [ERROR] [1768033692.360561257] [superpoint_node]: Errore pubblicazione keypoints 3D: could not assign tuple of length 3 to structure with 4 fields.
[superpoint_node-2] [INFO] [1768033692.457379784] [superpoint_node]: Keypoints estratti: 800
[superpoint_node-2] [ERROR] [1768033692.464372377] [superpoint_node]: Errore pubblicazione keypoints 3D: could not assign tuple of length 3 to structure with 4 fields.
[superpoint_node-2] [INFO] [1768033692.559534872] [superpoint_node]: Keypoints estratti: 800
[superpoint_node-2] [ERROR] [1768033692.566313111] [superpoint_node]: Errore pubblicazione keypoints 3D: could not assign tuple of length 3 to structure with 4 fields.
[superpoint_node-2] [INFO] [1768033692.662547819] [superpoint_node]: Keypoints estratti: 800
[superpoint_node-2] [ERROR] [1768033692.670192805] [superpoint_node]: Errore pubblicazione keypoints 3D: could not assign tuple of length 3 to structure with 4 fields.
[rtabmap-14] [INFO] [1768033692.709202485] [rtabmap]: rtabmap (427): Rate=0.50s, Limit=0.001s, Conversion=0.0006s, RTAB-Map=0.0481s, Maps update=0.0029s pub=0.0063s delay=0.1005s (local map=0, WM=0)
[superpoint_node-2] [INFO] [1768033692.770315637] [superpoint_node]: Keypoints estratti: 800
[superpoint_node-2] [ERROR] [1768033692.777730640] [superpoint_node]: Errore pubblicazione keypoints 3D: could not assign tuple of length 3 to structure with 4 fields.
[superpoint_node-2] [INFO] [1768033692.871686626] [superpoint_node]: Keypoints estratti: 800
[superpoint_node-2] [ERROR] [1768033692.880265342] [superpoint_node]: Errore pubblicazione keypoints 3D: could not assign tuple of length 3 to structure with 4 fields.
[superpoint_node-2] [INFO] [1768033692.970435039] [superpoint_node]: Keypoints estratti: 800
[superpoint_node-2] [ERROR] [1768033692.977406890] [superpoint_node]: Errore pubblicazione keypoints 3D: could not assign tuple of length 3 to structure with 4 fields.
[superpoint_node-2] [INFO] [1768033693.069691678] [superpoint_node]: Keypoints estratti: 800
[superpoint_node-2] [ERROR] [1768033693.077442573] [superpoint_node]: Errore pubblicazione keypoints 3D: could not assign tuple of length 3 to structure with 4 fields.
[rtabmap-14] [33m[ WARN] (2026-01-10 09:28:08.471) MapsManager.cpp:863::publishMaps() Graph has changed! The whole cloud is regenerated.[0m
[rtabmap-14] [33m[ WARN] (2026-01-10 09:28:08.472) OccupancyGrid.cpp:169::getProbMap() Map info is empty, cannot generate probabilistic occupancy grid[0m
[rtabmap-14] [33m[ WARN] (2026-01-10 09:28:09.023) MapsManager.cpp:863::publishMaps() Graph has changed! The whole cloud is regenerated.[0m
[rtabmap-14] [33m[ WARN] (2026-01-10 09:28:09.023) OccupancyGrid.cpp:169::getProbMap() Map info is empty, cannot generate probabilistic occupancy grid[0m
[rtabmap-14] [33m[ WARN] (2026-01-10 09:28:09.516) MapsManager.cpp:863::publishMaps() Graph has changed! The whole cloud is regenerated.[0m
[rtabmap-14] [33m[ WARN] (2026-01-10 09:28:09.517) OccupancyGrid.cpp:169::getProbMap() Map info is empty, cannot generate probabilistic occupancy grid[0m
[rtabmap-14] [33m[ WARN] (2026-01-10 09:28:10.020) MapsManager.cpp:863::publishMaps() Graph has changed! The whole cloud is regenerated.[0m
[rtabmap-14] [33m[ WARN] (2026-01-10 09:28:10.021) OccupancyGrid.cpp:169::getProbMap() Map info is empty, cannot generate probabilistic occupancy grid[0m
[rtabmap-14] [33m[ WARN] (2026-01-10 09:28:10.275) CoreWrapper.cpp:1227::odomTFUpdate() Odometry is reset (identity pose detected). Increment map id![0m
[rtabmap-14] [33m[ WARN] (2026-01-10 09:28:10.558) MapsManager.cpp:863::publishMaps() Graph has changed! The whole cloud is regenerated.[0m
[rtabmap-14] [33m[ WARN] (2026-01-10 09:28:10.560) OccupancyGrid.cpp:169::getProbMap() Map info is empty, cannot generate probabilistic occupancy grid[0m
[rtabmap-14] [33m[ WARN] (2026-01-10 09:28:11.103) MapsManager.cpp:863::publishMaps() Graph has changed! The whole cloud is regenerated.[0m
[rtabmap-14] [33m[ WARN] (2026-01-10 09:28:11.104) OccupancyGrid.cpp:169::getProbMap() Map info is empty, cannot generate probabilistic occupancy grid[0m
[rtabmap-14] [33m[ WARN] (2026-01-10 09:28:11.653) MapsManager.cpp:863::publishMaps() Graph has changed! The whole cloud is regenerated.[0m
[rtabmap-14] [33m[ WARN] (2026-01-10 09:28:11.654) OccupancyGrid.cpp:169::getProbMap() Map info is empty, cannot generate probabilistic occupancy grid[0m
[rtabmap-14] [33m[ WARN] (2026-01-10 09:28:12.185) MapsManager.cpp:863::publishMaps() Graph has changed! The whole cloud is regenerated.[0m
[rtabmap-14] [33m[ WARN] (2026-01-10 09:28:12.186) OccupancyGrid.cpp:169::getProbMap() Map info is empty, cannot generate probabilistic occupancy grid[0m
[rtabmap-14] [33m[ WARN] (2026-01-10 09:28:12.702) MapsManager.cpp:863::publishMaps() Graph has changed! The whole cloud is regenerated.[0m
[rtabmap-14] [33m[ WARN] (2026-01-10 09:28:12.705) OccupancyGrid.cpp:169::getProbMap() Map info is empty, cannot generate probabilistic occupancy grid[0m
[superpoint_node-2] [INFO] [1768033693.168479628] [superpoint_node]: Keypoints estratti: 800
[superpoint_node-2] [ERROR] [1768033693.176689026] [superpoint_node]: Errore pubblicazione keypoints 3D: could not assign tuple of length 3 to structure with 4 fields.
[rtabmap-14] [INFO] [1768033693.213217186] [rtabmap]: rtabmap (428): Rate=0.50s, Limit=0.001s, Conversion=0.0002s, RTAB-Map=0.0365s, Maps update=0.0003s pub=0.0011s delay=0.0938s (local map=0, WM=0)
[superpoint_node-2] [INFO] [1768033693.272386174] [superpoint_node]: Keypoints estratti: 800
[superpoint_node-2] [ERROR] [1768033693.280308793] [superpoint_node]: Errore pubblicazione keypoints 3D: could not assign tuple of length 3 to structure with 4 fields.
[superpoint_node-2] [INFO] [1768033693.376767854] [superpoint_node]: Keypoints estratti: 800
[superpoint_node-2] [ERROR] [1768033693.383380573] [superpoint_node]: Errore pubblicazione keypoints 3D: could not assign tuple of length 3 to structure with 4 fields.
[superpoint_node-2] [INFO] [1768033693.474007218] [superpoint_node]: Keypoints estratti: 800
[superpoint_node-2] [ERROR] [1768033693.480937236] [superpoint_node]: Errore pubblicazione keypoints 3D: could not assign tuple of length 3 to structure with 4 fields.
[superpoint_node-2] [INFO] [1768033693.572955743] [superpoint_node]: Keypoints estratti: 800
[superpoint_node-2] [ERROR] [1768033693.580259598] [superpoint_node]: Errore pubblicazione keypoints 3D: could not assign tuple of length 3 to structure with 4 fields.
[superpoint_node-2] [INFO] [1768033693.669545787] [superpoint_node]: Keypoints estratti: 800
[superpoint_node-2] [ERROR] [1768033693.677745889] [superpoint_node]: Errore pubblicazione keypoints 3D: could not assign tuple of length 3 to structure with 4 fields.
[rtabmap-14] [INFO] [1768033693.720010891] [rtabmap]: rtabmap (429): Rate=0.50s, Limit=0.001s, Conversion=0.0005s, RTAB-Map=0.0382s, Maps update=0.0003s pub=0.0032s delay=0.0977s (local map=0, WM=0)
[superpoint_node-2] [INFO] [1768033693.777575663] [superpoint_node]: Keypoints estratti: 800
[superpoint_node-2] [ERROR] [1768033693.784538125] [superpoint_node]: Errore pubblicazione keypoints 3D: could not assign tuple of length 3 to structure with 4 fields.
[superpoint_node-2] [INFO] [1768033693.876771005] [superpoint_node]: Keypoints estratti: 800
[superpoint_node-2] [ERROR] [1768033693.883647226] [superpoint_node]: Errore pubblicazione keypoints 3D: could not assign tuple of length 3 to structure with 4 fields.
[superpoint_node-2] [INFO] [1768033693.972044909] [superpoint_node]: Keypoints estratti: 800
[superpoint_node-2] [ERROR] [1768033693.979166539] [superpoint_node]: Errore pubblicazione keypoints 3D: could not assign tuple of length 3 to structure with 4 fields.
[superpoint_node-2] [INFO] [1768033694.073764716] [superpoint_node]: Keypoints estratti: 800
[superpoint_node-2] [ERROR] [1768033694.081002458] [superpoint_node]: Errore pubblicazione keypoints 3D: could not assign tuple of length 3 to structure with 4 fields.
[superpoint_node-2] [INFO] [1768033694.169225640] [superpoint_node]: Keypoints estratti: 800
[superpoint_node-2] [ERROR] [1768033694.176186954] [superpoint_node]: Errore pubblicazione keypoints 3D: could not assign tuple of length 3 to structure with 4 fields.
[superpoint_node-2] [INFO] [1768033694.271272986] [superpoint_node]: Keypoints estratti: 800
[superpoint_node-2] [ERROR] [1768033694.278513784] [superpoint_node]: Errore pubblicazione keypoints 3D: could not assign tuple of length 3 to structure with 4 fields.
[rtabmap-14] [INFO] [1768033694.297008894] [rtabmap]: rtabmap (430): Rate=0.50s, Limit=0.001s, Conversion=0.0008s, RTAB-Map=0.0429s, Maps update=0.0003s pub=0.0013s delay=0.0798s (local map=0, WM=0)
[superpoint_node-2] [INFO] [1768033694.368479998] [superpoint_node]: Keypoints estratti: 800
[superpoint_node-2] [ERROR] [1768033694.375471498] [superpoint_node]: Errore pubblicazione keypoints 3D: could not assign tuple of length 3 to structure with 4 fields.
[superpoint_node-2] [INFO] [1768033694.467109706] [superpoint_node]: Keypoints estratti: 800
[superpoint_node-2] [ERROR] [1768033694.474461431] [superpoint_node]: Errore pubblicazione keypoints 3D: could not assign tuple of length 3 to structure with 4 fields.
[superpoint_node-2] [INFO] [1768033694.565579246] [superpoint_node]: Keypoints estratti: 800
[superpoint_node-2] [ERROR] [1768033694.572144243] [superpoint_node]: Errore pubblicazione keypoints 3D: could not assign tuple of length 3 to structure with 4 fields.
[superpoint_node-2] [INFO] [1768033694.664752237] [superpoint_node]: Keypoints estratti: 800
[superpoint_node-2] [ERROR] [1768033694.671629810] [superpoint_node]: Errore pubblicazione keypoints 3D: could not assign tuple of length 3 to structure with 4 fields.
[rtabmap-14] [INFO] [1768033694.807044847] [rtabmap]: rtabmap (431): Rate=0.50s, Limit=0.001s, Conversion=0.0003s, RTAB-Map=0.0227s, Maps update=0.0009s pub=0.0016s delay=0.0375s (local map=0, WM=0)
[superpoint_node-2] [INFO] [1768033694.822422728] [superpoint_node]: Keypoints estratti: 800
[superpoint_node-2] [ERROR] [1768033694.829346487] [superpoint_node]: Errore pubblicazione keypoints 3D: could not assign tuple of length 3 to structure with 4 fields.
[superpoint_node-2] [INFO] [1768033694.923946163] [superpoint_node]: Keypoints estratti: 800
[superpoint_node-2] [ERROR] [1768033694.930967033] [superpoint_node]: Errore pubblicazione keypoints 3D: could not assign tuple of length 3 to structure with 4 fields.
[superpoint_node-2] [INFO] [1768033695.022513297] [superpoint_node]: Keypoints estratti: 800
[superpoint_node-2] [ERROR] [1768033695.029421148] [superpoint_node]: Errore pubblicazione keypoints 3D: could not assign tuple of length 3 to structure with 4 fields.
[superpoint_node-2] [INFO] [1768033695.120241016] [superpoint_node]: Keypoints estratti: 800
[superpoint_node-2] [ERROR] [1768033695.127004218] [superpoint_node]: Errore pubblicazione keypoints 3D: could not assign tuple of length 3 to structure with 4 fields.
[superpoint_node-2] [INFO] [1768033695.222754959] [superpoint_node]: Keypoints estratti: 800
[superpoint_node-2] [ERROR] [1768033695.229699532] [superpoint_node]: Errore pubblicazione keypoints 3D: could not assign tuple of length 3 to structure with 4 fields.
[superpoint_node-2] [INFO] [1768033695.326883951] [superpoint_node]: Keypoints estratti: 800
[superpoint_node-2] [ERROR] [1768033695.333954878] [superpoint_node]: Errore pubblicazione keypoints 3D: could not assign tuple of length 3 to structure with 4 fields.
[rtabmap-14] [INFO] [1768033695.361028963] [rtabmap]: rtabmap (432): Rate=0.50s, Limit=0.001s, Conversion=0.0006s, RTAB-Map=0.0443s, Maps update=0.0007s pub=0.0021s delay=0.0884s (local map=0, WM=0)
[superpoint_node-2] [INFO] [1768033695.429740415] [superpoint_node]: Keypoints estratti: 800
[superpoint_node-2] [ERROR] [1768033695.436697211] [superpoint_node]: Errore pubblicazione keypoints 3D: could not assign tuple of length 3 to structure with 4 fields.
[superpoint_node-2] [INFO] [1768033695.527386746] [superpoint_node]: Keypoints estratti: 800
[superpoint_node-2] [ERROR] [1768033695.534482857] [superpoint_node]: Errore pubblicazione keypoints 3D: could not assign tuple of length 3 to structure with 4 fields.
[superpoint_node-2] [INFO] [1768033695.627195333] [superpoint_node]: Keypoints estratti: 800
[superpoint_node-2] [ERROR] [1768033695.634067832] [superpoint_node]: Errore pubblicazione keypoints 3D: could not assign tuple of length 3 to structure with 4 fields.
[superpoint_node-2] [INFO] [1768033695.727678279] [superpoint_node]: Keypoints estratti: 800
[superpoint_node-2] [ERROR] [1768033695.734554944] [superpoint_node]: Errore pubblicazione keypoints 3D: could not assign tuple of length 3 to structure with 4 fields.
[superpoint_node-2] [INFO] [1768033695.828770118] [superpoint_node]: Keypoints estratti: 800
[superpoint_node-2] [ERROR] [1768033695.835831803] [superpoint_node]: Errore pubblicazione keypoints 3D: could not assign tuple of length 3 to structure with 4 fields.
[rtabmap-14] [INFO] [1768033695.859105673] [rtabmap]: rtabmap (433): Rate=0.50s, Limit=0.001s, Conversion=0.0002s, RTAB-Map=0.0441s, Maps update=0.0009s pub=0.0048s delay=0.0828s (local map=0, WM=0)
[superpoint_node-2] [INFO] [1768033695.929924975] [superpoint_node]: Keypoints estratti: 800
[superpoint_node-2] [ERROR] [1768033695.936817956] [superpoint_node]: Errore pubblicazione keypoints 3D: could not assign tuple of length 3 to structure with 4 fields.
[superpoint_node-2] [INFO] [1768033696.029552821] [superpoint_node]: Keypoints estratti: 800
[superpoint_node-2] [ERROR] [1768033696.036967991] [superpoint_node]: Errore pubblicazione keypoints 3D: could not assign tuple of length 3 to structure with 4 fields.
[superpoint_node-2] [INFO] [1768033696.127648322] [superpoint_node]: Keypoints estratti: 800
[superpoint_node-2] [ERROR] [1768033696.134968120] [superpoint_node]: Errore pubblicazione keypoints 3D: could not assign tuple of length 3 to structure with 4 fields.
[superpoint_node-2] [INFO] [1768033696.228270120] [superpoint_node]: Keypoints estratti: 800
[superpoint_node-2] [ERROR] [1768033696.235102526] [superpoint_node]: Errore pubblicazione keypoints 3D: could not assign tuple of length 3 to structure with 4 fields.
[superpoint_node-2] [INFO] [1768033696.326989606] [superpoint_node]: Keypoints estratti: 800
[superpoint_node-2] [ERROR] [1768033696.334199941] [superpoint_node]: Errore pubblicazione keypoints 3D: could not assign tuple of length 3 to structure with 4 fields.
[rtabmap-14] [INFO] [1768033696.336506182] [rtabmap]: rtabmap (434): Rate=0.50s, Limit=0.001s, Conversion=0.0002s, RTAB-Map=0.0227s, Maps update=0.0003s pub=0.0011s delay=0.0586s (local map=0, WM=0)
[superpoint_node-2] [INFO] [1768033696.425711538] [superpoint_node]: Keypoints estratti: 800
[superpoint_node-2] [ERROR] [1768033696.432834372] [superpoint_node]: Errore pubblicazione keypoints 3D: could not assign tuple of length 3 to structure with 4 fields.
[superpoint_node-2] [INFO] [1768033696.523781908] [superpoint_node]: Keypoints estratti: 800
[superpoint_node-2] [ERROR] [1768033696.530658870] [superpoint_node]: Errore pubblicazione keypoints 3D: could not assign tuple of length 3 to structure with 4 fields.
[superpoint_node-2] [INFO] [1768033696.623943369] [superpoint_node]: Keypoints estratti: 800
[superpoint_node-2] [ERROR] [1768033696.631426743] [superpoint_node]: Errore pubblicazione keypoints 3D: could not assign tuple of length 3 to structure with 4 fields.
[superpoint_node-2] [INFO] [1768033696.724229220] [superpoint_node]: Keypoints estratti: 800
[superpoint_node-2] [ERROR] [1768033696.731587167] [superpoint_node]: Errore pubblicazione keypoints 3D: could not assign tuple of length 3 to structure with 4 fields.
[superpoint_node-2] [INFO] [1768033696.824245495] [superpoint_node]: Keypoints estratti: 800
[superpoint_node-2] [ERROR] [1768033696.831304014] [superpoint_node]: Errore pubblicazione keypoints 3D: could not assign tuple of length 3 to structure with 4 fields.
[superpoint_node-2] [INFO] [1768033696.926213859] [superpoint_node]: Keypoints estratti: 800
[superpoint_node-2] [ERROR] [1768033696.934495814] [superpoint_node]: Errore pubblicazione keypoints 3D: could not assign tuple of length 3 to structure with 4 fields.
[rtabmap-14] [INFO] [1768033696.961684233] [rtabmap]: rtabmap (435): Rate=0.50s, Limit=0.001s, Conversion=0.0004s, RTAB-Map=0.0373s, Maps update=0.0003s pub=0.0057s delay=0.0868s (local map=0, WM=0)
[superpoint_node-2] [INFO] [1768033697.027208420] [superpoint_node]: Keypoints estratti: 800
[superpoint_node-2] [ERROR] [1768033697.034055863] [superpoint_node]: Errore pubblicazione keypoints 3D: could not assign tuple of length 3 to structure with 4 fields.
[superpoint_node-2] [INFO] [1768033697.125406606] [superpoint_node]: Keypoints estratti: 800
[superpoint_node-2] [ERROR] [1768033697.132113141] [superpoint_node]: Errore pubblicazione keypoints 3D: could not assign tuple of length 3 to structure with 4 fields.
[superpoint_node-2] [INFO] [1768033697.222249800] [superpoint_node]: Keypoints estratti: 800
[superpoint_node-2] [ERROR] [1768033697.228952538] [superpoint_node]: Errore pubblicazione keypoints 3D: could not assign tuple of length 3 to structure with 4 fields.
[superpoint_node-2] [INFO] [1768033697.321453791] [superpoint_node]: Keypoints estratti: 800
[superpoint_node-2] [ERROR] [1768033697.328645774] [superpoint_node]: Errore pubblicazione keypoints 3D: could not assign tuple of length 3 to structure with 4 fields.
[superpoint_node-2] [INFO] [1768033697.420977025] [superpoint_node]: Keypoints estratti: 800
[superpoint_node-2] [ERROR] [1768033697.427727874] [superpoint_node]: Errore pubblicazione keypoints 3D: could not assign tuple of length 3 to structure with 4 fields.
[superpoint_node-2] [INFO] [1768033697.521043078] [superpoint_node]: Keypoints estratti: 800
[superpoint_node-2] [ERROR] [1768033697.529565164] [superpoint_node]: Errore pubblicazione keypoints 3D: could not assign tuple of length 3 to structure with 4 fields.
[rtabmap-14] [INFO] [1768033697.538249825] [rtabmap]: rtabmap (436): Rate=0.50s, Limit=0.001s, Conversion=0.0003s, RTAB-Map=0.0224s, Maps update=0.0006s pub=0.0016s delay=0.0681s (local map=0, WM=0)
[superpoint_node-2] [INFO] [1768033697.628673228] [superpoint_node]: Keypoints estratti: 800
[superpoint_node-2] [ERROR] [1768033697.635827488] [superpoint_node]: Errore pubblicazione keypoints 3D: could not assign tuple of length 3 to structure with 4 fields.
[superpoint_node-2] [INFO] [1768033697.734193268] [superpoint_node]: Keypoints estratti: 800
[superpoint_node-2] [ERROR] [1768033697.741537178] [superpoint_node]: Errore pubblicazione keypoints 3D: could not assign tuple of length 3 to structure with 4 fields.
[superpoint_node-2] [INFO] [1768033697.831517133] [superpoint_node]: Keypoints estratti: 800
[superpoint_node-2] [ERROR] [1768033697.838846358] [superpoint_node]: Errore pubblicazione keypoints 3D: could not assign tuple of length 3 to structure with 4 fields.
[superpoint_node-2] [INFO] [1768033697.931035496] [superpoint_node]: Keypoints estratti: 800
[superpoint_node-2] [ERROR] [1768033697.937916736] [superpoint_node]: Errore pubblicazione keypoints 3D: could not assign tuple of length 3 to structure with 4 fields.
[superpoint_node-2] [INFO] [1768033698.030745991] [superpoint_node]: Keypoints estratti: 800
[superpoint_node-2] [ERROR] [1768033698.038512441] [superpoint_node]: Errore pubblicazione keypoints 3D: could not assign tuple of length 3 to structure with 4 fields.
[rtabmap-14] [INFO] [1768033698.039293781] [rtabmap]: rtabmap (437): Rate=0.50s, Limit=0.001s, Conversion=0.0005s, RTAB-Map=0.0221s, Maps update=0.0003s pub=0.0017s delay=0.0589s (local map=0, WM=0)
[superpoint_node-2] [INFO] [1768033698.129879814] [superpoint_node]: Keypoints estratti: 800
[superpoint_node-2] [ERROR] [1768033698.136940833] [superpoint_node]: Errore pubblicazione keypoints 3D: could not assign tuple of length 3 to structure with 4 fields.
[rtabmap-14] [33m[ WARN] (2026-01-10 09:28:13.212) MapsManager.cpp:863::publishMaps() Graph has changed! The whole cloud is regenerated.[0m
[rtabmap-14] [33m[ WARN] (2026-01-10 09:28:13.212) OccupancyGrid.cpp:169::getProbMap() Map info is empty, cannot generate probabilistic occupancy grid[0m
[rtabmap-14] [33m[ WARN] (2026-01-10 09:28:13.716) MapsManager.cpp:863::publishMaps() Graph has changed! The whole cloud is regenerated.[0m
[rtabmap-14] [33m[ WARN] (2026-01-10 09:28:13.717) OccupancyGrid.cpp:169::getProbMap() Map info is empty, cannot generate probabilistic occupancy grid[0m
[rtabmap-14] [33m[ WARN] (2026-01-10 09:28:14.295) MapsManager.cpp:863::publishMaps() Graph has changed! The whole cloud is regenerated.[0m
[rtabmap-14] [33m[ WARN] (2026-01-10 09:28:14.296) OccupancyGrid.cpp:169::getProbMap() Map info is empty, cannot generate probabilistic occupancy grid[0m
[rtabmap-14] [33m[ WARN] (2026-01-10 09:28:14.723) CoreWrapper.cpp:1227::odomTFUpdate() Odometry is reset (identity pose detected). Increment map id![0m
[rtabmap-14] [33m[ WARN] (2026-01-10 09:28:14.805) MapsManager.cpp:863::publishMaps() Graph has changed! The whole cloud is regenerated.[0m
[rtabmap-14] [33m[ WARN] (2026-01-10 09:28:14.806) OccupancyGrid.cpp:169::getProbMap() Map info is empty, cannot generate probabilistic occupancy grid[0m
[rtabmap-14] [33m[ WARN] (2026-01-10 09:28:15.358) MapsManager.cpp:863::publishMaps() Graph has changed! The whole cloud is regenerated.[0m
[rtabmap-14] [33m[ WARN] (2026-01-10 09:28:15.360) OccupancyGrid.cpp:169::getProbMap() Map info is empty, cannot generate probabilistic occupancy grid[0m
[rtabmap-14] [33m[ WARN] (2026-01-10 09:28:15.854) MapsManager.cpp:863::publishMaps() Graph has changed! The whole cloud is regenerated.[0m
[rtabmap-14] [33m[ WARN] (2026-01-10 09:28:15.855) OccupancyGrid.cpp:169::getProbMap() Map info is empty, cannot generate probabilistic occupancy grid[0m
[rtabmap-14] [33m[ WARN] (2026-01-10 09:28:16.335) MapsManager.cpp:863::publishMaps() Graph has changed! The whole cloud is regenerated.[0m
[rtabmap-14] [33m[ WARN] (2026-01-10 09:28:16.335) OccupancyGrid.cpp:169::getProbMap() Map info is empty, cannot generate probabilistic occupancy grid[0m
[rtabmap-14] [33m[ WARN] (2026-01-10 09:28:16.955) MapsManager.cpp:863::publishMaps() Graph has changed! The whole cloud is regenerated.[0m
[rtabmap-14] [33m[ WARN] (2026-01-10 09:28:16.957) OccupancyGrid.cpp:169::getProbMap() Map info is empty, cannot generate probabilistic occupancy grid[0m
[rtabmap-14] [33m[ WARN] (2026-01-10 09:28:17.536) MapsManager.cpp:863::publishMaps() Graph has changed! The whole cloud is regenerated.[0m
[rtabmap-14] [33m[ WARN] (2026-01-10 09:28:17.537) OccupancyGrid.cpp:169::getProbMap() Map info is empty, cannot generate probabilistic occupancy grid[0m
[rtabmap-14] [33m[ WARN] (2026-01-10 09:28:18.037) MapsManager.cpp:863::publishMaps() Graph has changed! The whole cloud is regenerated.[0m
[rtabmap-14] [33m[ WARN] (2026-01-10 09:28:18.038) OccupancyGrid.cpp:169::getProbMap() Map info is empty, cannot generate probabilistic occupancy grid[0m
[superpoint_node-2] [INFO] [1768033698.229657050] [superpoint_node]: Keypoints estratti: 800
[superpoint_node-2] [ERROR] [1768033698.236761773] [superpoint_node]: Errore pubblicazione keypoints 3D: could not assign tuple of length 3 to structure with 4 fields.
[superpoint_node-2] [INFO] [1768033698.325275420] [superpoint_node]: Keypoints estratti: 800
[superpoint_node-2] [ERROR] [1768033698.332161234] [superpoint_node]: Errore pubblicazione keypoints 3D: could not assign tuple of length 3 to structure with 4 fields.
[superpoint_node-2] [INFO] [1768033698.425527900] [superpoint_node]: Keypoints estratti: 800
[superpoint_node-2] [ERROR] [1768033698.432652494] [superpoint_node]: Errore pubblicazione keypoints 3D: could not assign tuple of length 3 to structure with 4 fields.
[superpoint_node-2] [INFO] [1768033698.522041110] [superpoint_node]: Keypoints estratti: 800
[superpoint_node-2] [ERROR] [1768033698.528814979] [superpoint_node]: Errore pubblicazione keypoints 3D: could not assign tuple of length 3 to structure with 4 fields.
[superpoint_node-2] [INFO] [1768033698.621625030] [superpoint_node]: Keypoints estratti: 800
[superpoint_node-2] [ERROR] [1768033698.630546434] [superpoint_node]: Errore pubblicazione keypoints 3D: could not assign tuple of length 3 to structure with 4 fields.
[rtabmap-14] [INFO] [1768033698.670188563] [rtabmap]: rtabmap (438): Rate=0.50s, Limit=0.001s, Conversion=0.0019s, RTAB-Map=0.0457s, Maps update=0.0018s pub=0.0036s delay=0.0990s (local map=0, WM=0)
[superpoint_node-2] [INFO] [1768033698.724266733] [superpoint_node]: Keypoints estratti: 800
[superpoint_node-2] [ERROR] [1768033698.731016731] [superpoint_node]: Errore pubblicazione keypoints 3D: could not assign tuple of length 3 to structure with 4 fields.
[superpoint_node-2] [INFO] [1768033698.858519075] [superpoint_node]: Keypoints estratti: 800
[superpoint_node-2] [ERROR] [1768033698.866064376] [superpoint_node]: Errore pubblicazione keypoints 3D: could not assign tuple of length 3 to structure with 4 fields.
[superpoint_node-2] [INFO] [1768033699.019148109] [superpoint_node]: Keypoints estratti: 800
[superpoint_node-2] [ERROR] [1768033699.026683465] [superpoint_node]: Errore pubblicazione keypoints 3D: could not assign tuple of length 3 to structure with 4 fields.
[superpoint_node-2] [INFO] [1768033699.117067978] [superpoint_node]: Keypoints estratti: 800
[superpoint_node-2] [ERROR] [1768033699.124288961] [superpoint_node]: Errore pubblicazione keypoints 3D: could not assign tuple of length 3 to structure with 4 fields.
[rtabmap-14] [INFO] [1768033699.216915826] [rtabmap]: rtabmap (439): Rate=0.50s, Limit=0.001s, Conversion=0.0002s, RTAB-Map=0.0311s, Maps update=0.0003s pub=0.0012s delay=0.0474s (local map=0, WM=0)
[superpoint_node-2] [INFO] [1768033699.221426139] [superpoint_node]: Keypoints estratti: 800
[superpoint_node-2] [ERROR] [1768033699.228330046] [superpoint_node]: Errore pubblicazione keypoints 3D: could not assign tuple of length 3 to structure with 4 fields.
[superpoint_node-2] [INFO] [1768033699.319199600] [superpoint_node]: Keypoints estratti: 800
[superpoint_node-2] [ERROR] [1768033699.326024247] [superpoint_node]: Errore pubblicazione keypoints 3D: could not assign tuple of length 3 to structure with 4 fields.
[superpoint_node-2] [INFO] [1768033699.418128329] [superpoint_node]: Keypoints estratti: 800
[superpoint_node-2] [ERROR] [1768033699.425004439] [superpoint_node]: Errore pubblicazione keypoints 3D: could not assign tuple of length 3 to structure with 4 fields.
[superpoint_node-2] [INFO] [1768033699.519530096] [superpoint_node]: Keypoints estratti: 800
[superpoint_node-2] [ERROR] [1768033699.526201334] [superpoint_node]: Errore pubblicazione keypoints 3D: could not assign tuple of length 3 to structure with 4 fields.
[superpoint_node-2] [INFO] [1768033699.618515863] [superpoint_node]: Keypoints estratti: 800
[superpoint_node-2] [ERROR] [1768033699.625272102] [superpoint_node]: Errore pubblicazione keypoints 3D: could not assign tuple of length 3 to structure with 4 fields.
[superpoint_node-2] [INFO] [1768033699.718840659] [superpoint_node]: Keypoints estratti: 800
[superpoint_node-2] [ERROR] [1768033699.725724954] [superpoint_node]: Errore pubblicazione keypoints 3D: could not assign tuple of length 3 to structure with 4 fields.
[superpoint_node-2] [INFO] [1768033699.816996808] [superpoint_node]: Keypoints estratti: 800
[superpoint_node-2] [ERROR] [1768033699.824009697] [superpoint_node]: Errore pubblicazione keypoints 3D: could not assign tuple of length 3 to structure with 4 fields.
[rtabmap-14] [INFO] [1768033699.864657797] [rtabmap]: rtabmap (440): Rate=0.50s, Limit=0.001s, Conversion=0.0006s, RTAB-Map=0.0440s, Maps update=0.0015s pub=0.0016s delay=0.0952s (local map=0, WM=0)
[superpoint_node-2] [INFO] [1768033699.921623526] [superpoint_node]: Keypoints estratti: 800
[superpoint_node-2] [ERROR] [1768033699.928946251] [superpoint_node]: Errore pubblicazione keypoints 3D: could not assign tuple of length 3 to structure with 4 fields.
[superpoint_node-2] [INFO] [1768033700.021218853] [superpoint_node]: Keypoints estratti: 800
[superpoint_node-2] [ERROR] [1768033700.028220909] [superpoint_node]: Errore pubblicazione keypoints 3D: could not assign tuple of length 3 to structure with 4 fields.
[superpoint_node-2] [INFO] [1768033700.120953682] [superpoint_node]: Keypoints estratti: 800
[superpoint_node-2] [ERROR] [1768033700.127697309] [superpoint_node]: Errore pubblicazione keypoints 3D: could not assign tuple of length 3 to structure with 4 fields.
[superpoint_node-2] [INFO] [1768033700.220050894] [superpoint_node]: Keypoints estratti: 800
[superpoint_node-2] [ERROR] [1768033700.227004264] [superpoint_node]: Errore pubblicazione keypoints 3D: could not assign tuple of length 3 to structure with 4 fields.
[superpoint_node-2] [INFO] [1768033700.321720089] [superpoint_node]: Keypoints estratti: 800
[superpoint_node-2] [ERROR] [1768033700.328409198] [superpoint_node]: Errore pubblicazione keypoints 3D: could not assign tuple of length 3 to structure with 4 fields.
[superpoint_node-2] [INFO] [1768033700.420610596] [superpoint_node]: Keypoints estratti: 800
[superpoint_node-2] [ERROR] [1768033700.427955043] [superpoint_node]: Errore pubblicazione keypoints 3D: could not assign tuple of length 3 to structure with 4 fields.
[rtabmap-14] [INFO] [1768033700.458950585] [rtabmap]: rtabmap (441): Rate=0.50s, Limit=0.001s, Conversion=0.0007s, RTAB-Map=0.0413s, Maps update=0.0003s pub=0.0016s delay=0.0880s (local map=0, WM=0)
[superpoint_node-2] [INFO] [1768033700.522557312] [superpoint_node]: Keypoints estratti: 800
[superpoint_node-2] [ERROR] [1768033700.529547089] [superpoint_node]: Errore pubblicazione keypoints 3D: could not assign tuple of length 3 to structure with 4 fields.
[superpoint_node-2] [INFO] [1768033700.619945640] [superpoint_node]: Keypoints estratti: 800
[superpoint_node-2] [ERROR] [1768033700.626815750] [superpoint_node]: Errore pubblicazione keypoints 3D: could not assign tuple of length 3 to structure with 4 fields.
[superpoint_node-2] [INFO] [1768033700.719628060] [superpoint_node]: Keypoints estratti: 800
[superpoint_node-2] [ERROR] [1768033700.726494466] [superpoint_node]: Errore pubblicazione keypoints 3D: could not assign tuple of length 3 to structure with 4 fields.
[superpoint_node-2] [INFO] [1768033700.818487955] [superpoint_node]: Keypoints estratti: 800
[superpoint_node-2] [ERROR] [1768033700.825999515] [superpoint_node]: Errore pubblicazione keypoints 3D: could not assign tuple of length 3 to structure with 4 fields.
[superpoint_node-2] [INFO] [1768033700.916841328] [superpoint_node]: Keypoints estratti: 800
[superpoint_node-2] [ERROR] [1768033700.923522696] [superpoint_node]: Errore pubblicazione keypoints 3D: could not assign tuple of length 3 to structure with 4 fields.
[superpoint_node-2] [INFO] [1768033701.018405300] [superpoint_node]: Keypoints estratti: 800
[superpoint_node-2] [ERROR] [1768033701.025352152] [superpoint_node]: Errore pubblicazione keypoints 3D: could not assign tuple of length 3 to structure with 4 fields.
[rtabmap-14] [INFO] [1768033701.061749218] [rtabmap]: rtabmap (442): Rate=0.50s, Limit=0.001s, Conversion=0.0002s, RTAB-Map=0.0416s, Maps update=0.0018s pub=0.0023s delay=0.0921s (local map=0, WM=0)
[superpoint_node-2] [INFO] [1768033701.120780242] [superpoint_node]: Keypoints estratti: 800
[superpoint_node-2] [ERROR] [1768033701.127523610] [superpoint_node]: Errore pubblicazione keypoints 3D: could not assign tuple of length 3 to structure with 4 fields.
[superpoint_node-2] [INFO] [1768033701.216973024] [superpoint_node]: Keypoints estratti: 800
[superpoint_node-2] [ERROR] [1768033701.223719799] [superpoint_node]: Errore pubblicazione keypoints 3D: could not assign tuple of length 3 to structure with 4 fields.
[superpoint_node-2] [INFO] [1768033701.319417521] [superpoint_node]: Keypoints estratti: 800
[superpoint_node-2] [ERROR] [1768033701.326209798] [superpoint_node]: Errore pubblicazione keypoints 3D: could not assign tuple of length 3 to structure with 4 fields.
[superpoint_node-2] [INFO] [1768033701.420189506] [superpoint_node]: Keypoints estratti: 800
[superpoint_node-2] [ERROR] [1768033701.427207321] [superpoint_node]: Errore pubblicazione keypoints 3D: could not assign tuple of length 3 to structure with 4 fields.
[superpoint_node-2] [INFO] [1768033701.522275723] [superpoint_node]: Keypoints estratti: 800
[superpoint_node-2] [ERROR] [1768033701.529287390] [superpoint_node]: Errore pubblicazione keypoints 3D: could not assign tuple of length 3 to structure with 4 fields.
[rtabmap-14] [INFO] [1768033701.566423592] [rtabmap]: rtabmap (443): Rate=0.50s, Limit=0.001s, Conversion=0.0002s, RTAB-Map=0.0412s, Maps update=0.0019s pub=0.0050s delay=0.0965s (local map=0, WM=0)
[superpoint_node-2] [INFO] [1768033701.628718512] [superpoint_node]: Keypoints estratti: 800
[superpoint_node-2] [ERROR] [1768033701.635547881] [superpoint_node]: Errore pubblicazione keypoints 3D: could not assign tuple of length 3 to structure with 4 fields.
[superpoint_node-2] [INFO] [1768033701.731221066] [superpoint_node]: Keypoints estratti: 800
[superpoint_node-2] [ERROR] [1768033701.737888100] [superpoint_node]: Errore pubblicazione keypoints 3D: could not assign tuple of length 3 to structure with 4 fields.
[superpoint_node-2] [INFO] [1768033701.830398834] [superpoint_node]: Keypoints estratti: 800
[superpoint_node-2] [ERROR] [1768033701.837220258] [superpoint_node]: Errore pubblicazione keypoints 3D: could not assign tuple of length 3 to structure with 4 fields.
[superpoint_node-2] [INFO] [1768033701.932023529] [superpoint_node]: Keypoints estratti: 800
[superpoint_node-2] [ERROR] [1768033701.938931528] [superpoint_node]: Errore pubblicazione keypoints 3D: could not assign tuple of length 3 to structure with 4 fields.
[superpoint_node-2] [INFO] [1768033702.036013946] [superpoint_node]: Keypoints estratti: 800
[superpoint_node-2] [ERROR] [1768033702.043999510] [superpoint_node]: Errore pubblicazione keypoints 3D: could not assign tuple of length 3 to structure with 4 fields.
[rtabmap-14] [INFO] [1768033702.085840564] [rtabmap]: rtabmap (444): Rate=0.50s, Limit=0.001s, Conversion=0.0002s, RTAB-Map=0.0421s, Maps update=0.0002s pub=0.0010s delay=0.0999s (local map=0, WM=0)
[superpoint_node-2] [INFO] [1768033702.141275226] [superpoint_node]: Keypoints estratti: 800
[superpoint_node-2] [ERROR] [1768033702.149780719] [superpoint_node]: Errore pubblicazione keypoints 3D: could not assign tuple of length 3 to structure with 4 fields.
[superpoint_node-2] [INFO] [1768033702.274932008] [superpoint_node]: Keypoints estratti: 800
[superpoint_node-2] [ERROR] [1768033702.281740173] [superpoint_node]: Errore pubblicazione keypoints 3D: could not assign tuple of length 3 to structure with 4 fields.
[superpoint_node-2] [INFO] [1768033702.467588796] [superpoint_node]: Keypoints estratti: 800
[superpoint_node-2] [ERROR] [1768033702.486257851] [superpoint_node]: Errore pubblicazione keypoints 3D: could not assign tuple of length 3 to structure with 4 fields.
[superpoint_node-2] [INFO] [1768033702.677265718] [superpoint_node]: Keypoints estratti: 800
[superpoint_node-2] [ERROR] [1768033702.686319031] [superpoint_node]: Errore pubblicazione keypoints 3D: could not assign tuple of length 3 to structure with 4 fields.
[rtabmap-14] [INFO] [1768033702.705396793] [rtabmap]: rtabmap (445): Rate=0.50s, Limit=0.001s, Conversion=0.0046s, RTAB-Map=0.0489s, Maps update=0.0003s pub=0.0013s delay=0.1104s (local map=0, WM=0)
[superpoint_node-2] [INFO] [1768033702.842672845] [superpoint_node]: Keypoints estratti: 800
[superpoint_node-2] [ERROR] [1768033702.852102679] [superpoint_node]: Errore pubblicazione keypoints 3D: could not assign tuple of length 3 to structure with 4 fields.
[superpoint_node-2] [INFO] [1768033702.948750538] [superpoint_node]: Keypoints estratti: 800
[superpoint_node-2] [ERROR] [1768033702.957050734] [superpoint_node]: Errore pubblicazione keypoints 3D: could not assign tuple of length 3 to structure with 4 fields.
[superpoint_node-2] [INFO] [1768033703.060241793] [superpoint_node]: Keypoints estratti: 800
[superpoint_node-2] [ERROR] [1768033703.067777186] [superpoint_node]: Errore pubblicazione keypoints 3D: could not assign tuple of length 3 to structure with 4 fields.
[rtabmap-14] [33m[ WARN] (2026-01-10 09:28:18.666) MapsManager.cpp:863::publishMaps() Graph has changed! The whole cloud is regenerated.[0m
[rtabmap-14] [33m[ WARN] (2026-01-10 09:28:18.667) OccupancyGrid.cpp:169::getProbMap() Map info is empty, cannot generate probabilistic occupancy grid[0m
[rtabmap-14] [33m[ WARN] (2026-01-10 09:28:18.916) CoreWrapper.cpp:1227::odomTFUpdate() Odometry is reset (identity pose detected). Increment map id![0m
[rtabmap-14] [33m[ WARN] (2026-01-10 09:28:19.215) MapsManager.cpp:863::publishMaps() Graph has changed! The whole cloud is regenerated.[0m
[rtabmap-14] [33m[ WARN] (2026-01-10 09:28:19.216) OccupancyGrid.cpp:169::getProbMap() Map info is empty, cannot generate probabilistic occupancy grid[0m
[rtabmap-14] [33m[ WARN] (2026-01-10 09:28:19.863) MapsManager.cpp:863::publishMaps() Graph has changed! The whole cloud is regenerated.[0m
[rtabmap-14] [33m[ WARN] (2026-01-10 09:28:19.864) OccupancyGrid.cpp:169::getProbMap() Map info is empty, cannot generate probabilistic occupancy grid[0m
[rtabmap-14] [33m[ WARN] (2026-01-10 09:28:20.457) MapsManager.cpp:863::publishMaps() Graph has changed! The whole cloud is regenerated.[0m
[rtabmap-14] [33m[ WARN] (2026-01-10 09:28:20.458) OccupancyGrid.cpp:169::getProbMap() Map info is empty, cannot generate probabilistic occupancy grid[0m
[rtabmap-14] [33m[ WARN] (2026-01-10 09:28:21.059) MapsManager.cpp:863::publishMaps() Graph has changed! The whole cloud is regenerated.[0m
[rtabmap-14] [33m[ WARN] (2026-01-10 09:28:21.061) OccupancyGrid.cpp:169::getProbMap() Map info is empty, cannot generate probabilistic occupancy grid[0m
[rtabmap-14] [33m[ WARN] (2026-01-10 09:28:21.561) MapsManager.cpp:863::publishMaps() Graph has changed! The whole cloud is regenerated.[0m
[rtabmap-14] [33m[ WARN] (2026-01-10 09:28:21.564) OccupancyGrid.cpp:169::getProbMap() Map info is empty, cannot generate probabilistic occupancy grid[0m
[rtabmap-14] [33m[ WARN] (2026-01-10 09:28:22.084) MapsManager.cpp:863::publishMaps() Graph has changed! The whole cloud is regenerated.[0m
[rtabmap-14] [33m[ WARN] (2026-01-10 09:28:22.085) OccupancyGrid.cpp:169::getProbMap() Map info is empty, cannot generate probabilistic occupancy grid[0m
[rtabmap-14] [33m[ WARN] (2026-01-10 09:28:22.704) MapsManager.cpp:863::publishMaps() Graph has changed! The whole cloud is regenerated.[0m
[rtabmap-14] [33m[ WARN] (2026-01-10 09:28:22.704) OccupancyGrid.cpp:169::getProbMap() Map info is empty, cannot generate probabilistic occupancy grid[0m
[superpoint_node-2] [INFO] [1768033703.167157363] [superpoint_node]: Keypoints estratti: 800
[superpoint_node-2] [ERROR] [1768033703.175208779] [superpoint_node]: Errore pubblicazione keypoints 3D: could not assign tuple of length 3 to structure with 4 fields.
[rtabmap-14] [INFO] [1768033703.240410148] [rtabmap]: rtabmap (446): Rate=0.50s, Limit=0.001s, Conversion=0.0002s, RTAB-Map=0.0536s, Maps update=0.0005s pub=0.0076s delay=0.1281s (local map=0, WM=0)
[superpoint_node-2] [INFO] [1768033703.277325108] [superpoint_node]: Keypoints estratti: 800
[superpoint_node-2] [ERROR] [1768033703.284425257] [superpoint_node]: Errore pubblicazione keypoints 3D: could not assign tuple of length 3 to structure with 4 fields.
[superpoint_node-2] [INFO] [1768033703.380981226] [superpoint_node]: Keypoints estratti: 800
[superpoint_node-2] [ERROR] [1768033703.388507342] [superpoint_node]: Errore pubblicazione keypoints 3D: could not assign tuple of length 3 to structure with 4 fields.
[superpoint_node-2] [INFO] [1768033703.484345398] [superpoint_node]: Keypoints estratti: 800
[superpoint_node-2] [ERROR] [1768033703.491458177] [superpoint_node]: Errore pubblicazione keypoints 3D: could not assign tuple of length 3 to structure with 4 fields.
[superpoint_node-2] [INFO] [1768033703.586691432] [superpoint_node]: Keypoints estratti: 800
[superpoint_node-2] [ERROR] [1768033703.593513708] [superpoint_node]: Errore pubblicazione keypoints 3D: could not assign tuple of length 3 to structure with 4 fields.
[superpoint_node-2] [INFO] [1768033703.688342998] [superpoint_node]: Keypoints estratti: 800
[superpoint_node-2] [ERROR] [1768033703.697924648] [superpoint_node]: Errore pubblicazione keypoints 3D: could not assign tuple of length 3 to structure with 4 fields.
[rtabmap-14] [INFO] [1768033703.710679008] [rtabmap]: rtabmap (447): Rate=0.50s, Limit=0.001s, Conversion=0.0003s, RTAB-Map=0.0236s, Maps update=0.0004s pub=0.0016s delay=0.0745s (local map=0, WM=0)
[superpoint_node-2] [INFO] [1768033703.796978545] [superpoint_node]: Keypoints estratti: 800
[superpoint_node-2] [ERROR] [1768033703.804069138] [superpoint_node]: Errore pubblicazione keypoints 3D: could not assign tuple of length 3 to structure with 4 fields.
[superpoint_node-2] [INFO] [1768033703.905809871] [superpoint_node]: Keypoints estratti: 800
[superpoint_node-2] [ERROR] [1768033703.914493088] [superpoint_node]: Errore pubblicazione keypoints 3D: could not assign tuple of length 3 to structure with 4 fields.
[superpoint_node-2] [INFO] [1768033704.020706468] [superpoint_node]: Keypoints estratti: 800
[superpoint_node-2] [ERROR] [1768033704.028460048] [superpoint_node]: Errore pubblicazione keypoints 3D: could not assign tuple of length 3 to structure with 4 fields.
[superpoint_node-2] [INFO] [1768033704.125008850] [superpoint_node]: Keypoints estratti: 800
[superpoint_node-2] [ERROR] [1768033704.132052369] [superpoint_node]: Errore pubblicazione keypoints 3D: could not assign tuple of length 3 to structure with 4 fields.
[superpoint_node-2] [INFO] [1768033704.228861193] [superpoint_node]: Keypoints estratti: 800
[superpoint_node-2] [ERROR] [1768033704.236030916] [superpoint_node]: Errore pubblicazione keypoints 3D: could not assign tuple of length 3 to structure with 4 fields.
[rtabmap-14] [INFO] [1768033704.280262489] [rtabmap]: rtabmap (448): Rate=0.50s, Limit=0.001s, Conversion=0.0003s, RTAB-Map=0.0564s, Maps update=0.0030s pub=0.0025s delay=0.1052s (local map=0, WM=0)
[superpoint_node-2] [INFO] [1768033704.345579026] [superpoint_node]: Keypoints estratti: 800
[superpoint_node-2] [ERROR] [1768033704.352872677] [superpoint_node]: Errore pubblicazione keypoints 3D: could not assign tuple of length 3 to structure with 4 fields.
[superpoint_node-2] [INFO] [1768033704.447400760] [superpoint_node]: Keypoints estratti: 800
[superpoint_node-2] [ERROR] [1768033704.454229166] [superpoint_node]: Errore pubblicazione keypoints 3D: could not assign tuple of length 3 to structure with 4 fields.
[superpoint_node-2] [INFO] [1768033704.556770183] [superpoint_node]: Keypoints estratti: 800
[superpoint_node-2] [ERROR] [1768033704.564339669] [superpoint_node]: Errore pubblicazione keypoints 3D: could not assign tuple of length 3 to structure with 4 fields.
[superpoint_node-2] [INFO] [1768033704.668371179] [superpoint_node]: Keypoints estratti: 800
[superpoint_node-2] [ERROR] [1768033704.677209101] [superpoint_node]: Errore pubblicazione keypoints 3D: could not assign tuple of length 3 to structure with 4 fields.
[superpoint_node-2] [INFO] [1768033704.795655522] [superpoint_node]: Keypoints estratti: 800
[superpoint_node-2] [ERROR] [1768033704.806679128] [superpoint_node]: Errore pubblicazione keypoints 3D: could not assign tuple of length 3 to structure with 4 fields.
[rtabmap-14] [INFO] [1768033704.837502484] [rtabmap]: rtabmap (449): Rate=0.50s, Limit=0.001s, Conversion=0.0005s, RTAB-Map=0.0551s, Maps update=0.0010s pub=0.0023s delay=0.1044s (local map=0, WM=0)
[superpoint_node-2] [INFO] [1768033704.925827333] [superpoint_node]: Keypoints estratti: 800
[superpoint_node-2] [ERROR] [1768033704.933852359] [superpoint_node]: Errore pubblicazione keypoints 3D: could not assign tuple of length 3 to structure with 4 fields.
[superpoint_node-2] [INFO] [1768033705.029009781] [superpoint_node]: Keypoints estratti: 800
[superpoint_node-2] [ERROR] [1768033705.036065040] [superpoint_node]: Errore pubblicazione keypoints 3D: could not assign tuple of length 3 to structure with 4 fields.
[superpoint_node-2] [INFO] [1768033705.143875970] [superpoint_node]: Keypoints estratti: 800
[superpoint_node-2] [ERROR] [1768033705.152116702] [superpoint_node]: Errore pubblicazione keypoints 3D: could not assign tuple of length 3 to structure with 4 fields.
[superpoint_node-2] [INFO] [1768033705.250452926] [superpoint_node]: Keypoints estratti: 800
[superpoint_node-2] [ERROR] [1768033705.257621316] [superpoint_node]: Errore pubblicazione keypoints 3D: could not assign tuple of length 3 to structure with 4 fields.
[superpoint_node-2] [INFO] [1768033705.356733362] [superpoint_node]: Keypoints estratti: 800
[superpoint_node-2] [ERROR] [1768033705.363826400] [superpoint_node]: Errore pubblicazione keypoints 3D: could not assign tuple of length 3 to structure with 4 fields.
[rtabmap-14] [INFO] [1768033705.401579162] [rtabmap]: rtabmap (450): Rate=0.50s, Limit=0.001s, Conversion=0.0003s, RTAB-Map=0.0471s, Maps update=0.0003s pub=0.0044s delay=0.1003s (local map=0, WM=0)
[superpoint_node-2] [INFO] [1768033705.469918612] [superpoint_node]: Keypoints estratti: 800
[superpoint_node-2] [ERROR] [1768033705.479763504] [superpoint_node]: Errore pubblicazione keypoints 3D: could not assign tuple of length 3 to structure with 4 fields.
[superpoint_node-2] [INFO] [1768033705.582980657] [superpoint_node]: Keypoints estratti: 800
[superpoint_node-2] [ERROR] [1768033705.589973397] [superpoint_node]: Errore pubblicazione keypoints 3D: could not assign tuple of length 3 to structure with 4 fields.
[superpoint_node-2] [INFO] [1768033705.691574240] [superpoint_node]: Keypoints estratti: 800
[superpoint_node-2] [ERROR] [1768033705.699398099] [superpoint_node]: Errore pubblicazione keypoints 3D: could not assign tuple of length 3 to structure with 4 fields.
[superpoint_node-2] [INFO] [1768033705.807612661] [superpoint_node]: Keypoints estratti: 800
[superpoint_node-2] [ERROR] [1768033705.814403159] [superpoint_node]: Errore pubblicazione keypoints 3D: could not assign tuple of length 3 to structure with 4 fields.
[superpoint_node-2] [INFO] [1768033705.931410143] [superpoint_node]: Keypoints estratti: 800
[superpoint_node-2] [ERROR] [1768033705.938863628] [superpoint_node]: Errore pubblicazione keypoints 3D: could not assign tuple of length 3 to structure with 4 fields.
[rtabmap-14] [INFO] [1768033705.983301499] [rtabmap]: rtabmap (451): Rate=0.50s, Limit=0.001s, Conversion=0.0003s, RTAB-Map=0.0539s, Maps update=0.0005s pub=0.0074s delay=0.1241s (local map=0, WM=0)
[superpoint_node-2] [INFO] [1768033706.087307583] [superpoint_node]: Keypoints estratti: 800
[superpoint_node-2] [ERROR] [1768033706.094346232] [superpoint_node]: Errore pubblicazione keypoints 3D: could not assign tuple of length 3 to structure with 4 fields.
[superpoint_node-2] [INFO] [1768033706.186013051] [superpoint_node]: Keypoints estratti: 800
[superpoint_node-2] [ERROR] [1768033706.192639808] [superpoint_node]: Errore pubblicazione keypoints 3D: could not assign tuple of length 3 to structure with 4 fields.
[superpoint_node-2] [INFO] [1768033706.286453755] [superpoint_node]: Keypoints estratti: 800
[superpoint_node-2] [ERROR] [1768033706.293629720] [superpoint_node]: Errore pubblicazione keypoints 3D: could not assign tuple of length 3 to structure with 4 fields.
[superpoint_node-2] [INFO] [1768033706.387253629] [superpoint_node]: Keypoints estratti: 800
[superpoint_node-2] [ERROR] [1768033706.394514631] [superpoint_node]: Errore pubblicazione keypoints 3D: could not assign tuple of length 3 to structure with 4 fields.
[superpoint_node-2] [INFO] [1768033706.492436889] [superpoint_node]: Keypoints estratti: 800
[superpoint_node-2] [ERROR] [1768033706.501520832] [superpoint_node]: Errore pubblicazione keypoints 3D: could not assign tuple of length 3 to structure with 4 fields.
[rtabmap-14] [INFO] [1768033706.507033653] [rtabmap]: rtabmap (452): Rate=0.50s, Limit=0.001s, Conversion=0.0003s, RTAB-Map=0.0293s, Maps update=0.0003s pub=0.0013s delay=0.0680s (local map=0, WM=0)
[superpoint_node-2] [INFO] [1768033706.599830223] [superpoint_node]: Keypoints estratti: 800
[superpoint_node-2] [ERROR] [1768033706.606655888] [superpoint_node]: Errore pubblicazione keypoints 3D: could not assign tuple of length 3 to structure with 4 fields.
[superpoint_node-2] [INFO] [1768033706.734575810] [superpoint_node]: Keypoints estratti: 800
[superpoint_node-2] [ERROR] [1768033706.741479847] [superpoint_node]: Errore pubblicazione keypoints 3D: could not assign tuple of length 3 to structure with 4 fields.
[superpoint_node-2] [INFO] [1768033706.834596289] [superpoint_node]: Keypoints estratti: 800
[superpoint_node-2] [ERROR] [1768033706.841773735] [superpoint_node]: Errore pubblicazione keypoints 3D: could not assign tuple of length 3 to structure with 4 fields.
[superpoint_node-2] [INFO] [1768033706.936570116] [superpoint_node]: Keypoints estratti: 800
[superpoint_node-2] [ERROR] [1768033706.944193066] [superpoint_node]: Errore pubblicazione keypoints 3D: could not assign tuple of length 3 to structure with 4 fields.
[superpoint_node-2] [INFO] [1768033707.042319918] [superpoint_node]: Keypoints estratti: 800
[superpoint_node-2] [ERROR] [1768033707.050384223] [superpoint_node]: Errore pubblicazione keypoints 3D: could not assign tuple of length 3 to structure with 4 fields.
[rtabmap-14] [INFO] [1768033707.101993188] [rtabmap]: rtabmap (453): Rate=0.50s, Limit=0.001s, Conversion=0.0005s, RTAB-Map=0.0485s, Maps update=0.0013s pub=0.0011s delay=0.1138s (local map=0, WM=0)
[superpoint_node-2] [INFO] [1768033707.168229806] [superpoint_node]: Keypoints estratti: 800
[superpoint_node-2] [ERROR] [1768033707.175296658] [superpoint_node]: Errore pubblicazione keypoints 3D: could not assign tuple of length 3 to structure with 4 fields.
[superpoint_node-2] [INFO] [1768033707.268055005] [superpoint_node]: Keypoints estratti: 800
[superpoint_node-2] [ERROR] [1768033707.277133855] [superpoint_node]: Errore pubblicazione keypoints 3D: could not assign tuple of length 3 to structure with 4 fields.
[superpoint_node-2] [INFO] [1768033707.370796672] [superpoint_node]: Keypoints estratti: 800
[superpoint_node-2] [ERROR] [1768033707.377599245] [superpoint_node]: Errore pubblicazione keypoints 3D: could not assign tuple of length 3 to structure with 4 fields.
[superpoint_node-2] [INFO] [1768033707.474592718] [superpoint_node]: Keypoints estratti: 800
[superpoint_node-2] [ERROR] [1768033707.481940276] [superpoint_node]: Errore pubblicazione keypoints 3D: could not assign tuple of length 3 to structure with 4 fields.
[superpoint_node-2] [INFO] [1768033707.574410787] [superpoint_node]: Keypoints estratti: 800
[superpoint_node-2] [ERROR] [1768033707.581209693] [superpoint_node]: Errore pubblicazione keypoints 3D: could not assign tuple of length 3 to structure with 4 fields.
[rtabmap-14] [INFO] [1768033707.609135526] [rtabmap]: rtabmap (454): Rate=0.50s, Limit=0.001s, Conversion=0.0002s, RTAB-Map=0.0210s, Maps update=0.0005s pub=0.0027s delay=0.0856s (local map=0, WM=0)
[superpoint_node-2] [INFO] [1768033707.682245698] [superpoint_node]: Keypoints estratti: 800
[superpoint_node-2] [ERROR] [1768033707.689167642] [superpoint_node]: Errore pubblicazione keypoints 3D: could not assign tuple of length 3 to structure with 4 fields.
[superpoint_node-2] [INFO] [1768033707.813866428] [superpoint_node]: Keypoints estratti: 800
[superpoint_node-2] [ERROR] [1768033707.824424308] [superpoint_node]: Errore pubblicazione keypoints 3D: could not assign tuple of length 3 to structure with 4 fields.
[superpoint_node-2] [INFO] [1768033707.965125535] [superpoint_node]: Keypoints estratti: 800
[superpoint_node-2] [ERROR] [1768033707.981663277] [superpoint_node]: Errore pubblicazione keypoints 3D: could not assign tuple of length 3 to structure with 4 fields.
[rtabmap-14] [33m[ WARN] (2026-01-10 09:28:23.232) MapsManager.cpp:863::publishMaps() Graph has changed! The whole cloud is regenerated.[0m
[rtabmap-14] [33m[ WARN] (2026-01-10 09:28:23.235) OccupancyGrid.cpp:169::getProbMap() Map info is empty, cannot generate probabilistic occupancy grid[0m
[rtabmap-14] [33m[ WARN] (2026-01-10 09:28:23.709) MapsManager.cpp:863::publishMaps() Graph has changed! The whole cloud is regenerated.[0m
[rtabmap-14] [33m[ WARN] (2026-01-10 09:28:23.709) OccupancyGrid.cpp:169::getProbMap() Map info is empty, cannot generate probabilistic occupancy grid[0m
[rtabmap-14] [33m[ WARN] (2026-01-10 09:28:24.277) MapsManager.cpp:863::publishMaps() Graph has changed! The whole cloud is regenerated.[0m
[rtabmap-14] [33m[ WARN] (2026-01-10 09:28:24.278) OccupancyGrid.cpp:169::getProbMap() Map info is empty, cannot generate probabilistic occupancy grid[0m
[rtabmap-14] [33m[ WARN] (2026-01-10 09:28:24.835) MapsManager.cpp:863::publishMaps() Graph has changed! The whole cloud is regenerated.[0m
[rtabmap-14] [33m[ WARN] (2026-01-10 09:28:24.835) OccupancyGrid.cpp:169::getProbMap() Map info is empty, cannot generate probabilistic occupancy grid[0m
[rtabmap-14] [33m[ WARN] (2026-01-10 09:28:25.397) MapsManager.cpp:863::publishMaps() Graph has changed! The whole cloud is regenerated.[0m
[rtabmap-14] [33m[ WARN] (2026-01-10 09:28:25.398) OccupancyGrid.cpp:169::getProbMap() Map info is empty, cannot generate probabilistic occupancy grid[0m
[rtabmap-14] [33m[ WARN] (2026-01-10 09:28:25.975) MapsManager.cpp:863::publishMaps() Graph has changed! The whole cloud is regenerated.[0m
[rtabmap-14] [33m[ WARN] (2026-01-10 09:28:25.976) OccupancyGrid.cpp:169::getProbMap() Map info is empty, cannot generate probabilistic occupancy grid[0m
[rtabmap-14] [33m[ WARN] (2026-01-10 09:28:26.505) MapsManager.cpp:863::publishMaps() Graph has changed! The whole cloud is regenerated.[0m
[rtabmap-14] [33m[ WARN] (2026-01-10 09:28:26.506) OccupancyGrid.cpp:169::getProbMap() Map info is empty, cannot generate probabilistic occupancy grid[0m
[rtabmap-14] [33m[ WARN] (2026-01-10 09:28:27.100) MapsManager.cpp:863::publishMaps() Graph has changed! The whole cloud is regenerated.[0m
[rtabmap-14] [33m[ WARN] (2026-01-10 09:28:27.101) OccupancyGrid.cpp:169::getProbMap() Map info is empty, cannot generate probabilistic occupancy grid[0m
[rtabmap-14] [33m[ WARN] (2026-01-10 09:28:27.606) MapsManager.cpp:863::publishMaps() Graph has changed! The whole cloud is regenerated.[0m
[rtabmap-14] [33m[ WARN] (2026-01-10 09:28:27.608) OccupancyGrid.cpp:169::getProbMap() Map info is empty, cannot generate probabilistic occupancy grid[0m
[superpoint_node-2] [INFO] [1768033708.172125177] [superpoint_node]: Keypoints estratti: 800
[superpoint_node-2] [ERROR] [1768033708.187684967] [superpoint_node]: Errore pubblicazione keypoints 3D: could not assign tuple of length 3 to structure with 4 fields.
[rtabmap-14] [INFO] [1768033708.190423600] [rtabmap]: rtabmap (455): Rate=0.50s, Limit=0.001s, Conversion=0.0021s, RTAB-Map=0.0720s, Maps update=0.0029s pub=0.0039s delay=0.1173s (local map=0, WM=0)
[superpoint_node-2] [INFO] [1768033708.296349051] [superpoint_node]: Keypoints estratti: 800
[superpoint_node-2] [ERROR] [1768033708.303178513] [superpoint_node]: Errore pubblicazione keypoints 3D: could not assign tuple of length 3 to structure with 4 fields.
[superpoint_node-2] [INFO] [1768033708.427740705] [superpoint_node]: Keypoints estratti: 800
[superpoint_node-2] [ERROR] [1768033708.434594018] [superpoint_node]: Errore pubblicazione keypoints 3D: could not assign tuple of length 3 to structure with 4 fields.
[superpoint_node-2] [INFO] [1768033708.557357511] [superpoint_node]: Keypoints estratti: 800
[superpoint_node-2] [ERROR] [1768033708.564424882] [superpoint_node]: Errore pubblicazione keypoints 3D: could not assign tuple of length 3 to structure with 4 fields.
[superpoint_node-2] [INFO] [1768033708.696664505] [superpoint_node]: Keypoints estratti: 800
[superpoint_node-2] [ERROR] [1768033708.704223694] [superpoint_node]: Errore pubblicazione keypoints 3D: could not assign tuple of length 3 to structure with 4 fields.
[rtabmap-14] [INFO] [1768033708.709468014] [rtabmap]: rtabmap (456): Rate=0.50s, Limit=0.001s, Conversion=0.0002s, RTAB-Map=0.0273s, Maps update=0.0009s pub=0.0017s delay=0.0913s (local map=0, WM=0)
[superpoint_node-2] [INFO] [1768033708.804626120] [superpoint_node]: Keypoints estratti: 800
[superpoint_node-2] [ERROR] [1768033708.814727312] [superpoint_node]: Errore pubblicazione keypoints 3D: could not assign tuple of length 3 to structure with 4 fields.
[superpoint_node-2] [INFO] [1768033708.910558646] [superpoint_node]: Keypoints estratti: 800
[superpoint_node-2] [ERROR] [1768033708.917598868] [superpoint_node]: Errore pubblicazione keypoints 3D: could not assign tuple of length 3 to structure with 4 fields.
[superpoint_node-2] [INFO] [1768033709.017268900] [superpoint_node]: Keypoints estratti: 800
[superpoint_node-2] [ERROR] [1768033709.024088084] [superpoint_node]: Errore pubblicazione keypoints 3D: could not assign tuple of length 3 to structure with 4 fields.
[superpoint_node-2] [INFO] [1768033709.117193878] [superpoint_node]: Keypoints estratti: 800
[superpoint_node-2] [ERROR] [1768033709.123751393] [superpoint_node]: Errore pubblicazione keypoints 3D: could not assign tuple of length 3 to structure with 4 fields.
[superpoint_node-2] [INFO] [1768033709.222309952] [superpoint_node]: Keypoints estratti: 800
[superpoint_node-2] [ERROR] [1768033709.230004810] [superpoint_node]: Errore pubblicazione keypoints 3D: could not assign tuple of length 3 to structure with 4 fields.
[rtabmap-14] [INFO] [1768033709.273533192] [rtabmap]: rtabmap (457): Rate=0.50s, Limit=0.001s, Conversion=0.0004s, RTAB-Map=0.0502s, Maps update=0.0003s pub=0.0061s delay=0.1039s (local map=0, WM=0)
[superpoint_node-2] [INFO] [1768033709.330815072] [superpoint_node]: Keypoints estratti: 800
[superpoint_node-2] [ERROR] [1768033709.339965534] [superpoint_node]: Errore pubblicazione keypoints 3D: could not assign tuple of length 3 to structure with 4 fields.
[superpoint_node-2] [INFO] [1768033709.432312470] [superpoint_node]: Keypoints estratti: 800
[superpoint_node-2] [ERROR] [1768033709.439268747] [superpoint_node]: Errore pubblicazione keypoints 3D: could not assign tuple of length 3 to structure with 4 fields.
[superpoint_node-2] [INFO] [1768033709.535270509] [superpoint_node]: Keypoints estratti: 800
[superpoint_node-2] [ERROR] [1768033709.542161304] [superpoint_node]: Errore pubblicazione keypoints 3D: could not assign tuple of length 3 to structure with 4 fields.
[superpoint_node-2] [INFO] [1768033709.635906493] [superpoint_node]: Keypoints estratti: 800
[superpoint_node-2] [ERROR] [1768033709.643543331] [superpoint_node]: Errore pubblicazione keypoints 3D: could not assign tuple of length 3 to structure with 4 fields.
[superpoint_node-2] [INFO] [1768033709.735038446] [superpoint_node]: Keypoints estratti: 800
[superpoint_node-2] [ERROR] [1768033709.743494661] [superpoint_node]: Errore pubblicazione keypoints 3D: could not assign tuple of length 3 to structure with 4 fields.
[rtabmap-14] [INFO] [1768033709.784039223] [rtabmap]: rtabmap (458): Rate=0.50s, Limit=0.001s, Conversion=0.0002s, RTAB-Map=0.0277s, Maps update=0.0003s pub=0.0052s delay=0.0993s (local map=0, WM=0)
[superpoint_node-2] [INFO] [1768033709.853726998] [superpoint_node]: Keypoints estratti: 800
[superpoint_node-2] [ERROR] [1768033709.864298415] [superpoint_node]: Errore pubblicazione keypoints 3D: could not assign tuple of length 3 to structure with 4 fields.
[superpoint_node-2] [INFO] [1768033709.960370622] [superpoint_node]: Keypoints estratti: 800
[superpoint_node-2] [ERROR] [1768033709.967117639] [superpoint_node]: Errore pubblicazione keypoints 3D: could not assign tuple of length 3 to structure with 4 fields.
[superpoint_node-2] [INFO] [1768033710.067408712] [superpoint_node]: Keypoints estratti: 800
[superpoint_node-2] [ERROR] [1768033710.075573999] [superpoint_node]: Errore pubblicazione keypoints 3D: could not assign tuple of length 3 to structure with 4 fields.
[superpoint_node-2] [INFO] [1768033710.180921298] [superpoint_node]: Keypoints estratti: 800
[superpoint_node-2] [ERROR] [1768033710.188159651] [superpoint_node]: Errore pubblicazione keypoints 3D: could not assign tuple of length 3 to structure with 4 fields.
[superpoint_node-2] [INFO] [1768033710.314616562] [superpoint_node]: Keypoints estratti: 800
[superpoint_node-2] [ERROR] [1768033710.321530061] [superpoint_node]: Errore pubblicazione keypoints 3D: could not assign tuple of length 3 to structure with 4 fields.
[rtabmap-14] [INFO] [1768033710.331326083] [rtabmap]: rtabmap (459): Rate=0.50s, Limit=0.001s, Conversion=0.0002s, RTAB-Map=0.0469s, Maps update=0.0030s pub=0.0016s delay=0.0961s (local map=0, WM=0)
[superpoint_node-2] [INFO] [1768033710.413925702] [superpoint_node]: Keypoints estratti: 800
[superpoint_node-2] [ERROR] [1768033710.420742385] [superpoint_node]: Errore pubblicazione keypoints 3D: could not assign tuple of length 3 to structure with 4 fields.
[superpoint_node-2] [INFO] [1768033710.560712885] [superpoint_node]: Keypoints estratti: 800
[superpoint_node-2] [ERROR] [1768033710.568329778] [superpoint_node]: Errore pubblicazione keypoints 3D: could not assign tuple of length 3 to structure with 4 fields.
[superpoint_node-2] [INFO] [1768033710.667400935] [superpoint_node]: Keypoints estratti: 800
[superpoint_node-2] [ERROR] [1768033710.675487591] [superpoint_node]: Errore pubblicazione keypoints 3D: could not assign tuple of length 3 to structure with 4 fields.
[superpoint_node-2] [INFO] [1768033710.772587213] [superpoint_node]: Keypoints estratti: 800
[superpoint_node-2] [ERROR] [1768033710.780217700] [superpoint_node]: Errore pubblicazione keypoints 3D: could not assign tuple of length 3 to structure with 4 fields.
[superpoint_node-2] [INFO] [1768033710.874021351] [superpoint_node]: Keypoints estratti: 800
[superpoint_node-2] [ERROR] [1768033710.881904062] [superpoint_node]: Errore pubblicazione keypoints 3D: could not assign tuple of length 3 to structure with 4 fields.
[rtabmap-14] [INFO] [1768033710.938309676] [rtabmap]: rtabmap (460): Rate=0.50s, Limit=0.001s, Conversion=0.0006s, RTAB-Map=0.0519s, Maps update=0.0021s pub=0.0033s delay=0.1157s (local map=0, WM=0)
[superpoint_node-2] [INFO] [1768033710.988162053] [superpoint_node]: Keypoints estratti: 800
[superpoint_node-2] [ERROR] [1768033710.994849254] [superpoint_node]: Errore pubblicazione keypoints 3D: could not assign tuple of length 3 to structure with 4 fields.
[superpoint_node-2] [INFO] [1768033711.092085470] [superpoint_node]: Keypoints estratti: 800
[superpoint_node-2] [ERROR] [1768033711.099528696] [superpoint_node]: Errore pubblicazione keypoints 3D: could not assign tuple of length 3 to structure with 4 fields.
[superpoint_node-2] [INFO] [1768033711.193063105] [superpoint_node]: Keypoints estratti: 800
[superpoint_node-2] [ERROR] [1768033711.199696139] [superpoint_node]: Errore pubblicazione keypoints 3D: could not assign tuple of length 3 to structure with 4 fields.
[superpoint_node-2] [INFO] [1768033711.299512579] [superpoint_node]: Keypoints estratti: 800
[superpoint_node-2] [ERROR] [1768033711.308743911] [superpoint_node]: Errore pubblicazione keypoints 3D: could not assign tuple of length 3 to structure with 4 fields.
[superpoint_node-2] [INFO] [1768033711.400618603] [superpoint_node]: Keypoints estratti: 800
[superpoint_node-2] [ERROR] [1768033711.408669185] [superpoint_node]: Errore pubblicazione keypoints 3D: could not assign tuple of length 3 to structure with 4 fields.
[rtabmap-14] [INFO] [1768033711.438348273] [rtabmap]: rtabmap (461): Rate=0.50s, Limit=0.001s, Conversion=0.0002s, RTAB-Map=0.0222s, Maps update=0.0004s pub=0.0016s delay=0.0857s (local map=0, WM=0)
[superpoint_node-2] [INFO] [1768033711.507356487] [superpoint_node]: Keypoints estratti: 800
[superpoint_node-2] [ERROR] [1768033711.514593322] [superpoint_node]: Errore pubblicazione keypoints 3D: could not assign tuple of length 3 to structure with 4 fields.
[superpoint_node-2] [INFO] [1768033711.602936301] [superpoint_node]: Keypoints estratti: 800
[superpoint_node-2] [ERROR] [1768033711.609995246] [superpoint_node]: Errore pubblicazione keypoints 3D: could not assign tuple of length 3 to structure with 4 fields.
[superpoint_node-2] [INFO] [1768033711.699052304] [superpoint_node]: Keypoints estratti: 800
[superpoint_node-2] [ERROR] [1768033711.705631189] [superpoint_node]: Errore pubblicazione keypoints 3D: could not assign tuple of length 3 to structure with 4 fields.
[superpoint_node-2] [INFO] [1768033711.797504011] [superpoint_node]: Keypoints estratti: 800
[superpoint_node-2] [ERROR] [1768033711.804225990] [superpoint_node]: Errore pubblicazione keypoints 3D: could not assign tuple of length 3 to structure with 4 fields.
[superpoint_node-2] [INFO] [1768033711.899095076] [superpoint_node]: Keypoints estratti: 800
[superpoint_node-2] [ERROR] [1768033711.906620951] [superpoint_node]: Errore pubblicazione keypoints 3D: could not assign tuple of length 3 to structure with 4 fields.
[superpoint_node-2] [INFO] [1768033712.032885008] [superpoint_node]: Keypoints estratti: 800
[superpoint_node-2] [ERROR] [1768033712.056050710] [superpoint_node]: Errore pubblicazione keypoints 3D: could not assign tuple of length 3 to structure with 4 fields.
[foxglove_bridge-12] [INFO] [1768033712.057870002] [foxglove_bridge]: publishing connection graph
[rtabmap-14] [INFO] [1768033712.085676612] [rtabmap]: rtabmap (462): Rate=0.50s, Limit=0.001s, Conversion=0.0002s, RTAB-Map=0.0619s, Maps update=0.0003s pub=0.0020s delay=0.1338s (local map=0, WM=0)
[superpoint_node-2] [INFO] [1768033712.171151808] [superpoint_node]: Keypoints estratti: 800
[superpoint_node-2] [ERROR] [1768033712.180298325] [superpoint_node]: Errore pubblicazione keypoints 3D: could not assign tuple of length 3 to structure with 4 fields.
[superpoint_node-2] [INFO] [1768033712.289351005] [superpoint_node]: Keypoints estratti: 800
[superpoint_node-2] [ERROR] [1768033712.296004280] [superpoint_node]: Errore pubblicazione keypoints 3D: could not assign tuple of length 3 to structure with 4 fields.
[superpoint_node-2] [INFO] [1768033712.419327407] [superpoint_node]: Keypoints estratti: 800
[superpoint_node-2] [ERROR] [1768033712.426324536] [superpoint_node]: Errore pubblicazione keypoints 3D: could not assign tuple of length 3 to structure with 4 fields.
[rtabmap-14] [INFO] [1768033712.519777759] [rtabmap]: rtabmap (463): Rate=0.50s, Limit=0.001s, Conversion=0.0002s, RTAB-Map=0.0282s, Maps update=0.0009s pub=0.0026s delay=0.0504s (local map=0, WM=0)
[superpoint_node-2] [INFO] [1768033712.522250723] [superpoint_node]: Keypoints estratti: 800
[superpoint_node-2] [ERROR] [1768033712.528496069] [superpoint_node]: Errore pubblicazione keypoints 3D: could not assign tuple of length 3 to structure with 4 fields.
[foxglove_bridge-12] [INFO] [1768033712.592400095] [foxglove_bridge]: publishing connection graph
[superpoint_node-2] [INFO] [1768033712.629499833] [superpoint_node]: Keypoints estratti: 800
[superpoint_node-2] [ERROR] [1768033712.636483222] [superpoint_node]: Errore pubblicazione keypoints 3D: could not assign tuple of length 3 to structure with 4 fields.
[superpoint_node-2] [INFO] [1768033712.732170833] [superpoint_node]: Keypoints estratti: 800
[superpoint_node-2] [ERROR] [1768033712.744276892] [superpoint_node]: Errore pubblicazione keypoints 3D: could not assign tuple of length 3 to structure with 4 fields.
[superpoint_node-2] [INFO] [1768033712.837010276] [superpoint_node]: Keypoints estratti: 800
[superpoint_node-2] [ERROR] [1768033712.845347453] [superpoint_node]: Errore pubblicazione keypoints 3D: could not assign tuple of length 3 to structure with 4 fields.
[superpoint_node-2] [INFO] [1768033712.935495094] [superpoint_node]: Keypoints estratti: 800
[superpoint_node-2] [ERROR] [1768033712.950470491] [superpoint_node]: Errore pubblicazione keypoints 3D: could not assign tuple of length 3 to structure with 4 fields.
[superpoint_node-2] [INFO] [1768033713.070859520] [superpoint_node]: Keypoints estratti: 800
[superpoint_node-2] [ERROR] [1768033713.082518890] [superpoint_node]: Errore pubblicazione keypoints 3D: could not assign tuple of length 3 to structure with 4 fields.
[rtabmap-14] [INFO] [1768033713.101214724] [rtabmap]: rtabmap (464): Rate=0.50s, Limit=0.001s, Conversion=0.0003s, RTAB-Map=0.0464s, Maps update=0.0019s pub=0.0047s delay=0.1075s (local map=0, WM=0)
[rtabmap-14] [33m[ WARN] (2026-01-10 09:28:28.186) MapsManager.cpp:863::publishMaps() Graph has changed! The whole cloud is regenerated.[0m
[rtabmap-14] [33m[ WARN] (2026-01-10 09:28:28.188) OccupancyGrid.cpp:169::getProbMap() Map info is empty, cannot generate probabilistic occupancy grid[0m
[rtabmap-14] [33m[ WARN] (2026-01-10 09:28:28.707) MapsManager.cpp:863::publishMaps() Graph has changed! The whole cloud is regenerated.[0m
[rtabmap-14] [33m[ WARN] (2026-01-10 09:28:28.708) OccupancyGrid.cpp:169::getProbMap() Map info is empty, cannot generate probabilistic occupancy grid[0m
[rtabmap-14] [33m[ WARN] (2026-01-10 09:28:29.265) MapsManager.cpp:863::publishMaps() Graph has changed! The whole cloud is regenerated.[0m
[rtabmap-14] [33m[ WARN] (2026-01-10 09:28:29.266) OccupancyGrid.cpp:169::getProbMap() Map info is empty, cannot generate probabilistic occupancy grid[0m
[rtabmap-14] [33m[ WARN] (2026-01-10 09:28:29.778) MapsManager.cpp:863::publishMaps() Graph has changed! The whole cloud is regenerated.[0m
[rtabmap-14] [33m[ WARN] (2026-01-10 09:28:29.781) OccupancyGrid.cpp:169::getProbMap() Map info is empty, cannot generate probabilistic occupancy grid[0m
[rtabmap-14] [33m[ WARN] (2026-01-10 09:28:30.329) MapsManager.cpp:863::publishMaps() Graph has changed! The whole cloud is regenerated.[0m
[rtabmap-14] [33m[ WARN] (2026-01-10 09:28:30.330) OccupancyGrid.cpp:169::getProbMap() Map info is empty, cannot generate probabilistic occupancy grid[0m
[rtabmap-14] [33m[ WARN] (2026-01-10 09:28:30.934) MapsManager.cpp:863::publishMaps() Graph has changed! The whole cloud is regenerated.[0m
[rtabmap-14] [33m[ WARN] (2026-01-10 09:28:30.936) OccupancyGrid.cpp:169::getProbMap() Map info is empty, cannot generate probabilistic occupancy grid[0m
[rtabmap-14] [33m[ WARN] (2026-01-10 09:28:31.436) MapsManager.cpp:863::publishMaps() Graph has changed! The whole cloud is regenerated.[0m
[rtabmap-14] [33m[ WARN] (2026-01-10 09:28:31.437) OccupancyGrid.cpp:169::getProbMap() Map info is empty, cannot generate probabilistic occupancy grid[0m
[rtabmap-14] [33m[ WARN] (2026-01-10 09:28:32.083) MapsManager.cpp:863::publishMaps() Graph has changed! The whole cloud is regenerated.[0m
[rtabmap-14] [33m[ WARN] (2026-01-10 09:28:32.084) OccupancyGrid.cpp:169::getProbMap() Map info is empty, cannot generate probabilistic occupancy grid[0m
[rtabmap-14] [33m[ WARN] (2026-01-10 09:28:32.517) MapsManager.cpp:863::publishMaps() Graph has changed! The whole cloud is regenerated.[0m
[rtabmap-14] [33m[ WARN] (2026-01-10 09:28:32.518) OccupancyGrid.cpp:169::getProbMap() Map info is empty, cannot generate probabilistic occupancy grid[0m
[rtabmap-14] [33m[ WARN] (2026-01-10 09:28:33.096) MapsManager.cpp:863::publishMaps() Graph has changed! The whole cloud is regenerated.[0m
[rtabmap-14] [33m[ WARN] (2026-01-10 09:28:33.097) OccupancyGrid.cpp:169::getProbMap() Map info is empty, cannot generate probabilistic occupancy grid[0m
[foxglove_bridge-12] [INFO] [1768033713.151995775] [foxglove_bridge]: publishing connection graph
[superpoint_node-2] [INFO] [1768033713.229830300] [superpoint_node]: Keypoints estratti: 800
[superpoint_node-2] [ERROR] [1768033713.236119590] [superpoint_node]: Errore pubblicazione keypoints 3D: could not assign tuple of length 3 to structure with 4 fields.
[superpoint_node-2] [INFO] [1768033713.325953284] [superpoint_node]: Keypoints estratti: 800
[superpoint_node-2] [ERROR] [1768033713.332206001] [superpoint_node]: Errore pubblicazione keypoints 3D: could not assign tuple of length 3 to structure with 4 fields.
[superpoint_node-2] [INFO] [1768033713.414153095] [superpoint_node]: Keypoints estratti: 800
[superpoint_node-2] [ERROR] [1768033713.420290736] [superpoint_node]: Errore pubblicazione keypoints 3D: could not assign tuple of length 3 to structure with 4 fields.
[superpoint_node-2] [INFO] [1768033713.516898114] [superpoint_node]: Keypoints estratti: 800
[superpoint_node-2] [ERROR] [1768033713.522982125] [superpoint_node]: Errore pubblicazione keypoints 3D: could not assign tuple of length 3 to structure with 4 fields.
[superpoint_node-2] [INFO] [1768033713.613421120] [superpoint_node]: Keypoints estratti: 800
[superpoint_node-2] [ERROR] [1768033713.619583299] [superpoint_node]: Errore pubblicazione keypoints 3D: could not assign tuple of length 3 to structure with 4 fields.
[rtabmap-14] [INFO] [1768033713.653418419] [rtabmap]: rtabmap (465): Rate=0.50s, Limit=0.001s, Conversion=0.0002s, RTAB-Map=0.0366s, Maps update=0.0003s pub=0.0010s delay=0.0841s (local map=0, WM=0)
[foxglove_bridge-12] [INFO] [1768033713.673543764] [foxglove_bridge]: publishing connection graph
[superpoint_node-2] [INFO] [1768033713.716775940] [superpoint_node]: Keypoints estratti: 800
[superpoint_node-2] [ERROR] [1768033713.722922211] [superpoint_node]: Errore pubblicazione keypoints 3D: could not assign tuple of length 3 to structure with 4 fields.
[superpoint_node-2] [INFO] [1768033713.815205406] [superpoint_node]: Keypoints estratti: 800
[superpoint_node-2] [ERROR] [1768033713.821292510] [superpoint_node]: Errore pubblicazione keypoints 3D: could not assign tuple of length 3 to structure with 4 fields.
[superpoint_node-2] [INFO] [1768033713.914204747] [superpoint_node]: Keypoints estratti: 800
[superpoint_node-2] [ERROR] [1768033713.921059913] [superpoint_node]: Errore pubblicazione keypoints 3D: could not assign tuple of length 3 to structure with 4 fields.
[superpoint_node-2] [INFO] [1768033714.020739204] [superpoint_node]: Keypoints estratti: 800
[superpoint_node-2] [ERROR] [1768033714.026878715] [superpoint_node]: Errore pubblicazione keypoints 3D: could not assign tuple of length 3 to structure with 4 fields.
[superpoint_node-2] [INFO] [1768033714.115237953] [superpoint_node]: Keypoints estratti: 800
[superpoint_node-2] [ERROR] [1768033714.121259742] [superpoint_node]: Errore pubblicazione keypoints 3D: could not assign tuple of length 3 to structure with 4 fields.
[superpoint_node-2] [INFO] [1768033714.229146912] [superpoint_node]: Keypoints estratti: 800
[superpoint_node-2] [ERROR] [1768033714.236405970] [superpoint_node]: Errore pubblicazione keypoints 3D: could not assign tuple of length 3 to structure with 4 fields.
[rtabmap-14] [INFO] [1768033714.261163055] [rtabmap]: rtabmap (466): Rate=0.50s, Limit=0.001s, Conversion=0.0005s, RTAB-Map=0.0372s, Maps update=0.0023s pub=0.0013s delay=0.0898s (local map=0, WM=0)
[superpoint_node-2] [INFO] [1768033714.345662781] [superpoint_node]: Keypoints estratti: 800
[superpoint_node-2] [ERROR] [1768033714.352563595] [superpoint_node]: Errore pubblicazione keypoints 3D: could not assign tuple of length 3 to structure with 4 fields.
[superpoint_node-2] [INFO] [1768033714.438378591] [superpoint_node]: Keypoints estratti: 800
[superpoint_node-2] [ERROR] [1768033714.446145171] [superpoint_node]: Errore pubblicazione keypoints 3D: could not assign tuple of length 3 to structure with 4 fields.
[superpoint_node-2] [INFO] [1768033714.528659252] [superpoint_node]: Keypoints estratti: 800
[superpoint_node-2] [ERROR] [1768033714.534611725] [superpoint_node]: Errore pubblicazione keypoints 3D: could not assign tuple of length 3 to structure with 4 fields.
[superpoint_node-2] [INFO] [1768033714.621133059] [superpoint_node]: Keypoints estratti: 800
[superpoint_node-2] [ERROR] [1768033714.627128755] [superpoint_node]: Errore pubblicazione keypoints 3D: could not assign tuple of length 3 to structure with 4 fields.
[superpoint_node-2] [INFO] [1768033714.715807125] [superpoint_node]: Keypoints estratti: 800
[superpoint_node-2] [ERROR] [1768033714.721594467] [superpoint_node]: Errore pubblicazione keypoints 3D: could not assign tuple of length 3 to structure with 4 fields.
[superpoint_node-2] [INFO] [1768033714.820911070] [superpoint_node]: Keypoints estratti: 800
[superpoint_node-2] [ERROR] [1768033714.829282562] [superpoint_node]: Errore pubblicazione keypoints 3D: could not assign tuple of length 3 to structure with 4 fields.
[rtabmap-14] [INFO] [1768033714.873217355] [rtabmap]: rtabmap (467): Rate=0.50s, Limit=0.001s, Conversion=0.0002s, RTAB-Map=0.0570s, Maps update=0.0003s pub=0.0043s delay=0.1039s (local map=0, WM=0)
[superpoint_node-2] [INFO] [1768033714.928773389] [superpoint_node]: Keypoints estratti: 800
[superpoint_node-2] [ERROR] [1768033714.934803511] [superpoint_node]: Errore pubblicazione keypoints 3D: could not assign tuple of length 3 to structure with 4 fields.
[superpoint_node-2] [INFO] [1768033715.021281326] [superpoint_node]: Keypoints estratti: 800
[superpoint_node-2] [ERROR] [1768033715.027379652] [superpoint_node]: Errore pubblicazione keypoints 3D: could not assign tuple of length 3 to structure with 4 fields.
[superpoint_node-2] [INFO] [1768033715.116933974] [superpoint_node]: Keypoints estratti: 800
[superpoint_node-2] [ERROR] [1768033715.123008596] [superpoint_node]: Errore pubblicazione keypoints 3D: could not assign tuple of length 3 to structure with 4 fields.
[superpoint_node-2] [INFO] [1768033715.215888759] [superpoint_node]: Keypoints estratti: 800
[superpoint_node-2] [ERROR] [1768033715.222079475] [superpoint_node]: Errore pubblicazione keypoints 3D: could not assign tuple of length 3 to structure with 4 fields.
[superpoint_node-2] [INFO] [1768033715.315160380] [superpoint_node]: Keypoints estratti: 800
[superpoint_node-2] [ERROR] [1768033715.321181650] [superpoint_node]: Errore pubblicazione keypoints 3D: could not assign tuple of length 3 to structure with 4 fields.
[superpoint_node-2] [INFO] [1768033715.415185007] [superpoint_node]: Keypoints estratti: 800
[superpoint_node-2] [ERROR] [1768033715.421969061] [superpoint_node]: Errore pubblicazione keypoints 3D: could not assign tuple of length 3 to structure with 4 fields.
[rtabmap-14] [INFO] [1768033715.468189353] [rtabmap]: rtabmap (468): Rate=0.50s, Limit=0.001s, Conversion=0.0005s, RTAB-Map=0.0444s, Maps update=0.0012s pub=0.0033s delay=0.0987s (local map=0, WM=0)
[superpoint_node-2] [INFO] [1768033715.515414469] [superpoint_node]: Keypoints estratti: 800
[superpoint_node-2] [ERROR] [1768033715.521542740] [superpoint_node]: Errore pubblicazione keypoints 3D: could not assign tuple of length 3 to structure with 4 fields.
[superpoint_node-2] [INFO] [1768033715.618457749] [superpoint_node]: Keypoints estratti: 800
[superpoint_node-2] [ERROR] [1768033715.624713058] [superpoint_node]: Errore pubblicazione keypoints 3D: could not assign tuple of length 3 to structure with 4 fields.
[superpoint_node-2] [INFO] [1768033715.715306425] [superpoint_node]: Keypoints estratti: 800
[superpoint_node-2] [ERROR] [1768033715.721292361] [superpoint_node]: Errore pubblicazione keypoints 3D: could not assign tuple of length 3 to structure with 4 fields.
[superpoint_node-2] [INFO] [1768033715.814657435] [superpoint_node]: Keypoints estratti: 800
[superpoint_node-2] [ERROR] [1768033715.820938189] [superpoint_node]: Errore pubblicazione keypoints 3D: could not assign tuple of length 3 to structure with 4 fields.
[superpoint_node-2] [INFO] [1768033715.918866818] [superpoint_node]: Keypoints estratti: 800
[superpoint_node-2] [ERROR] [1768033715.924879402] [superpoint_node]: Errore pubblicazione keypoints 3D: could not assign tuple of length 3 to structure with 4 fields.
[rtabmap-14] [INFO] [1768033716.007534688] [rtabmap]: rtabmap (469): Rate=0.50s, Limit=0.001s, Conversion=0.0003s, RTAB-Map=0.0207s, Maps update=0.0004s pub=0.0015s delay=0.0382s (local map=0, WM=0)
[superpoint_node-2] [INFO] [1768033716.019322244] [superpoint_node]: Keypoints estratti: 800
[superpoint_node-2] [ERROR] [1768033716.025547497] [superpoint_node]: Errore pubblicazione keypoints 3D: could not assign tuple of length 3 to structure with 4 fields.
[superpoint_node-2] [INFO] [1768033716.115672212] [superpoint_node]: Keypoints estratti: 800
[superpoint_node-2] [ERROR] [1768033716.121927151] [superpoint_node]: Errore pubblicazione keypoints 3D: could not assign tuple of length 3 to structure with 4 fields.
[superpoint_node-2] [INFO] [1768033716.218786919] [superpoint_node]: Keypoints estratti: 800
[superpoint_node-2] [ERROR] [1768033716.224708392] [superpoint_node]: Errore pubblicazione keypoints 3D: could not assign tuple of length 3 to structure with 4 fields.
[superpoint_node-2] [INFO] [1768033716.313554430] [superpoint_node]: Keypoints estratti: 800
[superpoint_node-2] [ERROR] [1768033716.319631793] [superpoint_node]: Errore pubblicazione keypoints 3D: could not assign tuple of length 3 to structure with 4 fields.
[superpoint_node-2] [INFO] [1768033716.417920647] [superpoint_node]: Keypoints estratti: 800
[superpoint_node-2] [ERROR] [1768033716.423969510] [superpoint_node]: Errore pubblicazione keypoints 3D: could not assign tuple of length 3 to structure with 4 fields.
[superpoint_node-2] [INFO] [1768033716.515736868] [superpoint_node]: Keypoints estratti: 800
[superpoint_node-2] [ERROR] [1768033716.523165908] [superpoint_node]: Errore pubblicazione keypoints 3D: could not assign tuple of length 3 to structure with 4 fields.
[rtabmap-14] [INFO] [1768033716.534391238] [rtabmap]: rtabmap (470): Rate=0.50s, Limit=0.001s, Conversion=0.0003s, RTAB-Map=0.0196s, Maps update=0.0003s pub=0.0010s delay=0.0646s (local map=0, WM=0)
[superpoint_node-2] [INFO] [1768033716.615411584] [superpoint_node]: Keypoints estratti: 800
[superpoint_node-2] [ERROR] [1768033716.621441039] [superpoint_node]: Errore pubblicazione keypoints 3D: could not assign tuple of length 3 to structure with 4 fields.
[superpoint_node-2] [INFO] [1768033716.714666075] [superpoint_node]: Keypoints estratti: 800
[superpoint_node-2] [ERROR] [1768033716.720968366] [superpoint_node]: Errore pubblicazione keypoints 3D: could not assign tuple of length 3 to structure with 4 fields.
[superpoint_node-2] [INFO] [1768033716.814319570] [superpoint_node]: Keypoints estratti: 800
[superpoint_node-2] [ERROR] [1768033716.820424248] [superpoint_node]: Errore pubblicazione keypoints 3D: could not assign tuple of length 3 to structure with 4 fields.
[superpoint_node-2] [INFO] [1768033716.921951868] [superpoint_node]: Keypoints estratti: 800
[superpoint_node-2] [ERROR] [1768033716.928084713] [superpoint_node]: Errore pubblicazione keypoints 3D: could not assign tuple of length 3 to structure with 4 fields.
[superpoint_node-2] [INFO] [1768033717.016646564] [superpoint_node]: Keypoints estratti: 800
[superpoint_node-2] [ERROR] [1768033717.022572500] [superpoint_node]: Errore pubblicazione keypoints 3D: could not assign tuple of length 3 to structure with 4 fields.
[superpoint_node-2] [INFO] [1768033717.114562748] [superpoint_node]: Keypoints estratti: 800
[superpoint_node-2] [ERROR] [1768033717.120953891] [superpoint_node]: Errore pubblicazione keypoints 3D: could not assign tuple of length 3 to structure with 4 fields.
[rtabmap-14] [INFO] [1768033717.161723844] [rtabmap]: rtabmap (471): Rate=0.50s, Limit=0.001s, Conversion=0.0002s, RTAB-Map=0.0417s, Maps update=0.0031s pub=0.0009s delay=0.0923s (local map=0, WM=0)
[superpoint_node-2] [INFO] [1768033717.215466937] [superpoint_node]: Keypoints estratti: 800
[superpoint_node-2] [ERROR] [1768033717.221443263] [superpoint_node]: Errore pubblicazione keypoints 3D: could not assign tuple of length 3 to structure with 4 fields.
[superpoint_node-2] [INFO] [1768033717.320254972] [superpoint_node]: Keypoints estratti: 800
[superpoint_node-2] [ERROR] [1768033717.327038600] [superpoint_node]: Errore pubblicazione keypoints 3D: could not assign tuple of length 3 to structure with 4 fields.
[superpoint_node-2] [INFO] [1768033717.416788053] [superpoint_node]: Keypoints estratti: 800
[superpoint_node-2] [ERROR] [1768033717.422826619] [superpoint_node]: Errore pubblicazione keypoints 3D: could not assign tuple of length 3 to structure with 4 fields.
[superpoint_node-2] [INFO] [1768033717.516405232] [superpoint_node]: Keypoints estratti: 800
[superpoint_node-2] [ERROR] [1768033717.522322575] [superpoint_node]: Errore pubblicazione keypoints 3D: could not assign tuple of length 3 to structure with 4 fields.
[superpoint_node-2] [INFO] [1768033717.616079375] [superpoint_node]: Keypoints estratti: 800
[superpoint_node-2] [ERROR] [1768033717.622301980] [superpoint_node]: Errore pubblicazione keypoints 3D: could not assign tuple of length 3 to structure with 4 fields.
[rtabmap-14] [INFO] [1768033717.694912519] [rtabmap]: rtabmap (472): Rate=0.50s, Limit=0.001s, Conversion=0.0006s, RTAB-Map=0.0344s, Maps update=0.0428s pub=0.0011s delay=0.1254s (local map=0, WM=0)
[superpoint_node-2] [INFO] [1768033717.722990482] [superpoint_node]: Keypoints estratti: 800
[superpoint_node-2] [ERROR] [1768033717.729091420] [superpoint_node]: Errore pubblicazione keypoints 3D: could not assign tuple of length 3 to structure with 4 fields.
[superpoint_node-2] [INFO] [1768033717.814976805] [superpoint_node]: Keypoints estratti: 800
[superpoint_node-2] [ERROR] [1768033717.820926167] [superpoint_node]: Errore pubblicazione keypoints 3D: could not assign tuple of length 3 to structure with 4 fields.
[superpoint_node-2] [INFO] [1768033717.919501282] [superpoint_node]: Keypoints estratti: 800
[superpoint_node-2] [ERROR] [1768033717.925718276] [superpoint_node]: Errore pubblicazione keypoints 3D: could not assign tuple of length 3 to structure with 4 fields.
[superpoint_node-2] [INFO] [1768033718.014786575] [superpoint_node]: Keypoints estratti: 800
[superpoint_node-2] [ERROR] [1768033718.020839382] [superpoint_node]: Errore pubblicazione keypoints 3D: could not assign tuple of length 3 to structure with 4 fields.
[superpoint_node-2] [INFO] [1768033718.116685735] [superpoint_node]: Keypoints estratti: 800
[superpoint_node-2] [ERROR] [1768033718.122800747] [superpoint_node]: Errore pubblicazione keypoints 3D: could not assign tuple of length 3 to structure with 4 fields.
[rtabmap-14] [33m[ WARN] (2026-01-10 09:28:33.652) MapsManager.cpp:863::publishMaps() Graph has changed! The whole cloud is regenerated.[0m
[rtabmap-14] [33m[ WARN] (2026-01-10 09:28:33.652) OccupancyGrid.cpp:169::getProbMap() Map info is empty, cannot generate probabilistic occupancy grid[0m
[rtabmap-14] [33m[ WARN] (2026-01-10 09:28:34.259) MapsManager.cpp:863::publishMaps() Graph has changed! The whole cloud is regenerated.[0m
[rtabmap-14] [33m[ WARN] (2026-01-10 09:28:34.260) OccupancyGrid.cpp:169::getProbMap() Map info is empty, cannot generate probabilistic occupancy grid[0m
[rtabmap-14] [33m[ WARN] (2026-01-10 09:28:34.868) MapsManager.cpp:863::publishMaps() Graph has changed! The whole cloud is regenerated.[0m
[rtabmap-14] [33m[ WARN] (2026-01-10 09:28:34.869) OccupancyGrid.cpp:169::getProbMap() Map info is empty, cannot generate probabilistic occupancy grid[0m
[rtabmap-14] [33m[ WARN] (2026-01-10 09:28:35.464) MapsManager.cpp:863::publishMaps() Graph has changed! The whole cloud is regenerated.[0m
[rtabmap-14] [33m[ WARN] (2026-01-10 09:28:35.467) OccupancyGrid.cpp:169::getProbMap() Map info is empty, cannot generate probabilistic occupancy grid[0m
[rtabmap-14] [33m[ WARN] (2026-01-10 09:28:36.005) MapsManager.cpp:863::publishMaps() Graph has changed! The whole cloud is regenerated.[0m
[rtabmap-14] [33m[ WARN] (2026-01-10 09:28:36.006) OccupancyGrid.cpp:169::getProbMap() Map info is empty, cannot generate probabilistic occupancy grid[0m
[rtabmap-14] [33m[ WARN] (2026-01-10 09:28:36.533) MapsManager.cpp:863::publishMaps() Graph has changed! The whole cloud is regenerated.[0m
[rtabmap-14] [33m[ WARN] (2026-01-10 09:28:36.533) OccupancyGrid.cpp:169::getProbMap() Map info is empty, cannot generate probabilistic occupancy grid[0m
[rtabmap-14] [33m[ WARN] (2026-01-10 09:28:37.160) MapsManager.cpp:863::publishMaps() Graph has changed! The whole cloud is regenerated.[0m
[rtabmap-14] [33m[ WARN] (2026-01-10 09:28:37.161) OccupancyGrid.cpp:169::getProbMap() Map info is empty, cannot generate probabilistic occupancy grid[0m
[rtabmap-14] [33m[ WARN] (2026-01-10 09:28:37.693) MapsManager.cpp:863::publishMaps() Graph has changed! The whole cloud is regenerated.[0m
[rtabmap-14] [33m[ WARN] (2026-01-10 09:28:37.694) OccupancyGrid.cpp:169::getProbMap() Map info is empty, cannot generate probabilistic occupancy grid[0m
[superpoint_node-2] [INFO] [1768033718.214473067] [superpoint_node]: Keypoints estratti: 800
[superpoint_node-2] [ERROR] [1768033718.220733024] [superpoint_node]: Errore pubblicazione keypoints 3D: could not assign tuple of length 3 to structure with 4 fields.
[rtabmap-14] [INFO] [1768033718.235610105] [rtabmap]: rtabmap (473): Rate=0.50s, Limit=0.001s, Conversion=0.0003s, RTAB-Map=0.0199s, Maps update=0.0004s pub=0.0014s delay=0.0661s (local map=0, WM=0)
[superpoint_node-2] [INFO] [1768033718.344324764] [superpoint_node]: Keypoints estratti: 800
[superpoint_node-2] [ERROR] [1768033718.350802204] [superpoint_node]: Errore pubblicazione keypoints 3D: could not assign tuple of length 3 to structure with 4 fields.
[superpoint_node-2] [INFO] [1768033718.433011449] [superpoint_node]: Keypoints estratti: 800
[superpoint_node-2] [ERROR] [1768033718.438987422] [superpoint_node]: Errore pubblicazione keypoints 3D: could not assign tuple of length 3 to structure with 4 fields.
[superpoint_node-2] [INFO] [1768033718.526590524] [superpoint_node]: Keypoints estratti: 800
[superpoint_node-2] [ERROR] [1768033718.533079613] [superpoint_node]: Errore pubblicazione keypoints 3D: could not assign tuple of length 3 to structure with 4 fields.
[superpoint_node-2] [INFO] [1768033718.619766541] [superpoint_node]: Keypoints estratti: 800
[superpoint_node-2] [ERROR] [1768033718.625698181] [superpoint_node]: Errore pubblicazione keypoints 3D: could not assign tuple of length 3 to structure with 4 fields.
[superpoint_node-2] [INFO] [1768033718.719652037] [superpoint_node]: Keypoints estratti: 800
[superpoint_node-2] [ERROR] [1768033718.726467332] [superpoint_node]: Errore pubblicazione keypoints 3D: could not assign tuple of length 3 to structure with 4 fields.
[superpoint_node-2] [INFO] [1768033718.818490285] [superpoint_node]: Keypoints estratti: 800
[superpoint_node-2] [ERROR] [1768033718.825351561] [superpoint_node]: Errore pubblicazione keypoints 3D: could not assign tuple of length 3 to structure with 4 fields.
[rtabmap-14] [INFO] [1768033718.863826033] [rtabmap]: rtabmap (474): Rate=0.50s, Limit=0.001s, Conversion=0.0007s, RTAB-Map=0.0392s, Maps update=0.0003s pub=0.0064s delay=0.0944s (local map=0, WM=0)
[superpoint_node-2] [INFO] [1768033718.921984124] [superpoint_node]: Keypoints estratti: 800
[superpoint_node-2] [ERROR] [1768033718.929315553] [superpoint_node]: Errore pubblicazione keypoints 3D: could not assign tuple of length 3 to structure with 4 fields.
[superpoint_node-2] [INFO] [1768033719.020470257] [superpoint_node]: Keypoints estratti: 800
[superpoint_node-2] [ERROR] [1768033719.027055291] [superpoint_node]: Errore pubblicazione keypoints 3D: could not assign tuple of length 3 to structure with 4 fields.
[superpoint_node-2] [INFO] [1768033719.118443164] [superpoint_node]: Keypoints estratti: 800
[superpoint_node-2] [ERROR] [1768033719.124898086] [superpoint_node]: Errore pubblicazione keypoints 3D: could not assign tuple of length 3 to structure with 4 fields.
[superpoint_node-2] [INFO] [1768033719.217708878] [superpoint_node]: Keypoints estratti: 800
[superpoint_node-2] [ERROR] [1768033719.224310967] [superpoint_node]: Errore pubblicazione keypoints 3D: could not assign tuple of length 3 to structure with 4 fields.
[superpoint_node-2] [INFO] [1768033719.317464928] [superpoint_node]: Keypoints estratti: 800
[superpoint_node-2] [ERROR] [1768033719.324101481] [superpoint_node]: Errore pubblicazione keypoints 3D: could not assign tuple of length 3 to structure with 4 fields.
[superpoint_node-2] [INFO] [1768033719.423609734] [superpoint_node]: Keypoints estratti: 800
[superpoint_node-2] [ERROR] [1768033719.431647631] [superpoint_node]: Errore pubblicazione keypoints 3D: could not assign tuple of length 3 to structure with 4 fields.
[rtabmap-14] [INFO] [1768033719.464128555] [rtabmap]: rtabmap (475): Rate=0.50s, Limit=0.001s, Conversion=0.0005s, RTAB-Map=0.0426s, Maps update=0.0003s pub=0.0068s delay=0.0947s (local map=0, WM=0)
[superpoint_node-2] [INFO] [1768033719.524302699] [superpoint_node]: Keypoints estratti: 800
[superpoint_node-2] [ERROR] [1768033719.530754491] [superpoint_node]: Errore pubblicazione keypoints 3D: could not assign tuple of length 3 to structure with 4 fields.
[superpoint_node-2] [INFO] [1768033719.623171409] [superpoint_node]: Keypoints estratti: 800
[superpoint_node-2] [ERROR] [1768033719.629830018] [superpoint_node]: Errore pubblicazione keypoints 3D: could not assign tuple of length 3 to structure with 4 fields.
[superpoint_node-2] [INFO] [1768033719.719388339] [superpoint_node]: Keypoints estratti: 800
[superpoint_node-2] [ERROR] [1768033719.726401377] [superpoint_node]: Errore pubblicazione keypoints 3D: could not assign tuple of length 3 to structure with 4 fields.
[superpoint_node-2] [INFO] [1768033719.820514253] [superpoint_node]: Keypoints estratti: 800
[superpoint_node-2] [ERROR] [1768033719.827404770] [superpoint_node]: Errore pubblicazione keypoints 3D: could not assign tuple of length 3 to structure with 4 fields.
[superpoint_node-2] [INFO] [1768033719.918305973] [superpoint_node]: Keypoints estratti: 800
[superpoint_node-2] [ERROR] [1768033719.925789718] [superpoint_node]: Errore pubblicazione keypoints 3D: could not assign tuple of length 3 to structure with 4 fields.
[superpoint_node-2] [INFO] [1768033720.019564110] [superpoint_node]: Keypoints estratti: 800
[superpoint_node-2] [ERROR] [1768033720.027655378] [superpoint_node]: Errore pubblicazione keypoints 3D: could not assign tuple of length 3 to structure with 4 fields.
[rtabmap-14] [INFO] [1768033720.058647364] [rtabmap]: rtabmap (476): Rate=0.50s, Limit=0.001s, Conversion=0.0014s, RTAB-Map=0.0409s, Maps update=0.0010s pub=0.0053s delay=0.0884s (local map=0, WM=0)
[superpoint_node-2] [INFO] [1768033720.120156149] [superpoint_node]: Keypoints estratti: 800
[superpoint_node-2] [ERROR] [1768033720.126602144] [superpoint_node]: Errore pubblicazione keypoints 3D: could not assign tuple of length 3 to structure with 4 fields.
[superpoint_node-2] [INFO] [1768033720.220955133] [superpoint_node]: Keypoints estratti: 800
[superpoint_node-2] [ERROR] [1768033720.227557964] [superpoint_node]: Errore pubblicazione keypoints 3D: could not assign tuple of length 3 to structure with 4 fields.
[superpoint_node-2] [INFO] [1768033720.318512148] [superpoint_node]: Keypoints estratti: 800
[superpoint_node-2] [ERROR] [1768033720.325003459] [superpoint_node]: Errore pubblicazione keypoints 3D: could not assign tuple of length 3 to structure with 4 fields.
[superpoint_node-2] [INFO] [1768033720.418097605] [superpoint_node]: Keypoints estratti: 800
[superpoint_node-2] [ERROR] [1768033720.424777991] [superpoint_node]: Errore pubblicazione keypoints 3D: could not assign tuple of length 3 to structure with 4 fields.
[superpoint_node-2] [INFO] [1768033720.518844904] [superpoint_node]: Keypoints estratti: 800
[superpoint_node-2] [ERROR] [1768033720.525725996] [superpoint_node]: Errore pubblicazione keypoints 3D: could not assign tuple of length 3 to structure with 4 fields.
[superpoint_node-2] [INFO] [1768033720.622026908] [superpoint_node]: Keypoints estratti: 800
[superpoint_node-2] [ERROR] [1768033720.630152121] [superpoint_node]: Errore pubblicazione keypoints 3D: could not assign tuple of length 3 to structure with 4 fields.
[rtabmap-14] [INFO] [1768033720.643566246] [rtabmap]: rtabmap (477): Rate=0.50s, Limit=0.001s, Conversion=0.0005s, RTAB-Map=0.0263s, Maps update=0.0003s pub=0.0011s delay=0.0742s (local map=0, WM=0)
[superpoint_node-2] [INFO] [1768033720.721390863] [superpoint_node]: Keypoints estratti: 800
[superpoint_node-2] [ERROR] [1768033720.728563383] [superpoint_node]: Errore pubblicazione keypoints 3D: could not assign tuple of length 3 to structure with 4 fields.
[superpoint_node-2] [INFO] [1768033720.833125935] [superpoint_node]: Keypoints estratti: 800
[superpoint_node-2] [ERROR] [1768033720.840918848] [superpoint_node]: Errore pubblicazione keypoints 3D: could not assign tuple of length 3 to structure with 4 fields.
[superpoint_node-2] [INFO] [1768033720.927742148] [superpoint_node]: Keypoints estratti: 800
[superpoint_node-2] [ERROR] [1768033720.934306960] [superpoint_node]: Errore pubblicazione keypoints 3D: could not assign tuple of length 3 to structure with 4 fields.
[superpoint_node-2] [INFO] [1768033721.028461855] [superpoint_node]: Keypoints estratti: 800
[superpoint_node-2] [ERROR] [1768033721.035114482] [superpoint_node]: Errore pubblicazione keypoints 3D: could not assign tuple of length 3 to structure with 4 fields.
[superpoint_node-2] [INFO] [1768033721.128524519] [superpoint_node]: Keypoints estratti: 800
[superpoint_node-2] [ERROR] [1768033721.135454907] [superpoint_node]: Errore pubblicazione keypoints 3D: could not assign tuple of length 3 to structure with 4 fields.
[rtabmap-14] [INFO] [1768033721.197971700] [rtabmap]: rtabmap (478): Rate=0.50s, Limit=0.001s, Conversion=0.0002s, RTAB-Map=0.0435s, Maps update=0.0003s pub=0.0022s delay=0.1199s (local map=0, WM=0)
[superpoint_node-2] [INFO] [1768033721.234625416] [superpoint_node]: Keypoints estratti: 800
[superpoint_node-2] [ERROR] [1768033721.242996261] [superpoint_node]: Errore pubblicazione keypoints 3D: could not assign tuple of length 3 to structure with 4 fields.
[superpoint_node-2] [INFO] [1768033721.333368181] [superpoint_node]: Keypoints estratti: 800
[superpoint_node-2] [ERROR] [1768033721.341005279] [superpoint_node]: Errore pubblicazione keypoints 3D: could not assign tuple of length 3 to structure with 4 fields.
[superpoint_node-2] [INFO] [1768033721.432186039] [superpoint_node]: Keypoints estratti: 800
[superpoint_node-2] [ERROR] [1768033721.439081057] [superpoint_node]: Errore pubblicazione keypoints 3D: could not assign tuple of length 3 to structure with 4 fields.
[superpoint_node-2] [INFO] [1768033721.528012059] [superpoint_node]: Keypoints estratti: 800
[superpoint_node-2] [ERROR] [1768033721.534410184] [superpoint_node]: Errore pubblicazione keypoints 3D: could not assign tuple of length 3 to structure with 4 fields.
[superpoint_node-2] [INFO] [1768033721.662927259] [superpoint_node]: Keypoints estratti: 800
[superpoint_node-2] [ERROR] [1768033721.670179835] [superpoint_node]: Errore pubblicazione keypoints 3D: could not assign tuple of length 3 to structure with 4 fields.
[rtabmap-14] [INFO] [1768033721.735673743] [rtabmap]: rtabmap (479): Rate=0.50s, Limit=0.001s, Conversion=0.0002s, RTAB-Map=0.0483s, Maps update=0.0004s pub=0.0051s delay=0.1239s (local map=0, WM=0)
[superpoint_node-2] [INFO] [1768033721.768401299] [superpoint_node]: Keypoints estratti: 800
[superpoint_node-2] [ERROR] [1768033721.775506245] [superpoint_node]: Errore pubblicazione keypoints 3D: could not assign tuple of length 3 to structure with 4 fields.
[superpoint_node-2] [INFO] [1768033721.862849938] [superpoint_node]: Keypoints estratti: 800
[superpoint_node-2] [ERROR] [1768033721.869353174] [superpoint_node]: Errore pubblicazione keypoints 3D: could not assign tuple of length 3 to structure with 4 fields.
[superpoint_node-2] [INFO] [1768033722.017870482] [superpoint_node]: Keypoints estratti: 800
[superpoint_node-2] [ERROR] [1768033722.024553350] [superpoint_node]: Errore pubblicazione keypoints 3D: could not assign tuple of length 3 to structure with 4 fields.
[superpoint_node-2] [INFO] [1768033722.119115637] [superpoint_node]: Keypoints estratti: 800
[superpoint_node-2] [ERROR] [1768033722.125584874] [superpoint_node]: Errore pubblicazione keypoints 3D: could not assign tuple of length 3 to structure with 4 fields.
[superpoint_node-2] [INFO] [1768033722.220635591] [superpoint_node]: Keypoints estratti: 800
[superpoint_node-2] [ERROR] [1768033722.228277874] [superpoint_node]: Errore pubblicazione keypoints 3D: could not assign tuple of length 3 to structure with 4 fields.
[rtabmap-14] [INFO] [1768033722.254763880] [rtabmap]: rtabmap (480): Rate=0.50s, Limit=0.001s, Conversion=0.0003s, RTAB-Map=0.0417s, Maps update=0.0003s pub=0.0015s delay=0.0854s (local map=0, WM=0)
[superpoint_node-2] [INFO] [1768033722.324988086] [superpoint_node]: Keypoints estratti: 800
[superpoint_node-2] [ERROR] [1768033722.331630305] [superpoint_node]: Errore pubblicazione keypoints 3D: could not assign tuple of length 3 to structure with 4 fields.
[superpoint_node-2] [INFO] [1768033722.421332702] [superpoint_node]: Keypoints estratti: 800
[superpoint_node-2] [ERROR] [1768033722.428768409] [superpoint_node]: Errore pubblicazione keypoints 3D: could not assign tuple of length 3 to structure with 4 fields.
[superpoint_node-2] [INFO] [1768033722.520414747] [superpoint_node]: Keypoints estratti: 800
[superpoint_node-2] [ERROR] [1768033722.526674389] [superpoint_node]: Errore pubblicazione keypoints 3D: could not assign tuple of length 3 to structure with 4 fields.
[superpoint_node-2] [INFO] [1768033722.617995670] [superpoint_node]: Keypoints estratti: 800
[superpoint_node-2] [ERROR] [1768033722.624514369] [superpoint_node]: Errore pubblicazione keypoints 3D: could not assign tuple of length 3 to structure with 4 fields.
[superpoint_node-2] [INFO] [1768033722.718500171] [superpoint_node]: Keypoints estratti: 800
[superpoint_node-2] [ERROR] [1768033722.725362281] [superpoint_node]: Errore pubblicazione keypoints 3D: could not assign tuple of length 3 to structure with 4 fields.
[rtabmap-14] [INFO] [1768033722.758970140] [rtabmap]: rtabmap (481): Rate=0.50s, Limit=0.001s, Conversion=0.0007s, RTAB-Map=0.0359s, Maps update=0.0003s pub=0.0058s delay=0.0895s (local map=0, WM=0)
[superpoint_node-2] [INFO] [1768033722.818486316] [superpoint_node]: Keypoints estratti: 800
[superpoint_node-2] [ERROR] [1768033722.825290129] [superpoint_node]: Errore pubblicazione keypoints 3D: could not assign tuple of length 3 to structure with 4 fields.
[superpoint_node-2] [INFO] [1768033722.919999251] [superpoint_node]: Keypoints estratti: 800
[superpoint_node-2] [ERROR] [1768033722.926834472] [superpoint_node]: Errore pubblicazione keypoints 3D: could not assign tuple of length 3 to structure with 4 fields.
[superpoint_node-2] [INFO] [1768033723.017188318] [superpoint_node]: Keypoints estratti: 800
[superpoint_node-2] [ERROR] [1768033723.023728203] [superpoint_node]: Errore pubblicazione keypoints 3D: could not assign tuple of length 3 to structure with 4 fields.
[superpoint_node-2] [INFO] [1768033723.118740457] [superpoint_node]: Keypoints estratti: 800
[superpoint_node-2] [ERROR] [1768033723.125206916] [superpoint_node]: Errore pubblicazione keypoints 3D: could not assign tuple of length 3 to structure with 4 fields.
[rtabmap-14] [33m[ WARN] (2026-01-10 09:28:38.234) MapsManager.cpp:863::publishMaps() Graph has changed! The whole cloud is regenerated.[0m
[rtabmap-14] [33m[ WARN] (2026-01-10 09:28:38.235) OccupancyGrid.cpp:169::getProbMap() Map info is empty, cannot generate probabilistic occupancy grid[0m
[rtabmap-14] [33m[ WARN] (2026-01-10 09:28:38.857) MapsManager.cpp:863::publishMaps() Graph has changed! The whole cloud is regenerated.[0m
[rtabmap-14] [33m[ WARN] (2026-01-10 09:28:38.861) OccupancyGrid.cpp:169::getProbMap() Map info is empty, cannot generate probabilistic occupancy grid[0m
[rtabmap-14] [33m[ WARN] (2026-01-10 09:28:39.457) MapsManager.cpp:863::publishMaps() Graph has changed! The whole cloud is regenerated.[0m
[rtabmap-14] [33m[ WARN] (2026-01-10 09:28:39.461) OccupancyGrid.cpp:169::getProbMap() Map info is empty, cannot generate probabilistic occupancy grid[0m
[rtabmap-14] [33m[ WARN] (2026-01-10 09:28:40.053) MapsManager.cpp:863::publishMaps() Graph has changed! The whole cloud is regenerated.[0m
[rtabmap-14] [33m[ WARN] (2026-01-10 09:28:40.057) OccupancyGrid.cpp:169::getProbMap() Map info is empty, cannot generate probabilistic occupancy grid[0m
[rtabmap-14] [33m[ WARN] (2026-01-10 09:28:40.642) MapsManager.cpp:863::publishMaps() Graph has changed! The whole cloud is regenerated.[0m
[rtabmap-14] [33m[ WARN] (2026-01-10 09:28:40.642) OccupancyGrid.cpp:169::getProbMap() Map info is empty, cannot generate probabilistic occupancy grid[0m
[rtabmap-14] [33m[ WARN] (2026-01-10 09:28:41.195) MapsManager.cpp:863::publishMaps() Graph has changed! The whole cloud is regenerated.[0m
[rtabmap-14] [33m[ WARN] (2026-01-10 09:28:41.196) OccupancyGrid.cpp:169::getProbMap() Map info is empty, cannot generate probabilistic occupancy grid[0m
[rtabmap-14] [33m[ WARN] (2026-01-10 09:28:41.730) MapsManager.cpp:863::publishMaps() Graph has changed! The whole cloud is regenerated.[0m
[rtabmap-14] [33m[ WARN] (2026-01-10 09:28:41.734) OccupancyGrid.cpp:169::getProbMap() Map info is empty, cannot generate probabilistic occupancy grid[0m
[rtabmap-14] [33m[ WARN] (2026-01-10 09:28:41.920) CoreWrapper.cpp:1227::odomTFUpdate() Odometry is reset (identity pose detected). Increment map id![0m
[rtabmap-14] [33m[ WARN] (2026-01-10 09:28:42.253) MapsManager.cpp:863::publishMaps() Graph has changed! The whole cloud is regenerated.[0m
[rtabmap-14] [33m[ WARN] (2026-01-10 09:28:42.253) OccupancyGrid.cpp:169::getProbMap() Map info is empty, cannot generate probabilistic occupancy grid[0m
[rtabmap-14] [33m[ WARN] (2026-01-10 09:28:42.753) MapsManager.cpp:863::publishMaps() Graph has changed! The whole cloud is regenerated.[0m
[rtabmap-14] [33m[ WARN] (2026-01-10 09:28:42.756) OccupancyGrid.cpp:169::getProbMap() Map info is empty, cannot generate probabilistic occupancy grid[0m
[superpoint_node-2] [INFO] [1768033723.218791399] [superpoint_node]: Keypoints estratti: 800
[superpoint_node-2] [ERROR] [1768033723.225556008] [superpoint_node]: Errore pubblicazione keypoints 3D: could not assign tuple of length 3 to structure with 4 fields.
[rtabmap-14] [INFO] [1768033723.252268109] [rtabmap]: rtabmap (482): Rate=0.50s, Limit=0.001s, Conversion=0.0002s, RTAB-Map=0.0351s, Maps update=0.0020s pub=0.0012s delay=0.0828s (local map=0, WM=0)
[superpoint_node-2] [INFO] [1768033723.320268427] [superpoint_node]: Keypoints estratti: 800
[superpoint_node-2] [ERROR] [1768033723.326960146] [superpoint_node]: Errore pubblicazione keypoints 3D: could not assign tuple of length 3 to structure with 4 fields.
[superpoint_node-2] [INFO] [1768033723.419627493] [superpoint_node]: Keypoints estratti: 800
[superpoint_node-2] [ERROR] [1768033723.426070044] [superpoint_node]: Errore pubblicazione keypoints 3D: could not assign tuple of length 3 to structure with 4 fields.
[superpoint_node-2] [INFO] [1768033723.519483155] [superpoint_node]: Keypoints estratti: 800
[superpoint_node-2] [ERROR] [1768033723.526066689] [superpoint_node]: Errore pubblicazione keypoints 3D: could not assign tuple of length 3 to structure with 4 fields.
[superpoint_node-2] [INFO] [1768033723.619100779] [superpoint_node]: Keypoints estratti: 800
[superpoint_node-2] [ERROR] [1768033723.625700665] [superpoint_node]: Errore pubblicazione keypoints 3D: could not assign tuple of length 3 to structure with 4 fields.
[superpoint_node-2] [INFO] [1768033723.720149655] [superpoint_node]: Keypoints estratti: 800
[superpoint_node-2] [ERROR] [1768033723.727170970] [superpoint_node]: Errore pubblicazione keypoints 3D: could not assign tuple of length 3 to structure with 4 fields.
[rtabmap-14] [INFO] [1768033723.761261555] [rtabmap]: rtabmap (483): Rate=0.50s, Limit=0.001s, Conversion=0.0006s, RTAB-Map=0.0427s, Maps update=0.0017s pub=0.0025s delay=0.0917s (local map=0, WM=0)
[superpoint_node-2] [INFO] [1768033723.821100307] [superpoint_node]: Keypoints estratti: 800
[superpoint_node-2] [ERROR] [1768033723.827783083] [superpoint_node]: Errore pubblicazione keypoints 3D: could not assign tuple of length 3 to structure with 4 fields.
[superpoint_node-2] [INFO] [1768033723.921348640] [superpoint_node]: Keypoints estratti: 800
[superpoint_node-2] [ERROR] [1768033723.927835562] [superpoint_node]: Errore pubblicazione keypoints 3D: could not assign tuple of length 3 to structure with 4 fields.
[superpoint_node-2] [INFO] [1768033724.015965020] [superpoint_node]: Keypoints estratti: 800
[superpoint_node-2] [ERROR] [1768033724.022599851] [superpoint_node]: Errore pubblicazione keypoints 3D: could not assign tuple of length 3 to structure with 4 fields.
[superpoint_node-2] [INFO] [1768033724.119096598] [superpoint_node]: Keypoints estratti: 800
[superpoint_node-2] [ERROR] [1768033724.125696002] [superpoint_node]: Errore pubblicazione keypoints 3D: could not assign tuple of length 3 to structure with 4 fields.
[superpoint_node-2] [INFO] [1768033724.221081648] [superpoint_node]: Keypoints estratti: 800
[superpoint_node-2] [ERROR] [1768033724.227856961] [superpoint_node]: Errore pubblicazione keypoints 3D: could not assign tuple of length 3 to structure with 4 fields.
[superpoint_node-2] [INFO] [1768033724.319000017] [superpoint_node]: Keypoints estratti: 800
[superpoint_node-2] [ERROR] [1768033724.327378695] [superpoint_node]: Errore pubblicazione keypoints 3D: could not assign tuple of length 3 to structure with 4 fields.
[rtabmap-14] [INFO] [1768033724.339350049] [rtabmap]: rtabmap (484): Rate=0.50s, Limit=0.001s, Conversion=0.0003s, RTAB-Map=0.0189s, Maps update=0.0003s pub=0.0013s delay=0.0687s (local map=0, WM=0)
[superpoint_node-2] [INFO] [1768033724.419442518] [superpoint_node]: Keypoints estratti: 800
[superpoint_node-2] [ERROR] [1768033724.426052329] [superpoint_node]: Errore pubblicazione keypoints 3D: could not assign tuple of length 3 to structure with 4 fields.
[superpoint_node-2] [INFO] [1768033724.523609400] [superpoint_node]: Keypoints estratti: 800
[superpoint_node-2] [ERROR] [1768033724.530459287] [superpoint_node]: Errore pubblicazione keypoints 3D: could not assign tuple of length 3 to structure with 4 fields.
[superpoint_node-2] [INFO] [1768033724.621340527] [superpoint_node]: Keypoints estratti: 800
[superpoint_node-2] [ERROR] [1768033724.628034228] [superpoint_node]: Errore pubblicazione keypoints 3D: could not assign tuple of length 3 to structure with 4 fields.
[superpoint_node-2] [INFO] [1768033724.718078387] [superpoint_node]: Keypoints estratti: 800
[superpoint_node-2] [ERROR] [1768033724.725595836] [superpoint_node]: Errore pubblicazione keypoints 3D: could not assign tuple of length 3 to structure with 4 fields.
[superpoint_node-2] [INFO] [1768033724.818291553] [superpoint_node]: Keypoints estratti: 800
[superpoint_node-2] [ERROR] [1768033724.824754956] [superpoint_node]: Errore pubblicazione keypoints 3D: could not assign tuple of length 3 to structure with 4 fields.
[superpoint_node-2] [INFO] [1768033724.950335896] [superpoint_node]: Keypoints estratti: 800
[superpoint_node-2] [ERROR] [1768033724.957523713] [superpoint_node]: Errore pubblicazione keypoints 3D: could not assign tuple of length 3 to structure with 4 fields.
[rtabmap-14] [INFO] [1768033724.990401011] [rtabmap]: rtabmap (485): Rate=0.50s, Limit=0.001s, Conversion=0.0004s, RTAB-Map=0.0446s, Maps update=0.0003s pub=0.0014s delay=0.0899s (local map=0, WM=0)
[superpoint_node-2] [INFO] [1768033725.047343666] [superpoint_node]: Keypoints estratti: 800
[superpoint_node-2] [ERROR] [1768033725.053607438] [superpoint_node]: Errore pubblicazione keypoints 3D: could not assign tuple of length 3 to structure with 4 fields.
[superpoint_node-2] [INFO] [1768033725.145240887] [superpoint_node]: Keypoints estratti: 800
[superpoint_node-2] [ERROR] [1768033725.152570983] [superpoint_node]: Errore pubblicazione keypoints 3D: could not assign tuple of length 3 to structure with 4 fields.
[superpoint_node-2] [INFO] [1768033725.245043216] [superpoint_node]: Keypoints estratti: 800
[superpoint_node-2] [ERROR] [1768033725.252217847] [superpoint_node]: Errore pubblicazione keypoints 3D: could not assign tuple of length 3 to structure with 4 fields.
[superpoint_node-2] [INFO] [1768033725.341618334] [superpoint_node]: Keypoints estratti: 800
[superpoint_node-2] [ERROR] [1768033725.350273347] [superpoint_node]: Errore pubblicazione keypoints 3D: could not assign tuple of length 3 to structure with 4 fields.
[superpoint_node-2] [INFO] [1768033725.440998623] [superpoint_node]: Keypoints estratti: 800
[superpoint_node-2] [ERROR] [1768033725.449139706] [superpoint_node]: Errore pubblicazione keypoints 3D: could not assign tuple of length 3 to structure with 4 fields.
[superpoint_node-2] [INFO] [1768033725.544507926] [superpoint_node]: Keypoints estratti: 800
[superpoint_node-2] [ERROR] [1768033725.552679250] [superpoint_node]: Errore pubblicazione keypoints 3D: could not assign tuple of length 3 to structure with 4 fields.
[rtabmap-14] [INFO] [1768033725.565690705] [rtabmap]: rtabmap (486): Rate=0.50s, Limit=0.001s, Conversion=0.0011s, RTAB-Map=0.0428s, Maps update=0.0003s pub=0.0030s delay=0.0756s (local map=0, WM=0)
[superpoint_node-2] [INFO] [1768033725.646061491] [superpoint_node]: Keypoints estratti: 800
[superpoint_node-2] [ERROR] [1768033725.653623069] [superpoint_node]: Errore pubblicazione keypoints 3D: could not assign tuple of length 3 to structure with 4 fields.
[superpoint_node-2] [INFO] [1768033725.745175314] [superpoint_node]: Keypoints estratti: 800
[superpoint_node-2] [ERROR] [1768033725.752224555] [superpoint_node]: Errore pubblicazione keypoints 3D: could not assign tuple of length 3 to structure with 4 fields.
[superpoint_node-2] [INFO] [1768033725.844390601] [superpoint_node]: Keypoints estratti: 800
[superpoint_node-2] [ERROR] [1768033725.851573047] [superpoint_node]: Errore pubblicazione keypoints 3D: could not assign tuple of length 3 to structure with 4 fields.
[superpoint_node-2] [INFO] [1768033725.943813186] [superpoint_node]: Keypoints estratti: 800
[superpoint_node-2] [ERROR] [1768033725.951119133] [superpoint_node]: Errore pubblicazione keypoints 3D: could not assign tuple of length 3 to structure with 4 fields.
[superpoint_node-2] [INFO] [1768033726.046186980] [superpoint_node]: Keypoints estratti: 800
[superpoint_node-2] [ERROR] [1768033726.054176247] [superpoint_node]: Errore pubblicazione keypoints 3D: could not assign tuple of length 3 to structure with 4 fields.
[rtabmap-14] [INFO] [1768033726.069969724] [rtabmap]: rtabmap (487): Rate=0.50s, Limit=0.001s, Conversion=0.0010s, RTAB-Map=0.0454s, Maps update=0.0012s pub=0.0043s delay=0.0774s (local map=0, WM=0)
[superpoint_node-2] [INFO] [1768033726.147675322] [superpoint_node]: Keypoints estratti: 800
[superpoint_node-2] [ERROR] [1768033726.154466635] [superpoint_node]: Errore pubblicazione keypoints 3D: could not assign tuple of length 3 to structure with 4 fields.
[superpoint_node-2] [INFO] [1768033726.250249951] [superpoint_node]: Keypoints estratti: 800
[superpoint_node-2] [ERROR] [1768033726.257931549] [superpoint_node]: Errore pubblicazione keypoints 3D: could not assign tuple of length 3 to structure with 4 fields.
[superpoint_node-2] [INFO] [1768033726.347498037] [superpoint_node]: Keypoints estratti: 800
[superpoint_node-2] [ERROR] [1768033726.354427666] [superpoint_node]: Errore pubblicazione keypoints 3D: could not assign tuple of length 3 to structure with 4 fields.
[superpoint_node-2] [INFO] [1768033726.448352597] [superpoint_node]: Keypoints estratti: 800
[superpoint_node-2] [ERROR] [1768033726.455411134] [superpoint_node]: Errore pubblicazione keypoints 3D: could not assign tuple of length 3 to structure with 4 fields.
[superpoint_node-2] [INFO] [1768033726.544286821] [superpoint_node]: Keypoints estratti: 800
[superpoint_node-2] [ERROR] [1768033726.551907289] [superpoint_node]: Errore pubblicazione keypoints 3D: could not assign tuple of length 3 to structure with 4 fields.
[rtabmap-14] [INFO] [1768033726.586841029] [rtabmap]: rtabmap (488): Rate=0.50s, Limit=0.001s, Conversion=0.0003s, RTAB-Map=0.0408s, Maps update=0.0003s pub=0.0012s delay=0.0902s (local map=0, WM=0)
[superpoint_node-2] [INFO] [1768033726.647880087] [superpoint_node]: Keypoints estratti: 800
[superpoint_node-2] [ERROR] [1768033726.654613159] [superpoint_node]: Errore pubblicazione keypoints 3D: could not assign tuple of length 3 to structure with 4 fields.
[superpoint_node-2] [INFO] [1768033726.749773673] [superpoint_node]: Keypoints estratti: 800
[superpoint_node-2] [ERROR] [1768033726.757146028] [superpoint_node]: Errore pubblicazione keypoints 3D: could not assign tuple of length 3 to structure with 4 fields.
[superpoint_node-2] [INFO] [1768033726.848196806] [superpoint_node]: Keypoints estratti: 800
[superpoint_node-2] [ERROR] [1768033726.854995619] [superpoint_node]: Errore pubblicazione keypoints 3D: could not assign tuple of length 3 to structure with 4 fields.
[superpoint_node-2] [INFO] [1768033726.944976444] [superpoint_node]: Keypoints estratti: 800
[superpoint_node-2] [ERROR] [1768033726.952043945] [superpoint_node]: Errore pubblicazione keypoints 3D: could not assign tuple of length 3 to structure with 4 fields.
[superpoint_node-2] [INFO] [1768033727.048652767] [superpoint_node]: Keypoints estratti: 800
[superpoint_node-2] [ERROR] [1768033727.056187068] [superpoint_node]: Errore pubblicazione keypoints 3D: could not assign tuple of length 3 to structure with 4 fields.
[rtabmap-14] [INFO] [1768033727.094378908] [rtabmap]: rtabmap (489): Rate=0.50s, Limit=0.001s, Conversion=0.0005s, RTAB-Map=0.0432s, Maps update=0.0003s pub=0.0013s delay=0.0975s (local map=0, WM=0)
[superpoint_node-2] [INFO] [1768033727.153535284] [superpoint_node]: Keypoints estratti: 800
[superpoint_node-2] [ERROR] [1768033727.160308542] [superpoint_node]: Errore pubblicazione keypoints 3D: could not assign tuple of length 3 to structure with 4 fields.
[superpoint_node-2] [INFO] [1768033727.253367151] [superpoint_node]: Keypoints estratti: 800
[superpoint_node-2] [ERROR] [1768033727.260325872] [superpoint_node]: Errore pubblicazione keypoints 3D: could not assign tuple of length 3 to structure with 4 fields.
[superpoint_node-2] [INFO] [1768033727.349032780] [superpoint_node]: Keypoints estratti: 800
[superpoint_node-2] [ERROR] [1768033727.355878612] [superpoint_node]: Errore pubblicazione keypoints 3D: could not assign tuple of length 3 to structure with 4 fields.
[superpoint_node-2] [INFO] [1768033727.451351018] [superpoint_node]: Keypoints estratti: 800
[superpoint_node-2] [ERROR] [1768033727.459513490] [superpoint_node]: Errore pubblicazione keypoints 3D: could not assign tuple of length 3 to structure with 4 fields.
[superpoint_node-2] [INFO] [1768033727.551490257] [superpoint_node]: Keypoints estratti: 800
[superpoint_node-2] [ERROR] [1768033727.558689629] [superpoint_node]: Errore pubblicazione keypoints 3D: could not assign tuple of length 3 to structure with 4 fields.
[rtabmap-14] [INFO] [1768033727.591079441] [rtabmap]: rtabmap (490): Rate=0.50s, Limit=0.001s, Conversion=0.0006s, RTAB-Map=0.0412s, Maps update=0.0021s pub=0.0037s delay=0.0912s (local map=0, WM=0)
[superpoint_node-2] [INFO] [1768033727.656379163] [superpoint_node]: Keypoints estratti: 800
[superpoint_node-2] [ERROR] [1768033727.663436515] [superpoint_node]: Errore pubblicazione keypoints 3D: could not assign tuple of length 3 to structure with 4 fields.
[superpoint_node-2] [INFO] [1768033727.754137994] [superpoint_node]: Keypoints estratti: 800
[superpoint_node-2] [ERROR] [1768033727.761755740] [superpoint_node]: Errore pubblicazione keypoints 3D: could not assign tuple of length 3 to structure with 4 fields.
[superpoint_node-2] [INFO] [1768033727.854204029] [superpoint_node]: Keypoints estratti: 800
[superpoint_node-2] [ERROR] [1768033727.861230973] [superpoint_node]: Errore pubblicazione keypoints 3D: could not assign tuple of length 3 to structure with 4 fields.
[superpoint_node-2] [INFO] [1768033727.955586518] [superpoint_node]: Keypoints estratti: 800
[superpoint_node-2] [ERROR] [1768033727.962608852] [superpoint_node]: Errore pubblicazione keypoints 3D: could not assign tuple of length 3 to structure with 4 fields.
[superpoint_node-2] [INFO] [1768033728.056605635] [superpoint_node]: Keypoints estratti: 800
[superpoint_node-2] [ERROR] [1768033728.065433575] [superpoint_node]: Errore pubblicazione keypoints 3D: could not assign tuple of length 3 to structure with 4 fields.
[rtabmap-14] [INFO] [1768033728.095746964] [rtabmap]: rtabmap (491): Rate=0.50s, Limit=0.001s, Conversion=0.0003s, RTAB-Map=0.0417s, Maps update=0.0004s pub=0.0055s delay=0.0918s (local map=0, WM=0)
[rtabmap-14] [33m[ WARN] (2026-01-10 09:28:43.251) MapsManager.cpp:863::publishMaps() Graph has changed! The whole cloud is regenerated.[0m
[rtabmap-14] [33m[ WARN] (2026-01-10 09:28:43.251) OccupancyGrid.cpp:169::getProbMap() Map info is empty, cannot generate probabilistic occupancy grid[0m
[rtabmap-14] [33m[ WARN] (2026-01-10 09:28:43.758) MapsManager.cpp:863::publishMaps() Graph has changed! The whole cloud is regenerated.[0m
[rtabmap-14] [33m[ WARN] (2026-01-10 09:28:43.760) OccupancyGrid.cpp:169::getProbMap() Map info is empty, cannot generate probabilistic occupancy grid[0m
[rtabmap-14] [33m[ WARN] (2026-01-10 09:28:44.338) MapsManager.cpp:863::publishMaps() Graph has changed! The whole cloud is regenerated.[0m
[rtabmap-14] [33m[ WARN] (2026-01-10 09:28:44.338) OccupancyGrid.cpp:169::getProbMap() Map info is empty, cannot generate probabilistic occupancy grid[0m
[rtabmap-14] [33m[ WARN] (2026-01-10 09:28:44.988) MapsManager.cpp:863::publishMaps() Graph has changed! The whole cloud is regenerated.[0m
[rtabmap-14] [33m[ WARN] (2026-01-10 09:28:44.989) OccupancyGrid.cpp:169::getProbMap() Map info is empty, cannot generate probabilistic occupancy grid[0m
[rtabmap-14] [33m[ WARN] (2026-01-10 09:28:45.562) MapsManager.cpp:863::publishMaps() Graph has changed! The whole cloud is regenerated.[0m
[rtabmap-14] [33m[ WARN] (2026-01-10 09:28:45.564) OccupancyGrid.cpp:169::getProbMap() Map info is empty, cannot generate probabilistic occupancy grid[0m
[rtabmap-14] [33m[ WARN] (2026-01-10 09:28:46.065) MapsManager.cpp:863::publishMaps() Graph has changed! The whole cloud is regenerated.[0m
[rtabmap-14] [33m[ WARN] (2026-01-10 09:28:46.067) OccupancyGrid.cpp:169::getProbMap() Map info is empty, cannot generate probabilistic occupancy grid[0m
[rtabmap-14] [33m[ WARN] (2026-01-10 09:28:46.585) MapsManager.cpp:863::publishMaps() Graph has changed! The whole cloud is regenerated.[0m
[rtabmap-14] [33m[ WARN] (2026-01-10 09:28:46.586) OccupancyGrid.cpp:169::getProbMap() Map info is empty, cannot generate probabilistic occupancy grid[0m
[rtabmap-14] [33m[ WARN] (2026-01-10 09:28:47.093) MapsManager.cpp:863::publishMaps() Graph has changed! The whole cloud is regenerated.[0m
[rtabmap-14] [33m[ WARN] (2026-01-10 09:28:47.093) OccupancyGrid.cpp:169::getProbMap() Map info is empty, cannot generate probabilistic occupancy grid[0m
[rtabmap-14] [33m[ WARN] (2026-01-10 09:28:47.587) MapsManager.cpp:863::publishMaps() Graph has changed! The whole cloud is regenerated.[0m
[rtabmap-14] [33m[ WARN] (2026-01-10 09:28:47.588) OccupancyGrid.cpp:169::getProbMap() Map info is empty, cannot generate probabilistic occupancy grid[0m
[rtabmap-14] [33m[ WARN] (2026-01-10 09:28:48.090) MapsManager.cpp:863::publishMaps() Graph has changed! The whole cloud is regenerated.[0m
[rtabmap-14] [33m[ WARN] (2026-01-10 09:28:48.091) OccupancyGrid.cpp:169::getProbMap() Map info is empty, cannot generate probabilistic occupancy grid[0m
[superpoint_node-2] [INFO] [1768033728.163597984] [superpoint_node]: Keypoints estratti: 800
[superpoint_node-2] [ERROR] [1768033728.170677892] [superpoint_node]: Errore pubblicazione keypoints 3D: could not assign tuple of length 3 to structure with 4 fields.
[superpoint_node-2] [INFO] [1768033728.263877520] [superpoint_node]: Keypoints estratti: 800
[superpoint_node-2] [ERROR] [1768033728.270911168] [superpoint_node]: Errore pubblicazione keypoints 3D: could not assign tuple of length 3 to structure with 4 fields.
[superpoint_node-2] [INFO] [1768033728.365099656] [superpoint_node]: Keypoints estratti: 800
[superpoint_node-2] [ERROR] [1768033728.371884396] [superpoint_node]: Errore pubblicazione keypoints 3D: could not assign tuple of length 3 to structure with 4 fields.
[superpoint_node-2] [INFO] [1768033728.463165620] [superpoint_node]: Keypoints estratti: 800
[superpoint_node-2] [ERROR] [1768033728.469892044] [superpoint_node]: Errore pubblicazione keypoints 3D: could not assign tuple of length 3 to structure with 4 fields.
[superpoint_node-2] [INFO] [1768033728.563991438] [superpoint_node]: Keypoints estratti: 800
[superpoint_node-2] [ERROR] [1768033728.572358116] [superpoint_node]: Errore pubblicazione keypoints 3D: could not assign tuple of length 3 to structure with 4 fields.
[rtabmap-14] [INFO] [1768033728.594423883] [rtabmap]: rtabmap (492): Rate=0.50s, Limit=0.001s, Conversion=0.0010s, RTAB-Map=0.0386s, Maps update=0.0003s pub=0.0012s delay=0.0833s (local map=0, WM=0)
[superpoint_node-2] [INFO] [1768033728.669224607] [superpoint_node]: Keypoints estratti: 800
[superpoint_node-2] [ERROR] [1768033728.676845445] [superpoint_node]: Errore pubblicazione keypoints 3D: could not assign tuple of length 3 to structure with 4 fields.
[superpoint_node-2] [INFO] [1768033728.766842733] [superpoint_node]: Keypoints estratti: 800
[superpoint_node-2] [ERROR] [1768033728.774034790] [superpoint_node]: Errore pubblicazione keypoints 3D: could not assign tuple of length 3 to structure with 4 fields.
[superpoint_node-2] [INFO] [1768033728.902604162] [superpoint_node]: Keypoints estratti: 800
[superpoint_node-2] [ERROR] [1768033728.911577566] [superpoint_node]: Errore pubblicazione keypoints 3D: could not assign tuple of length 3 to structure with 4 fields.
[superpoint_node-2] [INFO] [1768033729.003998855] [superpoint_node]: Keypoints estratti: 800
[superpoint_node-2] [ERROR] [1768033729.011483267] [superpoint_node]: Errore pubblicazione keypoints 3D: could not assign tuple of length 3 to structure with 4 fields.
[superpoint_node-2] [INFO] [1768033729.106927302] [superpoint_node]: Keypoints estratti: 800
[superpoint_node-2] [ERROR] [1768033729.114942921] [superpoint_node]: Errore pubblicazione keypoints 3D: could not assign tuple of length 3 to structure with 4 fields.
[rtabmap-14] [INFO] [1768033729.128562547] [rtabmap]: rtabmap (493): Rate=0.50s, Limit=0.001s, Conversion=0.0003s, RTAB-Map=0.0475s, Maps update=0.0003s pub=0.0010s delay=0.0748s (local map=0, WM=0)
[superpoint_node-2] [INFO] [1768033729.210707014] [superpoint_node]: Keypoints estratti: 800
[superpoint_node-2] [ERROR] [1768033729.217506735] [superpoint_node]: Errore pubblicazione keypoints 3D: could not assign tuple of length 3 to structure with 4 fields.
[superpoint_node-2] [INFO] [1768033729.311700352] [superpoint_node]: Keypoints estratti: 800
[superpoint_node-2] [ERROR] [1768033729.319136689] [superpoint_node]: Errore pubblicazione keypoints 3D: could not assign tuple of length 3 to structure with 4 fields.
[superpoint_node-2] [INFO] [1768033729.410733471] [superpoint_node]: Keypoints estratti: 800
[superpoint_node-2] [ERROR] [1768033729.417833287] [superpoint_node]: Errore pubblicazione keypoints 3D: could not assign tuple of length 3 to structure with 4 fields.
[superpoint_node-2] [INFO] [1768033729.516561533] [superpoint_node]: Keypoints estratti: 800
[superpoint_node-2] [ERROR] [1768033729.523356347] [superpoint_node]: Errore pubblicazione keypoints 3D: could not assign tuple of length 3 to structure with 4 fields.
[superpoint_node-2] [INFO] [1768033729.615481411] [superpoint_node]: Keypoints estratti: 800
[superpoint_node-2] [ERROR] [1768033729.622403262] [superpoint_node]: Errore pubblicazione keypoints 3D: could not assign tuple of length 3 to structure with 4 fields.
[rtabmap-14] [INFO] [1768033729.663676367] [rtabmap]: rtabmap (494): Rate=0.50s, Limit=0.001s, Conversion=0.0008s, RTAB-Map=0.0462s, Maps update=0.0003s pub=0.0044s delay=0.0985s (local map=0, WM=0)
[superpoint_node-2] [INFO] [1768033729.722165628] [superpoint_node]: Keypoints estratti: 800
[superpoint_node-2] [ERROR] [1768033729.729247221] [superpoint_node]: Errore pubblicazione keypoints 3D: could not assign tuple of length 3 to structure with 4 fields.
[superpoint_node-2] [INFO] [1768033729.823150373] [superpoint_node]: Keypoints estratti: 800
[superpoint_node-2] [ERROR] [1768033729.830152892] [superpoint_node]: Errore pubblicazione keypoints 3D: could not assign tuple of length 3 to structure with 4 fields.
[superpoint_node-2] [INFO] [1768033729.926402544] [superpoint_node]: Keypoints estratti: 800
[superpoint_node-2] [ERROR] [1768033729.933289895] [superpoint_node]: Errore pubblicazione keypoints 3D: could not assign tuple of length 3 to structure with 4 fields.
[superpoint_node-2] [INFO] [1768033730.023939078] [superpoint_node]: Keypoints estratti: 800
[superpoint_node-2] [ERROR] [1768033730.030751095] [superpoint_node]: Errore pubblicazione keypoints 3D: could not assign tuple of length 3 to structure with 4 fields.
[superpoint_node-2] [INFO] [1768033730.127109100] [superpoint_node]: Keypoints estratti: 800
[superpoint_node-2] [ERROR] [1768033730.133940006] [superpoint_node]: Errore pubblicazione keypoints 3D: could not assign tuple of length 3 to structure with 4 fields.
[rtabmap-14] [INFO] [1768033730.136197691] [rtabmap]: rtabmap (495): Rate=0.50s, Limit=0.001s, Conversion=0.0005s, RTAB-Map=0.0233s, Maps update=0.0004s pub=0.0012s delay=0.0622s (local map=0, WM=0)
[superpoint_node-2] [INFO] [1768033730.226861725] [superpoint_node]: Keypoints estratti: 800
[superpoint_node-2] [ERROR] [1768033730.233789483] [superpoint_node]: Errore pubblicazione keypoints 3D: could not assign tuple of length 3 to structure with 4 fields.
[superpoint_node-2] [INFO] [1768033730.331062829] [superpoint_node]: Keypoints estratti: 800
[superpoint_node-2] [ERROR] [1768033730.338485907] [superpoint_node]: Errore pubblicazione keypoints 3D: could not assign tuple of length 3 to structure with 4 fields.
[superpoint_node-2] [INFO] [1768033730.428223619] [superpoint_node]: Keypoints estratti: 800
[superpoint_node-2] [ERROR] [1768033730.435211267] [superpoint_node]: Errore pubblicazione keypoints 3D: could not assign tuple of length 3 to structure with 4 fields.
[superpoint_node-2] [INFO] [1768033730.528979029] [superpoint_node]: Keypoints estratti: 800
[superpoint_node-2] [ERROR] [1768033730.535892529] [superpoint_node]: Errore pubblicazione keypoints 3D: could not assign tuple of length 3 to structure with 4 fields.
[superpoint_node-2] [INFO] [1768033730.624251359] [superpoint_node]: Keypoints estratti: 800
[superpoint_node-2] [ERROR] [1768033730.631263100] [superpoint_node]: Errore pubblicazione keypoints 3D: could not assign tuple of length 3 to structure with 4 fields.
[rtabmap-14] [INFO] [1768033730.696784898] [rtabmap]: rtabmap (496): Rate=0.50s, Limit=0.001s, Conversion=0.0002s, RTAB-Map=0.0517s, Maps update=0.0010s pub=0.0017s delay=0.1194s (local map=0, WM=0)
[superpoint_node-2] [INFO] [1768033730.726000167] [superpoint_node]: Keypoints estratti: 800
[superpoint_node-2] [ERROR] [1768033730.732858277] [superpoint_node]: Errore pubblicazione keypoints 3D: could not assign tuple of length 3 to structure with 4 fields.
[superpoint_node-2] [INFO] [1768033730.826960375] [superpoint_node]: Keypoints estratti: 800
[superpoint_node-2] [ERROR] [1768033730.833870522] [superpoint_node]: Errore pubblicazione keypoints 3D: could not assign tuple of length 3 to structure with 4 fields.
[superpoint_node-2] [INFO] [1768033730.927631526] [superpoint_node]: Keypoints estratti: 800
[superpoint_node-2] [ERROR] [1768033730.935858369] [superpoint_node]: Errore pubblicazione keypoints 3D: could not assign tuple of length 3 to structure with 4 fields.
[superpoint_node-2] [INFO] [1768033731.027868117] [superpoint_node]: Keypoints estratti: 800
[superpoint_node-2] [ERROR] [1768033731.034905099] [superpoint_node]: Errore pubblicazione keypoints 3D: could not assign tuple of length 3 to structure with 4 fields.
[superpoint_node-2] [INFO] [1768033731.128047338] [superpoint_node]: Keypoints estratti: 800
[superpoint_node-2] [ERROR] [1768033731.135087690] [superpoint_node]: Errore pubblicazione keypoints 3D: could not assign tuple of length 3 to structure with 4 fields.
[rtabmap-14] [INFO] [1768033731.199220532] [rtabmap]: rtabmap (497): Rate=0.50s, Limit=0.001s, Conversion=0.0006s, RTAB-Map=0.0459s, Maps update=0.0003s pub=0.0020s delay=0.1196s (local map=0, WM=0)
[superpoint_node-2] [INFO] [1768033731.235119928] [superpoint_node]: Keypoints estratti: 800
[superpoint_node-2] [ERROR] [1768033731.243055843] [superpoint_node]: Errore pubblicazione keypoints 3D: could not assign tuple of length 3 to structure with 4 fields.
[superpoint_node-2] [INFO] [1768033731.339630610] [superpoint_node]: Keypoints estratti: 800
[superpoint_node-2] [ERROR] [1768033731.346994186] [superpoint_node]: Errore pubblicazione keypoints 3D: could not assign tuple of length 3 to structure with 4 fields.
[superpoint_node-2] [INFO] [1768033731.437865815] [superpoint_node]: Keypoints estratti: 800
[superpoint_node-2] [ERROR] [1768033731.445680414] [superpoint_node]: Errore pubblicazione keypoints 3D: could not assign tuple of length 3 to structure with 4 fields.
[superpoint_node-2] [INFO] [1768033731.538810764] [superpoint_node]: Keypoints estratti: 800
[superpoint_node-2] [ERROR] [1768033731.546635178] [superpoint_node]: Errore pubblicazione keypoints 3D: could not assign tuple of length 3 to structure with 4 fields.
[superpoint_node-2] [INFO] [1768033731.635530717] [superpoint_node]: Keypoints estratti: 800
[superpoint_node-2] [ERROR] [1768033731.643009813] [superpoint_node]: Errore pubblicazione keypoints 3D: could not assign tuple of length 3 to structure with 4 fields.
[rtabmap-14] [INFO] [1768033731.707338083] [rtabmap]: rtabmap (498): Rate=0.50s, Limit=0.001s, Conversion=0.0005s, RTAB-Map=0.0502s, Maps update=0.0034s pub=0.0015s delay=0.1191s (local map=0, WM=0)
[superpoint_node-2] [INFO] [1768033731.740569920] [superpoint_node]: Keypoints estratti: 800
[superpoint_node-2] [ERROR] [1768033731.748699115] [superpoint_node]: Errore pubblicazione keypoints 3D: could not assign tuple of length 3 to structure with 4 fields.
[superpoint_node-2] [INFO] [1768033731.839900301] [superpoint_node]: Keypoints estratti: 800
[superpoint_node-2] [ERROR] [1768033731.847176748] [superpoint_node]: Errore pubblicazione keypoints 3D: could not assign tuple of length 3 to structure with 4 fields.
[superpoint_node-2] [INFO] [1768033731.940464210] [superpoint_node]: Keypoints estratti: 800
[superpoint_node-2] [ERROR] [1768033731.947935455] [superpoint_node]: Errore pubblicazione keypoints 3D: could not assign tuple of length 3 to structure with 4 fields.
[superpoint_node-2] [INFO] [1768033732.039534256] [superpoint_node]: Keypoints estratti: 800
[superpoint_node-2] [ERROR] [1768033732.048053064] [superpoint_node]: Errore pubblicazione keypoints 3D: could not assign tuple of length 3 to structure with 4 fields.
[superpoint_node-2] [INFO] [1768033732.140483445] [superpoint_node]: Keypoints estratti: 800
[superpoint_node-2] [ERROR] [1768033732.147797152] [superpoint_node]: Errore pubblicazione keypoints 3D: could not assign tuple of length 3 to structure with 4 fields.
[rtabmap-14] [INFO] [1768033732.180157464] [rtabmap]: rtabmap (499): Rate=0.50s, Limit=0.001s, Conversion=0.0002s, RTAB-Map=0.0279s, Maps update=0.0009s pub=0.0013s delay=0.0876s (local map=0, WM=0)
[superpoint_node-2] [INFO] [1768033732.246411953] [superpoint_node]: Keypoints estratti: 800
[superpoint_node-2] [ERROR] [1768033732.254196570] [superpoint_node]: Errore pubblicazione keypoints 3D: could not assign tuple of length 3 to structure with 4 fields.
[superpoint_node-2] [INFO] [1768033732.346770693] [superpoint_node]: Keypoints estratti: 800
[superpoint_node-2] [ERROR] [1768033732.353805842] [superpoint_node]: Errore pubblicazione keypoints 3D: could not assign tuple of length 3 to structure with 4 fields.
[superpoint_node-2] [INFO] [1768033732.446441299] [superpoint_node]: Keypoints estratti: 800
[superpoint_node-2] [ERROR] [1768033732.454267231] [superpoint_node]: Errore pubblicazione keypoints 3D: could not assign tuple of length 3 to structure with 4 fields.
[superpoint_node-2] [INFO] [1768033732.546540908] [superpoint_node]: Keypoints estratti: 800
[superpoint_node-2] [ERROR] [1768033732.553830281] [superpoint_node]: Errore pubblicazione keypoints 3D: could not assign tuple of length 3 to structure with 4 fields.
[rtabmap-14] [INFO] [1768033732.641755701] [rtabmap]: rtabmap (500): Rate=0.50s, Limit=0.001s, Conversion=0.0002s, RTAB-Map=0.0251s, Maps update=0.0004s pub=0.0034s delay=0.0460s (local map=0, WM=0)
[superpoint_node-2] [INFO] [1768033732.648537143] [superpoint_node]: Keypoints estratti: 800
[superpoint_node-2] [ERROR] [1768033732.655372401] [superpoint_node]: Errore pubblicazione keypoints 3D: could not assign tuple of length 3 to structure with 4 fields.
[superpoint_node-2] [INFO] [1768033732.745773952] [superpoint_node]: Keypoints estratti: 800
[superpoint_node-2] [ERROR] [1768033732.752913286] [superpoint_node]: Errore pubblicazione keypoints 3D: could not assign tuple of length 3 to structure with 4 fields.
[superpoint_node-2] [INFO] [1768033732.848325173] [superpoint_node]: Keypoints estratti: 800
[superpoint_node-2] [ERROR] [1768033732.855303728] [superpoint_node]: Errore pubblicazione keypoints 3D: could not assign tuple of length 3 to structure with 4 fields.
[superpoint_node-2] [INFO] [1768033732.945731483] [superpoint_node]: Keypoints estratti: 800
[superpoint_node-2] [ERROR] [1768033732.953329339] [superpoint_node]: Errore pubblicazione keypoints 3D: could not assign tuple of length 3 to structure with 4 fields.
[superpoint_node-2] [INFO] [1768033733.044328450] [superpoint_node]: Keypoints estratti: 800
[superpoint_node-2] [ERROR] [1768033733.051509841] [superpoint_node]: Errore pubblicazione keypoints 3D: could not assign tuple of length 3 to structure with 4 fields.
[rtabmap-14] [33m[ WARN] (2026-01-10 09:28:48.593) MapsManager.cpp:863::publishMaps() Graph has changed! The whole cloud is regenerated.[0m
[rtabmap-14] [33m[ WARN] (2026-01-10 09:28:48.593) OccupancyGrid.cpp:169::getProbMap() Map info is empty, cannot generate probabilistic occupancy grid[0m
[rtabmap-14] [33m[ WARN] (2026-01-10 09:28:49.127) MapsManager.cpp:863::publishMaps() Graph has changed! The whole cloud is regenerated.[0m
[rtabmap-14] [33m[ WARN] (2026-01-10 09:28:49.128) OccupancyGrid.cpp:169::getProbMap() Map info is empty, cannot generate probabilistic occupancy grid[0m
[rtabmap-14] [33m[ WARN] (2026-01-10 09:28:49.658) MapsManager.cpp:863::publishMaps() Graph has changed! The whole cloud is regenerated.[0m
[rtabmap-14] [33m[ WARN] (2026-01-10 09:28:49.661) OccupancyGrid.cpp:169::getProbMap() Map info is empty, cannot generate probabilistic occupancy grid[0m
[rtabmap-14] [33m[ WARN] (2026-01-10 09:28:50.134) MapsManager.cpp:863::publishMaps() Graph has changed! The whole cloud is regenerated.[0m
[rtabmap-14] [33m[ WARN] (2026-01-10 09:28:50.135) OccupancyGrid.cpp:169::getProbMap() Map info is empty, cannot generate probabilistic occupancy grid[0m
[rtabmap-14] [33m[ WARN] (2026-01-10 09:28:50.695) MapsManager.cpp:863::publishMaps() Graph has changed! The whole cloud is regenerated.[0m
[rtabmap-14] [33m[ WARN] (2026-01-10 09:28:50.695) OccupancyGrid.cpp:169::getProbMap() Map info is empty, cannot generate probabilistic occupancy grid[0m
[rtabmap-14] [33m[ WARN] (2026-01-10 09:28:51.197) MapsManager.cpp:863::publishMaps() Graph has changed! The whole cloud is regenerated.[0m
[rtabmap-14] [33m[ WARN] (2026-01-10 09:28:51.197) OccupancyGrid.cpp:169::getProbMap() Map info is empty, cannot generate probabilistic occupancy grid[0m
[rtabmap-14] [33m[ WARN] (2026-01-10 09:28:51.705) MapsManager.cpp:863::publishMaps() Graph has changed! The whole cloud is regenerated.[0m
[rtabmap-14] [33m[ WARN] (2026-01-10 09:28:51.706) OccupancyGrid.cpp:169::getProbMap() Map info is empty, cannot generate probabilistic occupancy grid[0m
[rtabmap-14] [33m[ WARN] (2026-01-10 09:28:52.178) MapsManager.cpp:863::publishMaps() Graph has changed! The whole cloud is regenerated.[0m
[rtabmap-14] [33m[ WARN] (2026-01-10 09:28:52.179) OccupancyGrid.cpp:169::getProbMap() Map info is empty, cannot generate probabilistic occupancy grid[0m
[rtabmap-14] [33m[ WARN] (2026-01-10 09:28:52.638) MapsManager.cpp:863::publishMaps() Graph has changed! The whole cloud is regenerated.[0m
[rtabmap-14] [33m[ WARN] (2026-01-10 09:28:52.639) OccupancyGrid.cpp:169::getProbMap() Map info is empty, cannot generate probabilistic occupancy grid[0m
[superpoint_node-2] [INFO] [1768033733.145379160] [superpoint_node]: Keypoints estratti: 800
[superpoint_node-2] [ERROR] [1768033733.152746329] [superpoint_node]: Errore pubblicazione keypoints 3D: could not assign tuple of length 3 to structure with 4 fields.
[rtabmap-14] [INFO] [1768033733.241991278] [rtabmap]: rtabmap (501): Rate=0.50s, Limit=0.001s, Conversion=0.0002s, RTAB-Map=0.0223s, Maps update=0.0005s pub=0.0020s delay=0.0477s (local map=0, WM=0)
[superpoint_node-2] [INFO] [1768033733.250414789] [superpoint_node]: Keypoints estratti: 800
[superpoint_node-2] [ERROR] [1768033733.258154592] [superpoint_node]: Errore pubblicazione keypoints 3D: could not assign tuple of length 3 to structure with 4 fields.
[superpoint_node-2] [INFO] [1768033733.352495544] [superpoint_node]: Keypoints estratti: 800
[superpoint_node-2] [ERROR] [1768033733.360242513] [superpoint_node]: Errore pubblicazione keypoints 3D: could not assign tuple of length 3 to structure with 4 fields.
[superpoint_node-2] [INFO] [1768033733.456533647] [superpoint_node]: Keypoints estratti: 800
[superpoint_node-2] [ERROR] [1768033733.463938206] [superpoint_node]: Errore pubblicazione keypoints 3D: could not assign tuple of length 3 to structure with 4 fields.
[superpoint_node-2] [INFO] [1768033733.557225168] [superpoint_node]: Keypoints estratti: 800
[superpoint_node-2] [ERROR] [1768033733.564215390] [superpoint_node]: Errore pubblicazione keypoints 3D: could not assign tuple of length 3 to structure with 4 fields.
[superpoint_node-2] [INFO] [1768033733.658048431] [superpoint_node]: Keypoints estratti: 800
[superpoint_node-2] [ERROR] [1768033733.664875004] [superpoint_node]: Errore pubblicazione keypoints 3D: could not assign tuple of length 3 to structure with 4 fields.
[superpoint_node-2] [INFO] [1768033733.759340865] [superpoint_node]: Keypoints estratti: 800
[superpoint_node-2] [ERROR] [1768033733.770327026] [superpoint_node]: Errore pubblicazione keypoints 3D: could not assign tuple of length 3 to structure with 4 fields.
[rtabmap-14] [INFO] [1768033733.788706764] [rtabmap]: rtabmap (502): Rate=0.50s, Limit=0.001s, Conversion=0.0002s, RTAB-Map=0.0414s, Maps update=0.0003s pub=0.0011s delay=0.0831s (local map=0, WM=0)
[superpoint_node-2] [INFO] [1768033733.863057854] [superpoint_node]: Keypoints estratti: 800
[superpoint_node-2] [ERROR] [1768033733.870007076] [superpoint_node]: Errore pubblicazione keypoints 3D: could not assign tuple of length 3 to structure with 4 fields.
[superpoint_node-2] [INFO] [1768033733.965060960] [superpoint_node]: Keypoints estratti: 800
[superpoint_node-2] [ERROR] [1768033733.972050423] [superpoint_node]: Errore pubblicazione keypoints 3D: could not assign tuple of length 3 to structure with 4 fields.
[superpoint_node-2] [INFO] [1768033734.062982478] [superpoint_node]: Keypoints estratti: 800
[superpoint_node-2] [ERROR] [1768033734.070110238] [superpoint_node]: Errore pubblicazione keypoints 3D: could not assign tuple of length 3 to structure with 4 fields.
[superpoint_node-2] [INFO] [1768033734.160598993] [superpoint_node]: Keypoints estratti: 800
[superpoint_node-2] [ERROR] [1768033734.167472140] [superpoint_node]: Errore pubblicazione keypoints 3D: could not assign tuple of length 3 to structure with 4 fields.
[superpoint_node-2] [INFO] [1768033734.262502950] [superpoint_node]: Keypoints estratti: 800
[superpoint_node-2] [ERROR] [1768033734.270951257] [superpoint_node]: Errore pubblicazione keypoints 3D: could not assign tuple of length 3 to structure with 4 fields.
[rtabmap-14] [INFO] [1768033734.292818690] [rtabmap]: rtabmap (503): Rate=0.50s, Limit=0.001s, Conversion=0.0003s, RTAB-Map=0.0374s, Maps update=0.0020s pub=0.0038s delay=0.0814s (local map=0, WM=0)
[superpoint_node-2] [INFO] [1768033734.363392546] [superpoint_node]: Keypoints estratti: 800
[superpoint_node-2] [ERROR] [1768033734.370342731] [superpoint_node]: Errore pubblicazione keypoints 3D: could not assign tuple of length 3 to structure with 4 fields.
[superpoint_node-2] [INFO] [1768033734.466077287] [superpoint_node]: Keypoints estratti: 800
[superpoint_node-2] [ERROR] [1768033734.473223918] [superpoint_node]: Errore pubblicazione keypoints 3D: could not assign tuple of length 3 to structure with 4 fields.
[superpoint_node-2] [INFO] [1768033734.563907230] [superpoint_node]: Keypoints estratti: 800
[superpoint_node-2] [ERROR] [1768033734.570661154] [superpoint_node]: Errore pubblicazione keypoints 3D: could not assign tuple of length 3 to structure with 4 fields.
[superpoint_node-2] [INFO] [1768033734.661885637] [superpoint_node]: Keypoints estratti: 800
[superpoint_node-2] [ERROR] [1768033734.668966934] [superpoint_node]: Errore pubblicazione keypoints 3D: could not assign tuple of length 3 to structure with 4 fields.
[superpoint_node-2] [INFO] [1768033734.759672969] [superpoint_node]: Keypoints estratti: 800
[superpoint_node-2] [ERROR] [1768033734.766417467] [superpoint_node]: Errore pubblicazione keypoints 3D: could not assign tuple of length 3 to structure with 4 fields.
[rtabmap-14] [INFO] [1768033734.843539504] [rtabmap]: rtabmap (504): Rate=0.50s, Limit=0.001s, Conversion=0.0002s, RTAB-Map=0.0218s, Maps update=0.0003s pub=0.0011s delay=0.0350s (local map=0, WM=0)
[superpoint_node-2] [INFO] [1768033734.919209272] [superpoint_node]: Keypoints estratti: 800
[superpoint_node-2] [ERROR] [1768033734.926238216] [superpoint_node]: Errore pubblicazione keypoints 3D: could not assign tuple of length 3 to structure with 4 fields.
[superpoint_node-2] [INFO] [1768033735.042557973] [superpoint_node]: Keypoints estratti: 800
[superpoint_node-2] [ERROR] [1768033735.050210830] [superpoint_node]: Errore pubblicazione keypoints 3D: could not assign tuple of length 3 to structure with 4 fields.
[superpoint_node-2] [INFO] [1768033735.139043479] [superpoint_node]: Keypoints estratti: 800
[superpoint_node-2] [ERROR] [1768033735.146399389] [superpoint_node]: Errore pubblicazione keypoints 3D: could not assign tuple of length 3 to structure with 4 fields.
[superpoint_node-2] [INFO] [1768033735.237238795] [superpoint_node]: Keypoints estratti: 800
[superpoint_node-2] [ERROR] [1768033735.244712317] [superpoint_node]: Errore pubblicazione keypoints 3D: could not assign tuple of length 3 to structure with 4 fields.
[superpoint_node-2] [INFO] [1768033735.337378793] [superpoint_node]: Keypoints estratti: 800
[superpoint_node-2] [ERROR] [1768033735.345126040] [superpoint_node]: Errore pubblicazione keypoints 3D: could not assign tuple of length 3 to structure with 4 fields.
[superpoint_node-2] [INFO] [1768033735.439127878] [superpoint_node]: Keypoints estratti: 800
[rtabmap-14] [INFO] [1768033735.442146106] [rtabmap]: rtabmap (505): Rate=0.50s, Limit=0.001s, Conversion=0.0003s, RTAB-Map=0.0266s, Maps update=0.0005s pub=0.0027s delay=0.0558s (local map=0, WM=0)
[superpoint_node-2] [ERROR] [1768033735.449014642] [superpoint_node]: Errore pubblicazione keypoints 3D: could not assign tuple of length 3 to structure with 4 fields.
[superpoint_node-2] [INFO] [1768033735.543645726] [superpoint_node]: Keypoints estratti: 800
[superpoint_node-2] [ERROR] [1768033735.551690364] [superpoint_node]: Errore pubblicazione keypoints 3D: could not assign tuple of length 3 to structure with 4 fields.
[superpoint_node-2] [INFO] [1768033735.644277636] [superpoint_node]: Keypoints estratti: 800
[superpoint_node-2] [ERROR] [1768033735.653643099] [superpoint_node]: Errore pubblicazione keypoints 3D: could not assign tuple of length 3 to structure with 4 fields.
[superpoint_node-2] [INFO] [1768033735.743132828] [superpoint_node]: Keypoints estratti: 800
[superpoint_node-2] [ERROR] [1768033735.750425608] [superpoint_node]: Errore pubblicazione keypoints 3D: could not assign tuple of length 3 to structure with 4 fields.
[superpoint_node-2] [INFO] [1768033735.840110282] [superpoint_node]: Keypoints estratti: 800
[superpoint_node-2] [ERROR] [1768033735.847214376] [superpoint_node]: Errore pubblicazione keypoints 3D: could not assign tuple of length 3 to structure with 4 fields.
[superpoint_node-2] [INFO] [1768033735.940421004] [superpoint_node]: Keypoints estratti: 800
[superpoint_node-2] [ERROR] [1768033735.948052620] [superpoint_node]: Errore pubblicazione keypoints 3D: could not assign tuple of length 3 to structure with 4 fields.
[rtabmap-14] [INFO] [1768033735.958401443] [rtabmap]: rtabmap (506): Rate=0.50s, Limit=0.001s, Conversion=0.0006s, RTAB-Map=0.0429s, Maps update=0.0003s pub=0.0016s delay=0.0693s (local map=0, WM=0)
[superpoint_node-2] [INFO] [1768033736.037315273] [superpoint_node]: Keypoints estratti: 800
[superpoint_node-2] [ERROR] [1768033736.045127465] [superpoint_node]: Errore pubblicazione keypoints 3D: could not assign tuple of length 3 to structure with 4 fields.
[superpoint_node-2] [INFO] [1768033736.137838034] [superpoint_node]: Keypoints estratti: 800
[superpoint_node-2] [ERROR] [1768033736.144996257] [superpoint_node]: Errore pubblicazione keypoints 3D: could not assign tuple of length 3 to structure with 4 fields.
[superpoint_node-2] [INFO] [1768033736.238047884] [superpoint_node]: Keypoints estratti: 800
[superpoint_node-2] [ERROR] [1768033736.245027755] [superpoint_node]: Errore pubblicazione keypoints 3D: could not assign tuple of length 3 to structure with 4 fields.
[superpoint_node-2] [INFO] [1768033736.334589947] [superpoint_node]: Keypoints estratti: 800
[superpoint_node-2] [ERROR] [1768033736.341789504] [superpoint_node]: Errore pubblicazione keypoints 3D: could not assign tuple of length 3 to structure with 4 fields.
[superpoint_node-2] [INFO] [1768033736.433119692] [superpoint_node]: Keypoints estratti: 800
[superpoint_node-2] [ERROR] [1768033736.440464935] [superpoint_node]: Errore pubblicazione keypoints 3D: could not assign tuple of length 3 to structure with 4 fields.
[superpoint_node-2] [INFO] [1768033736.568158708] [superpoint_node]: Keypoints estratti: 800
[superpoint_node-2] [ERROR] [1768033736.575434450] [superpoint_node]: Errore pubblicazione keypoints 3D: could not assign tuple of length 3 to structure with 4 fields.
[rtabmap-14] [INFO] [1768033736.604618293] [rtabmap]: rtabmap (507): Rate=0.50s, Limit=0.001s, Conversion=0.0002s, RTAB-Map=0.0211s, Maps update=0.0004s pub=0.0023s delay=0.0871s (local map=0, WM=0)
[superpoint_node-2] [INFO] [1768033736.690036101] [superpoint_node]: Keypoints estratti: 800
[superpoint_node-2] [ERROR] [1768033736.699007875] [superpoint_node]: Errore pubblicazione keypoints 3D: could not assign tuple of length 3 to structure with 4 fields.
[superpoint_node-2] [INFO] [1768033736.790058894] [superpoint_node]: Keypoints estratti: 800
[superpoint_node-2] [ERROR] [1768033736.796975616] [superpoint_node]: Errore pubblicazione keypoints 3D: could not assign tuple of length 3 to structure with 4 fields.
[superpoint_node-2] [INFO] [1768033736.889419053] [superpoint_node]: Keypoints estratti: 800
[superpoint_node-2] [ERROR] [1768033736.896431979] [superpoint_node]: Errore pubblicazione keypoints 3D: could not assign tuple of length 3 to structure with 4 fields.
[superpoint_node-2] [INFO] [1768033737.014920549] [superpoint_node]: Keypoints estratti: 800
[superpoint_node-2] [ERROR] [1768033737.021731788] [superpoint_node]: Errore pubblicazione keypoints 3D: could not assign tuple of length 3 to structure with 4 fields.
[superpoint_node-2] [INFO] [1768033737.120969131] [superpoint_node]: Keypoints estratti: 800
[superpoint_node-2] [ERROR] [1768033737.128980324] [superpoint_node]: Errore pubblicazione keypoints 3D: could not assign tuple of length 3 to structure with 4 fields.
[rtabmap-14] [INFO] [1768033737.161850863] [rtabmap]: rtabmap (508): Rate=0.50s, Limit=0.001s, Conversion=0.0004s, RTAB-Map=0.0372s, Maps update=0.0009s pub=0.0036s delay=0.0919s (local map=0, WM=0)
[superpoint_node-2] [INFO] [1768033737.223938985] [superpoint_node]: Keypoints estratti: 800
[superpoint_node-2] [ERROR] [1768033737.230824262] [superpoint_node]: Errore pubblicazione keypoints 3D: could not assign tuple of length 3 to structure with 4 fields.
[superpoint_node-2] [INFO] [1768033737.323434553] [superpoint_node]: Keypoints estratti: 800
[superpoint_node-2] [ERROR] [1768033737.330283718] [superpoint_node]: Errore pubblicazione keypoints 3D: could not assign tuple of length 3 to structure with 4 fields.
[superpoint_node-2] [INFO] [1768033737.422648451] [superpoint_node]: Keypoints estratti: 800
[superpoint_node-2] [ERROR] [1768033737.429509079] [superpoint_node]: Errore pubblicazione keypoints 3D: could not assign tuple of length 3 to structure with 4 fields.
[superpoint_node-2] [INFO] [1768033737.523029229] [superpoint_node]: Keypoints estratti: 800
[superpoint_node-2] [ERROR] [1768033737.529785542] [superpoint_node]: Errore pubblicazione keypoints 3D: could not assign tuple of length 3 to structure with 4 fields.
[superpoint_node-2] [INFO] [1768033737.621074340] [superpoint_node]: Keypoints estratti: 800
[superpoint_node-2] [ERROR] [1768033737.629207294] [superpoint_node]: Errore pubblicazione keypoints 3D: could not assign tuple of length 3 to structure with 4 fields.
[rtabmap-14] [INFO] [1768033737.662205833] [rtabmap]: rtabmap (509): Rate=0.50s, Limit=0.001s, Conversion=0.0004s, RTAB-Map=0.0480s, Maps update=0.0027s pub=0.0018s delay=0.0908s (local map=0, WM=0)
[superpoint_node-2] [INFO] [1768033737.726879291] [superpoint_node]: Keypoints estratti: 800
[superpoint_node-2] [ERROR] [1768033737.734007940] [superpoint_node]: Errore pubblicazione keypoints 3D: could not assign tuple of length 3 to structure with 4 fields.
[superpoint_node-2] [INFO] [1768033737.825442536] [superpoint_node]: Keypoints estratti: 800
[superpoint_node-2] [ERROR] [1768033737.832463295] [superpoint_node]: Errore pubblicazione keypoints 3D: could not assign tuple of length 3 to structure with 4 fields.
[superpoint_node-2] [INFO] [1768033737.926026741] [superpoint_node]: Keypoints estratti: 800
[superpoint_node-2] [ERROR] [1768033737.933022056] [superpoint_node]: Errore pubblicazione keypoints 3D: could not assign tuple of length 3 to structure with 4 fields.
[superpoint_node-2] [INFO] [1768033738.027488287] [superpoint_node]: Keypoints estratti: 800
[superpoint_node-2] [ERROR] [1768033738.034351879] [superpoint_node]: Errore pubblicazione keypoints 3D: could not assign tuple of length 3 to structure with 4 fields.
[superpoint_node-2] [INFO] [1768033738.127753527] [superpoint_node]: Keypoints estratti: 800
[superpoint_node-2] [ERROR] [1768033738.134634045] [superpoint_node]: Errore pubblicazione keypoints 3D: could not assign tuple of length 3 to structure with 4 fields.
[rtabmap-14] [33m[ WARN] (2026-01-10 09:28:53.239) MapsManager.cpp:863::publishMaps() Graph has changed! The whole cloud is regenerated.[0m
[rtabmap-14] [33m[ WARN] (2026-01-10 09:28:53.241) OccupancyGrid.cpp:169::getProbMap() Map info is empty, cannot generate probabilistic occupancy grid[0m
[rtabmap-14] [33m[ WARN] (2026-01-10 09:28:53.787) MapsManager.cpp:863::publishMaps() Graph has changed! The whole cloud is regenerated.[0m
[rtabmap-14] [33m[ WARN] (2026-01-10 09:28:53.788) OccupancyGrid.cpp:169::getProbMap() Map info is empty, cannot generate probabilistic occupancy grid[0m
[rtabmap-14] [33m[ WARN] (2026-01-10 09:28:54.288) MapsManager.cpp:863::publishMaps() Graph has changed! The whole cloud is regenerated.[0m
[rtabmap-14] [33m[ WARN] (2026-01-10 09:28:54.290) OccupancyGrid.cpp:169::getProbMap() Map info is empty, cannot generate probabilistic occupancy grid[0m
[rtabmap-14] [33m[ WARN] (2026-01-10 09:28:54.819) CoreWrapper.cpp:1227::odomTFUpdate() Odometry is reset (identity pose detected). Increment map id![0m
[rtabmap-14] [33m[ WARN] (2026-01-10 09:28:54.842) MapsManager.cpp:863::publishMaps() Graph has changed! The whole cloud is regenerated.[0m
[rtabmap-14] [33m[ WARN] (2026-01-10 09:28:54.842) OccupancyGrid.cpp:169::getProbMap() Map info is empty, cannot generate probabilistic occupancy grid[0m
[rtabmap-14] [33m[ WARN] (2026-01-10 09:28:55.439) MapsManager.cpp:863::publishMaps() Graph has changed! The whole cloud is regenerated.[0m
[rtabmap-14] [33m[ WARN] (2026-01-10 09:28:55.441) OccupancyGrid.cpp:169::getProbMap() Map info is empty, cannot generate probabilistic occupancy grid[0m
[rtabmap-14] [33m[ WARN] (2026-01-10 09:28:55.956) MapsManager.cpp:863::publishMaps() Graph has changed! The whole cloud is regenerated.[0m
[rtabmap-14] [33m[ WARN] (2026-01-10 09:28:55.957) OccupancyGrid.cpp:169::getProbMap() Map info is empty, cannot generate probabilistic occupancy grid[0m
[rtabmap-14] [33m[ WARN] (2026-01-10 09:28:56.602) MapsManager.cpp:863::publishMaps() Graph has changed! The whole cloud is regenerated.[0m
[rtabmap-14] [33m[ WARN] (2026-01-10 09:28:56.603) OccupancyGrid.cpp:169::getProbMap() Map info is empty, cannot generate probabilistic occupancy grid[0m
[rtabmap-14] [33m[ WARN] (2026-01-10 09:28:57.075) CoreWrapper.cpp:1227::odomTFUpdate() Odometry is reset (identity pose detected). Increment map id![0m
[rtabmap-14] [33m[ WARN] (2026-01-10 09:28:57.157) MapsManager.cpp:863::publishMaps() Graph has changed! The whole cloud is regenerated.[0m
[rtabmap-14] [33m[ WARN] (2026-01-10 09:28:57.158) OccupancyGrid.cpp:169::getProbMap() Map info is empty, cannot generate probabilistic occupancy grid[0m
[rtabmap-14] [33m[ WARN] (2026-01-10 09:28:57.660) MapsManager.cpp:863::publishMaps() Graph has changed! The whole cloud is regenerated.[0m
[rtabmap-14] [33m[ WARN] (2026-01-10 09:28:57.661) OccupancyGrid.cpp:169::getProbMap() Map info is empty, cannot generate probabilistic occupancy grid[0m
[rtabmap-14] [INFO] [1768033738.195325471] [rtabmap]: rtabmap (510): Rate=0.50s, Limit=0.001s, Conversion=0.0005s, RTAB-Map=0.0491s, Maps update=0.0003s pub=0.0014s delay=0.1154s (local map=0, WM=0)
[superpoint_node-2] [INFO] [1768033738.227985397] [superpoint_node]: Keypoints estratti: 800
[superpoint_node-2] [ERROR] [1768033738.234854822] [superpoint_node]: Errore pubblicazione keypoints 3D: could not assign tuple of length 3 to structure with 4 fields.
[superpoint_node-2] [INFO] [1768033738.332548356] [superpoint_node]: Keypoints estratti: 800
[superpoint_node-2] [ERROR] [1768033738.341242333] [superpoint_node]: Errore pubblicazione keypoints 3D: could not assign tuple of length 3 to structure with 4 fields.
[superpoint_node-2] [INFO] [1768033738.432286259] [superpoint_node]: Keypoints estratti: 800
[superpoint_node-2] [ERROR] [1768033738.438986219] [superpoint_node]: Errore pubblicazione keypoints 3D: could not assign tuple of length 3 to structure with 4 fields.
[superpoint_node-2] [INFO] [1768033738.530545575] [superpoint_node]: Keypoints estratti: 800
[superpoint_node-2] [ERROR] [1768033738.537994894] [superpoint_node]: Errore pubblicazione keypoints 3D: could not assign tuple of length 3 to structure with 4 fields.
[superpoint_node-2] [INFO] [1768033738.645450135] [superpoint_node]: Keypoints estratti: 800
[superpoint_node-2] [ERROR] [1768033738.653891073] [superpoint_node]: Errore pubblicazione keypoints 3D: could not assign tuple of length 3 to structure with 4 fields.
[rtabmap-14] [INFO] [1768033738.670155942] [rtabmap]: rtabmap (511): Rate=0.50s, Limit=0.001s, Conversion=0.0002s, RTAB-Map=0.0242s, Maps update=0.0003s pub=0.0012s delay=0.0751s (local map=0, WM=0)
[superpoint_node-2] [INFO] [1768033738.749777593] [superpoint_node]: Keypoints estratti: 800
[superpoint_node-2] [ERROR] [1768033738.757123429] [superpoint_node]: Errore pubblicazione keypoints 3D: could not assign tuple of length 3 to structure with 4 fields.
[superpoint_node-2] [INFO] [1768033738.849163196] [superpoint_node]: Keypoints estratti: 800
[superpoint_node-2] [ERROR] [1768033738.856245327] [superpoint_node]: Errore pubblicazione keypoints 3D: could not assign tuple of length 3 to structure with 4 fields.
[superpoint_node-2] [INFO] [1768033738.948882969] [superpoint_node]: Keypoints estratti: 800
[superpoint_node-2] [ERROR] [1768033738.956060637] [superpoint_node]: Errore pubblicazione keypoints 3D: could not assign tuple of length 3 to structure with 4 fields.
[superpoint_node-2] [INFO] [1768033739.048582519] [superpoint_node]: Keypoints estratti: 800
[superpoint_node-2] [ERROR] [1768033739.055466926] [superpoint_node]: Errore pubblicazione keypoints 3D: could not assign tuple of length 3 to structure with 4 fields.
[superpoint_node-2] [INFO] [1768033739.158109111] [superpoint_node]: Keypoints estratti: 800
[superpoint_node-2] [ERROR] [1768033739.166001284] [superpoint_node]: Errore pubblicazione keypoints 3D: could not assign tuple of length 3 to structure with 4 fields.
[rtabmap-14] [INFO] [1768033739.195713965] [rtabmap]: rtabmap (512): Rate=0.50s, Limit=0.001s, Conversion=0.0009s, RTAB-Map=0.0389s, Maps update=0.0018s pub=0.0013s delay=0.0885s (local map=0, WM=0)
[superpoint_node-2] [INFO] [1768033739.259539434] [superpoint_node]: Keypoints estratti: 800
[superpoint_node-2] [ERROR] [1768033739.266312784] [superpoint_node]: Errore pubblicazione keypoints 3D: could not assign tuple of length 3 to structure with 4 fields.
[superpoint_node-2] [INFO] [1768033739.359306244] [superpoint_node]: Keypoints estratti: 800
[superpoint_node-2] [ERROR] [1768033739.366585691] [superpoint_node]: Errore pubblicazione keypoints 3D: could not assign tuple of length 3 to structure with 4 fields.
[superpoint_node-2] [INFO] [1768033739.461013311] [superpoint_node]: Keypoints estratti: 800
[superpoint_node-2] [ERROR] [1768033739.468378776] [superpoint_node]: Errore pubblicazione keypoints 3D: could not assign tuple of length 3 to structure with 4 fields.
[superpoint_node-2] [INFO] [1768033739.559907669] [superpoint_node]: Keypoints estratti: 800
[superpoint_node-2] [ERROR] [1768033739.566827410] [superpoint_node]: Errore pubblicazione keypoints 3D: could not assign tuple of length 3 to structure with 4 fields.
[superpoint_node-2] [INFO] [1768033739.665965030] [superpoint_node]: Keypoints estratti: 800
[superpoint_node-2] [ERROR] [1768033739.674419023] [superpoint_node]: Errore pubblicazione keypoints 3D: could not assign tuple of length 3 to structure with 4 fields.
[rtabmap-14] [INFO] [1768033739.696686162] [rtabmap]: rtabmap (513): Rate=0.50s, Limit=0.001s, Conversion=0.0003s, RTAB-Map=0.0415s, Maps update=0.0007s pub=0.0071s delay=0.0875s (local map=0, WM=0)
[superpoint_node-2] [INFO] [1768033739.767569780] [superpoint_node]: Keypoints estratti: 800
[superpoint_node-2] [ERROR] [1768033739.775354416] [superpoint_node]: Errore pubblicazione keypoints 3D: could not assign tuple of length 3 to structure with 4 fields.
[superpoint_node-2] [INFO] [1768033739.868787750] [superpoint_node]: Keypoints estratti: 800
[superpoint_node-2] [ERROR] [1768033739.875861714] [superpoint_node]: Errore pubblicazione keypoints 3D: could not assign tuple of length 3 to structure with 4 fields.
[superpoint_node-2] [INFO] [1768033740.001164430] [superpoint_node]: Keypoints estratti: 800
[superpoint_node-2] [ERROR] [1768033740.008847139] [superpoint_node]: Errore pubblicazione keypoints 3D: could not assign tuple of length 3 to structure with 4 fields.
[superpoint_node-2] [INFO] [1768033740.097765271] [superpoint_node]: Keypoints estratti: 800
[superpoint_node-2] [ERROR] [1768033740.105388516] [superpoint_node]: Errore pubblicazione keypoints 3D: could not assign tuple of length 3 to structure with 4 fields.
[superpoint_node-2] [INFO] [1768033740.201444556] [superpoint_node]: Keypoints estratti: 800
[rtabmap-14] [INFO] [1768033740.203285293] [rtabmap]: rtabmap (514): Rate=0.50s, Limit=0.001s, Conversion=0.0002s, RTAB-Map=0.0259s, Maps update=0.0003s pub=0.0014s delay=0.0542s (local map=0, WM=0)
[superpoint_node-2] [ERROR] [1768033740.209595917] [superpoint_node]: Errore pubblicazione keypoints 3D: could not assign tuple of length 3 to structure with 4 fields.
[superpoint_node-2] [INFO] [1768033740.299195758] [superpoint_node]: Keypoints estratti: 800
[superpoint_node-2] [ERROR] [1768033740.307464250] [superpoint_node]: Errore pubblicazione keypoints 3D: could not assign tuple of length 3 to structure with 4 fields.
[superpoint_node-2] [INFO] [1768033740.405093209] [superpoint_node]: Keypoints estratti: 800
[superpoint_node-2] [ERROR] [1768033740.418640354] [superpoint_node]: Errore pubblicazione keypoints 3D: could not assign tuple of length 3 to structure with 4 fields.
[superpoint_node-2] [INFO] [1768033740.615775678] [superpoint_node]: Keypoints estratti: 800
[superpoint_node-2] [ERROR] [1768033740.633448559] [superpoint_node]: Errore pubblicazione keypoints 3D: could not assign tuple of length 3 to structure with 4 fields.
[superpoint_node-2] [INFO] [1768033740.775839966] [superpoint_node]: Keypoints estratti: 800
[superpoint_node-2] [ERROR] [1768033740.783063264] [superpoint_node]: Errore pubblicazione keypoints 3D: could not assign tuple of length 3 to structure with 4 fields.
[rtabmap-14] [INFO] [1768033740.837375769] [rtabmap]: rtabmap (515): Rate=0.50s, Limit=0.001s, Conversion=0.0002s, RTAB-Map=0.0446s, Maps update=0.0006s pub=0.0077s delay=0.1265s (local map=0, WM=0)
[superpoint_node-2] [INFO] [1768033740.884183567] [superpoint_node]: Keypoints estratti: 800
[superpoint_node-2] [ERROR] [1768033740.891209585] [superpoint_node]: Errore pubblicazione keypoints 3D: could not assign tuple of length 3 to structure with 4 fields.
[superpoint_node-2] [INFO] [1768033740.979988234] [superpoint_node]: Keypoints estratti: 800
[superpoint_node-2] [ERROR] [1768033740.986826844] [superpoint_node]: Errore pubblicazione keypoints 3D: could not assign tuple of length 3 to structure with 4 fields.
[superpoint_node-2] [INFO] [1768033741.080943721] [superpoint_node]: Keypoints estratti: 800
[superpoint_node-2] [ERROR] [1768033741.088385428] [superpoint_node]: Errore pubblicazione keypoints 3D: could not assign tuple of length 3 to structure with 4 fields.
[superpoint_node-2] [INFO] [1768033741.185642126] [superpoint_node]: Keypoints estratti: 800
[superpoint_node-2] [ERROR] [1768033741.192675737] [superpoint_node]: Errore pubblicazione keypoints 3D: could not assign tuple of length 3 to structure with 4 fields.
[superpoint_node-2] [INFO] [1768033741.286995078] [superpoint_node]: Keypoints estratti: 800
[superpoint_node-2] [ERROR] [1768033741.295481979] [superpoint_node]: Errore pubblicazione keypoints 3D: could not assign tuple of length 3 to structure with 4 fields.
[rtabmap-14] [INFO] [1768033741.320703420] [rtabmap]: rtabmap (516): Rate=0.50s, Limit=0.001s, Conversion=0.0006s, RTAB-Map=0.0365s, Maps update=0.0013s pub=0.0015s delay=0.0862s (local map=0, WM=0)
[superpoint_node-2] [INFO] [1768033741.471396189] [superpoint_node]: Keypoints estratti: 800
[superpoint_node-2] [ERROR] [1768033741.480479817] [superpoint_node]: Errore pubblicazione keypoints 3D: could not assign tuple of length 3 to structure with 4 fields.
[superpoint_node-2] [INFO] [1768033741.649444232] [superpoint_node]: Keypoints estratti: 800
[superpoint_node-2] [ERROR] [1768033741.664662779] [superpoint_node]: Errore pubblicazione keypoints 3D: could not assign tuple of length 3 to structure with 4 fields.
[superpoint_node-2] [INFO] [1768033741.758402041] [superpoint_node]: Keypoints estratti: 800
[superpoint_node-2] [ERROR] [1768033741.765786729] [superpoint_node]: Errore pubblicazione keypoints 3D: could not assign tuple of length 3 to structure with 4 fields.
[superpoint_node-2] [INFO] [1768033741.859940717] [superpoint_node]: Keypoints estratti: 800
[superpoint_node-2] [ERROR] [1768033741.868663008] [superpoint_node]: Errore pubblicazione keypoints 3D: could not assign tuple of length 3 to structure with 4 fields.
[rtabmap-14] [INFO] [1768033741.893847468] [rtabmap]: rtabmap (517): Rate=0.50s, Limit=0.001s, Conversion=0.0016s, RTAB-Map=0.0388s, Maps update=0.0003s pub=0.0046s delay=0.0872s (local map=0, WM=0)
[superpoint_node-2] [INFO] [1768033741.962577754] [superpoint_node]: Keypoints estratti: 800
[superpoint_node-2] [ERROR] [1768033741.969465475] [superpoint_node]: Errore pubblicazione keypoints 3D: could not assign tuple of length 3 to structure with 4 fields.
[superpoint_node-2] [INFO] [1768033742.060710032] [superpoint_node]: Keypoints estratti: 800
[superpoint_node-2] [ERROR] [1768033742.067401771] [superpoint_node]: Errore pubblicazione keypoints 3D: could not assign tuple of length 3 to structure with 4 fields.
[superpoint_node-2] [INFO] [1768033742.160576121] [superpoint_node]: Keypoints estratti: 800
[superpoint_node-2] [ERROR] [1768033742.168039940] [superpoint_node]: Errore pubblicazione keypoints 3D: could not assign tuple of length 3 to structure with 4 fields.
[superpoint_node-2] [INFO] [1768033742.258828197] [superpoint_node]: Keypoints estratti: 800
[superpoint_node-2] [ERROR] [1768033742.265715400] [superpoint_node]: Errore pubblicazione keypoints 3D: could not assign tuple of length 3 to structure with 4 fields.
[superpoint_node-2] [INFO] [1768033742.360187835] [superpoint_node]: Keypoints estratti: 800
[superpoint_node-2] [ERROR] [1768033742.368135139] [superpoint_node]: Errore pubblicazione keypoints 3D: could not assign tuple of length 3 to structure with 4 fields.
[rtabmap-14] [INFO] [1768033742.385352775] [rtabmap]: rtabmap (518): Rate=0.50s, Limit=0.001s, Conversion=0.0007s, RTAB-Map=0.0399s, Maps update=0.0002s pub=0.0012s delay=0.0773s (local map=0, WM=0)
[superpoint_node-2] [INFO] [1768033742.460765133] [superpoint_node]: Keypoints estratti: 800
[superpoint_node-2] [ERROR] [1768033742.467489409] [superpoint_node]: Errore pubblicazione keypoints 3D: could not assign tuple of length 3 to structure with 4 fields.
[superpoint_node-2] [INFO] [1768033742.559629066] [superpoint_node]: Keypoints estratti: 800
[superpoint_node-2] [ERROR] [1768033742.566159154] [superpoint_node]: Errore pubblicazione keypoints 3D: could not assign tuple of length 3 to structure with 4 fields.
[superpoint_node-2] [INFO] [1768033742.661381966] [superpoint_node]: Keypoints estratti: 800
[superpoint_node-2] [ERROR] [1768033742.668933711] [superpoint_node]: Errore pubblicazione keypoints 3D: could not assign tuple of length 3 to structure with 4 fields.
[superpoint_node-2] [INFO] [1768033742.761291166] [superpoint_node]: Keypoints estratti: 800
[superpoint_node-2] [ERROR] [1768033742.768303555] [superpoint_node]: Errore pubblicazione keypoints 3D: could not assign tuple of length 3 to structure with 4 fields.
[superpoint_node-2] [INFO] [1768033742.861561128] [superpoint_node]: Keypoints estratti: 800
[superpoint_node-2] [ERROR] [1768033742.869816101] [superpoint_node]: Errore pubblicazione keypoints 3D: could not assign tuple of length 3 to structure with 4 fields.
[rtabmap-14] [INFO] [1768033742.887889374] [rtabmap]: rtabmap (519): Rate=0.50s, Limit=0.001s, Conversion=0.0005s, RTAB-Map=0.0364s, Maps update=0.0022s pub=0.0010s delay=0.0762s (local map=0, WM=0)
[superpoint_node-2] [INFO] [1768033742.966326274] [superpoint_node]: Keypoints estratti: 800
[superpoint_node-2] [ERROR] [1768033742.973854482] [superpoint_node]: Errore pubblicazione keypoints 3D: could not assign tuple of length 3 to structure with 4 fields.
[superpoint_node-2] [INFO] [1768033743.065378597] [superpoint_node]: Keypoints estratti: 800
[superpoint_node-2] [ERROR] [1768033743.073372846] [superpoint_node]: Errore pubblicazione keypoints 3D: could not assign tuple of length 3 to structure with 4 fields.
[rtabmap-14] [33m[ WARN] (2026-01-10 09:28:58.193) MapsManager.cpp:863::publishMaps() Graph has changed! The whole cloud is regenerated.[0m
[rtabmap-14] [33m[ WARN] (2026-01-10 09:28:58.194) OccupancyGrid.cpp:169::getProbMap() Map info is empty, cannot generate probabilistic occupancy grid[0m
[rtabmap-14] [33m[ WARN] (2026-01-10 09:28:58.668) MapsManager.cpp:863::publishMaps() Graph has changed! The whole cloud is regenerated.[0m
[rtabmap-14] [33m[ WARN] (2026-01-10 09:28:58.669) OccupancyGrid.cpp:169::getProbMap() Map info is empty, cannot generate probabilistic occupancy grid[0m
[rtabmap-14] [33m[ WARN] (2026-01-10 09:28:59.194) MapsManager.cpp:863::publishMaps() Graph has changed! The whole cloud is regenerated.[0m
[rtabmap-14] [33m[ WARN] (2026-01-10 09:28:59.195) OccupancyGrid.cpp:169::getProbMap() Map info is empty, cannot generate probabilistic occupancy grid[0m
[rtabmap-14] [33m[ WARN] (2026-01-10 09:28:59.689) MapsManager.cpp:863::publishMaps() Graph has changed! The whole cloud is regenerated.[0m
[rtabmap-14] [33m[ WARN] (2026-01-10 09:28:59.693) OccupancyGrid.cpp:169::getProbMap() Map info is empty, cannot generate probabilistic occupancy grid[0m
[rtabmap-14] [33m[ WARN] (2026-01-10 09:29:00.201) MapsManager.cpp:863::publishMaps() Graph has changed! The whole cloud is regenerated.[0m
[rtabmap-14] [33m[ WARN] (2026-01-10 09:29:00.202) OccupancyGrid.cpp:169::getProbMap() Map info is empty, cannot generate probabilistic occupancy grid[0m
[rtabmap-14] [33m[ WARN] (2026-01-10 09:29:00.829) MapsManager.cpp:863::publishMaps() Graph has changed! The whole cloud is regenerated.[0m
[rtabmap-14] [33m[ WARN] (2026-01-10 09:29:00.833) OccupancyGrid.cpp:169::getProbMap() Map info is empty, cannot generate probabilistic occupancy grid[0m
[rtabmap-14] [33m[ WARN] (2026-01-10 09:29:01.319) MapsManager.cpp:863::publishMaps() Graph has changed! The whole cloud is regenerated.[0m
[rtabmap-14] [33m[ WARN] (2026-01-10 09:29:01.320) OccupancyGrid.cpp:169::getProbMap() Map info is empty, cannot generate probabilistic occupancy grid[0m
[rtabmap-14] [33m[ WARN] (2026-01-10 09:29:01.889) MapsManager.cpp:863::publishMaps() Graph has changed! The whole cloud is regenerated.[0m
[rtabmap-14] [33m[ WARN] (2026-01-10 09:29:01.889) OccupancyGrid.cpp:169::getProbMap() Map info is empty, cannot generate probabilistic occupancy grid[0m
[rtabmap-14] [33m[ WARN] (2026-01-10 09:29:02.384) MapsManager.cpp:863::publishMaps() Graph has changed! The whole cloud is regenerated.[0m
[rtabmap-14] [33m[ WARN] (2026-01-10 09:29:02.384) OccupancyGrid.cpp:169::getProbMap() Map info is empty, cannot generate probabilistic occupancy grid[0m
[rtabmap-14] [33m[ WARN] (2026-01-10 09:29:02.886) MapsManager.cpp:863::publishMaps() Graph has changed! The whole cloud is regenerated.[0m
[rtabmap-14] [33m[ WARN] (2026-01-10 09:29:02.887) OccupancyGrid.cpp:169::getProbMap() Map info is empty, cannot generate probabilistic occupancy grid[0m
[superpoint_node-2] [INFO] [1768033743.167620538] [superpoint_node]: Keypoints estratti: 800
[superpoint_node-2] [ERROR] [1768033743.174799614] [superpoint_node]: Errore pubblicazione keypoints 3D: could not assign tuple of length 3 to structure with 4 fields.
[superpoint_node-2] [INFO] [1768033743.266666269] [superpoint_node]: Keypoints estratti: 800
[superpoint_node-2] [ERROR] [1768033743.274617813] [superpoint_node]: Errore pubblicazione keypoints 3D: could not assign tuple of length 3 to structure with 4 fields.
[superpoint_node-2] [INFO] [1768033743.368248723] [superpoint_node]: Keypoints estratti: 800
[superpoint_node-2] [ERROR] [1768033743.376052822] [superpoint_node]: Errore pubblicazione keypoints 3D: could not assign tuple of length 3 to structure with 4 fields.
[rtabmap-14] [INFO] [1768033743.393051272] [rtabmap]: rtabmap (520): Rate=0.50s, Limit=0.001s, Conversion=0.0007s, RTAB-Map=0.0406s, Maps update=0.0003s pub=0.0009s delay=0.0763s (local map=0, WM=0)
[superpoint_node-2] [INFO] [1768033743.469137653] [superpoint_node]: Keypoints estratti: 800
[superpoint_node-2] [ERROR] [1768033743.476388507] [superpoint_node]: Errore pubblicazione keypoints 3D: could not assign tuple of length 3 to structure with 4 fields.
[superpoint_node-2] [INFO] [1768033743.604172188] [superpoint_node]: Keypoints estratti: 800
[superpoint_node-2] [ERROR] [1768033743.611698322] [superpoint_node]: Errore pubblicazione keypoints 3D: could not assign tuple of length 3 to structure with 4 fields.
[superpoint_node-2] [INFO] [1768033743.701821537] [superpoint_node]: Keypoints estratti: 800
[superpoint_node-2] [ERROR] [1768033743.708971705] [superpoint_node]: Errore pubblicazione keypoints 3D: could not assign tuple of length 3 to structure with 4 fields.
[superpoint_node-2] [INFO] [1768033743.802211667] [superpoint_node]: Keypoints estratti: 800
[superpoint_node-2] [ERROR] [1768033743.809474928] [superpoint_node]: Errore pubblicazione keypoints 3D: could not assign tuple of length 3 to structure with 4 fields.
[superpoint_node-2] [INFO] [1768033743.900748523] [superpoint_node]: Keypoints estratti: 800
[superpoint_node-2] [ERROR] [1768033743.909359369] [superpoint_node]: Errore pubblicazione keypoints 3D: could not assign tuple of length 3 to structure with 4 fields.
[rtabmap-14] [INFO] [1768033743.929417639] [rtabmap]: rtabmap (521): Rate=0.50s, Limit=0.001s, Conversion=0.0017s, RTAB-Map=0.0407s, Maps update=0.0003s pub=0.0012s delay=0.0779s (local map=0, WM=0)
[superpoint_node-2] [INFO] [1768033744.001663824] [superpoint_node]: Keypoints estratti: 800
[superpoint_node-2] [ERROR] [1768033744.009095605] [superpoint_node]: Errore pubblicazione keypoints 3D: could not assign tuple of length 3 to structure with 4 fields.
[superpoint_node-2] [INFO] [1768033744.102011824] [superpoint_node]: Keypoints estratti: 800
[superpoint_node-2] [ERROR] [1768033744.109287622] [superpoint_node]: Errore pubblicazione keypoints 3D: could not assign tuple of length 3 to structure with 4 fields.
[superpoint_node-2] [INFO] [1768033744.199281429] [superpoint_node]: Keypoints estratti: 800
[superpoint_node-2] [ERROR] [1768033744.207197399] [superpoint_node]: Errore pubblicazione keypoints 3D: could not assign tuple of length 3 to structure with 4 fields.
[superpoint_node-2] [INFO] [1768033744.299508391] [superpoint_node]: Keypoints estratti: 800
[superpoint_node-2] [ERROR] [1768033744.306948450] [superpoint_node]: Errore pubblicazione keypoints 3D: could not assign tuple of length 3 to structure with 4 fields.
[superpoint_node-2] [INFO] [1768033744.398928069] [superpoint_node]: Keypoints estratti: 800
[superpoint_node-2] [ERROR] [1768033744.407327098] [superpoint_node]: Errore pubblicazione keypoints 3D: could not assign tuple of length 3 to structure with 4 fields.
[superpoint_node-2] [INFO] [1768033744.494810089] [superpoint_node]: Keypoints estratti: 800
[superpoint_node-2] [ERROR] [1768033744.501178380] [superpoint_node]: Errore pubblicazione keypoints 3D: could not assign tuple of length 3 to structure with 4 fields.
[rtabmap-14] [INFO] [1768033744.571232325] [rtabmap]: rtabmap (522): Rate=0.50s, Limit=0.001s, Conversion=0.0002s, RTAB-Map=0.0543s, Maps update=0.0004s pub=0.0015s delay=0.1216s (local map=0, WM=0)
[superpoint_node-2] [INFO] [1768033744.598700302] [superpoint_node]: Keypoints estratti: 800
[superpoint_node-2] [ERROR] [1768033744.605593357] [superpoint_node]: Errore pubblicazione keypoints 3D: could not assign tuple of length 3 to structure with 4 fields.
[superpoint_node-2] [INFO] [1768033744.691711077] [superpoint_node]: Keypoints estratti: 800
[superpoint_node-2] [ERROR] [1768033744.697985479] [superpoint_node]: Errore pubblicazione keypoints 3D: could not assign tuple of length 3 to structure with 4 fields.
[superpoint_node-2] [INFO] [1768033744.791504480] [superpoint_node]: Keypoints estratti: 800
[superpoint_node-2] [ERROR] [1768033744.798287090] [superpoint_node]: Errore pubblicazione keypoints 3D: could not assign tuple of length 3 to structure with 4 fields.
[superpoint_node-2] [INFO] [1768033744.886873126] [superpoint_node]: Keypoints estratti: 800
[superpoint_node-2] [ERROR] [1768033744.893348066] [superpoint_node]: Errore pubblicazione keypoints 3D: could not assign tuple of length 3 to structure with 4 fields.
[superpoint_node-2] [INFO] [1768033745.019109546] [superpoint_node]: Keypoints estratti: 800
[superpoint_node-2] [ERROR] [1768033745.026393992] [superpoint_node]: Errore pubblicazione keypoints 3D: could not assign tuple of length 3 to structure with 4 fields.
[superpoint_node-2] [INFO] [1768033745.119890790] [superpoint_node]: Keypoints estratti: 800
[superpoint_node-2] [ERROR] [1768033745.127951576] [superpoint_node]: Errore pubblicazione keypoints 3D: could not assign tuple of length 3 to structure with 4 fields.
[rtabmap-14] [INFO] [1768033745.157141474] [rtabmap]: rtabmap (523): Rate=0.50s, Limit=0.001s, Conversion=0.0003s, RTAB-Map=0.0400s, Maps update=0.0012s pub=0.0071s delay=0.0874s (local map=0, WM=0)
[superpoint_node-2] [INFO] [1768033745.220298216] [superpoint_node]: Keypoints estratti: 800
[superpoint_node-2] [ERROR] [1768033745.226970695] [superpoint_node]: Errore pubblicazione keypoints 3D: could not assign tuple of length 3 to structure with 4 fields.
[superpoint_node-2] [INFO] [1768033745.322287822] [superpoint_node]: Keypoints estratti: 800
[superpoint_node-2] [ERROR] [1768033745.328681539] [superpoint_node]: Errore pubblicazione keypoints 3D: could not assign tuple of length 3 to structure with 4 fields.
[superpoint_node-2] [INFO] [1768033745.417892766] [superpoint_node]: Keypoints estratti: 800
[superpoint_node-2] [ERROR] [1768033745.424527430] [superpoint_node]: Errore pubblicazione keypoints 3D: could not assign tuple of length 3 to structure with 4 fields.
[superpoint_node-2] [INFO] [1768033745.518672677] [superpoint_node]: Keypoints estratti: 800
[superpoint_node-2] [ERROR] [1768033745.525191414] [superpoint_node]: Errore pubblicazione keypoints 3D: could not assign tuple of length 3 to structure with 4 fields.
[superpoint_node-2] [INFO] [1768033745.619286846] [superpoint_node]: Keypoints estratti: 800
[superpoint_node-2] [ERROR] [1768033745.625929139] [superpoint_node]: Errore pubblicazione keypoints 3D: could not assign tuple of length 3 to structure with 4 fields.
[superpoint_node-2] [INFO] [1768033745.719183083] [superpoint_node]: Keypoints estratti: 800
[superpoint_node-2] [ERROR] [1768033745.727057127] [superpoint_node]: Errore pubblicazione keypoints 3D: could not assign tuple of length 3 to structure with 4 fields.
[rtabmap-14] [INFO] [1768033745.740156860] [rtabmap]: rtabmap (524): Rate=0.50s, Limit=0.001s, Conversion=0.0003s, RTAB-Map=0.0221s, Maps update=0.0005s pub=0.0030s delay=0.0707s (local map=0, WM=0)
[superpoint_node-2] [INFO] [1768033745.819102857] [superpoint_node]: Keypoints estratti: 800
[superpoint_node-2] [ERROR] [1768033745.826403859] [superpoint_node]: Errore pubblicazione keypoints 3D: could not assign tuple of length 3 to structure with 4 fields.
[superpoint_node-2] [INFO] [1768033745.915694494] [superpoint_node]: Keypoints estratti: 800
[superpoint_node-2] [ERROR] [1768033745.922153545] [superpoint_node]: Errore pubblicazione keypoints 3D: could not assign tuple of length 3 to structure with 4 fields.
[superpoint_node-2] [INFO] [1768033746.018946739] [superpoint_node]: Keypoints estratti: 800
[superpoint_node-2] [ERROR] [1768033746.025693089] [superpoint_node]: Errore pubblicazione keypoints 3D: could not assign tuple of length 3 to structure with 4 fields.
[superpoint_node-2] [INFO] [1768033746.120328470] [superpoint_node]: Keypoints estratti: 800
[superpoint_node-2] [ERROR] [1768033746.126950319] [superpoint_node]: Errore pubblicazione keypoints 3D: could not assign tuple of length 3 to structure with 4 fields.
[superpoint_node-2] [INFO] [1768033746.217248239] [superpoint_node]: Keypoints estratti: 800
[superpoint_node-2] [ERROR] [1768033746.224134201] [superpoint_node]: Errore pubblicazione keypoints 3D: could not assign tuple of length 3 to structure with 4 fields.
[rtabmap-14] [INFO] [1768033746.255214429] [rtabmap]: rtabmap (525): Rate=0.50s, Limit=0.001s, Conversion=0.0003s, RTAB-Map=0.0381s, Maps update=0.0026s pub=0.0029s delay=0.0857s (local map=0, WM=0)
[superpoint_node-2] [INFO] [1768033746.320002999] [superpoint_node]: Keypoints estratti: 800
[superpoint_node-2] [ERROR] [1768033746.326545199] [superpoint_node]: Errore pubblicazione keypoints 3D: could not assign tuple of length 3 to structure with 4 fields.
[superpoint_node-2] [INFO] [1768033746.419234249] [superpoint_node]: Keypoints estratti: 800
[superpoint_node-2] [ERROR] [1768033746.425955117] [superpoint_node]: Errore pubblicazione keypoints 3D: could not assign tuple of length 3 to structure with 4 fields.
[superpoint_node-2] [INFO] [1768033746.514673581] [superpoint_node]: Keypoints estratti: 800
[superpoint_node-2] [ERROR] [1768033746.521454820] [superpoint_node]: Errore pubblicazione keypoints 3D: could not assign tuple of length 3 to structure with 4 fields.
[superpoint_node-2] [INFO] [1768033746.619234596] [superpoint_node]: Keypoints estratti: 800
[superpoint_node-2] [ERROR] [1768033746.626144965] [superpoint_node]: Errore pubblicazione keypoints 3D: could not assign tuple of length 3 to structure with 4 fields.
[superpoint_node-2] [INFO] [1768033746.716341274] [superpoint_node]: Keypoints estratti: 800
[superpoint_node-2] [ERROR] [1768033746.722987104] [superpoint_node]: Errore pubblicazione keypoints 3D: could not assign tuple of length 3 to structure with 4 fields.
[superpoint_node-2] [INFO] [1768033746.815369134] [superpoint_node]: Keypoints estratti: 800
[superpoint_node-2] [ERROR] [1768033746.822915897] [superpoint_node]: Errore pubblicazione keypoints 3D: could not assign tuple of length 3 to structure with 4 fields.
[rtabmap-14] [INFO] [1768033746.868392406] [rtabmap]: rtabmap (526): Rate=0.50s, Limit=0.001s, Conversion=0.0003s, RTAB-Map=0.0471s, Maps update=0.0017s pub=0.0044s delay=0.0989s (local map=0, WM=0)
[superpoint_node-2] [INFO] [1768033746.920679525] [superpoint_node]: Keypoints estratti: 800
[superpoint_node-2] [ERROR] [1768033746.927490412] [superpoint_node]: Errore pubblicazione keypoints 3D: could not assign tuple of length 3 to structure with 4 fields.
[superpoint_node-2] [INFO] [1768033747.016215135] [superpoint_node]: Keypoints estratti: 800
[superpoint_node-2] [ERROR] [1768033747.022869613] [superpoint_node]: Errore pubblicazione keypoints 3D: could not assign tuple of length 3 to structure with 4 fields.
[superpoint_node-2] [INFO] [1768033747.117183973] [superpoint_node]: Keypoints estratti: 800
[superpoint_node-2] [ERROR] [1768033747.123742303] [superpoint_node]: Errore pubblicazione keypoints 3D: could not assign tuple of length 3 to structure with 4 fields.
[superpoint_node-2] [INFO] [1768033747.215007564] [superpoint_node]: Keypoints estratti: 800
[superpoint_node-2] [ERROR] [1768033747.221544042] [superpoint_node]: Errore pubblicazione keypoints 3D: could not assign tuple of length 3 to structure with 4 fields.
[superpoint_node-2] [INFO] [1768033747.317173245] [superpoint_node]: Keypoints estratti: 800
[superpoint_node-2] [ERROR] [1768033747.324974418] [superpoint_node]: Errore pubblicazione keypoints 3D: could not assign tuple of length 3 to structure with 4 fields.
[rtabmap-14] [INFO] [1768033747.369848200] [rtabmap]: rtabmap (527): Rate=0.50s, Limit=0.001s, Conversion=0.0002s, RTAB-Map=0.0439s, Maps update=0.0023s pub=0.0057s delay=0.1003s (local map=0, WM=0)
[superpoint_node-2] [INFO] [1768033747.420524214] [superpoint_node]: Keypoints estratti: 800
[superpoint_node-2] [ERROR] [1768033747.427273415] [superpoint_node]: Errore pubblicazione keypoints 3D: could not assign tuple of length 3 to structure with 4 fields.
[superpoint_node-2] [INFO] [1768033747.553344805] [superpoint_node]: Keypoints estratti: 800
[superpoint_node-2] [ERROR] [1768033747.560502269] [superpoint_node]: Errore pubblicazione keypoints 3D: could not assign tuple of length 3 to structure with 4 fields.
[superpoint_node-2] [INFO] [1768033747.646531692] [superpoint_node]: Keypoints estratti: 800
[superpoint_node-2] [ERROR] [1768033747.653474933] [superpoint_node]: Errore pubblicazione keypoints 3D: could not assign tuple of length 3 to structure with 4 fields.
[superpoint_node-2] [INFO] [1768033747.739592394] [superpoint_node]: Keypoints estratti: 800
[superpoint_node-2] [ERROR] [1768033747.746428467] [superpoint_node]: Errore pubblicazione keypoints 3D: could not assign tuple of length 3 to structure with 4 fields.
[rtabmap-14] [INFO] [1768033747.836150679] [rtabmap]: rtabmap (528): Rate=0.50s, Limit=0.001s, Conversion=0.0002s, RTAB-Map=0.0237s, Maps update=0.0004s pub=0.0016s delay=0.0503s (local map=0, WM=0)
[superpoint_node-2] [INFO] [1768033747.836903222] [superpoint_node]: Keypoints estratti: 800
[superpoint_node-2] [ERROR] [1768033747.844340966] [superpoint_node]: Errore pubblicazione keypoints 3D: could not assign tuple of length 3 to structure with 4 fields.
[superpoint_node-2] [INFO] [1768033747.933667323] [superpoint_node]: Keypoints estratti: 800
[superpoint_node-2] [ERROR] [1768033747.941349180] [superpoint_node]: Errore pubblicazione keypoints 3D: could not assign tuple of length 3 to structure with 4 fields.
[superpoint_node-2] [INFO] [1768033748.027853681] [superpoint_node]: Keypoints estratti: 800
[superpoint_node-2] [ERROR] [1768033748.034384067] [superpoint_node]: Errore pubblicazione keypoints 3D: could not assign tuple of length 3 to structure with 4 fields.
[superpoint_node-2] [INFO] [1768033748.124869896] [superpoint_node]: Keypoints estratti: 800
[superpoint_node-2] [ERROR] [1768033748.132002860] [superpoint_node]: Errore pubblicazione keypoints 3D: could not assign tuple of length 3 to structure with 4 fields.
[rtabmap-14] [33m[ WARN] (2026-01-10 09:29:03.392) MapsManager.cpp:863::publishMaps() Graph has changed! The whole cloud is regenerated.[0m
[rtabmap-14] [33m[ WARN] (2026-01-10 09:29:03.392) OccupancyGrid.cpp:169::getProbMap() Map info is empty, cannot generate probabilistic occupancy grid[0m
[rtabmap-14] [33m[ WARN] (2026-01-10 09:29:03.928) MapsManager.cpp:863::publishMaps() Graph has changed! The whole cloud is regenerated.[0m
[rtabmap-14] [33m[ WARN] (2026-01-10 09:29:03.928) OccupancyGrid.cpp:169::getProbMap() Map info is empty, cannot generate probabilistic occupancy grid[0m
[rtabmap-14] [33m[ WARN] (2026-01-10 09:29:04.569) MapsManager.cpp:863::publishMaps() Graph has changed! The whole cloud is regenerated.[0m
[rtabmap-14] [33m[ WARN] (2026-01-10 09:29:04.570) OccupancyGrid.cpp:169::getProbMap() Map info is empty, cannot generate probabilistic occupancy grid[0m
[rtabmap-14] [33m[ WARN] (2026-01-10 09:29:05.150) MapsManager.cpp:863::publishMaps() Graph has changed! The whole cloud is regenerated.[0m
[rtabmap-14] [33m[ WARN] (2026-01-10 09:29:05.156) OccupancyGrid.cpp:169::getProbMap() Map info is empty, cannot generate probabilistic occupancy grid[0m
[rtabmap-14] [33m[ WARN] (2026-01-10 09:29:05.737) MapsManager.cpp:863::publishMaps() Graph has changed! The whole cloud is regenerated.[0m
[rtabmap-14] [33m[ WARN] (2026-01-10 09:29:05.737) OccupancyGrid.cpp:169::getProbMap() Map info is empty, cannot generate probabilistic occupancy grid[0m
[rtabmap-14] [33m[ WARN] (2026-01-10 09:29:06.252) MapsManager.cpp:863::publishMaps() Graph has changed! The whole cloud is regenerated.[0m
[rtabmap-14] [33m[ WARN] (2026-01-10 09:29:06.254) OccupancyGrid.cpp:169::getProbMap() Map info is empty, cannot generate probabilistic occupancy grid[0m
[rtabmap-14] [33m[ WARN] (2026-01-10 09:29:06.864) MapsManager.cpp:863::publishMaps() Graph has changed! The whole cloud is regenerated.[0m
[rtabmap-14] [33m[ WARN] (2026-01-10 09:29:06.866) OccupancyGrid.cpp:169::getProbMap() Map info is empty, cannot generate probabilistic occupancy grid[0m
[rtabmap-14] [33m[ WARN] (2026-01-10 09:29:07.363) MapsManager.cpp:863::publishMaps() Graph has changed! The whole cloud is regenerated.[0m
[rtabmap-14] [33m[ WARN] (2026-01-10 09:29:07.365) OccupancyGrid.cpp:169::getProbMap() Map info is empty, cannot generate probabilistic occupancy grid[0m
[rtabmap-14] [33m[ WARN] (2026-01-10 09:29:07.834) MapsManager.cpp:863::publishMaps() Graph has changed! The whole cloud is regenerated.[0m
[rtabmap-14] [33m[ WARN] (2026-01-10 09:29:07.835) OccupancyGrid.cpp:169::getProbMap() Map info is empty, cannot generate probabilistic occupancy grid[0m
[superpoint_node-2] [INFO] [1768033748.221427606] [superpoint_node]: Keypoints estratti: 800
[superpoint_node-2] [ERROR] [1768033748.228044418] [superpoint_node]: Errore pubblicazione keypoints 3D: could not assign tuple of length 3 to structure with 4 fields.
[superpoint_node-2] [INFO] [1768033748.319841128] [superpoint_node]: Keypoints estratti: 800
[superpoint_node-2] [ERROR] [1768033748.326351643] [superpoint_node]: Errore pubblicazione keypoints 3D: could not assign tuple of length 3 to structure with 4 fields.
[rtabmap-14] [INFO] [1768033748.413858189] [rtabmap]: rtabmap (529): Rate=0.50s, Limit=0.001s, Conversion=0.0007s, RTAB-Map=0.0248s, Maps update=0.0003s pub=0.0018s delay=0.0444s (local map=0, WM=0)
[superpoint_node-2] [INFO] [1768033748.425781080] [superpoint_node]: Keypoints estratti: 800
[superpoint_node-2] [ERROR] [1768033748.432478800] [superpoint_node]: Errore pubblicazione keypoints 3D: could not assign tuple of length 3 to structure with 4 fields.
[superpoint_node-2] [INFO] [1768033748.523613505] [superpoint_node]: Keypoints estratti: 800
[superpoint_node-2] [ERROR] [1768033748.530384632] [superpoint_node]: Errore pubblicazione keypoints 3D: could not assign tuple of length 3 to structure with 4 fields.
[superpoint_node-2] [INFO] [1768033748.617934642] [superpoint_node]: Keypoints estratti: 800
[superpoint_node-2] [ERROR] [1768033748.624611065] [superpoint_node]: Errore pubblicazione keypoints 3D: could not assign tuple of length 3 to structure with 4 fields.
[superpoint_node-2] [INFO] [1768033748.717866157] [superpoint_node]: Keypoints estratti: 800
[superpoint_node-2] [ERROR] [1768033748.724390005] [superpoint_node]: Errore pubblicazione keypoints 3D: could not assign tuple of length 3 to structure with 4 fields.
[superpoint_node-2] [INFO] [1768033748.819413222] [superpoint_node]: Keypoints estratti: 800
[superpoint_node-2] [ERROR] [1768033748.825989071] [superpoint_node]: Errore pubblicazione keypoints 3D: could not assign tuple of length 3 to structure with 4 fields.
[superpoint_node-2] [INFO] [1768033748.919500035] [superpoint_node]: Keypoints estratti: 800
[superpoint_node-2] [ERROR] [1768033748.926076402] [superpoint_node]: Errore pubblicazione keypoints 3D: could not assign tuple of length 3 to structure with 4 fields.
[superpoint_node-2] [INFO] [1768033749.016851419] [superpoint_node]: Keypoints estratti: 800
[superpoint_node-2] [ERROR] [1768033749.023693473] [superpoint_node]: Errore pubblicazione keypoints 3D: could not assign tuple of length 3 to structure with 4 fields.
[rtabmap-14] [INFO] [1768033749.055981340] [rtabmap]: rtabmap (530): Rate=0.50s, Limit=0.001s, Conversion=0.0004s, RTAB-Map=0.0403s, Maps update=0.0003s pub=0.0028s delay=0.0865s (local map=0, WM=0)
[superpoint_node-2] [INFO] [1768033749.118830043] [superpoint_node]: Keypoints estratti: 800
[superpoint_node-2] [ERROR] [1768033749.125392447] [superpoint_node]: Errore pubblicazione keypoints 3D: could not assign tuple of length 3 to structure with 4 fields.
[superpoint_node-2] [INFO] [1768033749.219310729] [superpoint_node]: Keypoints estratti: 800
[superpoint_node-2] [ERROR] [1768033749.225904041] [superpoint_node]: Errore pubblicazione keypoints 3D: could not assign tuple of length 3 to structure with 4 fields.
[superpoint_node-2] [INFO] [1768033749.319333486] [superpoint_node]: Keypoints estratti: 800
[superpoint_node-2] [ERROR] [1768033749.325887094] [superpoint_node]: Errore pubblicazione keypoints 3D: could not assign tuple of length 3 to structure with 4 fields.
[superpoint_node-2] [INFO] [1768033749.419427669] [superpoint_node]: Keypoints estratti: 800
[superpoint_node-2] [ERROR] [1768033749.425953221] [superpoint_node]: Errore pubblicazione keypoints 3D: could not assign tuple of length 3 to structure with 4 fields.
[superpoint_node-2] [INFO] [1768033749.517791653] [superpoint_node]: Keypoints estratti: 800
[superpoint_node-2] [ERROR] [1768033749.525813791] [superpoint_node]: Errore pubblicazione keypoints 3D: could not assign tuple of length 3 to structure with 4 fields.
[rtabmap-14] [INFO] [1768033749.535995409] [rtabmap]: rtabmap (531): Rate=0.50s, Limit=0.001s, Conversion=0.0003s, RTAB-Map=0.0198s, Maps update=0.0004s pub=0.0025s delay=0.0665s (local map=0, WM=0)
[superpoint_node-2] [INFO] [1768033749.616984885] [superpoint_node]: Keypoints estratti: 800
[superpoint_node-2] [ERROR] [1768033749.624392536] [superpoint_node]: Errore pubblicazione keypoints 3D: could not assign tuple of length 3 to structure with 4 fields.
[superpoint_node-2] [INFO] [1768033749.719155659] [superpoint_node]: Keypoints estratti: 800
[superpoint_node-2] [ERROR] [1768033749.725724118] [superpoint_node]: Errore pubblicazione keypoints 3D: could not assign tuple of length 3 to structure with 4 fields.
[superpoint_node-2] [INFO] [1768033749.817871183] [superpoint_node]: Keypoints estratti: 800
[superpoint_node-2] [ERROR] [1768033749.825069462] [superpoint_node]: Errore pubblicazione keypoints 3D: could not assign tuple of length 3 to structure with 4 fields.
[superpoint_node-2] [INFO] [1768033749.917472899] [superpoint_node]: Keypoints estratti: 800
[superpoint_node-2] [ERROR] [1768033749.924342306] [superpoint_node]: Errore pubblicazione keypoints 3D: could not assign tuple of length 3 to structure with 4 fields.
[superpoint_node-2] [INFO] [1768033750.017664417] [superpoint_node]: Keypoints estratti: 800
[superpoint_node-2] [ERROR] [1768033750.024684861] [superpoint_node]: Errore pubblicazione keypoints 3D: could not assign tuple of length 3 to structure with 4 fields.
[rtabmap-14] [INFO] [1768033750.056621633] [rtabmap]: rtabmap (532): Rate=0.50s, Limit=0.001s, Conversion=0.0003s, RTAB-Map=0.0381s, Maps update=0.0003s pub=0.0024s delay=0.0870s (local map=0, WM=0)
[superpoint_node-2] [INFO] [1768033750.121273628] [superpoint_node]: Keypoints estratti: 800
[superpoint_node-2] [ERROR] [1768033750.128097238] [superpoint_node]: Errore pubblicazione keypoints 3D: could not assign tuple of length 3 to structure with 4 fields.
[superpoint_node-2] [INFO] [1768033750.219383777] [superpoint_node]: Keypoints estratti: 800
[superpoint_node-2] [ERROR] [1768033750.226053885] [superpoint_node]: Errore pubblicazione keypoints 3D: could not assign tuple of length 3 to structure with 4 fields.
[superpoint_node-2] [INFO] [1768033750.318115338] [superpoint_node]: Keypoints estratti: 800
[superpoint_node-2] [ERROR] [1768033750.325499971] [superpoint_node]: Errore pubblicazione keypoints 3D: could not assign tuple of length 3 to structure with 4 fields.
[superpoint_node-2] [INFO] [1768033750.419498976] [superpoint_node]: Keypoints estratti: 800
[superpoint_node-2] [ERROR] [1768033750.426097491] [superpoint_node]: Errore pubblicazione keypoints 3D: could not assign tuple of length 3 to structure with 4 fields.
[superpoint_node-2] [INFO] [1768033750.515997909] [superpoint_node]: Keypoints estratti: 800
[superpoint_node-2] [ERROR] [1768033750.522781944] [superpoint_node]: Errore pubblicazione keypoints 3D: could not assign tuple of length 3 to structure with 4 fields.
[superpoint_node-2] [INFO] [1768033750.615990165] [superpoint_node]: Keypoints estratti: 800
[superpoint_node-2] [ERROR] [1768033750.622743163] [superpoint_node]: Errore pubblicazione keypoints 3D: could not assign tuple of length 3 to structure with 4 fields.
[rtabmap-14] [INFO] [1768033750.656845211] [rtabmap]: rtabmap (533): Rate=0.50s, Limit=0.001s, Conversion=0.0002s, RTAB-Map=0.0412s, Maps update=0.0020s pub=0.0026s delay=0.0874s (local map=0, WM=0)
[superpoint_node-2] [INFO] [1768033750.719759451] [superpoint_node]: Keypoints estratti: 800
[superpoint_node-2] [ERROR] [1768033750.726449227] [superpoint_node]: Errore pubblicazione keypoints 3D: could not assign tuple of length 3 to structure with 4 fields.
[superpoint_node-2] [INFO] [1768033750.818162140] [superpoint_node]: Keypoints estratti: 800
[superpoint_node-2] [ERROR] [1768033750.824565894] [superpoint_node]: Errore pubblicazione keypoints 3D: could not assign tuple of length 3 to structure with 4 fields.
[superpoint_node-2] [INFO] [1768033750.919461518] [superpoint_node]: Keypoints estratti: 800
[superpoint_node-2] [ERROR] [1768033750.926291757] [superpoint_node]: Errore pubblicazione keypoints 3D: could not assign tuple of length 3 to structure with 4 fields.
[superpoint_node-2] [INFO] [1768033751.017829873] [superpoint_node]: Keypoints estratti: 800
[superpoint_node-2] [ERROR] [1768033751.024868595] [superpoint_node]: Errore pubblicazione keypoints 3D: could not assign tuple of length 3 to structure with 4 fields.
[rtabmap-14] [INFO] [1768033751.120399909] [rtabmap]: rtabmap (534): Rate=0.50s, Limit=0.001s, Conversion=0.0002s, RTAB-Map=0.0264s, Maps update=0.0004s pub=0.0030s delay=0.0509s (local map=0, WM=0)
[superpoint_node-2] [INFO] [1768033751.122602852] [superpoint_node]: Keypoints estratti: 800
[superpoint_node-2] [ERROR] [1768033751.129908781] [superpoint_node]: Errore pubblicazione keypoints 3D: could not assign tuple of length 3 to structure with 4 fields.
[superpoint_node-2] [INFO] [1768033751.223169576] [superpoint_node]: Keypoints estratti: 800
[superpoint_node-2] [ERROR] [1768033751.230010205] [superpoint_node]: Errore pubblicazione keypoints 3D: could not assign tuple of length 3 to structure with 4 fields.
[superpoint_node-2] [INFO] [1768033751.321508412] [superpoint_node]: Keypoints estratti: 800
[superpoint_node-2] [ERROR] [1768033751.328329577] [superpoint_node]: Errore pubblicazione keypoints 3D: could not assign tuple of length 3 to structure with 4 fields.
[superpoint_node-2] [INFO] [1768033751.422924217] [superpoint_node]: Keypoints estratti: 800
[superpoint_node-2] [ERROR] [1768033751.429926013] [superpoint_node]: Errore pubblicazione keypoints 3D: could not assign tuple of length 3 to structure with 4 fields.
[superpoint_node-2] [INFO] [1768033751.525535550] [superpoint_node]: Keypoints estratti: 800
[superpoint_node-2] [ERROR] [1768033751.532395938] [superpoint_node]: Errore pubblicazione keypoints 3D: could not assign tuple of length 3 to structure with 4 fields.
[superpoint_node-2] [INFO] [1768033751.627382062] [superpoint_node]: Keypoints estratti: 800
[superpoint_node-2] [ERROR] [1768033751.635564664] [superpoint_node]: Errore pubblicazione keypoints 3D: could not assign tuple of length 3 to structure with 4 fields.
[rtabmap-14] [INFO] [1768033751.644533661] [rtabmap]: rtabmap (535): Rate=0.50s, Limit=0.001s, Conversion=0.0003s, RTAB-Map=0.0268s, Maps update=0.0003s pub=0.0011s delay=0.0701s (local map=0, WM=0)
[superpoint_node-2] [INFO] [1768033751.745701612] [superpoint_node]: Keypoints estratti: 800
[superpoint_node-2] [ERROR] [1768033751.753832862] [superpoint_node]: Errore pubblicazione keypoints 3D: could not assign tuple of length 3 to structure with 4 fields.
[superpoint_node-2] [INFO] [1768033751.844781787] [superpoint_node]: Keypoints estratti: 800
[superpoint_node-2] [ERROR] [1768033751.853606913] [superpoint_node]: Errore pubblicazione keypoints 3D: could not assign tuple of length 3 to structure with 4 fields.
[superpoint_node-2] [INFO] [1768033751.944731562] [superpoint_node]: Keypoints estratti: 800
[superpoint_node-2] [ERROR] [1768033751.951794655] [superpoint_node]: Errore pubblicazione keypoints 3D: could not assign tuple of length 3 to structure with 4 fields.
[superpoint_node-2] [INFO] [1768033752.042841563] [superpoint_node]: Keypoints estratti: 800
[superpoint_node-2] [ERROR] [1768033752.051341945] [superpoint_node]: Errore pubblicazione keypoints 3D: could not assign tuple of length 3 to structure with 4 fields.
[rtabmap-14] [INFO] [1768033752.148157121] [rtabmap]: rtabmap (536): Rate=0.50s, Limit=0.001s, Conversion=0.0002s, RTAB-Map=0.0271s, Maps update=0.0005s pub=0.0038s delay=0.0548s (local map=0, WM=0)
[superpoint_node-2] [INFO] [1768033752.149126017] [superpoint_node]: Keypoints estratti: 800
[superpoint_node-2] [ERROR] [1768033752.156516280] [superpoint_node]: Errore pubblicazione keypoints 3D: could not assign tuple of length 3 to structure with 4 fields.
[superpoint_node-2] [INFO] [1768033752.246419919] [superpoint_node]: Keypoints estratti: 800
[superpoint_node-2] [ERROR] [1768033752.253847996] [superpoint_node]: Errore pubblicazione keypoints 3D: could not assign tuple of length 3 to structure with 4 fields.
[superpoint_node-2] [INFO] [1768033752.343415652] [superpoint_node]: Keypoints estratti: 800
[superpoint_node-2] [ERROR] [1768033752.350688950] [superpoint_node]: Errore pubblicazione keypoints 3D: could not assign tuple of length 3 to structure with 4 fields.
[superpoint_node-2] [INFO] [1768033752.444214155] [superpoint_node]: Keypoints estratti: 800
[superpoint_node-2] [ERROR] [1768033752.452013106] [superpoint_node]: Errore pubblicazione keypoints 3D: could not assign tuple of length 3 to structure with 4 fields.
[superpoint_node-2] [INFO] [1768033752.540456586] [superpoint_node]: Keypoints estratti: 800
[superpoint_node-2] [ERROR] [1768033752.547703143] [superpoint_node]: Errore pubblicazione keypoints 3D: could not assign tuple of length 3 to structure with 4 fields.
[superpoint_node-2] [INFO] [1768033752.639492427] [superpoint_node]: Keypoints estratti: 800
[superpoint_node-2] [ERROR] [1768033752.646854134] [superpoint_node]: Errore pubblicazione keypoints 3D: could not assign tuple of length 3 to structure with 4 fields.
[superpoint_node-2] [INFO] [1768033752.738055284] [superpoint_node]: Keypoints estratti: 800
[rtabmap-14] [INFO] [1768033752.739847168] [rtabmap]: rtabmap (537): Rate=0.50s, Limit=0.001s, Conversion=0.0002s, RTAB-Map=0.0237s, Maps update=0.0004s pub=0.0024s delay=0.0515s (local map=0, WM=0)
[superpoint_node-2] [ERROR] [1768033752.746309164] [superpoint_node]: Errore pubblicazione keypoints 3D: could not assign tuple of length 3 to structure with 4 fields.
[superpoint_node-2] [INFO] [1768033752.836754141] [superpoint_node]: Keypoints estratti: 800
[superpoint_node-2] [ERROR] [1768033752.844732038] [superpoint_node]: Errore pubblicazione keypoints 3D: could not assign tuple of length 3 to structure with 4 fields.
[superpoint_node-2] [INFO] [1768033752.937028492] [superpoint_node]: Keypoints estratti: 800
[superpoint_node-2] [ERROR] [1768033752.944656016] [superpoint_node]: Errore pubblicazione keypoints 3D: could not assign tuple of length 3 to structure with 4 fields.
[superpoint_node-2] [INFO] [1768033753.036667950] [superpoint_node]: Keypoints estratti: 800
[superpoint_node-2] [ERROR] [1768033753.044109620] [superpoint_node]: Errore pubblicazione keypoints 3D: could not assign tuple of length 3 to structure with 4 fields.
[superpoint_node-2] [INFO] [1768033753.134448337] [superpoint_node]: Keypoints estratti: 800
[rtabmap-14] [33m[ WARN] (2026-01-10 09:29:08.411) MapsManager.cpp:863::publishMaps() Graph has changed! The whole cloud is regenerated.[0m
[rtabmap-14] [33m[ WARN] (2026-01-10 09:29:08.413) OccupancyGrid.cpp:169::getProbMap() Map info is empty, cannot generate probabilistic occupancy grid[0m
[rtabmap-14] [33m[ WARN] (2026-01-10 09:29:09.052) MapsManager.cpp:863::publishMaps() Graph has changed! The whole cloud is regenerated.[0m
[rtabmap-14] [33m[ WARN] (2026-01-10 09:29:09.053) OccupancyGrid.cpp:169::getProbMap() Map info is empty, cannot generate probabilistic occupancy grid[0m
[rtabmap-14] [33m[ WARN] (2026-01-10 09:29:09.533) MapsManager.cpp:863::publishMaps() Graph has changed! The whole cloud is regenerated.[0m
[rtabmap-14] [33m[ WARN] (2026-01-10 09:29:09.535) OccupancyGrid.cpp:169::getProbMap() Map info is empty, cannot generate probabilistic occupancy grid[0m
[rtabmap-14] [33m[ WARN] (2026-01-10 09:29:10.054) MapsManager.cpp:863::publishMaps() Graph has changed! The whole cloud is regenerated.[0m
[rtabmap-14] [33m[ WARN] (2026-01-10 09:29:10.055) OccupancyGrid.cpp:169::getProbMap() Map info is empty, cannot generate probabilistic occupancy grid[0m
[rtabmap-14] [33m[ WARN] (2026-01-10 09:29:10.654) MapsManager.cpp:863::publishMaps() Graph has changed! The whole cloud is regenerated.[0m
[rtabmap-14] [33m[ WARN] (2026-01-10 09:29:10.656) OccupancyGrid.cpp:169::getProbMap() Map info is empty, cannot generate probabilistic occupancy grid[0m
[rtabmap-14] [33m[ WARN] (2026-01-10 09:29:11.117) MapsManager.cpp:863::publishMaps() Graph has changed! The whole cloud is regenerated.[0m
[rtabmap-14] [33m[ WARN] (2026-01-10 09:29:11.119) OccupancyGrid.cpp:169::getProbMap() Map info is empty, cannot generate probabilistic occupancy grid[0m
[rtabmap-14] [33m[ WARN] (2026-01-10 09:29:11.643) MapsManager.cpp:863::publishMaps() Graph has changed! The whole cloud is regenerated.[0m
[rtabmap-14] [33m[ WARN] (2026-01-10 09:29:11.643) OccupancyGrid.cpp:169::getProbMap() Map info is empty, cannot generate probabilistic occupancy grid[0m
[rtabmap-14] [33m[ WARN] (2026-01-10 09:29:12.144) MapsManager.cpp:863::publishMaps() Graph has changed! The whole cloud is regenerated.[0m
[rtabmap-14] [33m[ WARN] (2026-01-10 09:29:12.144) OccupancyGrid.cpp:169::getProbMap() Map info is empty, cannot generate probabilistic occupancy grid[0m
[rtabmap-14] [33m[ WARN] (2026-01-10 09:29:12.737) MapsManager.cpp:863::publishMaps() Graph has changed! The whole cloud is regenerated.[0m
[rtabmap-14] [33m[ WARN] (2026-01-10 09:29:12.737) OccupancyGrid.cpp:169::getProbMap() Map info is empty, cannot generate probabilistic occupancy grid[0m
[superpoint_node-2] [ERROR] [1768033753.141591634] [superpoint_node]: Errore pubblicazione keypoints 3D: could not assign tuple of length 3 to structure with 4 fields.
[superpoint_node-2] [INFO] [1768033753.230275060] [superpoint_node]: Keypoints estratti: 800
[superpoint_node-2] [ERROR] [1768033753.237370154] [superpoint_node]: Errore pubblicazione keypoints 3D: could not assign tuple of length 3 to structure with 4 fields.
[superpoint_node-2] [INFO] [1768033753.330373225] [superpoint_node]: Keypoints estratti: 800
[superpoint_node-2] [ERROR] [1768033753.339131424] [superpoint_node]: Errore pubblicazione keypoints 3D: could not assign tuple of length 3 to structure with 4 fields.
[rtabmap-14] [INFO] [1768033753.341739149] [rtabmap]: rtabmap (538): Rate=0.50s, Limit=0.001s, Conversion=0.0003s, RTAB-Map=0.0242s, Maps update=0.0013s pub=0.0013s delay=0.0623s (local map=0, WM=0)
[superpoint_node-2] [INFO] [1768033753.432623981] [superpoint_node]: Keypoints estratti: 800
[superpoint_node-2] [ERROR] [1768033753.440289783] [superpoint_node]: Errore pubblicazione keypoints 3D: could not assign tuple of length 3 to structure with 4 fields.
[superpoint_node-2] [INFO] [1768033753.532316865] [superpoint_node]: Keypoints estratti: 800
[superpoint_node-2] [ERROR] [1768033753.539971963] [superpoint_node]: Errore pubblicazione keypoints 3D: could not assign tuple of length 3 to structure with 4 fields.
[superpoint_node-2] [INFO] [1768033753.631219520] [superpoint_node]: Keypoints estratti: 800
[superpoint_node-2] [ERROR] [1768033753.638547152] [superpoint_node]: Errore pubblicazione keypoints 3D: could not assign tuple of length 3 to structure with 4 fields.
[superpoint_node-2] [INFO] [1768033753.732148932] [superpoint_node]: Keypoints estratti: 800
[superpoint_node-2] [ERROR] [1768033753.740654629] [superpoint_node]: Errore pubblicazione keypoints 3D: could not assign tuple of length 3 to structure with 4 fields.
[superpoint_node-2] [INFO] [1768033753.830944735] [superpoint_node]: Keypoints estratti: 800
[superpoint_node-2] [ERROR] [1768033753.837788826] [superpoint_node]: Errore pubblicazione keypoints 3D: could not assign tuple of length 3 to structure with 4 fields.
[rtabmap-14] [INFO] [1768033753.892089461] [rtabmap]: rtabmap (539): Rate=0.50s, Limit=0.001s, Conversion=0.0002s, RTAB-Map=0.0405s, Maps update=0.0003s pub=0.0077s delay=0.1096s (local map=0, WM=0)
[superpoint_node-2] [INFO] [1768033753.932609838] [superpoint_node]: Keypoints estratti: 800
[superpoint_node-2] [ERROR] [1768033753.940033786] [superpoint_node]: Errore pubblicazione keypoints 3D: could not assign tuple of length 3 to structure with 4 fields.
[superpoint_node-2] [INFO] [1768033754.032221999] [superpoint_node]: Keypoints estratti: 800
[superpoint_node-2] [ERROR] [1768033754.039076831] [superpoint_node]: Errore pubblicazione keypoints 3D: could not assign tuple of length 3 to structure with 4 fields.
[superpoint_node-2] [INFO] [1768033754.129901996] [superpoint_node]: Keypoints estratti: 800
[superpoint_node-2] [ERROR] [1768033754.137067072] [superpoint_node]: Errore pubblicazione keypoints 3D: could not assign tuple of length 3 to structure with 4 fields.
[superpoint_node-2] [INFO] [1768033754.227588994] [superpoint_node]: Keypoints estratti: 800
[superpoint_node-2] [ERROR] [1768033754.234785921] [superpoint_node]: Errore pubblicazione keypoints 3D: could not assign tuple of length 3 to structure with 4 fields.
[superpoint_node-2] [INFO] [1768033754.325982608] [superpoint_node]: Keypoints estratti: 800
[superpoint_node-2] [ERROR] [1768033754.332880200] [superpoint_node]: Errore pubblicazione keypoints 3D: could not assign tuple of length 3 to structure with 4 fields.
[superpoint_node-2] [INFO] [1768033754.424742188] [superpoint_node]: Keypoints estratti: 800
[superpoint_node-2] [ERROR] [1768033754.433077347] [superpoint_node]: Errore pubblicazione keypoints 3D: could not assign tuple of length 3 to structure with 4 fields.
[rtabmap-14] [INFO] [1768033754.463530348] [rtabmap]: rtabmap (540): Rate=0.50s, Limit=0.001s, Conversion=0.0005s, RTAB-Map=0.0450s, Maps update=0.0010s pub=0.0060s delay=0.0880s (local map=0, WM=0)
[superpoint_node-2] [INFO] [1768033754.530221210] [superpoint_node]: Keypoints estratti: 800
[superpoint_node-2] [ERROR] [1768033754.537480453] [superpoint_node]: Errore pubblicazione keypoints 3D: could not assign tuple of length 3 to structure with 4 fields.
[superpoint_node-2] [INFO] [1768033754.626947811] [superpoint_node]: Keypoints estratti: 800
[superpoint_node-2] [ERROR] [1768033754.633599846] [superpoint_node]: Errore pubblicazione keypoints 3D: could not assign tuple of length 3 to structure with 4 fields.
[superpoint_node-2] [INFO] [1768033754.725634835] [superpoint_node]: Keypoints estratti: 800
[superpoint_node-2] [ERROR] [1768033754.732637835] [superpoint_node]: Errore pubblicazione keypoints 3D: could not assign tuple of length 3 to structure with 4 fields.
[superpoint_node-2] [INFO] [1768033754.823348500] [superpoint_node]: Keypoints estratti: 800
[superpoint_node-2] [ERROR] [1768033754.830431352] [superpoint_node]: Errore pubblicazione keypoints 3D: could not assign tuple of length 3 to structure with 4 fields.
[superpoint_node-2] [INFO] [1768033754.924092058] [superpoint_node]: Keypoints estratti: 800
[superpoint_node-2] [ERROR] [1768033754.931102873] [superpoint_node]: Errore pubblicazione keypoints 3D: could not assign tuple of length 3 to structure with 4 fields.
[superpoint_node-2] [INFO] [1768033755.057526099] [superpoint_node]: Keypoints estratti: 800
[superpoint_node-2] [ERROR] [1768033755.065178345] [superpoint_node]: Errore pubblicazione keypoints 3D: could not assign tuple of length 3 to structure with 4 fields.
[rtabmap-14] [INFO] [1768033755.101738191] [rtabmap]: rtabmap (541): Rate=0.50s, Limit=0.001s, Conversion=0.0008s, RTAB-Map=0.0393s, Maps update=0.0003s pub=0.0083s delay=0.0932s (local map=0, WM=0)
[superpoint_node-2] [INFO] [1768033755.161664722] [superpoint_node]: Keypoints estratti: 800
[superpoint_node-2] [ERROR] [1768033755.168503998] [superpoint_node]: Errore pubblicazione keypoints 3D: could not assign tuple of length 3 to structure with 4 fields.
[superpoint_node-2] [INFO] [1768033755.259451368] [superpoint_node]: Keypoints estratti: 800
[superpoint_node-2] [ERROR] [1768033755.266363590] [superpoint_node]: Errore pubblicazione keypoints 3D: could not assign tuple of length 3 to structure with 4 fields.
[superpoint_node-2] [INFO] [1768033755.358734841] [superpoint_node]: Keypoints estratti: 800
[superpoint_node-2] [ERROR] [1768033755.365600396] [superpoint_node]: Errore pubblicazione keypoints 3D: could not assign tuple of length 3 to structure with 4 fields.
[superpoint_node-2] [INFO] [1768033755.457830331] [superpoint_node]: Keypoints estratti: 800
[superpoint_node-2] [ERROR] [1768033755.464596867] [superpoint_node]: Errore pubblicazione keypoints 3D: could not assign tuple of length 3 to structure with 4 fields.
[superpoint_node-2] [INFO] [1768033755.559627732] [superpoint_node]: Keypoints estratti: 800
[superpoint_node-2] [ERROR] [1768033755.566367397] [superpoint_node]: Errore pubblicazione keypoints 3D: could not assign tuple of length 3 to structure with 4 fields.
[superpoint_node-2] [INFO] [1768033755.660045807] [superpoint_node]: Keypoints estratti: 800
[superpoint_node-2] [ERROR] [1768033755.668551374] [superpoint_node]: Errore pubblicazione keypoints 3D: could not assign tuple of length 3 to structure with 4 fields.
[rtabmap-14] [INFO] [1768033755.689550893] [rtabmap]: rtabmap (542): Rate=0.50s, Limit=0.001s, Conversion=0.0009s, RTAB-Map=0.0401s, Maps update=0.0029s pub=0.0016s delay=0.0803s (local map=0, WM=0)
[superpoint_node-2] [INFO] [1768033755.758681256] [superpoint_node]: Keypoints estratti: 800
[superpoint_node-2] [ERROR] [1768033755.765550829] [superpoint_node]: Errore pubblicazione keypoints 3D: could not assign tuple of length 3 to structure with 4 fields.
[superpoint_node-2] [INFO] [1768033755.858117193] [superpoint_node]: Keypoints estratti: 800
[superpoint_node-2] [ERROR] [1768033755.864855932] [superpoint_node]: Errore pubblicazione keypoints 3D: could not assign tuple of length 3 to structure with 4 fields.
[superpoint_node-2] [INFO] [1768033755.956688587] [superpoint_node]: Keypoints estratti: 800
[superpoint_node-2] [ERROR] [1768033755.963355047] [superpoint_node]: Errore pubblicazione keypoints 3D: could not assign tuple of length 3 to structure with 4 fields.
[superpoint_node-2] [INFO] [1768033756.119948790] [superpoint_node]: Keypoints estratti: 800
[superpoint_node-2] [ERROR] [1768033756.127310941] [superpoint_node]: Errore pubblicazione keypoints 3D: could not assign tuple of length 3 to structure with 4 fields.
[superpoint_node-2] [INFO] [1768033756.219869805] [superpoint_node]: Keypoints estratti: 800
[superpoint_node-2] [ERROR] [1768033756.228113167] [superpoint_node]: Errore pubblicazione keypoints 3D: could not assign tuple of length 3 to structure with 4 fields.
[rtabmap-14] [INFO] [1768033756.240742712] [rtabmap]: rtabmap (543): Rate=0.50s, Limit=0.001s, Conversion=0.0003s, RTAB-Map=0.0245s, Maps update=0.0002s pub=0.0026s delay=0.0713s (local map=0, WM=0)
[superpoint_node-2] [INFO] [1768033756.322389971] [superpoint_node]: Keypoints estratti: 800
[superpoint_node-2] [ERROR] [1768033756.329260340] [superpoint_node]: Errore pubblicazione keypoints 3D: could not assign tuple of length 3 to structure with 4 fields.
[superpoint_node-2] [INFO] [1768033756.418135971] [superpoint_node]: Keypoints estratti: 800
[superpoint_node-2] [ERROR] [1768033756.424972044] [superpoint_node]: Errore pubblicazione keypoints 3D: could not assign tuple of length 3 to structure with 4 fields.
[superpoint_node-2] [INFO] [1768033756.521503347] [superpoint_node]: Keypoints estratti: 800
[superpoint_node-2] [ERROR] [1768033756.528464588] [superpoint_node]: Errore pubblicazione keypoints 3D: could not assign tuple of length 3 to structure with 4 fields.
[superpoint_node-2] [INFO] [1768033756.619922128] [superpoint_node]: Keypoints estratti: 800
[superpoint_node-2] [ERROR] [1768033756.626672700] [superpoint_node]: Errore pubblicazione keypoints 3D: could not assign tuple of length 3 to structure with 4 fields.
[superpoint_node-2] [INFO] [1768033756.719660346] [superpoint_node]: Keypoints estratti: 800
[superpoint_node-2] [ERROR] [1768033756.726395751] [superpoint_node]: Errore pubblicazione keypoints 3D: could not assign tuple of length 3 to structure with 4 fields.
[rtabmap-14] [INFO] [1768033756.814701878] [rtabmap]: rtabmap (544): Rate=0.50s, Limit=0.001s, Conversion=0.0002s, RTAB-Map=0.0237s, Maps update=0.0004s pub=0.0016s delay=0.0453s (local map=0, WM=0)
[superpoint_node-2] [INFO] [1768033756.824239268] [superpoint_node]: Keypoints estratti: 800
[superpoint_node-2] [ERROR] [1768033756.831586623] [superpoint_node]: Errore pubblicazione keypoints 3D: could not assign tuple of length 3 to structure with 4 fields.
[superpoint_node-2] [INFO] [1768033756.925088606] [superpoint_node]: Keypoints estratti: 800
[superpoint_node-2] [ERROR] [1768033756.932477072] [superpoint_node]: Errore pubblicazione keypoints 3D: could not assign tuple of length 3 to structure with 4 fields.
[superpoint_node-2] [INFO] [1768033757.024590599] [superpoint_node]: Keypoints estratti: 800
[superpoint_node-2] [ERROR] [1768033757.032072029] [superpoint_node]: Errore pubblicazione keypoints 3D: could not assign tuple of length 3 to structure with 4 fields.
[superpoint_node-2] [INFO] [1768033757.125757921] [superpoint_node]: Keypoints estratti: 800
[superpoint_node-2] [ERROR] [1768033757.132737717] [superpoint_node]: Errore pubblicazione keypoints 3D: could not assign tuple of length 3 to structure with 4 fields.
[superpoint_node-2] [INFO] [1768033757.221979944] [superpoint_node]: Keypoints estratti: 800
[superpoint_node-2] [ERROR] [1768033757.228829998] [superpoint_node]: Errore pubblicazione keypoints 3D: could not assign tuple of length 3 to structure with 4 fields.
[superpoint_node-2] [INFO] [1768033757.322233980] [superpoint_node]: Keypoints estratti: 800
[superpoint_node-2] [ERROR] [1768033757.329457297] [superpoint_node]: Errore pubblicazione keypoints 3D: could not assign tuple of length 3 to structure with 4 fields.
[rtabmap-14] [INFO] [1768033757.367688767] [rtabmap]: rtabmap (545): Rate=0.50s, Limit=0.001s, Conversion=0.0002s, RTAB-Map=0.0429s, Maps update=0.0003s pub=0.0045s delay=0.0972s (local map=0, WM=0)
[superpoint_node-2] [INFO] [1768033757.429514424] [superpoint_node]: Keypoints estratti: 800
[superpoint_node-2] [ERROR] [1768033757.436685185] [superpoint_node]: Errore pubblicazione keypoints 3D: could not assign tuple of length 3 to structure with 4 fields.
[superpoint_node-2] [INFO] [1768033757.525331296] [superpoint_node]: Keypoints estratti: 800
[superpoint_node-2] [ERROR] [1768033757.532652576] [superpoint_node]: Errore pubblicazione keypoints 3D: could not assign tuple of length 3 to structure with 4 fields.
[superpoint_node-2] [INFO] [1768033757.623728076] [superpoint_node]: Keypoints estratti: 800
[superpoint_node-2] [ERROR] [1768033757.630676095] [superpoint_node]: Errore pubblicazione keypoints 3D: could not assign tuple of length 3 to structure with 4 fields.
[superpoint_node-2] [INFO] [1768033757.723322941] [superpoint_node]: Keypoints estratti: 800
[superpoint_node-2] [ERROR] [1768033757.730326034] [superpoint_node]: Errore pubblicazione keypoints 3D: could not assign tuple of length 3 to structure with 4 fields.
[superpoint_node-2] [INFO] [1768033757.824994600] [superpoint_node]: Keypoints estratti: 800
[superpoint_node-2] [ERROR] [1768033757.831780894] [superpoint_node]: Errore pubblicazione keypoints 3D: could not assign tuple of length 3 to structure with 4 fields.
[rtabmap-14] [INFO] [1768033757.837416902] [rtabmap]: rtabmap (546): Rate=0.50s, Limit=0.001s, Conversion=0.0002s, RTAB-Map=0.0243s, Maps update=0.0003s pub=0.0013s delay=0.0653s (local map=0, WM=0)
[superpoint_node-2] [INFO] [1768033757.922482725] [superpoint_node]: Keypoints estratti: 800
[superpoint_node-2] [ERROR] [1768033757.929438595] [superpoint_node]: Errore pubblicazione keypoints 3D: could not assign tuple of length 3 to structure with 4 fields.
[superpoint_node-2] [INFO] [1768033758.023570157] [superpoint_node]: Keypoints estratti: 800
[superpoint_node-2] [ERROR] [1768033758.030228821] [superpoint_node]: Errore pubblicazione keypoints 3D: could not assign tuple of length 3 to structure with 4 fields.
[superpoint_node-2] [INFO] [1768033758.122421442] [superpoint_node]: Keypoints estratti: 800
[superpoint_node-2] [ERROR] [1768033758.129449405] [superpoint_node]: Errore pubblicazione keypoints 3D: could not assign tuple of length 3 to structure with 4 fields.
[rtabmap-14] [33m[ WARN] (2026-01-10 09:29:13.340) MapsManager.cpp:863::publishMaps() Graph has changed! The whole cloud is regenerated.[0m
[rtabmap-14] [33m[ WARN] (2026-01-10 09:29:13.341) OccupancyGrid.cpp:169::getProbMap() Map info is empty, cannot generate probabilistic occupancy grid[0m
[rtabmap-14] [33m[ WARN] (2026-01-10 09:29:13.884) MapsManager.cpp:863::publishMaps() Graph has changed! The whole cloud is regenerated.[0m
[rtabmap-14] [33m[ WARN] (2026-01-10 09:29:13.884) OccupancyGrid.cpp:169::getProbMap() Map info is empty, cannot generate probabilistic occupancy grid[0m
[rtabmap-14] [33m[ WARN] (2026-01-10 09:29:14.457) MapsManager.cpp:863::publishMaps() Graph has changed! The whole cloud is regenerated.[0m
[rtabmap-14] [33m[ WARN] (2026-01-10 09:29:14.459) OccupancyGrid.cpp:169::getProbMap() Map info is empty, cannot generate probabilistic occupancy grid[0m
[rtabmap-14] [33m[ WARN] (2026-01-10 09:29:15.093) MapsManager.cpp:863::publishMaps() Graph has changed! The whole cloud is regenerated.[0m
[rtabmap-14] [33m[ WARN] (2026-01-10 09:29:15.099) OccupancyGrid.cpp:169::getProbMap() Map info is empty, cannot generate probabilistic occupancy grid[0m
[rtabmap-14] [33m[ WARN] (2026-01-10 09:29:15.687) MapsManager.cpp:863::publishMaps() Graph has changed! The whole cloud is regenerated.[0m
[rtabmap-14] [33m[ WARN] (2026-01-10 09:29:15.688) OccupancyGrid.cpp:169::getProbMap() Map info is empty, cannot generate probabilistic occupancy grid[0m
[rtabmap-14] [33m[ WARN] (2026-01-10 09:29:16.015) CoreWrapper.cpp:1227::odomTFUpdate() Odometry is reset (identity pose detected). Increment map id![0m
[rtabmap-14] [33m[ WARN] (2026-01-10 09:29:16.238) MapsManager.cpp:863::publishMaps() Graph has changed! The whole cloud is regenerated.[0m
[rtabmap-14] [33m[ WARN] (2026-01-10 09:29:16.238) OccupancyGrid.cpp:169::getProbMap() Map info is empty, cannot generate probabilistic occupancy grid[0m
[rtabmap-14] [33m[ WARN] (2026-01-10 09:29:16.813) MapsManager.cpp:863::publishMaps() Graph has changed! The whole cloud is regenerated.[0m
[rtabmap-14] [33m[ WARN] (2026-01-10 09:29:16.813) OccupancyGrid.cpp:169::getProbMap() Map info is empty, cannot generate probabilistic occupancy grid[0m
[rtabmap-14] [33m[ WARN] (2026-01-10 09:29:17.363) MapsManager.cpp:863::publishMaps() Graph has changed! The whole cloud is regenerated.[0m
[rtabmap-14] [33m[ WARN] (2026-01-10 09:29:17.363) OccupancyGrid.cpp:169::getProbMap() Map info is empty, cannot generate probabilistic occupancy grid[0m
[rtabmap-14] [33m[ WARN] (2026-01-10 09:29:17.836) MapsManager.cpp:863::publishMaps() Graph has changed! The whole cloud is regenerated.[0m
[rtabmap-14] [33m[ WARN] (2026-01-10 09:29:17.836) OccupancyGrid.cpp:169::getProbMap() Map info is empty, cannot generate probabilistic occupancy grid[0m
[superpoint_node-2] [INFO] [1768033758.220788593] [superpoint_node]: Keypoints estratti: 800
[superpoint_node-2] [ERROR] [1768033758.227691203] [superpoint_node]: Errore pubblicazione keypoints 3D: could not assign tuple of length 3 to structure with 4 fields.
[superpoint_node-2] [INFO] [1768033758.319917861] [superpoint_node]: Keypoints estratti: 800
[superpoint_node-2] [ERROR] [1768033758.326701211] [superpoint_node]: Errore pubblicazione keypoints 3D: could not assign tuple of length 3 to structure with 4 fields.
[superpoint_node-2] [INFO] [1768033758.453817924] [superpoint_node]: Keypoints estratti: 800
[superpoint_node-2] [ERROR] [1768033758.460988777] [superpoint_node]: Errore pubblicazione keypoints 3D: could not assign tuple of length 3 to structure with 4 fields.
[rtabmap-14] [INFO] [1768033758.489819172] [rtabmap]: rtabmap (547): Rate=0.50s, Limit=0.001s, Conversion=0.0002s, RTAB-Map=0.0442s, Maps update=0.0003s pub=0.0012s delay=0.0855s (local map=0, WM=0)
[superpoint_node-2] [INFO] [1768033758.556039568] [superpoint_node]: Keypoints estratti: 800
[superpoint_node-2] [ERROR] [1768033758.562976753] [superpoint_node]: Errore pubblicazione keypoints 3D: could not assign tuple of length 3 to structure with 4 fields.
[superpoint_node-2] [INFO] [1768033758.717208051] [superpoint_node]: Keypoints estratti: 800
[superpoint_node-2] [ERROR] [1768033758.724044624] [superpoint_node]: Errore pubblicazione keypoints 3D: could not assign tuple of length 3 to structure with 4 fields.
[superpoint_node-2] [INFO] [1768033758.818071204] [superpoint_node]: Keypoints estratti: 800
[superpoint_node-2] [ERROR] [1768033758.825298872] [superpoint_node]: Errore pubblicazione keypoints 3D: could not assign tuple of length 3 to structure with 4 fields.
[superpoint_node-2] [INFO] [1768033758.917975034] [superpoint_node]: Keypoints estratti: 800
[superpoint_node-2] [ERROR] [1768033758.924896588] [superpoint_node]: Errore pubblicazione keypoints 3D: could not assign tuple of length 3 to structure with 4 fields.
[superpoint_node-2] [INFO] [1768033759.019924880] [superpoint_node]: Keypoints estratti: 800
[superpoint_node-2] [ERROR] [1768033759.028414669] [superpoint_node]: Errore pubblicazione keypoints 3D: could not assign tuple of length 3 to structure with 4 fields.
[rtabmap-14] [INFO] [1768033759.055528588] [rtabmap]: rtabmap (548): Rate=0.50s, Limit=0.001s, Conversion=0.0003s, RTAB-Map=0.0394s, Maps update=0.0016s pub=0.0023s delay=0.0860s (local map=0, WM=0)
[superpoint_node-2] [INFO] [1768033759.124934509] [superpoint_node]: Keypoints estratti: 800
[superpoint_node-2] [ERROR] [1768033759.131849064] [superpoint_node]: Errore pubblicazione keypoints 3D: could not assign tuple of length 3 to structure with 4 fields.
[superpoint_node-2] [INFO] [1768033759.226112461] [superpoint_node]: Keypoints estratti: 800
[superpoint_node-2] [ERROR] [1768033759.232954367] [superpoint_node]: Errore pubblicazione keypoints 3D: could not assign tuple of length 3 to structure with 4 fields.
[superpoint_node-2] [INFO] [1768033759.323530104] [superpoint_node]: Keypoints estratti: 800
[superpoint_node-2] [ERROR] [1768033759.330581364] [superpoint_node]: Errore pubblicazione keypoints 3D: could not assign tuple of length 3 to structure with 4 fields.
[superpoint_node-2] [INFO] [1768033759.424199811] [superpoint_node]: Keypoints estratti: 800
[superpoint_node-2] [ERROR] [1768033759.431109495] [superpoint_node]: Errore pubblicazione keypoints 3D: could not assign tuple of length 3 to structure with 4 fields.
[superpoint_node-2] [INFO] [1768033759.523593507] [superpoint_node]: Keypoints estratti: 800
[superpoint_node-2] [ERROR] [1768033759.530496987] [superpoint_node]: Errore pubblicazione keypoints 3D: could not assign tuple of length 3 to structure with 4 fields.
[rtabmap-14] [INFO] [1768033759.539203205] [rtabmap]: rtabmap (549): Rate=0.50s, Limit=0.001s, Conversion=0.0003s, RTAB-Map=0.0267s, Maps update=0.0003s pub=0.0018s delay=0.0662s (local map=0, WM=0)
[superpoint_node-2] [INFO] [1768033759.623231779] [superpoint_node]: Keypoints estratti: 800
[superpoint_node-2] [ERROR] [1768033759.630167519] [superpoint_node]: Errore pubblicazione keypoints 3D: could not assign tuple of length 3 to structure with 4 fields.
[superpoint_node-2] [INFO] [1768033759.722574364] [superpoint_node]: Keypoints estratti: 800
[superpoint_node-2] [ERROR] [1768033759.729483641] [superpoint_node]: Errore pubblicazione keypoints 3D: could not assign tuple of length 3 to structure with 4 fields.
[superpoint_node-2] [INFO] [1768033759.819214575] [superpoint_node]: Keypoints estratti: 800
[superpoint_node-2] [ERROR] [1768033759.826094056] [superpoint_node]: Errore pubblicazione keypoints 3D: could not assign tuple of length 3 to structure with 4 fields.
[superpoint_node-2] [INFO] [1768033759.919617131] [superpoint_node]: Keypoints estratti: 800
[superpoint_node-2] [ERROR] [1768033759.926971079] [superpoint_node]: Errore pubblicazione keypoints 3D: could not assign tuple of length 3 to structure with 4 fields.
[superpoint_node-2] [INFO] [1768033760.022487929] [superpoint_node]: Keypoints estratti: 800
[superpoint_node-2] [ERROR] [1768033760.029615134] [superpoint_node]: Errore pubblicazione keypoints 3D: could not assign tuple of length 3 to structure with 4 fields.
[superpoint_node-2] [INFO] [1768033760.124230015] [superpoint_node]: Keypoints estratti: 800
[superpoint_node-2] [ERROR] [1768033760.132812509] [superpoint_node]: Errore pubblicazione keypoints 3D: could not assign tuple of length 3 to structure with 4 fields.
[rtabmap-14] [INFO] [1768033760.161146400] [rtabmap]: rtabmap (550): Rate=0.50s, Limit=0.001s, Conversion=0.0006s, RTAB-Map=0.0444s, Maps update=0.0003s pub=0.0058s delay=0.0891s (local map=0, WM=0)
[superpoint_node-2] [INFO] [1768033760.230057929] [superpoint_node]: Keypoints estratti: 800
[superpoint_node-2] [ERROR] [1768033760.237070836] [superpoint_node]: Errore pubblicazione keypoints 3D: could not assign tuple of length 3 to structure with 4 fields.
[superpoint_node-2] [INFO] [1768033760.327300404] [superpoint_node]: Keypoints estratti: 800
[superpoint_node-2] [ERROR] [1768033760.334343516] [superpoint_node]: Errore pubblicazione keypoints 3D: could not assign tuple of length 3 to structure with 4 fields.
[superpoint_node-2] [INFO] [1768033760.430232332] [superpoint_node]: Keypoints estratti: 800
[superpoint_node-2] [ERROR] [1768033760.438839567] [superpoint_node]: Errore pubblicazione keypoints 3D: could not assign tuple of length 3 to structure with 4 fields.
[superpoint_node-2] [INFO] [1768033760.528851726] [superpoint_node]: Keypoints estratti: 800
[superpoint_node-2] [ERROR] [1768033760.535851504] [superpoint_node]: Errore pubblicazione keypoints 3D: could not assign tuple of length 3 to structure with 4 fields.
[superpoint_node-2] [INFO] [1768033760.632770717] [superpoint_node]: Keypoints estratti: 800
[superpoint_node-2] [ERROR] [1768033760.640832800] [superpoint_node]: Errore pubblicazione keypoints 3D: could not assign tuple of length 3 to structure with 4 fields.
[rtabmap-14] [INFO] [1768033760.657494821] [rtabmap]: rtabmap (551): Rate=0.50s, Limit=0.001s, Conversion=0.0002s, RTAB-Map=0.0420s, Maps update=0.0015s pub=0.0024s delay=0.0790s (local map=0, WM=0)
[superpoint_node-2] [INFO] [1768033760.733297960] [superpoint_node]: Keypoints estratti: 800
[superpoint_node-2] [ERROR] [1768033760.741170874] [superpoint_node]: Errore pubblicazione keypoints 3D: could not assign tuple of length 3 to structure with 4 fields.
[superpoint_node-2] [INFO] [1768033760.831227922] [superpoint_node]: Keypoints estratti: 800
[superpoint_node-2] [ERROR] [1768033760.838171570] [superpoint_node]: Errore pubblicazione keypoints 3D: could not assign tuple of length 3 to structure with 4 fields.
[superpoint_node-2] [INFO] [1768033760.928964290] [superpoint_node]: Keypoints estratti: 800
[superpoint_node-2] [ERROR] [1768033760.936352979] [superpoint_node]: Errore pubblicazione keypoints 3D: could not assign tuple of length 3 to structure with 4 fields.
[superpoint_node-2] [INFO] [1768033761.028192541] [superpoint_node]: Keypoints estratti: 800
[superpoint_node-2] [ERROR] [1768033761.036296661] [superpoint_node]: Errore pubblicazione keypoints 3D: could not assign tuple of length 3 to structure with 4 fields.
[superpoint_node-2] [INFO] [1768033761.130194165] [superpoint_node]: Keypoints estratti: 800
[superpoint_node-2] [ERROR] [1768033761.138101728] [superpoint_node]: Errore pubblicazione keypoints 3D: could not assign tuple of length 3 to structure with 4 fields.
[rtabmap-14] [INFO] [1768033761.202522221] [rtabmap]: rtabmap (552): Rate=0.50s, Limit=0.001s, Conversion=0.0002s, RTAB-Map=0.0512s, Maps update=0.0004s pub=0.0017s delay=0.1216s (local map=0, WM=0)
[superpoint_node-2] [INFO] [1768033761.232736813] [superpoint_node]: Keypoints estratti: 800
[superpoint_node-2] [ERROR] [1768033761.240727450] [superpoint_node]: Errore pubblicazione keypoints 3D: could not assign tuple of length 3 to structure with 4 fields.
[superpoint_node-2] [INFO] [1768033761.329115226] [superpoint_node]: Keypoints estratti: 800
[superpoint_node-2] [ERROR] [1768033761.336156337] [superpoint_node]: Errore pubblicazione keypoints 3D: could not assign tuple of length 3 to structure with 4 fields.
[superpoint_node-2] [INFO] [1768033761.426904631] [superpoint_node]: Keypoints estratti: 800
[superpoint_node-2] [ERROR] [1768033761.433808371] [superpoint_node]: Errore pubblicazione keypoints 3D: could not assign tuple of length 3 to structure with 4 fields.
[superpoint_node-2] [INFO] [1768033761.525606563] [superpoint_node]: Keypoints estratti: 800
[superpoint_node-2] [ERROR] [1768033761.532817083] [superpoint_node]: Errore pubblicazione keypoints 3D: could not assign tuple of length 3 to structure with 4 fields.
[superpoint_node-2] [INFO] [1768033761.624835350] [superpoint_node]: Keypoints estratti: 800
[superpoint_node-2] [ERROR] [1768033761.632170742] [superpoint_node]: Errore pubblicazione keypoints 3D: could not assign tuple of length 3 to structure with 4 fields.
[superpoint_node-2] [INFO] [1768033761.764954870] [superpoint_node]: Keypoints estratti: 800
[superpoint_node-2] [ERROR] [1768033761.772018704] [superpoint_node]: Errore pubblicazione keypoints 3D: could not assign tuple of length 3 to structure with 4 fields.
[rtabmap-14] [INFO] [1768033761.828839433] [rtabmap]: rtabmap (553): Rate=0.50s, Limit=0.001s, Conversion=0.0002s, RTAB-Map=0.0428s, Maps update=0.0051s pub=0.0039s delay=0.1152s (local map=0, WM=0)
[superpoint_node-2] [INFO] [1768033761.873337638] [superpoint_node]: Keypoints estratti: 800
[superpoint_node-2] [ERROR] [1768033761.880997032] [superpoint_node]: Errore pubblicazione keypoints 3D: could not assign tuple of length 3 to structure with 4 fields.
[superpoint_node-2] [INFO] [1768033761.970213481] [superpoint_node]: Keypoints estratti: 800
[superpoint_node-2] [ERROR] [1768033761.977443797] [superpoint_node]: Errore pubblicazione keypoints 3D: could not assign tuple of length 3 to structure with 4 fields.
[superpoint_node-2] [INFO] [1768033762.065893833] [superpoint_node]: Keypoints estratti: 800
[superpoint_node-2] [ERROR] [1768033762.073114723] [superpoint_node]: Errore pubblicazione keypoints 3D: could not assign tuple of length 3 to structure with 4 fields.
[superpoint_node-2] [INFO] [1768033762.165325140] [superpoint_node]: Keypoints estratti: 800
[superpoint_node-2] [ERROR] [1768033762.172286399] [superpoint_node]: Errore pubblicazione keypoints 3D: could not assign tuple of length 3 to structure with 4 fields.
[superpoint_node-2] [INFO] [1768033762.265436361] [superpoint_node]: Keypoints estratti: 800
[superpoint_node-2] [ERROR] [1768033762.274235282] [superpoint_node]: Errore pubblicazione keypoints 3D: could not assign tuple of length 3 to structure with 4 fields.
[rtabmap-14] [INFO] [1768033762.331359588] [rtabmap]: rtabmap (554): Rate=0.50s, Limit=0.001s, Conversion=0.0002s, RTAB-Map=0.0410s, Maps update=0.0004s pub=0.0043s delay=0.1152s (local map=0, WM=0)
[superpoint_node-2] [INFO] [1768033762.377895568] [superpoint_node]: Keypoints estratti: 800
[superpoint_node-2] [ERROR] [1768033762.384760326] [superpoint_node]: Errore pubblicazione keypoints 3D: could not assign tuple of length 3 to structure with 4 fields.
[superpoint_node-2] [INFO] [1768033762.473534568] [superpoint_node]: Keypoints estratti: 800
[superpoint_node-2] [ERROR] [1768033762.482425990] [superpoint_node]: Errore pubblicazione keypoints 3D: could not assign tuple of length 3 to structure with 4 fields.
[superpoint_node-2] [INFO] [1768033762.576075734] [superpoint_node]: Keypoints estratti: 800
[superpoint_node-2] [ERROR] [1768033762.583289976] [superpoint_node]: Errore pubblicazione keypoints 3D: could not assign tuple of length 3 to structure with 4 fields.
[superpoint_node-2] [INFO] [1768033762.679344368] [superpoint_node]: Keypoints estratti: 800
[superpoint_node-2] [ERROR] [1768033762.686287145] [superpoint_node]: Errore pubblicazione keypoints 3D: could not assign tuple of length 3 to structure with 4 fields.
[superpoint_node-2] [INFO] [1768033762.781699680] [superpoint_node]: Keypoints estratti: 800
[superpoint_node-2] [ERROR] [1768033762.789249574] [superpoint_node]: Errore pubblicazione keypoints 3D: could not assign tuple of length 3 to structure with 4 fields.
[rtabmap-14] [INFO] [1768033762.795800015] [rtabmap]: rtabmap (555): Rate=0.50s, Limit=0.001s, Conversion=0.0006s, RTAB-Map=0.0423s, Maps update=0.0002s pub=0.0023s delay=0.0683s (local map=0, WM=0)
[superpoint_node-2] [INFO] [1768033762.884158494] [superpoint_node]: Keypoints estratti: 800
[superpoint_node-2] [ERROR] [1768033762.892272799] [superpoint_node]: Errore pubblicazione keypoints 3D: could not assign tuple of length 3 to structure with 4 fields.
[superpoint_node-2] [INFO] [1768033762.987385665] [superpoint_node]: Keypoints estratti: 800
[superpoint_node-2] [ERROR] [1768033762.994816205] [superpoint_node]: Errore pubblicazione keypoints 3D: could not assign tuple of length 3 to structure with 4 fields.
[superpoint_node-2] [INFO] [1768033763.085380850] [superpoint_node]: Keypoints estratti: 800
[superpoint_node-2] [ERROR] [1768033763.092610463] [superpoint_node]: Errore pubblicazione keypoints 3D: could not assign tuple of length 3 to structure with 4 fields.
[rtabmap-14] [33m[ WARN] (2026-01-10 09:29:18.488) MapsManager.cpp:863::publishMaps() Graph has changed! The whole cloud is regenerated.[0m
[rtabmap-14] [33m[ WARN] (2026-01-10 09:29:18.489) OccupancyGrid.cpp:169::getProbMap() Map info is empty, cannot generate probabilistic occupancy grid[0m
[rtabmap-14] [33m[ WARN] (2026-01-10 09:29:18.614) CoreWrapper.cpp:1227::odomTFUpdate() Odometry is reset (identity pose detected). Increment map id![0m
[rtabmap-14] [33m[ WARN] (2026-01-10 09:29:19.051) MapsManager.cpp:863::publishMaps() Graph has changed! The whole cloud is regenerated.[0m
[rtabmap-14] [33m[ WARN] (2026-01-10 09:29:19.052) OccupancyGrid.cpp:169::getProbMap() Map info is empty, cannot generate probabilistic occupancy grid[0m
[rtabmap-14] [33m[ WARN] (2026-01-10 09:29:19.537) MapsManager.cpp:863::publishMaps() Graph has changed! The whole cloud is regenerated.[0m
[rtabmap-14] [33m[ WARN] (2026-01-10 09:29:19.538) OccupancyGrid.cpp:169::getProbMap() Map info is empty, cannot generate probabilistic occupancy grid[0m
[rtabmap-14] [33m[ WARN] (2026-01-10 09:29:20.155) MapsManager.cpp:863::publishMaps() Graph has changed! The whole cloud is regenerated.[0m
[rtabmap-14] [33m[ WARN] (2026-01-10 09:29:20.156) OccupancyGrid.cpp:169::getProbMap() Map info is empty, cannot generate probabilistic occupancy grid[0m
[rtabmap-14] [33m[ WARN] (2026-01-10 09:29:20.655) MapsManager.cpp:863::publishMaps() Graph has changed! The whole cloud is regenerated.[0m
[rtabmap-14] [33m[ WARN] (2026-01-10 09:29:20.655) OccupancyGrid.cpp:169::getProbMap() Map info is empty, cannot generate probabilistic occupancy grid[0m
[rtabmap-14] [33m[ WARN] (2026-01-10 09:29:21.200) MapsManager.cpp:863::publishMaps() Graph has changed! The whole cloud is regenerated.[0m
[rtabmap-14] [33m[ WARN] (2026-01-10 09:29:21.201) OccupancyGrid.cpp:169::getProbMap() Map info is empty, cannot generate probabilistic occupancy grid[0m
[rtabmap-14] [33m[ WARN] (2026-01-10 09:29:21.824) MapsManager.cpp:863::publishMaps() Graph has changed! The whole cloud is regenerated.[0m
[rtabmap-14] [33m[ WARN] (2026-01-10 09:29:21.828) OccupancyGrid.cpp:169::getProbMap() Map info is empty, cannot generate probabilistic occupancy grid[0m
[rtabmap-14] [33m[ WARN] (2026-01-10 09:29:22.327) MapsManager.cpp:863::publishMaps() Graph has changed! The whole cloud is regenerated.[0m
[rtabmap-14] [33m[ WARN] (2026-01-10 09:29:22.327) OccupancyGrid.cpp:169::getProbMap() Map info is empty, cannot generate probabilistic occupancy grid[0m
[rtabmap-14] [33m[ WARN] (2026-01-10 09:29:22.794) MapsManager.cpp:863::publishMaps() Graph has changed! The whole cloud is regenerated.[0m
[rtabmap-14] [33m[ WARN] (2026-01-10 09:29:22.795) OccupancyGrid.cpp:169::getProbMap() Map info is empty, cannot generate probabilistic occupancy grid[0m
[superpoint_node-2] [INFO] [1768033763.215069713] [superpoint_node]: Keypoints estratti: 800
[superpoint_node-2] [ERROR] [1768033763.221819025] [superpoint_node]: Errore pubblicazione keypoints 3D: could not assign tuple of length 3 to structure with 4 fields.
[superpoint_node-2] [INFO] [1768033763.326026038] [superpoint_node]: Keypoints estratti: 800
[superpoint_node-2] [ERROR] [1768033763.334188788] [superpoint_node]: Errore pubblicazione keypoints 3D: could not assign tuple of length 3 to structure with 4 fields.
[rtabmap-14] [INFO] [1768033763.356069239] [rtabmap]: rtabmap (556): Rate=0.50s, Limit=0.001s, Conversion=0.0004s, RTAB-Map=0.0408s, Maps update=0.0020s pub=0.0012s delay=0.0866s (local map=0, WM=0)
[superpoint_node-2] [INFO] [1768033763.424908563] [superpoint_node]: Keypoints estratti: 800
[superpoint_node-2] [ERROR] [1768033763.431991231] [superpoint_node]: Errore pubblicazione keypoints 3D: could not assign tuple of length 3 to structure with 4 fields.
[superpoint_node-2] [INFO] [1768033763.523487735] [superpoint_node]: Keypoints estratti: 800
[superpoint_node-2] [ERROR] [1768033763.530307530] [superpoint_node]: Errore pubblicazione keypoints 3D: could not assign tuple of length 3 to structure with 4 fields.
[superpoint_node-2] [INFO] [1768033763.621033361] [superpoint_node]: Keypoints estratti: 800
[superpoint_node-2] [ERROR] [1768033763.627822581] [superpoint_node]: Errore pubblicazione keypoints 3D: could not assign tuple of length 3 to structure with 4 fields.
[superpoint_node-2] [INFO] [1768033763.724279569] [superpoint_node]: Keypoints estratti: 800
[superpoint_node-2] [ERROR] [1768033763.731260402] [superpoint_node]: Errore pubblicazione keypoints 3D: could not assign tuple of length 3 to structure with 4 fields.
[superpoint_node-2] [INFO] [1768033763.824066083] [superpoint_node]: Keypoints estratti: 800
[superpoint_node-2] [ERROR] [1768033763.831164214] [superpoint_node]: Errore pubblicazione keypoints 3D: could not assign tuple of length 3 to structure with 4 fields.
[rtabmap-14] [INFO] [1768033763.866054157] [rtabmap]: rtabmap (557): Rate=0.50s, Limit=0.001s, Conversion=0.0002s, RTAB-Map=0.0442s, Maps update=0.0020s pub=0.0025s delay=0.0918s (local map=0, WM=0)
[superpoint_node-2] [INFO] [1768033763.927732684] [superpoint_node]: Keypoints estratti: 800
[superpoint_node-2] [ERROR] [1768033763.934651628] [superpoint_node]: Errore pubblicazione keypoints 3D: could not assign tuple of length 3 to structure with 4 fields.
[superpoint_node-2] [INFO] [1768033764.026761433] [superpoint_node]: Keypoints estratti: 800
[superpoint_node-2] [ERROR] [1768033764.033608987] [superpoint_node]: Errore pubblicazione keypoints 3D: could not assign tuple of length 3 to structure with 4 fields.
[superpoint_node-2] [INFO] [1768033764.126091758] [superpoint_node]: Keypoints estratti: 800
[superpoint_node-2] [ERROR] [1768033764.132928072] [superpoint_node]: Errore pubblicazione keypoints 3D: could not assign tuple of length 3 to structure with 4 fields.
[superpoint_node-2] [INFO] [1768033764.225178137] [superpoint_node]: Keypoints estratti: 800
[superpoint_node-2] [ERROR] [1768033764.232440954] [superpoint_node]: Errore pubblicazione keypoints 3D: could not assign tuple of length 3 to structure with 4 fields.
[superpoint_node-2] [INFO] [1768033764.329199944] [superpoint_node]: Keypoints estratti: 800
[superpoint_node-2] [ERROR] [1768033764.338364795] [superpoint_node]: Errore pubblicazione keypoints 3D: could not assign tuple of length 3 to structure with 4 fields.
[rtabmap-14] [INFO] [1768033764.363245863] [rtabmap]: rtabmap (558): Rate=0.50s, Limit=0.001s, Conversion=0.0004s, RTAB-Map=0.0434s, Maps update=0.0008s pub=0.0071s delay=0.0881s (local map=0, WM=0)
[superpoint_node-2] [INFO] [1768033764.427568318] [superpoint_node]: Keypoints estratti: 800
[superpoint_node-2] [ERROR] [1768033764.434415094] [superpoint_node]: Errore pubblicazione keypoints 3D: could not assign tuple of length 3 to structure with 4 fields.
[superpoint_node-2] [INFO] [1768033764.527812576] [superpoint_node]: Keypoints estratti: 800
[superpoint_node-2] [ERROR] [1768033764.534796743] [superpoint_node]: Errore pubblicazione keypoints 3D: could not assign tuple of length 3 to structure with 4 fields.
[superpoint_node-2] [INFO] [1768033764.625310609] [superpoint_node]: Keypoints estratti: 800
[superpoint_node-2] [ERROR] [1768033764.632418870] [superpoint_node]: Errore pubblicazione keypoints 3D: could not assign tuple of length 3 to structure with 4 fields.
[superpoint_node-2] [INFO] [1768033764.722989903] [superpoint_node]: Keypoints estratti: 800
[superpoint_node-2] [ERROR] [1768033764.729882736] [superpoint_node]: Errore pubblicazione keypoints 3D: could not assign tuple of length 3 to structure with 4 fields.
[superpoint_node-2] [INFO] [1768033764.819205389] [superpoint_node]: Keypoints estratti: 800
[superpoint_node-2] [ERROR] [1768033764.826121129] [superpoint_node]: Errore pubblicazione keypoints 3D: could not assign tuple of length 3 to structure with 4 fields.
[rtabmap-14] [INFO] [1768033764.915471042] [rtabmap]: rtabmap (559): Rate=0.50s, Limit=0.001s, Conversion=0.0003s, RTAB-Map=0.0314s, Maps update=0.0005s pub=0.0021s delay=0.0459s (local map=0, WM=0)
[superpoint_node-2] [INFO] [1768033764.923108455] [superpoint_node]: Keypoints estratti: 800
[superpoint_node-2] [ERROR] [1768033764.929808100] [superpoint_node]: Errore pubblicazione keypoints 3D: could not assign tuple of length 3 to structure with 4 fields.
[superpoint_node-2] [INFO] [1768033765.022512040] [superpoint_node]: Keypoints estratti: 800
[superpoint_node-2] [ERROR] [1768033765.029230834] [superpoint_node]: Errore pubblicazione keypoints 3D: could not assign tuple of length 3 to structure with 4 fields.
[superpoint_node-2] [INFO] [1768033765.122868059] [superpoint_node]: Keypoints estratti: 800
[superpoint_node-2] [ERROR] [1768033765.129817799] [superpoint_node]: Errore pubblicazione keypoints 3D: could not assign tuple of length 3 to structure with 4 fields.
[superpoint_node-2] [INFO] [1768033765.245626163] [superpoint_node]: Keypoints estratti: 800
[superpoint_node-2] [ERROR] [1768033765.253346761] [superpoint_node]: Errore pubblicazione keypoints 3D: could not assign tuple of length 3 to structure with 4 fields.
[superpoint_node-2] [INFO] [1768033765.346103645] [superpoint_node]: Keypoints estratti: 800
[superpoint_node-2] [ERROR] [1768033765.355509868] [superpoint_node]: Errore pubblicazione keypoints 3D: could not assign tuple of length 3 to structure with 4 fields.
[superpoint_node-2] [INFO] [1768033765.450843236] [superpoint_node]: Keypoints estratti: 800
[superpoint_node-2] [ERROR] [1768033765.457803347] [superpoint_node]: Errore pubblicazione keypoints 3D: could not assign tuple of length 3 to structure with 4 fields.
[rtabmap-14] [INFO] [1768033765.493863503] [rtabmap]: rtabmap (560): Rate=0.50s, Limit=0.001s, Conversion=0.0002s, RTAB-Map=0.0434s, Maps update=0.0003s pub=0.0012s delay=0.0952s (local map=0, WM=0)
[superpoint_node-2] [INFO] [1768033765.554663393] [superpoint_node]: Keypoints estratti: 800
[superpoint_node-2] [ERROR] [1768033765.561601522] [superpoint_node]: Errore pubblicazione keypoints 3D: could not assign tuple of length 3 to structure with 4 fields.
[superpoint_node-2] [INFO] [1768033765.652474873] [superpoint_node]: Keypoints estratti: 800
[superpoint_node-2] [ERROR] [1768033765.659392595] [superpoint_node]: Errore pubblicazione keypoints 3D: could not assign tuple of length 3 to structure with 4 fields.
[superpoint_node-2] [INFO] [1768033765.783701044] [superpoint_node]: Keypoints estratti: 800
[superpoint_node-2] [ERROR] [1768033765.790898713] [superpoint_node]: Errore pubblicazione keypoints 3D: could not assign tuple of length 3 to structure with 4 fields.
[superpoint_node-2] [INFO] [1768033765.917363550] [superpoint_node]: Keypoints estratti: 800
[superpoint_node-2] [ERROR] [1768033765.924620015] [superpoint_node]: Errore pubblicazione keypoints 3D: could not assign tuple of length 3 to structure with 4 fields.
[rtabmap-14] [INFO] [1768033766.017769976] [rtabmap]: rtabmap (561): Rate=0.50s, Limit=0.001s, Conversion=0.0003s, RTAB-Map=0.0282s, Maps update=0.0004s pub=0.0022s delay=0.0481s (local map=0, WM=0)
[superpoint_node-2] [INFO] [1768033766.024848181] [superpoint_node]: Keypoints estratti: 800
[superpoint_node-2] [ERROR] [1768033766.031858347] [superpoint_node]: Errore pubblicazione keypoints 3D: could not assign tuple of length 3 to structure with 4 fields.
[superpoint_node-2] [INFO] [1768033766.124734788] [superpoint_node]: Keypoints estratti: 800
[superpoint_node-2] [ERROR] [1768033766.131396508] [superpoint_node]: Errore pubblicazione keypoints 3D: could not assign tuple of length 3 to structure with 4 fields.
[superpoint_node-2] [INFO] [1768033766.224351005] [superpoint_node]: Keypoints estratti: 800
[superpoint_node-2] [ERROR] [1768033766.231518636] [superpoint_node]: Errore pubblicazione keypoints 3D: could not assign tuple of length 3 to structure with 4 fields.
[superpoint_node-2] [INFO] [1768033766.322962473] [superpoint_node]: Keypoints estratti: 800
[superpoint_node-2] [ERROR] [1768033766.329964954] [superpoint_node]: Errore pubblicazione keypoints 3D: could not assign tuple of length 3 to structure with 4 fields.
[superpoint_node-2] [INFO] [1768033766.422601653] [superpoint_node]: Keypoints estratti: 800
[superpoint_node-2] [ERROR] [1768033766.429308669] [superpoint_node]: Errore pubblicazione keypoints 3D: could not assign tuple of length 3 to structure with 4 fields.
[superpoint_node-2] [INFO] [1768033766.522299740] [superpoint_node]: Keypoints estratti: 800
[superpoint_node-2] [ERROR] [1768033766.531053069] [superpoint_node]: Errore pubblicazione keypoints 3D: could not assign tuple of length 3 to structure with 4 fields.
[rtabmap-14] [INFO] [1768033766.538391572] [rtabmap]: rtabmap (562): Rate=0.50s, Limit=0.001s, Conversion=0.0003s, RTAB-Map=0.0223s, Maps update=0.0003s pub=0.0025s delay=0.0667s (local map=0, WM=0)
[superpoint_node-2] [INFO] [1768033766.627047868] [superpoint_node]: Keypoints estratti: 800
[superpoint_node-2] [ERROR] [1768033766.634014775] [superpoint_node]: Errore pubblicazione keypoints 3D: could not assign tuple of length 3 to structure with 4 fields.
[superpoint_node-2] [INFO] [1768033766.744339262] [superpoint_node]: Keypoints estratti: 800
[superpoint_node-2] [ERROR] [1768033766.753419519] [superpoint_node]: Errore pubblicazione keypoints 3D: could not assign tuple of length 3 to structure with 4 fields.
[superpoint_node-2] [INFO] [1768033766.844627039] [superpoint_node]: Keypoints estratti: 800
[superpoint_node-2] [ERROR] [1768033766.851651817] [superpoint_node]: Errore pubblicazione keypoints 3D: could not assign tuple of length 3 to structure with 4 fields.
[superpoint_node-2] [INFO] [1768033766.944032402] [superpoint_node]: Keypoints estratti: 800
[superpoint_node-2] [ERROR] [1768033766.951390146] [superpoint_node]: Errore pubblicazione keypoints 3D: could not assign tuple of length 3 to structure with 4 fields.
[superpoint_node-2] [INFO] [1768033767.052762858] [superpoint_node]: Keypoints estratti: 800
[superpoint_node-2] [ERROR] [1768033767.059944970] [superpoint_node]: Errore pubblicazione keypoints 3D: could not assign tuple of length 3 to structure with 4 fields.
[rtabmap-14] [INFO] [1768033767.065379440] [rtabmap]: rtabmap (563): Rate=0.50s, Limit=0.001s, Conversion=0.0002s, RTAB-Map=0.0445s, Maps update=0.0009s pub=0.0030s delay=0.0726s (local map=0, WM=0)
[superpoint_node-2] [INFO] [1768033767.153084636] [superpoint_node]: Keypoints estratti: 800
[superpoint_node-2] [ERROR] [1768033767.161594092] [superpoint_node]: Errore pubblicazione keypoints 3D: could not assign tuple of length 3 to structure with 4 fields.
[superpoint_node-2] [INFO] [1768033767.319933053] [superpoint_node]: Keypoints estratti: 800
[superpoint_node-2] [ERROR] [1768033767.326935812] [superpoint_node]: Errore pubblicazione keypoints 3D: could not assign tuple of length 3 to structure with 4 fields.
[superpoint_node-2] [INFO] [1768033767.426179803] [superpoint_node]: Keypoints estratti: 800
[superpoint_node-2] [ERROR] [1768033767.433354731] [superpoint_node]: Errore pubblicazione keypoints 3D: could not assign tuple of length 3 to structure with 4 fields.
[superpoint_node-2] [INFO] [1768033767.530595614] [superpoint_node]: Keypoints estratti: 800
[superpoint_node-2] [ERROR] [1768033767.538181507] [superpoint_node]: Errore pubblicazione keypoints 3D: could not assign tuple of length 3 to structure with 4 fields.
[superpoint_node-2] [INFO] [1768033767.639525682] [superpoint_node]: Keypoints estratti: 800
[superpoint_node-2] [ERROR] [1768033767.648915645] [superpoint_node]: Errore pubblicazione keypoints 3D: could not assign tuple of length 3 to structure with 4 fields.
[rtabmap-14] [INFO] [1768033767.689114853] [rtabmap]: rtabmap (564): Rate=0.50s, Limit=0.001s, Conversion=0.0019s, RTAB-Map=0.0396s, Maps update=0.0003s pub=0.0012s delay=0.1028s (local map=0, WM=0)
[superpoint_node-2] [INFO] [1768033767.751064901] [superpoint_node]: Keypoints estratti: 800
[superpoint_node-2] [ERROR] [1768033767.758843481] [superpoint_node]: Errore pubblicazione keypoints 3D: could not assign tuple of length 3 to structure with 4 fields.
[superpoint_node-2] [INFO] [1768033767.853522288] [superpoint_node]: Keypoints estratti: 800
[superpoint_node-2] [ERROR] [1768033767.860879976] [superpoint_node]: Errore pubblicazione keypoints 3D: could not assign tuple of length 3 to structure with 4 fields.
[superpoint_node-2] [INFO] [1768033767.954504441] [superpoint_node]: Keypoints estratti: 800
[superpoint_node-2] [ERROR] [1768033767.961955815] [superpoint_node]: Errore pubblicazione keypoints 3D: could not assign tuple of length 3 to structure with 4 fields.
[superpoint_node-2] [INFO] [1768033768.060558931] [superpoint_node]: Keypoints estratti: 800
[superpoint_node-2] [ERROR] [1768033768.067888378] [superpoint_node]: Errore pubblicazione keypoints 3D: could not assign tuple of length 3 to structure with 4 fields.
[rtabmap-14] [33m[ WARN] (2026-01-10 09:29:23.272) CoreWrapper.cpp:1227::odomTFUpdate() Odometry is reset (identity pose detected). Increment map id![0m
[rtabmap-14] [33m[ WARN] (2026-01-10 09:29:23.354) MapsManager.cpp:863::publishMaps() Graph has changed! The whole cloud is regenerated.[0m
[rtabmap-14] [33m[ WARN] (2026-01-10 09:29:23.355) OccupancyGrid.cpp:169::getProbMap() Map info is empty, cannot generate probabilistic occupancy grid[0m
[rtabmap-14] [33m[ WARN] (2026-01-10 09:29:23.863) MapsManager.cpp:863::publishMaps() Graph has changed! The whole cloud is regenerated.[0m
[rtabmap-14] [33m[ WARN] (2026-01-10 09:29:23.864) OccupancyGrid.cpp:169::getProbMap() Map info is empty, cannot generate probabilistic occupancy grid[0m
[rtabmap-14] [33m[ WARN] (2026-01-10 09:29:24.356) MapsManager.cpp:863::publishMaps() Graph has changed! The whole cloud is regenerated.[0m
[rtabmap-14] [33m[ WARN] (2026-01-10 09:29:24.361) OccupancyGrid.cpp:169::getProbMap() Map info is empty, cannot generate probabilistic occupancy grid[0m
[rtabmap-14] [33m[ WARN] (2026-01-10 09:29:24.913) MapsManager.cpp:863::publishMaps() Graph has changed! The whole cloud is regenerated.[0m
[rtabmap-14] [33m[ WARN] (2026-01-10 09:29:24.914) OccupancyGrid.cpp:169::getProbMap() Map info is empty, cannot generate probabilistic occupancy grid[0m
[rtabmap-14] [33m[ WARN] (2026-01-10 09:29:25.492) MapsManager.cpp:863::publishMaps() Graph has changed! The whole cloud is regenerated.[0m
[rtabmap-14] [33m[ WARN] (2026-01-10 09:29:25.493) OccupancyGrid.cpp:169::getProbMap() Map info is empty, cannot generate probabilistic occupancy grid[0m
[rtabmap-14] [33m[ WARN] (2026-01-10 09:29:26.015) MapsManager.cpp:863::publishMaps() Graph has changed! The whole cloud is regenerated.[0m
[rtabmap-14] [33m[ WARN] (2026-01-10 09:29:26.016) OccupancyGrid.cpp:169::getProbMap() Map info is empty, cannot generate probabilistic occupancy grid[0m
[rtabmap-14] [33m[ WARN] (2026-01-10 09:29:26.535) MapsManager.cpp:863::publishMaps() Graph has changed! The whole cloud is regenerated.[0m
[rtabmap-14] [33m[ WARN] (2026-01-10 09:29:26.537) OccupancyGrid.cpp:169::getProbMap() Map info is empty, cannot generate probabilistic occupancy grid[0m
[rtabmap-14] [33m[ WARN] (2026-01-10 09:29:27.062) MapsManager.cpp:863::publishMaps() Graph has changed! The whole cloud is regenerated.[0m
[rtabmap-14] [33m[ WARN] (2026-01-10 09:29:27.063) OccupancyGrid.cpp:169::getProbMap() Map info is empty, cannot generate probabilistic occupancy grid[0m
[rtabmap-14] [33m[ WARN] (2026-01-10 09:29:27.221) CoreWrapper.cpp:1227::odomTFUpdate() Odometry is reset (identity pose detected). Increment map id![0m
[rtabmap-14] [33m[ WARN] (2026-01-10 09:29:27.687) MapsManager.cpp:863::publishMaps() Graph has changed! The whole cloud is regenerated.[0m
[rtabmap-14] [33m[ WARN] (2026-01-10 09:29:27.688) OccupancyGrid.cpp:169::getProbMap() Map info is empty, cannot generate probabilistic occupancy grid[0m
[superpoint_node-2] [INFO] [1768033768.161306638] [superpoint_node]: Keypoints estratti: 800
[superpoint_node-2] [ERROR] [1768033768.168368139] [superpoint_node]: Errore pubblicazione keypoints 3D: could not assign tuple of length 3 to structure with 4 fields.
[rtabmap-14] [INFO] [1768033768.242977564] [rtabmap]: rtabmap (565): Rate=0.50s, Limit=0.001s, Conversion=0.0002s, RTAB-Map=0.0555s, Maps update=0.0007s pub=0.0026s delay=0.1313s (local map=0, WM=0)
[superpoint_node-2] [INFO] [1768033768.265937395] [superpoint_node]: Keypoints estratti: 800
[superpoint_node-2] [ERROR] [1768033768.273139026] [superpoint_node]: Errore pubblicazione keypoints 3D: could not assign tuple of length 3 to structure with 4 fields.
[superpoint_node-2] [INFO] [1768033768.371070933] [superpoint_node]: Keypoints estratti: 800
[superpoint_node-2] [ERROR] [1768033768.378611363] [superpoint_node]: Errore pubblicazione keypoints 3D: could not assign tuple of length 3 to structure with 4 fields.
[superpoint_node-2] [INFO] [1768033768.475130092] [superpoint_node]: Keypoints estratti: 800
[superpoint_node-2] [ERROR] [1768033768.482440372] [superpoint_node]: Errore pubblicazione keypoints 3D: could not assign tuple of length 3 to structure with 4 fields.
[superpoint_node-2] [INFO] [1768033768.576692046] [superpoint_node]: Keypoints estratti: 800
[superpoint_node-2] [ERROR] [1768033768.583911048] [superpoint_node]: Errore pubblicazione keypoints 3D: could not assign tuple of length 3 to structure with 4 fields.
[superpoint_node-2] [INFO] [1768033768.680743465] [superpoint_node]: Keypoints estratti: 800
[superpoint_node-2] [ERROR] [1768033768.688236913] [superpoint_node]: Errore pubblicazione keypoints 3D: could not assign tuple of length 3 to structure with 4 fields.
[rtabmap-14] [INFO] [1768033768.739788526] [rtabmap]: rtabmap (566): Rate=0.50s, Limit=0.001s, Conversion=0.0005s, RTAB-Map=0.0499s, Maps update=0.0012s pub=0.0058s delay=0.1124s (local map=0, WM=0)
[superpoint_node-2] [INFO] [1768033768.785162757] [superpoint_node]: Keypoints estratti: 800
[superpoint_node-2] [ERROR] [1768033768.792156553] [superpoint_node]: Errore pubblicazione keypoints 3D: could not assign tuple of length 3 to structure with 4 fields.
[superpoint_node-2] [INFO] [1768033768.885012308] [superpoint_node]: Keypoints estratti: 800
[superpoint_node-2] [ERROR] [1768033768.891999549] [superpoint_node]: Errore pubblicazione keypoints 3D: could not assign tuple of length 3 to structure with 4 fields.
[superpoint_node-2] [INFO] [1768033769.018611869] [superpoint_node]: Keypoints estratti: 800
[superpoint_node-2] [ERROR] [1768033769.025599758] [superpoint_node]: Errore pubblicazione keypoints 3D: could not assign tuple of length 3 to structure with 4 fields.
[superpoint_node-2] [INFO] [1768033769.124557765] [superpoint_node]: Keypoints estratti: 800
[superpoint_node-2] [ERROR] [1768033769.131769767] [superpoint_node]: Errore pubblicazione keypoints 3D: could not assign tuple of length 3 to structure with 4 fields.
[superpoint_node-2] [INFO] [1768033769.228923149] [superpoint_node]: Keypoints estratti: 800
[superpoint_node-2] [ERROR] [1768033769.236086799] [superpoint_node]: Errore pubblicazione keypoints 3D: could not assign tuple of length 3 to structure with 4 fields.
[rtabmap-14] [INFO] [1768033769.309425344] [rtabmap]: rtabmap (567): Rate=0.50s, Limit=0.001s, Conversion=0.0002s, RTAB-Map=0.0634s, Maps update=0.0011s pub=0.0024s delay=0.1285s (local map=0, WM=0)
[superpoint_node-2] [INFO] [1768033769.340976779] [superpoint_node]: Keypoints estratti: 800
[superpoint_node-2] [ERROR] [1768033769.348793323] [superpoint_node]: Errore pubblicazione keypoints 3D: could not assign tuple of length 3 to structure with 4 fields.
[superpoint_node-2] [INFO] [1768033769.439014687] [superpoint_node]: Keypoints estratti: 800
[superpoint_node-2] [ERROR] [1768033769.446256282] [superpoint_node]: Errore pubblicazione keypoints 3D: could not assign tuple of length 3 to structure with 4 fields.
[superpoint_node-2] [INFO] [1768033769.540992034] [superpoint_node]: Keypoints estratti: 800
[superpoint_node-2] [ERROR] [1768033769.548978208] [superpoint_node]: Errore pubblicazione keypoints 3D: could not assign tuple of length 3 to structure with 4 fields.
[superpoint_node-2] [INFO] [1768033769.646209387] [superpoint_node]: Keypoints estratti: 800
[superpoint_node-2] [ERROR] [1768033769.653879652] [superpoint_node]: Errore pubblicazione keypoints 3D: could not assign tuple of length 3 to structure with 4 fields.
[superpoint_node-2] [INFO] [1768033769.756302706] [superpoint_node]: Keypoints estratti: 800
[superpoint_node-2] [ERROR] [1768033769.764065249] [superpoint_node]: Errore pubblicazione keypoints 3D: could not assign tuple of length 3 to structure with 4 fields.
[rtabmap-14] [INFO] [1768033769.805075759] [rtabmap]: rtabmap (568): Rate=0.50s, Limit=0.001s, Conversion=0.0003s, RTAB-Map=0.0497s, Maps update=0.0011s pub=0.0067s delay=0.1067s (local map=0, WM=0)
[superpoint_node-2] [INFO] [1768033769.867855832] [superpoint_node]: Keypoints estratti: 800
[superpoint_node-2] [ERROR] [1768033769.875393392] [superpoint_node]: Errore pubblicazione keypoints 3D: could not assign tuple of length 3 to structure with 4 fields.
[superpoint_node-2] [INFO] [1768033769.978096744] [superpoint_node]: Keypoints estratti: 800
[superpoint_node-2] [ERROR] [1768033769.985175670] [superpoint_node]: Errore pubblicazione keypoints 3D: could not assign tuple of length 3 to structure with 4 fields.
[superpoint_node-2] [INFO] [1768033770.086347936] [superpoint_node]: Keypoints estratti: 800
[superpoint_node-2] [ERROR] [1768033770.093259065] [superpoint_node]: Errore pubblicazione keypoints 3D: could not assign tuple of length 3 to structure with 4 fields.
[superpoint_node-2] [INFO] [1768033770.191542938] [superpoint_node]: Keypoints estratti: 800
[superpoint_node-2] [ERROR] [1768033770.198094583] [superpoint_node]: Errore pubblicazione keypoints 3D: could not assign tuple of length 3 to structure with 4 fields.
[rtabmap-14] [INFO] [1768033770.310253917] [rtabmap]: rtabmap (569): Rate=0.50s, Limit=0.001s, Conversion=0.0003s, RTAB-Map=0.0313s, Maps update=0.0006s pub=0.0024s delay=0.0657s (local map=0, WM=0)
[superpoint_node-2] [INFO] [1768033770.315133864] [superpoint_node]: Keypoints estratti: 800
[superpoint_node-2] [ERROR] [1768033770.322360847] [superpoint_node]: Errore pubblicazione keypoints 3D: could not assign tuple of length 3 to structure with 4 fields.
[superpoint_node-2] [INFO] [1768033770.420059345] [superpoint_node]: Keypoints estratti: 800
[superpoint_node-2] [ERROR] [1768033770.427054548] [superpoint_node]: Errore pubblicazione keypoints 3D: could not assign tuple of length 3 to structure with 4 fields.
[superpoint_node-2] [INFO] [1768033770.520790718] [superpoint_node]: Keypoints estratti: 800
[superpoint_node-2] [ERROR] [1768033770.527346918] [superpoint_node]: Errore pubblicazione keypoints 3D: could not assign tuple of length 3 to structure with 4 fields.
[superpoint_node-2] [INFO] [1768033770.623577997] [superpoint_node]: Keypoints estratti: 800
[superpoint_node-2] [ERROR] [1768033770.630601256] [superpoint_node]: Errore pubblicazione keypoints 3D: could not assign tuple of length 3 to structure with 4 fields.
[superpoint_node-2] [INFO] [1768033770.734566378] [superpoint_node]: Keypoints estratti: 800
[superpoint_node-2] [ERROR] [1768033770.743499449] [superpoint_node]: Errore pubblicazione keypoints 3D: could not assign tuple of length 3 to structure with 4 fields.
[superpoint_node-2] [INFO] [1768033770.833616386] [superpoint_node]: Keypoints estratti: 800
[superpoint_node-2] [ERROR] [1768033770.841104372] [superpoint_node]: Errore pubblicazione keypoints 3D: could not assign tuple of length 3 to structure with 4 fields.
[rtabmap-14] [INFO] [1768033770.887487110] [rtabmap]: rtabmap (570): Rate=0.50s, Limit=0.001s, Conversion=0.0002s, RTAB-Map=0.0380s, Maps update=0.0003s pub=0.0057s delay=0.0997s (local map=0, WM=0)
[superpoint_node-2] [INFO] [1768033770.934317704] [superpoint_node]: Keypoints estratti: 800
[superpoint_node-2] [ERROR] [1768033770.941487557] [superpoint_node]: Errore pubblicazione keypoints 3D: could not assign tuple of length 3 to structure with 4 fields.
[superpoint_node-2] [INFO] [1768033771.029825648] [superpoint_node]: Keypoints estratti: 800
[superpoint_node-2] [ERROR] [1768033771.037194780] [superpoint_node]: Errore pubblicazione keypoints 3D: could not assign tuple of length 3 to structure with 4 fields.
[superpoint_node-2] [INFO] [1768033771.127136105] [superpoint_node]: Keypoints estratti: 800
[superpoint_node-2] [ERROR] [1768033771.133852121] [superpoint_node]: Errore pubblicazione keypoints 3D: could not assign tuple of length 3 to structure with 4 fields.
[superpoint_node-2] [INFO] [1768033771.221823468] [superpoint_node]: Keypoints estratti: 800
[superpoint_node-2] [ERROR] [1768033771.228340834] [superpoint_node]: Errore pubblicazione keypoints 3D: could not assign tuple of length 3 to structure with 4 fields.
[superpoint_node-2] [INFO] [1768033771.318962498] [superpoint_node]: Keypoints estratti: 800
[superpoint_node-2] [ERROR] [1768033771.331781507] [superpoint_node]: Errore pubblicazione keypoints 3D: could not assign tuple of length 3 to structure with 4 fields.
[superpoint_node-2] [INFO] [1768033771.422564024] [superpoint_node]: Keypoints estratti: 800
[superpoint_node-2] [ERROR] [1768033771.430494235] [superpoint_node]: Errore pubblicazione keypoints 3D: could not assign tuple of length 3 to structure with 4 fields.
[rtabmap-14] [INFO] [1768033771.438920784] [rtabmap]: rtabmap (571): Rate=0.50s, Limit=0.001s, Conversion=0.0002s, RTAB-Map=0.0192s, Maps update=0.0003s pub=0.0011s delay=0.0670s (local map=0, WM=0)
[superpoint_node-2] [INFO] [1768033771.521287937] [superpoint_node]: Keypoints estratti: 800
[superpoint_node-2] [ERROR] [1768033771.527967379] [superpoint_node]: Errore pubblicazione keypoints 3D: could not assign tuple of length 3 to structure with 4 fields.
[superpoint_node-2] [INFO] [1768033771.619098492] [superpoint_node]: Keypoints estratti: 800
[superpoint_node-2] [ERROR] [1768033771.625792897] [superpoint_node]: Errore pubblicazione keypoints 3D: could not assign tuple of length 3 to structure with 4 fields.
[superpoint_node-2] [INFO] [1768033771.715318292] [superpoint_node]: Keypoints estratti: 800
[superpoint_node-2] [ERROR] [1768033771.721938271] [superpoint_node]: Errore pubblicazione keypoints 3D: could not assign tuple of length 3 to structure with 4 fields.
[superpoint_node-2] [INFO] [1768033771.820293829] [superpoint_node]: Keypoints estratti: 800
[superpoint_node-2] [ERROR] [1768033771.827796000] [superpoint_node]: Errore pubblicazione keypoints 3D: could not assign tuple of length 3 to structure with 4 fields.
[superpoint_node-2] [INFO] [1768033771.929057656] [superpoint_node]: Keypoints estratti: 800
[superpoint_node-2] [ERROR] [1768033771.936325658] [superpoint_node]: Errore pubblicazione keypoints 3D: could not assign tuple of length 3 to structure with 4 fields.
[superpoint_node-2] [INFO] [1768033772.050890734] [superpoint_node]: Keypoints estratti: 800
[superpoint_node-2] [ERROR] [1768033772.064095190] [superpoint_node]: Errore pubblicazione keypoints 3D: could not assign tuple of length 3 to structure with 4 fields.
[rtabmap-14] [INFO] [1768033772.105617631] [rtabmap]: rtabmap (572): Rate=0.50s, Limit=0.001s, Conversion=0.0003s, RTAB-Map=0.0517s, Maps update=0.0004s pub=0.0013s delay=0.1207s (local map=0, WM=0)
[superpoint_node-2] [INFO] [1768033772.182464167] [superpoint_node]: Keypoints estratti: 800
[superpoint_node-2] [ERROR] [1768033772.191839686] [superpoint_node]: Errore pubblicazione keypoints 3D: could not assign tuple of length 3 to structure with 4 fields.
[superpoint_node-2] [INFO] [1768033772.299740431] [superpoint_node]: Keypoints estratti: 800
[superpoint_node-2] [ERROR] [1768033772.311354783] [superpoint_node]: Errore pubblicazione keypoints 3D: could not assign tuple of length 3 to structure with 4 fields.
[superpoint_node-2] [INFO] [1768033772.419335084] [superpoint_node]: Keypoints estratti: 800
[superpoint_node-2] [ERROR] [1768033772.428002764] [superpoint_node]: Errore pubblicazione keypoints 3D: could not assign tuple of length 3 to structure with 4 fields.
[superpoint_node-2] [INFO] [1768033772.540105691] [superpoint_node]: Keypoints estratti: 800
[superpoint_node-2] [ERROR] [1768033772.548567999] [superpoint_node]: Errore pubblicazione keypoints 3D: could not assign tuple of length 3 to structure with 4 fields.
[rtabmap-14] [INFO] [1768033772.720761199] [rtabmap]: rtabmap (573): Rate=0.50s, Limit=0.001s, Conversion=0.0004s, RTAB-Map=0.0607s, Maps update=0.0005s pub=0.0073s delay=0.1189s (local map=0, WM=0)
[superpoint_node-2] [INFO] [1768033772.723430165] [superpoint_node]: Keypoints estratti: 800
[superpoint_node-2] [ERROR] [1768033772.731058077] [superpoint_node]: Errore pubblicazione keypoints 3D: could not assign tuple of length 3 to structure with 4 fields.
[superpoint_node-2] [INFO] [1768033772.830107956] [superpoint_node]: Keypoints estratti: 800
[superpoint_node-2] [ERROR] [1768033772.837601682] [superpoint_node]: Errore pubblicazione keypoints 3D: could not assign tuple of length 3 to structure with 4 fields.
[superpoint_node-2] [INFO] [1768033772.926331627] [superpoint_node]: Keypoints estratti: 800
[superpoint_node-2] [ERROR] [1768033772.932930772] [superpoint_node]: Errore pubblicazione keypoints 3D: could not assign tuple of length 3 to structure with 4 fields.
[superpoint_node-2] [INFO] [1768033773.022570391] [superpoint_node]: Keypoints estratti: 800
[superpoint_node-2] [ERROR] [1768033773.029236592] [superpoint_node]: Errore pubblicazione keypoints 3D: could not assign tuple of length 3 to structure with 4 fields.
[superpoint_node-2] [INFO] [1768033773.122559759] [superpoint_node]: Keypoints estratti: 800
[superpoint_node-2] [ERROR] [1768033773.129111255] [superpoint_node]: Errore pubblicazione keypoints 3D: could not assign tuple of length 3 to structure with 4 fields.
[rtabmap-14] [33m[ WARN] (2026-01-10 09:29:28.240) MapsManager.cpp:863::publishMaps() Graph has changed! The whole cloud is regenerated.[0m
[rtabmap-14] [33m[ WARN] (2026-01-10 09:29:28.241) OccupancyGrid.cpp:169::getProbMap() Map info is empty, cannot generate probabilistic occupancy grid[0m
[rtabmap-14] [33m[ WARN] (2026-01-10 09:29:28.733) MapsManager.cpp:863::publishMaps() Graph has changed! The whole cloud is regenerated.[0m
[rtabmap-14] [33m[ WARN] (2026-01-10 09:29:28.737) OccupancyGrid.cpp:169::getProbMap() Map info is empty, cannot generate probabilistic occupancy grid[0m
[rtabmap-14] [33m[ WARN] (2026-01-10 09:29:29.307) MapsManager.cpp:863::publishMaps() Graph has changed! The whole cloud is regenerated.[0m
[rtabmap-14] [33m[ WARN] (2026-01-10 09:29:29.307) OccupancyGrid.cpp:169::getProbMap() Map info is empty, cannot generate probabilistic occupancy grid[0m
[rtabmap-14] [33m[ WARN] (2026-01-10 09:29:29.798) MapsManager.cpp:863::publishMaps() Graph has changed! The whole cloud is regenerated.[0m
[rtabmap-14] [33m[ WARN] (2026-01-10 09:29:29.802) OccupancyGrid.cpp:169::getProbMap() Map info is empty, cannot generate probabilistic occupancy grid[0m
[rtabmap-14] [33m[ WARN] (2026-01-10 09:29:30.307) MapsManager.cpp:863::publishMaps() Graph has changed! The whole cloud is regenerated.[0m
[rtabmap-14] [33m[ WARN] (2026-01-10 09:29:30.309) OccupancyGrid.cpp:169::getProbMap() Map info is empty, cannot generate probabilistic occupancy grid[0m
[rtabmap-14] [33m[ WARN] (2026-01-10 09:29:30.881) MapsManager.cpp:863::publishMaps() Graph has changed! The whole cloud is regenerated.[0m
[rtabmap-14] [33m[ WARN] (2026-01-10 09:29:30.885) OccupancyGrid.cpp:169::getProbMap() Map info is empty, cannot generate probabilistic occupancy grid[0m
[rtabmap-14] [33m[ WARN] (2026-01-10 09:29:31.437) MapsManager.cpp:863::publishMaps() Graph has changed! The whole cloud is regenerated.[0m
[rtabmap-14] [33m[ WARN] (2026-01-10 09:29:31.438) OccupancyGrid.cpp:169::getProbMap() Map info is empty, cannot generate probabilistic occupancy grid[0m
[rtabmap-14] [33m[ WARN] (2026-01-10 09:29:32.104) MapsManager.cpp:863::publishMaps() Graph has changed! The whole cloud is regenerated.[0m
[rtabmap-14] [33m[ WARN] (2026-01-10 09:29:32.104) OccupancyGrid.cpp:169::getProbMap() Map info is empty, cannot generate probabilistic occupancy grid[0m
[rtabmap-14] [33m[ WARN] (2026-01-10 09:29:32.713) MapsManager.cpp:863::publishMaps() Graph has changed! The whole cloud is regenerated.[0m
[rtabmap-14] [33m[ WARN] (2026-01-10 09:29:32.718) OccupancyGrid.cpp:169::getProbMap() Map info is empty, cannot generate probabilistic occupancy grid[0m
[superpoint_node-2] [INFO] [1768033773.227210164] [superpoint_node]: Keypoints estratti: 800
[superpoint_node-2] [ERROR] [1768033773.235845380] [superpoint_node]: Errore pubblicazione keypoints 3D: could not assign tuple of length 3 to structure with 4 fields.
[rtabmap-14] [INFO] [1768033773.263483729] [rtabmap]: rtabmap (574): Rate=0.50s, Limit=0.001s, Conversion=0.0002s, RTAB-Map=0.0441s, Maps update=0.0003s pub=0.0013s delay=0.0928s (local map=0, WM=0)
[superpoint_node-2] [INFO] [1768033773.327944704] [superpoint_node]: Keypoints estratti: 800
[superpoint_node-2] [ERROR] [1768033773.334922482] [superpoint_node]: Errore pubblicazione keypoints 3D: could not assign tuple of length 3 to structure with 4 fields.
[superpoint_node-2] [INFO] [1768033773.426659191] [superpoint_node]: Keypoints estratti: 800
[superpoint_node-2] [ERROR] [1768033773.433358374] [superpoint_node]: Errore pubblicazione keypoints 3D: could not assign tuple of length 3 to structure with 4 fields.
[superpoint_node-2] [INFO] [1768033773.521280387] [superpoint_node]: Keypoints estratti: 800
[superpoint_node-2] [ERROR] [1768033773.527753123] [superpoint_node]: Errore pubblicazione keypoints 3D: could not assign tuple of length 3 to structure with 4 fields.
[superpoint_node-2] [INFO] [1768033773.617550762] [superpoint_node]: Keypoints estratti: 800
[superpoint_node-2] [ERROR] [1768033773.624005684] [superpoint_node]: Errore pubblicazione keypoints 3D: could not assign tuple of length 3 to structure with 4 fields.
[superpoint_node-2] [INFO] [1768033773.718412600] [superpoint_node]: Keypoints estratti: 800
[superpoint_node-2] [ERROR] [1768033773.725567786] [superpoint_node]: Errore pubblicazione keypoints 3D: could not assign tuple of length 3 to structure with 4 fields.
[superpoint_node-2] [INFO] [1768033773.848901209] [superpoint_node]: Keypoints estratti: 800
[superpoint_node-2] [ERROR] [1768033773.856632271] [superpoint_node]: Errore pubblicazione keypoints 3D: could not assign tuple of length 3 to structure with 4 fields.
[rtabmap-14] [INFO] [1768033773.886378025] [rtabmap]: rtabmap (575): Rate=0.50s, Limit=0.001s, Conversion=0.0004s, RTAB-Map=0.0413s, Maps update=0.0003s pub=0.0012s delay=0.0846s (local map=0, WM=0)
[superpoint_node-2] [INFO] [1768033773.951697155] [superpoint_node]: Keypoints estratti: 800
[superpoint_node-2] [ERROR] [1768033773.958142410] [superpoint_node]: Errore pubblicazione keypoints 3D: could not assign tuple of length 3 to structure with 4 fields.
[superpoint_node-2] [INFO] [1768033774.047667380] [superpoint_node]: Keypoints estratti: 800
[superpoint_node-2] [ERROR] [1768033774.054478730] [superpoint_node]: Errore pubblicazione keypoints 3D: could not assign tuple of length 3 to structure with 4 fields.
[superpoint_node-2] [INFO] [1768033774.141584162] [superpoint_node]: Keypoints estratti: 800
[superpoint_node-2] [ERROR] [1768033774.149188723] [superpoint_node]: Errore pubblicazione keypoints 3D: could not assign tuple of length 3 to structure with 4 fields.
[superpoint_node-2] [INFO] [1768033774.244303756] [superpoint_node]: Keypoints estratti: 800
[superpoint_node-2] [ERROR] [1768033774.252162244] [superpoint_node]: Errore pubblicazione keypoints 3D: could not assign tuple of length 3 to structure with 4 fields.
[superpoint_node-2] [INFO] [1768033774.344200326] [superpoint_node]: Keypoints estratti: 800
[superpoint_node-2] [ERROR] [1768033774.351921258] [superpoint_node]: Errore pubblicazione keypoints 3D: could not assign tuple of length 3 to structure with 4 fields.
[superpoint_node-2] [INFO] [1768033774.444125231] [superpoint_node]: Keypoints estratti: 800
[superpoint_node-2] [ERROR] [1768033774.452523408] [superpoint_node]: Errore pubblicazione keypoints 3D: could not assign tuple of length 3 to structure with 4 fields.
[rtabmap-14] [INFO] [1768033774.460218081] [rtabmap]: rtabmap (576): Rate=0.50s, Limit=0.001s, Conversion=0.0002s, RTAB-Map=0.0384s, Maps update=0.0003s pub=0.0032s delay=0.0683s (local map=0, WM=0)
[superpoint_node-2] [INFO] [1768033774.542912737] [superpoint_node]: Keypoints estratti: 800
[superpoint_node-2] [ERROR] [1768033774.550134461] [superpoint_node]: Errore pubblicazione keypoints 3D: could not assign tuple of length 3 to structure with 4 fields.
[superpoint_node-2] [INFO] [1768033774.637086170] [superpoint_node]: Keypoints estratti: 800
[superpoint_node-2] [ERROR] [1768033774.643775241] [superpoint_node]: Errore pubblicazione keypoints 3D: could not assign tuple of length 3 to structure with 4 fields.
[superpoint_node-2] [INFO] [1768033774.730542671] [superpoint_node]: Keypoints estratti: 800
[superpoint_node-2] [ERROR] [1768033774.737218501] [superpoint_node]: Errore pubblicazione keypoints 3D: could not assign tuple of length 3 to structure with 4 fields.
[superpoint_node-2] [INFO] [1768033774.826043688] [superpoint_node]: Keypoints estratti: 800
[superpoint_node-2] [ERROR] [1768033774.833154096] [superpoint_node]: Errore pubblicazione keypoints 3D: could not assign tuple of length 3 to structure with 4 fields.
[superpoint_node-2] [INFO] [1768033774.922127747] [superpoint_node]: Keypoints estratti: 800
[superpoint_node-2] [ERROR] [1768033774.928710688] [superpoint_node]: Errore pubblicazione keypoints 3D: could not assign tuple of length 3 to structure with 4 fields.
[superpoint_node-2] [INFO] [1768033775.018636272] [superpoint_node]: Keypoints estratti: 800
[superpoint_node-2] [ERROR] [1768033775.026851856] [superpoint_node]: Errore pubblicazione keypoints 3D: could not assign tuple of length 3 to structure with 4 fields.
[rtabmap-14] [INFO] [1768033775.061071072] [rtabmap]: rtabmap (577): Rate=0.50s, Limit=0.001s, Conversion=0.0006s, RTAB-Map=0.0422s, Maps update=0.0019s pub=0.0047s delay=0.0915s (local map=0, WM=0)
[superpoint_node-2] [INFO] [1768033775.122948526] [superpoint_node]: Keypoints estratti: 800
[superpoint_node-2] [ERROR] [1768033775.129566023] [superpoint_node]: Errore pubblicazione keypoints 3D: could not assign tuple of length 3 to structure with 4 fields.
[superpoint_node-2] [INFO] [1768033775.216077099] [superpoint_node]: Keypoints estratti: 800
[superpoint_node-2] [ERROR] [1768033775.222796208] [superpoint_node]: Errore pubblicazione keypoints 3D: could not assign tuple of length 3 to structure with 4 fields.
[superpoint_node-2] [INFO] [1768033775.317349569] [superpoint_node]: Keypoints estratti: 800
[superpoint_node-2] [ERROR] [1768033775.324108271] [superpoint_node]: Errore pubblicazione keypoints 3D: could not assign tuple of length 3 to structure with 4 fields.
[superpoint_node-2] [INFO] [1768033775.416715599] [superpoint_node]: Keypoints estratti: 800
[superpoint_node-2] [ERROR] [1768033775.423736469] [superpoint_node]: Errore pubblicazione keypoints 3D: could not assign tuple of length 3 to structure with 4 fields.
[superpoint_node-2] [INFO] [1768033775.517204063] [superpoint_node]: Keypoints estratti: 800
[superpoint_node-2] [ERROR] [1768033775.523561577] [superpoint_node]: Errore pubblicazione keypoints 3D: could not assign tuple of length 3 to structure with 4 fields.
[superpoint_node-2] [INFO] [1768033775.621851061] [superpoint_node]: Keypoints estratti: 800
[superpoint_node-2] [ERROR] [1768033775.628991451] [superpoint_node]: Errore pubblicazione keypoints 3D: could not assign tuple of length 3 to structure with 4 fields.
[rtabmap-14] [INFO] [1768033775.666305710] [rtabmap]: rtabmap (578): Rate=0.50s, Limit=0.001s, Conversion=0.0002s, RTAB-Map=0.0444s, Maps update=0.0023s pub=0.0028s delay=0.0969s (local map=0, WM=0)
[superpoint_node-2] [INFO] [1768033775.718531828] [superpoint_node]: Keypoints estratti: 800
[superpoint_node-2] [ERROR] [1768033775.725044954] [superpoint_node]: Errore pubblicazione keypoints 3D: could not assign tuple of length 3 to structure with 4 fields.
[superpoint_node-2] [INFO] [1768033775.816446013] [superpoint_node]: Keypoints estratti: 800
[superpoint_node-2] [ERROR] [1768033775.822935101] [superpoint_node]: Errore pubblicazione keypoints 3D: could not assign tuple of length 3 to structure with 4 fields.
[superpoint_node-2] [INFO] [1768033775.917646983] [superpoint_node]: Keypoints estratti: 800
[superpoint_node-2] [ERROR] [1768033775.924820243] [superpoint_node]: Errore pubblicazione keypoints 3D: could not assign tuple of length 3 to structure with 4 fields.
[superpoint_node-2] [INFO] [1768033776.017325329] [superpoint_node]: Keypoints estratti: 800
[superpoint_node-2] [ERROR] [1768033776.024574054] [superpoint_node]: Errore pubblicazione keypoints 3D: could not assign tuple of length 3 to structure with 4 fields.
[superpoint_node-2] [INFO] [1768033776.118407780] [superpoint_node]: Keypoints estratti: 800
[superpoint_node-2] [ERROR] [1768033776.125412910] [superpoint_node]: Errore pubblicazione keypoints 3D: could not assign tuple of length 3 to structure with 4 fields.
[rtabmap-14] [INFO] [1768033776.155221720] [rtabmap]: rtabmap (579): Rate=0.50s, Limit=0.001s, Conversion=0.0006s, RTAB-Map=0.0360s, Maps update=0.0027s pub=0.0053s delay=0.0857s (local map=0, WM=0)
[superpoint_node-2] [INFO] [1768033776.220475924] [superpoint_node]: Keypoints estratti: 800
[superpoint_node-2] [ERROR] [1768033776.226977327] [superpoint_node]: Errore pubblicazione keypoints 3D: could not assign tuple of length 3 to structure with 4 fields.
[superpoint_node-2] [INFO] [1768033776.319527636] [superpoint_node]: Keypoints estratti: 800
[superpoint_node-2] [ERROR] [1768033776.326760915] [superpoint_node]: Errore pubblicazione keypoints 3D: could not assign tuple of length 3 to structure with 4 fields.
[superpoint_node-2] [INFO] [1768033776.417257652] [superpoint_node]: Keypoints estratti: 800
[superpoint_node-2] [ERROR] [1768033776.424576599] [superpoint_node]: Errore pubblicazione keypoints 3D: could not assign tuple of length 3 to structure with 4 fields.
[superpoint_node-2] [INFO] [1768033776.515196930] [superpoint_node]: Keypoints estratti: 800
[superpoint_node-2] [ERROR] [1768033776.521827167] [superpoint_node]: Errore pubblicazione keypoints 3D: could not assign tuple of length 3 to structure with 4 fields.
[superpoint_node-2] [INFO] [1768033776.623553290] [superpoint_node]: Keypoints estratti: 800
[superpoint_node-2] [ERROR] [1768033776.631336389] [superpoint_node]: Errore pubblicazione keypoints 3D: could not assign tuple of length 3 to structure with 4 fields.
[rtabmap-14] [INFO] [1768033776.638030960] [rtabmap]: rtabmap (580): Rate=0.50s, Limit=0.001s, Conversion=0.0002s, RTAB-Map=0.0206s, Maps update=0.0003s pub=0.0025s delay=0.0670s (local map=0, WM=0)
[superpoint_node-2] [INFO] [1768033776.722195480] [superpoint_node]: Keypoints estratti: 800
[superpoint_node-2] [ERROR] [1768033776.728787847] [superpoint_node]: Errore pubblicazione keypoints 3D: could not assign tuple of length 3 to structure with 4 fields.
[superpoint_node-2] [INFO] [1768033776.823818676] [superpoint_node]: Keypoints estratti: 800
[superpoint_node-2] [ERROR] [1768033776.830689082] [superpoint_node]: Errore pubblicazione keypoints 3D: could not assign tuple of length 3 to structure with 4 fields.
[superpoint_node-2] [INFO] [1768033776.924946830] [superpoint_node]: Keypoints estratti: 800
[superpoint_node-2] [ERROR] [1768033776.931503456] [superpoint_node]: Errore pubblicazione keypoints 3D: could not assign tuple of length 3 to structure with 4 fields.
[superpoint_node-2] [INFO] [1768033777.026900473] [superpoint_node]: Keypoints estratti: 800
[superpoint_node-2] [ERROR] [1768033777.033764398] [superpoint_node]: Errore pubblicazione keypoints 3D: could not assign tuple of length 3 to structure with 4 fields.
[superpoint_node-2] [INFO] [1768033777.172053644] [superpoint_node]: Keypoints estratti: 800
[superpoint_node-2] [ERROR] [1768033777.182082501] [superpoint_node]: Errore pubblicazione keypoints 3D: could not assign tuple of length 3 to structure with 4 fields.
[rtabmap-14] [INFO] [1768033777.233635040] [rtabmap]: rtabmap (581): Rate=0.50s, Limit=0.001s, Conversion=0.0002s, RTAB-Map=0.0454s, Maps update=0.0023s pub=0.0058s delay=0.1201s (local map=0, WM=0)
[superpoint_node-2] [INFO] [1768033777.291319757] [superpoint_node]: Keypoints estratti: 800
[superpoint_node-2] [ERROR] [1768033777.298231868] [superpoint_node]: Errore pubblicazione keypoints 3D: could not assign tuple of length 3 to structure with 4 fields.
[superpoint_node-2] [INFO] [1768033777.394849116] [superpoint_node]: Keypoints estratti: 800
[superpoint_node-2] [ERROR] [1768033777.402848883] [superpoint_node]: Errore pubblicazione keypoints 3D: could not assign tuple of length 3 to structure with 4 fields.
[superpoint_node-2] [INFO] [1768033777.501509592] [superpoint_node]: Keypoints estratti: 800
[superpoint_node-2] [ERROR] [1768033777.510084827] [superpoint_node]: Errore pubblicazione keypoints 3D: could not assign tuple of length 3 to structure with 4 fields.
[superpoint_node-2] [INFO] [1768033777.603021602] [superpoint_node]: Keypoints estratti: 800
[superpoint_node-2] [ERROR] [1768033777.613855854] [superpoint_node]: Errore pubblicazione keypoints 3D: could not assign tuple of length 3 to structure with 4 fields.
[superpoint_node-2] [INFO] [1768033777.721333837] [superpoint_node]: Keypoints estratti: 800
[superpoint_node-2] [ERROR] [1768033777.729771904] [superpoint_node]: Errore pubblicazione keypoints 3D: could not assign tuple of length 3 to structure with 4 fields.
[rtabmap-14] [INFO] [1768033777.763909805] [rtabmap]: rtabmap (582): Rate=0.50s, Limit=0.001s, Conversion=0.0005s, RTAB-Map=0.0460s, Maps update=0.0031s pub=0.0018s delay=0.1004s (local map=0, WM=0)
[superpoint_node-2] [INFO] [1768033777.835801820] [superpoint_node]: Keypoints estratti: 800
[superpoint_node-2] [ERROR] [1768033777.844822558] [superpoint_node]: Errore pubblicazione keypoints 3D: could not assign tuple of length 3 to structure with 4 fields.
[superpoint_node-2] [INFO] [1768033777.942390351] [superpoint_node]: Keypoints estratti: 800
[superpoint_node-2] [ERROR] [1768033777.952345875] [superpoint_node]: Errore pubblicazione keypoints 3D: could not assign tuple of length 3 to structure with 4 fields.
[superpoint_node-2] [INFO] [1768033778.049344904] [superpoint_node]: Keypoints estratti: 800
[superpoint_node-2] [ERROR] [1768033778.056848908] [superpoint_node]: Errore pubblicazione keypoints 3D: could not assign tuple of length 3 to structure with 4 fields.
[rtabmap-14] [33m[ WARN] (2026-01-10 09:29:33.262) MapsManager.cpp:863::publishMaps() Graph has changed! The whole cloud is regenerated.[0m
[rtabmap-14] [33m[ WARN] (2026-01-10 09:29:33.262) OccupancyGrid.cpp:169::getProbMap() Map info is empty, cannot generate probabilistic occupancy grid[0m
[rtabmap-14] [33m[ WARN] (2026-01-10 09:29:33.885) MapsManager.cpp:863::publishMaps() Graph has changed! The whole cloud is regenerated.[0m
[rtabmap-14] [33m[ WARN] (2026-01-10 09:29:33.885) OccupancyGrid.cpp:169::getProbMap() Map info is empty, cannot generate probabilistic occupancy grid[0m
[rtabmap-14] [33m[ WARN] (2026-01-10 09:29:34.456) MapsManager.cpp:863::publishMaps() Graph has changed! The whole cloud is regenerated.[0m
[rtabmap-14] [33m[ WARN] (2026-01-10 09:29:34.457) OccupancyGrid.cpp:169::getProbMap() Map info is empty, cannot generate probabilistic occupancy grid[0m
[rtabmap-14] [33m[ WARN] (2026-01-10 09:29:35.056) MapsManager.cpp:863::publishMaps() Graph has changed! The whole cloud is regenerated.[0m
[rtabmap-14] [33m[ WARN] (2026-01-10 09:29:35.058) OccupancyGrid.cpp:169::getProbMap() Map info is empty, cannot generate probabilistic occupancy grid[0m
[rtabmap-14] [33m[ WARN] (2026-01-10 09:29:35.663) MapsManager.cpp:863::publishMaps() Graph has changed! The whole cloud is regenerated.[0m
[rtabmap-14] [33m[ WARN] (2026-01-10 09:29:35.664) OccupancyGrid.cpp:169::getProbMap() Map info is empty, cannot generate probabilistic occupancy grid[0m
[rtabmap-14] [33m[ WARN] (2026-01-10 09:29:36.149) MapsManager.cpp:863::publishMaps() Graph has changed! The whole cloud is regenerated.[0m
[rtabmap-14] [33m[ WARN] (2026-01-10 09:29:36.152) OccupancyGrid.cpp:169::getProbMap() Map info is empty, cannot generate probabilistic occupancy grid[0m
[rtabmap-14] [33m[ WARN] (2026-01-10 09:29:36.635) MapsManager.cpp:863::publishMaps() Graph has changed! The whole cloud is regenerated.[0m
[rtabmap-14] [33m[ WARN] (2026-01-10 09:29:36.636) OccupancyGrid.cpp:169::getProbMap() Map info is empty, cannot generate probabilistic occupancy grid[0m
[rtabmap-14] [33m[ WARN] (2026-01-10 09:29:37.227) MapsManager.cpp:863::publishMaps() Graph has changed! The whole cloud is regenerated.[0m
[rtabmap-14] [33m[ WARN] (2026-01-10 09:29:37.228) OccupancyGrid.cpp:169::getProbMap() Map info is empty, cannot generate probabilistic occupancy grid[0m
[rtabmap-14] [33m[ WARN] (2026-01-10 09:29:37.762) MapsManager.cpp:863::publishMaps() Graph has changed! The whole cloud is regenerated.[0m
[rtabmap-14] [33m[ WARN] (2026-01-10 09:29:37.763) OccupancyGrid.cpp:169::getProbMap() Map info is empty, cannot generate probabilistic occupancy grid[0m
[superpoint_node-2] [INFO] [1768033778.152295555] [superpoint_node]: Keypoints estratti: 800
[superpoint_node-2] [ERROR] [1768033778.159094312] [superpoint_node]: Errore pubblicazione keypoints 3D: could not assign tuple of length 3 to structure with 4 fields.
[superpoint_node-2] [INFO] [1768033778.257773059] [superpoint_node]: Keypoints estratti: 800
[superpoint_node-2] [ERROR] [1768033778.266588758] [superpoint_node]: Errore pubblicazione keypoints 3D: could not assign tuple of length 3 to structure with 4 fields.
[rtabmap-14] [INFO] [1768033778.292672687] [rtabmap]: rtabmap (583): Rate=0.50s, Limit=0.001s, Conversion=0.0006s, RTAB-Map=0.0408s, Maps update=0.0013s pub=0.0045s delay=0.0889s (local map=0, WM=0)
[superpoint_node-2] [INFO] [1768033778.378208718] [superpoint_node]: Keypoints estratti: 800
[superpoint_node-2] [ERROR] [1768033778.385840760] [superpoint_node]: Errore pubblicazione keypoints 3D: could not assign tuple of length 3 to structure with 4 fields.
[superpoint_node-2] [INFO] [1768033778.481188147] [superpoint_node]: Keypoints estratti: 800
[superpoint_node-2] [ERROR] [1768033778.488634595] [superpoint_node]: Errore pubblicazione keypoints 3D: could not assign tuple of length 3 to structure with 4 fields.
[superpoint_node-2] [INFO] [1768033778.582074151] [superpoint_node]: Keypoints estratti: 800
[superpoint_node-2] [ERROR] [1768033778.588933465] [superpoint_node]: Errore pubblicazione keypoints 3D: could not assign tuple of length 3 to structure with 4 fields.
[superpoint_node-2] [INFO] [1768033778.685611973] [superpoint_node]: Keypoints estratti: 800
[superpoint_node-2] [ERROR] [1768033778.692317675] [superpoint_node]: Errore pubblicazione keypoints 3D: could not assign tuple of length 3 to structure with 4 fields.
[superpoint_node-2] [INFO] [1768033778.790643529] [superpoint_node]: Keypoints estratti: 800
[superpoint_node-2] [ERROR] [1768033778.798928502] [superpoint_node]: Errore pubblicazione keypoints 3D: could not assign tuple of length 3 to structure with 4 fields.
[rtabmap-14] [INFO] [1768033778.813404043] [rtabmap]: rtabmap (584): Rate=0.50s, Limit=0.001s, Conversion=0.0003s, RTAB-Map=0.0278s, Maps update=0.0004s pub=0.0041s delay=0.0772s (local map=0, WM=0)
[superpoint_node-2] [INFO] [1768033778.899149113] [superpoint_node]: Keypoints estratti: 800
[superpoint_node-2] [ERROR] [1768033778.907615569] [superpoint_node]: Errore pubblicazione keypoints 3D: could not assign tuple of length 3 to structure with 4 fields.
[superpoint_node-2] [INFO] [1768033779.005380919] [superpoint_node]: Keypoints estratti: 800
[superpoint_node-2] [ERROR] [1768033779.013210814] [superpoint_node]: Errore pubblicazione keypoints 3D: could not assign tuple of length 3 to structure with 4 fields.
[superpoint_node-2] [INFO] [1768033779.111120240] [superpoint_node]: Keypoints estratti: 800
[superpoint_node-2] [ERROR] [1768033779.118584447] [superpoint_node]: Errore pubblicazione keypoints 3D: could not assign tuple of length 3 to structure with 4 fields.
[superpoint_node-2] [INFO] [1768033779.213403607] [superpoint_node]: Keypoints estratti: 800
[superpoint_node-2] [ERROR] [1768033779.222872923] [superpoint_node]: Errore pubblicazione keypoints 3D: could not assign tuple of length 3 to structure with 4 fields.
[superpoint_node-2] [INFO] [1768033779.329304101] [superpoint_node]: Keypoints estratti: 800
[superpoint_node-2] [ERROR] [1768033779.339210458] [superpoint_node]: Errore pubblicazione keypoints 3D: could not assign tuple of length 3 to structure with 4 fields.
[rtabmap-14] [INFO] [1768033779.368883082] [rtabmap]: rtabmap (585): Rate=0.50s, Limit=0.001s, Conversion=0.0003s, RTAB-Map=0.0457s, Maps update=0.0018s pub=0.0037s delay=0.0971s (local map=0, WM=0)
[superpoint_node-2] [INFO] [1768033779.445488876] [superpoint_node]: Keypoints estratti: 800
[superpoint_node-2] [ERROR] [1768033779.452795989] [superpoint_node]: Errore pubblicazione keypoints 3D: could not assign tuple of length 3 to structure with 4 fields.
[superpoint_node-2] [INFO] [1768033779.552522133] [superpoint_node]: Keypoints estratti: 800
[superpoint_node-2] [ERROR] [1768033779.561391388] [superpoint_node]: Errore pubblicazione keypoints 3D: could not assign tuple of length 3 to structure with 4 fields.
[superpoint_node-2] [INFO] [1768033779.665615901] [superpoint_node]: Keypoints estratti: 800
[superpoint_node-2] [ERROR] [1768033779.672759106] [superpoint_node]: Errore pubblicazione keypoints 3D: could not assign tuple of length 3 to structure with 4 fields.
[superpoint_node-2] [INFO] [1768033779.766358256] [superpoint_node]: Keypoints estratti: 800
[superpoint_node-2] [ERROR] [1768033779.773038902] [superpoint_node]: Errore pubblicazione keypoints 3D: could not assign tuple of length 3 to structure with 4 fields.
[superpoint_node-2] [INFO] [1768033779.862157535] [superpoint_node]: Keypoints estratti: 800
[superpoint_node-2] [ERROR] [1768033779.870756103] [superpoint_node]: Errore pubblicazione keypoints 3D: could not assign tuple of length 3 to structure with 4 fields.
[rtabmap-14] [INFO] [1768033779.887325124] [rtabmap]: rtabmap (586): Rate=0.50s, Limit=0.001s, Conversion=0.0003s, RTAB-Map=0.0370s, Maps update=0.0003s pub=0.0011s delay=0.0745s (local map=0, WM=0)
[superpoint_node-2] [INFO] [1768033779.964334698] [superpoint_node]: Keypoints estratti: 800
[superpoint_node-2] [ERROR] [1768033779.970836768] [superpoint_node]: Errore pubblicazione keypoints 3D: could not assign tuple of length 3 to structure with 4 fields.
[superpoint_node-2] [INFO] [1768033780.062406551] [superpoint_node]: Keypoints estratti: 800
[superpoint_node-2] [ERROR] [1768033780.069150826] [superpoint_node]: Errore pubblicazione keypoints 3D: could not assign tuple of length 3 to structure with 4 fields.
[superpoint_node-2] [INFO] [1768033780.163767559] [superpoint_node]: Keypoints estratti: 800
[superpoint_node-2] [ERROR] [1768033780.170262481] [superpoint_node]: Errore pubblicazione keypoints 3D: could not assign tuple of length 3 to structure with 4 fields.
[superpoint_node-2] [INFO] [1768033780.258015066] [superpoint_node]: Keypoints estratti: 800
[superpoint_node-2] [ERROR] [1768033780.264709157] [superpoint_node]: Errore pubblicazione keypoints 3D: could not assign tuple of length 3 to structure with 4 fields.
[superpoint_node-2] [INFO] [1768033780.355064818] [superpoint_node]: Keypoints estratti: 800
[superpoint_node-2] [ERROR] [1768033780.361690019] [superpoint_node]: Errore pubblicazione keypoints 3D: could not assign tuple of length 3 to structure with 4 fields.
[rtabmap-14] [INFO] [1768033780.433754406] [rtabmap]: rtabmap (587): Rate=0.50s, Limit=0.001s, Conversion=0.0002s, RTAB-Map=0.0192s, Maps update=0.0003s pub=0.0011s delay=0.0326s (local map=0, WM=0)
[superpoint_node-2] [INFO] [1768033780.520023091] [superpoint_node]: Keypoints estratti: 800
[superpoint_node-2] [ERROR] [1768033780.526495049] [superpoint_node]: Errore pubblicazione keypoints 3D: could not assign tuple of length 3 to structure with 4 fields.
[superpoint_node-2] [INFO] [1768033780.651261836] [superpoint_node]: Keypoints estratti: 800
[superpoint_node-2] [ERROR] [1768033780.658328800] [superpoint_node]: Errore pubblicazione keypoints 3D: could not assign tuple of length 3 to structure with 4 fields.
[superpoint_node-2] [INFO] [1768033780.833059483] [superpoint_node]: Keypoints estratti: 800
[superpoint_node-2] [ERROR] [1768033780.841708385] [superpoint_node]: Errore pubblicazione keypoints 3D: could not assign tuple of length 3 to structure with 4 fields.
[superpoint_node-2] [INFO] [1768033780.929203876] [superpoint_node]: Keypoints estratti: 800
[superpoint_node-2] [ERROR] [1768033780.935780743] [superpoint_node]: Errore pubblicazione keypoints 3D: could not assign tuple of length 3 to structure with 4 fields.
[superpoint_node-2] [INFO] [1768033781.027939400] [superpoint_node]: Keypoints estratti: 800
[superpoint_node-2] [ERROR] [1768033781.034683176] [superpoint_node]: Errore pubblicazione keypoints 3D: could not assign tuple of length 3 to structure with 4 fields.
[rtabmap-14] [INFO] [1768033781.055299210] [rtabmap]: rtabmap (588): Rate=0.50s, Limit=0.001s, Conversion=0.0011s, RTAB-Map=0.0395s, Maps update=0.0012s pub=0.0032s delay=0.0777s (local map=0, WM=0)
[superpoint_node-2] [INFO] [1768033781.125573342] [superpoint_node]: Keypoints estratti: 800
[superpoint_node-2] [ERROR] [1768033781.132046782] [superpoint_node]: Errore pubblicazione keypoints 3D: could not assign tuple of length 3 to structure with 4 fields.
[superpoint_node-2] [INFO] [1768033781.224626017] [superpoint_node]: Keypoints estratti: 800
[superpoint_node-2] [ERROR] [1768033781.231249033] [superpoint_node]: Errore pubblicazione keypoints 3D: could not assign tuple of length 3 to structure with 4 fields.
[superpoint_node-2] [INFO] [1768033781.320871281] [superpoint_node]: Keypoints estratti: 800
[superpoint_node-2] [ERROR] [1768033781.327502204] [superpoint_node]: Errore pubblicazione keypoints 3D: could not assign tuple of length 3 to structure with 4 fields.
[superpoint_node-2] [INFO] [1768033781.419304840] [superpoint_node]: Keypoints estratti: 800
[superpoint_node-2] [ERROR] [1768033781.425751892] [superpoint_node]: Errore pubblicazione keypoints 3D: could not assign tuple of length 3 to structure with 4 fields.
[superpoint_node-2] [INFO] [1768033781.518546962] [superpoint_node]: Keypoints estratti: 800
[superpoint_node-2] [ERROR] [1768033781.525029958] [superpoint_node]: Errore pubblicazione keypoints 3D: could not assign tuple of length 3 to structure with 4 fields.
[superpoint_node-2] [INFO] [1768033781.617654471] [superpoint_node]: Keypoints estratti: 800
[superpoint_node-2] [ERROR] [1768033781.625134845] [superpoint_node]: Errore pubblicazione keypoints 3D: could not assign tuple of length 3 to structure with 4 fields.
[rtabmap-14] [INFO] [1768033781.670224277] [rtabmap]: rtabmap (589): Rate=0.50s, Limit=0.001s, Conversion=0.0020s, RTAB-Map=0.0420s, Maps update=0.0010s pub=0.0075s delay=0.1008s (local map=0, WM=0)
[superpoint_node-2] [INFO] [1768033781.733485094] [superpoint_node]: Keypoints estratti: 800
[superpoint_node-2] [ERROR] [1768033781.742445480] [superpoint_node]: Errore pubblicazione keypoints 3D: could not assign tuple of length 3 to structure with 4 fields.
[superpoint_node-2] [INFO] [1768033781.835353940] [superpoint_node]: Keypoints estratti: 800
[superpoint_node-2] [ERROR] [1768033781.841964362] [superpoint_node]: Errore pubblicazione keypoints 3D: could not assign tuple of length 3 to structure with 4 fields.
[superpoint_node-2] [INFO] [1768033781.928381697] [superpoint_node]: Keypoints estratti: 800
[superpoint_node-2] [ERROR] [1768033781.934969138] [superpoint_node]: Errore pubblicazione keypoints 3D: could not assign tuple of length 3 to structure with 4 fields.
[superpoint_node-2] [INFO] [1768033782.024364903] [superpoint_node]: Keypoints estratti: 800
[superpoint_node-2] [ERROR] [1768033782.031056678] [superpoint_node]: Errore pubblicazione keypoints 3D: could not assign tuple of length 3 to structure with 4 fields.
[superpoint_node-2] [INFO] [1768033782.122992130] [superpoint_node]: Keypoints estratti: 800
[superpoint_node-2] [ERROR] [1768033782.131192177] [superpoint_node]: Errore pubblicazione keypoints 3D: could not assign tuple of length 3 to structure with 4 fields.
[rtabmap-14] [INFO] [1768033782.152094121] [rtabmap]: rtabmap (590): Rate=0.50s, Limit=0.001s, Conversion=0.0002s, RTAB-Map=0.0393s, Maps update=0.0003s pub=0.0011s delay=0.0782s (local map=0, WM=0)
[superpoint_node-2] [INFO] [1768033782.221454875] [superpoint_node]: Keypoints estratti: 800
[superpoint_node-2] [ERROR] [1768033782.228120224] [superpoint_node]: Errore pubblicazione keypoints 3D: could not assign tuple of length 3 to structure with 4 fields.
[superpoint_node-2] [INFO] [1768033782.320592829] [superpoint_node]: Keypoints estratti: 800
[superpoint_node-2] [ERROR] [1768033782.327931387] [superpoint_node]: Errore pubblicazione keypoints 3D: could not assign tuple of length 3 to structure with 4 fields.
[superpoint_node-2] [INFO] [1768033782.417669173] [superpoint_node]: Keypoints estratti: 800
[superpoint_node-2] [ERROR] [1768033782.424127669] [superpoint_node]: Errore pubblicazione keypoints 3D: could not assign tuple of length 3 to structure with 4 fields.
[superpoint_node-2] [INFO] [1768033782.522067724] [superpoint_node]: Keypoints estratti: 800
[superpoint_node-2] [ERROR] [1768033782.529140780] [superpoint_node]: Errore pubblicazione keypoints 3D: could not assign tuple of length 3 to structure with 4 fields.
[superpoint_node-2] [INFO] [1768033782.618808418] [superpoint_node]: Keypoints estratti: 800
[superpoint_node-2] [ERROR] [1768033782.626002734] [superpoint_node]: Errore pubblicazione keypoints 3D: could not assign tuple of length 3 to structure with 4 fields.
[superpoint_node-2] [INFO] [1768033782.717599776] [superpoint_node]: Keypoints estratti: 800
[superpoint_node-2] [ERROR] [1768033782.724681425] [superpoint_node]: Errore pubblicazione keypoints 3D: could not assign tuple of length 3 to structure with 4 fields.
[rtabmap-14] [INFO] [1768033782.767992621] [rtabmap]: rtabmap (591): Rate=0.50s, Limit=0.001s, Conversion=0.0002s, RTAB-Map=0.0491s, Maps update=0.0026s pub=0.0043s delay=0.0985s (local map=0, WM=0)
[superpoint_node-2] [INFO] [1768033782.823771453] [superpoint_node]: Keypoints estratti: 800
[superpoint_node-2] [ERROR] [1768033782.830198041] [superpoint_node]: Errore pubblicazione keypoints 3D: could not assign tuple of length 3 to structure with 4 fields.
[superpoint_node-2] [INFO] [1768033782.918216517] [superpoint_node]: Keypoints estratti: 800
[superpoint_node-2] [ERROR] [1768033782.924650087] [superpoint_node]: Errore pubblicazione keypoints 3D: could not assign tuple of length 3 to structure with 4 fields.
[superpoint_node-2] [INFO] [1768033783.016312926] [superpoint_node]: Keypoints estratti: 800
[superpoint_node-2] [ERROR] [1768033783.023092498] [superpoint_node]: Errore pubblicazione keypoints 3D: could not assign tuple of length 3 to structure with 4 fields.
[superpoint_node-2] [INFO] [1768033783.114650502] [superpoint_node]: Keypoints estratti: 800
[superpoint_node-2] [ERROR] [1768033783.121106257] [superpoint_node]: Errore pubblicazione keypoints 3D: could not assign tuple of length 3 to structure with 4 fields.
[rtabmap-14] [33m[ WARN] (2026-01-10 09:29:38.288) MapsManager.cpp:863::publishMaps() Graph has changed! The whole cloud is regenerated.[0m
[rtabmap-14] [33m[ WARN] (2026-01-10 09:29:38.289) OccupancyGrid.cpp:169::getProbMap() Map info is empty, cannot generate probabilistic occupancy grid[0m
[rtabmap-14] [33m[ WARN] (2026-01-10 09:29:38.809) MapsManager.cpp:863::publishMaps() Graph has changed! The whole cloud is regenerated.[0m
[rtabmap-14] [33m[ WARN] (2026-01-10 09:29:38.811) OccupancyGrid.cpp:169::getProbMap() Map info is empty, cannot generate probabilistic occupancy grid[0m
[rtabmap-14] [33m[ WARN] (2026-01-10 09:29:39.365) MapsManager.cpp:863::publishMaps() Graph has changed! The whole cloud is regenerated.[0m
[rtabmap-14] [33m[ WARN] (2026-01-10 09:29:39.366) OccupancyGrid.cpp:169::getProbMap() Map info is empty, cannot generate probabilistic occupancy grid[0m
[rtabmap-14] [33m[ WARN] (2026-01-10 09:29:39.886) MapsManager.cpp:863::publishMaps() Graph has changed! The whole cloud is regenerated.[0m
[rtabmap-14] [33m[ WARN] (2026-01-10 09:29:39.886) OccupancyGrid.cpp:169::getProbMap() Map info is empty, cannot generate probabilistic occupancy grid[0m
[rtabmap-14] [33m[ WARN] (2026-01-10 09:29:40.410) CoreWrapper.cpp:1227::odomTFUpdate() Odometry is reset (identity pose detected). Increment map id![0m
[rtabmap-14] [33m[ WARN] (2026-01-10 09:29:40.432) MapsManager.cpp:863::publishMaps() Graph has changed! The whole cloud is regenerated.[0m
[rtabmap-14] [33m[ WARN] (2026-01-10 09:29:40.433) OccupancyGrid.cpp:169::getProbMap() Map info is empty, cannot generate probabilistic occupancy grid[0m
[rtabmap-14] [33m[ WARN] (2026-01-10 09:29:41.051) MapsManager.cpp:863::publishMaps() Graph has changed! The whole cloud is regenerated.[0m
[rtabmap-14] [33m[ WARN] (2026-01-10 09:29:41.053) OccupancyGrid.cpp:169::getProbMap() Map info is empty, cannot generate probabilistic occupancy grid[0m
[rtabmap-14] [33m[ WARN] (2026-01-10 09:29:41.662) MapsManager.cpp:863::publishMaps() Graph has changed! The whole cloud is regenerated.[0m
[rtabmap-14] [33m[ WARN] (2026-01-10 09:29:41.666) OccupancyGrid.cpp:169::getProbMap() Map info is empty, cannot generate probabilistic occupancy grid[0m
[rtabmap-14] [33m[ WARN] (2026-01-10 09:29:42.150) MapsManager.cpp:863::publishMaps() Graph has changed! The whole cloud is regenerated.[0m
[rtabmap-14] [33m[ WARN] (2026-01-10 09:29:42.151) OccupancyGrid.cpp:169::getProbMap() Map info is empty, cannot generate probabilistic occupancy grid[0m
[rtabmap-14] [33m[ WARN] (2026-01-10 09:29:42.763) MapsManager.cpp:863::publishMaps() Graph has changed! The whole cloud is regenerated.[0m
[rtabmap-14] [33m[ WARN] (2026-01-10 09:29:42.767) OccupancyGrid.cpp:169::getProbMap() Map info is empty, cannot generate probabilistic occupancy grid[0m
[superpoint_node-2] [INFO] [1768033783.214078588] [superpoint_node]: Keypoints estratti: 800
[superpoint_node-2] [ERROR] [1768033783.220365656] [superpoint_node]: Errore pubblicazione keypoints 3D: could not assign tuple of length 3 to structure with 4 fields.
[superpoint_node-2] [INFO] [1768033783.318823716] [superpoint_node]: Keypoints estratti: 800
[superpoint_node-2] [ERROR] [1768033783.325797679] [superpoint_node]: Errore pubblicazione keypoints 3D: could not assign tuple of length 3 to structure with 4 fields.
[rtabmap-14] [INFO] [1768033783.360920124] [rtabmap]: rtabmap (592): Rate=0.50s, Limit=0.001s, Conversion=0.0002s, RTAB-Map=0.0382s, Maps update=0.0003s pub=0.0049s delay=0.0914s (local map=0, WM=0)
[superpoint_node-2] [INFO] [1768033783.415616910] [superpoint_node]: Keypoints estratti: 800
[superpoint_node-2] [ERROR] [1768033783.422085313] [superpoint_node]: Errore pubblicazione keypoints 3D: could not assign tuple of length 3 to structure with 4 fields.
[superpoint_node-2] [INFO] [1768033783.521624529] [superpoint_node]: Keypoints estratti: 800
[superpoint_node-2] [ERROR] [1768033783.528288564] [superpoint_node]: Errore pubblicazione keypoints 3D: could not assign tuple of length 3 to structure with 4 fields.
[superpoint_node-2] [INFO] [1768033783.616667784] [superpoint_node]: Keypoints estratti: 800
[superpoint_node-2] [ERROR] [1768033783.622916926] [superpoint_node]: Errore pubblicazione keypoints 3D: could not assign tuple of length 3 to structure with 4 fields.
[superpoint_node-2] [INFO] [1768033783.716242297] [superpoint_node]: Keypoints estratti: 800
[superpoint_node-2] [ERROR] [1768033783.722349493] [superpoint_node]: Errore pubblicazione keypoints 3D: could not assign tuple of length 3 to structure with 4 fields.
[superpoint_node-2] [INFO] [1768033783.816566723] [superpoint_node]: Keypoints estratti: 800
[superpoint_node-2] [ERROR] [1768033783.822722772] [superpoint_node]: Errore pubblicazione keypoints 3D: could not assign tuple of length 3 to structure with 4 fields.
[superpoint_node-2] [INFO] [1768033783.916969261] [superpoint_node]: Keypoints estratti: 800
[superpoint_node-2] [ERROR] [1768033783.924810119] [superpoint_node]: Errore pubblicazione keypoints 3D: could not assign tuple of length 3 to structure with 4 fields.
[rtabmap-14] [INFO] [1768033783.936814881] [rtabmap]: rtabmap (593): Rate=0.50s, Limit=0.001s, Conversion=0.0002s, RTAB-Map=0.0249s, Maps update=0.0011s pub=0.0016s delay=0.0674s (local map=0, WM=0)
[superpoint_node-2] [INFO] [1768033784.014092791] [superpoint_node]: Keypoints estratti: 800
[superpoint_node-2] [ERROR] [1768033784.020827566] [superpoint_node]: Errore pubblicazione keypoints 3D: could not assign tuple of length 3 to structure with 4 fields.
[superpoint_node-2] [INFO] [1768033784.115189427] [superpoint_node]: Keypoints estratti: 800
[superpoint_node-2] [ERROR] [1768033784.121509421] [superpoint_node]: Errore pubblicazione keypoints 3D: could not assign tuple of length 3 to structure with 4 fields.
[superpoint_node-2] [INFO] [1768033784.214360862] [superpoint_node]: Keypoints estratti: 800
[superpoint_node-2] [ERROR] [1768033784.220947451] [superpoint_node]: Errore pubblicazione keypoints 3D: could not assign tuple of length 3 to structure with 4 fields.
[superpoint_node-2] [INFO] [1768033784.319309103] [superpoint_node]: Keypoints estratti: 800
[superpoint_node-2] [ERROR] [1768033784.325536282] [superpoint_node]: Errore pubblicazione keypoints 3D: could not assign tuple of length 3 to structure with 4 fields.
[superpoint_node-2] [INFO] [1768033784.413899150] [superpoint_node]: Keypoints estratti: 800
[superpoint_node-2] [ERROR] [1768033784.420108607] [superpoint_node]: Errore pubblicazione keypoints 3D: could not assign tuple of length 3 to structure with 4 fields.
[superpoint_node-2] [INFO] [1768033784.519819287] [superpoint_node]: Keypoints estratti: 800
[superpoint_node-2] [ERROR] [1768033784.527975352] [superpoint_node]: Errore pubblicazione keypoints 3D: could not assign tuple of length 3 to structure with 4 fields.
[rtabmap-14] [INFO] [1768033784.536374918] [rtabmap]: rtabmap (594): Rate=0.50s, Limit=0.001s, Conversion=0.0003s, RTAB-Map=0.0233s, Maps update=0.0004s pub=0.0017s delay=0.0670s (local map=0, WM=0)
[superpoint_node-2] [INFO] [1768033784.650510565] [superpoint_node]: Keypoints estratti: 800
[superpoint_node-2] [ERROR] [1768033784.656902653] [superpoint_node]: Errore pubblicazione keypoints 3D: could not assign tuple of length 3 to structure with 4 fields.
[superpoint_node-2] [INFO] [1768033784.814311199] [superpoint_node]: Keypoints estratti: 800
[superpoint_node-2] [ERROR] [1768033784.820636490] [superpoint_node]: Errore pubblicazione keypoints 3D: could not assign tuple of length 3 to structure with 4 fields.
[superpoint_node-2] [INFO] [1768033784.916327175] [superpoint_node]: Keypoints estratti: 800
[superpoint_node-2] [ERROR] [1768033784.922807301] [superpoint_node]: Errore pubblicazione keypoints 3D: could not assign tuple of length 3 to structure with 4 fields.
[superpoint_node-2] [INFO] [1768033785.025939805] [superpoint_node]: Keypoints estratti: 800
[superpoint_node-2] [ERROR] [1768033785.033231029] [superpoint_node]: Errore pubblicazione keypoints 3D: could not assign tuple of length 3 to structure with 4 fields.
[rtabmap-14] [INFO] [1768033785.036182034] [rtabmap]: rtabmap (595): Rate=0.50s, Limit=0.001s, Conversion=0.0003s, RTAB-Map=0.0203s, Maps update=0.0003s pub=0.0015s delay=0.0664s (local map=0, WM=0)
[superpoint_node-2] [INFO] [1768033785.132986599] [superpoint_node]: Keypoints estratti: 800
[superpoint_node-2] [ERROR] [1768033785.139422187] [superpoint_node]: Errore pubblicazione keypoints 3D: could not assign tuple of length 3 to structure with 4 fields.
[superpoint_node-2] [INFO] [1768033785.231850810] [superpoint_node]: Keypoints estratti: 800
[superpoint_node-2] [ERROR] [1768033785.238151378] [superpoint_node]: Errore pubblicazione keypoints 3D: could not assign tuple of length 3 to structure with 4 fields.
[superpoint_node-2] [INFO] [1768033785.333049687] [superpoint_node]: Keypoints estratti: 800
[superpoint_node-2] [ERROR] [1768033785.342483966] [superpoint_node]: Errore pubblicazione keypoints 3D: could not assign tuple of length 3 to structure with 4 fields.
[superpoint_node-2] [INFO] [1768033785.431880879] [superpoint_node]: Keypoints estratti: 800
[superpoint_node-2] [ERROR] [1768033785.438409357] [superpoint_node]: Errore pubblicazione keypoints 3D: could not assign tuple of length 3 to structure with 4 fields.
[superpoint_node-2] [INFO] [1768033785.535399386] [superpoint_node]: Keypoints estratti: 800
[rtabmap-14] [INFO] [1768033785.538884025] [rtabmap]: rtabmap (596): Rate=0.50s, Limit=0.001s, Conversion=0.0002s, RTAB-Map=0.0270s, Maps update=0.0010s pub=0.0014s delay=0.0591s (local map=0, WM=0)
[superpoint_node-2] [ERROR] [1768033785.547577279] [superpoint_node]: Errore pubblicazione keypoints 3D: could not assign tuple of length 3 to structure with 4 fields.
[superpoint_node-2] [INFO] [1768033785.644787181] [superpoint_node]: Keypoints estratti: 800
[superpoint_node-2] [ERROR] [1768033785.653265970] [superpoint_node]: Errore pubblicazione keypoints 3D: could not assign tuple of length 3 to structure with 4 fields.
[superpoint_node-2] [INFO] [1768033785.749901200] [superpoint_node]: Keypoints estratti: 800
[superpoint_node-2] [ERROR] [1768033785.757313222] [superpoint_node]: Errore pubblicazione keypoints 3D: could not assign tuple of length 3 to structure with 4 fields.
[superpoint_node-2] [INFO] [1768033785.851504451] [superpoint_node]: Keypoints estratti: 800
[superpoint_node-2] [ERROR] [1768033785.858559100] [superpoint_node]: Errore pubblicazione keypoints 3D: could not assign tuple of length 3 to structure with 4 fields.
[superpoint_node-2] [INFO] [1768033785.953383575] [superpoint_node]: Keypoints estratti: 800
[superpoint_node-2] [ERROR] [1768033785.960701077] [superpoint_node]: Errore pubblicazione keypoints 3D: could not assign tuple of length 3 to structure with 4 fields.
[rtabmap-14] [INFO] [1768033786.170156018] [rtabmap]: rtabmap (597): Rate=0.50s, Limit=0.001s, Conversion=0.0003s, RTAB-Map=0.0771s, Maps update=0.0004s pub=0.0014s delay=0.1385s (local map=0, WM=0)
[superpoint_node-2] [INFO] [1768033786.185666549] [superpoint_node]: Keypoints estratti: 800
[superpoint_node-2] [ERROR] [1768033786.206882791] [superpoint_node]: Errore pubblicazione keypoints 3D: could not assign tuple of length 3 to structure with 4 fields.
[superpoint_node-2] [INFO] [1768033786.379682052] [superpoint_node]: Keypoints estratti: 800
[superpoint_node-2] [ERROR] [1768033786.395978811] [superpoint_node]: Errore pubblicazione keypoints 3D: could not assign tuple of length 3 to structure with 4 fields.
[superpoint_node-2] [INFO] [1768033786.561823701] [superpoint_node]: Keypoints estratti: 800
[superpoint_node-2] [ERROR] [1768033786.582503958] [superpoint_node]: Errore pubblicazione keypoints 3D: could not assign tuple of length 3 to structure with 4 fields.
[superpoint_node-2] [INFO] [1768033786.734650018] [superpoint_node]: Keypoints estratti: 800
[superpoint_node-2] [ERROR] [1768033786.743184808] [superpoint_node]: Errore pubblicazione keypoints 3D: could not assign tuple of length 3 to structure with 4 fields.
[rtabmap-14] [INFO] [1768033786.781499668] [rtabmap]: rtabmap (598): Rate=0.50s, Limit=0.001s, Conversion=0.0002s, RTAB-Map=0.0593s, Maps update=0.0003s pub=0.0052s delay=0.1081s (local map=0, WM=0)
[superpoint_node-2] [INFO] [1768033786.861464950] [superpoint_node]: Keypoints estratti: 800
[superpoint_node-2] [ERROR] [1768033786.867850964] [superpoint_node]: Errore pubblicazione keypoints 3D: could not assign tuple of length 3 to structure with 4 fields.
[superpoint_node-2] [INFO] [1768033786.959036836] [superpoint_node]: Keypoints estratti: 800
[superpoint_node-2] [ERROR] [1768033786.965765760] [superpoint_node]: Errore pubblicazione keypoints 3D: could not assign tuple of length 3 to structure with 4 fields.
[superpoint_node-2] [INFO] [1768033787.059749488] [superpoint_node]: Keypoints estratti: 800
[superpoint_node-2] [ERROR] [1768033787.066312373] [superpoint_node]: Errore pubblicazione keypoints 3D: could not assign tuple of length 3 to structure with 4 fields.
[superpoint_node-2] [INFO] [1768033787.178100446] [superpoint_node]: Keypoints estratti: 800
[superpoint_node-2] [ERROR] [1768033787.184762369] [superpoint_node]: Errore pubblicazione keypoints 3D: could not assign tuple of length 3 to structure with 4 fields.
[superpoint_node-2] [INFO] [1768033787.274195005] [superpoint_node]: Keypoints estratti: 800
[superpoint_node-2] [ERROR] [1768033787.281421340] [superpoint_node]: Errore pubblicazione keypoints 3D: could not assign tuple of length 3 to structure with 4 fields.
[rtabmap-14] [INFO] [1768033787.328420639] [rtabmap]: rtabmap (599): Rate=0.50s, Limit=0.001s, Conversion=0.0002s, RTAB-Map=0.0456s, Maps update=0.0033s pub=0.0017s delay=0.1030s (local map=0, WM=0)
[superpoint_node-2] [INFO] [1768033787.384701252] [superpoint_node]: Keypoints estratti: 800
[superpoint_node-2] [ERROR] [1768033787.390884135] [superpoint_node]: Errore pubblicazione keypoints 3D: could not assign tuple of length 3 to structure with 4 fields.
[superpoint_node-2] [INFO] [1768033787.486678969] [superpoint_node]: Keypoints estratti: 800
[superpoint_node-2] [ERROR] [1768033787.493188706] [superpoint_node]: Errore pubblicazione keypoints 3D: could not assign tuple of length 3 to structure with 4 fields.
[superpoint_node-2] [INFO] [1768033787.585160288] [superpoint_node]: Keypoints estratti: 800
[superpoint_node-2] [ERROR] [1768033787.591730285] [superpoint_node]: Errore pubblicazione keypoints 3D: could not assign tuple of length 3 to structure with 4 fields.
[superpoint_node-2] [INFO] [1768033787.708783788] [superpoint_node]: Keypoints estratti: 800
[superpoint_node-2] [ERROR] [1768033787.717707248] [superpoint_node]: Errore pubblicazione keypoints 3D: could not assign tuple of length 3 to structure with 4 fields.
[superpoint_node-2] [INFO] [1768033787.818445140] [superpoint_node]: Keypoints estratti: 800
[superpoint_node-2] [ERROR] [1768033787.825362140] [superpoint_node]: Errore pubblicazione keypoints 3D: could not assign tuple of length 3 to structure with 4 fields.
[rtabmap-14] [INFO] [1768033787.858486032] [rtabmap]: rtabmap (600): Rate=0.50s, Limit=0.001s, Conversion=0.0003s, RTAB-Map=0.0412s, Maps update=0.0003s pub=0.0057s delay=0.0948s (local map=0, WM=0)
[superpoint_node-2] [INFO] [1768033787.921266216] [superpoint_node]: Keypoints estratti: 800
[superpoint_node-2] [ERROR] [1768033787.927802638] [superpoint_node]: Errore pubblicazione keypoints 3D: could not assign tuple of length 3 to structure with 4 fields.
[superpoint_node-2] [INFO] [1768033788.026581441] [superpoint_node]: Keypoints estratti: 800
[superpoint_node-2] [ERROR] [1768033788.033383587] [superpoint_node]: Errore pubblicazione keypoints 3D: could not assign tuple of length 3 to structure with 4 fields.
[foxglove_bridge-12] [INFO] [1768033788.074590137] [foxglove_bridge]: publishing connection graph
[rtabmap-14] [33m[ WARN] (2026-01-10 09:29:43.355) MapsManager.cpp:863::publishMaps() Graph has changed! The whole cloud is regenerated.[0m
[rtabmap-14] [33m[ WARN] (2026-01-10 09:29:43.357) OccupancyGrid.cpp:169::getProbMap() Map info is empty, cannot generate probabilistic occupancy grid[0m
[rtabmap-14] [33m[ WARN] (2026-01-10 09:29:43.935) MapsManager.cpp:863::publishMaps() Graph has changed! The whole cloud is regenerated.[0m
[rtabmap-14] [33m[ WARN] (2026-01-10 09:29:43.936) OccupancyGrid.cpp:169::getProbMap() Map info is empty, cannot generate probabilistic occupancy grid[0m
[rtabmap-14] [33m[ WARN] (2026-01-10 09:29:44.534) MapsManager.cpp:863::publishMaps() Graph has changed! The whole cloud is regenerated.[0m
[rtabmap-14] [33m[ WARN] (2026-01-10 09:29:44.535) OccupancyGrid.cpp:169::getProbMap() Map info is empty, cannot generate probabilistic occupancy grid[0m
[rtabmap-14] [33m[ WARN] (2026-01-10 09:29:44.708) CoreWrapper.cpp:1227::odomTFUpdate() Odometry is reset (identity pose detected). Increment map id![0m
[rtabmap-14] [33m[ WARN] (2026-01-10 09:29:45.034) MapsManager.cpp:863::publishMaps() Graph has changed! The whole cloud is regenerated.[0m
[rtabmap-14] [33m[ WARN] (2026-01-10 09:29:45.035) OccupancyGrid.cpp:169::getProbMap() Map info is empty, cannot generate probabilistic occupancy grid[0m
[rtabmap-14] [33m[ WARN] (2026-01-10 09:29:45.537) MapsManager.cpp:863::publishMaps() Graph has changed! The whole cloud is regenerated.[0m
[rtabmap-14] [33m[ WARN] (2026-01-10 09:29:45.538) OccupancyGrid.cpp:169::getProbMap() Map info is empty, cannot generate probabilistic occupancy grid[0m
[rtabmap-14] [33m[ WARN] (2026-01-10 09:29:46.168) MapsManager.cpp:863::publishMaps() Graph has changed! The whole cloud is regenerated.[0m
[rtabmap-14] [33m[ WARN] (2026-01-10 09:29:46.169) OccupancyGrid.cpp:169::getProbMap() Map info is empty, cannot generate probabilistic occupancy grid[0m
[rtabmap-14] [33m[ WARN] (2026-01-10 09:29:46.776) MapsManager.cpp:863::publishMaps() Graph has changed! The whole cloud is regenerated.[0m
[rtabmap-14] [33m[ WARN] (2026-01-10 09:29:46.776) OccupancyGrid.cpp:169::getProbMap() Map info is empty, cannot generate probabilistic occupancy grid[0m
[rtabmap-14] [33m[ WARN] (2026-01-10 09:29:47.326) MapsManager.cpp:863::publishMaps() Graph has changed! The whole cloud is regenerated.[0m
[rtabmap-14] [33m[ WARN] (2026-01-10 09:29:47.327) OccupancyGrid.cpp:169::getProbMap() Map info is empty, cannot generate probabilistic occupancy grid[0m
[rtabmap-14] [33m[ WARN] (2026-01-10 09:29:47.852) MapsManager.cpp:863::publishMaps() Graph has changed! The whole cloud is regenerated.[0m
[rtabmap-14] [33m[ WARN] (2026-01-10 09:29:47.854) OccupancyGrid.cpp:169::getProbMap() Map info is empty, cannot generate probabilistic occupancy grid[0m
[superpoint_node-2] [INFO] [1768033788.157596740] [superpoint_node]: Keypoints estratti: 800
[superpoint_node-2] [ERROR] [1768033788.164487684] [superpoint_node]: Errore pubblicazione keypoints 3D: could not assign tuple of length 3 to structure with 4 fields.
[superpoint_node-2] [INFO] [1768033788.259351733] [superpoint_node]: Keypoints estratti: 800
[superpoint_node-2] [ERROR] [1768033788.265831303] [superpoint_node]: Errore pubblicazione keypoints 3D: could not assign tuple of length 3 to structure with 4 fields.
[superpoint_node-2] [INFO] [1768033788.363841952] [superpoint_node]: Keypoints estratti: 800
[superpoint_node-2] [ERROR] [1768033788.371913460] [superpoint_node]: Errore pubblicazione keypoints 3D: could not assign tuple of length 3 to structure with 4 fields.
[rtabmap-14] [INFO] [1768033788.391699062] [rtabmap]: rtabmap (601): Rate=0.50s, Limit=0.001s, Conversion=0.0004s, RTAB-Map=0.0403s, Maps update=0.0002s pub=0.0017s delay=0.0830s (local map=0, WM=0)
[superpoint_node-2] [INFO] [1768033788.463410261] [superpoint_node]: Keypoints estratti: 800
[superpoint_node-2] [ERROR] [1768033788.470471650] [superpoint_node]: Errore pubblicazione keypoints 3D: could not assign tuple of length 3 to structure with 4 fields.
[superpoint_node-2] [INFO] [1768033788.557716972] [superpoint_node]: Keypoints estratti: 800
[superpoint_node-2] [ERROR] [1768033788.564068634] [superpoint_node]: Errore pubblicazione keypoints 3D: could not assign tuple of length 3 to structure with 4 fields.
[foxglove_bridge-12] [INFO] [1768033788.593252051] [foxglove_bridge]: publishing connection graph
[superpoint_node-2] [INFO] [1768033788.653679567] [superpoint_node]: Keypoints estratti: 800
[superpoint_node-2] [ERROR] [1768033788.661059570] [superpoint_node]: Errore pubblicazione keypoints 3D: could not assign tuple of length 3 to structure with 4 fields.
[superpoint_node-2] [INFO] [1768033788.758192342] [superpoint_node]: Keypoints estratti: 800
[superpoint_node-2] [ERROR] [1768033788.768559128] [superpoint_node]: Errore pubblicazione keypoints 3D: could not assign tuple of length 3 to structure with 4 fields.
[superpoint_node-2] [INFO] [1768033788.855879006] [superpoint_node]: Keypoints estratti: 800
[superpoint_node-2] [ERROR] [1768033788.863045804] [superpoint_node]: Errore pubblicazione keypoints 3D: could not assign tuple of length 3 to structure with 4 fields.
[rtabmap-14] [INFO] [1768033788.937412357] [rtabmap]: rtabmap (602): Rate=0.50s, Limit=0.001s, Conversion=0.0002s, RTAB-Map=0.0199s, Maps update=0.0003s pub=0.0013s delay=0.0353s (local map=0, WM=0)
[superpoint_node-2] [INFO] [1768033789.014857805] [superpoint_node]: Keypoints estratti: 800
[superpoint_node-2] [ERROR] [1768033789.021204430] [superpoint_node]: Errore pubblicazione keypoints 3D: could not assign tuple of length 3 to structure with 4 fields.
[superpoint_node-2] [INFO] [1768033789.117877919] [superpoint_node]: Keypoints estratti: 800
[foxglove_bridge-12] [INFO] [1768033789.119437339] [foxglove_bridge]: publishing connection graph
[superpoint_node-2] [ERROR] [1768033789.124658010] [superpoint_node]: Errore pubblicazione keypoints 3D: could not assign tuple of length 3 to structure with 4 fields.
[superpoint_node-2] [INFO] [1768033789.218602423] [superpoint_node]: Keypoints estratti: 800
[superpoint_node-2] [ERROR] [1768033789.224737934] [superpoint_node]: Errore pubblicazione keypoints 3D: could not assign tuple of length 3 to structure with 4 fields.
[superpoint_node-2] [INFO] [1768033789.314918743] [superpoint_node]: Keypoints estratti: 800
[superpoint_node-2] [ERROR] [1768033789.321229256] [superpoint_node]: Errore pubblicazione keypoints 3D: could not assign tuple of length 3 to structure with 4 fields.
[superpoint_node-2] [INFO] [1768033789.416738551] [superpoint_node]: Keypoints estratti: 800
[superpoint_node-2] [ERROR] [1768033789.422974360] [superpoint_node]: Errore pubblicazione keypoints 3D: could not assign tuple of length 3 to structure with 4 fields.
[superpoint_node-2] [INFO] [1768033789.519452255] [superpoint_node]: Keypoints estratti: 800
[superpoint_node-2] [ERROR] [1768033789.526055197] [superpoint_node]: Errore pubblicazione keypoints 3D: could not assign tuple of length 3 to structure with 4 fields.
[rtabmap-14] [INFO] [1768033789.559691853] [rtabmap]: rtabmap (603): Rate=0.50s, Limit=0.001s, Conversion=0.0005s, RTAB-Map=0.0392s, Maps update=0.0008s pub=0.0053s delay=0.0901s (local map=0, WM=0)
[superpoint_node-2] [INFO] [1768033789.616868418] [superpoint_node]: Keypoints estratti: 800
[superpoint_node-2] [ERROR] [1768033789.623952844] [superpoint_node]: Errore pubblicazione keypoints 3D: could not assign tuple of length 3 to structure with 4 fields.
[superpoint_node-2] [INFO] [1768033789.717119084] [superpoint_node]: Keypoints estratti: 800
[superpoint_node-2] [ERROR] [1768033789.723487968] [superpoint_node]: Errore pubblicazione keypoints 3D: could not assign tuple of length 3 to structure with 4 fields.
[superpoint_node-2] [INFO] [1768033789.815448457] [superpoint_node]: Keypoints estratti: 800
[superpoint_node-2] [ERROR] [1768033789.821757804] [superpoint_node]: Errore pubblicazione keypoints 3D: could not assign tuple of length 3 to structure with 4 fields.
[superpoint_node-2] [INFO] [1768033789.916600538] [superpoint_node]: Keypoints estratti: 800
[superpoint_node-2] [ERROR] [1768033789.922978626] [superpoint_node]: Errore pubblicazione keypoints 3D: could not assign tuple of length 3 to structure with 4 fields.
[superpoint_node-2] [INFO] [1768033790.015440193] [superpoint_node]: Keypoints estratti: 800
[superpoint_node-2] [ERROR] [1768033790.021836188] [superpoint_node]: Errore pubblicazione keypoints 3D: could not assign tuple of length 3 to structure with 4 fields.
[superpoint_node-2] [INFO] [1768033790.118295584] [superpoint_node]: Keypoints estratti: 800
[superpoint_node-2] [ERROR] [1768033790.124910155] [superpoint_node]: Errore pubblicazione keypoints 3D: could not assign tuple of length 3 to structure with 4 fields.
[rtabmap-14] [INFO] [1768033790.160083082] [rtabmap]: rtabmap (604): Rate=0.50s, Limit=0.001s, Conversion=0.0009s, RTAB-Map=0.0428s, Maps update=0.0003s pub=0.0032s delay=0.0907s (local map=0, WM=0)
[superpoint_node-2] [INFO] [1768033790.216647624] [superpoint_node]: Keypoints estratti: 800
[superpoint_node-2] [ERROR] [1768033790.223141064] [superpoint_node]: Errore pubblicazione keypoints 3D: could not assign tuple of length 3 to structure with 4 fields.
[superpoint_node-2] [INFO] [1768033790.321039156] [superpoint_node]: Keypoints estratti: 800
[superpoint_node-2] [ERROR] [1768033790.328144046] [superpoint_node]: Errore pubblicazione keypoints 3D: could not assign tuple of length 3 to structure with 4 fields.
[superpoint_node-2] [INFO] [1768033790.415903946] [superpoint_node]: Keypoints estratti: 800
[superpoint_node-2] [ERROR] [1768033790.422244960] [superpoint_node]: Errore pubblicazione keypoints 3D: could not assign tuple of length 3 to structure with 4 fields.
[superpoint_node-2] [INFO] [1768033790.519882346] [superpoint_node]: Keypoints estratti: 800
[superpoint_node-2] [ERROR] [1768033790.526471769] [superpoint_node]: Errore pubblicazione keypoints 3D: could not assign tuple of length 3 to structure with 4 fields.
[superpoint_node-2] [INFO] [1768033790.615527827] [superpoint_node]: Keypoints estratti: 800
[superpoint_node-2] [ERROR] [1768033790.621735803] [superpoint_node]: Errore pubblicazione keypoints 3D: could not assign tuple of length 3 to structure with 4 fields.
[superpoint_node-2] [INFO] [1768033790.721128018] [superpoint_node]: Keypoints estratti: 800
[superpoint_node-2] [ERROR] [1768033790.727718366] [superpoint_node]: Errore pubblicazione keypoints 3D: could not assign tuple of length 3 to structure with 4 fields.
[rtabmap-14] [INFO] [1768033790.762593977] [rtabmap]: rtabmap (605): Rate=0.50s, Limit=0.001s, Conversion=0.0002s, RTAB-Map=0.0428s, Maps update=0.0012s pub=0.0045s delay=0.0931s (local map=0, WM=0)
[superpoint_node-2] [INFO] [1768033790.820041766] [superpoint_node]: Keypoints estratti: 800
[superpoint_node-2] [ERROR] [1768033790.826406779] [superpoint_node]: Errore pubblicazione keypoints 3D: could not assign tuple of length 3 to structure with 4 fields.
[superpoint_node-2] [INFO] [1768033790.920032152] [superpoint_node]: Keypoints estratti: 800
[superpoint_node-2] [ERROR] [1768033790.926354906] [superpoint_node]: Errore pubblicazione keypoints 3D: could not assign tuple of length 3 to structure with 4 fields.
[superpoint_node-2] [INFO] [1768033791.018437156] [superpoint_node]: Keypoints estratti: 800
[superpoint_node-2] [ERROR] [1768033791.024743224] [superpoint_node]: Errore pubblicazione keypoints 3D: could not assign tuple of length 3 to structure with 4 fields.
[superpoint_node-2] [INFO] [1768033791.115702595] [superpoint_node]: Keypoints estratti: 800
[superpoint_node-2] [ERROR] [1768033791.122190294] [superpoint_node]: Errore pubblicazione keypoints 3D: could not assign tuple of length 3 to structure with 4 fields.
[superpoint_node-2] [INFO] [1768033791.218246538] [superpoint_node]: Keypoints estratti: 800
[superpoint_node-2] [ERROR] [1768033791.224499958] [superpoint_node]: Errore pubblicazione keypoints 3D: could not assign tuple of length 3 to structure with 4 fields.
[superpoint_node-2] [INFO] [1768033791.319443712] [superpoint_node]: Keypoints estratti: 800
[superpoint_node-2] [ERROR] [1768033791.325874152] [superpoint_node]: Errore pubblicazione keypoints 3D: could not assign tuple of length 3 to structure with 4 fields.
[rtabmap-14] [INFO] [1768033791.335204634] [rtabmap]: rtabmap (606): Rate=0.50s, Limit=0.001s, Conversion=0.0026s, RTAB-Map=0.0412s, Maps update=0.0004s pub=0.0039s delay=0.0658s (local map=0, WM=0)
[superpoint_node-2] [INFO] [1768033791.421677320] [superpoint_node]: Keypoints estratti: 800
[superpoint_node-2] [ERROR] [1768033791.427908147] [superpoint_node]: Errore pubblicazione keypoints 3D: could not assign tuple of length 3 to structure with 4 fields.
[superpoint_node-2] [INFO] [1768033791.519679709] [superpoint_node]: Keypoints estratti: 800
[superpoint_node-2] [ERROR] [1768033791.526177983] [superpoint_node]: Errore pubblicazione keypoints 3D: could not assign tuple of length 3 to structure with 4 fields.
[superpoint_node-2] [INFO] [1768033791.614980484] [superpoint_node]: Keypoints estratti: 800
[superpoint_node-2] [ERROR] [1768033791.621781131] [superpoint_node]: Errore pubblicazione keypoints 3D: could not assign tuple of length 3 to structure with 4 fields.
[superpoint_node-2] [INFO] [1768033791.717315926] [superpoint_node]: Keypoints estratti: 800
[superpoint_node-2] [ERROR] [1768033791.723680699] [superpoint_node]: Errore pubblicazione keypoints 3D: could not assign tuple of length 3 to structure with 4 fields.
[superpoint_node-2] [INFO] [1768033791.816077433] [superpoint_node]: Keypoints estratti: 800
[superpoint_node-2] [ERROR] [1768033791.823104285] [superpoint_node]: Errore pubblicazione keypoints 3D: could not assign tuple of length 3 to structure with 4 fields.
[rtabmap-14] [INFO] [1768033791.859819928] [rtabmap]: rtabmap (607): Rate=0.50s, Limit=0.001s, Conversion=0.0003s, RTAB-Map=0.0363s, Maps update=0.0010s pub=0.0054s delay=0.0903s (local map=0, WM=0)
[superpoint_node-2] [INFO] [1768033791.917789981] [superpoint_node]: Keypoints estratti: 800
[superpoint_node-2] [ERROR] [1768033791.924647572] [superpoint_node]: Errore pubblicazione keypoints 3D: could not assign tuple of length 3 to structure with 4 fields.
[superpoint_node-2] [INFO] [1768033792.019285657] [superpoint_node]: Keypoints estratti: 800
[superpoint_node-2] [ERROR] [1768033792.025580392] [superpoint_node]: Errore pubblicazione keypoints 3D: could not assign tuple of length 3 to structure with 4 fields.
[superpoint_node-2] [INFO] [1768033792.114605655] [superpoint_node]: Keypoints estratti: 800
[superpoint_node-2] [ERROR] [1768033792.121234652] [superpoint_node]: Errore pubblicazione keypoints 3D: could not assign tuple of length 3 to structure with 4 fields.
[superpoint_node-2] [INFO] [1768033792.214399910] [superpoint_node]: Keypoints estratti: 800
[superpoint_node-2] [ERROR] [1768033792.220986147] [superpoint_node]: Errore pubblicazione keypoints 3D: could not assign tuple of length 3 to structure with 4 fields.
[superpoint_node-2] [INFO] [1768033792.315754844] [superpoint_node]: Keypoints estratti: 800
[superpoint_node-2] [ERROR] [1768033792.322404471] [superpoint_node]: Errore pubblicazione keypoints 3D: could not assign tuple of length 3 to structure with 4 fields.
[rtabmap-14] [INFO] [1768033792.362959682] [rtabmap]: rtabmap (608): Rate=0.50s, Limit=0.001s, Conversion=0.0008s, RTAB-Map=0.0404s, Maps update=0.0017s pub=0.0034s delay=0.0934s (local map=0, WM=0)
[superpoint_node-2] [INFO] [1768033792.421945946] [superpoint_node]: Keypoints estratti: 800
[superpoint_node-2] [ERROR] [1768033792.428331923] [superpoint_node]: Errore pubblicazione keypoints 3D: could not assign tuple of length 3 to structure with 4 fields.
[superpoint_node-2] [INFO] [1768033792.549526515] [superpoint_node]: Keypoints estratti: 800
[superpoint_node-2] [ERROR] [1768033792.556460607] [superpoint_node]: Errore pubblicazione keypoints 3D: could not assign tuple of length 3 to structure with 4 fields.
[superpoint_node-2] [INFO] [1768033792.644640529] [superpoint_node]: Keypoints estratti: 800
[superpoint_node-2] [ERROR] [1768033792.651494824] [superpoint_node]: Errore pubblicazione keypoints 3D: could not assign tuple of length 3 to structure with 4 fields.
[superpoint_node-2] [INFO] [1768033792.737425544] [superpoint_node]: Keypoints estratti: 800
[superpoint_node-2] [ERROR] [1768033792.744803954] [superpoint_node]: Errore pubblicazione keypoints 3D: could not assign tuple of length 3 to structure with 4 fields.
[superpoint_node-2] [INFO] [1768033792.836111420] [superpoint_node]: Keypoints estratti: 800
[superpoint_node-2] [ERROR] [1768033792.843392607] [superpoint_node]: Errore pubblicazione keypoints 3D: could not assign tuple of length 3 to structure with 4 fields.
[rtabmap-14] [INFO] [1768033792.846129833] [rtabmap]: rtabmap (609): Rate=0.50s, Limit=0.001s, Conversion=0.0006s, RTAB-Map=0.0250s, Maps update=0.0011s pub=0.0016s delay=0.0612s (local map=0, WM=0)
[superpoint_node-2] [INFO] [1768033792.931899514] [superpoint_node]: Keypoints estratti: 800
[superpoint_node-2] [ERROR] [1768033792.938334065] [superpoint_node]: Errore pubblicazione keypoints 3D: could not assign tuple of length 3 to structure with 4 fields.
[superpoint_node-2] [INFO] [1768033793.024066838] [superpoint_node]: Keypoints estratti: 800
[superpoint_node-2] [ERROR] [1768033793.030244961] [superpoint_node]: Errore pubblicazione keypoints 3D: could not assign tuple of length 3 to structure with 4 fields.
[superpoint_node-2] [INFO] [1768033793.122024634] [superpoint_node]: Keypoints estratti: 800
[superpoint_node-2] [ERROR] [1768033793.128258387] [superpoint_node]: Errore pubblicazione keypoints 3D: could not assign tuple of length 3 to structure with 4 fields.
[rtabmap-14] [33m[ WARN] (2026-01-10 09:29:48.390) MapsManager.cpp:863::publishMaps() Graph has changed! The whole cloud is regenerated.[0m
[rtabmap-14] [33m[ WARN] (2026-01-10 09:29:48.391) OccupancyGrid.cpp:169::getProbMap() Map info is empty, cannot generate probabilistic occupancy grid[0m
[rtabmap-14] [33m[ WARN] (2026-01-10 09:29:48.915) CoreWrapper.cpp:1227::odomTFUpdate() Odometry is reset (identity pose detected). Increment map id![0m
[rtabmap-14] [33m[ WARN] (2026-01-10 09:29:48.936) MapsManager.cpp:863::publishMaps() Graph has changed! The whole cloud is regenerated.[0m
[rtabmap-14] [33m[ WARN] (2026-01-10 09:29:48.936) OccupancyGrid.cpp:169::getProbMap() Map info is empty, cannot generate probabilistic occupancy grid[0m
[rtabmap-14] [33m[ WARN] (2026-01-10 09:29:49.554) MapsManager.cpp:863::publishMaps() Graph has changed! The whole cloud is regenerated.[0m
[rtabmap-14] [33m[ WARN] (2026-01-10 09:29:49.557) OccupancyGrid.cpp:169::getProbMap() Map info is empty, cannot generate probabilistic occupancy grid[0m
[rtabmap-14] [33m[ WARN] (2026-01-10 09:29:50.156) MapsManager.cpp:863::publishMaps() Graph has changed! The whole cloud is regenerated.[0m
[rtabmap-14] [33m[ WARN] (2026-01-10 09:29:50.157) OccupancyGrid.cpp:169::getProbMap() Map info is empty, cannot generate probabilistic occupancy grid[0m
[rtabmap-14] [33m[ WARN] (2026-01-10 09:29:50.757) MapsManager.cpp:863::publishMaps() Graph has changed! The whole cloud is regenerated.[0m
[rtabmap-14] [33m[ WARN] (2026-01-10 09:29:50.759) OccupancyGrid.cpp:169::getProbMap() Map info is empty, cannot generate probabilistic occupancy grid[0m
[rtabmap-14] [33m[ WARN] (2026-01-10 09:29:51.331) MapsManager.cpp:863::publishMaps() Graph has changed! The whole cloud is regenerated.[0m
[rtabmap-14] [33m[ WARN] (2026-01-10 09:29:51.333) OccupancyGrid.cpp:169::getProbMap() Map info is empty, cannot generate probabilistic occupancy grid[0m
[rtabmap-14] [33m[ WARN] (2026-01-10 09:29:51.854) MapsManager.cpp:863::publishMaps() Graph has changed! The whole cloud is regenerated.[0m
[rtabmap-14] [33m[ WARN] (2026-01-10 09:29:51.858) OccupancyGrid.cpp:169::getProbMap() Map info is empty, cannot generate probabilistic occupancy grid[0m
[rtabmap-14] [33m[ WARN] (2026-01-10 09:29:52.359) MapsManager.cpp:863::publishMaps() Graph has changed! The whole cloud is regenerated.[0m
[rtabmap-14] [33m[ WARN] (2026-01-10 09:29:52.361) OccupancyGrid.cpp:169::getProbMap() Map info is empty, cannot generate probabilistic occupancy grid[0m
[rtabmap-14] [33m[ WARN] (2026-01-10 09:29:52.844) MapsManager.cpp:863::publishMaps() Graph has changed! The whole cloud is regenerated.[0m
[rtabmap-14] [33m[ WARN] (2026-01-10 09:29:52.845) OccupancyGrid.cpp:169::getProbMap() Map info is empty, cannot generate probabilistic occupancy grid[0m
[superpoint_node-2] [INFO] [1768033793.220400045] [superpoint_node]: Keypoints estratti: 800
[superpoint_node-2] [ERROR] [1768033793.226600946] [superpoint_node]: Errore pubblicazione keypoints 3D: could not assign tuple of length 3 to structure with 4 fields.
[superpoint_node-2] [INFO] [1768033793.317901615] [superpoint_node]: Keypoints estratti: 800
[superpoint_node-2] [ERROR] [1768033793.324057868] [superpoint_node]: Errore pubblicazione keypoints 3D: could not assign tuple of length 3 to structure with 4 fields.
[superpoint_node-2] [INFO] [1768033793.416382545] [superpoint_node]: Keypoints estratti: 800
[superpoint_node-2] [ERROR] [1768033793.423342286] [superpoint_node]: Errore pubblicazione keypoints 3D: could not assign tuple of length 3 to structure with 4 fields.
[rtabmap-14] [INFO] [1768033793.465630770] [rtabmap]: rtabmap (610): Rate=0.50s, Limit=0.001s, Conversion=0.0003s, RTAB-Map=0.0457s, Maps update=0.0011s pub=0.0035s delay=0.0961s (local map=0, WM=0)
[superpoint_node-2] [INFO] [1768033793.518746432] [superpoint_node]: Keypoints estratti: 800
[superpoint_node-2] [ERROR] [1768033793.525299188] [superpoint_node]: Errore pubblicazione keypoints 3D: could not assign tuple of length 3 to structure with 4 fields.
[superpoint_node-2] [INFO] [1768033793.618969524] [superpoint_node]: Keypoints estratti: 800
[superpoint_node-2] [ERROR] [1768033793.625370001] [superpoint_node]: Errore pubblicazione keypoints 3D: could not assign tuple of length 3 to structure with 4 fields.
[superpoint_node-2] [INFO] [1768033793.716033702] [superpoint_node]: Keypoints estratti: 800
[superpoint_node-2] [ERROR] [1768033793.722469401] [superpoint_node]: Errore pubblicazione keypoints 3D: could not assign tuple of length 3 to structure with 4 fields.
[superpoint_node-2] [INFO] [1768033793.818596442] [superpoint_node]: Keypoints estratti: 800
[superpoint_node-2] [ERROR] [1768033793.824981752] [superpoint_node]: Errore pubblicazione keypoints 3D: could not assign tuple of length 3 to structure with 4 fields.
[superpoint_node-2] [INFO] [1768033793.915294302] [superpoint_node]: Keypoints estratti: 800
[superpoint_node-2] [ERROR] [1768033793.921717316] [superpoint_node]: Errore pubblicazione keypoints 3D: could not assign tuple of length 3 to structure with 4 fields.
[superpoint_node-2] [INFO] [1768033794.017624689] [superpoint_node]: Keypoints estratti: 800
[superpoint_node-2] [ERROR] [1768033794.024507040] [superpoint_node]: Errore pubblicazione keypoints 3D: could not assign tuple of length 3 to structure with 4 fields.
[rtabmap-14] [INFO] [1768033794.060476214] [rtabmap]: rtabmap (611): Rate=0.50s, Limit=0.001s, Conversion=0.0004s, RTAB-Map=0.0369s, Maps update=0.0021s pub=0.0030s delay=0.0908s (local map=0, WM=0)
[superpoint_node-2] [INFO] [1768033794.114941702] [superpoint_node]: Keypoints estratti: 800
[superpoint_node-2] [ERROR] [1768033794.121119177] [superpoint_node]: Errore pubblicazione keypoints 3D: could not assign tuple of length 3 to structure with 4 fields.
[superpoint_node-2] [INFO] [1768033794.217550924] [superpoint_node]: Keypoints estratti: 800
[superpoint_node-2] [ERROR] [1768033794.224502961] [superpoint_node]: Errore pubblicazione keypoints 3D: could not assign tuple of length 3 to structure with 4 fields.
[superpoint_node-2] [INFO] [1768033794.317588348] [superpoint_node]: Keypoints estratti: 800
[superpoint_node-2] [ERROR] [1768033794.323920602] [superpoint_node]: Errore pubblicazione keypoints 3D: could not assign tuple of length 3 to structure with 4 fields.
[superpoint_node-2] [INFO] [1768033794.418097480] [superpoint_node]: Keypoints estratti: 800
[superpoint_node-2] [ERROR] [1768033794.424355418] [superpoint_node]: Errore pubblicazione keypoints 3D: could not assign tuple of length 3 to structure with 4 fields.
[rtabmap-14] [INFO] [1768033794.512827546] [rtabmap]: rtabmap (612): Rate=0.50s, Limit=0.001s, Conversion=0.0002s, RTAB-Map=0.0247s, Maps update=0.0020s pub=0.0013s delay=0.0434s (local map=0, WM=0)
[superpoint_node-2] [INFO] [1768033794.519463784] [superpoint_node]: Keypoints estratti: 800
[superpoint_node-2] [ERROR] [1768033794.525775223] [superpoint_node]: Errore pubblicazione keypoints 3D: could not assign tuple of length 3 to structure with 4 fields.
[superpoint_node-2] [INFO] [1768033794.616853539] [superpoint_node]: Keypoints estratti: 800
[superpoint_node-2] [ERROR] [1768033794.623042662] [superpoint_node]: Errore pubblicazione keypoints 3D: could not assign tuple of length 3 to structure with 4 fields.
[superpoint_node-2] [INFO] [1768033794.714680834] [superpoint_node]: Keypoints estratti: 800
[superpoint_node-2] [ERROR] [1768033794.720859309] [superpoint_node]: Errore pubblicazione keypoints 3D: could not assign tuple of length 3 to structure with 4 fields.
[superpoint_node-2] [INFO] [1768033794.817742578] [superpoint_node]: Keypoints estratti: 800
[superpoint_node-2] [ERROR] [1768033794.823933016] [superpoint_node]: Errore pubblicazione keypoints 3D: could not assign tuple of length 3 to structure with 4 fields.
[superpoint_node-2] [INFO] [1768033794.919001771] [superpoint_node]: Keypoints estratti: 800
[superpoint_node-2] [ERROR] [1768033794.925325210] [superpoint_node]: Errore pubblicazione keypoints 3D: could not assign tuple of length 3 to structure with 4 fields.
[superpoint_node-2] [INFO] [1768033795.019307771] [superpoint_node]: Keypoints estratti: 800
[superpoint_node-2] [ERROR] [1768033795.025851360] [superpoint_node]: Errore pubblicazione keypoints 3D: could not assign tuple of length 3 to structure with 4 fields.
[rtabmap-14] [INFO] [1768033795.059310478] [rtabmap]: rtabmap (613): Rate=0.50s, Limit=0.001s, Conversion=0.0002s, RTAB-Map=0.0363s, Maps update=0.0003s pub=0.0039s delay=0.0898s (local map=0, WM=0)
[superpoint_node-2] [INFO] [1768033795.121963679] [superpoint_node]: Keypoints estratti: 800
[superpoint_node-2] [ERROR] [1768033795.128438582] [superpoint_node]: Errore pubblicazione keypoints 3D: could not assign tuple of length 3 to structure with 4 fields.
[superpoint_node-2] [INFO] [1768033795.219067265] [superpoint_node]: Keypoints estratti: 800
[superpoint_node-2] [ERROR] [1768033795.225311018] [superpoint_node]: Errore pubblicazione keypoints 3D: could not assign tuple of length 3 to structure with 4 fields.
[superpoint_node-2] [INFO] [1768033795.316342592] [superpoint_node]: Keypoints estratti: 800
[superpoint_node-2] [ERROR] [1768033795.322807070] [superpoint_node]: Errore pubblicazione keypoints 3D: could not assign tuple of length 3 to structure with 4 fields.
[superpoint_node-2] [INFO] [1768033795.417080466] [superpoint_node]: Keypoints estratti: 800
[superpoint_node-2] [ERROR] [1768033795.423992058] [superpoint_node]: Errore pubblicazione keypoints 3D: could not assign tuple of length 3 to structure with 4 fields.
[superpoint_node-2] [INFO] [1768033795.516493107] [superpoint_node]: Keypoints estratti: 800
[superpoint_node-2] [ERROR] [1768033795.522757176] [superpoint_node]: Errore pubblicazione keypoints 3D: could not assign tuple of length 3 to structure with 4 fields.
[superpoint_node-2] [INFO] [1768033795.616455586] [superpoint_node]: Keypoints estratti: 800
[superpoint_node-2] [ERROR] [1768033795.622991120] [superpoint_node]: Errore pubblicazione keypoints 3D: could not assign tuple of length 3 to structure with 4 fields.
[rtabmap-14] [INFO] [1768033795.655232450] [rtabmap]: rtabmap (614): Rate=0.50s, Limit=0.001s, Conversion=0.0003s, RTAB-Map=0.0356s, Maps update=0.0007s pub=0.0031s delay=0.0859s (local map=0, WM=0)
[superpoint_node-2] [INFO] [1768033795.716454417] [superpoint_node]: Keypoints estratti: 800
[superpoint_node-2] [ERROR] [1768033795.722691930] [superpoint_node]: Errore pubblicazione keypoints 3D: could not assign tuple of length 3 to structure with 4 fields.
[superpoint_node-2] [INFO] [1768033795.843346536] [superpoint_node]: Keypoints estratti: 800
[superpoint_node-2] [ERROR] [1768033795.850660446] [superpoint_node]: Errore pubblicazione keypoints 3D: could not assign tuple of length 3 to structure with 4 fields.
[superpoint_node-2] [INFO] [1768033795.934648890] [superpoint_node]: Keypoints estratti: 800
[superpoint_node-2] [ERROR] [1768033795.941910003] [superpoint_node]: Errore pubblicazione keypoints 3D: could not assign tuple of length 3 to structure with 4 fields.
[superpoint_node-2] [INFO] [1768033796.029166770] [superpoint_node]: Keypoints estratti: 800
[superpoint_node-2] [ERROR] [1768033796.036843924] [superpoint_node]: Errore pubblicazione keypoints 3D: could not assign tuple of length 3 to structure with 4 fields.
[superpoint_node-2] [INFO] [1768033796.131547972] [superpoint_node]: Keypoints estratti: 800
[superpoint_node-2] [ERROR] [1768033796.138666806] [superpoint_node]: Errore pubblicazione keypoints 3D: could not assign tuple of length 3 to structure with 4 fields.
[rtabmap-14] [INFO] [1768033796.158196498] [rtabmap]: rtabmap (615): Rate=0.50s, Limit=0.001s, Conversion=0.0008s, RTAB-Map=0.0389s, Maps update=0.0003s pub=0.0021s delay=0.0767s (local map=0, WM=0)
[superpoint_node-2] [INFO] [1768033796.251579925] [superpoint_node]: Keypoints estratti: 800
[superpoint_node-2] [ERROR] [1768033796.258199089] [superpoint_node]: Errore pubblicazione keypoints 3D: could not assign tuple of length 3 to structure with 4 fields.
[superpoint_node-2] [INFO] [1768033796.348339323] [superpoint_node]: Keypoints estratti: 800
[superpoint_node-2] [ERROR] [1768033796.354802115] [superpoint_node]: Errore pubblicazione keypoints 3D: could not assign tuple of length 3 to structure with 4 fields.
[superpoint_node-2] [INFO] [1768033796.444290992] [superpoint_node]: Keypoints estratti: 800
[superpoint_node-2] [ERROR] [1768033796.452009220] [superpoint_node]: Errore pubblicazione keypoints 3D: could not assign tuple of length 3 to structure with 4 fields.
[superpoint_node-2] [INFO] [1768033796.542051416] [superpoint_node]: Keypoints estratti: 800
[superpoint_node-2] [ERROR] [1768033796.550093925] [superpoint_node]: Errore pubblicazione keypoints 3D: could not assign tuple of length 3 to structure with 4 fields.
[foxglove_bridge-12] [INFO] [1768033796.646400004] [foxglove_bridge]: publishing connection graph
[superpoint_node-2] [INFO] [1768033796.649514010] [superpoint_node]: Keypoints estratti: 800
[rtabmap-14] [INFO] [1768033796.653324133] [rtabmap]: rtabmap (616): Rate=0.50s, Limit=0.001s, Conversion=0.0009s, RTAB-Map=0.0328s, Maps update=0.0002s pub=0.0010s delay=0.0634s (local map=0, WM=0)
[superpoint_node-2] [ERROR] [1768033796.657722520] [superpoint_node]: Errore pubblicazione keypoints 3D: could not assign tuple of length 3 to structure with 4 fields.
[superpoint_node-2] [INFO] [1768033796.765932268] [superpoint_node]: Keypoints estratti: 800
[superpoint_node-2] [ERROR] [1768033796.772301652] [superpoint_node]: Errore pubblicazione keypoints 3D: could not assign tuple of length 3 to structure with 4 fields.
[superpoint_node-2] [INFO] [1768033796.908043304] [superpoint_node]: Keypoints estratti: 800
[superpoint_node-2] [ERROR] [1768033796.917577972] [superpoint_node]: Errore pubblicazione keypoints 3D: could not assign tuple of length 3 to structure with 4 fields.
[superpoint_node-2] [INFO] [1768033797.015058172] [superpoint_node]: Keypoints estratti: 800
[superpoint_node-2] [ERROR] [1768033797.021966930] [superpoint_node]: Errore pubblicazione keypoints 3D: could not assign tuple of length 3 to structure with 4 fields.
[superpoint_node-2] [INFO] [1768033797.111732365] [superpoint_node]: Keypoints estratti: 800
[superpoint_node-2] [ERROR] [1768033797.118399807] [superpoint_node]: Errore pubblicazione keypoints 3D: could not assign tuple of length 3 to structure with 4 fields.
[foxglove_bridge-12] [INFO] [1768033797.172026696] [foxglove_bridge]: publishing connection graph
[rtabmap-14] [INFO] [1768033797.209247454] [rtabmap]: rtabmap (617): Rate=0.50s, Limit=0.001s, Conversion=0.0002s, RTAB-Map=0.0263s, Maps update=0.0010s pub=0.0015s delay=0.0490s (local map=0, WM=0)
[superpoint_node-2] [INFO] [1768033797.217282629] [superpoint_node]: Keypoints estratti: 800
[superpoint_node-2] [ERROR] [1768033797.223972830] [superpoint_node]: Errore pubblicazione keypoints 3D: could not assign tuple of length 3 to structure with 4 fields.
[superpoint_node-2] [INFO] [1768033797.313576912] [superpoint_node]: Keypoints estratti: 800
[superpoint_node-2] [ERROR] [1768033797.323450694] [superpoint_node]: Errore pubblicazione keypoints 3D: could not assign tuple of length 3 to structure with 4 fields.
[superpoint_node-2] [INFO] [1768033797.409694620] [superpoint_node]: Keypoints estratti: 800
[superpoint_node-2] [ERROR] [1768033797.417763702] [superpoint_node]: Errore pubblicazione keypoints 3D: could not assign tuple of length 3 to structure with 4 fields.
[superpoint_node-2] [INFO] [1768033797.508895074] [superpoint_node]: Keypoints estratti: 800
[superpoint_node-2] [ERROR] [1768033797.515837074] [superpoint_node]: Errore pubblicazione keypoints 3D: could not assign tuple of length 3 to structure with 4 fields.
[superpoint_node-2] [INFO] [1768033797.602330446] [superpoint_node]: Keypoints estratti: 800
[superpoint_node-2] [ERROR] [1768033797.609529410] [superpoint_node]: Errore pubblicazione keypoints 3D: could not assign tuple of length 3 to structure with 4 fields.
[superpoint_node-2] [INFO] [1768033797.697556868] [superpoint_node]: Keypoints estratti: 800
[superpoint_node-2] [ERROR] [1768033797.705201355] [superpoint_node]: Errore pubblicazione keypoints 3D: could not assign tuple of length 3 to structure with 4 fields.
[superpoint_node-2] [INFO] [1768033797.795585887] [superpoint_node]: Keypoints estratti: 800
[superpoint_node-2] [ERROR] [1768033797.802620980] [superpoint_node]: Errore pubblicazione keypoints 3D: could not assign tuple of length 3 to structure with 4 fields.
[rtabmap-14] [INFO] [1768033797.828123609] [rtabmap]: rtabmap (618): Rate=0.50s, Limit=0.001s, Conversion=0.0002s, RTAB-Map=0.0406s, Maps update=0.0006s pub=0.0049s delay=0.0810s (local map=0, WM=0)
[superpoint_node-2] [INFO] [1768033797.894390598] [superpoint_node]: Keypoints estratti: 800
[superpoint_node-2] [ERROR] [1768033797.901507969] [superpoint_node]: Errore pubblicazione keypoints 3D: could not assign tuple of length 3 to structure with 4 fields.
[superpoint_node-2] [INFO] [1768033797.989101146] [superpoint_node]: Keypoints estratti: 800
[superpoint_node-2] [ERROR] [1768033797.995837162] [superpoint_node]: Errore pubblicazione keypoints 3D: could not assign tuple of length 3 to structure with 4 fields.
[superpoint_node-2] [INFO] [1768033798.104252097] [superpoint_node]: Keypoints estratti: 800
[superpoint_node-2] [ERROR] [1768033798.112222901] [superpoint_node]: Errore pubblicazione keypoints 3D: could not assign tuple of length 3 to structure with 4 fields.
[rtabmap-14] [33m[ WARN] (2026-01-10 09:29:53.462) MapsManager.cpp:863::publishMaps() Graph has changed! The whole cloud is regenerated.[0m
[rtabmap-14] [33m[ WARN] (2026-01-10 09:29:53.464) OccupancyGrid.cpp:169::getProbMap() Map info is empty, cannot generate probabilistic occupancy grid[0m
[rtabmap-14] [33m[ WARN] (2026-01-10 09:29:54.057) MapsManager.cpp:863::publishMaps() Graph has changed! The whole cloud is regenerated.[0m
[rtabmap-14] [33m[ WARN] (2026-01-10 09:29:54.058) OccupancyGrid.cpp:169::getProbMap() Map info is empty, cannot generate probabilistic occupancy grid[0m
[rtabmap-14] [33m[ WARN] (2026-01-10 09:29:54.511) MapsManager.cpp:863::publishMaps() Graph has changed! The whole cloud is regenerated.[0m
[rtabmap-14] [33m[ WARN] (2026-01-10 09:29:54.512) OccupancyGrid.cpp:169::getProbMap() Map info is empty, cannot generate probabilistic occupancy grid[0m
[rtabmap-14] [33m[ WARN] (2026-01-10 09:29:55.054) MapsManager.cpp:863::publishMaps() Graph has changed! The whole cloud is regenerated.[0m
[rtabmap-14] [33m[ WARN] (2026-01-10 09:29:55.055) OccupancyGrid.cpp:169::getProbMap() Map info is empty, cannot generate probabilistic occupancy grid[0m
[rtabmap-14] [33m[ WARN] (2026-01-10 09:29:55.652) MapsManager.cpp:863::publishMaps() Graph has changed! The whole cloud is regenerated.[0m
[rtabmap-14] [33m[ WARN] (2026-01-10 09:29:55.654) OccupancyGrid.cpp:169::getProbMap() Map info is empty, cannot generate probabilistic occupancy grid[0m
[rtabmap-14] [33m[ WARN] (2026-01-10 09:29:56.155) MapsManager.cpp:863::publishMaps() Graph has changed! The whole cloud is regenerated.[0m
[rtabmap-14] [33m[ WARN] (2026-01-10 09:29:56.155) OccupancyGrid.cpp:169::getProbMap() Map info is empty, cannot generate probabilistic occupancy grid[0m
[rtabmap-14] [33m[ WARN] (2026-01-10 09:29:56.652) MapsManager.cpp:863::publishMaps() Graph has changed! The whole cloud is regenerated.[0m
[rtabmap-14] [33m[ WARN] (2026-01-10 09:29:56.652) OccupancyGrid.cpp:169::getProbMap() Map info is empty, cannot generate probabilistic occupancy grid[0m
[rtabmap-14] [33m[ WARN] (2026-01-10 09:29:57.207) MapsManager.cpp:863::publishMaps() Graph has changed! The whole cloud is regenerated.[0m
[rtabmap-14] [33m[ WARN] (2026-01-10 09:29:57.208) OccupancyGrid.cpp:169::getProbMap() Map info is empty, cannot generate probabilistic occupancy grid[0m
[rtabmap-14] [33m[ WARN] (2026-01-10 09:29:57.823) MapsManager.cpp:863::publishMaps() Graph has changed! The whole cloud is regenerated.[0m
[rtabmap-14] [33m[ WARN] (2026-01-10 09:29:57.825) OccupancyGrid.cpp:169::getProbMap() Map info is empty, cannot generate probabilistic occupancy grid[0m
[superpoint_node-2] [INFO] [1768033798.202194412] [superpoint_node]: Keypoints estratti: 800
[superpoint_node-2] [ERROR] [1768033798.211234910] [superpoint_node]: Errore pubblicazione keypoints 3D: could not assign tuple of length 3 to structure with 4 fields.
[superpoint_node-2] [INFO] [1768033798.301372033] [superpoint_node]: Keypoints estratti: 800
[superpoint_node-2] [ERROR] [1768033798.308967260] [superpoint_node]: Errore pubblicazione keypoints 3D: could not assign tuple of length 3 to structure with 4 fields.
[rtabmap-14] [INFO] [1768033798.329258884] [rtabmap]: rtabmap (619): Rate=0.50s, Limit=0.001s, Conversion=0.0004s, RTAB-Map=0.0439s, Maps update=0.0003s pub=0.0028s delay=0.0778s (local map=0, WM=0)
[superpoint_node-2] [INFO] [1768033798.398918492] [superpoint_node]: Keypoints estratti: 800
[superpoint_node-2] [ERROR] [1768033798.405608805] [superpoint_node]: Errore pubblicazione keypoints 3D: could not assign tuple of length 3 to structure with 4 fields.
[superpoint_node-2] [INFO] [1768033798.495133367] [superpoint_node]: Keypoints estratti: 800
[superpoint_node-2] [ERROR] [1768033798.501863754] [superpoint_node]: Errore pubblicazione keypoints 3D: could not assign tuple of length 3 to structure with 4 fields.
[superpoint_node-2] [INFO] [1768033798.592307046] [superpoint_node]: Keypoints estratti: 800
[superpoint_node-2] [ERROR] [1768033798.599237009] [superpoint_node]: Errore pubblicazione keypoints 3D: could not assign tuple of length 3 to structure with 4 fields.
[superpoint_node-2] [INFO] [1768033798.685050634] [superpoint_node]: Keypoints estratti: 800
[superpoint_node-2] [ERROR] [1768033798.691379629] [superpoint_node]: Errore pubblicazione keypoints 3D: could not assign tuple of length 3 to structure with 4 fields.
[superpoint_node-2] [INFO] [1768033798.781577253] [superpoint_node]: Keypoints estratti: 800
[superpoint_node-2] [ERROR] [1768033798.788775643] [superpoint_node]: Errore pubblicazione keypoints 3D: could not assign tuple of length 3 to structure with 4 fields.
[rtabmap-14] [INFO] [1768033798.869748601] [rtabmap]: rtabmap (620): Rate=0.50s, Limit=0.001s, Conversion=0.0002s, RTAB-Map=0.0246s, Maps update=0.0004s pub=0.0016s delay=0.0393s (local map=0, WM=0)
[superpoint_node-2] [INFO] [1768033798.885687042] [superpoint_node]: Keypoints estratti: 800
[superpoint_node-2] [ERROR] [1768033798.892292576] [superpoint_node]: Errore pubblicazione keypoints 3D: could not assign tuple of length 3 to structure with 4 fields.
[superpoint_node-2] [INFO] [1768033798.981248690] [superpoint_node]: Keypoints estratti: 800
[superpoint_node-2] [ERROR] [1768033798.987798038] [superpoint_node]: Errore pubblicazione keypoints 3D: could not assign tuple of length 3 to structure with 4 fields.
[superpoint_node-2] [INFO] [1768033799.118521428] [superpoint_node]: Keypoints estratti: 800
[superpoint_node-2] [ERROR] [1768033799.125364982] [superpoint_node]: Errore pubblicazione keypoints 3D: could not assign tuple of length 3 to structure with 4 fields.
[superpoint_node-2] [INFO] [1768033799.214020631] [superpoint_node]: Keypoints estratti: 800
[superpoint_node-2] [ERROR] [1768033799.220872203] [superpoint_node]: Errore pubblicazione keypoints 3D: could not assign tuple of length 3 to structure with 4 fields.
[superpoint_node-2] [INFO] [1768033799.309588704] [superpoint_node]: Keypoints estratti: 800
[superpoint_node-2] [ERROR] [1768033799.316165997] [superpoint_node]: Errore pubblicazione keypoints 3D: could not assign tuple of length 3 to structure with 4 fields.
[rtabmap-14] [INFO] [1768033799.406243842] [rtabmap]: rtabmap (621): Rate=0.50s, Limit=0.001s, Conversion=0.0002s, RTAB-Map=0.0248s, Maps update=0.0015s pub=0.0019s delay=0.0503s (local map=0, WM=0)
[superpoint_node-2] [INFO] [1768033799.410534506] [superpoint_node]: Keypoints estratti: 800
[superpoint_node-2] [ERROR] [1768033799.417041465] [superpoint_node]: Errore pubblicazione keypoints 3D: could not assign tuple of length 3 to structure with 4 fields.
[superpoint_node-2] [INFO] [1768033799.506869104] [superpoint_node]: Keypoints estratti: 800
[superpoint_node-2] [ERROR] [1768033799.513526027] [superpoint_node]: Errore pubblicazione keypoints 3D: could not assign tuple of length 3 to structure with 4 fields.
[superpoint_node-2] [INFO] [1768033799.599535877] [superpoint_node]: Keypoints estratti: 800
[superpoint_node-2] [ERROR] [1768033799.606367097] [superpoint_node]: Errore pubblicazione keypoints 3D: could not assign tuple of length 3 to structure with 4 fields.
[superpoint_node-2] [INFO] [1768033799.692062167] [superpoint_node]: Keypoints estratti: 800
[superpoint_node-2] [ERROR] [1768033799.699501281] [superpoint_node]: Errore pubblicazione keypoints 3D: could not assign tuple of length 3 to structure with 4 fields.
[superpoint_node-2] [INFO] [1768033799.788841139] [superpoint_node]: Keypoints estratti: 800
[superpoint_node-2] [ERROR] [1768033799.795748379] [superpoint_node]: Errore pubblicazione keypoints 3D: could not assign tuple of length 3 to structure with 4 fields.
[superpoint_node-2] [INFO] [1768033799.884452287] [superpoint_node]: Keypoints estratti: 800
[superpoint_node-2] [ERROR] [1768033799.891050469] [superpoint_node]: Errore pubblicazione keypoints 3D: could not assign tuple of length 3 to structure with 4 fields.
[rtabmap-14] [INFO] [1768033799.979582394] [rtabmap]: rtabmap (622): Rate=0.50s, Limit=0.001s, Conversion=0.0002s, RTAB-Map=0.0260s, Maps update=0.0005s pub=0.0028s delay=0.0456s (local map=0, WM=0)
[superpoint_node-2] [INFO] [1768033799.987247696] [superpoint_node]: Keypoints estratti: 800
[superpoint_node-2] [ERROR] [1768033799.993648006] [superpoint_node]: Errore pubblicazione keypoints 3D: could not assign tuple of length 3 to structure with 4 fields.
[superpoint_node-2] [INFO] [1768033800.090022530] [superpoint_node]: Keypoints estratti: 800
[superpoint_node-2] [ERROR] [1768033800.097440608] [superpoint_node]: Errore pubblicazione keypoints 3D: could not assign tuple of length 3 to structure with 4 fields.
[superpoint_node-2] [INFO] [1768033800.192706938] [superpoint_node]: Keypoints estratti: 800
[superpoint_node-2] [ERROR] [1768033800.200148016] [superpoint_node]: Errore pubblicazione keypoints 3D: could not assign tuple of length 3 to structure with 4 fields.
[superpoint_node-2] [INFO] [1768033800.292629713] [superpoint_node]: Keypoints estratti: 800
[superpoint_node-2] [ERROR] [1768033800.299537101] [superpoint_node]: Errore pubblicazione keypoints 3D: could not assign tuple of length 3 to structure with 4 fields.
[superpoint_node-2] [INFO] [1768033800.391985057] [superpoint_node]: Keypoints estratti: 800
[superpoint_node-2] [ERROR] [1768033800.399252874] [superpoint_node]: Errore pubblicazione keypoints 3D: could not assign tuple of length 3 to structure with 4 fields.
[superpoint_node-2] [INFO] [1768033800.490514099] [superpoint_node]: Keypoints estratti: 800
[superpoint_node-2] [ERROR] [1768033800.497506525] [superpoint_node]: Errore pubblicazione keypoints 3D: could not assign tuple of length 3 to structure with 4 fields.
[rtabmap-14] [INFO] [1768033800.542899978] [rtabmap]: rtabmap (623): Rate=0.50s, Limit=0.001s, Conversion=0.0003s, RTAB-Map=0.0515s, Maps update=0.0015s pub=0.0050s delay=0.1020s (local map=0, WM=0)
[superpoint_node-2] [INFO] [1768033800.591901608] [superpoint_node]: Keypoints estratti: 800
[superpoint_node-2] [ERROR] [1768033800.598567994] [superpoint_node]: Errore pubblicazione keypoints 3D: could not assign tuple of length 3 to structure with 4 fields.
[superpoint_node-2] [INFO] [1768033800.697051257] [superpoint_node]: Keypoints estratti: 800
[superpoint_node-2] [ERROR] [1768033800.704665540] [superpoint_node]: Errore pubblicazione keypoints 3D: could not assign tuple of length 3 to structure with 4 fields.
[superpoint_node-2] [INFO] [1768033800.801103676] [superpoint_node]: Keypoints estratti: 800
[superpoint_node-2] [ERROR] [1768033800.809311074] [superpoint_node]: Errore pubblicazione keypoints 3D: could not assign tuple of length 3 to structure with 4 fields.
[superpoint_node-2] [INFO] [1768033800.924284561] [superpoint_node]: Keypoints estratti: 800
[superpoint_node-2] [ERROR] [1768033800.936720475] [superpoint_node]: Errore pubblicazione keypoints 3D: could not assign tuple of length 3 to structure with 4 fields.
[superpoint_node-2] [INFO] [1768033801.065512812] [superpoint_node]: Keypoints estratti: 800
[superpoint_node-2] [ERROR] [1768033801.073715377] [superpoint_node]: Errore pubblicazione keypoints 3D: could not assign tuple of length 3 to structure with 4 fields.
[rtabmap-14] [INFO] [1768033801.127375544] [rtabmap]: rtabmap (624): Rate=0.50s, Limit=0.001s, Conversion=0.0007s, RTAB-Map=0.0699s, Maps update=0.0043s pub=0.0016s delay=0.1204s (local map=0, WM=0)
[superpoint_node-2] [INFO] [1768033801.222663264] [superpoint_node]: Keypoints estratti: 800
[superpoint_node-2] [ERROR] [1768033801.235363328] [superpoint_node]: Errore pubblicazione keypoints 3D: could not assign tuple of length 3 to structure with 4 fields.
[superpoint_node-2] [INFO] [1768033801.364720595] [superpoint_node]: Keypoints estratti: 800
[superpoint_node-2] [ERROR] [1768033801.372630677] [superpoint_node]: Errore pubblicazione keypoints 3D: could not assign tuple of length 3 to structure with 4 fields.
[superpoint_node-2] [INFO] [1768033801.507187319] [superpoint_node]: Keypoints estratti: 800
[superpoint_node-2] [ERROR] [1768033801.528607082] [superpoint_node]: Errore pubblicazione keypoints 3D: could not assign tuple of length 3 to structure with 4 fields.
[superpoint_node-2] [INFO] [1768033801.629514179] [superpoint_node]: Keypoints estratti: 800
[superpoint_node-2] [ERROR] [1768033801.640234987] [superpoint_node]: Errore pubblicazione keypoints 3D: could not assign tuple of length 3 to structure with 4 fields.
[rtabmap-14] [INFO] [1768033801.731521582] [rtabmap]: rtabmap (625): Rate=0.50s, Limit=0.001s, Conversion=0.0003s, RTAB-Map=0.0765s, Maps update=0.0007s pub=0.0024s delay=0.1550s (local map=0, WM=0)
[superpoint_node-2] [INFO] [1768033801.760592590] [superpoint_node]: Keypoints estratti: 800
[superpoint_node-2] [ERROR] [1768033801.768785896] [superpoint_node]: Errore pubblicazione keypoints 3D: could not assign tuple of length 3 to structure with 4 fields.
[superpoint_node-2] [INFO] [1768033801.875817005] [superpoint_node]: Keypoints estratti: 800
[superpoint_node-2] [ERROR] [1768033801.883935088] [superpoint_node]: Errore pubblicazione keypoints 3D: could not assign tuple of length 3 to structure with 4 fields.
[superpoint_node-2] [INFO] [1768033801.989110627] [superpoint_node]: Keypoints estratti: 800
[superpoint_node-2] [ERROR] [1768033802.001619597] [superpoint_node]: Errore pubblicazione keypoints 3D: could not assign tuple of length 3 to structure with 4 fields.
[superpoint_node-2] [INFO] [1768033802.135144527] [superpoint_node]: Keypoints estratti: 800
[superpoint_node-2] [ERROR] [1768033802.143917023] [superpoint_node]: Errore pubblicazione keypoints 3D: could not assign tuple of length 3 to structure with 4 fields.
[rtabmap-14] [INFO] [1768033802.305020561] [rtabmap]: rtabmap (626): Rate=0.50s, Limit=0.001s, Conversion=0.0004s, RTAB-Map=0.0452s, Maps update=0.0004s pub=0.0087s delay=0.1099s (local map=0, WM=0)
[superpoint_node-2] [INFO] [1768033802.311709059] [superpoint_node]: Keypoints estratti: 800
[superpoint_node-2] [ERROR] [1768033802.321445914] [superpoint_node]: Errore pubblicazione keypoints 3D: could not assign tuple of length 3 to structure with 4 fields.
[superpoint_node-2] [INFO] [1768033802.472506669] [superpoint_node]: Keypoints estratti: 800
[superpoint_node-2] [ERROR] [1768033802.490671109] [superpoint_node]: Errore pubblicazione keypoints 3D: could not assign tuple of length 3 to structure with 4 fields.
[superpoint_node-2] [INFO] [1768033802.660405346] [superpoint_node]: Keypoints estratti: 800
[superpoint_node-2] [ERROR] [1768033802.677032311] [superpoint_node]: Errore pubblicazione keypoints 3D: could not assign tuple of length 3 to structure with 4 fields.
[superpoint_node-2] [INFO] [1768033802.825672065] [superpoint_node]: Keypoints estratti: 800
[superpoint_node-2] [ERROR] [1768033802.832780177] [superpoint_node]: Errore pubblicazione keypoints 3D: could not assign tuple of length 3 to structure with 4 fields.
[rtabmap-14] [INFO] [1768033802.913181038] [rtabmap]: rtabmap (627): Rate=0.50s, Limit=0.001s, Conversion=0.0005s, RTAB-Map=0.0838s, Maps update=0.0020s pub=0.0110s delay=0.1523s (local map=0, WM=0)
[superpoint_node-2] [INFO] [1768033802.958063691] [superpoint_node]: Keypoints estratti: 800
[superpoint_node-2] [ERROR] [1768033802.966101606] [superpoint_node]: Errore pubblicazione keypoints 3D: could not assign tuple of length 3 to structure with 4 fields.
[superpoint_node-2] [INFO] [1768033803.093454006] [superpoint_node]: Keypoints estratti: 800
[superpoint_node-2] [ERROR] [1768033803.103249547] [superpoint_node]: Errore pubblicazione keypoints 3D: could not assign tuple of length 3 to structure with 4 fields.
[rtabmap-14] [33m[ WARN] (2026-01-10 09:29:58.326) MapsManager.cpp:863::publishMaps() Graph has changed! The whole cloud is regenerated.[0m
[rtabmap-14] [33m[ WARN] (2026-01-10 09:29:58.327) OccupancyGrid.cpp:169::getProbMap() Map info is empty, cannot generate probabilistic occupancy grid[0m
[rtabmap-14] [33m[ WARN] (2026-01-10 09:29:58.868) MapsManager.cpp:863::publishMaps() Graph has changed! The whole cloud is regenerated.[0m
[rtabmap-14] [33m[ WARN] (2026-01-10 09:29:58.868) OccupancyGrid.cpp:169::getProbMap() Map info is empty, cannot generate probabilistic occupancy grid[0m
[rtabmap-14] [33m[ WARN] (2026-01-10 09:29:59.404) MapsManager.cpp:863::publishMaps() Graph has changed! The whole cloud is regenerated.[0m
[rtabmap-14] [33m[ WARN] (2026-01-10 09:29:59.405) OccupancyGrid.cpp:169::getProbMap() Map info is empty, cannot generate probabilistic occupancy grid[0m
[rtabmap-14] [33m[ WARN] (2026-01-10 09:29:59.976) MapsManager.cpp:863::publishMaps() Graph has changed! The whole cloud is regenerated.[0m
[rtabmap-14] [33m[ WARN] (2026-01-10 09:29:59.978) OccupancyGrid.cpp:169::getProbMap() Map info is empty, cannot generate probabilistic occupancy grid[0m
[rtabmap-14] [33m[ WARN] (2026-01-10 09:30:00.537) MapsManager.cpp:863::publishMaps() Graph has changed! The whole cloud is regenerated.[0m
[rtabmap-14] [33m[ WARN] (2026-01-10 09:30:00.540) OccupancyGrid.cpp:169::getProbMap() Map info is empty, cannot generate probabilistic occupancy grid[0m
[rtabmap-14] [33m[ WARN] (2026-01-10 09:30:01.125) MapsManager.cpp:863::publishMaps() Graph has changed! The whole cloud is regenerated.[0m
[rtabmap-14] [33m[ WARN] (2026-01-10 09:30:01.126) OccupancyGrid.cpp:169::getProbMap() Map info is empty, cannot generate probabilistic occupancy grid[0m
[rtabmap-14] [33m[ WARN] (2026-01-10 09:30:01.729) MapsManager.cpp:863::publishMaps() Graph has changed! The whole cloud is regenerated.[0m
[rtabmap-14] [33m[ WARN] (2026-01-10 09:30:01.730) OccupancyGrid.cpp:169::getProbMap() Map info is empty, cannot generate probabilistic occupancy grid[0m
[rtabmap-14] [33m[ WARN] (2026-01-10 09:30:02.296) MapsManager.cpp:863::publishMaps() Graph has changed! The whole cloud is regenerated.[0m
[rtabmap-14] [33m[ WARN] (2026-01-10 09:30:02.301) OccupancyGrid.cpp:169::getProbMap() Map info is empty, cannot generate probabilistic occupancy grid[0m
[rtabmap-14] [33m[ WARN] (2026-01-10 09:30:02.902) MapsManager.cpp:863::publishMaps() Graph has changed! The whole cloud is regenerated.[0m
[rtabmap-14] [33m[ WARN] (2026-01-10 09:30:02.909) OccupancyGrid.cpp:169::getProbMap() Map info is empty, cannot generate probabilistic occupancy grid[0m
[superpoint_node-2] [INFO] [1768033803.204590537] [superpoint_node]: Keypoints estratti: 800
[superpoint_node-2] [ERROR] [1768033803.212366877] [superpoint_node]: Errore pubblicazione keypoints 3D: could not assign tuple of length 3 to structure with 4 fields.
[superpoint_node-2] [INFO] [1768033803.318481293] [superpoint_node]: Keypoints estratti: 800
[superpoint_node-2] [ERROR] [1768033803.325629535] [superpoint_node]: Errore pubblicazione keypoints 3D: could not assign tuple of length 3 to structure with 4 fields.
[superpoint_node-2] [INFO] [1768033803.428277295] [superpoint_node]: Keypoints estratti: 800
[superpoint_node-2] [ERROR] [1768033803.437151921] [superpoint_node]: Errore pubblicazione keypoints 3D: could not assign tuple of length 3 to structure with 4 fields.
[rtabmap-14] [INFO] [1768033803.467790738] [rtabmap]: rtabmap (628): Rate=0.50s, Limit=0.001s, Conversion=0.0003s, RTAB-Map=0.0500s, Maps update=0.0018s pub=0.0055s delay=0.0968s (local map=0, WM=0)
[superpoint_node-2] [INFO] [1768033803.529776674] [superpoint_node]: Keypoints estratti: 800
[superpoint_node-2] [ERROR] [1768033803.537354457] [superpoint_node]: Errore pubblicazione keypoints 3D: could not assign tuple of length 3 to structure with 4 fields.
[superpoint_node-2] [INFO] [1768033803.682597869] [superpoint_node]: Keypoints estratti: 800
[superpoint_node-2] [ERROR] [1768033803.690089984] [superpoint_node]: Errore pubblicazione keypoints 3D: could not assign tuple of length 3 to structure with 4 fields.
[superpoint_node-2] [INFO] [1768033803.865717694] [superpoint_node]: Keypoints estratti: 800
[superpoint_node-2] [ERROR] [1768033803.873383921] [superpoint_node]: Errore pubblicazione keypoints 3D: could not assign tuple of length 3 to structure with 4 fields.
[superpoint_node-2] [INFO] [1768033803.993019334] [superpoint_node]: Keypoints estratti: 800
[superpoint_node-2] [ERROR] [1768033804.004826354] [superpoint_node]: Errore pubblicazione keypoints 3D: could not assign tuple of length 3 to structure with 4 fields.
[rtabmap-14] [INFO] [1768033804.036869349] [rtabmap]: rtabmap (629): Rate=0.50s, Limit=0.001s, Conversion=0.0026s, RTAB-Map=0.0464s, Maps update=0.0014s pub=0.0050s delay=0.1161s (local map=0, WM=0)
[superpoint_node-2] [INFO] [1768033804.126748174] [superpoint_node]: Keypoints estratti: 800
[superpoint_node-2] [ERROR] [1768033804.136395158] [superpoint_node]: Errore pubblicazione keypoints 3D: could not assign tuple of length 3 to structure with 4 fields.
[superpoint_node-2] [INFO] [1768033804.247586189] [superpoint_node]: Keypoints estratti: 800
[superpoint_node-2] [ERROR] [1768033804.253934369] [superpoint_node]: Errore pubblicazione keypoints 3D: could not assign tuple of length 3 to structure with 4 fields.
[superpoint_node-2] [INFO] [1768033804.346441474] [superpoint_node]: Keypoints estratti: 800
[superpoint_node-2] [ERROR] [1768033804.353727106] [superpoint_node]: Errore pubblicazione keypoints 3D: could not assign tuple of length 3 to structure with 4 fields.
[superpoint_node-2] [INFO] [1768033804.443142001] [superpoint_node]: Keypoints estratti: 800
[superpoint_node-2] [ERROR] [1768033804.450357651] [superpoint_node]: Errore pubblicazione keypoints 3D: could not assign tuple of length 3 to structure with 4 fields.
[superpoint_node-2] [INFO] [1768033804.555093093] [superpoint_node]: Keypoints estratti: 800
[rtabmap-14] [INFO] [1768033804.557300814] [rtabmap]: rtabmap (630): Rate=0.50s, Limit=0.001s, Conversion=0.0003s, RTAB-Map=0.0389s, Maps update=0.0009s pub=0.0012s delay=0.0654s (local map=0, WM=0)
[superpoint_node-2] [ERROR] [1768033804.562818432] [superpoint_node]: Errore pubblicazione keypoints 3D: could not assign tuple of length 3 to structure with 4 fields.
[superpoint_node-2] [INFO] [1768033804.677440528] [superpoint_node]: Keypoints estratti: 800
[superpoint_node-2] [ERROR] [1768033804.684045525] [superpoint_node]: Errore pubblicazione keypoints 3D: could not assign tuple of length 3 to structure with 4 fields.
[superpoint_node-2] [INFO] [1768033804.803937291] [superpoint_node]: Keypoints estratti: 800
[superpoint_node-2] [ERROR] [1768033804.811409184] [superpoint_node]: Errore pubblicazione keypoints 3D: could not assign tuple of length 3 to structure with 4 fields.
[superpoint_node-2] [INFO] [1768033804.902331313] [superpoint_node]: Keypoints estratti: 800
[superpoint_node-2] [ERROR] [1768033804.909428296] [superpoint_node]: Errore pubblicazione keypoints 3D: could not assign tuple of length 3 to structure with 4 fields.
[superpoint_node-2] [INFO] [1768033804.996555117] [superpoint_node]: Keypoints estratti: 800
[superpoint_node-2] [ERROR] [1768033805.003189262] [superpoint_node]: Errore pubblicazione keypoints 3D: could not assign tuple of length 3 to structure with 4 fields.
[superpoint_node-2] [INFO] [1768033805.087659840] [superpoint_node]: Keypoints estratti: 800
[superpoint_node-2] [ERROR] [1768033805.095192104] [superpoint_node]: Errore pubblicazione keypoints 3D: could not assign tuple of length 3 to structure with 4 fields.
[rtabmap-14] [INFO] [1768033805.100766296] [rtabmap]: rtabmap (631): Rate=0.50s, Limit=0.001s, Conversion=0.0003s, RTAB-Map=0.0196s, Maps update=0.0003s pub=0.0014s delay=0.0593s (local map=0, WM=0)
[superpoint_node-2] [INFO] [1768033805.182461834] [superpoint_node]: Keypoints estratti: 800
[superpoint_node-2] [ERROR] [1768033805.189429445] [superpoint_node]: Errore pubblicazione keypoints 3D: could not assign tuple of length 3 to structure with 4 fields.
[superpoint_node-2] [INFO] [1768033805.314952830] [superpoint_node]: Keypoints estratti: 800
[superpoint_node-2] [ERROR] [1768033805.321622420] [superpoint_node]: Errore pubblicazione keypoints 3D: could not assign tuple of length 3 to structure with 4 fields.
[superpoint_node-2] [INFO] [1768033805.418048149] [superpoint_node]: Keypoints estratti: 800
[superpoint_node-2] [ERROR] [1768033805.424229865] [superpoint_node]: Errore pubblicazione keypoints 3D: could not assign tuple of length 3 to structure with 4 fields.
[superpoint_node-2] [INFO] [1768033805.515395477] [superpoint_node]: Keypoints estratti: 800
[superpoint_node-2] [ERROR] [1768033805.521735120] [superpoint_node]: Errore pubblicazione keypoints 3D: could not assign tuple of length 3 to structure with 4 fields.
[superpoint_node-2] [INFO] [1768033805.619559916] [superpoint_node]: Keypoints estratti: 800
[superpoint_node-2] [ERROR] [1768033805.626810195] [superpoint_node]: Errore pubblicazione keypoints 3D: could not assign tuple of length 3 to structure with 4 fields.
[rtabmap-14] [INFO] [1768033805.635705247] [rtabmap]: rtabmap (632): Rate=0.50s, Limit=0.001s, Conversion=0.0004s, RTAB-Map=0.0234s, Maps update=0.0003s pub=0.0022s delay=0.0662s (local map=0, WM=0)
[superpoint_node-2] [INFO] [1768033805.720267808] [superpoint_node]: Keypoints estratti: 800
[superpoint_node-2] [ERROR] [1768033805.727246252] [superpoint_node]: Errore pubblicazione keypoints 3D: could not assign tuple of length 3 to structure with 4 fields.
[superpoint_node-2] [INFO] [1768033805.817318764] [superpoint_node]: Keypoints estratti: 800
[superpoint_node-2] [ERROR] [1768033805.823579480] [superpoint_node]: Errore pubblicazione keypoints 3D: could not assign tuple of length 3 to structure with 4 fields.
[superpoint_node-2] [INFO] [1768033805.919447500] [superpoint_node]: Keypoints estratti: 800
[superpoint_node-2] [ERROR] [1768033805.925542678] [superpoint_node]: Errore pubblicazione keypoints 3D: could not assign tuple of length 3 to structure with 4 fields.
[superpoint_node-2] [INFO] [1768033806.015537597] [superpoint_node]: Keypoints estratti: 800
[superpoint_node-2] [ERROR] [1768033806.021956277] [superpoint_node]: Errore pubblicazione keypoints 3D: could not assign tuple of length 3 to structure with 4 fields.
[superpoint_node-2] [INFO] [1768033806.114981368] [superpoint_node]: Keypoints estratti: 800
[superpoint_node-2] [ERROR] [1768033806.121304585] [superpoint_node]: Errore pubblicazione keypoints 3D: could not assign tuple of length 3 to structure with 4 fields.
[rtabmap-14] [INFO] [1768033806.218355374] [rtabmap]: rtabmap (633): Rate=0.50s, Limit=0.001s, Conversion=0.0002s, RTAB-Map=0.0284s, Maps update=0.0004s pub=0.0033s delay=0.0490s (local map=0, WM=0)
[superpoint_node-2] [INFO] [1768033806.223752806] [superpoint_node]: Keypoints estratti: 800
[superpoint_node-2] [ERROR] [1768033806.230744491] [superpoint_node]: Errore pubblicazione keypoints 3D: could not assign tuple of length 3 to structure with 4 fields.
[superpoint_node-2] [INFO] [1768033806.319292657] [superpoint_node]: Keypoints estratti: 800
[superpoint_node-2] [ERROR] [1768033806.325497854] [superpoint_node]: Errore pubblicazione keypoints 3D: could not assign tuple of length 3 to structure with 4 fields.
[superpoint_node-2] [INFO] [1768033806.419634009] [superpoint_node]: Keypoints estratti: 800
[superpoint_node-2] [ERROR] [1768033806.425924022] [superpoint_node]: Errore pubblicazione keypoints 3D: could not assign tuple of length 3 to structure with 4 fields.
[superpoint_node-2] [INFO] [1768033806.522523030] [superpoint_node]: Keypoints estratti: 800
[superpoint_node-2] [ERROR] [1768033806.529670846] [superpoint_node]: Errore pubblicazione keypoints 3D: could not assign tuple of length 3 to structure with 4 fields.
[superpoint_node-2] [INFO] [1768033806.617001650] [superpoint_node]: Keypoints estratti: 800
[superpoint_node-2] [ERROR] [1768033806.623214144] [superpoint_node]: Errore pubblicazione keypoints 3D: could not assign tuple of length 3 to structure with 4 fields.
[superpoint_node-2] [INFO] [1768033806.719530724] [superpoint_node]: Keypoints estratti: 800
[superpoint_node-2] [ERROR] [1768033806.725855126] [superpoint_node]: Errore pubblicazione keypoints 3D: could not assign tuple of length 3 to structure with 4 fields.
[rtabmap-14] [INFO] [1768033806.756180903] [rtabmap]: rtabmap (634): Rate=0.50s, Limit=0.001s, Conversion=0.0002s, RTAB-Map=0.0407s, Maps update=0.0011s pub=0.0028s delay=0.0866s (local map=0, WM=0)
[superpoint_node-2] [INFO] [1768033806.816380159] [superpoint_node]: Keypoints estratti: 800
[superpoint_node-2] [ERROR] [1768033806.822695061] [superpoint_node]: Errore pubblicazione keypoints 3D: could not assign tuple of length 3 to structure with 4 fields.
[superpoint_node-2] [INFO] [1768033806.915253759] [superpoint_node]: Keypoints estratti: 800
[superpoint_node-2] [ERROR] [1768033806.921628088] [superpoint_node]: Errore pubblicazione keypoints 3D: could not assign tuple of length 3 to structure with 4 fields.
[superpoint_node-2] [INFO] [1768033807.014393528] [superpoint_node]: Keypoints estratti: 800
[superpoint_node-2] [ERROR] [1768033807.020717134] [superpoint_node]: Errore pubblicazione keypoints 3D: could not assign tuple of length 3 to structure with 4 fields.
[superpoint_node-2] [INFO] [1768033807.118094962] [superpoint_node]: Keypoints estratti: 800
[superpoint_node-2] [ERROR] [1768033807.124382790] [superpoint_node]: Errore pubblicazione keypoints 3D: could not assign tuple of length 3 to structure with 4 fields.
[superpoint_node-2] [INFO] [1768033807.216559411] [superpoint_node]: Keypoints estratti: 800
[superpoint_node-2] [ERROR] [1768033807.222867628] [superpoint_node]: Errore pubblicazione keypoints 3D: could not assign tuple of length 3 to structure with 4 fields.
[superpoint_node-2] [INFO] [1768033807.317737214] [superpoint_node]: Keypoints estratti: 800
[superpoint_node-2] [ERROR] [1768033807.325340775] [superpoint_node]: Errore pubblicazione keypoints 3D: could not assign tuple of length 3 to structure with 4 fields.
[rtabmap-14] [INFO] [1768033807.353550665] [rtabmap]: rtabmap (635): Rate=0.50s, Limit=0.001s, Conversion=0.0002s, RTAB-Map=0.0323s, Maps update=0.0013s pub=0.0072s delay=0.0842s (local map=0, WM=0)
[superpoint_node-2] [INFO] [1768033807.417005854] [superpoint_node]: Keypoints estratti: 800
[superpoint_node-2] [ERROR] [1768033807.423850668] [superpoint_node]: Errore pubblicazione keypoints 3D: could not assign tuple of length 3 to structure with 4 fields.
[superpoint_node-2] [INFO] [1768033807.516919851] [superpoint_node]: Keypoints estratti: 800
[superpoint_node-2] [ERROR] [1768033807.523175345] [superpoint_node]: Errore pubblicazione keypoints 3D: could not assign tuple of length 3 to structure with 4 fields.
[superpoint_node-2] [INFO] [1768033807.615944897] [superpoint_node]: Keypoints estratti: 800
[superpoint_node-2] [ERROR] [1768033807.623329400] [superpoint_node]: Errore pubblicazione keypoints 3D: could not assign tuple of length 3 to structure with 4 fields.
[superpoint_node-2] [INFO] [1768033807.716017710] [superpoint_node]: Keypoints estratti: 800
[superpoint_node-2] [ERROR] [1768033807.722292389] [superpoint_node]: Errore pubblicazione keypoints 3D: could not assign tuple of length 3 to structure with 4 fields.
[superpoint_node-2] [INFO] [1768033807.814827106] [superpoint_node]: Keypoints estratti: 800
[superpoint_node-2] [ERROR] [1768033807.821598400] [superpoint_node]: Errore pubblicazione keypoints 3D: could not assign tuple of length 3 to structure with 4 fields.
[rtabmap-14] [INFO] [1768033807.856679216] [rtabmap]: rtabmap (636): Rate=0.50s, Limit=0.001s, Conversion=0.0002s, RTAB-Map=0.0415s, Maps update=0.0010s pub=0.0035s delay=0.0871s (local map=0, WM=0)
[superpoint_node-2] [INFO] [1768033807.918038073] [superpoint_node]: Keypoints estratti: 800
[superpoint_node-2] [ERROR] [1768033807.924822683] [superpoint_node]: Errore pubblicazione keypoints 3D: could not assign tuple of length 3 to structure with 4 fields.
[superpoint_node-2] [INFO] [1768033808.019014394] [superpoint_node]: Keypoints estratti: 800
[superpoint_node-2] [ERROR] [1768033808.025654317] [superpoint_node]: Errore pubblicazione keypoints 3D: could not assign tuple of length 3 to structure with 4 fields.
[superpoint_node-2] [INFO] [1768033808.118208255] [superpoint_node]: Keypoints estratti: 800
[superpoint_node-2] [ERROR] [1768033808.124992365] [superpoint_node]: Errore pubblicazione keypoints 3D: could not assign tuple of length 3 to structure with 4 fields.
[rtabmap-14] [33m[ WARN] (2026-01-10 09:30:03.462) MapsManager.cpp:863::publishMaps() Graph has changed! The whole cloud is regenerated.[0m
[rtabmap-14] [33m[ WARN] (2026-01-10 09:30:03.467) OccupancyGrid.cpp:169::getProbMap() Map info is empty, cannot generate probabilistic occupancy grid[0m
[rtabmap-14] [33m[ WARN] (2026-01-10 09:30:04.031) MapsManager.cpp:863::publishMaps() Graph has changed! The whole cloud is regenerated.[0m
[rtabmap-14] [33m[ WARN] (2026-01-10 09:30:04.033) OccupancyGrid.cpp:169::getProbMap() Map info is empty, cannot generate probabilistic occupancy grid[0m
[rtabmap-14] [33m[ WARN] (2026-01-10 09:30:04.556) MapsManager.cpp:863::publishMaps() Graph has changed! The whole cloud is regenerated.[0m
[rtabmap-14] [33m[ WARN] (2026-01-10 09:30:04.556) OccupancyGrid.cpp:169::getProbMap() Map info is empty, cannot generate probabilistic occupancy grid[0m
[rtabmap-14] [33m[ WARN] (2026-01-10 09:30:05.099) MapsManager.cpp:863::publishMaps() Graph has changed! The whole cloud is regenerated.[0m
[rtabmap-14] [33m[ WARN] (2026-01-10 09:30:05.100) OccupancyGrid.cpp:169::getProbMap() Map info is empty, cannot generate probabilistic occupancy grid[0m
[rtabmap-14] [33m[ WARN] (2026-01-10 09:30:05.633) MapsManager.cpp:863::publishMaps() Graph has changed! The whole cloud is regenerated.[0m
[rtabmap-14] [33m[ WARN] (2026-01-10 09:30:05.635) OccupancyGrid.cpp:169::getProbMap() Map info is empty, cannot generate probabilistic occupancy grid[0m
[rtabmap-14] [33m[ WARN] (2026-01-10 09:30:06.214) MapsManager.cpp:863::publishMaps() Graph has changed! The whole cloud is regenerated.[0m
[rtabmap-14] [33m[ WARN] (2026-01-10 09:30:06.216) OccupancyGrid.cpp:169::getProbMap() Map info is empty, cannot generate probabilistic occupancy grid[0m
[rtabmap-14] [33m[ WARN] (2026-01-10 09:30:06.753) MapsManager.cpp:863::publishMaps() Graph has changed! The whole cloud is regenerated.[0m
[rtabmap-14] [33m[ WARN] (2026-01-10 09:30:06.755) OccupancyGrid.cpp:169::getProbMap() Map info is empty, cannot generate probabilistic occupancy grid[0m
[rtabmap-14] [33m[ WARN] (2026-01-10 09:30:07.345) MapsManager.cpp:863::publishMaps() Graph has changed! The whole cloud is regenerated.[0m
[rtabmap-14] [33m[ WARN] (2026-01-10 09:30:07.350) OccupancyGrid.cpp:169::getProbMap() Map info is empty, cannot generate probabilistic occupancy grid[0m
[rtabmap-14] [33m[ WARN] (2026-01-10 09:30:07.853) MapsManager.cpp:863::publishMaps() Graph has changed! The whole cloud is regenerated.[0m
[rtabmap-14] [33m[ WARN] (2026-01-10 09:30:07.855) OccupancyGrid.cpp:169::getProbMap() Map info is empty, cannot generate probabilistic occupancy grid[0m
[superpoint_node-2] [INFO] [1768033808.213354770] [superpoint_node]: Keypoints estratti: 800
[superpoint_node-2] [ERROR] [1768033808.219704469] [superpoint_node]: Errore pubblicazione keypoints 3D: could not assign tuple of length 3 to structure with 4 fields.
[superpoint_node-2] [INFO] [1768033808.315390821] [superpoint_node]: Keypoints estratti: 800
[superpoint_node-2] [ERROR] [1768033808.321731760] [superpoint_node]: Errore pubblicazione keypoints 3D: could not assign tuple of length 3 to structure with 4 fields.
[rtabmap-14] [INFO] [1768033808.412609871] [rtabmap]: rtabmap (637): Rate=0.50s, Limit=0.001s, Conversion=0.0002s, RTAB-Map=0.0270s, Maps update=0.0004s pub=0.0022s delay=0.0433s (local map=0, WM=0)
[superpoint_node-2] [INFO] [1768033808.418952588] [superpoint_node]: Keypoints estratti: 800
[superpoint_node-2] [ERROR] [1768033808.425312138] [superpoint_node]: Errore pubblicazione keypoints 3D: could not assign tuple of length 3 to structure with 4 fields.
[superpoint_node-2] [INFO] [1768033808.515847283] [superpoint_node]: Keypoints estratti: 800
[superpoint_node-2] [ERROR] [1768033808.522234037] [superpoint_node]: Errore pubblicazione keypoints 3D: could not assign tuple of length 3 to structure with 4 fields.
[superpoint_node-2] [INFO] [1768033808.614302843] [superpoint_node]: Keypoints estratti: 800
[superpoint_node-2] [ERROR] [1768033808.620611615] [superpoint_node]: Errore pubblicazione keypoints 3D: could not assign tuple of length 3 to structure with 4 fields.
[superpoint_node-2] [INFO] [1768033808.715502794] [superpoint_node]: Keypoints estratti: 800
[superpoint_node-2] [ERROR] [1768033808.721569991] [superpoint_node]: Errore pubblicazione keypoints 3D: could not assign tuple of length 3 to structure with 4 fields.
[superpoint_node-2] [INFO] [1768033808.817544142] [superpoint_node]: Keypoints estratti: 800
[superpoint_node-2] [ERROR] [1768033808.824713328] [superpoint_node]: Errore pubblicazione keypoints 3D: could not assign tuple of length 3 to structure with 4 fields.
[superpoint_node-2] [INFO] [1768033808.918529536] [superpoint_node]: Keypoints estratti: 800
[superpoint_node-2] [ERROR] [1768033808.926831583] [superpoint_node]: Errore pubblicazione keypoints 3D: could not assign tuple of length 3 to structure with 4 fields.
[rtabmap-14] [INFO] [1768033808.959096525] [rtabmap]: rtabmap (638): Rate=0.50s, Limit=0.001s, Conversion=0.0007s, RTAB-Map=0.0398s, Maps update=0.0021s pub=0.0041s delay=0.0897s (local map=0, WM=0)
[superpoint_node-2] [INFO] [1768033809.014201722] [superpoint_node]: Keypoints estratti: 800
[superpoint_node-2] [ERROR] [1768033809.020883923] [superpoint_node]: Errore pubblicazione keypoints 3D: could not assign tuple of length 3 to structure with 4 fields.
[superpoint_node-2] [INFO] [1768033809.117048909] [superpoint_node]: Keypoints estratti: 800
[superpoint_node-2] [ERROR] [1768033809.123379292] [superpoint_node]: Errore pubblicazione keypoints 3D: could not assign tuple of length 3 to structure with 4 fields.
[superpoint_node-2] [INFO] [1768033809.217611152] [superpoint_node]: Keypoints estratti: 800
[superpoint_node-2] [ERROR] [1768033809.224551892] [superpoint_node]: Errore pubblicazione keypoints 3D: could not assign tuple of length 3 to structure with 4 fields.
[superpoint_node-2] [INFO] [1768033809.315768450] [superpoint_node]: Keypoints estratti: 800
[superpoint_node-2] [ERROR] [1768033809.322742079] [superpoint_node]: Errore pubblicazione keypoints 3D: could not assign tuple of length 3 to structure with 4 fields.
[superpoint_node-2] [INFO] [1768033809.414235380] [superpoint_node]: Keypoints estratti: 800
[superpoint_node-2] [ERROR] [1768033809.421163101] [superpoint_node]: Errore pubblicazione keypoints 3D: could not assign tuple of length 3 to structure with 4 fields.
[rtabmap-14] [INFO] [1768033809.450133739] [rtabmap]: rtabmap (639): Rate=0.50s, Limit=0.001s, Conversion=0.0008s, RTAB-Map=0.0373s, Maps update=0.0003s pub=0.0012s delay=0.0807s (local map=0, WM=0)
[superpoint_node-2] [INFO] [1768033809.520313463] [superpoint_node]: Keypoints estratti: 800
[superpoint_node-2] [ERROR] [1768033809.527234055] [superpoint_node]: Errore pubblicazione keypoints 3D: could not assign tuple of length 3 to structure with 4 fields.
[superpoint_node-2] [INFO] [1768033809.620817335] [superpoint_node]: Keypoints estratti: 800
[superpoint_node-2] [ERROR] [1768033809.627335905] [superpoint_node]: Errore pubblicazione keypoints 3D: could not assign tuple of length 3 to structure with 4 fields.
[superpoint_node-2] [INFO] [1768033809.715746903] [superpoint_node]: Keypoints estratti: 800
[superpoint_node-2] [ERROR] [1768033809.722109435] [superpoint_node]: Errore pubblicazione keypoints 3D: could not assign tuple of length 3 to structure with 4 fields.
[superpoint_node-2] [INFO] [1768033809.814906487] [superpoint_node]: Keypoints estratti: 800
[superpoint_node-2] [ERROR] [1768033809.821224056] [superpoint_node]: Errore pubblicazione keypoints 3D: could not assign tuple of length 3 to structure with 4 fields.
[superpoint_node-2] [INFO] [1768033809.916420219] [superpoint_node]: Keypoints estratti: 800
[superpoint_node-2] [ERROR] [1768033809.924389541] [superpoint_node]: Errore pubblicazione keypoints 3D: could not assign tuple of length 3 to structure with 4 fields.
[rtabmap-14] [INFO] [1768033809.939460328] [rtabmap]: rtabmap (640): Rate=0.50s, Limit=0.001s, Conversion=0.0003s, RTAB-Map=0.0231s, Maps update=0.0003s pub=0.0020s delay=0.0699s (local map=0, WM=0)
[superpoint_node-2] [INFO] [1768033810.014078976] [superpoint_node]: Keypoints estratti: 800
[superpoint_node-2] [ERROR] [1768033810.020675528] [superpoint_node]: Errore pubblicazione keypoints 3D: could not assign tuple of length 3 to structure with 4 fields.
[superpoint_node-2] [INFO] [1768033810.113862935] [superpoint_node]: Keypoints estratti: 800
[superpoint_node-2] [ERROR] [1768033810.120434857] [superpoint_node]: Errore pubblicazione keypoints 3D: could not assign tuple of length 3 to structure with 4 fields.
[superpoint_node-2] [INFO] [1768033810.215774874] [superpoint_node]: Keypoints estratti: 800
[superpoint_node-2] [ERROR] [1768033810.222141535] [superpoint_node]: Errore pubblicazione keypoints 3D: could not assign tuple of length 3 to structure with 4 fields.
[superpoint_node-2] [INFO] [1768033810.316478118] [superpoint_node]: Keypoints estratti: 800
[superpoint_node-2] [ERROR] [1768033810.322926928] [superpoint_node]: Errore pubblicazione keypoints 3D: could not assign tuple of length 3 to structure with 4 fields.
[superpoint_node-2] [INFO] [1768033810.415844518] [superpoint_node]: Keypoints estratti: 800
[superpoint_node-2] [ERROR] [1768033810.422392311] [superpoint_node]: Errore pubblicazione keypoints 3D: could not assign tuple of length 3 to structure with 4 fields.
[rtabmap-14] [INFO] [1768033810.513828944] [rtabmap]: rtabmap (641): Rate=0.50s, Limit=0.001s, Conversion=0.0002s, RTAB-Map=0.0229s, Maps update=0.0004s pub=0.0018s delay=0.0444s (local map=0, WM=0)
[superpoint_node-2] [INFO] [1768033810.520942445] [superpoint_node]: Keypoints estratti: 800
[superpoint_node-2] [ERROR] [1768033810.527230236] [superpoint_node]: Errore pubblicazione keypoints 3D: could not assign tuple of length 3 to structure with 4 fields.
[superpoint_node-2] [INFO] [1768033810.618758018] [superpoint_node]: Keypoints estratti: 800
[superpoint_node-2] [ERROR] [1768033810.624941697] [superpoint_node]: Errore pubblicazione keypoints 3D: could not assign tuple of length 3 to structure with 4 fields.
[superpoint_node-2] [INFO] [1768033810.717213818] [superpoint_node]: Keypoints estratti: 800
[superpoint_node-2] [ERROR] [1768033810.723354163] [superpoint_node]: Errore pubblicazione keypoints 3D: could not assign tuple of length 3 to structure with 4 fields.
[superpoint_node-2] [INFO] [1768033810.815082818] [superpoint_node]: Keypoints estratti: 800
[superpoint_node-2] [ERROR] [1768033810.821472980] [superpoint_node]: Errore pubblicazione keypoints 3D: could not assign tuple of length 3 to structure with 4 fields.
[superpoint_node-2] [INFO] [1768033810.917096368] [superpoint_node]: Keypoints estratti: 800
[superpoint_node-2] [ERROR] [1768033810.923262788] [superpoint_node]: Errore pubblicazione keypoints 3D: could not assign tuple of length 3 to structure with 4 fields.
[superpoint_node-2] [INFO] [1768033811.016044562] [superpoint_node]: Keypoints estratti: 800
[superpoint_node-2] [ERROR] [1768033811.022536039] [superpoint_node]: Errore pubblicazione keypoints 3D: could not assign tuple of length 3 to structure with 4 fields.
[rtabmap-14] [INFO] [1768033811.039823454] [rtabmap]: rtabmap (642): Rate=0.50s, Limit=0.001s, Conversion=0.0002s, RTAB-Map=0.0219s, Maps update=0.0002s pub=0.0015s delay=0.0703s (local map=0, WM=0)
[superpoint_node-2] [INFO] [1768033811.116857973] [superpoint_node]: Keypoints estratti: 800
[superpoint_node-2] [ERROR] [1768033811.123074245] [superpoint_node]: Errore pubblicazione keypoints 3D: could not assign tuple of length 3 to structure with 4 fields.
[superpoint_node-2] [INFO] [1768033811.218961951] [superpoint_node]: Keypoints estratti: 800
[superpoint_node-2] [ERROR] [1768033811.225224463] [superpoint_node]: Errore pubblicazione keypoints 3D: could not assign tuple of length 3 to structure with 4 fields.
[superpoint_node-2] [INFO] [1768033811.315657811] [superpoint_node]: Keypoints estratti: 800
[superpoint_node-2] [ERROR] [1768033811.321813712] [superpoint_node]: Errore pubblicazione keypoints 3D: could not assign tuple of length 3 to structure with 4 fields.
[superpoint_node-2] [INFO] [1768033811.418418275] [superpoint_node]: Keypoints estratti: 800
[superpoint_node-2] [ERROR] [1768033811.424644454] [superpoint_node]: Errore pubblicazione keypoints 3D: could not assign tuple of length 3 to structure with 4 fields.
[superpoint_node-2] [INFO] [1768033811.545579155] [superpoint_node]: Keypoints estratti: 800
[superpoint_node-2] [ERROR] [1768033811.554474300] [superpoint_node]: Errore pubblicazione keypoints 3D: could not assign tuple of length 3 to structure with 4 fields.
[rtabmap-14] [INFO] [1768033811.566440636] [rtabmap]: rtabmap (643): Rate=0.50s, Limit=0.001s, Conversion=0.0002s, RTAB-Map=0.0208s, Maps update=0.0003s pub=0.0014s delay=0.0673s (local map=0, WM=0)
[superpoint_node-2] [INFO] [1768033811.730440938] [superpoint_node]: Keypoints estratti: 800
[superpoint_node-2] [ERROR] [1768033811.737307659] [superpoint_node]: Errore pubblicazione keypoints 3D: could not assign tuple of length 3 to structure with 4 fields.
[superpoint_node-2] [INFO] [1768033811.823076488] [superpoint_node]: Keypoints estratti: 800
[superpoint_node-2] [ERROR] [1768033811.829416316] [superpoint_node]: Errore pubblicazione keypoints 3D: could not assign tuple of length 3 to structure with 4 fields.
[superpoint_node-2] [INFO] [1768033811.915333128] [superpoint_node]: Keypoints estratti: 800
[superpoint_node-2] [ERROR] [1768033811.921859254] [superpoint_node]: Errore pubblicazione keypoints 3D: could not assign tuple of length 3 to structure with 4 fields.
[superpoint_node-2] [INFO] [1768033812.015710129] [superpoint_node]: Keypoints estratti: 800
[superpoint_node-2] [ERROR] [1768033812.022081180] [superpoint_node]: Errore pubblicazione keypoints 3D: could not assign tuple of length 3 to structure with 4 fields.
[superpoint_node-2] [INFO] [1768033812.115785164] [superpoint_node]: Keypoints estratti: 800
[superpoint_node-2] [ERROR] [1768033812.122345439] [superpoint_node]: Errore pubblicazione keypoints 3D: could not assign tuple of length 3 to structure with 4 fields.
[rtabmap-14] [INFO] [1768033812.166631216] [rtabmap]: rtabmap (644): Rate=0.50s, Limit=0.001s, Conversion=0.0003s, RTAB-Map=0.0456s, Maps update=0.0004s pub=0.0037s delay=0.0973s (local map=0, WM=0)
[superpoint_node-2] [INFO] [1768033812.215194213] [superpoint_node]: Keypoints estratti: 800
[superpoint_node-2] [ERROR] [1768033812.221304076] [superpoint_node]: Errore pubblicazione keypoints 3D: could not assign tuple of length 3 to structure with 4 fields.
[superpoint_node-2] [INFO] [1768033812.315398175] [superpoint_node]: Keypoints estratti: 800
[superpoint_node-2] [ERROR] [1768033812.321540798] [superpoint_node]: Errore pubblicazione keypoints 3D: could not assign tuple of length 3 to structure with 4 fields.
[superpoint_node-2] [INFO] [1768033812.416045123] [superpoint_node]: Keypoints estratti: 800
[superpoint_node-2] [ERROR] [1768033812.422332025] [superpoint_node]: Errore pubblicazione keypoints 3D: could not assign tuple of length 3 to structure with 4 fields.
[superpoint_node-2] [INFO] [1768033812.515971416] [superpoint_node]: Keypoints estratti: 800
[superpoint_node-2] [ERROR] [1768033812.522263300] [superpoint_node]: Errore pubblicazione keypoints 3D: could not assign tuple of length 3 to structure with 4 fields.
[superpoint_node-2] [INFO] [1768033812.618015634] [superpoint_node]: Keypoints estratti: 800
[superpoint_node-2] [ERROR] [1768033812.624504389] [superpoint_node]: Errore pubblicazione keypoints 3D: could not assign tuple of length 3 to structure with 4 fields.
[rtabmap-14] [INFO] [1768033812.655885861] [rtabmap]: rtabmap (645): Rate=0.50s, Limit=0.001s, Conversion=0.0002s, RTAB-Map=0.0390s, Maps update=0.0003s pub=0.0011s delay=0.0864s (local map=0, WM=0)
[superpoint_node-2] [INFO] [1768033812.716814974] [superpoint_node]: Keypoints estratti: 800
[superpoint_node-2] [ERROR] [1768033812.723644547] [superpoint_node]: Errore pubblicazione keypoints 3D: could not assign tuple of length 3 to structure with 4 fields.
[superpoint_node-2] [INFO] [1768033812.819328270] [superpoint_node]: Keypoints estratti: 800
[superpoint_node-2] [ERROR] [1768033812.826040267] [superpoint_node]: Errore pubblicazione keypoints 3D: could not assign tuple of length 3 to structure with 4 fields.
[superpoint_node-2] [INFO] [1768033812.916778043] [superpoint_node]: Keypoints estratti: 800
[superpoint_node-2] [ERROR] [1768033812.923155909] [superpoint_node]: Errore pubblicazione keypoints 3D: could not assign tuple of length 3 to structure with 4 fields.
[superpoint_node-2] [INFO] [1768033813.012911122] [superpoint_node]: Keypoints estratti: 800
[superpoint_node-2] [ERROR] [1768033813.019630601] [superpoint_node]: Errore pubblicazione keypoints 3D: could not assign tuple of length 3 to structure with 4 fields.
[superpoint_node-2] [INFO] [1768033813.115498232] [superpoint_node]: Keypoints estratti: 800
[superpoint_node-2] [ERROR] [1768033813.121955599] [superpoint_node]: Errore pubblicazione keypoints 3D: could not assign tuple of length 3 to structure with 4 fields.
[rtabmap-14] [33m[ WARN] (2026-01-10 09:30:08.410) MapsManager.cpp:863::publishMaps() Graph has changed! The whole cloud is regenerated.[0m
[rtabmap-14] [33m[ WARN] (2026-01-10 09:30:08.411) OccupancyGrid.cpp:169::getProbMap() Map info is empty, cannot generate probabilistic occupancy grid[0m
[rtabmap-14] [33m[ WARN] (2026-01-10 09:30:08.954) MapsManager.cpp:863::publishMaps() Graph has changed! The whole cloud is regenerated.[0m
[rtabmap-14] [33m[ WARN] (2026-01-10 09:30:08.956) OccupancyGrid.cpp:169::getProbMap() Map info is empty, cannot generate probabilistic occupancy grid[0m
[rtabmap-14] [33m[ WARN] (2026-01-10 09:30:09.448) MapsManager.cpp:863::publishMaps() Graph has changed! The whole cloud is regenerated.[0m
[rtabmap-14] [33m[ WARN] (2026-01-10 09:30:09.449) OccupancyGrid.cpp:169::getProbMap() Map info is empty, cannot generate probabilistic occupancy grid[0m
[rtabmap-14] [33m[ WARN] (2026-01-10 09:30:09.937) MapsManager.cpp:863::publishMaps() Graph has changed! The whole cloud is regenerated.[0m
[rtabmap-14] [33m[ WARN] (2026-01-10 09:30:09.938) OccupancyGrid.cpp:169::getProbMap() Map info is empty, cannot generate probabilistic occupancy grid[0m
[rtabmap-14] [33m[ WARN] (2026-01-10 09:30:10.511) MapsManager.cpp:863::publishMaps() Graph has changed! The whole cloud is regenerated.[0m
[rtabmap-14] [33m[ WARN] (2026-01-10 09:30:10.513) OccupancyGrid.cpp:169::getProbMap() Map info is empty, cannot generate probabilistic occupancy grid[0m
[rtabmap-14] [33m[ WARN] (2026-01-10 09:30:11.038) MapsManager.cpp:863::publishMaps() Graph has changed! The whole cloud is regenerated.[0m
[rtabmap-14] [33m[ WARN] (2026-01-10 09:30:11.038) OccupancyGrid.cpp:169::getProbMap() Map info is empty, cannot generate probabilistic occupancy grid[0m
[rtabmap-14] [33m[ WARN] (2026-01-10 09:30:11.565) MapsManager.cpp:863::publishMaps() Graph has changed! The whole cloud is regenerated.[0m
[rtabmap-14] [33m[ WARN] (2026-01-10 09:30:11.565) OccupancyGrid.cpp:169::getProbMap() Map info is empty, cannot generate probabilistic occupancy grid[0m
[rtabmap-14] [33m[ WARN] (2026-01-10 09:30:12.162) MapsManager.cpp:863::publishMaps() Graph has changed! The whole cloud is regenerated.[0m
[rtabmap-14] [33m[ WARN] (2026-01-10 09:30:12.164) OccupancyGrid.cpp:169::getProbMap() Map info is empty, cannot generate probabilistic occupancy grid[0m
[rtabmap-14] [33m[ WARN] (2026-01-10 09:30:12.653) MapsManager.cpp:863::publishMaps() Graph has changed! The whole cloud is regenerated.[0m
[rtabmap-14] [33m[ WARN] (2026-01-10 09:30:12.653) OccupancyGrid.cpp:169::getProbMap() Map info is empty, cannot generate probabilistic occupancy grid[0m
[rtabmap-14] [INFO] [1768033813.160024845] [rtabmap]: rtabmap (646): Rate=0.50s, Limit=0.001s, Conversion=0.0007s, RTAB-Map=0.0412s, Maps update=0.0010s pub=0.0031s delay=0.0905s (local map=0, WM=0)
[superpoint_node-2] [INFO] [1768033813.216279848] [superpoint_node]: Keypoints estratti: 800
[superpoint_node-2] [ERROR] [1768033813.222646157] [superpoint_node]: Errore pubblicazione keypoints 3D: could not assign tuple of length 3 to structure with 4 fields.
[superpoint_node-2] [INFO] [1768033813.314470349] [superpoint_node]: Keypoints estratti: 800
[superpoint_node-2] [ERROR] [1768033813.320883715] [superpoint_node]: Errore pubblicazione keypoints 3D: could not assign tuple of length 3 to structure with 4 fields.
[superpoint_node-2] [INFO] [1768033813.415848006] [superpoint_node]: Keypoints estratti: 800
[superpoint_node-2] [ERROR] [1768033813.422046315] [superpoint_node]: Errore pubblicazione keypoints 3D: could not assign tuple of length 3 to structure with 4 fields.
[superpoint_node-2] [INFO] [1768033813.516862049] [superpoint_node]: Keypoints estratti: 800
[superpoint_node-2] [ERROR] [1768033813.523010209] [superpoint_node]: Errore pubblicazione keypoints 3D: could not assign tuple of length 3 to structure with 4 fields.
[superpoint_node-2] [INFO] [1768033813.614146507] [superpoint_node]: Keypoints estratti: 800
[superpoint_node-2] [ERROR] [1768033813.621989217] [superpoint_node]: Errore pubblicazione keypoints 3D: could not assign tuple of length 3 to structure with 4 fields.
[superpoint_node-2] [INFO] [1768033813.717338863] [superpoint_node]: Keypoints estratti: 800
[superpoint_node-2] [ERROR] [1768033813.724125010] [superpoint_node]: Errore pubblicazione keypoints 3D: could not assign tuple of length 3 to structure with 4 fields.
[rtabmap-14] [INFO] [1768033813.760574558] [rtabmap]: rtabmap (647): Rate=0.50s, Limit=0.001s, Conversion=0.0002s, RTAB-Map=0.0395s, Maps update=0.0003s pub=0.0044s delay=0.0911s (local map=0, WM=0)
[superpoint_node-2] [INFO] [1768033813.814800619] [superpoint_node]: Keypoints estratti: 800
[superpoint_node-2] [ERROR] [1768033813.821205095] [superpoint_node]: Errore pubblicazione keypoints 3D: could not assign tuple of length 3 to structure with 4 fields.
[superpoint_node-2] [INFO] [1768033813.917366211] [superpoint_node]: Keypoints estratti: 800
[superpoint_node-2] [ERROR] [1768033813.923677965] [superpoint_node]: Errore pubblicazione keypoints 3D: could not assign tuple of length 3 to structure with 4 fields.
[superpoint_node-2] [INFO] [1768033814.017377431] [superpoint_node]: Keypoints estratti: 800
[superpoint_node-2] [ERROR] [1768033814.023623832] [superpoint_node]: Errore pubblicazione keypoints 3D: could not assign tuple of length 3 to structure with 4 fields.
[superpoint_node-2] [INFO] [1768033814.115324357] [superpoint_node]: Keypoints estratti: 800
[superpoint_node-2] [ERROR] [1768033814.121805353] [superpoint_node]: Errore pubblicazione keypoints 3D: could not assign tuple of length 3 to structure with 4 fields.
[superpoint_node-2] [INFO] [1768033814.214994519] [superpoint_node]: Keypoints estratti: 800
[superpoint_node-2] [ERROR] [1768033814.221296976] [superpoint_node]: Errore pubblicazione keypoints 3D: could not assign tuple of length 3 to structure with 4 fields.
[rtabmap-14] [INFO] [1768033814.311492026] [rtabmap]: rtabmap (648): Rate=0.50s, Limit=0.001s, Conversion=0.0003s, RTAB-Map=0.0289s, Maps update=0.0005s pub=0.0016s delay=0.0420s (local map=0, WM=0)
[superpoint_node-2] [INFO] [1768033814.322302019] [superpoint_node]: Keypoints estratti: 800
[superpoint_node-2] [ERROR] [1768033814.328529828] [superpoint_node]: Errore pubblicazione keypoints 3D: could not assign tuple of length 3 to structure with 4 fields.
[superpoint_node-2] [INFO] [1768033814.416429785] [superpoint_node]: Keypoints estratti: 800
[superpoint_node-2] [ERROR] [1768033814.422804799] [superpoint_node]: Errore pubblicazione keypoints 3D: could not assign tuple of length 3 to structure with 4 fields.
[superpoint_node-2] [INFO] [1768033814.517895257] [superpoint_node]: Keypoints estratti: 800
[superpoint_node-2] [ERROR] [1768033814.524772590] [superpoint_node]: Errore pubblicazione keypoints 3D: could not assign tuple of length 3 to structure with 4 fields.
[superpoint_node-2] [INFO] [1768033814.614600285] [superpoint_node]: Keypoints estratti: 800
[superpoint_node-2] [ERROR] [1768033814.621731249] [superpoint_node]: Errore pubblicazione keypoints 3D: could not assign tuple of length 3 to structure with 4 fields.
[superpoint_node-2] [INFO] [1768033814.715120638] [superpoint_node]: Keypoints estratti: 800
[superpoint_node-2] [ERROR] [1768033814.721649949] [superpoint_node]: Errore pubblicazione keypoints 3D: could not assign tuple of length 3 to structure with 4 fields.
[superpoint_node-2] [INFO] [1768033814.816737797] [superpoint_node]: Keypoints estratti: 800
[superpoint_node-2] [ERROR] [1768033814.823020199] [superpoint_node]: Errore pubblicazione keypoints 3D: could not assign tuple of length 3 to structure with 4 fields.
[superpoint_node-2] [INFO] [1768033814.944386848] [superpoint_node]: Keypoints estratti: 800
[superpoint_node-2] [ERROR] [1768033814.951460978] [superpoint_node]: Errore pubblicazione keypoints 3D: could not assign tuple of length 3 to structure with 4 fields.
[rtabmap-14] [INFO] [1768033814.997808383] [rtabmap]: rtabmap (649): Rate=0.50s, Limit=0.001s, Conversion=0.0002s, RTAB-Map=0.0382s, Maps update=0.0003s pub=0.0063s delay=0.1007s (local map=0, WM=0)
[superpoint_node-2] [INFO] [1768033815.043580969] [superpoint_node]: Keypoints estratti: 800
[superpoint_node-2] [ERROR] [1768033815.050321763] [superpoint_node]: Errore pubblicazione keypoints 3D: could not assign tuple of length 3 to structure with 4 fields.
[superpoint_node-2] [INFO] [1768033815.133898260] [superpoint_node]: Keypoints estratti: 800
[superpoint_node-2] [ERROR] [1768033815.140481034] [superpoint_node]: Errore pubblicazione keypoints 3D: could not assign tuple of length 3 to structure with 4 fields.
[superpoint_node-2] [INFO] [1768033815.224592369] [superpoint_node]: Keypoints estratti: 800
[superpoint_node-2] [ERROR] [1768033815.231087995] [superpoint_node]: Errore pubblicazione keypoints 3D: could not assign tuple of length 3 to structure with 4 fields.
[superpoint_node-2] [INFO] [1768033815.320709651] [superpoint_node]: Keypoints estratti: 800
[superpoint_node-2] [ERROR] [1768033815.327913449] [superpoint_node]: Errore pubblicazione keypoints 3D: could not assign tuple of length 3 to structure with 4 fields.
[superpoint_node-2] [INFO] [1768033815.421220042] [superpoint_node]: Keypoints estratti: 800
[superpoint_node-2] [ERROR] [1768033815.428815213] [superpoint_node]: Errore pubblicazione keypoints 3D: could not assign tuple of length 3 to structure with 4 fields.
[superpoint_node-2] [INFO] [1768033815.528218558] [superpoint_node]: Keypoints estratti: 800
[superpoint_node-2] [ERROR] [1768033815.537235963] [superpoint_node]: Errore pubblicazione keypoints 3D: could not assign tuple of length 3 to structure with 4 fields.
[rtabmap-14] [INFO] [1768033815.559183785] [rtabmap]: rtabmap (650): Rate=0.50s, Limit=0.001s, Conversion=0.0002s, RTAB-Map=0.0383s, Maps update=0.0003s pub=0.0012s delay=0.0890s (local map=0, WM=0)
[superpoint_node-2] [INFO] [1768033815.632736925] [superpoint_node]: Keypoints estratti: 800
[superpoint_node-2] [ERROR] [1768033815.641148436] [superpoint_node]: Errore pubblicazione keypoints 3D: could not assign tuple of length 3 to structure with 4 fields.
[superpoint_node-2] [INFO] [1768033815.737818889] [superpoint_node]: Keypoints estratti: 800
[superpoint_node-2] [ERROR] [1768033815.745583951] [superpoint_node]: Errore pubblicazione keypoints 3D: could not assign tuple of length 3 to structure with 4 fields.
[superpoint_node-2] [INFO] [1768033815.836170300] [superpoint_node]: Keypoints estratti: 800
[superpoint_node-2] [ERROR] [1768033815.843745730] [superpoint_node]: Errore pubblicazione keypoints 3D: could not assign tuple of length 3 to structure with 4 fields.
[superpoint_node-2] [INFO] [1768033815.941538933] [superpoint_node]: Keypoints estratti: 800
[superpoint_node-2] [ERROR] [1768033815.948801009] [superpoint_node]: Errore pubblicazione keypoints 3D: could not assign tuple of length 3 to structure with 4 fields.
[superpoint_node-2] [INFO] [1768033816.040266328] [superpoint_node]: Keypoints estratti: 800
[superpoint_node-2] [ERROR] [1768033816.047577275] [superpoint_node]: Errore pubblicazione keypoints 3D: could not assign tuple of length 3 to structure with 4 fields.
[rtabmap-14] [INFO] [1768033816.063833015] [rtabmap]: rtabmap (651): Rate=0.50s, Limit=0.001s, Conversion=0.0002s, RTAB-Map=0.0213s, Maps update=0.0003s pub=0.0011s delay=0.0738s (local map=0, WM=0)
[superpoint_node-2] [INFO] [1768033816.144932511] [superpoint_node]: Keypoints estratti: 800
[superpoint_node-2] [ERROR] [1768033816.153187521] [superpoint_node]: Errore pubblicazione keypoints 3D: could not assign tuple of length 3 to structure with 4 fields.
[superpoint_node-2] [INFO] [1768033816.245420716] [superpoint_node]: Keypoints estratti: 800
[superpoint_node-2] [ERROR] [1768033816.254398639] [superpoint_node]: Errore pubblicazione keypoints 3D: could not assign tuple of length 3 to structure with 4 fields.
[superpoint_node-2] [INFO] [1768033816.348928557] [superpoint_node]: Keypoints estratti: 800
[superpoint_node-2] [ERROR] [1768033816.356589840] [superpoint_node]: Errore pubblicazione keypoints 3D: could not assign tuple of length 3 to structure with 4 fields.
[superpoint_node-2] [INFO] [1768033816.521689706] [superpoint_node]: Keypoints estratti: 800
[superpoint_node-2] [ERROR] [1768033816.528675910] [superpoint_node]: Errore pubblicazione keypoints 3D: could not assign tuple of length 3 to structure with 4 fields.
[superpoint_node-2] [INFO] [1768033816.622863213] [superpoint_node]: Keypoints estratti: 800
[superpoint_node-2] [ERROR] [1768033816.631099594] [superpoint_node]: Errore pubblicazione keypoints 3D: could not assign tuple of length 3 to structure with 4 fields.
[rtabmap-14] [INFO] [1768033816.640117591] [rtabmap]: rtabmap (652): Rate=0.50s, Limit=0.001s, Conversion=0.0002s, RTAB-Map=0.0225s, Maps update=0.0003s pub=0.0024s delay=0.0693s (local map=0, WM=0)
[superpoint_node-2] [INFO] [1768033816.729194521] [superpoint_node]: Keypoints estratti: 800
[superpoint_node-2] [ERROR] [1768033816.737075935] [superpoint_node]: Errore pubblicazione keypoints 3D: could not assign tuple of length 3 to structure with 4 fields.
[superpoint_node-2] [INFO] [1768033816.827940157] [superpoint_node]: Keypoints estratti: 800
[superpoint_node-2] [ERROR] [1768033816.834979342] [superpoint_node]: Errore pubblicazione keypoints 3D: could not assign tuple of length 3 to structure with 4 fields.
[superpoint_node-2] [INFO] [1768033816.926983184] [superpoint_node]: Keypoints estratti: 800
[superpoint_node-2] [ERROR] [1768033816.934075055] [superpoint_node]: Errore pubblicazione keypoints 3D: could not assign tuple of length 3 to structure with 4 fields.
[superpoint_node-2] [INFO] [1768033817.029733500] [superpoint_node]: Keypoints estratti: 800
[superpoint_node-2] [ERROR] [1768033817.036682277] [superpoint_node]: Errore pubblicazione keypoints 3D: could not assign tuple of length 3 to structure with 4 fields.
[superpoint_node-2] [INFO] [1768033817.131418900] [superpoint_node]: Keypoints estratti: 800
[superpoint_node-2] [ERROR] [1768033817.141397349] [superpoint_node]: Errore pubblicazione keypoints 3D: could not assign tuple of length 3 to structure with 4 fields.
[rtabmap-14] [INFO] [1768033817.185458477] [rtabmap]: rtabmap (653): Rate=0.50s, Limit=0.001s, Conversion=0.0002s, RTAB-Map=0.0406s, Maps update=0.0003s pub=0.0017s delay=0.1049s (local map=0, WM=0)
[superpoint_node-2] [INFO] [1768033817.239894965] [superpoint_node]: Keypoints estratti: 800
[superpoint_node-2] [ERROR] [1768033817.247398710] [superpoint_node]: Errore pubblicazione keypoints 3D: could not assign tuple of length 3 to structure with 4 fields.
[superpoint_node-2] [INFO] [1768033817.341863034] [superpoint_node]: Keypoints estratti: 800
[superpoint_node-2] [ERROR] [1768033817.349385705] [superpoint_node]: Errore pubblicazione keypoints 3D: could not assign tuple of length 3 to structure with 4 fields.
[superpoint_node-2] [INFO] [1768033817.438594080] [superpoint_node]: Keypoints estratti: 800
[superpoint_node-2] [ERROR] [1768033817.446256604] [superpoint_node]: Errore pubblicazione keypoints 3D: could not assign tuple of length 3 to structure with 4 fields.
[superpoint_node-2] [INFO] [1768033817.535552850] [superpoint_node]: Keypoints estratti: 800
[superpoint_node-2] [ERROR] [1768033817.545790542] [superpoint_node]: Errore pubblicazione keypoints 3D: could not assign tuple of length 3 to structure with 4 fields.
[superpoint_node-2] [INFO] [1768033817.639903938] [superpoint_node]: Keypoints estratti: 800
[superpoint_node-2] [ERROR] [1768033817.647939113] [superpoint_node]: Errore pubblicazione keypoints 3D: could not assign tuple of length 3 to structure with 4 fields.
[rtabmap-14] [INFO] [1768033817.688876327] [rtabmap]: rtabmap (654): Rate=0.50s, Limit=0.001s, Conversion=0.0002s, RTAB-Map=0.0420s, Maps update=0.0009s pub=0.0026s delay=0.0999s (local map=0, WM=0)
[superpoint_node-2] [INFO] [1768033817.745676759] [superpoint_node]: Keypoints estratti: 800
[superpoint_node-2] [ERROR] [1768033817.753058596] [superpoint_node]: Errore pubblicazione keypoints 3D: could not assign tuple of length 3 to structure with 4 fields.
[superpoint_node-2] [INFO] [1768033817.844913455] [superpoint_node]: Keypoints estratti: 800
[superpoint_node-2] [ERROR] [1768033817.852156308] [superpoint_node]: Errore pubblicazione keypoints 3D: could not assign tuple of length 3 to structure with 4 fields.
[superpoint_node-2] [INFO] [1768033817.943905444] [superpoint_node]: Keypoints estratti: 800
[superpoint_node-2] [ERROR] [1768033817.951456912] [superpoint_node]: Errore pubblicazione keypoints 3D: could not assign tuple of length 3 to structure with 4 fields.
[superpoint_node-2] [INFO] [1768033818.043981202] [superpoint_node]: Keypoints estratti: 800
[superpoint_node-2] [ERROR] [1768033818.051934432] [superpoint_node]: Errore pubblicazione keypoints 3D: could not assign tuple of length 3 to structure with 4 fields.
[rtabmap-14] [33m[ WARN] (2026-01-10 09:30:13.156) MapsManager.cpp:863::publishMaps() Graph has changed! The whole cloud is regenerated.[0m
[rtabmap-14] [33m[ WARN] (2026-01-10 09:30:13.157) OccupancyGrid.cpp:169::getProbMap() Map info is empty, cannot generate probabilistic occupancy grid[0m
[rtabmap-14] [33m[ WARN] (2026-01-10 09:30:13.756) MapsManager.cpp:863::publishMaps() Graph has changed! The whole cloud is regenerated.[0m
[rtabmap-14] [33m[ WARN] (2026-01-10 09:30:13.759) OccupancyGrid.cpp:169::getProbMap() Map info is empty, cannot generate probabilistic occupancy grid[0m
[rtabmap-14] [33m[ WARN] (2026-01-10 09:30:14.309) MapsManager.cpp:863::publishMaps() Graph has changed! The whole cloud is regenerated.[0m
[rtabmap-14] [33m[ WARN] (2026-01-10 09:30:14.310) OccupancyGrid.cpp:169::getProbMap() Map info is empty, cannot generate probabilistic occupancy grid[0m
[rtabmap-14] [33m[ WARN] (2026-01-10 09:30:14.991) MapsManager.cpp:863::publishMaps() Graph has changed! The whole cloud is regenerated.[0m
[rtabmap-14] [33m[ WARN] (2026-01-10 09:30:14.992) OccupancyGrid.cpp:169::getProbMap() Map info is empty, cannot generate probabilistic occupancy grid[0m
[rtabmap-14] [33m[ WARN] (2026-01-10 09:30:15.557) MapsManager.cpp:863::publishMaps() Graph has changed! The whole cloud is regenerated.[0m
[rtabmap-14] [33m[ WARN] (2026-01-10 09:30:15.558) OccupancyGrid.cpp:169::getProbMap() Map info is empty, cannot generate probabilistic occupancy grid[0m
[rtabmap-14] [33m[ WARN] (2026-01-10 09:30:16.062) MapsManager.cpp:863::publishMaps() Graph has changed! The whole cloud is regenerated.[0m
[rtabmap-14] [33m[ WARN] (2026-01-10 09:30:16.063) OccupancyGrid.cpp:169::getProbMap() Map info is empty, cannot generate probabilistic occupancy grid[0m
[rtabmap-14] [33m[ WARN] (2026-01-10 09:30:16.417) CoreWrapper.cpp:1227::odomTFUpdate() Odometry is reset (identity pose detected). Increment map id![0m
[rtabmap-14] [33m[ WARN] (2026-01-10 09:30:16.637) MapsManager.cpp:863::publishMaps() Graph has changed! The whole cloud is regenerated.[0m
[rtabmap-14] [33m[ WARN] (2026-01-10 09:30:16.639) OccupancyGrid.cpp:169::getProbMap() Map info is empty, cannot generate probabilistic occupancy grid[0m
[rtabmap-14] [33m[ WARN] (2026-01-10 09:30:17.183) MapsManager.cpp:863::publishMaps() Graph has changed! The whole cloud is regenerated.[0m
[rtabmap-14] [33m[ WARN] (2026-01-10 09:30:17.184) OccupancyGrid.cpp:169::getProbMap() Map info is empty, cannot generate probabilistic occupancy grid[0m
[rtabmap-14] [33m[ WARN] (2026-01-10 09:30:17.685) MapsManager.cpp:863::publishMaps() Graph has changed! The whole cloud is regenerated.[0m
[rtabmap-14] [33m[ WARN] (2026-01-10 09:30:17.686) OccupancyGrid.cpp:169::getProbMap() Map info is empty, cannot generate probabilistic occupancy grid[0m
[superpoint_node-2] [INFO] [1768033818.144514630] [superpoint_node]: Keypoints estratti: 800
[superpoint_node-2] [ERROR] [1768033818.152020245] [superpoint_node]: Errore pubblicazione keypoints 3D: could not assign tuple of length 3 to structure with 4 fields.
[rtabmap-14] [INFO] [1768033818.176149122] [rtabmap]: rtabmap (655): Rate=0.50s, Limit=0.001s, Conversion=0.0006s, RTAB-Map=0.0488s, Maps update=0.0048s pub=0.0019s delay=0.0830s (local map=0, WM=0)
[superpoint_node-2] [INFO] [1768033818.283493456] [superpoint_node]: Keypoints estratti: 800
[superpoint_node-2] [ERROR] [1768033818.290491808] [superpoint_node]: Errore pubblicazione keypoints 3D: could not assign tuple of length 3 to structure with 4 fields.
[superpoint_node-2] [INFO] [1768033818.383535158] [superpoint_node]: Keypoints estratti: 800
[superpoint_node-2] [ERROR] [1768033818.390378545] [superpoint_node]: Errore pubblicazione keypoints 3D: could not assign tuple of length 3 to structure with 4 fields.
[superpoint_node-2] [INFO] [1768033818.480581614] [superpoint_node]: Keypoints estratti: 800
[superpoint_node-2] [ERROR] [1768033818.487645077] [superpoint_node]: Errore pubblicazione keypoints 3D: could not assign tuple of length 3 to structure with 4 fields.
[superpoint_node-2] [INFO] [1768033818.582835555] [superpoint_node]: Keypoints estratti: 800
[superpoint_node-2] [ERROR] [1768033818.589778777] [superpoint_node]: Errore pubblicazione keypoints 3D: could not assign tuple of length 3 to structure with 4 fields.
[superpoint_node-2] [INFO] [1768033818.680617665] [superpoint_node]: Keypoints estratti: 800
[superpoint_node-2] [ERROR] [1768033818.687627721] [superpoint_node]: Errore pubblicazione keypoints 3D: could not assign tuple of length 3 to structure with 4 fields.
[rtabmap-14] [INFO] [1768033818.723179892] [rtabmap]: rtabmap (656): Rate=0.50s, Limit=0.001s, Conversion=0.0006s, RTAB-Map=0.0375s, Maps update=0.0003s pub=0.0049s delay=0.0909s (local map=0, WM=0)
[superpoint_node-2] [INFO] [1768033818.788521263] [superpoint_node]: Keypoints estratti: 800
[superpoint_node-2] [ERROR] [1768033818.796659198] [superpoint_node]: Errore pubblicazione keypoints 3D: could not assign tuple of length 3 to structure with 4 fields.
[superpoint_node-2] [INFO] [1768033818.889627084] [superpoint_node]: Keypoints estratti: 800
[superpoint_node-2] [ERROR] [1768033818.897060717] [superpoint_node]: Errore pubblicazione keypoints 3D: could not assign tuple of length 3 to structure with 4 fields.
[superpoint_node-2] [INFO] [1768033818.990231216] [superpoint_node]: Keypoints estratti: 800
[superpoint_node-2] [ERROR] [1768033818.997521070] [superpoint_node]: Errore pubblicazione keypoints 3D: could not assign tuple of length 3 to structure with 4 fields.
[superpoint_node-2] [INFO] [1768033819.089015797] [superpoint_node]: Keypoints estratti: 800
[superpoint_node-2] [ERROR] [1768033819.095976686] [superpoint_node]: Errore pubblicazione keypoints 3D: could not assign tuple of length 3 to structure with 4 fields.
[superpoint_node-2] [INFO] [1768033819.189521928] [superpoint_node]: Keypoints estratti: 800
[superpoint_node-2] [ERROR] [1768033819.197319083] [superpoint_node]: Errore pubblicazione keypoints 3D: could not assign tuple of length 3 to structure with 4 fields.
[rtabmap-14] [INFO] [1768033819.236080595] [rtabmap]: rtabmap (657): Rate=0.50s, Limit=0.001s, Conversion=0.0002s, RTAB-Map=0.0472s, Maps update=0.0016s pub=0.0033s delay=0.0979s (local map=0, WM=0)
[superpoint_node-2] [INFO] [1768033819.291359052] [superpoint_node]: Keypoints estratti: 800
[superpoint_node-2] [ERROR] [1768033819.298352108] [superpoint_node]: Errore pubblicazione keypoints 3D: could not assign tuple of length 3 to structure with 4 fields.
[superpoint_node-2] [INFO] [1768033819.388765251] [superpoint_node]: Keypoints estratti: 800
[superpoint_node-2] [ERROR] [1768033819.395584454] [superpoint_node]: Errore pubblicazione keypoints 3D: could not assign tuple of length 3 to structure with 4 fields.
[superpoint_node-2] [INFO] [1768033819.485865078] [superpoint_node]: Keypoints estratti: 800
[superpoint_node-2] [ERROR] [1768033819.492741929] [superpoint_node]: Errore pubblicazione keypoints 3D: could not assign tuple of length 3 to structure with 4 fields.
[superpoint_node-2] [INFO] [1768033819.585643463] [superpoint_node]: Keypoints estratti: 800
[superpoint_node-2] [ERROR] [1768033819.592519814] [superpoint_node]: Errore pubblicazione keypoints 3D: could not assign tuple of length 3 to structure with 4 fields.
[superpoint_node-2] [INFO] [1768033819.684437711] [superpoint_node]: Keypoints estratti: 800
[superpoint_node-2] [ERROR] [1768033819.691353691] [superpoint_node]: Errore pubblicazione keypoints 3D: could not assign tuple of length 3 to structure with 4 fields.
[rtabmap-14] [INFO] [1768033819.772657078] [rtabmap]: rtabmap (658): Rate=0.50s, Limit=0.001s, Conversion=0.0002s, RTAB-Map=0.0265s, Maps update=0.0004s pub=0.0011s delay=0.0388s (local map=0, WM=0)
[superpoint_node-2] [INFO] [1768033819.789044912] [superpoint_node]: Keypoints estratti: 800
[superpoint_node-2] [ERROR] [1768033819.796099616] [superpoint_node]: Errore pubblicazione keypoints 3D: could not assign tuple of length 3 to structure with 4 fields.
[superpoint_node-2] [INFO] [1768033819.889497265] [superpoint_node]: Keypoints estratti: 800
[superpoint_node-2] [ERROR] [1768033819.897426069] [superpoint_node]: Errore pubblicazione keypoints 3D: could not assign tuple of length 3 to structure with 4 fields.
[superpoint_node-2] [INFO] [1768033819.988682460] [superpoint_node]: Keypoints estratti: 800
[superpoint_node-2] [ERROR] [1768033819.995763516] [superpoint_node]: Errore pubblicazione keypoints 3D: could not assign tuple of length 3 to structure with 4 fields.
[superpoint_node-2] [INFO] [1768033820.090497491] [superpoint_node]: Keypoints estratti: 800
[superpoint_node-2] [ERROR] [1768033820.097541880] [superpoint_node]: Errore pubblicazione keypoints 3D: could not assign tuple of length 3 to structure with 4 fields.
[superpoint_node-2] [INFO] [1768033820.186941794] [superpoint_node]: Keypoints estratti: 800
[superpoint_node-2] [ERROR] [1768033820.193715070] [superpoint_node]: Errore pubblicazione keypoints 3D: could not assign tuple of length 3 to structure with 4 fields.
[rtabmap-14] [INFO] [1768033820.279786438] [rtabmap]: rtabmap (659): Rate=0.50s, Limit=0.001s, Conversion=0.0002s, RTAB-Map=0.0247s, Maps update=0.0003s pub=0.0017s delay=0.0445s (local map=0, WM=0)
[superpoint_node-2] [INFO] [1768033820.291604828] [superpoint_node]: Keypoints estratti: 800
[superpoint_node-2] [ERROR] [1768033820.298613236] [superpoint_node]: Errore pubblicazione keypoints 3D: could not assign tuple of length 3 to structure with 4 fields.
[superpoint_node-2] [INFO] [1768033820.390821727] [superpoint_node]: Keypoints estratti: 800
[superpoint_node-2] [ERROR] [1768033820.399384944] [superpoint_node]: Errore pubblicazione keypoints 3D: could not assign tuple of length 3 to structure with 4 fields.
[superpoint_node-2] [INFO] [1768033820.491476342] [superpoint_node]: Keypoints estratti: 800
[superpoint_node-2] [ERROR] [1768033820.498446212] [superpoint_node]: Errore pubblicazione keypoints 3D: could not assign tuple of length 3 to structure with 4 fields.
[superpoint_node-2] [INFO] [1768033820.590880742] [superpoint_node]: Keypoints estratti: 800
[superpoint_node-2] [ERROR] [1768033820.598345894] [superpoint_node]: Errore pubblicazione keypoints 3D: could not assign tuple of length 3 to structure with 4 fields.
[superpoint_node-2] [INFO] [1768033820.690045622] [superpoint_node]: Keypoints estratti: 800
[superpoint_node-2] [ERROR] [1768033820.699378381] [superpoint_node]: Errore pubblicazione keypoints 3D: could not assign tuple of length 3 to structure with 4 fields.
[superpoint_node-2] [INFO] [1768033820.791542595] [superpoint_node]: Keypoints estratti: 800
[superpoint_node-2] [ERROR] [1768033820.798974746] [superpoint_node]: Errore pubblicazione keypoints 3D: could not assign tuple of length 3 to structure with 4 fields.
[rtabmap-14] [INFO] [1768033820.833912431] [rtabmap]: rtabmap (660): Rate=0.50s, Limit=0.001s, Conversion=0.0002s, RTAB-Map=0.0234s, Maps update=0.0003s pub=0.0014s delay=0.0911s (local map=0, WM=0)
[superpoint_node-2] [INFO] [1768033820.893665202] [superpoint_node]: Keypoints estratti: 800
[superpoint_node-2] [ERROR] [1768033820.901520061] [superpoint_node]: Errore pubblicazione keypoints 3D: could not assign tuple of length 3 to structure with 4 fields.
[superpoint_node-2] [INFO] [1768033820.994861043] [superpoint_node]: Keypoints estratti: 800
[superpoint_node-2] [ERROR] [1768033821.002493677] [superpoint_node]: Errore pubblicazione keypoints 3D: could not assign tuple of length 3 to structure with 4 fields.
[superpoint_node-2] [INFO] [1768033821.098864609] [superpoint_node]: Keypoints estratti: 800
[superpoint_node-2] [ERROR] [1768033821.106185668] [superpoint_node]: Errore pubblicazione keypoints 3D: could not assign tuple of length 3 to structure with 4 fields.
[superpoint_node-2] [INFO] [1768033821.197794302] [superpoint_node]: Keypoints estratti: 800
[superpoint_node-2] [ERROR] [1768033821.205013841] [superpoint_node]: Errore pubblicazione keypoints 3D: could not assign tuple of length 3 to structure with 4 fields.
[superpoint_node-2] [INFO] [1768033821.300984307] [superpoint_node]: Keypoints estratti: 800
[superpoint_node-2] [ERROR] [1768033821.310265566] [superpoint_node]: Errore pubblicazione keypoints 3D: could not assign tuple of length 3 to structure with 4 fields.
[rtabmap-14] [INFO] [1768033821.334998855] [rtabmap]: rtabmap (661): Rate=0.50s, Limit=0.001s, Conversion=0.0007s, RTAB-Map=0.0436s, Maps update=0.0009s pub=0.0061s delay=0.0874s (local map=0, WM=0)
[superpoint_node-2] [INFO] [1768033821.407166243] [superpoint_node]: Keypoints estratti: 800
[superpoint_node-2] [ERROR] [1768033821.414042983] [superpoint_node]: Errore pubblicazione keypoints 3D: could not assign tuple of length 3 to structure with 4 fields.
[superpoint_node-2] [INFO] [1768033821.511963390] [superpoint_node]: Keypoints estratti: 800
[superpoint_node-2] [ERROR] [1768033821.519517265] [superpoint_node]: Errore pubblicazione keypoints 3D: could not assign tuple of length 3 to structure with 4 fields.
[superpoint_node-2] [INFO] [1768033821.610457339] [superpoint_node]: Keypoints estratti: 800
[superpoint_node-2] [ERROR] [1768033821.617513895] [superpoint_node]: Errore pubblicazione keypoints 3D: could not assign tuple of length 3 to structure with 4 fields.
[superpoint_node-2] [INFO] [1768033821.710600560] [superpoint_node]: Keypoints estratti: 800
[superpoint_node-2] [ERROR] [1768033821.718511327] [superpoint_node]: Errore pubblicazione keypoints 3D: could not assign tuple of length 3 to structure with 4 fields.
[superpoint_node-2] [INFO] [1768033821.809849441] [superpoint_node]: Keypoints estratti: 800
[superpoint_node-2] [ERROR] [1768033821.817148295] [superpoint_node]: Errore pubblicazione keypoints 3D: could not assign tuple of length 3 to structure with 4 fields.
[rtabmap-14] [INFO] [1768033821.865141454] [rtabmap]: rtabmap (662): Rate=0.50s, Limit=0.001s, Conversion=0.0002s, RTAB-Map=0.0430s, Maps update=0.0028s pub=0.0035s delay=0.1039s (local map=0, WM=0)
[superpoint_node-2] [INFO] [1768033821.913773692] [superpoint_node]: Keypoints estratti: 800
[superpoint_node-2] [ERROR] [1768033821.920957675] [superpoint_node]: Errore pubblicazione keypoints 3D: could not assign tuple of length 3 to structure with 4 fields.
[superpoint_node-2] [INFO] [1768033822.014226453] [superpoint_node]: Keypoints estratti: 800
[superpoint_node-2] [ERROR] [1768033822.021088100] [superpoint_node]: Errore pubblicazione keypoints 3D: could not assign tuple of length 3 to structure with 4 fields.
[superpoint_node-2] [INFO] [1768033822.112837551] [superpoint_node]: Keypoints estratti: 800
[superpoint_node-2] [ERROR] [1768033822.119978422] [superpoint_node]: Errore pubblicazione keypoints 3D: could not assign tuple of length 3 to structure with 4 fields.
[superpoint_node-2] [INFO] [1768033822.245854829] [superpoint_node]: Keypoints estratti: 800
[superpoint_node-2] [ERROR] [1768033822.253418519] [superpoint_node]: Errore pubblicazione keypoints 3D: could not assign tuple of length 3 to structure with 4 fields.
[superpoint_node-2] [INFO] [1768033822.349867433] [superpoint_node]: Keypoints estratti: 800
[superpoint_node-2] [ERROR] [1768033822.357247195] [superpoint_node]: Errore pubblicazione keypoints 3D: could not assign tuple of length 3 to structure with 4 fields.
[rtabmap-14] [INFO] [1768033822.370194428] [rtabmap]: rtabmap (663): Rate=0.50s, Limit=0.001s, Conversion=0.0002s, RTAB-Map=0.0477s, Maps update=0.0003s pub=0.0047s delay=0.0754s (local map=0, WM=0)
[superpoint_node-2] [INFO] [1768033822.451696742] [superpoint_node]: Keypoints estratti: 800
[superpoint_node-2] [ERROR] [1768033822.458963781] [superpoint_node]: Errore pubblicazione keypoints 3D: could not assign tuple of length 3 to structure with 4 fields.
[superpoint_node-2] [INFO] [1768033822.553821423] [superpoint_node]: Keypoints estratti: 800
[superpoint_node-2] [ERROR] [1768033822.560652977] [superpoint_node]: Errore pubblicazione keypoints 3D: could not assign tuple of length 3 to structure with 4 fields.
[superpoint_node-2] [INFO] [1768033822.652167352] [superpoint_node]: Keypoints estratti: 800
[superpoint_node-2] [ERROR] [1768033822.659223353] [superpoint_node]: Errore pubblicazione keypoints 3D: could not assign tuple of length 3 to structure with 4 fields.
[superpoint_node-2] [INFO] [1768033822.753429823] [superpoint_node]: Keypoints estratti: 800
[superpoint_node-2] [ERROR] [1768033822.760544009] [superpoint_node]: Errore pubblicazione keypoints 3D: could not assign tuple of length 3 to structure with 4 fields.
[superpoint_node-2] [INFO] [1768033822.851725752] [superpoint_node]: Keypoints estratti: 800
[superpoint_node-2] [ERROR] [1768033822.859814353] [superpoint_node]: Errore pubblicazione keypoints 3D: could not assign tuple of length 3 to structure with 4 fields.
[rtabmap-14] [INFO] [1768033822.893578010] [rtabmap]: rtabmap (664): Rate=0.50s, Limit=0.001s, Conversion=0.0003s, RTAB-Map=0.0376s, Maps update=0.0023s pub=0.0024s delay=0.0917s (local map=0, WM=0)
[superpoint_node-2] [INFO] [1768033822.960005482] [superpoint_node]: Keypoints estratti: 800
[superpoint_node-2] [ERROR] [1768033822.967052927] [superpoint_node]: Errore pubblicazione keypoints 3D: could not assign tuple of length 3 to structure with 4 fields.
[superpoint_node-2] [INFO] [1768033823.057650980] [superpoint_node]: Keypoints estratti: 800
[superpoint_node-2] [ERROR] [1768033823.064519238] [superpoint_node]: Errore pubblicazione keypoints 3D: could not assign tuple of length 3 to structure with 4 fields.
[rtabmap-14] [33m[ WARN] (2026-01-10 09:30:18.174) MapsManager.cpp:863::publishMaps() Graph has changed! The whole cloud is regenerated.[0m
[rtabmap-14] [33m[ WARN] (2026-01-10 09:30:18.175) OccupancyGrid.cpp:169::getProbMap() Map info is empty, cannot generate probabilistic occupancy grid[0m
[rtabmap-14] [33m[ WARN] (2026-01-10 09:30:18.717) MapsManager.cpp:863::publishMaps() Graph has changed! The whole cloud is regenerated.[0m
[rtabmap-14] [33m[ WARN] (2026-01-10 09:30:18.718) OccupancyGrid.cpp:169::getProbMap() Map info is empty, cannot generate probabilistic occupancy grid[0m
[rtabmap-14] [33m[ WARN] (2026-01-10 09:30:19.232) MapsManager.cpp:863::publishMaps() Graph has changed! The whole cloud is regenerated.[0m
[rtabmap-14] [33m[ WARN] (2026-01-10 09:30:19.233) OccupancyGrid.cpp:169::getProbMap() Map info is empty, cannot generate probabilistic occupancy grid[0m
[rtabmap-14] [33m[ WARN] (2026-01-10 09:30:19.771) MapsManager.cpp:863::publishMaps() Graph has changed! The whole cloud is regenerated.[0m
[rtabmap-14] [33m[ WARN] (2026-01-10 09:30:19.772) OccupancyGrid.cpp:169::getProbMap() Map info is empty, cannot generate probabilistic occupancy grid[0m
[rtabmap-14] [33m[ WARN] (2026-01-10 09:30:20.278) MapsManager.cpp:863::publishMaps() Graph has changed! The whole cloud is regenerated.[0m
[rtabmap-14] [33m[ WARN] (2026-01-10 09:30:20.278) OccupancyGrid.cpp:169::getProbMap() Map info is empty, cannot generate probabilistic occupancy grid[0m
[rtabmap-14] [33m[ WARN] (2026-01-10 09:30:20.832) MapsManager.cpp:863::publishMaps() Graph has changed! The whole cloud is regenerated.[0m
[rtabmap-14] [33m[ WARN] (2026-01-10 09:30:20.833) OccupancyGrid.cpp:169::getProbMap() Map info is empty, cannot generate probabilistic occupancy grid[0m
[rtabmap-14] [33m[ WARN] (2026-01-10 09:30:21.328) MapsManager.cpp:863::publishMaps() Graph has changed! The whole cloud is regenerated.[0m
[rtabmap-14] [33m[ WARN] (2026-01-10 09:30:21.329) OccupancyGrid.cpp:169::getProbMap() Map info is empty, cannot generate probabilistic occupancy grid[0m
[rtabmap-14] [33m[ WARN] (2026-01-10 09:30:21.861) MapsManager.cpp:863::publishMaps() Graph has changed! The whole cloud is regenerated.[0m
[rtabmap-14] [33m[ WARN] (2026-01-10 09:30:21.864) OccupancyGrid.cpp:169::getProbMap() Map info is empty, cannot generate probabilistic occupancy grid[0m
[rtabmap-14] [33m[ WARN] (2026-01-10 09:30:22.365) MapsManager.cpp:863::publishMaps() Graph has changed! The whole cloud is regenerated.[0m
[rtabmap-14] [33m[ WARN] (2026-01-10 09:30:22.366) OccupancyGrid.cpp:169::getProbMap() Map info is empty, cannot generate probabilistic occupancy grid[0m
[rtabmap-14] [33m[ WARN] (2026-01-10 09:30:22.890) MapsManager.cpp:863::publishMaps() Graph has changed! The whole cloud is regenerated.[0m
[rtabmap-14] [33m[ WARN] (2026-01-10 09:30:22.891) OccupancyGrid.cpp:169::getProbMap() Map info is empty, cannot generate probabilistic occupancy grid[0m
[superpoint_node-2] [INFO] [1768033823.160591260] [superpoint_node]: Keypoints estratti: 800
[superpoint_node-2] [ERROR] [1768033823.167656224] [superpoint_node]: Errore pubblicazione keypoints 3D: could not assign tuple of length 3 to structure with 4 fields.
[superpoint_node-2] [INFO] [1768033823.258625983] [superpoint_node]: Keypoints estratti: 800
[superpoint_node-2] [ERROR] [1768033823.265541519] [superpoint_node]: Errore pubblicazione keypoints 3D: could not assign tuple of length 3 to structure with 4 fields.
[superpoint_node-2] [INFO] [1768033823.362741106] [superpoint_node]: Keypoints estratti: 800
[superpoint_node-2] [ERROR] [1768033823.370072998] [superpoint_node]: Errore pubblicazione keypoints 3D: could not assign tuple of length 3 to structure with 4 fields.
[rtabmap-14] [INFO] [1768033823.402045585] [rtabmap]: rtabmap (665): Rate=0.50s, Limit=0.001s, Conversion=0.0002s, RTAB-Map=0.0427s, Maps update=0.0036s pub=0.0018s delay=0.0939s (local map=0, WM=0)
[superpoint_node-2] [INFO] [1768033823.466891137] [superpoint_node]: Keypoints estratti: 800
[superpoint_node-2] [ERROR] [1768033823.474485271] [superpoint_node]: Errore pubblicazione keypoints 3D: could not assign tuple of length 3 to structure with 4 fields.
[superpoint_node-2] [INFO] [1768033823.570014808] [superpoint_node]: Keypoints estratti: 800
[superpoint_node-2] [ERROR] [1768033823.577763647] [superpoint_node]: Errore pubblicazione keypoints 3D: could not assign tuple of length 3 to structure with 4 fields.
[superpoint_node-2] [INFO] [1768033823.667657102] [superpoint_node]: Keypoints estratti: 800
[superpoint_node-2] [ERROR] [1768033823.676330671] [superpoint_node]: Errore pubblicazione keypoints 3D: could not assign tuple of length 3 to structure with 4 fields.
[superpoint_node-2] [INFO] [1768033823.769385928] [superpoint_node]: Keypoints estratti: 800
[superpoint_node-2] [ERROR] [1768033823.776965636] [superpoint_node]: Errore pubblicazione keypoints 3D: could not assign tuple of length 3 to structure with 4 fields.
[superpoint_node-2] [INFO] [1768033823.873856387] [superpoint_node]: Keypoints estratti: 800
[superpoint_node-2] [ERROR] [1768033823.881007481] [superpoint_node]: Errore pubblicazione keypoints 3D: could not assign tuple of length 3 to structure with 4 fields.
[rtabmap-14] [INFO] [1768033823.891828160] [rtabmap]: rtabmap (666): Rate=0.50s, Limit=0.001s, Conversion=0.0005s, RTAB-Map=0.0413s, Maps update=0.0007s pub=0.0057s delay=0.0724s (local map=0, WM=0)
[superpoint_node-2] [INFO] [1768033823.977258246] [superpoint_node]: Keypoints estratti: 800
[superpoint_node-2] [ERROR] [1768033823.984563359] [superpoint_node]: Errore pubblicazione keypoints 3D: could not assign tuple of length 3 to structure with 4 fields.
[superpoint_node-2] [INFO] [1768033824.078794348] [superpoint_node]: Keypoints estratti: 800
[superpoint_node-2] [ERROR] [1768033824.085905497] [superpoint_node]: Errore pubblicazione keypoints 3D: could not assign tuple of length 3 to structure with 4 fields.
[superpoint_node-2] [INFO] [1768033824.216555813] [superpoint_node]: Keypoints estratti: 800
[superpoint_node-2] [ERROR] [1768033824.223781685] [superpoint_node]: Errore pubblicazione keypoints 3D: could not assign tuple of length 3 to structure with 4 fields.
[superpoint_node-2] [INFO] [1768033824.318170953] [superpoint_node]: Keypoints estratti: 800
[superpoint_node-2] [ERROR] [1768033824.325152619] [superpoint_node]: Errore pubblicazione keypoints 3D: could not assign tuple of length 3 to structure with 4 fields.
[superpoint_node-2] [INFO] [1768033824.425857919] [superpoint_node]: Keypoints estratti: 800
[superpoint_node-2] [ERROR] [1768033824.433862816] [superpoint_node]: Errore pubblicazione keypoints 3D: could not assign tuple of length 3 to structure with 4 fields.
[rtabmap-14] [INFO] [1768033824.440869538] [rtabmap]: rtabmap (667): Rate=0.50s, Limit=0.001s, Conversion=0.0002s, RTAB-Map=0.0271s, Maps update=0.0003s pub=0.0022s delay=0.0713s (local map=0, WM=0)
[superpoint_node-2] [INFO] [1768033824.525928788] [superpoint_node]: Keypoints estratti: 800
[superpoint_node-2] [ERROR] [1768033824.532976214] [superpoint_node]: Errore pubblicazione keypoints 3D: could not assign tuple of length 3 to structure with 4 fields.
[superpoint_node-2] [INFO] [1768033824.625983527] [superpoint_node]: Keypoints estratti: 800
[superpoint_node-2] [ERROR] [1768033824.633625717] [superpoint_node]: Errore pubblicazione keypoints 3D: could not assign tuple of length 3 to structure with 4 fields.
[superpoint_node-2] [INFO] [1768033824.722567516] [superpoint_node]: Keypoints estratti: 800
[superpoint_node-2] [ERROR] [1768033824.729559609] [superpoint_node]: Errore pubblicazione keypoints 3D: could not assign tuple of length 3 to structure with 4 fields.
[superpoint_node-2] [INFO] [1768033824.822518958] [superpoint_node]: Keypoints estratti: 800
[superpoint_node-2] [ERROR] [1768033824.830021444] [superpoint_node]: Errore pubblicazione keypoints 3D: could not assign tuple of length 3 to structure with 4 fields.
[superpoint_node-2] [INFO] [1768033824.923438445] [superpoint_node]: Keypoints estratti: 800
[superpoint_node-2] [ERROR] [1768033824.932676389] [superpoint_node]: Errore pubblicazione keypoints 3D: could not assign tuple of length 3 to structure with 4 fields.
[rtabmap-14] [INFO] [1768033824.955513533] [rtabmap]: rtabmap (668): Rate=0.50s, Limit=0.001s, Conversion=0.0002s, RTAB-Map=0.0386s, Maps update=0.0003s pub=0.0014s delay=0.0829s (local map=0, WM=0)
[superpoint_node-2] [INFO] [1768033825.028460075] [superpoint_node]: Keypoints estratti: 800
[superpoint_node-2] [ERROR] [1768033825.035600058] [superpoint_node]: Errore pubblicazione keypoints 3D: could not assign tuple of length 3 to structure with 4 fields.
[superpoint_node-2] [INFO] [1768033825.130442144] [superpoint_node]: Keypoints estratti: 800
[superpoint_node-2] [ERROR] [1768033825.137376588] [superpoint_node]: Errore pubblicazione keypoints 3D: could not assign tuple of length 3 to structure with 4 fields.
[superpoint_node-2] [INFO] [1768033825.229159706] [superpoint_node]: Keypoints estratti: 800
[superpoint_node-2] [ERROR] [1768033825.236188947] [superpoint_node]: Errore pubblicazione keypoints 3D: could not assign tuple of length 3 to structure with 4 fields.
[superpoint_node-2] [INFO] [1768033825.327322097] [superpoint_node]: Keypoints estratti: 800
[superpoint_node-2] [ERROR] [1768033825.334369838] [superpoint_node]: Errore pubblicazione keypoints 3D: could not assign tuple of length 3 to structure with 4 fields.
[superpoint_node-2] [INFO] [1768033825.427411725] [superpoint_node]: Keypoints estratti: 800
[superpoint_node-2] [ERROR] [1768033825.435914033] [superpoint_node]: Errore pubblicazione keypoints 3D: could not assign tuple of length 3 to structure with 4 fields.
[rtabmap-14] [INFO] [1768033825.466294330] [rtabmap]: rtabmap (669): Rate=0.50s, Limit=0.001s, Conversion=0.0007s, RTAB-Map=0.0455s, Maps update=0.0021s pub=0.0054s delay=0.0891s (local map=0, WM=0)
[superpoint_node-2] [INFO] [1768033825.532533263] [superpoint_node]: Keypoints estratti: 800
[superpoint_node-2] [ERROR] [1768033825.541745818] [superpoint_node]: Errore pubblicazione keypoints 3D: could not assign tuple of length 3 to structure with 4 fields.
[superpoint_node-2] [INFO] [1768033825.637717451] [superpoint_node]: Keypoints estratti: 800
[superpoint_node-2] [ERROR] [1768033825.645064157] [superpoint_node]: Errore pubblicazione keypoints 3D: could not assign tuple of length 3 to structure with 4 fields.
[superpoint_node-2] [INFO] [1768033825.761204598] [superpoint_node]: Keypoints estratti: 800
[superpoint_node-2] [ERROR] [1768033825.768840862] [superpoint_node]: Errore pubblicazione keypoints 3D: could not assign tuple of length 3 to structure with 4 fields.
[superpoint_node-2] [INFO] [1768033825.865230498] [superpoint_node]: Keypoints estratti: 800
[superpoint_node-2] [ERROR] [1768033825.872056941] [superpoint_node]: Errore pubblicazione keypoints 3D: could not assign tuple of length 3 to structure with 4 fields.
[superpoint_node-2] [INFO] [1768033825.961344928] [superpoint_node]: Keypoints estratti: 800
[superpoint_node-2] [ERROR] [1768033825.968090278] [superpoint_node]: Errore pubblicazione keypoints 3D: could not assign tuple of length 3 to structure with 4 fields.
[rtabmap-14] [INFO] [1768033826.003399095] [rtabmap]: rtabmap (670): Rate=0.50s, Limit=0.001s, Conversion=0.0002s, RTAB-Map=0.0225s, Maps update=0.0012s pub=0.0015s delay=0.0900s (local map=0, WM=0)
[superpoint_node-2] [INFO] [1768033826.065303920] [superpoint_node]: Keypoints estratti: 800
[superpoint_node-2] [ERROR] [1768033826.072492811] [superpoint_node]: Errore pubblicazione keypoints 3D: could not assign tuple of length 3 to structure with 4 fields.
[superpoint_node-2] [INFO] [1768033826.161512055] [superpoint_node]: Keypoints estratti: 800
[superpoint_node-2] [ERROR] [1768033826.169024522] [superpoint_node]: Errore pubblicazione keypoints 3D: could not assign tuple of length 3 to structure with 4 fields.
[superpoint_node-2] [INFO] [1768033826.263274659] [superpoint_node]: Keypoints estratti: 800
[superpoint_node-2] [ERROR] [1768033826.270114917] [superpoint_node]: Errore pubblicazione keypoints 3D: could not assign tuple of length 3 to structure with 4 fields.
[superpoint_node-2] [INFO] [1768033826.362037647] [superpoint_node]: Keypoints estratti: 800
[superpoint_node-2] [ERROR] [1768033826.369000258] [superpoint_node]: Errore pubblicazione keypoints 3D: could not assign tuple of length 3 to structure with 4 fields.
[superpoint_node-2] [INFO] [1768033826.463170747] [superpoint_node]: Keypoints estratti: 800
[superpoint_node-2] [ERROR] [1768033826.470250710] [superpoint_node]: Errore pubblicazione keypoints 3D: could not assign tuple of length 3 to structure with 4 fields.
[superpoint_node-2] [INFO] [1768033826.560124480] [superpoint_node]: Keypoints estratti: 800
[superpoint_node-2] [ERROR] [1768033826.566948701] [superpoint_node]: Errore pubblicazione keypoints 3D: could not assign tuple of length 3 to structure with 4 fields.
[rtabmap-14] [INFO] [1768033826.636395289] [rtabmap]: rtabmap (671): Rate=0.50s, Limit=0.001s, Conversion=0.0005s, RTAB-Map=0.0524s, Maps update=0.0061s pub=0.0013s delay=0.1240s (local map=0, WM=0)
[superpoint_node-2] [INFO] [1768033826.665554928] [superpoint_node]: Keypoints estratti: 800
[superpoint_node-2] [ERROR] [1768033826.672904579] [superpoint_node]: Errore pubblicazione keypoints 3D: could not assign tuple of length 3 to structure with 4 fields.
[superpoint_node-2] [INFO] [1768033826.763215056] [superpoint_node]: Keypoints estratti: 800
[superpoint_node-2] [ERROR] [1768033826.770283667] [superpoint_node]: Errore pubblicazione keypoints 3D: could not assign tuple of length 3 to structure with 4 fields.
[superpoint_node-2] [INFO] [1768033826.858667610] [superpoint_node]: Keypoints estratti: 800
[superpoint_node-2] [ERROR] [1768033826.865563294] [superpoint_node]: Errore pubblicazione keypoints 3D: could not assign tuple of length 3 to structure with 4 fields.
[superpoint_node-2] [INFO] [1768033826.961660687] [superpoint_node]: Keypoints estratti: 800
[superpoint_node-2] [ERROR] [1768033826.969231155] [superpoint_node]: Errore pubblicazione keypoints 3D: could not assign tuple of length 3 to structure with 4 fields.
[superpoint_node-2] [INFO] [1768033827.063296717] [superpoint_node]: Keypoints estratti: 800
[superpoint_node-2] [ERROR] [1768033827.070946629] [superpoint_node]: Errore pubblicazione keypoints 3D: could not assign tuple of length 3 to structure with 4 fields.
[rtabmap-14] [INFO] [1768033827.104748305] [rtabmap]: rtabmap (672): Rate=0.50s, Limit=0.001s, Conversion=0.0002s, RTAB-Map=0.0258s, Maps update=0.0003s pub=0.0012s delay=0.0915s (local map=0, WM=0)
[superpoint_node-2] [INFO] [1768033827.166276090] [superpoint_node]: Keypoints estratti: 800
[superpoint_node-2] [ERROR] [1768033827.173420480] [superpoint_node]: Errore pubblicazione keypoints 3D: could not assign tuple of length 3 to structure with 4 fields.
[superpoint_node-2] [INFO] [1768033827.265901918] [superpoint_node]: Keypoints estratti: 800
[superpoint_node-2] [ERROR] [1768033827.274048242] [superpoint_node]: Errore pubblicazione keypoints 3D: could not assign tuple of length 3 to structure with 4 fields.
[superpoint_node-2] [INFO] [1768033827.366851387] [superpoint_node]: Keypoints estratti: 800
[superpoint_node-2] [ERROR] [1768033827.374389798] [superpoint_node]: Errore pubblicazione keypoints 3D: could not assign tuple of length 3 to structure with 4 fields.
[superpoint_node-2] [INFO] [1768033827.464340753] [superpoint_node]: Keypoints estratti: 800
[superpoint_node-2] [ERROR] [1768033827.471409106] [superpoint_node]: Errore pubblicazione keypoints 3D: could not assign tuple of length 3 to structure with 4 fields.
[superpoint_node-2] [INFO] [1768033827.564673383] [superpoint_node]: Keypoints estratti: 800
[superpoint_node-2] [ERROR] [1768033827.571744254] [superpoint_node]: Errore pubblicazione keypoints 3D: could not assign tuple of length 3 to structure with 4 fields.
[superpoint_node-2] [INFO] [1768033827.661500171] [superpoint_node]: Keypoints estratti: 800
[superpoint_node-2] [ERROR] [1768033827.668594801] [superpoint_node]: Errore pubblicazione keypoints 3D: could not assign tuple of length 3 to structure with 4 fields.
[superpoint_node-2] [INFO] [1768033827.760707218] [superpoint_node]: Keypoints estratti: 800
[superpoint_node-2] [ERROR] [1768033827.769127711] [superpoint_node]: Errore pubblicazione keypoints 3D: could not assign tuple of length 3 to structure with 4 fields.
[rtabmap-14] [INFO] [1768033827.797455528] [rtabmap]: rtabmap (673): Rate=0.50s, Limit=0.001s, Conversion=0.0002s, RTAB-Map=0.0397s, Maps update=0.0011s pub=0.0061s delay=0.0866s (local map=0, WM=0)
[superpoint_node-2] [INFO] [1768033827.862263395] [superpoint_node]: Keypoints estratti: 800
[superpoint_node-2] [ERROR] [1768033827.871016576] [superpoint_node]: Errore pubblicazione keypoints 3D: could not assign tuple of length 3 to structure with 4 fields.
[superpoint_node-2] [INFO] [1768033827.959497945] [superpoint_node]: Keypoints estratti: 800
[superpoint_node-2] [ERROR] [1768033827.966367685] [superpoint_node]: Errore pubblicazione keypoints 3D: could not assign tuple of length 3 to structure with 4 fields.
[superpoint_node-2] [INFO] [1768033828.055560004] [superpoint_node]: Keypoints estratti: 800
[superpoint_node-2] [ERROR] [1768033828.062236539] [superpoint_node]: Errore pubblicazione keypoints 3D: could not assign tuple of length 3 to structure with 4 fields.
[rtabmap-14] [33m[ WARN] (2026-01-10 09:30:23.400) MapsManager.cpp:863::publishMaps() Graph has changed! The whole cloud is regenerated.[0m
[rtabmap-14] [33m[ WARN] (2026-01-10 09:30:23.401) OccupancyGrid.cpp:169::getProbMap() Map info is empty, cannot generate probabilistic occupancy grid[0m
[rtabmap-14] [33m[ WARN] (2026-01-10 09:30:23.886) MapsManager.cpp:863::publishMaps() Graph has changed! The whole cloud is regenerated.[0m
[rtabmap-14] [33m[ WARN] (2026-01-10 09:30:23.889) OccupancyGrid.cpp:169::getProbMap() Map info is empty, cannot generate probabilistic occupancy grid[0m
[rtabmap-14] [33m[ WARN] (2026-01-10 09:30:24.438) MapsManager.cpp:863::publishMaps() Graph has changed! The whole cloud is regenerated.[0m
[rtabmap-14] [33m[ WARN] (2026-01-10 09:30:24.439) OccupancyGrid.cpp:169::getProbMap() Map info is empty, cannot generate probabilistic occupancy grid[0m
[rtabmap-14] [33m[ WARN] (2026-01-10 09:30:24.954) MapsManager.cpp:863::publishMaps() Graph has changed! The whole cloud is regenerated.[0m
[rtabmap-14] [33m[ WARN] (2026-01-10 09:30:24.954) OccupancyGrid.cpp:169::getProbMap() Map info is empty, cannot generate probabilistic occupancy grid[0m
[rtabmap-14] [33m[ WARN] (2026-01-10 09:30:25.460) MapsManager.cpp:863::publishMaps() Graph has changed! The whole cloud is regenerated.[0m
[rtabmap-14] [33m[ WARN] (2026-01-10 09:30:25.462) OccupancyGrid.cpp:169::getProbMap() Map info is empty, cannot generate probabilistic occupancy grid[0m
[rtabmap-14] [33m[ WARN] (2026-01-10 09:30:26.001) MapsManager.cpp:863::publishMaps() Graph has changed! The whole cloud is regenerated.[0m
[rtabmap-14] [33m[ WARN] (2026-01-10 09:30:26.002) OccupancyGrid.cpp:169::getProbMap() Map info is empty, cannot generate probabilistic occupancy grid[0m
[rtabmap-14] [33m[ WARN] (2026-01-10 09:30:26.635) MapsManager.cpp:863::publishMaps() Graph has changed! The whole cloud is regenerated.[0m
[rtabmap-14] [33m[ WARN] (2026-01-10 09:30:26.635) OccupancyGrid.cpp:169::getProbMap() Map info is empty, cannot generate probabilistic occupancy grid[0m
[rtabmap-14] [33m[ WARN] (2026-01-10 09:30:27.103) MapsManager.cpp:863::publishMaps() Graph has changed! The whole cloud is regenerated.[0m
[rtabmap-14] [33m[ WARN] (2026-01-10 09:30:27.104) OccupancyGrid.cpp:169::getProbMap() Map info is empty, cannot generate probabilistic occupancy grid[0m
[rtabmap-14] [33m[ WARN] (2026-01-10 09:30:27.790) MapsManager.cpp:863::publishMaps() Graph has changed! The whole cloud is regenerated.[0m
[rtabmap-14] [33m[ WARN] (2026-01-10 09:30:27.794) OccupancyGrid.cpp:169::getProbMap() Map info is empty, cannot generate probabilistic occupancy grid[0m
[superpoint_node-2] [INFO] [1768033828.158135430] [superpoint_node]: Keypoints estratti: 800
[superpoint_node-2] [ERROR] [1768033828.164861576] [superpoint_node]: Errore pubblicazione keypoints 3D: could not assign tuple of length 3 to structure with 4 fields.
[superpoint_node-2] [INFO] [1768033828.259456105] [superpoint_node]: Keypoints estratti: 800
[superpoint_node-2] [ERROR] [1768033828.267067128] [superpoint_node]: Errore pubblicazione keypoints 3D: could not assign tuple of length 3 to structure with 4 fields.
[superpoint_node-2] [INFO] [1768033828.356608839] [superpoint_node]: Keypoints estratti: 800
[superpoint_node-2] [ERROR] [1768033828.363410986] [superpoint_node]: Errore pubblicazione keypoints 3D: could not assign tuple of length 3 to structure with 4 fields.
[rtabmap-14] [INFO] [1768033828.426297560] [rtabmap]: rtabmap (674): Rate=0.50s, Limit=0.001s, Conversion=0.0002s, RTAB-Map=0.0491s, Maps update=0.0004s pub=0.0012s delay=0.1168s (local map=0, WM=0)
[superpoint_node-2] [INFO] [1768033828.458955245] [superpoint_node]: Keypoints estratti: 800
[superpoint_node-2] [ERROR] [1768033828.465797059] [superpoint_node]: Errore pubblicazione keypoints 3D: could not assign tuple of length 3 to structure with 4 fields.
[superpoint_node-2] [INFO] [1768033828.558104014] [superpoint_node]: Keypoints estratti: 800
[superpoint_node-2] [ERROR] [1768033828.565356627] [superpoint_node]: Errore pubblicazione keypoints 3D: could not assign tuple of length 3 to structure with 4 fields.
[superpoint_node-2] [INFO] [1768033828.657495322] [superpoint_node]: Keypoints estratti: 800
[superpoint_node-2] [ERROR] [1768033828.664412840] [superpoint_node]: Errore pubblicazione keypoints 3D: could not assign tuple of length 3 to structure with 4 fields.
[superpoint_node-2] [INFO] [1768033828.756580368] [superpoint_node]: Keypoints estratti: 800
[superpoint_node-2] [ERROR] [1768033828.763351125] [superpoint_node]: Errore pubblicazione keypoints 3D: could not assign tuple of length 3 to structure with 4 fields.
[superpoint_node-2] [INFO] [1768033828.853049190] [superpoint_node]: Keypoints estratti: 800
[superpoint_node-2] [ERROR] [1768033828.859932059] [superpoint_node]: Errore pubblicazione keypoints 3D: could not assign tuple of length 3 to structure with 4 fields.
[superpoint_node-2] [INFO] [1768033828.953109873] [superpoint_node]: Keypoints estratti: 800
[superpoint_node-2] [ERROR] [1768033828.962599763] [superpoint_node]: Errore pubblicazione keypoints 3D: could not assign tuple of length 3 to structure with 4 fields.
[rtabmap-14] [INFO] [1768033828.972295174] [rtabmap]: rtabmap (675): Rate=0.50s, Limit=0.001s, Conversion=0.0003s, RTAB-Map=0.0242s, Maps update=0.0003s pub=0.0013s delay=0.0713s (local map=0, WM=0)
[superpoint_node-2] [INFO] [1768033829.054589772] [superpoint_node]: Keypoints estratti: 800
[superpoint_node-2] [ERROR] [1768033829.061654661] [superpoint_node]: Errore pubblicazione keypoints 3D: could not assign tuple of length 3 to structure with 4 fields.
[superpoint_node-2] [INFO] [1768033829.156221245] [superpoint_node]: Keypoints estratti: 800
[superpoint_node-2] [ERROR] [1768033829.163227079] [superpoint_node]: Errore pubblicazione keypoints 3D: could not assign tuple of length 3 to structure with 4 fields.
[superpoint_node-2] [INFO] [1768033829.254899881] [superpoint_node]: Keypoints estratti: 800
[superpoint_node-2] [ERROR] [1768033829.261926826] [superpoint_node]: Errore pubblicazione keypoints 3D: could not assign tuple of length 3 to structure with 4 fields.
[superpoint_node-2] [INFO] [1768033829.358423277] [superpoint_node]: Keypoints estratti: 800
[superpoint_node-2] [ERROR] [1768033829.365675224] [superpoint_node]: Errore pubblicazione keypoints 3D: could not assign tuple of length 3 to structure with 4 fields.
[superpoint_node-2] [INFO] [1768033829.457026820] [superpoint_node]: Keypoints estratti: 800
[superpoint_node-2] [ERROR] [1768033829.465688259] [superpoint_node]: Errore pubblicazione keypoints 3D: could not assign tuple of length 3 to structure with 4 fields.
[rtabmap-14] [INFO] [1768033829.496084000] [rtabmap]: rtabmap (676): Rate=0.50s, Limit=0.001s, Conversion=0.0005s, RTAB-Map=0.0446s, Maps update=0.0009s pub=0.0073s delay=0.0882s (local map=0, WM=0)
[superpoint_node-2] [INFO] [1768033829.565833480] [superpoint_node]: Keypoints estratti: 800
[superpoint_node-2] [ERROR] [1768033829.572871184] [superpoint_node]: Errore pubblicazione keypoints 3D: could not assign tuple of length 3 to structure with 4 fields.
[superpoint_node-2] [INFO] [1768033829.663099901] [superpoint_node]: Keypoints estratti: 800
[superpoint_node-2] [ERROR] [1768033829.670169809] [superpoint_node]: Errore pubblicazione keypoints 3D: could not assign tuple of length 3 to structure with 4 fields.
[superpoint_node-2] [INFO] [1768033829.762073372] [superpoint_node]: Keypoints estratti: 800
[superpoint_node-2] [ERROR] [1768033829.769680821] [superpoint_node]: Errore pubblicazione keypoints 3D: could not assign tuple of length 3 to structure with 4 fields.
[superpoint_node-2] [INFO] [1768033829.897875654] [superpoint_node]: Keypoints estratti: 800
[superpoint_node-2] [ERROR] [1768033829.905403177] [superpoint_node]: Errore pubblicazione keypoints 3D: could not assign tuple of length 3 to structure with 4 fields.
[superpoint_node-2] [INFO] [1768033829.999870890] [superpoint_node]: Keypoints estratti: 800
[superpoint_node-2] [ERROR] [1768033830.007630433] [superpoint_node]: Errore pubblicazione keypoints 3D: could not assign tuple of length 3 to structure with 4 fields.
[rtabmap-14] [INFO] [1768033830.068678270] [rtabmap]: rtabmap (677): Rate=0.50s, Limit=0.001s, Conversion=0.0002s, RTAB-Map=0.0531s, Maps update=0.0003s pub=0.0012s delay=0.1177s (local map=0, WM=0)
[superpoint_node-2] [INFO] [1768033830.102210999] [superpoint_node]: Keypoints estratti: 800
[superpoint_node-2] [ERROR] [1768033830.109447075] [superpoint_node]: Errore pubblicazione keypoints 3D: could not assign tuple of length 3 to structure with 4 fields.
[superpoint_node-2] [INFO] [1768033830.201699863] [superpoint_node]: Keypoints estratti: 800
[superpoint_node-2] [ERROR] [1768033830.210274098] [superpoint_node]: Errore pubblicazione keypoints 3D: could not assign tuple of length 3 to structure with 4 fields.
[superpoint_node-2] [INFO] [1768033830.301180524] [superpoint_node]: Keypoints estratti: 800
[superpoint_node-2] [ERROR] [1768033830.308267913] [superpoint_node]: Errore pubblicazione keypoints 3D: could not assign tuple of length 3 to structure with 4 fields.
[superpoint_node-2] [INFO] [1768033830.395670737] [superpoint_node]: Keypoints estratti: 800
[superpoint_node-2] [ERROR] [1768033830.402652644] [superpoint_node]: Errore pubblicazione keypoints 3D: could not assign tuple of length 3 to structure with 4 fields.
[superpoint_node-2] [INFO] [1768033830.495086212] [superpoint_node]: Keypoints estratti: 800
[superpoint_node-2] [ERROR] [1768033830.502381622] [superpoint_node]: Errore pubblicazione keypoints 3D: could not assign tuple of length 3 to structure with 4 fields.
[superpoint_node-2] [INFO] [1768033830.592944600] [superpoint_node]: Keypoints estratti: 800
[superpoint_node-2] [ERROR] [1768033830.600515901] [superpoint_node]: Errore pubblicazione keypoints 3D: could not assign tuple of length 3 to structure with 4 fields.
[rtabmap-14] [INFO] [1768033830.663132750] [rtabmap]: rtabmap (678): Rate=0.50s, Limit=0.001s, Conversion=0.0002s, RTAB-Map=0.0483s, Maps update=0.0003s pub=0.0013s delay=0.1180s (local map=0, WM=0)
[superpoint_node-2] [INFO] [1768033830.695577860] [superpoint_node]: Keypoints estratti: 800
[superpoint_node-2] [ERROR] [1768033830.702641897] [superpoint_node]: Errore pubblicazione keypoints 3D: could not assign tuple of length 3 to structure with 4 fields.
[superpoint_node-2] [INFO] [1768033830.796005324] [superpoint_node]: Keypoints estratti: 800
[superpoint_node-2] [ERROR] [1768033830.803092343] [superpoint_node]: Errore pubblicazione keypoints 3D: could not assign tuple of length 3 to structure with 4 fields.
[superpoint_node-2] [INFO] [1768033830.897756151] [superpoint_node]: Keypoints estratti: 800
[superpoint_node-2] [ERROR] [1768033830.905184098] [superpoint_node]: Errore pubblicazione keypoints 3D: could not assign tuple of length 3 to structure with 4 fields.
[superpoint_node-2] [INFO] [1768033830.997488480] [superpoint_node]: Keypoints estratti: 800
[superpoint_node-2] [ERROR] [1768033831.004738185] [superpoint_node]: Errore pubblicazione keypoints 3D: could not assign tuple of length 3 to structure with 4 fields.
[superpoint_node-2] [INFO] [1768033831.099065861] [superpoint_node]: Keypoints estratti: 800
[superpoint_node-2] [ERROR] [1768033831.107079943] [superpoint_node]: Errore pubblicazione keypoints 3D: could not assign tuple of length 3 to structure with 4 fields.
[rtabmap-14] [INFO] [1768033831.112125538] [rtabmap]: rtabmap (679): Rate=0.50s, Limit=0.001s, Conversion=0.0002s, RTAB-Map=0.0272s, Maps update=0.0003s pub=0.0012s delay=0.0643s (local map=0, WM=0)
[superpoint_node-2] [INFO] [1768033831.200007236] [superpoint_node]: Keypoints estratti: 800
[superpoint_node-2] [ERROR] [1768033831.207377369] [superpoint_node]: Errore pubblicazione keypoints 3D: could not assign tuple of length 3 to structure with 4 fields.
[superpoint_node-2] [INFO] [1768033831.295662811] [superpoint_node]: Keypoints estratti: 800
[superpoint_node-2] [ERROR] [1768033831.302527865] [superpoint_node]: Errore pubblicazione keypoints 3D: could not assign tuple of length 3 to structure with 4 fields.
[superpoint_node-2] [INFO] [1768033831.393253345] [superpoint_node]: Keypoints estratti: 800
[superpoint_node-2] [ERROR] [1768033831.400335531] [superpoint_node]: Errore pubblicazione keypoints 3D: could not assign tuple of length 3 to structure with 4 fields.
[superpoint_node-2] [INFO] [1768033831.492202483] [superpoint_node]: Keypoints estratti: 800
[superpoint_node-2] [ERROR] [1768033831.499772654] [superpoint_node]: Errore pubblicazione keypoints 3D: could not assign tuple of length 3 to structure with 4 fields.
[superpoint_node-2] [INFO] [1768033831.594018551] [superpoint_node]: Keypoints estratti: 800
[superpoint_node-2] [ERROR] [1768033831.601322905] [superpoint_node]: Errore pubblicazione keypoints 3D: could not assign tuple of length 3 to structure with 4 fields.
[superpoint_node-2] [INFO] [1768033831.693259709] [superpoint_node]: Keypoints estratti: 800
[superpoint_node-2] [ERROR] [1768033831.701417607] [superpoint_node]: Errore pubblicazione keypoints 3D: could not assign tuple of length 3 to structure with 4 fields.
[rtabmap-14] [INFO] [1768033831.771807722] [rtabmap]: rtabmap (680): Rate=0.50s, Limit=0.001s, Conversion=0.0002s, RTAB-Map=0.0468s, Maps update=0.0004s pub=0.0016s delay=0.1279s (local map=0, WM=0)
[superpoint_node-2] [INFO] [1768033831.796219731] [superpoint_node]: Keypoints estratti: 800
[superpoint_node-2] [ERROR] [1768033831.803378121] [superpoint_node]: Errore pubblicazione keypoints 3D: could not assign tuple of length 3 to structure with 4 fields.
[superpoint_node-2] [INFO] [1768033831.893210742] [superpoint_node]: Keypoints estratti: 800
[superpoint_node-2] [ERROR] [1768033831.900237631] [superpoint_node]: Errore pubblicazione keypoints 3D: could not assign tuple of length 3 to structure with 4 fields.
[superpoint_node-2] [INFO] [1768033831.991474504] [superpoint_node]: Keypoints estratti: 800
[superpoint_node-2] [ERROR] [1768033831.998844581] [superpoint_node]: Errore pubblicazione keypoints 3D: could not assign tuple of length 3 to structure with 4 fields.
[superpoint_node-2] [INFO] [1768033832.090327715] [superpoint_node]: Keypoints estratti: 800
[superpoint_node-2] [ERROR] [1768033832.097573124] [superpoint_node]: Errore pubblicazione keypoints 3D: could not assign tuple of length 3 to structure with 4 fields.
[superpoint_node-2] [INFO] [1768033832.186832000] [superpoint_node]: Keypoints estratti: 800
[superpoint_node-2] [ERROR] [1768033832.193820814] [superpoint_node]: Errore pubblicazione keypoints 3D: could not assign tuple of length 3 to structure with 4 fields.
[superpoint_node-2] [INFO] [1768033832.285996380] [superpoint_node]: Keypoints estratti: 800
[superpoint_node-2] [ERROR] [1768033832.293090195] [superpoint_node]: Errore pubblicazione keypoints 3D: could not assign tuple of length 3 to structure with 4 fields.
[rtabmap-14] [INFO] [1768033832.333495201] [rtabmap]: rtabmap (681): Rate=0.50s, Limit=0.001s, Conversion=0.0005s, RTAB-Map=0.0475s, Maps update=0.0020s pub=0.0026s delay=0.0971s (local map=0, WM=0)
[superpoint_node-2] [INFO] [1768033832.387930856] [superpoint_node]: Keypoints estratti: 800
[superpoint_node-2] [ERROR] [1768033832.395853160] [superpoint_node]: Errore pubblicazione keypoints 3D: could not assign tuple of length 3 to structure with 4 fields.
[superpoint_node-2] [INFO] [1768033832.489095215] [superpoint_node]: Keypoints estratti: 800
[superpoint_node-2] [ERROR] [1768033832.496246531] [superpoint_node]: Errore pubblicazione keypoints 3D: could not assign tuple of length 3 to structure with 4 fields.
[superpoint_node-2] [INFO] [1768033832.588200724] [superpoint_node]: Keypoints estratti: 800
[superpoint_node-2] [ERROR] [1768033832.596200751] [superpoint_node]: Errore pubblicazione keypoints 3D: could not assign tuple of length 3 to structure with 4 fields.
[superpoint_node-2] [INFO] [1768033832.686904138] [superpoint_node]: Keypoints estratti: 800
[superpoint_node-2] [ERROR] [1768033832.693726451] [superpoint_node]: Errore pubblicazione keypoints 3D: could not assign tuple of length 3 to structure with 4 fields.
[superpoint_node-2] [INFO] [1768033832.784786026] [superpoint_node]: Keypoints estratti: 800
[superpoint_node-2] [ERROR] [1768033832.791634896] [superpoint_node]: Errore pubblicazione keypoints 3D: could not assign tuple of length 3 to structure with 4 fields.
[rtabmap-14] [INFO] [1768033832.880316433] [rtabmap]: rtabmap (682): Rate=0.50s, Limit=0.001s, Conversion=0.0002s, RTAB-Map=0.0254s, Maps update=0.0004s pub=0.0013s delay=0.0464s (local map=0, WM=0)
[superpoint_node-2] [INFO] [1768033832.888759130] [superpoint_node]: Keypoints estratti: 800
[superpoint_node-2] [ERROR] [1768033832.896534599] [superpoint_node]: Errore pubblicazione keypoints 3D: could not assign tuple of length 3 to structure with 4 fields.
[superpoint_node-2] [INFO] [1768033832.992101451] [superpoint_node]: Keypoints estratti: 800
[superpoint_node-2] [ERROR] [1768033832.999744715] [superpoint_node]: Errore pubblicazione keypoints 3D: could not assign tuple of length 3 to structure with 4 fields.
[superpoint_node-2] [INFO] [1768033833.090482547] [superpoint_node]: Keypoints estratti: 800
[superpoint_node-2] [ERROR] [1768033833.098113570] [superpoint_node]: Errore pubblicazione keypoints 3D: could not assign tuple of length 3 to structure with 4 fields.
[rtabmap-14] [33m[ WARN] (2026-01-10 09:30:28.425) MapsManager.cpp:863::publishMaps() Graph has changed! The whole cloud is regenerated.[0m
[rtabmap-14] [33m[ WARN] (2026-01-10 09:30:28.425) OccupancyGrid.cpp:169::getProbMap() Map info is empty, cannot generate probabilistic occupancy grid[0m
[rtabmap-14] [33m[ WARN] (2026-01-10 09:30:28.971) MapsManager.cpp:863::publishMaps() Graph has changed! The whole cloud is regenerated.[0m
[rtabmap-14] [33m[ WARN] (2026-01-10 09:30:28.971) OccupancyGrid.cpp:169::getProbMap() Map info is empty, cannot generate probabilistic occupancy grid[0m
[rtabmap-14] [33m[ WARN] (2026-01-10 09:30:29.488) MapsManager.cpp:863::publishMaps() Graph has changed! The whole cloud is regenerated.[0m
[rtabmap-14] [33m[ WARN] (2026-01-10 09:30:29.493) OccupancyGrid.cpp:169::getProbMap() Map info is empty, cannot generate probabilistic occupancy grid[0m
[rtabmap-14] [33m[ WARN] (2026-01-10 09:30:30.067) MapsManager.cpp:863::publishMaps() Graph has changed! The whole cloud is regenerated.[0m
[rtabmap-14] [33m[ WARN] (2026-01-10 09:30:30.067) OccupancyGrid.cpp:169::getProbMap() Map info is empty, cannot generate probabilistic occupancy grid[0m
[rtabmap-14] [33m[ WARN] (2026-01-10 09:30:30.661) MapsManager.cpp:863::publishMaps() Graph has changed! The whole cloud is regenerated.[0m
[rtabmap-14] [33m[ WARN] (2026-01-10 09:30:30.662) OccupancyGrid.cpp:169::getProbMap() Map info is empty, cannot generate probabilistic occupancy grid[0m
[rtabmap-14] [33m[ WARN] (2026-01-10 09:30:31.110) MapsManager.cpp:863::publishMaps() Graph has changed! The whole cloud is regenerated.[0m
[rtabmap-14] [33m[ WARN] (2026-01-10 09:30:31.111) OccupancyGrid.cpp:169::getProbMap() Map info is empty, cannot generate probabilistic occupancy grid[0m
[rtabmap-14] [33m[ WARN] (2026-01-10 09:30:31.770) MapsManager.cpp:863::publishMaps() Graph has changed! The whole cloud is regenerated.[0m
[rtabmap-14] [33m[ WARN] (2026-01-10 09:30:31.770) OccupancyGrid.cpp:169::getProbMap() Map info is empty, cannot generate probabilistic occupancy grid[0m
[rtabmap-14] [33m[ WARN] (2026-01-10 09:30:32.330) MapsManager.cpp:863::publishMaps() Graph has changed! The whole cloud is regenerated.[0m
[rtabmap-14] [33m[ WARN] (2026-01-10 09:30:32.331) OccupancyGrid.cpp:169::getProbMap() Map info is empty, cannot generate probabilistic occupancy grid[0m
[rtabmap-14] [33m[ WARN] (2026-01-10 09:30:32.879) MapsManager.cpp:863::publishMaps() Graph has changed! The whole cloud is regenerated.[0m
[rtabmap-14] [33m[ WARN] (2026-01-10 09:30:32.879) OccupancyGrid.cpp:169::getProbMap() Map info is empty, cannot generate probabilistic occupancy grid[0m
[superpoint_node-2] [INFO] [1768033833.225154950] [superpoint_node]: Keypoints estratti: 800
[superpoint_node-2] [ERROR] [1768033833.232380989] [superpoint_node]: Errore pubblicazione keypoints 3D: could not assign tuple of length 3 to structure with 4 fields.
[superpoint_node-2] [INFO] [1768033833.323295618] [superpoint_node]: Keypoints estratti: 800
[superpoint_node-2] [ERROR] [1768033833.330208321] [superpoint_node]: Errore pubblicazione keypoints 3D: could not assign tuple of length 3 to structure with 4 fields.
[superpoint_node-2] [INFO] [1768033833.424326902] [superpoint_node]: Keypoints estratti: 800
[superpoint_node-2] [ERROR] [1768033833.433050786] [superpoint_node]: Errore pubblicazione keypoints 3D: could not assign tuple of length 3 to structure with 4 fields.
[rtabmap-14] [INFO] [1768033833.442440083] [rtabmap]: rtabmap (683): Rate=0.50s, Limit=0.001s, Conversion=0.0003s, RTAB-Map=0.0207s, Maps update=0.0014s pub=0.0036s delay=0.0703s (local map=0, WM=0)
[superpoint_node-2] [INFO] [1768033833.531243399] [superpoint_node]: Keypoints estratti: 800
[superpoint_node-2] [ERROR] [1768033833.538480086] [superpoint_node]: Errore pubblicazione keypoints 3D: could not assign tuple of length 3 to structure with 4 fields.
[superpoint_node-2] [INFO] [1768033833.628160280] [superpoint_node]: Keypoints estratti: 800
[superpoint_node-2] [ERROR] [1768033833.635632617] [superpoint_node]: Errore pubblicazione keypoints 3D: could not assign tuple of length 3 to structure with 4 fields.
[superpoint_node-2] [INFO] [1768033833.728212427] [superpoint_node]: Keypoints estratti: 800
[superpoint_node-2] [ERROR] [1768033833.735292687] [superpoint_node]: Errore pubblicazione keypoints 3D: could not assign tuple of length 3 to structure with 4 fields.
[superpoint_node-2] [INFO] [1768033833.827623883] [superpoint_node]: Keypoints estratti: 800
[superpoint_node-2] [ERROR] [1768033833.834460252] [superpoint_node]: Errore pubblicazione keypoints 3D: could not assign tuple of length 3 to structure with 4 fields.
[superpoint_node-2] [INFO] [1768033833.928495628] [superpoint_node]: Keypoints estratti: 800
[superpoint_node-2] [ERROR] [1768033833.937301235] [superpoint_node]: Errore pubblicazione keypoints 3D: could not assign tuple of length 3 to structure with 4 fields.
[rtabmap-14] [INFO] [1768033833.964596878] [rtabmap]: rtabmap (684): Rate=0.50s, Limit=0.001s, Conversion=0.0004s, RTAB-Map=0.0434s, Maps update=0.0025s pub=0.0059s delay=0.0866s (local map=0, WM=0)
[superpoint_node-2] [INFO] [1768033834.031869190] [superpoint_node]: Keypoints estratti: 800
[superpoint_node-2] [ERROR] [1768033834.038753337] [superpoint_node]: Errore pubblicazione keypoints 3D: could not assign tuple of length 3 to structure with 4 fields.
[superpoint_node-2] [INFO] [1768033834.129678930] [superpoint_node]: Keypoints estratti: 800
[superpoint_node-2] [ERROR] [1768033834.136470984] [superpoint_node]: Errore pubblicazione keypoints 3D: could not assign tuple of length 3 to structure with 4 fields.
[superpoint_node-2] [INFO] [1768033834.226578774] [superpoint_node]: Keypoints estratti: 800
[superpoint_node-2] [ERROR] [1768033834.233476273] [superpoint_node]: Errore pubblicazione keypoints 3D: could not assign tuple of length 3 to structure with 4 fields.
[superpoint_node-2] [INFO] [1768033834.325885451] [superpoint_node]: Keypoints estratti: 800
[superpoint_node-2] [ERROR] [1768033834.332924377] [superpoint_node]: Errore pubblicazione keypoints 3D: could not assign tuple of length 3 to structure with 4 fields.
[superpoint_node-2] [INFO] [1768033834.425812263] [superpoint_node]: Keypoints estratti: 800
[superpoint_node-2] [ERROR] [1768033834.433094173] [superpoint_node]: Errore pubblicazione keypoints 3D: could not assign tuple of length 3 to structure with 4 fields.
[superpoint_node-2] [INFO] [1768033834.525606204] [superpoint_node]: Keypoints estratti: 800
[superpoint_node-2] [ERROR] [1768033834.533427433] [superpoint_node]: Errore pubblicazione keypoints 3D: could not assign tuple of length 3 to structure with 4 fields.
[rtabmap-14] [INFO] [1768033834.542355319] [rtabmap]: rtabmap (685): Rate=0.50s, Limit=0.001s, Conversion=0.0003s, RTAB-Map=0.0270s, Maps update=0.0003s pub=0.0013s delay=0.0666s (local map=0, WM=0)
[superpoint_node-2] [INFO] [1768033834.626284411] [superpoint_node]: Keypoints estratti: 800
[superpoint_node-2] [ERROR] [1768033834.633191836] [superpoint_node]: Errore pubblicazione keypoints 3D: could not assign tuple of length 3 to structure with 4 fields.
[superpoint_node-2] [INFO] [1768033834.726591541] [superpoint_node]: Keypoints estratti: 800
[superpoint_node-2] [ERROR] [1768033834.733516466] [superpoint_node]: Errore pubblicazione keypoints 3D: could not assign tuple of length 3 to structure with 4 fields.
[superpoint_node-2] [INFO] [1768033834.827249600] [superpoint_node]: Keypoints estratti: 800
[superpoint_node-2] [ERROR] [1768033834.834415286] [superpoint_node]: Errore pubblicazione keypoints 3D: could not assign tuple of length 3 to structure with 4 fields.
[superpoint_node-2] [INFO] [1768033834.925270730] [superpoint_node]: Keypoints estratti: 800
[superpoint_node-2] [ERROR] [1768033834.932445639] [superpoint_node]: Errore pubblicazione keypoints 3D: could not assign tuple of length 3 to structure with 4 fields.
[superpoint_node-2] [INFO] [1768033835.023618363] [superpoint_node]: Keypoints estratti: 800
[superpoint_node-2] [ERROR] [1768033835.030524085] [superpoint_node]: Errore pubblicazione keypoints 3D: could not assign tuple of length 3 to structure with 4 fields.
[superpoint_node-2] [INFO] [1768033835.125913472] [superpoint_node]: Keypoints estratti: 800
[superpoint_node-2] [ERROR] [1768033835.133198993] [superpoint_node]: Errore pubblicazione keypoints 3D: could not assign tuple of length 3 to structure with 4 fields.
[rtabmap-14] [INFO] [1768033835.167057243] [rtabmap]: rtabmap (686): Rate=0.50s, Limit=0.001s, Conversion=0.0003s, RTAB-Map=0.0451s, Maps update=0.0014s pub=0.0026s delay=0.0942s (local map=0, WM=0)
[superpoint_node-2] [INFO] [1768033835.231263198] [superpoint_node]: Keypoints estratti: 800
[superpoint_node-2] [ERROR] [1768033835.238393736] [superpoint_node]: Errore pubblicazione keypoints 3D: could not assign tuple of length 3 to structure with 4 fields.
[superpoint_node-2] [INFO] [1768033835.328245283] [superpoint_node]: Keypoints estratti: 800
[superpoint_node-2] [ERROR] [1768033835.335361802] [superpoint_node]: Errore pubblicazione keypoints 3D: could not assign tuple of length 3 to structure with 4 fields.
[superpoint_node-2] [INFO] [1768033835.426410599] [superpoint_node]: Keypoints estratti: 800
[superpoint_node-2] [ERROR] [1768033835.433352654] [superpoint_node]: Errore pubblicazione keypoints 3D: could not assign tuple of length 3 to structure with 4 fields.
[superpoint_node-2] [INFO] [1768033835.524054727] [superpoint_node]: Keypoints estratti: 800
[superpoint_node-2] [ERROR] [1768033835.530934578] [superpoint_node]: Errore pubblicazione keypoints 3D: could not assign tuple of length 3 to structure with 4 fields.
[superpoint_node-2] [INFO] [1768033835.631839972] [superpoint_node]: Keypoints estratti: 800
[superpoint_node-2] [ERROR] [1768033835.640173056] [superpoint_node]: Errore pubblicazione keypoints 3D: could not assign tuple of length 3 to structure with 4 fields.
[rtabmap-14] [INFO] [1768033835.708660489] [rtabmap]: rtabmap (687): Rate=0.50s, Limit=0.001s, Conversion=0.0002s, RTAB-Map=0.0561s, Maps update=0.0037s pub=0.0056s delay=0.1259s (local map=0, WM=0)
[superpoint_node-2] [INFO] [1768033835.736344209] [superpoint_node]: Keypoints estratti: 800
[superpoint_node-2] [ERROR] [1768033835.743633582] [superpoint_node]: Errore pubblicazione keypoints 3D: could not assign tuple of length 3 to structure with 4 fields.
[superpoint_node-2] [INFO] [1768033835.834232524] [superpoint_node]: Keypoints estratti: 800
[superpoint_node-2] [ERROR] [1768033835.842369255] [superpoint_node]: Errore pubblicazione keypoints 3D: could not assign tuple of length 3 to structure with 4 fields.
[superpoint_node-2] [INFO] [1768033835.931343017] [superpoint_node]: Keypoints estratti: 800
[superpoint_node-2] [ERROR] [1768033835.938324628] [superpoint_node]: Errore pubblicazione keypoints 3D: could not assign tuple of length 3 to structure with 4 fields.
[superpoint_node-2] [INFO] [1768033836.029599723] [superpoint_node]: Keypoints estratti: 800
[superpoint_node-2] [ERROR] [1768033836.036732039] [superpoint_node]: Errore pubblicazione keypoints 3D: could not assign tuple of length 3 to structure with 4 fields.
[superpoint_node-2] [INFO] [1768033836.131164326] [superpoint_node]: Keypoints estratti: 800
[superpoint_node-2] [ERROR] [1768033836.138092900] [superpoint_node]: Errore pubblicazione keypoints 3D: could not assign tuple of length 3 to structure with 4 fields.
[superpoint_node-2] [INFO] [1768033836.229020900] [superpoint_node]: Keypoints estratti: 800
[superpoint_node-2] [ERROR] [1768033836.235903195] [superpoint_node]: Errore pubblicazione keypoints 3D: could not assign tuple of length 3 to structure with 4 fields.
[rtabmap-14] [INFO] [1768033836.302797449] [rtabmap]: rtabmap (688): Rate=0.50s, Limit=0.001s, Conversion=0.0002s, RTAB-Map=0.0495s, Maps update=0.0014s pub=0.0029s delay=0.1218s (local map=0, WM=0)
[superpoint_node-2] [INFO] [1768033836.332425054] [superpoint_node]: Keypoints estratti: 800
[superpoint_node-2] [ERROR] [1768033836.339529889] [superpoint_node]: Errore pubblicazione keypoints 3D: could not assign tuple of length 3 to structure with 4 fields.
[superpoint_node-2] [INFO] [1768033836.467706203] [superpoint_node]: Keypoints estratti: 800
[superpoint_node-2] [ERROR] [1768033836.475542265] [superpoint_node]: Errore pubblicazione keypoints 3D: could not assign tuple of length 3 to structure with 4 fields.
[superpoint_node-2] [INFO] [1768033836.566085577] [superpoint_node]: Keypoints estratti: 800
[superpoint_node-2] [ERROR] [1768033836.573928991] [superpoint_node]: Errore pubblicazione keypoints 3D: could not assign tuple of length 3 to structure with 4 fields.
[superpoint_node-2] [INFO] [1768033836.664777694] [superpoint_node]: Keypoints estratti: 800
[superpoint_node-2] [ERROR] [1768033836.671708786] [superpoint_node]: Errore pubblicazione keypoints 3D: could not assign tuple of length 3 to structure with 4 fields.
[superpoint_node-2] [INFO] [1768033836.765692551] [superpoint_node]: Keypoints estratti: 800
[superpoint_node-2] [ERROR] [1768033836.774388120] [superpoint_node]: Errore pubblicazione keypoints 3D: could not assign tuple of length 3 to structure with 4 fields.
[rtabmap-14] [INFO] [1768033836.805531923] [rtabmap]: rtabmap (689): Rate=0.50s, Limit=0.001s, Conversion=0.0007s, RTAB-Map=0.0445s, Maps update=0.0003s pub=0.0100s delay=0.0927s (local map=0, WM=0)
[superpoint_node-2] [INFO] [1768033836.869480413] [superpoint_node]: Keypoints estratti: 800
[superpoint_node-2] [ERROR] [1768033836.876597543] [superpoint_node]: Errore pubblicazione keypoints 3D: could not assign tuple of length 3 to structure with 4 fields.
[superpoint_node-2] [INFO] [1768033836.967141170] [superpoint_node]: Keypoints estratti: 800
[superpoint_node-2] [ERROR] [1768033836.974507321] [superpoint_node]: Errore pubblicazione keypoints 3D: could not assign tuple of length 3 to structure with 4 fields.
[superpoint_node-2] [INFO] [1768033837.064808797] [superpoint_node]: Keypoints estratti: 800
[superpoint_node-2] [ERROR] [1768033837.072303153] [superpoint_node]: Errore pubblicazione keypoints 3D: could not assign tuple of length 3 to structure with 4 fields.
[superpoint_node-2] [INFO] [1768033837.164903185] [superpoint_node]: Keypoints estratti: 800
[superpoint_node-2] [ERROR] [1768033837.171850518] [superpoint_node]: Errore pubblicazione keypoints 3D: could not assign tuple of length 3 to structure with 4 fields.
[superpoint_node-2] [INFO] [1768033837.269173420] [superpoint_node]: Keypoints estratti: 800
[superpoint_node-2] [ERROR] [1768033837.277253540] [superpoint_node]: Errore pubblicazione keypoints 3D: could not assign tuple of length 3 to structure with 4 fields.
[rtabmap-14] [INFO] [1768033837.291478616] [rtabmap]: rtabmap (690): Rate=0.50s, Limit=0.001s, Conversion=0.0009s, RTAB-Map=0.0360s, Maps update=0.0003s pub=0.0028s delay=0.0776s (local map=0, WM=0)
[superpoint_node-2] [INFO] [1768033837.371825088] [superpoint_node]: Keypoints estratti: 800
[superpoint_node-2] [ERROR] [1768033837.379295739] [superpoint_node]: Errore pubblicazione keypoints 3D: could not assign tuple of length 3 to structure with 4 fields.
[superpoint_node-2] [INFO] [1768033837.466784249] [superpoint_node]: Keypoints estratti: 800
[superpoint_node-2] [ERROR] [1768033837.474125530] [superpoint_node]: Errore pubblicazione keypoints 3D: could not assign tuple of length 3 to structure with 4 fields.
[superpoint_node-2] [INFO] [1768033837.566777821] [superpoint_node]: Keypoints estratti: 800
[superpoint_node-2] [ERROR] [1768033837.574015693] [superpoint_node]: Errore pubblicazione keypoints 3D: could not assign tuple of length 3 to structure with 4 fields.
[superpoint_node-2] [INFO] [1768033837.664882267] [superpoint_node]: Keypoints estratti: 800
[superpoint_node-2] [ERROR] [1768033837.673531873] [superpoint_node]: Errore pubblicazione keypoints 3D: could not assign tuple of length 3 to structure with 4 fields.
[superpoint_node-2] [INFO] [1768033837.765087822] [superpoint_node]: Keypoints estratti: 800
[superpoint_node-2] [ERROR] [1768033837.775018494] [superpoint_node]: Errore pubblicazione keypoints 3D: could not assign tuple of length 3 to structure with 4 fields.
[rtabmap-14] [INFO] [1768033837.804242818] [rtabmap]: rtabmap (691): Rate=0.50s, Limit=0.001s, Conversion=0.0004s, RTAB-Map=0.0453s, Maps update=0.0009s pub=0.0072s delay=0.0889s (local map=0, WM=0)
[superpoint_node-2] [INFO] [1768033837.868952203] [superpoint_node]: Keypoints estratti: 800
[superpoint_node-2] [ERROR] [1768033837.876290242] [superpoint_node]: Errore pubblicazione keypoints 3D: could not assign tuple of length 3 to structure with 4 fields.
[superpoint_node-2] [INFO] [1768033837.966548774] [superpoint_node]: Keypoints estratti: 800
[superpoint_node-2] [ERROR] [1768033837.974448744] [superpoint_node]: Errore pubblicazione keypoints 3D: could not assign tuple of length 3 to structure with 4 fields.
[superpoint_node-2] [INFO] [1768033838.066623365] [superpoint_node]: Keypoints estratti: 800
[superpoint_node-2] [ERROR] [1768033838.075041895] [superpoint_node]: Errore pubblicazione keypoints 3D: could not assign tuple of length 3 to structure with 4 fields.
[rtabmap-14] [33m[ WARN] (2026-01-10 09:30:33.438) MapsManager.cpp:863::publishMaps() Graph has changed! The whole cloud is regenerated.[0m
[rtabmap-14] [33m[ WARN] (2026-01-10 09:30:33.440) OccupancyGrid.cpp:169::getProbMap() Map info is empty, cannot generate probabilistic occupancy grid[0m
[rtabmap-14] [33m[ WARN] (2026-01-10 09:30:33.958) MapsManager.cpp:863::publishMaps() Graph has changed! The whole cloud is regenerated.[0m
[rtabmap-14] [33m[ WARN] (2026-01-10 09:30:33.962) OccupancyGrid.cpp:169::getProbMap() Map info is empty, cannot generate probabilistic occupancy grid[0m
[rtabmap-14] [33m[ WARN] (2026-01-10 09:30:34.541) MapsManager.cpp:863::publishMaps() Graph has changed! The whole cloud is regenerated.[0m
[rtabmap-14] [33m[ WARN] (2026-01-10 09:30:34.541) OccupancyGrid.cpp:169::getProbMap() Map info is empty, cannot generate probabilistic occupancy grid[0m
[rtabmap-14] [33m[ WARN] (2026-01-10 09:30:35.164) MapsManager.cpp:863::publishMaps() Graph has changed! The whole cloud is regenerated.[0m
[rtabmap-14] [33m[ WARN] (2026-01-10 09:30:35.166) OccupancyGrid.cpp:169::getProbMap() Map info is empty, cannot generate probabilistic occupancy grid[0m
[rtabmap-14] [33m[ WARN] (2026-01-10 09:30:35.702) MapsManager.cpp:863::publishMaps() Graph has changed! The whole cloud is regenerated.[0m
[rtabmap-14] [33m[ WARN] (2026-01-10 09:30:35.706) OccupancyGrid.cpp:169::getProbMap() Map info is empty, cannot generate probabilistic occupancy grid[0m
[rtabmap-14] [33m[ WARN] (2026-01-10 09:30:36.299) MapsManager.cpp:863::publishMaps() Graph has changed! The whole cloud is regenerated.[0m
[rtabmap-14] [33m[ WARN] (2026-01-10 09:30:36.300) OccupancyGrid.cpp:169::getProbMap() Map info is empty, cannot generate probabilistic occupancy grid[0m
[rtabmap-14] [33m[ WARN] (2026-01-10 09:30:36.795) MapsManager.cpp:863::publishMaps() Graph has changed! The whole cloud is regenerated.[0m
[rtabmap-14] [33m[ WARN] (2026-01-10 09:30:36.803) OccupancyGrid.cpp:169::getProbMap() Map info is empty, cannot generate probabilistic occupancy grid[0m
[rtabmap-14] [33m[ WARN] (2026-01-10 09:30:37.288) MapsManager.cpp:863::publishMaps() Graph has changed! The whole cloud is regenerated.[0m
[rtabmap-14] [33m[ WARN] (2026-01-10 09:30:37.289) OccupancyGrid.cpp:169::getProbMap() Map info is empty, cannot generate probabilistic occupancy grid[0m
[rtabmap-14] [33m[ WARN] (2026-01-10 09:30:37.797) MapsManager.cpp:863::publishMaps() Graph has changed! The whole cloud is regenerated.[0m
[rtabmap-14] [33m[ WARN] (2026-01-10 09:30:37.803) OccupancyGrid.cpp:169::getProbMap() Map info is empty, cannot generate probabilistic occupancy grid[0m
[superpoint_node-2] [INFO] [1768033838.166834050] [superpoint_node]: Keypoints estratti: 800
[superpoint_node-2] [ERROR] [1768033838.174553741] [superpoint_node]: Errore pubblicazione keypoints 3D: could not assign tuple of length 3 to structure with 4 fields.
[superpoint_node-2] [INFO] [1768033838.267835667] [superpoint_node]: Keypoints estratti: 800
[superpoint_node-2] [ERROR] [1768033838.274473923] [superpoint_node]: Errore pubblicazione keypoints 3D: could not assign tuple of length 3 to structure with 4 fields.
[rtabmap-14] [INFO] [1768033838.340003944] [rtabmap]: rtabmap (692): Rate=0.50s, Limit=0.001s, Conversion=0.0002s, RTAB-Map=0.0487s, Maps update=0.0004s pub=0.0032s delay=0.1215s (local map=0, WM=0)
[superpoint_node-2] [INFO] [1768033838.367824887] [superpoint_node]: Keypoints estratti: 800
[superpoint_node-2] [ERROR] [1768033838.375101945] [superpoint_node]: Errore pubblicazione keypoints 3D: could not assign tuple of length 3 to structure with 4 fields.
[superpoint_node-2] [INFO] [1768033838.468218740] [superpoint_node]: Keypoints estratti: 800
[superpoint_node-2] [ERROR] [1768033838.476232878] [superpoint_node]: Errore pubblicazione keypoints 3D: could not assign tuple of length 3 to structure with 4 fields.
[superpoint_node-2] [INFO] [1768033838.569214339] [superpoint_node]: Keypoints estratti: 800
[superpoint_node-2] [ERROR] [1768033838.576808973] [superpoint_node]: Errore pubblicazione keypoints 3D: could not assign tuple of length 3 to structure with 4 fields.
[superpoint_node-2] [INFO] [1768033838.664655689] [superpoint_node]: Keypoints estratti: 800
[superpoint_node-2] [ERROR] [1768033838.671345131] [superpoint_node]: Errore pubblicazione keypoints 3D: could not assign tuple of length 3 to structure with 4 fields.
[superpoint_node-2] [INFO] [1768033838.759346645] [superpoint_node]: Keypoints estratti: 800
[superpoint_node-2] [ERROR] [1768033838.766210033] [superpoint_node]: Errore pubblicazione keypoints 3D: could not assign tuple of length 3 to structure with 4 fields.
[superpoint_node-2] [INFO] [1768033838.855499242] [superpoint_node]: Keypoints estratti: 800
[superpoint_node-2] [ERROR] [1768033838.863139562] [superpoint_node]: Errore pubblicazione keypoints 3D: could not assign tuple of length 3 to structure with 4 fields.
[superpoint_node-2] [INFO] [1768033838.951524190] [superpoint_node]: Keypoints estratti: 800
[superpoint_node-2] [ERROR] [1768033838.958692654] [superpoint_node]: Errore pubblicazione keypoints 3D: could not assign tuple of length 3 to structure with 4 fields.
[rtabmap-14] [INFO] [1768033838.994637403] [rtabmap]: rtabmap (693): Rate=0.50s, Limit=0.001s, Conversion=0.0002s, RTAB-Map=0.0385s, Maps update=0.0003s pub=0.0015s delay=0.0906s (local map=0, WM=0)
[superpoint_node-2] [INFO] [1768033839.055685888] [superpoint_node]: Keypoints estratti: 800
[superpoint_node-2] [ERROR] [1768033839.063171410] [superpoint_node]: Errore pubblicazione keypoints 3D: could not assign tuple of length 3 to structure with 4 fields.
[superpoint_node-2] [INFO] [1768033839.157187249] [superpoint_node]: Keypoints estratti: 800
[superpoint_node-2] [ERROR] [1768033839.164587456] [superpoint_node]: Errore pubblicazione keypoints 3D: could not assign tuple of length 3 to structure with 4 fields.
[superpoint_node-2] [INFO] [1768033839.261086241] [superpoint_node]: Keypoints estratti: 800
[superpoint_node-2] [ERROR] [1768033839.267972111] [superpoint_node]: Errore pubblicazione keypoints 3D: could not assign tuple of length 3 to structure with 4 fields.
[superpoint_node-2] [INFO] [1768033839.357257301] [superpoint_node]: Keypoints estratti: 800
[superpoint_node-2] [ERROR] [1768033839.364391599] [superpoint_node]: Errore pubblicazione keypoints 3D: could not assign tuple of length 3 to structure with 4 fields.
[superpoint_node-2] [INFO] [1768033839.465191159] [superpoint_node]: Keypoints estratti: 800
[superpoint_node-2] [ERROR] [1768033839.472857868] [superpoint_node]: Errore pubblicazione keypoints 3D: could not assign tuple of length 3 to structure with 4 fields.
[rtabmap-14] [INFO] [1768033839.492153206] [rtabmap]: rtabmap (694): Rate=0.50s, Limit=0.001s, Conversion=0.0002s, RTAB-Map=0.0397s, Maps update=0.0006s pub=0.0040s delay=0.0848s (local map=0, WM=0)
[superpoint_node-2] [INFO] [1768033839.566790262] [superpoint_node]: Keypoints estratti: 800
[superpoint_node-2] [ERROR] [1768033839.574923882] [superpoint_node]: Errore pubblicazione keypoints 3D: could not assign tuple of length 3 to structure with 4 fields.
[superpoint_node-2] [INFO] [1768033839.669519244] [superpoint_node]: Keypoints estratti: 800
[superpoint_node-2] [ERROR] [1768033839.678203721] [superpoint_node]: Errore pubblicazione keypoints 3D: could not assign tuple of length 3 to structure with 4 fields.
[superpoint_node-2] [INFO] [1768033839.770741715] [superpoint_node]: Keypoints estratti: 800
[superpoint_node-2] [ERROR] [1768033839.778475239] [superpoint_node]: Errore pubblicazione keypoints 3D: could not assign tuple of length 3 to structure with 4 fields.
[superpoint_node-2] [INFO] [1768033839.873056083] [superpoint_node]: Keypoints estratti: 800
[superpoint_node-2] [ERROR] [1768033839.880109436] [superpoint_node]: Errore pubblicazione keypoints 3D: could not assign tuple of length 3 to structure with 4 fields.
[superpoint_node-2] [INFO] [1768033839.970787119] [superpoint_node]: Keypoints estratti: 800
[superpoint_node-2] [ERROR] [1768033839.978335586] [superpoint_node]: Errore pubblicazione keypoints 3D: could not assign tuple of length 3 to structure with 4 fields.
[rtabmap-14] [INFO] [1768033840.040289856] [rtabmap]: rtabmap (695): Rate=0.50s, Limit=0.001s, Conversion=0.0002s, RTAB-Map=0.0517s, Maps update=0.0014s pub=0.0034s delay=0.1184s (local map=0, WM=0)
[superpoint_node-2] [INFO] [1768033840.076488495] [superpoint_node]: Keypoints estratti: 800
[superpoint_node-2] [ERROR] [1768033840.083944110] [superpoint_node]: Errore pubblicazione keypoints 3D: could not assign tuple of length 3 to structure with 4 fields.
[superpoint_node-2] [INFO] [1768033840.177914690] [superpoint_node]: Keypoints estratti: 800
[superpoint_node-2] [ERROR] [1768033840.184710262] [superpoint_node]: Errore pubblicazione keypoints 3D: could not assign tuple of length 3 to structure with 4 fields.
[superpoint_node-2] [INFO] [1768033840.275626577] [superpoint_node]: Keypoints estratti: 800
[superpoint_node-2] [ERROR] [1768033840.282894764] [superpoint_node]: Errore pubblicazione keypoints 3D: could not assign tuple of length 3 to structure with 4 fields.
[superpoint_node-2] [INFO] [1768033840.411091746] [superpoint_node]: Keypoints estratti: 800
[superpoint_node-2] [ERROR] [1768033840.418317766] [superpoint_node]: Errore pubblicazione keypoints 3D: could not assign tuple of length 3 to structure with 4 fields.
[superpoint_node-2] [INFO] [1768033840.514105545] [superpoint_node]: Keypoints estratti: 800
[superpoint_node-2] [ERROR] [1768033840.521360029] [superpoint_node]: Errore pubblicazione keypoints 3D: could not assign tuple of length 3 to structure with 4 fields.
[rtabmap-14] [INFO] [1768033840.535184546] [rtabmap]: rtabmap (696): Rate=0.50s, Limit=0.001s, Conversion=0.0007s, RTAB-Map=0.0439s, Maps update=0.0025s pub=0.0030s delay=0.0743s (local map=0, WM=0)
[superpoint_node-2] [INFO] [1768033840.610948222] [superpoint_node]: Keypoints estratti: 800
[superpoint_node-2] [ERROR] [1768033840.617726294] [superpoint_node]: Errore pubblicazione keypoints 3D: could not assign tuple of length 3 to structure with 4 fields.
[superpoint_node-2] [INFO] [1768033840.711019461] [superpoint_node]: Keypoints estratti: 800
[superpoint_node-2] [ERROR] [1768033840.718116018] [superpoint_node]: Errore pubblicazione keypoints 3D: could not assign tuple of length 3 to structure with 4 fields.
[superpoint_node-2] [INFO] [1768033840.826389266] [superpoint_node]: Keypoints estratti: 800
[superpoint_node-2] [ERROR] [1768033840.834046401] [superpoint_node]: Errore pubblicazione keypoints 3D: could not assign tuple of length 3 to structure with 4 fields.
[superpoint_node-2] [INFO] [1768033840.925614443] [superpoint_node]: Keypoints estratti: 800
[superpoint_node-2] [ERROR] [1768033840.933185559] [superpoint_node]: Errore pubblicazione keypoints 3D: could not assign tuple of length 3 to structure with 4 fields.
[superpoint_node-2] [INFO] [1768033841.025950055] [superpoint_node]: Keypoints estratti: 800
[superpoint_node-2] [ERROR] [1768033841.035767318] [superpoint_node]: Errore pubblicazione keypoints 3D: could not assign tuple of length 3 to structure with 4 fields.
[rtabmap-14] [INFO] [1768033841.061448189] [rtabmap]: rtabmap (697): Rate=0.50s, Limit=0.001s, Conversion=0.0004s, RTAB-Map=0.0443s, Maps update=0.0018s pub=0.0032s delay=0.0854s (local map=0, WM=0)
[superpoint_node-2] [INFO] [1768033841.132632625] [superpoint_node]: Keypoints estratti: 800
[superpoint_node-2] [ERROR] [1768033841.140238685] [superpoint_node]: Errore pubblicazione keypoints 3D: could not assign tuple of length 3 to structure with 4 fields.
[superpoint_node-2] [INFO] [1768033841.233280776] [superpoint_node]: Keypoints estratti: 800
[superpoint_node-2] [ERROR] [1768033841.240785817] [superpoint_node]: Errore pubblicazione keypoints 3D: could not assign tuple of length 3 to structure with 4 fields.
[superpoint_node-2] [INFO] [1768033841.332444045] [superpoint_node]: Keypoints estratti: 800
[superpoint_node-2] [ERROR] [1768033841.340695703] [superpoint_node]: Errore pubblicazione keypoints 3D: could not assign tuple of length 3 to structure with 4 fields.
[superpoint_node-2] [INFO] [1768033841.434135427] [superpoint_node]: Keypoints estratti: 800
[superpoint_node-2] [ERROR] [1768033841.442123157] [superpoint_node]: Errore pubblicazione keypoints 3D: could not assign tuple of length 3 to structure with 4 fields.
[superpoint_node-2] [INFO] [1768033841.540184603] [superpoint_node]: Keypoints estratti: 800
[superpoint_node-2] [ERROR] [1768033841.547552754] [superpoint_node]: Errore pubblicazione keypoints 3D: could not assign tuple of length 3 to structure with 4 fields.
[rtabmap-14] [INFO] [1768033841.563139100] [rtabmap]: rtabmap (698): Rate=0.50s, Limit=0.001s, Conversion=0.0006s, RTAB-Map=0.0475s, Maps update=0.0003s pub=0.0011s delay=0.0774s (local map=0, WM=0)
[superpoint_node-2] [INFO] [1768033841.640765901] [superpoint_node]: Keypoints estratti: 800
[superpoint_node-2] [ERROR] [1768033841.648736965] [superpoint_node]: Errore pubblicazione keypoints 3D: could not assign tuple of length 3 to structure with 4 fields.
[superpoint_node-2] [INFO] [1768033841.743804201] [superpoint_node]: Keypoints estratti: 800
[superpoint_node-2] [ERROR] [1768033841.751607023] [superpoint_node]: Errore pubblicazione keypoints 3D: could not assign tuple of length 3 to structure with 4 fields.
[superpoint_node-2] [INFO] [1768033841.845594491] [superpoint_node]: Keypoints estratti: 800
[superpoint_node-2] [ERROR] [1768033841.852866419] [superpoint_node]: Errore pubblicazione keypoints 3D: could not assign tuple of length 3 to structure with 4 fields.
[superpoint_node-2] [INFO] [1768033841.944250293] [superpoint_node]: Keypoints estratti: 800
[superpoint_node-2] [ERROR] [1768033841.952347228] [superpoint_node]: Errore pubblicazione keypoints 3D: could not assign tuple of length 3 to structure with 4 fields.
[rtabmap-14] [INFO] [1768033842.051804314] [rtabmap]: rtabmap (699): Rate=0.50s, Limit=0.001s, Conversion=0.0002s, RTAB-Map=0.0359s, Maps update=0.0003s pub=0.0012s delay=0.0577s (local map=0, WM=0)
[superpoint_node-2] [INFO] [1768033842.120910900] [superpoint_node]: Keypoints estratti: 800
[superpoint_node-2] [ERROR] [1768033842.128087791] [superpoint_node]: Errore pubblicazione keypoints 3D: could not assign tuple of length 3 to structure with 4 fields.
[superpoint_node-2] [INFO] [1768033842.221940166] [superpoint_node]: Keypoints estratti: 800
[superpoint_node-2] [ERROR] [1768033842.228849628] [superpoint_node]: Errore pubblicazione keypoints 3D: could not assign tuple of length 3 to structure with 4 fields.
[superpoint_node-2] [INFO] [1768033842.320336429] [superpoint_node]: Keypoints estratti: 800
[superpoint_node-2] [ERROR] [1768033842.327506430] [superpoint_node]: Errore pubblicazione keypoints 3D: could not assign tuple of length 3 to structure with 4 fields.
[superpoint_node-2] [INFO] [1768033842.420410705] [superpoint_node]: Keypoints estratti: 800
[superpoint_node-2] [ERROR] [1768033842.427291871] [superpoint_node]: Errore pubblicazione keypoints 3D: could not assign tuple of length 3 to structure with 4 fields.
[superpoint_node-2] [INFO] [1768033842.517848090] [superpoint_node]: Keypoints estratti: 800
[superpoint_node-2] [ERROR] [1768033842.524706108] [superpoint_node]: Errore pubblicazione keypoints 3D: could not assign tuple of length 3 to structure with 4 fields.
[superpoint_node-2] [INFO] [1768033842.619551991] [superpoint_node]: Keypoints estratti: 800
[superpoint_node-2] [ERROR] [1768033842.626631306] [superpoint_node]: Errore pubblicazione keypoints 3D: could not assign tuple of length 3 to structure with 4 fields.
[rtabmap-14] [INFO] [1768033842.659150898] [rtabmap]: rtabmap (700): Rate=0.50s, Limit=0.001s, Conversion=0.0006s, RTAB-Map=0.0388s, Maps update=0.0004s pub=0.0034s delay=0.0897s (local map=0, WM=0)
[superpoint_node-2] [INFO] [1768033842.719586359] [superpoint_node]: Keypoints estratti: 800
[superpoint_node-2] [ERROR] [1768033842.726462192] [superpoint_node]: Errore pubblicazione keypoints 3D: could not assign tuple of length 3 to structure with 4 fields.
[superpoint_node-2] [INFO] [1768033842.817873288] [superpoint_node]: Keypoints estratti: 800
[superpoint_node-2] [ERROR] [1768033842.824735954] [superpoint_node]: Errore pubblicazione keypoints 3D: could not assign tuple of length 3 to structure with 4 fields.
[superpoint_node-2] [INFO] [1768033842.918996073] [superpoint_node]: Keypoints estratti: 800
[superpoint_node-2] [ERROR] [1768033842.925809201] [superpoint_node]: Errore pubblicazione keypoints 3D: could not assign tuple of length 3 to structure with 4 fields.
[superpoint_node-2] [INFO] [1768033843.018537363] [superpoint_node]: Keypoints estratti: 800
[superpoint_node-2] [ERROR] [1768033843.025414918] [superpoint_node]: Errore pubblicazione keypoints 3D: could not assign tuple of length 3 to structure with 4 fields.
[superpoint_node-2] [INFO] [1768033843.120696712] [superpoint_node]: Keypoints estratti: 800
[superpoint_node-2] [ERROR] [1768033843.128949574] [superpoint_node]: Errore pubblicazione keypoints 3D: could not assign tuple of length 3 to structure with 4 fields.
[rtabmap-14] [INFO] [1768033843.140192811] [rtabmap]: rtabmap (701): Rate=0.50s, Limit=0.001s, Conversion=0.0003s, RTAB-Map=0.0243s, Maps update=0.0011s pub=0.0016s delay=0.0703s (local map=0, WM=0)
[rtabmap-14] [33m[ WARN] (2026-01-10 09:30:38.336) MapsManager.cpp:863::publishMaps() Graph has changed! The whole cloud is regenerated.[0m
[rtabmap-14] [33m[ WARN] (2026-01-10 09:30:38.337) OccupancyGrid.cpp:169::getProbMap() Map info is empty, cannot generate probabilistic occupancy grid[0m
[rtabmap-14] [33m[ WARN] (2026-01-10 09:30:38.993) MapsManager.cpp:863::publishMaps() Graph has changed! The whole cloud is regenerated.[0m
[rtabmap-14] [33m[ WARN] (2026-01-10 09:30:38.993) OccupancyGrid.cpp:169::getProbMap() Map info is empty, cannot generate probabilistic occupancy grid[0m
[rtabmap-14] [33m[ WARN] (2026-01-10 09:30:39.488) MapsManager.cpp:863::publishMaps() Graph has changed! The whole cloud is regenerated.[0m
[rtabmap-14] [33m[ WARN] (2026-01-10 09:30:39.490) OccupancyGrid.cpp:169::getProbMap() Map info is empty, cannot generate probabilistic occupancy grid[0m
[rtabmap-14] [33m[ WARN] (2026-01-10 09:30:40.036) MapsManager.cpp:863::publishMaps() Graph has changed! The whole cloud is regenerated.[0m
[rtabmap-14] [33m[ WARN] (2026-01-10 09:30:40.039) OccupancyGrid.cpp:169::getProbMap() Map info is empty, cannot generate probabilistic occupancy grid[0m
[rtabmap-14] [33m[ WARN] (2026-01-10 09:30:40.532) MapsManager.cpp:863::publishMaps() Graph has changed! The whole cloud is regenerated.[0m
[rtabmap-14] [33m[ WARN] (2026-01-10 09:30:40.534) OccupancyGrid.cpp:169::getProbMap() Map info is empty, cannot generate probabilistic occupancy grid[0m
[rtabmap-14] [33m[ WARN] (2026-01-10 09:30:41.058) MapsManager.cpp:863::publishMaps() Graph has changed! The whole cloud is regenerated.[0m
[rtabmap-14] [33m[ WARN] (2026-01-10 09:30:41.060) OccupancyGrid.cpp:169::getProbMap() Map info is empty, cannot generate probabilistic occupancy grid[0m
[rtabmap-14] [33m[ WARN] (2026-01-10 09:30:41.561) MapsManager.cpp:863::publishMaps() Graph has changed! The whole cloud is regenerated.[0m
[rtabmap-14] [33m[ WARN] (2026-01-10 09:30:41.562) OccupancyGrid.cpp:169::getProbMap() Map info is empty, cannot generate probabilistic occupancy grid[0m
[rtabmap-14] [33m[ WARN] (2026-01-10 09:30:42.050) MapsManager.cpp:863::publishMaps() Graph has changed! The whole cloud is regenerated.[0m
[rtabmap-14] [33m[ WARN] (2026-01-10 09:30:42.051) OccupancyGrid.cpp:169::getProbMap() Map info is empty, cannot generate probabilistic occupancy grid[0m
[rtabmap-14] [33m[ WARN] (2026-01-10 09:30:42.653) MapsManager.cpp:863::publishMaps() Graph has changed! The whole cloud is regenerated.[0m
[rtabmap-14] [33m[ WARN] (2026-01-10 09:30:42.654) OccupancyGrid.cpp:169::getProbMap() Map info is empty, cannot generate probabilistic occupancy grid[0m
[rtabmap-14] [33m[ WARN] (2026-01-10 09:30:43.138) MapsManager.cpp:863::publishMaps() Graph has changed! The whole cloud is regenerated.[0m
[rtabmap-14] [33m[ WARN] (2026-01-10 09:30:43.139) OccupancyGrid.cpp:169::getProbMap() Map info is empty, cannot generate probabilistic occupancy grid[0m
[superpoint_node-2] [INFO] [1768033843.222210148] [superpoint_node]: Keypoints estratti: 800
[superpoint_node-2] [ERROR] [1768033843.229365056] [superpoint_node]: Errore pubblicazione keypoints 3D: could not assign tuple of length 3 to structure with 4 fields.
[superpoint_node-2] [INFO] [1768033843.322537222] [superpoint_node]: Keypoints estratti: 800
[superpoint_node-2] [ERROR] [1768033843.329618853] [superpoint_node]: Errore pubblicazione keypoints 3D: could not assign tuple of length 3 to structure with 4 fields.
[superpoint_node-2] [INFO] [1768033843.422302441] [superpoint_node]: Keypoints estratti: 800
[superpoint_node-2] [ERROR] [1768033843.429221866] [superpoint_node]: Errore pubblicazione keypoints 3D: could not assign tuple of length 3 to structure with 4 fields.
[superpoint_node-2] [INFO] [1768033843.520203218] [superpoint_node]: Keypoints estratti: 800
[superpoint_node-2] [ERROR] [1768033843.527155903] [superpoint_node]: Errore pubblicazione keypoints 3D: could not assign tuple of length 3 to structure with 4 fields.
[superpoint_node-2] [INFO] [1768033843.617781105] [superpoint_node]: Keypoints estratti: 800
[superpoint_node-2] [ERROR] [1768033843.624641215] [superpoint_node]: Errore pubblicazione keypoints 3D: could not assign tuple of length 3 to structure with 4 fields.
[superpoint_node-2] [INFO] [1768033843.719007372] [superpoint_node]: Keypoints estratti: 800
[superpoint_node-2] [ERROR] [1768033843.726400467] [superpoint_node]: Errore pubblicazione keypoints 3D: could not assign tuple of length 3 to structure with 4 fields.
[rtabmap-14] [INFO] [1768033843.767029401] [rtabmap]: rtabmap (702): Rate=0.50s, Limit=0.001s, Conversion=0.0002s, RTAB-Map=0.0455s, Maps update=0.0003s pub=0.0046s delay=0.0975s (local map=0, WM=0)
[superpoint_node-2] [INFO] [1768033843.821532797] [superpoint_node]: Keypoints estratti: 800
[superpoint_node-2] [ERROR] [1768033843.829288414] [superpoint_node]: Errore pubblicazione keypoints 3D: could not assign tuple of length 3 to structure with 4 fields.
[superpoint_node-2] [INFO] [1768033843.921423516] [superpoint_node]: Keypoints estratti: 800
[superpoint_node-2] [ERROR] [1768033843.928919428] [superpoint_node]: Errore pubblicazione keypoints 3D: could not assign tuple of length 3 to structure with 4 fields.
[superpoint_node-2] [INFO] [1768033844.023139880] [superpoint_node]: Keypoints estratti: 800
[superpoint_node-2] [ERROR] [1768033844.030243714] [superpoint_node]: Errore pubblicazione keypoints 3D: could not assign tuple of length 3 to structure with 4 fields.
[superpoint_node-2] [INFO] [1768033844.122480410] [superpoint_node]: Keypoints estratti: 800
[superpoint_node-2] [ERROR] [1768033844.129544966] [superpoint_node]: Errore pubblicazione keypoints 3D: could not assign tuple of length 3 to structure with 4 fields.
[superpoint_node-2] [INFO] [1768033844.221032581] [superpoint_node]: Keypoints estratti: 800
[superpoint_node-2] [ERROR] [1768033844.228124915] [superpoint_node]: Errore pubblicazione keypoints 3D: could not assign tuple of length 3 to structure with 4 fields.
[rtabmap-14] [INFO] [1768033844.262142500] [rtabmap]: rtabmap (703): Rate=0.50s, Limit=0.001s, Conversion=0.0006s, RTAB-Map=0.0395s, Maps update=0.0003s pub=0.0060s delay=0.0901s (local map=0, WM=0)
[superpoint_node-2] [INFO] [1768033844.322873131] [superpoint_node]: Keypoints estratti: 800
[superpoint_node-2] [ERROR] [1768033844.329817094] [superpoint_node]: Errore pubblicazione keypoints 3D: could not assign tuple of length 3 to structure with 4 fields.
[superpoint_node-2] [INFO] [1768033844.422780739] [superpoint_node]: Keypoints estratti: 800
[superpoint_node-2] [ERROR] [1768033844.429967296] [superpoint_node]: Errore pubblicazione keypoints 3D: could not assign tuple of length 3 to structure with 4 fields.
[superpoint_node-2] [INFO] [1768033844.521232892] [superpoint_node]: Keypoints estratti: 800
[superpoint_node-2] [ERROR] [1768033844.528244336] [superpoint_node]: Errore pubblicazione keypoints 3D: could not assign tuple of length 3 to structure with 4 fields.
[superpoint_node-2] [INFO] [1768033844.627831275] [superpoint_node]: Keypoints estratti: 800
[superpoint_node-2] [ERROR] [1768033844.634815294] [superpoint_node]: Errore pubblicazione keypoints 3D: could not assign tuple of length 3 to structure with 4 fields.
[superpoint_node-2] [INFO] [1768033844.730423961] [superpoint_node]: Keypoints estratti: 800
[superpoint_node-2] [ERROR] [1768033844.739187030] [superpoint_node]: Errore pubblicazione keypoints 3D: could not assign tuple of length 3 to structure with 4 fields.
[rtabmap-14] [INFO] [1768033844.850784213] [rtabmap]: rtabmap (704): Rate=0.50s, Limit=0.001s, Conversion=0.0002s, RTAB-Map=0.0774s, Maps update=0.0047s pub=0.0097s delay=0.1729s (local map=0, WM=0)
[superpoint_node-2] [INFO] [1768033844.863866410] [superpoint_node]: Keypoints estratti: 800
[superpoint_node-2] [ERROR] [1768033844.872223698] [superpoint_node]: Errore pubblicazione keypoints 3D: could not assign tuple of length 3 to structure with 4 fields.
[superpoint_node-2] [INFO] [1768033845.030516863] [superpoint_node]: Keypoints estratti: 800
[superpoint_node-2] [ERROR] [1768033845.040628795] [superpoint_node]: Errore pubblicazione keypoints 3D: could not assign tuple of length 3 to structure with 4 fields.
[superpoint_node-2] [INFO] [1768033845.145311071] [superpoint_node]: Keypoints estratti: 800
[superpoint_node-2] [ERROR] [1768033845.152570610] [superpoint_node]: Errore pubblicazione keypoints 3D: could not assign tuple of length 3 to structure with 4 fields.
[rtabmap-14] [INFO] [1768033845.229214497] [rtabmap]: rtabmap (705): Rate=0.50s, Limit=0.001s, Conversion=0.0009s, RTAB-Map=0.0213s, Maps update=0.0002s pub=0.0011s delay=0.0348s (local map=0, WM=0)
[superpoint_node-2] [INFO] [1768033845.318979988] [superpoint_node]: Keypoints estratti: 800
[superpoint_node-2] [ERROR] [1768033845.325935265] [superpoint_node]: Errore pubblicazione keypoints 3D: could not assign tuple of length 3 to structure with 4 fields.
[superpoint_node-2] [INFO] [1768033845.418396314] [superpoint_node]: Keypoints estratti: 800
[superpoint_node-2] [ERROR] [1768033845.425584612] [superpoint_node]: Errore pubblicazione keypoints 3D: could not assign tuple of length 3 to structure with 4 fields.
[superpoint_node-2] [INFO] [1768033845.521793284] [superpoint_node]: Keypoints estratti: 800
[superpoint_node-2] [ERROR] [1768033845.528718320] [superpoint_node]: Errore pubblicazione keypoints 3D: could not assign tuple of length 3 to structure with 4 fields.
[superpoint_node-2] [INFO] [1768033845.618450070] [superpoint_node]: Keypoints estratti: 800
[superpoint_node-2] [ERROR] [1768033845.626516245] [superpoint_node]: Errore pubblicazione keypoints 3D: could not assign tuple of length 3 to structure with 4 fields.
[superpoint_node-2] [INFO] [1768033845.799915048] [superpoint_node]: Keypoints estratti: 800
[superpoint_node-2] [ERROR] [1768033845.821204754] [superpoint_node]: Errore pubblicazione keypoints 3D: could not assign tuple of length 3 to structure with 4 fields.
[superpoint_node-2] [INFO] [1768033846.030791123] [superpoint_node]: Keypoints estratti: 800
[rtabmap-14] [INFO] [1768033846.037941569] [rtabmap]: rtabmap (706): Rate=0.50s, Limit=0.001s, Conversion=0.0004s, RTAB-Map=0.0499s, Maps update=0.0022s pub=0.0054s delay=0.0940s (local map=0, WM=0)
[superpoint_node-2] [ERROR] [1768033846.038877521] [superpoint_node]: Errore pubblicazione keypoints 3D: could not assign tuple of length 3 to structure with 4 fields.
[superpoint_node-2] [INFO] [1768033846.130922178] [superpoint_node]: Keypoints estratti: 800
[superpoint_node-2] [ERROR] [1768033846.137764399] [superpoint_node]: Errore pubblicazione keypoints 3D: could not assign tuple of length 3 to structure with 4 fields.
[superpoint_node-2] [INFO] [1768033846.230705970] [superpoint_node]: Keypoints estratti: 800
[superpoint_node-2] [ERROR] [1768033846.237760619] [superpoint_node]: Errore pubblicazione keypoints 3D: could not assign tuple of length 3 to structure with 4 fields.
[superpoint_node-2] [INFO] [1768033846.329497588] [superpoint_node]: Keypoints estratti: 800
[superpoint_node-2] [ERROR] [1768033846.336691701] [superpoint_node]: Errore pubblicazione keypoints 3D: could not assign tuple of length 3 to structure with 4 fields.
[superpoint_node-2] [INFO] [1768033846.426825546] [superpoint_node]: Keypoints estratti: 800
[superpoint_node-2] [ERROR] [1768033846.433759083] [superpoint_node]: Errore pubblicazione keypoints 3D: could not assign tuple of length 3 to structure with 4 fields.
[superpoint_node-2] [INFO] [1768033846.526879489] [superpoint_node]: Keypoints estratti: 800
[superpoint_node-2] [ERROR] [1768033846.535416909] [superpoint_node]: Errore pubblicazione keypoints 3D: could not assign tuple of length 3 to structure with 4 fields.
[rtabmap-14] [INFO] [1768033846.566817992] [rtabmap]: rtabmap (707): Rate=0.50s, Limit=0.001s, Conversion=0.0002s, RTAB-Map=0.0457s, Maps update=0.0003s pub=0.0027s delay=0.0895s (local map=0, WM=0)
[superpoint_node-2] [INFO] [1768033846.626828913] [superpoint_node]: Keypoints estratti: 800
[superpoint_node-2] [ERROR] [1768033846.634707253] [superpoint_node]: Errore pubblicazione keypoints 3D: could not assign tuple of length 3 to structure with 4 fields.
[superpoint_node-2] [INFO] [1768033846.726307240] [superpoint_node]: Keypoints estratti: 800
[superpoint_node-2] [ERROR] [1768033846.733214906] [superpoint_node]: Errore pubblicazione keypoints 3D: could not assign tuple of length 3 to structure with 4 fields.
[superpoint_node-2] [INFO] [1768033846.826220534] [superpoint_node]: Keypoints estratti: 800
[superpoint_node-2] [ERROR] [1768033846.832899253] [superpoint_node]: Errore pubblicazione keypoints 3D: could not assign tuple of length 3 to structure with 4 fields.
[superpoint_node-2] [INFO] [1768033846.926766555] [superpoint_node]: Keypoints estratti: 800
[superpoint_node-2] [ERROR] [1768033846.933664795] [superpoint_node]: Errore pubblicazione keypoints 3D: could not assign tuple of length 3 to structure with 4 fields.
[superpoint_node-2] [INFO] [1768033847.032119651] [superpoint_node]: Keypoints estratti: 800
[superpoint_node-2] [ERROR] [1768033847.039100058] [superpoint_node]: Errore pubblicazione keypoints 3D: could not assign tuple of length 3 to structure with 4 fields.
[rtabmap-14] [INFO] [1768033847.097859210] [rtabmap]: rtabmap (708): Rate=0.50s, Limit=0.001s, Conversion=0.0002s, RTAB-Map=0.0466s, Maps update=0.0034s pub=0.0033s delay=0.1199s (local map=0, WM=0)
[superpoint_node-2] [INFO] [1768033847.141674651] [superpoint_node]: Keypoints estratti: 800
[superpoint_node-2] [ERROR] [1768033847.149484435] [superpoint_node]: Errore pubblicazione keypoints 3D: could not assign tuple of length 3 to structure with 4 fields.
[superpoint_node-2] [INFO] [1768033847.237641728] [superpoint_node]: Keypoints estratti: 800
[superpoint_node-2] [ERROR] [1768033847.244839711] [superpoint_node]: Errore pubblicazione keypoints 3D: could not assign tuple of length 3 to structure with 4 fields.
[superpoint_node-2] [INFO] [1768033847.335272392] [superpoint_node]: Keypoints estratti: 800
[superpoint_node-2] [ERROR] [1768033847.342682581] [superpoint_node]: Errore pubblicazione keypoints 3D: could not assign tuple of length 3 to structure with 4 fields.
[superpoint_node-2] [INFO] [1768033847.433452950] [superpoint_node]: Keypoints estratti: 800
[superpoint_node-2] [ERROR] [1768033847.441201196] [superpoint_node]: Errore pubblicazione keypoints 3D: could not assign tuple of length 3 to structure with 4 fields.
[superpoint_node-2] [INFO] [1768033847.533154334] [superpoint_node]: Keypoints estratti: 800
[superpoint_node-2] [ERROR] [1768033847.540376336] [superpoint_node]: Errore pubblicazione keypoints 3D: could not assign tuple of length 3 to structure with 4 fields.
[rtabmap-14] [INFO] [1768033847.560608200] [rtabmap]: rtabmap (709): Rate=0.50s, Limit=0.001s, Conversion=0.0006s, RTAB-Map=0.0389s, Maps update=0.0013s pub=0.0017s delay=0.0774s (local map=0, WM=0)
[superpoint_node-2] [INFO] [1768033847.631706932] [superpoint_node]: Keypoints estratti: 800
[superpoint_node-2] [ERROR] [1768033847.638209335] [superpoint_node]: Errore pubblicazione keypoints 3D: could not assign tuple of length 3 to structure with 4 fields.
[superpoint_node-2] [INFO] [1768033847.725939495] [superpoint_node]: Keypoints estratti: 800
[superpoint_node-2] [ERROR] [1768033847.732694178] [superpoint_node]: Errore pubblicazione keypoints 3D: could not assign tuple of length 3 to structure with 4 fields.
[superpoint_node-2] [INFO] [1768033847.821940387] [superpoint_node]: Keypoints estratti: 800
[superpoint_node-2] [ERROR] [1768033847.828551125] [superpoint_node]: Errore pubblicazione keypoints 3D: could not assign tuple of length 3 to structure with 4 fields.
[superpoint_node-2] [INFO] [1768033847.918354801] [superpoint_node]: Keypoints estratti: 800
[superpoint_node-2] [ERROR] [1768033847.925335227] [superpoint_node]: Errore pubblicazione keypoints 3D: could not assign tuple of length 3 to structure with 4 fields.
[superpoint_node-2] [INFO] [1768033848.017780684] [superpoint_node]: Keypoints estratti: 800
[superpoint_node-2] [ERROR] [1768033848.024991500] [superpoint_node]: Errore pubblicazione keypoints 3D: could not assign tuple of length 3 to structure with 4 fields.
[superpoint_node-2] [INFO] [1768033848.123608654] [superpoint_node]: Keypoints estratti: 800
[superpoint_node-2] [ERROR] [1768033848.130754637] [superpoint_node]: Errore pubblicazione keypoints 3D: could not assign tuple of length 3 to structure with 4 fields.
[rtabmap-14] [INFO] [1768033848.132676263] [rtabmap]: rtabmap (710): Rate=0.50s, Limit=0.001s, Conversion=0.0006s, RTAB-Map=0.0464s, Maps update=0.0003s pub=0.0011s delay=0.0632s (local map=0, WM=0)
[rtabmap-14] [33m[ WARN] (2026-01-10 09:30:43.762) MapsManager.cpp:863::publishMaps() Graph has changed! The whole cloud is regenerated.[0m
[rtabmap-14] [33m[ WARN] (2026-01-10 09:30:43.765) OccupancyGrid.cpp:169::getProbMap() Map info is empty, cannot generate probabilistic occupancy grid[0m
[rtabmap-14] [33m[ WARN] (2026-01-10 09:30:44.256) MapsManager.cpp:863::publishMaps() Graph has changed! The whole cloud is regenerated.[0m
[rtabmap-14] [33m[ WARN] (2026-01-10 09:30:44.260) OccupancyGrid.cpp:169::getProbMap() Map info is empty, cannot generate probabilistic occupancy grid[0m
[rtabmap-14] [33m[ WARN] (2026-01-10 09:30:44.840) MapsManager.cpp:863::publishMaps() Graph has changed! The whole cloud is regenerated.[0m
[rtabmap-14] [33m[ WARN] (2026-01-10 09:30:44.841) OccupancyGrid.cpp:169::getProbMap() Map info is empty, cannot generate probabilistic occupancy grid[0m
[rtabmap-14] [33m[ WARN] (2026-01-10 09:30:45.205) CoreWrapper.cpp:1227::odomTFUpdate() Odometry is reset (identity pose detected). Increment map id![0m
[rtabmap-14] [33m[ WARN] (2026-01-10 09:30:45.228) MapsManager.cpp:863::publishMaps() Graph has changed! The whole cloud is regenerated.[0m
[rtabmap-14] [33m[ WARN] (2026-01-10 09:30:45.228) OccupancyGrid.cpp:169::getProbMap() Map info is empty, cannot generate probabilistic occupancy grid[0m
[rtabmap-14] [33m[ WARN] (2026-01-10 09:30:46.032) MapsManager.cpp:863::publishMaps() Graph has changed! The whole cloud is regenerated.[0m
[rtabmap-14] [33m[ WARN] (2026-01-10 09:30:46.034) OccupancyGrid.cpp:169::getProbMap() Map info is empty, cannot generate probabilistic occupancy grid[0m
[rtabmap-14] [33m[ WARN] (2026-01-10 09:30:46.563) MapsManager.cpp:863::publishMaps() Graph has changed! The whole cloud is regenerated.[0m
[rtabmap-14] [33m[ WARN] (2026-01-10 09:30:46.564) OccupancyGrid.cpp:169::getProbMap() Map info is empty, cannot generate probabilistic occupancy grid[0m
[rtabmap-14] [33m[ WARN] (2026-01-10 09:30:47.094) MapsManager.cpp:863::publishMaps() Graph has changed! The whole cloud is regenerated.[0m
[rtabmap-14] [33m[ WARN] (2026-01-10 09:30:47.095) OccupancyGrid.cpp:169::getProbMap() Map info is empty, cannot generate probabilistic occupancy grid[0m
[rtabmap-14] [33m[ WARN] (2026-01-10 09:30:47.558) MapsManager.cpp:863::publishMaps() Graph has changed! The whole cloud is regenerated.[0m
[rtabmap-14] [33m[ WARN] (2026-01-10 09:30:47.560) OccupancyGrid.cpp:169::getProbMap() Map info is empty, cannot generate probabilistic occupancy grid[0m
[rtabmap-14] [33m[ WARN] (2026-01-10 09:30:48.131) MapsManager.cpp:863::publishMaps() Graph has changed! The whole cloud is regenerated.[0m
[rtabmap-14] [33m[ WARN] (2026-01-10 09:30:48.132) OccupancyGrid.cpp:169::getProbMap() Map info is empty, cannot generate probabilistic occupancy grid[0m
[superpoint_node-2] [INFO] [1768033848.218517371] [superpoint_node]: Keypoints estratti: 800
[superpoint_node-2] [ERROR] [1768033848.225285388] [superpoint_node]: Errore pubblicazione keypoints 3D: could not assign tuple of length 3 to structure with 4 fields.
[superpoint_node-2] [INFO] [1768033848.318503165] [superpoint_node]: Keypoints estratti: 800
[superpoint_node-2] [ERROR] [1768033848.325207570] [superpoint_node]: Errore pubblicazione keypoints 3D: could not assign tuple of length 3 to structure with 4 fields.
[superpoint_node-2] [INFO] [1768033848.447564412] [superpoint_node]: Keypoints estratti: 800
[superpoint_node-2] [ERROR] [1768033848.454200521] [superpoint_node]: Errore pubblicazione keypoints 3D: could not assign tuple of length 3 to structure with 4 fields.
[superpoint_node-2] [INFO] [1768033848.621756815] [superpoint_node]: Keypoints estratti: 800
[rtabmap-14] [INFO] [1768033848.628064624] [rtabmap]: rtabmap (711): Rate=0.50s, Limit=0.001s, Conversion=0.0005s, RTAB-Map=0.0410s, Maps update=0.0005s pub=0.0024s delay=0.0585s (local map=0, WM=0)
[superpoint_node-2] [ERROR] [1768033848.629372838] [superpoint_node]: Errore pubblicazione keypoints 3D: could not assign tuple of length 3 to structure with 4 fields.
[superpoint_node-2] [INFO] [1768033848.718904605] [superpoint_node]: Keypoints estratti: 800
[superpoint_node-2] [ERROR] [1768033848.727764083] [superpoint_node]: Errore pubblicazione keypoints 3D: could not assign tuple of length 3 to structure with 4 fields.
[superpoint_node-2] [INFO] [1768033848.817600444] [superpoint_node]: Keypoints estratti: 800
[superpoint_node-2] [ERROR] [1768033848.824264794] [superpoint_node]: Errore pubblicazione keypoints 3D: could not assign tuple of length 3 to structure with 4 fields.
[superpoint_node-2] [INFO] [1768033848.917603479] [superpoint_node]: Keypoints estratti: 800
[superpoint_node-2] [ERROR] [1768033848.924179920] [superpoint_node]: Errore pubblicazione keypoints 3D: could not assign tuple of length 3 to structure with 4 fields.
[superpoint_node-2] [INFO] [1768033849.018558318] [superpoint_node]: Keypoints estratti: 800
[superpoint_node-2] [ERROR] [1768033849.025171241] [superpoint_node]: Errore pubblicazione keypoints 3D: could not assign tuple of length 3 to structure with 4 fields.
[superpoint_node-2] [INFO] [1768033849.117711050] [superpoint_node]: Keypoints estratti: 800
[superpoint_node-2] [ERROR] [1768033849.124364048] [superpoint_node]: Errore pubblicazione keypoints 3D: could not assign tuple of length 3 to structure with 4 fields.
[superpoint_node-2] [INFO] [1768033849.216588206] [superpoint_node]: Keypoints estratti: 800
[superpoint_node-2] [ERROR] [1768033849.224585566] [superpoint_node]: Errore pubblicazione keypoints 3D: could not assign tuple of length 3 to structure with 4 fields.
[rtabmap-14] [INFO] [1768033849.236237844] [rtabmap]: rtabmap (712): Rate=0.50s, Limit=0.001s, Conversion=0.0003s, RTAB-Map=0.0178s, Maps update=0.0003s pub=0.0021s delay=0.0668s (local map=0, WM=0)
[superpoint_node-2] [INFO] [1768033849.318435793] [superpoint_node]: Keypoints estratti: 800
[superpoint_node-2] [ERROR] [1768033849.325307477] [superpoint_node]: Errore pubblicazione keypoints 3D: could not assign tuple of length 3 to structure with 4 fields.
[superpoint_node-2] [INFO] [1768033849.420775643] [superpoint_node]: Keypoints estratti: 800
[superpoint_node-2] [ERROR] [1768033849.427576141] [superpoint_node]: Errore pubblicazione keypoints 3D: could not assign tuple of length 3 to structure with 4 fields.
[superpoint_node-2] [INFO] [1768033849.519731688] [superpoint_node]: Keypoints estratti: 800
[superpoint_node-2] [ERROR] [1768033849.526601187] [superpoint_node]: Errore pubblicazione keypoints 3D: could not assign tuple of length 3 to structure with 4 fields.
[superpoint_node-2] [INFO] [1768033849.617494724] [superpoint_node]: Keypoints estratti: 800
[superpoint_node-2] [ERROR] [1768033849.624104925] [superpoint_node]: Errore pubblicazione keypoints 3D: could not assign tuple of length 3 to structure with 4 fields.
[superpoint_node-2] [INFO] [1768033849.722429946] [superpoint_node]: Keypoints estratti: 800
[superpoint_node-2] [ERROR] [1768033849.730229397] [superpoint_node]: Errore pubblicazione keypoints 3D: could not assign tuple of length 3 to structure with 4 fields.
[rtabmap-14] [INFO] [1768033849.762645636] [rtabmap]: rtabmap (713): Rate=0.50s, Limit=0.001s, Conversion=0.0002s, RTAB-Map=0.0463s, Maps update=0.0007s pub=0.0012s delay=0.0931s (local map=0, WM=0)
[superpoint_node-2] [INFO] [1768033849.822510612] [superpoint_node]: Keypoints estratti: 800
[superpoint_node-2] [ERROR] [1768033849.829095257] [superpoint_node]: Errore pubblicazione keypoints 3D: could not assign tuple of length 3 to structure with 4 fields.
[superpoint_node-2] [INFO] [1768033849.921173914] [superpoint_node]: Keypoints estratti: 800
[superpoint_node-2] [ERROR] [1768033849.928009098] [superpoint_node]: Errore pubblicazione keypoints 3D: could not assign tuple of length 3 to structure with 4 fields.
[superpoint_node-2] [INFO] [1768033850.019722326] [superpoint_node]: Keypoints estratti: 800
[superpoint_node-2] [ERROR] [1768033850.026399842] [superpoint_node]: Errore pubblicazione keypoints 3D: could not assign tuple of length 3 to structure with 4 fields.
[superpoint_node-2] [INFO] [1768033850.116925080] [superpoint_node]: Keypoints estratti: 800
[superpoint_node-2] [ERROR] [1768033850.123535540] [superpoint_node]: Errore pubblicazione keypoints 3D: could not assign tuple of length 3 to structure with 4 fields.
[superpoint_node-2] [INFO] [1768033850.217303711] [superpoint_node]: Keypoints estratti: 800
[superpoint_node-2] [ERROR] [1768033850.223885337] [superpoint_node]: Errore pubblicazione keypoints 3D: could not assign tuple of length 3 to structure with 4 fields.
[superpoint_node-2] [INFO] [1768033850.322268433] [superpoint_node]: Keypoints estratti: 800
[superpoint_node-2] [ERROR] [1768033850.329959606] [superpoint_node]: Errore pubblicazione keypoints 3D: could not assign tuple of length 3 to structure with 4 fields.
[rtabmap-14] [INFO] [1768033850.335611262] [rtabmap]: rtabmap (714): Rate=0.50s, Limit=0.001s, Conversion=0.0008s, RTAB-Map=0.0456s, Maps update=0.0003s pub=0.0055s delay=0.0661s (local map=0, WM=0)
[superpoint_node-2] [INFO] [1768033850.421833909] [superpoint_node]: Keypoints estratti: 800
[superpoint_node-2] [ERROR] [1768033850.428874354] [superpoint_node]: Errore pubblicazione keypoints 3D: could not assign tuple of length 3 to structure with 4 fields.
[superpoint_node-2] [INFO] [1768033850.518004877] [superpoint_node]: Keypoints estratti: 800
[superpoint_node-2] [ERROR] [1768033850.524394558] [superpoint_node]: Errore pubblicazione keypoints 3D: could not assign tuple of length 3 to structure with 4 fields.
[superpoint_node-2] [INFO] [1768033850.617249758] [superpoint_node]: Keypoints estratti: 800
[superpoint_node-2] [ERROR] [1768033850.624483982] [superpoint_node]: Errore pubblicazione keypoints 3D: could not assign tuple of length 3 to structure with 4 fields.
[superpoint_node-2] [INFO] [1768033850.717007643] [superpoint_node]: Keypoints estratti: 800
[superpoint_node-2] [ERROR] [1768033850.723697233] [superpoint_node]: Errore pubblicazione keypoints 3D: could not assign tuple of length 3 to structure with 4 fields.
[superpoint_node-2] [INFO] [1768033850.817783092] [superpoint_node]: Keypoints estratti: 800
[superpoint_node-2] [ERROR] [1768033850.824804999] [superpoint_node]: Errore pubblicazione keypoints 3D: could not assign tuple of length 3 to structure with 4 fields.
[rtabmap-14] [INFO] [1768033850.858519063] [rtabmap]: rtabmap (715): Rate=0.50s, Limit=0.001s, Conversion=0.0007s, RTAB-Map=0.0385s, Maps update=0.0012s pub=0.0036s delay=0.0890s (local map=0, WM=0)
[superpoint_node-2] [INFO] [1768033850.920648094] [superpoint_node]: Keypoints estratti: 800
[superpoint_node-2] [ERROR] [1768033850.927424648] [superpoint_node]: Errore pubblicazione keypoints 3D: could not assign tuple of length 3 to structure with 4 fields.
[superpoint_node-2] [INFO] [1768033851.021246893] [superpoint_node]: Keypoints estratti: 800
[superpoint_node-2] [ERROR] [1768033851.028717323] [superpoint_node]: Errore pubblicazione keypoints 3D: could not assign tuple of length 3 to structure with 4 fields.
[superpoint_node-2] [INFO] [1768033851.116109517] [superpoint_node]: Keypoints estratti: 800
[superpoint_node-2] [ERROR] [1768033851.122708329] [superpoint_node]: Errore pubblicazione keypoints 3D: could not assign tuple of length 3 to structure with 4 fields.
[superpoint_node-2] [INFO] [1768033851.216163534] [superpoint_node]: Keypoints estratti: 800
[superpoint_node-2] [ERROR] [1768033851.222974533] [superpoint_node]: Errore pubblicazione keypoints 3D: could not assign tuple of length 3 to structure with 4 fields.
[superpoint_node-2] [INFO] [1768033851.319281075] [superpoint_node]: Keypoints estratti: 800
[superpoint_node-2] [ERROR] [1768033851.325974980] [superpoint_node]: Errore pubblicazione keypoints 3D: could not assign tuple of length 3 to structure with 4 fields.
[superpoint_node-2] [INFO] [1768033851.422087355] [superpoint_node]: Keypoints estratti: 800
[rtabmap-14] [INFO] [1768033851.423762702] [rtabmap]: rtabmap (716): Rate=0.50s, Limit=0.001s, Conversion=0.0002s, RTAB-Map=0.0299s, Maps update=0.0004s pub=0.0026s delay=0.0544s (local map=0, WM=0)
[superpoint_node-2] [ERROR] [1768033851.429321783] [superpoint_node]: Errore pubblicazione keypoints 3D: could not assign tuple of length 3 to structure with 4 fields.
[superpoint_node-2] [INFO] [1768033851.517086832] [superpoint_node]: Keypoints estratti: 800
[superpoint_node-2] [ERROR] [1768033851.523832200] [superpoint_node]: Errore pubblicazione keypoints 3D: could not assign tuple of length 3 to structure with 4 fields.
[superpoint_node-2] [INFO] [1768033851.618938122] [superpoint_node]: Keypoints estratti: 800
[superpoint_node-2] [ERROR] [1768033851.625535304] [superpoint_node]: Errore pubblicazione keypoints 3D: could not assign tuple of length 3 to structure with 4 fields.
[superpoint_node-2] [INFO] [1768033851.717391423] [superpoint_node]: Keypoints estratti: 800
[superpoint_node-2] [ERROR] [1768033851.723841937] [superpoint_node]: Errore pubblicazione keypoints 3D: could not assign tuple of length 3 to structure with 4 fields.
[superpoint_node-2] [INFO] [1768033851.844348228] [superpoint_node]: Keypoints estratti: 800
[superpoint_node-2] [ERROR] [1768033851.851594045] [superpoint_node]: Errore pubblicazione keypoints 3D: could not assign tuple of length 3 to structure with 4 fields.
[rtabmap-14] [INFO] [1768033851.928419618] [rtabmap]: rtabmap (717): Rate=0.50s, Limit=0.001s, Conversion=0.0002s, RTAB-Map=0.0214s, Maps update=0.0003s pub=0.0013s delay=0.0367s (local map=0, WM=0)
[superpoint_node-2] [INFO] [1768033852.018875818] [superpoint_node]: Keypoints estratti: 800
[superpoint_node-2] [ERROR] [1768033852.025899503] [superpoint_node]: Errore pubblicazione keypoints 3D: could not assign tuple of length 3 to structure with 4 fields.
[superpoint_node-2] [INFO] [1768033852.119511988] [superpoint_node]: Keypoints estratti: 800
[superpoint_node-2] [ERROR] [1768033852.126200300] [superpoint_node]: Errore pubblicazione keypoints 3D: could not assign tuple of length 3 to structure with 4 fields.
[superpoint_node-2] [INFO] [1768033852.218458440] [superpoint_node]: Keypoints estratti: 800
[superpoint_node-2] [ERROR] [1768033852.225573867] [superpoint_node]: Errore pubblicazione keypoints 3D: could not assign tuple of length 3 to structure with 4 fields.
[superpoint_node-2] [INFO] [1768033852.317111891] [superpoint_node]: Keypoints estratti: 800
[superpoint_node-2] [ERROR] [1768033852.323820777] [superpoint_node]: Errore pubblicazione keypoints 3D: could not assign tuple of length 3 to structure with 4 fields.
[superpoint_node-2] [INFO] [1768033852.420088542] [superpoint_node]: Keypoints estratti: 800
[superpoint_node-2] [ERROR] [1768033852.428113994] [superpoint_node]: Errore pubblicazione keypoints 3D: could not assign tuple of length 3 to structure with 4 fields.
[rtabmap-14] [INFO] [1768033852.509844810] [rtabmap]: rtabmap (718): Rate=0.50s, Limit=0.001s, Conversion=0.0002s, RTAB-Map=0.0235s, Maps update=0.0002s pub=0.0010s delay=0.0405s (local map=0, WM=0)
[superpoint_node-2] [INFO] [1768033852.522171908] [superpoint_node]: Keypoints estratti: 800
[superpoint_node-2] [ERROR] [1768033852.528839480] [superpoint_node]: Errore pubblicazione keypoints 3D: could not assign tuple of length 3 to structure with 4 fields.
[superpoint_node-2] [INFO] [1768033852.615784467] [superpoint_node]: Keypoints estratti: 800
[superpoint_node-2] [ERROR] [1768033852.622563039] [superpoint_node]: Errore pubblicazione keypoints 3D: could not assign tuple of length 3 to structure with 4 fields.
[superpoint_node-2] [INFO] [1768033852.714940051] [superpoint_node]: Keypoints estratti: 800
[superpoint_node-2] [ERROR] [1768033852.721673438] [superpoint_node]: Errore pubblicazione keypoints 3D: could not assign tuple of length 3 to structure with 4 fields.
[superpoint_node-2] [INFO] [1768033852.815622054] [superpoint_node]: Keypoints estratti: 800
[superpoint_node-2] [ERROR] [1768033852.822287496] [superpoint_node]: Errore pubblicazione keypoints 3D: could not assign tuple of length 3 to structure with 4 fields.
[superpoint_node-2] [INFO] [1768033852.917507956] [superpoint_node]: Keypoints estratti: 800
[superpoint_node-2] [ERROR] [1768033852.924383122] [superpoint_node]: Errore pubblicazione keypoints 3D: could not assign tuple of length 3 to structure with 4 fields.
[rtabmap-14] [INFO] [1768033853.017708604] [rtabmap]: rtabmap (719): Rate=0.50s, Limit=0.001s, Conversion=0.0002s, RTAB-Map=0.0262s, Maps update=0.0005s pub=0.0020s delay=0.0482s (local map=0, WM=0)
[superpoint_node-2] [INFO] [1768033853.022707884] [superpoint_node]: Keypoints estratti: 800
[superpoint_node-2] [ERROR] [1768033853.029350678] [superpoint_node]: Errore pubblicazione keypoints 3D: could not assign tuple of length 3 to structure with 4 fields.
[superpoint_node-2] [INFO] [1768033853.118690517] [superpoint_node]: Keypoints estratti: 800
[superpoint_node-2] [ERROR] [1768033853.125458330] [superpoint_node]: Errore pubblicazione keypoints 3D: could not assign tuple of length 3 to structure with 4 fields.
[rtabmap-14] [33m[ WARN] (2026-01-10 09:30:48.625) MapsManager.cpp:863::publishMaps() Graph has changed! The whole cloud is regenerated.[0m
[rtabmap-14] [33m[ WARN] (2026-01-10 09:30:48.626) OccupancyGrid.cpp:169::getProbMap() Map info is empty, cannot generate probabilistic occupancy grid[0m
[rtabmap-14] [33m[ WARN] (2026-01-10 09:30:49.234) MapsManager.cpp:863::publishMaps() Graph has changed! The whole cloud is regenerated.[0m
[rtabmap-14] [33m[ WARN] (2026-01-10 09:30:49.234) OccupancyGrid.cpp:169::getProbMap() Map info is empty, cannot generate probabilistic occupancy grid[0m
[rtabmap-14] [33m[ WARN] (2026-01-10 09:30:49.761) MapsManager.cpp:863::publishMaps() Graph has changed! The whole cloud is regenerated.[0m
[rtabmap-14] [33m[ WARN] (2026-01-10 09:30:49.762) OccupancyGrid.cpp:169::getProbMap() Map info is empty, cannot generate probabilistic occupancy grid[0m
[rtabmap-14] [33m[ WARN] (2026-01-10 09:30:50.330) MapsManager.cpp:863::publishMaps() Graph has changed! The whole cloud is regenerated.[0m
[rtabmap-14] [33m[ WARN] (2026-01-10 09:30:50.333) OccupancyGrid.cpp:169::getProbMap() Map info is empty, cannot generate probabilistic occupancy grid[0m
[rtabmap-14] [33m[ WARN] (2026-01-10 09:30:50.854) MapsManager.cpp:863::publishMaps() Graph has changed! The whole cloud is regenerated.[0m
[rtabmap-14] [33m[ WARN] (2026-01-10 09:30:50.856) OccupancyGrid.cpp:169::getProbMap() Map info is empty, cannot generate probabilistic occupancy grid[0m
[rtabmap-14] [33m[ WARN] (2026-01-10 09:30:51.421) MapsManager.cpp:863::publishMaps() Graph has changed! The whole cloud is regenerated.[0m
[rtabmap-14] [33m[ WARN] (2026-01-10 09:30:51.423) OccupancyGrid.cpp:169::getProbMap() Map info is empty, cannot generate probabilistic occupancy grid[0m
[rtabmap-14] [33m[ WARN] (2026-01-10 09:30:51.904) CoreWrapper.cpp:1227::odomTFUpdate() Odometry is reset (identity pose detected). Increment map id![0m
[rtabmap-14] [33m[ WARN] (2026-01-10 09:30:51.927) MapsManager.cpp:863::publishMaps() Graph has changed! The whole cloud is regenerated.[0m
[rtabmap-14] [33m[ WARN] (2026-01-10 09:30:51.927) OccupancyGrid.cpp:169::getProbMap() Map info is empty, cannot generate probabilistic occupancy grid[0m
[rtabmap-14] [33m[ WARN] (2026-01-10 09:30:52.508) MapsManager.cpp:863::publishMaps() Graph has changed! The whole cloud is regenerated.[0m
[rtabmap-14] [33m[ WARN] (2026-01-10 09:30:52.509) OccupancyGrid.cpp:169::getProbMap() Map info is empty, cannot generate probabilistic occupancy grid[0m
[rtabmap-14] [33m[ WARN] (2026-01-10 09:30:53.015) MapsManager.cpp:863::publishMaps() Graph has changed! The whole cloud is regenerated.[0m
[rtabmap-14] [33m[ WARN] (2026-01-10 09:30:53.016) OccupancyGrid.cpp:169::getProbMap() Map info is empty, cannot generate probabilistic occupancy grid[0m
[superpoint_node-2] [INFO] [1768033853.217002057] [superpoint_node]: Keypoints estratti: 800
[superpoint_node-2] [ERROR] [1768033853.223480072] [superpoint_node]: Errore pubblicazione keypoints 3D: could not assign tuple of length 3 to structure with 4 fields.
[superpoint_node-2] [INFO] [1768033853.319287148] [superpoint_node]: Keypoints estratti: 800
[superpoint_node-2] [ERROR] [1768033853.326323592] [superpoint_node]: Errore pubblicazione keypoints 3D: could not assign tuple of length 3 to structure with 4 fields.
[superpoint_node-2] [INFO] [1768033853.417023924] [superpoint_node]: Keypoints estratti: 800
[superpoint_node-2] [ERROR] [1768033853.423499179] [superpoint_node]: Errore pubblicazione keypoints 3D: could not assign tuple of length 3 to structure with 4 fields.
[superpoint_node-2] [INFO] [1768033853.515827764] [superpoint_node]: Keypoints estratti: 800
[superpoint_node-2] [ERROR] [1768033853.522988414] [superpoint_node]: Errore pubblicazione keypoints 3D: could not assign tuple of length 3 to structure with 4 fields.
[rtabmap-14] [INFO] [1768033853.556150955] [rtabmap]: rtabmap (720): Rate=0.50s, Limit=0.001s, Conversion=0.0008s, RTAB-Map=0.0400s, Maps update=0.0003s pub=0.0014s delay=0.0866s (local map=0, WM=0)
[superpoint_node-2] [INFO] [1768033853.615826670] [superpoint_node]: Keypoints estratti: 800
[superpoint_node-2] [ERROR] [1768033853.622400259] [superpoint_node]: Errore pubblicazione keypoints 3D: could not assign tuple of length 3 to structure with 4 fields.
[superpoint_node-2] [INFO] [1768033853.718214261] [superpoint_node]: Keypoints estratti: 800
[superpoint_node-2] [ERROR] [1768033853.724788258] [superpoint_node]: Errore pubblicazione keypoints 3D: could not assign tuple of length 3 to structure with 4 fields.
[superpoint_node-2] [INFO] [1768033853.817590810] [superpoint_node]: Keypoints estratti: 800
[superpoint_node-2] [ERROR] [1768033853.824207362] [superpoint_node]: Errore pubblicazione keypoints 3D: could not assign tuple of length 3 to structure with 4 fields.
[superpoint_node-2] [INFO] [1768033853.915597977] [superpoint_node]: Keypoints estratti: 800
[superpoint_node-2] [ERROR] [1768033853.922162252] [superpoint_node]: Errore pubblicazione keypoints 3D: could not assign tuple of length 3 to structure with 4 fields.
[superpoint_node-2] [INFO] [1768033854.016992653] [superpoint_node]: Keypoints estratti: 800
[superpoint_node-2] [ERROR] [1768033854.023487075] [superpoint_node]: Errore pubblicazione keypoints 3D: could not assign tuple of length 3 to structure with 4 fields.
[superpoint_node-2] [INFO] [1768033854.119448467] [superpoint_node]: Keypoints estratti: 800
[superpoint_node-2] [ERROR] [1768033854.126306410] [superpoint_node]: Errore pubblicazione keypoints 3D: could not assign tuple of length 3 to structure with 4 fields.
[rtabmap-14] [INFO] [1768033854.162402030] [rtabmap]: rtabmap (721): Rate=0.50s, Limit=0.001s, Conversion=0.0003s, RTAB-Map=0.0428s, Maps update=0.0011s pub=0.0033s delay=0.0923s (local map=0, WM=0)
[superpoint_node-2] [INFO] [1768033854.218761367] [superpoint_node]: Keypoints estratti: 800
[superpoint_node-2] [ERROR] [1768033854.225334956] [superpoint_node]: Errore pubblicazione keypoints 3D: could not assign tuple of length 3 to structure with 4 fields.
[superpoint_node-2] [INFO] [1768033854.321956316] [superpoint_node]: Keypoints estratti: 800
[superpoint_node-2] [ERROR] [1768033854.328624591] [superpoint_node]: Errore pubblicazione keypoints 3D: could not assign tuple of length 3 to structure with 4 fields.
[superpoint_node-2] [INFO] [1768033854.417855097] [superpoint_node]: Keypoints estratti: 800
[superpoint_node-2] [ERROR] [1768033854.424725262] [superpoint_node]: Errore pubblicazione keypoints 3D: could not assign tuple of length 3 to structure with 4 fields.
[superpoint_node-2] [INFO] [1768033854.518863269] [superpoint_node]: Keypoints estratti: 800
[superpoint_node-2] [ERROR] [1768033854.525608490] [superpoint_node]: Errore pubblicazione keypoints 3D: could not assign tuple of length 3 to structure with 4 fields.
[superpoint_node-2] [INFO] [1768033854.615984689] [superpoint_node]: Keypoints estratti: 800
[superpoint_node-2] [ERROR] [1768033854.622745446] [superpoint_node]: Errore pubblicazione keypoints 3D: could not assign tuple of length 3 to structure with 4 fields.
[superpoint_node-2] [INFO] [1768033854.716221393] [superpoint_node]: Keypoints estratti: 800
[superpoint_node-2] [ERROR] [1768033854.723184263] [superpoint_node]: Errore pubblicazione keypoints 3D: could not assign tuple of length 3 to structure with 4 fields.
[rtabmap-14] [INFO] [1768033854.762593650] [rtabmap]: rtabmap (722): Rate=0.50s, Limit=0.001s, Conversion=0.0002s, RTAB-Map=0.0423s, Maps update=0.0002s pub=0.0012s delay=0.0932s (local map=0, WM=0)
[superpoint_node-2] [INFO] [1768033854.816517578] [superpoint_node]: Keypoints estratti: 800
[superpoint_node-2] [ERROR] [1768033854.823115427] [superpoint_node]: Errore pubblicazione keypoints 3D: could not assign tuple of length 3 to structure with 4 fields.
[superpoint_node-2] [INFO] [1768033854.918845947] [superpoint_node]: Keypoints estratti: 800
[superpoint_node-2] [ERROR] [1768033854.925563278] [superpoint_node]: Errore pubblicazione keypoints 3D: could not assign tuple of length 3 to structure with 4 fields.
[superpoint_node-2] [INFO] [1768033855.016968300] [superpoint_node]: Keypoints estratti: 800
[superpoint_node-2] [ERROR] [1768033855.023675446] [superpoint_node]: Errore pubblicazione keypoints 3D: could not assign tuple of length 3 to structure with 4 fields.
[superpoint_node-2] [INFO] [1768033855.150012857] [superpoint_node]: Keypoints estratti: 800
[superpoint_node-2] [ERROR] [1768033855.156949060] [superpoint_node]: Errore pubblicazione keypoints 3D: could not assign tuple of length 3 to structure with 4 fields.
[rtabmap-14] [INFO] [1768033855.239966553] [rtabmap]: rtabmap (723): Rate=0.50s, Limit=0.001s, Conversion=0.0003s, RTAB-Map=0.0224s, Maps update=0.0010s pub=0.0012s delay=0.0432s (local map=0, WM=0)
[superpoint_node-2] [INFO] [1768033855.253852071] [superpoint_node]: Keypoints estratti: 800
[superpoint_node-2] [ERROR] [1768033855.260642865] [superpoint_node]: Errore pubblicazione keypoints 3D: could not assign tuple of length 3 to structure with 4 fields.
[superpoint_node-2] [INFO] [1768033855.347638001] [superpoint_node]: Keypoints estratti: 800
[superpoint_node-2] [ERROR] [1768033855.354307998] [superpoint_node]: Errore pubblicazione keypoints 3D: could not assign tuple of length 3 to structure with 4 fields.
[superpoint_node-2] [INFO] [1768033855.520124279] [superpoint_node]: Keypoints estratti: 800
[superpoint_node-2] [ERROR] [1768033855.526821906] [superpoint_node]: Errore pubblicazione keypoints 3D: could not assign tuple of length 3 to structure with 4 fields.
[superpoint_node-2] [INFO] [1768033855.618799081] [superpoint_node]: Keypoints estratti: 800
[superpoint_node-2] [ERROR] [1768033855.625484319] [superpoint_node]: Errore pubblicazione keypoints 3D: could not assign tuple of length 3 to structure with 4 fields.
[superpoint_node-2] [INFO] [1768033855.718534299] [superpoint_node]: Keypoints estratti: 800
[superpoint_node-2] [ERROR] [1768033855.731196844] [superpoint_node]: Errore pubblicazione keypoints 3D: could not assign tuple of length 3 to structure with 4 fields.
[superpoint_node-2] [INFO] [1768033855.823991841] [superpoint_node]: Keypoints estratti: 800
[superpoint_node-2] [ERROR] [1768033855.830701079] [superpoint_node]: Errore pubblicazione keypoints 3D: could not assign tuple of length 3 to structure with 4 fields.
[rtabmap-14] [INFO] [1768033855.896696881] [rtabmap]: rtabmap (724): Rate=0.50s, Limit=0.001s, Conversion=0.0002s, RTAB-Map=0.0511s, Maps update=0.0004s pub=0.0019s delay=0.1181s (local map=0, WM=0)
[superpoint_node-2] [INFO] [1768033855.931338656] [superpoint_node]: Keypoints estratti: 800
[superpoint_node-2] [ERROR] [1768033855.937921338] [superpoint_node]: Errore pubblicazione keypoints 3D: could not assign tuple of length 3 to structure with 4 fields.
[superpoint_node-2] [INFO] [1768033856.026737266] [superpoint_node]: Keypoints estratti: 800
[superpoint_node-2] [ERROR] [1768033856.033383911] [superpoint_node]: Errore pubblicazione keypoints 3D: could not assign tuple of length 3 to structure with 4 fields.
[superpoint_node-2] [INFO] [1768033856.121775873] [superpoint_node]: Keypoints estratti: 800
[superpoint_node-2] [ERROR] [1768033856.128307665] [superpoint_node]: Errore pubblicazione keypoints 3D: could not assign tuple of length 3 to structure with 4 fields.
[superpoint_node-2] [INFO] [1768033856.217937359] [superpoint_node]: Keypoints estratti: 800
[superpoint_node-2] [ERROR] [1768033856.225142898] [superpoint_node]: Errore pubblicazione keypoints 3D: could not assign tuple of length 3 to structure with 4 fields.
[superpoint_node-2] [INFO] [1768033856.319469388] [superpoint_node]: Keypoints estratti: 800
[superpoint_node-2] [ERROR] [1768033856.326243942] [superpoint_node]: Errore pubblicazione keypoints 3D: could not assign tuple of length 3 to structure with 4 fields.
[superpoint_node-2] [INFO] [1768033856.419047271] [superpoint_node]: Keypoints estratti: 800
[superpoint_node-2] [ERROR] [1768033856.425745917] [superpoint_node]: Errore pubblicazione keypoints 3D: could not assign tuple of length 3 to structure with 4 fields.
[rtabmap-14] [INFO] [1768033856.459822799] [rtabmap]: rtabmap (725): Rate=0.50s, Limit=0.001s, Conversion=0.0007s, RTAB-Map=0.0403s, Maps update=0.0003s pub=0.0034s delay=0.0901s (local map=0, WM=0)
[superpoint_node-2] [INFO] [1768033856.518513284] [superpoint_node]: Keypoints estratti: 800
[superpoint_node-2] [ERROR] [1768033856.525157596] [superpoint_node]: Errore pubblicazione keypoints 3D: could not assign tuple of length 3 to structure with 4 fields.
[superpoint_node-2] [INFO] [1768033856.618062575] [superpoint_node]: Keypoints estratti: 800
[superpoint_node-2] [ERROR] [1768033856.624823702] [superpoint_node]: Errore pubblicazione keypoints 3D: could not assign tuple of length 3 to structure with 4 fields.
[superpoint_node-2] [INFO] [1768033856.719111062] [superpoint_node]: Keypoints estratti: 800
[superpoint_node-2] [ERROR] [1768033856.725579206] [superpoint_node]: Errore pubblicazione keypoints 3D: could not assign tuple of length 3 to structure with 4 fields.
[superpoint_node-2] [INFO] [1768033856.819301173] [superpoint_node]: Keypoints estratti: 800
[superpoint_node-2] [ERROR] [1768033856.825949319] [superpoint_node]: Errore pubblicazione keypoints 3D: could not assign tuple of length 3 to structure with 4 fields.
[superpoint_node-2] [INFO] [1768033856.918621573] [superpoint_node]: Keypoints estratti: 800
[superpoint_node-2] [ERROR] [1768033856.925143384] [superpoint_node]: Errore pubblicazione keypoints 3D: could not assign tuple of length 3 to structure with 4 fields.
[superpoint_node-2] [INFO] [1768033857.018488144] [superpoint_node]: Keypoints estratti: 800
[superpoint_node-2] [ERROR] [1768033857.025414699] [superpoint_node]: Errore pubblicazione keypoints 3D: could not assign tuple of length 3 to structure with 4 fields.
[rtabmap-14] [INFO] [1768033857.067777203] [rtabmap]: rtabmap (726): Rate=0.50s, Limit=0.001s, Conversion=0.0003s, RTAB-Map=0.0428s, Maps update=0.0012s pub=0.0043s delay=0.0982s (local map=0, WM=0)
[superpoint_node-2] [INFO] [1768033857.118403827] [superpoint_node]: Keypoints estratti: 800
[superpoint_node-2] [ERROR] [1768033857.125296845] [superpoint_node]: Errore pubblicazione keypoints 3D: could not assign tuple of length 3 to structure with 4 fields.
[superpoint_node-2] [INFO] [1768033857.219026108] [superpoint_node]: Keypoints estratti: 800
[superpoint_node-2] [ERROR] [1768033857.225814847] [superpoint_node]: Errore pubblicazione keypoints 3D: could not assign tuple of length 3 to structure with 4 fields.
[superpoint_node-2] [INFO] [1768033857.316857552] [superpoint_node]: Keypoints estratti: 800
[superpoint_node-2] [ERROR] [1768033857.323597124] [superpoint_node]: Errore pubblicazione keypoints 3D: could not assign tuple of length 3 to structure with 4 fields.
[superpoint_node-2] [INFO] [1768033857.422055961] [superpoint_node]: Keypoints estratti: 800
[superpoint_node-2] [ERROR] [1768033857.428739329] [superpoint_node]: Errore pubblicazione keypoints 3D: could not assign tuple of length 3 to structure with 4 fields.
[superpoint_node-2] [INFO] [1768033857.518363134] [superpoint_node]: Keypoints estratti: 800
[superpoint_node-2] [ERROR] [1768033857.524887241] [superpoint_node]: Errore pubblicazione keypoints 3D: could not assign tuple of length 3 to structure with 4 fields.
[superpoint_node-2] [INFO] [1768033857.621422397] [superpoint_node]: Keypoints estratti: 800
[superpoint_node-2] [ERROR] [1768033857.629660388] [superpoint_node]: Errore pubblicazione keypoints 3D: could not assign tuple of length 3 to structure with 4 fields.
[rtabmap-14] [INFO] [1768033857.637553488] [rtabmap]: rtabmap (727): Rate=0.50s, Limit=0.001s, Conversion=0.0002s, RTAB-Map=0.0224s, Maps update=0.0003s pub=0.0013s delay=0.0681s (local map=0, WM=0)
[superpoint_node-2] [INFO] [1768033857.724079842] [superpoint_node]: Keypoints estratti: 800
[superpoint_node-2] [ERROR] [1768033857.730969545] [superpoint_node]: Errore pubblicazione keypoints 3D: could not assign tuple of length 3 to structure with 4 fields.
[superpoint_node-2] [INFO] [1768033857.819012578] [superpoint_node]: Keypoints estratti: 800
[superpoint_node-2] [ERROR] [1768033857.825457110] [superpoint_node]: Errore pubblicazione keypoints 3D: could not assign tuple of length 3 to structure with 4 fields.
[superpoint_node-2] [INFO] [1768033857.916363203] [superpoint_node]: Keypoints estratti: 800
[superpoint_node-2] [ERROR] [1768033857.923010256] [superpoint_node]: Errore pubblicazione keypoints 3D: could not assign tuple of length 3 to structure with 4 fields.
[superpoint_node-2] [INFO] [1768033858.016858112] [superpoint_node]: Keypoints estratti: 800
[superpoint_node-2] [ERROR] [1768033858.024067503] [superpoint_node]: Errore pubblicazione keypoints 3D: could not assign tuple of length 3 to structure with 4 fields.
[superpoint_node-2] [INFO] [1768033858.115025337] [superpoint_node]: Keypoints estratti: 800
[superpoint_node-2] [ERROR] [1768033858.121741834] [superpoint_node]: Errore pubblicazione keypoints 3D: could not assign tuple of length 3 to structure with 4 fields.
[rtabmap-14] [33m[ WARN] (2026-01-10 09:30:53.554) MapsManager.cpp:863::publishMaps() Graph has changed! The whole cloud is regenerated.[0m
[rtabmap-14] [33m[ WARN] (2026-01-10 09:30:53.555) OccupancyGrid.cpp:169::getProbMap() Map info is empty, cannot generate probabilistic occupancy grid[0m
[rtabmap-14] [33m[ WARN] (2026-01-10 09:30:54.159) MapsManager.cpp:863::publishMaps() Graph has changed! The whole cloud is regenerated.[0m
[rtabmap-14] [33m[ WARN] (2026-01-10 09:30:54.160) OccupancyGrid.cpp:169::getProbMap() Map info is empty, cannot generate probabilistic occupancy grid[0m
[rtabmap-14] [33m[ WARN] (2026-01-10 09:30:54.761) MapsManager.cpp:863::publishMaps() Graph has changed! The whole cloud is regenerated.[0m
[rtabmap-14] [33m[ WARN] (2026-01-10 09:30:54.761) OccupancyGrid.cpp:169::getProbMap() Map info is empty, cannot generate probabilistic occupancy grid[0m
[rtabmap-14] [33m[ WARN] (2026-01-10 09:30:55.238) MapsManager.cpp:863::publishMaps() Graph has changed! The whole cloud is regenerated.[0m
[rtabmap-14] [33m[ WARN] (2026-01-10 09:30:55.239) OccupancyGrid.cpp:169::getProbMap() Map info is empty, cannot generate probabilistic occupancy grid[0m
[rtabmap-14] [33m[ WARN] (2026-01-10 09:30:55.402) CoreWrapper.cpp:1227::odomTFUpdate() Odometry is reset (identity pose detected). Increment map id![0m
[rtabmap-14] [33m[ WARN] (2026-01-10 09:30:55.894) MapsManager.cpp:863::publishMaps() Graph has changed! The whole cloud is regenerated.[0m
[rtabmap-14] [33m[ WARN] (2026-01-10 09:30:55.895) OccupancyGrid.cpp:169::getProbMap() Map info is empty, cannot generate probabilistic occupancy grid[0m
[rtabmap-14] [33m[ WARN] (2026-01-10 09:30:56.456) MapsManager.cpp:863::publishMaps() Graph has changed! The whole cloud is regenerated.[0m
[rtabmap-14] [33m[ WARN] (2026-01-10 09:30:56.457) OccupancyGrid.cpp:169::getProbMap() Map info is empty, cannot generate probabilistic occupancy grid[0m
[rtabmap-14] [33m[ WARN] (2026-01-10 09:30:57.063) MapsManager.cpp:863::publishMaps() Graph has changed! The whole cloud is regenerated.[0m
[rtabmap-14] [33m[ WARN] (2026-01-10 09:30:57.065) OccupancyGrid.cpp:169::getProbMap() Map info is empty, cannot generate probabilistic occupancy grid[0m
[rtabmap-14] [33m[ WARN] (2026-01-10 09:30:57.636) MapsManager.cpp:863::publishMaps() Graph has changed! The whole cloud is regenerated.[0m
[rtabmap-14] [33m[ WARN] (2026-01-10 09:30:57.636) OccupancyGrid.cpp:169::getProbMap() Map info is empty, cannot generate probabilistic occupancy grid[0m
[rtabmap-14] [INFO] [1768033858.167280289] [rtabmap]: rtabmap (728): Rate=0.50s, Limit=0.001s, Conversion=0.0003s, RTAB-Map=0.0478s, Maps update=0.0004s pub=0.0049s delay=0.0976s (local map=0, WM=0)
[superpoint_node-2] [INFO] [1768033858.216841942] [superpoint_node]: Keypoints estratti: 800
[superpoint_node-2] [ERROR] [1768033858.224537688] [superpoint_node]: Errore pubblicazione keypoints 3D: could not assign tuple of length 3 to structure with 4 fields.
[superpoint_node-2] [INFO] [1768033858.318034431] [superpoint_node]: Keypoints estratti: 800
[superpoint_node-2] [ERROR] [1768033858.324691836] [superpoint_node]: Errore pubblicazione keypoints 3D: could not assign tuple of length 3 to structure with 4 fields.
[superpoint_node-2] [INFO] [1768033858.414920608] [superpoint_node]: Keypoints estratti: 800
[superpoint_node-2] [ERROR] [1768033858.421992331] [superpoint_node]: Errore pubblicazione keypoints 3D: could not assign tuple of length 3 to structure with 4 fields.
[superpoint_node-2] [INFO] [1768033858.516217857] [superpoint_node]: Keypoints estratti: 800
[superpoint_node-2] [ERROR] [1768033858.522668242] [superpoint_node]: Errore pubblicazione keypoints 3D: could not assign tuple of length 3 to structure with 4 fields.
[superpoint_node-2] [INFO] [1768033858.615416090] [superpoint_node]: Keypoints estratti: 800
[superpoint_node-2] [ERROR] [1768033858.622029031] [superpoint_node]: Errore pubblicazione keypoints 3D: could not assign tuple of length 3 to structure with 4 fields.
[rtabmap-14] [INFO] [1768033858.709544448] [rtabmap]: rtabmap (729): Rate=0.50s, Limit=0.001s, Conversion=0.0003s, RTAB-Map=0.0242s, Maps update=0.0003s pub=0.0012s delay=0.0402s (local map=0, WM=0)
[superpoint_node-2] [INFO] [1768033858.720547091] [superpoint_node]: Keypoints estratti: 800
[superpoint_node-2] [ERROR] [1768033858.727253682] [superpoint_node]: Errore pubblicazione keypoints 3D: could not assign tuple of length 3 to structure with 4 fields.
[superpoint_node-2] [INFO] [1768033858.817578344] [superpoint_node]: Keypoints estratti: 800
[superpoint_node-2] [ERROR] [1768033858.824909402] [superpoint_node]: Errore pubblicazione keypoints 3D: could not assign tuple of length 3 to structure with 4 fields.
[superpoint_node-2] [INFO] [1768033858.916980337] [superpoint_node]: Keypoints estratti: 800
[superpoint_node-2] [ERROR] [1768033858.924021726] [superpoint_node]: Errore pubblicazione keypoints 3D: could not assign tuple of length 3 to structure with 4 fields.
[superpoint_node-2] [INFO] [1768033859.017650396] [superpoint_node]: Keypoints estratti: 800
[superpoint_node-2] [ERROR] [1768033859.024208985] [superpoint_node]: Errore pubblicazione keypoints 3D: could not assign tuple of length 3 to structure with 4 fields.
[superpoint_node-2] [INFO] [1768033859.146674106] [superpoint_node]: Keypoints estratti: 800
[superpoint_node-2] [ERROR] [1768033859.153865274] [superpoint_node]: Errore pubblicazione keypoints 3D: could not assign tuple of length 3 to structure with 4 fields.
[rtabmap-14] [INFO] [1768033859.234655120] [rtabmap]: rtabmap (730): Rate=0.50s, Limit=0.001s, Conversion=0.0002s, RTAB-Map=0.0197s, Maps update=0.0003s pub=0.0011s delay=0.0412s (local map=0, WM=0)
[superpoint_node-2] [INFO] [1768033859.316582937] [superpoint_node]: Keypoints estratti: 800
[superpoint_node-2] [ERROR] [1768033859.323703290] [superpoint_node]: Errore pubblicazione keypoints 3D: could not assign tuple of length 3 to structure with 4 fields.
[superpoint_node-2] [INFO] [1768033859.419817850] [superpoint_node]: Keypoints estratti: 800
[superpoint_node-2] [ERROR] [1768033859.426485847] [superpoint_node]: Errore pubblicazione keypoints 3D: could not assign tuple of length 3 to structure with 4 fields.
[superpoint_node-2] [INFO] [1768033859.515340590] [superpoint_node]: Keypoints estratti: 800
[superpoint_node-2] [ERROR] [1768033859.522391609] [superpoint_node]: Errore pubblicazione keypoints 3D: could not assign tuple of length 3 to structure with 4 fields.
[superpoint_node-2] [INFO] [1768033859.615399274] [superpoint_node]: Keypoints estratti: 800
[superpoint_node-2] [ERROR] [1768033859.622137531] [superpoint_node]: Errore pubblicazione keypoints 3D: could not assign tuple of length 3 to structure with 4 fields.
[superpoint_node-2] [INFO] [1768033859.717211083] [superpoint_node]: Keypoints estratti: 800
[superpoint_node-2] [ERROR] [1768033859.725066164] [superpoint_node]: Errore pubblicazione keypoints 3D: could not assign tuple of length 3 to structure with 4 fields.
[rtabmap-14] [INFO] [1768033859.817063728] [rtabmap]: rtabmap (731): Rate=0.50s, Limit=0.001s, Conversion=0.0004s, RTAB-Map=0.0300s, Maps update=0.0005s pub=0.0027s delay=0.0476s (local map=0, WM=0)
[superpoint_node-2] [INFO] [1768033859.826354154] [superpoint_node]: Keypoints estratti: 800
[superpoint_node-2] [ERROR] [1768033859.833137671] [superpoint_node]: Errore pubblicazione keypoints 3D: could not assign tuple of length 3 to structure with 4 fields.
[superpoint_node-2] [INFO] [1768033859.926316763] [superpoint_node]: Keypoints estratti: 800
[superpoint_node-2] [ERROR] [1768033859.933062538] [superpoint_node]: Errore pubblicazione keypoints 3D: could not assign tuple of length 3 to structure with 4 fields.
[superpoint_node-2] [INFO] [1768033860.021856410] [superpoint_node]: Keypoints estratti: 800
[superpoint_node-2] [ERROR] [1768033860.028629649] [superpoint_node]: Errore pubblicazione keypoints 3D: could not assign tuple of length 3 to structure with 4 fields.
[superpoint_node-2] [INFO] [1768033860.117640375] [superpoint_node]: Keypoints estratti: 800
[superpoint_node-2] [ERROR] [1768033860.124385688] [superpoint_node]: Errore pubblicazione keypoints 3D: could not assign tuple of length 3 to structure with 4 fields.
[superpoint_node-2] [INFO] [1768033860.216017490] [superpoint_node]: Keypoints estratti: 800
[superpoint_node-2] [ERROR] [1768033860.222893822] [superpoint_node]: Errore pubblicazione keypoints 3D: could not assign tuple of length 3 to structure with 4 fields.
[superpoint_node-2] [INFO] [1768033860.318850029] [superpoint_node]: Keypoints estratti: 800
[superpoint_node-2] [ERROR] [1768033860.326397293] [superpoint_node]: Errore pubblicazione keypoints 3D: could not assign tuple of length 3 to structure with 4 fields.
[rtabmap-14] [INFO] [1768033860.359687983] [rtabmap]: rtabmap (732): Rate=0.50s, Limit=0.001s, Conversion=0.0005s, RTAB-Map=0.0458s, Maps update=0.0003s pub=0.0013s delay=0.0901s (local map=0, WM=0)
[superpoint_node-2] [INFO] [1768033860.422196406] [superpoint_node]: Keypoints estratti: 800
[superpoint_node-2] [ERROR] [1768033860.429706780] [superpoint_node]: Errore pubblicazione keypoints 3D: could not assign tuple of length 3 to structure with 4 fields.
[superpoint_node-2] [INFO] [1768033860.525556005] [superpoint_node]: Keypoints estratti: 800
[superpoint_node-2] [ERROR] [1768033860.532407837] [superpoint_node]: Errore pubblicazione keypoints 3D: could not assign tuple of length 3 to structure with 4 fields.
[superpoint_node-2] [INFO] [1768033860.623466116] [superpoint_node]: Keypoints estratti: 800
[superpoint_node-2] [ERROR] [1768033860.630310355] [superpoint_node]: Errore pubblicazione keypoints 3D: could not assign tuple of length 3 to structure with 4 fields.
[superpoint_node-2] [INFO] [1768033860.725641372] [superpoint_node]: Keypoints estratti: 800
[superpoint_node-2] [ERROR] [1768033860.733149691] [superpoint_node]: Errore pubblicazione keypoints 3D: could not assign tuple of length 3 to structure with 4 fields.
[superpoint_node-2] [INFO] [1768033860.823612502] [superpoint_node]: Keypoints estratti: 800
[superpoint_node-2] [ERROR] [1768033860.830565020] [superpoint_node]: Errore pubblicazione keypoints 3D: could not assign tuple of length 3 to structure with 4 fields.
[rtabmap-14] [INFO] [1768033860.897836814] [rtabmap]: rtabmap (733): Rate=0.50s, Limit=0.001s, Conversion=0.0002s, RTAB-Map=0.0464s, Maps update=0.0004s pub=0.0017s delay=0.1222s (local map=0, WM=0)
[superpoint_node-2] [INFO] [1768033860.929430694] [superpoint_node]: Keypoints estratti: 800
[superpoint_node-2] [ERROR] [1768033860.936183044] [superpoint_node]: Errore pubblicazione keypoints 3D: could not assign tuple of length 3 to structure with 4 fields.
[superpoint_node-2] [INFO] [1768033861.027031266] [superpoint_node]: Keypoints estratti: 800
[superpoint_node-2] [ERROR] [1768033861.033871469] [superpoint_node]: Errore pubblicazione keypoints 3D: could not assign tuple of length 3 to structure with 4 fields.
[superpoint_node-2] [INFO] [1768033861.126604279] [superpoint_node]: Keypoints estratti: 800
[superpoint_node-2] [ERROR] [1768033861.134336804] [superpoint_node]: Errore pubblicazione keypoints 3D: could not assign tuple of length 3 to structure with 4 fields.
[superpoint_node-2] [INFO] [1768033861.227013688] [superpoint_node]: Keypoints estratti: 800
[superpoint_node-2] [ERROR] [1768033861.234030633] [superpoint_node]: Errore pubblicazione keypoints 3D: could not assign tuple of length 3 to structure with 4 fields.
[superpoint_node-2] [INFO] [1768033861.328709422] [superpoint_node]: Keypoints estratti: 800
[superpoint_node-2] [ERROR] [1768033861.335871831] [superpoint_node]: Errore pubblicazione keypoints 3D: could not assign tuple of length 3 to structure with 4 fields.
[rtabmap-14] [INFO] [1768033861.338545352] [rtabmap]: rtabmap (734): Rate=0.50s, Limit=0.001s, Conversion=0.0002s, RTAB-Map=0.0227s, Maps update=0.0005s pub=0.0014s delay=0.0617s (local map=0, WM=0)
[superpoint_node-2] [INFO] [1768033861.429136905] [superpoint_node]: Keypoints estratti: 800
[superpoint_node-2] [ERROR] [1768033861.437007208] [superpoint_node]: Errore pubblicazione keypoints 3D: could not assign tuple of length 3 to structure with 4 fields.
[superpoint_node-2] [INFO] [1768033861.529785205] [superpoint_node]: Keypoints estratti: 800
[superpoint_node-2] [ERROR] [1768033861.536762853] [superpoint_node]: Errore pubblicazione keypoints 3D: could not assign tuple of length 3 to structure with 4 fields.
[superpoint_node-2] [INFO] [1768033861.627300776] [superpoint_node]: Keypoints estratti: 800
[superpoint_node-2] [ERROR] [1768033861.634411702] [superpoint_node]: Errore pubblicazione keypoints 3D: could not assign tuple of length 3 to structure with 4 fields.
[superpoint_node-2] [INFO] [1768033861.728103354] [superpoint_node]: Keypoints estratti: 800
[superpoint_node-2] [ERROR] [1768033861.735137206] [superpoint_node]: Errore pubblicazione keypoints 3D: could not assign tuple of length 3 to structure with 4 fields.
[superpoint_node-2] [INFO] [1768033861.829046267] [superpoint_node]: Keypoints estratti: 800
[superpoint_node-2] [ERROR] [1768033861.837239721] [superpoint_node]: Errore pubblicazione keypoints 3D: could not assign tuple of length 3 to structure with 4 fields.
[rtabmap-14] [INFO] [1768033861.854926825] [rtabmap]: rtabmap (735): Rate=0.50s, Limit=0.001s, Conversion=0.0003s, RTAB-Map=0.0418s, Maps update=0.0002s pub=0.0010s delay=0.0772s (local map=0, WM=0)
[superpoint_node-2] [INFO] [1768033861.932519422] [superpoint_node]: Keypoints estratti: 800
[superpoint_node-2] [ERROR] [1768033861.940351114] [superpoint_node]: Errore pubblicazione keypoints 3D: could not assign tuple of length 3 to structure with 4 fields.
[superpoint_node-2] [INFO] [1768033862.033117333] [superpoint_node]: Keypoints estratti: 800
[superpoint_node-2] [ERROR] [1768033862.040198685] [superpoint_node]: Errore pubblicazione keypoints 3D: could not assign tuple of length 3 to structure with 4 fields.
[superpoint_node-2] [INFO] [1768033862.129500284] [superpoint_node]: Keypoints estratti: 800
[superpoint_node-2] [ERROR] [1768033862.136483969] [superpoint_node]: Errore pubblicazione keypoints 3D: could not assign tuple of length 3 to structure with 4 fields.
[superpoint_node-2] [INFO] [1768033862.227893288] [superpoint_node]: Keypoints estratti: 800
[superpoint_node-2] [ERROR] [1768033862.234877102] [superpoint_node]: Errore pubblicazione keypoints 3D: could not assign tuple of length 3 to structure with 4 fields.
[superpoint_node-2] [INFO] [1768033862.329371705] [superpoint_node]: Keypoints estratti: 800
[superpoint_node-2] [ERROR] [1768033862.336898209] [superpoint_node]: Errore pubblicazione keypoints 3D: could not assign tuple of length 3 to structure with 4 fields.
[superpoint_node-2] [INFO] [1768033862.436679428] [superpoint_node]: Keypoints estratti: 800
[superpoint_node-2] [ERROR] [1768033862.444296692] [superpoint_node]: Errore pubblicazione keypoints 3D: could not assign tuple of length 3 to structure with 4 fields.
[rtabmap-14] [INFO] [1768033862.508923187] [rtabmap]: rtabmap (736): Rate=0.50s, Limit=0.001s, Conversion=0.0002s, RTAB-Map=0.0518s, Maps update=0.0009s pub=0.0048s delay=0.1257s (local map=0, WM=0)
[superpoint_node-2] [INFO] [1768033862.540470549] [superpoint_node]: Keypoints estratti: 800
[superpoint_node-2] [ERROR] [1768033862.548252999] [superpoint_node]: Errore pubblicazione keypoints 3D: could not assign tuple of length 3 to structure with 4 fields.
[superpoint_node-2] [INFO] [1768033862.640105636] [superpoint_node]: Keypoints estratti: 800
[superpoint_node-2] [ERROR] [1768033862.648739427] [superpoint_node]: Errore pubblicazione keypoints 3D: could not assign tuple of length 3 to structure with 4 fields.
[superpoint_node-2] [INFO] [1768033862.737501484] [superpoint_node]: Keypoints estratti: 800
[superpoint_node-2] [ERROR] [1768033862.745063433] [superpoint_node]: Errore pubblicazione keypoints 3D: could not assign tuple of length 3 to structure with 4 fields.
[superpoint_node-2] [INFO] [1768033862.835624912] [superpoint_node]: Keypoints estratti: 800
[superpoint_node-2] [ERROR] [1768033862.844307703] [superpoint_node]: Errore pubblicazione keypoints 3D: could not assign tuple of length 3 to structure with 4 fields.
[superpoint_node-2] [INFO] [1768033862.935325426] [superpoint_node]: Keypoints estratti: 800
[superpoint_node-2] [ERROR] [1768033862.942870560] [superpoint_node]: Errore pubblicazione keypoints 3D: could not assign tuple of length 3 to structure with 4 fields.
[rtabmap-14] [INFO] [1768033862.996509097] [rtabmap]: rtabmap (737): Rate=0.50s, Limit=0.001s, Conversion=0.0002s, RTAB-Map=0.0456s, Maps update=0.0003s pub=0.0084s delay=0.1077s (local map=0, WM=0)
[superpoint_node-2] [INFO] [1768033863.039096695] [superpoint_node]: Keypoints estratti: 800
[superpoint_node-2] [ERROR] [1768033863.047761338] [superpoint_node]: Errore pubblicazione keypoints 3D: could not assign tuple of length 3 to structure with 4 fields.
[superpoint_node-2] [INFO] [1768033863.138096204] [superpoint_node]: Keypoints estratti: 800
[superpoint_node-2] [ERROR] [1768033863.145683708] [superpoint_node]: Errore pubblicazione keypoints 3D: could not assign tuple of length 3 to structure with 4 fields.
[rtabmap-14] [33m[ WARN] (2026-01-10 09:30:58.162) MapsManager.cpp:863::publishMaps() Graph has changed! The whole cloud is regenerated.[0m
[rtabmap-14] [33m[ WARN] (2026-01-10 09:30:58.165) OccupancyGrid.cpp:169::getProbMap() Map info is empty, cannot generate probabilistic occupancy grid[0m
[rtabmap-14] [33m[ WARN] (2026-01-10 09:30:58.708) MapsManager.cpp:863::publishMaps() Graph has changed! The whole cloud is regenerated.[0m
[rtabmap-14] [33m[ WARN] (2026-01-10 09:30:58.708) OccupancyGrid.cpp:169::getProbMap() Map info is empty, cannot generate probabilistic occupancy grid[0m
[rtabmap-14] [33m[ WARN] (2026-01-10 09:30:59.233) MapsManager.cpp:863::publishMaps() Graph has changed! The whole cloud is regenerated.[0m
[rtabmap-14] [33m[ WARN] (2026-01-10 09:30:59.234) OccupancyGrid.cpp:169::getProbMap() Map info is empty, cannot generate probabilistic occupancy grid[0m
[rtabmap-14] [33m[ WARN] (2026-01-10 09:30:59.814) MapsManager.cpp:863::publishMaps() Graph has changed! The whole cloud is regenerated.[0m
[rtabmap-14] [33m[ WARN] (2026-01-10 09:30:59.815) OccupancyGrid.cpp:169::getProbMap() Map info is empty, cannot generate probabilistic occupancy grid[0m
[rtabmap-14] [33m[ WARN] (2026-01-10 09:31:00.358) MapsManager.cpp:863::publishMaps() Graph has changed! The whole cloud is regenerated.[0m
[rtabmap-14] [33m[ WARN] (2026-01-10 09:31:00.359) OccupancyGrid.cpp:169::getProbMap() Map info is empty, cannot generate probabilistic occupancy grid[0m
[rtabmap-14] [33m[ WARN] (2026-01-10 09:31:00.896) MapsManager.cpp:863::publishMaps() Graph has changed! The whole cloud is regenerated.[0m
[rtabmap-14] [33m[ WARN] (2026-01-10 09:31:00.896) OccupancyGrid.cpp:169::getProbMap() Map info is empty, cannot generate probabilistic occupancy grid[0m
[rtabmap-14] [33m[ WARN] (2026-01-10 09:31:01.337) MapsManager.cpp:863::publishMaps() Graph has changed! The whole cloud is regenerated.[0m
[rtabmap-14] [33m[ WARN] (2026-01-10 09:31:01.337) OccupancyGrid.cpp:169::getProbMap() Map info is empty, cannot generate probabilistic occupancy grid[0m
[rtabmap-14] [33m[ WARN] (2026-01-10 09:31:01.853) MapsManager.cpp:863::publishMaps() Graph has changed! The whole cloud is regenerated.[0m
[rtabmap-14] [33m[ WARN] (2026-01-10 09:31:01.854) OccupancyGrid.cpp:169::getProbMap() Map info is empty, cannot generate probabilistic occupancy grid[0m
[rtabmap-14] [33m[ WARN] (2026-01-10 09:31:02.504) MapsManager.cpp:863::publishMaps() Graph has changed! The whole cloud is regenerated.[0m
[rtabmap-14] [33m[ WARN] (2026-01-10 09:31:02.506) OccupancyGrid.cpp:169::getProbMap() Map info is empty, cannot generate probabilistic occupancy grid[0m
[rtabmap-14] [33m[ WARN] (2026-01-10 09:31:02.988) MapsManager.cpp:863::publishMaps() Graph has changed! The whole cloud is regenerated.[0m
[rtabmap-14] [33m[ WARN] (2026-01-10 09:31:02.988) OccupancyGrid.cpp:169::getProbMap() Map info is empty, cannot generate probabilistic occupancy grid[0m
[superpoint_node-2] [INFO] [1768033863.235347958] [superpoint_node]: Keypoints estratti: 800
[superpoint_node-2] [ERROR] [1768033863.243219909] [superpoint_node]: Errore pubblicazione keypoints 3D: could not assign tuple of length 3 to structure with 4 fields.
[superpoint_node-2] [INFO] [1768033863.334129557] [superpoint_node]: Keypoints estratti: 800
[superpoint_node-2] [ERROR] [1768033863.341355041] [superpoint_node]: Errore pubblicazione keypoints 3D: could not assign tuple of length 3 to structure with 4 fields.
[superpoint_node-2] [INFO] [1768033863.432764100] [superpoint_node]: Keypoints estratti: 800
[superpoint_node-2] [ERROR] [1768033863.440728423] [superpoint_node]: Errore pubblicazione keypoints 3D: could not assign tuple of length 3 to structure with 4 fields.
[superpoint_node-2] [INFO] [1768033863.536230793] [superpoint_node]: Keypoints estratti: 800
[superpoint_node-2] [ERROR] [1768033863.543745037] [superpoint_node]: Errore pubblicazione keypoints 3D: could not assign tuple of length 3 to structure with 4 fields.
[rtabmap-14] [INFO] [1768033863.564665907] [rtabmap]: rtabmap (738): Rate=0.50s, Limit=0.001s, Conversion=0.0009s, RTAB-Map=0.0440s, Maps update=0.0002s pub=0.0011s delay=0.0821s (local map=0, WM=0)
[superpoint_node-2] [INFO] [1768033863.638512198] [superpoint_node]: Keypoints estratti: 800
[superpoint_node-2] [ERROR] [1768033863.645568069] [superpoint_node]: Errore pubblicazione keypoints 3D: could not assign tuple of length 3 to structure with 4 fields.
[superpoint_node-2] [INFO] [1768033863.737226871] [superpoint_node]: Keypoints estratti: 800
[superpoint_node-2] [ERROR] [1768033863.744956284] [superpoint_node]: Errore pubblicazione keypoints 3D: could not assign tuple of length 3 to structure with 4 fields.
[superpoint_node-2] [INFO] [1768033863.836099508] [superpoint_node]: Keypoints estratti: 800
[superpoint_node-2] [ERROR] [1768033863.843629457] [superpoint_node]: Errore pubblicazione keypoints 3D: could not assign tuple of length 3 to structure with 4 fields.
[superpoint_node-2] [INFO] [1768033863.934124546] [superpoint_node]: Keypoints estratti: 800
[superpoint_node-2] [ERROR] [1768033863.941404363] [superpoint_node]: Errore pubblicazione keypoints 3D: could not assign tuple of length 3 to structure with 4 fields.
[superpoint_node-2] [INFO] [1768033864.040261519] [superpoint_node]: Keypoints estratti: 800
[rtabmap-14] [INFO] [1768033864.043899937] [rtabmap]: rtabmap (739): Rate=0.50s, Limit=0.001s, Conversion=0.0003s, RTAB-Map=0.0240s, Maps update=0.0002s pub=0.0014s delay=0.0608s (local map=0, WM=0)
[superpoint_node-2] [ERROR] [1768033864.049920596] [superpoint_node]: Errore pubblicazione keypoints 3D: could not assign tuple of length 3 to structure with 4 fields.
[superpoint_node-2] [INFO] [1768033864.141692565] [superpoint_node]: Keypoints estratti: 800
[superpoint_node-2] [ERROR] [1768033864.149817167] [superpoint_node]: Errore pubblicazione keypoints 3D: could not assign tuple of length 3 to structure with 4 fields.
[superpoint_node-2] [INFO] [1768033864.240782668] [superpoint_node]: Keypoints estratti: 800
[superpoint_node-2] [ERROR] [1768033864.248132856] [superpoint_node]: Errore pubblicazione keypoints 3D: could not assign tuple of length 3 to structure with 4 fields.
[superpoint_node-2] [INFO] [1768033864.337437658] [superpoint_node]: Keypoints estratti: 800
[superpoint_node-2] [ERROR] [1768033864.344790420] [superpoint_node]: Errore pubblicazione keypoints 3D: could not assign tuple of length 3 to structure with 4 fields.
[superpoint_node-2] [INFO] [1768033864.439293893] [superpoint_node]: Keypoints estratti: 800
[superpoint_node-2] [ERROR] [1768033864.446832267] [superpoint_node]: Errore pubblicazione keypoints 3D: could not assign tuple of length 3 to structure with 4 fields.
[superpoint_node-2] [INFO] [1768033864.535778604] [superpoint_node]: Keypoints estratti: 800
[superpoint_node-2] [ERROR] [1768033864.542921272] [superpoint_node]: Errore pubblicazione keypoints 3D: could not assign tuple of length 3 to structure with 4 fields.
[rtabmap-14] [INFO] [1768033864.604644966] [rtabmap]: rtabmap (740): Rate=0.50s, Limit=0.001s, Conversion=0.0002s, RTAB-Map=0.0507s, Maps update=0.0015s pub=0.0074s delay=0.1160s (local map=0, WM=0)
[superpoint_node-2] [INFO] [1768033864.644297466] [superpoint_node]: Keypoints estratti: 800
[superpoint_node-2] [ERROR] [1768033864.652255307] [superpoint_node]: Errore pubblicazione keypoints 3D: could not assign tuple of length 3 to structure with 4 fields.
[superpoint_node-2] [INFO] [1768033864.744493336] [superpoint_node]: Keypoints estratti: 800
[superpoint_node-2] [ERROR] [1768033864.752301861] [superpoint_node]: Errore pubblicazione keypoints 3D: could not assign tuple of length 3 to structure with 4 fields.
[superpoint_node-2] [INFO] [1768033864.919387503] [superpoint_node]: Keypoints estratti: 800
[superpoint_node-2] [ERROR] [1768033864.926355207] [superpoint_node]: Errore pubblicazione keypoints 3D: could not assign tuple of length 3 to structure with 4 fields.
[superpoint_node-2] [INFO] [1768033865.019821227] [superpoint_node]: Keypoints estratti: 800
[superpoint_node-2] [ERROR] [1768033865.026879727] [superpoint_node]: Errore pubblicazione keypoints 3D: could not assign tuple of length 3 to structure with 4 fields.
[superpoint_node-2] [INFO] [1768033865.119341721] [superpoint_node]: Keypoints estratti: 800
[superpoint_node-2] [ERROR] [1768033865.126623631] [superpoint_node]: Errore pubblicazione keypoints 3D: could not assign tuple of length 3 to structure with 4 fields.
[rtabmap-14] [INFO] [1768033865.164654341] [rtabmap]: rtabmap (741): Rate=0.50s, Limit=0.001s, Conversion=0.0009s, RTAB-Map=0.0438s, Maps update=0.0003s pub=0.0012s delay=0.0952s (local map=0, WM=0)
[superpoint_node-2] [INFO] [1768033865.221959388] [superpoint_node]: Keypoints estratti: 800
[superpoint_node-2] [ERROR] [1768033865.229278058] [superpoint_node]: Errore pubblicazione keypoints 3D: could not assign tuple of length 3 to structure with 4 fields.
[superpoint_node-2] [INFO] [1768033865.319713535] [superpoint_node]: Keypoints estratti: 800
[superpoint_node-2] [ERROR] [1768033865.326807851] [superpoint_node]: Errore pubblicazione keypoints 3D: could not assign tuple of length 3 to structure with 4 fields.
[superpoint_node-2] [INFO] [1768033865.422679316] [superpoint_node]: Keypoints estratti: 800
[superpoint_node-2] [ERROR] [1768033865.429779725] [superpoint_node]: Errore pubblicazione keypoints 3D: could not assign tuple of length 3 to structure with 4 fields.
[superpoint_node-2] [INFO] [1768033865.522569425] [superpoint_node]: Keypoints estratti: 800
[superpoint_node-2] [ERROR] [1768033865.529468146] [superpoint_node]: Errore pubblicazione keypoints 3D: could not assign tuple of length 3 to structure with 4 fields.
[superpoint_node-2] [INFO] [1768033865.627546074] [superpoint_node]: Keypoints estratti: 800
[superpoint_node-2] [ERROR] [1768033865.634683667] [superpoint_node]: Errore pubblicazione keypoints 3D: could not assign tuple of length 3 to structure with 4 fields.
[rtabmap-14] [INFO] [1768033865.699866185] [rtabmap]: rtabmap (742): Rate=0.50s, Limit=0.001s, Conversion=0.0002s, RTAB-Map=0.0551s, Maps update=0.0005s pub=0.0013s delay=0.1218s (local map=0, WM=0)
[superpoint_node-2] [INFO] [1768033865.730187148] [superpoint_node]: Keypoints estratti: 800
[superpoint_node-2] [ERROR] [1768033865.737414409] [superpoint_node]: Errore pubblicazione keypoints 3D: could not assign tuple of length 3 to structure with 4 fields.
[superpoint_node-2] [INFO] [1768033865.829544808] [superpoint_node]: Keypoints estratti: 800
[superpoint_node-2] [ERROR] [1768033865.836541975] [superpoint_node]: Errore pubblicazione keypoints 3D: could not assign tuple of length 3 to structure with 4 fields.
[superpoint_node-2] [INFO] [1768033865.927467308] [superpoint_node]: Keypoints estratti: 800
[superpoint_node-2] [ERROR] [1768033865.934343566] [superpoint_node]: Errore pubblicazione keypoints 3D: could not assign tuple of length 3 to structure with 4 fields.
[superpoint_node-2] [INFO] [1768033866.025954016] [superpoint_node]: Keypoints estratti: 800
[superpoint_node-2] [ERROR] [1768033866.033017591] [superpoint_node]: Errore pubblicazione keypoints 3D: could not assign tuple of length 3 to structure with 4 fields.
[superpoint_node-2] [INFO] [1768033866.123667959] [superpoint_node]: Keypoints estratti: 800
[superpoint_node-2] [ERROR] [1768033866.130747238] [superpoint_node]: Errore pubblicazione keypoints 3D: could not assign tuple of length 3 to structure with 4 fields.
[superpoint_node-2] [INFO] [1768033866.226369498] [superpoint_node]: Keypoints estratti: 800
[superpoint_node-2] [ERROR] [1768033866.233396924] [superpoint_node]: Errore pubblicazione keypoints 3D: could not assign tuple of length 3 to structure with 4 fields.
[rtabmap-14] [INFO] [1768033866.261535407] [rtabmap]: rtabmap (743): Rate=0.50s, Limit=0.001s, Conversion=0.0002s, RTAB-Map=0.0490s, Maps update=0.0006s pub=0.0014s delay=0.0875s (local map=0, WM=0)
[superpoint_node-2] [INFO] [1768033866.326371644] [superpoint_node]: Keypoints estratti: 800
[superpoint_node-2] [ERROR] [1768033866.333321792] [superpoint_node]: Errore pubblicazione keypoints 3D: could not assign tuple of length 3 to structure with 4 fields.
[superpoint_node-2] [INFO] [1768033866.424583072] [superpoint_node]: Keypoints estratti: 800
[superpoint_node-2] [ERROR] [1768033866.431927668] [superpoint_node]: Errore pubblicazione keypoints 3D: could not assign tuple of length 3 to structure with 4 fields.
[superpoint_node-2] [INFO] [1768033866.519936719] [superpoint_node]: Keypoints estratti: 800
[superpoint_node-2] [ERROR] [1768033866.527116831] [superpoint_node]: Errore pubblicazione keypoints 3D: could not assign tuple of length 3 to structure with 4 fields.
[superpoint_node-2] [INFO] [1768033866.619470158] [superpoint_node]: Keypoints estratti: 800
[superpoint_node-2] [ERROR] [1768033866.626468787] [superpoint_node]: Errore pubblicazione keypoints 3D: could not assign tuple of length 3 to structure with 4 fields.
[superpoint_node-2] [INFO] [1768033866.718182405] [superpoint_node]: Keypoints estratti: 800
[superpoint_node-2] [ERROR] [1768033866.725245924] [superpoint_node]: Errore pubblicazione keypoints 3D: could not assign tuple of length 3 to structure with 4 fields.
[superpoint_node-2] [INFO] [1768033866.852655658] [superpoint_node]: Keypoints estratti: 800
[superpoint_node-2] [ERROR] [1768033866.860660926] [superpoint_node]: Errore pubblicazione keypoints 3D: could not assign tuple of length 3 to structure with 4 fields.
[rtabmap-14] [INFO] [1768033866.895713834] [rtabmap]: rtabmap (744): Rate=0.50s, Limit=0.001s, Conversion=0.0006s, RTAB-Map=0.0471s, Maps update=0.0009s pub=0.0013s delay=0.0926s (local map=0, WM=0)
[superpoint_node-2] [INFO] [1768033866.955976738] [superpoint_node]: Keypoints estratti: 800
[superpoint_node-2] [ERROR] [1768033866.963080480] [superpoint_node]: Errore pubblicazione keypoints 3D: could not assign tuple of length 3 to structure with 4 fields.
[superpoint_node-2] [INFO] [1768033867.056459963] [superpoint_node]: Keypoints estratti: 800
[superpoint_node-2] [ERROR] [1768033867.063650557] [superpoint_node]: Errore pubblicazione keypoints 3D: could not assign tuple of length 3 to structure with 4 fields.
[superpoint_node-2] [INFO] [1768033867.155108802] [superpoint_node]: Keypoints estratti: 800
[superpoint_node-2] [ERROR] [1768033867.162437360] [superpoint_node]: Errore pubblicazione keypoints 3D: could not assign tuple of length 3 to structure with 4 fields.
[superpoint_node-2] [INFO] [1768033867.254959077] [superpoint_node]: Keypoints estratti: 800
[superpoint_node-2] [ERROR] [1768033867.261878891] [superpoint_node]: Errore pubblicazione keypoints 3D: could not assign tuple of length 3 to structure with 4 fields.
[superpoint_node-2] [INFO] [1768033867.353563675] [superpoint_node]: Keypoints estratti: 800
[superpoint_node-2] [ERROR] [1768033867.360745491] [superpoint_node]: Errore pubblicazione keypoints 3D: could not assign tuple of length 3 to structure with 4 fields.
[rtabmap-14] [INFO] [1768033867.390390338] [rtabmap]: rtabmap (745): Rate=0.50s, Limit=0.001s, Conversion=0.0013s, RTAB-Map=0.0413s, Maps update=0.0003s pub=0.0013s delay=0.0866s (local map=0, WM=0)
[superpoint_node-2] [INFO] [1768033867.455744653] [superpoint_node]: Keypoints estratti: 800
[superpoint_node-2] [ERROR] [1768033867.462924599] [superpoint_node]: Errore pubblicazione keypoints 3D: could not assign tuple of length 3 to structure with 4 fields.
[superpoint_node-2] [INFO] [1768033867.555932857] [superpoint_node]: Keypoints estratti: 800
[superpoint_node-2] [ERROR] [1768033867.562676540] [superpoint_node]: Errore pubblicazione keypoints 3D: could not assign tuple of length 3 to structure with 4 fields.
[superpoint_node-2] [INFO] [1768033867.659229937] [superpoint_node]: Keypoints estratti: 800
[superpoint_node-2] [ERROR] [1768033867.665916601] [superpoint_node]: Errore pubblicazione keypoints 3D: could not assign tuple of length 3 to structure with 4 fields.
[superpoint_node-2] [INFO] [1768033867.755114384] [superpoint_node]: Keypoints estratti: 800
[superpoint_node-2] [ERROR] [1768033867.762082883] [superpoint_node]: Errore pubblicazione keypoints 3D: could not assign tuple of length 3 to structure with 4 fields.
[superpoint_node-2] [INFO] [1768033867.852803660] [superpoint_node]: Keypoints estratti: 800
[superpoint_node-2] [ERROR] [1768033867.859849419] [superpoint_node]: Errore pubblicazione keypoints 3D: could not assign tuple of length 3 to structure with 4 fields.
[rtabmap-14] [INFO] [1768033867.944041070] [rtabmap]: rtabmap (746): Rate=0.50s, Limit=0.001s, Conversion=0.0002s, RTAB-Map=0.0250s, Maps update=0.0004s pub=0.0017s delay=0.0423s (local map=0, WM=0)
[superpoint_node-2] [INFO] [1768033867.957950402] [superpoint_node]: Keypoints estratti: 800
[superpoint_node-2] [ERROR] [1768033867.964741382] [superpoint_node]: Errore pubblicazione keypoints 3D: could not assign tuple of length 3 to structure with 4 fields.
[superpoint_node-2] [INFO] [1768033868.056300258] [superpoint_node]: Keypoints estratti: 800
[superpoint_node-2] [ERROR] [1768033868.063194553] [superpoint_node]: Errore pubblicazione keypoints 3D: could not assign tuple of length 3 to structure with 4 fields.
[rtabmap-14] [33m[ WARN] (2026-01-10 09:31:03.563) MapsManager.cpp:863::publishMaps() Graph has changed! The whole cloud is regenerated.[0m
[rtabmap-14] [33m[ WARN] (2026-01-10 09:31:03.564) OccupancyGrid.cpp:169::getProbMap() Map info is empty, cannot generate probabilistic occupancy grid[0m
[rtabmap-14] [33m[ WARN] (2026-01-10 09:31:04.042) MapsManager.cpp:863::publishMaps() Graph has changed! The whole cloud is regenerated.[0m
[rtabmap-14] [33m[ WARN] (2026-01-10 09:31:04.043) OccupancyGrid.cpp:169::getProbMap() Map info is empty, cannot generate probabilistic occupancy grid[0m
[rtabmap-14] [33m[ WARN] (2026-01-10 09:31:04.598) MapsManager.cpp:863::publishMaps() Graph has changed! The whole cloud is regenerated.[0m
[rtabmap-14] [33m[ WARN] (2026-01-10 09:31:04.601) OccupancyGrid.cpp:169::getProbMap() Map info is empty, cannot generate probabilistic occupancy grid[0m
[rtabmap-14] [33m[ WARN] (2026-01-10 09:31:05.163) MapsManager.cpp:863::publishMaps() Graph has changed! The whole cloud is regenerated.[0m
[rtabmap-14] [33m[ WARN] (2026-01-10 09:31:05.164) OccupancyGrid.cpp:169::getProbMap() Map info is empty, cannot generate probabilistic occupancy grid[0m
[rtabmap-14] [33m[ WARN] (2026-01-10 09:31:05.698) MapsManager.cpp:863::publishMaps() Graph has changed! The whole cloud is regenerated.[0m
[rtabmap-14] [33m[ WARN] (2026-01-10 09:31:05.699) OccupancyGrid.cpp:169::getProbMap() Map info is empty, cannot generate probabilistic occupancy grid[0m
[rtabmap-14] [33m[ WARN] (2026-01-10 09:31:06.260) MapsManager.cpp:863::publishMaps() Graph has changed! The whole cloud is regenerated.[0m
[rtabmap-14] [33m[ WARN] (2026-01-10 09:31:06.260) OccupancyGrid.cpp:169::getProbMap() Map info is empty, cannot generate probabilistic occupancy grid[0m
[rtabmap-14] [33m[ WARN] (2026-01-10 09:31:06.894) MapsManager.cpp:863::publishMaps() Graph has changed! The whole cloud is regenerated.[0m
[rtabmap-14] [33m[ WARN] (2026-01-10 09:31:06.895) OccupancyGrid.cpp:169::getProbMap() Map info is empty, cannot generate probabilistic occupancy grid[0m
[rtabmap-14] [33m[ WARN] (2026-01-10 09:31:07.389) MapsManager.cpp:863::publishMaps() Graph has changed! The whole cloud is regenerated.[0m
[rtabmap-14] [33m[ WARN] (2026-01-10 09:31:07.389) OccupancyGrid.cpp:169::getProbMap() Map info is empty, cannot generate probabilistic occupancy grid[0m
[rtabmap-14] [33m[ WARN] (2026-01-10 09:31:07.942) MapsManager.cpp:863::publishMaps() Graph has changed! The whole cloud is regenerated.[0m
[rtabmap-14] [33m[ WARN] (2026-01-10 09:31:07.943) OccupancyGrid.cpp:169::getProbMap() Map info is empty, cannot generate probabilistic occupancy grid[0m
[superpoint_node-2] [INFO] [1768033868.155261044] [superpoint_node]: Keypoints estratti: 800
[superpoint_node-2] [ERROR] [1768033868.162212803] [superpoint_node]: Errore pubblicazione keypoints 3D: could not assign tuple of length 3 to structure with 4 fields.
[superpoint_node-2] [INFO] [1768033868.251282511] [superpoint_node]: Keypoints estratti: 800
[superpoint_node-2] [ERROR] [1768033868.257966582] [superpoint_node]: Errore pubblicazione keypoints 3D: could not assign tuple of length 3 to structure with 4 fields.
[superpoint_node-2] [INFO] [1768033868.351081396] [superpoint_node]: Keypoints estratti: 800
[superpoint_node-2] [ERROR] [1768033868.358599511] [superpoint_node]: Errore pubblicazione keypoints 3D: could not assign tuple of length 3 to structure with 4 fields.
[superpoint_node-2] [INFO] [1768033868.447430125] [superpoint_node]: Keypoints estratti: 800
[superpoint_node-2] [ERROR] [1768033868.454204197] [superpoint_node]: Errore pubblicazione keypoints 3D: could not assign tuple of length 3 to structure with 4 fields.
[superpoint_node-2] [INFO] [1768033868.551765379] [superpoint_node]: Keypoints estratti: 800
[superpoint_node-2] [ERROR] [1768033868.559169679] [superpoint_node]: Errore pubblicazione keypoints 3D: could not assign tuple of length 3 to structure with 4 fields.
[rtabmap-14] [INFO] [1768033868.571639297] [rtabmap]: rtabmap (747): Rate=0.50s, Limit=0.001s, Conversion=0.0002s, RTAB-Map=0.0465s, Maps update=0.0012s pub=0.0057s delay=0.0737s (local map=0, WM=0)
[superpoint_node-2] [INFO] [1768033868.651761933] [superpoint_node]: Keypoints estratti: 800
[superpoint_node-2] [ERROR] [1768033868.658786433] [superpoint_node]: Errore pubblicazione keypoints 3D: could not assign tuple of length 3 to structure with 4 fields.
[superpoint_node-2] [INFO] [1768033868.753418833] [superpoint_node]: Keypoints estratti: 800
[superpoint_node-2] [ERROR] [1768033868.760988227] [superpoint_node]: Errore pubblicazione keypoints 3D: could not assign tuple of length 3 to structure with 4 fields.
[superpoint_node-2] [INFO] [1768033868.852642899] [superpoint_node]: Keypoints estratti: 800
[superpoint_node-2] [ERROR] [1768033868.859649881] [superpoint_node]: Errore pubblicazione keypoints 3D: could not assign tuple of length 3 to structure with 4 fields.
[superpoint_node-2] [INFO] [1768033868.951521407] [superpoint_node]: Keypoints estratti: 800
[superpoint_node-2] [ERROR] [1768033868.958366554] [superpoint_node]: Errore pubblicazione keypoints 3D: could not assign tuple of length 3 to structure with 4 fields.
[rtabmap-14] [INFO] [1768033869.043797214] [rtabmap]: rtabmap (748): Rate=0.50s, Limit=0.001s, Conversion=0.0002s, RTAB-Map=0.0280s, Maps update=0.0005s pub=0.0019s delay=0.0435s (local map=0, WM=0)
[superpoint_node-2] [INFO] [1768033869.058212384] [superpoint_node]: Keypoints estratti: 800
[superpoint_node-2] [ERROR] [1768033869.065056291] [superpoint_node]: Errore pubblicazione keypoints 3D: could not assign tuple of length 3 to structure with 4 fields.
[foxglove_bridge-12] [INFO] [1768033869.093414886] [foxglove_bridge]: received unsubscribe request for channel 12
[foxglove_bridge-12] [INFO] [1768033869.093522702] [foxglove_bridge]: Cleaned up subscription to topic /superpoint/debug_image/compressed for client 1 on channel 12
[foxglove_bridge-12] [INFO] [1768033869.136685712] [foxglove_bridge]: publishing connection graph
[superpoint_node-2] [INFO] [1768033869.160429808] [superpoint_node]: Keypoints estratti: 800
[superpoint_node-2] [ERROR] [1768033869.167215213] [superpoint_node]: Errore pubblicazione keypoints 3D: could not assign tuple of length 3 to structure with 4 fields.
[superpoint_node-2] [INFO] [1768033869.256605738] [superpoint_node]: Keypoints estratti: 800
[superpoint_node-2] [ERROR] [1768033869.263586775] [superpoint_node]: Errore pubblicazione keypoints 3D: could not assign tuple of length 3 to structure with 4 fields.
[superpoint_node-2] [INFO] [1768033869.356981295] [superpoint_node]: Keypoints estratti: 800
[superpoint_node-2] [ERROR] [1768033869.363936610] [superpoint_node]: Errore pubblicazione keypoints 3D: could not assign tuple of length 3 to structure with 4 fields.
[superpoint_node-2] [INFO] [1768033869.458393879] [superpoint_node]: Keypoints estratti: 800
[superpoint_node-2] [ERROR] [1768033869.465278767] [superpoint_node]: Errore pubblicazione keypoints 3D: could not assign tuple of length 3 to structure with 4 fields.
[superpoint_node-2] [INFO] [1768033869.562640503] [superpoint_node]: Keypoints estratti: 800
[superpoint_node-2] [ERROR] [1768033869.570972088] [superpoint_node]: Errore pubblicazione keypoints 3D: could not assign tuple of length 3 to structure with 4 fields.
[rtabmap-14] [INFO] [1768033869.604006313] [rtabmap]: rtabmap (749): Rate=0.50s, Limit=0.001s, Conversion=0.0005s, RTAB-Map=0.0496s, Maps update=0.0012s pub=0.0034s delay=0.0969s (local map=0, WM=0)
[foxglove_bridge-12] [INFO] [1768033869.660600281] [foxglove_bridge]: publishing connection graph
[superpoint_node-2] [INFO] [1768033869.671332107] [superpoint_node]: Keypoints estratti: 800
[superpoint_node-2] [ERROR] [1768033869.678999613] [superpoint_node]: Errore pubblicazione keypoints 3D: could not assign tuple of length 3 to structure with 4 fields.
[superpoint_node-2] [INFO] [1768033869.769096773] [superpoint_node]: Keypoints estratti: 800
[superpoint_node-2] [ERROR] [1768033869.777586229] [superpoint_node]: Errore pubblicazione keypoints 3D: could not assign tuple of length 3 to structure with 4 fields.
[superpoint_node-2] [INFO] [1768033869.869021326] [superpoint_node]: Keypoints estratti: 800
[superpoint_node-2] [ERROR] [1768033869.876325162] [superpoint_node]: Errore pubblicazione keypoints 3D: could not assign tuple of length 3 to structure with 4 fields.
[superpoint_node-2] [INFO] [1768033869.970204371] [superpoint_node]: Keypoints estratti: 800
[superpoint_node-2] [ERROR] [1768033869.977460540] [superpoint_node]: Errore pubblicazione keypoints 3D: could not assign tuple of length 3 to structure with 4 fields.
[superpoint_node-2] [INFO] [1768033870.069797458] [superpoint_node]: Keypoints estratti: 800
[superpoint_node-2] [ERROR] [1768033870.078663770] [superpoint_node]: Errore pubblicazione keypoints 3D: could not assign tuple of length 3 to structure with 4 fields.
[rtabmap-14] [INFO] [1768033870.086897483] [rtabmap]: rtabmap (750): Rate=0.50s, Limit=0.001s, Conversion=0.0006s, RTAB-Map=0.0401s, Maps update=0.0004s pub=0.0016s delay=0.0685s (local map=0, WM=0)
[superpoint_node-2] [INFO] [1768033870.206569175] [superpoint_node]: Keypoints estratti: 800
[superpoint_node-2] [ERROR] [1768033870.213709250] [superpoint_node]: Errore pubblicazione keypoints 3D: could not assign tuple of length 3 to structure with 4 fields.
[superpoint_node-2] [INFO] [1768033870.302896607] [superpoint_node]: Keypoints estratti: 800
[superpoint_node-2] [ERROR] [1768033870.310485000] [superpoint_node]: Errore pubblicazione keypoints 3D: could not assign tuple of length 3 to structure with 4 fields.
[superpoint_node-2] [INFO] [1768033870.400797144] [superpoint_node]: Keypoints estratti: 800
[superpoint_node-2] [ERROR] [1768033870.408094516] [superpoint_node]: Errore pubblicazione keypoints 3D: could not assign tuple of length 3 to structure with 4 fields.
[foxglove_bridge-12] [INFO] [1768033870.494381684] [foxglove_bridge]: received subscribe request for channel 12 from client 1 (sink 1)
[superpoint_node-2] [INFO] [1768033870.498241603] [superpoint_node]: Keypoints estratti: 800
[superpoint_node-2] [ERROR] [1768033870.507598492] [superpoint_node]: Errore pubblicazione keypoints 3D: could not assign tuple of length 3 to structure with 4 fields.
[foxglove_bridge-12] [INFO] [1768033870.507750808] [foxglove_bridge]: created ROS subscription on /superpoint/debug_image/compressed (sensor_msgs/msg/CompressedImage) successfully for channel 12 (client 1, sink 1)
[foxglove_bridge-12] [INFO] [1768033870.527278982] [foxglove_bridge]: publishing connection graph
[superpoint_node-2] [INFO] [1768033870.598155675] [superpoint_node]: Keypoints estratti: 800
[superpoint_node-2] [ERROR] [1768033870.605624382] [superpoint_node]: Errore pubblicazione keypoints 3D: could not assign tuple of length 3 to structure with 4 fields.
[rtabmap-14] [INFO] [1768033870.670681380] [rtabmap]: rtabmap (751): Rate=0.50s, Limit=0.001s, Conversion=0.0002s, RTAB-Map=0.0504s, Maps update=0.0017s pub=0.0024s delay=0.1201s (local map=0, WM=0)
[superpoint_node-2] [INFO] [1768033870.702268409] [superpoint_node]: Keypoints estratti: 800
[superpoint_node-2] [ERROR] [1768033870.710491549] [superpoint_node]: Errore pubblicazione keypoints 3D: could not assign tuple of length 3 to structure with 4 fields.
[superpoint_node-2] [INFO] [1768033870.818895595] [superpoint_node]: Keypoints estratti: 800
[superpoint_node-2] [ERROR] [1768033870.825862410] [superpoint_node]: Errore pubblicazione keypoints 3D: could not assign tuple of length 3 to structure with 4 fields.
[superpoint_node-2] [INFO] [1768033870.917478934] [superpoint_node]: Keypoints estratti: 800
[superpoint_node-2] [ERROR] [1768033870.924363044] [superpoint_node]: Errore pubblicazione keypoints 3D: could not assign tuple of length 3 to structure with 4 fields.
[superpoint_node-2] [INFO] [1768033871.018333143] [superpoint_node]: Keypoints estratti: 800
[superpoint_node-2] [ERROR] [1768033871.025437866] [superpoint_node]: Errore pubblicazione keypoints 3D: could not assign tuple of length 3 to structure with 4 fields.
[foxglove_bridge-12] [INFO] [1768033871.050676177] [foxglove_bridge]: publishing connection graph
[superpoint_node-2] [INFO] [1768033871.118792255] [superpoint_node]: Keypoints estratti: 800
[superpoint_node-2] [ERROR] [1768033871.126074073] [superpoint_node]: Errore pubblicazione keypoints 3D: could not assign tuple of length 3 to structure with 4 fields.
[rtabmap-14] [INFO] [1768033871.165672295] [rtabmap]: rtabmap (752): Rate=0.50s, Limit=0.001s, Conversion=0.0007s, RTAB-Map=0.0435s, Maps update=0.0003s pub=0.0034s delay=0.0949s (local map=0, WM=0)
[superpoint_node-2] [INFO] [1768033871.220110727] [superpoint_node]: Keypoints estratti: 800
[superpoint_node-2] [ERROR] [1768033871.226909689] [superpoint_node]: Errore pubblicazione keypoints 3D: could not assign tuple of length 3 to structure with 4 fields.
[superpoint_node-2] [INFO] [1768033871.320821953] [superpoint_node]: Keypoints estratti: 800
[superpoint_node-2] [ERROR] [1768033871.327979455] [superpoint_node]: Errore pubblicazione keypoints 3D: could not assign tuple of length 3 to structure with 4 fields.
[superpoint_node-2] [INFO] [1768033871.418470988] [superpoint_node]: Keypoints estratti: 800
[superpoint_node-2] [ERROR] [1768033871.425449173] [superpoint_node]: Errore pubblicazione keypoints 3D: could not assign tuple of length 3 to structure with 4 fields.
[superpoint_node-2] [INFO] [1768033871.518089372] [superpoint_node]: Keypoints estratti: 800
[superpoint_node-2] [ERROR] [1768033871.525050668] [superpoint_node]: Errore pubblicazione keypoints 3D: could not assign tuple of length 3 to structure with 4 fields.
[superpoint_node-2] [INFO] [1768033871.616859324] [superpoint_node]: Keypoints estratti: 800
[superpoint_node-2] [ERROR] [1768033871.624027844] [superpoint_node]: Errore pubblicazione keypoints 3D: could not assign tuple of length 3 to structure with 4 fields.
[superpoint_node-2] [INFO] [1768033871.718941413] [superpoint_node]: Keypoints estratti: 800
[superpoint_node-2] [ERROR] [1768033871.726291471] [superpoint_node]: Errore pubblicazione keypoints 3D: could not assign tuple of length 3 to structure with 4 fields.
[rtabmap-14] [INFO] [1768033871.770139153] [rtabmap]: rtabmap (753): Rate=0.50s, Limit=0.001s, Conversion=0.0002s, RTAB-Map=0.0452s, Maps update=0.0009s pub=0.0065s delay=0.1007s (local map=0, WM=0)
[superpoint_node-2] [INFO] [1768033871.823798690] [superpoint_node]: Keypoints estratti: 800
[superpoint_node-2] [ERROR] [1768033871.830902709] [superpoint_node]: Errore pubblicazione keypoints 3D: could not assign tuple of length 3 to structure with 4 fields.
[superpoint_node-2] [INFO] [1768033871.922122786] [superpoint_node]: Keypoints estratti: 800
[superpoint_node-2] [ERROR] [1768033871.929245583] [superpoint_node]: Errore pubblicazione keypoints 3D: could not assign tuple of length 3 to structure with 4 fields.
[superpoint_node-2] [INFO] [1768033872.019702487] [superpoint_node]: Keypoints estratti: 800
[superpoint_node-2] [ERROR] [1768033872.026924452] [superpoint_node]: Errore pubblicazione keypoints 3D: could not assign tuple of length 3 to structure with 4 fields.
[superpoint_node-2] [INFO] [1768033872.119222334] [superpoint_node]: Keypoints estratti: 800
[superpoint_node-2] [ERROR] [1768033872.126344353] [superpoint_node]: Errore pubblicazione keypoints 3D: could not assign tuple of length 3 to structure with 4 fields.
[superpoint_node-2] [INFO] [1768033872.221988946] [superpoint_node]: Keypoints estratti: 800
[superpoint_node-2] [ERROR] [1768033872.229416468] [superpoint_node]: Errore pubblicazione keypoints 3D: could not assign tuple of length 3 to structure with 4 fields.
[superpoint_node-2] [INFO] [1768033872.320588767] [superpoint_node]: Keypoints estratti: 800
[superpoint_node-2] [ERROR] [1768033872.327943862] [superpoint_node]: Errore pubblicazione keypoints 3D: could not assign tuple of length 3 to structure with 4 fields.
[rtabmap-14] [INFO] [1768033872.362099448] [rtabmap]: rtabmap (754): Rate=0.50s, Limit=0.001s, Conversion=0.0002s, RTAB-Map=0.0417s, Maps update=0.0009s pub=0.0027s delay=0.0918s (local map=0, WM=0)
[superpoint_node-2] [INFO] [1768033872.421651959] [superpoint_node]: Keypoints estratti: 800
[superpoint_node-2] [ERROR] [1768033872.428667274] [superpoint_node]: Errore pubblicazione keypoints 3D: could not assign tuple of length 3 to structure with 4 fields.
[superpoint_node-2] [INFO] [1768033872.519572496] [superpoint_node]: Keypoints estratti: 800
[superpoint_node-2] [ERROR] [1768033872.526542310] [superpoint_node]: Errore pubblicazione keypoints 3D: could not assign tuple of length 3 to structure with 4 fields.
[superpoint_node-2] [INFO] [1768033872.617226883] [superpoint_node]: Keypoints estratti: 800
[superpoint_node-2] [ERROR] [1768033872.624094104] [superpoint_node]: Errore pubblicazione keypoints 3D: could not assign tuple of length 3 to structure with 4 fields.
[superpoint_node-2] [INFO] [1768033872.716901934] [superpoint_node]: Keypoints estratti: 800
[superpoint_node-2] [ERROR] [1768033872.723854193] [superpoint_node]: Errore pubblicazione keypoints 3D: could not assign tuple of length 3 to structure with 4 fields.
[superpoint_node-2] [INFO] [1768033872.818859966] [superpoint_node]: Keypoints estratti: 800
[superpoint_node-2] [ERROR] [1768033872.825895004] [superpoint_node]: Errore pubblicazione keypoints 3D: could not assign tuple of length 3 to structure with 4 fields.
[superpoint_node-2] [INFO] [1768033872.922648920] [superpoint_node]: Keypoints estratti: 800
[superpoint_node-2] [ERROR] [1768033872.931289971] [superpoint_node]: Errore pubblicazione keypoints 3D: could not assign tuple of length 3 to structure with 4 fields.
[rtabmap-14] [INFO] [1768033872.965856467] [rtabmap]: rtabmap (755): Rate=0.50s, Limit=0.001s, Conversion=0.0014s, RTAB-Map=0.0482s, Maps update=0.0018s pub=0.0046s delay=0.0927s (local map=0, WM=0)
[superpoint_node-2] [INFO] [1768033873.025386181] [superpoint_node]: Keypoints estratti: 800
[superpoint_node-2] [ERROR] [1768033873.032374514] [superpoint_node]: Errore pubblicazione keypoints 3D: could not assign tuple of length 3 to structure with 4 fields.
[superpoint_node-2] [INFO] [1768033873.126315835] [superpoint_node]: Keypoints estratti: 800
[superpoint_node-2] [ERROR] [1768033873.133249020] [superpoint_node]: Errore pubblicazione keypoints 3D: could not assign tuple of length 3 to structure with 4 fields.
[rtabmap-14] [33m[ WARN] (2026-01-10 09:31:08.565) MapsManager.cpp:863::publishMaps() Graph has changed! The whole cloud is regenerated.[0m
[rtabmap-14] [33m[ WARN] (2026-01-10 09:31:08.569) OccupancyGrid.cpp:169::getProbMap() Map info is empty, cannot generate probabilistic occupancy grid[0m
[rtabmap-14] [33m[ WARN] (2026-01-10 09:31:09.041) MapsManager.cpp:863::publishMaps() Graph has changed! The whole cloud is regenerated.[0m
[rtabmap-14] [33m[ WARN] (2026-01-10 09:31:09.043) OccupancyGrid.cpp:169::getProbMap() Map info is empty, cannot generate probabilistic occupancy grid[0m
[rtabmap-14] [33m[ WARN] (2026-01-10 09:31:09.600) MapsManager.cpp:863::publishMaps() Graph has changed! The whole cloud is regenerated.[0m
[rtabmap-14] [33m[ WARN] (2026-01-10 09:31:09.602) OccupancyGrid.cpp:169::getProbMap() Map info is empty, cannot generate probabilistic occupancy grid[0m
[rtabmap-14] [33m[ WARN] (2026-01-10 09:31:10.085) MapsManager.cpp:863::publishMaps() Graph has changed! The whole cloud is regenerated.[0m
[rtabmap-14] [33m[ WARN] (2026-01-10 09:31:10.086) OccupancyGrid.cpp:169::getProbMap() Map info is empty, cannot generate probabilistic occupancy grid[0m
[rtabmap-14] [33m[ WARN] (2026-01-10 09:31:10.668) MapsManager.cpp:863::publishMaps() Graph has changed! The whole cloud is regenerated.[0m
[rtabmap-14] [33m[ WARN] (2026-01-10 09:31:10.669) OccupancyGrid.cpp:169::getProbMap() Map info is empty, cannot generate probabilistic occupancy grid[0m
[rtabmap-14] [33m[ WARN] (2026-01-10 09:31:11.162) MapsManager.cpp:863::publishMaps() Graph has changed! The whole cloud is regenerated.[0m
[rtabmap-14] [33m[ WARN] (2026-01-10 09:31:11.164) OccupancyGrid.cpp:169::getProbMap() Map info is empty, cannot generate probabilistic occupancy grid[0m
[rtabmap-14] [33m[ WARN] (2026-01-10 09:31:11.763) MapsManager.cpp:863::publishMaps() Graph has changed! The whole cloud is regenerated.[0m
[rtabmap-14] [33m[ WARN] (2026-01-10 09:31:11.766) OccupancyGrid.cpp:169::getProbMap() Map info is empty, cannot generate probabilistic occupancy grid[0m
[rtabmap-14] [33m[ WARN] (2026-01-10 09:31:12.359) MapsManager.cpp:863::publishMaps() Graph has changed! The whole cloud is regenerated.[0m
[rtabmap-14] [33m[ WARN] (2026-01-10 09:31:12.361) OccupancyGrid.cpp:169::getProbMap() Map info is empty, cannot generate probabilistic occupancy grid[0m
[rtabmap-14] [33m[ WARN] (2026-01-10 09:31:12.961) MapsManager.cpp:863::publishMaps() Graph has changed! The whole cloud is regenerated.[0m
[rtabmap-14] [33m[ WARN] (2026-01-10 09:31:12.963) OccupancyGrid.cpp:169::getProbMap() Map info is empty, cannot generate probabilistic occupancy grid[0m
[superpoint_node-2] [INFO] [1768033873.225646550] [superpoint_node]: Keypoints estratti: 800
[superpoint_node-2] [ERROR] [1768033873.232520901] [superpoint_node]: Errore pubblicazione keypoints 3D: could not assign tuple of length 3 to structure with 4 fields.
[superpoint_node-2] [INFO] [1768033873.323549180] [superpoint_node]: Keypoints estratti: 800
[superpoint_node-2] [ERROR] [1768033873.330167640] [superpoint_node]: Errore pubblicazione keypoints 3D: could not assign tuple of length 3 to structure with 4 fields.
[superpoint_node-2] [INFO] [1768033873.452128053] [superpoint_node]: Keypoints estratti: 800
[superpoint_node-2] [ERROR] [1768033873.459383444] [superpoint_node]: Errore pubblicazione keypoints 3D: could not assign tuple of length 3 to structure with 4 fields.
[rtabmap-14] [INFO] [1768033873.480659687] [rtabmap]: rtabmap (756): Rate=0.50s, Limit=0.001s, Conversion=0.0003s, RTAB-Map=0.0301s, Maps update=0.0003s pub=0.0011s delay=0.0744s (local map=0, WM=0)
[superpoint_node-2] [INFO] [1768033873.550050776] [superpoint_node]: Keypoints estratti: 800
[superpoint_node-2] [ERROR] [1768033873.556726866] [superpoint_node]: Errore pubblicazione keypoints 3D: could not assign tuple of length 3 to structure with 4 fields.
[foxglove_bridge-12] [INFO] [1768033873.583369929] [foxglove_bridge]: received unsubscribe request for channel 16
[foxglove_bridge-12] [INFO] [1768033873.583479263] [foxglove_bridge]: Cleaned up subscription to topic /out for client 1 on channel 16
[foxglove_bridge-12] [INFO] [1768033873.626792052] [foxglove_bridge]: publishing connection graph
[superpoint_node-2] [INFO] [1768033873.652088994] [superpoint_node]: Keypoints estratti: 800
[superpoint_node-2] [ERROR] [1768033873.659568646] [superpoint_node]: Errore pubblicazione keypoints 3D: could not assign tuple of length 3 to structure with 4 fields.
[superpoint_node-2] [INFO] [1768033873.746263075] [superpoint_node]: Keypoints estratti: 800
[superpoint_node-2] [ERROR] [1768033873.753278464] [superpoint_node]: Errore pubblicazione keypoints 3D: could not assign tuple of length 3 to structure with 4 fields.
[superpoint_node-2] [INFO] [1768033873.916420983] [superpoint_node]: Keypoints estratti: 800
[superpoint_node-2] [ERROR] [1768033873.923194222] [superpoint_node]: Errore pubblicazione keypoints 3D: could not assign tuple of length 3 to structure with 4 fields.
[superpoint_node-2] [INFO] [1768033874.017958826] [superpoint_node]: Keypoints estratti: 800
[superpoint_node-2] [ERROR] [1768033874.024848918] [superpoint_node]: Errore pubblicazione keypoints 3D: could not assign tuple of length 3 to structure with 4 fields.
[rtabmap-14] [INFO] [1768033874.064668049] [rtabmap]: rtabmap (757): Rate=0.50s, Limit=0.001s, Conversion=0.0006s, RTAB-Map=0.0427s, Maps update=0.0016s pub=0.0023s delay=0.0953s (local map=0, WM=0)
[superpoint_node-2] [INFO] [1768033874.119996859] [superpoint_node]: Keypoints estratti: 800
[superpoint_node-2] [ERROR] [1768033874.126649709] [superpoint_node]: Errore pubblicazione keypoints 3D: could not assign tuple of length 3 to structure with 4 fields.
[foxglove_bridge-12] [INFO] [1768033874.145452710] [foxglove_bridge]: publishing connection graph
[superpoint_node-2] [INFO] [1768033874.219583891] [superpoint_node]: Keypoints estratti: 800
[superpoint_node-2] [ERROR] [1768033874.226180536] [superpoint_node]: Errore pubblicazione keypoints 3D: could not assign tuple of length 3 to structure with 4 fields.
[superpoint_node-2] [INFO] [1768033874.319660909] [superpoint_node]: Keypoints estratti: 800
[superpoint_node-2] [ERROR] [1768033874.327118561] [superpoint_node]: Errore pubblicazione keypoints 3D: could not assign tuple of length 3 to structure with 4 fields.
[superpoint_node-2] [INFO] [1768033874.418546361] [superpoint_node]: Keypoints estratti: 800
[superpoint_node-2] [ERROR] [1768033874.425101506] [superpoint_node]: Errore pubblicazione keypoints 3D: could not assign tuple of length 3 to structure with 4 fields.
[superpoint_node-2] [INFO] [1768033874.514866941] [superpoint_node]: Keypoints estratti: 800
[superpoint_node-2] [ERROR] [1768033874.521772015] [superpoint_node]: Errore pubblicazione keypoints 3D: could not assign tuple of length 3 to structure with 4 fields.
[rtabmap-14] [INFO] [1768033874.567260820] [rtabmap]: rtabmap (758): Rate=0.50s, Limit=0.001s, Conversion=0.0013s, RTAB-Map=0.0436s, Maps update=0.0011s pub=0.0052s delay=0.0978s (local map=0, WM=0)
[superpoint_node-2] [INFO] [1768033874.617617091] [superpoint_node]: Keypoints estratti: 800
[superpoint_node-2] [ERROR] [1768033874.624922723] [superpoint_node]: Errore pubblicazione keypoints 3D: could not assign tuple of length 3 to structure with 4 fields.
[superpoint_node-2] [INFO] [1768033874.715570184] [superpoint_node]: Keypoints estratti: 800
[superpoint_node-2] [ERROR] [1768033874.722188644] [superpoint_node]: Errore pubblicazione keypoints 3D: could not assign tuple of length 3 to structure with 4 fields.
[foxglove_bridge-12] [INFO] [1768033874.758391858] [foxglove_bridge]: received subscribe request for channel 16 from client 1 (sink 1)
[foxglove_bridge-12] [INFO] [1768033874.763229340] [foxglove_bridge]: created ROS subscription on /out (sensor_msgs/msg/Image) successfully for channel 16 (client 1, sink 1)
[foxglove_bridge-12] [INFO] [1768033874.788777117] [foxglove_bridge]: publishing connection graph
[superpoint_node-2] [INFO] [1768033874.818838467] [superpoint_node]: Keypoints estratti: 800
[superpoint_node-2] [ERROR] [1768033874.825615484] [superpoint_node]: Errore pubblicazione keypoints 3D: could not assign tuple of length 3 to structure with 4 fields.
[superpoint_node-2] [INFO] [1768033874.917354750] [superpoint_node]: Keypoints estratti: 800
[superpoint_node-2] [ERROR] [1768033874.924831661] [superpoint_node]: Errore pubblicazione keypoints 3D: could not assign tuple of length 3 to structure with 4 fields.
[superpoint_node-2] [INFO] [1768033875.019569618] [superpoint_node]: Keypoints estratti: 800
[superpoint_node-2] [ERROR] [1768033875.026797434] [superpoint_node]: Errore pubblicazione keypoints 3D: could not assign tuple of length 3 to structure with 4 fields.
[rtabmap-14] [INFO] [1768033875.059724659] [rtabmap]: rtabmap (759): Rate=0.50s, Limit=0.001s, Conversion=0.0003s, RTAB-Map=0.0444s, Maps update=0.0006s pub=0.0014s delay=0.0902s (local map=0, WM=0)
[superpoint_node-2] [INFO] [1768033875.119566783] [superpoint_node]: Keypoints estratti: 800
[superpoint_node-2] [ERROR] [1768033875.126954230] [superpoint_node]: Errore pubblicazione keypoints 3D: could not assign tuple of length 3 to structure with 4 fields.
[superpoint_node-2] [INFO] [1768033875.220349657] [superpoint_node]: Keypoints estratti: 800
[superpoint_node-2] [ERROR] [1768033875.227077155] [superpoint_node]: Errore pubblicazione keypoints 3D: could not assign tuple of length 3 to structure with 4 fields.
[foxglove_bridge-12] [INFO] [1768033875.313414675] [foxglove_bridge]: publishing connection graph
[superpoint_node-2] [INFO] [1768033875.319173350] [superpoint_node]: Keypoints estratti: 800
[superpoint_node-2] [ERROR] [1768033875.325868422] [superpoint_node]: Errore pubblicazione keypoints 3D: could not assign tuple of length 3 to structure with 4 fields.
[superpoint_node-2] [INFO] [1768033875.415369114] [superpoint_node]: Keypoints estratti: 800
[superpoint_node-2] [ERROR] [1768033875.422195761] [superpoint_node]: Errore pubblicazione keypoints 3D: could not assign tuple of length 3 to structure with 4 fields.
[superpoint_node-2] [INFO] [1768033875.517396444] [superpoint_node]: Keypoints estratti: 800
[superpoint_node-2] [ERROR] [1768033875.524262239] [superpoint_node]: Errore pubblicazione keypoints 3D: could not assign tuple of length 3 to structure with 4 fields.
[superpoint_node-2] [INFO] [1768033875.618908713] [superpoint_node]: Keypoints estratti: 800
[superpoint_node-2] [ERROR] [1768033875.627101630] [superpoint_node]: Errore pubblicazione keypoints 3D: could not assign tuple of length 3 to structure with 4 fields.
[rtabmap-14] [INFO] [1768033875.638739926] [rtabmap]: rtabmap (760): Rate=0.50s, Limit=0.001s, Conversion=0.0005s, RTAB-Map=0.0199s, Maps update=0.0003s pub=0.0017s delay=0.0693s (local map=0, WM=0)
[superpoint_node-2] [INFO] [1768033875.714944143] [superpoint_node]: Keypoints estratti: 800
[superpoint_node-2] [ERROR] [1768033875.721672215] [superpoint_node]: Errore pubblicazione keypoints 3D: could not assign tuple of length 3 to structure with 4 fields.
[superpoint_node-2] [INFO] [1768033875.816617210] [superpoint_node]: Keypoints estratti: 800
[superpoint_node-2] [ERROR] [1768033875.823460931] [superpoint_node]: Errore pubblicazione keypoints 3D: could not assign tuple of length 3 to structure with 4 fields.
[superpoint_node-2] [INFO] [1768033875.922225882] [superpoint_node]: Keypoints estratti: 800
[superpoint_node-2] [ERROR] [1768033875.929093140] [superpoint_node]: Errore pubblicazione keypoints 3D: could not assign tuple of length 3 to structure with 4 fields.
[superpoint_node-2] [INFO] [1768033876.021644876] [superpoint_node]: Keypoints estratti: 800
[superpoint_node-2] [ERROR] [1768033876.028221076] [superpoint_node]: Errore pubblicazione keypoints 3D: could not assign tuple of length 3 to structure with 4 fields.
[superpoint_node-2] [INFO] [1768033876.118980038] [superpoint_node]: Keypoints estratti: 800
[superpoint_node-2] [ERROR] [1768033876.126057539] [superpoint_node]: Errore pubblicazione keypoints 3D: could not assign tuple of length 3 to structure with 4 fields.
[rtabmap-14] [INFO] [1768033876.156013666] [rtabmap]: rtabmap (761): Rate=0.50s, Limit=0.001s, Conversion=0.0006s, RTAB-Map=0.0419s, Maps update=0.0008s pub=0.0015s delay=0.0865s (local map=0, WM=0)
[superpoint_node-2] [INFO] [1768033876.222251951] [superpoint_node]: Keypoints estratti: 800
[superpoint_node-2] [ERROR] [1768033876.228904874] [superpoint_node]: Errore pubblicazione keypoints 3D: could not assign tuple of length 3 to structure with 4 fields.
[superpoint_node-2] [INFO] [1768033876.318882423] [superpoint_node]: Keypoints estratti: 800
[superpoint_node-2] [ERROR] [1768033876.325742273] [superpoint_node]: Errore pubblicazione keypoints 3D: could not assign tuple of length 3 to structure with 4 fields.
[superpoint_node-2] [INFO] [1768033876.415415745] [superpoint_node]: Keypoints estratti: 800
[superpoint_node-2] [ERROR] [1768033876.422104298] [superpoint_node]: Errore pubblicazione keypoints 3D: could not assign tuple of length 3 to structure with 4 fields.
[superpoint_node-2] [INFO] [1768033876.515033240] [superpoint_node]: Keypoints estratti: 800
[superpoint_node-2] [ERROR] [1768033876.521793998] [superpoint_node]: Errore pubblicazione keypoints 3D: could not assign tuple of length 3 to structure with 4 fields.
[superpoint_node-2] [INFO] [1768033876.616814271] [superpoint_node]: Keypoints estratti: 800
[superpoint_node-2] [ERROR] [1768033876.623347453] [superpoint_node]: Errore pubblicazione keypoints 3D: could not assign tuple of length 3 to structure with 4 fields.
[superpoint_node-2] [INFO] [1768033876.717526071] [superpoint_node]: Keypoints estratti: 800
[superpoint_node-2] [ERROR] [1768033876.724570961] [superpoint_node]: Errore pubblicazione keypoints 3D: could not assign tuple of length 3 to structure with 4 fields.
[rtabmap-14] [INFO] [1768033876.772524083] [rtabmap]: rtabmap (762): Rate=0.50s, Limit=0.001s, Conversion=0.0002s, RTAB-Map=0.0506s, Maps update=0.0027s pub=0.0034s delay=0.1031s (local map=0, WM=0)
[superpoint_node-2] [INFO] [1768033876.821966531] [superpoint_node]: Keypoints estratti: 800
[superpoint_node-2] [ERROR] [1768033876.828503675] [superpoint_node]: Errore pubblicazione keypoints 3D: could not assign tuple of length 3 to structure with 4 fields.
[superpoint_node-2] [INFO] [1768033876.919814549] [superpoint_node]: Keypoints estratti: 800
[superpoint_node-2] [ERROR] [1768033876.926632807] [superpoint_node]: Errore pubblicazione keypoints 3D: could not assign tuple of length 3 to structure with 4 fields.
[superpoint_node-2] [INFO] [1768033877.017538548] [superpoint_node]: Keypoints estratti: 800
[superpoint_node-2] [ERROR] [1768033877.024174341] [superpoint_node]: Errore pubblicazione keypoints 3D: could not assign tuple of length 3 to structure with 4 fields.
[superpoint_node-2] [INFO] [1768033877.116407667] [superpoint_node]: Keypoints estratti: 800
[superpoint_node-2] [ERROR] [1768033877.123299796] [superpoint_node]: Errore pubblicazione keypoints 3D: could not assign tuple of length 3 to structure with 4 fields.
[superpoint_node-2] [INFO] [1768033877.217871251] [superpoint_node]: Keypoints estratti: 800
[superpoint_node-2] [ERROR] [1768033877.224896732] [superpoint_node]: Errore pubblicazione keypoints 3D: could not assign tuple of length 3 to structure with 4 fields.
[rtabmap-14] [INFO] [1768033877.264754605] [rtabmap]: rtabmap (763): Rate=0.50s, Limit=0.001s, Conversion=0.0003s, RTAB-Map=0.0481s, Maps update=0.0003s pub=0.0049s delay=0.0952s (local map=0, WM=0)
[superpoint_node-2] [INFO] [1768033877.316068290] [superpoint_node]: Keypoints estratti: 800
[superpoint_node-2] [ERROR] [1768033877.322895233] [superpoint_node]: Errore pubblicazione keypoints 3D: could not assign tuple of length 3 to structure with 4 fields.
[superpoint_node-2] [INFO] [1768033877.448355360] [superpoint_node]: Keypoints estratti: 800
[superpoint_node-2] [ERROR] [1768033877.455271266] [superpoint_node]: Errore pubblicazione keypoints 3D: could not assign tuple of length 3 to structure with 4 fields.
[superpoint_node-2] [INFO] [1768033877.545408964] [superpoint_node]: Keypoints estratti: 800
[superpoint_node-2] [ERROR] [1768033877.553420194] [superpoint_node]: Errore pubblicazione keypoints 3D: could not assign tuple of length 3 to structure with 4 fields.
[superpoint_node-2] [INFO] [1768033877.642141307] [superpoint_node]: Keypoints estratti: 800
[superpoint_node-2] [ERROR] [1768033877.649930721] [superpoint_node]: Errore pubblicazione keypoints 3D: could not assign tuple of length 3 to structure with 4 fields.
[rtabmap-14] [INFO] [1768033877.758222599] [rtabmap]: rtabmap (764): Rate=0.50s, Limit=0.001s, Conversion=0.0002s, RTAB-Map=0.0404s, Maps update=0.0011s pub=0.0045s delay=0.0697s (local map=0, WM=0)
[superpoint_node-2] [INFO] [1768033877.819231232] [superpoint_node]: Keypoints estratti: 800
[superpoint_node-2] [ERROR] [1768033877.826023731] [superpoint_node]: Errore pubblicazione keypoints 3D: could not assign tuple of length 3 to structure with 4 fields.
[superpoint_node-2] [INFO] [1768033877.918863839] [superpoint_node]: Keypoints estratti: 800
[superpoint_node-2] [ERROR] [1768033877.925384631] [superpoint_node]: Errore pubblicazione keypoints 3D: could not assign tuple of length 3 to structure with 4 fields.
[superpoint_node-2] [INFO] [1768033878.018944041] [superpoint_node]: Keypoints estratti: 800
[superpoint_node-2] [ERROR] [1768033878.026463157] [superpoint_node]: Errore pubblicazione keypoints 3D: could not assign tuple of length 3 to structure with 4 fields.
[superpoint_node-2] [INFO] [1768033878.119882454] [superpoint_node]: Keypoints estratti: 800
[superpoint_node-2] [ERROR] [1768033878.126902714] [superpoint_node]: Errore pubblicazione keypoints 3D: could not assign tuple of length 3 to structure with 4 fields.
[rtabmap-14] [33m[ WARN] (2026-01-10 09:31:13.479) MapsManager.cpp:863::publishMaps() Graph has changed! The whole cloud is regenerated.[0m
[rtabmap-14] [33m[ WARN] (2026-01-10 09:31:13.480) OccupancyGrid.cpp:169::getProbMap() Map info is empty, cannot generate probabilistic occupancy grid[0m
[rtabmap-14] [33m[ WARN] (2026-01-10 09:31:13.805) CoreWrapper.cpp:1227::odomTFUpdate() Odometry is reset (identity pose detected). Increment map id![0m
[rtabmap-14] [33m[ WARN] (2026-01-10 09:31:14.062) MapsManager.cpp:863::publishMaps() Graph has changed! The whole cloud is regenerated.[0m
[rtabmap-14] [33m[ WARN] (2026-01-10 09:31:14.062) OccupancyGrid.cpp:169::getProbMap() Map info is empty, cannot generate probabilistic occupancy grid[0m
[rtabmap-14] [33m[ WARN] (2026-01-10 09:31:14.562) MapsManager.cpp:863::publishMaps() Graph has changed! The whole cloud is regenerated.[0m
[rtabmap-14] [33m[ WARN] (2026-01-10 09:31:14.564) OccupancyGrid.cpp:169::getProbMap() Map info is empty, cannot generate probabilistic occupancy grid[0m
[rtabmap-14] [33m[ WARN] (2026-01-10 09:31:15.058) MapsManager.cpp:863::publishMaps() Graph has changed! The whole cloud is regenerated.[0m
[rtabmap-14] [33m[ WARN] (2026-01-10 09:31:15.058) OccupancyGrid.cpp:169::getProbMap() Map info is empty, cannot generate probabilistic occupancy grid[0m
[rtabmap-14] [33m[ WARN] (2026-01-10 09:31:15.636) MapsManager.cpp:863::publishMaps() Graph has changed! The whole cloud is regenerated.[0m
[rtabmap-14] [33m[ WARN] (2026-01-10 09:31:15.638) OccupancyGrid.cpp:169::getProbMap() Map info is empty, cannot generate probabilistic occupancy grid[0m
[rtabmap-14] [33m[ WARN] (2026-01-10 09:31:16.154) MapsManager.cpp:863::publishMaps() Graph has changed! The whole cloud is regenerated.[0m
[rtabmap-14] [33m[ WARN] (2026-01-10 09:31:16.155) OccupancyGrid.cpp:169::getProbMap() Map info is empty, cannot generate probabilistic occupancy grid[0m
[rtabmap-14] [33m[ WARN] (2026-01-10 09:31:16.769) MapsManager.cpp:863::publishMaps() Graph has changed! The whole cloud is regenerated.[0m
[rtabmap-14] [33m[ WARN] (2026-01-10 09:31:16.769) OccupancyGrid.cpp:169::getProbMap() Map info is empty, cannot generate probabilistic occupancy grid[0m
[rtabmap-14] [33m[ WARN] (2026-01-10 09:31:17.259) MapsManager.cpp:863::publishMaps() Graph has changed! The whole cloud is regenerated.[0m
[rtabmap-14] [33m[ WARN] (2026-01-10 09:31:17.262) OccupancyGrid.cpp:169::getProbMap() Map info is empty, cannot generate probabilistic occupancy grid[0m
[rtabmap-14] [33m[ WARN] (2026-01-10 09:31:17.753) MapsManager.cpp:863::publishMaps() Graph has changed! The whole cloud is regenerated.[0m
[rtabmap-14] [33m[ WARN] (2026-01-10 09:31:17.756) OccupancyGrid.cpp:169::getProbMap() Map info is empty, cannot generate probabilistic occupancy grid[0m
[superpoint_node-2] [INFO] [1768033878.218830389] [superpoint_node]: Keypoints estratti: 800
[superpoint_node-2] [ERROR] [1768033878.225482608] [superpoint_node]: Errore pubblicazione keypoints 3D: could not assign tuple of length 3 to structure with 4 fields.
[superpoint_node-2] [INFO] [1768033878.317095207] [superpoint_node]: Keypoints estratti: 800
[superpoint_node-2] [ERROR] [1768033878.324656822] [superpoint_node]: Errore pubblicazione keypoints 3D: could not assign tuple of length 3 to structure with 4 fields.
[rtabmap-14] [INFO] [1768033878.343098228] [rtabmap]: rtabmap (765): Rate=0.50s, Limit=0.001s, Conversion=0.0002s, RTAB-Map=0.0226s, Maps update=0.0008s pub=0.0021s delay=0.0737s (local map=0, WM=0)
[superpoint_node-2] [INFO] [1768033878.424085242] [superpoint_node]: Keypoints estratti: 800
[superpoint_node-2] [ERROR] [1768033878.431510690] [superpoint_node]: Errore pubblicazione keypoints 3D: could not assign tuple of length 3 to structure with 4 fields.
[superpoint_node-2] [INFO] [1768033878.524064333] [superpoint_node]: Keypoints estratti: 800
[superpoint_node-2] [ERROR] [1768033878.530783960] [superpoint_node]: Errore pubblicazione keypoints 3D: could not assign tuple of length 3 to structure with 4 fields.
[superpoint_node-2] [INFO] [1768033878.620840935] [superpoint_node]: Keypoints estratti: 800
[superpoint_node-2] [ERROR] [1768033878.628484570] [superpoint_node]: Errore pubblicazione keypoints 3D: could not assign tuple of length 3 to structure with 4 fields.
[superpoint_node-2] [INFO] [1768033878.718772009] [superpoint_node]: Keypoints estratti: 800
[superpoint_node-2] [ERROR] [1768033878.725533989] [superpoint_node]: Errore pubblicazione keypoints 3D: could not assign tuple of length 3 to structure with 4 fields.
[rtabmap-14] [INFO] [1768033878.816139061] [rtabmap]: rtabmap (766): Rate=0.50s, Limit=0.001s, Conversion=0.0002s, RTAB-Map=0.0314s, Maps update=0.0004s pub=0.0021s delay=0.0465s (local map=0, WM=0)
[superpoint_node-2] [INFO] [1768033878.822700020] [superpoint_node]: Keypoints estratti: 800
[superpoint_node-2] [ERROR] [1768033878.829469222] [superpoint_node]: Errore pubblicazione keypoints 3D: could not assign tuple of length 3 to structure with 4 fields.
[superpoint_node-2] [INFO] [1768033878.917455162] [superpoint_node]: Keypoints estratti: 800
[superpoint_node-2] [ERROR] [1768033878.924260086] [superpoint_node]: Errore pubblicazione keypoints 3D: could not assign tuple of length 3 to structure with 4 fields.
[superpoint_node-2] [INFO] [1768033879.016200891] [superpoint_node]: Keypoints estratti: 800
[superpoint_node-2] [ERROR] [1768033879.022901741] [superpoint_node]: Errore pubblicazione keypoints 3D: could not assign tuple of length 3 to structure with 4 fields.
[superpoint_node-2] [INFO] [1768033879.117304768] [superpoint_node]: Keypoints estratti: 800
[superpoint_node-2] [ERROR] [1768033879.124827902] [superpoint_node]: Errore pubblicazione keypoints 3D: could not assign tuple of length 3 to structure with 4 fields.
[superpoint_node-2] [INFO] [1768033879.220252420] [superpoint_node]: Keypoints estratti: 800
[superpoint_node-2] [ERROR] [1768033879.226684767] [superpoint_node]: Errore pubblicazione keypoints 3D: could not assign tuple of length 3 to structure with 4 fields.
[superpoint_node-2] [INFO] [1768033879.314573373] [superpoint_node]: Keypoints estratti: 800
[superpoint_node-2] [ERROR] [1768033879.321236722] [superpoint_node]: Errore pubblicazione keypoints 3D: could not assign tuple of length 3 to structure with 4 fields.
[superpoint_node-2] [INFO] [1768033879.417698507] [superpoint_node]: Keypoints estratti: 800
[superpoint_node-2] [ERROR] [1768033879.425014713] [superpoint_node]: Errore pubblicazione keypoints 3D: could not assign tuple of length 3 to structure with 4 fields.
[foxglove_bridge-12] [INFO] [1768033879.425284845] [foxglove_bridge]: received unsubscribe request for channel 44
[foxglove_bridge-12] [INFO] [1768033879.425365105] [foxglove_bridge]: Cleaned up subscription to topic /cloud_ground for client 1 on channel 44
[rtabmap-14] [INFO] [1768033879.465462349] [rtabmap]: rtabmap (767): Rate=0.50s, Limit=0.001s, Conversion=0.0007s, RTAB-Map=0.0457s, Maps update=0.0010s pub=0.0069s delay=0.0960s (local map=0, WM=0)
[foxglove_bridge-12] [INFO] [1768033879.480400746] [foxglove_bridge]: publishing connection graph
[superpoint_node-2] [INFO] [1768033879.528416350] [superpoint_node]: Keypoints estratti: 800
[superpoint_node-2] [ERROR] [1768033879.535032847] [superpoint_node]: Errore pubblicazione keypoints 3D: could not assign tuple of length 3 to structure with 4 fields.
[superpoint_node-2] [INFO] [1768033879.623835608] [superpoint_node]: Keypoints estratti: 800
[superpoint_node-2] [ERROR] [1768033879.630746385] [superpoint_node]: Errore pubblicazione keypoints 3D: could not assign tuple of length 3 to structure with 4 fields.
[superpoint_node-2] [INFO] [1768033879.717197702] [superpoint_node]: Keypoints estratti: 800
[superpoint_node-2] [ERROR] [1768033879.724164053] [superpoint_node]: Errore pubblicazione keypoints 3D: could not assign tuple of length 3 to structure with 4 fields.
[superpoint_node-2] [INFO] [1768033879.818573507] [superpoint_node]: Keypoints estratti: 800
[superpoint_node-2] [ERROR] [1768033879.825609730] [superpoint_node]: Errore pubblicazione keypoints 3D: could not assign tuple of length 3 to structure with 4 fields.
[superpoint_node-2] [INFO] [1768033879.919779441] [superpoint_node]: Keypoints estratti: 800
[superpoint_node-2] [ERROR] [1768033879.928439935] [superpoint_node]: Errore pubblicazione keypoints 3D: could not assign tuple of length 3 to structure with 4 fields.
[rtabmap-14] [INFO] [1768033879.964502685] [rtabmap]: rtabmap (768): Rate=0.50s, Limit=0.001s, Conversion=0.0008s, RTAB-Map=0.0438s, Maps update=0.0016s pub=0.0031s delay=0.0950s (local map=0, WM=0)
[foxglove_bridge-12] [INFO] [1768033880.002980343] [foxglove_bridge]: publishing connection graph
[superpoint_node-2] [INFO] [1768033880.028997920] [superpoint_node]: Keypoints estratti: 800
[superpoint_node-2] [ERROR] [1768033880.035973364] [superpoint_node]: Errore pubblicazione keypoints 3D: could not assign tuple of length 3 to structure with 4 fields.
[superpoint_node-2] [INFO] [1768033880.128054836] [superpoint_node]: Keypoints estratti: 800
[superpoint_node-2] [ERROR] [1768033880.135223208] [superpoint_node]: Errore pubblicazione keypoints 3D: could not assign tuple of length 3 to structure with 4 fields.
[superpoint_node-2] [INFO] [1768033880.226943678] [superpoint_node]: Keypoints estratti: 800
[superpoint_node-2] [ERROR] [1768033880.233627564] [superpoint_node]: Errore pubblicazione keypoints 3D: could not assign tuple of length 3 to structure with 4 fields.
[superpoint_node-2] [INFO] [1768033880.325608128] [superpoint_node]: Keypoints estratti: 800
[superpoint_node-2] [ERROR] [1768033880.332531183] [superpoint_node]: Errore pubblicazione keypoints 3D: could not assign tuple of length 3 to structure with 4 fields.
[superpoint_node-2] [INFO] [1768033880.424825157] [superpoint_node]: Keypoints estratti: 800
[superpoint_node-2] [ERROR] [1768033880.431624471] [superpoint_node]: Errore pubblicazione keypoints 3D: could not assign tuple of length 3 to structure with 4 fields.
[rtabmap-14] [INFO] [1768033880.469637643] [rtabmap]: rtabmap (769): Rate=0.50s, Limit=0.001s, Conversion=0.0002s, RTAB-Map=0.0263s, Maps update=0.0005s pub=0.0011s delay=0.0939s (local map=0, WM=0)
[superpoint_node-2] [INFO] [1768033880.525467661] [superpoint_node]: Keypoints estratti: 800
[superpoint_node-2] [ERROR] [1768033880.532180807] [superpoint_node]: Errore pubblicazione keypoints 3D: could not assign tuple of length 3 to structure with 4 fields.
[superpoint_node-2] [INFO] [1768033880.625677124] [superpoint_node]: Keypoints estratti: 800
[superpoint_node-2] [ERROR] [1768033880.632527974] [superpoint_node]: Errore pubblicazione keypoints 3D: could not assign tuple of length 3 to structure with 4 fields.
[superpoint_node-2] [INFO] [1768033880.723197195] [superpoint_node]: Keypoints estratti: 800
[superpoint_node-2] [ERROR] [1768033880.729953360] [superpoint_node]: Errore pubblicazione keypoints 3D: could not assign tuple of length 3 to structure with 4 fields.
[superpoint_node-2] [INFO] [1768033880.822118092] [superpoint_node]: Keypoints estratti: 800
[superpoint_node-2] [ERROR] [1768033880.828823997] [superpoint_node]: Errore pubblicazione keypoints 3D: could not assign tuple of length 3 to structure with 4 fields.
[superpoint_node-2] [INFO] [1768033880.923527898] [superpoint_node]: Keypoints estratti: 800
[superpoint_node-2] [ERROR] [1768033880.930297711] [superpoint_node]: Errore pubblicazione keypoints 3D: could not assign tuple of length 3 to structure with 4 fields.
[superpoint_node-2] [INFO] [1768033881.025783895] [superpoint_node]: Keypoints estratti: 800
[superpoint_node-2] [ERROR] [1768033881.034615410] [superpoint_node]: Errore pubblicazione keypoints 3D: could not assign tuple of length 3 to structure with 4 fields.
[rtabmap-14] [INFO] [1768033881.061060750] [rtabmap]: rtabmap (770): Rate=0.50s, Limit=0.001s, Conversion=0.0008s, RTAB-Map=0.0419s, Maps update=0.0003s pub=0.0021s delay=0.0864s (local map=0, WM=0)
[superpoint_node-2] [INFO] [1768033881.135827122] [superpoint_node]: Keypoints estratti: 800
[superpoint_node-2] [ERROR] [1768033881.143689369] [superpoint_node]: Errore pubblicazione keypoints 3D: could not assign tuple of length 3 to structure with 4 fields.
[superpoint_node-2] [INFO] [1768033881.233096728] [superpoint_node]: Keypoints estratti: 800
[superpoint_node-2] [ERROR] [1768033881.240487546] [superpoint_node]: Errore pubblicazione keypoints 3D: could not assign tuple of length 3 to structure with 4 fields.
[superpoint_node-2] [INFO] [1768033881.331835234] [superpoint_node]: Keypoints estratti: 800
[superpoint_node-2] [ERROR] [1768033881.338640289] [superpoint_node]: Errore pubblicazione keypoints 3D: could not assign tuple of length 3 to structure with 4 fields.
[superpoint_node-2] [INFO] [1768033881.429454232] [superpoint_node]: Keypoints estratti: 800
[superpoint_node-2] [ERROR] [1768033881.436265212] [superpoint_node]: Errore pubblicazione keypoints 3D: could not assign tuple of length 3 to structure with 4 fields.
[superpoint_node-2] [INFO] [1768033881.531857231] [superpoint_node]: Keypoints estratti: 800
[superpoint_node-2] [ERROR] [1768033881.538776157] [superpoint_node]: Errore pubblicazione keypoints 3D: could not assign tuple of length 3 to structure with 4 fields.
[rtabmap-14] [INFO] [1768033881.545295042] [rtabmap]: rtabmap (771): Rate=0.50s, Limit=0.001s, Conversion=0.0002s, RTAB-Map=0.0241s, Maps update=0.0002s pub=0.0015s delay=0.0669s (local map=0, WM=0)
[superpoint_node-2] [INFO] [1768033881.628534185] [superpoint_node]: Keypoints estratti: 800
[superpoint_node-2] [ERROR] [1768033881.635948984] [superpoint_node]: Errore pubblicazione keypoints 3D: could not assign tuple of length 3 to structure with 4 fields.
[superpoint_node-2] [INFO] [1768033881.732680994] [superpoint_node]: Keypoints estratti: 800
[superpoint_node-2] [ERROR] [1768033881.741315414] [superpoint_node]: Errore pubblicazione keypoints 3D: could not assign tuple of length 3 to structure with 4 fields.
[superpoint_node-2] [INFO] [1768033881.830358899] [superpoint_node]: Keypoints estratti: 800
[superpoint_node-2] [ERROR] [1768033881.837499271] [superpoint_node]: Errore pubblicazione keypoints 3D: could not assign tuple of length 3 to structure with 4 fields.
[foxglove_bridge-12] [INFO] [1768033881.844371344] [foxglove_bridge]: received unsubscribe request for channel 43
[foxglove_bridge-12] [INFO] [1768033881.844460548] [foxglove_bridge]: Cleaned up subscription to topic /cloud_map for client 1 on channel 43
[foxglove_bridge-12] [INFO] [1768033881.868895094] [foxglove_bridge]: publishing connection graph
[superpoint_node-2] [INFO] [1768033881.934695006] [superpoint_node]: Keypoints estratti: 800
[superpoint_node-2] [ERROR] [1768033881.942058954] [superpoint_node]: Errore pubblicazione keypoints 3D: could not assign tuple of length 3 to structure with 4 fields.
[superpoint_node-2] [INFO] [1768033882.033855794] [superpoint_node]: Keypoints estratti: 800
[superpoint_node-2] [ERROR] [1768033882.041757727] [superpoint_node]: Errore pubblicazione keypoints 3D: could not assign tuple of length 3 to structure with 4 fields.
[rtabmap-14] [INFO] [1768033882.075662515] [rtabmap]: rtabmap (772): Rate=0.50s, Limit=0.001s, Conversion=0.0002s, RTAB-Map=0.0246s, Maps update=0.0004s pub=0.0018s delay=0.0907s (local map=0, WM=0)
[superpoint_node-2] [INFO] [1768033882.138635330] [superpoint_node]: Keypoints estratti: 800
[superpoint_node-2] [ERROR] [1768033882.146847821] [superpoint_node]: Errore pubblicazione keypoints 3D: could not assign tuple of length 3 to structure with 4 fields.
[superpoint_node-2] [INFO] [1768033882.235144116] [superpoint_node]: Keypoints estratti: 800
[superpoint_node-2] [ERROR] [1768033882.242647249] [superpoint_node]: Errore pubblicazione keypoints 3D: could not assign tuple of length 3 to structure with 4 fields.
[superpoint_node-2] [INFO] [1768033882.341238088] [superpoint_node]: Keypoints estratti: 800
[superpoint_node-2] [ERROR] [1768033882.349516673] [superpoint_node]: Errore pubblicazione keypoints 3D: could not assign tuple of length 3 to structure with 4 fields.
[foxglove_bridge-12] [INFO] [1768033882.390828427] [foxglove_bridge]: publishing connection graph
[superpoint_node-2] [INFO] [1768033882.441364550] [superpoint_node]: Keypoints estratti: 800
[superpoint_node-2] [ERROR] [1768033882.449990101] [superpoint_node]: Errore pubblicazione keypoints 3D: could not assign tuple of length 3 to structure with 4 fields.
[rtabmap-14] [INFO] [1768033882.530445147] [rtabmap]: rtabmap (773): Rate=0.50s, Limit=0.001s, Conversion=0.0001s, RTAB-Map=0.0239s, Maps update=0.0009s pub=0.0016s delay=0.0383s (local map=0, WM=0)
[superpoint_node-2] [INFO] [1768033882.619081518] [superpoint_node]: Keypoints estratti: 800
[superpoint_node-2] [ERROR] [1768033882.626092259] [superpoint_node]: Errore pubblicazione keypoints 3D: could not assign tuple of length 3 to structure with 4 fields.
[superpoint_node-2] [INFO] [1768033882.719205962] [superpoint_node]: Keypoints estratti: 800
[superpoint_node-2] [ERROR] [1768033882.726730207] [superpoint_node]: Errore pubblicazione keypoints 3D: could not assign tuple of length 3 to structure with 4 fields.
[superpoint_node-2] [INFO] [1768033882.815813859] [superpoint_node]: Keypoints estratti: 800
[superpoint_node-2] [ERROR] [1768033882.822954657] [superpoint_node]: Errore pubblicazione keypoints 3D: could not assign tuple of length 3 to structure with 4 fields.
[foxglove_bridge-12] [INFO] [1768033882.909039785] [foxglove_bridge]: received unsubscribe request for channel 42
[foxglove_bridge-12] [INFO] [1768033882.909177397] [foxglove_bridge]: Cleaned up subscription to topic /cloud_obstacles for client 1 on channel 42
[superpoint_node-2] [INFO] [1768033882.919847130] [superpoint_node]: Keypoints estratti: 800
[superpoint_node-2] [ERROR] [1768033882.927012243] [superpoint_node]: Errore pubblicazione keypoints 3D: could not assign tuple of length 3 to structure with 4 fields.
[foxglove_bridge-12] [INFO] [1768033882.971915192] [foxglove_bridge]: publishing connection graph
[superpoint_node-2] [INFO] [1768033883.019884055] [superpoint_node]: Keypoints estratti: 800
[superpoint_node-2] [ERROR] [1768033883.026959555] [superpoint_node]: Errore pubblicazione keypoints 3D: could not assign tuple of length 3 to structure with 4 fields.
[superpoint_node-2] [INFO] [1768033883.120542280] [superpoint_node]: Keypoints estratti: 800
[superpoint_node-2] [ERROR] [1768033883.128422676] [superpoint_node]: Errore pubblicazione keypoints 3D: could not assign tuple of length 3 to structure with 4 fields.
[rtabmap-14] [INFO] [1768033883.142833587] [rtabmap]: rtabmap (774): Rate=0.50s, Limit=0.001s, Conversion=0.0003s, RTAB-Map=0.0244s, Maps update=0.0006s pub=0.0012s delay=0.0734s (local map=0, WM=0)
[rtabmap-14] [33m[ WARN] (2026-01-10 09:31:18.341) MapsManager.cpp:863::publishMaps() Graph has changed! The whole cloud is regenerated.[0m
[rtabmap-14] [33m[ WARN] (2026-01-10 09:31:18.341) OccupancyGrid.cpp:169::getProbMap() Map info is empty, cannot generate probabilistic occupancy grid[0m
[rtabmap-14] [33m[ WARN] (2026-01-10 09:31:18.814) MapsManager.cpp:863::publishMaps() Graph has changed! The whole cloud is regenerated.[0m
[rtabmap-14] [33m[ WARN] (2026-01-10 09:31:18.814) OccupancyGrid.cpp:169::getProbMap() Map info is empty, cannot generate probabilistic occupancy grid[0m
[rtabmap-14] [33m[ WARN] (2026-01-10 09:31:19.458) MapsManager.cpp:863::publishMaps() Graph has changed! The whole cloud is regenerated.[0m
[rtabmap-14] [33m[ WARN] (2026-01-10 09:31:19.464) OccupancyGrid.cpp:169::getProbMap() Map info is empty, cannot generate probabilistic occupancy grid[0m
[rtabmap-14] [33m[ WARN] (2026-01-10 09:31:19.961) MapsManager.cpp:863::publishMaps() Graph has changed! The whole cloud is regenerated.[0m
[rtabmap-14] [33m[ WARN] (2026-01-10 09:31:19.963) OccupancyGrid.cpp:169::getProbMap() Map info is empty, cannot generate probabilistic occupancy grid[0m
[rtabmap-14] [33m[ WARN] (2026-01-10 09:31:20.468) MapsManager.cpp:863::publishMaps() Graph has changed! The whole cloud is regenerated.[0m
[rtabmap-14] [33m[ WARN] (2026-01-10 09:31:20.469) OccupancyGrid.cpp:169::getProbMap() Map info is empty, cannot generate probabilistic occupancy grid[0m
[rtabmap-14] [33m[ WARN] (2026-01-10 09:31:21.058) MapsManager.cpp:863::publishMaps() Graph has changed! The whole cloud is regenerated.[0m
[rtabmap-14] [33m[ WARN] (2026-01-10 09:31:21.059) OccupancyGrid.cpp:169::getProbMap() Map info is empty, cannot generate probabilistic occupancy grid[0m
[rtabmap-14] [33m[ WARN] (2026-01-10 09:31:21.543) MapsManager.cpp:863::publishMaps() Graph has changed! The whole cloud is regenerated.[0m
[rtabmap-14] [33m[ WARN] (2026-01-10 09:31:21.544) OccupancyGrid.cpp:169::getProbMap() Map info is empty, cannot generate probabilistic occupancy grid[0m
[rtabmap-14] [33m[ WARN] (2026-01-10 09:31:22.073) MapsManager.cpp:863::publishMaps() Graph has changed! The whole cloud is regenerated.[0m
[rtabmap-14] [33m[ WARN] (2026-01-10 09:31:22.074) OccupancyGrid.cpp:169::getProbMap() Map info is empty, cannot generate probabilistic occupancy grid[0m
[rtabmap-14] [33m[ WARN] (2026-01-10 09:31:22.502) CoreWrapper.cpp:1227::odomTFUpdate() Odometry is reset (identity pose detected). Increment map id![0m
[rtabmap-14] [33m[ WARN] (2026-01-10 09:31:22.528) MapsManager.cpp:863::publishMaps() Graph has changed! The whole cloud is regenerated.[0m
[rtabmap-14] [33m[ WARN] (2026-01-10 09:31:22.529) OccupancyGrid.cpp:169::getProbMap() Map info is empty, cannot generate probabilistic occupancy grid[0m
[rtabmap-14] [33m[ WARN] (2026-01-10 09:31:23.142) OccupancyGrid.cpp:169::getProbMap() Map info is empty, cannot generate probabilistic occupancy grid[0m
[superpoint_node-2] [INFO] [1768033883.224656793] [superpoint_node]: Keypoints estratti: 800
[superpoint_node-2] [ERROR] [1768033883.231685682] [superpoint_node]: Errore pubblicazione keypoints 3D: could not assign tuple of length 3 to structure with 4 fields.
[superpoint_node-2] [INFO] [1768033883.322871833] [superpoint_node]: Keypoints estratti: 800
[superpoint_node-2] [ERROR] [1768033883.329813888] [superpoint_node]: Errore pubblicazione keypoints 3D: could not assign tuple of length 3 to structure with 4 fields.
[superpoint_node-2] [INFO] [1768033883.424965144] [superpoint_node]: Keypoints estratti: 800
[superpoint_node-2] [ERROR] [1768033883.432031422] [superpoint_node]: Errore pubblicazione keypoints 3D: could not assign tuple of length 3 to structure with 4 fields.
[foxglove_bridge-12] [INFO] [1768033883.503872345] [foxglove_bridge]: publishing connection graph
[superpoint_node-2] [INFO] [1768033883.525843482] [superpoint_node]: Keypoints estratti: 800
[superpoint_node-2] [ERROR] [1768033883.533039410] [superpoint_node]: Errore pubblicazione keypoints 3D: could not assign tuple of length 3 to structure with 4 fields.
[superpoint_node-2] [INFO] [1768033883.627078713] [superpoint_node]: Keypoints estratti: 800
[superpoint_node-2] [ERROR] [1768033883.633883915] [superpoint_node]: Errore pubblicazione keypoints 3D: could not assign tuple of length 3 to structure with 4 fields.
[rtabmap-14] [INFO] [1768033883.672904206] [rtabmap]: rtabmap (775): Rate=0.50s, Limit=0.001s, Conversion=0.0002s, RTAB-Map=0.0224s, Maps update=0.0003s pub=0.0010s delay=0.0954s (local map=0, WM=0)
[superpoint_node-2] [INFO] [1768033883.728209664] [superpoint_node]: Keypoints estratti: 800
[superpoint_node-2] [ERROR] [1768033883.735152090] [superpoint_node]: Errore pubblicazione keypoints 3D: could not assign tuple of length 3 to structure with 4 fields.
[superpoint_node-2] [INFO] [1768033883.825828440] [superpoint_node]: Keypoints estratti: 800
[superpoint_node-2] [ERROR] [1768033883.833313759] [superpoint_node]: Errore pubblicazione keypoints 3D: could not assign tuple of length 3 to structure with 4 fields.
[foxglove_bridge-12] [INFO] [1768033883.920441710] [foxglove_bridge]: received unsubscribe request for channel 28
[foxglove_bridge-12] [INFO] [1768033883.920648656] [foxglove_bridge]: Cleaned up subscription to topic /depth/image_raw for client 1 on channel 28
[superpoint_node-2] [INFO] [1768033883.927174431] [superpoint_node]: Keypoints estratti: 800
[superpoint_node-2] [ERROR] [1768033883.934188079] [superpoint_node]: Errore pubblicazione keypoints 3D: could not assign tuple of length 3 to structure with 4 fields.
[foxglove_bridge-12] [INFO] [1768033884.026009605] [foxglove_bridge]: publishing connection graph
[superpoint_node-2] [INFO] [1768033884.027826027] [superpoint_node]: Keypoints estratti: 800
[superpoint_node-2] [ERROR] [1768033884.035551218] [superpoint_node]: Errore pubblicazione keypoints 3D: could not assign tuple of length 3 to structure with 4 fields.
[superpoint_node-2] [INFO] [1768033884.125793527] [superpoint_node]: Keypoints estratti: 800
[superpoint_node-2] [ERROR] [1768033884.133584811] [superpoint_node]: Errore pubblicazione keypoints 3D: could not assign tuple of length 3 to structure with 4 fields.
[rtabmap-14] [INFO] [1768033884.164924653] [rtabmap]: rtabmap (776): Rate=0.50s, Limit=0.001s, Conversion=0.0010s, RTAB-Map=0.0449s, Maps update=0.0003s pub=0.0012s delay=0.0867s (local map=0, WM=0)
[superpoint_node-2] [INFO] [1768033884.224561201] [superpoint_node]: Keypoints estratti: 800
[superpoint_node-2] [ERROR] [1768033884.231386311] [superpoint_node]: Errore pubblicazione keypoints 3D: could not assign tuple of length 3 to structure with 4 fields.
[superpoint_node-2] [INFO] [1768033884.320360129] [superpoint_node]: Keypoints estratti: 800
[superpoint_node-2] [ERROR] [1768033884.327308684] [superpoint_node]: Errore pubblicazione keypoints 3D: could not assign tuple of length 3 to structure with 4 fields.
[superpoint_node-2] [INFO] [1768033884.419570658] [superpoint_node]: Keypoints estratti: 800
[superpoint_node-2] [ERROR] [1768033884.426417675] [superpoint_node]: Errore pubblicazione keypoints 3D: could not assign tuple of length 3 to structure with 4 fields.
[superpoint_node-2] [INFO] [1768033884.517270934] [superpoint_node]: Keypoints estratti: 800
[superpoint_node-2] [ERROR] [1768033884.525076311] [superpoint_node]: Errore pubblicazione keypoints 3D: could not assign tuple of length 3 to structure with 4 fields.
[superpoint_node-2] [INFO] [1768033884.616386277] [superpoint_node]: Keypoints estratti: 800
[superpoint_node-2] [ERROR] [1768033884.623435741] [superpoint_node]: Errore pubblicazione keypoints 3D: could not assign tuple of length 3 to structure with 4 fields.
[superpoint_node-2] [INFO] [1768033884.715158858] [superpoint_node]: Keypoints estratti: 800
[superpoint_node-2] [ERROR] [1768033884.722328897] [superpoint_node]: Errore pubblicazione keypoints 3D: could not assign tuple of length 3 to structure with 4 fields.
[rtabmap-14] [INFO] [1768033884.742784671] [rtabmap]: rtabmap (777): Rate=0.50s, Limit=0.001s, Conversion=0.0003s, RTAB-Map=0.0266s, Maps update=0.0003s pub=0.0018s delay=0.0733s (local map=0, WM=0)
[superpoint_node-2] [INFO] [1768033884.815328914] [superpoint_node]: Keypoints estratti: 800
[superpoint_node-2] [ERROR] [1768033884.822345914] [superpoint_node]: Errore pubblicazione keypoints 3D: could not assign tuple of length 3 to structure with 4 fields.
[superpoint_node-2] [INFO] [1768033884.917566726] [superpoint_node]: Keypoints estratti: 800
[superpoint_node-2] [ERROR] [1768033884.924469577] [superpoint_node]: Errore pubblicazione keypoints 3D: could not assign tuple of length 3 to structure with 4 fields.
[superpoint_node-2] [INFO] [1768033885.017959524] [superpoint_node]: Keypoints estratti: 800
[superpoint_node-2] [ERROR] [1768033885.024875356] [superpoint_node]: Errore pubblicazione keypoints 3D: could not assign tuple of length 3 to structure with 4 fields.
[superpoint_node-2] [INFO] [1768033885.149438476] [superpoint_node]: Keypoints estratti: 800
[superpoint_node-2] [ERROR] [1768033885.156400809] [superpoint_node]: Errore pubblicazione keypoints 3D: could not assign tuple of length 3 to structure with 4 fields.
[superpoint_node-2] [INFO] [1768033885.249557438] [superpoint_node]: Keypoints estratti: 800
[superpoint_node-2] [ERROR] [1768033885.256534642] [superpoint_node]: Errore pubblicazione keypoints 3D: could not assign tuple of length 3 to structure with 4 fields.
[rtabmap-14] [INFO] [1768033885.260713564] [rtabmap]: rtabmap (778): Rate=0.50s, Limit=0.001s, Conversion=0.0002s, RTAB-Map=0.0381s, Maps update=0.0002s pub=0.0008s delay=0.0627s (local map=0, WM=0)
[superpoint_node-2] [INFO] [1768033885.343923132] [superpoint_node]: Keypoints estratti: 800
[superpoint_node-2] [ERROR] [1768033885.352673406] [superpoint_node]: Errore pubblicazione keypoints 3D: could not assign tuple of length 3 to structure with 4 fields.
[superpoint_node-2] [INFO] [1768033885.443947335] [superpoint_node]: Keypoints estratti: 800
[superpoint_node-2] [ERROR] [1768033885.451009817] [superpoint_node]: Errore pubblicazione keypoints 3D: could not assign tuple of length 3 to structure with 4 fields.
[superpoint_node-2] [INFO] [1768033885.544002111] [superpoint_node]: Keypoints estratti: 800
[superpoint_node-2] [ERROR] [1768033885.551231502] [superpoint_node]: Errore pubblicazione keypoints 3D: could not assign tuple of length 3 to structure with 4 fields.
[superpoint_node-2] [INFO] [1768033885.641096234] [superpoint_node]: Keypoints estratti: 800
[superpoint_node-2] [ERROR] [1768033885.648894167] [superpoint_node]: Errore pubblicazione keypoints 3D: could not assign tuple of length 3 to structure with 4 fields.
[superpoint_node-2] [INFO] [1768033885.818366273] [superpoint_node]: Keypoints estratti: 800
[superpoint_node-2] [ERROR] [1768033885.825954092] [superpoint_node]: Errore pubblicazione keypoints 3D: could not assign tuple of length 3 to structure with 4 fields.
[rtabmap-14] [INFO] [1768033885.858529370] [rtabmap]: rtabmap (779): Rate=0.50s, Limit=0.001s, Conversion=0.0026s, RTAB-Map=0.0402s, Maps update=0.0003s pub=0.0011s delay=0.0890s (local map=0, WM=0)
[foxglove_bridge-12] [INFO] [1768033885.859604360] [foxglove_bridge]: received subscribe request for channel 28 from client 1 (sink 1)
[foxglove_bridge-12] [INFO] [1768033885.865230793] [foxglove_bridge]: created ROS subscription on /depth/image_raw (sensor_msgs/msg/Image) successfully for channel 28 (client 1, sink 1)
[foxglove_bridge-12] [INFO] [1768033885.896235336] [foxglove_bridge]: publishing connection graph
[superpoint_node-2] [INFO] [1768033885.923891444] [superpoint_node]: Keypoints estratti: 800
[superpoint_node-2] [ERROR] [1768033885.930704276] [superpoint_node]: Errore pubblicazione keypoints 3D: could not assign tuple of length 3 to structure with 4 fields.
[superpoint_node-2] [INFO] [1768033886.019745354] [superpoint_node]: Keypoints estratti: 800
[superpoint_node-2] [ERROR] [1768033886.026573520] [superpoint_node]: Errore pubblicazione keypoints 3D: could not assign tuple of length 3 to structure with 4 fields.
[superpoint_node-2] [INFO] [1768033886.128912759] [superpoint_node]: Keypoints estratti: 800
[superpoint_node-2] [ERROR] [1768033886.136646154] [superpoint_node]: Errore pubblicazione keypoints 3D: could not assign tuple of length 3 to structure with 4 fields.
[superpoint_node-2] [INFO] [1768033886.237054396] [superpoint_node]: Keypoints estratti: 800
[superpoint_node-2] [ERROR] [1768033886.245250628] [superpoint_node]: Errore pubblicazione keypoints 3D: could not assign tuple of length 3 to structure with 4 fields.
[superpoint_node-2] [INFO] [1768033886.334020722] [superpoint_node]: Keypoints estratti: 800
[superpoint_node-2] [ERROR] [1768033886.341102741] [superpoint_node]: Errore pubblicazione keypoints 3D: could not assign tuple of length 3 to structure with 4 fields.
[rtabmap-14] [INFO] [1768033886.368254661] [rtabmap]: rtabmap (780): Rate=0.50s, Limit=0.001s, Conversion=0.0002s, RTAB-Map=0.0212s, Maps update=0.0003s pub=0.0011s delay=0.0804s (local map=0, WM=0)
[foxglove_bridge-12] [INFO] [1768033886.418801544] [foxglove_bridge]: publishing connection graph
[superpoint_node-2] [INFO] [1768033886.435576195] [superpoint_node]: Keypoints estratti: 800
[superpoint_node-2] [ERROR] [1768033886.443181089] [superpoint_node]: Errore pubblicazione keypoints 3D: could not assign tuple of length 3 to structure with 4 fields.
[superpoint_node-2] [INFO] [1768033886.531924813] [superpoint_node]: Keypoints estratti: 800
[superpoint_node-2] [ERROR] [1768033886.538986276] [superpoint_node]: Errore pubblicazione keypoints 3D: could not assign tuple of length 3 to structure with 4 fields.
[superpoint_node-2] [INFO] [1768033886.629379032] [superpoint_node]: Keypoints estratti: 800
[superpoint_node-2] [ERROR] [1768033886.636108326] [superpoint_node]: Errore pubblicazione keypoints 3D: could not assign tuple of length 3 to structure with 4 fields.
[superpoint_node-2] [INFO] [1768033886.729430327] [superpoint_node]: Keypoints estratti: 800
[superpoint_node-2] [ERROR] [1768033886.736322604] [superpoint_node]: Errore pubblicazione keypoints 3D: could not assign tuple of length 3 to structure with 4 fields.
[superpoint_node-2] [INFO] [1768033886.835072092] [superpoint_node]: Keypoints estratti: 800
[superpoint_node-2] [ERROR] [1768033886.842410910] [superpoint_node]: Errore pubblicazione keypoints 3D: could not assign tuple of length 3 to structure with 4 fields.
[superpoint_node-2] [INFO] [1768033886.930523480] [superpoint_node]: Keypoints estratti: 800
[foxglove_bridge-12] [INFO] [1768033886.930535925] [foxglove_bridge]: received unsubscribe request for channel 28
[foxglove_bridge-12] [INFO] [1768033886.930632129] [foxglove_bridge]: Cleaned up subscription to topic /depth/image_raw for client 1 on channel 28
[superpoint_node-2] [ERROR] [1768033886.937323590] [superpoint_node]: Errore pubblicazione keypoints 3D: could not assign tuple of length 3 to structure with 4 fields.
[foxglove_bridge-12] [INFO] [1768033886.966566711] [foxglove_bridge]: publishing connection graph
[rtabmap-14] [INFO] [1768033886.999467528] [rtabmap]: rtabmap (781): Rate=0.50s, Limit=0.001s, Conversion=0.0002s, RTAB-Map=0.0532s, Maps update=0.0004s pub=0.0014s delay=0.1145s (local map=0, WM=0)
[superpoint_node-2] [INFO] [1768033887.029975233] [superpoint_node]: Keypoints estratti: 800
[superpoint_node-2] [ERROR] [1768033887.036905196] [superpoint_node]: Errore pubblicazione keypoints 3D: could not assign tuple of length 3 to structure with 4 fields.
[superpoint_node-2] [INFO] [1768033887.125336954] [superpoint_node]: Keypoints estratti: 800
[superpoint_node-2] [ERROR] [1768033887.132255065] [superpoint_node]: Errore pubblicazione keypoints 3D: could not assign tuple of length 3 to structure with 4 fields.
[superpoint_node-2] [INFO] [1768033887.221514922] [superpoint_node]: Keypoints estratti: 800
[superpoint_node-2] [ERROR] [1768033887.228336365] [superpoint_node]: Errore pubblicazione keypoints 3D: could not assign tuple of length 3 to structure with 4 fields.
[superpoint_node-2] [INFO] [1768033887.317052792] [superpoint_node]: Keypoints estratti: 800
[superpoint_node-2] [ERROR] [1768033887.324163608] [superpoint_node]: Errore pubblicazione keypoints 3D: could not assign tuple of length 3 to structure with 4 fields.
[superpoint_node-2] [INFO] [1768033887.419385050] [superpoint_node]: Keypoints estratti: 800
[superpoint_node-2] [ERROR] [1768033887.426254327] [superpoint_node]: Errore pubblicazione keypoints 3D: could not assign tuple of length 3 to structure with 4 fields.
[foxglove_bridge-12] [INFO] [1768033887.492046461] [foxglove_bridge]: publishing connection graph
[superpoint_node-2] [INFO] [1768033887.521181063] [superpoint_node]: Keypoints estratti: 800
[superpoint_node-2] [ERROR] [1768033887.530017540] [superpoint_node]: Errore pubblicazione keypoints 3D: could not assign tuple of length 3 to structure with 4 fields.
[rtabmap-14] [INFO] [1768033887.561366049] [rtabmap]: rtabmap (782): Rate=0.50s, Limit=0.001s, Conversion=0.0008s, RTAB-Map=0.0501s, Maps update=0.0003s pub=0.0012s delay=0.0918s (local map=0, WM=0)
[superpoint_node-2] [INFO] [1768033887.623410690] [superpoint_node]: Keypoints estratti: 800
[superpoint_node-2] [ERROR] [1768033887.630246448] [superpoint_node]: Errore pubblicazione keypoints 3D: could not assign tuple of length 3 to structure with 4 fields.
[superpoint_node-2] [INFO] [1768033887.720234978] [superpoint_node]: Keypoints estratti: 800
[superpoint_node-2] [ERROR] [1768033887.727376108] [superpoint_node]: Errore pubblicazione keypoints 3D: could not assign tuple of length 3 to structure with 4 fields.
[superpoint_node-2] [INFO] [1768033887.817158859] [superpoint_node]: Keypoints estratti: 800
[superpoint_node-2] [ERROR] [1768033887.824106951] [superpoint_node]: Errore pubblicazione keypoints 3D: could not assign tuple of length 3 to structure with 4 fields.
[superpoint_node-2] [INFO] [1768033887.915601030] [superpoint_node]: Keypoints estratti: 800
[superpoint_node-2] [ERROR] [1768033887.923121942] [superpoint_node]: Errore pubblicazione keypoints 3D: could not assign tuple of length 3 to structure with 4 fields.
[superpoint_node-2] [INFO] [1768033888.014918486] [superpoint_node]: Keypoints estratti: 800
[superpoint_node-2] [ERROR] [1768033888.022068357] [superpoint_node]: Errore pubblicazione keypoints 3D: could not assign tuple of length 3 to structure with 4 fields.
[rtabmap-14] [INFO] [1768033888.115075356] [rtabmap]: rtabmap (783): Rate=0.50s, Limit=0.001s, Conversion=0.0002s, RTAB-Map=0.0300s, Maps update=0.0006s pub=0.0030s delay=0.0456s (local map=0, WM=0)
[superpoint_node-2] [INFO] [1768033888.123353551] [superpoint_node]: Keypoints estratti: 800
[superpoint_node-2] [ERROR] [1768033888.130931982] [superpoint_node]: Errore pubblicazione keypoints 3D: could not assign tuple of length 3 to structure with 4 fields.
[rtabmap-14] [33m[ WARN] (2026-01-10 09:31:23.672) OccupancyGrid.cpp:169::getProbMap() Map info is empty, cannot generate probabilistic occupancy grid[0m
[rtabmap-14] [33m[ WARN] (2026-01-10 09:31:24.164) OccupancyGrid.cpp:169::getProbMap() Map info is empty, cannot generate probabilistic occupancy grid[0m
[rtabmap-14] [33m[ WARN] (2026-01-10 09:31:24.741) OccupancyGrid.cpp:169::getProbMap() Map info is empty, cannot generate probabilistic occupancy grid[0m
[rtabmap-14] [33m[ WARN] (2026-01-10 09:31:25.260) OccupancyGrid.cpp:169::getProbMap() Map info is empty, cannot generate probabilistic occupancy grid[0m
[rtabmap-14] [33m[ WARN] (2026-01-10 09:31:25.699) CoreWrapper.cpp:1227::odomTFUpdate() Odometry is reset (identity pose detected). Increment map id![0m
[rtabmap-14] [33m[ WARN] (2026-01-10 09:31:25.857) OccupancyGrid.cpp:169::getProbMap() Map info is empty, cannot generate probabilistic occupancy grid[0m
[rtabmap-14] [33m[ WARN] (2026-01-10 09:31:26.367) OccupancyGrid.cpp:169::getProbMap() Map info is empty, cannot generate probabilistic occupancy grid[0m
[rtabmap-14] [33m[ WARN] (2026-01-10 09:31:26.998) OccupancyGrid.cpp:169::getProbMap() Map info is empty, cannot generate probabilistic occupancy grid[0m
[rtabmap-14] [33m[ WARN] (2026-01-10 09:31:27.560) OccupancyGrid.cpp:169::getProbMap() Map info is empty, cannot generate probabilistic occupancy grid[0m
[rtabmap-14] [33m[ WARN] (2026-01-10 09:31:28.113) OccupancyGrid.cpp:169::getProbMap() Map info is empty, cannot generate probabilistic occupancy grid[0m
[superpoint_node-2] [INFO] [1768033888.223152270] [superpoint_node]: Keypoints estratti: 800
[superpoint_node-2] [ERROR] [1768033888.230145918] [superpoint_node]: Errore pubblicazione keypoints 3D: could not assign tuple of length 3 to structure with 4 fields.
[superpoint_node-2] [INFO] [1768033888.320623526] [superpoint_node]: Keypoints estratti: 800
[superpoint_node-2] [ERROR] [1768033888.327409321] [superpoint_node]: Errore pubblicazione keypoints 3D: could not assign tuple of length 3 to structure with 4 fields.
[superpoint_node-2] [INFO] [1768033888.415835875] [superpoint_node]: Keypoints estratti: 800
[superpoint_node-2] [ERROR] [1768033888.422810468] [superpoint_node]: Errore pubblicazione keypoints 3D: could not assign tuple of length 3 to structure with 4 fields.
[superpoint_node-2] [INFO] [1768033888.546153226] [superpoint_node]: Keypoints estratti: 800
[superpoint_node-2] [ERROR] [1768033888.553887787] [superpoint_node]: Errore pubblicazione keypoints 3D: could not assign tuple of length 3 to structure with 4 fields.
[superpoint_node-2] [INFO] [1768033888.644416469] [superpoint_node]: Keypoints estratti: 800
[superpoint_node-2] [ERROR] [1768033888.652333884] [superpoint_node]: Errore pubblicazione keypoints 3D: could not assign tuple of length 3 to structure with 4 fields.
[rtabmap-14] [INFO] [1768033888.670343027] [rtabmap]: rtabmap (784): Rate=0.50s, Limit=0.001s, Conversion=0.0003s, RTAB-Map=0.0481s, Maps update=0.0003s pub=0.0011s delay=0.0746s (local map=0, WM=0)
[superpoint_node-2] [INFO] [1768033888.740920458] [superpoint_node]: Keypoints estratti: 800
[superpoint_node-2] [ERROR] [1768033888.748230054] [superpoint_node]: Errore pubblicazione keypoints 3D: could not assign tuple of length 3 to structure with 4 fields.
[superpoint_node-2] [INFO] [1768033888.916331130] [superpoint_node]: Keypoints estratti: 800
[superpoint_node-2] [ERROR] [1768033888.923561965] [superpoint_node]: Errore pubblicazione keypoints 3D: could not assign tuple of length 3 to structure with 4 fields.
[superpoint_node-2] [INFO] [1768033889.016345888] [superpoint_node]: Keypoints estratti: 800
[superpoint_node-2] [ERROR] [1768033889.023408296] [superpoint_node]: Errore pubblicazione keypoints 3D: could not assign tuple of length 3 to structure with 4 fields.
[superpoint_node-2] [INFO] [1768033889.117410691] [superpoint_node]: Keypoints estratti: 800
[superpoint_node-2] [ERROR] [1768033889.124700175] [superpoint_node]: Errore pubblicazione keypoints 3D: could not assign tuple of length 3 to structure with 4 fields.
[superpoint_node-2] [INFO] [1768033889.218007046] [superpoint_node]: Keypoints estratti: 800
[superpoint_node-2] [ERROR] [1768033889.225219603] [superpoint_node]: Errore pubblicazione keypoints 3D: could not assign tuple of length 3 to structure with 4 fields.
[rtabmap-14] [INFO] [1768033889.265033012] [rtabmap]: rtabmap (785): Rate=0.50s, Limit=0.001s, Conversion=0.0003s, RTAB-Map=0.0447s, Maps update=0.0003s pub=0.0035s delay=0.0955s (local map=0, WM=0)
[superpoint_node-2] [INFO] [1768033889.322786990] [superpoint_node]: Keypoints estratti: 800
[superpoint_node-2] [ERROR] [1768033889.330117826] [superpoint_node]: Errore pubblicazione keypoints 3D: could not assign tuple of length 3 to structure with 4 fields.
[superpoint_node-2] [INFO] [1768033889.423947590] [superpoint_node]: Keypoints estratti: 800
[superpoint_node-2] [ERROR] [1768033889.430903275] [superpoint_node]: Errore pubblicazione keypoints 3D: could not assign tuple of length 3 to structure with 4 fields.
[superpoint_node-2] [INFO] [1768033889.522109925] [superpoint_node]: Keypoints estratti: 800
[superpoint_node-2] [ERROR] [1768033889.528994184] [superpoint_node]: Errore pubblicazione keypoints 3D: could not assign tuple of length 3 to structure with 4 fields.
[superpoint_node-2] [INFO] [1768033889.619698590] [superpoint_node]: Keypoints estratti: 800
[superpoint_node-2] [ERROR] [1768033889.626657812] [superpoint_node]: Errore pubblicazione keypoints 3D: could not assign tuple of length 3 to structure with 4 fields.
[superpoint_node-2] [INFO] [1768033889.726161973] [superpoint_node]: Keypoints estratti: 800
[superpoint_node-2] [ERROR] [1768033889.735723938] [superpoint_node]: Errore pubblicazione keypoints 3D: could not assign tuple of length 3 to structure with 4 fields.
[rtabmap-14] [INFO] [1768033889.770197008] [rtabmap]: rtabmap (786): Rate=0.50s, Limit=0.001s, Conversion=0.0002s, RTAB-Map=0.0496s, Maps update=0.0018s pub=0.0038s delay=0.0989s (local map=0, WM=0)
[superpoint_node-2] [INFO] [1768033889.828272580] [superpoint_node]: Keypoints estratti: 800
[superpoint_node-2] [ERROR] [1768033889.835329710] [superpoint_node]: Errore pubblicazione keypoints 3D: could not assign tuple of length 3 to structure with 4 fields.
[superpoint_node-2] [INFO] [1768033889.925212980] [superpoint_node]: Keypoints estratti: 800
[superpoint_node-2] [ERROR] [1768033889.932241832] [superpoint_node]: Errore pubblicazione keypoints 3D: could not assign tuple of length 3 to structure with 4 fields.
[superpoint_node-2] [INFO] [1768033890.023934320] [superpoint_node]: Keypoints estratti: 800
[superpoint_node-2] [ERROR] [1768033890.030964635] [superpoint_node]: Errore pubblicazione keypoints 3D: could not assign tuple of length 3 to structure with 4 fields.
[superpoint_node-2] [INFO] [1768033890.121183926] [superpoint_node]: Keypoints estratti: 800
[superpoint_node-2] [ERROR] [1768033890.128353539] [superpoint_node]: Errore pubblicazione keypoints 3D: could not assign tuple of length 3 to structure with 4 fields.
[superpoint_node-2] [INFO] [1768033890.216036551] [superpoint_node]: Keypoints estratti: 800
[superpoint_node-2] [ERROR] [1768033890.222933013] [superpoint_node]: Errore pubblicazione keypoints 3D: could not assign tuple of length 3 to structure with 4 fields.
[superpoint_node-2] [INFO] [1768033890.316470404] [superpoint_node]: Keypoints estratti: 800
[superpoint_node-2] [ERROR] [1768033890.323963038] [superpoint_node]: Errore pubblicazione keypoints 3D: could not assign tuple of length 3 to structure with 4 fields.
[rtabmap-14] [INFO] [1768033890.363378499] [rtabmap]: rtabmap (787): Rate=0.50s, Limit=0.001s, Conversion=0.0003s, RTAB-Map=0.0416s, Maps update=0.0003s pub=0.0045s delay=0.0938s (local map=0, WM=0)
[superpoint_node-2] [INFO] [1768033890.417348095] [superpoint_node]: Keypoints estratti: 800
[superpoint_node-2] [ERROR] [1768033890.424164519] [superpoint_node]: Errore pubblicazione keypoints 3D: could not assign tuple of length 3 to structure with 4 fields.
[superpoint_node-2] [INFO] [1768033890.518864531] [superpoint_node]: Keypoints estratti: 800
[superpoint_node-2] [ERROR] [1768033890.525767604] [superpoint_node]: Errore pubblicazione keypoints 3D: could not assign tuple of length 3 to structure with 4 fields.
[superpoint_node-2] [INFO] [1768033890.615481114] [superpoint_node]: Keypoints estratti: 800
[superpoint_node-2] [ERROR] [1768033890.622471465] [superpoint_node]: Errore pubblicazione keypoints 3D: could not assign tuple of length 3 to structure with 4 fields.
[superpoint_node-2] [INFO] [1768033890.714918033] [superpoint_node]: Keypoints estratti: 800
[superpoint_node-2] [ERROR] [1768033890.721992182] [superpoint_node]: Errore pubblicazione keypoints 3D: could not assign tuple of length 3 to structure with 4 fields.
[superpoint_node-2] [INFO] [1768033890.817811055] [superpoint_node]: Keypoints estratti: 800
[superpoint_node-2] [ERROR] [1768033890.827071795] [superpoint_node]: Errore pubblicazione keypoints 3D: could not assign tuple of length 3 to structure with 4 fields.
[rtabmap-14] [INFO] [1768033890.835742827] [rtabmap]: rtabmap (788): Rate=0.50s, Limit=0.001s, Conversion=0.0002s, RTAB-Map=0.0215s, Maps update=0.0003s pub=0.0021s delay=0.0661s (local map=0, WM=0)
[superpoint_node-2] [INFO] [1768033890.920422500] [superpoint_node]: Keypoints estratti: 800
[superpoint_node-2] [ERROR] [1768033890.927575075] [superpoint_node]: Errore pubblicazione keypoints 3D: could not assign tuple of length 3 to structure with 4 fields.
[superpoint_node-2] [INFO] [1768033891.017658624] [superpoint_node]: Keypoints estratti: 800
[superpoint_node-2] [ERROR] [1768033891.024436178] [superpoint_node]: Errore pubblicazione keypoints 3D: could not assign tuple of length 3 to structure with 4 fields.
[superpoint_node-2] [INFO] [1768033891.119024133] [superpoint_node]: Keypoints estratti: 800
[superpoint_node-2] [ERROR] [1768033891.126343062] [superpoint_node]: Errore pubblicazione keypoints 3D: could not assign tuple of length 3 to structure with 4 fields.
[superpoint_node-2] [INFO] [1768033891.219363042] [superpoint_node]: Keypoints estratti: 800
[superpoint_node-2] [ERROR] [1768033891.226390338] [superpoint_node]: Errore pubblicazione keypoints 3D: could not assign tuple of length 3 to structure with 4 fields.
[superpoint_node-2] [INFO] [1768033891.316050829] [superpoint_node]: Keypoints estratti: 800
[superpoint_node-2] [ERROR] [1768033891.323576296] [superpoint_node]: Errore pubblicazione keypoints 3D: could not assign tuple of length 3 to structure with 4 fields.
[superpoint_node-2] [INFO] [1768033891.418769034] [superpoint_node]: Keypoints estratti: 800
[superpoint_node-2] [ERROR] [1768033891.427113452] [superpoint_node]: Errore pubblicazione keypoints 3D: could not assign tuple of length 3 to structure with 4 fields.
[rtabmap-14] [INFO] [1768033891.434567345] [rtabmap]: rtabmap (789): Rate=0.50s, Limit=0.001s, Conversion=0.0002s, RTAB-Map=0.0231s, Maps update=0.0010s pub=0.0011s delay=0.0651s (local map=0, WM=0)
[superpoint_node-2] [INFO] [1768033891.516846776] [superpoint_node]: Keypoints estratti: 800
[superpoint_node-2] [ERROR] [1768033891.523852332] [superpoint_node]: Errore pubblicazione keypoints 3D: could not assign tuple of length 3 to structure with 4 fields.
[superpoint_node-2] [INFO] [1768033891.615824600] [superpoint_node]: Keypoints estratti: 800
[superpoint_node-2] [ERROR] [1768033891.622878378] [superpoint_node]: Errore pubblicazione keypoints 3D: could not assign tuple of length 3 to structure with 4 fields.
[superpoint_node-2] [INFO] [1768033891.714663996] [superpoint_node]: Keypoints estratti: 800
[superpoint_node-2] [ERROR] [1768033891.721937850] [superpoint_node]: Errore pubblicazione keypoints 3D: could not assign tuple of length 3 to structure with 4 fields.
[superpoint_node-2] [INFO] [1768033891.844610695] [superpoint_node]: Keypoints estratti: 800
[superpoint_node-2] [ERROR] [1768033891.852674260] [superpoint_node]: Errore pubblicazione keypoints 3D: could not assign tuple of length 3 to structure with 4 fields.
[superpoint_node-2] [INFO] [1768033891.945510182] [superpoint_node]: Keypoints estratti: 800
[superpoint_node-2] [ERROR] [1768033891.953780748] [superpoint_node]: Errore pubblicazione keypoints 3D: could not assign tuple of length 3 to structure with 4 fields.
[rtabmap-14] [INFO] [1768033891.960524857] [rtabmap]: rtabmap (790): Rate=0.50s, Limit=0.001s, Conversion=0.0002s, RTAB-Map=0.0438s, Maps update=0.0003s pub=0.0033s delay=0.0660s (local map=0, WM=0)
[superpoint_node-2] [INFO] [1768033892.042484138] [superpoint_node]: Keypoints estratti: 800
[superpoint_node-2] [ERROR] [1768033892.049988939] [superpoint_node]: Errore pubblicazione keypoints 3D: could not assign tuple of length 3 to structure with 4 fields.
[foxglove_bridge-12] [INFO] [1768033892.123674932] [foxglove_bridge]: received unsubscribe request for channel 61
[foxglove_bridge-12] [INFO] [1768033892.123809636] [foxglove_bridge]: Cleaned up subscription to topic /goal_out for client 1 on channel 61
[superpoint_node-2] [INFO] [1768033892.138770033] [superpoint_node]: Keypoints estratti: 800
[superpoint_node-2] [ERROR] [1768033892.147506102] [superpoint_node]: Errore pubblicazione keypoints 3D: could not assign tuple of length 3 to structure with 4 fields.
[foxglove_bridge-12] [INFO] [1768033892.161231804] [foxglove_bridge]: publishing connection graph
[superpoint_node-2] [INFO] [1768033892.316657224] [superpoint_node]: Keypoints estratti: 800
[superpoint_node-2] [ERROR] [1768033892.323802133] [superpoint_node]: Errore pubblicazione keypoints 3D: could not assign tuple of length 3 to structure with 4 fields.
[superpoint_node-2] [INFO] [1768033892.416795928] [superpoint_node]: Keypoints estratti: 800
[superpoint_node-2] [ERROR] [1768033892.423987633] [superpoint_node]: Errore pubblicazione keypoints 3D: could not assign tuple of length 3 to structure with 4 fields.
[superpoint_node-2] [INFO] [1768033892.515214691] [superpoint_node]: Keypoints estratti: 800
[superpoint_node-2] [ERROR] [1768033892.522436545] [superpoint_node]: Errore pubblicazione keypoints 3D: could not assign tuple of length 3 to structure with 4 fields.
[rtabmap-14] [INFO] [1768033892.564665140] [rtabmap]: rtabmap (791): Rate=0.50s, Limit=0.001s, Conversion=0.0004s, RTAB-Map=0.0461s, Maps update=0.0006s pub=0.0015s delay=0.0952s (local map=0, WM=0)
[superpoint_node-2] [INFO] [1768033892.615867324] [superpoint_node]: Keypoints estratti: 800
[superpoint_node-2] [ERROR] [1768033892.624318354] [superpoint_node]: Errore pubblicazione keypoints 3D: could not assign tuple of length 3 to structure with 4 fields.
[foxglove_bridge-12] [INFO] [1768033892.689573743] [foxglove_bridge]: publishing connection graph
[superpoint_node-2] [INFO] [1768033892.721762055] [superpoint_node]: Keypoints estratti: 800
[superpoint_node-2] [ERROR] [1768033892.729140502] [superpoint_node]: Errore pubblicazione keypoints 3D: could not assign tuple of length 3 to structure with 4 fields.
[superpoint_node-2] [INFO] [1768033892.815026129] [superpoint_node]: Keypoints estratti: 800
[superpoint_node-2] [ERROR] [1768033892.822100759] [superpoint_node]: Errore pubblicazione keypoints 3D: could not assign tuple of length 3 to structure with 4 fields.
[superpoint_node-2] [INFO] [1768033892.918540044] [superpoint_node]: Keypoints estratti: 800
[superpoint_node-2] [ERROR] [1768033892.925520674] [superpoint_node]: Errore pubblicazione keypoints 3D: could not assign tuple of length 3 to structure with 4 fields.
[superpoint_node-2] [INFO] [1768033893.015384906] [superpoint_node]: Keypoints estratti: 800
[superpoint_node-2] [ERROR] [1768033893.023851140] [superpoint_node]: Errore pubblicazione keypoints 3D: could not assign tuple of length 3 to structure with 4 fields.
[rtabmap-14] [INFO] [1768033893.041474966] [rtabmap]: rtabmap (792): Rate=0.50s, Limit=0.001s, Conversion=0.0003s, RTAB-Map=0.0300s, Maps update=0.0010s pub=0.0015s delay=0.0719s (local map=0, WM=0)
[superpoint_node-2] [INFO] [1768033893.117061529] [superpoint_node]: Keypoints estratti: 800
[superpoint_node-2] [ERROR] [1768033893.124011010] [superpoint_node]: Errore pubblicazione keypoints 3D: could not assign tuple of length 3 to structure with 4 fields.
[rtabmap-14] [33m[ WARN] (2026-01-10 09:31:28.669) OccupancyGrid.cpp:169::getProbMap() Map info is empty, cannot generate probabilistic occupancy grid[0m
[rtabmap-14] [33m[ WARN] (2026-01-10 09:31:28.795) CoreWrapper.cpp:1227::odomTFUpdate() Odometry is reset (identity pose detected). Increment map id![0m
[rtabmap-14] [33m[ WARN] (2026-01-10 09:31:29.264) OccupancyGrid.cpp:169::getProbMap() Map info is empty, cannot generate probabilistic occupancy grid[0m
[rtabmap-14] [33m[ WARN] (2026-01-10 09:31:29.767) OccupancyGrid.cpp:169::getProbMap() Map info is empty, cannot generate probabilistic occupancy grid[0m
[rtabmap-14] [33m[ WARN] (2026-01-10 09:31:30.358) OccupancyGrid.cpp:169::getProbMap() Map info is empty, cannot generate probabilistic occupancy grid[0m
[rtabmap-14] [33m[ WARN] (2026-01-10 09:31:30.834) OccupancyGrid.cpp:169::getProbMap() Map info is empty, cannot generate probabilistic occupancy grid[0m
[rtabmap-14] [33m[ WARN] (2026-01-10 09:31:31.433) OccupancyGrid.cpp:169::getProbMap() Map info is empty, cannot generate probabilistic occupancy grid[0m
[rtabmap-14] [33m[ WARN] (2026-01-10 09:31:31.957) OccupancyGrid.cpp:169::getProbMap() Map info is empty, cannot generate probabilistic occupancy grid[0m
[rtabmap-14] [33m[ WARN] (2026-01-10 09:31:32.201) CoreWrapper.cpp:1227::odomTFUpdate() Odometry is reset (identity pose detected). Increment map id![0m
[rtabmap-14] [33m[ WARN] (2026-01-10 09:31:32.563) OccupancyGrid.cpp:169::getProbMap() Map info is empty, cannot generate probabilistic occupancy grid[0m
[rtabmap-14] [33m[ WARN] (2026-01-10 09:31:33.040) OccupancyGrid.cpp:169::getProbMap() Map info is empty, cannot generate probabilistic occupancy grid[0m
[foxglove_bridge-12] [INFO] [1768033893.165229801] [foxglove_bridge]: received unsubscribe request for channel 40
[foxglove_bridge-12] [INFO] [1768033893.165318709] [foxglove_bridge]: Cleaned up subscription to topic /grid_prob_map for client 1 on channel 40
[foxglove_bridge-12] [INFO] [1768033893.213853132] [foxglove_bridge]: publishing connection graph
[superpoint_node-2] [INFO] [1768033893.219159729] [superpoint_node]: Keypoints estratti: 800
[superpoint_node-2] [ERROR] [1768033893.226025191] [superpoint_node]: Errore pubblicazione keypoints 3D: could not assign tuple of length 3 to structure with 4 fields.
[superpoint_node-2] [INFO] [1768033893.318483611] [superpoint_node]: Keypoints estratti: 800
[superpoint_node-2] [ERROR] [1768033893.325228517] [superpoint_node]: Errore pubblicazione keypoints 3D: could not assign tuple of length 3 to structure with 4 fields.
[superpoint_node-2] [INFO] [1768033893.414514023] [superpoint_node]: Keypoints estratti: 800
[superpoint_node-2] [ERROR] [1768033893.421438800] [superpoint_node]: Errore pubblicazione keypoints 3D: could not assign tuple of length 3 to structure with 4 fields.
[superpoint_node-2] [INFO] [1768033893.518221828] [superpoint_node]: Keypoints estratti: 800
[superpoint_node-2] [ERROR] [1768033893.525669035] [superpoint_node]: Errore pubblicazione keypoints 3D: could not assign tuple of length 3 to structure with 4 fields.
[rtabmap-14] [INFO] [1768033893.566156320] [rtabmap]: rtabmap (793): Rate=0.50s, Limit=0.001s, Conversion=0.0003s, RTAB-Map=0.0440s, Maps update=0.0003s pub=0.0018s delay=0.0963s (local map=0, WM=0)
[superpoint_node-2] [INFO] [1768033893.622016542] [superpoint_node]: Keypoints estratti: 800
[superpoint_node-2] [ERROR] [1768033893.629090931] [superpoint_node]: Errore pubblicazione keypoints 3D: could not assign tuple of length 3 to structure with 4 fields.
[superpoint_node-2] [INFO] [1768033893.719432038] [superpoint_node]: Keypoints estratti: 800
[superpoint_node-2] [ERROR] [1768033893.726194536] [superpoint_node]: Errore pubblicazione keypoints 3D: could not assign tuple of length 3 to structure with 4 fields.
[superpoint_node-2] [INFO] [1768033893.818384139] [superpoint_node]: Keypoints estratti: 800
[superpoint_node-2] [ERROR] [1768033893.825250972] [superpoint_node]: Errore pubblicazione keypoints 3D: could not assign tuple of length 3 to structure with 4 fields.
[superpoint_node-2] [INFO] [1768033893.921559367] [superpoint_node]: Keypoints estratti: 800
[superpoint_node-2] [ERROR] [1768033893.928381384] [superpoint_node]: Errore pubblicazione keypoints 3D: could not assign tuple of length 3 to structure with 4 fields.
[superpoint_node-2] [INFO] [1768033894.017607982] [superpoint_node]: Keypoints estratti: 800
[superpoint_node-2] [ERROR] [1768033894.024696168] [superpoint_node]: Errore pubblicazione keypoints 3D: could not assign tuple of length 3 to structure with 4 fields.
[rtabmap-14] [INFO] [1768033894.045894003] [rtabmap]: rtabmap (794): Rate=0.50s, Limit=0.001s, Conversion=0.0002s, RTAB-Map=0.0252s, Maps update=0.0003s pub=0.0012s delay=0.0729s (local map=0, WM=0)
[superpoint_node-2] [INFO] [1768033894.117177773] [superpoint_node]: Keypoints estratti: 800
[superpoint_node-2] [ERROR] [1768033894.124227366] [superpoint_node]: Errore pubblicazione keypoints 3D: could not assign tuple of length 3 to structure with 4 fields.
[superpoint_node-2] [INFO] [1768033894.218000667] [superpoint_node]: Keypoints estratti: 800
[superpoint_node-2] [ERROR] [1768033894.225028500] [superpoint_node]: Errore pubblicazione keypoints 3D: could not assign tuple of length 3 to structure with 4 fields.
[superpoint_node-2] [INFO] [1768033894.319381972] [superpoint_node]: Keypoints estratti: 800
[foxglove_bridge-12] [INFO] [1768033894.319946403] [foxglove_bridge]: received unsubscribe request for channel 55
[foxglove_bridge-12] [INFO] [1768033894.320080404] [foxglove_bridge]: Cleaned up subscription to topic /initialpose for client 1 on channel 55
[superpoint_node-2] [ERROR] [1768033894.326766642] [superpoint_node]: Errore pubblicazione keypoints 3D: could not assign tuple of length 3 to structure with 4 fields.
[foxglove_bridge-12] [INFO] [1768033894.371448571] [foxglove_bridge]: publishing connection graph
[superpoint_node-2] [INFO] [1768033894.418226147] [superpoint_node]: Keypoints estratti: 800
[superpoint_node-2] [ERROR] [1768033894.425146054] [superpoint_node]: Errore pubblicazione keypoints 3D: could not assign tuple of length 3 to structure with 4 fields.
[superpoint_node-2] [INFO] [1768033894.517897994] [superpoint_node]: Keypoints estratti: 800
[superpoint_node-2] [ERROR] [1768033894.524753216] [superpoint_node]: Errore pubblicazione keypoints 3D: could not assign tuple of length 3 to structure with 4 fields.
[superpoint_node-2] [INFO] [1768033894.615470362] [superpoint_node]: Keypoints estratti: 800
[superpoint_node-2] [ERROR] [1768033894.622780809] [superpoint_node]: Errore pubblicazione keypoints 3D: could not assign tuple of length 3 to structure with 4 fields.
[rtabmap-14] [INFO] [1768033894.640702563] [rtabmap]: rtabmap (795): Rate=0.50s, Limit=0.001s, Conversion=0.0003s, RTAB-Map=0.0244s, Maps update=0.0012s pub=0.0015s delay=0.0713s (local map=0, WM=0)
[superpoint_node-2] [INFO] [1768033894.715301674] [superpoint_node]: Keypoints estratti: 800
[superpoint_node-2] [ERROR] [1768033894.722516972] [superpoint_node]: Errore pubblicazione keypoints 3D: could not assign tuple of length 3 to structure with 4 fields.
[superpoint_node-2] [INFO] [1768033894.817160224] [superpoint_node]: Keypoints estratti: 800
[superpoint_node-2] [ERROR] [1768033894.824165780] [superpoint_node]: Errore pubblicazione keypoints 3D: could not assign tuple of length 3 to structure with 4 fields.
[foxglove_bridge-12] [INFO] [1768033894.898523556] [foxglove_bridge]: publishing connection graph
[superpoint_node-2] [INFO] [1768033894.916521995] [superpoint_node]: Keypoints estratti: 800
[superpoint_node-2] [ERROR] [1768033894.923720108] [superpoint_node]: Errore pubblicazione keypoints 3D: could not assign tuple of length 3 to structure with 4 fields.
[superpoint_node-2] [INFO] [1768033895.015905156] [superpoint_node]: Keypoints estratti: 800
[superpoint_node-2] [ERROR] [1768033895.023069527] [superpoint_node]: Errore pubblicazione keypoints 3D: could not assign tuple of length 3 to structure with 4 fields.
[superpoint_node-2] [INFO] [1768033895.120076854] [superpoint_node]: Keypoints estratti: 800
[superpoint_node-2] [ERROR] [1768033895.127335041] [superpoint_node]: Errore pubblicazione keypoints 3D: could not assign tuple of length 3 to structure with 4 fields.
[rtabmap-14] [INFO] [1768033895.166354388] [rtabmap]: rtabmap (796): Rate=0.50s, Limit=0.001s, Conversion=0.0010s, RTAB-Map=0.0505s, Maps update=0.0010s pub=0.0023s delay=0.0969s (local map=0, WM=0)
[superpoint_node-2] [INFO] [1768033895.220174760] [superpoint_node]: Keypoints estratti: 800
[superpoint_node-2] [ERROR] [1768033895.227626764] [superpoint_node]: Errore pubblicazione keypoints 3D: could not assign tuple of length 3 to structure with 4 fields.
[superpoint_node-2] [INFO] [1768033895.316920548] [superpoint_node]: Keypoints estratti: 800
[superpoint_node-2] [ERROR] [1768033895.323940622] [superpoint_node]: Errore pubblicazione keypoints 3D: could not assign tuple of length 3 to structure with 4 fields.
[superpoint_node-2] [INFO] [1768033895.420091553] [superpoint_node]: Keypoints estratti: 800
[superpoint_node-2] [ERROR] [1768033895.427790132] [superpoint_node]: Errore pubblicazione keypoints 3D: could not assign tuple of length 3 to structure with 4 fields.
[superpoint_node-2] [INFO] [1768033895.516989156] [superpoint_node]: Keypoints estratti: 800
[superpoint_node-2] [ERROR] [1768033895.524741014] [superpoint_node]: Errore pubblicazione keypoints 3D: could not assign tuple of length 3 to structure with 4 fields.
[superpoint_node-2] [INFO] [1768033895.615335697] [superpoint_node]: Keypoints estratti: 800
[superpoint_node-2] [ERROR] [1768033895.622439642] [superpoint_node]: Errore pubblicazione keypoints 3D: could not assign tuple of length 3 to structure with 4 fields.
[superpoint_node-2] [INFO] [1768033895.717673621] [superpoint_node]: Keypoints estratti: 800
[superpoint_node-2] [ERROR] [1768033895.725759556] [superpoint_node]: Errore pubblicazione keypoints 3D: could not assign tuple of length 3 to structure with 4 fields.
[rtabmap-14] [INFO] [1768033895.739234459] [rtabmap]: rtabmap (797): Rate=0.50s, Limit=0.001s, Conversion=0.0002s, RTAB-Map=0.0285s, Maps update=0.0007s pub=0.0017s delay=0.0697s (local map=0, WM=0)
[superpoint_node-2] [INFO] [1768033895.853967815] [superpoint_node]: Keypoints estratti: 800
[superpoint_node-2] [ERROR] [1768033895.861056946] [superpoint_node]: Errore pubblicazione keypoints 3D: could not assign tuple of length 3 to structure with 4 fields.
[superpoint_node-2] [INFO] [1768033895.946287382] [superpoint_node]: Keypoints estratti: 800
[superpoint_node-2] [ERROR] [1768033895.953611885] [superpoint_node]: Errore pubblicazione keypoints 3D: could not assign tuple of length 3 to structure with 4 fields.
[superpoint_node-2] [INFO] [1768033896.039450789] [superpoint_node]: Keypoints estratti: 800
[superpoint_node-2] [ERROR] [1768033896.046992831] [superpoint_node]: Errore pubblicazione keypoints 3D: could not assign tuple of length 3 to structure with 4 fields.
[superpoint_node-2] [INFO] [1768033896.134085208] [superpoint_node]: Keypoints estratti: 800
[superpoint_node-2] [ERROR] [1768033896.141617083] [superpoint_node]: Errore pubblicazione keypoints 3D: could not assign tuple of length 3 to structure with 4 fields.
[rtabmap-14] [INFO] [1768033896.242493884] [rtabmap]: rtabmap (798): Rate=0.50s, Limit=0.001s, Conversion=0.0002s, RTAB-Map=0.0387s, Maps update=0.0003s pub=0.0042s delay=0.0593s (local map=0, WM=0)
[superpoint_node-2] [INFO] [1768033896.316443954] [superpoint_node]: Keypoints estratti: 800
[superpoint_node-2] [ERROR] [1768033896.323578436] [superpoint_node]: Errore pubblicazione keypoints 3D: could not assign tuple of length 3 to structure with 4 fields.
[superpoint_node-2] [INFO] [1768033896.417144235] [superpoint_node]: Keypoints estratti: 800
[superpoint_node-2] [ERROR] [1768033896.424090179] [superpoint_node]: Errore pubblicazione keypoints 3D: could not assign tuple of length 3 to structure with 4 fields.
[superpoint_node-2] [INFO] [1768033896.515203774] [superpoint_node]: Keypoints estratti: 800
[superpoint_node-2] [ERROR] [1768033896.522107199] [superpoint_node]: Errore pubblicazione keypoints 3D: could not assign tuple of length 3 to structure with 4 fields.
[superpoint_node-2] [INFO] [1768033896.615611535] [superpoint_node]: Keypoints estratti: 800
[superpoint_node-2] [ERROR] [1768033896.622404033] [superpoint_node]: Errore pubblicazione keypoints 3D: could not assign tuple of length 3 to structure with 4 fields.
[superpoint_node-2] [INFO] [1768033896.715287068] [superpoint_node]: Keypoints estratti: 800
[superpoint_node-2] [ERROR] [1768033896.722456680] [superpoint_node]: Errore pubblicazione keypoints 3D: could not assign tuple of length 3 to structure with 4 fields.
[superpoint_node-2] [INFO] [1768033896.818998299] [superpoint_node]: Keypoints estratti: 800
[superpoint_node-2] [ERROR] [1768033896.827716905] [superpoint_node]: Errore pubblicazione keypoints 3D: could not assign tuple of length 3 to structure with 4 fields.
[rtabmap-14] [INFO] [1768033896.860602315] [rtabmap]: rtabmap (799): Rate=0.50s, Limit=0.001s, Conversion=0.0005s, RTAB-Map=0.0407s, Maps update=0.0023s pub=0.0052s delay=0.0910s (local map=0, WM=0)
[superpoint_node-2] [INFO] [1768033896.918863315] [superpoint_node]: Keypoints estratti: 800
[superpoint_node-2] [ERROR] [1768033896.925516923] [superpoint_node]: Errore pubblicazione keypoints 3D: could not assign tuple of length 3 to structure with 4 fields.
[superpoint_node-2] [INFO] [1768033897.015090506] [superpoint_node]: Keypoints estratti: 800
[superpoint_node-2] [ERROR] [1768033897.021988153] [superpoint_node]: Errore pubblicazione keypoints 3D: could not assign tuple of length 3 to structure with 4 fields.
[superpoint_node-2] [INFO] [1768033897.117222651] [superpoint_node]: Keypoints estratti: 800
[superpoint_node-2] [ERROR] [1768033897.124904804] [superpoint_node]: Errore pubblicazione keypoints 3D: could not assign tuple of length 3 to structure with 4 fields.
[superpoint_node-2] [INFO] [1768033897.215850582] [superpoint_node]: Keypoints estratti: 800
[superpoint_node-2] [ERROR] [1768033897.222865416] [superpoint_node]: Errore pubblicazione keypoints 3D: could not assign tuple of length 3 to structure with 4 fields.
[superpoint_node-2] [INFO] [1768033897.315786858] [superpoint_node]: Keypoints estratti: 800
[superpoint_node-2] [ERROR] [1768033897.322790414] [superpoint_node]: Errore pubblicazione keypoints 3D: could not assign tuple of length 3 to structure with 4 fields.
[superpoint_node-2] [INFO] [1768033897.418058763] [superpoint_node]: Keypoints estratti: 800
[superpoint_node-2] [ERROR] [1768033897.427029835] [superpoint_node]: Errore pubblicazione keypoints 3D: could not assign tuple of length 3 to structure with 4 fields.
[rtabmap-14] [INFO] [1768033897.444755957] [rtabmap]: rtabmap (800): Rate=0.50s, Limit=0.001s, Conversion=0.0002s, RTAB-Map=0.0313s, Maps update=0.0002s pub=0.0008s delay=0.0750s (local map=0, WM=0)
[superpoint_node-2] [INFO] [1768033897.516304581] [superpoint_node]: Keypoints estratti: 800
[superpoint_node-2] [ERROR] [1768033897.523216081] [superpoint_node]: Errore pubblicazione keypoints 3D: could not assign tuple of length 3 to structure with 4 fields.
[superpoint_node-2] [INFO] [1768033897.619560013] [superpoint_node]: Keypoints estratti: 800
[superpoint_node-2] [ERROR] [1768033897.626648273] [superpoint_node]: Errore pubblicazione keypoints 3D: could not assign tuple of length 3 to structure with 4 fields.
[superpoint_node-2] [INFO] [1768033897.718221723] [superpoint_node]: Keypoints estratti: 800
[superpoint_node-2] [ERROR] [1768033897.725235816] [superpoint_node]: Errore pubblicazione keypoints 3D: could not assign tuple of length 3 to structure with 4 fields.
[superpoint_node-2] [INFO] [1768033897.820620740] [superpoint_node]: Keypoints estratti: 800
[superpoint_node-2] [ERROR] [1768033897.827380072] [superpoint_node]: Errore pubblicazione keypoints 3D: could not assign tuple of length 3 to structure with 4 fields.
[superpoint_node-2] [INFO] [1768033897.916145055] [superpoint_node]: Keypoints estratti: 800
[superpoint_node-2] [ERROR] [1768033897.923507521] [superpoint_node]: Errore pubblicazione keypoints 3D: could not assign tuple of length 3 to structure with 4 fields.
[rtabmap-14] [INFO] [1768033897.956724600] [rtabmap]: rtabmap (801): Rate=0.50s, Limit=0.001s, Conversion=0.0003s, RTAB-Map=0.0368s, Maps update=0.0008s pub=0.0033s delay=0.0858s (local map=0, WM=0)
[superpoint_node-2] [INFO] [1768033898.016161276] [superpoint_node]: Keypoints estratti: 800
[superpoint_node-2] [ERROR] [1768033898.023428593] [superpoint_node]: Errore pubblicazione keypoints 3D: could not assign tuple of length 3 to structure with 4 fields.
[superpoint_node-2] [INFO] [1768033898.120764681] [superpoint_node]: Keypoints estratti: 800
[superpoint_node-2] [ERROR] [1768033898.127767922] [superpoint_node]: Errore pubblicazione keypoints 3D: could not assign tuple of length 3 to structure with 4 fields.
[rtabmap-14] [33m[ WARN] (2026-01-10 09:31:36.197) CoreWrapper.cpp:1227::odomTFUpdate() Odometry is reset (identity pose detected). Increment map id![0m
[superpoint_node-2] [INFO] [1768033898.217645340] [superpoint_node]: Keypoints estratti: 800
[superpoint_node-2] [ERROR] [1768033898.224831138] [superpoint_node]: Errore pubblicazione keypoints 3D: could not assign tuple of length 3 to structure with 4 fields.
[superpoint_node-2] [INFO] [1768033898.318199528] [superpoint_node]: Keypoints estratti: 800
[superpoint_node-2] [ERROR] [1768033898.325082471] [superpoint_node]: Errore pubblicazione keypoints 3D: could not assign tuple of length 3 to structure with 4 fields.
[superpoint_node-2] [INFO] [1768033898.416429290] [superpoint_node]: Keypoints estratti: 800
[superpoint_node-2] [ERROR] [1768033898.424034443] [superpoint_node]: Errore pubblicazione keypoints 3D: could not assign tuple of length 3 to structure with 4 fields.
[superpoint_node-2] [INFO] [1768033898.517931523] [superpoint_node]: Keypoints estratti: 800
[superpoint_node-2] [ERROR] [1768033898.525251470] [superpoint_node]: Errore pubblicazione keypoints 3D: could not assign tuple of length 3 to structure with 4 fields.
[rtabmap-14] [INFO] [1768033898.567837049] [rtabmap]: rtabmap (802): Rate=0.50s, Limit=0.001s, Conversion=0.0005s, RTAB-Map=0.0427s, Maps update=0.0009s pub=0.0034s delay=0.0983s (local map=0, WM=0)
[superpoint_node-2] [INFO] [1768033898.624147700] [superpoint_node]: Keypoints estratti: 800
[superpoint_node-2] [ERROR] [1768033898.631337202] [superpoint_node]: Errore pubblicazione keypoints 3D: could not assign tuple of length 3 to structure with 4 fields.
[superpoint_node-2] [INFO] [1768033898.719707774] [superpoint_node]: Keypoints estratti: 800
[superpoint_node-2] [ERROR] [1768033898.726696830] [superpoint_node]: Errore pubblicazione keypoints 3D: could not assign tuple of length 3 to structure with 4 fields.
[superpoint_node-2] [INFO] [1768033898.819195491] [superpoint_node]: Keypoints estratti: 800
[superpoint_node-2] [ERROR] [1768033898.826351825] [superpoint_node]: Errore pubblicazione keypoints 3D: could not assign tuple of length 3 to structure with 4 fields.
[superpoint_node-2] [INFO] [1768033898.916485671] [superpoint_node]: Keypoints estratti: 800
[superpoint_node-2] [ERROR] [1768033898.923489245] [superpoint_node]: Errore pubblicazione keypoints 3D: could not assign tuple of length 3 to structure with 4 fields.
[superpoint_node-2] [INFO] [1768033899.015205604] [superpoint_node]: Keypoints estratti: 800
[superpoint_node-2] [ERROR] [1768033899.022646348] [superpoint_node]: Errore pubblicazione keypoints 3D: could not assign tuple of length 3 to structure with 4 fields.
[superpoint_node-2] [INFO] [1768033899.116356797] [superpoint_node]: Keypoints estratti: 800
[superpoint_node-2] [ERROR] [1768033899.123928746] [superpoint_node]: Errore pubblicazione keypoints 3D: could not assign tuple of length 3 to structure with 4 fields.
[rtabmap-14] [INFO] [1768033899.162520960] [rtabmap]: rtabmap (803): Rate=0.50s, Limit=0.001s, Conversion=0.0002s, RTAB-Map=0.0426s, Maps update=0.0020s pub=0.0035s delay=0.0930s (local map=0, WM=0)
[superpoint_node-2] [INFO] [1768033899.215925681] [superpoint_node]: Keypoints estratti: 800
[superpoint_node-2] [ERROR] [1768033899.223780817] [superpoint_node]: Errore pubblicazione keypoints 3D: could not assign tuple of length 3 to structure with 4 fields.
[superpoint_node-2] [INFO] [1768033899.316221311] [superpoint_node]: Keypoints estratti: 800
[superpoint_node-2] [ERROR] [1768033899.323088421] [superpoint_node]: Errore pubblicazione keypoints 3D: could not assign tuple of length 3 to structure with 4 fields.
[superpoint_node-2] [INFO] [1768033899.416075864] [superpoint_node]: Keypoints estratti: 800
[superpoint_node-2] [ERROR] [1768033899.423209865] [superpoint_node]: Errore pubblicazione keypoints 3D: could not assign tuple of length 3 to structure with 4 fields.
[superpoint_node-2] [INFO] [1768033899.517673116] [superpoint_node]: Keypoints estratti: 800
[superpoint_node-2] [ERROR] [1768033899.524584022] [superpoint_node]: Errore pubblicazione keypoints 3D: could not assign tuple of length 3 to structure with 4 fields.
[superpoint_node-2] [INFO] [1768033899.614925444] [superpoint_node]: Keypoints estratti: 800
[superpoint_node-2] [ERROR] [1768033899.621853258] [superpoint_node]: Errore pubblicazione keypoints 3D: could not assign tuple of length 3 to structure with 4 fields.
[superpoint_node-2] [INFO] [1768033899.718831881] [superpoint_node]: Keypoints estratti: 800
[superpoint_node-2] [ERROR] [1768033899.726450275] [superpoint_node]: Errore pubblicazione keypoints 3D: could not assign tuple of length 3 to structure with 4 fields.
[rtabmap-14] [INFO] [1768033899.750112518] [rtabmap]: rtabmap (804): Rate=0.50s, Limit=0.001s, Conversion=0.0005s, RTAB-Map=0.0371s, Maps update=0.0003s pub=0.0013s delay=0.0805s (local map=0, WM=0)
[superpoint_node-2] [INFO] [1768033899.818944510] [superpoint_node]: Keypoints estratti: 800
[superpoint_node-2] [ERROR] [1768033899.825874991] [superpoint_node]: Errore pubblicazione keypoints 3D: could not assign tuple of length 3 to structure with 4 fields.
[superpoint_node-2] [INFO] [1768033899.914592640] [superpoint_node]: Keypoints estratti: 800
[superpoint_node-2] [ERROR] [1768033899.921706197] [superpoint_node]: Errore pubblicazione keypoints 3D: could not assign tuple of length 3 to structure with 4 fields.
[superpoint_node-2] [INFO] [1768033900.015673555] [superpoint_node]: Keypoints estratti: 800
[superpoint_node-2] [ERROR] [1768033900.023058965] [superpoint_node]: Errore pubblicazione keypoints 3D: could not assign tuple of length 3 to structure with 4 fields.
[superpoint_node-2] [INFO] [1768033900.114118633] [superpoint_node]: Keypoints estratti: 800
[superpoint_node-2] [ERROR] [1768033900.121125652] [superpoint_node]: Errore pubblicazione keypoints 3D: could not assign tuple of length 3 to structure with 4 fields.
[superpoint_node-2] [INFO] [1768033900.215903090] [superpoint_node]: Keypoints estratti: 800
[superpoint_node-2] [ERROR] [1768033900.222881812] [superpoint_node]: Errore pubblicazione keypoints 3D: could not assign tuple of length 3 to structure with 4 fields.
[superpoint_node-2] [INFO] [1768033900.316299351] [superpoint_node]: Keypoints estratti: 800
[superpoint_node-2] [ERROR] [1768033900.324722381] [superpoint_node]: Errore pubblicazione keypoints 3D: could not assign tuple of length 3 to structure with 4 fields.
[rtabmap-14] [INFO] [1768033900.331939050] [rtabmap]: rtabmap (805): Rate=0.50s, Limit=0.001s, Conversion=0.0003s, RTAB-Map=0.0225s, Maps update=0.0002s pub=0.0008s delay=0.0624s (local map=0, WM=0)
[superpoint_node-2] [INFO] [1768033900.415279582] [superpoint_node]: Keypoints estratti: 800
[superpoint_node-2] [ERROR] [1768033900.422889495] [superpoint_node]: Errore pubblicazione keypoints 3D: could not assign tuple of length 3 to structure with 4 fields.
[superpoint_node-2] [INFO] [1768033900.518090862] [superpoint_node]: Keypoints estratti: 800
[superpoint_node-2] [ERROR] [1768033900.525034732] [superpoint_node]: Errore pubblicazione keypoints 3D: could not assign tuple of length 3 to structure with 4 fields.
[superpoint_node-2] [INFO] [1768033900.616238698] [superpoint_node]: Keypoints estratti: 800
[superpoint_node-2] [ERROR] [1768033900.624510301] [superpoint_node]: Errore pubblicazione keypoints 3D: could not assign tuple of length 3 to structure with 4 fields.
[superpoint_node-2] [INFO] [1768033900.715255096] [superpoint_node]: Keypoints estratti: 800
[superpoint_node-2] [ERROR] [1768033900.724167444] [superpoint_node]: Errore pubblicazione keypoints 3D: could not assign tuple of length 3 to structure with 4 fields.
[superpoint_node-2] [INFO] [1768033900.823284047] [superpoint_node]: Keypoints estratti: 800
[superpoint_node-2] [ERROR] [1768033900.830286677] [superpoint_node]: Errore pubblicazione keypoints 3D: could not assign tuple of length 3 to structure with 4 fields.
[rtabmap-14] [INFO] [1768033900.869191615] [rtabmap]: rtabmap (806): Rate=0.50s, Limit=0.001s, Conversion=0.0002s, RTAB-Map=0.0242s, Maps update=0.0003s pub=0.0010s delay=0.0923s (local map=0, WM=0)
[superpoint_node-2] [INFO] [1768033900.924671630] [superpoint_node]: Keypoints estratti: 800
[superpoint_node-2] [ERROR] [1768033900.931655019] [superpoint_node]: Errore pubblicazione keypoints 3D: could not assign tuple of length 3 to structure with 4 fields.
[superpoint_node-2] [INFO] [1768033901.022827559] [superpoint_node]: Keypoints estratti: 800
[superpoint_node-2] [ERROR] [1768033901.029920726] [superpoint_node]: Errore pubblicazione keypoints 3D: could not assign tuple of length 3 to structure with 4 fields.
[superpoint_node-2] [INFO] [1768033901.122559888] [superpoint_node]: Keypoints estratti: 800
[superpoint_node-2] [ERROR] [1768033901.129458350] [superpoint_node]: Errore pubblicazione keypoints 3D: could not assign tuple of length 3 to structure with 4 fields.
[superpoint_node-2] [INFO] [1768033901.219321898] [superpoint_node]: Keypoints estratti: 800
[superpoint_node-2] [ERROR] [1768033901.226361102] [superpoint_node]: Errore pubblicazione keypoints 3D: could not assign tuple of length 3 to structure with 4 fields.
[superpoint_node-2] [INFO] [1768033901.316118426] [superpoint_node]: Keypoints estratti: 800
[superpoint_node-2] [ERROR] [1768033901.323303780] [superpoint_node]: Errore pubblicazione keypoints 3D: could not assign tuple of length 3 to structure with 4 fields.
[superpoint_node-2] [INFO] [1768033901.418597296] [superpoint_node]: Keypoints estratti: 800
[superpoint_node-2] [ERROR] [1768033901.425747261] [superpoint_node]: Errore pubblicazione keypoints 3D: could not assign tuple of length 3 to structure with 4 fields.
[rtabmap-14] [INFO] [1768033901.458865690] [rtabmap]: rtabmap (807): Rate=0.50s, Limit=0.001s, Conversion=0.0006s, RTAB-Map=0.0437s, Maps update=0.0003s pub=0.0024s delay=0.0894s (local map=0, WM=0)
[superpoint_node-2] [INFO] [1768033901.523261239] [superpoint_node]: Keypoints estratti: 800
[superpoint_node-2] [ERROR] [1768033901.530387277] [superpoint_node]: Errore pubblicazione keypoints 3D: could not assign tuple of length 3 to structure with 4 fields.
[superpoint_node-2] [INFO] [1768033901.619118853] [superpoint_node]: Keypoints estratti: 800
[superpoint_node-2] [ERROR] [1768033901.626095353] [superpoint_node]: Errore pubblicazione keypoints 3D: could not assign tuple of length 3 to structure with 4 fields.
[superpoint_node-2] [INFO] [1768033901.718021546] [superpoint_node]: Keypoints estratti: 800
[superpoint_node-2] [ERROR] [1768033901.725032195] [superpoint_node]: Errore pubblicazione keypoints 3D: could not assign tuple of length 3 to structure with 4 fields.
[superpoint_node-2] [INFO] [1768033901.817591727] [superpoint_node]: Keypoints estratti: 800
[superpoint_node-2] [ERROR] [1768033901.824528726] [superpoint_node]: Errore pubblicazione keypoints 3D: could not assign tuple of length 3 to structure with 4 fields.
[superpoint_node-2] [INFO] [1768033901.916635069] [superpoint_node]: Keypoints estratti: 800
[superpoint_node-2] [ERROR] [1768033901.923762107] [superpoint_node]: Errore pubblicazione keypoints 3D: could not assign tuple of length 3 to structure with 4 fields.
[superpoint_node-2] [INFO] [1768033902.016348769] [superpoint_node]: Keypoints estratti: 800
[superpoint_node-2] [ERROR] [1768033902.024944282] [superpoint_node]: Errore pubblicazione keypoints 3D: could not assign tuple of length 3 to structure with 4 fields.
[rtabmap-14] [INFO] [1768033902.033040679] [rtabmap]: rtabmap (808): Rate=0.50s, Limit=0.001s, Conversion=0.0003s, RTAB-Map=0.0230s, Maps update=0.0003s pub=0.0008s delay=0.0635s (local map=0, WM=0)
[superpoint_node-2] [INFO] [1768033902.119434977] [superpoint_node]: Keypoints estratti: 800
[superpoint_node-2] [ERROR] [1768033902.127564783] [superpoint_node]: Errore pubblicazione keypoints 3D: could not assign tuple of length 3 to structure with 4 fields.
[superpoint_node-2] [INFO] [1768033902.219087954] [superpoint_node]: Keypoints estratti: 800
[superpoint_node-2] [ERROR] [1768033902.226250771] [superpoint_node]: Errore pubblicazione keypoints 3D: could not assign tuple of length 3 to structure with 4 fields.
[superpoint_node-2] [INFO] [1768033902.319709106] [superpoint_node]: Keypoints estratti: 800
[superpoint_node-2] [ERROR] [1768033902.326685180] [superpoint_node]: Errore pubblicazione keypoints 3D: could not assign tuple of length 3 to structure with 4 fields.
[superpoint_node-2] [INFO] [1768033902.418096721] [superpoint_node]: Keypoints estratti: 800
[superpoint_node-2] [ERROR] [1768033902.425040073] [superpoint_node]: Errore pubblicazione keypoints 3D: could not assign tuple of length 3 to structure with 4 fields.
[superpoint_node-2] [INFO] [1768033902.517794680] [superpoint_node]: Keypoints estratti: 800
[superpoint_node-2] [ERROR] [1768033902.526439656] [superpoint_node]: Errore pubblicazione keypoints 3D: could not assign tuple of length 3 to structure with 4 fields.
[superpoint_node-2] [INFO] [1768033902.618625407] [superpoint_node]: Keypoints estratti: 800
[superpoint_node-2] [ERROR] [1768033902.625669297] [superpoint_node]: Errore pubblicazione keypoints 3D: could not assign tuple of length 3 to structure with 4 fields.
[rtabmap-14] [INFO] [1768033902.640650564] [rtabmap]: rtabmap (809): Rate=0.50s, Limit=0.001s, Conversion=0.0003s, RTAB-Map=0.0232s, Maps update=0.0002s pub=0.0009s delay=0.0712s (local map=0, WM=0)
[superpoint_node-2] [INFO] [1768033902.722071878] [superpoint_node]: Keypoints estratti: 800
[superpoint_node-2] [ERROR] [1768033902.733429931] [superpoint_node]: Errore pubblicazione keypoints 3D: could not assign tuple of length 3 to structure with 4 fields.
[superpoint_node-2] [INFO] [1768033902.819674653] [superpoint_node]: Keypoints estratti: 800
[superpoint_node-2] [ERROR] [1768033902.826692765] [superpoint_node]: Errore pubblicazione keypoints 3D: could not assign tuple of length 3 to structure with 4 fields.
[superpoint_node-2] [INFO] [1768033902.917707173] [superpoint_node]: Keypoints estratti: 800
[superpoint_node-2] [ERROR] [1768033902.925192603] [superpoint_node]: Errore pubblicazione keypoints 3D: could not assign tuple of length 3 to structure with 4 fields.
[superpoint_node-2] [INFO] [1768033903.015365597] [superpoint_node]: Keypoints estratti: 800
[superpoint_node-2] [ERROR] [1768033903.022357708] [superpoint_node]: Errore pubblicazione keypoints 3D: could not assign tuple of length 3 to structure with 4 fields.
[superpoint_node-2] [INFO] [1768033903.115517060] [superpoint_node]: Keypoints estratti: 800
[superpoint_node-2] [ERROR] [1768033903.122487060] [superpoint_node]: Errore pubblicazione keypoints 3D: could not assign tuple of length 3 to structure with 4 fields.
[superpoint_node-2] [INFO] [1768033903.215604985] [superpoint_node]: Keypoints estratti: 800
[superpoint_node-2] [ERROR] [1768033903.222686208] [superpoint_node]: Errore pubblicazione keypoints 3D: could not assign tuple of length 3 to structure with 4 fields.
[rtabmap-14] [INFO] [1768033903.255815934] [rtabmap]: rtabmap (810): Rate=0.50s, Limit=0.001s, Conversion=0.0008s, RTAB-Map=0.0361s, Maps update=0.0024s pub=0.0047s delay=0.0863s (local map=0, WM=0)
[superpoint_node-2] [INFO] [1768033903.317869131] [superpoint_node]: Keypoints estratti: 800
[superpoint_node-2] [ERROR] [1768033903.324705926] [superpoint_node]: Errore pubblicazione keypoints 3D: could not assign tuple of length 3 to structure with 4 fields.
[superpoint_node-2] [INFO] [1768033903.450086682] [superpoint_node]: Keypoints estratti: 800
[superpoint_node-2] [ERROR] [1768033903.457087552] [superpoint_node]: Errore pubblicazione keypoints 3D: could not assign tuple of length 3 to structure with 4 fields.
[superpoint_node-2] [INFO] [1768033903.545386476] [superpoint_node]: Keypoints estratti: 800
[superpoint_node-2] [ERROR] [1768033903.553372632] [superpoint_node]: Errore pubblicazione keypoints 3D: could not assign tuple of length 3 to structure with 4 fields.
[superpoint_node-2] [INFO] [1768033903.642067226] [superpoint_node]: Keypoints estratti: 800
[superpoint_node-2] [ERROR] [1768033903.649487822] [superpoint_node]: Errore pubblicazione keypoints 3D: could not assign tuple of length 3 to structure with 4 fields.
[superpoint_node-2] [INFO] [1768033903.741362793] [superpoint_node]: Keypoints estratti: 800
[superpoint_node-2] [ERROR] [1768033903.749086243] [superpoint_node]: Errore pubblicazione keypoints 3D: could not assign tuple of length 3 to structure with 4 fields.
[rtabmap-14] [INFO] [1768033903.760390574] [rtabmap]: rtabmap (811): Rate=0.50s, Limit=0.001s, Conversion=0.0007s, RTAB-Map=0.0417s, Maps update=0.0031s pub=0.0022s delay=0.0696s (local map=0, WM=0)
[superpoint_node-2] [INFO] [1768033903.839080884] [superpoint_node]: Keypoints estratti: 800
[superpoint_node-2] [ERROR] [1768033903.848499441] [superpoint_node]: Errore pubblicazione keypoints 3D: could not assign tuple of length 3 to structure with 4 fields.
[superpoint_node-2] [INFO] [1768033903.941899294] [superpoint_node]: Keypoints estratti: 800
[superpoint_node-2] [ERROR] [1768033903.949095203] [superpoint_node]: Errore pubblicazione keypoints 3D: could not assign tuple of length 3 to structure with 4 fields.
[superpoint_node-2] [INFO] [1768033904.038012576] [superpoint_node]: Keypoints estratti: 800
[superpoint_node-2] [ERROR] [1768033904.045887750] [superpoint_node]: Errore pubblicazione keypoints 3D: could not assign tuple of length 3 to structure with 4 fields.
[superpoint_node-2] [INFO] [1768033904.135502703] [superpoint_node]: Keypoints estratti: 800
[superpoint_node-2] [ERROR] [1768033904.142864910] [superpoint_node]: Errore pubblicazione keypoints 3D: could not assign tuple of length 3 to structure with 4 fields.
[superpoint_node-2] [INFO] [1768033904.321489348] [superpoint_node]: Keypoints estratti: 800
[superpoint_node-2] [ERROR] [1768033904.328776498] [superpoint_node]: Errore pubblicazione keypoints 3D: could not assign tuple of length 3 to structure with 4 fields.
[rtabmap-14] [INFO] [1768033904.333863057] [rtabmap]: rtabmap (812): Rate=0.50s, Limit=0.001s, Conversion=0.0011s, RTAB-Map=0.0422s, Maps update=0.0003s pub=0.0009s delay=0.0643s (local map=0, WM=0)
[superpoint_node-2] [INFO] [1768033904.421422216] [superpoint_node]: Keypoints estratti: 800
[superpoint_node-2] [ERROR] [1768033904.429036536] [superpoint_node]: Errore pubblicazione keypoints 3D: could not assign tuple of length 3 to structure with 4 fields.
[superpoint_node-2] [INFO] [1768033904.518401765] [superpoint_node]: Keypoints estratti: 800
[superpoint_node-2] [ERROR] [1768033904.525250708] [superpoint_node]: Errore pubblicazione keypoints 3D: could not assign tuple of length 3 to structure with 4 fields.
[superpoint_node-2] [INFO] [1768033904.622880854] [superpoint_node]: Keypoints estratti: 800
[superpoint_node-2] [ERROR] [1768033904.629971651] [superpoint_node]: Errore pubblicazione keypoints 3D: could not assign tuple of length 3 to structure with 4 fields.
[superpoint_node-2] [INFO] [1768033904.717290771] [superpoint_node]: Keypoints estratti: 800
[superpoint_node-2] [ERROR] [1768033904.724961666] [superpoint_node]: Errore pubblicazione keypoints 3D: could not assign tuple of length 3 to structure with 4 fields.
[superpoint_node-2] [INFO] [1768033904.816766228] [superpoint_node]: Keypoints estratti: 800
[superpoint_node-2] [ERROR] [1768033904.824973664] [superpoint_node]: Errore pubblicazione keypoints 3D: could not assign tuple of length 3 to structure with 4 fields.
[superpoint_node-2] [INFO] [1768033904.917598678] [superpoint_node]: Keypoints estratti: 800
[superpoint_node-2] [ERROR] [1768033904.925706928] [superpoint_node]: Errore pubblicazione keypoints 3D: could not assign tuple of length 3 to structure with 4 fields.
[rtabmap-14] [INFO] [1768033904.959462307] [rtabmap]: rtabmap (813): Rate=0.50s, Limit=0.001s, Conversion=0.0003s, RTAB-Map=0.0410s, Maps update=0.0020s pub=0.0010s delay=0.0900s (local map=0, WM=0)
[superpoint_node-2] [INFO] [1768033905.025006624] [superpoint_node]: Keypoints estratti: 800
[superpoint_node-2] [ERROR] [1768033905.031888975] [superpoint_node]: Errore pubblicazione keypoints 3D: could not assign tuple of length 3 to structure with 4 fields.
[superpoint_node-2] [INFO] [1768033905.121129314] [superpoint_node]: Keypoints estratti: 800
[superpoint_node-2] [ERROR] [1768033905.128799431] [superpoint_node]: Errore pubblicazione keypoints 3D: could not assign tuple of length 3 to structure with 4 fields.
[superpoint_node-2] [INFO] [1768033905.218993036] [superpoint_node]: Keypoints estratti: 800
[superpoint_node-2] [ERROR] [1768033905.225873832] [superpoint_node]: Errore pubblicazione keypoints 3D: could not assign tuple of length 3 to structure with 4 fields.
[superpoint_node-2] [INFO] [1768033905.316064215] [superpoint_node]: Keypoints estratti: 800
[superpoint_node-2] [ERROR] [1768033905.322982066] [superpoint_node]: Errore pubblicazione keypoints 3D: could not assign tuple of length 3 to structure with 4 fields.
[superpoint_node-2] [INFO] [1768033905.416726793] [superpoint_node]: Keypoints estratti: 800
[superpoint_node-2] [ERROR] [1768033905.423819923] [superpoint_node]: Errore pubblicazione keypoints 3D: could not assign tuple of length 3 to structure with 4 fields.
[rtabmap-14] [INFO] [1768033905.462179024] [rtabmap]: rtabmap (814): Rate=0.50s, Limit=0.001s, Conversion=0.0003s, RTAB-Map=0.0480s, Maps update=0.0003s pub=0.0010s delay=0.0926s (local map=0, WM=0)
[superpoint_node-2] [INFO] [1768033905.519054902] [superpoint_node]: Keypoints estratti: 800
[superpoint_node-2] [ERROR] [1768033905.526204644] [superpoint_node]: Errore pubblicazione keypoints 3D: could not assign tuple of length 3 to structure with 4 fields.
[superpoint_node-2] [INFO] [1768033905.620046075] [superpoint_node]: Keypoints estratti: 800
[superpoint_node-2] [ERROR] [1768033905.626803722] [superpoint_node]: Errore pubblicazione keypoints 3D: could not assign tuple of length 3 to structure with 4 fields.
[superpoint_node-2] [INFO] [1768033905.718499265] [superpoint_node]: Keypoints estratti: 800
[superpoint_node-2] [ERROR] [1768033905.725507969] [superpoint_node]: Errore pubblicazione keypoints 3D: could not assign tuple of length 3 to structure with 4 fields.
[superpoint_node-2] [INFO] [1768033905.819878164] [superpoint_node]: Keypoints estratti: 800
[superpoint_node-2] [ERROR] [1768033905.826779867] [superpoint_node]: Errore pubblicazione keypoints 3D: could not assign tuple of length 3 to structure with 4 fields.
[superpoint_node-2] [INFO] [1768033905.918916395] [superpoint_node]: Keypoints estratti: 800
[superpoint_node-2] [ERROR] [1768033905.926090063] [superpoint_node]: Errore pubblicazione keypoints 3D: could not assign tuple of length 3 to structure with 4 fields.
[superpoint_node-2] [INFO] [1768033906.016372003] [superpoint_node]: Keypoints estratti: 800
[superpoint_node-2] [ERROR] [1768033906.023932507] [superpoint_node]: Errore pubblicazione keypoints 3D: could not assign tuple of length 3 to structure with 4 fields.
[rtabmap-14] [INFO] [1768033906.059225584] [rtabmap]: rtabmap (815): Rate=0.50s, Limit=0.001s, Conversion=0.0006s, RTAB-Map=0.0413s, Maps update=0.0003s pub=0.0017s delay=0.0898s (local map=0, WM=0)
[superpoint_node-2] [INFO] [1768033906.120215236] [superpoint_node]: Keypoints estratti: 800
[superpoint_node-2] [ERROR] [1768033906.127177976] [superpoint_node]: Errore pubblicazione keypoints 3D: could not assign tuple of length 3 to structure with 4 fields.
[superpoint_node-2] [INFO] [1768033906.217339767] [superpoint_node]: Keypoints estratti: 800
[superpoint_node-2] [ERROR] [1768033906.224489175] [superpoint_node]: Errore pubblicazione keypoints 3D: could not assign tuple of length 3 to structure with 4 fields.
[superpoint_node-2] [INFO] [1768033906.314506132] [superpoint_node]: Keypoints estratti: 800
[superpoint_node-2] [ERROR] [1768033906.321616707] [superpoint_node]: Errore pubblicazione keypoints 3D: could not assign tuple of length 3 to structure with 4 fields.
[superpoint_node-2] [INFO] [1768033906.416258237] [superpoint_node]: Keypoints estratti: 800
[superpoint_node-2] [ERROR] [1768033906.423316330] [superpoint_node]: Errore pubblicazione keypoints 3D: could not assign tuple of length 3 to structure with 4 fields.
[superpoint_node-2] [INFO] [1768033906.516943333] [superpoint_node]: Keypoints estratti: 800
[superpoint_node-2] [ERROR] [1768033906.523799221] [superpoint_node]: Errore pubblicazione keypoints 3D: could not assign tuple of length 3 to structure with 4 fields.
[superpoint_node-2] [INFO] [1768033906.616791460] [superpoint_node]: Keypoints estratti: 800
[superpoint_node-2] [ERROR] [1768033906.625899032] [superpoint_node]: Errore pubblicazione keypoints 3D: could not assign tuple of length 3 to structure with 4 fields.
[rtabmap-14] [INFO] [1768033906.639508048] [rtabmap]: rtabmap (816): Rate=0.50s, Limit=0.001s, Conversion=0.0002s, RTAB-Map=0.0245s, Maps update=0.0007s pub=0.0011s delay=0.0699s (local map=0, WM=0)
[superpoint_node-2] [INFO] [1768033906.720045855] [superpoint_node]: Keypoints estratti: 800
[superpoint_node-2] [ERROR] [1768033906.726965780] [superpoint_node]: Errore pubblicazione keypoints 3D: could not assign tuple of length 3 to structure with 4 fields.
[superpoint_node-2] [INFO] [1768033906.851161008] [superpoint_node]: Keypoints estratti: 800
[superpoint_node-2] [ERROR] [1768033906.858108563] [superpoint_node]: Errore pubblicazione keypoints 3D: could not assign tuple of length 3 to structure with 4 fields.
[superpoint_node-2] [INFO] [1768033906.952290237] [superpoint_node]: Keypoints estratti: 800
[superpoint_node-2] [ERROR] [1768033906.959298164] [superpoint_node]: Errore pubblicazione keypoints 3D: could not assign tuple of length 3 to structure with 4 fields.
[superpoint_node-2] [INFO] [1768033907.047342197] [superpoint_node]: Keypoints estratti: 800
[superpoint_node-2] [ERROR] [1768033907.054475401] [superpoint_node]: Errore pubblicazione keypoints 3D: could not assign tuple of length 3 to structure with 4 fields.
[rtabmap-14] [INFO] [1768033907.140660475] [rtabmap]: rtabmap (817): Rate=0.50s, Limit=0.001s, Conversion=0.0002s, RTAB-Map=0.0274s, Maps update=0.0005s pub=0.0038s delay=0.0449s (local map=0, WM=0)
[superpoint_node-2] [INFO] [1768033907.146301594] [superpoint_node]: Keypoints estratti: 800
[superpoint_node-2] [ERROR] [1768033907.153742968] [superpoint_node]: Errore pubblicazione keypoints 3D: could not assign tuple of length 3 to structure with 4 fields.
[superpoint_node-2] [INFO] [1768033907.242648897] [superpoint_node]: Keypoints estratti: 800
[superpoint_node-2] [ERROR] [1768033907.250051974] [superpoint_node]: Errore pubblicazione keypoints 3D: could not assign tuple of length 3 to structure with 4 fields.
[superpoint_node-2] [INFO] [1768033907.338498770] [superpoint_node]: Keypoints estratti: 800
[superpoint_node-2] [ERROR] [1768033907.345767402] [superpoint_node]: Errore pubblicazione keypoints 3D: could not assign tuple of length 3 to structure with 4 fields.
[superpoint_node-2] [INFO] [1768033907.517537082] [superpoint_node]: Keypoints estratti: 800
[superpoint_node-2] [ERROR] [1768033907.524439025] [superpoint_node]: Errore pubblicazione keypoints 3D: could not assign tuple of length 3 to structure with 4 fields.
[superpoint_node-2] [INFO] [1768033907.618655219] [superpoint_node]: Keypoints estratti: 800
[superpoint_node-2] [ERROR] [1768033907.625466662] [superpoint_node]: Errore pubblicazione keypoints 3D: could not assign tuple of length 3 to structure with 4 fields.
[superpoint_node-2] [INFO] [1768033907.716538608] [superpoint_node]: Keypoints estratti: 800
[superpoint_node-2] [ERROR] [1768033907.723608368] [superpoint_node]: Errore pubblicazione keypoints 3D: could not assign tuple of length 3 to structure with 4 fields.
[rtabmap-14] [INFO] [1768033907.740520058] [rtabmap]: rtabmap (818): Rate=0.50s, Limit=0.001s, Conversion=0.0003s, RTAB-Map=0.0229s, Maps update=0.0003s pub=0.0019s delay=0.0710s (local map=0, WM=0)
[superpoint_node-2] [INFO] [1768033907.817227093] [superpoint_node]: Keypoints estratti: 800
[superpoint_node-2] [ERROR] [1768033907.824313853] [superpoint_node]: Errore pubblicazione keypoints 3D: could not assign tuple of length 3 to structure with 4 fields.
[superpoint_node-2] [INFO] [1768033907.918981568] [superpoint_node]: Keypoints estratti: 800
[superpoint_node-2] [ERROR] [1768033907.925990087] [superpoint_node]: Errore pubblicazione keypoints 3D: could not assign tuple of length 3 to structure with 4 fields.
[superpoint_node-2] [INFO] [1768033908.018949622] [superpoint_node]: Keypoints estratti: 800
[superpoint_node-2] [ERROR] [1768033908.026002604] [superpoint_node]: Errore pubblicazione keypoints 3D: could not assign tuple of length 3 to structure with 4 fields.
[superpoint_node-2] [INFO] [1768033908.115260869] [superpoint_node]: Keypoints estratti: 800
[superpoint_node-2] [ERROR] [1768033908.122418389] [superpoint_node]: Errore pubblicazione keypoints 3D: could not assign tuple of length 3 to structure with 4 fields.
[rtabmap-14] [33m[ WARN] (2026-01-10 09:31:44.193) CoreWrapper.cpp:1227::odomTFUpdate() Odometry is reset (identity pose detected). Increment map id![0m
[rtabmap-14] [33m[ WARN] (2026-01-10 09:31:47.397) CoreWrapper.cpp:1227::odomTFUpdate() Odometry is reset (identity pose detected). Increment map id![0m
[superpoint_node-2] [INFO] [1768033908.217091141] [superpoint_node]: Keypoints estratti: 800
[superpoint_node-2] [ERROR] [1768033908.224216013] [superpoint_node]: Errore pubblicazione keypoints 3D: could not assign tuple of length 3 to structure with 4 fields.
[superpoint_node-2] [INFO] [1768033908.317675274] [superpoint_node]: Keypoints estratti: 800
[superpoint_node-2] [ERROR] [1768033908.325097704] [superpoint_node]: Errore pubblicazione keypoints 3D: could not assign tuple of length 3 to structure with 4 fields.
[rtabmap-14] [INFO] [1768033908.364834927] [rtabmap]: rtabmap (819): Rate=0.50s, Limit=0.001s, Conversion=0.0002s, RTAB-Map=0.0429s, Maps update=0.0006s pub=0.0009s delay=0.0954s (local map=0, WM=0)
[superpoint_node-2] [INFO] [1768033908.422168234] [superpoint_node]: Keypoints estratti: 800
[superpoint_node-2] [ERROR] [1768033908.429016770] [superpoint_node]: Errore pubblicazione keypoints 3D: could not assign tuple of length 3 to structure with 4 fields.
[superpoint_node-2] [INFO] [1768033908.516347131] [superpoint_node]: Keypoints estratti: 800
[superpoint_node-2] [ERROR] [1768033908.523690504] [superpoint_node]: Errore pubblicazione keypoints 3D: could not assign tuple of length 3 to structure with 4 fields.
[superpoint_node-2] [INFO] [1768033908.616706447] [superpoint_node]: Keypoints estratti: 800
[superpoint_node-2] [ERROR] [1768033908.623645947] [superpoint_node]: Errore pubblicazione keypoints 3D: could not assign tuple of length 3 to structure with 4 fields.
[superpoint_node-2] [INFO] [1768033908.717224061] [superpoint_node]: Keypoints estratti: 800
[superpoint_node-2] [ERROR] [1768033908.724194098] [superpoint_node]: Errore pubblicazione keypoints 3D: could not assign tuple of length 3 to structure with 4 fields.
[superpoint_node-2] [INFO] [1768033908.816123847] [superpoint_node]: Keypoints estratti: 800
[superpoint_node-2] [ERROR] [1768033908.823459350] [superpoint_node]: Errore pubblicazione keypoints 3D: could not assign tuple of length 3 to structure with 4 fields.
[rtabmap-14] [INFO] [1768033908.865376368] [rtabmap]: rtabmap (820): Rate=0.50s, Limit=0.001s, Conversion=0.0003s, RTAB-Map=0.0428s, Maps update=0.0003s pub=0.0048s delay=0.0959s (local map=0, WM=0)
[superpoint_node-2] [INFO] [1768033908.921360572] [superpoint_node]: Keypoints estratti: 800
[superpoint_node-2] [ERROR] [1768033908.928463388] [superpoint_node]: Errore pubblicazione keypoints 3D: could not assign tuple of length 3 to structure with 4 fields.
[superpoint_node-2] [INFO] [1768033909.017309723] [superpoint_node]: Keypoints estratti: 800
[superpoint_node-2] [ERROR] [1768033909.024746838] [superpoint_node]: Errore pubblicazione keypoints 3D: could not assign tuple of length 3 to structure with 4 fields.
[superpoint_node-2] [INFO] [1768033909.118495046] [superpoint_node]: Keypoints estratti: 800
[superpoint_node-2] [ERROR] [1768033909.125405212] [superpoint_node]: Errore pubblicazione keypoints 3D: could not assign tuple of length 3 to structure with 4 fields.
[superpoint_node-2] [INFO] [1768033909.219414589] [superpoint_node]: Keypoints estratti: 800
[superpoint_node-2] [ERROR] [1768033909.226271847] [superpoint_node]: Errore pubblicazione keypoints 3D: could not assign tuple of length 3 to structure with 4 fields.
[superpoint_node-2] [INFO] [1768033909.319040103] [superpoint_node]: Keypoints estratti: 800
[superpoint_node-2] [ERROR] [1768033909.326680997] [superpoint_node]: Errore pubblicazione keypoints 3D: could not assign tuple of length 3 to structure with 4 fields.
[superpoint_node-2] [INFO] [1768033909.423417044] [superpoint_node]: Keypoints estratti: 800
[rtabmap-14] [INFO] [1768033909.427670540] [rtabmap]: rtabmap (821): Rate=0.50s, Limit=0.001s, Conversion=0.0003s, RTAB-Map=0.0395s, Maps update=0.0031s pub=0.0013s delay=0.0583s (local map=0, WM=0)
[superpoint_node-2] [ERROR] [1768033909.432437782] [superpoint_node]: Errore pubblicazione keypoints 3D: could not assign tuple of length 3 to structure with 4 fields.
[superpoint_node-2] [INFO] [1768033909.523989917] [superpoint_node]: Keypoints estratti: 800
[superpoint_node-2] [ERROR] [1768033909.531617959] [superpoint_node]: Errore pubblicazione keypoints 3D: could not assign tuple of length 3 to structure with 4 fields.
[superpoint_node-2] [INFO] [1768033909.623745006] [superpoint_node]: Keypoints estratti: 800
[superpoint_node-2] [ERROR] [1768033909.630827192] [superpoint_node]: Errore pubblicazione keypoints 3D: could not assign tuple of length 3 to structure with 4 fields.
[superpoint_node-2] [INFO] [1768033909.719899363] [superpoint_node]: Keypoints estratti: 800
[superpoint_node-2] [ERROR] [1768033909.726704787] [superpoint_node]: Errore pubblicazione keypoints 3D: could not assign tuple of length 3 to structure with 4 fields.
[superpoint_node-2] [INFO] [1768033909.816951227] [superpoint_node]: Keypoints estratti: 800
[superpoint_node-2] [ERROR] [1768033909.824573325] [superpoint_node]: Errore pubblicazione keypoints 3D: could not assign tuple of length 3 to structure with 4 fields.
[superpoint_node-2] [INFO] [1768033909.914197407] [superpoint_node]: Keypoints estratti: 800
[superpoint_node-2] [ERROR] [1768033909.921501206] [superpoint_node]: Errore pubblicazione keypoints 3D: could not assign tuple of length 3 to structure with 4 fields.
[rtabmap-14] [INFO] [1768033909.965029589] [rtabmap]: rtabmap (822): Rate=0.50s, Limit=0.001s, Conversion=0.0002s, RTAB-Map=0.0452s, Maps update=0.0004s pub=0.0012s delay=0.0956s (local map=0, WM=0)
[superpoint_node-2] [INFO] [1768033910.020563753] [superpoint_node]: Keypoints estratti: 800
[superpoint_node-2] [ERROR] [1768033910.027632198] [superpoint_node]: Errore pubblicazione keypoints 3D: could not assign tuple of length 3 to structure with 4 fields.
[superpoint_node-2] [INFO] [1768033910.158073086] [superpoint_node]: Keypoints estratti: 800
[superpoint_node-2] [ERROR] [1768033910.165729703] [superpoint_node]: Errore pubblicazione keypoints 3D: could not assign tuple of length 3 to structure with 4 fields.
[superpoint_node-2] [INFO] [1768033910.254087812] [superpoint_node]: Keypoints estratti: 800
[superpoint_node-2] [ERROR] [1768033910.261846152] [superpoint_node]: Errore pubblicazione keypoints 3D: could not assign tuple of length 3 to structure with 4 fields.
[superpoint_node-2] [INFO] [1768033910.350358670] [superpoint_node]: Keypoints estratti: 800
[superpoint_node-2] [ERROR] [1768033910.358872590] [superpoint_node]: Errore pubblicazione keypoints 3D: could not assign tuple of length 3 to structure with 4 fields.
[superpoint_node-2] [INFO] [1768033910.448513654] [superpoint_node]: Keypoints estratti: 800
[superpoint_node-2] [ERROR] [1768033910.455935361] [superpoint_node]: Errore pubblicazione keypoints 3D: could not assign tuple of length 3 to structure with 4 fields.
[rtabmap-14] [INFO] [1768033910.495374971] [rtabmap]: rtabmap (823): Rate=0.50s, Limit=0.001s, Conversion=0.0006s, RTAB-Map=0.0428s, Maps update=0.0003s pub=0.0028s delay=0.0933s (local map=0, WM=0)
[superpoint_node-2] [INFO] [1768033910.551381675] [superpoint_node]: Keypoints estratti: 800
[superpoint_node-2] [ERROR] [1768033910.558446287] [superpoint_node]: Errore pubblicazione keypoints 3D: could not assign tuple of length 3 to structure with 4 fields.
[superpoint_node-2] [INFO] [1768033910.648108740] [superpoint_node]: Keypoints estratti: 800
[superpoint_node-2] [ERROR] [1768033910.655033758] [superpoint_node]: Errore pubblicazione keypoints 3D: could not assign tuple of length 3 to structure with 4 fields.
[superpoint_node-2] [INFO] [1768033910.741527335] [superpoint_node]: Keypoints estratti: 800
[superpoint_node-2] [ERROR] [1768033910.748545816] [superpoint_node]: Errore pubblicazione keypoints 3D: could not assign tuple of length 3 to structure with 4 fields.
[superpoint_node-2] [INFO] [1768033910.836804240] [superpoint_node]: Keypoints estratti: 800
[superpoint_node-2] [ERROR] [1768033910.843928889] [superpoint_node]: Errore pubblicazione keypoints 3D: could not assign tuple of length 3 to structure with 4 fields.
[rtabmap-14] [INFO] [1768033911.010802493] [rtabmap]: rtabmap (824): Rate=0.50s, Limit=0.001s, Conversion=0.0003s, RTAB-Map=0.0239s, Maps update=0.0004s pub=0.0015s delay=0.0412s (local map=0, WM=0)
[superpoint_node-2] [INFO] [1768033911.021380448] [superpoint_node]: Keypoints estratti: 800
[superpoint_node-2] [ERROR] [1768033911.028321188] [superpoint_node]: Errore pubblicazione keypoints 3D: could not assign tuple of length 3 to structure with 4 fields.
[superpoint_node-2] [INFO] [1768033911.116570649] [superpoint_node]: Keypoints estratti: 800
[superpoint_node-2] [ERROR] [1768033911.123628705] [superpoint_node]: Errore pubblicazione keypoints 3D: could not assign tuple of length 3 to structure with 4 fields.
[superpoint_node-2] [INFO] [1768033911.215326026] [superpoint_node]: Keypoints estratti: 800
[superpoint_node-2] [ERROR] [1768033911.222197136] [superpoint_node]: Errore pubblicazione keypoints 3D: could not assign tuple of length 3 to structure with 4 fields.
[superpoint_node-2] [INFO] [1768033911.318046565] [superpoint_node]: Keypoints estratti: 800
[superpoint_node-2] [ERROR] [1768033911.325222696] [superpoint_node]: Errore pubblicazione keypoints 3D: could not assign tuple of length 3 to structure with 4 fields.
[superpoint_node-2] [INFO] [1768033911.418823810] [superpoint_node]: Keypoints estratti: 800
[superpoint_node-2] [ERROR] [1768033911.425765828] [superpoint_node]: Errore pubblicazione keypoints 3D: could not assign tuple of length 3 to structure with 4 fields.
[superpoint_node-2] [INFO] [1768033911.518323545] [superpoint_node]: Keypoints estratti: 800
[superpoint_node-2] [ERROR] [1768033911.525132970] [superpoint_node]: Errore pubblicazione keypoints 3D: could not assign tuple of length 3 to structure with 4 fields.
[superpoint_node-2] [INFO] [1768033911.620778286] [superpoint_node]: Keypoints estratti: 800
[superpoint_node-2] [ERROR] [1768033911.627953398] [superpoint_node]: Errore pubblicazione keypoints 3D: could not assign tuple of length 3 to structure with 4 fields.
[rtabmap-14] [INFO] [1768033911.645573168] [rtabmap]: rtabmap (825): Rate=0.50s, Limit=0.001s, Conversion=0.0002s, RTAB-Map=0.0257s, Maps update=0.0002s pub=0.0010s delay=0.0761s (local map=0, WM=0)
[superpoint_node-2] [INFO] [1768033911.717472110] [superpoint_node]: Keypoints estratti: 800
[superpoint_node-2] [ERROR] [1768033911.724227645] [superpoint_node]: Errore pubblicazione keypoints 3D: could not assign tuple of length 3 to structure with 4 fields.
[superpoint_node-2] [INFO] [1768033911.819149066] [superpoint_node]: Keypoints estratti: 800
[superpoint_node-2] [ERROR] [1768033911.826031306] [superpoint_node]: Errore pubblicazione keypoints 3D: could not assign tuple of length 3 to structure with 4 fields.
[superpoint_node-2] [INFO] [1768033911.916208171] [superpoint_node]: Keypoints estratti: 800
[superpoint_node-2] [ERROR] [1768033911.923651304] [superpoint_node]: Errore pubblicazione keypoints 3D: could not assign tuple of length 3 to structure with 4 fields.
[superpoint_node-2] [INFO] [1768033912.014346358] [superpoint_node]: Keypoints estratti: 800
[superpoint_node-2] [ERROR] [1768033912.021624323] [superpoint_node]: Errore pubblicazione keypoints 3D: could not assign tuple of length 3 to structure with 4 fields.
[superpoint_node-2] [INFO] [1768033912.114891268] [superpoint_node]: Keypoints estratti: 800
[superpoint_node-2] [ERROR] [1768033912.121949232] [superpoint_node]: Errore pubblicazione keypoints 3D: could not assign tuple of length 3 to structure with 4 fields.
[rtabmap-14] [INFO] [1768033912.161383156] [rtabmap]: rtabmap (826): Rate=0.50s, Limit=0.001s, Conversion=0.0002s, RTAB-Map=0.0433s, Maps update=0.0003s pub=0.0009s delay=0.0919s (local map=0, WM=0)
[superpoint_node-2] [INFO] [1768033912.220126475] [superpoint_node]: Keypoints estratti: 800
[superpoint_node-2] [ERROR] [1768033912.227151735] [superpoint_node]: Errore pubblicazione keypoints 3D: could not assign tuple of length 3 to structure with 4 fields.
[superpoint_node-2] [INFO] [1768033912.316537834] [superpoint_node]: Keypoints estratti: 800
[superpoint_node-2] [ERROR] [1768033912.323492982] [superpoint_node]: Errore pubblicazione keypoints 3D: could not assign tuple of length 3 to structure with 4 fields.
[superpoint_node-2] [INFO] [1768033912.416658648] [superpoint_node]: Keypoints estratti: 800
[superpoint_node-2] [ERROR] [1768033912.423602389] [superpoint_node]: Errore pubblicazione keypoints 3D: could not assign tuple of length 3 to structure with 4 fields.
[superpoint_node-2] [INFO] [1768033912.516621295] [superpoint_node]: Keypoints estratti: 800
[superpoint_node-2] [ERROR] [1768033912.523685221] [superpoint_node]: Errore pubblicazione keypoints 3D: could not assign tuple of length 3 to structure with 4 fields.
[superpoint_node-2] [INFO] [1768033912.616657756] [superpoint_node]: Keypoints estratti: 800
[superpoint_node-2] [ERROR] [1768033912.624226502] [superpoint_node]: Errore pubblicazione keypoints 3D: could not assign tuple of length 3 to structure with 4 fields.
[rtabmap-14] [INFO] [1768033912.659757636] [rtabmap]: rtabmap (827): Rate=0.50s, Limit=0.001s, Conversion=0.0005s, RTAB-Map=0.0447s, Maps update=0.0028s pub=0.0023s delay=0.0902s (local map=0, WM=0)
[superpoint_node-2] [INFO] [1768033912.716644533] [superpoint_node]: Keypoints estratti: 800
[superpoint_node-2] [ERROR] [1768033912.723509680] [superpoint_node]: Errore pubblicazione keypoints 3D: could not assign tuple of length 3 to structure with 4 fields.
[superpoint_node-2] [INFO] [1768033912.817593724] [superpoint_node]: Keypoints estratti: 800
[superpoint_node-2] [ERROR] [1768033912.825014635] [superpoint_node]: Errore pubblicazione keypoints 3D: could not assign tuple of length 3 to structure with 4 fields.
[superpoint_node-2] [INFO] [1768033912.915429853] [superpoint_node]: Keypoints estratti: 800
[superpoint_node-2] [ERROR] [1768033912.922457205] [superpoint_node]: Errore pubblicazione keypoints 3D: could not assign tuple of length 3 to structure with 4 fields.
[superpoint_node-2] [INFO] [1768033913.014960922] [superpoint_node]: Keypoints estratti: 800
[superpoint_node-2] [ERROR] [1768033913.021831532] [superpoint_node]: Errore pubblicazione keypoints 3D: could not assign tuple of length 3 to structure with 4 fields.
[superpoint_node-2] [INFO] [1768033913.115763297] [superpoint_node]: Keypoints estratti: 800
[superpoint_node-2] [ERROR] [1768033913.122806076] [superpoint_node]: Errore pubblicazione keypoints 3D: could not assign tuple of length 3 to structure with 4 fields.
[rtabmap-14] [33m[ WARN] (2026-01-10 09:31:50.895) CoreWrapper.cpp:1227::odomTFUpdate() Odometry is reset (identity pose detected). Increment map id![0m
[superpoint_node-2] [INFO] [1768033913.215796611] [superpoint_node]: Keypoints estratti: 800
[superpoint_node-2] [ERROR] [1768033913.222845278] [superpoint_node]: Errore pubblicazione keypoints 3D: could not assign tuple of length 3 to structure with 4 fields.
[rtabmap-14] [INFO] [1768033913.244051761] [rtabmap]: rtabmap (828): Rate=0.50s, Limit=0.001s, Conversion=0.0007s, RTAB-Map=0.0284s, Maps update=0.0003s pub=0.0018s delay=0.0746s (local map=0, WM=0)
[superpoint_node-2] [INFO] [1768033913.316266891] [superpoint_node]: Keypoints estratti: 800
[superpoint_node-2] [ERROR] [1768033913.323717783] [superpoint_node]: Errore pubblicazione keypoints 3D: could not assign tuple of length 3 to structure with 4 fields.
[superpoint_node-2] [INFO] [1768033913.416147814] [superpoint_node]: Keypoints estratti: 800
[superpoint_node-2] [ERROR] [1768033913.423377409] [superpoint_node]: Errore pubblicazione keypoints 3D: could not assign tuple of length 3 to structure with 4 fields.
[superpoint_node-2] [INFO] [1768033913.516367407] [superpoint_node]: Keypoints estratti: 800
[superpoint_node-2] [ERROR] [1768033913.523446649] [superpoint_node]: Errore pubblicazione keypoints 3D: could not assign tuple of length 3 to structure with 4 fields.
[superpoint_node-2] [INFO] [1768033913.614731022] [superpoint_node]: Keypoints estratti: 800
[superpoint_node-2] [ERROR] [1768033913.621752374] [superpoint_node]: Errore pubblicazione keypoints 3D: could not assign tuple of length 3 to structure with 4 fields.
[superpoint_node-2] [INFO] [1768033913.719653708] [superpoint_node]: Keypoints estratti: 800
[superpoint_node-2] [ERROR] [1768033913.726692394] [superpoint_node]: Errore pubblicazione keypoints 3D: could not assign tuple of length 3 to structure with 4 fields.
[rtabmap-14] [INFO] [1768033913.766222078] [rtabmap]: rtabmap (829): Rate=0.50s, Limit=0.001s, Conversion=0.0006s, RTAB-Map=0.0443s, Maps update=0.0003s pub=0.0028s delay=0.0966s (local map=0, WM=0)
[superpoint_node-2] [INFO] [1768033913.820456343] [superpoint_node]: Keypoints estratti: 800
[superpoint_node-2] [ERROR] [1768033913.827619492] [superpoint_node]: Errore pubblicazione keypoints 3D: could not assign tuple of length 3 to structure with 4 fields.
[superpoint_node-2] [INFO] [1768033913.916527828] [superpoint_node]: Keypoints estratti: 800
[superpoint_node-2] [ERROR] [1768033913.923410328] [superpoint_node]: Errore pubblicazione keypoints 3D: could not assign tuple of length 3 to structure with 4 fields.
[superpoint_node-2] [INFO] [1768033914.014803795] [superpoint_node]: Keypoints estratti: 800
[superpoint_node-2] [ERROR] [1768033914.021800832] [superpoint_node]: Errore pubblicazione keypoints 3D: could not assign tuple of length 3 to structure with 4 fields.
[superpoint_node-2] [INFO] [1768033914.149148825] [superpoint_node]: Keypoints estratti: 800
[superpoint_node-2] [ERROR] [1768033914.156240641] [superpoint_node]: Errore pubblicazione keypoints 3D: could not assign tuple of length 3 to structure with 4 fields.
[rtabmap-14] [INFO] [1768033914.241242650] [rtabmap]: rtabmap (830): Rate=0.50s, Limit=0.001s, Conversion=0.0002s, RTAB-Map=0.0233s, Maps update=0.0006s pub=0.0014s delay=0.0433s (local map=0, WM=0)
[superpoint_node-2] [INFO] [1768033914.249469975] [superpoint_node]: Keypoints estratti: 800
[superpoint_node-2] [ERROR] [1768033914.256368215] [superpoint_node]: Errore pubblicazione keypoints 3D: could not assign tuple of length 3 to structure with 4 fields.
[superpoint_node-2] [INFO] [1768033914.346004298] [superpoint_node]: Keypoints estratti: 800
[superpoint_node-2] [ERROR] [1768033914.354280067] [superpoint_node]: Errore pubblicazione keypoints 3D: could not assign tuple of length 3 to structure with 4 fields.
[superpoint_node-2] [INFO] [1768033914.446965415] [superpoint_node]: Keypoints estratti: 800
[superpoint_node-2] [ERROR] [1768033914.454145842] [superpoint_node]: Errore pubblicazione keypoints 3D: could not assign tuple of length 3 to structure with 4 fields.
[superpoint_node-2] [INFO] [1768033914.542092912] [superpoint_node]: Keypoints estratti: 800
[superpoint_node-2] [ERROR] [1768033914.549541119] [superpoint_node]: Errore pubblicazione keypoints 3D: could not assign tuple of length 3 to structure with 4 fields.
[superpoint_node-2] [INFO] [1768033914.639099072] [superpoint_node]: Keypoints estratti: 800
[superpoint_node-2] [ERROR] [1768033914.646767688] [superpoint_node]: Errore pubblicazione keypoints 3D: could not assign tuple of length 3 to structure with 4 fields.
[superpoint_node-2] [INFO] [1768033914.735841822] [superpoint_node]: Keypoints estratti: 800
[superpoint_node-2] [ERROR] [1768033914.743836645] [superpoint_node]: Errore pubblicazione keypoints 3D: could not assign tuple of length 3 to structure with 4 fields.
[superpoint_node-2] [INFO] [1768033914.837752039] [superpoint_node]: Keypoints estratti: 800
[superpoint_node-2] [ERROR] [1768033914.845548712] [superpoint_node]: Errore pubblicazione keypoints 3D: could not assign tuple of length 3 to structure with 4 fields.
[rtabmap-14] [INFO] [1768033914.858610724] [rtabmap]: rtabmap (831): Rate=0.50s, Limit=0.001s, Conversion=0.0003s, RTAB-Map=0.0376s, Maps update=0.0003s pub=0.0025s delay=0.0716s (local map=0, WM=0)
[superpoint_node-2] [INFO] [1768033914.941338418] [superpoint_node]: Keypoints estratti: 800
[superpoint_node-2] [ERROR] [1768033914.949229388] [superpoint_node]: Errore pubblicazione keypoints 3D: could not assign tuple of length 3 to structure with 4 fields.
[superpoint_node-2] [INFO] [1768033915.037022271] [superpoint_node]: Keypoints estratti: 800
[superpoint_node-2] [ERROR] [1768033915.044852408] [superpoint_node]: Errore pubblicazione keypoints 3D: could not assign tuple of length 3 to structure with 4 fields.
[superpoint_node-2] [INFO] [1768033915.132135546] [superpoint_node]: Keypoints estratti: 800
[superpoint_node-2] [ERROR] [1768033915.139268325] [superpoint_node]: Errore pubblicazione keypoints 3D: could not assign tuple of length 3 to structure with 4 fields.
[superpoint_node-2] [INFO] [1768033915.314397402] [superpoint_node]: Keypoints estratti: 800
[superpoint_node-2] [ERROR] [1768033915.321623737] [superpoint_node]: Errore pubblicazione keypoints 3D: could not assign tuple of length 3 to structure with 4 fields.
[superpoint_node-2] [INFO] [1768033915.418695360] [superpoint_node]: Keypoints estratti: 800
[rtabmap-14] [INFO] [1768033915.418908140] [rtabmap]: rtabmap (832): Rate=0.50s, Limit=0.001s, Conversion=0.0002s, RTAB-Map=0.0328s, Maps update=0.0005s pub=0.0015s delay=0.0494s (local map=0, WM=0)
[superpoint_node-2] [ERROR] [1768033915.426965259] [superpoint_node]: Errore pubblicazione keypoints 3D: could not assign tuple of length 3 to structure with 4 fields.
[superpoint_node-2] [INFO] [1768033915.516116209] [superpoint_node]: Keypoints estratti: 800
[superpoint_node-2] [ERROR] [1768033915.523113283] [superpoint_node]: Errore pubblicazione keypoints 3D: could not assign tuple of length 3 to structure with 4 fields.
[superpoint_node-2] [INFO] [1768033915.620349759] [superpoint_node]: Keypoints estratti: 800
[superpoint_node-2] [ERROR] [1768033915.627216407] [superpoint_node]: Errore pubblicazione keypoints 3D: could not assign tuple of length 3 to structure with 4 fields.
[superpoint_node-2] [INFO] [1768033915.717634681] [superpoint_node]: Keypoints estratti: 800
[superpoint_node-2] [ERROR] [1768033915.728779288] [superpoint_node]: Errore pubblicazione keypoints 3D: could not assign tuple of length 3 to structure with 4 fields.
[superpoint_node-2] [INFO] [1768033915.830377336] [superpoint_node]: Keypoints estratti: 800
[superpoint_node-2] [ERROR] [1768033915.837706506] [superpoint_node]: Errore pubblicazione keypoints 3D: could not assign tuple of length 3 to structure with 4 fields.
[superpoint_node-2] [INFO] [1768033915.930612503] [superpoint_node]: Keypoints estratti: 800
[superpoint_node-2] [ERROR] [1768033915.938953829] [superpoint_node]: Errore pubblicazione keypoints 3D: could not assign tuple of length 3 to structure with 4 fields.
[rtabmap-14] [INFO] [1768033915.960460000] [rtabmap]: rtabmap (833): Rate=0.50s, Limit=0.001s, Conversion=0.0004s, RTAB-Map=0.0424s, Maps update=0.0003s pub=0.0042s delay=0.0798s (local map=0, WM=0)
[superpoint_node-2] [INFO] [1768033916.028152779] [superpoint_node]: Keypoints estratti: 800
[superpoint_node-2] [ERROR] [1768033916.034944740] [superpoint_node]: Errore pubblicazione keypoints 3D: could not assign tuple of length 3 to structure with 4 fields.
[superpoint_node-2] [INFO] [1768033916.127043916] [superpoint_node]: Keypoints estratti: 800
[superpoint_node-2] [ERROR] [1768033916.133950527] [superpoint_node]: Errore pubblicazione keypoints 3D: could not assign tuple of length 3 to structure with 4 fields.
[superpoint_node-2] [INFO] [1768033916.223312237] [superpoint_node]: Keypoints estratti: 800
[superpoint_node-2] [ERROR] [1768033916.230882538] [superpoint_node]: Errore pubblicazione keypoints 3D: could not assign tuple of length 3 to structure with 4 fields.
[superpoint_node-2] [INFO] [1768033916.321687778] [superpoint_node]: Keypoints estratti: 800
[superpoint_node-2] [ERROR] [1768033916.328856798] [superpoint_node]: Errore pubblicazione keypoints 3D: could not assign tuple of length 3 to structure with 4 fields.
[superpoint_node-2] [INFO] [1768033916.416238900] [superpoint_node]: Keypoints estratti: 800
[superpoint_node-2] [ERROR] [1768033916.423282308] [superpoint_node]: Errore pubblicazione keypoints 3D: could not assign tuple of length 3 to structure with 4 fields.
[superpoint_node-2] [INFO] [1768033916.516137435] [superpoint_node]: Keypoints estratti: 800
[superpoint_node-2] [ERROR] [1768033916.523842663] [superpoint_node]: Errore pubblicazione keypoints 3D: could not assign tuple of length 3 to structure with 4 fields.
[rtabmap-14] [INFO] [1768033916.560020673] [rtabmap]: rtabmap (834): Rate=0.50s, Limit=0.001s, Conversion=0.0003s, RTAB-Map=0.0408s, Maps update=0.0003s pub=0.0028s delay=0.0905s (local map=0, WM=0)
[superpoint_node-2] [INFO] [1768033916.623446121] [superpoint_node]: Keypoints estratti: 800
[superpoint_node-2] [ERROR] [1768033916.630386195] [superpoint_node]: Errore pubblicazione keypoints 3D: could not assign tuple of length 3 to structure with 4 fields.
[superpoint_node-2] [INFO] [1768033916.718200652] [superpoint_node]: Keypoints estratti: 800
[superpoint_node-2] [ERROR] [1768033916.725580544] [superpoint_node]: Errore pubblicazione keypoints 3D: could not assign tuple of length 3 to structure with 4 fields.
[superpoint_node-2] [INFO] [1768033916.816960900] [superpoint_node]: Keypoints estratti: 800
[superpoint_node-2] [ERROR] [1768033916.824909000] [superpoint_node]: Errore pubblicazione keypoints 3D: could not assign tuple of length 3 to structure with 4 fields.
[superpoint_node-2] [INFO] [1768033916.919692235] [superpoint_node]: Keypoints estratti: 800
[superpoint_node-2] [ERROR] [1768033916.926750625] [superpoint_node]: Errore pubblicazione keypoints 3D: could not assign tuple of length 3 to structure with 4 fields.
[superpoint_node-2] [INFO] [1768033917.017789978] [superpoint_node]: Keypoints estratti: 800
[superpoint_node-2] [ERROR] [1768033917.026299268] [superpoint_node]: Errore pubblicazione keypoints 3D: could not assign tuple of length 3 to structure with 4 fields.
[rtabmap-14] [INFO] [1768033917.036843277] [rtabmap]: rtabmap (835): Rate=0.50s, Limit=0.001s, Conversion=0.0003s, RTAB-Map=0.0214s, Maps update=0.0002s pub=0.0008s delay=0.0662s (local map=0, WM=0)
[superpoint_node-2] [INFO] [1768033917.118576464] [superpoint_node]: Keypoints estratti: 800
[superpoint_node-2] [ERROR] [1768033917.125436259] [superpoint_node]: Errore pubblicazione keypoints 3D: could not assign tuple of length 3 to structure with 4 fields.
[superpoint_node-2] [INFO] [1768033917.218330961] [superpoint_node]: Keypoints estratti: 800
[superpoint_node-2] [ERROR] [1768033917.225102533] [superpoint_node]: Errore pubblicazione keypoints 3D: could not assign tuple of length 3 to structure with 4 fields.
[superpoint_node-2] [INFO] [1768033917.314361279] [superpoint_node]: Keypoints estratti: 800
[superpoint_node-2] [ERROR] [1768033917.321460225] [superpoint_node]: Errore pubblicazione keypoints 3D: could not assign tuple of length 3 to structure with 4 fields.
[superpoint_node-2] [INFO] [1768033917.417244616] [superpoint_node]: Keypoints estratti: 800
[superpoint_node-2] [ERROR] [1768033917.424348431] [superpoint_node]: Errore pubblicazione keypoints 3D: could not assign tuple of length 3 to structure with 4 fields.
[superpoint_node-2] [INFO] [1768033917.516098753] [superpoint_node]: Keypoints estratti: 800
[superpoint_node-2] [ERROR] [1768033917.522982289] [superpoint_node]: Errore pubblicazione keypoints 3D: could not assign tuple of length 3 to structure with 4 fields.
[superpoint_node-2] [INFO] [1768033917.614938928] [superpoint_node]: Keypoints estratti: 800
[superpoint_node-2] [ERROR] [1768033917.622376598] [superpoint_node]: Errore pubblicazione keypoints 3D: could not assign tuple of length 3 to structure with 4 fields.
[rtabmap-14] [INFO] [1768033917.668927301] [rtabmap]: rtabmap (836): Rate=0.50s, Limit=0.001s, Conversion=0.0002s, RTAB-Map=0.0451s, Maps update=0.0008s pub=0.0047s delay=0.0995s (local map=0, WM=0)
[superpoint_node-2] [INFO] [1768033917.718102951] [superpoint_node]: Keypoints estratti: 800
[superpoint_node-2] [ERROR] [1768033917.725071822] [superpoint_node]: Errore pubblicazione keypoints 3D: could not assign tuple of length 3 to structure with 4 fields.
[superpoint_node-2] [INFO] [1768033917.815536707] [superpoint_node]: Keypoints estratti: 800
[superpoint_node-2] [ERROR] [1768033917.822703487] [superpoint_node]: Errore pubblicazione keypoints 3D: could not assign tuple of length 3 to structure with 4 fields.
[superpoint_node-2] [INFO] [1768033917.916479306] [superpoint_node]: Keypoints estratti: 800
[superpoint_node-2] [ERROR] [1768033917.923711845] [superpoint_node]: Errore pubblicazione keypoints 3D: could not assign tuple of length 3 to structure with 4 fields.
[superpoint_node-2] [INFO] [1768033918.019015454] [superpoint_node]: Keypoints estratti: 800
[superpoint_node-2] [ERROR] [1768033918.025798082] [superpoint_node]: Errore pubblicazione keypoints 3D: could not assign tuple of length 3 to structure with 4 fields.
[superpoint_node-2] [INFO] [1768033918.118149631] [superpoint_node]: Keypoints estratti: 800
[superpoint_node-2] [ERROR] [1768033918.126581180] [superpoint_node]: Errore pubblicazione keypoints 3D: could not assign tuple of length 3 to structure with 4 fields.
[rtabmap-14] [INFO] [1768033918.139317355] [rtabmap]: rtabmap (837): Rate=0.50s, Limit=0.001s, Conversion=0.0002s, RTAB-Map=0.0255s, Maps update=0.0002s pub=0.0009s delay=0.0699s (local map=0, WM=0)
[rtabmap-14] [33m[ WARN] (2026-01-10 09:31:55.190) CoreWrapper.cpp:1227::odomTFUpdate() Odometry is reset (identity pose detected). Increment map id![0m
[superpoint_node-2] [INFO] [1768033918.219862736] [superpoint_node]: Keypoints estratti: 800
[superpoint_node-2] [ERROR] [1768033918.226770550] [superpoint_node]: Errore pubblicazione keypoints 3D: could not assign tuple of length 3 to structure with 4 fields.
[superpoint_node-2] [INFO] [1768033918.320872224] [superpoint_node]: Keypoints estratti: 800
[superpoint_node-2] [ERROR] [1768033918.327714445] [superpoint_node]: Errore pubblicazione keypoints 3D: could not assign tuple of length 3 to structure with 4 fields.
[superpoint_node-2] [INFO] [1768033918.416720504] [superpoint_node]: Keypoints estratti: 800
[superpoint_node-2] [ERROR] [1768033918.423787079] [superpoint_node]: Errore pubblicazione keypoints 3D: could not assign tuple of length 3 to structure with 4 fields.
[superpoint_node-2] [INFO] [1768033918.518283941] [superpoint_node]: Keypoints estratti: 800
[superpoint_node-2] [ERROR] [1768033918.525174163] [superpoint_node]: Errore pubblicazione keypoints 3D: could not assign tuple of length 3 to structure with 4 fields.
[superpoint_node-2] [INFO] [1768033918.618139013] [superpoint_node]: Keypoints estratti: 800
[superpoint_node-2] [ERROR] [1768033918.626449708] [superpoint_node]: Errore pubblicazione keypoints 3D: could not assign tuple of length 3 to structure with 4 fields.
[rtabmap-14] [INFO] [1768033918.635537762] [rtabmap]: rtabmap (838): Rate=0.50s, Limit=0.001s, Conversion=0.0002s, RTAB-Map=0.0237s, Maps update=0.0003s pub=0.0011s delay=0.0660s (local map=0, WM=0)
[superpoint_node-2] [INFO] [1768033918.716269830] [superpoint_node]: Keypoints estratti: 800
[superpoint_node-2] [ERROR] [1768033918.723459905] [superpoint_node]: Errore pubblicazione keypoints 3D: could not assign tuple of length 3 to structure with 4 fields.
[superpoint_node-2] [INFO] [1768033918.817856452] [superpoint_node]: Keypoints estratti: 800
[superpoint_node-2] [ERROR] [1768033918.824770451] [superpoint_node]: Errore pubblicazione keypoints 3D: could not assign tuple of length 3 to structure with 4 fields.
[superpoint_node-2] [INFO] [1768033918.919433870] [superpoint_node]: Keypoints estratti: 800
[superpoint_node-2] [ERROR] [1768033918.927259247] [superpoint_node]: Errore pubblicazione keypoints 3D: could not assign tuple of length 3 to structure with 4 fields.
[superpoint_node-2] [INFO] [1768033919.018660529] [superpoint_node]: Keypoints estratti: 800
[superpoint_node-2] [ERROR] [1768033919.025624363] [superpoint_node]: Errore pubblicazione keypoints 3D: could not assign tuple of length 3 to structure with 4 fields.
[superpoint_node-2] [INFO] [1768033919.114935758] [superpoint_node]: Keypoints estratti: 800
[superpoint_node-2] [ERROR] [1768033919.121847979] [superpoint_node]: Errore pubblicazione keypoints 3D: could not assign tuple of length 3 to structure with 4 fields.
[superpoint_node-2] [INFO] [1768033919.216536639] [superpoint_node]: Keypoints estratti: 800
[superpoint_node-2] [ERROR] [1768033919.223621566] [superpoint_node]: Errore pubblicazione keypoints 3D: could not assign tuple of length 3 to structure with 4 fields.
[rtabmap-14] [INFO] [1768033919.238883187] [rtabmap]: rtabmap (839): Rate=0.50s, Limit=0.001s, Conversion=0.0002s, RTAB-Map=0.0225s, Maps update=0.0004s pub=0.0011s delay=0.0693s (local map=0, WM=0)
[superpoint_node-2] [INFO] [1768033919.314903736] [superpoint_node]: Keypoints estratti: 800
[superpoint_node-2] [ERROR] [1768033919.321847087] [superpoint_node]: Errore pubblicazione keypoints 3D: could not assign tuple of length 3 to structure with 4 fields.
[superpoint_node-2] [INFO] [1768033919.415783371] [superpoint_node]: Keypoints estratti: 800
[superpoint_node-2] [ERROR] [1768033919.422880779] [superpoint_node]: Errore pubblicazione keypoints 3D: could not assign tuple of length 3 to structure with 4 fields.
[superpoint_node-2] [INFO] [1768033919.516512727] [superpoint_node]: Keypoints estratti: 800
[superpoint_node-2] [ERROR] [1768033919.523506524] [superpoint_node]: Errore pubblicazione keypoints 3D: could not assign tuple of length 3 to structure with 4 fields.
[superpoint_node-2] [INFO] [1768033919.620098514] [superpoint_node]: Keypoints estratti: 800
[superpoint_node-2] [ERROR] [1768033919.627315145] [superpoint_node]: Errore pubblicazione keypoints 3D: could not assign tuple of length 3 to structure with 4 fields.
[superpoint_node-2] [INFO] [1768033919.718206942] [superpoint_node]: Keypoints estratti: 800
[superpoint_node-2] [ERROR] [1768033919.726570934] [superpoint_node]: Errore pubblicazione keypoints 3D: could not assign tuple of length 3 to structure with 4 fields.
[rtabmap-14] [INFO] [1768033919.735966712] [rtabmap]: rtabmap (840): Rate=0.50s, Limit=0.001s, Conversion=0.0003s, RTAB-Map=0.0228s, Maps update=0.0003s pub=0.0022s delay=0.0654s (local map=0, WM=0)
[superpoint_node-2] [INFO] [1768033919.818593906] [superpoint_node]: Keypoints estratti: 800
[superpoint_node-2] [ERROR] [1768033919.825987576] [superpoint_node]: Errore pubblicazione keypoints 3D: could not assign tuple of length 3 to structure with 4 fields.
[superpoint_node-2] [INFO] [1768033919.916455351] [superpoint_node]: Keypoints estratti: 800
[superpoint_node-2] [ERROR] [1768033919.923829057] [superpoint_node]: Errore pubblicazione keypoints 3D: could not assign tuple of length 3 to structure with 4 fields.
[superpoint_node-2] [INFO] [1768033920.015194006] [superpoint_node]: Keypoints estratti: 800
[superpoint_node-2] [ERROR] [1768033920.022551768] [superpoint_node]: Errore pubblicazione keypoints 3D: could not assign tuple of length 3 to structure with 4 fields.
[superpoint_node-2] [INFO] [1768033920.117595727] [superpoint_node]: Keypoints estratti: 800
[superpoint_node-2] [ERROR] [1768033920.124443652] [superpoint_node]: Errore pubblicazione keypoints 3D: could not assign tuple of length 3 to structure with 4 fields.
[superpoint_node-2] [INFO] [1768033920.216840720] [superpoint_node]: Keypoints estratti: 800
[superpoint_node-2] [ERROR] [1768033920.223972554] [superpoint_node]: Errore pubblicazione keypoints 3D: could not assign tuple of length 3 to structure with 4 fields.
[superpoint_node-2] [INFO] [1768033920.320295653] [superpoint_node]: Keypoints estratti: 800
[superpoint_node-2] [ERROR] [1768033920.328380329] [superpoint_node]: Errore pubblicazione keypoints 3D: could not assign tuple of length 3 to structure with 4 fields.
[rtabmap-14] [INFO] [1768033920.362928288] [rtabmap]: rtabmap (841): Rate=0.50s, Limit=0.001s, Conversion=0.0006s, RTAB-Map=0.0401s, Maps update=0.0014s pub=0.0045s delay=0.0934s (local map=0, WM=0)
[superpoint_node-2] [INFO] [1768033920.424889818] [superpoint_node]: Keypoints estratti: 800
[superpoint_node-2] [ERROR] [1768033920.432292747] [superpoint_node]: Errore pubblicazione keypoints 3D: could not assign tuple of length 3 to structure with 4 fields.
[superpoint_node-2] [INFO] [1768033920.522776077] [superpoint_node]: Keypoints estratti: 800
[superpoint_node-2] [ERROR] [1768033920.529752466] [superpoint_node]: Errore pubblicazione keypoints 3D: could not assign tuple of length 3 to structure with 4 fields.
[superpoint_node-2] [INFO] [1768033920.617665332] [superpoint_node]: Keypoints estratti: 800
[superpoint_node-2] [ERROR] [1768033920.624670628] [superpoint_node]: Errore pubblicazione keypoints 3D: could not assign tuple of length 3 to structure with 4 fields.
[superpoint_node-2] [INFO] [1768033920.717135863] [superpoint_node]: Keypoints estratti: 800
[superpoint_node-2] [ERROR] [1768033920.724755201] [superpoint_node]: Errore pubblicazione keypoints 3D: could not assign tuple of length 3 to structure with 4 fields.
[superpoint_node-2] [INFO] [1768033920.817938794] [superpoint_node]: Keypoints estratti: 800
[superpoint_node-2] [ERROR] [1768033920.825248500] [superpoint_node]: Errore pubblicazione keypoints 3D: could not assign tuple of length 3 to structure with 4 fields.
[rtabmap-14] [INFO] [1768033920.842186339] [rtabmap]: rtabmap (842): Rate=0.50s, Limit=0.001s, Conversion=0.0002s, RTAB-Map=0.0284s, Maps update=0.0003s pub=0.0011s delay=0.0727s (local map=0, WM=0)
[superpoint_node-2] [INFO] [1768033920.920127643] [superpoint_node]: Keypoints estratti: 800
[superpoint_node-2] [ERROR] [1768033920.927244366] [superpoint_node]: Errore pubblicazione keypoints 3D: could not assign tuple of length 3 to structure with 4 fields.
[superpoint_node-2] [INFO] [1768033921.018581778] [superpoint_node]: Keypoints estratti: 800
[superpoint_node-2] [ERROR] [1768033921.025624297] [superpoint_node]: Errore pubblicazione keypoints 3D: could not assign tuple of length 3 to structure with 4 fields.
[superpoint_node-2] [INFO] [1768033921.118299070] [superpoint_node]: Keypoints estratti: 800
[superpoint_node-2] [ERROR] [1768033921.125110698] [superpoint_node]: Errore pubblicazione keypoints 3D: could not assign tuple of length 3 to structure with 4 fields.
[superpoint_node-2] [INFO] [1768033921.217860158] [superpoint_node]: Keypoints estratti: 800
[superpoint_node-2] [ERROR] [1768033921.224830787] [superpoint_node]: Errore pubblicazione keypoints 3D: could not assign tuple of length 3 to structure with 4 fields.
[superpoint_node-2] [INFO] [1768033921.315008689] [superpoint_node]: Keypoints estratti: 800
[superpoint_node-2] [ERROR] [1768033921.322025319] [superpoint_node]: Errore pubblicazione keypoints 3D: could not assign tuple of length 3 to structure with 4 fields.
[superpoint_node-2] [INFO] [1768033921.416000733] [superpoint_node]: Keypoints estratti: 800
[superpoint_node-2] [ERROR] [1768033921.423215624] [superpoint_node]: Errore pubblicazione keypoints 3D: could not assign tuple of length 3 to structure with 4 fields.
[rtabmap-14] [INFO] [1768033921.473438449] [rtabmap]: rtabmap (843): Rate=0.50s, Limit=0.001s, Conversion=0.0006s, RTAB-Map=0.0483s, Maps update=0.0032s pub=0.0043s delay=0.1040s (local map=0, WM=0)
[superpoint_node-2] [INFO] [1768033921.524802524] [superpoint_node]: Keypoints estratti: 800
[superpoint_node-2] [ERROR] [1768033921.531634467] [superpoint_node]: Errore pubblicazione keypoints 3D: could not assign tuple of length 3 to structure with 4 fields.
[superpoint_node-2] [INFO] [1768033921.621582497] [superpoint_node]: Keypoints estratti: 800
[superpoint_node-2] [ERROR] [1768033921.628473292] [superpoint_node]: Errore pubblicazione keypoints 3D: could not assign tuple of length 3 to structure with 4 fields.
[superpoint_node-2] [INFO] [1768033921.758047285] [superpoint_node]: Keypoints estratti: 800
[superpoint_node-2] [ERROR] [1768033921.765111878] [superpoint_node]: Errore pubblicazione keypoints 3D: could not assign tuple of length 3 to structure with 4 fields.
[superpoint_node-2] [INFO] [1768033921.859124551] [superpoint_node]: Keypoints estratti: 800
[superpoint_node-2] [ERROR] [1768033921.866807983] [superpoint_node]: Errore pubblicazione keypoints 3D: could not assign tuple of length 3 to structure with 4 fields.
[superpoint_node-2] [INFO] [1768033921.956399676] [superpoint_node]: Keypoints estratti: 800
[superpoint_node-2] [ERROR] [1768033921.963157304] [superpoint_node]: Errore pubblicazione keypoints 3D: could not assign tuple of length 3 to structure with 4 fields.
[rtabmap-14] [INFO] [1768033922.029104032] [rtabmap]: rtabmap (844): Rate=0.50s, Limit=0.001s, Conversion=0.0002s, RTAB-Map=0.0474s, Maps update=0.0003s pub=0.0008s delay=0.1196s (local map=0, WM=0)
[superpoint_node-2] [INFO] [1768033922.060412985] [superpoint_node]: Keypoints estratti: 800
[superpoint_node-2] [ERROR] [1768033922.067336706] [superpoint_node]: Errore pubblicazione keypoints 3D: could not assign tuple of length 3 to structure with 4 fields.
[superpoint_node-2] [INFO] [1768033922.156967530] [superpoint_node]: Keypoints estratti: 800
[superpoint_node-2] [ERROR] [1768033922.163646972] [superpoint_node]: Errore pubblicazione keypoints 3D: could not assign tuple of length 3 to structure with 4 fields.
[superpoint_node-2] [INFO] [1768033922.253961727] [superpoint_node]: Keypoints estratti: 800
[superpoint_node-2] [ERROR] [1768033922.262381683] [superpoint_node]: Errore pubblicazione keypoints 3D: could not assign tuple of length 3 to structure with 4 fields.
[superpoint_node-2] [INFO] [1768033922.351777652] [superpoint_node]: Keypoints estratti: 800
[superpoint_node-2] [ERROR] [1768033922.358598262] [superpoint_node]: Errore pubblicazione keypoints 3D: could not assign tuple of length 3 to structure with 4 fields.
[superpoint_node-2] [INFO] [1768033922.446071217] [superpoint_node]: Keypoints estratti: 800
[superpoint_node-2] [ERROR] [1768033922.453899094] [superpoint_node]: Errore pubblicazione keypoints 3D: could not assign tuple of length 3 to structure with 4 fields.
[superpoint_node-2] [INFO] [1768033922.544850576] [superpoint_node]: Keypoints estratti: 800
[superpoint_node-2] [ERROR] [1768033922.552540693] [superpoint_node]: Errore pubblicazione keypoints 3D: could not assign tuple of length 3 to structure with 4 fields.
[rtabmap-14] [INFO] [1768033922.559827695] [rtabmap]: rtabmap (845): Rate=0.50s, Limit=0.001s, Conversion=0.0002s, RTAB-Map=0.0428s, Maps update=0.0008s pub=0.0038s delay=0.0650s (local map=0, WM=0)
[superpoint_node-2] [INFO] [1768033922.643431137] [superpoint_node]: Keypoints estratti: 800
[superpoint_node-2] [ERROR] [1768033922.650642028] [superpoint_node]: Errore pubblicazione keypoints 3D: could not assign tuple of length 3 to structure with 4 fields.
[superpoint_node-2] [INFO] [1768033922.736889121] [superpoint_node]: Keypoints estratti: 800
[superpoint_node-2] [ERROR] [1768033922.744082956] [superpoint_node]: Errore pubblicazione keypoints 3D: could not assign tuple of length 3 to structure with 4 fields.
[superpoint_node-2] [INFO] [1768033922.919299849] [superpoint_node]: Keypoints estratti: 800
[superpoint_node-2] [ERROR] [1768033922.926257497] [superpoint_node]: Errore pubblicazione keypoints 3D: could not assign tuple of length 3 to structure with 4 fields.
[superpoint_node-2] [INFO] [1768033923.016495362] [superpoint_node]: Keypoints estratti: 800
[superpoint_node-2] [ERROR] [1768033923.023620733] [superpoint_node]: Errore pubblicazione keypoints 3D: could not assign tuple of length 3 to structure with 4 fields.
[superpoint_node-2] [INFO] [1768033923.122406259] [superpoint_node]: Keypoints estratti: 800
[superpoint_node-2] [ERROR] [1768033923.131628592] [superpoint_node]: Errore pubblicazione keypoints 3D: could not assign tuple of length 3 to structure with 4 fields.
[rtabmap-14] [33m[ WARN] (2026-01-10 09:32:02.797) CoreWrapper.cpp:1227::odomTFUpdate() Odometry is reset (identity pose detected). Increment map id![0m
[rtabmap-14] [INFO] [1768033923.164130832] [rtabmap]: rtabmap (846): Rate=0.50s, Limit=0.001s, Conversion=0.0005s, RTAB-Map=0.0486s, Maps update=0.0017s pub=0.0033s delay=0.0946s (local map=0, WM=0)
[superpoint_node-2] [INFO] [1768033923.223968326] [superpoint_node]: Keypoints estratti: 800
[superpoint_node-2] [ERROR] [1768033923.231064586] [superpoint_node]: Errore pubblicazione keypoints 3D: could not assign tuple of length 3 to structure with 4 fields.
[superpoint_node-2] [INFO] [1768033923.320066534] [superpoint_node]: Keypoints estratti: 800
[superpoint_node-2] [ERROR] [1768033923.327359018] [superpoint_node]: Errore pubblicazione keypoints 3D: could not assign tuple of length 3 to structure with 4 fields.
[superpoint_node-2] [INFO] [1768033923.415368736] [superpoint_node]: Keypoints estratti: 800
[superpoint_node-2] [ERROR] [1768033923.422188179] [superpoint_node]: Errore pubblicazione keypoints 3D: could not assign tuple of length 3 to structure with 4 fields.
[superpoint_node-2] [INFO] [1768033923.515631218] [superpoint_node]: Keypoints estratti: 800
[superpoint_node-2] [ERROR] [1768033923.522801349] [superpoint_node]: Errore pubblicazione keypoints 3D: could not assign tuple of length 3 to structure with 4 fields.
[superpoint_node-2] [INFO] [1768033923.620175809] [superpoint_node]: Keypoints estratti: 800
[superpoint_node-2] [ERROR] [1768033923.628329318] [superpoint_node]: Errore pubblicazione keypoints 3D: could not assign tuple of length 3 to structure with 4 fields.
[rtabmap-14] [INFO] [1768033923.656289855] [rtabmap]: rtabmap (847): Rate=0.50s, Limit=0.001s, Conversion=0.0005s, RTAB-Map=0.0433s, Maps update=0.0003s pub=0.0012s delay=0.0867s (local map=0, WM=0)
[superpoint_node-2] [INFO] [1768033923.722905922] [superpoint_node]: Keypoints estratti: 800
[superpoint_node-2] [ERROR] [1768033923.730489297] [superpoint_node]: Errore pubblicazione keypoints 3D: could not assign tuple of length 3 to structure with 4 fields.
[superpoint_node-2] [INFO] [1768033923.820451919] [superpoint_node]: Keypoints estratti: 800
[superpoint_node-2] [ERROR] [1768033923.828058535] [superpoint_node]: Errore pubblicazione keypoints 3D: could not assign tuple of length 3 to structure with 4 fields.
[superpoint_node-2] [INFO] [1768033923.916488182] [superpoint_node]: Keypoints estratti: 800
[superpoint_node-2] [ERROR] [1768033923.923371904] [superpoint_node]: Errore pubblicazione keypoints 3D: could not assign tuple of length 3 to structure with 4 fields.
[superpoint_node-2] [INFO] [1768033924.018026730] [superpoint_node]: Keypoints estratti: 800
[superpoint_node-2] [ERROR] [1768033924.025682365] [superpoint_node]: Errore pubblicazione keypoints 3D: could not assign tuple of length 3 to structure with 4 fields.
[superpoint_node-2] [INFO] [1768033924.116270419] [superpoint_node]: Keypoints estratti: 800
[superpoint_node-2] [ERROR] [1768033924.123545310] [superpoint_node]: Errore pubblicazione keypoints 3D: could not assign tuple of length 3 to structure with 4 fields.
[rtabmap-14] [INFO] [1768033924.174579549] [rtabmap]: rtabmap (848): Rate=0.50s, Limit=0.001s, Conversion=0.0003s, RTAB-Map=0.0500s, Maps update=0.0033s pub=0.0052s delay=0.1045s (local map=0, WM=0)
[superpoint_node-2] [INFO] [1768033924.218932679] [superpoint_node]: Keypoints estratti: 800
[superpoint_node-2] [ERROR] [1768033924.225926179] [superpoint_node]: Errore pubblicazione keypoints 3D: could not assign tuple of length 3 to structure with 4 fields.
[superpoint_node-2] [INFO] [1768033924.315335057] [superpoint_node]: Keypoints estratti: 800
[superpoint_node-2] [ERROR] [1768033924.322386724] [superpoint_node]: Errore pubblicazione keypoints 3D: could not assign tuple of length 3 to structure with 4 fields.
[superpoint_node-2] [INFO] [1768033924.415428019] [superpoint_node]: Keypoints estratti: 800
[superpoint_node-2] [ERROR] [1768033924.422697262] [superpoint_node]: Errore pubblicazione keypoints 3D: could not assign tuple of length 3 to structure with 4 fields.
[superpoint_node-2] [INFO] [1768033924.516049763] [superpoint_node]: Keypoints estratti: 800
[superpoint_node-2] [ERROR] [1768033924.522888817] [superpoint_node]: Errore pubblicazione keypoints 3D: could not assign tuple of length 3 to structure with 4 fields.
[superpoint_node-2] [INFO] [1768033924.618273372] [superpoint_node]: Keypoints estratti: 800
[superpoint_node-2] [ERROR] [1768033924.625094000] [superpoint_node]: Errore pubblicazione keypoints 3D: could not assign tuple of length 3 to structure with 4 fields.
[superpoint_node-2] [INFO] [1768033924.714791417] [superpoint_node]: Keypoints estratti: 800
[superpoint_node-2] [ERROR] [1768033924.721891103] [superpoint_node]: Errore pubblicazione keypoints 3D: could not assign tuple of length 3 to structure with 4 fields.
[rtabmap-14] [INFO] [1768033924.765825786] [rtabmap]: rtabmap (849): Rate=0.50s, Limit=0.001s, Conversion=0.0006s, RTAB-Map=0.0453s, Maps update=0.0007s pub=0.0048s delay=0.0964s (local map=0, WM=0)
[superpoint_node-2] [INFO] [1768033924.815942795] [superpoint_node]: Keypoints estratti: 800
[superpoint_node-2] [ERROR] [1768033924.822939017] [superpoint_node]: Errore pubblicazione keypoints 3D: could not assign tuple of length 3 to structure with 4 fields.
[superpoint_node-2] [INFO] [1768033924.915643125] [superpoint_node]: Keypoints estratti: 800
[superpoint_node-2] [ERROR] [1768033924.922809274] [superpoint_node]: Errore pubblicazione keypoints 3D: could not assign tuple of length 3 to structure with 4 fields.
[superpoint_node-2] [INFO] [1768033925.014653856] [superpoint_node]: Keypoints estratti: 800
[superpoint_node-2] [ERROR] [1768033925.021771727] [superpoint_node]: Errore pubblicazione keypoints 3D: could not assign tuple of length 3 to structure with 4 fields.
[superpoint_node-2] [INFO] [1768033925.144561666] [superpoint_node]: Keypoints estratti: 800
[superpoint_node-2] [ERROR] [1768033925.152495563] [superpoint_node]: Errore pubblicazione keypoints 3D: could not assign tuple of length 3 to structure with 4 fields.
[superpoint_node-2] [INFO] [1768033925.244126699] [superpoint_node]: Keypoints estratti: 800
[superpoint_node-2] [ERROR] [1768033925.252377949] [superpoint_node]: Errore pubblicazione keypoints 3D: could not assign tuple of length 3 to structure with 4 fields.
[rtabmap-14] [INFO] [1768033925.266282078] [rtabmap]: rtabmap (850): Rate=0.50s, Limit=0.001s, Conversion=0.0004s, RTAB-Map=0.0455s, Maps update=0.0003s pub=0.0010s delay=0.0708s (local map=0, WM=0)
[superpoint_node-2] [INFO] [1768033925.342916762] [superpoint_node]: Keypoints estratti: 800
[superpoint_node-2] [ERROR] [1768033925.351314291] [superpoint_node]: Errore pubblicazione keypoints 3D: could not assign tuple of length 3 to structure with 4 fields.
[superpoint_node-2] [INFO] [1768033925.451122381] [superpoint_node]: Keypoints estratti: 800
[superpoint_node-2] [ERROR] [1768033925.458081992] [superpoint_node]: Errore pubblicazione keypoints 3D: could not assign tuple of length 3 to structure with 4 fields.
[superpoint_node-2] [INFO] [1768033925.544597272] [superpoint_node]: Keypoints estratti: 800
[superpoint_node-2] [ERROR] [1768033925.553040987] [superpoint_node]: Errore pubblicazione keypoints 3D: could not assign tuple of length 3 to structure with 4 fields.
[superpoint_node-2] [INFO] [1768033925.645680076] [superpoint_node]: Keypoints estratti: 800
[superpoint_node-2] [ERROR] [1768033925.653011560] [superpoint_node]: Errore pubblicazione keypoints 3D: could not assign tuple of length 3 to structure with 4 fields.
[superpoint_node-2] [INFO] [1768033925.739437506] [superpoint_node]: Keypoints estratti: 800
[superpoint_node-2] [ERROR] [1768033925.747696868] [superpoint_node]: Errore pubblicazione keypoints 3D: could not assign tuple of length 3 to structure with 4 fields.
[superpoint_node-2] [INFO] [1768033925.842703105] [superpoint_node]: Keypoints estratti: 800
[rtabmap-14] [INFO] [1768033925.843300313] [rtabmap]: rtabmap (851): Rate=0.50s, Limit=0.001s, Conversion=0.0003s, RTAB-Map=0.0260s, Maps update=0.0025s pub=0.0013s delay=0.0533s (local map=0, WM=0)
[superpoint_node-2] [ERROR] [1768033925.850734113] [superpoint_node]: Errore pubblicazione keypoints 3D: could not assign tuple of length 3 to structure with 4 fields.
[superpoint_node-2] [INFO] [1768033925.938090344] [superpoint_node]: Keypoints estratti: 800
[superpoint_node-2] [ERROR] [1768033925.945754479] [superpoint_node]: Errore pubblicazione keypoints 3D: could not assign tuple of length 3 to structure with 4 fields.
[superpoint_node-2] [INFO] [1768033926.034814261] [superpoint_node]: Keypoints estratti: 800
[superpoint_node-2] [ERROR] [1768033926.042664750] [superpoint_node]: Errore pubblicazione keypoints 3D: could not assign tuple of length 3 to structure with 4 fields.
[superpoint_node-2] [INFO] [1768033926.131624179] [superpoint_node]: Keypoints estratti: 800
[superpoint_node-2] [ERROR] [1768033926.138592975] [superpoint_node]: Errore pubblicazione keypoints 3D: could not assign tuple of length 3 to structure with 4 fields.
[superpoint_node-2] [INFO] [1768033926.317611046] [superpoint_node]: Keypoints estratti: 800
[superpoint_node-2] [ERROR] [1768033926.324608787] [superpoint_node]: Errore pubblicazione keypoints 3D: could not assign tuple of length 3 to structure with 4 fields.
[superpoint_node-2] [INFO] [1768033926.421460853] [superpoint_node]: Keypoints estratti: 800
[superpoint_node-2] [ERROR] [1768033926.430482073] [superpoint_node]: Errore pubblicazione keypoints 3D: could not assign tuple of length 3 to structure with 4 fields.
[rtabmap-14] [INFO] [1768033926.454364393] [rtabmap]: rtabmap (852): Rate=0.50s, Limit=0.001s, Conversion=0.0005s, RTAB-Map=0.0390s, Maps update=0.0003s pub=0.0012s delay=0.0849s (local map=0, WM=0)
[superpoint_node-2] [INFO] [1768033926.523122013] [superpoint_node]: Keypoints estratti: 800
[superpoint_node-2] [ERROR] [1768033926.531037873] [superpoint_node]: Errore pubblicazione keypoints 3D: could not assign tuple of length 3 to structure with 4 fields.
[superpoint_node-2] [INFO] [1768033926.626690559] [superpoint_node]: Keypoints estratti: 800
[superpoint_node-2] [ERROR] [1768033926.633733300] [superpoint_node]: Errore pubblicazione keypoints 3D: could not assign tuple of length 3 to structure with 4 fields.
[superpoint_node-2] [INFO] [1768033926.723073936] [superpoint_node]: Keypoints estratti: 800
[superpoint_node-2] [ERROR] [1768033926.730087918] [superpoint_node]: Errore pubblicazione keypoints 3D: could not assign tuple of length 3 to structure with 4 fields.
[superpoint_node-2] [INFO] [1768033926.819104255] [superpoint_node]: Keypoints estratti: 800
[superpoint_node-2] [ERROR] [1768033926.826094477] [superpoint_node]: Errore pubblicazione keypoints 3D: could not assign tuple of length 3 to structure with 4 fields.
[superpoint_node-2] [INFO] [1768033926.918911400] [superpoint_node]: Keypoints estratti: 800
[superpoint_node-2] [ERROR] [1768033926.925844233] [superpoint_node]: Errore pubblicazione keypoints 3D: could not assign tuple of length 3 to structure with 4 fields.
[superpoint_node-2] [INFO] [1768033927.014572716] [superpoint_node]: Keypoints estratti: 800
[superpoint_node-2] [ERROR] [1768033927.021908423] [superpoint_node]: Errore pubblicazione keypoints 3D: could not assign tuple of length 3 to structure with 4 fields.
[rtabmap-14] [INFO] [1768033927.054688868] [rtabmap]: rtabmap (853): Rate=0.50s, Limit=0.001s, Conversion=0.0002s, RTAB-Map=0.0406s, Maps update=0.0003s pub=0.0011s delay=0.0850s (local map=0, WM=0)
[superpoint_node-2] [INFO] [1768033927.117990279] [superpoint_node]: Keypoints estratti: 800
[superpoint_node-2] [ERROR] [1768033927.125129873] [superpoint_node]: Errore pubblicazione keypoints 3D: could not assign tuple of length 3 to structure with 4 fields.
[superpoint_node-2] [INFO] [1768033927.218702098] [superpoint_node]: Keypoints estratti: 800
[superpoint_node-2] [ERROR] [1768033927.225527449] [superpoint_node]: Errore pubblicazione keypoints 3D: could not assign tuple of length 3 to structure with 4 fields.
[superpoint_node-2] [INFO] [1768033927.318088814] [superpoint_node]: Keypoints estratti: 800
[superpoint_node-2] [ERROR] [1768033927.325579837] [superpoint_node]: Errore pubblicazione keypoints 3D: could not assign tuple of length 3 to structure with 4 fields.
[superpoint_node-2] [INFO] [1768033927.416639597] [superpoint_node]: Keypoints estratti: 800
[superpoint_node-2] [ERROR] [1768033927.423857488] [superpoint_node]: Errore pubblicazione keypoints 3D: could not assign tuple of length 3 to structure with 4 fields.
[superpoint_node-2] [INFO] [1768033927.516235796] [superpoint_node]: Keypoints estratti: 800
[superpoint_node-2] [ERROR] [1768033927.523118925] [superpoint_node]: Errore pubblicazione keypoints 3D: could not assign tuple of length 3 to structure with 4 fields.
[superpoint_node-2] [INFO] [1768033927.615700624] [superpoint_node]: Keypoints estratti: 800
[superpoint_node-2] [ERROR] [1768033927.623108998] [superpoint_node]: Errore pubblicazione keypoints 3D: could not assign tuple of length 3 to structure with 4 fields.
[rtabmap-14] [INFO] [1768033927.664363159] [rtabmap]: rtabmap (854): Rate=0.50s, Limit=0.001s, Conversion=0.0003s, RTAB-Map=0.0457s, Maps update=0.0018s pub=0.0043s delay=0.0948s (local map=0, WM=0)
[superpoint_node-2] [INFO] [1768033927.719689173] [superpoint_node]: Keypoints estratti: 800
[superpoint_node-2] [ERROR] [1768033927.726721303] [superpoint_node]: Errore pubblicazione keypoints 3D: could not assign tuple of length 3 to structure with 4 fields.
[superpoint_node-2] [INFO] [1768033927.816852112] [superpoint_node]: Keypoints estratti: 800
[superpoint_node-2] [ERROR] [1768033927.823789741] [superpoint_node]: Errore pubblicazione keypoints 3D: could not assign tuple of length 3 to structure with 4 fields.
[superpoint_node-2] [INFO] [1768033927.916091493] [superpoint_node]: Keypoints estratti: 800
[superpoint_node-2] [ERROR] [1768033927.923810073] [superpoint_node]: Errore pubblicazione keypoints 3D: could not assign tuple of length 3 to structure with 4 fields.
[superpoint_node-2] [INFO] [1768033928.017750746] [superpoint_node]: Keypoints estratti: 800
[superpoint_node-2] [ERROR] [1768033928.025105267] [superpoint_node]: Errore pubblicazione keypoints 3D: could not assign tuple of length 3 to structure with 4 fields.
[superpoint_node-2] [INFO] [1768033928.114599738] [superpoint_node]: Keypoints estratti: 800
[superpoint_node-2] [ERROR] [1768033928.121964760] [superpoint_node]: Errore pubblicazione keypoints 3D: could not assign tuple of length 3 to structure with 4 fields.
[rtabmap-14] [33m[ WARN] (2026-01-10 09:32:06.189) CoreWrapper.cpp:1227::odomTFUpdate() Odometry is reset (identity pose detected). Increment map id![0m
[rtabmap-14] [INFO] [1768033928.162117875] [rtabmap]: rtabmap (855): Rate=0.50s, Limit=0.001s, Conversion=0.0017s, RTAB-Map=0.0437s, Maps update=0.0003s pub=0.0010s delay=0.0925s (local map=0, WM=0)
[superpoint_node-2] [INFO] [1768033928.214865905] [superpoint_node]: Keypoints estratti: 800
[superpoint_node-2] [ERROR] [1768033928.221935758] [superpoint_node]: Errore pubblicazione keypoints 3D: could not assign tuple of length 3 to structure with 4 fields.
[superpoint_node-2] [INFO] [1768033928.314669551] [superpoint_node]: Keypoints estratti: 800
[superpoint_node-2] [ERROR] [1768033928.322412501] [superpoint_node]: Errore pubblicazione keypoints 3D: could not assign tuple of length 3 to structure with 4 fields.
[superpoint_node-2] [INFO] [1768033928.448329558] [superpoint_node]: Keypoints estratti: 800
[superpoint_node-2] [ERROR] [1768033928.455641931] [superpoint_node]: Errore pubblicazione keypoints 3D: could not assign tuple of length 3 to structure with 4 fields.
[superpoint_node-2] [INFO] [1768033928.543767372] [superpoint_node]: Keypoints estratti: 800
[superpoint_node-2] [ERROR] [1768033928.551067985] [superpoint_node]: Errore pubblicazione keypoints 3D: could not assign tuple of length 3 to structure with 4 fields.
[superpoint_node-2] [INFO] [1768033928.641403333] [superpoint_node]: Keypoints estratti: 800
[superpoint_node-2] [ERROR] [1768033928.648949319] [superpoint_node]: Errore pubblicazione keypoints 3D: could not assign tuple of length 3 to structure with 4 fields.
[rtabmap-14] [INFO] [1768033928.653970266] [rtabmap]: rtabmap (856): Rate=0.50s, Limit=0.001s, Conversion=0.0005s, RTAB-Map=0.0395s, Maps update=0.0003s pub=0.0009s delay=0.0619s (local map=0, WM=0)
[superpoint_node-2] [INFO] [1768033928.741027773] [superpoint_node]: Keypoints estratti: 800
[superpoint_node-2] [ERROR] [1768033928.748480481] [superpoint_node]: Errore pubblicazione keypoints 3D: could not assign tuple of length 3 to structure with 4 fields.
[superpoint_node-2] [INFO] [1768033928.835177225] [superpoint_node]: Keypoints estratti: 800
[superpoint_node-2] [ERROR] [1768033928.842681933] [superpoint_node]: Errore pubblicazione keypoints 3D: could not assign tuple of length 3 to structure with 4 fields.
[superpoint_node-2] [INFO] [1768033929.019988805] [superpoint_node]: Keypoints estratti: 800
[superpoint_node-2] [ERROR] [1768033929.026947472] [superpoint_node]: Errore pubblicazione keypoints 3D: could not assign tuple of length 3 to structure with 4 fields.
[superpoint_node-2] [INFO] [1768033929.119743673] [superpoint_node]: Keypoints estratti: 800
[superpoint_node-2] [ERROR] [1768033929.127154157] [superpoint_node]: Errore pubblicazione keypoints 3D: could not assign tuple of length 3 to structure with 4 fields.
[superpoint_node-2] [INFO] [1768033929.217191429] [superpoint_node]: Keypoints estratti: 800
[superpoint_node-2] [ERROR] [1768033929.225548551] [superpoint_node]: Errore pubblicazione keypoints 3D: could not assign tuple of length 3 to structure with 4 fields.
[rtabmap-14] [INFO] [1768033929.238805878] [rtabmap]: rtabmap (857): Rate=0.50s, Limit=0.001s, Conversion=0.0013s, RTAB-Map=0.0215s, Maps update=0.0003s pub=0.0011s delay=0.0681s (local map=0, WM=0)
[superpoint_node-2] [INFO] [1768033929.319318277] [superpoint_node]: Keypoints estratti: 800
[superpoint_node-2] [ERROR] [1768033929.326225184] [superpoint_node]: Errore pubblicazione keypoints 3D: could not assign tuple of length 3 to structure with 4 fields.
[superpoint_node-2] [INFO] [1768033929.415424338] [superpoint_node]: Keypoints estratti: 800
[superpoint_node-2] [ERROR] [1768033929.422513227] [superpoint_node]: Errore pubblicazione keypoints 3D: could not assign tuple of length 3 to structure with 4 fields.
[superpoint_node-2] [INFO] [1768033929.517613520] [superpoint_node]: Keypoints estratti: 800
[superpoint_node-2] [ERROR] [1768033929.524422871] [superpoint_node]: Errore pubblicazione keypoints 3D: could not assign tuple of length 3 to structure with 4 fields.
[superpoint_node-2] [INFO] [1768033929.615949413] [superpoint_node]: Keypoints estratti: 800
[superpoint_node-2] [ERROR] [1768033929.623013858] [superpoint_node]: Errore pubblicazione keypoints 3D: could not assign tuple of length 3 to structure with 4 fields.
[superpoint_node-2] [INFO] [1768033929.718211689] [superpoint_node]: Keypoints estratti: 800
[superpoint_node-2] [ERROR] [1768033929.725036040] [superpoint_node]: Errore pubblicazione keypoints 3D: could not assign tuple of length 3 to structure with 4 fields.
[superpoint_node-2] [INFO] [1768033929.818803952] [superpoint_node]: Keypoints estratti: 800
[superpoint_node-2] [ERROR] [1768033929.825839748] [superpoint_node]: Errore pubblicazione keypoints 3D: could not assign tuple of length 3 to structure with 4 fields.
[rtabmap-14] [INFO] [1768033929.866106994] [rtabmap]: rtabmap (858): Rate=0.50s, Limit=0.001s, Conversion=0.0003s, RTAB-Map=0.0490s, Maps update=0.0013s pub=0.0028s delay=0.0967s (local map=0, WM=0)
[superpoint_node-2] [INFO] [1768033929.920434167] [superpoint_node]: Keypoints estratti: 800
[superpoint_node-2] [ERROR] [1768033929.927249851] [superpoint_node]: Errore pubblicazione keypoints 3D: could not assign tuple of length 3 to structure with 4 fields.
[superpoint_node-2] [INFO] [1768033930.018384557] [superpoint_node]: Keypoints estratti: 800
[superpoint_node-2] [ERROR] [1768033930.024993628] [superpoint_node]: Errore pubblicazione keypoints 3D: could not assign tuple of length 3 to structure with 4 fields.
[superpoint_node-2] [INFO] [1768033930.120059013] [superpoint_node]: Keypoints estratti: 800
[superpoint_node-2] [ERROR] [1768033930.127626851] [superpoint_node]: Errore pubblicazione keypoints 3D: could not assign tuple of length 3 to structure with 4 fields.
[superpoint_node-2] [INFO] [1768033930.219304395] [superpoint_node]: Keypoints estratti: 800
[superpoint_node-2] [ERROR] [1768033930.226199227] [superpoint_node]: Errore pubblicazione keypoints 3D: could not assign tuple of length 3 to structure with 4 fields.
[superpoint_node-2] [INFO] [1768033930.315606586] [superpoint_node]: Keypoints estratti: 800
[superpoint_node-2] [ERROR] [1768033930.323114109] [superpoint_node]: Errore pubblicazione keypoints 3D: could not assign tuple of length 3 to structure with 4 fields.
[rtabmap-14] [INFO] [1768033930.355863888] [rtabmap]: rtabmap (859): Rate=0.50s, Limit=0.001s, Conversion=0.0006s, RTAB-Map=0.0431s, Maps update=0.0003s pub=0.0010s delay=0.0863s (local map=0, WM=0)
[superpoint_node-2] [INFO] [1768033930.416174848] [superpoint_node]: Keypoints estratti: 800
[superpoint_node-2] [ERROR] [1768033930.422921161] [superpoint_node]: Errore pubblicazione keypoints 3D: could not assign tuple of length 3 to structure with 4 fields.
[superpoint_node-2] [INFO] [1768033930.514865392] [superpoint_node]: Keypoints estratti: 800
[superpoint_node-2] [ERROR] [1768033930.521880411] [superpoint_node]: Errore pubblicazione keypoints 3D: could not assign tuple of length 3 to structure with 4 fields.
[superpoint_node-2] [INFO] [1768033930.616926833] [superpoint_node]: Keypoints estratti: 800
[superpoint_node-2] [ERROR] [1768033930.623886351] [superpoint_node]: Errore pubblicazione keypoints 3D: could not assign tuple of length 3 to structure with 4 fields.
[superpoint_node-2] [INFO] [1768033930.719199331] [superpoint_node]: Keypoints estratti: 800
[superpoint_node-2] [ERROR] [1768033930.743067317] [superpoint_node]: Errore pubblicazione keypoints 3D: could not assign tuple of length 3 to structure with 4 fields.
[superpoint_node-2] [INFO] [1768033930.833531536] [superpoint_node]: Keypoints estratti: 800
[superpoint_node-2] [ERROR] [1768033930.841236709] [superpoint_node]: Errore pubblicazione keypoints 3D: could not assign tuple of length 3 to structure with 4 fields.
[rtabmap-14] [INFO] [1768033930.899526394] [rtabmap]: rtabmap (860): Rate=0.50s, Limit=0.001s, Conversion=0.0002s, RTAB-Map=0.0515s, Maps update=0.0039s pub=0.0013s delay=0.1103s (local map=0, WM=0)
[superpoint_node-2] [INFO] [1768033931.019539256] [superpoint_node]: Keypoints estratti: 800
[superpoint_node-2] [ERROR] [1768033931.026564015] [superpoint_node]: Errore pubblicazione keypoints 3D: could not assign tuple of length 3 to structure with 4 fields.
[superpoint_node-2] [INFO] [1768033931.118106910] [superpoint_node]: Keypoints estratti: 800
[superpoint_node-2] [ERROR] [1768033931.125034113] [superpoint_node]: Errore pubblicazione keypoints 3D: could not assign tuple of length 3 to structure with 4 fields.
[superpoint_node-2] [INFO] [1768033931.214354471] [superpoint_node]: Keypoints estratti: 800
[superpoint_node-2] [ERROR] [1768033931.221478954] [superpoint_node]: Errore pubblicazione keypoints 3D: could not assign tuple of length 3 to structure with 4 fields.
[superpoint_node-2] [INFO] [1768033931.315418219] [superpoint_node]: Keypoints estratti: 800
[superpoint_node-2] [ERROR] [1768033931.322342311] [superpoint_node]: Errore pubblicazione keypoints 3D: could not assign tuple of length 3 to structure with 4 fields.
[superpoint_node-2] [INFO] [1768033931.418305204] [superpoint_node]: Keypoints estratti: 800
[superpoint_node-2] [ERROR] [1768033931.425692688] [superpoint_node]: Errore pubblicazione keypoints 3D: could not assign tuple of length 3 to structure with 4 fields.
[rtabmap-14] [INFO] [1768033931.442054448] [rtabmap]: rtabmap (861): Rate=0.50s, Limit=0.001s, Conversion=0.0002s, RTAB-Map=0.0232s, Maps update=0.0015s pub=0.0010s delay=0.0726s (local map=0, WM=0)
[superpoint_node-2] [INFO] [1768033931.520143272] [superpoint_node]: Keypoints estratti: 800
[superpoint_node-2] [ERROR] [1768033931.526985901] [superpoint_node]: Errore pubblicazione keypoints 3D: could not assign tuple of length 3 to structure with 4 fields.
[superpoint_node-2] [INFO] [1768033931.616117146] [superpoint_node]: Keypoints estratti: 800
[superpoint_node-2] [ERROR] [1768033931.623256499] [superpoint_node]: Errore pubblicazione keypoints 3D: could not assign tuple of length 3 to structure with 4 fields.
[superpoint_node-2] [INFO] [1768033931.717495767] [superpoint_node]: Keypoints estratti: 800
[superpoint_node-2] [ERROR] [1768033931.725099068] [superpoint_node]: Errore pubblicazione keypoints 3D: could not assign tuple of length 3 to structure with 4 fields.
[superpoint_node-2] [INFO] [1768033931.815474379] [superpoint_node]: Keypoints estratti: 800
[superpoint_node-2] [ERROR] [1768033931.822562287] [superpoint_node]: Errore pubblicazione keypoints 3D: could not assign tuple of length 3 to structure with 4 fields.
[superpoint_node-2] [INFO] [1768033931.917273189] [superpoint_node]: Keypoints estratti: 800
[superpoint_node-2] [ERROR] [1768033931.924196855] [superpoint_node]: Errore pubblicazione keypoints 3D: could not assign tuple of length 3 to structure with 4 fields.
[superpoint_node-2] [INFO] [1768033932.018017878] [superpoint_node]: Keypoints estratti: 800
[superpoint_node-2] [ERROR] [1768033932.025010952] [superpoint_node]: Errore pubblicazione keypoints 3D: could not assign tuple of length 3 to structure with 4 fields.
[rtabmap-14] [INFO] [1768033932.040767818] [rtabmap]: rtabmap (862): Rate=0.50s, Limit=0.001s, Conversion=0.0004s, RTAB-Map=0.0219s, Maps update=0.0003s pub=0.0023s delay=0.0712s (local map=0, WM=0)
[superpoint_node-2] [INFO] [1768033932.116031083] [superpoint_node]: Keypoints estratti: 800
[superpoint_node-2] [ERROR] [1768033932.122944120] [superpoint_node]: Errore pubblicazione keypoints 3D: could not assign tuple of length 3 to structure with 4 fields.
[superpoint_node-2] [INFO] [1768033932.215382632] [superpoint_node]: Keypoints estratti: 800
[superpoint_node-2] [ERROR] [1768033932.222351910] [superpoint_node]: Errore pubblicazione keypoints 3D: could not assign tuple of length 3 to structure with 4 fields.
[superpoint_node-2] [INFO] [1768033932.316845791] [superpoint_node]: Keypoints estratti: 800
[superpoint_node-2] [ERROR] [1768033932.323687660] [superpoint_node]: Errore pubblicazione keypoints 3D: could not assign tuple of length 3 to structure with 4 fields.
[superpoint_node-2] [INFO] [1768033932.416722214] [superpoint_node]: Keypoints estratti: 800
[superpoint_node-2] [ERROR] [1768033932.423818641] [superpoint_node]: Errore pubblicazione keypoints 3D: could not assign tuple of length 3 to structure with 4 fields.
[superpoint_node-2] [INFO] [1768033932.545984483] [superpoint_node]: Keypoints estratti: 800
[superpoint_node-2] [ERROR] [1768033932.553445783] [superpoint_node]: Errore pubblicazione keypoints 3D: could not assign tuple of length 3 to structure with 4 fields.
[rtabmap-14] [INFO] [1768033932.569986414] [rtabmap]: rtabmap (863): Rate=0.50s, Limit=0.001s, Conversion=0.0003s, RTAB-Map=0.0238s, Maps update=0.0003s pub=0.0010s delay=0.0689s (local map=0, WM=0)
[superpoint_node-2] [INFO] [1768033932.651301264] [superpoint_node]: Keypoints estratti: 800
[superpoint_node-2] [ERROR] [1768033932.658998159] [superpoint_node]: Errore pubblicazione keypoints 3D: could not assign tuple of length 3 to structure with 4 fields.
[superpoint_node-2] [INFO] [1768033932.743896408] [superpoint_node]: Keypoints estratti: 800
[superpoint_node-2] [ERROR] [1768033932.751158762] [superpoint_node]: Errore pubblicazione keypoints 3D: could not assign tuple of length 3 to structure with 4 fields.
[superpoint_node-2] [INFO] [1768033932.840715455] [superpoint_node]: Keypoints estratti: 800
[superpoint_node-2] [ERROR] [1768033932.848363572] [superpoint_node]: Errore pubblicazione keypoints 3D: could not assign tuple of length 3 to structure with 4 fields.
[superpoint_node-2] [INFO] [1768033932.936334049] [superpoint_node]: Keypoints estratti: 800
[superpoint_node-2] [ERROR] [1768033932.943601403] [superpoint_node]: Errore pubblicazione keypoints 3D: could not assign tuple of length 3 to structure with 4 fields.
[rtabmap-14] [INFO] [1768033933.111987038] [rtabmap]: rtabmap (864): Rate=0.50s, Limit=0.001s, Conversion=0.0002s, RTAB-Map=0.0270s, Maps update=0.0004s pub=0.0014s delay=0.0424s (local map=0, WM=0)
[superpoint_node-2] [INFO] [1768033933.121029091] [superpoint_node]: Keypoints estratti: 800
[superpoint_node-2] [ERROR] [1768033933.129051544] [superpoint_node]: Errore pubblicazione keypoints 3D: could not assign tuple of length 3 to structure with 4 fields.
[rtabmap-14] [33m[ WARN] (2026-01-10 09:32:08.894) CoreWrapper.cpp:1227::odomTFUpdate() Odometry is reset (identity pose detected). Increment map id![0m
[rtabmap-14] [33m[ WARN] (2026-01-10 09:32:10.897) CoreWrapper.cpp:1227::odomTFUpdate() Odometry is reset (identity pose detected). Increment map id![0m
[rtabmap-14] [33m[ WARN] (2026-01-10 09:32:13.002) CoreWrapper.cpp:1227::odomTFUpdate() Odometry is reset (identity pose detected). Increment map id![0m
[superpoint_node-2] [INFO] [1768033933.222645047] [superpoint_node]: Keypoints estratti: 800
[superpoint_node-2] [ERROR] [1768033933.229614269] [superpoint_node]: Errore pubblicazione keypoints 3D: could not assign tuple of length 3 to structure with 4 fields.
[superpoint_node-2] [INFO] [1768033933.319319130] [superpoint_node]: Keypoints estratti: 800
[superpoint_node-2] [ERROR] [1768033933.326129314] [superpoint_node]: Errore pubblicazione keypoints 3D: could not assign tuple of length 3 to structure with 4 fields.
[superpoint_node-2] [INFO] [1768033933.415219189] [superpoint_node]: Keypoints estratti: 800
[superpoint_node-2] [ERROR] [1768033933.422450080] [superpoint_node]: Errore pubblicazione keypoints 3D: could not assign tuple of length 3 to structure with 4 fields.
[superpoint_node-2] [INFO] [1768033933.518247489] [superpoint_node]: Keypoints estratti: 800
[superpoint_node-2] [ERROR] [1768033933.525815642] [superpoint_node]: Errore pubblicazione keypoints 3D: could not assign tuple of length 3 to structure with 4 fields.
[superpoint_node-2] [INFO] [1768033933.616013785] [superpoint_node]: Keypoints estratti: 800
[superpoint_node-2] [ERROR] [1768033933.623428844] [superpoint_node]: Errore pubblicazione keypoints 3D: could not assign tuple of length 3 to structure with 4 fields.
[superpoint_node-2] [INFO] [1768033933.714390863] [superpoint_node]: Keypoints estratti: 800
[superpoint_node-2] [ERROR] [1768033933.721554680] [superpoint_node]: Errore pubblicazione keypoints 3D: could not assign tuple of length 3 to structure with 4 fields.
[rtabmap-14] [INFO] [1768033933.740140976] [rtabmap]: rtabmap (865): Rate=0.50s, Limit=0.001s, Conversion=0.0002s, RTAB-Map=0.0245s, Maps update=0.0003s pub=0.0007s delay=0.0706s (local map=0, WM=0)
[superpoint_node-2] [INFO] [1768033933.816174321] [superpoint_node]: Keypoints estratti: 800
[superpoint_node-2] [ERROR] [1768033933.823104320] [superpoint_node]: Errore pubblicazione keypoints 3D: could not assign tuple of length 3 to structure with 4 fields.
[superpoint_node-2] [INFO] [1768033933.915677964] [superpoint_node]: Keypoints estratti: 800
[superpoint_node-2] [ERROR] [1768033933.922928706] [superpoint_node]: Errore pubblicazione keypoints 3D: could not assign tuple of length 3 to structure with 4 fields.
[superpoint_node-2] [INFO] [1768033934.017237438] [superpoint_node]: Keypoints estratti: 800
[superpoint_node-2] [ERROR] [1768033934.024012936] [superpoint_node]: Errore pubblicazione keypoints 3D: could not assign tuple of length 3 to structure with 4 fields.
[superpoint_node-2] [INFO] [1768033934.114350413] [superpoint_node]: Keypoints estratti: 800
[superpoint_node-2] [ERROR] [1768033934.121427618] [superpoint_node]: Errore pubblicazione keypoints 3D: could not assign tuple of length 3 to structure with 4 fields.
[superpoint_node-2] [INFO] [1768033934.219419119] [superpoint_node]: Keypoints estratti: 800
[superpoint_node-2] [ERROR] [1768033934.227889112] [superpoint_node]: Errore pubblicazione keypoints 3D: could not assign tuple of length 3 to structure with 4 fields.
[rtabmap-14] [INFO] [1768033934.243156271] [rtabmap]: rtabmap (866): Rate=0.50s, Limit=0.001s, Conversion=0.0002s, RTAB-Map=0.0296s, Maps update=0.0002s pub=0.0013s delay=0.0736s (local map=0, WM=0)
[superpoint_node-2] [INFO] [1768033934.317046654] [superpoint_node]: Keypoints estratti: 800
[superpoint_node-2] [ERROR] [1768033934.324010561] [superpoint_node]: Errore pubblicazione keypoints 3D: could not assign tuple of length 3 to structure with 4 fields.
[superpoint_node-2] [INFO] [1768033934.417832696] [superpoint_node]: Keypoints estratti: 800
[superpoint_node-2] [ERROR] [1768033934.424843715] [superpoint_node]: Errore pubblicazione keypoints 3D: could not assign tuple of length 3 to structure with 4 fields.
[superpoint_node-2] [INFO] [1768033934.516098292] [superpoint_node]: Keypoints estratti: 800
[superpoint_node-2] [ERROR] [1768033934.523110107] [superpoint_node]: Errore pubblicazione keypoints 3D: could not assign tuple of length 3 to structure with 4 fields.
[superpoint_node-2] [INFO] [1768033934.615509527] [superpoint_node]: Keypoints estratti: 800
[superpoint_node-2] [ERROR] [1768033934.622766714] [superpoint_node]: Errore pubblicazione keypoints 3D: could not assign tuple of length 3 to structure with 4 fields.
[superpoint_node-2] [INFO] [1768033934.715265635] [superpoint_node]: Keypoints estratti: 800
[superpoint_node-2] [ERROR] [1768033934.722234301] [superpoint_node]: Errore pubblicazione keypoints 3D: could not assign tuple of length 3 to structure with 4 fields.
[superpoint_node-2] [INFO] [1768033934.819790799] [superpoint_node]: Keypoints estratti: 800
[superpoint_node-2] [ERROR] [1768033934.826790243] [superpoint_node]: Errore pubblicazione keypoints 3D: could not assign tuple of length 3 to structure with 4 fields.
[rtabmap-14] [INFO] [1768033934.832963126] [rtabmap]: rtabmap (867): Rate=0.50s, Limit=0.001s, Conversion=0.0005s, RTAB-Map=0.0420s, Maps update=0.0008s pub=0.0009s delay=0.0635s (local map=0, WM=0)
[superpoint_node-2] [INFO] [1768033934.917260981] [superpoint_node]: Keypoints estratti: 800
[superpoint_node-2] [ERROR] [1768033934.924973820] [superpoint_node]: Errore pubblicazione keypoints 3D: could not assign tuple of length 3 to structure with 4 fields.
[superpoint_node-2] [INFO] [1768033935.015426410] [superpoint_node]: Keypoints estratti: 800
[superpoint_node-2] [ERROR] [1768033935.022519670] [superpoint_node]: Errore pubblicazione keypoints 3D: could not assign tuple of length 3 to structure with 4 fields.
[superpoint_node-2] [INFO] [1768033935.115503353] [superpoint_node]: Keypoints estratti: 800
[superpoint_node-2] [ERROR] [1768033935.122593762] [superpoint_node]: Errore pubblicazione keypoints 3D: could not assign tuple of length 3 to structure with 4 fields.
[superpoint_node-2] [INFO] [1768033935.217166902] [superpoint_node]: Keypoints estratti: 800
[superpoint_node-2] [ERROR] [1768033935.224483738] [superpoint_node]: Errore pubblicazione keypoints 3D: could not assign tuple of length 3 to structure with 4 fields.
[superpoint_node-2] [INFO] [1768033935.317455644] [superpoint_node]: Keypoints estratti: 800
[superpoint_node-2] [ERROR] [1768033935.325246502] [superpoint_node]: Errore pubblicazione keypoints 3D: could not assign tuple of length 3 to structure with 4 fields.
[rtabmap-14] [INFO] [1768033935.360438578] [rtabmap]: rtabmap (868): Rate=0.50s, Limit=0.001s, Conversion=0.0002s, RTAB-Map=0.0451s, Maps update=0.0003s pub=0.0009s delay=0.0907s (local map=0, WM=0)
[superpoint_node-2] [INFO] [1768033935.423772156] [superpoint_node]: Keypoints estratti: 800
[superpoint_node-2] [ERROR] [1768033935.430639155] [superpoint_node]: Errore pubblicazione keypoints 3D: could not assign tuple of length 3 to structure with 4 fields.
[superpoint_node-2] [INFO] [1768033935.523390522] [superpoint_node]: Keypoints estratti: 800
[superpoint_node-2] [ERROR] [1768033935.530310947] [superpoint_node]: Errore pubblicazione keypoints 3D: could not assign tuple of length 3 to structure with 4 fields.
[superpoint_node-2] [INFO] [1768033935.621466968] [superpoint_node]: Keypoints estratti: 800
[superpoint_node-2] [ERROR] [1768033935.629265623] [superpoint_node]: Errore pubblicazione keypoints 3D: could not assign tuple of length 3 to structure with 4 fields.
[superpoint_node-2] [INFO] [1768033935.723515909] [superpoint_node]: Keypoints estratti: 800
[superpoint_node-2] [ERROR] [1768033935.730721781] [superpoint_node]: Errore pubblicazione keypoints 3D: could not assign tuple of length 3 to structure with 4 fields.
[superpoint_node-2] [INFO] [1768033935.818480923] [superpoint_node]: Keypoints estratti: 800
[superpoint_node-2] [ERROR] [1768033935.825921353] [superpoint_node]: Errore pubblicazione keypoints 3D: could not assign tuple of length 3 to structure with 4 fields.
[rtabmap-14] [INFO] [1768033935.840479820] [rtabmap]: rtabmap (869): Rate=0.50s, Limit=0.001s, Conversion=0.0004s, RTAB-Map=0.0216s, Maps update=0.0003s pub=0.0012s delay=0.0684s (local map=0, WM=0)
[superpoint_node-2] [INFO] [1768033935.922815327] [superpoint_node]: Keypoints estratti: 800
[superpoint_node-2] [ERROR] [1768033935.929860827] [superpoint_node]: Errore pubblicazione keypoints 3D: could not assign tuple of length 3 to structure with 4 fields.
[superpoint_node-2] [INFO] [1768033936.021956356] [superpoint_node]: Keypoints estratti: 800
[superpoint_node-2] [ERROR] [1768033936.028920985] [superpoint_node]: Errore pubblicazione keypoints 3D: could not assign tuple of length 3 to structure with 4 fields.
[superpoint_node-2] [INFO] [1768033936.119615262] [superpoint_node]: Keypoints estratti: 800
[superpoint_node-2] [ERROR] [1768033936.126514391] [superpoint_node]: Errore pubblicazione keypoints 3D: could not assign tuple of length 3 to structure with 4 fields.
[superpoint_node-2] [INFO] [1768033936.217787598] [superpoint_node]: Keypoints estratti: 800
[superpoint_node-2] [ERROR] [1768033936.225781106] [superpoint_node]: Errore pubblicazione keypoints 3D: could not assign tuple of length 3 to structure with 4 fields.
[superpoint_node-2] [INFO] [1768033936.318439379] [superpoint_node]: Keypoints estratti: 800
[superpoint_node-2] [ERROR] [1768033936.326590740] [superpoint_node]: Errore pubblicazione keypoints 3D: could not assign tuple of length 3 to structure with 4 fields.
[superpoint_node-2] [INFO] [1768033936.418062856] [superpoint_node]: Keypoints estratti: 800
[superpoint_node-2] [ERROR] [1768033936.425503749] [superpoint_node]: Errore pubblicazione keypoints 3D: could not assign tuple of length 3 to structure with 4 fields.
[rtabmap-14] [INFO] [1768033936.471101130] [rtabmap]: rtabmap (870): Rate=0.50s, Limit=0.001s, Conversion=0.0003s, RTAB-Map=0.0441s, Maps update=0.0009s pub=0.0063s delay=0.1017s (local map=0, WM=0)
[superpoint_node-2] [INFO] [1768033936.521523938] [superpoint_node]: Keypoints estratti: 800
[superpoint_node-2] [ERROR] [1768033936.528398697] [superpoint_node]: Errore pubblicazione keypoints 3D: could not assign tuple of length 3 to structure with 4 fields.
[superpoint_node-2] [INFO] [1768033936.617026179] [superpoint_node]: Keypoints estratti: 800
[superpoint_node-2] [ERROR] [1768033936.623957456] [superpoint_node]: Errore pubblicazione keypoints 3D: could not assign tuple of length 3 to structure with 4 fields.
[superpoint_node-2] [INFO] [1768033936.716040336] [superpoint_node]: Keypoints estratti: 800
[superpoint_node-2] [ERROR] [1768033936.723388191] [superpoint_node]: Errore pubblicazione keypoints 3D: could not assign tuple of length 3 to structure with 4 fields.
[superpoint_node-2] [INFO] [1768033936.819404695] [superpoint_node]: Keypoints estratti: 800
[superpoint_node-2] [ERROR] [1768033936.826328435] [superpoint_node]: Errore pubblicazione keypoints 3D: could not assign tuple of length 3 to structure with 4 fields.
[superpoint_node-2] [INFO] [1768033936.917546049] [superpoint_node]: Keypoints estratti: 800
[superpoint_node-2] [ERROR] [1768033936.924531901] [superpoint_node]: Errore pubblicazione keypoints 3D: could not assign tuple of length 3 to structure with 4 fields.
[superpoint_node-2] [INFO] [1768033937.017628623] [superpoint_node]: Keypoints estratti: 800
[superpoint_node-2] [ERROR] [1768033937.024819217] [superpoint_node]: Errore pubblicazione keypoints 3D: could not assign tuple of length 3 to structure with 4 fields.
[rtabmap-14] [INFO] [1768033937.041716777] [rtabmap]: rtabmap (871): Rate=0.50s, Limit=0.001s, Conversion=0.0003s, RTAB-Map=0.0257s, Maps update=0.0013s pub=0.0016s delay=0.0722s (local map=0, WM=0)
[superpoint_node-2] [INFO] [1768033937.116321056] [superpoint_node]: Keypoints estratti: 800
[superpoint_node-2] [ERROR] [1768033937.123269629] [superpoint_node]: Errore pubblicazione keypoints 3D: could not assign tuple of length 3 to structure with 4 fields.
[superpoint_node-2] [INFO] [1768033937.217647157] [superpoint_node]: Keypoints estratti: 800
[superpoint_node-2] [ERROR] [1768033937.224924808] [superpoint_node]: Errore pubblicazione keypoints 3D: could not assign tuple of length 3 to structure with 4 fields.
[superpoint_node-2] [INFO] [1768033937.317511007] [superpoint_node]: Keypoints estratti: 800
[superpoint_node-2] [ERROR] [1768033937.324300394] [superpoint_node]: Errore pubblicazione keypoints 3D: could not assign tuple of length 3 to structure with 4 fields.
[superpoint_node-2] [INFO] [1768033937.419347502] [superpoint_node]: Keypoints estratti: 800
[superpoint_node-2] [ERROR] [1768033937.426325964] [superpoint_node]: Errore pubblicazione keypoints 3D: could not assign tuple of length 3 to structure with 4 fields.
[superpoint_node-2] [INFO] [1768033937.517484245] [superpoint_node]: Keypoints estratti: 800
[superpoint_node-2] [ERROR] [1768033937.524714376] [superpoint_node]: Errore pubblicazione keypoints 3D: could not assign tuple of length 3 to structure with 4 fields.
[rtabmap-14] [INFO] [1768033937.571839547] [rtabmap]: rtabmap (872): Rate=0.50s, Limit=0.001s, Conversion=0.0005s, RTAB-Map=0.0526s, Maps update=0.0008s pub=0.0052s delay=0.1023s (local map=0, WM=0)
[superpoint_node-2] [INFO] [1768033937.618673160] [superpoint_node]: Keypoints estratti: 800
[superpoint_node-2] [ERROR] [1768033937.626124553] [superpoint_node]: Errore pubblicazione keypoints 3D: could not assign tuple of length 3 to structure with 4 fields.
[superpoint_node-2] [INFO] [1768033937.715019926] [superpoint_node]: Keypoints estratti: 800
[superpoint_node-2] [ERROR] [1768033937.721972815] [superpoint_node]: Errore pubblicazione keypoints 3D: could not assign tuple of length 3 to structure with 4 fields.
[superpoint_node-2] [INFO] [1768033937.817712705] [superpoint_node]: Keypoints estratti: 800
[superpoint_node-2] [ERROR] [1768033937.824391314] [superpoint_node]: Errore pubblicazione keypoints 3D: could not assign tuple of length 3 to structure with 4 fields.
[superpoint_node-2] [INFO] [1768033937.919959611] [superpoint_node]: Keypoints estratti: 800
[superpoint_node-2] [ERROR] [1768033937.927368707] [superpoint_node]: Errore pubblicazione keypoints 3D: could not assign tuple of length 3 to structure with 4 fields.
[superpoint_node-2] [INFO] [1768033938.018129262] [superpoint_node]: Keypoints estratti: 800
[superpoint_node-2] [ERROR] [1768033938.025278893] [superpoint_node]: Errore pubblicazione keypoints 3D: could not assign tuple of length 3 to structure with 4 fields.
[rtabmap-14] [INFO] [1768033938.039443987] [rtabmap]: rtabmap (873): Rate=0.50s, Limit=0.001s, Conversion=0.0004s, RTAB-Map=0.0212s, Maps update=0.0003s pub=0.0010s delay=0.0689s (local map=0, WM=0)
[superpoint_node-2] [INFO] [1768033938.118146409] [superpoint_node]: Keypoints estratti: 800
[superpoint_node-2] [ERROR] [1768033938.125589894] [superpoint_node]: Errore pubblicazione keypoints 3D: could not assign tuple of length 3 to structure with 4 fields.
[superpoint_node-2] [INFO] [1768033938.217243956] [superpoint_node]: Keypoints estratti: 800
[superpoint_node-2] [ERROR] [1768033938.225012166] [superpoint_node]: Errore pubblicazione keypoints 3D: could not assign tuple of length 3 to structure with 4 fields.
[superpoint_node-2] [INFO] [1768033938.317099935] [superpoint_node]: Keypoints estratti: 800
[superpoint_node-2] [ERROR] [1768033938.323920378] [superpoint_node]: Errore pubblicazione keypoints 3D: could not assign tuple of length 3 to structure with 4 fields.
[superpoint_node-2] [INFO] [1768033938.418919818] [superpoint_node]: Keypoints estratti: 800
[superpoint_node-2] [ERROR] [1768033938.425736335] [superpoint_node]: Errore pubblicazione keypoints 3D: could not assign tuple of length 3 to structure with 4 fields.
[superpoint_node-2] [INFO] [1768033938.516462075] [superpoint_node]: Keypoints estratti: 800
[superpoint_node-2] [ERROR] [1768033938.523451464] [superpoint_node]: Errore pubblicazione keypoints 3D: could not assign tuple of length 3 to structure with 4 fields.
[superpoint_node-2] [INFO] [1768033938.616431722] [superpoint_node]: Keypoints estratti: 800
[superpoint_node-2] [ERROR] [1768033938.623634742] [superpoint_node]: Errore pubblicazione keypoints 3D: could not assign tuple of length 3 to structure with 4 fields.
[rtabmap-14] [INFO] [1768033938.658671724] [rtabmap]: rtabmap (874): Rate=0.50s, Limit=0.001s, Conversion=0.0005s, RTAB-Map=0.0368s, Maps update=0.0003s pub=0.0027s delay=0.0887s (local map=0, WM=0)
[superpoint_node-2] [INFO] [1768033938.715976254] [superpoint_node]: Keypoints estratti: 800
[superpoint_node-2] [ERROR] [1768033938.722880235] [superpoint_node]: Errore pubblicazione keypoints 3D: could not assign tuple of length 3 to structure with 4 fields.
[superpoint_node-2] [INFO] [1768033938.817368949] [superpoint_node]: Keypoints estratti: 800
[superpoint_node-2] [ERROR] [1768033938.824297837] [superpoint_node]: Errore pubblicazione keypoints 3D: could not assign tuple of length 3 to structure with 4 fields.
[superpoint_node-2] [INFO] [1768033938.916111067] [superpoint_node]: Keypoints estratti: 800
[superpoint_node-2] [ERROR] [1768033938.922824935] [superpoint_node]: Errore pubblicazione keypoints 3D: could not assign tuple of length 3 to structure with 4 fields.
[superpoint_node-2] [INFO] [1768033939.017287427] [superpoint_node]: Keypoints estratti: 800
[superpoint_node-2] [ERROR] [1768033939.025177286] [superpoint_node]: Errore pubblicazione keypoints 3D: could not assign tuple of length 3 to structure with 4 fields.
[superpoint_node-2] [INFO] [1768033939.115503708] [superpoint_node]: Keypoints estratti: 800
[superpoint_node-2] [ERROR] [1768033939.122861211] [superpoint_node]: Errore pubblicazione keypoints 3D: could not assign tuple of length 3 to structure with 4 fields.
[superpoint_node-2] [INFO] [1768033939.218620879] [superpoint_node]: Keypoints estratti: 800
[superpoint_node-2] [ERROR] [1768033939.227289967] [superpoint_node]: Errore pubblicazione keypoints 3D: could not assign tuple of length 3 to structure with 4 fields.
[rtabmap-14] [INFO] [1768033939.259738503] [rtabmap]: rtabmap (875): Rate=0.50s, Limit=0.001s, Conversion=0.0006s, RTAB-Map=0.0466s, Maps update=0.0015s pub=0.0016s delay=0.0901s (local map=0, WM=0)
[superpoint_node-2] [INFO] [1768033939.320654561] [superpoint_node]: Keypoints estratti: 800
[superpoint_node-2] [ERROR] [1768033939.327619302] [superpoint_node]: Errore pubblicazione keypoints 3D: could not assign tuple of length 3 to structure with 4 fields.
[superpoint_node-2] [INFO] [1768033939.418779526] [superpoint_node]: Keypoints estratti: 800
[superpoint_node-2] [ERROR] [1768033939.425710989] [superpoint_node]: Errore pubblicazione keypoints 3D: could not assign tuple of length 3 to structure with 4 fields.
[superpoint_node-2] [INFO] [1768033939.516252042] [superpoint_node]: Keypoints estratti: 800
[superpoint_node-2] [ERROR] [1768033939.523221394] [superpoint_node]: Errore pubblicazione keypoints 3D: could not assign tuple of length 3 to structure with 4 fields.
[superpoint_node-2] [INFO] [1768033939.617356031] [superpoint_node]: Keypoints estratti: 800
[superpoint_node-2] [ERROR] [1768033939.624795257] [superpoint_node]: Errore pubblicazione keypoints 3D: could not assign tuple of length 3 to structure with 4 fields.
[superpoint_node-2] [INFO] [1768033939.714842065] [superpoint_node]: Keypoints estratti: 800
[superpoint_node-2] [ERROR] [1768033939.722883833] [superpoint_node]: Errore pubblicazione keypoints 3D: could not assign tuple of length 3 to structure with 4 fields.
[superpoint_node-2] [INFO] [1768033939.820686647] [superpoint_node]: Keypoints estratti: 800
[superpoint_node-2] [ERROR] [1768033939.829036028] [superpoint_node]: Errore pubblicazione keypoints 3D: could not assign tuple of length 3 to structure with 4 fields.
[rtabmap-14] [INFO] [1768033939.862656555] [rtabmap]: rtabmap (876): Rate=0.50s, Limit=0.001s, Conversion=0.0002s, RTAB-Map=0.0393s, Maps update=0.0003s pub=0.0061s delay=0.0929s (local map=0, WM=0)
[superpoint_node-2] [INFO] [1768033939.924330805] [superpoint_node]: Keypoints estratti: 800
[superpoint_node-2] [ERROR] [1768033939.931366879] [superpoint_node]: Errore pubblicazione keypoints 3D: could not assign tuple of length 3 to structure with 4 fields.
[superpoint_node-2] [INFO] [1768033940.020538792] [superpoint_node]: Keypoints estratti: 800
[superpoint_node-2] [ERROR] [1768033940.027556996] [superpoint_node]: Errore pubblicazione keypoints 3D: could not assign tuple of length 3 to structure with 4 fields.
[superpoint_node-2] [INFO] [1768033940.151259590] [superpoint_node]: Keypoints estratti: 800
[superpoint_node-2] [ERROR] [1768033940.158070589] [superpoint_node]: Errore pubblicazione keypoints 3D: could not assign tuple of length 3 to structure with 4 fields.
[superpoint_node-2] [INFO] [1768033940.245503821] [superpoint_node]: Keypoints estratti: 800
[superpoint_node-2] [ERROR] [1768033940.252599692] [superpoint_node]: Errore pubblicazione keypoints 3D: could not assign tuple of length 3 to structure with 4 fields.
[superpoint_node-2] [INFO] [1768033940.344396866] [superpoint_node]: Keypoints estratti: 800
[superpoint_node-2] [ERROR] [1768033940.351738017] [superpoint_node]: Errore pubblicazione keypoints 3D: could not assign tuple of length 3 to structure with 4 fields.
[rtabmap-14] [INFO] [1768033940.361148777] [rtabmap]: rtabmap (877): Rate=0.50s, Limit=0.001s, Conversion=0.0022s, RTAB-Map=0.0419s, Maps update=0.0002s pub=0.0009s delay=0.0676s (local map=0, WM=0)
[superpoint_node-2] [INFO] [1768033940.440634483] [superpoint_node]: Keypoints estratti: 800
[superpoint_node-2] [ERROR] [1768033940.447969486] [superpoint_node]: Errore pubblicazione keypoints 3D: could not assign tuple of length 3 to structure with 4 fields.
[superpoint_node-2] [INFO] [1768033940.534645212] [superpoint_node]: Keypoints estratti: 800
[superpoint_node-2] [ERROR] [1768033940.541769343] [superpoint_node]: Errore pubblicazione keypoints 3D: could not assign tuple of length 3 to structure with 4 fields.
[superpoint_node-2] [INFO] [1768033940.717060922] [superpoint_node]: Keypoints estratti: 800
[superpoint_node-2] [ERROR] [1768033940.723879031] [superpoint_node]: Errore pubblicazione keypoints 3D: could not assign tuple of length 3 to structure with 4 fields.
[superpoint_node-2] [INFO] [1768033940.815774132] [superpoint_node]: Keypoints estratti: 800
[superpoint_node-2] [ERROR] [1768033940.822864040] [superpoint_node]: Errore pubblicazione keypoints 3D: could not assign tuple of length 3 to structure with 4 fields.
[superpoint_node-2] [INFO] [1768033940.916231135] [superpoint_node]: Keypoints estratti: 800
[superpoint_node-2] [ERROR] [1768033940.923249857] [superpoint_node]: Errore pubblicazione keypoints 3D: could not assign tuple of length 3 to structure with 4 fields.
[rtabmap-14] [INFO] [1768033940.960042853] [rtabmap]: rtabmap (878): Rate=0.50s, Limit=0.001s, Conversion=0.0003s, RTAB-Map=0.0416s, Maps update=0.0015s pub=0.0044s delay=0.0905s (local map=0, WM=0)
[superpoint_node-2] [INFO] [1768033941.019912700] [superpoint_node]: Keypoints estratti: 800
[superpoint_node-2] [ERROR] [1768033941.026664809] [superpoint_node]: Errore pubblicazione keypoints 3D: could not assign tuple of length 3 to structure with 4 fields.
[superpoint_node-2] [INFO] [1768033941.118954172] [superpoint_node]: Keypoints estratti: 800
[superpoint_node-2] [ERROR] [1768033941.125683485] [superpoint_node]: Errore pubblicazione keypoints 3D: could not assign tuple of length 3 to structure with 4 fields.
[superpoint_node-2] [INFO] [1768033941.217513585] [superpoint_node]: Keypoints estratti: 800
[superpoint_node-2] [ERROR] [1768033941.224358214] [superpoint_node]: Errore pubblicazione keypoints 3D: could not assign tuple of length 3 to structure with 4 fields.
[superpoint_node-2] [INFO] [1768033941.317532306] [superpoint_node]: Keypoints estratti: 800
[superpoint_node-2] [ERROR] [1768033941.324328712] [superpoint_node]: Errore pubblicazione keypoints 3D: could not assign tuple of length 3 to structure with 4 fields.
[superpoint_node-2] [INFO] [1768033941.416661113] [superpoint_node]: Keypoints estratti: 800
[superpoint_node-2] [ERROR] [1768033941.423620446] [superpoint_node]: Errore pubblicazione keypoints 3D: could not assign tuple of length 3 to structure with 4 fields.
[superpoint_node-2] [INFO] [1768033941.516104867] [superpoint_node]: Keypoints estratti: 800
[superpoint_node-2] [ERROR] [1768033941.523143515] [superpoint_node]: Errore pubblicazione keypoints 3D: could not assign tuple of length 3 to structure with 4 fields.
[rtabmap-14] [INFO] [1768033941.564200416] [rtabmap]: rtabmap (879): Rate=0.50s, Limit=0.001s, Conversion=0.0015s, RTAB-Map=0.0496s, Maps update=0.0002s pub=0.0008s delay=0.0946s (local map=0, WM=0)
[superpoint_node-2] [INFO] [1768033941.618981425] [superpoint_node]: Keypoints estratti: 800
[superpoint_node-2] [ERROR] [1768033941.625817017] [superpoint_node]: Errore pubblicazione keypoints 3D: could not assign tuple of length 3 to structure with 4 fields.
[superpoint_node-2] [INFO] [1768033941.716990760] [superpoint_node]: Keypoints estratti: 800
[superpoint_node-2] [ERROR] [1768033941.723861500] [superpoint_node]: Errore pubblicazione keypoints 3D: could not assign tuple of length 3 to structure with 4 fields.
[superpoint_node-2] [INFO] [1768033941.815409190] [superpoint_node]: Keypoints estratti: 800
[superpoint_node-2] [ERROR] [1768033941.822803731] [superpoint_node]: Errore pubblicazione keypoints 3D: could not assign tuple of length 3 to structure with 4 fields.
[superpoint_node-2] [INFO] [1768033941.915952379] [superpoint_node]: Keypoints estratti: 800
[superpoint_node-2] [ERROR] [1768033941.923160788] [superpoint_node]: Errore pubblicazione keypoints 3D: could not assign tuple of length 3 to structure with 4 fields.
[superpoint_node-2] [INFO] [1768033942.014956018] [superpoint_node]: Keypoints estratti: 800
[superpoint_node-2] [ERROR] [1768033942.021642645] [superpoint_node]: Errore pubblicazione keypoints 3D: could not assign tuple of length 3 to structure with 4 fields.
[superpoint_node-2] [INFO] [1768033942.117171108] [superpoint_node]: Keypoints estratti: 800
[superpoint_node-2] [ERROR] [1768033942.124260164] [superpoint_node]: Errore pubblicazione keypoints 3D: could not assign tuple of length 3 to structure with 4 fields.
[rtabmap-14] [INFO] [1768033942.164789413] [rtabmap]: rtabmap (880): Rate=0.50s, Limit=0.001s, Conversion=0.0006s, RTAB-Map=0.0418s, Maps update=0.0003s pub=0.0034s delay=0.0953s (local map=0, WM=0)
[superpoint_node-2] [INFO] [1768033942.218331597] [superpoint_node]: Keypoints estratti: 800
[superpoint_node-2] [ERROR] [1768033942.225163726] [superpoint_node]: Errore pubblicazione keypoints 3D: could not assign tuple of length 3 to structure with 4 fields.
[superpoint_node-2] [INFO] [1768033942.317430811] [superpoint_node]: Keypoints estratti: 800
[superpoint_node-2] [ERROR] [1768033942.324290866] [superpoint_node]: Errore pubblicazione keypoints 3D: could not assign tuple of length 3 to structure with 4 fields.
[superpoint_node-2] [INFO] [1768033942.417306235] [superpoint_node]: Keypoints estratti: 800
[superpoint_node-2] [ERROR] [1768033942.424323642] [superpoint_node]: Errore pubblicazione keypoints 3D: could not assign tuple of length 3 to structure with 4 fields.
[superpoint_node-2] [INFO] [1768033942.515009993] [superpoint_node]: Keypoints estratti: 800
[superpoint_node-2] [ERROR] [1768033942.521857566] [superpoint_node]: Errore pubblicazione keypoints 3D: could not assign tuple of length 3 to structure with 4 fields.
[superpoint_node-2] [INFO] [1768033942.618154887] [superpoint_node]: Keypoints estratti: 800
[superpoint_node-2] [ERROR] [1768033942.625130091] [superpoint_node]: Errore pubblicazione keypoints 3D: could not assign tuple of length 3 to structure with 4 fields.
[rtabmap-14] [INFO] [1768033942.670169060] [rtabmap]: rtabmap (881): Rate=0.50s, Limit=0.001s, Conversion=0.0011s, RTAB-Map=0.0458s, Maps update=0.0009s pub=0.0056s delay=0.1006s (local map=0, WM=0)
[superpoint_node-2] [INFO] [1768033942.717701345] [superpoint_node]: Keypoints estratti: 800
[superpoint_node-2] [ERROR] [1768033942.724691438] [superpoint_node]: Errore pubblicazione keypoints 3D: could not assign tuple of length 3 to structure with 4 fields.
[superpoint_node-2] [INFO] [1768033942.819270597] [superpoint_node]: Keypoints estratti: 800
[superpoint_node-2] [ERROR] [1768033942.826998973] [superpoint_node]: Errore pubblicazione keypoints 3D: could not assign tuple of length 3 to structure with 4 fields.
[superpoint_node-2] [INFO] [1768033942.916655390] [superpoint_node]: Keypoints estratti: 800
[superpoint_node-2] [ERROR] [1768033942.923668760] [superpoint_node]: Errore pubblicazione keypoints 3D: could not assign tuple of length 3 to structure with 4 fields.
[superpoint_node-2] [INFO] [1768033943.018698701] [superpoint_node]: Keypoints estratti: 800
[superpoint_node-2] [ERROR] [1768033943.025621552] [superpoint_node]: Errore pubblicazione keypoints 3D: could not assign tuple of length 3 to structure with 4 fields.
[superpoint_node-2] [INFO] [1768033943.115769454] [superpoint_node]: Keypoints estratti: 800
[superpoint_node-2] [ERROR] [1768033943.122933659] [superpoint_node]: Errore pubblicazione keypoints 3D: could not assign tuple of length 3 to structure with 4 fields.
[rtabmap-14] [33m[ WARN] (2026-01-10 09:32:20.591) CoreWrapper.cpp:1227::odomTFUpdate() Odometry is reset (identity pose detected). Increment map id![0m
[rtabmap-14] [INFO] [1768033943.161842654] [rtabmap]: rtabmap (882): Rate=0.50s, Limit=0.001s, Conversion=0.0006s, RTAB-Map=0.0414s, Maps update=0.0010s pub=0.0035s delay=0.0922s (local map=0, WM=0)
[superpoint_node-2] [INFO] [1768033943.222585767] [superpoint_node]: Keypoints estratti: 800
[superpoint_node-2] [ERROR] [1768033943.229600396] [superpoint_node]: Errore pubblicazione keypoints 3D: could not assign tuple of length 3 to structure with 4 fields.
[superpoint_node-2] [INFO] [1768033943.319431259] [superpoint_node]: Keypoints estratti: 800
[superpoint_node-2] [ERROR] [1768033943.326443648] [superpoint_node]: Errore pubblicazione keypoints 3D: could not assign tuple of length 3 to structure with 4 fields.
[superpoint_node-2] [INFO] [1768033943.418303452] [superpoint_node]: Keypoints estratti: 800
[superpoint_node-2] [ERROR] [1768033943.425297137] [superpoint_node]: Errore pubblicazione keypoints 3D: could not assign tuple of length 3 to structure with 4 fields.
[superpoint_node-2] [INFO] [1768033943.550130019] [superpoint_node]: Keypoints estratti: 800
[superpoint_node-2] [ERROR] [1768033943.557011796] [superpoint_node]: Errore pubblicazione keypoints 3D: could not assign tuple of length 3 to structure with 4 fields.
[superpoint_node-2] [INFO] [1768033943.642002175] [superpoint_node]: Keypoints estratti: 800
[superpoint_node-2] [ERROR] [1768033943.649348789] [superpoint_node]: Errore pubblicazione keypoints 3D: could not assign tuple of length 3 to structure with 4 fields.
[superpoint_node-2] [INFO] [1768033943.739759193] [superpoint_node]: Keypoints estratti: 800
[superpoint_node-2] [ERROR] [1768033943.749085378] [superpoint_node]: Errore pubblicazione keypoints 3D: could not assign tuple of length 3 to structure with 4 fields.
[rtabmap-14] [INFO] [1768033943.761127863] [rtabmap]: rtabmap (883): Rate=0.50s, Limit=0.001s, Conversion=0.0010s, RTAB-Map=0.0434s, Maps update=0.0002s pub=0.0009s delay=0.0708s (local map=0, WM=0)
[superpoint_node-2] [INFO] [1768033943.840451882] [superpoint_node]: Keypoints estratti: 800
[superpoint_node-2] [ERROR] [1768033943.847955312] [superpoint_node]: Errore pubblicazione keypoints 3D: could not assign tuple of length 3 to structure with 4 fields.
[superpoint_node-2] [INFO] [1768033943.938154233] [superpoint_node]: Keypoints estratti: 800
[superpoint_node-2] [ERROR] [1768033943.945535014] [superpoint_node]: Errore pubblicazione keypoints 3D: could not assign tuple of length 3 to structure with 4 fields.
[superpoint_node-2] [INFO] [1768033944.034845280] [superpoint_node]: Keypoints estratti: 800
[superpoint_node-2] [ERROR] [1768033944.042087652] [superpoint_node]: Errore pubblicazione keypoints 3D: could not assign tuple of length 3 to structure with 4 fields.
[superpoint_node-2] [INFO] [1768033944.133086876] [superpoint_node]: Keypoints estratti: 800
[superpoint_node-2] [ERROR] [1768033944.140834456] [superpoint_node]: Errore pubblicazione keypoints 3D: could not assign tuple of length 3 to structure with 4 fields.
[superpoint_node-2] [INFO] [1768033944.230215574] [superpoint_node]: Keypoints estratti: 800
[superpoint_node-2] [ERROR] [1768033944.237911135] [superpoint_node]: Errore pubblicazione keypoints 3D: could not assign tuple of length 3 to structure with 4 fields.
[rtabmap-14] [INFO] [1768033944.314446817] [rtabmap]: rtabmap (884): Rate=0.50s, Limit=0.001s, Conversion=0.0002s, RTAB-Map=0.0215s, Maps update=0.0007s pub=0.0013s delay=0.0326s (local map=0, WM=0)
[superpoint_node-2] [INFO] [1768033944.420040157] [superpoint_node]: Keypoints estratti: 800
[superpoint_node-2] [ERROR] [1768033944.427553513] [superpoint_node]: Errore pubblicazione keypoints 3D: could not assign tuple of length 3 to structure with 4 fields.
[superpoint_node-2] [INFO] [1768033944.517228800] [superpoint_node]: Keypoints estratti: 800
[superpoint_node-2] [ERROR] [1768033944.524719434] [superpoint_node]: Errore pubblicazione keypoints 3D: could not assign tuple of length 3 to structure with 4 fields.
[superpoint_node-2] [INFO] [1768033944.615293154] [superpoint_node]: Keypoints estratti: 800
[superpoint_node-2] [ERROR] [1768033944.622260968] [superpoint_node]: Errore pubblicazione keypoints 3D: could not assign tuple of length 3 to structure with 4 fields.
[superpoint_node-2] [INFO] [1768033944.716951666] [superpoint_node]: Keypoints estratti: 800
[superpoint_node-2] [ERROR] [1768033944.723836276] [superpoint_node]: Errore pubblicazione keypoints 3D: could not assign tuple of length 3 to structure with 4 fields.
[superpoint_node-2] [INFO] [1768033944.816095769] [superpoint_node]: Keypoints estratti: 800
[superpoint_node-2] [ERROR] [1768033944.822844489] [superpoint_node]: Errore pubblicazione keypoints 3D: could not assign tuple of length 3 to structure with 4 fields.
[superpoint_node-2] [INFO] [1768033944.915341484] [superpoint_node]: Keypoints estratti: 800
[superpoint_node-2] [ERROR] [1768033944.922672116] [superpoint_node]: Errore pubblicazione keypoints 3D: could not assign tuple of length 3 to structure with 4 fields.
[rtabmap-14] [INFO] [1768033944.965529846] [rtabmap]: rtabmap (885): Rate=0.50s, Limit=0.001s, Conversion=0.0002s, RTAB-Map=0.0435s, Maps update=0.0006s pub=0.0037s delay=0.0960s (local map=0, WM=0)
[superpoint_node-2] [INFO] [1768033945.017902595] [superpoint_node]: Keypoints estratti: 800
[superpoint_node-2] [ERROR] [1768033945.024636501] [superpoint_node]: Errore pubblicazione keypoints 3D: could not assign tuple of length 3 to structure with 4 fields.
[superpoint_node-2] [INFO] [1768033945.118287541] [superpoint_node]: Keypoints estratti: 800
[superpoint_node-2] [ERROR] [1768033945.125179411] [superpoint_node]: Errore pubblicazione keypoints 3D: could not assign tuple of length 3 to structure with 4 fields.
[superpoint_node-2] [INFO] [1768033945.219221751] [superpoint_node]: Keypoints estratti: 800
[superpoint_node-2] [ERROR] [1768033945.225896471] [superpoint_node]: Errore pubblicazione keypoints 3D: could not assign tuple of length 3 to structure with 4 fields.
[superpoint_node-2] [INFO] [1768033945.314700992] [superpoint_node]: Keypoints estratti: 800
[superpoint_node-2] [ERROR] [1768033945.321577324] [superpoint_node]: Errore pubblicazione keypoints 3D: could not assign tuple of length 3 to structure with 4 fields.
[superpoint_node-2] [INFO] [1768033945.416331689] [superpoint_node]: Keypoints estratti: 800
[superpoint_node-2] [ERROR] [1768033945.423193762] [superpoint_node]: Errore pubblicazione keypoints 3D: could not assign tuple of length 3 to structure with 4 fields.
[superpoint_node-2] [INFO] [1768033945.520692019] [superpoint_node]: Keypoints estratti: 800
[superpoint_node-2] [ERROR] [1768033945.527977928] [superpoint_node]: Errore pubblicazione keypoints 3D: could not assign tuple of length 3 to structure with 4 fields.
[rtabmap-14] [INFO] [1768033945.565972786] [rtabmap]: rtabmap (886): Rate=0.50s, Limit=0.001s, Conversion=0.0002s, RTAB-Map=0.0443s, Maps update=0.0019s pub=0.0022s delay=0.0965s (local map=0, WM=0)
[superpoint_node-2] [INFO] [1768033945.620500423] [superpoint_node]: Keypoints estratti: 800
[superpoint_node-2] [ERROR] [1768033945.627655147] [superpoint_node]: Errore pubblicazione keypoints 3D: could not assign tuple of length 3 to structure with 4 fields.
[superpoint_node-2] [INFO] [1768033945.719059262] [superpoint_node]: Keypoints estratti: 800
[superpoint_node-2] [ERROR] [1768033945.740717990] [superpoint_node]: Errore pubblicazione keypoints 3D: could not assign tuple of length 3 to structure with 4 fields.
[superpoint_node-2] [INFO] [1768033945.836384806] [superpoint_node]: Keypoints estratti: 800
[superpoint_node-2] [ERROR] [1768033945.844086127] [superpoint_node]: Errore pubblicazione keypoints 3D: could not assign tuple of length 3 to structure with 4 fields.
[superpoint_node-2] [INFO] [1768033945.934056935] [superpoint_node]: Keypoints estratti: 800
[superpoint_node-2] [ERROR] [1768033945.941641439] [superpoint_node]: Errore pubblicazione keypoints 3D: could not assign tuple of length 3 to structure with 4 fields.
[rtabmap-14] [INFO] [1768033946.025014250] [rtabmap]: rtabmap (887): Rate=0.50s, Limit=0.001s, Conversion=0.0001s, RTAB-Map=0.0221s, Maps update=0.0003s pub=0.0009s delay=0.0398s (local map=0, WM=0)
[superpoint_node-2] [INFO] [1768033946.116722739] [superpoint_node]: Keypoints estratti: 800
[superpoint_node-2] [ERROR] [1768033946.123579367] [superpoint_node]: Errore pubblicazione keypoints 3D: could not assign tuple of length 3 to structure with 4 fields.
[superpoint_node-2] [INFO] [1768033946.221307866] [superpoint_node]: Keypoints estratti: 800
[superpoint_node-2] [ERROR] [1768033946.228501146] [superpoint_node]: Errore pubblicazione keypoints 3D: could not assign tuple of length 3 to structure with 4 fields.
[superpoint_node-2] [INFO] [1768033946.318445565] [superpoint_node]: Keypoints estratti: 800
[superpoint_node-2] [ERROR] [1768033946.325431546] [superpoint_node]: Errore pubblicazione keypoints 3D: could not assign tuple of length 3 to structure with 4 fields.
[superpoint_node-2] [INFO] [1768033946.423910792] [superpoint_node]: Keypoints estratti: 800
[superpoint_node-2] [ERROR] [1768033946.431173739] [superpoint_node]: Errore pubblicazione keypoints 3D: could not assign tuple of length 3 to structure with 4 fields.
[superpoint_node-2] [INFO] [1768033946.524078755] [superpoint_node]: Keypoints estratti: 800
[superpoint_node-2] [ERROR] [1768033946.530923717] [superpoint_node]: Errore pubblicazione keypoints 3D: could not assign tuple of length 3 to structure with 4 fields.
[superpoint_node-2] [INFO] [1768033946.621285528] [superpoint_node]: Keypoints estratti: 800
[superpoint_node-2] [ERROR] [1768033946.630309322] [superpoint_node]: Errore pubblicazione keypoints 3D: could not assign tuple of length 3 to structure with 4 fields.
[rtabmap-14] [INFO] [1768033946.637222043] [rtabmap]: rtabmap (888): Rate=0.50s, Limit=0.001s, Conversion=0.0003s, RTAB-Map=0.0240s, Maps update=0.0003s pub=0.0010s delay=0.0637s (local map=0, WM=0)
[superpoint_node-2] [INFO] [1768033946.725867859] [superpoint_node]: Keypoints estratti: 800
[superpoint_node-2] [ERROR] [1768033946.732963008] [superpoint_node]: Errore pubblicazione keypoints 3D: could not assign tuple of length 3 to structure with 4 fields.
[superpoint_node-2] [INFO] [1768033946.824188623] [superpoint_node]: Keypoints estratti: 800
[superpoint_node-2] [ERROR] [1768033946.831327309] [superpoint_node]: Errore pubblicazione keypoints 3D: could not assign tuple of length 3 to structure with 4 fields.
[superpoint_node-2] [INFO] [1768033946.957703999] [superpoint_node]: Keypoints estratti: 800
[superpoint_node-2] [ERROR] [1768033946.964817055] [superpoint_node]: Errore pubblicazione keypoints 3D: could not assign tuple of length 3 to structure with 4 fields.
[superpoint_node-2] [INFO] [1768033947.057012251] [superpoint_node]: Keypoints estratti: 800
[superpoint_node-2] [ERROR] [1768033947.064763183] [superpoint_node]: Errore pubblicazione keypoints 3D: could not assign tuple of length 3 to structure with 4 fields.
[superpoint_node-2] [INFO] [1768033947.156600951] [superpoint_node]: Keypoints estratti: 800
[superpoint_node-2] [ERROR] [1768033947.165047351] [superpoint_node]: Errore pubblicazione keypoints 3D: could not assign tuple of length 3 to structure with 4 fields.
[rtabmap-14] [INFO] [1768033947.186733209] [rtabmap]: rtabmap (889): Rate=0.50s, Limit=0.001s, Conversion=0.0002s, RTAB-Map=0.0433s, Maps update=0.0003s pub=0.0011s delay=0.0785s (local map=0, WM=0)
[superpoint_node-2] [INFO] [1768033947.261079503] [superpoint_node]: Keypoints estratti: 800
[superpoint_node-2] [ERROR] [1768033947.267901706] [superpoint_node]: Errore pubblicazione keypoints 3D: could not assign tuple of length 3 to structure with 4 fields.
[superpoint_node-2] [INFO] [1768033947.359216580] [superpoint_node]: Keypoints estratti: 800
[superpoint_node-2] [ERROR] [1768033947.365859559] [superpoint_node]: Errore pubblicazione keypoints 3D: could not assign tuple of length 3 to structure with 4 fields.
[superpoint_node-2] [INFO] [1768033947.456938357] [superpoint_node]: Keypoints estratti: 800
[superpoint_node-2] [ERROR] [1768033947.463764541] [superpoint_node]: Errore pubblicazione keypoints 3D: could not assign tuple of length 3 to structure with 4 fields.
[superpoint_node-2] [INFO] [1768033947.554155889] [superpoint_node]: Keypoints estratti: 800
[superpoint_node-2] [ERROR] [1768033947.561281723] [superpoint_node]: Errore pubblicazione keypoints 3D: could not assign tuple of length 3 to structure with 4 fields.
[superpoint_node-2] [INFO] [1768033947.652880211] [superpoint_node]: Keypoints estratti: 800
[superpoint_node-2] [ERROR] [1768033947.659650098] [superpoint_node]: Errore pubblicazione keypoints 3D: could not assign tuple of length 3 to structure with 4 fields.
[superpoint_node-2] [INFO] [1768033947.750459653] [superpoint_node]: Keypoints estratti: 800
[superpoint_node-2] [ERROR] [1768033947.757483469] [superpoint_node]: Errore pubblicazione keypoints 3D: could not assign tuple of length 3 to structure with 4 fields.
[rtabmap-14] [INFO] [1768033947.793733757] [rtabmap]: rtabmap (890): Rate=0.50s, Limit=0.001s, Conversion=0.0002s, RTAB-Map=0.0419s, Maps update=0.0003s pub=0.0009s delay=0.0907s (local map=0, WM=0)
[superpoint_node-2] [INFO] [1768033947.851293863] [superpoint_node]: Keypoints estratti: 800
[superpoint_node-2] [ERROR] [1768033947.860384101] [superpoint_node]: Errore pubblicazione keypoints 3D: could not assign tuple of length 3 to structure with 4 fields.
[superpoint_node-2] [INFO] [1768033947.948348227] [superpoint_node]: Keypoints estratti: 800
[superpoint_node-2] [ERROR] [1768033947.955240559] [superpoint_node]: Errore pubblicazione keypoints 3D: could not assign tuple of length 3 to structure with 4 fields.
[superpoint_node-2] [INFO] [1768033948.041638376] [superpoint_node]: Keypoints estratti: 800
[superpoint_node-2] [ERROR] [1768033948.049870238] [superpoint_node]: Errore pubblicazione keypoints 3D: could not assign tuple of length 3 to structure with 4 fields.
[superpoint_node-2] [INFO] [1768033948.138909927] [superpoint_node]: Keypoints estratti: 800
[superpoint_node-2] [ERROR] [1768033948.146412487] [superpoint_node]: Errore pubblicazione keypoints 3D: could not assign tuple of length 3 to structure with 4 fields.
[rtabmap-14] [33m[ WARN] (2026-01-10 09:32:24.289) CoreWrapper.cpp:1227::odomTFUpdate() Odometry is reset (identity pose detected). Increment map id![0m
[rtabmap-14] [33m[ WARN] (2026-01-10 09:32:26.000) CoreWrapper.cpp:1227::odomTFUpdate() Odometry is reset (identity pose detected). Increment map id![0m
[superpoint_node-2] [INFO] [1768033948.234523872] [superpoint_node]: Keypoints estratti: 800
[superpoint_node-2] [ERROR] [1768033948.242191507] [superpoint_node]: Errore pubblicazione keypoints 3D: could not assign tuple of length 3 to structure with 4 fields.
[superpoint_node-2] [INFO] [1768033948.339426484] [superpoint_node]: Keypoints estratti: 800
[superpoint_node-2] [ERROR] [1768033948.347159583] [superpoint_node]: Errore pubblicazione keypoints 3D: could not assign tuple of length 3 to structure with 4 fields.
[rtabmap-14] [INFO] [1768033948.348789540] [rtabmap]: rtabmap (891): Rate=0.50s, Limit=0.001s, Conversion=0.0003s, RTAB-Map=0.0309s, Maps update=0.0008s pub=0.0021s delay=0.0626s (local map=0, WM=0)
[superpoint_node-2] [INFO] [1768033948.435621490] [superpoint_node]: Keypoints estratti: 800
[superpoint_node-2] [ERROR] [1768033948.443412978] [superpoint_node]: Errore pubblicazione keypoints 3D: could not assign tuple of length 3 to structure with 4 fields.
[superpoint_node-2] [INFO] [1768033948.532950801] [superpoint_node]: Keypoints estratti: 800
[superpoint_node-2] [ERROR] [1768033948.540689418] [superpoint_node]: Errore pubblicazione keypoints 3D: could not assign tuple of length 3 to structure with 4 fields.
[superpoint_node-2] [INFO] [1768033948.715572178] [superpoint_node]: Keypoints estratti: 800
[superpoint_node-2] [ERROR] [1768033948.722414140] [superpoint_node]: Errore pubblicazione keypoints 3D: could not assign tuple of length 3 to structure with 4 fields.
[superpoint_node-2] [INFO] [1768033948.815465695] [superpoint_node]: Keypoints estratti: 800
[superpoint_node-2] [ERROR] [1768033948.822381065] [superpoint_node]: Errore pubblicazione keypoints 3D: could not assign tuple of length 3 to structure with 4 fields.
[superpoint_node-2] [INFO] [1768033948.915451916] [superpoint_node]: Keypoints estratti: 800
[superpoint_node-2] [ERROR] [1768033948.922554306] [superpoint_node]: Errore pubblicazione keypoints 3D: could not assign tuple of length 3 to structure with 4 fields.
[rtabmap-14] [INFO] [1768033948.968371133] [rtabmap]: rtabmap (892): Rate=0.50s, Limit=0.001s, Conversion=0.0005s, RTAB-Map=0.0449s, Maps update=0.0012s pub=0.0042s delay=0.0986s (local map=0, WM=0)
[superpoint_node-2] [INFO] [1768033949.017981527] [superpoint_node]: Keypoints estratti: 800
[superpoint_node-2] [ERROR] [1768033949.025087732] [superpoint_node]: Errore pubblicazione keypoints 3D: could not assign tuple of length 3 to structure with 4 fields.
[superpoint_node-2] [INFO] [1768033949.119123183] [superpoint_node]: Keypoints estratti: 800
[superpoint_node-2] [ERROR] [1768033949.125724625] [superpoint_node]: Errore pubblicazione keypoints 3D: could not assign tuple of length 3 to structure with 4 fields.
[superpoint_node-2] [INFO] [1768033949.216123565] [superpoint_node]: Keypoints estratti: 800
[superpoint_node-2] [ERROR] [1768033949.223183936] [superpoint_node]: Errore pubblicazione keypoints 3D: could not assign tuple of length 3 to structure with 4 fields.
[superpoint_node-2] [INFO] [1768033949.314918592] [superpoint_node]: Keypoints estratti: 800
[superpoint_node-2] [ERROR] [1768033949.321841536] [superpoint_node]: Errore pubblicazione keypoints 3D: could not assign tuple of length 3 to structure with 4 fields.
[superpoint_node-2] [INFO] [1768033949.417726854] [superpoint_node]: Keypoints estratti: 800
[superpoint_node-2] [ERROR] [1768033949.425370285] [superpoint_node]: Errore pubblicazione keypoints 3D: could not assign tuple of length 3 to structure with 4 fields.
[superpoint_node-2] [INFO] [1768033949.519067307] [superpoint_node]: Keypoints estratti: 800
[superpoint_node-2] [ERROR] [1768033949.527489985] [superpoint_node]: Errore pubblicazione keypoints 3D: could not assign tuple of length 3 to structure with 4 fields.
[rtabmap-14] [INFO] [1768033949.536295685] [rtabmap]: rtabmap (893): Rate=0.50s, Limit=0.001s, Conversion=0.0003s, RTAB-Map=0.0244s, Maps update=0.0003s pub=0.0010s delay=0.0669s (local map=0, WM=0)
[superpoint_node-2] [INFO] [1768033949.617609998] [superpoint_node]: Keypoints estratti: 800
[superpoint_node-2] [ERROR] [1768033949.624534016] [superpoint_node]: Errore pubblicazione keypoints 3D: could not assign tuple of length 3 to structure with 4 fields.
[superpoint_node-2] [INFO] [1768033949.716548100] [superpoint_node]: Keypoints estratti: 800
[superpoint_node-2] [ERROR] [1768033949.723623637] [superpoint_node]: Errore pubblicazione keypoints 3D: could not assign tuple of length 3 to structure with 4 fields.
[superpoint_node-2] [INFO] [1768033949.814457378] [superpoint_node]: Keypoints estratti: 800
[superpoint_node-2] [ERROR] [1768033949.821690936] [superpoint_node]: Errore pubblicazione keypoints 3D: could not assign tuple of length 3 to structure with 4 fields.
[superpoint_node-2] [INFO] [1768033949.919097043] [superpoint_node]: Keypoints estratti: 800
[superpoint_node-2] [ERROR] [1768033949.925962524] [superpoint_node]: Errore pubblicazione keypoints 3D: could not assign tuple of length 3 to structure with 4 fields.
[superpoint_node-2] [INFO] [1768033950.015381605] [superpoint_node]: Keypoints estratti: 800
[superpoint_node-2] [ERROR] [1768033950.022333290] [superpoint_node]: Errore pubblicazione keypoints 3D: could not assign tuple of length 3 to structure with 4 fields.
[rtabmap-14] [INFO] [1768033950.063062355] [rtabmap]: rtabmap (894): Rate=0.50s, Limit=0.001s, Conversion=0.0006s, RTAB-Map=0.0445s, Maps update=0.0011s pub=0.0047s delay=0.0936s (local map=0, WM=0)
[superpoint_node-2] [INFO] [1768033950.115234455] [superpoint_node]: Keypoints estratti: 800
[superpoint_node-2] [ERROR] [1768033950.122175788] [superpoint_node]: Errore pubblicazione keypoints 3D: could not assign tuple of length 3 to structure with 4 fields.
[superpoint_node-2] [INFO] [1768033950.215332695] [superpoint_node]: Keypoints estratti: 800
[superpoint_node-2] [ERROR] [1768033950.222113471] [superpoint_node]: Errore pubblicazione keypoints 3D: could not assign tuple of length 3 to structure with 4 fields.
[superpoint_node-2] [INFO] [1768033950.317638360] [superpoint_node]: Keypoints estratti: 800
[superpoint_node-2] [ERROR] [1768033950.324358414] [superpoint_node]: Errore pubblicazione keypoints 3D: could not assign tuple of length 3 to structure with 4 fields.
[superpoint_node-2] [INFO] [1768033950.418623793] [superpoint_node]: Keypoints estratti: 800
[superpoint_node-2] [ERROR] [1768033950.425459532] [superpoint_node]: Errore pubblicazione keypoints 3D: could not assign tuple of length 3 to structure with 4 fields.
[superpoint_node-2] [INFO] [1768033950.517825063] [superpoint_node]: Keypoints estratti: 800
[superpoint_node-2] [ERROR] [1768033950.524611302] [superpoint_node]: Errore pubblicazione keypoints 3D: could not assign tuple of length 3 to structure with 4 fields.
[superpoint_node-2] [INFO] [1768033950.617182631] [superpoint_node]: Keypoints estratti: 800
[superpoint_node-2] [ERROR] [1768033950.624298132] [superpoint_node]: Errore pubblicazione keypoints 3D: could not assign tuple of length 3 to structure with 4 fields.
[rtabmap-14] [INFO] [1768033950.662605677] [rtabmap]: rtabmap (895): Rate=0.50s, Limit=0.001s, Conversion=0.0006s, RTAB-Map=0.0444s, Maps update=0.0003s pub=0.0054s delay=0.0931s (local map=0, WM=0)
[superpoint_node-2] [INFO] [1768033950.719866762] [superpoint_node]: Keypoints estratti: 800
[superpoint_node-2] [ERROR] [1768033950.726981281] [superpoint_node]: Errore pubblicazione keypoints 3D: could not assign tuple of length 3 to structure with 4 fields.
[superpoint_node-2] [INFO] [1768033950.817009368] [superpoint_node]: Keypoints estratti: 800
[superpoint_node-2] [ERROR] [1768033950.824127850] [superpoint_node]: Errore pubblicazione keypoints 3D: could not assign tuple of length 3 to structure with 4 fields.
[superpoint_node-2] [INFO] [1768033950.947856612] [superpoint_node]: Keypoints estratti: 800
[superpoint_node-2] [ERROR] [1768033950.955110743] [superpoint_node]: Errore pubblicazione keypoints 3D: could not assign tuple of length 3 to structure with 4 fields.
[superpoint_node-2] [INFO] [1768033951.043632392] [superpoint_node]: Keypoints estratti: 800
[superpoint_node-2] [ERROR] [1768033951.051068321] [superpoint_node]: Errore pubblicazione keypoints 3D: could not assign tuple of length 3 to structure with 4 fields.
[superpoint_node-2] [INFO] [1768033951.145824260] [superpoint_node]: Keypoints estratti: 800
[superpoint_node-2] [ERROR] [1768033951.154482236] [superpoint_node]: Errore pubblicazione keypoints 3D: could not assign tuple of length 3 to structure with 4 fields.
[rtabmap-14] [INFO] [1768033951.158805567] [rtabmap]: rtabmap (896): Rate=0.50s, Limit=0.001s, Conversion=0.0005s, RTAB-Map=0.0437s, Maps update=0.0003s pub=0.0025s delay=0.0667s (local map=0, WM=0)
[superpoint_node-2] [INFO] [1768033951.247594217] [superpoint_node]: Keypoints estratti: 800
[superpoint_node-2] [ERROR] [1768033951.254652421] [superpoint_node]: Errore pubblicazione keypoints 3D: could not assign tuple of length 3 to structure with 4 fields.
[superpoint_node-2] [INFO] [1768033951.344433098] [superpoint_node]: Keypoints estratti: 800
[superpoint_node-2] [ERROR] [1768033951.352572292] [superpoint_node]: Errore pubblicazione keypoints 3D: could not assign tuple of length 3 to structure with 4 fields.
[superpoint_node-2] [INFO] [1768033951.442659805] [superpoint_node]: Keypoints estratti: 800
[superpoint_node-2] [ERROR] [1768033951.450086771] [superpoint_node]: Errore pubblicazione keypoints 3D: could not assign tuple of length 3 to structure with 4 fields.
[superpoint_node-2] [INFO] [1768033951.538385844] [superpoint_node]: Keypoints estratti: 800
[superpoint_node-2] [ERROR] [1768033951.546830041] [superpoint_node]: Errore pubblicazione keypoints 3D: could not assign tuple of length 3 to structure with 4 fields.
[superpoint_node-2] [INFO] [1768033951.633453377] [superpoint_node]: Keypoints estratti: 800
[superpoint_node-2] [ERROR] [1768033951.640890529] [superpoint_node]: Errore pubblicazione keypoints 3D: could not assign tuple of length 3 to structure with 4 fields.
[superpoint_node-2] [INFO] [1768033951.732395886] [superpoint_node]: Keypoints estratti: 800
[superpoint_node-2] [ERROR] [1768033951.739551203] [superpoint_node]: Errore pubblicazione keypoints 3D: could not assign tuple of length 3 to structure with 4 fields.
[rtabmap-14] [INFO] [1768033951.740744249] [rtabmap]: rtabmap (897): Rate=0.50s, Limit=0.001s, Conversion=0.0003s, RTAB-Map=0.0225s, Maps update=0.0003s pub=0.0011s delay=0.0570s (local map=0, WM=0)
[superpoint_node-2] [INFO] [1768033951.833429782] [superpoint_node]: Keypoints estratti: 800
[superpoint_node-2] [ERROR] [1768033951.841697126] [superpoint_node]: Errore pubblicazione keypoints 3D: could not assign tuple of length 3 to structure with 4 fields.
[superpoint_node-2] [INFO] [1768033951.930914946] [superpoint_node]: Keypoints estratti: 800
[superpoint_node-2] [ERROR] [1768033951.937841131] [superpoint_node]: Errore pubblicazione keypoints 3D: could not assign tuple of length 3 to structure with 4 fields.
[superpoint_node-2] [INFO] [1768033952.118158676] [superpoint_node]: Keypoints estratti: 800
[superpoint_node-2] [ERROR] [1768033952.125003971] [superpoint_node]: Errore pubblicazione keypoints 3D: could not assign tuple of length 3 to structure with 4 fields.
[superpoint_node-2] [INFO] [1768033952.215355782] [superpoint_node]: Keypoints estratti: 800
[superpoint_node-2] [ERROR] [1768033952.222281152] [superpoint_node]: Errore pubblicazione keypoints 3D: could not assign tuple of length 3 to structure with 4 fields.
[superpoint_node-2] [INFO] [1768033952.317801707] [superpoint_node]: Keypoints estratti: 800
[superpoint_node-2] [ERROR] [1768033952.325138118] [superpoint_node]: Errore pubblicazione keypoints 3D: could not assign tuple of length 3 to structure with 4 fields.
[rtabmap-14] [INFO] [1768033952.360758012] [rtabmap]: rtabmap (898): Rate=0.50s, Limit=0.001s, Conversion=0.0024s, RTAB-Map=0.0407s, Maps update=0.0003s pub=0.0049s delay=0.0912s (local map=0, WM=0)
[superpoint_node-2] [INFO] [1768033952.421025399] [superpoint_node]: Keypoints estratti: 800
[superpoint_node-2] [ERROR] [1768033952.427854323] [superpoint_node]: Errore pubblicazione keypoints 3D: could not assign tuple of length 3 to structure with 4 fields.
[superpoint_node-2] [INFO] [1768033952.516163562] [superpoint_node]: Keypoints estratti: 800
[superpoint_node-2] [ERROR] [1768033952.523214378] [superpoint_node]: Errore pubblicazione keypoints 3D: could not assign tuple of length 3 to structure with 4 fields.
[superpoint_node-2] [INFO] [1768033952.617354015] [superpoint_node]: Keypoints estratti: 800
[superpoint_node-2] [ERROR] [1768033952.624855890] [superpoint_node]: Errore pubblicazione keypoints 3D: could not assign tuple of length 3 to structure with 4 fields.
[superpoint_node-2] [INFO] [1768033952.716901751] [superpoint_node]: Keypoints estratti: 800
[superpoint_node-2] [ERROR] [1768033952.723811899] [superpoint_node]: Errore pubblicazione keypoints 3D: could not assign tuple of length 3 to structure with 4 fields.
[superpoint_node-2] [INFO] [1768033952.816998139] [superpoint_node]: Keypoints estratti: 800
[superpoint_node-2] [ERROR] [1768033952.823820749] [superpoint_node]: Errore pubblicazione keypoints 3D: could not assign tuple of length 3 to structure with 4 fields.
[superpoint_node-2] [INFO] [1768033952.915611553] [superpoint_node]: Keypoints estratti: 800
[superpoint_node-2] [ERROR] [1768033952.922809221] [superpoint_node]: Errore pubblicazione keypoints 3D: could not assign tuple of length 3 to structure with 4 fields.
[rtabmap-14] [INFO] [1768033952.937487653] [rtabmap]: rtabmap (899): Rate=0.50s, Limit=0.001s, Conversion=0.0003s, RTAB-Map=0.0203s, Maps update=0.0003s pub=0.0011s delay=0.0679s (local map=0, WM=0)
[superpoint_node-2] [INFO] [1768033953.016556615] [superpoint_node]: Keypoints estratti: 800
[superpoint_node-2] [ERROR] [1768033953.023611912] [superpoint_node]: Errore pubblicazione keypoints 3D: could not assign tuple of length 3 to structure with 4 fields.
[superpoint_node-2] [INFO] [1768033953.114683636] [superpoint_node]: Keypoints estratti: 800
[superpoint_node-2] [ERROR] [1768033953.122131306] [superpoint_node]: Errore pubblicazione keypoints 3D: could not assign tuple of length 3 to structure with 4 fields.
[rtabmap-14] [33m[ WARN] (2026-01-10 09:32:28.592) CoreWrapper.cpp:1227::odomTFUpdate() Odometry is reset (identity pose detected). Increment map id![0m
[rtabmap-14] [33m[ WARN] (2026-01-10 09:32:31.989) CoreWrapper.cpp:1227::odomTFUpdate() Odometry is reset (identity pose detected). Increment map id![0m
[superpoint_node-2] [INFO] [1768033953.215464326] [superpoint_node]: Keypoints estratti: 800
[superpoint_node-2] [ERROR] [1768033953.222587623] [superpoint_node]: Errore pubblicazione keypoints 3D: could not assign tuple of length 3 to structure with 4 fields.
[superpoint_node-2] [INFO] [1768033953.315404510] [superpoint_node]: Keypoints estratti: 800
[superpoint_node-2] [ERROR] [1768033953.322549622] [superpoint_node]: Errore pubblicazione keypoints 3D: could not assign tuple of length 3 to structure with 4 fields.
[superpoint_node-2] [INFO] [1768033953.417278560] [superpoint_node]: Keypoints estratti: 800
[superpoint_node-2] [ERROR] [1768033953.424083781] [superpoint_node]: Errore pubblicazione keypoints 3D: could not assign tuple of length 3 to structure with 4 fields.
[superpoint_node-2] [INFO] [1768033953.515789362] [superpoint_node]: Keypoints estratti: 800
[superpoint_node-2] [ERROR] [1768033953.523015808] [superpoint_node]: Errore pubblicazione keypoints 3D: could not assign tuple of length 3 to structure with 4 fields.
[rtabmap-14] [INFO] [1768033953.568709338] [rtabmap]: rtabmap (900): Rate=0.50s, Limit=0.001s, Conversion=0.0002s, RTAB-Map=0.0519s, Maps update=0.0013s pub=0.0048s delay=0.0992s (local map=0, WM=0)
[superpoint_node-2] [INFO] [1768033953.619552706] [superpoint_node]: Keypoints estratti: 800
[superpoint_node-2] [ERROR] [1768033953.626581299] [superpoint_node]: Errore pubblicazione keypoints 3D: could not assign tuple of length 3 to structure with 4 fields.
[superpoint_node-2] [INFO] [1768033953.717081944] [superpoint_node]: Keypoints estratti: 800
[superpoint_node-2] [ERROR] [1768033953.724051685] [superpoint_node]: Errore pubblicazione keypoints 3D: could not assign tuple of length 3 to structure with 4 fields.
[superpoint_node-2] [INFO] [1768033953.818815438] [superpoint_node]: Keypoints estratti: 800
[superpoint_node-2] [ERROR] [1768033953.825648437] [superpoint_node]: Errore pubblicazione keypoints 3D: could not assign tuple of length 3 to structure with 4 fields.
[superpoint_node-2] [INFO] [1768033953.915342317] [superpoint_node]: Keypoints estratti: 800
[superpoint_node-2] [ERROR] [1768033953.922443688] [superpoint_node]: Errore pubblicazione keypoints 3D: could not assign tuple of length 3 to structure with 4 fields.
[superpoint_node-2] [INFO] [1768033954.019830555] [superpoint_node]: Keypoints estratti: 800
[superpoint_node-2] [ERROR] [1768033954.026619961] [superpoint_node]: Errore pubblicazione keypoints 3D: could not assign tuple of length 3 to structure with 4 fields.
[superpoint_node-2] [INFO] [1768033954.119656441] [superpoint_node]: Keypoints estratti: 800
[superpoint_node-2] [ERROR] [1768033954.128349214] [superpoint_node]: Errore pubblicazione keypoints 3D: could not assign tuple of length 3 to structure with 4 fields.
[rtabmap-14] [INFO] [1768033954.159559462] [rtabmap]: rtabmap (901): Rate=0.50s, Limit=0.001s, Conversion=0.0006s, RTAB-Map=0.0416s, Maps update=0.0006s pub=0.0067s delay=0.0886s (local map=0, WM=0)
[superpoint_node-2] [INFO] [1768033954.220322927] [superpoint_node]: Keypoints estratti: 800
[superpoint_node-2] [ERROR] [1768033954.230783658] [superpoint_node]: Errore pubblicazione keypoints 3D: could not assign tuple of length 3 to structure with 4 fields.
[superpoint_node-2] [INFO] [1768033954.322885390] [superpoint_node]: Keypoints estratti: 800
[superpoint_node-2] [ERROR] [1768033954.329826186] [superpoint_node]: Errore pubblicazione keypoints 3D: could not assign tuple of length 3 to structure with 4 fields.
[superpoint_node-2] [INFO] [1768033954.419131470] [superpoint_node]: Keypoints estratti: 800
[superpoint_node-2] [ERROR] [1768033954.425995914] [superpoint_node]: Errore pubblicazione keypoints 3D: could not assign tuple of length 3 to structure with 4 fields.
[superpoint_node-2] [INFO] [1768033954.517476382] [superpoint_node]: Keypoints estratti: 800
[superpoint_node-2] [ERROR] [1768033954.524290399] [superpoint_node]: Errore pubblicazione keypoints 3D: could not assign tuple of length 3 to structure with 4 fields.
[superpoint_node-2] [INFO] [1768033954.614452857] [superpoint_node]: Keypoints estratti: 800
[superpoint_node-2] [ERROR] [1768033954.621476783] [superpoint_node]: Errore pubblicazione keypoints 3D: could not assign tuple of length 3 to structure with 4 fields.
[superpoint_node-2] [INFO] [1768033954.718343461] [superpoint_node]: Keypoints estratti: 800
[superpoint_node-2] [ERROR] [1768033954.725395831] [superpoint_node]: Errore pubblicazione keypoints 3D: could not assign tuple of length 3 to structure with 4 fields.
[rtabmap-14] [INFO] [1768033954.754397451] [rtabmap]: rtabmap (902): Rate=0.50s, Limit=0.001s, Conversion=0.0005s, RTAB-Map=0.0403s, Maps update=0.0002s pub=0.0010s delay=0.0850s (local map=0, WM=0)
[superpoint_node-2] [INFO] [1768033954.817149154] [superpoint_node]: Keypoints estratti: 800
[superpoint_node-2] [ERROR] [1768033954.823997319] [superpoint_node]: Errore pubblicazione keypoints 3D: could not assign tuple of length 3 to structure with 4 fields.
[superpoint_node-2] [INFO] [1768033954.915638251] [superpoint_node]: Keypoints estratti: 800
[superpoint_node-2] [ERROR] [1768033954.922537603] [superpoint_node]: Errore pubblicazione keypoints 3D: could not assign tuple of length 3 to structure with 4 fields.
[superpoint_node-2] [INFO] [1768033955.016283404] [superpoint_node]: Keypoints estratti: 800
[superpoint_node-2] [ERROR] [1768033955.023971483] [superpoint_node]: Errore pubblicazione keypoints 3D: could not assign tuple of length 3 to structure with 4 fields.
[superpoint_node-2] [INFO] [1768033955.117733099] [superpoint_node]: Keypoints estratti: 800
[superpoint_node-2] [ERROR] [1768033955.124580913] [superpoint_node]: Errore pubblicazione keypoints 3D: could not assign tuple of length 3 to structure with 4 fields.
[superpoint_node-2] [INFO] [1768033955.215671767] [superpoint_node]: Keypoints estratti: 800
[superpoint_node-2] [ERROR] [1768033955.222909954] [superpoint_node]: Errore pubblicazione keypoints 3D: could not assign tuple of length 3 to structure with 4 fields.
[rtabmap-14] [INFO] [1768033955.269756197] [rtabmap]: rtabmap (903): Rate=0.50s, Limit=0.001s, Conversion=0.0006s, RTAB-Map=0.0497s, Maps update=0.0003s pub=0.0041s delay=0.1002s (local map=0, WM=0)
[superpoint_node-2] [INFO] [1768033955.322179632] [superpoint_node]: Keypoints estratti: 800
[superpoint_node-2] [ERROR] [1768033955.329046816] [superpoint_node]: Errore pubblicazione keypoints 3D: could not assign tuple of length 3 to structure with 4 fields.
[superpoint_node-2] [INFO] [1768033955.416559142] [superpoint_node]: Keypoints estratti: 800
[superpoint_node-2] [ERROR] [1768033955.423726773] [superpoint_node]: Errore pubblicazione keypoints 3D: could not assign tuple of length 3 to structure with 4 fields.
[superpoint_node-2] [INFO] [1768033955.515970747] [superpoint_node]: Keypoints estratti: 800
[superpoint_node-2] [ERROR] [1768033955.522724801] [superpoint_node]: Errore pubblicazione keypoints 3D: could not assign tuple of length 3 to structure with 4 fields.
[superpoint_node-2] [INFO] [1768033955.617922928] [superpoint_node]: Keypoints estratti: 800
[superpoint_node-2] [ERROR] [1768033955.625433599] [superpoint_node]: Errore pubblicazione keypoints 3D: could not assign tuple of length 3 to structure with 4 fields.
[superpoint_node-2] [INFO] [1768033955.717391626] [superpoint_node]: Keypoints estratti: 800
[superpoint_node-2] [ERROR] [1768033955.725631507] [superpoint_node]: Errore pubblicazione keypoints 3D: could not assign tuple of length 3 to structure with 4 fields.
[rtabmap-14] [INFO] [1768033955.738980483] [rtabmap]: rtabmap (904): Rate=0.50s, Limit=0.001s, Conversion=0.0007s, RTAB-Map=0.0236s, Maps update=0.0003s pub=0.0021s delay=0.0694s (local map=0, WM=0)
[superpoint_node-2] [INFO] [1768033955.821187192] [superpoint_node]: Keypoints estratti: 800
[superpoint_node-2] [ERROR] [1768033955.828011839] [superpoint_node]: Errore pubblicazione keypoints 3D: could not assign tuple of length 3 to structure with 4 fields.
[superpoint_node-2] [INFO] [1768033955.917300049] [superpoint_node]: Keypoints estratti: 800
[superpoint_node-2] [ERROR] [1768033955.924358031] [superpoint_node]: Errore pubblicazione keypoints 3D: could not assign tuple of length 3 to structure with 4 fields.
[superpoint_node-2] [INFO] [1768033956.015378366] [superpoint_node]: Keypoints estratti: 800
[superpoint_node-2] [ERROR] [1768033956.022176346] [superpoint_node]: Errore pubblicazione keypoints 3D: could not assign tuple of length 3 to structure with 4 fields.
[superpoint_node-2] [INFO] [1768033956.118240869] [superpoint_node]: Keypoints estratti: 800
[superpoint_node-2] [ERROR] [1768033956.125241147] [superpoint_node]: Errore pubblicazione keypoints 3D: could not assign tuple of length 3 to structure with 4 fields.
[superpoint_node-2] [INFO] [1768033956.216602633] [superpoint_node]: Keypoints estratti: 800
[superpoint_node-2] [ERROR] [1768033956.224074285] [superpoint_node]: Errore pubblicazione keypoints 3D: could not assign tuple of length 3 to structure with 4 fields.
[superpoint_node-2] [INFO] [1768033956.315551716] [superpoint_node]: Keypoints estratti: 800
[superpoint_node-2] [ERROR] [1768033956.324129173] [superpoint_node]: Errore pubblicazione keypoints 3D: could not assign tuple of length 3 to structure with 4 fields.
[rtabmap-14] [INFO] [1768033956.335941637] [rtabmap]: rtabmap (905): Rate=0.50s, Limit=0.001s, Conversion=0.0004s, RTAB-Map=0.0197s, Maps update=0.0004s pub=0.0011s delay=0.0663s (local map=0, WM=0)
[superpoint_node-2] [INFO] [1768033956.415975551] [superpoint_node]: Keypoints estratti: 800
[superpoint_node-2] [ERROR] [1768033956.422916069] [superpoint_node]: Errore pubblicazione keypoints 3D: could not assign tuple of length 3 to structure with 4 fields.
[superpoint_node-2] [INFO] [1768033956.518310920] [superpoint_node]: Keypoints estratti: 800
[superpoint_node-2] [ERROR] [1768033956.525314643] [superpoint_node]: Errore pubblicazione keypoints 3D: could not assign tuple of length 3 to structure with 4 fields.
[superpoint_node-2] [INFO] [1768033956.615823047] [superpoint_node]: Keypoints estratti: 800
[superpoint_node-2] [ERROR] [1768033956.622991901] [superpoint_node]: Errore pubblicazione keypoints 3D: could not assign tuple of length 3 to structure with 4 fields.
[superpoint_node-2] [INFO] [1768033956.717448078] [superpoint_node]: Keypoints estratti: 800
[superpoint_node-2] [ERROR] [1768033956.724500319] [superpoint_node]: Errore pubblicazione keypoints 3D: could not assign tuple of length 3 to structure with 4 fields.
[superpoint_node-2] [INFO] [1768033956.818175656] [superpoint_node]: Keypoints estratti: 800
[superpoint_node-2] [ERROR] [1768033956.825594401] [superpoint_node]: Errore pubblicazione keypoints 3D: could not assign tuple of length 3 to structure with 4 fields.
[superpoint_node-2] [INFO] [1768033956.921896759] [superpoint_node]: Keypoints estratti: 800
[superpoint_node-2] [ERROR] [1768033956.929167872] [superpoint_node]: Errore pubblicazione keypoints 3D: could not assign tuple of length 3 to structure with 4 fields.
[rtabmap-14] [INFO] [1768033956.961926596] [rtabmap]: rtabmap (906): Rate=0.50s, Limit=0.001s, Conversion=0.0012s, RTAB-Map=0.0370s, Maps update=0.0027s pub=0.0017s delay=0.0925s (local map=0, WM=0)
[superpoint_node-2] [INFO] [1768033957.026633184] [superpoint_node]: Keypoints estratti: 800
[superpoint_node-2] [ERROR] [1768033957.033594721] [superpoint_node]: Errore pubblicazione keypoints 3D: could not assign tuple of length 3 to structure with 4 fields.
[superpoint_node-2] [INFO] [1768033957.126465811] [superpoint_node]: Keypoints estratti: 800
[superpoint_node-2] [ERROR] [1768033957.133411144] [superpoint_node]: Errore pubblicazione keypoints 3D: could not assign tuple of length 3 to structure with 4 fields.
[superpoint_node-2] [INFO] [1768033957.222372389] [superpoint_node]: Keypoints estratti: 800
[superpoint_node-2] [ERROR] [1768033957.229802596] [superpoint_node]: Errore pubblicazione keypoints 3D: could not assign tuple of length 3 to structure with 4 fields.
[superpoint_node-2] [INFO] [1768033957.319091436] [superpoint_node]: Keypoints estratti: 800
[superpoint_node-2] [ERROR] [1768033957.326240233] [superpoint_node]: Errore pubblicazione keypoints 3D: could not assign tuple of length 3 to structure with 4 fields.
[superpoint_node-2] [INFO] [1768033957.418292335] [superpoint_node]: Keypoints estratti: 800
[superpoint_node-2] [ERROR] [1768033957.425537819] [superpoint_node]: Errore pubblicazione keypoints 3D: could not assign tuple of length 3 to structure with 4 fields.
[superpoint_node-2] [INFO] [1768033957.516324467] [superpoint_node]: Keypoints estratti: 800
[superpoint_node-2] [ERROR] [1768033957.524858220] [superpoint_node]: Errore pubblicazione keypoints 3D: could not assign tuple of length 3 to structure with 4 fields.
[rtabmap-14] [INFO] [1768033957.558890231] [rtabmap]: rtabmap (907): Rate=0.50s, Limit=0.001s, Conversion=0.0002s, RTAB-Map=0.0394s, Maps update=0.0002s pub=0.0009s delay=0.0894s (local map=0, WM=0)
[superpoint_node-2] [INFO] [1768033957.619200229] [superpoint_node]: Keypoints estratti: 800
[superpoint_node-2] [ERROR] [1768033957.628108985] [superpoint_node]: Errore pubblicazione keypoints 3D: could not assign tuple of length 3 to structure with 4 fields.
[superpoint_node-2] [INFO] [1768033957.718780706] [superpoint_node]: Keypoints estratti: 800
[superpoint_node-2] [ERROR] [1768033957.725862355] [superpoint_node]: Errore pubblicazione keypoints 3D: could not assign tuple of length 3 to structure with 4 fields.
[superpoint_node-2] [INFO] [1768033957.815909756] [superpoint_node]: Keypoints estratti: 800
[superpoint_node-2] [ERROR] [1768033957.822872738] [superpoint_node]: Errore pubblicazione keypoints 3D: could not assign tuple of length 3 to structure with 4 fields.
[superpoint_node-2] [INFO] [1768033957.915019692] [superpoint_node]: Keypoints estratti: 800
[superpoint_node-2] [ERROR] [1768033957.921950025] [superpoint_node]: Errore pubblicazione keypoints 3D: could not assign tuple of length 3 to structure with 4 fields.
[superpoint_node-2] [INFO] [1768033958.018297847] [superpoint_node]: Keypoints estratti: 800
[superpoint_node-2] [ERROR] [1768033958.025341014] [superpoint_node]: Errore pubblicazione keypoints 3D: could not assign tuple of length 3 to structure with 4 fields.
[rtabmap-14] [INFO] [1768033958.064287157] [rtabmap]: rtabmap (908): Rate=0.50s, Limit=0.001s, Conversion=0.0002s, RTAB-Map=0.0471s, Maps update=0.0009s pub=0.0037s delay=0.0948s (local map=0, WM=0)
[superpoint_node-2] [INFO] [1768033958.116103680] [superpoint_node]: Keypoints estratti: 800
[superpoint_node-2] [ERROR] [1768033958.123138903] [superpoint_node]: Errore pubblicazione keypoints 3D: could not assign tuple of length 3 to structure with 4 fields.
[superpoint_node-2] [INFO] [1768033958.215274284] [superpoint_node]: Keypoints estratti: 800
[superpoint_node-2] [ERROR] [1768033958.222298673] [superpoint_node]: Errore pubblicazione keypoints 3D: could not assign tuple of length 3 to structure with 4 fields.
[superpoint_node-2] [INFO] [1768033958.316933184] [superpoint_node]: Keypoints estratti: 800
[superpoint_node-2] [ERROR] [1768033958.323907573] [superpoint_node]: Errore pubblicazione keypoints 3D: could not assign tuple of length 3 to structure with 4 fields.
[superpoint_node-2] [INFO] [1768033958.418198601] [superpoint_node]: Keypoints estratti: 800
[superpoint_node-2] [ERROR] [1768033958.425164471] [superpoint_node]: Errore pubblicazione keypoints 3D: could not assign tuple of length 3 to structure with 4 fields.
[superpoint_node-2] [INFO] [1768033958.550319670] [superpoint_node]: Keypoints estratti: 800
[superpoint_node-2] [ERROR] [1768033958.558950387] [superpoint_node]: Errore pubblicazione keypoints 3D: could not assign tuple of length 3 to structure with 4 fields.
[rtabmap-14] [INFO] [1768033958.594154278] [rtabmap]: rtabmap (909): Rate=0.50s, Limit=0.001s, Conversion=0.0002s, RTAB-Map=0.0421s, Maps update=0.0003s pub=0.0010s delay=0.0907s (local map=0, WM=0)
[superpoint_node-2] [INFO] [1768033958.651156305] [superpoint_node]: Keypoints estratti: 800
[superpoint_node-2] [ERROR] [1768033958.658488567] [superpoint_node]: Errore pubblicazione keypoints 3D: could not assign tuple of length 3 to structure with 4 fields.
[superpoint_node-2] [INFO] [1768033958.749503420] [superpoint_node]: Keypoints estratti: 800
[superpoint_node-2] [ERROR] [1768033958.756452124] [superpoint_node]: Errore pubblicazione keypoints 3D: could not assign tuple of length 3 to structure with 4 fields.
[superpoint_node-2] [INFO] [1768033958.842657068] [superpoint_node]: Keypoints estratti: 800
[superpoint_node-2] [ERROR] [1768033958.849833329] [superpoint_node]: Errore pubblicazione keypoints 3D: could not assign tuple of length 3 to structure with 4 fields.
[superpoint_node-2] [INFO] [1768033958.938352255] [superpoint_node]: Keypoints estratti: 800
[superpoint_node-2] [ERROR] [1768033958.945446515] [superpoint_node]: Errore pubblicazione keypoints 3D: could not assign tuple of length 3 to structure with 4 fields.
[superpoint_node-2] [INFO] [1768033959.032978989] [superpoint_node]: Keypoints estratti: 800
[superpoint_node-2] [ERROR] [1768033959.040291806] [superpoint_node]: Errore pubblicazione keypoints 3D: could not assign tuple of length 3 to structure with 4 fields.
[superpoint_node-2] [INFO] [1768033959.132724615] [superpoint_node]: Keypoints estratti: 800
[rtabmap-14] [INFO] [1768033959.139321538] [rtabmap]: rtabmap (910): Rate=0.50s, Limit=0.001s, Conversion=0.0003s, RTAB-Map=0.0224s, Maps update=0.0007s pub=0.0016s delay=0.0574s (local map=0, WM=0)
[superpoint_node-2] [ERROR] [1768033959.142546249] [superpoint_node]: Errore pubblicazione keypoints 3D: could not assign tuple of length 3 to structure with 4 fields.
[superpoint_node-2] [INFO] [1768033959.231337974] [superpoint_node]: Keypoints estratti: 800
[superpoint_node-2] [ERROR] [1768033959.238307585] [superpoint_node]: Errore pubblicazione keypoints 3D: could not assign tuple of length 3 to structure with 4 fields.
[superpoint_node-2] [INFO] [1768033959.419986881] [superpoint_node]: Keypoints estratti: 800
[superpoint_node-2] [ERROR] [1768033959.427163457] [superpoint_node]: Errore pubblicazione keypoints 3D: could not assign tuple of length 3 to structure with 4 fields.
[superpoint_node-2] [INFO] [1768033959.516488889] [superpoint_node]: Keypoints estratti: 800
[superpoint_node-2] [ERROR] [1768033959.523316369] [superpoint_node]: Errore pubblicazione keypoints 3D: could not assign tuple of length 3 to structure with 4 fields.
[superpoint_node-2] [INFO] [1768033959.614853634] [superpoint_node]: Keypoints estratti: 800
[superpoint_node-2] [ERROR] [1768033959.621837542] [superpoint_node]: Errore pubblicazione keypoints 3D: could not assign tuple of length 3 to structure with 4 fields.
[rtabmap-14] [INFO] [1768033959.714640465] [rtabmap]: rtabmap (911): Rate=0.50s, Limit=0.001s, Conversion=0.0002s, RTAB-Map=0.0247s, Maps update=0.0005s pub=0.0021s delay=0.0452s (local map=0, WM=0)
[superpoint_node-2] [INFO] [1768033959.722502898] [superpoint_node]: Keypoints estratti: 800
[superpoint_node-2] [ERROR] [1768033959.729602324] [superpoint_node]: Errore pubblicazione keypoints 3D: could not assign tuple of length 3 to structure with 4 fields.
[superpoint_node-2] [INFO] [1768033959.820724604] [superpoint_node]: Keypoints estratti: 800
[superpoint_node-2] [ERROR] [1768033959.827632252] [superpoint_node]: Errore pubblicazione keypoints 3D: could not assign tuple of length 3 to structure with 4 fields.
[superpoint_node-2] [INFO] [1768033959.919365574] [superpoint_node]: Keypoints estratti: 800
[superpoint_node-2] [ERROR] [1768033959.926809152] [superpoint_node]: Errore pubblicazione keypoints 3D: could not assign tuple of length 3 to structure with 4 fields.
[superpoint_node-2] [INFO] [1768033960.017054425] [superpoint_node]: Keypoints estratti: 800
[superpoint_node-2] [ERROR] [1768033960.024215574] [superpoint_node]: Errore pubblicazione keypoints 3D: could not assign tuple of length 3 to structure with 4 fields.
[superpoint_node-2] [INFO] [1768033960.115180946] [superpoint_node]: Keypoints estratti: 800
[superpoint_node-2] [ERROR] [1768033960.121938981] [superpoint_node]: Errore pubblicazione keypoints 3D: could not assign tuple of length 3 to structure with 4 fields.
[superpoint_node-2] [INFO] [1768033960.215848431] [superpoint_node]: Keypoints estratti: 800
[superpoint_node-2] [ERROR] [1768033960.223145156] [superpoint_node]: Errore pubblicazione keypoints 3D: could not assign tuple of length 3 to structure with 4 fields.
[rtabmap-14] [INFO] [1768033960.264320854] [rtabmap]: rtabmap (912): Rate=0.50s, Limit=0.001s, Conversion=0.0006s, RTAB-Map=0.0445s, Maps update=0.0026s pub=0.0009s delay=0.0948s (local map=0, WM=0)
[superpoint_node-2] [INFO] [1768033960.317343850] [superpoint_node]: Keypoints estratti: 800
[superpoint_node-2] [ERROR] [1768033960.324273923] [superpoint_node]: Errore pubblicazione keypoints 3D: could not assign tuple of length 3 to structure with 4 fields.
[superpoint_node-2] [INFO] [1768033960.415991412] [superpoint_node]: Keypoints estratti: 800
[superpoint_node-2] [ERROR] [1768033960.422861040] [superpoint_node]: Errore pubblicazione keypoints 3D: could not assign tuple of length 3 to structure with 4 fields.
[superpoint_node-2] [INFO] [1768033960.514355620] [superpoint_node]: Keypoints estratti: 800
[superpoint_node-2] [ERROR] [1768033960.521187156] [superpoint_node]: Errore pubblicazione keypoints 3D: could not assign tuple of length 3 to structure with 4 fields.
[superpoint_node-2] [INFO] [1768033960.615305830] [superpoint_node]: Keypoints estratti: 800
[superpoint_node-2] [ERROR] [1768033960.622114514] [superpoint_node]: Errore pubblicazione keypoints 3D: could not assign tuple of length 3 to structure with 4 fields.
[superpoint_node-2] [INFO] [1768033960.715482015] [superpoint_node]: Keypoints estratti: 800
[superpoint_node-2] [ERROR] [1768033960.722327329] [superpoint_node]: Errore pubblicazione keypoints 3D: could not assign tuple of length 3 to structure with 4 fields.
[rtabmap-14] [INFO] [1768033960.766516051] [rtabmap]: rtabmap (913): Rate=0.50s, Limit=0.001s, Conversion=0.0003s, RTAB-Map=0.0517s, Maps update=0.0031s pub=0.0011s delay=0.0969s (local map=0, WM=0)
[superpoint_node-2] [INFO] [1768033960.828436117] [superpoint_node]: Keypoints estratti: 800
[superpoint_node-2] [ERROR] [1768033960.835317913] [superpoint_node]: Errore pubblicazione keypoints 3D: could not assign tuple of length 3 to structure with 4 fields.
[superpoint_node-2] [INFO] [1768033961.013929611] [superpoint_node]: Keypoints estratti: 800
[superpoint_node-2] [ERROR] [1768033961.020564849] [superpoint_node]: Errore pubblicazione keypoints 3D: could not assign tuple of length 3 to structure with 4 fields.
[superpoint_node-2] [INFO] [1768033961.116723058] [superpoint_node]: Keypoints estratti: 800
[superpoint_node-2] [ERROR] [1768033961.123712002] [superpoint_node]: Errore pubblicazione keypoints 3D: could not assign tuple of length 3 to structure with 4 fields.
[superpoint_node-2] [INFO] [1768033961.216458425] [superpoint_node]: Keypoints estratti: 800
[superpoint_node-2] [ERROR] [1768033961.223422869] [superpoint_node]: Errore pubblicazione keypoints 3D: could not assign tuple of length 3 to structure with 4 fields.
[superpoint_node-2] [INFO] [1768033961.315674177] [superpoint_node]: Keypoints estratti: 800
[superpoint_node-2] [ERROR] [1768033961.322795344] [superpoint_node]: Errore pubblicazione keypoints 3D: could not assign tuple of length 3 to structure with 4 fields.
[rtabmap-14] [INFO] [1768033961.355078971] [rtabmap]: rtabmap (914): Rate=0.50s, Limit=0.001s, Conversion=0.0008s, RTAB-Map=0.0412s, Maps update=0.0003s pub=0.0031s delay=0.0856s (local map=0, WM=0)
[superpoint_node-2] [INFO] [1768033961.416352088] [superpoint_node]: Keypoints estratti: 800
[superpoint_node-2] [ERROR] [1768033961.423069975] [superpoint_node]: Errore pubblicazione keypoints 3D: could not assign tuple of length 3 to structure with 4 fields.
[superpoint_node-2] [INFO] [1768033961.516625071] [superpoint_node]: Keypoints estratti: 800
[superpoint_node-2] [ERROR] [1768033961.523371347] [superpoint_node]: Errore pubblicazione keypoints 3D: could not assign tuple of length 3 to structure with 4 fields.
[superpoint_node-2] [INFO] [1768033961.616002009] [superpoint_node]: Keypoints estratti: 800
[superpoint_node-2] [ERROR] [1768033961.622848415] [superpoint_node]: Errore pubblicazione keypoints 3D: could not assign tuple of length 3 to structure with 4 fields.
[superpoint_node-2] [INFO] [1768033961.715337947] [superpoint_node]: Keypoints estratti: 800
[superpoint_node-2] [ERROR] [1768033961.722197853] [superpoint_node]: Errore pubblicazione keypoints 3D: could not assign tuple of length 3 to structure with 4 fields.
[superpoint_node-2] [INFO] [1768033961.817012996] [superpoint_node]: Keypoints estratti: 800
[superpoint_node-2] [ERROR] [1768033961.824098201] [superpoint_node]: Errore pubblicazione keypoints 3D: could not assign tuple of length 3 to structure with 4 fields.
[rtabmap-14] [INFO] [1768033961.865652161] [rtabmap]: rtabmap (915): Rate=0.50s, Limit=0.001s, Conversion=0.0006s, RTAB-Map=0.0476s, Maps update=0.0003s pub=0.0010s delay=0.0961s (local map=0, WM=0)
[superpoint_node-2] [INFO] [1768033961.917383776] [superpoint_node]: Keypoints estratti: 800
[superpoint_node-2] [ERROR] [1768033961.924744316] [superpoint_node]: Errore pubblicazione keypoints 3D: could not assign tuple of length 3 to structure with 4 fields.
[superpoint_node-2] [INFO] [1768033962.047181215] [superpoint_node]: Keypoints estratti: 800
[superpoint_node-2] [ERROR] [1768033962.055322391] [superpoint_node]: Errore pubblicazione keypoints 3D: could not assign tuple of length 3 to structure with 4 fields.
[superpoint_node-2] [INFO] [1768033962.143474722] [superpoint_node]: Keypoints estratti: 800
[superpoint_node-2] [ERROR] [1768033962.150577852] [superpoint_node]: Errore pubblicazione keypoints 3D: could not assign tuple of length 3 to structure with 4 fields.
[superpoint_node-2] [INFO] [1768033962.242647344] [superpoint_node]: Keypoints estratti: 800
[superpoint_node-2] [ERROR] [1768033962.250640778] [superpoint_node]: Errore pubblicazione keypoints 3D: could not assign tuple of length 3 to structure with 4 fields.
[superpoint_node-2] [INFO] [1768033962.348929707] [superpoint_node]: Keypoints estratti: 800
[superpoint_node-2] [ERROR] [1768033962.356220339] [superpoint_node]: Errore pubblicazione keypoints 3D: could not assign tuple of length 3 to structure with 4 fields.
[rtabmap-14] [INFO] [1768033962.370399637] [rtabmap]: rtabmap (916): Rate=0.50s, Limit=0.001s, Conversion=0.0005s, RTAB-Map=0.0471s, Maps update=0.0015s pub=0.0027s delay=0.0765s (local map=0, WM=0)
[superpoint_node-2] [INFO] [1768033962.446191203] [superpoint_node]: Keypoints estratti: 800
[superpoint_node-2] [ERROR] [1768033962.453560613] [superpoint_node]: Errore pubblicazione keypoints 3D: could not assign tuple of length 3 to structure with 4 fields.
[superpoint_node-2] [INFO] [1768033962.538823532] [superpoint_node]: Keypoints estratti: 800
[superpoint_node-2] [ERROR] [1768033962.546053164] [superpoint_node]: Errore pubblicazione keypoints 3D: could not assign tuple of length 3 to structure with 4 fields.
[superpoint_node-2] [INFO] [1768033962.635297947] [superpoint_node]: Keypoints estratti: 800
[superpoint_node-2] [ERROR] [1768033962.644046776] [superpoint_node]: Errore pubblicazione keypoints 3D: could not assign tuple of length 3 to structure with 4 fields.
[superpoint_node-2] [INFO] [1768033962.730548149] [superpoint_node]: Keypoints estratti: 800
[superpoint_node-2] [ERROR] [1768033962.737614779] [superpoint_node]: Errore pubblicazione keypoints 3D: could not assign tuple of length 3 to structure with 4 fields.
[rtabmap-14] [INFO] [1768033962.922305637] [rtabmap]: rtabmap (917): Rate=0.50s, Limit=0.001s, Conversion=0.0002s, RTAB-Map=0.0311s, Maps update=0.0006s pub=0.0019s delay=0.0527s (local map=0, WM=0)
[superpoint_node-2] [INFO] [1768033962.925273642] [superpoint_node]: Keypoints estratti: 800
[superpoint_node-2] [ERROR] [1768033962.932229845] [superpoint_node]: Errore pubblicazione keypoints 3D: could not assign tuple of length 3 to structure with 4 fields.
[superpoint_node-2] [INFO] [1768033963.018201103] [superpoint_node]: Keypoints estratti: 800
[superpoint_node-2] [ERROR] [1768033963.024949101] [superpoint_node]: Errore pubblicazione keypoints 3D: could not assign tuple of length 3 to structure with 4 fields.
[superpoint_node-2] [INFO] [1768033963.117767395] [superpoint_node]: Keypoints estratti: 800
[superpoint_node-2] [ERROR] [1768033963.124858840] [superpoint_node]: Errore pubblicazione keypoints 3D: could not assign tuple of length 3 to structure with 4 fields.
[rtabmap-14] [33m[ WARN] (2026-01-10 09:32:39.292) CoreWrapper.cpp:1227::odomTFUpdate() Odometry is reset (identity pose detected). Increment map id![0m
[rtabmap-14] [33m[ WARN] (2026-01-10 09:32:40.886) CoreWrapper.cpp:1227::odomTFUpdate() Odometry is reset (identity pose detected). Increment map id![0m
[rtabmap-14] [33m[ WARN] (2026-01-10 09:32:42.785) CoreWrapper.cpp:1227::odomTFUpdate() Odometry is reset (identity pose detected). Increment map id![0m
[superpoint_node-2] [INFO] [1768033963.215719433] [superpoint_node]: Keypoints estratti: 800
[superpoint_node-2] [ERROR] [1768033963.222552135] [superpoint_node]: Errore pubblicazione keypoints 3D: could not assign tuple of length 3 to structure with 4 fields.
[superpoint_node-2] [INFO] [1768033963.318377249] [superpoint_node]: Keypoints estratti: 800
[superpoint_node-2] [ERROR] [1768033963.325714548] [superpoint_node]: Errore pubblicazione keypoints 3D: could not assign tuple of length 3 to structure with 4 fields.
[superpoint_node-2] [INFO] [1768033963.415298372] [superpoint_node]: Keypoints estratti: 800
[superpoint_node-2] [ERROR] [1768033963.422414373] [superpoint_node]: Errore pubblicazione keypoints 3D: could not assign tuple of length 3 to structure with 4 fields.
[superpoint_node-2] [INFO] [1768033963.518531267] [superpoint_node]: Keypoints estratti: 800
[superpoint_node-2] [ERROR] [1768033963.525654009] [superpoint_node]: Errore pubblicazione keypoints 3D: could not assign tuple of length 3 to structure with 4 fields.
[rtabmap-14] [INFO] [1768033963.552949300] [rtabmap]: rtabmap (918): Rate=0.50s, Limit=0.001s, Conversion=0.0006s, RTAB-Map=0.0325s, Maps update=0.0006s pub=0.0013s delay=0.0834s (local map=0, WM=0)
[superpoint_node-2] [INFO] [1768033963.619405958] [superpoint_node]: Keypoints estratti: 800
[superpoint_node-2] [ERROR] [1768033963.626348476] [superpoint_node]: Errore pubblicazione keypoints 3D: could not assign tuple of length 3 to structure with 4 fields.
[superpoint_node-2] [INFO] [1768033963.716310395] [superpoint_node]: Keypoints estratti: 800
[superpoint_node-2] [ERROR] [1768033963.723519026] [superpoint_node]: Errore pubblicazione keypoints 3D: could not assign tuple of length 3 to structure with 4 fields.
[superpoint_node-2] [INFO] [1768033963.815192626] [superpoint_node]: Keypoints estratti: 800
[superpoint_node-2] [ERROR] [1768033963.822221274] [superpoint_node]: Errore pubblicazione keypoints 3D: could not assign tuple of length 3 to structure with 4 fields.
[superpoint_node-2] [INFO] [1768033963.918406595] [superpoint_node]: Keypoints estratti: 800
[superpoint_node-2] [ERROR] [1768033963.925379002] [superpoint_node]: Errore pubblicazione keypoints 3D: could not assign tuple of length 3 to structure with 4 fields.
[superpoint_node-2] [INFO] [1768033964.016739265] [superpoint_node]: Keypoints estratti: 800
[superpoint_node-2] [ERROR] [1768033964.023938841] [superpoint_node]: Errore pubblicazione keypoints 3D: could not assign tuple of length 3 to structure with 4 fields.
[superpoint_node-2] [INFO] [1768033964.117062563] [superpoint_node]: Keypoints estratti: 800
[superpoint_node-2] [ERROR] [1768033964.124484215] [superpoint_node]: Errore pubblicazione keypoints 3D: could not assign tuple of length 3 to structure with 4 fields.
[rtabmap-14] [INFO] [1768033964.167541224] [rtabmap]: rtabmap (919): Rate=0.50s, Limit=0.001s, Conversion=0.0006s, RTAB-Map=0.0504s, Maps update=0.0016s pub=0.0050s delay=0.0980s (local map=0, WM=0)
[superpoint_node-2] [INFO] [1768033964.217792827] [superpoint_node]: Keypoints estratti: 800
[superpoint_node-2] [ERROR] [1768033964.224824809] [superpoint_node]: Errore pubblicazione keypoints 3D: could not assign tuple of length 3 to structure with 4 fields.
[superpoint_node-2] [INFO] [1768033964.316601205] [superpoint_node]: Keypoints estratti: 800
[superpoint_node-2] [ERROR] [1768033964.324813845] [superpoint_node]: Errore pubblicazione keypoints 3D: could not assign tuple of length 3 to structure with 4 fields.
[superpoint_node-2] [INFO] [1768033964.416494277] [superpoint_node]: Keypoints estratti: 800
[superpoint_node-2] [ERROR] [1768033964.423508833] [superpoint_node]: Errore pubblicazione keypoints 3D: could not assign tuple of length 3 to structure with 4 fields.
[superpoint_node-2] [INFO] [1768033964.519922341] [superpoint_node]: Keypoints estratti: 800
[superpoint_node-2] [ERROR] [1768033964.527172954] [superpoint_node]: Errore pubblicazione keypoints 3D: could not assign tuple of length 3 to structure with 4 fields.
[superpoint_node-2] [INFO] [1768033964.618419050] [superpoint_node]: Keypoints estratti: 800
[superpoint_node-2] [ERROR] [1768033964.627022396] [superpoint_node]: Errore pubblicazione keypoints 3D: could not assign tuple of length 3 to structure with 4 fields.
[rtabmap-14] [INFO] [1768033964.643698936] [rtabmap]: rtabmap (920): Rate=0.50s, Limit=0.001s, Conversion=0.0002s, RTAB-Map=0.0271s, Maps update=0.0003s pub=0.0009s delay=0.0738s (local map=0, WM=0)
[superpoint_node-2] [INFO] [1768033964.717844377] [superpoint_node]: Keypoints estratti: 800
[superpoint_node-2] [ERROR] [1768033964.724946212] [superpoint_node]: Errore pubblicazione keypoints 3D: could not assign tuple of length 3 to structure with 4 fields.
[superpoint_node-2] [INFO] [1768033964.815584525] [superpoint_node]: Keypoints estratti: 800
[superpoint_node-2] [ERROR] [1768033964.822532321] [superpoint_node]: Errore pubblicazione keypoints 3D: could not assign tuple of length 3 to structure with 4 fields.
[superpoint_node-2] [INFO] [1768033964.915476819] [superpoint_node]: Keypoints estratti: 800
[superpoint_node-2] [ERROR] [1768033964.923114528] [superpoint_node]: Errore pubblicazione keypoints 3D: could not assign tuple of length 3 to structure with 4 fields.
[superpoint_node-2] [INFO] [1768033965.016169453] [superpoint_node]: Keypoints estratti: 800
[superpoint_node-2] [ERROR] [1768033965.023056193] [superpoint_node]: Errore pubblicazione keypoints 3D: could not assign tuple of length 3 to structure with 4 fields.
[superpoint_node-2] [INFO] [1768033965.114739959] [superpoint_node]: Keypoints estratti: 800
[superpoint_node-2] [ERROR] [1768033965.121578643] [superpoint_node]: Errore pubblicazione keypoints 3D: could not assign tuple of length 3 to structure with 4 fields.
[superpoint_node-2] [INFO] [1768033965.217929613] [superpoint_node]: Keypoints estratti: 800
[superpoint_node-2] [ERROR] [1768033965.225088263] [superpoint_node]: Errore pubblicazione keypoints 3D: could not assign tuple of length 3 to structure with 4 fields.
[rtabmap-14] [INFO] [1768033965.264286519] [rtabmap]: rtabmap (921): Rate=0.50s, Limit=0.001s, Conversion=0.0011s, RTAB-Map=0.0456s, Maps update=0.0003s pub=0.0011s delay=0.0948s (local map=0, WM=0)
[superpoint_node-2] [INFO] [1768033965.357168609] [superpoint_node]: Keypoints estratti: 800
[superpoint_node-2] [ERROR] [1768033965.364164943] [superpoint_node]: Errore pubblicazione keypoints 3D: could not assign tuple of length 3 to structure with 4 fields.
[superpoint_node-2] [INFO] [1768033965.453155261] [superpoint_node]: Keypoints estratti: 800
[superpoint_node-2] [ERROR] [1768033965.460027834] [superpoint_node]: Errore pubblicazione keypoints 3D: could not assign tuple of length 3 to structure with 4 fields.
[superpoint_node-2] [INFO] [1768033965.547316066] [superpoint_node]: Keypoints estratti: 800
[superpoint_node-2] [ERROR] [1768033965.557092680] [superpoint_node]: Errore pubblicazione keypoints 3D: could not assign tuple of length 3 to structure with 4 fields.
[superpoint_node-2] [INFO] [1768033965.644318800] [superpoint_node]: Keypoints estratti: 800
[superpoint_node-2] [ERROR] [1768033965.651913101] [superpoint_node]: Errore pubblicazione keypoints 3D: could not assign tuple of length 3 to structure with 4 fields.
[superpoint_node-2] [INFO] [1768033965.738347418] [superpoint_node]: Keypoints estratti: 800
[superpoint_node-2] [ERROR] [1768033965.745686662] [superpoint_node]: Errore pubblicazione keypoints 3D: could not assign tuple of length 3 to structure with 4 fields.
[superpoint_node-2] [INFO] [1768033965.838005155] [superpoint_node]: Keypoints estratti: 800
[superpoint_node-2] [ERROR] [1768033965.845740457] [superpoint_node]: Errore pubblicazione keypoints 3D: could not assign tuple of length 3 to structure with 4 fields.
[rtabmap-14] [INFO] [1768033965.848011809] [rtabmap]: rtabmap (922): Rate=0.50s, Limit=0.001s, Conversion=0.0003s, RTAB-Map=0.0313s, Maps update=0.0003s pub=0.0021s delay=0.0591s (local map=0, WM=0)
[superpoint_node-2] [INFO] [1768033965.936233288] [superpoint_node]: Keypoints estratti: 800
[superpoint_node-2] [ERROR] [1768033965.943826348] [superpoint_node]: Errore pubblicazione keypoints 3D: could not assign tuple of length 3 to structure with 4 fields.
[superpoint_node-2] [INFO] [1768033966.033011317] [superpoint_node]: Keypoints estratti: 800
[superpoint_node-2] [ERROR] [1768033966.040299263] [superpoint_node]: Errore pubblicazione keypoints 3D: could not assign tuple of length 3 to structure with 4 fields.
[superpoint_node-2] [INFO] [1768033966.129217489] [superpoint_node]: Keypoints estratti: 800
[superpoint_node-2] [ERROR] [1768033966.136838068] [superpoint_node]: Errore pubblicazione keypoints 3D: could not assign tuple of length 3 to structure with 4 fields.
[superpoint_node-2] [INFO] [1768033966.227462826] [superpoint_node]: Keypoints estratti: 800
[superpoint_node-2] [ERROR] [1768033966.234196620] [superpoint_node]: Errore pubblicazione keypoints 3D: could not assign tuple of length 3 to structure with 4 fields.
[rtabmap-14] [INFO] [1768033966.413396823] [rtabmap]: rtabmap (923): Rate=0.50s, Limit=0.001s, Conversion=0.0002s, RTAB-Map=0.0269s, Maps update=0.0005s pub=0.0014s delay=0.0438s (local map=0, WM=0)
[superpoint_node-2] [INFO] [1768033966.420865919] [superpoint_node]: Keypoints estratti: 800
[superpoint_node-2] [ERROR] [1768033966.427892327] [superpoint_node]: Errore pubblicazione keypoints 3D: could not assign tuple of length 3 to structure with 4 fields.
[superpoint_node-2] [INFO] [1768033966.517043814] [superpoint_node]: Keypoints estratti: 800
[superpoint_node-2] [ERROR] [1768033966.524597892] [superpoint_node]: Errore pubblicazione keypoints 3D: could not assign tuple of length 3 to structure with 4 fields.
[superpoint_node-2] [INFO] [1768033966.617022590] [superpoint_node]: Keypoints estratti: 800
[superpoint_node-2] [ERROR] [1768033966.624013701] [superpoint_node]: Errore pubblicazione keypoints 3D: could not assign tuple of length 3 to structure with 4 fields.
[superpoint_node-2] [INFO] [1768033966.717793762] [superpoint_node]: Keypoints estratti: 800
[superpoint_node-2] [ERROR] [1768033966.724840466] [superpoint_node]: Errore pubblicazione keypoints 3D: could not assign tuple of length 3 to structure with 4 fields.
[superpoint_node-2] [INFO] [1768033966.817210034] [superpoint_node]: Keypoints estratti: 800
[superpoint_node-2] [ERROR] [1768033966.824681334] [superpoint_node]: Errore pubblicazione keypoints 3D: could not assign tuple of length 3 to structure with 4 fields.
[superpoint_node-2] [INFO] [1768033966.915494778] [superpoint_node]: Keypoints estratti: 800
[superpoint_node-2] [ERROR] [1768033966.922261721] [superpoint_node]: Errore pubblicazione keypoints 3D: could not assign tuple of length 3 to structure with 4 fields.
[superpoint_node-2] [INFO] [1768033967.018544783] [superpoint_node]: Keypoints estratti: 800
[superpoint_node-2] [ERROR] [1768033967.025633488] [superpoint_node]: Errore pubblicazione keypoints 3D: could not assign tuple of length 3 to structure with 4 fields.
[rtabmap-14] [INFO] [1768033967.059608684] [rtabmap]: rtabmap (924): Rate=0.50s, Limit=0.001s, Conversion=0.0016s, RTAB-Map=0.0427s, Maps update=0.0012s pub=0.0017s delay=0.0901s (local map=0, WM=0)
[superpoint_node-2] [INFO] [1768033967.118316465] [superpoint_node]: Keypoints estratti: 800
[superpoint_node-2] [ERROR] [1768033967.125155335] [superpoint_node]: Errore pubblicazione keypoints 3D: could not assign tuple of length 3 to structure with 4 fields.
[superpoint_node-2] [INFO] [1768033967.216955898] [superpoint_node]: Keypoints estratti: 800
[superpoint_node-2] [ERROR] [1768033967.223818934] [superpoint_node]: Errore pubblicazione keypoints 3D: could not assign tuple of length 3 to structure with 4 fields.
[superpoint_node-2] [INFO] [1768033967.316173965] [superpoint_node]: Keypoints estratti: 800
[superpoint_node-2] [ERROR] [1768033967.323209928] [superpoint_node]: Errore pubblicazione keypoints 3D: could not assign tuple of length 3 to structure with 4 fields.
[superpoint_node-2] [INFO] [1768033967.418564686] [superpoint_node]: Keypoints estratti: 800
[superpoint_node-2] [ERROR] [1768033967.425647039] [superpoint_node]: Errore pubblicazione keypoints 3D: could not assign tuple of length 3 to structure with 4 fields.
[superpoint_node-2] [INFO] [1768033967.517054914] [superpoint_node]: Keypoints estratti: 800
[superpoint_node-2] [ERROR] [1768033967.523864968] [superpoint_node]: Errore pubblicazione keypoints 3D: could not assign tuple of length 3 to structure with 4 fields.
[superpoint_node-2] [INFO] [1768033967.615058286] [superpoint_node]: Keypoints estratti: 800
[superpoint_node-2] [ERROR] [1768033967.623658539] [superpoint_node]: Errore pubblicazione keypoints 3D: could not assign tuple of length 3 to structure with 4 fields.
[rtabmap-14] [INFO] [1768033967.638582917] [rtabmap]: rtabmap (925): Rate=0.50s, Limit=0.001s, Conversion=0.0006s, RTAB-Map=0.0242s, Maps update=0.0003s pub=0.0011s delay=0.0690s (local map=0, WM=0)
[superpoint_node-2] [INFO] [1768033967.716519537] [superpoint_node]: Keypoints estratti: 800
[superpoint_node-2] [ERROR] [1768033967.723449259] [superpoint_node]: Errore pubblicazione keypoints 3D: could not assign tuple of length 3 to structure with 4 fields.
[superpoint_node-2] [INFO] [1768033967.815587491] [superpoint_node]: Keypoints estratti: 800
[superpoint_node-2] [ERROR] [1768033967.822599769] [superpoint_node]: Errore pubblicazione keypoints 3D: could not assign tuple of length 3 to structure with 4 fields.
[superpoint_node-2] [INFO] [1768033967.919142389] [superpoint_node]: Keypoints estratti: 800
[superpoint_node-2] [ERROR] [1768033967.926267483] [superpoint_node]: Errore pubblicazione keypoints 3D: could not assign tuple of length 3 to structure with 4 fields.
[superpoint_node-2] [INFO] [1768033968.015545656] [superpoint_node]: Keypoints estratti: 800
[superpoint_node-2] [ERROR] [1768033968.022778213] [superpoint_node]: Errore pubblicazione keypoints 3D: could not assign tuple of length 3 to structure with 4 fields.
[superpoint_node-2] [INFO] [1768033968.118336603] [superpoint_node]: Keypoints estratti: 800
[superpoint_node-2] [ERROR] [1768033968.125391807] [superpoint_node]: Errore pubblicazione keypoints 3D: could not assign tuple of length 3 to structure with 4 fields.
[rtabmap-14] [INFO] [1768033968.156002735] [rtabmap]: rtabmap (926): Rate=0.50s, Limit=0.001s, Conversion=0.0004s, RTAB-Map=0.0446s, Maps update=0.0004s pub=0.0010s delay=0.0864s (local map=0, WM=0)
[rtabmap-14] [33m[ WARN] (2026-01-10 09:32:46.289) CoreWrapper.cpp:1227::odomTFUpdate() Odometry is reset (identity pose detected). Increment map id![0m
[superpoint_node-2] [INFO] [1768033968.222953934] [superpoint_node]: Keypoints estratti: 800
[superpoint_node-2] [ERROR] [1768033968.229485135] [superpoint_node]: Errore pubblicazione keypoints 3D: could not assign tuple of length 3 to structure with 4 fields.
[superpoint_node-2] [INFO] [1768033968.320679378] [superpoint_node]: Keypoints estratti: 800
[superpoint_node-2] [ERROR] [1768033968.327710027] [superpoint_node]: Errore pubblicazione keypoints 3D: could not assign tuple of length 3 to structure with 4 fields.
[superpoint_node-2] [INFO] [1768033968.416327009] [superpoint_node]: Keypoints estratti: 800
[superpoint_node-2] [ERROR] [1768033968.423315917] [superpoint_node]: Errore pubblicazione keypoints 3D: could not assign tuple of length 3 to structure with 4 fields.
[superpoint_node-2] [INFO] [1768033968.515558872] [superpoint_node]: Keypoints estratti: 800
[superpoint_node-2] [ERROR] [1768033968.522268000] [superpoint_node]: Errore pubblicazione keypoints 3D: could not assign tuple of length 3 to structure with 4 fields.
[superpoint_node-2] [INFO] [1768033968.616074042] [superpoint_node]: Keypoints estratti: 800
[superpoint_node-2] [ERROR] [1768033968.623326637] [superpoint_node]: Errore pubblicazione keypoints 3D: could not assign tuple of length 3 to structure with 4 fields.
[superpoint_node-2] [INFO] [1768033968.715227442] [superpoint_node]: Keypoints estratti: 800
[superpoint_node-2] [ERROR] [1768033968.722284461] [superpoint_node]: Errore pubblicazione keypoints 3D: could not assign tuple of length 3 to structure with 4 fields.
[rtabmap-14] [INFO] [1768033968.762428484] [rtabmap]: rtabmap (927): Rate=0.50s, Limit=0.001s, Conversion=0.0006s, RTAB-Map=0.0426s, Maps update=0.0027s pub=0.0027s delay=0.0929s (local map=0, WM=0)
[superpoint_node-2] [INFO] [1768033968.818572393] [superpoint_node]: Keypoints estratti: 800
[superpoint_node-2] [ERROR] [1768033968.825624097] [superpoint_node]: Errore pubblicazione keypoints 3D: could not assign tuple of length 3 to structure with 4 fields.
[superpoint_node-2] [INFO] [1768033968.918055721] [superpoint_node]: Keypoints estratti: 800
[superpoint_node-2] [ERROR] [1768033968.925131037] [superpoint_node]: Errore pubblicazione keypoints 3D: could not assign tuple of length 3 to structure with 4 fields.
[superpoint_node-2] [INFO] [1768033969.014958195] [superpoint_node]: Keypoints estratti: 800
[superpoint_node-2] [ERROR] [1768033969.021914788] [superpoint_node]: Errore pubblicazione keypoints 3D: could not assign tuple of length 3 to structure with 4 fields.
[superpoint_node-2] [INFO] [1768033969.120496979] [superpoint_node]: Keypoints estratti: 800
[superpoint_node-2] [ERROR] [1768033969.127368349] [superpoint_node]: Errore pubblicazione keypoints 3D: could not assign tuple of length 3 to structure with 4 fields.
[superpoint_node-2] [INFO] [1768033969.217414287] [superpoint_node]: Keypoints estratti: 800
[superpoint_node-2] [ERROR] [1768033969.224459491] [superpoint_node]: Errore pubblicazione keypoints 3D: could not assign tuple of length 3 to structure with 4 fields.
[rtabmap-14] [INFO] [1768033969.249330522] [rtabmap]: rtabmap (928): Rate=0.50s, Limit=0.001s, Conversion=0.0003s, RTAB-Map=0.0322s, Maps update=0.0010s pub=0.0022s delay=0.0792s (local map=0, WM=0)
[superpoint_node-2] [INFO] [1768033969.353805612] [superpoint_node]: Keypoints estratti: 800
[superpoint_node-2] [ERROR] [1768033969.361705527] [superpoint_node]: Errore pubblicazione keypoints 3D: could not assign tuple of length 3 to structure with 4 fields.
[superpoint_node-2] [INFO] [1768033969.447947324] [superpoint_node]: Keypoints estratti: 800
[superpoint_node-2] [ERROR] [1768033969.454737767] [superpoint_node]: Errore pubblicazione keypoints 3D: could not assign tuple of length 3 to structure with 4 fields.
[superpoint_node-2] [INFO] [1768033969.541450530] [superpoint_node]: Keypoints estratti: 800
[superpoint_node-2] [ERROR] [1768033969.549293796] [superpoint_node]: Errore pubblicazione keypoints 3D: could not assign tuple of length 3 to structure with 4 fields.
[superpoint_node-2] [INFO] [1768033969.635453167] [superpoint_node]: Keypoints estratti: 800
[superpoint_node-2] [ERROR] [1768033969.643514934] [superpoint_node]: Errore pubblicazione keypoints 3D: could not assign tuple of length 3 to structure with 4 fields.
[superpoint_node-2] [INFO] [1768033969.735958058] [superpoint_node]: Keypoints estratti: 800
[superpoint_node-2] [ERROR] [1768033969.743769287] [superpoint_node]: Errore pubblicazione keypoints 3D: could not assign tuple of length 3 to structure with 4 fields.
[rtabmap-14] [INFO] [1768033969.763388073] [rtabmap]: rtabmap (929): Rate=0.50s, Limit=0.001s, Conversion=0.0003s, RTAB-Map=0.0455s, Maps update=0.0007s pub=0.0025s delay=0.0768s (local map=0, WM=0)
[superpoint_node-2] [INFO] [1768033969.832010822] [superpoint_node]: Keypoints estratti: 800
[superpoint_node-2] [ERROR] [1768033969.838936007] [superpoint_node]: Errore pubblicazione keypoints 3D: could not assign tuple of length 3 to structure with 4 fields.
[superpoint_node-2] [INFO] [1768033969.927976234] [superpoint_node]: Keypoints estratti: 800
[superpoint_node-2] [ERROR] [1768033969.935616720] [superpoint_node]: Errore pubblicazione keypoints 3D: could not assign tuple of length 3 to structure with 4 fields.
[superpoint_node-2] [INFO] [1768033970.116094248] [superpoint_node]: Keypoints estratti: 800
[superpoint_node-2] [ERROR] [1768033970.123262083] [superpoint_node]: Errore pubblicazione keypoints 3D: could not assign tuple of length 3 to structure with 4 fields.
[superpoint_node-2] [INFO] [1768033970.216664955] [superpoint_node]: Keypoints estratti: 800
[superpoint_node-2] [ERROR] [1768033970.223750641] [superpoint_node]: Errore pubblicazione keypoints 3D: could not assign tuple of length 3 to structure with 4 fields.
[superpoint_node-2] [INFO] [1768033970.319738460] [superpoint_node]: Keypoints estratti: 800
[superpoint_node-2] [ERROR] [1768033970.326877572] [superpoint_node]: Errore pubblicazione keypoints 3D: could not assign tuple of length 3 to structure with 4 fields.
[rtabmap-14] [INFO] [1768033970.328917033] [rtabmap]: rtabmap (930): Rate=0.50s, Limit=0.001s, Conversion=0.0004s, RTAB-Map=0.0428s, Maps update=0.0012s pub=0.0011s delay=0.0595s (local map=0, WM=0)
[superpoint_node-2] [INFO] [1768033970.415462980] [superpoint_node]: Keypoints estratti: 800
[superpoint_node-2] [ERROR] [1768033970.422293090] [superpoint_node]: Errore pubblicazione keypoints 3D: could not assign tuple of length 3 to structure with 4 fields.
[superpoint_node-2] [INFO] [1768033970.517103270] [superpoint_node]: Keypoints estratti: 800
[superpoint_node-2] [ERROR] [1768033970.524909480] [superpoint_node]: Errore pubblicazione keypoints 3D: could not assign tuple of length 3 to structure with 4 fields.
[superpoint_node-2] [INFO] [1768033970.616900693] [superpoint_node]: Keypoints estratti: 800
[superpoint_node-2] [ERROR] [1768033970.623893342] [superpoint_node]: Errore pubblicazione keypoints 3D: could not assign tuple of length 3 to structure with 4 fields.
[superpoint_node-2] [INFO] [1768033970.716401299] [superpoint_node]: Keypoints estratti: 800
[superpoint_node-2] [ERROR] [1768033970.723350244] [superpoint_node]: Errore pubblicazione keypoints 3D: could not assign tuple of length 3 to structure with 4 fields.
[superpoint_node-2] [INFO] [1768033970.817786365] [superpoint_node]: Keypoints estratti: 800
[superpoint_node-2] [ERROR] [1768033970.824987348] [superpoint_node]: Errore pubblicazione keypoints 3D: could not assign tuple of length 3 to structure with 4 fields.
[rtabmap-14] [INFO] [1768033970.859679457] [rtabmap]: rtabmap (931): Rate=0.50s, Limit=0.001s, Conversion=0.0005s, RTAB-Map=0.0433s, Maps update=0.0033s pub=0.0019s delay=0.0902s (local map=0, WM=0)
[superpoint_node-2] [INFO] [1768033970.922613162] [superpoint_node]: Keypoints estratti: 800
[superpoint_node-2] [ERROR] [1768033970.929946535] [superpoint_node]: Errore pubblicazione keypoints 3D: could not assign tuple of length 3 to structure with 4 fields.
[superpoint_node-2] [INFO] [1768033971.017876623] [superpoint_node]: Keypoints estratti: 800
[superpoint_node-2] [ERROR] [1768033971.025503406] [superpoint_node]: Errore pubblicazione keypoints 3D: could not assign tuple of length 3 to structure with 4 fields.
[superpoint_node-2] [INFO] [1768033971.118643072] [superpoint_node]: Keypoints estratti: 800
[superpoint_node-2] [ERROR] [1768033971.126371374] [superpoint_node]: Errore pubblicazione keypoints 3D: could not assign tuple of length 3 to structure with 4 fields.
[superpoint_node-2] [INFO] [1768033971.218451847] [superpoint_node]: Keypoints estratti: 800
[superpoint_node-2] [ERROR] [1768033971.226151223] [superpoint_node]: Errore pubblicazione keypoints 3D: could not assign tuple of length 3 to structure with 4 fields.
[superpoint_node-2] [INFO] [1768033971.317823341] [superpoint_node]: Keypoints estratti: 800
[superpoint_node-2] [ERROR] [1768033971.326531688] [superpoint_node]: Errore pubblicazione keypoints 3D: could not assign tuple of length 3 to structure with 4 fields.
[rtabmap-14] [INFO] [1768033971.358843242] [rtabmap]: rtabmap (932): Rate=0.50s, Limit=0.001s, Conversion=0.0004s, RTAB-Map=0.0428s, Maps update=0.0021s pub=0.0037s delay=0.0894s (local map=0, WM=0)
[superpoint_node-2] [INFO] [1768033971.421133996] [superpoint_node]: Keypoints estratti: 800
[superpoint_node-2] [ERROR] [1768033971.427993921] [superpoint_node]: Errore pubblicazione keypoints 3D: could not assign tuple of length 3 to structure with 4 fields.
[superpoint_node-2] [INFO] [1768033971.518492530] [superpoint_node]: Keypoints estratti: 800
[superpoint_node-2] [ERROR] [1768033971.525959719] [superpoint_node]: Errore pubblicazione keypoints 3D: could not assign tuple of length 3 to structure with 4 fields.
[superpoint_node-2] [INFO] [1768033971.614967649] [superpoint_node]: Keypoints estratti: 800
[superpoint_node-2] [ERROR] [1768033971.621908685] [superpoint_node]: Errore pubblicazione keypoints 3D: could not assign tuple of length 3 to structure with 4 fields.
[superpoint_node-2] [INFO] [1768033971.714824498] [superpoint_node]: Keypoints estratti: 800
[superpoint_node-2] [ERROR] [1768033971.721626460] [superpoint_node]: Errore pubblicazione keypoints 3D: could not assign tuple of length 3 to structure with 4 fields.
[superpoint_node-2] [INFO] [1768033971.815797209] [superpoint_node]: Keypoints estratti: 800
[superpoint_node-2] [ERROR] [1768033971.822729134] [superpoint_node]: Errore pubblicazione keypoints 3D: could not assign tuple of length 3 to structure with 4 fields.
[superpoint_node-2] [INFO] [1768033971.914982368] [superpoint_node]: Keypoints estratti: 800
[superpoint_node-2] [ERROR] [1768033971.923708474] [superpoint_node]: Errore pubblicazione keypoints 3D: could not assign tuple of length 3 to structure with 4 fields.
[rtabmap-14] [INFO] [1768033971.935235158] [rtabmap]: rtabmap (933): Rate=0.50s, Limit=0.001s, Conversion=0.0003s, RTAB-Map=0.0230s, Maps update=0.0003s pub=0.0011s delay=0.0657s (local map=0, WM=0)
[superpoint_node-2] [INFO] [1768033972.016790881] [superpoint_node]: Keypoints estratti: 800
[superpoint_node-2] [ERROR] [1768033972.024727592] [superpoint_node]: Errore pubblicazione keypoints 3D: could not assign tuple of length 3 to structure with 4 fields.
[superpoint_node-2] [INFO] [1768033972.115037922] [superpoint_node]: Keypoints estratti: 800
[superpoint_node-2] [ERROR] [1768033972.121965551] [superpoint_node]: Errore pubblicazione keypoints 3D: could not assign tuple of length 3 to structure with 4 fields.
[superpoint_node-2] [INFO] [1768033972.214914401] [superpoint_node]: Keypoints estratti: 800
[superpoint_node-2] [ERROR] [1768033972.221924809] [superpoint_node]: Errore pubblicazione keypoints 3D: could not assign tuple of length 3 to structure with 4 fields.
[superpoint_node-2] [INFO] [1768033972.315506775] [superpoint_node]: Keypoints estratti: 800
[superpoint_node-2] [ERROR] [1768033972.322567331] [superpoint_node]: Errore pubblicazione keypoints 3D: could not assign tuple of length 3 to structure with 4 fields.
[superpoint_node-2] [INFO] [1768033972.416825340] [superpoint_node]: Keypoints estratti: 800
[superpoint_node-2] [ERROR] [1768033972.424543161] [superpoint_node]: Errore pubblicazione keypoints 3D: could not assign tuple of length 3 to structure with 4 fields.
[superpoint_node-2] [INFO] [1768033972.517491159] [superpoint_node]: Keypoints estratti: 800
[superpoint_node-2] [ERROR] [1768033972.525326407] [superpoint_node]: Errore pubblicazione keypoints 3D: could not assign tuple of length 3 to structure with 4 fields.
[rtabmap-14] [INFO] [1768033972.559165546] [rtabmap]: rtabmap (934): Rate=0.50s, Limit=0.001s, Conversion=0.0003s, RTAB-Map=0.0386s, Maps update=0.0011s pub=0.0012s delay=0.0883s (local map=0, WM=0)
[superpoint_node-2] [INFO] [1768033972.621096205] [superpoint_node]: Keypoints estratti: 800
[superpoint_node-2] [ERROR] [1768033972.629331308] [superpoint_node]: Errore pubblicazione keypoints 3D: could not assign tuple of length 3 to structure with 4 fields.
[superpoint_node-2] [INFO] [1768033972.718169940] [superpoint_node]: Keypoints estratti: 800
[superpoint_node-2] [ERROR] [1768033972.724949661] [superpoint_node]: Errore pubblicazione keypoints 3D: could not assign tuple of length 3 to structure with 4 fields.
[superpoint_node-2] [INFO] [1768033972.815086655] [superpoint_node]: Keypoints estratti: 800
[superpoint_node-2] [ERROR] [1768033972.821993914] [superpoint_node]: Errore pubblicazione keypoints 3D: could not assign tuple of length 3 to structure with 4 fields.
[superpoint_node-2] [INFO] [1768033972.915797715] [superpoint_node]: Keypoints estratti: 800
[superpoint_node-2] [ERROR] [1768033972.922984884] [superpoint_node]: Errore pubblicazione keypoints 3D: could not assign tuple of length 3 to structure with 4 fields.
[superpoint_node-2] [INFO] [1768033973.019829228] [superpoint_node]: Keypoints estratti: 800
[superpoint_node-2] [ERROR] [1768033973.028484760] [superpoint_node]: Errore pubblicazione keypoints 3D: could not assign tuple of length 3 to structure with 4 fields.
[rtabmap-14] [INFO] [1768033973.041127008] [rtabmap]: rtabmap (935): Rate=0.50s, Limit=0.001s, Conversion=0.0003s, RTAB-Map=0.0253s, Maps update=0.0009s pub=0.0009s delay=0.0715s (local map=0, WM=0)
[superpoint_node-2] [INFO] [1768033973.121542185] [superpoint_node]: Keypoints estratti: 800
[superpoint_node-2] [ERROR] [1768033973.128479666] [superpoint_node]: Errore pubblicazione keypoints 3D: could not assign tuple of length 3 to structure with 4 fields.
[rtabmap-14] [33m[ WARN] (2026-01-10 09:32:49.994) CoreWrapper.cpp:1227::odomTFUpdate() Odometry is reset (identity pose detected). Increment map id![0m
[superpoint_node-2] [INFO] [1768033973.220573232] [superpoint_node]: Keypoints estratti: 800
[superpoint_node-2] [ERROR] [1768033973.227585102] [superpoint_node]: Errore pubblicazione keypoints 3D: could not assign tuple of length 3 to structure with 4 fields.
[superpoint_node-2] [INFO] [1768033973.316729515] [superpoint_node]: Keypoints estratti: 800
[superpoint_node-2] [ERROR] [1768033973.323874553] [superpoint_node]: Errore pubblicazione keypoints 3D: could not assign tuple of length 3 to structure with 4 fields.
[superpoint_node-2] [INFO] [1768033973.417242388] [superpoint_node]: Keypoints estratti: 800
[superpoint_node-2] [ERROR] [1768033973.424317333] [superpoint_node]: Errore pubblicazione keypoints 3D: could not assign tuple of length 3 to structure with 4 fields.
[superpoint_node-2] [INFO] [1768033973.517308684] [superpoint_node]: Keypoints estratti: 800
[superpoint_node-2] [ERROR] [1768033973.524320518] [superpoint_node]: Errore pubblicazione keypoints 3D: could not assign tuple of length 3 to structure with 4 fields.
[superpoint_node-2] [INFO] [1768033973.616369101] [superpoint_node]: Keypoints estratti: 800
[superpoint_node-2] [ERROR] [1768033973.623374416] [superpoint_node]: Errore pubblicazione keypoints 3D: could not assign tuple of length 3 to structure with 4 fields.
[rtabmap-14] [INFO] [1768033973.655829471] [rtabmap]: rtabmap (936): Rate=0.50s, Limit=0.001s, Conversion=0.0004s, RTAB-Map=0.0405s, Maps update=0.0003s pub=0.0051s delay=0.0863s (local map=0, WM=0)
[superpoint_node-2] [INFO] [1768033973.716315267] [superpoint_node]: Keypoints estratti: 800
[superpoint_node-2] [ERROR] [1768033973.723257618] [superpoint_node]: Errore pubblicazione keypoints 3D: could not assign tuple of length 3 to structure with 4 fields.
[superpoint_node-2] [INFO] [1768033973.814919680] [superpoint_node]: Keypoints estratti: 800
[superpoint_node-2] [ERROR] [1768033973.821958551] [superpoint_node]: Errore pubblicazione keypoints 3D: could not assign tuple of length 3 to structure with 4 fields.
[superpoint_node-2] [INFO] [1768033973.917858425] [superpoint_node]: Keypoints estratti: 800
[superpoint_node-2] [ERROR] [1768033973.924884555] [superpoint_node]: Errore pubblicazione keypoints 3D: could not assign tuple of length 3 to structure with 4 fields.
[superpoint_node-2] [INFO] [1768033974.015742333] [superpoint_node]: Keypoints estratti: 800
[superpoint_node-2] [ERROR] [1768033974.022542294] [superpoint_node]: Errore pubblicazione keypoints 3D: could not assign tuple of length 3 to structure with 4 fields.
[superpoint_node-2] [INFO] [1768033974.116043371] [superpoint_node]: Keypoints estratti: 800
[superpoint_node-2] [ERROR] [1768033974.123061242] [superpoint_node]: Errore pubblicazione keypoints 3D: could not assign tuple of length 3 to structure with 4 fields.
[superpoint_node-2] [INFO] [1768033974.218631335] [superpoint_node]: Keypoints estratti: 800
[superpoint_node-2] [ERROR] [1768033974.225900393] [superpoint_node]: Errore pubblicazione keypoints 3D: could not assign tuple of length 3 to structure with 4 fields.
[rtabmap-14] [INFO] [1768033974.264413644] [rtabmap]: rtabmap (937): Rate=0.50s, Limit=0.001s, Conversion=0.0006s, RTAB-Map=0.0454s, Maps update=0.0003s pub=0.0010s delay=0.0950s (local map=0, WM=0)
[superpoint_node-2] [INFO] [1768033974.320098161] [superpoint_node]: Keypoints estratti: 800
[superpoint_node-2] [ERROR] [1768033974.327159272] [superpoint_node]: Errore pubblicazione keypoints 3D: could not assign tuple of length 3 to structure with 4 fields.
[superpoint_node-2] [INFO] [1768033974.416517001] [superpoint_node]: Keypoints estratti: 800
[superpoint_node-2] [ERROR] [1768033974.423460594] [superpoint_node]: Errore pubblicazione keypoints 3D: could not assign tuple of length 3 to structure with 4 fields.
[superpoint_node-2] [INFO] [1768033974.517166061] [superpoint_node]: Keypoints estratti: 800
[superpoint_node-2] [ERROR] [1768033974.524258766] [superpoint_node]: Errore pubblicazione keypoints 3D: could not assign tuple of length 3 to structure with 4 fields.
[foxglove_bridge-12] [INFO] [1768033974.586347167] [foxglove_bridge]: received subscribe request for channel 44 from client 1 (sink 1)
[foxglove_bridge-12] [INFO] [1768033974.591360466] [foxglove_bridge]: created ROS subscription on /cloud_ground (sensor_msgs/msg/PointCloud2) successfully for channel 44 (client 1, sink 1)
[foxglove_bridge-12] [INFO] [1768033974.618700498] [foxglove_bridge]: publishing connection graph
[superpoint_node-2] [INFO] [1768033974.621871172] [superpoint_node]: Keypoints estratti: 800
[superpoint_node-2] [ERROR] [1768033974.628944357] [superpoint_node]: Errore pubblicazione keypoints 3D: could not assign tuple of length 3 to structure with 4 fields.
[superpoint_node-2] [INFO] [1768033974.718386680] [superpoint_node]: Keypoints estratti: 800
[superpoint_node-2] [ERROR] [1768033974.726928989] [superpoint_node]: Errore pubblicazione keypoints 3D: could not assign tuple of length 3 to structure with 4 fields.
[rtabmap-14] [INFO] [1768033974.739839221] [rtabmap]: rtabmap (938): Rate=0.50s, Limit=0.001s, Conversion=0.0003s, RTAB-Map=0.0202s, Maps update=0.0003s pub=0.0023s delay=0.0698s (local map=0, WM=0)
[superpoint_node-2] [INFO] [1768033974.814923392] [superpoint_node]: Keypoints estratti: 800
[superpoint_node-2] [ERROR] [1768033974.822039634] [superpoint_node]: Errore pubblicazione keypoints 3D: could not assign tuple of length 3 to structure with 4 fields.
[superpoint_node-2] [INFO] [1768033974.915566378] [superpoint_node]: Keypoints estratti: 800
[superpoint_node-2] [ERROR] [1768033974.922537451] [superpoint_node]: Errore pubblicazione keypoints 3D: could not assign tuple of length 3 to structure with 4 fields.
[superpoint_node-2] [INFO] [1768033975.014929001] [superpoint_node]: Keypoints estratti: 800
[superpoint_node-2] [ERROR] [1768033975.021981631] [superpoint_node]: Errore pubblicazione keypoints 3D: could not assign tuple of length 3 to structure with 4 fields.
[superpoint_node-2] [INFO] [1768033975.115216836] [superpoint_node]: Keypoints estratti: 800
[superpoint_node-2] [ERROR] [1768033975.122172558] [superpoint_node]: Errore pubblicazione keypoints 3D: could not assign tuple of length 3 to structure with 4 fields.
[foxglove_bridge-12] [INFO] [1768033975.138182944] [foxglove_bridge]: publishing connection graph
[superpoint_node-2] [INFO] [1768033975.215807691] [superpoint_node]: Keypoints estratti: 800
[superpoint_node-2] [ERROR] [1768033975.223063045] [superpoint_node]: Errore pubblicazione keypoints 3D: could not assign tuple of length 3 to structure with 4 fields.
[superpoint_node-2] [INFO] [1768033975.315056536] [superpoint_node]: Keypoints estratti: 800
[superpoint_node-2] [ERROR] [1768033975.323601030] [superpoint_node]: Errore pubblicazione keypoints 3D: could not assign tuple of length 3 to structure with 4 fields.
[rtabmap-14] [INFO] [1768033975.336341890] [rtabmap]: rtabmap (939): Rate=0.50s, Limit=0.001s, Conversion=0.0005s, RTAB-Map=0.0227s, Maps update=0.0003s pub=0.0010s delay=0.0668s (local map=0, WM=0)
[foxglove_bridge-12] [INFO] [1768033975.379434270] [foxglove_bridge]: received subscribe request for channel 43 from client 1 (sink 1)
[foxglove_bridge-12] [INFO] [1768033975.386476011] [foxglove_bridge]: created ROS subscription on /cloud_map (sensor_msgs/msg/PointCloud2) successfully for channel 43 (client 1, sink 1)
[superpoint_node-2] [INFO] [1768033975.418698249] [superpoint_node]: Keypoints estratti: 800
[superpoint_node-2] [ERROR] [1768033975.425885936] [superpoint_node]: Errore pubblicazione keypoints 3D: could not assign tuple of length 3 to structure with 4 fields.
[superpoint_node-2] [INFO] [1768033975.520515911] [superpoint_node]: Keypoints estratti: 800
[superpoint_node-2] [ERROR] [1768033975.527559726] [superpoint_node]: Errore pubblicazione keypoints 3D: could not assign tuple of length 3 to structure with 4 fields.
[superpoint_node-2] [INFO] [1768033975.616585952] [superpoint_node]: Keypoints estratti: 800
[superpoint_node-2] [ERROR] [1768033975.623406025] [superpoint_node]: Errore pubblicazione keypoints 3D: could not assign tuple of length 3 to structure with 4 fields.
[foxglove_bridge-12] [INFO] [1768033975.661246474] [foxglove_bridge]: publishing connection graph
[superpoint_node-2] [INFO] [1768033975.718487781] [superpoint_node]: Keypoints estratti: 800
[superpoint_node-2] [ERROR] [1768033975.736818927] [superpoint_node]: Errore pubblicazione keypoints 3D: could not assign tuple of length 3 to structure with 4 fields.
[superpoint_node-2] [INFO] [1768033975.822617443] [superpoint_node]: Keypoints estratti: 800
[superpoint_node-2] [ERROR] [1768033975.829834389] [superpoint_node]: Errore pubblicazione keypoints 3D: could not assign tuple of length 3 to structure with 4 fields.
[rtabmap-14] [INFO] [1768033975.887049937] [rtabmap]: rtabmap (940): Rate=0.50s, Limit=0.001s, Conversion=0.0002s, RTAB-Map=0.0288s, Maps update=0.0047s pub=0.0055s delay=0.1079s (local map=0, WM=0)
[superpoint_node-2] [INFO] [1768033975.928328468] [superpoint_node]: Keypoints estratti: 800
[superpoint_node-2] [ERROR] [1768033975.935248524] [superpoint_node]: Errore pubblicazione keypoints 3D: could not assign tuple of length 3 to structure with 4 fields.
[superpoint_node-2] [INFO] [1768033976.025148738] [superpoint_node]: Keypoints estratti: 800
[superpoint_node-2] [ERROR] [1768033976.032126757] [superpoint_node]: Errore pubblicazione keypoints 3D: could not assign tuple of length 3 to structure with 4 fields.
[superpoint_node-2] [INFO] [1768033976.122558383] [superpoint_node]: Keypoints estratti: 800
[superpoint_node-2] [ERROR] [1768033976.129387901] [superpoint_node]: Errore pubblicazione keypoints 3D: could not assign tuple of length 3 to structure with 4 fields.
[superpoint_node-2] [INFO] [1768033976.218327904] [superpoint_node]: Keypoints estratti: 800
[superpoint_node-2] [ERROR] [1768033976.225105736] [superpoint_node]: Errore pubblicazione keypoints 3D: could not assign tuple of length 3 to structure with 4 fields.
[superpoint_node-2] [INFO] [1768033976.318484627] [superpoint_node]: Keypoints estratti: 800
[superpoint_node-2] [ERROR] [1768033976.325430997] [superpoint_node]: Errore pubblicazione keypoints 3D: could not assign tuple of length 3 to structure with 4 fields.
[rtabmap-14] [INFO] [1768033976.404842665] [rtabmap]: rtabmap (941): Rate=0.50s, Limit=0.001s, Conversion=0.0002s, RTAB-Map=0.0224s, Maps update=0.0004s pub=0.0014s delay=0.0353s (local map=0, WM=0)
[foxglove_bridge-12] [INFO] [1768033976.418219198] [foxglove_bridge]: received subscribe request for channel 42 from client 1 (sink 1)
[superpoint_node-2] [INFO] [1768033976.420932775] [superpoint_node]: Keypoints estratti: 800
[foxglove_bridge-12] [INFO] [1768033976.422914142] [foxglove_bridge]: created ROS subscription on /cloud_obstacles (sensor_msgs/msg/PointCloud2) successfully for channel 42 (client 1, sink 1)
[superpoint_node-2] [ERROR] [1768033976.433130761] [superpoint_node]: Errore pubblicazione keypoints 3D: could not assign tuple of length 3 to structure with 4 fields.
[foxglove_bridge-12] [INFO] [1768033976.442855949] [foxglove_bridge]: publishing connection graph
[superpoint_node-2] [INFO] [1768033976.523848556] [superpoint_node]: Keypoints estratti: 800
[superpoint_node-2] [ERROR] [1768033976.530705129] [superpoint_node]: Errore pubblicazione keypoints 3D: could not assign tuple of length 3 to structure with 4 fields.
[superpoint_node-2] [INFO] [1768033976.658769944] [superpoint_node]: Keypoints estratti: 800
[superpoint_node-2] [ERROR] [1768033976.665657369] [superpoint_node]: Errore pubblicazione keypoints 3D: could not assign tuple of length 3 to structure with 4 fields.
[superpoint_node-2] [INFO] [1768033976.756693130] [superpoint_node]: Keypoints estratti: 800
[superpoint_node-2] [ERROR] [1768033976.764028614] [superpoint_node]: Errore pubblicazione keypoints 3D: could not assign tuple of length 3 to structure with 4 fields.
[superpoint_node-2] [INFO] [1768033976.857185726] [superpoint_node]: Keypoints estratti: 800
[superpoint_node-2] [ERROR] [1768033976.863993298] [superpoint_node]: Errore pubblicazione keypoints 3D: could not assign tuple of length 3 to structure with 4 fields.
[superpoint_node-2] [INFO] [1768033976.958828627] [superpoint_node]: Keypoints estratti: 800
[superpoint_node-2] [ERROR] [1768033976.965797756] [superpoint_node]: Errore pubblicazione keypoints 3D: could not assign tuple of length 3 to structure with 4 fields.
[rtabmap-14] [INFO] [1768033977.001502762] [rtabmap]: rtabmap (942): Rate=0.50s, Limit=0.001s, Conversion=0.0002s, RTAB-Map=0.0424s, Maps update=0.0026s pub=0.0013s delay=0.0931s (local map=0, WM=0)
[superpoint_node-2] [INFO] [1768033977.060498491] [superpoint_node]: Keypoints estratti: 800
[superpoint_node-2] [ERROR] [1768033977.067371768] [superpoint_node]: Errore pubblicazione keypoints 3D: could not assign tuple of length 3 to structure with 4 fields.
[superpoint_node-2] [INFO] [1768033977.160164913] [superpoint_node]: Keypoints estratti: 800
[superpoint_node-2] [ERROR] [1768033977.167140691] [superpoint_node]: Errore pubblicazione keypoints 3D: could not assign tuple of length 3 to structure with 4 fields.
[foxglove_bridge-12] [INFO] [1768033977.200929607] [foxglove_bridge]: received subscribe request for channel 28 from client 1 (sink 1)
[foxglove_bridge-12] [INFO] [1768033977.208628706] [foxglove_bridge]: created ROS subscription on /depth/image_raw (sensor_msgs/msg/Image) successfully for channel 28 (client 1, sink 1)
[foxglove_bridge-12] [INFO] [1768033977.229623484] [foxglove_bridge]: publishing connection graph
[superpoint_node-2] [INFO] [1768033977.315560538] [superpoint_node]: Keypoints estratti: 800
[superpoint_node-2] [ERROR] [1768033977.322448389] [superpoint_node]: Errore pubblicazione keypoints 3D: could not assign tuple of length 3 to structure with 4 fields.
[superpoint_node-2] [INFO] [1768033977.418020408] [superpoint_node]: Keypoints estratti: 800
[superpoint_node-2] [ERROR] [1768033977.424833962] [superpoint_node]: Errore pubblicazione keypoints 3D: could not assign tuple of length 3 to structure with 4 fields.
[superpoint_node-2] [INFO] [1768033977.526216231] [superpoint_node]: Keypoints estratti: 800
[superpoint_node-2] [ERROR] [1768033977.532966470] [superpoint_node]: Errore pubblicazione keypoints 3D: could not assign tuple of length 3 to structure with 4 fields.
[rtabmap-14] [INFO] [1768033977.568046286] [rtabmap]: rtabmap (943): Rate=0.50s, Limit=0.001s, Conversion=0.0006s, RTAB-Map=0.0422s, Maps update=0.0016s pub=0.0034s delay=0.0987s (local map=0, WM=0)
[superpoint_node-2] [INFO] [1768033977.627420758] [superpoint_node]: Keypoints estratti: 800
[superpoint_node-2] [ERROR] [1768033977.634366684] [superpoint_node]: Errore pubblicazione keypoints 3D: could not assign tuple of length 3 to structure with 4 fields.
[superpoint_node-2] [INFO] [1768033977.732318926] [superpoint_node]: Keypoints estratti: 800
[superpoint_node-2] [ERROR] [1768033977.741035217] [superpoint_node]: Errore pubblicazione keypoints 3D: could not assign tuple of length 3 to structure with 4 fields.
[foxglove_bridge-12] [INFO] [1768033977.749518989] [foxglove_bridge]: publishing connection graph
[superpoint_node-2] [INFO] [1768033977.831542345] [superpoint_node]: Keypoints estratti: 800
[superpoint_node-2] [ERROR] [1768033977.838551400] [superpoint_node]: Errore pubblicazione keypoints 3D: could not assign tuple of length 3 to structure with 4 fields.
[superpoint_node-2] [INFO] [1768033977.928270169] [superpoint_node]: Keypoints estratti: 800
[superpoint_node-2] [ERROR] [1768033977.934995908] [superpoint_node]: Errore pubblicazione keypoints 3D: could not assign tuple of length 3 to structure with 4 fields.
[rtabmap-14] [INFO] [1768033978.018970372] [rtabmap]: rtabmap (944): Rate=0.50s, Limit=0.001s, Conversion=0.0001s, RTAB-Map=0.0226s, Maps update=0.0003s pub=0.0024s delay=0.0406s (local map=0, WM=0)
[superpoint_node-2] [INFO] [1768033978.119699544] [superpoint_node]: Keypoints estratti: 800
[superpoint_node-2] [ERROR] [1768033978.127591755] [superpoint_node]: Errore pubblicazione keypoints 3D: could not assign tuple of length 3 to structure with 4 fields.
[rtabmap-14] [33m[ WARN] (2026-01-10 09:32:54.737) MapsManager.cpp:863::publishMaps() Graph has changed! The whole cloud is regenerated.[0m
[rtabmap-14] [33m[ WARN] (2026-01-10 09:32:55.335) MapsManager.cpp:863::publishMaps() Graph has changed! The whole cloud is regenerated.[0m
[rtabmap-14] [33m[ WARN] (2026-01-10 09:32:55.881) MapsManager.cpp:863::publishMaps() Graph has changed! The whole cloud is regenerated.[0m
[rtabmap-14] [33m[ WARN] (2026-01-10 09:32:56.403) MapsManager.cpp:863::publishMaps() Graph has changed! The whole cloud is regenerated.[0m
[rtabmap-14] [33m[ WARN] (2026-01-10 09:32:57.000) MapsManager.cpp:863::publishMaps() Graph has changed! The whole cloud is regenerated.[0m
[rtabmap-14] [33m[ WARN] (2026-01-10 09:32:57.564) MapsManager.cpp:863::publishMaps() Graph has changed! The whole cloud is regenerated.[0m
[rtabmap-14] [33m[ WARN] (2026-01-10 09:32:57.993) CoreWrapper.cpp:1227::odomTFUpdate() Odometry is reset (identity pose detected). Increment map id![0m
[rtabmap-14] [33m[ WARN] (2026-01-10 09:32:58.016) MapsManager.cpp:863::publishMaps() Graph has changed! The whole cloud is regenerated.[0m
[superpoint_node-2] [INFO] [1768033978.221770504] [superpoint_node]: Keypoints estratti: 800
[superpoint_node-2] [ERROR] [1768033978.228668947] [superpoint_node]: Errore pubblicazione keypoints 3D: could not assign tuple of length 3 to structure with 4 fields.
[superpoint_node-2] [INFO] [1768033978.318871850] [superpoint_node]: Keypoints estratti: 800
[superpoint_node-2] [ERROR] [1768033978.326053796] [superpoint_node]: Errore pubblicazione keypoints 3D: could not assign tuple of length 3 to structure with 4 fields.
[superpoint_node-2] [INFO] [1768033978.418774052] [superpoint_node]: Keypoints estratti: 800
[superpoint_node-2] [ERROR] [1768033978.425925368] [superpoint_node]: Errore pubblicazione keypoints 3D: could not assign tuple of length 3 to structure with 4 fields.
[superpoint_node-2] [INFO] [1768033978.520624102] [superpoint_node]: Keypoints estratti: 800
[superpoint_node-2] [ERROR] [1768033978.527877216] [superpoint_node]: Errore pubblicazione keypoints 3D: could not assign tuple of length 3 to structure with 4 fields.
[superpoint_node-2] [INFO] [1768033978.617531281] [superpoint_node]: Keypoints estratti: 800
[superpoint_node-2] [ERROR] [1768033978.624841857] [superpoint_node]: Errore pubblicazione keypoints 3D: could not assign tuple of length 3 to structure with 4 fields.
[rtabmap-14] [INFO] [1768033978.668568279] [rtabmap]: rtabmap (945): Rate=0.50s, Limit=0.001s, Conversion=0.0005s, RTAB-Map=0.0463s, Maps update=0.0003s pub=0.0046s delay=0.0987s (local map=0, WM=0)
[superpoint_node-2] [INFO] [1768033978.719612426] [superpoint_node]: Keypoints estratti: 800
[superpoint_node-2] [ERROR] [1768033978.726653056] [superpoint_node]: Errore pubblicazione keypoints 3D: could not assign tuple of length 3 to structure with 4 fields.
[foxglove_bridge-12] [INFO] [1768033978.760371287] [foxglove_bridge]: received subscribe request for channel 61 from client 1 (sink 1)
[foxglove_bridge-12] [INFO] [1768033978.769497711] [foxglove_bridge]: created ROS subscription on /goal_out (geometry_msgs/msg/PoseStamped) successfully for channel 61 (client 1, sink 1)
[foxglove_bridge-12] [INFO] [1768033978.793929776] [foxglove_bridge]: publishing connection graph
[superpoint_node-2] [INFO] [1768033978.822249853] [superpoint_node]: Keypoints estratti: 800
[superpoint_node-2] [ERROR] [1768033978.828926054] [superpoint_node]: Errore pubblicazione keypoints 3D: could not assign tuple of length 3 to structure with 4 fields.
[superpoint_node-2] [INFO] [1768033978.918662157] [superpoint_node]: Keypoints estratti: 800
[superpoint_node-2] [ERROR] [1768033978.925473655] [superpoint_node]: Errore pubblicazione keypoints 3D: could not assign tuple of length 3 to structure with 4 fields.
[superpoint_node-2] [INFO] [1768033979.017718852] [superpoint_node]: Keypoints estratti: 800
[superpoint_node-2] [ERROR] [1768033979.024586573] [superpoint_node]: Errore pubblicazione keypoints 3D: could not assign tuple of length 3 to structure with 4 fields.
[superpoint_node-2] [INFO] [1768033979.118294670] [superpoint_node]: Keypoints estratti: 800
[superpoint_node-2] [ERROR] [1768033979.125295504] [superpoint_node]: Errore pubblicazione keypoints 3D: could not assign tuple of length 3 to structure with 4 fields.
[superpoint_node-2] [INFO] [1768033979.219603180] [superpoint_node]: Keypoints estratti: 800
[superpoint_node-2] [ERROR] [1768033979.226989850] [superpoint_node]: Errore pubblicazione keypoints 3D: could not assign tuple of length 3 to structure with 4 fields.
[rtabmap-14] [INFO] [1768033979.262675207] [rtabmap]: rtabmap (946): Rate=0.50s, Limit=0.001s, Conversion=0.0005s, RTAB-Map=0.0393s, Maps update=0.0026s pub=0.0064s delay=0.0928s (local map=0, WM=0)
[foxglove_bridge-12] [INFO] [1768033979.318471892] [foxglove_bridge]: publishing connection graph
[superpoint_node-2] [INFO] [1768033979.325325669] [superpoint_node]: Keypoints estratti: 800
[superpoint_node-2] [ERROR] [1768033979.332219835] [superpoint_node]: Errore pubblicazione keypoints 3D: could not assign tuple of length 3 to structure with 4 fields.
[superpoint_node-2] [INFO] [1768033979.424468476] [superpoint_node]: Keypoints estratti: 800
[superpoint_node-2] [ERROR] [1768033979.432233334] [superpoint_node]: Errore pubblicazione keypoints 3D: could not assign tuple of length 3 to structure with 4 fields.
[superpoint_node-2] [INFO] [1768033979.523981156] [superpoint_node]: Keypoints estratti: 800
[superpoint_node-2] [ERROR] [1768033979.530752525] [superpoint_node]: Errore pubblicazione keypoints 3D: could not assign tuple of length 3 to structure with 4 fields.
[superpoint_node-2] [INFO] [1768033979.624994774] [superpoint_node]: Keypoints estratti: 800
[superpoint_node-2] [ERROR] [1768033979.632832503] [superpoint_node]: Errore pubblicazione keypoints 3D: could not assign tuple of length 3 to structure with 4 fields.
[superpoint_node-2] [INFO] [1768033979.725105607] [superpoint_node]: Keypoints estratti: 800
[superpoint_node-2] [ERROR] [1768033979.732211627] [superpoint_node]: Errore pubblicazione keypoints 3D: could not assign tuple of length 3 to structure with 4 fields.
[rtabmap-14] [INFO] [1768033979.798455635] [rtabmap]: rtabmap (947): Rate=0.50s, Limit=0.001s, Conversion=0.0002s, RTAB-Map=0.0464s, Maps update=0.0003s pub=0.0021s delay=0.1216s (local map=0, WM=0)
[superpoint_node-2] [INFO] [1768033979.829506826] [superpoint_node]: Keypoints estratti: 800
[superpoint_node-2] [ERROR] [1768033979.836509456] [superpoint_node]: Errore pubblicazione keypoints 3D: could not assign tuple of length 3 to structure with 4 fields.
[foxglove_bridge-12] [INFO] [1768033979.869483218] [foxglove_bridge]: received subscribe request for channel 40 from client 1 (sink 1)
[foxglove_bridge-12] [INFO] [1768033979.875790417] [foxglove_bridge]: created ROS subscription on /grid_prob_map (nav_msgs/msg/OccupancyGrid) successfully for channel 40 (client 1, sink 1)
[foxglove_bridge-12] [INFO] [1768033979.906247400] [foxglove_bridge]: publishing connection graph
[superpoint_node-2] [INFO] [1768033979.934154196] [superpoint_node]: Keypoints estratti: 800
[superpoint_node-2] [ERROR] [1768033979.942065759] [superpoint_node]: Errore pubblicazione keypoints 3D: could not assign tuple of length 3 to structure with 4 fields.
[superpoint_node-2] [INFO] [1768033980.030900873] [superpoint_node]: Keypoints estratti: 800
[superpoint_node-2] [ERROR] [1768033980.037794076] [superpoint_node]: Errore pubblicazione keypoints 3D: could not assign tuple of length 3 to structure with 4 fields.
[superpoint_node-2] [INFO] [1768033980.164289100] [superpoint_node]: Keypoints estratti: 800
[superpoint_node-2] [ERROR] [1768033980.171383675] [superpoint_node]: Errore pubblicazione keypoints 3D: could not assign tuple of length 3 to structure with 4 fields.
[superpoint_node-2] [INFO] [1768033980.265188736] [superpoint_node]: Keypoints estratti: 800
[superpoint_node-2] [ERROR] [1768033980.272333070] [superpoint_node]: Errore pubblicazione keypoints 3D: could not assign tuple of length 3 to structure with 4 fields.
[rtabmap-14] [INFO] [1768033980.280444098] [rtabmap]: rtabmap (948): Rate=0.50s, Limit=0.001s, Conversion=0.0002s, RTAB-Map=0.0262s, Maps update=0.0003s pub=0.0024s delay=0.0673s (local map=0, WM=0)
[superpoint_node-2] [INFO] [1768033980.361232722] [superpoint_node]: Keypoints estratti: 800
[superpoint_node-2] [ERROR] [1768033980.368080499] [superpoint_node]: Errore pubblicazione keypoints 3D: could not assign tuple of length 3 to structure with 4 fields.
[superpoint_node-2] [INFO] [1768033980.457962565] [superpoint_node]: Keypoints estratti: 800
[superpoint_node-2] [ERROR] [1768033980.465158085] [superpoint_node]: Errore pubblicazione keypoints 3D: could not assign tuple of length 3 to structure with 4 fields.
[superpoint_node-2] [INFO] [1768033980.617317129] [superpoint_node]: Keypoints estratti: 800
[superpoint_node-2] [ERROR] [1768033980.624151961] [superpoint_node]: Errore pubblicazione keypoints 3D: could not assign tuple of length 3 to structure with 4 fields.
[superpoint_node-2] [INFO] [1768033980.718593953] [superpoint_node]: Keypoints estratti: 800
[superpoint_node-2] [ERROR] [1768033980.725424711] [superpoint_node]: Errore pubblicazione keypoints 3D: could not assign tuple of length 3 to structure with 4 fields.
[foxglove_bridge-12] [INFO] [1768033980.806990471] [foxglove_bridge]: received subscribe request for channel 55 from client 1 (sink 1)
[foxglove_bridge-12] [INFO] [1768033980.815624021] [foxglove_bridge]: created ROS subscription on /initialpose (geometry_msgs/msg/PoseWithCovarianceStamped) successfully for channel 55 (client 1, sink 1)
[superpoint_node-2] [INFO] [1768033980.822061905] [superpoint_node]: Keypoints estratti: 800
[superpoint_node-2] [ERROR] [1768033980.829849208] [superpoint_node]: Errore pubblicazione keypoints 3D: could not assign tuple of length 3 to structure with 4 fields.
[foxglove_bridge-12] [INFO] [1768033980.848057205] [foxglove_bridge]: publishing connection graph
[rtabmap-14] [INFO] [1768033980.865946402] [rtabmap]: rtabmap (949): Rate=0.50s, Limit=0.001s, Conversion=0.0003s, RTAB-Map=0.0452s, Maps update=0.0005s pub=0.0026s delay=0.0964s (local map=0, WM=0)
[superpoint_node-2] [INFO] [1768033980.925903361] [superpoint_node]: Keypoints estratti: 800
[superpoint_node-2] [ERROR] [1768033980.932920509] [superpoint_node]: Errore pubblicazione keypoints 3D: could not assign tuple of length 3 to structure with 4 fields.
[superpoint_node-2] [INFO] [1768033981.029761242] [superpoint_node]: Keypoints estratti: 800
[superpoint_node-2] [ERROR] [1768033981.036850262] [superpoint_node]: Errore pubblicazione keypoints 3D: could not assign tuple of length 3 to structure with 4 fields.
[superpoint_node-2] [INFO] [1768033981.124812850] [superpoint_node]: Keypoints estratti: 800
[superpoint_node-2] [ERROR] [1768033981.131751609] [superpoint_node]: Errore pubblicazione keypoints 3D: could not assign tuple of length 3 to structure with 4 fields.
[superpoint_node-2] [INFO] [1768033981.223664377] [superpoint_node]: Keypoints estratti: 800
[superpoint_node-2] [ERROR] [1768033981.230597839] [superpoint_node]: Errore pubblicazione keypoints 3D: could not assign tuple of length 3 to structure with 4 fields.
[superpoint_node-2] [INFO] [1768033981.326805642] [superpoint_node]: Keypoints estratti: 800
[superpoint_node-2] [ERROR] [1768033981.334071829] [superpoint_node]: Errore pubblicazione keypoints 3D: could not assign tuple of length 3 to structure with 4 fields.
[rtabmap-14] [INFO] [1768033981.338089842] [rtabmap]: rtabmap (950): Rate=0.50s, Limit=0.001s, Conversion=0.0005s, RTAB-Map=0.0264s, Maps update=0.0003s pub=0.0023s delay=0.0648s (local map=0, WM=0)
[superpoint_node-2] [INFO] [1768033981.427248607] [superpoint_node]: Keypoints estratti: 800
[superpoint_node-2] [ERROR] [1768033981.434261163] [superpoint_node]: Errore pubblicazione keypoints 3D: could not assign tuple of length 3 to structure with 4 fields.
[superpoint_node-2] [INFO] [1768033981.529166492] [superpoint_node]: Keypoints estratti: 800
[superpoint_node-2] [ERROR] [1768033981.536011787] [superpoint_node]: Errore pubblicazione keypoints 3D: could not assign tuple of length 3 to structure with 4 fields.
[superpoint_node-2] [INFO] [1768033981.627960463] [superpoint_node]: Keypoints estratti: 800
[superpoint_node-2] [ERROR] [1768033981.634982093] [superpoint_node]: Errore pubblicazione keypoints 3D: could not assign tuple of length 3 to structure with 4 fields.
[superpoint_node-2] [INFO] [1768033981.726323819] [superpoint_node]: Keypoints estratti: 800
[superpoint_node-2] [ERROR] [1768033981.733276856] [superpoint_node]: Errore pubblicazione keypoints 3D: could not assign tuple of length 3 to structure with 4 fields.
[foxglove_bridge-12] [INFO] [1768033981.755622645] [foxglove_bridge]: received subscribe request for channel 56 from client 1 (sink 1)
[foxglove_bridge-12] [INFO] [1768033981.762460940] [foxglove_bridge]: created ROS subscription on /labels (visualization_msgs/msg/MarkerArray) successfully for channel 56 (client 1, sink 1)
[foxglove_bridge-12] [INFO] [1768033981.791239372] [foxglove_bridge]: publishing connection graph
[superpoint_node-2] [INFO] [1768033981.924671693] [superpoint_node]: Keypoints estratti: 800
[superpoint_node-2] [ERROR] [1768033981.933093686] [superpoint_node]: Errore pubblicazione keypoints 3D: could not assign tuple of length 3 to structure with 4 fields.
[rtabmap-14] [INFO] [1768033982.020425158] [rtabmap]: rtabmap (951): Rate=0.50s, Limit=0.001s, Conversion=0.0006s, RTAB-Map=0.0231s, Maps update=0.0010s pub=0.2028s delay=0.2394s (local map=0, WM=0)
[superpoint_node-2] [INFO] [1768033982.031233892] [superpoint_node]: Keypoints estratti: 800
[superpoint_node-2] [ERROR] [1768033982.038293652] [superpoint_node]: Errore pubblicazione keypoints 3D: could not assign tuple of length 3 to structure with 4 fields.
[superpoint_node-2] [INFO] [1768033982.128445350] [superpoint_node]: Keypoints estratti: 800
[superpoint_node-2] [ERROR] [1768033982.135395757] [superpoint_node]: Errore pubblicazione keypoints 3D: could not assign tuple of length 3 to structure with 4 fields.
[foxglove_bridge-12] [INFO] [1768033982.313919436] [foxglove_bridge]: publishing connection graph
[superpoint_node-2] [INFO] [1768033982.320615397] [superpoint_node]: Keypoints estratti: 800
[superpoint_node-2] [ERROR] [1768033982.327804121] [superpoint_node]: Errore pubblicazione keypoints 3D: could not assign tuple of length 3 to structure with 4 fields.
[superpoint_node-2] [INFO] [1768033982.420412117] [superpoint_node]: Keypoints estratti: 800
[superpoint_node-2] [ERROR] [1768033982.428662923] [superpoint_node]: Errore pubblicazione keypoints 3D: could not assign tuple of length 3 to structure with 4 fields.
[rtabmap-14] [INFO] [1768033982.460644789] [rtabmap]: rtabmap (952): Rate=0.50s, Limit=0.001s, Conversion=0.0003s, RTAB-Map=0.0388s, Maps update=0.0008s pub=0.0083s delay=0.0902s (local map=0, WM=0)
[superpoint_node-2] [INFO] [1768033982.528492661] [superpoint_node]: Keypoints estratti: 800
[superpoint_node-2] [ERROR] [1768033982.535450309] [superpoint_node]: Errore pubblicazione keypoints 3D: could not assign tuple of length 3 to structure with 4 fields.
[superpoint_node-2] [INFO] [1768033982.627761895] [superpoint_node]: Keypoints estratti: 800
[superpoint_node-2] [ERROR] [1768033982.634829692] [superpoint_node]: Errore pubblicazione keypoints 3D: could not assign tuple of length 3 to structure with 4 fields.
[superpoint_node-2] [INFO] [1768033982.725089910] [superpoint_node]: Keypoints estratti: 800
[superpoint_node-2] [ERROR] [1768033982.731697129] [superpoint_node]: Errore pubblicazione keypoints 3D: could not assign tuple of length 3 to structure with 4 fields.
[superpoint_node-2] [INFO] [1768033982.823476748] [superpoint_node]: Keypoints estratti: 800
[superpoint_node-2] [ERROR] [1768033982.830052875] [superpoint_node]: Errore pubblicazione keypoints 3D: could not assign tuple of length 3 to structure with 4 fields.
[superpoint_node-2] [INFO] [1768033982.922588999] [superpoint_node]: Keypoints estratti: 800
[superpoint_node-2] [ERROR] [1768033982.929212219] [superpoint_node]: Errore pubblicazione keypoints 3D: could not assign tuple of length 3 to structure with 4 fields.
[rtabmap-14] [INFO] [1768033982.936767557] [rtabmap]: rtabmap (953): Rate=0.50s, Limit=0.001s, Conversion=0.0002s, RTAB-Map=0.0219s, Maps update=0.0003s pub=0.0024s delay=0.0652s (local map=0, WM=0)
[superpoint_node-2] [INFO] [1768033983.019244324] [superpoint_node]: Keypoints estratti: 800
[superpoint_node-2] [ERROR] [1768033983.025853173] [superpoint_node]: Errore pubblicazione keypoints 3D: could not assign tuple of length 3 to structure with 4 fields.
[superpoint_node-2] [INFO] [1768033983.118652188] [superpoint_node]: Keypoints estratti: 800
[superpoint_node-2] [ERROR] [1768033983.125221815] [superpoint_node]: Errore pubblicazione keypoints 3D: could not assign tuple of length 3 to structure with 4 fields.
[rtabmap-14] [33m[ WARN] (2026-01-10 09:32:58.663) MapsManager.cpp:863::publishMaps() Graph has changed! The whole cloud is regenerated.[0m
[rtabmap-14] [33m[ WARN] (2026-01-10 09:32:59.256) MapsManager.cpp:863::publishMaps() Graph has changed! The whole cloud is regenerated.[0m
[rtabmap-14] [33m[ WARN] (2026-01-10 09:32:59.796) MapsManager.cpp:863::publishMaps() Graph has changed! The whole cloud is regenerated.[0m
[rtabmap-14] [33m[ WARN] (2026-01-10 09:33:00.277) MapsManager.cpp:863::publishMaps() Graph has changed! The whole cloud is regenerated.[0m
[rtabmap-14] [33m[ WARN] (2026-01-10 09:33:00.278) OccupancyGrid.cpp:169::getProbMap() Map info is empty, cannot generate probabilistic occupancy grid[0m
[rtabmap-14] [33m[ WARN] (2026-01-10 09:33:00.863) MapsManager.cpp:863::publishMaps() Graph has changed! The whole cloud is regenerated.[0m
[rtabmap-14] [33m[ WARN] (2026-01-10 09:33:00.863) OccupancyGrid.cpp:169::getProbMap() Map info is empty, cannot generate probabilistic occupancy grid[0m
[rtabmap-14] [33m[ WARN] (2026-01-10 09:33:01.335) MapsManager.cpp:863::publishMaps() Graph has changed! The whole cloud is regenerated.[0m
[rtabmap-14] [33m[ WARN] (2026-01-10 09:33:01.336) OccupancyGrid.cpp:169::getProbMap() Map info is empty, cannot generate probabilistic occupancy grid[0m
[rtabmap-14] [33m[ WARN] (2026-01-10 09:33:01.791) CoreWrapper.cpp:1227::odomTFUpdate() Odometry is reset (identity pose detected). Increment map id![0m
[rtabmap-14] [33m[ WARN] (2026-01-10 09:33:01.817) MapsManager.cpp:863::publishMaps() Graph has changed! The whole cloud is regenerated.[0m
[rtabmap-14] [33m[ WARN] (2026-01-10 09:33:01.820) OccupancyGrid.cpp:169::getProbMap() Map info is empty, cannot generate probabilistic occupancy grid[0m
[rtabmap-14] [33m[ WARN] (2026-01-10 09:33:02.186) CoreWrapper.cpp:1227::odomTFUpdate() Odometry is reset (identity pose detected). Increment map id![0m
[rtabmap-14] [33m[ WARN] (2026-01-10 09:33:02.452) MapsManager.cpp:863::publishMaps() Graph has changed! The whole cloud is regenerated.[0m
[rtabmap-14] [33m[ WARN] (2026-01-10 09:33:02.457) OccupancyGrid.cpp:169::getProbMap() Map info is empty, cannot generate probabilistic occupancy grid[0m
[rtabmap-14] [33m[ WARN] (2026-01-10 09:33:02.934) MapsManager.cpp:863::publishMaps() Graph has changed! The whole cloud is regenerated.[0m
[rtabmap-14] [33m[ WARN] (2026-01-10 09:33:02.935) OccupancyGrid.cpp:169::getProbMap() Map info is empty, cannot generate probabilistic occupancy grid[0m
[superpoint_node-2] [INFO] [1768033983.215002788] [superpoint_node]: Keypoints estratti: 800
[superpoint_node-2] [ERROR] [1768033983.221655396] [superpoint_node]: Errore pubblicazione keypoints 3D: could not assign tuple of length 3 to structure with 4 fields.
[superpoint_node-2] [INFO] [1768033983.316734227] [superpoint_node]: Keypoints estratti: 800
[superpoint_node-2] [ERROR] [1768033983.323437169] [superpoint_node]: Errore pubblicazione keypoints 3D: could not assign tuple of length 3 to structure with 4 fields.
[superpoint_node-2] [INFO] [1768033983.419868862] [superpoint_node]: Keypoints estratti: 800
[superpoint_node-2] [ERROR] [1768033983.426565545] [superpoint_node]: Errore pubblicazione keypoints 3D: could not assign tuple of length 3 to structure with 4 fields.
[superpoint_node-2] [INFO] [1768033983.518455942] [superpoint_node]: Keypoints estratti: 800
[superpoint_node-2] [ERROR] [1768033983.525428516] [superpoint_node]: Errore pubblicazione keypoints 3D: could not assign tuple of length 3 to structure with 4 fields.
[rtabmap-14] [INFO] [1768033983.566032080] [rtabmap]: rtabmap (954): Rate=0.50s, Limit=0.001s, Conversion=0.0003s, RTAB-Map=0.0470s, Maps update=0.0004s pub=0.0040s delay=0.0964s (local map=0, WM=0)
[superpoint_node-2] [INFO] [1768033983.655031880] [superpoint_node]: Keypoints estratti: 800
[superpoint_node-2] [ERROR] [1768033983.661563839] [superpoint_node]: Errore pubblicazione keypoints 3D: could not assign tuple of length 3 to structure with 4 fields.
[superpoint_node-2] [INFO] [1768033983.748421641] [superpoint_node]: Keypoints estratti: 800
[superpoint_node-2] [ERROR] [1768033983.755115972] [superpoint_node]: Errore pubblicazione keypoints 3D: could not assign tuple of length 3 to structure with 4 fields.
[superpoint_node-2] [INFO] [1768033983.838341931] [superpoint_node]: Keypoints estratti: 800
[superpoint_node-2] [ERROR] [1768033983.845333468] [superpoint_node]: Errore pubblicazione keypoints 3D: could not assign tuple of length 3 to structure with 4 fields.
[superpoint_node-2] [INFO] [1768033983.935207016] [superpoint_node]: Keypoints estratti: 800
[superpoint_node-2] [ERROR] [1768033983.942280535] [superpoint_node]: Errore pubblicazione keypoints 3D: could not assign tuple of length 3 to structure with 4 fields.
[superpoint_node-2] [INFO] [1768033984.030821369] [superpoint_node]: Keypoints estratti: 800
[superpoint_node-2] [ERROR] [1768033984.037719905] [superpoint_node]: Errore pubblicazione keypoints 3D: could not assign tuple of length 3 to structure with 4 fields.
[rtabmap-14] [INFO] [1768033984.044042233] [rtabmap]: rtabmap (955): Rate=0.50s, Limit=0.001s, Conversion=0.0002s, RTAB-Map=0.0246s, Maps update=0.0003s pub=0.0013s delay=0.0611s (local map=0, WM=0)
[superpoint_node-2] [INFO] [1768033984.130906091] [superpoint_node]: Keypoints estratti: 800
[superpoint_node-2] [ERROR] [1768033984.137333327] [superpoint_node]: Errore pubblicazione keypoints 3D: could not assign tuple of length 3 to structure with 4 fields.
[superpoint_node-2] [INFO] [1768033984.227686694] [superpoint_node]: Keypoints estratti: 800
[superpoint_node-2] [ERROR] [1768033984.234368191] [superpoint_node]: Errore pubblicazione keypoints 3D: could not assign tuple of length 3 to structure with 4 fields.
[superpoint_node-2] [INFO] [1768033984.416936662] [superpoint_node]: Keypoints estratti: 800
[superpoint_node-2] [ERROR] [1768033984.423509455] [superpoint_node]: Errore pubblicazione keypoints 3D: could not assign tuple of length 3 to structure with 4 fields.
[superpoint_node-2] [INFO] [1768033984.518548581] [superpoint_node]: Keypoints estratti: 800
[superpoint_node-2] [ERROR] [1768033984.525116874] [superpoint_node]: Errore pubblicazione keypoints 3D: could not assign tuple of length 3 to structure with 4 fields.
[superpoint_node-2] [INFO] [1768033984.617002197] [superpoint_node]: Keypoints estratti: 800
[superpoint_node-2] [ERROR] [1768033984.623982957] [superpoint_node]: Errore pubblicazione keypoints 3D: could not assign tuple of length 3 to structure with 4 fields.
[rtabmap-14] [INFO] [1768033984.639992195] [rtabmap]: rtabmap (956): Rate=0.50s, Limit=0.001s, Conversion=0.0002s, RTAB-Map=0.0196s, Maps update=0.0003s pub=0.0023s delay=0.0706s (local map=0, WM=0)
[superpoint_node-2] [INFO] [1768033984.718327892] [superpoint_node]: Keypoints estratti: 800
[superpoint_node-2] [ERROR] [1768033984.725155724] [superpoint_node]: Errore pubblicazione keypoints 3D: could not assign tuple of length 3 to structure with 4 fields.
[superpoint_node-2] [INFO] [1768033984.818990711] [superpoint_node]: Keypoints estratti: 800
[superpoint_node-2] [ERROR] [1768033984.825696487] [superpoint_node]: Errore pubblicazione keypoints 3D: could not assign tuple of length 3 to structure with 4 fields.
[superpoint_node-2] [INFO] [1768033984.920630427] [superpoint_node]: Keypoints estratti: 800
[superpoint_node-2] [ERROR] [1768033984.927868892] [superpoint_node]: Errore pubblicazione keypoints 3D: could not assign tuple of length 3 to structure with 4 fields.
[superpoint_node-2] [INFO] [1768033985.017126139] [superpoint_node]: Keypoints estratti: 800
[superpoint_node-2] [ERROR] [1768033985.023936767] [superpoint_node]: Errore pubblicazione keypoints 3D: could not assign tuple of length 3 to structure with 4 fields.
[superpoint_node-2] [INFO] [1768033985.124115508] [superpoint_node]: Keypoints estratti: 800
[superpoint_node-2] [ERROR] [1768033985.131285565] [superpoint_node]: Errore pubblicazione keypoints 3D: could not assign tuple of length 3 to structure with 4 fields.
[rtabmap-14] [INFO] [1768033985.165521949] [rtabmap]: rtabmap (957): Rate=0.50s, Limit=0.001s, Conversion=0.0004s, RTAB-Map=0.0436s, Maps update=0.0003s pub=0.0036s delay=0.0960s (local map=0, WM=0)
[superpoint_node-2] [INFO] [1768033985.224755864] [superpoint_node]: Keypoints estratti: 800
[superpoint_node-2] [ERROR] [1768033985.231187212] [superpoint_node]: Errore pubblicazione keypoints 3D: could not assign tuple of length 3 to structure with 4 fields.
[superpoint_node-2] [INFO] [1768033985.318697352] [superpoint_node]: Keypoints estratti: 800
[superpoint_node-2] [ERROR] [1768033985.325368109] [superpoint_node]: Errore pubblicazione keypoints 3D: could not assign tuple of length 3 to structure with 4 fields.
[superpoint_node-2] [INFO] [1768033985.416536204] [superpoint_node]: Keypoints estratti: 800
[superpoint_node-2] [ERROR] [1768033985.423497500] [superpoint_node]: Errore pubblicazione keypoints 3D: could not assign tuple of length 3 to structure with 4 fields.
[superpoint_node-2] [INFO] [1768033985.517453896] [superpoint_node]: Keypoints estratti: 800
[superpoint_node-2] [ERROR] [1768033985.526052464] [superpoint_node]: Errore pubblicazione keypoints 3D: could not assign tuple of length 3 to structure with 4 fields.
[superpoint_node-2] [INFO] [1768033985.615899901] [superpoint_node]: Keypoints estratti: 800
[superpoint_node-2] [ERROR] [1768033985.622498268] [superpoint_node]: Errore pubblicazione keypoints 3D: could not assign tuple of length 3 to structure with 4 fields.
[superpoint_node-2] [INFO] [1768033985.718058547] [superpoint_node]: Keypoints estratti: 800
[superpoint_node-2] [ERROR] [1768033985.725077732] [superpoint_node]: Errore pubblicazione keypoints 3D: could not assign tuple of length 3 to structure with 4 fields.
[rtabmap-14] [INFO] [1768033985.766686989] [rtabmap]: rtabmap (958): Rate=0.50s, Limit=0.001s, Conversion=0.0017s, RTAB-Map=0.0461s, Maps update=0.0007s pub=0.0040s delay=0.0973s (local map=0, WM=0)
[superpoint_node-2] [INFO] [1768033985.822356339] [superpoint_node]: Keypoints estratti: 800
[superpoint_node-2] [ERROR] [1768033985.829754861] [superpoint_node]: Errore pubblicazione keypoints 3D: could not assign tuple of length 3 to structure with 4 fields.
[superpoint_node-2] [INFO] [1768033985.918643550] [superpoint_node]: Keypoints estratti: 800
[superpoint_node-2] [ERROR] [1768033985.925476937] [superpoint_node]: Errore pubblicazione keypoints 3D: could not assign tuple of length 3 to structure with 4 fields.
[superpoint_node-2] [INFO] [1768033986.018338157] [superpoint_node]: Keypoints estratti: 800
[superpoint_node-2] [ERROR] [1768033986.025024544] [superpoint_node]: Errore pubblicazione keypoints 3D: could not assign tuple of length 3 to structure with 4 fields.
[superpoint_node-2] [INFO] [1768033986.115903878] [superpoint_node]: Keypoints estratti: 800
[superpoint_node-2] [ERROR] [1768033986.122395596] [superpoint_node]: Errore pubblicazione keypoints 3D: could not assign tuple of length 3 to structure with 4 fields.
[superpoint_node-2] [INFO] [1768033986.217940337] [superpoint_node]: Keypoints estratti: 800
[superpoint_node-2] [ERROR] [1768033986.224825429] [superpoint_node]: Errore pubblicazione keypoints 3D: could not assign tuple of length 3 to structure with 4 fields.
[rtabmap-14] [INFO] [1768033986.261577221] [rtabmap]: rtabmap (959): Rate=0.50s, Limit=0.001s, Conversion=0.0002s, RTAB-Map=0.0420s, Maps update=0.0017s pub=0.0035s delay=0.0920s (local map=0, WM=0)
[superpoint_node-2] [INFO] [1768033986.315267500] [superpoint_node]: Keypoints estratti: 800
[superpoint_node-2] [ERROR] [1768033986.321971239] [superpoint_node]: Errore pubblicazione keypoints 3D: could not assign tuple of length 3 to structure with 4 fields.
[superpoint_node-2] [INFO] [1768033986.420669135] [superpoint_node]: Keypoints estratti: 800
[superpoint_node-2] [ERROR] [1768033986.427448263] [superpoint_node]: Errore pubblicazione keypoints 3D: could not assign tuple of length 3 to structure with 4 fields.
[superpoint_node-2] [INFO] [1768033986.516211561] [superpoint_node]: Keypoints estratti: 800
[superpoint_node-2] [ERROR] [1768033986.522780484] [superpoint_node]: Errore pubblicazione keypoints 3D: could not assign tuple of length 3 to structure with 4 fields.
[superpoint_node-2] [INFO] [1768033986.616701027] [superpoint_node]: Keypoints estratti: 800
[superpoint_node-2] [ERROR] [1768033986.623352580] [superpoint_node]: Errore pubblicazione keypoints 3D: could not assign tuple of length 3 to structure with 4 fields.
[superpoint_node-2] [INFO] [1768033986.719315825] [superpoint_node]: Keypoints estratti: 800
[superpoint_node-2] [ERROR] [1768033986.726486308] [superpoint_node]: Errore pubblicazione keypoints 3D: could not assign tuple of length 3 to structure with 4 fields.
[superpoint_node-2] [INFO] [1768033986.816519598] [superpoint_node]: Keypoints estratti: 800
[superpoint_node-2] [ERROR] [1768033986.823571413] [superpoint_node]: Errore pubblicazione keypoints 3D: could not assign tuple of length 3 to structure with 4 fields.
[rtabmap-14] [INFO] [1768033986.859781461] [rtabmap]: rtabmap (960): Rate=0.50s, Limit=0.001s, Conversion=0.0005s, RTAB-Map=0.0388s, Maps update=0.0003s pub=0.0039s delay=0.0902s (local map=0, WM=0)
[superpoint_node-2] [INFO] [1768033986.920006458] [superpoint_node]: Keypoints estratti: 800
[superpoint_node-2] [ERROR] [1768033986.926643566] [superpoint_node]: Errore pubblicazione keypoints 3D: could not assign tuple of length 3 to structure with 4 fields.
[superpoint_node-2] [INFO] [1768033987.019318359] [superpoint_node]: Keypoints estratti: 800
[superpoint_node-2] [ERROR] [1768033987.026015653] [superpoint_node]: Errore pubblicazione keypoints 3D: could not assign tuple of length 3 to structure with 4 fields.
[superpoint_node-2] [INFO] [1768033987.118524870] [superpoint_node]: Keypoints estratti: 800
[superpoint_node-2] [ERROR] [1768033987.125118423] [superpoint_node]: Errore pubblicazione keypoints 3D: could not assign tuple of length 3 to structure with 4 fields.
[superpoint_node-2] [INFO] [1768033987.216972061] [superpoint_node]: Keypoints estratti: 800
[superpoint_node-2] [ERROR] [1768033987.223817689] [superpoint_node]: Errore pubblicazione keypoints 3D: could not assign tuple of length 3 to structure with 4 fields.
[superpoint_node-2] [INFO] [1768033987.320993147] [superpoint_node]: Keypoints estratti: 800
[superpoint_node-2] [ERROR] [1768033987.329228676] [superpoint_node]: Errore pubblicazione keypoints 3D: could not assign tuple of length 3 to structure with 4 fields.
[rtabmap-14] [INFO] [1768033987.364817385] [rtabmap]: rtabmap (961): Rate=0.50s, Limit=0.001s, Conversion=0.0005s, RTAB-Map=0.0447s, Maps update=0.0007s pub=0.0043s delay=0.0952s (local map=0, WM=0)
[superpoint_node-2] [INFO] [1768033987.422395380] [superpoint_node]: Keypoints estratti: 800
[superpoint_node-2] [ERROR] [1768033987.429113655] [superpoint_node]: Errore pubblicazione keypoints 3D: could not assign tuple of length 3 to structure with 4 fields.
[superpoint_node-2] [INFO] [1768033987.516959039] [superpoint_node]: Keypoints estratti: 800
[superpoint_node-2] [ERROR] [1768033987.523568962] [superpoint_node]: Errore pubblicazione keypoints 3D: could not assign tuple of length 3 to structure with 4 fields.
[superpoint_node-2] [INFO] [1768033987.645750786] [superpoint_node]: Keypoints estratti: 800
[superpoint_node-2] [ERROR] [1768033987.652935102] [superpoint_node]: Errore pubblicazione keypoints 3D: could not assign tuple of length 3 to structure with 4 fields.
[superpoint_node-2] [INFO] [1768033987.735957744] [superpoint_node]: Keypoints estratti: 800
[superpoint_node-2] [ERROR] [1768033987.742850891] [superpoint_node]: Errore pubblicazione keypoints 3D: could not assign tuple of length 3 to structure with 4 fields.
[superpoint_node-2] [INFO] [1768033987.832801199] [superpoint_node]: Keypoints estratti: 800
[superpoint_node-2] [ERROR] [1768033987.841825512] [superpoint_node]: Errore pubblicazione keypoints 3D: could not assign tuple of length 3 to structure with 4 fields.
[rtabmap-14] [INFO] [1768033987.866700173] [rtabmap]: rtabmap (962): Rate=0.50s, Limit=0.001s, Conversion=0.0006s, RTAB-Map=0.0450s, Maps update=0.0053s pub=0.0060s delay=0.0830s (local map=0, WM=0)
[superpoint_node-2] [INFO] [1768033987.932365750] [superpoint_node]: Keypoints estratti: 800
[superpoint_node-2] [ERROR] [1768033987.939081748] [superpoint_node]: Errore pubblicazione keypoints 3D: could not assign tuple of length 3 to structure with 4 fields.
[superpoint_node-2] [INFO] [1768033988.119002809] [superpoint_node]: Keypoints estratti: 800
[superpoint_node-2] [ERROR] [1768033988.125590195] [superpoint_node]: Errore pubblicazione keypoints 3D: could not assign tuple of length 3 to structure with 4 fields.
[rtabmap-14] [33m[ WARN] (2026-01-10 09:33:03.561) MapsManager.cpp:863::publishMaps() Graph has changed! The whole cloud is regenerated.[0m
[rtabmap-14] [33m[ WARN] (2026-01-10 09:33:03.562) OccupancyGrid.cpp:169::getProbMap() Map info is empty, cannot generate probabilistic occupancy grid[0m
[rtabmap-14] [33m[ WARN] (2026-01-10 09:33:04.042) MapsManager.cpp:863::publishMaps() Graph has changed! The whole cloud is regenerated.[0m
[rtabmap-14] [33m[ WARN] (2026-01-10 09:33:04.043) OccupancyGrid.cpp:169::getProbMap() Map info is empty, cannot generate probabilistic occupancy grid[0m
[rtabmap-14] [33m[ WARN] (2026-01-10 09:33:04.286) CoreWrapper.cpp:1227::odomTFUpdate() Odometry is reset (identity pose detected). Increment map id![0m
[rtabmap-14] [33m[ WARN] (2026-01-10 09:33:04.637) MapsManager.cpp:863::publishMaps() Graph has changed! The whole cloud is regenerated.[0m
[rtabmap-14] [33m[ WARN] (2026-01-10 09:33:04.639) OccupancyGrid.cpp:169::getProbMap() Map info is empty, cannot generate probabilistic occupancy grid[0m
[rtabmap-14] [33m[ WARN] (2026-01-10 09:33:05.161) MapsManager.cpp:863::publishMaps() Graph has changed! The whole cloud is regenerated.[0m
[rtabmap-14] [33m[ WARN] (2026-01-10 09:33:05.162) OccupancyGrid.cpp:169::getProbMap() Map info is empty, cannot generate probabilistic occupancy grid[0m
[rtabmap-14] [33m[ WARN] (2026-01-10 09:33:05.762) MapsManager.cpp:863::publishMaps() Graph has changed! The whole cloud is regenerated.[0m
[rtabmap-14] [33m[ WARN] (2026-01-10 09:33:05.765) OccupancyGrid.cpp:169::getProbMap() Map info is empty, cannot generate probabilistic occupancy grid[0m
[rtabmap-14] [33m[ WARN] (2026-01-10 09:33:06.258) MapsManager.cpp:863::publishMaps() Graph has changed! The whole cloud is regenerated.[0m
[rtabmap-14] [33m[ WARN] (2026-01-10 09:33:06.260) OccupancyGrid.cpp:169::getProbMap() Map info is empty, cannot generate probabilistic occupancy grid[0m
[rtabmap-14] [33m[ WARN] (2026-01-10 09:33:06.855) MapsManager.cpp:863::publishMaps() Graph has changed! The whole cloud is regenerated.[0m
[rtabmap-14] [33m[ WARN] (2026-01-10 09:33:06.856) OccupancyGrid.cpp:169::getProbMap() Map info is empty, cannot generate probabilistic occupancy grid[0m
[rtabmap-14] [33m[ WARN] (2026-01-10 09:33:07.359) MapsManager.cpp:863::publishMaps() Graph has changed! The whole cloud is regenerated.[0m
[rtabmap-14] [33m[ WARN] (2026-01-10 09:33:07.362) OccupancyGrid.cpp:169::getProbMap() Map info is empty, cannot generate probabilistic occupancy grid[0m
[rtabmap-14] [33m[ WARN] (2026-01-10 09:33:07.860) MapsManager.cpp:863::publishMaps() Graph has changed! The whole cloud is regenerated.[0m
[rtabmap-14] [33m[ WARN] (2026-01-10 09:33:07.863) OccupancyGrid.cpp:169::getProbMap() Map info is empty, cannot generate probabilistic occupancy grid[0m
[rtabmap-14] [33m[ WARN] (2026-01-10 09:33:07.992) CoreWrapper.cpp:1227::odomTFUpdate() Odometry is reset (identity pose detected). Increment map id![0m
[superpoint_node-2] [INFO] [1768033988.217874484] [superpoint_node]: Keypoints estratti: 800
[superpoint_node-2] [ERROR] [1768033988.224396499] [superpoint_node]: Errore pubblicazione keypoints 3D: could not assign tuple of length 3 to structure with 4 fields.
[superpoint_node-2] [INFO] [1768033988.333130049] [superpoint_node]: Keypoints estratti: 800
[superpoint_node-2] [ERROR] [1768033988.340808814] [superpoint_node]: Errore pubblicazione keypoints 3D: could not assign tuple of length 3 to structure with 4 fields.
[superpoint_node-2] [INFO] [1768033988.438269589] [superpoint_node]: Keypoints estratti: 800
[superpoint_node-2] [ERROR] [1768033988.445713352] [superpoint_node]: Errore pubblicazione keypoints 3D: could not assign tuple of length 3 to structure with 4 fields.
[rtabmap-14] [INFO] [1768033988.512364474] [rtabmap]: rtabmap (963): Rate=0.50s, Limit=0.001s, Conversion=0.0002s, RTAB-Map=0.0554s, Maps update=0.0043s pub=0.0017s delay=0.1265s (local map=0, WM=0)
[superpoint_node-2] [INFO] [1768033988.547510976] [superpoint_node]: Keypoints estratti: 800
[superpoint_node-2] [ERROR] [1768033988.554264123] [superpoint_node]: Errore pubblicazione keypoints 3D: could not assign tuple of length 3 to structure with 4 fields.
[superpoint_node-2] [INFO] [1768033988.640161639] [superpoint_node]: Keypoints estratti: 800
[superpoint_node-2] [ERROR] [1768033988.647280196] [superpoint_node]: Errore pubblicazione keypoints 3D: could not assign tuple of length 3 to structure with 4 fields.
[superpoint_node-2] [INFO] [1768033988.732523392] [superpoint_node]: Keypoints estratti: 800
[superpoint_node-2] [ERROR] [1768033988.739562819] [superpoint_node]: Errore pubblicazione keypoints 3D: could not assign tuple of length 3 to structure with 4 fields.
[superpoint_node-2] [INFO] [1768033988.827311424] [superpoint_node]: Keypoints estratti: 800
[superpoint_node-2] [ERROR] [1768033988.833903069] [superpoint_node]: Errore pubblicazione keypoints 3D: could not assign tuple of length 3 to structure with 4 fields.
[rtabmap-14] [INFO] [1768033989.010211804] [rtabmap]: rtabmap (964): Rate=0.50s, Limit=0.001s, Conversion=0.0002s, RTAB-Map=0.0242s, Maps update=0.0003s pub=0.0016s delay=0.0406s (local map=0, WM=0)
[superpoint_node-2] [INFO] [1768033989.021892508] [superpoint_node]: Keypoints estratti: 800
[superpoint_node-2] [ERROR] [1768033989.028826638] [superpoint_node]: Errore pubblicazione keypoints 3D: could not assign tuple of length 3 to structure with 4 fields.
[superpoint_node-2] [INFO] [1768033989.117060784] [superpoint_node]: Keypoints estratti: 800
[superpoint_node-2] [ERROR] [1768033989.123552928] [superpoint_node]: Errore pubblicazione keypoints 3D: could not assign tuple of length 3 to structure with 4 fields.
[superpoint_node-2] [INFO] [1768033989.216200572] [superpoint_node]: Keypoints estratti: 800
[superpoint_node-2] [ERROR] [1768033989.222860125] [superpoint_node]: Errore pubblicazione keypoints 3D: could not assign tuple of length 3 to structure with 4 fields.
[superpoint_node-2] [INFO] [1768033989.323929411] [superpoint_node]: Keypoints estratti: 800
[superpoint_node-2] [ERROR] [1768033989.330980170] [superpoint_node]: Errore pubblicazione keypoints 3D: could not assign tuple of length 3 to structure with 4 fields.
[superpoint_node-2] [INFO] [1768033989.424448618] [superpoint_node]: Keypoints estratti: 800
[superpoint_node-2] [ERROR] [1768033989.431943399] [superpoint_node]: Errore pubblicazione keypoints 3D: could not assign tuple of length 3 to structure with 4 fields.
[superpoint_node-2] [INFO] [1768033989.525780516] [superpoint_node]: Keypoints estratti: 800
[superpoint_node-2] [ERROR] [1768033989.533247501] [superpoint_node]: Errore pubblicazione keypoints 3D: could not assign tuple of length 3 to structure with 4 fields.
[rtabmap-14] [INFO] [1768033989.538523229] [rtabmap]: rtabmap (965): Rate=0.50s, Limit=0.001s, Conversion=0.0003s, RTAB-Map=0.0248s, Maps update=0.0003s pub=0.0022s delay=0.0647s (local map=0, WM=0)
[superpoint_node-2] [INFO] [1768033989.627827365] [superpoint_node]: Keypoints estratti: 800
[superpoint_node-2] [ERROR] [1768033989.635940985] [superpoint_node]: Errore pubblicazione keypoints 3D: could not assign tuple of length 3 to structure with 4 fields.
[superpoint_node-2] [INFO] [1768033989.727912068] [superpoint_node]: Keypoints estratti: 800
[superpoint_node-2] [ERROR] [1768033989.734812364] [superpoint_node]: Errore pubblicazione keypoints 3D: could not assign tuple of length 3 to structure with 4 fields.
[superpoint_node-2] [INFO] [1768033989.827607028] [superpoint_node]: Keypoints estratti: 800
[superpoint_node-2] [ERROR] [1768033989.834511064] [superpoint_node]: Errore pubblicazione keypoints 3D: could not assign tuple of length 3 to structure with 4 fields.
[superpoint_node-2] [INFO] [1768033989.926571907] [superpoint_node]: Keypoints estratti: 800
[superpoint_node-2] [ERROR] [1768033989.933600000] [superpoint_node]: Errore pubblicazione keypoints 3D: could not assign tuple of length 3 to structure with 4 fields.
[superpoint_node-2] [INFO] [1768033990.024097905] [superpoint_node]: Keypoints estratti: 800
[superpoint_node-2] [ERROR] [1768033990.031174980] [superpoint_node]: Errore pubblicazione keypoints 3D: could not assign tuple of length 3 to structure with 4 fields.
[rtabmap-14] [INFO] [1768033990.076594249] [rtabmap]: rtabmap (966): Rate=0.50s, Limit=0.001s, Conversion=0.0003s, RTAB-Map=0.0296s, Maps update=0.0008s pub=0.0018s delay=0.0993s (local map=0, WM=0)
[superpoint_node-2] [INFO] [1768033990.128513402] [superpoint_node]: Keypoints estratti: 800
[superpoint_node-2] [ERROR] [1768033990.135380272] [superpoint_node]: Errore pubblicazione keypoints 3D: could not assign tuple of length 3 to structure with 4 fields.
[superpoint_node-2] [INFO] [1768033990.226344292] [superpoint_node]: Keypoints estratti: 800
[superpoint_node-2] [ERROR] [1768033990.233438959] [superpoint_node]: Errore pubblicazione keypoints 3D: could not assign tuple of length 3 to structure with 4 fields.
[superpoint_node-2] [INFO] [1768033990.327875544] [superpoint_node]: Keypoints estratti: 800
[superpoint_node-2] [ERROR] [1768033990.335283732] [superpoint_node]: Errore pubblicazione keypoints 3D: could not assign tuple of length 3 to structure with 4 fields.
[superpoint_node-2] [INFO] [1768033990.425905509] [superpoint_node]: Keypoints estratti: 800
[superpoint_node-2] [ERROR] [1768033990.433002343] [superpoint_node]: Errore pubblicazione keypoints 3D: could not assign tuple of length 3 to structure with 4 fields.
[superpoint_node-2] [INFO] [1768033990.526027268] [superpoint_node]: Keypoints estratti: 800
[superpoint_node-2] [ERROR] [1768033990.533067694] [superpoint_node]: Errore pubblicazione keypoints 3D: could not assign tuple of length 3 to structure with 4 fields.
[superpoint_node-2] [INFO] [1768033990.625124612] [superpoint_node]: Keypoints estratti: 800
[superpoint_node-2] [ERROR] [1768033990.632158186] [superpoint_node]: Errore pubblicazione keypoints 3D: could not assign tuple of length 3 to structure with 4 fields.
[rtabmap-14] [INFO] [1768033990.694952260] [rtabmap]: rtabmap (967): Rate=0.50s, Limit=0.001s, Conversion=0.0002s, RTAB-Map=0.0433s, Maps update=0.0004s pub=0.0031s delay=0.1177s (local map=0, WM=0)
[superpoint_node-2] [INFO] [1768033990.748470037] [superpoint_node]: Keypoints estratti: 800
[superpoint_node-2] [ERROR] [1768033990.757318515] [superpoint_node]: Errore pubblicazione keypoints 3D: could not assign tuple of length 3 to structure with 4 fields.
[superpoint_node-2] [INFO] [1768033990.849549656] [superpoint_node]: Keypoints estratti: 800
[superpoint_node-2] [ERROR] [1768033990.856560971] [superpoint_node]: Errore pubblicazione keypoints 3D: could not assign tuple of length 3 to structure with 4 fields.
[superpoint_node-2] [INFO] [1768033990.948636962] [superpoint_node]: Keypoints estratti: 800
[superpoint_node-2] [ERROR] [1768033990.955739908] [superpoint_node]: Errore pubblicazione keypoints 3D: could not assign tuple of length 3 to structure with 4 fields.
[superpoint_node-2] [INFO] [1768033991.047916826] [superpoint_node]: Keypoints estratti: 800
[superpoint_node-2] [ERROR] [1768033991.057076603] [superpoint_node]: Errore pubblicazione keypoints 3D: could not assign tuple of length 3 to structure with 4 fields.
[superpoint_node-2] [INFO] [1768033991.147205208] [superpoint_node]: Keypoints estratti: 800
[superpoint_node-2] [ERROR] [1768033991.154234487] [superpoint_node]: Errore pubblicazione keypoints 3D: could not assign tuple of length 3 to structure with 4 fields.
[rtabmap-14] [INFO] [1768033991.212315911] [rtabmap]: rtabmap (968): Rate=0.50s, Limit=0.001s, Conversion=0.0002s, RTAB-Map=0.0556s, Maps update=0.0007s pub=0.0040s delay=0.1127s (local map=0, WM=0)
[superpoint_node-2] [INFO] [1768033991.253358608] [superpoint_node]: Keypoints estratti: 800
[superpoint_node-2] [ERROR] [1768033991.260148607] [superpoint_node]: Errore pubblicazione keypoints 3D: could not assign tuple of length 3 to structure with 4 fields.
[superpoint_node-2] [INFO] [1768033991.352477193] [superpoint_node]: Keypoints estratti: 800
[superpoint_node-2] [ERROR] [1768033991.360335867] [superpoint_node]: Errore pubblicazione keypoints 3D: could not assign tuple of length 3 to structure with 4 fields.
[superpoint_node-2] [INFO] [1768033991.451951410] [superpoint_node]: Keypoints estratti: 800
[superpoint_node-2] [ERROR] [1768033991.458704779] [superpoint_node]: Errore pubblicazione keypoints 3D: could not assign tuple of length 3 to structure with 4 fields.
[superpoint_node-2] [INFO] [1768033991.550251118] [superpoint_node]: Keypoints estratti: 800
[superpoint_node-2] [ERROR] [1768033991.557355322] [superpoint_node]: Errore pubblicazione keypoints 3D: could not assign tuple of length 3 to structure with 4 fields.
[superpoint_node-2] [INFO] [1768033991.650947659] [superpoint_node]: Keypoints estratti: 800
[superpoint_node-2] [ERROR] [1768033991.658002938] [superpoint_node]: Errore pubblicazione keypoints 3D: could not assign tuple of length 3 to structure with 4 fields.
[superpoint_node-2] [INFO] [1768033991.751665479] [superpoint_node]: Keypoints estratti: 800
[superpoint_node-2] [ERROR] [1768033991.758833499] [superpoint_node]: Errore pubblicazione keypoints 3D: could not assign tuple of length 3 to structure with 4 fields.
[rtabmap-14] [INFO] [1768033991.776307545] [rtabmap]: rtabmap (969): Rate=0.50s, Limit=0.001s, Conversion=0.0002s, RTAB-Map=0.0200s, Maps update=0.0011s pub=0.0017s delay=0.0759s (local map=0, WM=0)
[superpoint_node-2] [INFO] [1768033991.854878652] [superpoint_node]: Keypoints estratti: 800
[superpoint_node-2] [ERROR] [1768033991.861622594] [superpoint_node]: Errore pubblicazione keypoints 3D: could not assign tuple of length 3 to structure with 4 fields.
[superpoint_node-2] [INFO] [1768033991.953324750] [superpoint_node]: Keypoints estratti: 800
[superpoint_node-2] [ERROR] [1768033991.960766031] [superpoint_node]: Errore pubblicazione keypoints 3D: could not assign tuple of length 3 to structure with 4 fields.
[superpoint_node-2] [INFO] [1768033992.051999034] [superpoint_node]: Keypoints estratti: 800
[superpoint_node-2] [ERROR] [1768033992.059211832] [superpoint_node]: Errore pubblicazione keypoints 3D: could not assign tuple of length 3 to structure with 4 fields.
[superpoint_node-2] [INFO] [1768033992.152371425] [superpoint_node]: Keypoints estratti: 800
[superpoint_node-2] [ERROR] [1768033992.159186146] [superpoint_node]: Errore pubblicazione keypoints 3D: could not assign tuple of length 3 to structure with 4 fields.
[rtabmap-14] [INFO] [1768033992.240884907] [rtabmap]: rtabmap (970): Rate=0.50s, Limit=0.001s, Conversion=0.0004s, RTAB-Map=0.0242s, Maps update=0.0006s pub=0.0036s delay=0.0402s (local map=0, WM=0)
[superpoint_node-2] [INFO] [1768033992.255327689] [superpoint_node]: Keypoints estratti: 800
[superpoint_node-2] [ERROR] [1768033992.262367689] [superpoint_node]: Errore pubblicazione keypoints 3D: could not assign tuple of length 3 to structure with 4 fields.
[superpoint_node-2] [INFO] [1768033992.354766017] [superpoint_node]: Keypoints estratti: 800
[superpoint_node-2] [ERROR] [1768033992.361725202] [superpoint_node]: Errore pubblicazione keypoints 3D: could not assign tuple of length 3 to structure with 4 fields.
[superpoint_node-2] [INFO] [1768033992.456499789] [superpoint_node]: Keypoints estratti: 800
[superpoint_node-2] [ERROR] [1768033992.463642179] [superpoint_node]: Errore pubblicazione keypoints 3D: could not assign tuple of length 3 to structure with 4 fields.
[superpoint_node-2] [INFO] [1768033992.558984437] [superpoint_node]: Keypoints estratti: 800
[superpoint_node-2] [ERROR] [1768033992.565780510] [superpoint_node]: Errore pubblicazione keypoints 3D: could not assign tuple of length 3 to structure with 4 fields.
[superpoint_node-2] [INFO] [1768033992.655411982] [superpoint_node]: Keypoints estratti: 800
[superpoint_node-2] [ERROR] [1768033992.662298426] [superpoint_node]: Errore pubblicazione keypoints 3D: could not assign tuple of length 3 to structure with 4 fields.
[superpoint_node-2] [INFO] [1768033992.755938800] [superpoint_node]: Keypoints estratti: 800
[superpoint_node-2] [ERROR] [1768033992.763040875] [superpoint_node]: Errore pubblicazione keypoints 3D: could not assign tuple of length 3 to structure with 4 fields.
[rtabmap-14] [INFO] [1768033992.768282102] [rtabmap]: rtabmap (971): Rate=0.50s, Limit=0.001s, Conversion=0.0003s, RTAB-Map=0.0238s, Maps update=0.0003s pub=0.0013s delay=0.0654s (local map=0, WM=0)
[superpoint_node-2] [INFO] [1768033992.855261201] [superpoint_node]: Keypoints estratti: 800
[superpoint_node-2] [ERROR] [1768033992.862873021] [superpoint_node]: Errore pubblicazione keypoints 3D: could not assign tuple of length 3 to structure with 4 fields.
[superpoint_node-2] [INFO] [1768033992.956148022] [superpoint_node]: Keypoints estratti: 800
[superpoint_node-2] [ERROR] [1768033992.963784286] [superpoint_node]: Errore pubblicazione keypoints 3D: could not assign tuple of length 3 to structure with 4 fields.
[superpoint_node-2] [INFO] [1768033993.054511508] [superpoint_node]: Keypoints estratti: 800
[superpoint_node-2] [ERROR] [1768033993.061747492] [superpoint_node]: Errore pubblicazione keypoints 3D: could not assign tuple of length 3 to structure with 4 fields.
[superpoint_node-2] [INFO] [1768033993.152707493] [superpoint_node]: Keypoints estratti: 800
[rtabmap-14] [33m[ WARN] (2026-01-10 09:33:08.510) MapsManager.cpp:863::publishMaps() Graph has changed! The whole cloud is regenerated.[0m
[rtabmap-14] [33m[ WARN] (2026-01-10 09:33:08.511) OccupancyGrid.cpp:169::getProbMap() Map info is empty, cannot generate probabilistic occupancy grid[0m
[rtabmap-14] [33m[ WARN] (2026-01-10 09:33:08.885) CoreWrapper.cpp:1227::odomTFUpdate() Odometry is reset (identity pose detected). Increment map id![0m
[rtabmap-14] [33m[ WARN] (2026-01-10 09:33:09.008) MapsManager.cpp:863::publishMaps() Graph has changed! The whole cloud is regenerated.[0m
[rtabmap-14] [33m[ WARN] (2026-01-10 09:33:09.009) OccupancyGrid.cpp:169::getProbMap() Map info is empty, cannot generate probabilistic occupancy grid[0m
[rtabmap-14] [33m[ WARN] (2026-01-10 09:33:09.536) MapsManager.cpp:863::publishMaps() Graph has changed! The whole cloud is regenerated.[0m
[rtabmap-14] [33m[ WARN] (2026-01-10 09:33:09.537) OccupancyGrid.cpp:169::getProbMap() Map info is empty, cannot generate probabilistic occupancy grid[0m
[rtabmap-14] [33m[ WARN] (2026-01-10 09:33:10.074) MapsManager.cpp:863::publishMaps() Graph has changed! The whole cloud is regenerated.[0m
[rtabmap-14] [33m[ WARN] (2026-01-10 09:33:10.075) OccupancyGrid.cpp:169::getProbMap() Map info is empty, cannot generate probabilistic occupancy grid[0m
[rtabmap-14] [33m[ WARN] (2026-01-10 09:33:10.691) MapsManager.cpp:863::publishMaps() Graph has changed! The whole cloud is regenerated.[0m
[rtabmap-14] [33m[ WARN] (2026-01-10 09:33:10.693) OccupancyGrid.cpp:169::getProbMap() Map info is empty, cannot generate probabilistic occupancy grid[0m
[rtabmap-14] [33m[ WARN] (2026-01-10 09:33:11.207) MapsManager.cpp:863::publishMaps() Graph has changed! The whole cloud is regenerated.[0m
[rtabmap-14] [33m[ WARN] (2026-01-10 09:33:11.209) OccupancyGrid.cpp:169::getProbMap() Map info is empty, cannot generate probabilistic occupancy grid[0m
[rtabmap-14] [33m[ WARN] (2026-01-10 09:33:11.774) MapsManager.cpp:863::publishMaps() Graph has changed! The whole cloud is regenerated.[0m
[rtabmap-14] [33m[ WARN] (2026-01-10 09:33:11.775) OccupancyGrid.cpp:169::getProbMap() Map info is empty, cannot generate probabilistic occupancy grid[0m
[rtabmap-14] [33m[ WARN] (2026-01-10 09:33:12.237) MapsManager.cpp:863::publishMaps() Graph has changed! The whole cloud is regenerated.[0m
[rtabmap-14] [33m[ WARN] (2026-01-10 09:33:12.238) OccupancyGrid.cpp:169::getProbMap() Map info is empty, cannot generate probabilistic occupancy grid[0m
[rtabmap-14] [33m[ WARN] (2026-01-10 09:33:12.766) MapsManager.cpp:863::publishMaps() Graph has changed! The whole cloud is regenerated.[0m
[rtabmap-14] [33m[ WARN] (2026-01-10 09:33:12.767) OccupancyGrid.cpp:169::getProbMap() Map info is empty, cannot generate probabilistic occupancy grid[0m
[superpoint_node-2] [ERROR] [1768033993.159943661] [superpoint_node]: Errore pubblicazione keypoints 3D: could not assign tuple of length 3 to structure with 4 fields.
[superpoint_node-2] [INFO] [1768033993.250793477] [superpoint_node]: Keypoints estratti: 800
[superpoint_node-2] [ERROR] [1768033993.257689717] [superpoint_node]: Errore pubblicazione keypoints 3D: could not assign tuple of length 3 to structure with 4 fields.
[rtabmap-14] [INFO] [1768033993.345500748] [rtabmap]: rtabmap (972): Rate=0.50s, Limit=0.001s, Conversion=0.0006s, RTAB-Map=0.0262s, Maps update=0.0015s pub=0.0028s delay=0.0471s (local map=0, WM=0)
[superpoint_node-2] [INFO] [1768033993.354154891] [superpoint_node]: Keypoints estratti: 800
[superpoint_node-2] [ERROR] [1768033993.361120706] [superpoint_node]: Errore pubblicazione keypoints 3D: could not assign tuple of length 3 to structure with 4 fields.
[superpoint_node-2] [INFO] [1768033993.453137290] [superpoint_node]: Keypoints estratti: 800
[superpoint_node-2] [ERROR] [1768033993.460004955] [superpoint_node]: Errore pubblicazione keypoints 3D: could not assign tuple of length 3 to structure with 4 fields.
[superpoint_node-2] [INFO] [1768033993.551289219] [superpoint_node]: Keypoints estratti: 800
[superpoint_node-2] [ERROR] [1768033993.558254515] [superpoint_node]: Errore pubblicazione keypoints 3D: could not assign tuple of length 3 to structure with 4 fields.
[superpoint_node-2] [INFO] [1768033993.652717896] [superpoint_node]: Keypoints estratti: 800
[superpoint_node-2] [ERROR] [1768033993.659938694] [superpoint_node]: Errore pubblicazione keypoints 3D: could not assign tuple of length 3 to structure with 4 fields.
[superpoint_node-2] [INFO] [1768033993.755105599] [superpoint_node]: Keypoints estratti: 800
[superpoint_node-2] [ERROR] [1768033993.762162025] [superpoint_node]: Errore pubblicazione keypoints 3D: could not assign tuple of length 3 to structure with 4 fields.
[superpoint_node-2] [INFO] [1768033993.859523726] [superpoint_node]: Keypoints estratti: 800
[superpoint_node-2] [ERROR] [1768033993.866599671] [superpoint_node]: Errore pubblicazione keypoints 3D: could not assign tuple of length 3 to structure with 4 fields.
[rtabmap-14] [INFO] [1768033993.894194613] [rtabmap]: rtabmap (973): Rate=0.50s, Limit=0.001s, Conversion=0.0008s, RTAB-Map=0.0395s, Maps update=0.0007s pub=0.0030s delay=0.0915s (local map=0, WM=0)
[superpoint_node-2] [INFO] [1768033993.966860005] [superpoint_node]: Keypoints estratti: 800
[superpoint_node-2] [ERROR] [1768033993.974297935] [superpoint_node]: Errore pubblicazione keypoints 3D: could not assign tuple of length 3 to structure with 4 fields.
[superpoint_node-2] [INFO] [1768033994.063645757] [superpoint_node]: Keypoints estratti: 800
[superpoint_node-2] [ERROR] [1768033994.070460052] [superpoint_node]: Errore pubblicazione keypoints 3D: could not assign tuple of length 3 to structure with 4 fields.
[superpoint_node-2] [INFO] [1768033994.164052648] [superpoint_node]: Keypoints estratti: 800
[superpoint_node-2] [ERROR] [1768033994.171251742] [superpoint_node]: Errore pubblicazione keypoints 3D: could not assign tuple of length 3 to structure with 4 fields.
[superpoint_node-2] [INFO] [1768033994.266356202] [superpoint_node]: Keypoints estratti: 800
[superpoint_node-2] [ERROR] [1768033994.274393674] [superpoint_node]: Errore pubblicazione keypoints 3D: could not assign tuple of length 3 to structure with 4 fields.
[superpoint_node-2] [INFO] [1768033994.369836433] [superpoint_node]: Keypoints estratti: 800
[superpoint_node-2] [ERROR] [1768033994.377531457] [superpoint_node]: Errore pubblicazione keypoints 3D: could not assign tuple of length 3 to structure with 4 fields.
[rtabmap-14] [INFO] [1768033994.381699286] [rtabmap]: rtabmap (974): Rate=0.50s, Limit=0.001s, Conversion=0.0003s, RTAB-Map=0.0308s, Maps update=0.0003s pub=0.0016s delay=0.0648s (local map=0, WM=0)
[superpoint_node-2] [INFO] [1768033994.469401595] [superpoint_node]: Keypoints estratti: 800
[superpoint_node-2] [ERROR] [1768033994.477276547] [superpoint_node]: Errore pubblicazione keypoints 3D: could not assign tuple of length 3 to structure with 4 fields.
[superpoint_node-2] [INFO] [1768033994.567392023] [superpoint_node]: Keypoints estratti: 800
[superpoint_node-2] [ERROR] [1768033994.574992824] [superpoint_node]: Errore pubblicazione keypoints 3D: could not assign tuple of length 3 to structure with 4 fields.
[superpoint_node-2] [INFO] [1768033994.667007167] [superpoint_node]: Keypoints estratti: 800
[superpoint_node-2] [ERROR] [1768033994.674569912] [superpoint_node]: Errore pubblicazione keypoints 3D: could not assign tuple of length 3 to structure with 4 fields.
[superpoint_node-2] [INFO] [1768033994.772521673] [superpoint_node]: Keypoints estratti: 800
[superpoint_node-2] [ERROR] [1768033994.781147112] [superpoint_node]: Errore pubblicazione keypoints 3D: could not assign tuple of length 3 to structure with 4 fields.
[superpoint_node-2] [INFO] [1768033994.874000739] [superpoint_node]: Keypoints estratti: 800
[superpoint_node-2] [ERROR] [1768033994.881166889] [superpoint_node]: Errore pubblicazione keypoints 3D: could not assign tuple of length 3 to structure with 4 fields.
[rtabmap-14] [INFO] [1768033994.928372449] [rtabmap]: rtabmap (975): Rate=0.50s, Limit=0.001s, Conversion=0.0002s, RTAB-Map=0.0408s, Maps update=0.0024s pub=0.0036s delay=0.1030s (local map=0, WM=0)
[superpoint_node-2] [INFO] [1768033994.989540103] [superpoint_node]: Keypoints estratti: 800
[superpoint_node-2] [ERROR] [1768033994.996848624] [superpoint_node]: Errore pubblicazione keypoints 3D: could not assign tuple of length 3 to structure with 4 fields.
[superpoint_node-2] [INFO] [1768033995.122909737] [superpoint_node]: Keypoints estratti: 800
[superpoint_node-2] [ERROR] [1768033995.130091146] [superpoint_node]: Errore pubblicazione keypoints 3D: could not assign tuple of length 3 to structure with 4 fields.
[superpoint_node-2] [INFO] [1768033995.224733936] [superpoint_node]: Keypoints estratti: 800
[superpoint_node-2] [ERROR] [1768033995.231691325] [superpoint_node]: Errore pubblicazione keypoints 3D: could not assign tuple of length 3 to structure with 4 fields.
[superpoint_node-2] [INFO] [1768033995.323783650] [superpoint_node]: Keypoints estratti: 800
[superpoint_node-2] [ERROR] [1768033995.330864817] [superpoint_node]: Errore pubblicazione keypoints 3D: could not assign tuple of length 3 to structure with 4 fields.
[superpoint_node-2] [INFO] [1768033995.423868520] [superpoint_node]: Keypoints estratti: 800
[superpoint_node-2] [ERROR] [1768033995.432974259] [superpoint_node]: Errore pubblicazione keypoints 3D: could not assign tuple of length 3 to structure with 4 fields.
[rtabmap-14] [INFO] [1768033995.464269953] [rtabmap]: rtabmap (976): Rate=0.50s, Limit=0.001s, Conversion=0.0003s, RTAB-Map=0.0402s, Maps update=0.0003s pub=0.0086s delay=0.0922s (local map=0, WM=0)
[superpoint_node-2] [INFO] [1768033995.526918766] [superpoint_node]: Keypoints estratti: 800
[superpoint_node-2] [ERROR] [1768033995.533846802] [superpoint_node]: Errore pubblicazione keypoints 3D: could not assign tuple of length 3 to structure with 4 fields.
[superpoint_node-2] [INFO] [1768033995.718530864] [superpoint_node]: Keypoints estratti: 800
[superpoint_node-2] [ERROR] [1768033995.725469512] [superpoint_node]: Errore pubblicazione keypoints 3D: could not assign tuple of length 3 to structure with 4 fields.
[superpoint_node-2] [INFO] [1768033995.819456722] [superpoint_node]: Keypoints estratti: 800
[superpoint_node-2] [ERROR] [1768033995.826583408] [superpoint_node]: Errore pubblicazione keypoints 3D: could not assign tuple of length 3 to structure with 4 fields.
[superpoint_node-2] [INFO] [1768033995.922589394] [superpoint_node]: Keypoints estratti: 800
[superpoint_node-2] [ERROR] [1768033995.929573987] [superpoint_node]: Errore pubblicazione keypoints 3D: could not assign tuple of length 3 to structure with 4 fields.
[superpoint_node-2] [INFO] [1768033996.023319714] [superpoint_node]: Keypoints estratti: 800
[superpoint_node-2] [ERROR] [1768033996.032578121] [superpoint_node]: Errore pubblicazione keypoints 3D: could not assign tuple of length 3 to structure with 4 fields.
[rtabmap-14] [INFO] [1768033996.056394736] [rtabmap]: rtabmap (977): Rate=0.50s, Limit=0.001s, Conversion=0.0015s, RTAB-Map=0.0401s, Maps update=0.0003s pub=0.0025s delay=0.0851s (local map=0, WM=0)
[superpoint_node-2] [INFO] [1768033996.126681295] [superpoint_node]: Keypoints estratti: 800
[superpoint_node-2] [ERROR] [1768033996.133478516] [superpoint_node]: Errore pubblicazione keypoints 3D: could not assign tuple of length 3 to structure with 4 fields.
[foxglove_bridge-12] [INFO] [1768033996.259895262] [foxglove_bridge]: received unsubscribe request for channel 56
[foxglove_bridge-12] [INFO] [1768033996.259984170] [foxglove_bridge]: Cleaned up subscription to topic /labels for client 1 on channel 56
[foxglove_bridge-12] [INFO] [1768033996.302227840] [foxglove_bridge]: publishing connection graph
[superpoint_node-2] [INFO] [1768033996.325580637] [superpoint_node]: Keypoints estratti: 800
[superpoint_node-2] [ERROR] [1768033996.332456599] [superpoint_node]: Errore pubblicazione keypoints 3D: could not assign tuple of length 3 to structure with 4 fields.
[superpoint_node-2] [INFO] [1768033996.425096910] [superpoint_node]: Keypoints estratti: 800
[superpoint_node-2] [ERROR] [1768033996.432145873] [superpoint_node]: Errore pubblicazione keypoints 3D: could not assign tuple of length 3 to structure with 4 fields.
[superpoint_node-2] [INFO] [1768033996.526458438] [superpoint_node]: Keypoints estratti: 800
[superpoint_node-2] [ERROR] [1768033996.537973270] [superpoint_node]: Errore pubblicazione keypoints 3D: could not assign tuple of length 3 to structure with 4 fields.
[rtabmap-14] [INFO] [1768033996.560268614] [rtabmap]: rtabmap (978): Rate=0.50s, Limit=0.001s, Conversion=0.0005s, RTAB-Map=0.0435s, Maps update=0.0011s pub=0.0034s delay=0.0847s (local map=0, WM=0)
[superpoint_node-2] [INFO] [1768033996.632176409] [superpoint_node]: Keypoints estratti: 800
[superpoint_node-2] [ERROR] [1768033996.638880573] [superpoint_node]: Errore pubblicazione keypoints 3D: could not assign tuple of length 3 to structure with 4 fields.
[superpoint_node-2] [INFO] [1768033996.732354761] [superpoint_node]: Keypoints estratti: 800
[superpoint_node-2] [ERROR] [1768033996.739427595] [superpoint_node]: Errore pubblicazione keypoints 3D: could not assign tuple of length 3 to structure with 4 fields.
[foxglove_bridge-12] [INFO] [1768033996.824617069] [foxglove_bridge]: publishing connection graph
[superpoint_node-2] [INFO] [1768033996.829466830] [superpoint_node]: Keypoints estratti: 800
[superpoint_node-2] [ERROR] [1768033996.836655850] [superpoint_node]: Errore pubblicazione keypoints 3D: could not assign tuple of length 3 to structure with 4 fields.
[superpoint_node-2] [INFO] [1768033997.018517685] [superpoint_node]: Keypoints estratti: 800
[superpoint_node-2] [ERROR] [1768033997.025402684] [superpoint_node]: Errore pubblicazione keypoints 3D: could not assign tuple of length 3 to structure with 4 fields.
[superpoint_node-2] [INFO] [1768033997.119314172] [superpoint_node]: Keypoints estratti: 800
[superpoint_node-2] [ERROR] [1768033997.126601175] [superpoint_node]: Errore pubblicazione keypoints 3D: could not assign tuple of length 3 to structure with 4 fields.
[rtabmap-14] [INFO] [1768033997.159716790] [rtabmap]: rtabmap (979): Rate=0.50s, Limit=0.001s, Conversion=0.0010s, RTAB-Map=0.0439s, Maps update=0.0007s pub=0.0045s delay=0.0903s (local map=0, WM=0)
[superpoint_node-2] [INFO] [1768033997.222657957] [superpoint_node]: Keypoints estratti: 800
[superpoint_node-2] [ERROR] [1768033997.230080201] [superpoint_node]: Errore pubblicazione keypoints 3D: could not assign tuple of length 3 to structure with 4 fields.
[superpoint_node-2] [INFO] [1768033997.321769023] [superpoint_node]: Keypoints estratti: 800
[superpoint_node-2] [ERROR] [1768033997.328814246] [superpoint_node]: Errore pubblicazione keypoints 3D: could not assign tuple of length 3 to structure with 4 fields.
[superpoint_node-2] [INFO] [1768033997.418804073] [superpoint_node]: Keypoints estratti: 800
[superpoint_node-2] [ERROR] [1768033997.425747276] [superpoint_node]: Errore pubblicazione keypoints 3D: could not assign tuple of length 3 to structure with 4 fields.
[superpoint_node-2] [INFO] [1768033997.522680695] [superpoint_node]: Keypoints estratti: 800
[superpoint_node-2] [ERROR] [1768033997.529955901] [superpoint_node]: Errore pubblicazione keypoints 3D: could not assign tuple of length 3 to structure with 4 fields.
[superpoint_node-2] [INFO] [1768033997.623056346] [superpoint_node]: Keypoints estratti: 800
[superpoint_node-2] [ERROR] [1768033997.631307078] [superpoint_node]: Errore pubblicazione keypoints 3D: could not assign tuple of length 3 to structure with 4 fields.
[rtabmap-14] [INFO] [1768033997.664226081] [rtabmap]: rtabmap (980): Rate=0.50s, Limit=0.001s, Conversion=0.0006s, RTAB-Map=0.0469s, Maps update=0.0003s pub=0.0035s delay=0.0920s (local map=0, WM=0)
[superpoint_node-2] [INFO] [1768033997.726826653] [superpoint_node]: Keypoints estratti: 800
[superpoint_node-2] [ERROR] [1768033997.733728430] [superpoint_node]: Errore pubblicazione keypoints 3D: could not assign tuple of length 3 to structure with 4 fields.
[superpoint_node-2] [INFO] [1768033997.826344351] [superpoint_node]: Keypoints estratti: 800
[superpoint_node-2] [ERROR] [1768033997.833509668] [superpoint_node]: Errore pubblicazione keypoints 3D: could not assign tuple of length 3 to structure with 4 fields.
[superpoint_node-2] [INFO] [1768033997.924102018] [superpoint_node]: Keypoints estratti: 800
[superpoint_node-2] [ERROR] [1768033997.930925331] [superpoint_node]: Errore pubblicazione keypoints 3D: could not assign tuple of length 3 to structure with 4 fields.
[superpoint_node-2] [INFO] [1768033998.022213113] [superpoint_node]: Keypoints estratti: 800
[superpoint_node-2] [ERROR] [1768033998.029142168] [superpoint_node]: Errore pubblicazione keypoints 3D: could not assign tuple of length 3 to structure with 4 fields.
[superpoint_node-2] [INFO] [1768033998.124628057] [superpoint_node]: Keypoints estratti: 800
[superpoint_node-2] [ERROR] [1768033998.133054828] [superpoint_node]: Errore pubblicazione keypoints 3D: could not assign tuple of length 3 to structure with 4 fields.
[rtabmap-14] [INFO] [1768033998.161219552] [rtabmap]: rtabmap (981): Rate=0.50s, Limit=0.001s, Conversion=0.0007s, RTAB-Map=0.0439s, Maps update=0.0004s pub=0.0046s delay=0.0882s (local map=0, WM=0)
[rtabmap-14] [33m[ WARN] (2026-01-10 09:33:13.342) MapsManager.cpp:863::publishMaps() Graph has changed! The whole cloud is regenerated.[0m
[rtabmap-14] [33m[ WARN] (2026-01-10 09:33:13.343) OccupancyGrid.cpp:169::getProbMap() Map info is empty, cannot generate probabilistic occupancy grid[0m
[rtabmap-14] [33m[ WARN] (2026-01-10 09:33:13.891) MapsManager.cpp:863::publishMaps() Graph has changed! The whole cloud is regenerated.[0m
[rtabmap-14] [33m[ WARN] (2026-01-10 09:33:13.892) OccupancyGrid.cpp:169::getProbMap() Map info is empty, cannot generate probabilistic occupancy grid[0m
[rtabmap-14] [33m[ WARN] (2026-01-10 09:33:14.380) MapsManager.cpp:863::publishMaps() Graph has changed! The whole cloud is regenerated.[0m
[rtabmap-14] [33m[ WARN] (2026-01-10 09:33:14.380) OccupancyGrid.cpp:169::getProbMap() Map info is empty, cannot generate probabilistic occupancy grid[0m
[rtabmap-14] [33m[ WARN] (2026-01-10 09:33:14.923) MapsManager.cpp:863::publishMaps() Graph has changed! The whole cloud is regenerated.[0m
[rtabmap-14] [33m[ WARN] (2026-01-10 09:33:14.924) OccupancyGrid.cpp:169::getProbMap() Map info is empty, cannot generate probabilistic occupancy grid[0m
[rtabmap-14] [33m[ WARN] (2026-01-10 09:33:15.455) MapsManager.cpp:863::publishMaps() Graph has changed! The whole cloud is regenerated.[0m
[rtabmap-14] [33m[ WARN] (2026-01-10 09:33:15.456) OccupancyGrid.cpp:169::getProbMap() Map info is empty, cannot generate probabilistic occupancy grid[0m
[rtabmap-14] [33m[ WARN] (2026-01-10 09:33:15.588) CoreWrapper.cpp:1227::odomTFUpdate() Odometry is reset (identity pose detected). Increment map id![0m
[rtabmap-14] [33m[ WARN] (2026-01-10 09:33:16.053) MapsManager.cpp:863::publishMaps() Graph has changed! The whole cloud is regenerated.[0m
[rtabmap-14] [33m[ WARN] (2026-01-10 09:33:16.054) OccupancyGrid.cpp:169::getProbMap() Map info is empty, cannot generate probabilistic occupancy grid[0m
[rtabmap-14] [33m[ WARN] (2026-01-10 09:33:16.187) CoreWrapper.cpp:1227::odomTFUpdate() Odometry is reset (identity pose detected). Increment map id![0m
[rtabmap-14] [33m[ WARN] (2026-01-10 09:33:16.556) MapsManager.cpp:863::publishMaps() Graph has changed! The whole cloud is regenerated.[0m
[rtabmap-14] [33m[ WARN] (2026-01-10 09:33:16.557) OccupancyGrid.cpp:169::getProbMap() Map info is empty, cannot generate probabilistic occupancy grid[0m
[rtabmap-14] [33m[ WARN] (2026-01-10 09:33:16.891) CoreWrapper.cpp:1227::odomTFUpdate() Odometry is reset (identity pose detected). Increment map id![0m
[rtabmap-14] [33m[ WARN] (2026-01-10 09:33:17.155) MapsManager.cpp:863::publishMaps() Graph has changed! The whole cloud is regenerated.[0m
[rtabmap-14] [33m[ WARN] (2026-01-10 09:33:17.156) OccupancyGrid.cpp:169::getProbMap() Map info is empty, cannot generate probabilistic occupancy grid[0m
[rtabmap-14] [33m[ WARN] (2026-01-10 09:33:17.659) MapsManager.cpp:863::publishMaps() Graph has changed! The whole cloud is regenerated.[0m
[rtabmap-14] [33m[ WARN] (2026-01-10 09:33:17.661) OccupancyGrid.cpp:169::getProbMap() Map info is empty, cannot generate probabilistic occupancy grid[0m
[rtabmap-14] [33m[ WARN] (2026-01-10 09:33:18.156) MapsManager.cpp:863::publishMaps() Graph has changed! The whole cloud is regenerated.[0m
[rtabmap-14] [33m[ WARN] (2026-01-10 09:33:18.157) OccupancyGrid.cpp:169::getProbMap() Map info is empty, cannot generate probabilistic occupancy grid[0m
[superpoint_node-2] [INFO] [1768033998.226093642] [superpoint_node]: Keypoints estratti: 800
[superpoint_node-2] [ERROR] [1768033998.233093994] [superpoint_node]: Errore pubblicazione keypoints 3D: could not assign tuple of length 3 to structure with 4 fields.
[superpoint_node-2] [INFO] [1768033998.418990251] [superpoint_node]: Keypoints estratti: 800
[superpoint_node-2] [ERROR] [1768033998.426158363] [superpoint_node]: Errore pubblicazione keypoints 3D: could not assign tuple of length 3 to structure with 4 fields.
[superpoint_node-2] [INFO] [1768033998.520599837] [superpoint_node]: Keypoints estratti: 800
[superpoint_node-2] [ERROR] [1768033998.527393742] [superpoint_node]: Errore pubblicazione keypoints 3D: could not assign tuple of length 3 to structure with 4 fields.
[superpoint_node-2] [INFO] [1768033998.624485996] [superpoint_node]: Keypoints estratti: 800
[superpoint_node-2] [ERROR] [1768033998.632872415] [superpoint_node]: Errore pubblicazione keypoints 3D: could not assign tuple of length 3 to structure with 4 fields.
[rtabmap-14] [INFO] [1768033998.643122033] [rtabmap]: rtabmap (982): Rate=0.50s, Limit=0.001s, Conversion=0.0003s, RTAB-Map=0.0236s, Maps update=0.0003s pub=0.0014s delay=0.0683s (local map=0, WM=0)
[superpoint_node-2] [INFO] [1768033998.727759336] [superpoint_node]: Keypoints estratti: 800
[superpoint_node-2] [ERROR] [1768033998.734559909] [superpoint_node]: Errore pubblicazione keypoints 3D: could not assign tuple of length 3 to structure with 4 fields.
[superpoint_node-2] [INFO] [1768033998.858072965] [superpoint_node]: Keypoints estratti: 800
[superpoint_node-2] [ERROR] [1768033998.866612793] [superpoint_node]: Errore pubblicazione keypoints 3D: could not assign tuple of length 3 to structure with 4 fields.
[superpoint_node-2] [INFO] [1768033998.965889008] [superpoint_node]: Keypoints estratti: 800
[superpoint_node-2] [ERROR] [1768033998.973521958] [superpoint_node]: Errore pubblicazione keypoints 3D: could not assign tuple of length 3 to structure with 4 fields.
[superpoint_node-2] [INFO] [1768033999.063736175] [superpoint_node]: Keypoints estratti: 800
[superpoint_node-2] [ERROR] [1768033999.070578619] [superpoint_node]: Errore pubblicazione keypoints 3D: could not assign tuple of length 3 to structure with 4 fields.
[superpoint_node-2] [INFO] [1768033999.163069465] [superpoint_node]: Keypoints estratti: 800
[superpoint_node-2] [ERROR] [1768033999.171294809] [superpoint_node]: Errore pubblicazione keypoints 3D: could not assign tuple of length 3 to structure with 4 fields.
[rtabmap-14] [INFO] [1768033999.190213996] [rtabmap]: rtabmap (983): Rate=0.50s, Limit=0.001s, Conversion=0.0007s, RTAB-Map=0.0387s, Maps update=0.0003s pub=0.0011s delay=0.0767s (local map=0, WM=0)
[superpoint_node-2] [INFO] [1768033999.263039575] [superpoint_node]: Keypoints estratti: 800
[superpoint_node-2] [ERROR] [1768033999.270047576] [superpoint_node]: Errore pubblicazione keypoints 3D: could not assign tuple of length 3 to structure with 4 fields.
[superpoint_node-2] [INFO] [1768033999.361945844] [superpoint_node]: Keypoints estratti: 800
[superpoint_node-2] [ERROR] [1768033999.368879565] [superpoint_node]: Errore pubblicazione keypoints 3D: could not assign tuple of length 3 to structure with 4 fields.
[superpoint_node-2] [INFO] [1768033999.460265570] [superpoint_node]: Keypoints estratti: 800
[superpoint_node-2] [ERROR] [1768033999.467171588] [superpoint_node]: Errore pubblicazione keypoints 3D: could not assign tuple of length 3 to structure with 4 fields.
[superpoint_node-2] [INFO] [1768033999.560299069] [superpoint_node]: Keypoints estratti: 800
[superpoint_node-2] [ERROR] [1768033999.567068049] [superpoint_node]: Errore pubblicazione keypoints 3D: could not assign tuple of length 3 to structure with 4 fields.
[superpoint_node-2] [INFO] [1768033999.658510499] [superpoint_node]: Keypoints estratti: 800
[superpoint_node-2] [ERROR] [1768033999.665430850] [superpoint_node]: Errore pubblicazione keypoints 3D: could not assign tuple of length 3 to structure with 4 fields.
[superpoint_node-2] [INFO] [1768033999.814963095] [superpoint_node]: Keypoints estratti: 800
[superpoint_node-2] [ERROR] [1768033999.822099948] [superpoint_node]: Errore pubblicazione keypoints 3D: could not assign tuple of length 3 to structure with 4 fields.
[rtabmap-14] [INFO] [1768033999.907637906] [rtabmap]: rtabmap (984): Rate=0.50s, Limit=0.001s, Conversion=0.0007s, RTAB-Map=0.0283s, Maps update=0.0004s pub=0.0029s delay=0.1999s (local map=0, WM=0)
[superpoint_node-2] [INFO] [1768033999.922377912] [superpoint_node]: Keypoints estratti: 800
[superpoint_node-2] [ERROR] [1768033999.929650581] [superpoint_node]: Errore pubblicazione keypoints 3D: could not assign tuple of length 3 to structure with 4 fields.
[superpoint_node-2] [INFO] [1768034000.019703520] [superpoint_node]: Keypoints estratti: 800
[superpoint_node-2] [ERROR] [1768034000.027068838] [superpoint_node]: Errore pubblicazione keypoints 3D: could not assign tuple of length 3 to structure with 4 fields.
[superpoint_node-2] [INFO] [1768034000.116439271] [superpoint_node]: Keypoints estratti: 800
[superpoint_node-2] [ERROR] [1768034000.123169547] [superpoint_node]: Errore pubblicazione keypoints 3D: could not assign tuple of length 3 to structure with 4 fields.
[superpoint_node-2] [INFO] [1768034000.219435164] [superpoint_node]: Keypoints estratti: 800
[superpoint_node-2] [ERROR] [1768034000.226502906] [superpoint_node]: Errore pubblicazione keypoints 3D: could not assign tuple of length 3 to structure with 4 fields.
[rtabmap-14] [INFO] [1768034000.314549217] [rtabmap]: rtabmap (985): Rate=0.50s, Limit=0.001s, Conversion=0.0002s, RTAB-Map=0.0252s, Maps update=0.0004s pub=0.0041s delay=0.0451s (local map=0, WM=0)
[superpoint_node-2] [INFO] [1768034000.324557445] [superpoint_node]: Keypoints estratti: 800
[superpoint_node-2] [ERROR] [1768034000.331367221] [superpoint_node]: Errore pubblicazione keypoints 3D: could not assign tuple of length 3 to structure with 4 fields.
[superpoint_node-2] [INFO] [1768034000.423674381] [superpoint_node]: Keypoints estratti: 800
[superpoint_node-2] [ERROR] [1768034000.430553992] [superpoint_node]: Errore pubblicazione keypoints 3D: could not assign tuple of length 3 to structure with 4 fields.
[superpoint_node-2] [INFO] [1768034000.520813043] [superpoint_node]: Keypoints estratti: 800
[superpoint_node-2] [ERROR] [1768034000.527762154] [superpoint_node]: Errore pubblicazione keypoints 3D: could not assign tuple of length 3 to structure with 4 fields.
[superpoint_node-2] [INFO] [1768034000.619718404] [superpoint_node]: Keypoints estratti: 800
[superpoint_node-2] [ERROR] [1768034000.626695459] [superpoint_node]: Errore pubblicazione keypoints 3D: could not assign tuple of length 3 to structure with 4 fields.
[superpoint_node-2] [INFO] [1768034000.719455975] [superpoint_node]: Keypoints estratti: 800
[superpoint_node-2] [ERROR] [1768034000.726291696] [superpoint_node]: Errore pubblicazione keypoints 3D: could not assign tuple of length 3 to structure with 4 fields.
[superpoint_node-2] [INFO] [1768034000.817821239] [superpoint_node]: Keypoints estratti: 800
[superpoint_node-2] [ERROR] [1768034000.824873554] [superpoint_node]: Errore pubblicazione keypoints 3D: could not assign tuple of length 3 to structure with 4 fields.
[rtabmap-14] [INFO] [1768034000.865596026] [rtabmap]: rtabmap (986): Rate=0.50s, Limit=0.001s, Conversion=0.0004s, RTAB-Map=0.0449s, Maps update=0.0006s pub=0.0036s delay=0.0961s (local map=0, WM=0)
[superpoint_node-2] [INFO] [1768034000.921491137] [superpoint_node]: Keypoints estratti: 800
[superpoint_node-2] [ERROR] [1768034000.929183069] [superpoint_node]: Errore pubblicazione keypoints 3D: could not assign tuple of length 3 to structure with 4 fields.
[superpoint_node-2] [INFO] [1768034001.022420181] [superpoint_node]: Keypoints estratti: 800
[superpoint_node-2] [ERROR] [1768034001.029303365] [superpoint_node]: Errore pubblicazione keypoints 3D: could not assign tuple of length 3 to structure with 4 fields.
[superpoint_node-2] [INFO] [1768034001.122554514] [superpoint_node]: Keypoints estratti: 800
[superpoint_node-2] [ERROR] [1768034001.129612700] [superpoint_node]: Errore pubblicazione keypoints 3D: could not assign tuple of length 3 to structure with 4 fields.
[superpoint_node-2] [INFO] [1768034001.224109563] [superpoint_node]: Keypoints estratti: 800
[superpoint_node-2] [ERROR] [1768034001.231211138] [superpoint_node]: Errore pubblicazione keypoints 3D: could not assign tuple of length 3 to structure with 4 fields.
[superpoint_node-2] [INFO] [1768034001.322832163] [superpoint_node]: Keypoints estratti: 800
[superpoint_node-2] [ERROR] [1768034001.330815356] [superpoint_node]: Errore pubblicazione keypoints 3D: could not assign tuple of length 3 to structure with 4 fields.
[rtabmap-14] [INFO] [1768034001.365060962] [rtabmap]: rtabmap (987): Rate=0.50s, Limit=0.001s, Conversion=0.0008s, RTAB-Map=0.0361s, Maps update=0.0052s pub=0.0046s delay=0.0906s (local map=0, WM=0)
[superpoint_node-2] [INFO] [1768034001.422878070] [superpoint_node]: Keypoints estratti: 800
[superpoint_node-2] [ERROR] [1768034001.429811533] [superpoint_node]: Errore pubblicazione keypoints 3D: could not assign tuple of length 3 to structure with 4 fields.
[superpoint_node-2] [INFO] [1768034001.521521318] [superpoint_node]: Keypoints estratti: 800
[superpoint_node-2] [ERROR] [1768034001.528517744] [superpoint_node]: Errore pubblicazione keypoints 3D: could not assign tuple of length 3 to structure with 4 fields.
[superpoint_node-2] [INFO] [1768034001.621591540] [superpoint_node]: Keypoints estratti: 800
[superpoint_node-2] [ERROR] [1768034001.628689707] [superpoint_node]: Errore pubblicazione keypoints 3D: could not assign tuple of length 3 to structure with 4 fields.
[superpoint_node-2] [INFO] [1768034001.723900853] [superpoint_node]: Keypoints estratti: 800
[superpoint_node-2] [ERROR] [1768034001.731006151] [superpoint_node]: Errore pubblicazione keypoints 3D: could not assign tuple of length 3 to structure with 4 fields.
[superpoint_node-2] [INFO] [1768034001.821775373] [superpoint_node]: Keypoints estratti: 800
[superpoint_node-2] [ERROR] [1768034001.828793428] [superpoint_node]: Errore pubblicazione keypoints 3D: could not assign tuple of length 3 to structure with 4 fields.
[superpoint_node-2] [INFO] [1768034001.919287908] [superpoint_node]: Keypoints estratti: 800
[superpoint_node-2] [ERROR] [1768034001.927674937] [superpoint_node]: Errore pubblicazione keypoints 3D: could not assign tuple of length 3 to structure with 4 fields.
[rtabmap-14] [INFO] [1768034001.959589321] [rtabmap]: rtabmap (988): Rate=0.50s, Limit=0.001s, Conversion=0.0009s, RTAB-Map=0.0431s, Maps update=0.0003s pub=0.0053s delay=0.0893s (local map=0, WM=0)
[superpoint_node-2] [INFO] [1768034002.021619277] [superpoint_node]: Keypoints estratti: 800
[superpoint_node-2] [ERROR] [1768034002.028535277] [superpoint_node]: Errore pubblicazione keypoints 3D: could not assign tuple of length 3 to structure with 4 fields.
[superpoint_node-2] [INFO] [1768034002.154785262] [superpoint_node]: Keypoints estratti: 800
[superpoint_node-2] [ERROR] [1768034002.161817244] [superpoint_node]: Errore pubblicazione keypoints 3D: could not assign tuple of length 3 to structure with 4 fields.
[superpoint_node-2] [INFO] [1768034002.253442491] [superpoint_node]: Keypoints estratti: 800
[superpoint_node-2] [ERROR] [1768034002.261117164] [superpoint_node]: Errore pubblicazione keypoints 3D: could not assign tuple of length 3 to structure with 4 fields.
[superpoint_node-2] [INFO] [1768034002.351775366] [superpoint_node]: Keypoints estratti: 800
[superpoint_node-2] [ERROR] [1768034002.358974738] [superpoint_node]: Errore pubblicazione keypoints 3D: could not assign tuple of length 3 to structure with 4 fields.
[rtabmap-14] [INFO] [1768034002.450229723] [rtabmap]: rtabmap (989): Rate=0.50s, Limit=0.001s, Conversion=0.0002s, RTAB-Map=0.0301s, Maps update=0.0008s pub=0.0033s delay=0.0501s (local map=0, WM=0)
[superpoint_node-2] [INFO] [1768034002.457587597] [superpoint_node]: Keypoints estratti: 800
[superpoint_node-2] [ERROR] [1768034002.464518837] [superpoint_node]: Errore pubblicazione keypoints 3D: could not assign tuple of length 3 to structure with 4 fields.
[superpoint_node-2] [INFO] [1768034002.556813608] [superpoint_node]: Keypoints estratti: 800
[superpoint_node-2] [ERROR] [1768034002.563759256] [superpoint_node]: Errore pubblicazione keypoints 3D: could not assign tuple of length 3 to structure with 4 fields.
[superpoint_node-2] [INFO] [1768034002.658851661] [superpoint_node]: Keypoints estratti: 800
[superpoint_node-2] [ERROR] [1768034002.665695289] [superpoint_node]: Errore pubblicazione keypoints 3D: could not assign tuple of length 3 to structure with 4 fields.
[superpoint_node-2] [INFO] [1768034002.759110903] [superpoint_node]: Keypoints estratti: 800
[superpoint_node-2] [ERROR] [1768034002.766287608] [superpoint_node]: Errore pubblicazione keypoints 3D: could not assign tuple of length 3 to structure with 4 fields.
[superpoint_node-2] [INFO] [1768034002.857915985] [superpoint_node]: Keypoints estratti: 800
[superpoint_node-2] [ERROR] [1768034002.864784947] [superpoint_node]: Errore pubblicazione keypoints 3D: could not assign tuple of length 3 to structure with 4 fields.
[superpoint_node-2] [INFO] [1768034003.017139677] [superpoint_node]: Keypoints estratti: 800
[superpoint_node-2] [ERROR] [1768034003.024012621] [superpoint_node]: Errore pubblicazione keypoints 3D: could not assign tuple of length 3 to structure with 4 fields.
[rtabmap-14] [INFO] [1768034003.119031099] [rtabmap]: rtabmap (990): Rate=0.50s, Limit=0.001s, Conversion=0.0002s, RTAB-Map=0.0352s, Maps update=0.0010s pub=0.0015s delay=0.2127s (local map=0, WM=0)
[superpoint_node-2] [INFO] [1768034003.128046782] [superpoint_node]: Keypoints estratti: 800
[superpoint_node-2] [ERROR] [1768034003.134975078] [superpoint_node]: Errore pubblicazione keypoints 3D: could not assign tuple of length 3 to structure with 4 fields.
[rtabmap-14] [33m[ WARN] (2026-01-10 09:33:18.295) CoreWrapper.cpp:1227::odomTFUpdate() Odometry is reset (identity pose detected). Increment map id![0m
[rtabmap-14] [33m[ WARN] (2026-01-10 09:33:18.641) MapsManager.cpp:863::publishMaps() Graph has changed! The whole cloud is regenerated.[0m
[rtabmap-14] [33m[ WARN] (2026-01-10 09:33:18.642) OccupancyGrid.cpp:169::getProbMap() Map info is empty, cannot generate probabilistic occupancy grid[0m
[rtabmap-14] [33m[ WARN] (2026-01-10 09:33:19.189) MapsManager.cpp:863::publishMaps() Graph has changed! The whole cloud is regenerated.[0m
[rtabmap-14] [33m[ WARN] (2026-01-10 09:33:19.189) OccupancyGrid.cpp:169::getProbMap() Map info is empty, cannot generate probabilistic occupancy grid[0m
[rtabmap-14] [33m[ WARN] (2026-01-10 09:33:19.904) MapsManager.cpp:863::publishMaps() Graph has changed! The whole cloud is regenerated.[0m
[rtabmap-14] [33m[ WARN] (2026-01-10 09:33:19.905) OccupancyGrid.cpp:169::getProbMap() Map info is empty, cannot generate probabilistic occupancy grid[0m
[rtabmap-14] [33m[ WARN] (2026-01-10 09:33:20.310) MapsManager.cpp:863::publishMaps() Graph has changed! The whole cloud is regenerated.[0m
[rtabmap-14] [33m[ WARN] (2026-01-10 09:33:20.313) OccupancyGrid.cpp:169::getProbMap() Map info is empty, cannot generate probabilistic occupancy grid[0m
[rtabmap-14] [33m[ WARN] (2026-01-10 09:33:20.861) MapsManager.cpp:863::publishMaps() Graph has changed! The whole cloud is regenerated.[0m
[rtabmap-14] [33m[ WARN] (2026-01-10 09:33:20.862) OccupancyGrid.cpp:169::getProbMap() Map info is empty, cannot generate probabilistic occupancy grid[0m
[rtabmap-14] [33m[ WARN] (2026-01-10 09:33:21.360) MapsManager.cpp:863::publishMaps() Graph has changed! The whole cloud is regenerated.[0m
[rtabmap-14] [33m[ WARN] (2026-01-10 09:33:21.362) OccupancyGrid.cpp:169::getProbMap() Map info is empty, cannot generate probabilistic occupancy grid[0m
[rtabmap-14] [33m[ WARN] (2026-01-10 09:33:21.954) MapsManager.cpp:863::publishMaps() Graph has changed! The whole cloud is regenerated.[0m
[rtabmap-14] [33m[ WARN] (2026-01-10 09:33:21.957) OccupancyGrid.cpp:169::getProbMap() Map info is empty, cannot generate probabilistic occupancy grid[0m
[rtabmap-14] [33m[ WARN] (2026-01-10 09:33:22.446) MapsManager.cpp:863::publishMaps() Graph has changed! The whole cloud is regenerated.[0m
[rtabmap-14] [33m[ WARN] (2026-01-10 09:33:22.449) OccupancyGrid.cpp:169::getProbMap() Map info is empty, cannot generate probabilistic occupancy grid[0m
[rtabmap-14] [33m[ WARN] (2026-01-10 09:33:23.117) MapsManager.cpp:863::publishMaps() Graph has changed! The whole cloud is regenerated.[0m
[rtabmap-14] [33m[ WARN] (2026-01-10 09:33:23.118) OccupancyGrid.cpp:169::getProbMap() Map info is empty, cannot generate probabilistic occupancy grid[0m
[superpoint_node-2] [INFO] [1768034003.226161618] [superpoint_node]: Keypoints estratti: 800
[superpoint_node-2] [ERROR] [1768034003.233080376] [superpoint_node]: Errore pubblicazione keypoints 3D: could not assign tuple of length 3 to structure with 4 fields.
[superpoint_node-2] [INFO] [1768034003.327792630] [superpoint_node]: Keypoints estratti: 800
[superpoint_node-2] [ERROR] [1768034003.334620295] [superpoint_node]: Errore pubblicazione keypoints 3D: could not assign tuple of length 3 to structure with 4 fields.
[superpoint_node-2] [INFO] [1768034003.425099719] [superpoint_node]: Keypoints estratti: 800
[superpoint_node-2] [ERROR] [1768034003.432282572] [superpoint_node]: Errore pubblicazione keypoints 3D: could not assign tuple of length 3 to structure with 4 fields.
[superpoint_node-2] [INFO] [1768034003.527498774] [superpoint_node]: Keypoints estratti: 800
[superpoint_node-2] [ERROR] [1768034003.537416982] [superpoint_node]: Errore pubblicazione keypoints 3D: could not assign tuple of length 3 to structure with 4 fields.
[rtabmap-14] [INFO] [1768034003.556019112] [rtabmap]: rtabmap (991): Rate=0.50s, Limit=0.001s, Conversion=0.0007s, RTAB-Map=0.0426s, Maps update=0.0003s pub=0.0010s delay=0.0796s (local map=0, WM=0)
[superpoint_node-2] [INFO] [1768034003.632365127] [superpoint_node]: Keypoints estratti: 800
[superpoint_node-2] [ERROR] [1768034003.640261726] [superpoint_node]: Errore pubblicazione keypoints 3D: could not assign tuple of length 3 to structure with 4 fields.
[superpoint_node-2] [INFO] [1768034003.732861222] [superpoint_node]: Keypoints estratti: 800
[superpoint_node-2] [ERROR] [1768034003.740402005] [superpoint_node]: Errore pubblicazione keypoints 3D: could not assign tuple of length 3 to structure with 4 fields.
[superpoint_node-2] [INFO] [1768034003.828756855] [superpoint_node]: Keypoints estratti: 800
[superpoint_node-2] [ERROR] [1768034003.835820356] [superpoint_node]: Errore pubblicazione keypoints 3D: could not assign tuple of length 3 to structure with 4 fields.
[superpoint_node-2] [INFO] [1768034004.022805029] [superpoint_node]: Keypoints estratti: 800
[superpoint_node-2] [ERROR] [1768034004.030249680] [superpoint_node]: Errore pubblicazione keypoints 3D: could not assign tuple of length 3 to structure with 4 fields.
[superpoint_node-2] [INFO] [1768034004.127103969] [superpoint_node]: Keypoints estratti: 800
[superpoint_node-2] [ERROR] [1768034004.134166840] [superpoint_node]: Errore pubblicazione keypoints 3D: could not assign tuple of length 3 to structure with 4 fields.
[rtabmap-14] [INFO] [1768034004.138041723] [rtabmap]: rtabmap (992): Rate=0.50s, Limit=0.001s, Conversion=0.0003s, RTAB-Map=0.0261s, Maps update=0.0003s pub=0.0023s delay=0.0656s (local map=0, WM=0)
[superpoint_node-2] [INFO] [1768034004.225436659] [superpoint_node]: Keypoints estratti: 800
[superpoint_node-2] [ERROR] [1768034004.232261047] [superpoint_node]: Errore pubblicazione keypoints 3D: could not assign tuple of length 3 to structure with 4 fields.
[superpoint_node-2] [INFO] [1768034004.322302411] [superpoint_node]: Keypoints estratti: 800
[superpoint_node-2] [ERROR] [1768034004.329118632] [superpoint_node]: Errore pubblicazione keypoints 3D: could not assign tuple of length 3 to structure with 4 fields.
[superpoint_node-2] [INFO] [1768034004.420303746] [superpoint_node]: Keypoints estratti: 800
[superpoint_node-2] [ERROR] [1768034004.427356728] [superpoint_node]: Errore pubblicazione keypoints 3D: could not assign tuple of length 3 to structure with 4 fields.
[superpoint_node-2] [INFO] [1768034004.521068677] [superpoint_node]: Keypoints estratti: 800
[superpoint_node-2] [ERROR] [1768034004.527988880] [superpoint_node]: Errore pubblicazione keypoints 3D: could not assign tuple of length 3 to structure with 4 fields.
[superpoint_node-2] [INFO] [1768034004.621112862] [superpoint_node]: Keypoints estratti: 800
[superpoint_node-2] [ERROR] [1768034004.627838453] [superpoint_node]: Errore pubblicazione keypoints 3D: could not assign tuple of length 3 to structure with 4 fields.
[superpoint_node-2] [INFO] [1768034004.723078266] [superpoint_node]: Keypoints estratti: 800
[superpoint_node-2] [ERROR] [1768034004.731670556] [superpoint_node]: Errore pubblicazione keypoints 3D: could not assign tuple of length 3 to structure with 4 fields.
[rtabmap-14] [INFO] [1768034004.759149756] [rtabmap]: rtabmap (993): Rate=0.50s, Limit=0.001s, Conversion=0.0002s, RTAB-Map=0.0393s, Maps update=0.0011s pub=0.0055s delay=0.0897s (local map=0, WM=0)
[superpoint_node-2] [INFO] [1768034004.828390937] [superpoint_node]: Keypoints estratti: 800
[superpoint_node-2] [ERROR] [1768034004.835237899] [superpoint_node]: Errore pubblicazione keypoints 3D: could not assign tuple of length 3 to structure with 4 fields.
[superpoint_node-2] [INFO] [1768034005.018278447] [superpoint_node]: Keypoints estratti: 800
[superpoint_node-2] [ERROR] [1768034005.025091816] [superpoint_node]: Errore pubblicazione keypoints 3D: could not assign tuple of length 3 to structure with 4 fields.
[superpoint_node-2] [INFO] [1768034005.119872996] [superpoint_node]: Keypoints estratti: 800
[superpoint_node-2] [ERROR] [1768034005.126784995] [superpoint_node]: Errore pubblicazione keypoints 3D: could not assign tuple of length 3 to structure with 4 fields.
[superpoint_node-2] [INFO] [1768034005.231170048] [superpoint_node]: Keypoints estratti: 800
[superpoint_node-2] [ERROR] [1768034005.238437606] [superpoint_node]: Errore pubblicazione keypoints 3D: could not assign tuple of length 3 to structure with 4 fields.
[rtabmap-14] [INFO] [1768034005.260335780] [rtabmap]: rtabmap (994): Rate=0.50s, Limit=0.001s, Conversion=0.0002s, RTAB-Map=0.0469s, Maps update=0.0023s pub=0.0018s delay=0.0892s (local map=0, WM=0)
[superpoint_node-2] [INFO] [1768034005.333621696] [superpoint_node]: Keypoints estratti: 800
[superpoint_node-2] [ERROR] [1768034005.341108497] [superpoint_node]: Errore pubblicazione keypoints 3D: could not assign tuple of length 3 to structure with 4 fields.
[superpoint_node-2] [INFO] [1768034005.434296349] [superpoint_node]: Keypoints estratti: 800
[superpoint_node-2] [ERROR] [1768034005.442746490] [superpoint_node]: Errore pubblicazione keypoints 3D: could not assign tuple of length 3 to structure with 4 fields.
[superpoint_node-2] [INFO] [1768034005.533373119] [superpoint_node]: Keypoints estratti: 800
[superpoint_node-2] [ERROR] [1768034005.541453164] [superpoint_node]: Errore pubblicazione keypoints 3D: could not assign tuple of length 3 to structure with 4 fields.
[superpoint_node-2] [INFO] [1768034005.630783449] [superpoint_node]: Keypoints estratti: 800
[superpoint_node-2] [ERROR] [1768034005.637684504] [superpoint_node]: Errore pubblicazione keypoints 3D: could not assign tuple of length 3 to structure with 4 fields.
[superpoint_node-2] [INFO] [1768034005.750725514] [superpoint_node]: Keypoints estratti: 800
[superpoint_node-2] [ERROR] [1768034005.759013043] [superpoint_node]: Errore pubblicazione keypoints 3D: could not assign tuple of length 3 to structure with 4 fields.
[rtabmap-14] [INFO] [1768034005.775225450] [rtabmap]: rtabmap (995): Rate=0.50s, Limit=0.001s, Conversion=0.0003s, RTAB-Map=0.0514s, Maps update=0.0003s pub=0.0012s delay=0.0952s (local map=0, WM=0)
[superpoint_node-2] [INFO] [1768034005.853722704] [superpoint_node]: Keypoints estratti: 800
[superpoint_node-2] [ERROR] [1768034005.860686315] [superpoint_node]: Errore pubblicazione keypoints 3D: could not assign tuple of length 3 to structure with 4 fields.
[superpoint_node-2] [INFO] [1768034005.955083029] [superpoint_node]: Keypoints estratti: 800
[superpoint_node-2] [ERROR] [1768034005.962409846] [superpoint_node]: Errore pubblicazione keypoints 3D: could not assign tuple of length 3 to structure with 4 fields.
[superpoint_node-2] [INFO] [1768034006.054519246] [superpoint_node]: Keypoints estratti: 800
[superpoint_node-2] [ERROR] [1768034006.061277485] [superpoint_node]: Errore pubblicazione keypoints 3D: could not assign tuple of length 3 to structure with 4 fields.
[superpoint_node-2] [INFO] [1768034006.159118985] [superpoint_node]: Keypoints estratti: 800
[superpoint_node-2] [ERROR] [1768034006.165994743] [superpoint_node]: Errore pubblicazione keypoints 3D: could not assign tuple of length 3 to structure with 4 fields.
[superpoint_node-2] [INFO] [1768034006.259129040] [superpoint_node]: Keypoints estratti: 800
[superpoint_node-2] [ERROR] [1768034006.266851620] [superpoint_node]: Errore pubblicazione keypoints 3D: could not assign tuple of length 3 to structure with 4 fields.
[rtabmap-14] [INFO] [1768034006.277365963] [rtabmap]: rtabmap (996): Rate=0.50s, Limit=0.001s, Conversion=0.0003s, RTAB-Map=0.0244s, Maps update=0.0008s pub=0.0017s delay=0.0701s (local map=0, WM=0)
[superpoint_node-2] [INFO] [1768034006.396394521] [superpoint_node]: Keypoints estratti: 800
[superpoint_node-2] [ERROR] [1768034006.403282650] [superpoint_node]: Errore pubblicazione keypoints 3D: could not assign tuple of length 3 to structure with 4 fields.
[superpoint_node-2] [INFO] [1768034006.492544119] [superpoint_node]: Keypoints estratti: 800
[superpoint_node-2] [ERROR] [1768034006.499631657] [superpoint_node]: Errore pubblicazione keypoints 3D: could not assign tuple of length 3 to structure with 4 fields.
[superpoint_node-2] [INFO] [1768034006.595481975] [superpoint_node]: Keypoints estratti: 800
[superpoint_node-2] [ERROR] [1768034006.602480660] [superpoint_node]: Errore pubblicazione keypoints 3D: could not assign tuple of length 3 to structure with 4 fields.
[superpoint_node-2] [INFO] [1768034006.693703478] [superpoint_node]: Keypoints estratti: 800
[superpoint_node-2] [ERROR] [1768034006.700609385] [superpoint_node]: Errore pubblicazione keypoints 3D: could not assign tuple of length 3 to structure with 4 fields.
[superpoint_node-2] [INFO] [1768034006.794945154] [superpoint_node]: Keypoints estratti: 800
[superpoint_node-2] [ERROR] [1768034006.801997729] [superpoint_node]: Errore pubblicazione keypoints 3D: could not assign tuple of length 3 to structure with 4 fields.
[rtabmap-14] [INFO] [1768034006.868158959] [rtabmap]: rtabmap (997): Rate=0.50s, Limit=0.001s, Conversion=0.0002s, RTAB-Map=0.0475s, Maps update=0.0004s pub=0.0014s delay=0.1226s (local map=0, WM=0)
[superpoint_node-2] [INFO] [1768034006.901137665] [superpoint_node]: Keypoints estratti: 800
[superpoint_node-2] [ERROR] [1768034006.908681670] [superpoint_node]: Errore pubblicazione keypoints 3D: could not assign tuple of length 3 to structure with 4 fields.
[superpoint_node-2] [INFO] [1768034006.997820305] [superpoint_node]: Keypoints estratti: 800
[superpoint_node-2] [ERROR] [1768034007.004781156] [superpoint_node]: Errore pubblicazione keypoints 3D: could not assign tuple of length 3 to structure with 4 fields.
[superpoint_node-2] [INFO] [1768034007.096475164] [superpoint_node]: Keypoints estratti: 800
[superpoint_node-2] [ERROR] [1768034007.103500590] [superpoint_node]: Errore pubblicazione keypoints 3D: could not assign tuple of length 3 to structure with 4 fields.
[superpoint_node-2] [INFO] [1768034007.196236216] [superpoint_node]: Keypoints estratti: 800
[superpoint_node-2] [ERROR] [1768034007.203231846] [superpoint_node]: Errore pubblicazione keypoints 3D: could not assign tuple of length 3 to structure with 4 fields.
[superpoint_node-2] [INFO] [1768034007.294776982] [superpoint_node]: Keypoints estratti: 800
[superpoint_node-2] [ERROR] [1768034007.301806371] [superpoint_node]: Errore pubblicazione keypoints 3D: could not assign tuple of length 3 to structure with 4 fields.
[superpoint_node-2] [INFO] [1768034007.400805307] [superpoint_node]: Keypoints estratti: 800
[superpoint_node-2] [ERROR] [1768034007.409247800] [superpoint_node]: Errore pubblicazione keypoints 3D: could not assign tuple of length 3 to structure with 4 fields.
[rtabmap-14] [INFO] [1768034007.427253313] [rtabmap]: rtabmap (998): Rate=0.50s, Limit=0.001s, Conversion=0.0002s, RTAB-Map=0.0412s, Maps update=0.0015s pub=0.0036s delay=0.0834s (local map=0, WM=0)
[superpoint_node-2] [INFO] [1768034007.498482806] [superpoint_node]: Keypoints estratti: 800
[superpoint_node-2] [ERROR] [1768034007.505587696] [superpoint_node]: Errore pubblicazione keypoints 3D: could not assign tuple of length 3 to structure with 4 fields.
[superpoint_node-2] [INFO] [1768034007.594493662] [superpoint_node]: Keypoints estratti: 800
[superpoint_node-2] [ERROR] [1768034007.601298161] [superpoint_node]: Errore pubblicazione keypoints 3D: could not assign tuple of length 3 to structure with 4 fields.
[superpoint_node-2] [INFO] [1768034007.693938361] [superpoint_node]: Keypoints estratti: 800
[superpoint_node-2] [ERROR] [1768034007.701238660] [superpoint_node]: Errore pubblicazione keypoints 3D: could not assign tuple of length 3 to structure with 4 fields.
[superpoint_node-2] [INFO] [1768034007.789222896] [superpoint_node]: Keypoints estratti: 800
[superpoint_node-2] [ERROR] [1768034007.796337916] [superpoint_node]: Errore pubblicazione keypoints 3D: could not assign tuple of length 3 to structure with 4 fields.
[superpoint_node-2] [INFO] [1768034007.889294341] [superpoint_node]: Keypoints estratti: 800
[superpoint_node-2] [ERROR] [1768034007.896461157] [superpoint_node]: Errore pubblicazione keypoints 3D: could not assign tuple of length 3 to structure with 4 fields.
[superpoint_node-2] [INFO] [1768034007.988455759] [superpoint_node]: Keypoints estratti: 800
[superpoint_node-2] [ERROR] [1768034007.995649650] [superpoint_node]: Errore pubblicazione keypoints 3D: could not assign tuple of length 3 to structure with 4 fields.
[rtabmap-14] [INFO] [1768034008.034841665] [rtabmap]: rtabmap (999): Rate=0.50s, Limit=0.001s, Conversion=0.0007s, RTAB-Map=0.0423s, Maps update=0.0009s pub=0.0045s delay=0.0969s (local map=0, WM=0)
[superpoint_node-2] [INFO] [1768034008.092616995] [superpoint_node]: Keypoints estratti: 800
[superpoint_node-2] [ERROR] [1768034008.100051073] [superpoint_node]: Errore pubblicazione keypoints 3D: could not assign tuple of length 3 to structure with 4 fields.
[rtabmap-14] [33m[ WARN] (2026-01-10 09:33:23.554) MapsManager.cpp:863::publishMaps() Graph has changed! The whole cloud is regenerated.[0m
[rtabmap-14] [33m[ WARN] (2026-01-10 09:33:23.555) OccupancyGrid.cpp:169::getProbMap() Map info is empty, cannot generate probabilistic occupancy grid[0m
[rtabmap-14] [33m[ WARN] (2026-01-10 09:33:23.891) CoreWrapper.cpp:1227::odomTFUpdate() Odometry is reset (identity pose detected). Increment map id![0m
[rtabmap-14] [33m[ WARN] (2026-01-10 09:33:24.135) MapsManager.cpp:863::publishMaps() Graph has changed! The whole cloud is regenerated.[0m
[rtabmap-14] [33m[ WARN] (2026-01-10 09:33:24.136) OccupancyGrid.cpp:169::getProbMap() Map info is empty, cannot generate probabilistic occupancy grid[0m
[rtabmap-14] [33m[ WARN] (2026-01-10 09:33:24.753) MapsManager.cpp:863::publishMaps() Graph has changed! The whole cloud is regenerated.[0m
[rtabmap-14] [33m[ WARN] (2026-01-10 09:33:24.757) OccupancyGrid.cpp:169::getProbMap() Map info is empty, cannot generate probabilistic occupancy grid[0m
[rtabmap-14] [33m[ WARN] (2026-01-10 09:33:24.897) CoreWrapper.cpp:1227::odomTFUpdate() Odometry is reset (identity pose detected). Increment map id![0m
[rtabmap-14] [33m[ WARN] (2026-01-10 09:33:25.258) MapsManager.cpp:863::publishMaps() Graph has changed! The whole cloud is regenerated.[0m
[rtabmap-14] [33m[ WARN] (2026-01-10 09:33:25.259) OccupancyGrid.cpp:169::getProbMap() Map info is empty, cannot generate probabilistic occupancy grid[0m
[rtabmap-14] [33m[ WARN] (2026-01-10 09:33:25.773) MapsManager.cpp:863::publishMaps() Graph has changed! The whole cloud is regenerated.[0m
[rtabmap-14] [33m[ WARN] (2026-01-10 09:33:25.774) OccupancyGrid.cpp:169::getProbMap() Map info is empty, cannot generate probabilistic occupancy grid[0m
[rtabmap-14] [33m[ WARN] (2026-01-10 09:33:26.275) MapsManager.cpp:863::publishMaps() Graph has changed! The whole cloud is regenerated.[0m
[rtabmap-14] [33m[ WARN] (2026-01-10 09:33:26.276) OccupancyGrid.cpp:169::getProbMap() Map info is empty, cannot generate probabilistic occupancy grid[0m
[rtabmap-14] [33m[ WARN] (2026-01-10 09:33:26.866) MapsManager.cpp:863::publishMaps() Graph has changed! The whole cloud is regenerated.[0m
[rtabmap-14] [33m[ WARN] (2026-01-10 09:33:26.867) OccupancyGrid.cpp:169::getProbMap() Map info is empty, cannot generate probabilistic occupancy grid[0m
[rtabmap-14] [33m[ WARN] (2026-01-10 09:33:27.423) MapsManager.cpp:863::publishMaps() Graph has changed! The whole cloud is regenerated.[0m
[rtabmap-14] [33m[ WARN] (2026-01-10 09:33:27.425) OccupancyGrid.cpp:169::getProbMap() Map info is empty, cannot generate probabilistic occupancy grid[0m
[rtabmap-14] [33m[ WARN] (2026-01-10 09:33:28.030) MapsManager.cpp:863::publishMaps() Graph has changed! The whole cloud is regenerated.[0m
[rtabmap-14] [33m[ WARN] (2026-01-10 09:33:28.031) OccupancyGrid.cpp:169::getProbMap() Map info is empty, cannot generate probabilistic occupancy grid[0m
[superpoint_node-2] [INFO] [1768034008.193999839] [superpoint_node]: Keypoints estratti: 800
[superpoint_node-2] [ERROR] [1768034008.201112154] [superpoint_node]: Errore pubblicazione keypoints 3D: could not assign tuple of length 3 to structure with 4 fields.
[superpoint_node-2] [INFO] [1768034008.289775063] [superpoint_node]: Keypoints estratti: 800
[superpoint_node-2] [ERROR] [1768034008.296823101] [superpoint_node]: Errore pubblicazione keypoints 3D: could not assign tuple of length 3 to structure with 4 fields.
[superpoint_node-2] [INFO] [1768034008.391748208] [superpoint_node]: Keypoints estratti: 800
[superpoint_node-2] [ERROR] [1768034008.398995692] [superpoint_node]: Errore pubblicazione keypoints 3D: could not assign tuple of length 3 to structure with 4 fields.
[superpoint_node-2] [INFO] [1768034008.494193578] [superpoint_node]: Keypoints estratti: 800
[superpoint_node-2] [ERROR] [1768034008.501270505] [superpoint_node]: Errore pubblicazione keypoints 3D: could not assign tuple of length 3 to structure with 4 fields.
[rtabmap-14] [INFO] [1768034008.557044727] [rtabmap]: rtabmap (1000): Rate=0.50s, Limit=0.001s, Conversion=0.0003s, RTAB-Map=0.0391s, Maps update=0.0011s pub=0.0071s delay=0.1139s (local map=0, WM=0)
[superpoint_node-2] [INFO] [1768034008.598840763] [superpoint_node]: Keypoints estratti: 800
[superpoint_node-2] [ERROR] [1768034008.606469416] [superpoint_node]: Errore pubblicazione keypoints 3D: could not assign tuple of length 3 to structure with 4 fields.
[superpoint_node-2] [INFO] [1768034008.699759084] [superpoint_node]: Keypoints estratti: 800
[superpoint_node-2] [ERROR] [1768034008.707520831] [superpoint_node]: Errore pubblicazione keypoints 3D: could not assign tuple of length 3 to structure with 4 fields.
[superpoint_node-2] [INFO] [1768034008.798878076] [superpoint_node]: Keypoints estratti: 800
[superpoint_node-2] [ERROR] [1768034008.807084456] [superpoint_node]: Errore pubblicazione keypoints 3D: could not assign tuple of length 3 to structure with 4 fields.
[superpoint_node-2] [INFO] [1768034008.897219192] [superpoint_node]: Keypoints estratti: 800
[superpoint_node-2] [ERROR] [1768034008.904138228] [superpoint_node]: Errore pubblicazione keypoints 3D: could not assign tuple of length 3 to structure with 4 fields.
[superpoint_node-2] [INFO] [1768034009.000161103] [superpoint_node]: Keypoints estratti: 800
[rtabmap-14] [INFO] [1768034009.005537924] [rtabmap]: rtabmap (1001): Rate=0.50s, Limit=0.001s, Conversion=0.0005s, RTAB-Map=0.0233s, Maps update=0.0003s pub=0.0011s delay=0.0599s (local map=0, WM=0)
[superpoint_node-2] [ERROR] [1768034009.009903681] [superpoint_node]: Errore pubblicazione keypoints 3D: could not assign tuple of length 3 to structure with 4 fields.
[superpoint_node-2] [INFO] [1768034009.101510410] [superpoint_node]: Keypoints estratti: 800
[superpoint_node-2] [ERROR] [1768034009.110432166] [superpoint_node]: Errore pubblicazione keypoints 3D: could not assign tuple of length 3 to structure with 4 fields.
[superpoint_node-2] [INFO] [1768034009.203776723] [superpoint_node]: Keypoints estratti: 800
[superpoint_node-2] [ERROR] [1768034009.211801176] [superpoint_node]: Errore pubblicazione keypoints 3D: could not assign tuple of length 3 to structure with 4 fields.
[superpoint_node-2] [INFO] [1768034009.301892078] [superpoint_node]: Keypoints estratti: 800
[superpoint_node-2] [ERROR] [1768034009.309495342] [superpoint_node]: Errore pubblicazione keypoints 3D: could not assign tuple of length 3 to structure with 4 fields.
[superpoint_node-2] [INFO] [1768034009.408017866] [superpoint_node]: Keypoints estratti: 800
[superpoint_node-2] [ERROR] [1768034009.415108163] [superpoint_node]: Errore pubblicazione keypoints 3D: could not assign tuple of length 3 to structure with 4 fields.
[superpoint_node-2] [INFO] [1768034009.506655503] [superpoint_node]: Keypoints estratti: 800
[superpoint_node-2] [ERROR] [1768034009.514189989] [superpoint_node]: Errore pubblicazione keypoints 3D: could not assign tuple of length 3 to structure with 4 fields.
[rtabmap-14] [INFO] [1768034009.532767173] [rtabmap]: rtabmap (1002): Rate=0.50s, Limit=0.001s, Conversion=0.0002s, RTAB-Map=0.0214s, Maps update=0.0003s pub=0.0011s delay=0.0759s (local map=0, WM=0)
[superpoint_node-2] [INFO] [1768034009.611457207] [superpoint_node]: Keypoints estratti: 800
[superpoint_node-2] [ERROR] [1768034009.618635208] [superpoint_node]: Errore pubblicazione keypoints 3D: could not assign tuple of length 3 to structure with 4 fields.
[superpoint_node-2] [INFO] [1768034009.710848849] [superpoint_node]: Keypoints estratti: 800
[superpoint_node-2] [ERROR] [1768034009.717893016] [superpoint_node]: Errore pubblicazione keypoints 3D: could not assign tuple of length 3 to structure with 4 fields.
[superpoint_node-2] [INFO] [1768034009.815709295] [superpoint_node]: Keypoints estratti: 800
[superpoint_node-2] [ERROR] [1768034009.822569720] [superpoint_node]: Errore pubblicazione keypoints 3D: could not assign tuple of length 3 to structure with 4 fields.
[superpoint_node-2] [INFO] [1768034009.916851266] [superpoint_node]: Keypoints estratti: 800
[superpoint_node-2] [ERROR] [1768034009.924564605] [superpoint_node]: Errore pubblicazione keypoints 3D: could not assign tuple of length 3 to structure with 4 fields.
[superpoint_node-2] [INFO] [1768034010.029751701] [superpoint_node]: Keypoints estratti: 800
[superpoint_node-2] [ERROR] [1768034010.039656020] [superpoint_node]: Errore pubblicazione keypoints 3D: could not assign tuple of length 3 to structure with 4 fields.
[rtabmap-14] [INFO] [1768034010.053018479] [rtabmap]: rtabmap (1003): Rate=0.50s, Limit=0.001s, Conversion=0.0018s, RTAB-Map=0.0403s, Maps update=0.0003s pub=0.0012s delay=0.0843s (local map=0, WM=0)
[superpoint_node-2] [INFO] [1768034010.155506312] [superpoint_node]: Keypoints estratti: 800
[superpoint_node-2] [ERROR] [1768034010.164718349] [superpoint_node]: Errore pubblicazione keypoints 3D: could not assign tuple of length 3 to structure with 4 fields.
[superpoint_node-2] [INFO] [1768034010.268490508] [superpoint_node]: Keypoints estratti: 800
[superpoint_node-2] [ERROR] [1768034010.277403930] [superpoint_node]: Errore pubblicazione keypoints 3D: could not assign tuple of length 3 to structure with 4 fields.
[superpoint_node-2] [INFO] [1768034010.383539201] [superpoint_node]: Keypoints estratti: 800
[superpoint_node-2] [ERROR] [1768034010.391282781] [superpoint_node]: Errore pubblicazione keypoints 3D: could not assign tuple of length 3 to structure with 4 fields.
[superpoint_node-2] [INFO] [1768034010.495950206] [superpoint_node]: Keypoints estratti: 800
[superpoint_node-2] [ERROR] [1768034010.503599600] [superpoint_node]: Errore pubblicazione keypoints 3D: could not assign tuple of length 3 to structure with 4 fields.
[superpoint_node-2] [INFO] [1768034010.603395116] [superpoint_node]: Keypoints estratti: 800
[superpoint_node-2] [ERROR] [1768034010.611963721] [superpoint_node]: Errore pubblicazione keypoints 3D: could not assign tuple of length 3 to structure with 4 fields.
[rtabmap-14] [INFO] [1768034010.682438023] [rtabmap]: rtabmap (1004): Rate=0.50s, Limit=0.001s, Conversion=0.0002s, RTAB-Map=0.0577s, Maps update=0.0025s pub=0.0015s delay=0.1326s (local map=0, WM=0)
[superpoint_node-2] [INFO] [1768034010.723202773] [superpoint_node]: Keypoints estratti: 800
[superpoint_node-2] [ERROR] [1768034010.730197329] [superpoint_node]: Errore pubblicazione keypoints 3D: could not assign tuple of length 3 to structure with 4 fields.
[superpoint_node-2] [INFO] [1768034010.831377874] [superpoint_node]: Keypoints estratti: 800
[superpoint_node-2] [ERROR] [1768034010.840304204] [superpoint_node]: Errore pubblicazione keypoints 3D: could not assign tuple of length 3 to structure with 4 fields.
[superpoint_node-2] [INFO] [1768034010.944749739] [superpoint_node]: Keypoints estratti: 800
[superpoint_node-2] [ERROR] [1768034010.952344077] [superpoint_node]: Errore pubblicazione keypoints 3D: could not assign tuple of length 3 to structure with 4 fields.
[superpoint_node-2] [INFO] [1768034011.055160840] [superpoint_node]: Keypoints estratti: 800
[superpoint_node-2] [ERROR] [1768034011.062921364] [superpoint_node]: Errore pubblicazione keypoints 3D: could not assign tuple of length 3 to structure with 4 fields.
[superpoint_node-2] [INFO] [1768034011.170216551] [superpoint_node]: Keypoints estratti: 800
[superpoint_node-2] [ERROR] [1768034011.178687415] [superpoint_node]: Errore pubblicazione keypoints 3D: could not assign tuple of length 3 to structure with 4 fields.
[rtabmap-14] [INFO] [1768034011.212978669] [rtabmap]: rtabmap (1005): Rate=0.50s, Limit=0.001s, Conversion=0.0007s, RTAB-Map=0.0560s, Maps update=0.0004s pub=0.0065s delay=0.1015s (local map=0, WM=0)
[superpoint_node-2] [INFO] [1768034011.281503807] [superpoint_node]: Keypoints estratti: 800
[superpoint_node-2] [ERROR] [1768034011.289294998] [superpoint_node]: Errore pubblicazione keypoints 3D: could not assign tuple of length 3 to structure with 4 fields.
[foxglove_bridge-12] [INFO] [1768034011.358642828] [foxglove_bridge]: publishing connection graph
[superpoint_node-2] [INFO] [1768034011.417063144] [superpoint_node]: Keypoints estratti: 800
[superpoint_node-2] [ERROR] [1768034011.428331216] [superpoint_node]: Errore pubblicazione keypoints 3D: could not assign tuple of length 3 to structure with 4 fields.
[superpoint_node-2] [INFO] [1768034011.533374218] [superpoint_node]: Keypoints estratti: 800
[superpoint_node-2] [ERROR] [1768034011.542803589] [superpoint_node]: Errore pubblicazione keypoints 3D: could not assign tuple of length 3 to structure with 4 fields.
[superpoint_node-2] [INFO] [1768034011.646377487] [superpoint_node]: Keypoints estratti: 800
[superpoint_node-2] [ERROR] [1768034011.654292754] [superpoint_node]: Errore pubblicazione keypoints 3D: could not assign tuple of length 3 to structure with 4 fields.
[superpoint_node-2] [INFO] [1768034011.775376439] [superpoint_node]: Keypoints estratti: 800
[superpoint_node-2] [ERROR] [1768034011.784269399] [superpoint_node]: Errore pubblicazione keypoints 3D: could not assign tuple of length 3 to structure with 4 fields.
[rtabmap-14] [INFO] [1768034011.826610791] [rtabmap]: rtabmap (1006): Rate=0.50s, Limit=0.001s, Conversion=0.0002s, RTAB-Map=0.0401s, Maps update=0.0007s pub=0.0049s delay=0.1137s (local map=0, WM=0)
[superpoint_node-2] [INFO] [1768034011.884531696] [superpoint_node]: Keypoints estratti: 800
[superpoint_node-2] [ERROR] [1768034011.892192943] [superpoint_node]: Errore pubblicazione keypoints 3D: could not assign tuple of length 3 to structure with 4 fields.
[foxglove_bridge-12] [INFO] [1768034011.998545585] [foxglove_bridge]: publishing connection graph
[superpoint_node-2] [INFO] [1768034012.013879688] [superpoint_node]: Keypoints estratti: 800
[superpoint_node-2] [ERROR] [1768034012.021906937] [superpoint_node]: Errore pubblicazione keypoints 3D: could not assign tuple of length 3 to structure with 4 fields.
[superpoint_node-2] [INFO] [1768034012.116870045] [superpoint_node]: Keypoints estratti: 800
[superpoint_node-2] [ERROR] [1768034012.124189121] [superpoint_node]: Errore pubblicazione keypoints 3D: could not assign tuple of length 3 to structure with 4 fields.
[superpoint_node-2] [INFO] [1768034012.217055860] [superpoint_node]: Keypoints estratti: 800
[superpoint_node-2] [ERROR] [1768034012.224361455] [superpoint_node]: Errore pubblicazione keypoints 3D: could not assign tuple of length 3 to structure with 4 fields.
[rtabmap-14] [INFO] [1768034012.311106849] [rtabmap]: rtabmap (1007): Rate=0.50s, Limit=0.001s, Conversion=0.0003s, RTAB-Map=0.0243s, Maps update=0.0012s pub=0.0016s delay=0.0454s (local map=0, WM=0)
[superpoint_node-2] [INFO] [1768034012.324922626] [superpoint_node]: Keypoints estratti: 800
[superpoint_node-2] [ERROR] [1768034012.332061590] [superpoint_node]: Errore pubblicazione keypoints 3D: could not assign tuple of length 3 to structure with 4 fields.
[superpoint_node-2] [INFO] [1768034012.428524709] [superpoint_node]: Keypoints estratti: 800
[superpoint_node-2] [ERROR] [1768034012.435739526] [superpoint_node]: Errore pubblicazione keypoints 3D: could not assign tuple of length 3 to structure with 4 fields.
[foxglove_bridge-12] [INFO] [1768034012.524740789] [foxglove_bridge]: publishing connection graph
[superpoint_node-2] [INFO] [1768034012.532910910] [superpoint_node]: Keypoints estratti: 800
[superpoint_node-2] [ERROR] [1768034012.540022152] [superpoint_node]: Errore pubblicazione keypoints 3D: could not assign tuple of length 3 to structure with 4 fields.
[superpoint_node-2] [INFO] [1768034012.642393688] [superpoint_node]: Keypoints estratti: 800
[superpoint_node-2] [ERROR] [1768034012.650880311] [superpoint_node]: Errore pubblicazione keypoints 3D: could not assign tuple of length 3 to structure with 4 fields.
[superpoint_node-2] [INFO] [1768034012.751892615] [superpoint_node]: Keypoints estratti: 800
[superpoint_node-2] [ERROR] [1768034012.758929689] [superpoint_node]: Errore pubblicazione keypoints 3D: could not assign tuple of length 3 to structure with 4 fields.
[superpoint_node-2] [INFO] [1768034012.863735208] [superpoint_node]: Keypoints estratti: 800
[superpoint_node-2] [ERROR] [1768034012.872436852] [superpoint_node]: Errore pubblicazione keypoints 3D: could not assign tuple of length 3 to structure with 4 fields.
[rtabmap-14] [INFO] [1768034012.902009179] [rtabmap]: rtabmap (1008): Rate=0.50s, Limit=0.001s, Conversion=0.0002s, RTAB-Map=0.0453s, Maps update=0.0023s pub=0.0014s delay=0.0981s (local map=0, WM=0)
[superpoint_node-2] [INFO] [1768034012.971501103] [superpoint_node]: Keypoints estratti: 800
[superpoint_node-2] [ERROR] [1768034012.978664660] [superpoint_node]: Errore pubblicazione keypoints 3D: could not assign tuple of length 3 to structure with 4 fields.
[superpoint_node-2] [INFO] [1768034013.078076876] [superpoint_node]: Keypoints estratti: 800
[superpoint_node-2] [ERROR] [1768034013.085767882] [superpoint_node]: Errore pubblicazione keypoints 3D: could not assign tuple of length 3 to structure with 4 fields.
[rtabmap-14] [33m[ WARN] (2026-01-10 09:33:28.549) MapsManager.cpp:863::publishMaps() Graph has changed! The whole cloud is regenerated.[0m
[rtabmap-14] [33m[ WARN] (2026-01-10 09:33:28.555) OccupancyGrid.cpp:169::getProbMap() Map info is empty, cannot generate probabilistic occupancy grid[0m
[rtabmap-14] [33m[ WARN] (2026-01-10 09:33:29.004) MapsManager.cpp:863::publishMaps() Graph has changed! The whole cloud is regenerated.[0m
[rtabmap-14] [33m[ WARN] (2026-01-10 09:33:29.004) OccupancyGrid.cpp:169::getProbMap() Map info is empty, cannot generate probabilistic occupancy grid[0m
[rtabmap-14] [33m[ WARN] (2026-01-10 09:33:29.531) MapsManager.cpp:863::publishMaps() Graph has changed! The whole cloud is regenerated.[0m
[rtabmap-14] [33m[ WARN] (2026-01-10 09:33:29.532) OccupancyGrid.cpp:169::getProbMap() Map info is empty, cannot generate probabilistic occupancy grid[0m
[rtabmap-14] [33m[ WARN] (2026-01-10 09:33:30.051) MapsManager.cpp:863::publishMaps() Graph has changed! The whole cloud is regenerated.[0m
[rtabmap-14] [33m[ WARN] (2026-01-10 09:33:30.052) OccupancyGrid.cpp:169::getProbMap() Map info is empty, cannot generate probabilistic occupancy grid[0m
[rtabmap-14] [33m[ WARN] (2026-01-10 09:33:30.680) MapsManager.cpp:863::publishMaps() Graph has changed! The whole cloud is regenerated.[0m
[rtabmap-14] [33m[ WARN] (2026-01-10 09:33:30.681) OccupancyGrid.cpp:169::getProbMap() Map info is empty, cannot generate probabilistic occupancy grid[0m
[rtabmap-14] [33m[ WARN] (2026-01-10 09:33:31.206) MapsManager.cpp:863::publishMaps() Graph has changed! The whole cloud is regenerated.[0m
[rtabmap-14] [33m[ WARN] (2026-01-10 09:33:31.209) OccupancyGrid.cpp:169::getProbMap() Map info is empty, cannot generate probabilistic occupancy grid[0m
[rtabmap-14] [33m[ WARN] (2026-01-10 09:33:31.821) MapsManager.cpp:863::publishMaps() Graph has changed! The whole cloud is regenerated.[0m
[rtabmap-14] [33m[ WARN] (2026-01-10 09:33:31.824) OccupancyGrid.cpp:169::getProbMap() Map info is empty, cannot generate probabilistic occupancy grid[0m
[rtabmap-14] [33m[ WARN] (2026-01-10 09:33:32.309) MapsManager.cpp:863::publishMaps() Graph has changed! The whole cloud is regenerated.[0m
[rtabmap-14] [33m[ WARN] (2026-01-10 09:33:32.310) OccupancyGrid.cpp:169::getProbMap() Map info is empty, cannot generate probabilistic occupancy grid[0m
[rtabmap-14] [33m[ WARN] (2026-01-10 09:33:32.900) MapsManager.cpp:863::publishMaps() Graph has changed! The whole cloud is regenerated.[0m
[rtabmap-14] [33m[ WARN] (2026-01-10 09:33:32.901) OccupancyGrid.cpp:169::getProbMap() Map info is empty, cannot generate probabilistic occupancy grid[0m
[superpoint_node-2] [INFO] [1768034013.185308563] [superpoint_node]: Keypoints estratti: 800
[superpoint_node-2] [ERROR] [1768034013.192451934] [superpoint_node]: Errore pubblicazione keypoints 3D: could not assign tuple of length 3 to structure with 4 fields.
[superpoint_node-2] [INFO] [1768034013.285540138] [superpoint_node]: Keypoints estratti: 800
[superpoint_node-2] [ERROR] [1768034013.292555916] [superpoint_node]: Errore pubblicazione keypoints 3D: could not assign tuple of length 3 to structure with 4 fields.
[superpoint_node-2] [INFO] [1768034013.390853772] [superpoint_node]: Keypoints estratti: 800
[superpoint_node-2] [ERROR] [1768034013.397921662] [superpoint_node]: Errore pubblicazione keypoints 3D: could not assign tuple of length 3 to structure with 4 fields.
[rtabmap-14] [INFO] [1768034013.440931022] [rtabmap]: rtabmap (1009): Rate=0.50s, Limit=0.001s, Conversion=0.0002s, RTAB-Map=0.0525s, Maps update=0.0003s pub=0.0071s delay=0.1049s (local map=0, WM=0)
[superpoint_node-2] [INFO] [1768034013.499131763] [superpoint_node]: Keypoints estratti: 800
[superpoint_node-2] [ERROR] [1768034013.508075279] [superpoint_node]: Errore pubblicazione keypoints 3D: could not assign tuple of length 3 to structure with 4 fields.
[superpoint_node-2] [INFO] [1768034013.602075823] [superpoint_node]: Keypoints estratti: 800
[superpoint_node-2] [ERROR] [1768034013.609547901] [superpoint_node]: Errore pubblicazione keypoints 3D: could not assign tuple of length 3 to structure with 4 fields.
[superpoint_node-2] [INFO] [1768034013.704540082] [superpoint_node]: Keypoints estratti: 800
[superpoint_node-2] [ERROR] [1768034013.712063809] [superpoint_node]: Errore pubblicazione keypoints 3D: could not assign tuple of length 3 to structure with 4 fields.
[superpoint_node-2] [INFO] [1768034013.804442007] [superpoint_node]: Keypoints estratti: 800
[superpoint_node-2] [ERROR] [1768034013.811807880] [superpoint_node]: Errore pubblicazione keypoints 3D: could not assign tuple of length 3 to structure with 4 fields.
[superpoint_node-2] [INFO] [1768034013.911734379] [superpoint_node]: Keypoints estratti: 800
[superpoint_node-2] [ERROR] [1768034013.918908269] [superpoint_node]: Errore pubblicazione keypoints 3D: could not assign tuple of length 3 to structure with 4 fields.
[rtabmap-14] [INFO] [1768034013.933354791] [rtabmap]: rtabmap (1010): Rate=0.50s, Limit=0.001s, Conversion=0.0002s, RTAB-Map=0.0458s, Maps update=0.0015s pub=0.0032s delay=0.0791s (local map=0, WM=0)
[superpoint_node-2] [INFO] [1768034014.013085111] [superpoint_node]: Keypoints estratti: 800
[superpoint_node-2] [ERROR] [1768034014.020403002] [superpoint_node]: Errore pubblicazione keypoints 3D: could not assign tuple of length 3 to structure with 4 fields.
[superpoint_node-2] [INFO] [1768034014.113073036] [superpoint_node]: Keypoints estratti: 800
[superpoint_node-2] [ERROR] [1768034014.120265075] [superpoint_node]: Errore pubblicazione keypoints 3D: could not assign tuple of length 3 to structure with 4 fields.
[superpoint_node-2] [INFO] [1768034014.213356223] [superpoint_node]: Keypoints estratti: 800
[superpoint_node-2] [ERROR] [1768034014.222069996] [superpoint_node]: Errore pubblicazione keypoints 3D: could not assign tuple of length 3 to structure with 4 fields.
[superpoint_node-2] [INFO] [1768034014.355052535] [superpoint_node]: Keypoints estratti: 800
[superpoint_node-2] [ERROR] [1768034014.363475935] [superpoint_node]: Errore pubblicazione keypoints 3D: could not assign tuple of length 3 to structure with 4 fields.
[superpoint_node-2] [INFO] [1768034014.456154506] [superpoint_node]: Keypoints estratti: 800
[superpoint_node-2] [ERROR] [1768034014.463796844] [superpoint_node]: Errore pubblicazione keypoints 3D: could not assign tuple of length 3 to structure with 4 fields.
[rtabmap-14] [INFO] [1768034014.496138805] [rtabmap]: rtabmap (1011): Rate=0.50s, Limit=0.001s, Conversion=0.0002s, RTAB-Map=0.0418s, Maps update=0.0018s pub=0.0020s delay=0.0910s (local map=0, WM=0)
[superpoint_node-2] [INFO] [1768034014.561588104] [superpoint_node]: Keypoints estratti: 800
[superpoint_node-2] [ERROR] [1768034014.568385880] [superpoint_node]: Errore pubblicazione keypoints 3D: could not assign tuple of length 3 to structure with 4 fields.
[superpoint_node-2] [INFO] [1768034014.667519873] [superpoint_node]: Keypoints estratti: 800
[superpoint_node-2] [ERROR] [1768034014.674913857] [superpoint_node]: Errore pubblicazione keypoints 3D: could not assign tuple of length 3 to structure with 4 fields.
[superpoint_node-2] [INFO] [1768034014.768367323] [superpoint_node]: Keypoints estratti: 800
[superpoint_node-2] [ERROR] [1768034014.776221145] [superpoint_node]: Errore pubblicazione keypoints 3D: could not assign tuple of length 3 to structure with 4 fields.
[superpoint_node-2] [INFO] [1768034014.872342576] [superpoint_node]: Keypoints estratti: 800
[superpoint_node-2] [ERROR] [1768034014.880578771] [superpoint_node]: Errore pubblicazione keypoints 3D: could not assign tuple of length 3 to structure with 4 fields.
[superpoint_node-2] [INFO] [1768034014.970520857] [superpoint_node]: Keypoints estratti: 800
[superpoint_node-2] [ERROR] [1768034014.977880527] [superpoint_node]: Errore pubblicazione keypoints 3D: could not assign tuple of length 3 to structure with 4 fields.
[rtabmap-14] [INFO] [1768034015.033320486] [rtabmap]: rtabmap (1012): Rate=0.50s, Limit=0.001s, Conversion=0.0002s, RTAB-Map=0.0492s, Maps update=0.0010s pub=0.0038s delay=0.1102s (local map=0, WM=0)
[superpoint_node-2] [INFO] [1768034015.077511634] [superpoint_node]: Keypoints estratti: 800
[superpoint_node-2] [ERROR] [1768034015.084850118] [superpoint_node]: Errore pubblicazione keypoints 3D: could not assign tuple of length 3 to structure with 4 fields.
[superpoint_node-2] [INFO] [1768034015.176640960] [superpoint_node]: Keypoints estratti: 800
[superpoint_node-2] [ERROR] [1768034015.185326270] [superpoint_node]: Errore pubblicazione keypoints 3D: could not assign tuple of length 3 to structure with 4 fields.
[superpoint_node-2] [INFO] [1768034015.280919400] [superpoint_node]: Keypoints estratti: 800
[superpoint_node-2] [ERROR] [1768034015.287863678] [superpoint_node]: Errore pubblicazione keypoints 3D: could not assign tuple of length 3 to structure with 4 fields.
[superpoint_node-2] [INFO] [1768034015.379306461] [superpoint_node]: Keypoints estratti: 800
[superpoint_node-2] [ERROR] [1768034015.386359906] [superpoint_node]: Errore pubblicazione keypoints 3D: could not assign tuple of length 3 to structure with 4 fields.
[superpoint_node-2] [INFO] [1768034015.486901891] [superpoint_node]: Keypoints estratti: 800
[rtabmap-14] [INFO] [1768034015.488369829] [rtabmap]: rtabmap (1013): Rate=0.50s, Limit=0.001s, Conversion=0.0003s, RTAB-Map=0.0336s, Maps update=0.0003s pub=0.0028s delay=0.0619s (local map=0, WM=0)
[superpoint_node-2] [ERROR] [1768034015.496456560] [superpoint_node]: Errore pubblicazione keypoints 3D: could not assign tuple of length 3 to structure with 4 fields.
[superpoint_node-2] [INFO] [1768034015.588712812] [superpoint_node]: Keypoints estratti: 800
[superpoint_node-2] [ERROR] [1768034015.595320457] [superpoint_node]: Errore pubblicazione keypoints 3D: could not assign tuple of length 3 to structure with 4 fields.
[superpoint_node-2] [INFO] [1768034015.686294699] [superpoint_node]: Keypoints estratti: 800
[superpoint_node-2] [ERROR] [1768034015.693613739] [superpoint_node]: Errore pubblicazione keypoints 3D: could not assign tuple of length 3 to structure with 4 fields.
[superpoint_node-2] [INFO] [1768034015.788001990] [superpoint_node]: Keypoints estratti: 800
[superpoint_node-2] [ERROR] [1768034015.794609450] [superpoint_node]: Errore pubblicazione keypoints 3D: could not assign tuple of length 3 to structure with 4 fields.
[superpoint_node-2] [INFO] [1768034015.886555663] [superpoint_node]: Keypoints estratti: 800
[superpoint_node-2] [ERROR] [1768034015.893390069] [superpoint_node]: Errore pubblicazione keypoints 3D: could not assign tuple of length 3 to structure with 4 fields.
[superpoint_node-2] [INFO] [1768034015.987616782] [superpoint_node]: Keypoints estratti: 800
[superpoint_node-2] [ERROR] [1768034015.996046423] [superpoint_node]: Errore pubblicazione keypoints 3D: could not assign tuple of length 3 to structure with 4 fields.
[rtabmap-14] [INFO] [1768034016.010085331] [rtabmap]: rtabmap (1014): Rate=0.50s, Limit=0.001s, Conversion=0.0003s, RTAB-Map=0.0254s, Maps update=0.0005s pub=0.0042s delay=0.0748s (local map=0, WM=0)
[superpoint_node-2] [INFO] [1768034016.089244849] [superpoint_node]: Keypoints estratti: 800
[superpoint_node-2] [ERROR] [1768034016.095949403] [superpoint_node]: Errore pubblicazione keypoints 3D: could not assign tuple of length 3 to structure with 4 fields.
[superpoint_node-2] [INFO] [1768034016.188028450] [superpoint_node]: Keypoints estratti: 800
[superpoint_node-2] [ERROR] [1768034016.194556595] [superpoint_node]: Errore pubblicazione keypoints 3D: could not assign tuple of length 3 to structure with 4 fields.
[superpoint_node-2] [INFO] [1768034016.287465037] [superpoint_node]: Keypoints estratti: 800
[superpoint_node-2] [ERROR] [1768034016.294008645] [superpoint_node]: Errore pubblicazione keypoints 3D: could not assign tuple of length 3 to structure with 4 fields.
[superpoint_node-2] [INFO] [1768034016.388217061] [superpoint_node]: Keypoints estratti: 800
[superpoint_node-2] [ERROR] [1768034016.394826725] [superpoint_node]: Errore pubblicazione keypoints 3D: could not assign tuple of length 3 to structure with 4 fields.
[superpoint_node-2] [INFO] [1768034016.491146269] [superpoint_node]: Keypoints estratti: 800
[superpoint_node-2] [ERROR] [1768034016.499363945] [superpoint_node]: Errore pubblicazione keypoints 3D: could not assign tuple of length 3 to structure with 4 fields.
[rtabmap-14] [INFO] [1768034016.527215519] [rtabmap]: rtabmap (1015): Rate=0.50s, Limit=0.001s, Conversion=0.0008s, RTAB-Map=0.0481s, Maps update=0.0004s pub=0.0011s delay=0.0904s (local map=0, WM=0)
[superpoint_node-2] [INFO] [1768034016.593875919] [superpoint_node]: Keypoints estratti: 800
[superpoint_node-2] [ERROR] [1768034016.600909494] [superpoint_node]: Errore pubblicazione keypoints 3D: could not assign tuple of length 3 to structure with 4 fields.
[superpoint_node-2] [INFO] [1768034016.693281007] [superpoint_node]: Keypoints estratti: 800
[superpoint_node-2] [ERROR] [1768034016.701044717] [superpoint_node]: Errore pubblicazione keypoints 3D: could not assign tuple of length 3 to structure with 4 fields.
[superpoint_node-2] [INFO] [1768034016.791204508] [superpoint_node]: Keypoints estratti: 800
[superpoint_node-2] [ERROR] [1768034016.797775097] [superpoint_node]: Errore pubblicazione keypoints 3D: could not assign tuple of length 3 to structure with 4 fields.
[superpoint_node-2] [INFO] [1768034016.888550042] [superpoint_node]: Keypoints estratti: 800
[superpoint_node-2] [ERROR] [1768034016.895221002] [superpoint_node]: Errore pubblicazione keypoints 3D: could not assign tuple of length 3 to structure with 4 fields.
[superpoint_node-2] [INFO] [1768034016.988095222] [superpoint_node]: Keypoints estratti: 800
[superpoint_node-2] [ERROR] [1768034016.994693812] [superpoint_node]: Errore pubblicazione keypoints 3D: could not assign tuple of length 3 to structure with 4 fields.
[rtabmap-14] [INFO] [1768034017.085941556] [rtabmap]: rtabmap (1016): Rate=0.50s, Limit=0.001s, Conversion=0.0004s, RTAB-Map=0.0301s, Maps update=0.0005s pub=0.0021s delay=0.0508s (local map=0, WM=0)
[superpoint_node-2] [INFO] [1768034017.091291895] [superpoint_node]: Keypoints estratti: 800
[superpoint_node-2] [ERROR] [1768034017.097770280] [superpoint_node]: Errore pubblicazione keypoints 3D: could not assign tuple of length 3 to structure with 4 fields.
[superpoint_node-2] [INFO] [1768034017.188247259] [superpoint_node]: Keypoints estratti: 800
[superpoint_node-2] [ERROR] [1768034017.194896071] [superpoint_node]: Errore pubblicazione keypoints 3D: could not assign tuple of length 3 to structure with 4 fields.
[superpoint_node-2] [INFO] [1768034017.287976108] [superpoint_node]: Keypoints estratti: 800
[superpoint_node-2] [ERROR] [1768034017.294497067] [superpoint_node]: Errore pubblicazione keypoints 3D: could not assign tuple of length 3 to structure with 4 fields.
[superpoint_node-2] [INFO] [1768034017.385104492] [superpoint_node]: Keypoints estratti: 800
[superpoint_node-2] [ERROR] [1768034017.391756230] [superpoint_node]: Errore pubblicazione keypoints 3D: could not assign tuple of length 3 to structure with 4 fields.
[superpoint_node-2] [INFO] [1768034017.484824804] [superpoint_node]: Keypoints estratti: 800
[superpoint_node-2] [ERROR] [1768034017.491018371] [superpoint_node]: Errore pubblicazione keypoints 3D: could not assign tuple of length 3 to structure with 4 fields.
[superpoint_node-2] [INFO] [1768034017.584802155] [superpoint_node]: Keypoints estratti: 800
[superpoint_node-2] [ERROR] [1768034017.591331021] [superpoint_node]: Errore pubblicazione keypoints 3D: could not assign tuple of length 3 to structure with 4 fields.
[superpoint_node-2] [INFO] [1768034017.718677608] [superpoint_node]: Keypoints estratti: 800
[superpoint_node-2] [ERROR] [1768034017.726196594] [superpoint_node]: Errore pubblicazione keypoints 3D: could not assign tuple of length 3 to structure with 4 fields.
[rtabmap-14] [INFO] [1768034017.770642503] [rtabmap]: rtabmap (1017): Rate=0.50s, Limit=0.001s, Conversion=0.0003s, RTAB-Map=0.0546s, Maps update=0.0006s pub=0.0050s delay=0.1017s (local map=0, WM=0)
[superpoint_node-2] [INFO] [1768034017.822933623] [superpoint_node]: Keypoints estratti: 800
[superpoint_node-2] [ERROR] [1768034017.829284988] [superpoint_node]: Errore pubblicazione keypoints 3D: could not assign tuple of length 3 to structure with 4 fields.
[superpoint_node-2] [INFO] [1768034017.925463198] [superpoint_node]: Keypoints estratti: 800
[superpoint_node-2] [ERROR] [1768034017.931676896] [superpoint_node]: Errore pubblicazione keypoints 3D: could not assign tuple of length 3 to structure with 4 fields.
[superpoint_node-2] [INFO] [1768034018.026695911] [superpoint_node]: Keypoints estratti: 800
[superpoint_node-2] [ERROR] [1768034018.033372575] [superpoint_node]: Errore pubblicazione keypoints 3D: could not assign tuple of length 3 to structure with 4 fields.
[superpoint_node-2] [INFO] [1768034018.125644772] [superpoint_node]: Keypoints estratti: 800
[superpoint_node-2] [ERROR] [1768034018.132275454] [superpoint_node]: Errore pubblicazione keypoints 3D: could not assign tuple of length 3 to structure with 4 fields.
[rtabmap-14] [33m[ WARN] (2026-01-10 09:33:33.433) MapsManager.cpp:863::publishMaps() Graph has changed! The whole cloud is regenerated.[0m
[rtabmap-14] [33m[ WARN] (2026-01-10 09:33:33.434) OccupancyGrid.cpp:169::getProbMap() Map info is empty, cannot generate probabilistic occupancy grid[0m
[rtabmap-14] [33m[ WARN] (2026-01-10 09:33:33.930) MapsManager.cpp:863::publishMaps() Graph has changed! The whole cloud is regenerated.[0m
[rtabmap-14] [33m[ WARN] (2026-01-10 09:33:33.930) OccupancyGrid.cpp:169::getProbMap() Map info is empty, cannot generate probabilistic occupancy grid[0m
[rtabmap-14] [33m[ WARN] (2026-01-10 09:33:34.494) MapsManager.cpp:863::publishMaps() Graph has changed! The whole cloud is regenerated.[0m
[rtabmap-14] [33m[ WARN] (2026-01-10 09:33:34.495) OccupancyGrid.cpp:169::getProbMap() Map info is empty, cannot generate probabilistic occupancy grid[0m
[rtabmap-14] [33m[ WARN] (2026-01-10 09:33:35.029) MapsManager.cpp:863::publishMaps() Graph has changed! The whole cloud is regenerated.[0m
[rtabmap-14] [33m[ WARN] (2026-01-10 09:33:35.030) OccupancyGrid.cpp:169::getProbMap() Map info is empty, cannot generate probabilistic occupancy grid[0m
[rtabmap-14] [33m[ WARN] (2026-01-10 09:33:35.485) MapsManager.cpp:863::publishMaps() Graph has changed! The whole cloud is regenerated.[0m
[rtabmap-14] [33m[ WARN] (2026-01-10 09:33:35.487) OccupancyGrid.cpp:169::getProbMap() Map info is empty, cannot generate probabilistic occupancy grid[0m
[rtabmap-14] [33m[ WARN] (2026-01-10 09:33:36.005) MapsManager.cpp:863::publishMaps() Graph has changed! The whole cloud is regenerated.[0m
[rtabmap-14] [33m[ WARN] (2026-01-10 09:33:36.008) OccupancyGrid.cpp:169::getProbMap() Map info is empty, cannot generate probabilistic occupancy grid[0m
[rtabmap-14] [33m[ WARN] (2026-01-10 09:33:36.526) MapsManager.cpp:863::publishMaps() Graph has changed! The whole cloud is regenerated.[0m
[rtabmap-14] [33m[ WARN] (2026-01-10 09:33:36.526) OccupancyGrid.cpp:169::getProbMap() Map info is empty, cannot generate probabilistic occupancy grid[0m
[rtabmap-14] [33m[ WARN] (2026-01-10 09:33:37.083) MapsManager.cpp:863::publishMaps() Graph has changed! The whole cloud is regenerated.[0m
[rtabmap-14] [33m[ WARN] (2026-01-10 09:33:37.084) OccupancyGrid.cpp:169::getProbMap() Map info is empty, cannot generate probabilistic occupancy grid[0m
[rtabmap-14] [33m[ WARN] (2026-01-10 09:33:37.765) MapsManager.cpp:863::publishMaps() Graph has changed! The whole cloud is regenerated.[0m
[rtabmap-14] [33m[ WARN] (2026-01-10 09:33:37.768) OccupancyGrid.cpp:169::getProbMap() Map info is empty, cannot generate probabilistic occupancy grid[0m
[superpoint_node-2] [INFO] [1768034018.226182498] [superpoint_node]: Keypoints estratti: 800
[superpoint_node-2] [ERROR] [1768034018.232358714] [superpoint_node]: Errore pubblicazione keypoints 3D: could not assign tuple of length 3 to structure with 4 fields.
[rtabmap-14] [INFO] [1768034018.238069426] [rtabmap]: rtabmap (1018): Rate=0.50s, Limit=0.001s, Conversion=0.0003s, RTAB-Map=0.0235s, Maps update=0.0008s pub=0.0017s delay=0.0649s (local map=0, WM=0)
[superpoint_node-2] [INFO] [1768034018.327574953] [superpoint_node]: Keypoints estratti: 800
[superpoint_node-2] [ERROR] [1768034018.334123394] [superpoint_node]: Errore pubblicazione keypoints 3D: could not assign tuple of length 3 to structure with 4 fields.
[superpoint_node-2] [INFO] [1768034018.426890113] [superpoint_node]: Keypoints estratti: 800
[superpoint_node-2] [ERROR] [1768034018.434729416] [superpoint_node]: Errore pubblicazione keypoints 3D: could not assign tuple of length 3 to structure with 4 fields.
[superpoint_node-2] [INFO] [1768034018.623050896] [superpoint_node]: Keypoints estratti: 800
[superpoint_node-2] [ERROR] [1768034018.629719208] [superpoint_node]: Errore pubblicazione keypoints 3D: could not assign tuple of length 3 to structure with 4 fields.
[superpoint_node-2] [INFO] [1768034018.722916635] [superpoint_node]: Keypoints estratti: 800
[superpoint_node-2] [ERROR] [1768034018.730193656] [superpoint_node]: Errore pubblicazione keypoints 3D: could not assign tuple of length 3 to structure with 4 fields.
[superpoint_node-2] [INFO] [1768034018.826494403] [superpoint_node]: Keypoints estratti: 800
[superpoint_node-2] [ERROR] [1768034018.834192001] [superpoint_node]: Errore pubblicazione keypoints 3D: could not assign tuple of length 3 to structure with 4 fields.
[rtabmap-14] [INFO] [1768034018.927146945] [rtabmap]: rtabmap (1019): Rate=0.50s, Limit=0.001s, Conversion=0.0008s, RTAB-Map=0.0845s, Maps update=0.0075s pub=0.0114s delay=0.1538s (local map=1, WM=1)
[superpoint_node-2] [INFO] [1768034018.934887117] [superpoint_node]: Keypoints estratti: 800
[superpoint_node-2] [ERROR] [1768034018.942685365] [superpoint_node]: Errore pubblicazione keypoints 3D: could not assign tuple of length 3 to structure with 4 fields.
[superpoint_node-2] [INFO] [1768034019.036515759] [superpoint_node]: Keypoints estratti: 800
[superpoint_node-2] [ERROR] [1768034019.045550609] [superpoint_node]: Errore pubblicazione keypoints 3D: could not assign tuple of length 3 to structure with 4 fields.
[superpoint_node-2] [INFO] [1768034019.134464279] [superpoint_node]: Keypoints estratti: 800
[superpoint_node-2] [ERROR] [1768034019.142485250] [superpoint_node]: Errore pubblicazione keypoints 3D: could not assign tuple of length 3 to structure with 4 fields.
[superpoint_node-2] [INFO] [1768034019.238313772] [superpoint_node]: Keypoints estratti: 800
[superpoint_node-2] [ERROR] [1768034019.247962960] [superpoint_node]: Errore pubblicazione keypoints 3D: could not assign tuple of length 3 to structure with 4 fields.
[superpoint_node-2] [INFO] [1768034019.338835387] [superpoint_node]: Keypoints estratti: 800
[superpoint_node-2] [ERROR] [1768034019.347677272] [superpoint_node]: Errore pubblicazione keypoints 3D: could not assign tuple of length 3 to structure with 4 fields.
[rtabmap-14] [INFO] [1768034019.430100150] [rtabmap]: rtabmap (1020): Rate=0.50s, Limit=0.001s, Conversion=0.0002s, RTAB-Map=0.0782s, Maps update=0.0023s pub=0.0011s delay=0.1409s (local map=1, WM=1)
[superpoint_node-2] [INFO] [1768034019.453200445] [superpoint_node]: Keypoints estratti: 800
[superpoint_node-2] [ERROR] [1768034019.461965422] [superpoint_node]: Errore pubblicazione keypoints 3D: could not assign tuple of length 3 to structure with 4 fields.
[superpoint_node-2] [INFO] [1768034019.555851502] [superpoint_node]: Keypoints estratti: 800
[superpoint_node-2] [ERROR] [1768034019.563458766] [superpoint_node]: Errore pubblicazione keypoints 3D: could not assign tuple of length 3 to structure with 4 fields.
[superpoint_node-2] [INFO] [1768034019.655048939] [superpoint_node]: Keypoints estratti: 800
[superpoint_node-2] [ERROR] [1768034019.662404850] [superpoint_node]: Errore pubblicazione keypoints 3D: could not assign tuple of length 3 to structure with 4 fields.
[superpoint_node-2] [INFO] [1768034019.751612837] [superpoint_node]: Keypoints estratti: 800
[superpoint_node-2] [ERROR] [1768034019.758898321] [superpoint_node]: Errore pubblicazione keypoints 3D: could not assign tuple of length 3 to structure with 4 fields.
[superpoint_node-2] [INFO] [1768034019.859142248] [superpoint_node]: Keypoints estratti: 800
[rtabmap-14] [INFO] [1768034019.863443449] [rtabmap]: rtabmap (1021): Rate=0.50s, Limit=0.001s, Conversion=0.0002s, RTAB-Map=0.0446s, Maps update=0.0020s pub=0.0008s delay=0.0627s (local map=1, WM=1)
[superpoint_node-2] [ERROR] [1768034019.868718324] [superpoint_node]: Errore pubblicazione keypoints 3D: could not assign tuple of length 3 to structure with 4 fields.
[superpoint_node-2] [INFO] [1768034019.965334556] [superpoint_node]: Keypoints estratti: 800
[superpoint_node-2] [ERROR] [1768034019.972950228] [superpoint_node]: Errore pubblicazione keypoints 3D: could not assign tuple of length 3 to structure with 4 fields.
[superpoint_node-2] [INFO] [1768034020.065277258] [superpoint_node]: Keypoints estratti: 800
[superpoint_node-2] [ERROR] [1768034020.073746511] [superpoint_node]: Errore pubblicazione keypoints 3D: could not assign tuple of length 3 to structure with 4 fields.
[superpoint_node-2] [INFO] [1768034020.168743230] [superpoint_node]: Keypoints estratti: 800
[superpoint_node-2] [ERROR] [1768034020.177977729] [superpoint_node]: Errore pubblicazione keypoints 3D: could not assign tuple of length 3 to structure with 4 fields.
[superpoint_node-2] [INFO] [1768034020.270207444] [superpoint_node]: Keypoints estratti: 800
[superpoint_node-2] [ERROR] [1768034020.278878884] [superpoint_node]: Errore pubblicazione keypoints 3D: could not assign tuple of length 3 to structure with 4 fields.
[superpoint_node-2] [INFO] [1768034020.375201206] [superpoint_node]: Keypoints estratti: 800
[superpoint_node-2] [ERROR] [1768034020.386782483] [superpoint_node]: Errore pubblicazione keypoints 3D: could not assign tuple of length 3 to structure with 4 fields.
[rtabmap-14] [INFO] [1768034020.421529185] [rtabmap]: rtabmap (1022): Rate=0.50s, Limit=0.001s, Conversion=0.0005s, RTAB-Map=0.0696s, Maps update=0.0052s pub=0.0015s delay=0.0995s (local map=1, WM=1)
[superpoint_node-2] [INFO] [1768034020.481140419] [superpoint_node]: Keypoints estratti: 800
[superpoint_node-2] [ERROR] [1768034020.488688905] [superpoint_node]: Errore pubblicazione keypoints 3D: could not assign tuple of length 3 to structure with 4 fields.
[superpoint_node-2] [INFO] [1768034020.581605070] [superpoint_node]: Keypoints estratti: 800
[superpoint_node-2] [ERROR] [1768034020.588819387] [superpoint_node]: Errore pubblicazione keypoints 3D: could not assign tuple of length 3 to structure with 4 fields.
[superpoint_node-2] [INFO] [1768034020.683925754] [superpoint_node]: Keypoints estratti: 800
[superpoint_node-2] [ERROR] [1768034020.691335054] [superpoint_node]: Errore pubblicazione keypoints 3D: could not assign tuple of length 3 to structure with 4 fields.
[foxglove_bridge-12] [INFO] [1768034020.820945696] [foxglove_bridge]: publishing connection graph
[superpoint_node-2] [INFO] [1768034020.826103478] [superpoint_node]: Keypoints estratti: 800
[superpoint_node-2] [ERROR] [1768034020.833880836] [superpoint_node]: Errore pubblicazione keypoints 3D: could not assign tuple of length 3 to structure with 4 fields.
[superpoint_node-2] [INFO] [1768034020.929292317] [superpoint_node]: Keypoints estratti: 800
[superpoint_node-2] [ERROR] [1768034020.936949397] [superpoint_node]: Errore pubblicazione keypoints 3D: could not assign tuple of length 3 to structure with 4 fields.
[rtabmap-14] [INFO] [1768034021.010184017] [rtabmap]: rtabmap (1023): Rate=0.50s, Limit=0.001s, Conversion=0.0002s, RTAB-Map=0.0622s, Maps update=0.0018s pub=0.0014s delay=0.1279s (local map=1, WM=1)
[superpoint_node-2] [INFO] [1768034021.033634240] [superpoint_node]: Keypoints estratti: 800
[superpoint_node-2] [ERROR] [1768034021.041500451] [superpoint_node]: Errore pubblicazione keypoints 3D: could not assign tuple of length 3 to structure with 4 fields.
[superpoint_node-2] [INFO] [1768034021.133027809] [superpoint_node]: Keypoints estratti: 800
[superpoint_node-2] [ERROR] [1768034021.143020407] [superpoint_node]: Errore pubblicazione keypoints 3D: could not assign tuple of length 3 to structure with 4 fields.
[superpoint_node-2] [INFO] [1768034021.234797174] [superpoint_node]: Keypoints estratti: 800
[superpoint_node-2] [ERROR] [1768034021.243355260] [superpoint_node]: Errore pubblicazione keypoints 3D: could not assign tuple of length 3 to structure with 4 fields.
[superpoint_node-2] [INFO] [1768034021.334077334] [superpoint_node]: Keypoints estratti: 800
[superpoint_node-2] [ERROR] [1768034021.341904415] [superpoint_node]: Errore pubblicazione keypoints 3D: could not assign tuple of length 3 to structure with 4 fields.
[foxglove_bridge-12] [INFO] [1768034021.348737247] [foxglove_bridge]: publishing connection graph
[superpoint_node-2] [INFO] [1768034021.431377090] [superpoint_node]: Keypoints estratti: 800
[superpoint_node-2] [ERROR] [1768034021.438701259] [superpoint_node]: Errore pubblicazione keypoints 3D: could not assign tuple of length 3 to structure with 4 fields.
[rtabmap-14] [INFO] [1768034021.504809007] [rtabmap]: rtabmap (1024): Rate=0.50s, Limit=0.001s, Conversion=0.0007s, RTAB-Map=0.0697s, Maps update=0.0123s pub=0.0031s delay=0.1223s (local map=1, WM=1)
[superpoint_node-2] [INFO] [1768034021.538038716] [superpoint_node]: Keypoints estratti: 800
[superpoint_node-2] [ERROR] [1768034021.548085963] [superpoint_node]: Errore pubblicazione keypoints 3D: could not assign tuple of length 3 to structure with 4 fields.
[superpoint_node-2] [INFO] [1768034021.637388692] [superpoint_node]: Keypoints estratti: 800
[superpoint_node-2] [ERROR] [1768034021.644816584] [superpoint_node]: Errore pubblicazione keypoints 3D: could not assign tuple of length 3 to structure with 4 fields.
[superpoint_node-2] [INFO] [1768034021.737231393] [superpoint_node]: Keypoints estratti: 800
[superpoint_node-2] [ERROR] [1768034021.745298087] [superpoint_node]: Errore pubblicazione keypoints 3D: could not assign tuple of length 3 to structure with 4 fields.
[superpoint_node-2] [INFO] [1768034021.834872189] [superpoint_node]: Keypoints estratti: 800
[superpoint_node-2] [ERROR] [1768034021.842210543] [superpoint_node]: Errore pubblicazione keypoints 3D: could not assign tuple of length 3 to structure with 4 fields.
[superpoint_node-2] [INFO] [1768034021.936090661] [superpoint_node]: Keypoints estratti: 800
[superpoint_node-2] [ERROR] [1768034021.946957710] [superpoint_node]: Errore pubblicazione keypoints 3D: could not assign tuple of length 3 to structure with 4 fields.
[rtabmap-14] [INFO] [1768034021.954770068] [rtabmap]: rtabmap (1025): Rate=0.50s, Limit=0.001s, Conversion=0.0003s, RTAB-Map=0.0363s, Maps update=0.0006s pub=0.0005s delay=0.0714s (local map=1, WM=1)
[superpoint_node-2] [INFO] [1768034022.038783329] [superpoint_node]: Keypoints estratti: 800
[superpoint_node-2] [ERROR] [1768034022.046294519] [superpoint_node]: Errore pubblicazione keypoints 3D: could not assign tuple of length 3 to structure with 4 fields.
[superpoint_node-2] [INFO] [1768034022.134476924] [superpoint_node]: Keypoints estratti: 800
[superpoint_node-2] [ERROR] [1768034022.141920761] [superpoint_node]: Errore pubblicazione keypoints 3D: could not assign tuple of length 3 to structure with 4 fields.
[superpoint_node-2] [INFO] [1768034022.233150654] [superpoint_node]: Keypoints estratti: 800
[superpoint_node-2] [ERROR] [1768034022.240168006] [superpoint_node]: Errore pubblicazione keypoints 3D: could not assign tuple of length 3 to structure with 4 fields.
[superpoint_node-2] [INFO] [1768034022.330424724] [superpoint_node]: Keypoints estratti: 800
[superpoint_node-2] [ERROR] [1768034022.336944609] [superpoint_node]: Errore pubblicazione keypoints 3D: could not assign tuple of length 3 to structure with 4 fields.
[superpoint_node-2] [INFO] [1768034022.432026236] [superpoint_node]: Keypoints estratti: 800
[superpoint_node-2] [ERROR] [1768034022.438617825] [superpoint_node]: Errore pubblicazione keypoints 3D: could not assign tuple of length 3 to structure with 4 fields.
[superpoint_node-2] [INFO] [1768034022.531590454] [superpoint_node]: Keypoints estratti: 800
[superpoint_node-2] [ERROR] [1768034022.538632084] [superpoint_node]: Errore pubblicazione keypoints 3D: could not assign tuple of length 3 to structure with 4 fields.
[rtabmap-14] [INFO] [1768034022.613040620] [rtabmap]: rtabmap (1026): Rate=0.50s, Limit=0.001s, Conversion=0.0002s, RTAB-Map=0.0591s, Maps update=0.0039s pub=0.0009s delay=0.1328s (local map=1, WM=1)
[superpoint_node-2] [INFO] [1768034022.634565606] [superpoint_node]: Keypoints estratti: 800
[superpoint_node-2] [ERROR] [1768034022.642906339] [superpoint_node]: Errore pubblicazione keypoints 3D: could not assign tuple of length 3 to structure with 4 fields.
[superpoint_node-2] [INFO] [1768034022.735916246] [superpoint_node]: Keypoints estratti: 800
[superpoint_node-2] [ERROR] [1768034022.744293183] [superpoint_node]: Errore pubblicazione keypoints 3D: could not assign tuple of length 3 to structure with 4 fields.
[superpoint_node-2] [INFO] [1768034022.832936407] [superpoint_node]: Keypoints estratti: 800
[superpoint_node-2] [ERROR] [1768034022.840372744] [superpoint_node]: Errore pubblicazione keypoints 3D: could not assign tuple of length 3 to structure with 4 fields.
[superpoint_node-2] [INFO] [1768034022.931509506] [superpoint_node]: Keypoints estratti: 800
[superpoint_node-2] [ERROR] [1768034022.938381412] [superpoint_node]: Errore pubblicazione keypoints 3D: could not assign tuple of length 3 to structure with 4 fields.
[superpoint_node-2] [INFO] [1768034023.032753145] [superpoint_node]: Keypoints estratti: 800
[superpoint_node-2] [ERROR] [1768034023.039757348] [superpoint_node]: Errore pubblicazione keypoints 3D: could not assign tuple of length 3 to structure with 4 fields.
[superpoint_node-2] [INFO] [1768034023.127203470] [superpoint_node]: Keypoints estratti: 800
[superpoint_node-2] [ERROR] [1768034023.133769708] [superpoint_node]: Errore pubblicazione keypoints 3D: could not assign tuple of length 3 to structure with 4 fields.
[rtabmap-14] [33m[ WARN] (2026-01-10 09:33:38.236) MapsManager.cpp:863::publishMaps() Graph has changed! The whole cloud is regenerated.[0m
[rtabmap-14] [33m[ WARN] (2026-01-10 09:33:38.237) OccupancyGrid.cpp:169::getProbMap() Map info is empty, cannot generate probabilistic occupancy grid[0m
[rtabmap-14] [33m[ WARN] (2026-01-10 09:33:38.487) CoreWrapper.cpp:1227::odomTFUpdate() Odometry is reset (identity pose detected). Increment map id![0m
[rtabmap-14] [33m[ WARN] (2026-01-10 09:33:38.906) Memory.cpp:2105::forget() Less signatures transferred (0) than added (1)! The working memory cannot decrease in size.[0m
[rtabmap-14] [33m[ WARN] (2026-01-10 09:33:38.915) MapsManager.cpp:863::publishMaps() Graph has changed! The whole cloud is regenerated.[0m
[rtabmap-14] [INFO] [1768034023.211558845] [rtabmap]: rtabmap (1027): Rate=0.50s, Limit=0.001s, Conversion=0.0003s, RTAB-Map=0.0602s, Maps update=0.0003s pub=0.0021s delay=0.1307s (local map=1, WM=1)
[superpoint_node-2] [INFO] [1768034023.267950460] [superpoint_node]: Keypoints estratti: 800
[superpoint_node-2] [ERROR] [1768034023.275429631] [superpoint_node]: Errore pubblicazione keypoints 3D: could not assign tuple of length 3 to structure with 4 fields.
[superpoint_node-2] [INFO] [1768034023.365960592] [superpoint_node]: Keypoints estratti: 800
[superpoint_node-2] [ERROR] [1768034023.373065130] [superpoint_node]: Errore pubblicazione keypoints 3D: could not assign tuple of length 3 to structure with 4 fields.
[superpoint_node-2] [INFO] [1768034023.462519860] [superpoint_node]: Keypoints estratti: 800
[superpoint_node-2] [ERROR] [1768034023.469302803] [superpoint_node]: Errore pubblicazione keypoints 3D: could not assign tuple of length 3 to structure with 4 fields.
[superpoint_node-2] [INFO] [1768034023.565635310] [superpoint_node]: Keypoints estratti: 800
[superpoint_node-2] [ERROR] [1768034023.572587884] [superpoint_node]: Errore pubblicazione keypoints 3D: could not assign tuple of length 3 to structure with 4 fields.
[superpoint_node-2] [INFO] [1768034023.664521134] [superpoint_node]: Keypoints estratti: 800
[superpoint_node-2] [ERROR] [1768034023.671110890] [superpoint_node]: Errore pubblicazione keypoints 3D: could not assign tuple of length 3 to structure with 4 fields.
[rtabmap-14] [INFO] [1768034023.715281019] [rtabmap]: rtabmap (1028): Rate=0.50s, Limit=0.001s, Conversion=0.0002s, RTAB-Map=0.0287s, Maps update=0.0024s pub=0.0007s delay=0.1010s (local map=1, WM=1)
[superpoint_node-2] [INFO] [1768034023.766508593] [superpoint_node]: Keypoints estratti: 800
[superpoint_node-2] [ERROR] [1768034023.775336701] [superpoint_node]: Errore pubblicazione keypoints 3D: could not assign tuple of length 3 to structure with 4 fields.
[superpoint_node-2] [INFO] [1768034023.866323647] [superpoint_node]: Keypoints estratti: 800
[superpoint_node-2] [ERROR] [1768034023.873327480] [superpoint_node]: Errore pubblicazione keypoints 3D: could not assign tuple of length 3 to structure with 4 fields.
[superpoint_node-2] [INFO] [1768034023.966979670] [superpoint_node]: Keypoints estratti: 800
[superpoint_node-2] [ERROR] [1768034023.974750991] [superpoint_node]: Errore pubblicazione keypoints 3D: could not assign tuple of length 3 to structure with 4 fields.
[superpoint_node-2] [INFO] [1768034024.066620092] [superpoint_node]: Keypoints estratti: 800
[superpoint_node-2] [ERROR] [1768034024.074684416] [superpoint_node]: Errore pubblicazione keypoints 3D: could not assign tuple of length 3 to structure with 4 fields.
[superpoint_node-2] [INFO] [1768034024.164820910] [superpoint_node]: Keypoints estratti: 800
[superpoint_node-2] [ERROR] [1768034024.170944885] [superpoint_node]: Errore pubblicazione keypoints 3D: could not assign tuple of length 3 to structure with 4 fields.
[rtabmap-14] [INFO] [1768034024.236853169] [rtabmap]: rtabmap (1029): Rate=0.50s, Limit=0.001s, Conversion=0.0002s, RTAB-Map=0.0518s, Maps update=0.0015s pub=0.0005s delay=0.1214s (local map=1, WM=1)
[superpoint_node-2] [INFO] [1768034024.268491883] [superpoint_node]: Keypoints estratti: 800
[superpoint_node-2] [ERROR] [1768034024.275500939] [superpoint_node]: Errore pubblicazione keypoints 3D: could not assign tuple of length 3 to structure with 4 fields.
[superpoint_node-2] [INFO] [1768034024.366439329] [superpoint_node]: Keypoints estratti: 800
[superpoint_node-2] [ERROR] [1768034024.372253413] [superpoint_node]: Errore pubblicazione keypoints 3D: could not assign tuple of length 3 to structure with 4 fields.
[superpoint_node-2] [INFO] [1768034024.468089545] [superpoint_node]: Keypoints estratti: 800
[superpoint_node-2] [ERROR] [1768034024.474887137] [superpoint_node]: Errore pubblicazione keypoints 3D: could not assign tuple of length 3 to structure with 4 fields.
[superpoint_node-2] [INFO] [1768034024.564479757] [superpoint_node]: Keypoints estratti: 800
[superpoint_node-2] [ERROR] [1768034024.570388082] [superpoint_node]: Errore pubblicazione keypoints 3D: could not assign tuple of length 3 to structure with 4 fields.
[superpoint_node-2] [INFO] [1768034024.664949926] [superpoint_node]: Keypoints estratti: 800
[superpoint_node-2] [ERROR] [1768034024.670483748] [superpoint_node]: Errore pubblicazione keypoints 3D: could not assign tuple of length 3 to structure with 4 fields.
[superpoint_node-2] [INFO] [1768034024.763881362] [superpoint_node]: Keypoints estratti: 800
[superpoint_node-2] [ERROR] [1768034024.770189116] [superpoint_node]: Errore pubblicazione keypoints 3D: could not assign tuple of length 3 to structure with 4 fields.
[rtabmap-14] [INFO] [1768034024.797922003] [rtabmap]: rtabmap (1030): Rate=0.50s, Limit=0.001s, Conversion=0.0006s, RTAB-Map=0.0465s, Maps update=0.0006s pub=0.0009s delay=0.0869s (local map=1, WM=1)
[superpoint_node-2] [INFO] [1768034024.870257356] [superpoint_node]: Keypoints estratti: 800
[superpoint_node-2] [ERROR] [1768034024.877771638] [superpoint_node]: Errore pubblicazione keypoints 3D: could not assign tuple of length 3 to structure with 4 fields.
[superpoint_node-2] [INFO] [1768034024.971920758] [superpoint_node]: Keypoints estratti: 800
[superpoint_node-2] [ERROR] [1768034024.978761534] [superpoint_node]: Errore pubblicazione keypoints 3D: could not assign tuple of length 3 to structure with 4 fields.
[superpoint_node-2] [INFO] [1768034025.070305003] [superpoint_node]: Keypoints estratti: 800
[superpoint_node-2] [ERROR] [1768034025.077866804] [superpoint_node]: Errore pubblicazione keypoints 3D: could not assign tuple of length 3 to structure with 4 fields.
[superpoint_node-2] [INFO] [1768034025.178701792] [superpoint_node]: Keypoints estratti: 800
[superpoint_node-2] [ERROR] [1768034025.184277392] [superpoint_node]: Errore pubblicazione keypoints 3D: could not assign tuple of length 3 to structure with 4 fields.
[superpoint_node-2] [INFO] [1768034025.275049169] [superpoint_node]: Keypoints estratti: 800
[superpoint_node-2] [ERROR] [1768034025.281774538] [superpoint_node]: Errore pubblicazione keypoints 3D: could not assign tuple of length 3 to structure with 4 fields.
[rtabmap-14] [INFO] [1768034025.345525341] [rtabmap]: rtabmap (1031): Rate=0.50s, Limit=0.001s, Conversion=0.0003s, RTAB-Map=0.0557s, Maps update=0.0133s pub=0.0005s delay=0.1201s (local map=1, WM=1)
[superpoint_node-2] [INFO] [1768034025.381265237] [superpoint_node]: Keypoints estratti: 800
[superpoint_node-2] [ERROR] [1768034025.387805011] [superpoint_node]: Errore pubblicazione keypoints 3D: could not assign tuple of length 3 to structure with 4 fields.
[superpoint_node-2] [INFO] [1768034025.480762528] [superpoint_node]: Keypoints estratti: 800
[superpoint_node-2] [ERROR] [1768034025.487523378] [superpoint_node]: Errore pubblicazione keypoints 3D: could not assign tuple of length 3 to structure with 4 fields.
[superpoint_node-2] [INFO] [1768034025.579495851] [superpoint_node]: Keypoints estratti: 800
[superpoint_node-2] [ERROR] [1768034025.586706556] [superpoint_node]: Errore pubblicazione keypoints 3D: could not assign tuple of length 3 to structure with 4 fields.
[superpoint_node-2] [INFO] [1768034025.680832231] [superpoint_node]: Keypoints estratti: 800
[superpoint_node-2] [ERROR] [1768034025.687543062] [superpoint_node]: Errore pubblicazione keypoints 3D: could not assign tuple of length 3 to structure with 4 fields.
[superpoint_node-2] [INFO] [1768034025.784828744] [superpoint_node]: Keypoints estratti: 800
[rtabmap-14] [INFO] [1768034025.788360587] [rtabmap]: rtabmap (1032): Rate=0.50s, Limit=0.001s, Conversion=0.0002s, RTAB-Map=0.0384s, Maps update=0.0010s pub=0.0005s delay=0.0588s (local map=1, WM=1)
[superpoint_node-2] [ERROR] [1768034025.792350118] [superpoint_node]: Errore pubblicazione keypoints 3D: could not assign tuple of length 3 to structure with 4 fields.
[superpoint_node-2] [INFO] [1768034025.892513878] [superpoint_node]: Keypoints estratti: 800
[superpoint_node-2] [ERROR] [1768034025.900907260] [superpoint_node]: Errore pubblicazione keypoints 3D: could not assign tuple of length 3 to structure with 4 fields.
[superpoint_node-2] [INFO] [1768034025.993602997] [superpoint_node]: Keypoints estratti: 800
[superpoint_node-2] [ERROR] [1768034026.000536071] [superpoint_node]: Errore pubblicazione keypoints 3D: could not assign tuple of length 3 to structure with 4 fields.
[superpoint_node-2] [INFO] [1768034026.091648499] [superpoint_node]: Keypoints estratti: 800
[superpoint_node-2] [ERROR] [1768034026.098244552] [superpoint_node]: Errore pubblicazione keypoints 3D: could not assign tuple of length 3 to structure with 4 fields.
[superpoint_node-2] [INFO] [1768034026.197678084] [superpoint_node]: Keypoints estratti: 800
[superpoint_node-2] [ERROR] [1768034026.205475183] [superpoint_node]: Errore pubblicazione keypoints 3D: could not assign tuple of length 3 to structure with 4 fields.
[superpoint_node-2] [INFO] [1768034026.296628445] [superpoint_node]: Keypoints estratti: 800
[superpoint_node-2] [ERROR] [1768034026.303538482] [superpoint_node]: Errore pubblicazione keypoints 3D: could not assign tuple of length 3 to structure with 4 fields.
[rtabmap-14] [INFO] [1768034026.370206549] [rtabmap]: rtabmap (1033): Rate=0.50s, Limit=0.001s, Conversion=0.0002s, RTAB-Map=0.0576s, Maps update=0.0017s pub=0.0005s delay=0.1224s (local map=1, WM=1)
[superpoint_node-2] [INFO] [1768034026.409366342] [superpoint_node]: Keypoints estratti: 800
[superpoint_node-2] [ERROR] [1768034026.416148600] [superpoint_node]: Errore pubblicazione keypoints 3D: could not assign tuple of length 3 to structure with 4 fields.
[superpoint_node-2] [INFO] [1768034026.510242830] [superpoint_node]: Keypoints estratti: 800
[superpoint_node-2] [ERROR] [1768034026.516951217] [superpoint_node]: Errore pubblicazione keypoints 3D: could not assign tuple of length 3 to structure with 4 fields.
[superpoint_node-2] [INFO] [1768034026.643982357] [superpoint_node]: Keypoints estratti: 800
[superpoint_node-2] [ERROR] [1768034026.651009116] [superpoint_node]: Errore pubblicazione keypoints 3D: could not assign tuple of length 3 to structure with 4 fields.
[superpoint_node-2] [INFO] [1768034026.740961406] [superpoint_node]: Keypoints estratti: 800
[superpoint_node-2] [ERROR] [1768034026.748854173] [superpoint_node]: Errore pubblicazione keypoints 3D: could not assign tuple of length 3 to structure with 4 fields.
[superpoint_node-2] [INFO] [1768034026.845239180] [superpoint_node]: Keypoints estratti: 800
[superpoint_node-2] [ERROR] [1768034026.853010705] [superpoint_node]: Errore pubblicazione keypoints 3D: could not assign tuple of length 3 to structure with 4 fields.
[rtabmap-14] [INFO] [1768034026.888404709] [rtabmap]: rtabmap (1034): Rate=0.50s, Limit=0.001s, Conversion=0.0006s, RTAB-Map=0.0703s, Maps update=0.0007s pub=0.0005s delay=0.0985s (local map=1, WM=1)
[superpoint_node-2] [INFO] [1768034026.948246815] [superpoint_node]: Keypoints estratti: 800
[superpoint_node-2] [ERROR] [1768034026.955266630] [superpoint_node]: Errore pubblicazione keypoints 3D: could not assign tuple of length 3 to structure with 4 fields.
[superpoint_node-2] [INFO] [1768034027.052880055] [superpoint_node]: Keypoints estratti: 800
[superpoint_node-2] [ERROR] [1768034027.060593246] [superpoint_node]: Errore pubblicazione keypoints 3D: could not assign tuple of length 3 to structure with 4 fields.
[superpoint_node-2] [INFO] [1768034027.151924398] [superpoint_node]: Keypoints estratti: 800
[superpoint_node-2] [ERROR] [1768034027.158325005] [superpoint_node]: Errore pubblicazione keypoints 3D: could not assign tuple of length 3 to structure with 4 fields.
[superpoint_node-2] [INFO] [1768034027.252854701] [superpoint_node]: Keypoints estratti: 800
[superpoint_node-2] [ERROR] [1768034027.260546818] [superpoint_node]: Errore pubblicazione keypoints 3D: could not assign tuple of length 3 to structure with 4 fields.
[superpoint_node-2] [INFO] [1768034027.354434843] [superpoint_node]: Keypoints estratti: 800
[superpoint_node-2] [ERROR] [1768034027.362312313] [superpoint_node]: Errore pubblicazione keypoints 3D: could not assign tuple of length 3 to structure with 4 fields.
[rtabmap-14] [INFO] [1768034027.417913181] [rtabmap]: rtabmap (1035): Rate=0.50s, Limit=0.001s, Conversion=0.0003s, RTAB-Map=0.0645s, Maps update=0.0063s pub=0.0007s delay=0.1146s (local map=1, WM=1)
[superpoint_node-2] [INFO] [1768034027.464482089] [superpoint_node]: Keypoints estratti: 800
[superpoint_node-2] [ERROR] [1768034027.471445477] [superpoint_node]: Errore pubblicazione keypoints 3D: could not assign tuple of length 3 to structure with 4 fields.
[superpoint_node-2] [INFO] [1768034027.564494995] [superpoint_node]: Keypoints estratti: 800
[superpoint_node-2] [ERROR] [1768034027.571322587] [superpoint_node]: Errore pubblicazione keypoints 3D: could not assign tuple of length 3 to structure with 4 fields.
[superpoint_node-2] [INFO] [1768034027.665477743] [superpoint_node]: Keypoints estratti: 800
[superpoint_node-2] [ERROR] [1768034027.673905625] [superpoint_node]: Errore pubblicazione keypoints 3D: could not assign tuple of length 3 to structure with 4 fields.
[superpoint_node-2] [INFO] [1768034027.766691530] [superpoint_node]: Keypoints estratti: 800
[superpoint_node-2] [ERROR] [1768034027.773696475] [superpoint_node]: Errore pubblicazione keypoints 3D: could not assign tuple of length 3 to structure with 4 fields.
[superpoint_node-2] [INFO] [1768034027.864938349] [superpoint_node]: Keypoints estratti: 800
[superpoint_node-2] [ERROR] [1768034027.871878219] [superpoint_node]: Errore pubblicazione keypoints 3D: could not assign tuple of length 3 to structure with 4 fields.
[rtabmap-14] [INFO] [1768034027.926752026] [rtabmap]: rtabmap (1036): Rate=0.50s, Limit=0.001s, Conversion=0.0003s, RTAB-Map=0.0336s, Maps update=0.0087s pub=0.0013s delay=0.1103s (local map=1, WM=1)
[superpoint_node-2] [INFO] [1768034027.970673227] [superpoint_node]: Keypoints estratti: 800
[superpoint_node-2] [ERROR] [1768034027.980331100] [superpoint_node]: Errore pubblicazione keypoints 3D: could not assign tuple of length 3 to structure with 4 fields.
[superpoint_node-2] [INFO] [1768034028.078033118] [superpoint_node]: Keypoints estratti: 800
[superpoint_node-2] [ERROR] [1768034028.085119712] [superpoint_node]: Errore pubblicazione keypoints 3D: could not assign tuple of length 3 to structure with 4 fields.
[superpoint_node-2] [INFO] [1768034028.179554148] [superpoint_node]: Keypoints estratti: 800
[superpoint_node-2] [ERROR] [1768034028.188465386] [superpoint_node]: Errore pubblicazione keypoints 3D: could not assign tuple of length 3 to structure with 4 fields.
[superpoint_node-2] [INFO] [1768034028.283533401] [superpoint_node]: Keypoints estratti: 800
[superpoint_node-2] [ERROR] [1768034028.290658088] [superpoint_node]: Errore pubblicazione keypoints 3D: could not assign tuple of length 3 to structure with 4 fields.
[superpoint_node-2] [INFO] [1768034028.391430445] [superpoint_node]: Keypoints estratti: 800
[rtabmap-14] [INFO] [1768034028.391996801] [rtabmap]: rtabmap (1037): Rate=0.50s, Limit=0.001s, Conversion=0.0002s, RTAB-Map=0.0379s, Maps update=0.0005s pub=0.0008s delay=0.0617s (local map=1, WM=1)
[superpoint_node-2] [ERROR] [1768034028.400743982] [superpoint_node]: Errore pubblicazione keypoints 3D: could not assign tuple of length 3 to structure with 4 fields.
[superpoint_node-2] [INFO] [1768034028.494613581] [superpoint_node]: Keypoints estratti: 800
[superpoint_node-2] [ERROR] [1768034028.502512458] [superpoint_node]: Errore pubblicazione keypoints 3D: could not assign tuple of length 3 to structure with 4 fields.
[superpoint_node-2] [INFO] [1768034028.595273548] [superpoint_node]: Keypoints estratti: 800
[superpoint_node-2] [ERROR] [1768034028.602525550] [superpoint_node]: Errore pubblicazione keypoints 3D: could not assign tuple of length 3 to structure with 4 fields.
[superpoint_node-2] [INFO] [1768034028.698661056] [superpoint_node]: Keypoints estratti: 800
[superpoint_node-2] [ERROR] [1768034028.706317543] [superpoint_node]: Errore pubblicazione keypoints 3D: could not assign tuple of length 3 to structure with 4 fields.
[superpoint_node-2] [INFO] [1768034028.796812652] [superpoint_node]: Keypoints estratti: 800
[superpoint_node-2] [ERROR] [1768034028.804167155] [superpoint_node]: Errore pubblicazione keypoints 3D: could not assign tuple of length 3 to structure with 4 fields.
[superpoint_node-2] [INFO] [1768034028.901674393] [superpoint_node]: Keypoints estratti: 800
[superpoint_node-2] [ERROR] [1768034028.909557123] [superpoint_node]: Errore pubblicazione keypoints 3D: could not assign tuple of length 3 to structure with 4 fields.
[rtabmap-14] [INFO] [1768034028.956255846] [rtabmap]: rtabmap (1038): Rate=0.50s, Limit=0.001s, Conversion=0.0009s, RTAB-Map=0.0628s, Maps update=0.0070s pub=0.0007s delay=0.1103s (local map=1, WM=1)
[superpoint_node-2] [INFO] [1768034029.005151309] [superpoint_node]: Keypoints estratti: 800
[superpoint_node-2] [ERROR] [1768034029.013109132] [superpoint_node]: Errore pubblicazione keypoints 3D: could not assign tuple of length 3 to structure with 4 fields.
[superpoint_node-2] [INFO] [1768034029.104159319] [superpoint_node]: Keypoints estratti: 800
[superpoint_node-2] [ERROR] [1768034029.111553582] [superpoint_node]: Errore pubblicazione keypoints 3D: could not assign tuple of length 3 to structure with 4 fields.
[superpoint_node-2] [INFO] [1768034029.200571272] [superpoint_node]: Keypoints estratti: 800
[superpoint_node-2] [ERROR] [1768034029.207711551] [superpoint_node]: Errore pubblicazione keypoints 3D: could not assign tuple of length 3 to structure with 4 fields.
[superpoint_node-2] [INFO] [1768034029.300320917] [superpoint_node]: Keypoints estratti: 800
[superpoint_node-2] [ERROR] [1768034029.307842144] [superpoint_node]: Errore pubblicazione keypoints 3D: could not assign tuple of length 3 to structure with 4 fields.
[superpoint_node-2] [INFO] [1768034029.403779796] [superpoint_node]: Keypoints estratti: 800
[superpoint_node-2] [ERROR] [1768034029.412936776] [superpoint_node]: Errore pubblicazione keypoints 3D: could not assign tuple of length 3 to structure with 4 fields.
[rtabmap-14] [INFO] [1768034029.484543235] [rtabmap]: rtabmap (1039): Rate=0.50s, Limit=0.001s, Conversion=0.0002s, RTAB-Map=0.0638s, Maps update=0.0044s pub=0.0013s delay=0.1349s (local map=1, WM=1)
[superpoint_node-2] [INFO] [1768034029.511272670] [superpoint_node]: Keypoints estratti: 800
[superpoint_node-2] [ERROR] [1768034029.518095668] [superpoint_node]: Errore pubblicazione keypoints 3D: could not assign tuple of length 3 to structure with 4 fields.
[superpoint_node-2] [INFO] [1768034029.607629381] [superpoint_node]: Keypoints estratti: 800
[superpoint_node-2] [ERROR] [1768034029.614363119] [superpoint_node]: Errore pubblicazione keypoints 3D: could not assign tuple of length 3 to structure with 4 fields.
[superpoint_node-2] [INFO] [1768034029.703706849] [superpoint_node]: Keypoints estratti: 800
[superpoint_node-2] [ERROR] [1768034029.710583292] [superpoint_node]: Errore pubblicazione keypoints 3D: could not assign tuple of length 3 to structure with 4 fields.
[superpoint_node-2] [INFO] [1768034029.805182212] [superpoint_node]: Keypoints estratti: 800
[superpoint_node-2] [ERROR] [1768034029.812348972] [superpoint_node]: Errore pubblicazione keypoints 3D: could not assign tuple of length 3 to structure with 4 fields.
[superpoint_node-2] [INFO] [1768034029.957838074] [superpoint_node]: Keypoints estratti: 800
[superpoint_node-2] [ERROR] [1768034029.965960083] [superpoint_node]: Errore pubblicazione keypoints 3D: could not assign tuple of length 3 to structure with 4 fields.
[superpoint_node-2] [INFO] [1768034030.059798386] [superpoint_node]: Keypoints estratti: 800
[superpoint_node-2] [ERROR] [1768034030.066449031] [superpoint_node]: Errore pubblicazione keypoints 3D: could not assign tuple of length 3 to structure with 4 fields.
[rtabmap-14] [INFO] [1768034030.105729233] [rtabmap]: rtabmap (1040): Rate=0.50s, Limit=0.001s, Conversion=0.0003s, RTAB-Map=0.1543s, Maps update=0.0021s pub=0.0064s delay=0.2094s (local map=2, WM=2)
[superpoint_node-2] [INFO] [1768034030.168215470] [superpoint_node]: Keypoints estratti: 800
[superpoint_node-2] [ERROR] [1768034030.175387342] [superpoint_node]: Errore pubblicazione keypoints 3D: could not assign tuple of length 3 to structure with 4 fields.
[superpoint_node-2] [INFO] [1768034030.267558928] [superpoint_node]: Keypoints estratti: 800
[superpoint_node-2] [ERROR] [1768034030.274987264] [superpoint_node]: Errore pubblicazione keypoints 3D: could not assign tuple of length 3 to structure with 4 fields.
[superpoint_node-2] [INFO] [1768034030.370922898] [superpoint_node]: Keypoints estratti: 800
[superpoint_node-2] [ERROR] [1768034030.378647311] [superpoint_node]: Errore pubblicazione keypoints 3D: could not assign tuple of length 3 to structure with 4 fields.
[superpoint_node-2] [INFO] [1768034030.472780597] [superpoint_node]: Keypoints estratti: 800
[superpoint_node-2] [ERROR] [1768034030.479917025] [superpoint_node]: Errore pubblicazione keypoints 3D: could not assign tuple of length 3 to structure with 4 fields.
[rtabmap-14] [INFO] [1768034030.515114249] [rtabmap]: rtabmap (1041): Rate=0.50s, Limit=0.001s, Conversion=0.0002s, RTAB-Map=0.0341s, Maps update=0.0010s pub=0.0008s delay=0.0909s (local map=2, WM=2)
[superpoint_node-2] [INFO] [1768034030.578371456] [superpoint_node]: Keypoints estratti: 800
[superpoint_node-2] [ERROR] [1768034030.586865061] [superpoint_node]: Errore pubblicazione keypoints 3D: could not assign tuple of length 3 to structure with 4 fields.
[superpoint_node-2] [INFO] [1768034030.674679630] [superpoint_node]: Keypoints estratti: 800
[superpoint_node-2] [ERROR] [1768034030.682146448] [superpoint_node]: Errore pubblicazione keypoints 3D: could not assign tuple of length 3 to structure with 4 fields.
[superpoint_node-2] [INFO] [1768034030.771151212] [superpoint_node]: Keypoints estratti: 800
[superpoint_node-2] [ERROR] [1768034030.778412899] [superpoint_node]: Errore pubblicazione keypoints 3D: could not assign tuple of length 3 to structure with 4 fields.
[superpoint_node-2] [INFO] [1768034030.868484746] [superpoint_node]: Keypoints estratti: 800
[superpoint_node-2] [ERROR] [1768034030.874979834] [superpoint_node]: Errore pubblicazione keypoints 3D: could not assign tuple of length 3 to structure with 4 fields.
[superpoint_node-2] [INFO] [1768034030.964353471] [superpoint_node]: Keypoints estratti: 800
[superpoint_node-2] [ERROR] [1768034030.970248870] [superpoint_node]: Errore pubblicazione keypoints 3D: could not assign tuple of length 3 to structure with 4 fields.
[superpoint_node-2] [INFO] [1768034031.062107212] [superpoint_node]: Keypoints estratti: 800
[superpoint_node-2] [ERROR] [1768034031.069134176] [superpoint_node]: Errore pubblicazione keypoints 3D: could not assign tuple of length 3 to structure with 4 fields.
[superpoint_node-2] [INFO] [1768034031.161998248] [superpoint_node]: Keypoints estratti: 800
[superpoint_node-2] [ERROR] [1768034031.168800524] [superpoint_node]: Errore pubblicazione keypoints 3D: could not assign tuple of length 3 to structure with 4 fields.
[rtabmap-14] [INFO] [1768034031.209764480] [rtabmap]: rtabmap (1042): Rate=0.50s, Limit=0.001s, Conversion=0.0007s, RTAB-Map=0.1462s, Maps update=0.0049s pub=0.0078s delay=0.1978s (local map=3, WM=3)
[superpoint_node-2] [INFO] [1768034031.269573048] [superpoint_node]: Keypoints estratti: 800
[superpoint_node-2] [ERROR] [1768034031.277083886] [superpoint_node]: Errore pubblicazione keypoints 3D: could not assign tuple of length 3 to structure with 4 fields.
[superpoint_node-2] [INFO] [1768034031.369477510] [superpoint_node]: Keypoints estratti: 800
[superpoint_node-2] [ERROR] [1768034031.378395340] [superpoint_node]: Errore pubblicazione keypoints 3D: could not assign tuple of length 3 to structure with 4 fields.
[superpoint_node-2] [INFO] [1768034031.467038804] [superpoint_node]: Keypoints estratti: 800
[superpoint_node-2] [ERROR] [1768034031.474646513] [superpoint_node]: Errore pubblicazione keypoints 3D: could not assign tuple of length 3 to structure with 4 fields.
[superpoint_node-2] [INFO] [1768034031.566570633] [superpoint_node]: Keypoints estratti: 800
[superpoint_node-2] [ERROR] [1768034031.573550078] [superpoint_node]: Errore pubblicazione keypoints 3D: could not assign tuple of length 3 to structure with 4 fields.
[rtabmap-14] [INFO] [1768034031.626463888] [rtabmap]: rtabmap (1043): Rate=0.50s, Limit=0.001s, Conversion=0.0003s, RTAB-Map=0.0690s, Maps update=0.0090s pub=0.0035s delay=0.1105s (local map=3, WM=3)
[superpoint_node-2] [INFO] [1768034031.672754663] [superpoint_node]: Keypoints estratti: 800
[superpoint_node-2] [ERROR] [1768034031.681567252] [superpoint_node]: Errore pubblicazione keypoints 3D: could not assign tuple of length 3 to structure with 4 fields.
[superpoint_node-2] [INFO] [1768034031.771896174] [superpoint_node]: Keypoints estratti: 800
[superpoint_node-2] [ERROR] [1768034031.780430002] [superpoint_node]: Errore pubblicazione keypoints 3D: could not assign tuple of length 3 to structure with 4 fields.
[superpoint_node-2] [INFO] [1768034031.870663627] [superpoint_node]: Keypoints estratti: 800
[superpoint_node-2] [ERROR] [1768034031.878047297] [superpoint_node]: Errore pubblicazione keypoints 3D: could not assign tuple of length 3 to structure with 4 fields.
[superpoint_node-2] [INFO] [1768034031.973545334] [superpoint_node]: Keypoints estratti: 800
[superpoint_node-2] [ERROR] [1768034031.981784011] [superpoint_node]: Errore pubblicazione keypoints 3D: could not assign tuple of length 3 to structure with 4 fields.
[superpoint_node-2] [INFO] [1768034032.072381250] [superpoint_node]: Keypoints estratti: 800
[superpoint_node-2] [ERROR] [1768034032.080044811] [superpoint_node]: Errore pubblicazione keypoints 3D: could not assign tuple of length 3 to structure with 4 fields.
[rtabmap-14] [INFO] [1768034032.118338783] [rtabmap]: rtabmap (1044): Rate=0.50s, Limit=0.001s, Conversion=0.0002s, RTAB-Map=0.0334s, Maps update=0.0027s pub=0.0008s delay=0.0940s (local map=3, WM=3)
[superpoint_node-2] [INFO] [1768034032.176157280] [superpoint_node]: Keypoints estratti: 800
[superpoint_node-2] [ERROR] [1768034032.183278207] [superpoint_node]: Errore pubblicazione keypoints 3D: could not assign tuple of length 3 to structure with 4 fields.
[superpoint_node-2] [INFO] [1768034032.271805485] [superpoint_node]: Keypoints estratti: 800
[superpoint_node-2] [ERROR] [1768034032.279224748] [superpoint_node]: Errore pubblicazione keypoints 3D: could not assign tuple of length 3 to structure with 4 fields.
[superpoint_node-2] [INFO] [1768034032.371179220] [superpoint_node]: Keypoints estratti: 800
[superpoint_node-2] [ERROR] [1768034032.378910504] [superpoint_node]: Errore pubblicazione keypoints 3D: could not assign tuple of length 3 to structure with 4 fields.
[superpoint_node-2] [INFO] [1768034032.469151833] [superpoint_node]: Keypoints estratti: 800
[superpoint_node-2] [ERROR] [1768034032.476443873] [superpoint_node]: Errore pubblicazione keypoints 3D: could not assign tuple of length 3 to structure with 4 fields.
[superpoint_node-2] [INFO] [1768034032.568114713] [superpoint_node]: Keypoints estratti: 800
[superpoint_node-2] [ERROR] [1768034032.575726848] [superpoint_node]: Errore pubblicazione keypoints 3D: could not assign tuple of length 3 to structure with 4 fields.
[superpoint_node-2] [INFO] [1768034032.666860832] [superpoint_node]: Keypoints estratti: 800
[superpoint_node-2] [ERROR] [1768034032.674133075] [superpoint_node]: Errore pubblicazione keypoints 3D: could not assign tuple of length 3 to structure with 4 fields.
[rtabmap-14] [INFO] [1768034032.722461663] [rtabmap]: rtabmap (1045): Rate=0.50s, Limit=0.001s, Conversion=0.0002s, RTAB-Map=0.0336s, Maps update=0.0032s pub=0.0012s delay=0.1041s (local map=3, WM=3)
[superpoint_node-2] [INFO] [1768034032.770017264] [superpoint_node]: Keypoints estratti: 800
[superpoint_node-2] [ERROR] [1768034032.777401638] [superpoint_node]: Errore pubblicazione keypoints 3D: could not assign tuple of length 3 to structure with 4 fields.
[superpoint_node-2] [INFO] [1768034032.869813928] [superpoint_node]: Keypoints estratti: 800
[superpoint_node-2] [ERROR] [1768034032.878350663] [superpoint_node]: Errore pubblicazione keypoints 3D: could not assign tuple of length 3 to structure with 4 fields.
[superpoint_node-2] [INFO] [1768034032.968000599] [superpoint_node]: Keypoints estratti: 800
[superpoint_node-2] [ERROR] [1768034032.976198812] [superpoint_node]: Errore pubblicazione keypoints 3D: could not assign tuple of length 3 to structure with 4 fields.
[superpoint_node-2] [INFO] [1768034033.067479057] [superpoint_node]: Keypoints estratti: 800
[superpoint_node-2] [ERROR] [1768034033.074823060] [superpoint_node]: Errore pubblicazione keypoints 3D: could not assign tuple of length 3 to structure with 4 fields.
[rtabmap-14] [33m[ WARN] (2026-01-10 09:33:50.093) Memory.cpp:2105::forget() Less signatures transferred (0) than added (1)! The working memory cannot decrease in size.[0m
[rtabmap-14] [33m[ WARN] (2026-01-10 09:33:51.195) Memory.cpp:2105::forget() Less signatures transferred (0) than added (1)! The working memory cannot decrease in size.[0m
[superpoint_node-2] [INFO] [1768034033.167643483] [superpoint_node]: Keypoints estratti: 800
[superpoint_node-2] [ERROR] [1768034033.175439342] [superpoint_node]: Errore pubblicazione keypoints 3D: could not assign tuple of length 3 to structure with 4 fields.
[rtabmap-14] [INFO] [1768034033.254213505] [rtabmap]: rtabmap (1046): Rate=0.50s, Limit=0.001s, Conversion=0.0006s, RTAB-Map=0.0672s, Maps update=0.0049s pub=0.0007s delay=0.1353s (local map=3, WM=3)
[superpoint_node-2] [INFO] [1768034033.273581623] [superpoint_node]: Keypoints estratti: 800
[superpoint_node-2] [ERROR] [1768034033.281041071] [superpoint_node]: Errore pubblicazione keypoints 3D: could not assign tuple of length 3 to structure with 4 fields.
[superpoint_node-2] [INFO] [1768034033.371189621] [superpoint_node]: Keypoints estratti: 800
[superpoint_node-2] [ERROR] [1768034033.378552736] [superpoint_node]: Errore pubblicazione keypoints 3D: could not assign tuple of length 3 to structure with 4 fields.
[superpoint_node-2] [INFO] [1768034033.477964452] [superpoint_node]: Keypoints estratti: 800
[superpoint_node-2] [ERROR] [1768034033.485014583] [superpoint_node]: Errore pubblicazione keypoints 3D: could not assign tuple of length 3 to structure with 4 fields.
[superpoint_node-2] [INFO] [1768034033.572690243] [superpoint_node]: Keypoints estratti: 800
[superpoint_node-2] [ERROR] [1768034033.580468527] [superpoint_node]: Errore pubblicazione keypoints 3D: could not assign tuple of length 3 to structure with 4 fields.
[superpoint_node-2] [INFO] [1768034033.674201218] [superpoint_node]: Keypoints estratti: 800
[superpoint_node-2] [ERROR] [1768034033.682303060] [superpoint_node]: Errore pubblicazione keypoints 3D: could not assign tuple of length 3 to structure with 4 fields.
[rtabmap-14] [INFO] [1768034033.735425575] [rtabmap]: rtabmap (1047): Rate=0.50s, Limit=0.001s, Conversion=0.0005s, RTAB-Map=0.0762s, Maps update=0.0114s pub=0.0012s delay=0.1135s (local map=3, WM=3)
[superpoint_node-2] [INFO] [1768034033.785298083] [superpoint_node]: Keypoints estratti: 800
[superpoint_node-2] [ERROR] [1768034033.792457788] [superpoint_node]: Errore pubblicazione keypoints 3D: could not assign tuple of length 3 to structure with 4 fields.
[superpoint_node-2] [INFO] [1768034033.924989972] [superpoint_node]: Keypoints estratti: 800
[superpoint_node-2] [ERROR] [1768034033.931802360] [superpoint_node]: Errore pubblicazione keypoints 3D: could not assign tuple of length 3 to structure with 4 fields.
[superpoint_node-2] [INFO] [1768034034.023227069] [superpoint_node]: Keypoints estratti: 800
[superpoint_node-2] [ERROR] [1768034034.030099346] [superpoint_node]: Errore pubblicazione keypoints 3D: could not assign tuple of length 3 to structure with 4 fields.
[superpoint_node-2] [INFO] [1768034034.119465316] [superpoint_node]: Keypoints estratti: 800
[superpoint_node-2] [ERROR] [1768034034.126556909] [superpoint_node]: Errore pubblicazione keypoints 3D: could not assign tuple of length 3 to structure with 4 fields.
[superpoint_node-2] [INFO] [1768034034.228993039] [superpoint_node]: Keypoints estratti: 800
[superpoint_node-2] [ERROR] [1768034034.236222874] [superpoint_node]: Errore pubblicazione keypoints 3D: could not assign tuple of length 3 to structure with 4 fields.
[rtabmap-14] [INFO] [1768034034.302022861] [rtabmap]: rtabmap (1048): Rate=0.50s, Limit=0.001s, Conversion=0.0002s, RTAB-Map=0.0666s, Maps update=0.0126s pub=0.0010s delay=0.1318s (local map=3, WM=3)
[superpoint_node-2] [INFO] [1768034034.332008285] [superpoint_node]: Keypoints estratti: 800
[superpoint_node-2] [ERROR] [1768034034.338814617] [superpoint_node]: Errore pubblicazione keypoints 3D: could not assign tuple of length 3 to structure with 4 fields.
[superpoint_node-2] [INFO] [1768034034.430708052] [superpoint_node]: Keypoints estratti: 800
[superpoint_node-2] [ERROR] [1768034034.438071925] [superpoint_node]: Errore pubblicazione keypoints 3D: could not assign tuple of length 3 to structure with 4 fields.
[superpoint_node-2] [INFO] [1768034034.531430020] [superpoint_node]: Keypoints estratti: 800
[superpoint_node-2] [ERROR] [1768034034.538440316] [superpoint_node]: Errore pubblicazione keypoints 3D: could not assign tuple of length 3 to structure with 4 fields.
[superpoint_node-2] [INFO] [1768034034.630375159] [superpoint_node]: Keypoints estratti: 800
[superpoint_node-2] [ERROR] [1768034034.637116231] [superpoint_node]: Errore pubblicazione keypoints 3D: could not assign tuple of length 3 to structure with 4 fields.
[superpoint_node-2] [INFO] [1768034034.730954959] [superpoint_node]: Keypoints estratti: 800
[superpoint_node-2] [ERROR] [1768034034.738321888] [superpoint_node]: Errore pubblicazione keypoints 3D: could not assign tuple of length 3 to structure with 4 fields.
[rtabmap-14] [INFO] [1768034034.800643551] [rtabmap]: rtabmap (1049): Rate=0.50s, Limit=0.001s, Conversion=0.0005s, RTAB-Map=0.0676s, Maps update=0.0145s pub=0.0037s delay=0.1220s (local map=3, WM=3)
[superpoint_node-2] [INFO] [1768034034.837600437] [superpoint_node]: Keypoints estratti: 800
[superpoint_node-2] [ERROR] [1768034034.846787973] [superpoint_node]: Errore pubblicazione keypoints 3D: could not assign tuple of length 3 to structure with 4 fields.
[superpoint_node-2] [INFO] [1768034034.941809137] [superpoint_node]: Keypoints estratti: 800
[superpoint_node-2] [ERROR] [1768034034.949376715] [superpoint_node]: Errore pubblicazione keypoints 3D: could not assign tuple of length 3 to structure with 4 fields.
[superpoint_node-2] [INFO] [1768034035.046014040] [superpoint_node]: Keypoints estratti: 800
[superpoint_node-2] [ERROR] [1768034035.053817491] [superpoint_node]: Errore pubblicazione keypoints 3D: could not assign tuple of length 3 to structure with 4 fields.
[superpoint_node-2] [INFO] [1768034035.155373854] [superpoint_node]: Keypoints estratti: 800
[superpoint_node-2] [ERROR] [1768034035.162907322] [superpoint_node]: Errore pubblicazione keypoints 3D: could not assign tuple of length 3 to structure with 4 fields.
[superpoint_node-2] [INFO] [1768034035.253332097] [superpoint_node]: Keypoints estratti: 800
[superpoint_node-2] [ERROR] [1768034035.260986250] [superpoint_node]: Errore pubblicazione keypoints 3D: could not assign tuple of length 3 to structure with 4 fields.
[rtabmap-14] [INFO] [1768034035.323435044] [rtabmap]: rtabmap (1050): Rate=0.50s, Limit=0.001s, Conversion=0.0003s, RTAB-Map=0.0682s, Maps update=0.0090s pub=0.0010s delay=0.1201s (local map=3, WM=3)
[superpoint_node-2] [INFO] [1768034035.359423978] [superpoint_node]: Keypoints estratti: 800
[superpoint_node-2] [ERROR] [1768034035.367219985] [superpoint_node]: Errore pubblicazione keypoints 3D: could not assign tuple of length 3 to structure with 4 fields.
[superpoint_node-2] [INFO] [1768034035.460250873] [superpoint_node]: Keypoints estratti: 800
[superpoint_node-2] [ERROR] [1768034035.467383763] [superpoint_node]: Errore pubblicazione keypoints 3D: could not assign tuple of length 3 to structure with 4 fields.
[superpoint_node-2] [INFO] [1768034035.559417680] [superpoint_node]: Keypoints estratti: 800
[superpoint_node-2] [ERROR] [1768034035.566595256] [superpoint_node]: Errore pubblicazione keypoints 3D: could not assign tuple of length 3 to structure with 4 fields.
[superpoint_node-2] [INFO] [1768034035.666029566] [superpoint_node]: Keypoints estratti: 800
[superpoint_node-2] [ERROR] [1768034035.674271150] [superpoint_node]: Errore pubblicazione keypoints 3D: could not assign tuple of length 3 to structure with 4 fields.
[superpoint_node-2] [INFO] [1768034035.792607240] [superpoint_node]: Keypoints estratti: 800
[superpoint_node-2] [ERROR] [1768034035.799882964] [superpoint_node]: Errore pubblicazione keypoints 3D: could not assign tuple of length 3 to structure with 4 fields.
[rtabmap-14] [INFO] [1768034035.865983453] [rtabmap]: rtabmap (1051): Rate=0.50s, Limit=0.001s, Conversion=0.0007s, RTAB-Map=0.0760s, Maps update=0.0046s pub=0.0006s delay=0.1483s (local map=3, WM=3)
[superpoint_node-2] [INFO] [1768034035.895246464] [superpoint_node]: Keypoints estratti: 800
[superpoint_node-2] [ERROR] [1768034035.902660412] [superpoint_node]: Errore pubblicazione keypoints 3D: could not assign tuple of length 3 to structure with 4 fields.
[superpoint_node-2] [INFO] [1768034035.994597643] [superpoint_node]: Keypoints estratti: 800
[superpoint_node-2] [ERROR] [1768034036.001831756] [superpoint_node]: Errore pubblicazione keypoints 3D: could not assign tuple of length 3 to structure with 4 fields.
[superpoint_node-2] [INFO] [1768034036.090548888] [superpoint_node]: Keypoints estratti: 800
[superpoint_node-2] [ERROR] [1768034036.097622592] [superpoint_node]: Errore pubblicazione keypoints 3D: could not assign tuple of length 3 to structure with 4 fields.
[superpoint_node-2] [INFO] [1768034036.191574007] [superpoint_node]: Keypoints estratti: 800
[superpoint_node-2] [ERROR] [1768034036.198576266] [superpoint_node]: Errore pubblicazione keypoints 3D: could not assign tuple of length 3 to structure with 4 fields.
[superpoint_node-2] [INFO] [1768034036.290568109] [superpoint_node]: Keypoints estratti: 800
[superpoint_node-2] [ERROR] [1768034036.298170040] [superpoint_node]: Errore pubblicazione keypoints 3D: could not assign tuple of length 3 to structure with 4 fields.
[rtabmap-14] [INFO] [1768034036.363049186] [rtabmap]: rtabmap (1052): Rate=0.50s, Limit=0.001s, Conversion=0.0006s, RTAB-Map=0.0710s, Maps update=0.0058s pub=0.0009s delay=0.1217s (local map=3, WM=3)
[superpoint_node-2] [INFO] [1768034036.392667347] [superpoint_node]: Keypoints estratti: 800
[superpoint_node-2] [ERROR] [1768034036.400021962] [superpoint_node]: Errore pubblicazione keypoints 3D: could not assign tuple of length 3 to structure with 4 fields.
[superpoint_node-2] [INFO] [1768034036.494443565] [superpoint_node]: Keypoints estratti: 800
[superpoint_node-2] [ERROR] [1768034036.503735472] [superpoint_node]: Errore pubblicazione keypoints 3D: could not assign tuple of length 3 to structure with 4 fields.
[superpoint_node-2] [INFO] [1768034036.595096643] [superpoint_node]: Keypoints estratti: 800
[superpoint_node-2] [ERROR] [1768034036.602739519] [superpoint_node]: Errore pubblicazione keypoints 3D: could not assign tuple of length 3 to structure with 4 fields.
[superpoint_node-2] [INFO] [1768034036.697716330] [superpoint_node]: Keypoints estratti: 800
[superpoint_node-2] [ERROR] [1768034036.705741894] [superpoint_node]: Errore pubblicazione keypoints 3D: could not assign tuple of length 3 to structure with 4 fields.
[superpoint_node-2] [INFO] [1768034036.799690234] [superpoint_node]: Keypoints estratti: 800
[superpoint_node-2] [ERROR] [1768034036.809122846] [superpoint_node]: Errore pubblicazione keypoints 3D: could not assign tuple of length 3 to structure with 4 fields.
[rtabmap-14] [INFO] [1768034036.886148015] [rtabmap]: rtabmap (1053): Rate=0.50s, Limit=0.001s, Conversion=0.0002s, RTAB-Map=0.0621s, Maps update=0.0042s pub=0.0014s delay=0.1353s (local map=3, WM=3)
[superpoint_node-2] [INFO] [1768034036.906055784] [superpoint_node]: Keypoints estratti: 800
[superpoint_node-2] [ERROR] [1768034036.913243638] [superpoint_node]: Errore pubblicazione keypoints 3D: could not assign tuple of length 3 to structure with 4 fields.
[superpoint_node-2] [INFO] [1768034037.001333468] [superpoint_node]: Keypoints estratti: 800
[superpoint_node-2] [ERROR] [1768034037.008769416] [superpoint_node]: Errore pubblicazione keypoints 3D: could not assign tuple of length 3 to structure with 4 fields.
[superpoint_node-2] [INFO] [1768034037.098471297] [superpoint_node]: Keypoints estratti: 800
[superpoint_node-2] [ERROR] [1768034037.105496501] [superpoint_node]: Errore pubblicazione keypoints 3D: could not assign tuple of length 3 to structure with 4 fields.
[superpoint_node-2] [INFO] [1768034037.195331716] [superpoint_node]: Keypoints estratti: 800
[superpoint_node-2] [ERROR] [1768034037.202878961] [superpoint_node]: Errore pubblicazione keypoints 3D: could not assign tuple of length 3 to structure with 4 fields.
[superpoint_node-2] [INFO] [1768034037.291512981] [superpoint_node]: Keypoints estratti: 800
[superpoint_node-2] [ERROR] [1768034037.298331146] [superpoint_node]: Errore pubblicazione keypoints 3D: could not assign tuple of length 3 to structure with 4 fields.
[superpoint_node-2] [INFO] [1768034037.391481665] [superpoint_node]: Keypoints estratti: 800
[superpoint_node-2] [ERROR] [1768034037.398501795] [superpoint_node]: Errore pubblicazione keypoints 3D: could not assign tuple of length 3 to structure with 4 fields.
[rtabmap-14] [INFO] [1768034037.464601321] [rtabmap]: rtabmap (1054): Rate=0.50s, Limit=0.001s, Conversion=0.0008s, RTAB-Map=0.0771s, Maps update=0.0055s pub=0.0008s delay=0.1258s (local map=3, WM=3)
[superpoint_node-2] [INFO] [1768034037.492718489] [superpoint_node]: Keypoints estratti: 800
[superpoint_node-2] [ERROR] [1768034037.499825249] [superpoint_node]: Errore pubblicazione keypoints 3D: could not assign tuple of length 3 to structure with 4 fields.
[superpoint_node-2] [INFO] [1768034037.591783907] [superpoint_node]: Keypoints estratti: 800
[superpoint_node-2] [ERROR] [1768034037.598669740] [superpoint_node]: Errore pubblicazione keypoints 3D: could not assign tuple of length 3 to structure with 4 fields.
[superpoint_node-2] [INFO] [1768034037.689499851] [superpoint_node]: Keypoints estratti: 800
[superpoint_node-2] [ERROR] [1768034037.696423203] [superpoint_node]: Errore pubblicazione keypoints 3D: could not assign tuple of length 3 to structure with 4 fields.
[superpoint_node-2] [INFO] [1768034037.786206102] [superpoint_node]: Keypoints estratti: 800
[superpoint_node-2] [ERROR] [1768034037.793115954] [superpoint_node]: Errore pubblicazione keypoints 3D: could not assign tuple of length 3 to structure with 4 fields.
[superpoint_node-2] [INFO] [1768034037.884673293] [superpoint_node]: Keypoints estratti: 800
[superpoint_node-2] [ERROR] [1768034037.891529292] [superpoint_node]: Errore pubblicazione keypoints 3D: could not assign tuple of length 3 to structure with 4 fields.
[superpoint_node-2] [INFO] [1768034037.980207368] [superpoint_node]: Keypoints estratti: 800
[superpoint_node-2] [ERROR] [1768034037.987488852] [superpoint_node]: Errore pubblicazione keypoints 3D: could not assign tuple of length 3 to structure with 4 fields.
[rtabmap-14] [INFO] [1768034038.060553100] [rtabmap]: rtabmap (1055): Rate=0.50s, Limit=0.001s, Conversion=0.0002s, RTAB-Map=0.0767s, Maps update=0.0020s pub=0.0007s delay=0.1290s (local map=3, WM=3)
[superpoint_node-2] [INFO] [1768034038.089992186] [superpoint_node]: Keypoints estratti: 800
[superpoint_node-2] [ERROR] [1768034038.097078113] [superpoint_node]: Errore pubblicazione keypoints 3D: could not assign tuple of length 3 to structure with 4 fields.
[superpoint_node-2] [INFO] [1768034038.190361596] [superpoint_node]: Keypoints estratti: 800
[superpoint_node-2] [ERROR] [1768034038.197116205] [superpoint_node]: Errore pubblicazione keypoints 3D: could not assign tuple of length 3 to structure with 4 fields.
[superpoint_node-2] [INFO] [1768034038.287394423] [superpoint_node]: Keypoints estratti: 800
[superpoint_node-2] [ERROR] [1768034038.294224811] [superpoint_node]: Errore pubblicazione keypoints 3D: could not assign tuple of length 3 to structure with 4 fields.
[superpoint_node-2] [INFO] [1768034038.386389563] [superpoint_node]: Keypoints estratti: 800
[superpoint_node-2] [ERROR] [1768034038.393221784] [superpoint_node]: Errore pubblicazione keypoints 3D: could not assign tuple of length 3 to structure with 4 fields.
[superpoint_node-2] [INFO] [1768034038.485106645] [superpoint_node]: Keypoints estratti: 800
[superpoint_node-2] [ERROR] [1768034038.492442962] [superpoint_node]: Errore pubblicazione keypoints 3D: could not assign tuple of length 3 to structure with 4 fields.
[rtabmap-14] [INFO] [1768034038.552951740] [rtabmap]: rtabmap (1056): Rate=0.50s, Limit=0.001s, Conversion=0.0002s, RTAB-Map=0.0623s, Maps update=0.0084s pub=0.0014s delay=0.1176s (local map=3, WM=3)
[superpoint_node-2] [INFO] [1768034038.593053319] [superpoint_node]: Keypoints estratti: 800
[superpoint_node-2] [ERROR] [1768034038.600497378] [superpoint_node]: Errore pubblicazione keypoints 3D: could not assign tuple of length 3 to structure with 4 fields.
[superpoint_node-2] [INFO] [1768034038.689885052] [superpoint_node]: Keypoints estratti: 800
[superpoint_node-2] [ERROR] [1768034038.697070868] [superpoint_node]: Errore pubblicazione keypoints 3D: could not assign tuple of length 3 to structure with 4 fields.
[superpoint_node-2] [INFO] [1768034038.789482159] [superpoint_node]: Keypoints estratti: 800
[superpoint_node-2] [ERROR] [1768034038.796607031] [superpoint_node]: Errore pubblicazione keypoints 3D: could not assign tuple of length 3 to structure with 4 fields.
[superpoint_node-2] [INFO] [1768034038.892443719] [superpoint_node]: Keypoints estratti: 800
[superpoint_node-2] [ERROR] [1768034038.901913480] [superpoint_node]: Errore pubblicazione keypoints 3D: could not assign tuple of length 3 to structure with 4 fields.
[superpoint_node-2] [INFO] [1768034038.992251106] [superpoint_node]: Keypoints estratti: 800
[superpoint_node-2] [ERROR] [1768034038.998837232] [superpoint_node]: Errore pubblicazione keypoints 3D: could not assign tuple of length 3 to structure with 4 fields.
[rtabmap-14] [INFO] [1768034039.085723276] [rtabmap]: rtabmap (1057): Rate=0.50s, Limit=0.001s, Conversion=0.0003s, RTAB-Map=0.0700s, Maps update=0.0066s pub=0.0008s delay=0.1422s (local map=3, WM=3)
[superpoint_node-2] [INFO] [1768034039.097605278] [superpoint_node]: Keypoints estratti: 800
[superpoint_node-2] [ERROR] [1768034039.105051429] [superpoint_node]: Errore pubblicazione keypoints 3D: could not assign tuple of length 3 to structure with 4 fields.
[superpoint_node-2] [INFO] [1768034039.193339613] [superpoint_node]: Keypoints estratti: 800
[superpoint_node-2] [ERROR] [1768034039.200818432] [superpoint_node]: Errore pubblicazione keypoints 3D: could not assign tuple of length 3 to structure with 4 fields.
[superpoint_node-2] [INFO] [1768034039.295004848] [superpoint_node]: Keypoints estratti: 800
[superpoint_node-2] [ERROR] [1768034039.302355592] [superpoint_node]: Errore pubblicazione keypoints 3D: could not assign tuple of length 3 to structure with 4 fields.
[superpoint_node-2] [INFO] [1768034039.395724483] [superpoint_node]: Keypoints estratti: 800
[superpoint_node-2] [ERROR] [1768034039.403003874] [superpoint_node]: Errore pubblicazione keypoints 3D: could not assign tuple of length 3 to structure with 4 fields.
[superpoint_node-2] [INFO] [1768034039.498170261] [superpoint_node]: Keypoints estratti: 800
[superpoint_node-2] [ERROR] [1768034039.507343075] [superpoint_node]: Errore pubblicazione keypoints 3D: could not assign tuple of length 3 to structure with 4 fields.
[rtabmap-14] [INFO] [1768034039.559080042] [rtabmap]: rtabmap (1058): Rate=0.50s, Limit=0.001s, Conversion=0.0002s, RTAB-Map=0.0383s, Maps update=0.0046s pub=0.0055s delay=0.1129s (local map=3, WM=3)
[superpoint_node-2] [INFO] [1768034039.604824165] [superpoint_node]: Keypoints estratti: 800
[superpoint_node-2] [ERROR] [1768034039.612539060] [superpoint_node]: Errore pubblicazione keypoints 3D: could not assign tuple of length 3 to structure with 4 fields.
[superpoint_node-2] [INFO] [1768034039.701981698] [superpoint_node]: Keypoints estratti: 800
[superpoint_node-2] [ERROR] [1768034039.709762778] [superpoint_node]: Errore pubblicazione keypoints 3D: could not assign tuple of length 3 to structure with 4 fields.
[superpoint_node-2] [INFO] [1768034039.801169876] [superpoint_node]: Keypoints estratti: 800
[superpoint_node-2] [ERROR] [1768034039.809041531] [superpoint_node]: Errore pubblicazione keypoints 3D: could not assign tuple of length 3 to structure with 4 fields.
[superpoint_node-2] [INFO] [1768034039.899238008] [superpoint_node]: Keypoints estratti: 800
[superpoint_node-2] [ERROR] [1768034039.906993940] [superpoint_node]: Errore pubblicazione keypoints 3D: could not assign tuple of length 3 to structure with 4 fields.
[superpoint_node-2] [INFO] [1768034039.996692617] [superpoint_node]: Keypoints estratti: 800
[superpoint_node-2] [ERROR] [1768034040.004420604] [superpoint_node]: Errore pubblicazione keypoints 3D: could not assign tuple of length 3 to structure with 4 fields.
[rtabmap-14] [INFO] [1768034040.074348364] [rtabmap]: rtabmap (1059): Rate=0.50s, Limit=0.001s, Conversion=0.0013s, RTAB-Map=0.0823s, Maps update=0.0034s pub=0.0011s delay=0.1261s (local map=3, WM=3)
[superpoint_node-2] [INFO] [1768034040.102751220] [superpoint_node]: Keypoints estratti: 800
[superpoint_node-2] [ERROR] [1768034040.110051111] [superpoint_node]: Errore pubblicazione keypoints 3D: could not assign tuple of length 3 to structure with 4 fields.
[superpoint_node-2] [INFO] [1768034040.199276025] [superpoint_node]: Keypoints estratti: 800
[superpoint_node-2] [ERROR] [1768034040.207150699] [superpoint_node]: Errore pubblicazione keypoints 3D: could not assign tuple of length 3 to structure with 4 fields.
[superpoint_node-2] [INFO] [1768034040.297824939] [superpoint_node]: Keypoints estratti: 800
[superpoint_node-2] [ERROR] [1768034040.306780732] [superpoint_node]: Errore pubblicazione keypoints 3D: could not assign tuple of length 3 to structure with 4 fields.
[superpoint_node-2] [INFO] [1768034040.399443247] [superpoint_node]: Keypoints estratti: 800
[superpoint_node-2] [ERROR] [1768034040.408778507] [superpoint_node]: Errore pubblicazione keypoints 3D: could not assign tuple of length 3 to structure with 4 fields.
[superpoint_node-2] [INFO] [1768034040.499784139] [superpoint_node]: Keypoints estratti: 800
[superpoint_node-2] [ERROR] [1768034040.508005685] [superpoint_node]: Errore pubblicazione keypoints 3D: could not assign tuple of length 3 to structure with 4 fields.
[rtabmap-14] [INFO] [1768034040.580385743] [rtabmap]: rtabmap (1060): Rate=0.50s, Limit=0.001s, Conversion=0.0002s, RTAB-Map=0.0645s, Maps update=0.0045s pub=0.0018s delay=0.1273s (local map=3, WM=3)
[superpoint_node-2] [INFO] [1768034040.608055093] [superpoint_node]: Keypoints estratti: 800
[superpoint_node-2] [ERROR] [1768034040.614790331] [superpoint_node]: Errore pubblicazione keypoints 3D: could not assign tuple of length 3 to structure with 4 fields.
[superpoint_node-2] [INFO] [1768034040.708581374] [superpoint_node]: Keypoints estratti: 800
[superpoint_node-2] [ERROR] [1768034040.716824921] [superpoint_node]: Errore pubblicazione keypoints 3D: could not assign tuple of length 3 to structure with 4 fields.
[superpoint_node-2] [INFO] [1768034040.805059549] [superpoint_node]: Keypoints estratti: 800
[superpoint_node-2] [ERROR] [1768034040.812699462] [superpoint_node]: Errore pubblicazione keypoints 3D: could not assign tuple of length 3 to structure with 4 fields.
[superpoint_node-2] [INFO] [1768034040.906293095] [superpoint_node]: Keypoints estratti: 800
[superpoint_node-2] [ERROR] [1768034040.914078731] [superpoint_node]: Errore pubblicazione keypoints 3D: could not assign tuple of length 3 to structure with 4 fields.
[superpoint_node-2] [INFO] [1768034041.003100014] [superpoint_node]: Keypoints estratti: 800
[superpoint_node-2] [ERROR] [1768034041.010516091] [superpoint_node]: Errore pubblicazione keypoints 3D: could not assign tuple of length 3 to structure with 4 fields.
[rtabmap-14] [INFO] [1768034041.094183720] [rtabmap]: rtabmap (1061): Rate=0.50s, Limit=0.001s, Conversion=0.0002s, RTAB-Map=0.0710s, Maps update=0.0042s pub=0.0009s delay=0.1390s (local map=3, WM=3)
[superpoint_node-2] [INFO] [1768034041.110555258] [superpoint_node]: Keypoints estratti: 800
[superpoint_node-2] [ERROR] [1768034041.117818667] [superpoint_node]: Errore pubblicazione keypoints 3D: could not assign tuple of length 3 to structure with 4 fields.
[superpoint_node-2] [INFO] [1768034041.213466910] [superpoint_node]: Keypoints estratti: 800
[superpoint_node-2] [ERROR] [1768034041.220688745] [superpoint_node]: Errore pubblicazione keypoints 3D: could not assign tuple of length 3 to structure with 4 fields.
[superpoint_node-2] [INFO] [1768034041.312880442] [superpoint_node]: Keypoints estratti: 800
[superpoint_node-2] [ERROR] [1768034041.319825904] [superpoint_node]: Errore pubblicazione keypoints 3D: could not assign tuple of length 3 to structure with 4 fields.
[superpoint_node-2] [INFO] [1768034041.412058120] [superpoint_node]: Keypoints estratti: 800
[superpoint_node-2] [ERROR] [1768034041.419092991] [superpoint_node]: Errore pubblicazione keypoints 3D: could not assign tuple of length 3 to structure with 4 fields.
[superpoint_node-2] [INFO] [1768034041.546197113] [superpoint_node]: Keypoints estratti: 800
[superpoint_node-2] [ERROR] [1768034041.553624468] [superpoint_node]: Errore pubblicazione keypoints 3D: could not assign tuple of length 3 to structure with 4 fields.
[rtabmap-14] [INFO] [1768034041.590198278] [rtabmap]: rtabmap (1062): Rate=0.50s, Limit=0.001s, Conversion=0.0002s, RTAB-Map=0.0379s, Maps update=0.0004s pub=0.0007s delay=0.0934s (local map=3, WM=3)
[superpoint_node-2] [INFO] [1768034041.649376323] [superpoint_node]: Keypoints estratti: 800
[superpoint_node-2] [ERROR] [1768034041.656109302] [superpoint_node]: Errore pubblicazione keypoints 3D: could not assign tuple of length 3 to structure with 4 fields.
[superpoint_node-2] [INFO] [1768034041.754631216] [superpoint_node]: Keypoints estratti: 800
[superpoint_node-2] [ERROR] [1768034041.762818133] [superpoint_node]: Errore pubblicazione keypoints 3D: could not assign tuple of length 3 to structure with 4 fields.
[superpoint_node-2] [INFO] [1768034041.853039869] [superpoint_node]: Keypoints estratti: 800
[superpoint_node-2] [ERROR] [1768034041.862000719] [superpoint_node]: Errore pubblicazione keypoints 3D: could not assign tuple of length 3 to structure with 4 fields.
[superpoint_node-2] [INFO] [1768034041.954026395] [superpoint_node]: Keypoints estratti: 800
[superpoint_node-2] [ERROR] [1768034041.961349694] [superpoint_node]: Errore pubblicazione keypoints 3D: could not assign tuple of length 3 to structure with 4 fields.
[rtabmap-14] [INFO] [1768034042.056123985] [rtabmap]: rtabmap (1063): Rate=0.50s, Limit=0.001s, Conversion=0.0002s, RTAB-Map=0.0391s, Maps update=0.0041s pub=0.0007s delay=0.0541s (local map=3, WM=3)
[superpoint_node-2] [INFO] [1768034042.062936651] [superpoint_node]: Keypoints estratti: 800
[superpoint_node-2] [ERROR] [1768034042.069741038] [superpoint_node]: Errore pubblicazione keypoints 3D: could not assign tuple of length 3 to structure with 4 fields.
[superpoint_node-2] [INFO] [1768034042.165086649] [superpoint_node]: Keypoints estratti: 800
[superpoint_node-2] [ERROR] [1768034042.172050426] [superpoint_node]: Errore pubblicazione keypoints 3D: could not assign tuple of length 3 to structure with 4 fields.
[superpoint_node-2] [INFO] [1768034042.264972110] [superpoint_node]: Keypoints estratti: 800
[superpoint_node-2] [ERROR] [1768034042.272431707] [superpoint_node]: Errore pubblicazione keypoints 3D: could not assign tuple of length 3 to structure with 4 fields.
[superpoint_node-2] [INFO] [1768034042.364803053] [superpoint_node]: Keypoints estratti: 800
[superpoint_node-2] [ERROR] [1768034042.372068129] [superpoint_node]: Errore pubblicazione keypoints 3D: could not assign tuple of length 3 to structure with 4 fields.
[superpoint_node-2] [INFO] [1768034042.464328289] [superpoint_node]: Keypoints estratti: 800
[superpoint_node-2] [ERROR] [1768034042.471144973] [superpoint_node]: Errore pubblicazione keypoints 3D: could not assign tuple of length 3 to structure with 4 fields.
[superpoint_node-2] [INFO] [1768034042.563603468] [superpoint_node]: Keypoints estratti: 800
[superpoint_node-2] [ERROR] [1768034042.571160954] [superpoint_node]: Errore pubblicazione keypoints 3D: could not assign tuple of length 3 to structure with 4 fields.
[rtabmap-14] [INFO] [1768034042.588031922] [rtabmap]: rtabmap (1064): Rate=0.50s, Limit=0.001s, Conversion=0.0003s, RTAB-Map=0.0336s, Maps update=0.0003s pub=0.0007s delay=0.0758s (local map=3, WM=3)
[superpoint_node-2] [INFO] [1768034042.666373008] [superpoint_node]: Keypoints estratti: 800
[superpoint_node-2] [ERROR] [1768034042.674445757] [superpoint_node]: Errore pubblicazione keypoints 3D: could not assign tuple of length 3 to structure with 4 fields.
[superpoint_node-2] [INFO] [1768034042.764804162] [superpoint_node]: Keypoints estratti: 800
[superpoint_node-2] [ERROR] [1768034042.773261507] [superpoint_node]: Errore pubblicazione keypoints 3D: could not assign tuple of length 3 to structure with 4 fields.
[superpoint_node-2] [INFO] [1768034042.869598199] [superpoint_node]: Keypoints estratti: 800
[superpoint_node-2] [ERROR] [1768034042.877835931] [superpoint_node]: Errore pubblicazione keypoints 3D: could not assign tuple of length 3 to structure with 4 fields.
[superpoint_node-2] [INFO] [1768034042.967550053] [superpoint_node]: Keypoints estratti: 800
[superpoint_node-2] [ERROR] [1768034042.975032020] [superpoint_node]: Errore pubblicazione keypoints 3D: could not assign tuple of length 3 to structure with 4 fields.
[superpoint_node-2] [INFO] [1768034043.073605878] [superpoint_node]: Keypoints estratti: 800
[superpoint_node-2] [ERROR] [1768034043.084726707] [superpoint_node]: Errore pubblicazione keypoints 3D: could not assign tuple of length 3 to structure with 4 fields.
[rtabmap-14] [INFO] [1768034043.120556066] [rtabmap]: rtabmap (1065): Rate=0.50s, Limit=0.001s, Conversion=0.0006s, RTAB-Map=0.0677s, Maps update=0.0080s pub=0.0006s delay=0.1042s (local map=3, WM=3)
[superpoint_node-2] [INFO] [1768034043.179362720] [superpoint_node]: Keypoints estratti: 800
[superpoint_node-2] [ERROR] [1768034043.186699167] [superpoint_node]: Errore pubblicazione keypoints 3D: could not assign tuple of length 3 to structure with 4 fields.
[superpoint_node-2] [INFO] [1768034043.278051153] [superpoint_node]: Keypoints estratti: 800
[superpoint_node-2] [ERROR] [1768034043.285159617] [superpoint_node]: Errore pubblicazione keypoints 3D: could not assign tuple of length 3 to structure with 4 fields.
[superpoint_node-2] [INFO] [1768034043.376264897] [superpoint_node]: Keypoints estratti: 800
[superpoint_node-2] [ERROR] [1768034043.383202249] [superpoint_node]: Errore pubblicazione keypoints 3D: could not assign tuple of length 3 to structure with 4 fields.
[superpoint_node-2] [INFO] [1768034043.478262691] [superpoint_node]: Keypoints estratti: 800
[superpoint_node-2] [ERROR] [1768034043.485480507] [superpoint_node]: Errore pubblicazione keypoints 3D: could not assign tuple of length 3 to structure with 4 fields.
[superpoint_node-2] [INFO] [1768034043.579269346] [superpoint_node]: Keypoints estratti: 800
[superpoint_node-2] [ERROR] [1768034043.587003556] [superpoint_node]: Errore pubblicazione keypoints 3D: could not assign tuple of length 3 to structure with 4 fields.
[rtabmap-14] [INFO] [1768034043.660446177] [rtabmap]: rtabmap (1066): Rate=0.50s, Limit=0.001s, Conversion=0.0011s, RTAB-Map=0.0725s, Maps update=0.0042s pub=0.0010s delay=0.1334s (local map=3, WM=3)
[superpoint_node-2] [INFO] [1768034043.685069688] [superpoint_node]: Keypoints estratti: 800
[superpoint_node-2] [ERROR] [1768034043.692342672] [superpoint_node]: Errore pubblicazione keypoints 3D: could not assign tuple of length 3 to structure with 4 fields.
[superpoint_node-2] [INFO] [1768034043.784953983] [superpoint_node]: Keypoints estratti: 800
[superpoint_node-2] [ERROR] [1768034043.791568498] [superpoint_node]: Errore pubblicazione keypoints 3D: could not assign tuple of length 3 to structure with 4 fields.
[superpoint_node-2] [INFO] [1768034043.885631710] [superpoint_node]: Keypoints estratti: 800
[superpoint_node-2] [ERROR] [1768034043.892061354] [superpoint_node]: Errore pubblicazione keypoints 3D: could not assign tuple of length 3 to structure with 4 fields.
[superpoint_node-2] [INFO] [1768034043.981797420] [superpoint_node]: Keypoints estratti: 800
[superpoint_node-2] [ERROR] [1768034043.988382657] [superpoint_node]: Errore pubblicazione keypoints 3D: could not assign tuple of length 3 to structure with 4 fields.
[superpoint_node-2] [INFO] [1768034044.082925798] [superpoint_node]: Keypoints estratti: 800
[rtabmap-14] [INFO] [1768034044.089920095] [rtabmap]: rtabmap (1067): Rate=0.50s, Limit=0.001s, Conversion=0.0003s, RTAB-Map=0.0396s, Maps update=0.0005s pub=0.0007s delay=0.0600s (local map=3, WM=3)
[superpoint_node-2] [ERROR] [1768034044.090358746] [superpoint_node]: Errore pubblicazione keypoints 3D: could not assign tuple of length 3 to structure with 4 fields.
[superpoint_node-2] [INFO] [1768034044.180636020] [superpoint_node]: Keypoints estratti: 800
[superpoint_node-2] [ERROR] [1768034044.185908155] [superpoint_node]: Errore pubblicazione keypoints 3D: could not assign tuple of length 3 to structure with 4 fields.
[superpoint_node-2] [INFO] [1768034044.279038581] [superpoint_node]: Keypoints estratti: 800
[superpoint_node-2] [ERROR] [1768034044.285590633] [superpoint_node]: Errore pubblicazione keypoints 3D: could not assign tuple of length 3 to structure with 4 fields.
[superpoint_node-2] [INFO] [1768034044.374573675] [superpoint_node]: Keypoints estratti: 800
[superpoint_node-2] [ERROR] [1768034044.380991522] [superpoint_node]: Errore pubblicazione keypoints 3D: could not assign tuple of length 3 to structure with 4 fields.
[superpoint_node-2] [INFO] [1768034044.471565113] [superpoint_node]: Keypoints estratti: 800
[superpoint_node-2] [ERROR] [1768034044.478702559] [superpoint_node]: Errore pubblicazione keypoints 3D: could not assign tuple of length 3 to structure with 4 fields.
[superpoint_node-2] [INFO] [1768034044.567974658] [superpoint_node]: Keypoints estratti: 800
[superpoint_node-2] [ERROR] [1768034044.575882999] [superpoint_node]: Errore pubblicazione keypoints 3D: could not assign tuple of length 3 to structure with 4 fields.
[superpoint_node-2] [INFO] [1768034044.667432264] [superpoint_node]: Keypoints estratti: 800
[superpoint_node-2] [ERROR] [1768034044.674990898] [superpoint_node]: Errore pubblicazione keypoints 3D: could not assign tuple of length 3 to structure with 4 fields.
[rtabmap-14] [INFO] [1768034044.711245965] [rtabmap]: rtabmap (1068): Rate=0.50s, Limit=0.001s, Conversion=0.0006s, RTAB-Map=0.0659s, Maps update=0.0003s pub=0.0004s delay=0.0950s (local map=3, WM=3)
[superpoint_node-2] [INFO] [1768034044.770108211] [superpoint_node]: Keypoints estratti: 800
[superpoint_node-2] [ERROR] [1768034044.779849122] [superpoint_node]: Errore pubblicazione keypoints 3D: could not assign tuple of length 3 to structure with 4 fields.
[superpoint_node-2] [INFO] [1768034044.907482248] [superpoint_node]: Keypoints estratti: 800
[superpoint_node-2] [ERROR] [1768034044.914284210] [superpoint_node]: Errore pubblicazione keypoints 3D: could not assign tuple of length 3 to structure with 4 fields.
[superpoint_node-2] [INFO] [1768034045.004675022] [superpoint_node]: Keypoints estratti: 800
[superpoint_node-2] [ERROR] [1768034045.012268230] [superpoint_node]: Errore pubblicazione keypoints 3D: could not assign tuple of length 3 to structure with 4 fields.
[superpoint_node-2] [INFO] [1768034045.104771430] [superpoint_node]: Keypoints estratti: 800
[superpoint_node-2] [ERROR] [1768034045.112331379] [superpoint_node]: Errore pubblicazione keypoints 3D: could not assign tuple of length 3 to structure with 4 fields.
[superpoint_node-2] [INFO] [1768034045.208848517] [superpoint_node]: Keypoints estratti: 800
[superpoint_node-2] [ERROR] [1768034045.216428466] [superpoint_node]: Errore pubblicazione keypoints 3D: could not assign tuple of length 3 to structure with 4 fields.
[rtabmap-14] [INFO] [1768034045.234799075] [rtabmap]: rtabmap (1069): Rate=0.50s, Limit=0.001s, Conversion=0.0014s, RTAB-Map=0.0519s, Maps update=0.0013s pub=0.0009s delay=0.0811s (local map=3, WM=3)
[superpoint_node-2] [INFO] [1768034045.312452027] [superpoint_node]: Keypoints estratti: 800
[superpoint_node-2] [ERROR] [1768034045.319816678] [superpoint_node]: Errore pubblicazione keypoints 3D: could not assign tuple of length 3 to structure with 4 fields.
[superpoint_node-2] [INFO] [1768034045.411475111] [superpoint_node]: Keypoints estratti: 800
[superpoint_node-2] [ERROR] [1768034045.418330795] [superpoint_node]: Errore pubblicazione keypoints 3D: could not assign tuple of length 3 to structure with 4 fields.
[superpoint_node-2] [INFO] [1768034045.508785867] [superpoint_node]: Keypoints estratti: 800
[superpoint_node-2] [ERROR] [1768034045.515381771] [superpoint_node]: Errore pubblicazione keypoints 3D: could not assign tuple of length 3 to structure with 4 fields.
[superpoint_node-2] [INFO] [1768034045.613370791] [superpoint_node]: Keypoints estratti: 800
[superpoint_node-2] [ERROR] [1768034045.620367921] [superpoint_node]: Errore pubblicazione keypoints 3D: could not assign tuple of length 3 to structure with 4 fields.
[superpoint_node-2] [INFO] [1768034045.713446162] [superpoint_node]: Keypoints estratti: 800
[superpoint_node-2] [ERROR] [1768034045.720775368] [superpoint_node]: Errore pubblicazione keypoints 3D: could not assign tuple of length 3 to structure with 4 fields.
[rtabmap-14] [INFO] [1768034045.749499727] [rtabmap]: rtabmap (1070): Rate=0.50s, Limit=0.001s, Conversion=0.0002s, RTAB-Map=0.0301s, Maps update=0.0026s pub=0.0005s delay=0.0869s (local map=3, WM=3)
[superpoint_node-2] [INFO] [1768034045.813317345] [superpoint_node]: Keypoints estratti: 800
[superpoint_node-2] [ERROR] [1768034045.820457125] [superpoint_node]: Errore pubblicazione keypoints 3D: could not assign tuple of length 3 to structure with 4 fields.
[superpoint_node-2] [INFO] [1768034045.915246323] [superpoint_node]: Keypoints estratti: 800
[superpoint_node-2] [ERROR] [1768034045.923113201] [superpoint_node]: Errore pubblicazione keypoints 3D: could not assign tuple of length 3 to structure with 4 fields.
[superpoint_node-2] [INFO] [1768034046.016827261] [superpoint_node]: Keypoints estratti: 800
[superpoint_node-2] [ERROR] [1768034046.023980040] [superpoint_node]: Errore pubblicazione keypoints 3D: could not assign tuple of length 3 to structure with 4 fields.
[superpoint_node-2] [INFO] [1768034046.118012233] [superpoint_node]: Keypoints estratti: 800
[superpoint_node-2] [ERROR] [1768034046.125219939] [superpoint_node]: Errore pubblicazione keypoints 3D: could not assign tuple of length 3 to structure with 4 fields.
[superpoint_node-2] [INFO] [1768034046.219720265] [superpoint_node]: Keypoints estratti: 800
[superpoint_node-2] [ERROR] [1768034046.227222158] [superpoint_node]: Errore pubblicazione keypoints 3D: could not assign tuple of length 3 to structure with 4 fields.
[rtabmap-14] [INFO] [1768034046.296006242] [rtabmap]: rtabmap (1071): Rate=0.50s, Limit=0.001s, Conversion=0.0006s, RTAB-Map=0.0756s, Maps update=0.0085s pub=0.0009s delay=0.1289s (local map=3, WM=3)
[superpoint_node-2] [INFO] [1768034046.328480556] [superpoint_node]: Keypoints estratti: 800
[superpoint_node-2] [ERROR] [1768034046.335221554] [superpoint_node]: Errore pubblicazione keypoints 3D: could not assign tuple of length 3 to structure with 4 fields.
[superpoint_node-2] [INFO] [1768034046.425549699] [superpoint_node]: Keypoints estratti: 800
[superpoint_node-2] [ERROR] [1768034046.432422216] [superpoint_node]: Errore pubblicazione keypoints 3D: could not assign tuple of length 3 to structure with 4 fields.
[superpoint_node-2] [INFO] [1768034046.623661812] [superpoint_node]: Keypoints estratti: 800
[superpoint_node-2] [ERROR] [1768034046.630810054] [superpoint_node]: Errore pubblicazione keypoints 3D: could not assign tuple of length 3 to structure with 4 fields.
[superpoint_node-2] [INFO] [1768034046.726396648] [superpoint_node]: Keypoints estratti: 800
[superpoint_node-2] [ERROR] [1768034046.733278370] [superpoint_node]: Errore pubblicazione keypoints 3D: could not assign tuple of length 3 to structure with 4 fields.
[superpoint_node-2] [INFO] [1768034046.828927131] [superpoint_node]: Keypoints estratti: 800
[superpoint_node-2] [ERROR] [1768034046.835719815] [superpoint_node]: Errore pubblicazione keypoints 3D: could not assign tuple of length 3 to structure with 4 fields.
[rtabmap-14] [INFO] [1768034046.870666722] [rtabmap]: rtabmap (1072): Rate=0.50s, Limit=0.001s, Conversion=0.0002s, RTAB-Map=0.1462s, Maps update=0.0039s pub=0.0070s delay=0.1971s (local map=4, WM=4)
[superpoint_node-2] [INFO] [1768034046.931421650] [superpoint_node]: Keypoints estratti: 800
[superpoint_node-2] [ERROR] [1768034046.938120352] [superpoint_node]: Errore pubblicazione keypoints 3D: could not assign tuple of length 3 to structure with 4 fields.
[superpoint_node-2] [INFO] [1768034047.027787843] [superpoint_node]: Keypoints estratti: 800
[superpoint_node-2] [ERROR] [1768034047.034196153] [superpoint_node]: Errore pubblicazione keypoints 3D: could not assign tuple of length 3 to structure with 4 fields.
[superpoint_node-2] [INFO] [1768034047.127289690] [superpoint_node]: Keypoints estratti: 800
[superpoint_node-2] [ERROR] [1768034047.133932484] [superpoint_node]: Errore pubblicazione keypoints 3D: could not assign tuple of length 3 to structure with 4 fields.
[superpoint_node-2] [INFO] [1768034047.224029405] [superpoint_node]: Keypoints estratti: 800
[superpoint_node-2] [ERROR] [1768034047.230803773] [superpoint_node]: Errore pubblicazione keypoints 3D: could not assign tuple of length 3 to structure with 4 fields.
[rtabmap-14] [INFO] [1768034047.293630440] [rtabmap]: rtabmap (1073): Rate=0.50s, Limit=0.001s, Conversion=0.0002s, RTAB-Map=0.0494s, Maps update=0.0005s pub=0.0006s delay=0.1168s (local map=4, WM=4)
[superpoint_node-2] [INFO] [1768034047.421059287] [superpoint_node]: Keypoints estratti: 800
[superpoint_node-2] [ERROR] [1768034047.428724367] [superpoint_node]: Errore pubblicazione keypoints 3D: could not assign tuple of length 3 to structure with 4 fields.
[superpoint_node-2] [INFO] [1768034047.524278738] [superpoint_node]: Keypoints estratti: 800
[superpoint_node-2] [ERROR] [1768034047.531967522] [superpoint_node]: Errore pubblicazione keypoints 3D: could not assign tuple of length 3 to structure with 4 fields.
[superpoint_node-2] [INFO] [1768034047.626855999] [superpoint_node]: Keypoints estratti: 800
[superpoint_node-2] [ERROR] [1768034047.633362125] [superpoint_node]: Errore pubblicazione keypoints 3D: could not assign tuple of length 3 to structure with 4 fields.
[superpoint_node-2] [INFO] [1768034047.821385917] [superpoint_node]: Keypoints estratti: 800
[superpoint_node-2] [ERROR] [1768034047.828352732] [superpoint_node]: Errore pubblicazione keypoints 3D: could not assign tuple of length 3 to structure with 4 fields.
[rtabmap-14] [INFO] [1768034047.863146713] [rtabmap]: rtabmap (1074): Rate=0.50s, Limit=0.001s, Conversion=0.0003s, RTAB-Map=0.0631s, Maps update=0.0027s pub=0.0095s delay=0.0936s (local map=2, WM=3)
[superpoint_node-2] [INFO] [1768034047.926176714] [superpoint_node]: Keypoints estratti: 800
[superpoint_node-2] [ERROR] [1768034047.932832156] [superpoint_node]: Errore pubblicazione keypoints 3D: could not assign tuple of length 3 to structure with 4 fields.
[superpoint_node-2] [INFO] [1768034048.022601500] [superpoint_node]: Keypoints estratti: 800
[superpoint_node-2] [ERROR] [1768034048.029526203] [superpoint_node]: Errore pubblicazione keypoints 3D: could not assign tuple of length 3 to structure with 4 fields.
[superpoint_node-2] [INFO] [1768034048.122038050] [superpoint_node]: Keypoints estratti: 800
[superpoint_node-2] [ERROR] [1768034048.129038143] [superpoint_node]: Errore pubblicazione keypoints 3D: could not assign tuple of length 3 to structure with 4 fields.
[rtabmap-14] [33m[ WARN] (2026-01-10 09:34:06.487) CoreWrapper.cpp:1227::odomTFUpdate() Odometry is reset (identity pose detected). Increment map id![0m
[rtabmap-14] [33m[ WARN] (2026-01-10 09:34:06.856) Memory.cpp:2105::forget() Less signatures transferred (0) than added (1)! The working memory cannot decrease in size.[0m
[rtabmap-14] [33m[ WARN] (2026-01-10 09:34:07.285) CoreWrapper.cpp:1227::odomTFUpdate() Odometry is reset (identity pose detected). Increment map id![0m
[rtabmap-14] [33m[ WARN] (2026-01-10 09:34:07.689) CoreWrapper.cpp:1227::odomTFUpdate() Odometry is reset (identity pose detected). Increment map id![0m
[superpoint_node-2] [INFO] [1768034048.224109844] [superpoint_node]: Keypoints estratti: 800
[superpoint_node-2] [ERROR] [1768034048.231004029] [superpoint_node]: Errore pubblicazione keypoints 3D: could not assign tuple of length 3 to structure with 4 fields.
[superpoint_node-2] [INFO] [1768034048.331425476] [superpoint_node]: Keypoints estratti: 800
[superpoint_node-2] [ERROR] [1768034048.338174659] [superpoint_node]: Errore pubblicazione keypoints 3D: could not assign tuple of length 3 to structure with 4 fields.
[superpoint_node-2] [INFO] [1768034048.482977571] [superpoint_node]: Keypoints estratti: 800
[rtabmap-14] [INFO] [1768034048.489416974] [rtabmap]: rtabmap (1075): Rate=0.50s, Limit=0.001s, Conversion=0.0003s, RTAB-Map=0.1634s, Maps update=0.0018s pub=0.0008s delay=0.2163s (local map=4, WM=4)
[superpoint_node-2] [ERROR] [1768034048.490507760] [superpoint_node]: Errore pubblicazione keypoints 3D: could not assign tuple of length 3 to structure with 4 fields.
[superpoint_node-2] [INFO] [1768034048.585100791] [superpoint_node]: Keypoints estratti: 800
[superpoint_node-2] [ERROR] [1768034048.592220588] [superpoint_node]: Errore pubblicazione keypoints 3D: could not assign tuple of length 3 to structure with 4 fields.
[superpoint_node-2] [INFO] [1768034048.684512730] [superpoint_node]: Keypoints estratti: 800
[superpoint_node-2] [ERROR] [1768034048.691681972] [superpoint_node]: Errore pubblicazione keypoints 3D: could not assign tuple of length 3 to structure with 4 fields.
[superpoint_node-2] [INFO] [1768034048.791132782] [superpoint_node]: Keypoints estratti: 800
[superpoint_node-2] [ERROR] [1768034048.797905095] [superpoint_node]: Errore pubblicazione keypoints 3D: could not assign tuple of length 3 to structure with 4 fields.
[superpoint_node-2] [INFO] [1768034048.890640315] [superpoint_node]: Keypoints estratti: 800
[superpoint_node-2] [ERROR] [1768034048.897713112] [superpoint_node]: Errore pubblicazione keypoints 3D: could not assign tuple of length 3 to structure with 4 fields.
[rtabmap-14] [INFO] [1768034048.967049312] [rtabmap]: rtabmap (1076): Rate=0.50s, Limit=0.001s, Conversion=0.0003s, RTAB-Map=0.0787s, Maps update=0.0034s pub=0.0008s delay=0.1284s (local map=2, WM=4)
[superpoint_node-2] [INFO] [1768034048.997307682] [superpoint_node]: Keypoints estratti: 800
[superpoint_node-2] [ERROR] [1768034049.005203467] [superpoint_node]: Errore pubblicazione keypoints 3D: could not assign tuple of length 3 to structure with 4 fields.
[superpoint_node-2] [INFO] [1768034049.095927300] [superpoint_node]: Keypoints estratti: 800
[superpoint_node-2] [ERROR] [1768034049.103078968] [superpoint_node]: Errore pubblicazione keypoints 3D: could not assign tuple of length 3 to structure with 4 fields.
[superpoint_node-2] [INFO] [1768034049.197871074] [superpoint_node]: Keypoints estratti: 800
[superpoint_node-2] [ERROR] [1768034049.204788148] [superpoint_node]: Errore pubblicazione keypoints 3D: could not assign tuple of length 3 to structure with 4 fields.
[superpoint_node-2] [INFO] [1768034049.292234325] [superpoint_node]: Keypoints estratti: 800
[superpoint_node-2] [ERROR] [1768034049.299098676] [superpoint_node]: Errore pubblicazione keypoints 3D: could not assign tuple of length 3 to structure with 4 fields.
[superpoint_node-2] [INFO] [1768034049.397946556] [superpoint_node]: Keypoints estratti: 800
[superpoint_node-2] [ERROR] [1768034049.406599476] [superpoint_node]: Errore pubblicazione keypoints 3D: could not assign tuple of length 3 to structure with 4 fields.
[rtabmap-14] [INFO] [1768034049.478749013] [rtabmap]: rtabmap (1077): Rate=0.50s, Limit=0.001s, Conversion=0.0010s, RTAB-Map=0.0845s, Maps update=0.0049s pub=0.0008s delay=0.1373s (local map=3, WM=3)
[superpoint_node-2] [INFO] [1768034049.502812668] [superpoint_node]: Keypoints estratti: 800
[superpoint_node-2] [ERROR] [1768034049.511024159] [superpoint_node]: Errore pubblicazione keypoints 3D: could not assign tuple of length 3 to structure with 4 fields.
[superpoint_node-2] [INFO] [1768034049.599310399] [superpoint_node]: Keypoints estratti: 800
[superpoint_node-2] [ERROR] [1768034049.607610928] [superpoint_node]: Errore pubblicazione keypoints 3D: could not assign tuple of length 3 to structure with 4 fields.
[superpoint_node-2] [INFO] [1768034049.701626528] [superpoint_node]: Keypoints estratti: 800
[superpoint_node-2] [ERROR] [1768034049.709732611] [superpoint_node]: Errore pubblicazione keypoints 3D: could not assign tuple of length 3 to structure with 4 fields.
[superpoint_node-2] [INFO] [1768034049.802056586] [superpoint_node]: Keypoints estratti: 800
[superpoint_node-2] [ERROR] [1768034049.809198717] [superpoint_node]: Errore pubblicazione keypoints 3D: could not assign tuple of length 3 to structure with 4 fields.
[superpoint_node-2] [INFO] [1768034049.901930140] [superpoint_node]: Keypoints estratti: 800
[superpoint_node-2] [ERROR] [1768034049.909023048] [superpoint_node]: Errore pubblicazione keypoints 3D: could not assign tuple of length 3 to structure with 4 fields.
[rtabmap-14] [INFO] [1768034049.983352844] [rtabmap]: rtabmap (1078): Rate=0.50s, Limit=0.001s, Conversion=0.0003s, RTAB-Map=0.0989s, Maps update=0.0056s pub=0.0010s delay=0.1322s (local map=2, WM=4)
[superpoint_node-2] [INFO] [1768034050.012398445] [superpoint_node]: Keypoints estratti: 800
[superpoint_node-2] [ERROR] [1768034050.019369630] [superpoint_node]: Errore pubblicazione keypoints 3D: could not assign tuple of length 3 to structure with 4 fields.
[superpoint_node-2] [INFO] [1768034050.113024320] [superpoint_node]: Keypoints estratti: 800
[superpoint_node-2] [ERROR] [1768034050.119701540] [superpoint_node]: Errore pubblicazione keypoints 3D: could not assign tuple of length 3 to structure with 4 fields.
[superpoint_node-2] [INFO] [1768034050.212415296] [superpoint_node]: Keypoints estratti: 800
[superpoint_node-2] [ERROR] [1768034050.220863382] [superpoint_node]: Errore pubblicazione keypoints 3D: could not assign tuple of length 3 to structure with 4 fields.
[superpoint_node-2] [INFO] [1768034050.312722631] [superpoint_node]: Keypoints estratti: 800
[superpoint_node-2] [ERROR] [1768034050.319454111] [superpoint_node]: Errore pubblicazione keypoints 3D: could not assign tuple of length 3 to structure with 4 fields.
[superpoint_node-2] [INFO] [1768034050.415676988] [superpoint_node]: Keypoints estratti: 800
[superpoint_node-2] [ERROR] [1768034050.422552357] [superpoint_node]: Errore pubblicazione keypoints 3D: could not assign tuple of length 3 to structure with 4 fields.
[rtabmap-14] [INFO] [1768034050.430067010] [rtabmap]: rtabmap (1079): Rate=0.50s, Limit=0.001s, Conversion=0.0002s, RTAB-Map=0.0495s, Maps update=0.0025s pub=0.0006s delay=0.0689s (local map=3, WM=3)
[superpoint_node-2] [INFO] [1768034050.517854282] [superpoint_node]: Keypoints estratti: 800
[superpoint_node-2] [ERROR] [1768034050.525727826] [superpoint_node]: Errore pubblicazione keypoints 3D: could not assign tuple of length 3 to structure with 4 fields.
[superpoint_node-2] [INFO] [1768034050.620230449] [superpoint_node]: Keypoints estratti: 800
[superpoint_node-2] [ERROR] [1768034050.626812520] [superpoint_node]: Errore pubblicazione keypoints 3D: could not assign tuple of length 3 to structure with 4 fields.
[superpoint_node-2] [INFO] [1768034050.721155289] [superpoint_node]: Keypoints estratti: 800
[superpoint_node-2] [ERROR] [1768034050.727957491] [superpoint_node]: Errore pubblicazione keypoints 3D: could not assign tuple of length 3 to structure with 4 fields.
[superpoint_node-2] [INFO] [1768034050.831571223] [superpoint_node]: Keypoints estratti: 800
[superpoint_node-2] [ERROR] [1768034050.838236702] [superpoint_node]: Errore pubblicazione keypoints 3D: could not assign tuple of length 3 to structure with 4 fields.
[superpoint_node-2] [INFO] [1768034050.932047856] [superpoint_node]: Keypoints estratti: 800
[superpoint_node-2] [ERROR] [1768034050.938849892] [superpoint_node]: Errore pubblicazione keypoints 3D: could not assign tuple of length 3 to structure with 4 fields.
[rtabmap-14] [INFO] [1768034051.016801919] [rtabmap]: rtabmap (1080): Rate=0.50s, Limit=0.001s, Conversion=0.0008s, RTAB-Map=0.0939s, Maps update=0.0043s pub=0.0013s delay=0.1357s (local map=2, WM=4)
[superpoint_node-2] [INFO] [1768034051.037297823] [superpoint_node]: Keypoints estratti: 800
[superpoint_node-2] [ERROR] [1768034051.047265958] [superpoint_node]: Errore pubblicazione keypoints 3D: could not assign tuple of length 3 to structure with 4 fields.
[superpoint_node-2] [INFO] [1768034051.139298561] [superpoint_node]: Keypoints estratti: 800
[superpoint_node-2] [ERROR] [1768034051.148362855] [superpoint_node]: Errore pubblicazione keypoints 3D: could not assign tuple of length 3 to structure with 4 fields.
[superpoint_node-2] [INFO] [1768034051.236740966] [superpoint_node]: Keypoints estratti: 800
[superpoint_node-2] [ERROR] [1768034051.243690262] [superpoint_node]: Errore pubblicazione keypoints 3D: could not assign tuple of length 3 to structure with 4 fields.
[superpoint_node-2] [INFO] [1768034051.332194522] [superpoint_node]: Keypoints estratti: 800
[superpoint_node-2] [ERROR] [1768034051.338845371] [superpoint_node]: Errore pubblicazione keypoints 3D: could not assign tuple of length 3 to structure with 4 fields.
[superpoint_node-2] [INFO] [1768034051.435142823] [superpoint_node]: Keypoints estratti: 800
[superpoint_node-2] [ERROR] [1768034051.443071960] [superpoint_node]: Errore pubblicazione keypoints 3D: could not assign tuple of length 3 to structure with 4 fields.
[rtabmap-14] [INFO] [1768034051.511019371] [rtabmap]: rtabmap (1081): Rate=0.50s, Limit=0.001s, Conversion=0.0014s, RTAB-Map=0.0861s, Maps update=0.0031s pub=0.0010s delay=0.1294s (local map=3, WM=3)
[superpoint_node-2] [INFO] [1768034051.539658451] [superpoint_node]: Keypoints estratti: 800
[superpoint_node-2] [ERROR] [1768034051.547971202] [superpoint_node]: Errore pubblicazione keypoints 3D: could not assign tuple of length 3 to structure with 4 fields.
[superpoint_node-2] [INFO] [1768034051.640750422] [superpoint_node]: Keypoints estratti: 800
[superpoint_node-2] [ERROR] [1768034051.649623511] [superpoint_node]: Errore pubblicazione keypoints 3D: could not assign tuple of length 3 to structure with 4 fields.
[superpoint_node-2] [INFO] [1768034051.747808329] [superpoint_node]: Keypoints estratti: 800
[superpoint_node-2] [ERROR] [1768034051.754463567] [superpoint_node]: Errore pubblicazione keypoints 3D: could not assign tuple of length 3 to structure with 4 fields.
[superpoint_node-2] [INFO] [1768034051.845555570] [superpoint_node]: Keypoints estratti: 800
[superpoint_node-2] [ERROR] [1768034051.852266735] [superpoint_node]: Errore pubblicazione keypoints 3D: could not assign tuple of length 3 to structure with 4 fields.
[superpoint_node-2] [INFO] [1768034051.948956708] [superpoint_node]: Keypoints estratti: 800
[superpoint_node-2] [ERROR] [1768034051.955784521] [superpoint_node]: Errore pubblicazione keypoints 3D: could not assign tuple of length 3 to structure with 4 fields.
[rtabmap-14] [INFO] [1768034051.964205181] [rtabmap]: rtabmap (1082): Rate=0.50s, Limit=0.001s, Conversion=0.0003s, RTAB-Map=0.0469s, Maps update=0.0038s pub=0.0006s delay=0.0704s (local map=2, WM=4)
[superpoint_node-2] [INFO] [1768034052.046641559] [superpoint_node]: Keypoints estratti: 800
[superpoint_node-2] [ERROR] [1768034052.053738060] [superpoint_node]: Errore pubblicazione keypoints 3D: could not assign tuple of length 3 to structure with 4 fields.
[superpoint_node-2] [INFO] [1768034052.149730583] [superpoint_node]: Keypoints estratti: 800
[superpoint_node-2] [ERROR] [1768034052.156362488] [superpoint_node]: Errore pubblicazione keypoints 3D: could not assign tuple of length 3 to structure with 4 fields.
[superpoint_node-2] [INFO] [1768034052.251823877] [superpoint_node]: Keypoints estratti: 800
[superpoint_node-2] [ERROR] [1768034052.258545505] [superpoint_node]: Errore pubblicazione keypoints 3D: could not assign tuple of length 3 to structure with 4 fields.
[superpoint_node-2] [INFO] [1768034052.351221001] [superpoint_node]: Keypoints estratti: 800
[superpoint_node-2] [ERROR] [1768034052.357680701] [superpoint_node]: Errore pubblicazione keypoints 3D: could not assign tuple of length 3 to structure with 4 fields.
[superpoint_node-2] [INFO] [1768034052.488195980] [superpoint_node]: Keypoints estratti: 800
[superpoint_node-2] [ERROR] [1768034052.495223777] [superpoint_node]: Errore pubblicazione keypoints 3D: could not assign tuple of length 3 to structure with 4 fields.
[rtabmap-14] [INFO] [1768034052.527701591] [rtabmap]: rtabmap (1083): Rate=0.50s, Limit=0.001s, Conversion=0.0003s, RTAB-Map=0.0401s, Maps update=0.0004s pub=0.0007s delay=0.0932s (local map=3, WM=3)
[superpoint_node-2] [INFO] [1768034052.592724831] [superpoint_node]: Keypoints estratti: 800
[superpoint_node-2] [ERROR] [1768034052.599455718] [superpoint_node]: Errore pubblicazione keypoints 3D: could not assign tuple of length 3 to structure with 4 fields.
[superpoint_node-2] [INFO] [1768034052.694558382] [superpoint_node]: Keypoints estratti: 800
[superpoint_node-2] [ERROR] [1768034052.701538697] [superpoint_node]: Errore pubblicazione keypoints 3D: could not assign tuple of length 3 to structure with 4 fields.
[superpoint_node-2] [INFO] [1768034052.793412261] [superpoint_node]: Keypoints estratti: 800
[superpoint_node-2] [ERROR] [1768034052.800112851] [superpoint_node]: Errore pubblicazione keypoints 3D: could not assign tuple of length 3 to structure with 4 fields.
[superpoint_node-2] [INFO] [1768034052.889214023] [superpoint_node]: Keypoints estratti: 800
[superpoint_node-2] [ERROR] [1768034052.896041319] [superpoint_node]: Errore pubblicazione keypoints 3D: could not assign tuple of length 3 to structure with 4 fields.
[superpoint_node-2] [INFO] [1768034052.988764093] [superpoint_node]: Keypoints estratti: 800
[superpoint_node-2] [ERROR] [1768034052.996004910] [superpoint_node]: Errore pubblicazione keypoints 3D: could not assign tuple of length 3 to structure with 4 fields.
[rtabmap-14] [INFO] [1768034053.042934950] [rtabmap]: rtabmap (1084): Rate=0.50s, Limit=0.001s, Conversion=0.0003s, RTAB-Map=0.0520s, Maps update=0.0071s pub=0.0009s delay=0.1063s (local map=2, WM=4)
[superpoint_node-2] [INFO] [1768034053.091212409] [superpoint_node]: Keypoints estratti: 800
[superpoint_node-2] [ERROR] [1768034053.098063556] [superpoint_node]: Errore pubblicazione keypoints 3D: could not assign tuple of length 3 to structure with 4 fields.
[rtabmap-14] [33m[ WARN] (2026-01-10 09:34:08.483) Memory.cpp:2105::forget() Less signatures transferred (1) than added (2)! The working memory cannot decrease in size.[0m
[rtabmap-14] [33m[ WARN] (2026-01-10 09:34:09.974) Memory.cpp:2105::forget() Less signatures transferred (1) than added (2)! The working memory cannot decrease in size.[0m
[rtabmap-14] [33m[ WARN] (2026-01-10 09:34:11.009) Memory.cpp:2105::forget() Less signatures transferred (1) than added (2)! The working memory cannot decrease in size.[0m
[rtabmap-14] [33m[ WARN] (2026-01-10 09:34:11.958) Memory.cpp:2105::forget() Less signatures transferred (1) than added (2)! The working memory cannot decrease in size.[0m
[rtabmap-14] [33m[ WARN] (2026-01-10 09:34:13.032) Memory.cpp:2105::forget() Less signatures transferred (1) than added (2)! The working memory cannot decrease in size.[0m
[superpoint_node-2] [INFO] [1768034053.188031550] [superpoint_node]: Keypoints estratti: 800
[superpoint_node-2] [ERROR] [1768034053.194760548] [superpoint_node]: Errore pubblicazione keypoints 3D: could not assign tuple of length 3 to structure with 4 fields.
[superpoint_node-2] [INFO] [1768034053.286579926] [superpoint_node]: Keypoints estratti: 800
[superpoint_node-2] [ERROR] [1768034053.293269313] [superpoint_node]: Errore pubblicazione keypoints 3D: could not assign tuple of length 3 to structure with 4 fields.
[superpoint_node-2] [INFO] [1768034053.384008517] [superpoint_node]: Keypoints estratti: 800
[superpoint_node-2] [ERROR] [1768034053.390606328] [superpoint_node]: Errore pubblicazione keypoints 3D: could not assign tuple of length 3 to structure with 4 fields.
[superpoint_node-2] [INFO] [1768034053.484832689] [superpoint_node]: Keypoints estratti: 800
[superpoint_node-2] [ERROR] [1768034053.492002117] [superpoint_node]: Errore pubblicazione keypoints 3D: could not assign tuple of length 3 to structure with 4 fields.
[superpoint_node-2] [INFO] [1768034053.585573158] [superpoint_node]: Keypoints estratti: 800
[superpoint_node-2] [ERROR] [1768034053.592460861] [superpoint_node]: Errore pubblicazione keypoints 3D: could not assign tuple of length 3 to structure with 4 fields.
[rtabmap-14] [INFO] [1768034053.662105026] [rtabmap]: rtabmap (1085): Rate=0.50s, Limit=0.001s, Conversion=0.0003s, RTAB-Map=0.0783s, Maps update=0.0037s pub=0.0006s delay=0.1280s (local map=3, WM=3)
[superpoint_node-2] [INFO] [1768034053.692975864] [superpoint_node]: Keypoints estratti: 800
[superpoint_node-2] [ERROR] [1768034053.699736085] [superpoint_node]: Errore pubblicazione keypoints 3D: could not assign tuple of length 3 to structure with 4 fields.
[superpoint_node-2] [INFO] [1768034053.791984652] [superpoint_node]: Keypoints estratti: 800
[superpoint_node-2] [ERROR] [1768034053.798679594] [superpoint_node]: Errore pubblicazione keypoints 3D: could not assign tuple of length 3 to structure with 4 fields.
[superpoint_node-2] [INFO] [1768034053.890274360] [superpoint_node]: Keypoints estratti: 800
[superpoint_node-2] [ERROR] [1768034053.897034507] [superpoint_node]: Errore pubblicazione keypoints 3D: could not assign tuple of length 3 to structure with 4 fields.
[superpoint_node-2] [INFO] [1768034053.989600077] [superpoint_node]: Keypoints estratti: 800
[superpoint_node-2] [ERROR] [1768034053.996342223] [superpoint_node]: Errore pubblicazione keypoints 3D: could not assign tuple of length 3 to structure with 4 fields.
[superpoint_node-2] [INFO] [1768034054.090337119] [superpoint_node]: Keypoints estratti: 800
[superpoint_node-2] [ERROR] [1768034054.097153525] [superpoint_node]: Errore pubblicazione keypoints 3D: could not assign tuple of length 3 to structure with 4 fields.
[rtabmap-14] [INFO] [1768034054.106086707] [rtabmap]: rtabmap (1086): Rate=0.50s, Limit=0.001s, Conversion=0.0003s, RTAB-Map=0.0493s, Maps update=0.0027s pub=0.0005s delay=0.0699s (local map=2, WM=4)
[superpoint_node-2] [INFO] [1768034054.191361201] [superpoint_node]: Keypoints estratti: 800
[superpoint_node-2] [ERROR] [1768034054.197913901] [superpoint_node]: Errore pubblicazione keypoints 3D: could not assign tuple of length 3 to structure with 4 fields.
[superpoint_node-2] [INFO] [1768034054.285463913] [superpoint_node]: Keypoints estratti: 800
[superpoint_node-2] [ERROR] [1768034054.292000687] [superpoint_node]: Errore pubblicazione keypoints 3D: could not assign tuple of length 3 to structure with 4 fields.
[superpoint_node-2] [INFO] [1768034054.384334922] [superpoint_node]: Keypoints estratti: 800
[superpoint_node-2] [ERROR] [1768034054.391070753] [superpoint_node]: Errore pubblicazione keypoints 3D: could not assign tuple of length 3 to structure with 4 fields.
[superpoint_node-2] [INFO] [1768034054.487496576] [superpoint_node]: Keypoints estratti: 800
[superpoint_node-2] [ERROR] [1768034054.493840478] [superpoint_node]: Errore pubblicazione keypoints 3D: could not assign tuple of length 3 to structure with 4 fields.
[superpoint_node-2] [INFO] [1768034054.588015413] [superpoint_node]: Keypoints estratti: 800
[superpoint_node-2] [ERROR] [1768034054.594667299] [superpoint_node]: Errore pubblicazione keypoints 3D: could not assign tuple of length 3 to structure with 4 fields.
[rtabmap-14] [INFO] [1768034054.625311432] [rtabmap]: rtabmap (1087): Rate=0.50s, Limit=0.001s, Conversion=0.0003s, RTAB-Map=0.0420s, Maps update=0.0067s pub=0.0007s delay=0.0877s (local map=3, WM=3)
[superpoint_node-2] [INFO] [1768034054.687048220] [superpoint_node]: Keypoints estratti: 800
[superpoint_node-2] [ERROR] [1768034054.693542901] [superpoint_node]: Errore pubblicazione keypoints 3D: could not assign tuple of length 3 to structure with 4 fields.
[superpoint_node-2] [INFO] [1768034054.788159413] [superpoint_node]: Keypoints estratti: 800
[superpoint_node-2] [ERROR] [1768034054.794818985] [superpoint_node]: Errore pubblicazione keypoints 3D: could not assign tuple of length 3 to structure with 4 fields.
[superpoint_node-2] [INFO] [1768034054.885803820] [superpoint_node]: Keypoints estratti: 800
[superpoint_node-2] [ERROR] [1768034054.893006710] [superpoint_node]: Errore pubblicazione keypoints 3D: could not assign tuple of length 3 to structure with 4 fields.
[superpoint_node-2] [INFO] [1768034054.986886087] [superpoint_node]: Keypoints estratti: 800
[superpoint_node-2] [ERROR] [1768034054.993469695] [superpoint_node]: Errore pubblicazione keypoints 3D: could not assign tuple of length 3 to structure with 4 fields.
[superpoint_node-2] [INFO] [1768034055.085942283] [superpoint_node]: Keypoints estratti: 800
[superpoint_node-2] [ERROR] [1768034055.092581076] [superpoint_node]: Errore pubblicazione keypoints 3D: could not assign tuple of length 3 to structure with 4 fields.
[superpoint_node-2] [INFO] [1768034055.188500173] [superpoint_node]: Keypoints estratti: 800
[superpoint_node-2] [ERROR] [1768034055.195411006] [superpoint_node]: Errore pubblicazione keypoints 3D: could not assign tuple of length 3 to structure with 4 fields.
[rtabmap-14] [INFO] [1768034055.205104583] [rtabmap]: rtabmap (1088): Rate=0.50s, Limit=0.001s, Conversion=0.0004s, RTAB-Map=0.0490s, Maps update=0.0030s pub=0.0006s delay=0.0715s (local map=2, WM=4)
[superpoint_node-2] [INFO] [1768034055.282928276] [superpoint_node]: Keypoints estratti: 800
[superpoint_node-2] [ERROR] [1768034055.289706034] [superpoint_node]: Errore pubblicazione keypoints 3D: could not assign tuple of length 3 to structure with 4 fields.
[superpoint_node-2] [INFO] [1768034055.380299644] [superpoint_node]: Keypoints estratti: 800
[superpoint_node-2] [ERROR] [1768034055.387050586] [superpoint_node]: Errore pubblicazione keypoints 3D: could not assign tuple of length 3 to structure with 4 fields.
[superpoint_node-2] [INFO] [1768034055.479903474] [superpoint_node]: Keypoints estratti: 800
[superpoint_node-2] [ERROR] [1768034055.486693324] [superpoint_node]: Errore pubblicazione keypoints 3D: could not assign tuple of length 3 to structure with 4 fields.
[superpoint_node-2] [INFO] [1768034055.578347683] [superpoint_node]: Keypoints estratti: 800
[superpoint_node-2] [ERROR] [1768034055.583997246] [superpoint_node]: Errore pubblicazione keypoints 3D: could not assign tuple of length 3 to structure with 4 fields.
[superpoint_node-2] [INFO] [1768034055.672080429] [superpoint_node]: Keypoints estratti: 800
[superpoint_node-2] [ERROR] [1768034055.678058532] [superpoint_node]: Errore pubblicazione keypoints 3D: could not assign tuple of length 3 to structure with 4 fields.
[superpoint_node-2] [INFO] [1768034055.770850845] [superpoint_node]: Keypoints estratti: 800
[superpoint_node-2] [ERROR] [1768034055.778012105] [superpoint_node]: Errore pubblicazione keypoints 3D: could not assign tuple of length 3 to structure with 4 fields.
[rtabmap-14] [INFO] [1768034055.834497333] [rtabmap]: rtabmap (1089): Rate=0.50s, Limit=0.001s, Conversion=0.0007s, RTAB-Map=0.0719s, Maps update=0.0114s pub=0.0023s delay=0.1158s (local map=3, WM=3)
[superpoint_node-2] [INFO] [1768034055.871300514] [superpoint_node]: Keypoints estratti: 800
[superpoint_node-2] [ERROR] [1768034055.878812630] [superpoint_node]: Errore pubblicazione keypoints 3D: could not assign tuple of length 3 to structure with 4 fields.
[superpoint_node-2] [INFO] [1768034055.969833317] [superpoint_node]: Keypoints estratti: 800
[superpoint_node-2] [ERROR] [1768034055.977270358] [superpoint_node]: Errore pubblicazione keypoints 3D: could not assign tuple of length 3 to structure with 4 fields.
[superpoint_node-2] [INFO] [1768034056.068215692] [superpoint_node]: Keypoints estratti: 800
[superpoint_node-2] [ERROR] [1768034056.075128303] [superpoint_node]: Errore pubblicazione keypoints 3D: could not assign tuple of length 3 to structure with 4 fields.
[superpoint_node-2] [INFO] [1768034056.166428919] [superpoint_node]: Keypoints estratti: 800
[superpoint_node-2] [ERROR] [1768034056.173588438] [superpoint_node]: Errore pubblicazione keypoints 3D: could not assign tuple of length 3 to structure with 4 fields.
[superpoint_node-2] [INFO] [1768034056.266173490] [superpoint_node]: Keypoints estratti: 800
[superpoint_node-2] [ERROR] [1768034056.273121360] [superpoint_node]: Errore pubblicazione keypoints 3D: could not assign tuple of length 3 to structure with 4 fields.
[superpoint_node-2] [INFO] [1768034056.363789156] [superpoint_node]: Keypoints estratti: 800
[superpoint_node-2] [ERROR] [1768034056.370908009] [superpoint_node]: Errore pubblicazione keypoints 3D: could not assign tuple of length 3 to structure with 4 fields.
[rtabmap-14] [INFO] [1768034056.395014738] [rtabmap]: rtabmap (1090): Rate=0.50s, Limit=0.001s, Conversion=0.0004s, RTAB-Map=0.0491s, Maps update=0.0008s pub=0.0006s delay=0.0802s (local map=2, WM=4)
[superpoint_node-2] [INFO] [1768034056.466767049] [superpoint_node]: Keypoints estratti: 800
[superpoint_node-2] [ERROR] [1768034056.472683078] [superpoint_node]: Errore pubblicazione keypoints 3D: could not assign tuple of length 3 to structure with 4 fields.
[superpoint_node-2] [INFO] [1768034056.565701800] [superpoint_node]: Keypoints estratti: 800
[superpoint_node-2] [ERROR] [1768034056.573059025] [superpoint_node]: Errore pubblicazione keypoints 3D: could not assign tuple of length 3 to structure with 4 fields.
[superpoint_node-2] [INFO] [1768034056.665565520] [superpoint_node]: Keypoints estratti: 800
[superpoint_node-2] [ERROR] [1768034056.674138385] [superpoint_node]: Errore pubblicazione keypoints 3D: could not assign tuple of length 3 to structure with 4 fields.
[superpoint_node-2] [INFO] [1768034056.767940261] [superpoint_node]: Keypoints estratti: 800
[superpoint_node-2] [ERROR] [1768034056.775766620] [superpoint_node]: Errore pubblicazione keypoints 3D: could not assign tuple of length 3 to structure with 4 fields.
[superpoint_node-2] [INFO] [1768034056.872200276] [superpoint_node]: Keypoints estratti: 800
[superpoint_node-2] [ERROR] [1768034056.880270377] [superpoint_node]: Errore pubblicazione keypoints 3D: could not assign tuple of length 3 to structure with 4 fields.
[rtabmap-14] [INFO] [1768034056.891820488] [rtabmap]: rtabmap (1091): Rate=0.50s, Limit=0.001s, Conversion=0.0003s, RTAB-Map=0.0476s, Maps update=0.0005s pub=0.0005s delay=0.0735s (local map=3, WM=3)
[superpoint_node-2] [INFO] [1768034056.971588030] [superpoint_node]: Keypoints estratti: 800
[superpoint_node-2] [ERROR] [1768034056.979021107] [superpoint_node]: Errore pubblicazione keypoints 3D: could not assign tuple of length 3 to structure with 4 fields.
[superpoint_node-2] [INFO] [1768034057.070427965] [superpoint_node]: Keypoints estratti: 800
[superpoint_node-2] [ERROR] [1768034057.077927672] [superpoint_node]: Errore pubblicazione keypoints 3D: could not assign tuple of length 3 to structure with 4 fields.
[superpoint_node-2] [INFO] [1768034057.167034307] [superpoint_node]: Keypoints estratti: 800
[superpoint_node-2] [ERROR] [1768034057.174741313] [superpoint_node]: Errore pubblicazione keypoints 3D: could not assign tuple of length 3 to structure with 4 fields.
[superpoint_node-2] [INFO] [1768034057.269475400] [superpoint_node]: Keypoints estratti: 800
[superpoint_node-2] [ERROR] [1768034057.278924383] [superpoint_node]: Errore pubblicazione keypoints 3D: could not assign tuple of length 3 to structure with 4 fields.
[superpoint_node-2] [INFO] [1768034057.371325192] [superpoint_node]: Keypoints estratti: 800
[superpoint_node-2] [ERROR] [1768034057.378630936] [superpoint_node]: Errore pubblicazione keypoints 3D: could not assign tuple of length 3 to structure with 4 fields.
[rtabmap-14] [INFO] [1768034057.465100624] [rtabmap]: rtabmap (1092): Rate=0.50s, Limit=0.001s, Conversion=0.0002s, RTAB-Map=0.0849s, Maps update=0.0021s pub=0.0006s delay=0.1429s (local map=2, WM=4)
[superpoint_node-2] [INFO] [1768034057.479443701] [superpoint_node]: Keypoints estratti: 800
[superpoint_node-2] [ERROR] [1768034057.487407098] [superpoint_node]: Errore pubblicazione keypoints 3D: could not assign tuple of length 3 to structure with 4 fields.
[superpoint_node-2] [INFO] [1768034057.579309033] [superpoint_node]: Keypoints estratti: 800
[superpoint_node-2] [ERROR] [1768034057.586135550] [superpoint_node]: Errore pubblicazione keypoints 3D: could not assign tuple of length 3 to structure with 4 fields.
[superpoint_node-2] [INFO] [1768034057.680738896] [superpoint_node]: Keypoints estratti: 800
[superpoint_node-2] [ERROR] [1768034057.687583265] [superpoint_node]: Errore pubblicazione keypoints 3D: could not assign tuple of length 3 to structure with 4 fields.
[superpoint_node-2] [INFO] [1768034057.779121030] [superpoint_node]: Keypoints estratti: 800
[superpoint_node-2] [ERROR] [1768034057.785946344] [superpoint_node]: Errore pubblicazione keypoints 3D: could not assign tuple of length 3 to structure with 4 fields.
[superpoint_node-2] [INFO] [1768034057.884801427] [superpoint_node]: Keypoints estratti: 800
[superpoint_node-2] [ERROR] [1768034057.892238949] [superpoint_node]: Errore pubblicazione keypoints 3D: could not assign tuple of length 3 to structure with 4 fields.
[rtabmap-14] [INFO] [1768034057.894008093] [rtabmap]: rtabmap (1093): Rate=0.50s, Limit=0.001s, Conversion=0.0002s, RTAB-Map=0.0453s, Maps update=0.0027s pub=0.0005s delay=0.0677s (local map=3, WM=3)
[superpoint_node-2] [INFO] [1768034057.986673571] [superpoint_node]: Keypoints estratti: 800
[superpoint_node-2] [ERROR] [1768034057.993394236] [superpoint_node]: Errore pubblicazione keypoints 3D: could not assign tuple of length 3 to structure with 4 fields.
[superpoint_node-2] [INFO] [1768034058.086838720] [superpoint_node]: Keypoints estratti: 800
[superpoint_node-2] [ERROR] [1768034058.093690571] [superpoint_node]: Errore pubblicazione keypoints 3D: could not assign tuple of length 3 to structure with 4 fields.
[rtabmap-14] [33m[ WARN] (2026-01-10 09:34:14.099) Memory.cpp:2105::forget() Less signatures transferred (1) than added (2)! The working memory cannot decrease in size.[0m
[rtabmap-14] [33m[ WARN] (2026-01-10 09:34:15.198) Memory.cpp:2105::forget() Less signatures transferred (1) than added (2)! The working memory cannot decrease in size.[0m
[rtabmap-14] [33m[ WARN] (2026-01-10 09:34:16.391) Memory.cpp:2105::forget() Less signatures transferred (1) than added (2)! The working memory cannot decrease in size.[0m
[rtabmap-14] [33m[ WARN] (2026-01-10 09:34:17.457) Memory.cpp:2105::forget() Less signatures transferred (1) than added (2)! The working memory cannot decrease in size.[0m
[superpoint_node-2] [INFO] [1768034058.190525193] [superpoint_node]: Keypoints estratti: 800
[superpoint_node-2] [ERROR] [1768034058.197425841] [superpoint_node]: Errore pubblicazione keypoints 3D: could not assign tuple of length 3 to structure with 4 fields.
[superpoint_node-2] [INFO] [1768034058.292358837] [superpoint_node]: Keypoints estratti: 800
[superpoint_node-2] [ERROR] [1768034058.299285726] [superpoint_node]: Errore pubblicazione keypoints 3D: could not assign tuple of length 3 to structure with 4 fields.
[superpoint_node-2] [INFO] [1768034058.390784917] [superpoint_node]: Keypoints estratti: 800
[superpoint_node-2] [ERROR] [1768034058.397691453] [superpoint_node]: Errore pubblicazione keypoints 3D: could not assign tuple of length 3 to structure with 4 fields.
[rtabmap-14] [INFO] [1768034058.430506177] [rtabmap]: rtabmap (1094): Rate=0.50s, Limit=0.001s, Conversion=0.0002s, RTAB-Map=0.0502s, Maps update=0.0031s pub=0.0006s delay=0.0901s (local map=2, WM=4)
[superpoint_node-2] [INFO] [1768034058.491617015] [superpoint_node]: Keypoints estratti: 800
[superpoint_node-2] [ERROR] [1768034058.498302643] [superpoint_node]: Errore pubblicazione keypoints 3D: could not assign tuple of length 3 to structure with 4 fields.
[superpoint_node-2] [INFO] [1768034058.591636089] [superpoint_node]: Keypoints estratti: 800
[superpoint_node-2] [ERROR] [1768034058.598518311] [superpoint_node]: Errore pubblicazione keypoints 3D: could not assign tuple of length 3 to structure with 4 fields.
[superpoint_node-2] [INFO] [1768034058.691160437] [superpoint_node]: Keypoints estratti: 800
[superpoint_node-2] [ERROR] [1768034058.697809508] [superpoint_node]: Errore pubblicazione keypoints 3D: could not assign tuple of length 3 to structure with 4 fields.
[superpoint_node-2] [INFO] [1768034058.791512680] [superpoint_node]: Keypoints estratti: 800
[superpoint_node-2] [ERROR] [1768034058.798247585] [superpoint_node]: Errore pubblicazione keypoints 3D: could not assign tuple of length 3 to structure with 4 fields.
[superpoint_node-2] [INFO] [1768034058.891957239] [superpoint_node]: Keypoints estratti: 800
[superpoint_node-2] [ERROR] [1768034058.898365253] [superpoint_node]: Errore pubblicazione keypoints 3D: could not assign tuple of length 3 to structure with 4 fields.
[superpoint_node-2] [INFO] [1768034058.991475179] [superpoint_node]: Keypoints estratti: 800
[superpoint_node-2] [ERROR] [1768034058.998161695] [superpoint_node]: Errore pubblicazione keypoints 3D: could not assign tuple of length 3 to structure with 4 fields.
[rtabmap-14] [INFO] [1768034059.064691280] [rtabmap]: rtabmap (1095): Rate=0.50s, Limit=0.001s, Conversion=0.0011s, RTAB-Map=0.0799s, Maps update=0.0047s pub=0.0010s delay=0.1229s (local map=3, WM=3)
[superpoint_node-2] [INFO] [1768034059.091662902] [superpoint_node]: Keypoints estratti: 800
[superpoint_node-2] [ERROR] [1768034059.098002878] [superpoint_node]: Errore pubblicazione keypoints 3D: could not assign tuple of length 3 to structure with 4 fields.
[superpoint_node-2] [INFO] [1768034059.190825210] [superpoint_node]: Keypoints estratti: 800
[superpoint_node-2] [ERROR] [1768034059.197314687] [superpoint_node]: Errore pubblicazione keypoints 3D: could not assign tuple of length 3 to structure with 4 fields.
[superpoint_node-2] [INFO] [1768034059.288797100] [superpoint_node]: Keypoints estratti: 800
[superpoint_node-2] [ERROR] [1768034059.295579877] [superpoint_node]: Errore pubblicazione keypoints 3D: could not assign tuple of length 3 to structure with 4 fields.
[superpoint_node-2] [INFO] [1768034059.390088462] [superpoint_node]: Keypoints estratti: 800
[superpoint_node-2] [ERROR] [1768034059.396581884] [superpoint_node]: Errore pubblicazione keypoints 3D: could not assign tuple of length 3 to structure with 4 fields.
[superpoint_node-2] [INFO] [1768034059.487516645] [superpoint_node]: Keypoints estratti: 800
[superpoint_node-2] [ERROR] [1768034059.493797325] [superpoint_node]: Errore pubblicazione keypoints 3D: could not assign tuple of length 3 to structure with 4 fields.
[superpoint_node-2] [INFO] [1768034059.589040379] [superpoint_node]: Keypoints estratti: 800
[superpoint_node-2] [ERROR] [1768034059.595685450] [superpoint_node]: Errore pubblicazione keypoints 3D: could not assign tuple of length 3 to structure with 4 fields.
[rtabmap-14] [INFO] [1768034059.601265624] [rtabmap]: rtabmap (1096): Rate=0.50s, Limit=0.001s, Conversion=0.0024s, RTAB-Map=0.0461s, Maps update=0.0031s pub=0.0006s delay=0.0650s (local map=2, WM=4)
[superpoint_node-2] [INFO] [1768034059.690347555] [superpoint_node]: Keypoints estratti: 800
[superpoint_node-2] [ERROR] [1768034059.697625484] [superpoint_node]: Errore pubblicazione keypoints 3D: could not assign tuple of length 3 to structure with 4 fields.
[superpoint_node-2] [INFO] [1768034059.790452815] [superpoint_node]: Keypoints estratti: 800
[superpoint_node-2] [ERROR] [1768034059.798840474] [superpoint_node]: Errore pubblicazione keypoints 3D: could not assign tuple of length 3 to structure with 4 fields.
[superpoint_node-2] [INFO] [1768034059.891616398] [superpoint_node]: Keypoints estratti: 800
[superpoint_node-2] [ERROR] [1768034059.898035486] [superpoint_node]: Errore pubblicazione keypoints 3D: could not assign tuple of length 3 to structure with 4 fields.
[superpoint_node-2] [INFO] [1768034060.028392042] [superpoint_node]: Keypoints estratti: 800
[superpoint_node-2] [ERROR] [1768034060.035167318] [superpoint_node]: Errore pubblicazione keypoints 3D: could not assign tuple of length 3 to structure with 4 fields.
[superpoint_node-2] [INFO] [1768034060.132248054] [superpoint_node]: Keypoints estratti: 800
[superpoint_node-2] [ERROR] [1768034060.138086008] [superpoint_node]: Errore pubblicazione keypoints 3D: could not assign tuple of length 3 to structure with 4 fields.
[rtabmap-14] [INFO] [1768034060.209776726] [rtabmap]: rtabmap (1097): Rate=0.50s, Limit=0.001s, Conversion=0.0002s, RTAB-Map=0.0633s, Maps update=0.0024s pub=0.0005s delay=0.1269s (local map=3, WM=3)
[superpoint_node-2] [INFO] [1768034060.236987424] [superpoint_node]: Keypoints estratti: 800
[superpoint_node-2] [ERROR] [1768034060.245694957] [superpoint_node]: Errore pubblicazione keypoints 3D: could not assign tuple of length 3 to structure with 4 fields.
[superpoint_node-2] [INFO] [1768034060.335086538] [superpoint_node]: Keypoints estratti: 800
[superpoint_node-2] [ERROR] [1768034060.342737433] [superpoint_node]: Errore pubblicazione keypoints 3D: could not assign tuple of length 3 to structure with 4 fields.
[superpoint_node-2] [INFO] [1768034060.432098847] [superpoint_node]: Keypoints estratti: 800
[superpoint_node-2] [ERROR] [1768034060.438146729] [superpoint_node]: Errore pubblicazione keypoints 3D: could not assign tuple of length 3 to structure with 4 fields.
[superpoint_node-2] [INFO] [1768034060.532689592] [superpoint_node]: Keypoints estratti: 800
[superpoint_node-2] [ERROR] [1768034060.538108710] [superpoint_node]: Errore pubblicazione keypoints 3D: could not assign tuple of length 3 to structure with 4 fields.
[superpoint_node-2] [INFO] [1768034060.635020703] [superpoint_node]: Keypoints estratti: 800
[superpoint_node-2] [ERROR] [1768034060.643292399] [superpoint_node]: Errore pubblicazione keypoints 3D: could not assign tuple of length 3 to structure with 4 fields.
[rtabmap-14] [INFO] [1768034060.713514883] [rtabmap]: rtabmap (1098): Rate=0.50s, Limit=0.001s, Conversion=0.0002s, RTAB-Map=0.0629s, Maps update=0.0016s pub=0.0010s delay=0.1298s (local map=2, WM=4)
[superpoint_node-2] [INFO] [1768034060.738100468] [superpoint_node]: Keypoints estratti: 800
[superpoint_node-2] [ERROR] [1768034060.747510580] [superpoint_node]: Errore pubblicazione keypoints 3D: could not assign tuple of length 3 to structure with 4 fields.
[superpoint_node-2] [INFO] [1768034060.844592723] [superpoint_node]: Keypoints estratti: 800
[superpoint_node-2] [ERROR] [1768034060.851959948] [superpoint_node]: Errore pubblicazione keypoints 3D: could not assign tuple of length 3 to structure with 4 fields.
[superpoint_node-2] [INFO] [1768034060.946035826] [superpoint_node]: Keypoints estratti: 800
[superpoint_node-2] [ERROR] [1768034060.953140105] [superpoint_node]: Errore pubblicazione keypoints 3D: could not assign tuple of length 3 to structure with 4 fields.
[superpoint_node-2] [INFO] [1768034061.048167824] [superpoint_node]: Keypoints estratti: 800
[superpoint_node-2] [ERROR] [1768034061.055247548] [superpoint_node]: Errore pubblicazione keypoints 3D: could not assign tuple of length 3 to structure with 4 fields.
[superpoint_node-2] [INFO] [1768034061.145678971] [superpoint_node]: Keypoints estratti: 800
[superpoint_node-2] [ERROR] [1768034061.152568378] [superpoint_node]: Errore pubblicazione keypoints 3D: could not assign tuple of length 3 to structure with 4 fields.
[rtabmap-14] [INFO] [1768034061.232689367] [rtabmap]: rtabmap (1099): Rate=0.50s, Limit=0.001s, Conversion=0.0002s, RTAB-Map=0.0725s, Maps update=0.0041s pub=0.0017s delay=0.1368s (local map=3, WM=3)
[superpoint_node-2] [INFO] [1768034061.253405902] [superpoint_node]: Keypoints estratti: 800
[superpoint_node-2] [ERROR] [1768034061.260931759] [superpoint_node]: Errore pubblicazione keypoints 3D: could not assign tuple of length 3 to structure with 4 fields.
[superpoint_node-2] [INFO] [1768034061.352460746] [superpoint_node]: Keypoints estratti: 800
[superpoint_node-2] [ERROR] [1768034061.362210398] [superpoint_node]: Errore pubblicazione keypoints 3D: could not assign tuple of length 3 to structure with 4 fields.
[superpoint_node-2] [INFO] [1768034061.453232233] [superpoint_node]: Keypoints estratti: 800
[superpoint_node-2] [ERROR] [1768034061.461024629] [superpoint_node]: Errore pubblicazione keypoints 3D: could not assign tuple of length 3 to structure with 4 fields.
[superpoint_node-2] [INFO] [1768034061.551607776] [superpoint_node]: Keypoints estratti: 800
[superpoint_node-2] [ERROR] [1768034061.558989668] [superpoint_node]: Errore pubblicazione keypoints 3D: could not assign tuple of length 3 to structure with 4 fields.
[superpoint_node-2] [INFO] [1768034061.720491731] [superpoint_node]: Keypoints estratti: 800
[superpoint_node-2] [ERROR] [1768034061.727708603] [superpoint_node]: Errore pubblicazione keypoints 3D: could not assign tuple of length 3 to structure with 4 fields.
[rtabmap-14] [INFO] [1768034061.847395222] [rtabmap]: rtabmap (1100): Rate=0.50s, Limit=0.001s, Conversion=0.0016s, RTAB-Map=0.0679s, Maps update=0.0003s pub=0.0007s delay=0.2470s (local map=2, WM=4)
[superpoint_node-2] [INFO] [1768034061.919897410] [superpoint_node]: Keypoints estratti: 800
[superpoint_node-2] [ERROR] [1768034061.927369266] [superpoint_node]: Errore pubblicazione keypoints 3D: could not assign tuple of length 3 to structure with 4 fields.
[superpoint_node-2] [INFO] [1768034062.021081438] [superpoint_node]: Keypoints estratti: 800
[superpoint_node-2] [ERROR] [1768034062.028918704] [superpoint_node]: Errore pubblicazione keypoints 3D: could not assign tuple of length 3 to structure with 4 fields.
[superpoint_node-2] [INFO] [1768034062.124814245] [superpoint_node]: Keypoints estratti: 800
[superpoint_node-2] [ERROR] [1768034062.132201359] [superpoint_node]: Errore pubblicazione keypoints 3D: could not assign tuple of length 3 to structure with 4 fields.
[superpoint_node-2] [INFO] [1768034062.233595388] [superpoint_node]: Keypoints estratti: 800
[superpoint_node-2] [ERROR] [1768034062.242788795] [superpoint_node]: Errore pubblicazione keypoints 3D: could not assign tuple of length 3 to structure with 4 fields.
[superpoint_node-2] [INFO] [1768034062.338225369] [superpoint_node]: Keypoints estratti: 800
[superpoint_node-2] [ERROR] [1768034062.347656889] [superpoint_node]: Errore pubblicazione keypoints 3D: could not assign tuple of length 3 to structure with 4 fields.
[rtabmap-14] [INFO] [1768034062.378363615] [rtabmap]: rtabmap (1101): Rate=0.50s, Limit=0.001s, Conversion=0.0002s, RTAB-Map=0.1507s, Maps update=0.0050s pub=0.0105s delay=0.2035s (local map=4, WM=4)
[superpoint_node-2] [INFO] [1768034062.449144048] [superpoint_node]: Keypoints estratti: 800
[superpoint_node-2] [ERROR] [1768034062.456604830] [superpoint_node]: Errore pubblicazione keypoints 3D: could not assign tuple of length 3 to structure with 4 fields.
[superpoint_node-2] [INFO] [1768034062.550691560] [superpoint_node]: Keypoints estratti: 800
[superpoint_node-2] [ERROR] [1768034062.558280009] [superpoint_node]: Errore pubblicazione keypoints 3D: could not assign tuple of length 3 to structure with 4 fields.
[superpoint_node-2] [INFO] [1768034062.651316250] [superpoint_node]: Keypoints estratti: 800
[superpoint_node-2] [ERROR] [1768034062.659146609] [superpoint_node]: Errore pubblicazione keypoints 3D: could not assign tuple of length 3 to structure with 4 fields.
[superpoint_node-2] [INFO] [1768034062.753889566] [superpoint_node]: Keypoints estratti: 800
[superpoint_node-2] [ERROR] [1768034062.762936620] [superpoint_node]: Errore pubblicazione keypoints 3D: could not assign tuple of length 3 to structure with 4 fields.
[rtabmap-14] [INFO] [1768034062.855985101] [rtabmap]: rtabmap (1102): Rate=0.50s, Limit=0.001s, Conversion=0.0006s, RTAB-Map=0.1052s, Maps update=0.0047s pub=0.0011s delay=0.1546s (local map=6, WM=6)
[superpoint_node-2] [INFO] [1768034062.865870809] [superpoint_node]: Keypoints estratti: 800
[superpoint_node-2] [ERROR] [1768034062.874021263] [superpoint_node]: Errore pubblicazione keypoints 3D: could not assign tuple of length 3 to structure with 4 fields.
[superpoint_node-2] [INFO] [1768034062.967988233] [superpoint_node]: Keypoints estratti: 800
[superpoint_node-2] [ERROR] [1768034062.976289040] [superpoint_node]: Errore pubblicazione keypoints 3D: could not assign tuple of length 3 to structure with 4 fields.
[superpoint_node-2] [INFO] [1768034063.071020257] [superpoint_node]: Keypoints estratti: 800
[superpoint_node-2] [ERROR] [1768034063.080609722] [superpoint_node]: Errore pubblicazione keypoints 3D: could not assign tuple of length 3 to structure with 4 fields.
[rtabmap-14] [33m[ WARN] (2026-01-10 09:34:18.424) Memory.cpp:2105::forget() Less signatures transferred (1) than added (2)! The working memory cannot decrease in size.[0m
[rtabmap-14] [33m[ WARN] (2026-01-10 09:34:19.595) Memory.cpp:2105::forget() Less signatures transferred (1) than added (2)! The working memory cannot decrease in size.[0m
[rtabmap-14] [33m[ WARN] (2026-01-10 09:34:20.707) Memory.cpp:2105::forget() Less signatures transferred (1) than added (2)! The working memory cannot decrease in size.[0m
[rtabmap-14] [33m[ WARN] (2026-01-10 09:34:21.791) CoreWrapper.cpp:1227::odomTFUpdate() Odometry is reset (identity pose detected). Increment map id![0m
[rtabmap-14] [33m[ WARN] (2026-01-10 09:34:21.841) Memory.cpp:2105::forget() Less signatures transferred (1) than added (2)! The working memory cannot decrease in size.[0m
[rtabmap-14] [33m[ WARN] (2026-01-10 09:34:22.849) Memory.cpp:2105::forget() Less signatures transferred (0) than added (2)! The working memory cannot decrease in size.[0m
[superpoint_node-2] [INFO] [1768034063.174706471] [superpoint_node]: Keypoints estratti: 800
[superpoint_node-2] [ERROR] [1768034063.183368521] [superpoint_node]: Errore pubblicazione keypoints 3D: could not assign tuple of length 3 to structure with 4 fields.
[superpoint_node-2] [INFO] [1768034063.273434368] [superpoint_node]: Keypoints estratti: 800
[superpoint_node-2] [ERROR] [1768034063.324266272] [superpoint_node]: Errore pubblicazione keypoints 3D: could not assign tuple of length 3 to structure with 4 fields.
[rtabmap-14] [INFO] [1768034063.391806977] [rtabmap]: rtabmap (1103): Rate=0.50s, Limit=0.001s, Conversion=0.0002s, RTAB-Map=0.0945s, Maps update=0.0075s pub=0.0013s delay=0.1673s (local map=4, WM=5)
[superpoint_node-2] [INFO] [1768034063.419984497] [superpoint_node]: Keypoints estratti: 800
[superpoint_node-2] [ERROR] [1768034063.427563872] [superpoint_node]: Errore pubblicazione keypoints 3D: could not assign tuple of length 3 to structure with 4 fields.
[superpoint_node-2] [INFO] [1768034063.517733201] [superpoint_node]: Keypoints estratti: 800
[superpoint_node-2] [ERROR] [1768034063.523793120] [superpoint_node]: Errore pubblicazione keypoints 3D: could not assign tuple of length 3 to structure with 4 fields.
[superpoint_node-2] [INFO] [1768034063.621943382] [superpoint_node]: Keypoints estratti: 800
[superpoint_node-2] [ERROR] [1768034063.628464953] [superpoint_node]: Errore pubblicazione keypoints 3D: could not assign tuple of length 3 to structure with 4 fields.
[superpoint_node-2] [INFO] [1768034063.721489878] [superpoint_node]: Keypoints estratti: 800
[superpoint_node-2] [ERROR] [1768034063.728001393] [superpoint_node]: Errore pubblicazione keypoints 3D: could not assign tuple of length 3 to structure with 4 fields.
[superpoint_node-2] [INFO] [1768034063.820036237] [superpoint_node]: Keypoints estratti: 800
[superpoint_node-2] [ERROR] [1768034063.825947747] [superpoint_node]: Errore pubblicazione keypoints 3D: could not assign tuple of length 3 to structure with 4 fields.
[rtabmap-14] [INFO] [1768034063.851127280] [rtabmap]: rtabmap (1104): Rate=0.50s, Limit=0.001s, Conversion=0.0002s, RTAB-Map=0.0289s, Maps update=0.0039s pub=0.0008s delay=0.0818s (local map=5, WM=5)
[superpoint_node-2] [INFO] [1768034063.919213674] [superpoint_node]: Keypoints estratti: 800
[superpoint_node-2] [ERROR] [1768034063.926177378] [superpoint_node]: Errore pubblicazione keypoints 3D: could not assign tuple of length 3 to structure with 4 fields.
[superpoint_node-2] [INFO] [1768034064.017473382] [superpoint_node]: Keypoints estratti: 800
[superpoint_node-2] [ERROR] [1768034064.024148046] [superpoint_node]: Errore pubblicazione keypoints 3D: could not assign tuple of length 3 to structure with 4 fields.
[superpoint_node-2] [INFO] [1768034064.117354066] [superpoint_node]: Keypoints estratti: 800
[superpoint_node-2] [ERROR] [1768034064.122547403] [superpoint_node]: Errore pubblicazione keypoints 3D: could not assign tuple of length 3 to structure with 4 fields.
[superpoint_node-2] [INFO] [1768034064.322759330] [superpoint_node]: Keypoints estratti: 800
[superpoint_node-2] [ERROR] [1768034064.328153558] [superpoint_node]: Errore pubblicazione keypoints 3D: could not assign tuple of length 3 to structure with 4 fields.
[rtabmap-14] [INFO] [1768034064.442703322] [rtabmap]: rtabmap (1105): Rate=0.50s, Limit=0.001s, Conversion=0.0025s, RTAB-Map=0.1426s, Maps update=0.0016s pub=0.0103s delay=0.1731s (local map=3, WM=4)
[superpoint_node-2] [INFO] [1768034064.524022747] [superpoint_node]: Keypoints estratti: 800
[superpoint_node-2] [ERROR] [1768034064.529827200] [superpoint_node]: Errore pubblicazione keypoints 3D: could not assign tuple of length 3 to structure with 4 fields.
[superpoint_node-2] [INFO] [1768034064.619665767] [superpoint_node]: Keypoints estratti: 800
[superpoint_node-2] [ERROR] [1768034064.625500351] [superpoint_node]: Errore pubblicazione keypoints 3D: could not assign tuple of length 3 to structure with 4 fields.
[superpoint_node-2] [INFO] [1768034064.720594311] [superpoint_node]: Keypoints estratti: 800
[superpoint_node-2] [ERROR] [1768034064.726613248] [superpoint_node]: Errore pubblicazione keypoints 3D: could not assign tuple of length 3 to structure with 4 fields.
[superpoint_node-2] [INFO] [1768034064.926144558] [superpoint_node]: Keypoints estratti: 800
[superpoint_node-2] [ERROR] [1768034064.931344433] [superpoint_node]: Errore pubblicazione keypoints 3D: could not assign tuple of length 3 to structure with 4 fields.
[rtabmap-14] [INFO] [1768034065.027432642] [rtabmap]: rtabmap (1106): Rate=0.50s, Limit=0.001s, Conversion=0.0026s, RTAB-Map=0.1309s, Maps update=0.0061s pub=0.0025s delay=0.1576s (local map=1, WM=4)
[superpoint_node-2] [INFO] [1768034065.029387306] [superpoint_node]: Keypoints estratti: 800
[superpoint_node-2] [ERROR] [1768034065.034913331] [superpoint_node]: Errore pubblicazione keypoints 3D: could not assign tuple of length 3 to structure with 4 fields.
[superpoint_node-2] [INFO] [1768034065.127988498] [superpoint_node]: Keypoints estratti: 800
[superpoint_node-2] [ERROR] [1768034065.133282059] [superpoint_node]: Errore pubblicazione keypoints 3D: could not assign tuple of length 3 to structure with 4 fields.
[superpoint_node-2] [INFO] [1768034065.227793811] [superpoint_node]: Keypoints estratti: 800
[superpoint_node-2] [ERROR] [1768034065.233114372] [superpoint_node]: Errore pubblicazione keypoints 3D: could not assign tuple of length 3 to structure with 4 fields.
[superpoint_node-2] [INFO] [1768034065.324799750] [superpoint_node]: Keypoints estratti: 800
[superpoint_node-2] [ERROR] [1768034065.331188097] [superpoint_node]: Errore pubblicazione keypoints 3D: could not assign tuple of length 3 to structure with 4 fields.
[superpoint_node-2] [INFO] [1768034065.526270575] [superpoint_node]: Keypoints estratti: 800
[rtabmap-14] [INFO] [1768034065.527122360] [rtabmap]: rtabmap (1107): Rate=0.50s, Limit=0.001s, Conversion=0.0002s, RTAB-Map=0.1225s, Maps update=0.0082s pub=0.0020s delay=0.1554s (local map=2, WM=3)
[superpoint_node-2] [ERROR] [1768034065.534582086] [superpoint_node]: Errore pubblicazione keypoints 3D: could not assign tuple of length 3 to structure with 4 fields.
[superpoint_node-2] [INFO] [1768034065.626697486] [superpoint_node]: Keypoints estratti: 800
[superpoint_node-2] [ERROR] [1768034065.633063647] [superpoint_node]: Errore pubblicazione keypoints 3D: could not assign tuple of length 3 to structure with 4 fields.
[superpoint_node-2] [INFO] [1768034065.740175685] [superpoint_node]: Keypoints estratti: 800
[superpoint_node-2] [ERROR] [1768034065.756992134] [superpoint_node]: Errore pubblicazione keypoints 3D: could not assign tuple of length 3 to structure with 4 fields.
[superpoint_node-2] [INFO] [1768034065.852350596] [superpoint_node]: Keypoints estratti: 800
[superpoint_node-2] [ERROR] [1768034065.859212410] [superpoint_node]: Errore pubblicazione keypoints 3D: could not assign tuple of length 3 to structure with 4 fields.
[superpoint_node-2] [INFO] [1768034065.953036287] [superpoint_node]: Keypoints estratti: 800
[superpoint_node-2] [ERROR] [1768034065.959315077] [superpoint_node]: Errore pubblicazione keypoints 3D: could not assign tuple of length 3 to structure with 4 fields.
[superpoint_node-2] [INFO] [1768034066.054124832] [superpoint_node]: Keypoints estratti: 800
[superpoint_node-2] [ERROR] [1768034066.059979527] [superpoint_node]: Errore pubblicazione keypoints 3D: could not assign tuple of length 3 to structure with 4 fields.
[superpoint_node-2] [INFO] [1768034066.157058281] [superpoint_node]: Keypoints estratti: 800
[superpoint_node-2] [ERROR] [1768034066.163441424] [superpoint_node]: Errore pubblicazione keypoints 3D: could not assign tuple of length 3 to structure with 4 fields.
[rtabmap-14] [INFO] [1768034066.196823931] [rtabmap]: rtabmap (1108): Rate=0.50s, Limit=0.001s, Conversion=0.0004s, RTAB-Map=0.2392s, Maps update=0.0042s pub=0.0018s delay=0.2948s (local map=3, WM=3)
[superpoint_node-2] [INFO] [1768034066.259617856] [superpoint_node]: Keypoints estratti: 800
[superpoint_node-2] [ERROR] [1768034066.265569404] [superpoint_node]: Errore pubblicazione keypoints 3D: could not assign tuple of length 3 to structure with 4 fields.
[superpoint_node-2] [INFO] [1768034066.359557689] [superpoint_node]: Keypoints estratti: 800
[superpoint_node-2] [ERROR] [1768034066.366891840] [superpoint_node]: Errore pubblicazione keypoints 3D: could not assign tuple of length 3 to structure with 4 fields.
[superpoint_node-2] [INFO] [1768034066.462520712] [superpoint_node]: Keypoints estratti: 800
[superpoint_node-2] [ERROR] [1768034066.468761225] [superpoint_node]: Errore pubblicazione keypoints 3D: could not assign tuple of length 3 to structure with 4 fields.
[rtabmap-14] [INFO] [1768034066.552946802] [rtabmap]: rtabmap (1109): Rate=0.50s, Limit=0.001s, Conversion=0.0002s, RTAB-Map=0.0881s, Maps update=0.0078s pub=0.0050s delay=0.1460s (local map=4, WM=4)
[superpoint_node-2] [INFO] [1768034066.567593974] [superpoint_node]: Keypoints estratti: 800
[superpoint_node-2] [ERROR] [1768034066.575049922] [superpoint_node]: Errore pubblicazione keypoints 3D: could not assign tuple of length 3 to structure with 4 fields.
[superpoint_node-2] [INFO] [1768034066.663046882] [superpoint_node]: Keypoints estratti: 800
[superpoint_node-2] [ERROR] [1768034066.669512933] [superpoint_node]: Errore pubblicazione keypoints 3D: could not assign tuple of length 3 to structure with 4 fields.
[superpoint_node-2] [INFO] [1768034066.763780980] [superpoint_node]: Keypoints estratti: 800
[superpoint_node-2] [ERROR] [1768034066.770081734] [superpoint_node]: Errore pubblicazione keypoints 3D: could not assign tuple of length 3 to structure with 4 fields.
[superpoint_node-2] [INFO] [1768034066.859175961] [superpoint_node]: Keypoints estratti: 800
[superpoint_node-2] [ERROR] [1768034066.865871755] [superpoint_node]: Errore pubblicazione keypoints 3D: could not assign tuple of length 3 to structure with 4 fields.
[superpoint_node-2] [INFO] [1768034066.956878332] [superpoint_node]: Keypoints estratti: 800
[superpoint_node-2] [ERROR] [1768034066.964850747] [superpoint_node]: Errore pubblicazione keypoints 3D: could not assign tuple of length 3 to structure with 4 fields.
[rtabmap-14] [INFO] [1768034067.031558722] [rtabmap]: rtabmap (1110): Rate=0.50s, Limit=0.001s, Conversion=0.0006s, RTAB-Map=0.0814s, Maps update=0.0037s pub=0.0011s delay=0.1240s (local map=4, WM=4)
[superpoint_node-2] [INFO] [1768034067.066089997] [superpoint_node]: Keypoints estratti: 800
[superpoint_node-2] [ERROR] [1768034067.075147717] [superpoint_node]: Errore pubblicazione keypoints 3D: could not assign tuple of length 3 to structure with 4 fields.
[superpoint_node-2] [INFO] [1768034067.181276303] [superpoint_node]: Keypoints estratti: 800
[superpoint_node-2] [ERROR] [1768034067.188864345] [superpoint_node]: Errore pubblicazione keypoints 3D: could not assign tuple of length 3 to structure with 4 fields.
[superpoint_node-2] [INFO] [1768034067.283453375] [superpoint_node]: Keypoints estratti: 800
[superpoint_node-2] [ERROR] [1768034067.290549172] [superpoint_node]: Errore pubblicazione keypoints 3D: could not assign tuple of length 3 to structure with 4 fields.
[superpoint_node-2] [INFO] [1768034067.386626863] [superpoint_node]: Keypoints estratti: 800
[superpoint_node-2] [ERROR] [1768034067.394420055] [superpoint_node]: Errore pubblicazione keypoints 3D: could not assign tuple of length 3 to structure with 4 fields.
[superpoint_node-2] [INFO] [1768034067.484850774] [superpoint_node]: Keypoints estratti: 800
[superpoint_node-2] [ERROR] [1768034067.492513798] [superpoint_node]: Errore pubblicazione keypoints 3D: could not assign tuple of length 3 to structure with 4 fields.
[rtabmap-14] [INFO] [1768034067.540281530] [rtabmap]: rtabmap (1111): Rate=0.50s, Limit=0.001s, Conversion=0.0009s, RTAB-Map=0.0525s, Maps update=0.0033s pub=0.0013s delay=0.1053s (local map=4, WM=4)
[superpoint_node-2] [INFO] [1768034067.591457049] [superpoint_node]: Keypoints estratti: 800
[superpoint_node-2] [ERROR] [1768034067.598964535] [superpoint_node]: Errore pubblicazione keypoints 3D: could not assign tuple of length 3 to structure with 4 fields.
[superpoint_node-2] [INFO] [1768034067.728621492] [superpoint_node]: Keypoints estratti: 800
[superpoint_node-2] [ERROR] [1768034067.736143256] [superpoint_node]: Errore pubblicazione keypoints 3D: could not assign tuple of length 3 to structure with 4 fields.
[superpoint_node-2] [INFO] [1768034067.830773268] [superpoint_node]: Keypoints estratti: 800
[superpoint_node-2] [ERROR] [1768034067.838084345] [superpoint_node]: Errore pubblicazione keypoints 3D: could not assign tuple of length 3 to structure with 4 fields.
[superpoint_node-2] [INFO] [1768034067.931260401] [superpoint_node]: Keypoints estratti: 800
[superpoint_node-2] [ERROR] [1768034067.938447125] [superpoint_node]: Errore pubblicazione keypoints 3D: could not assign tuple of length 3 to structure with 4 fields.
[superpoint_node-2] [INFO] [1768034068.032405521] [superpoint_node]: Keypoints estratti: 800
[superpoint_node-2] [ERROR] [1768034068.040614420] [superpoint_node]: Errore pubblicazione keypoints 3D: could not assign tuple of length 3 to structure with 4 fields.
[rtabmap-14] [INFO] [1768034068.111767060] [rtabmap]: rtabmap (1112): Rate=0.50s, Limit=0.001s, Conversion=0.0004s, RTAB-Map=0.0932s, Maps update=0.0007s pub=0.0009s delay=0.1308s (local map=4, WM=4)
[superpoint_node-2] [INFO] [1768034068.137006539] [superpoint_node]: Keypoints estratti: 800
[superpoint_node-2] [ERROR] [1768034068.145505144] [superpoint_node]: Errore pubblicazione keypoints 3D: could not assign tuple of length 3 to structure with 4 fields.
[rtabmap-14] [33m[ WARN] (2026-01-10 09:34:24.183) CoreWrapper.cpp:1227::odomTFUpdate() Odometry is reset (identity pose detected). Increment map id![0m
[rtabmap-14] [33m[ WARN] (2026-01-10 09:34:24.385) CoreWrapper.cpp:1227::odomTFUpdate() Odometry is reset (identity pose detected). Increment map id![0m
[rtabmap-14] [33m[ WARN] (2026-01-10 09:34:24.786) CoreWrapper.cpp:1227::odomTFUpdate() Odometry is reset (identity pose detected). Increment map id![0m
[rtabmap-14] [33m[ WARN] (2026-01-10 09:34:25.012) Rtabmap.cpp:3069::process() Rejected loop closure 1105 -> 1106: Not enough inliers 10/15 (matches=24) between 1105 and 1106[0m
[rtabmap-14] [33m[ WARN] (2026-01-10 09:34:25.024) MapsManager.cpp:863::publishMaps() Graph has changed! The whole cloud is regenerated.[0m
[rtabmap-14] [33m[ WARN] (2026-01-10 09:34:25.392) CoreWrapper.cpp:1227::odomTFUpdate() Odometry is reset (identity pose detected). Increment map id![0m
[rtabmap-14] [33m[ WARN] (2026-01-10 09:34:25.394) Rtabmap.cpp:1441::process() Odometry is reset (identity pose detected). Increment map id to 6![0m
[rtabmap-14] [33m[ WARN] (2026-01-10 09:34:26.157) Rtabmap.cpp:2829::process() Ignoring local loop closure with 1106 because resulting transform is too large!? (1.038836m > 1.000000m)[0m
[rtabmap-14] [33m[ WARN] (2026-01-10 09:34:26.537) Memory.cpp:2105::forget() Less signatures transferred (0) than added (1)! The working memory cannot decrease in size.[0m
[superpoint_node-2] [INFO] [1768034068.236310644] [superpoint_node]: Keypoints estratti: 800
[superpoint_node-2] [ERROR] [1768034068.245175844] [superpoint_node]: Errore pubblicazione keypoints 3D: could not assign tuple of length 3 to structure with 4 fields.
[superpoint_node-2] [INFO] [1768034068.335960752] [superpoint_node]: Keypoints estratti: 800
[superpoint_node-2] [ERROR] [1768034068.344230651] [superpoint_node]: Errore pubblicazione keypoints 3D: could not assign tuple of length 3 to structure with 4 fields.
[superpoint_node-2] [INFO] [1768034068.435350191] [superpoint_node]: Keypoints estratti: 800
[superpoint_node-2] [ERROR] [1768034068.443281310] [superpoint_node]: Errore pubblicazione keypoints 3D: could not assign tuple of length 3 to structure with 4 fields.
[superpoint_node-2] [INFO] [1768034068.537153668] [superpoint_node]: Keypoints estratti: 800
[superpoint_node-2] [ERROR] [1768034068.547340897] [superpoint_node]: Errore pubblicazione keypoints 3D: could not assign tuple of length 3 to structure with 4 fields.
[rtabmap-14] [INFO] [1768034068.630678338] [rtabmap]: rtabmap (1113): Rate=0.50s, Limit=0.001s, Conversion=0.0002s, RTAB-Map=0.0756s, Maps update=0.0025s pub=0.0013s delay=0.1444s (local map=4, WM=4)
[superpoint_node-2] [INFO] [1768034068.646266277] [superpoint_node]: Keypoints estratti: 800
[superpoint_node-2] [ERROR] [1768034068.654051932] [superpoint_node]: Errore pubblicazione keypoints 3D: could not assign tuple of length 3 to structure with 4 fields.
[superpoint_node-2] [INFO] [1768034068.744596782] [superpoint_node]: Keypoints estratti: 800
[superpoint_node-2] [ERROR] [1768034068.752303084] [superpoint_node]: Errore pubblicazione keypoints 3D: could not assign tuple of length 3 to structure with 4 fields.
[superpoint_node-2] [INFO] [1768034068.845008563] [superpoint_node]: Keypoints estratti: 800
[superpoint_node-2] [ERROR] [1768034068.852689476] [superpoint_node]: Errore pubblicazione keypoints 3D: could not assign tuple of length 3 to structure with 4 fields.
[superpoint_node-2] [INFO] [1768034068.940236173] [superpoint_node]: Keypoints estratti: 800
[superpoint_node-2] [ERROR] [1768034068.948228070] [superpoint_node]: Errore pubblicazione keypoints 3D: could not assign tuple of length 3 to structure with 4 fields.
[superpoint_node-2] [INFO] [1768034069.045871828] [superpoint_node]: Keypoints estratti: 800
[superpoint_node-2] [ERROR] [1768034069.054156820] [superpoint_node]: Errore pubblicazione keypoints 3D: could not assign tuple of length 3 to structure with 4 fields.
[rtabmap-14] [INFO] [1768034069.117707085] [rtabmap]: rtabmap (1114): Rate=0.50s, Limit=0.001s, Conversion=0.0003s, RTAB-Map=0.0883s, Maps update=0.0136s pub=0.0016s delay=0.1286s (local map=4, WM=4)
[superpoint_node-2] [INFO] [1768034069.153156201] [superpoint_node]: Keypoints estratti: 800
[superpoint_node-2] [ERROR] [1768034069.160716779] [superpoint_node]: Errore pubblicazione keypoints 3D: could not assign tuple of length 3 to structure with 4 fields.
[superpoint_node-2] [INFO] [1768034069.254663749] [superpoint_node]: Keypoints estratti: 800
[superpoint_node-2] [ERROR] [1768034069.263841470] [superpoint_node]: Errore pubblicazione keypoints 3D: could not assign tuple of length 3 to structure with 4 fields.
[superpoint_node-2] [INFO] [1768034069.355526922] [superpoint_node]: Keypoints estratti: 800
[superpoint_node-2] [ERROR] [1768034069.363134131] [superpoint_node]: Errore pubblicazione keypoints 3D: could not assign tuple of length 3 to structure with 4 fields.
[superpoint_node-2] [INFO] [1768034069.462530830] [superpoint_node]: Keypoints estratti: 800
[superpoint_node-2] [ERROR] [1768034069.470424837] [superpoint_node]: Errore pubblicazione keypoints 3D: could not assign tuple of length 3 to structure with 4 fields.
[superpoint_node-2] [INFO] [1768034069.564648272] [superpoint_node]: Keypoints estratti: 800
[superpoint_node-2] [ERROR] [1768034069.573422934] [superpoint_node]: Errore pubblicazione keypoints 3D: could not assign tuple of length 3 to structure with 4 fields.
[rtabmap-14] [INFO] [1768034069.656312576] [rtabmap]: rtabmap (1115): Rate=0.50s, Limit=0.001s, Conversion=0.0002s, RTAB-Map=0.0743s, Maps update=0.0026s pub=0.0013s delay=0.1418s (local map=4, WM=4)
[superpoint_node-2] [INFO] [1768034069.680389267] [superpoint_node]: Keypoints estratti: 800
[superpoint_node-2] [ERROR] [1768034069.687970402] [superpoint_node]: Errore pubblicazione keypoints 3D: could not assign tuple of length 3 to structure with 4 fields.
[superpoint_node-2] [INFO] [1768034069.779808244] [superpoint_node]: Keypoints estratti: 800
[superpoint_node-2] [ERROR] [1768034069.787699381] [superpoint_node]: Errore pubblicazione keypoints 3D: could not assign tuple of length 3 to structure with 4 fields.
[superpoint_node-2] [INFO] [1768034069.883470106] [superpoint_node]: Keypoints estratti: 800
[superpoint_node-2] [ERROR] [1768034069.891618060] [superpoint_node]: Errore pubblicazione keypoints 3D: could not assign tuple of length 3 to structure with 4 fields.
[superpoint_node-2] [INFO] [1768034069.986280443] [superpoint_node]: Keypoints estratti: 800
[superpoint_node-2] [ERROR] [1768034069.993603427] [superpoint_node]: Errore pubblicazione keypoints 3D: could not assign tuple of length 3 to structure with 4 fields.
[superpoint_node-2] [INFO] [1768034070.087930733] [superpoint_node]: Keypoints estratti: 800
[superpoint_node-2] [ERROR] [1768034070.096004964] [superpoint_node]: Errore pubblicazione keypoints 3D: could not assign tuple of length 3 to structure with 4 fields.
[rtabmap-14] [INFO] [1768034070.179582444] [rtabmap]: rtabmap (1116): Rate=0.50s, Limit=0.001s, Conversion=0.0007s, RTAB-Map=0.0859s, Maps update=0.0049s pub=0.0016s delay=0.1433s (local map=4, WM=4)
[superpoint_node-2] [INFO] [1768034070.195700850] [superpoint_node]: Keypoints estratti: 800
[superpoint_node-2] [ERROR] [1768034070.204383327] [superpoint_node]: Errore pubblicazione keypoints 3D: could not assign tuple of length 3 to structure with 4 fields.
[superpoint_node-2] [INFO] [1768034070.300069996] [superpoint_node]: Keypoints estratti: 800
[superpoint_node-2] [ERROR] [1768034070.307896114] [superpoint_node]: Errore pubblicazione keypoints 3D: could not assign tuple of length 3 to structure with 4 fields.
[superpoint_node-2] [INFO] [1768034070.399254563] [superpoint_node]: Keypoints estratti: 800
[superpoint_node-2] [ERROR] [1768034070.408967159] [superpoint_node]: Errore pubblicazione keypoints 3D: could not assign tuple of length 3 to structure with 4 fields.
[superpoint_node-2] [INFO] [1768034070.503293095] [superpoint_node]: Keypoints estratti: 800
[superpoint_node-2] [ERROR] [1768034070.511877552] [superpoint_node]: Errore pubblicazione keypoints 3D: could not assign tuple of length 3 to structure with 4 fields.
[superpoint_node-2] [INFO] [1768034070.603886340] [superpoint_node]: Keypoints estratti: 800
[superpoint_node-2] [ERROR] [1768034070.611852218] [superpoint_node]: Errore pubblicazione keypoints 3D: could not assign tuple of length 3 to structure with 4 fields.
[rtabmap-14] [INFO] [1768034070.697055507] [rtabmap]: rtabmap (1117): Rate=0.50s, Limit=0.001s, Conversion=0.0002s, RTAB-Map=0.0790s, Maps update=0.0037s pub=0.0039s delay=0.1429s (local map=4, WM=4)
[superpoint_node-2] [INFO] [1768034070.710919673] [superpoint_node]: Keypoints estratti: 800
[superpoint_node-2] [ERROR] [1768034070.718170749] [superpoint_node]: Errore pubblicazione keypoints 3D: could not assign tuple of length 3 to structure with 4 fields.
[superpoint_node-2] [INFO] [1768034070.805633723] [superpoint_node]: Keypoints estratti: 800
[superpoint_node-2] [ERROR] [1768034070.813689102] [superpoint_node]: Errore pubblicazione keypoints 3D: could not assign tuple of length 3 to structure with 4 fields.
[superpoint_node-2] [INFO] [1768034070.946857366] [superpoint_node]: Keypoints estratti: 800
[superpoint_node-2] [ERROR] [1768034070.954797485] [superpoint_node]: Errore pubblicazione keypoints 3D: could not assign tuple of length 3 to structure with 4 fields.
[superpoint_node-2] [INFO] [1768034071.048365785] [superpoint_node]: Keypoints estratti: 800
[superpoint_node-2] [ERROR] [1768034071.056008549] [superpoint_node]: Errore pubblicazione keypoints 3D: could not assign tuple of length 3 to structure with 4 fields.
[superpoint_node-2] [INFO] [1768034071.149686313] [superpoint_node]: Keypoints estratti: 800
[superpoint_node-2] [ERROR] [1768034071.158327123] [superpoint_node]: Errore pubblicazione keypoints 3D: could not assign tuple of length 3 to structure with 4 fields.
[rtabmap-14] [INFO] [1768034071.232315953] [rtabmap]: rtabmap (1118): Rate=0.50s, Limit=0.001s, Conversion=0.0002s, RTAB-Map=0.0786s, Maps update=0.0006s pub=0.0008s delay=0.1361s (local map=4, WM=4)
[superpoint_node-2] [INFO] [1768034071.263149161] [superpoint_node]: Keypoints estratti: 800
[superpoint_node-2] [ERROR] [1768034071.270505386] [superpoint_node]: Errore pubblicazione keypoints 3D: could not assign tuple of length 3 to structure with 4 fields.
[superpoint_node-2] [INFO] [1768034071.367316120] [superpoint_node]: Keypoints estratti: 800
[superpoint_node-2] [ERROR] [1768034071.376086264] [superpoint_node]: Errore pubblicazione keypoints 3D: could not assign tuple of length 3 to structure with 4 fields.
[superpoint_node-2] [INFO] [1768034071.468091311] [superpoint_node]: Keypoints estratti: 800
[superpoint_node-2] [ERROR] [1768034071.475893836] [superpoint_node]: Errore pubblicazione keypoints 3D: could not assign tuple of length 3 to structure with 4 fields.
[superpoint_node-2] [INFO] [1768034071.570508774] [superpoint_node]: Keypoints estratti: 800
[superpoint_node-2] [ERROR] [1768034071.578565153] [superpoint_node]: Errore pubblicazione keypoints 3D: could not assign tuple of length 3 to structure with 4 fields.
[superpoint_node-2] [INFO] [1768034071.669212356] [superpoint_node]: Keypoints estratti: 800
[superpoint_node-2] [ERROR] [1768034071.676878232] [superpoint_node]: Errore pubblicazione keypoints 3D: could not assign tuple of length 3 to structure with 4 fields.
[rtabmap-14] [INFO] [1768034071.760563379] [rtabmap]: rtabmap (1119): Rate=0.50s, Limit=0.001s, Conversion=0.0002s, RTAB-Map=0.0827s, Maps update=0.0014s pub=0.0011s delay=0.1404s (local map=4, WM=4)
[superpoint_node-2] [INFO] [1768034071.774799807] [superpoint_node]: Keypoints estratti: 800
[superpoint_node-2] [ERROR] [1768034071.782902002] [superpoint_node]: Errore pubblicazione keypoints 3D: could not assign tuple of length 3 to structure with 4 fields.
[superpoint_node-2] [INFO] [1768034071.872002155] [superpoint_node]: Keypoints estratti: 800
[superpoint_node-2] [ERROR] [1768034071.880053386] [superpoint_node]: Errore pubblicazione keypoints 3D: could not assign tuple of length 3 to structure with 4 fields.
[superpoint_node-2] [INFO] [1768034071.973918281] [superpoint_node]: Keypoints estratti: 800
[superpoint_node-2] [ERROR] [1768034071.982138291] [superpoint_node]: Errore pubblicazione keypoints 3D: could not assign tuple of length 3 to structure with 4 fields.
[superpoint_node-2] [INFO] [1768034072.074144412] [superpoint_node]: Keypoints estratti: 800
[superpoint_node-2] [ERROR] [1768034072.081864585] [superpoint_node]: Errore pubblicazione keypoints 3D: could not assign tuple of length 3 to structure with 4 fields.
[superpoint_node-2] [INFO] [1768034072.172373083] [superpoint_node]: Keypoints estratti: 800
[superpoint_node-2] [ERROR] [1768034072.179947291] [superpoint_node]: Errore pubblicazione keypoints 3D: could not assign tuple of length 3 to structure with 4 fields.
[rtabmap-14] [INFO] [1768034072.255319595] [rtabmap]: rtabmap (1120): Rate=0.50s, Limit=0.001s, Conversion=0.0002s, RTAB-Map=0.0760s, Maps update=0.0005s pub=0.0009s delay=0.1320s (local map=4, WM=4)
[superpoint_node-2] [INFO] [1768034072.278580039] [superpoint_node]: Keypoints estratti: 800
[superpoint_node-2] [ERROR] [1768034072.286057840] [superpoint_node]: Errore pubblicazione keypoints 3D: could not assign tuple of length 3 to structure with 4 fields.
[superpoint_node-2] [INFO] [1768034072.373855705] [superpoint_node]: Keypoints estratti: 800
[superpoint_node-2] [ERROR] [1768034072.381315764] [superpoint_node]: Errore pubblicazione keypoints 3D: could not assign tuple of length 3 to structure with 4 fields.
[superpoint_node-2] [INFO] [1768034072.469779987] [superpoint_node]: Keypoints estratti: 800
[superpoint_node-2] [ERROR] [1768034072.477254398] [superpoint_node]: Errore pubblicazione keypoints 3D: could not assign tuple of length 3 to structure with 4 fields.
[superpoint_node-2] [INFO] [1768034072.568933999] [superpoint_node]: Keypoints estratti: 800
[superpoint_node-2] [ERROR] [1768034072.577640772] [superpoint_node]: Errore pubblicazione keypoints 3D: could not assign tuple of length 3 to structure with 4 fields.
[superpoint_node-2] [INFO] [1768034072.666769925] [superpoint_node]: Keypoints estratti: 800
[superpoint_node-2] [ERROR] [1768034072.674195873] [superpoint_node]: Errore pubblicazione keypoints 3D: could not assign tuple of length 3 to structure with 4 fields.
[superpoint_node-2] [INFO] [1768034072.766302292] [superpoint_node]: Keypoints estratti: 800
[superpoint_node-2] [ERROR] [1768034072.774154447] [superpoint_node]: Errore pubblicazione keypoints 3D: could not assign tuple of length 3 to structure with 4 fields.
[rtabmap-14] [INFO] [1768034072.841475834] [rtabmap]: rtabmap (1121): Rate=0.50s, Limit=0.001s, Conversion=0.0005s, RTAB-Map=0.0879s, Maps update=0.0014s pub=0.0008s delay=0.1277s (local map=4, WM=4)
[superpoint_node-2] [INFO] [1768034072.868450197] [superpoint_node]: Keypoints estratti: 800
[superpoint_node-2] [ERROR] [1768034072.876388186] [superpoint_node]: Errore pubblicazione keypoints 3D: could not assign tuple of length 3 to structure with 4 fields.
[superpoint_node-2] [INFO] [1768034072.970576769] [superpoint_node]: Keypoints estratti: 800
[superpoint_node-2] [ERROR] [1768034072.977672418] [superpoint_node]: Errore pubblicazione keypoints 3D: could not assign tuple of length 3 to structure with 4 fields.
[superpoint_node-2] [INFO] [1768034073.071924409] [superpoint_node]: Keypoints estratti: 800
[superpoint_node-2] [ERROR] [1768034073.080457755] [superpoint_node]: Errore pubblicazione keypoints 3D: could not assign tuple of length 3 to structure with 4 fields.
[superpoint_node-2] [INFO] [1768034073.171473128] [superpoint_node]: Keypoints estratti: 800
[superpoint_node-2] [ERROR] [1768034073.180028381] [superpoint_node]: Errore pubblicazione keypoints 3D: could not assign tuple of length 3 to structure with 4 fields.
[superpoint_node-2] [INFO] [1768034073.272855527] [superpoint_node]: Keypoints estratti: 800
[superpoint_node-2] [ERROR] [1768034073.279892379] [superpoint_node]: Errore pubblicazione keypoints 3D: could not assign tuple of length 3 to structure with 4 fields.
[rtabmap-14] [INFO] [1768034073.354498807] [rtabmap]: rtabmap (1122): Rate=0.50s, Limit=0.001s, Conversion=0.0002s, RTAB-Map=0.0730s, Maps update=0.0016s pub=0.0007s delay=0.1317s (local map=4, WM=4)
[superpoint_node-2] [INFO] [1768034073.379773600] [superpoint_node]: Keypoints estratti: 800
[superpoint_node-2] [ERROR] [1768034073.387524292] [superpoint_node]: Errore pubblicazione keypoints 3D: could not assign tuple of length 3 to structure with 4 fields.
[superpoint_node-2] [INFO] [1768034073.479255003] [superpoint_node]: Keypoints estratti: 800
[superpoint_node-2] [ERROR] [1768034073.487169789] [superpoint_node]: Errore pubblicazione keypoints 3D: could not assign tuple of length 3 to structure with 4 fields.
[superpoint_node-2] [INFO] [1768034073.581156111] [superpoint_node]: Keypoints estratti: 800
[superpoint_node-2] [ERROR] [1768034073.588992692] [superpoint_node]: Errore pubblicazione keypoints 3D: could not assign tuple of length 3 to structure with 4 fields.
[superpoint_node-2] [INFO] [1768034073.682529714] [superpoint_node]: Keypoints estratti: 800
[superpoint_node-2] [ERROR] [1768034073.690345035] [superpoint_node]: Errore pubblicazione keypoints 3D: could not assign tuple of length 3 to structure with 4 fields.
[superpoint_node-2] [INFO] [1768034073.785398570] [superpoint_node]: Keypoints estratti: 800
[superpoint_node-2] [ERROR] [1768034073.793407559] [superpoint_node]: Errore pubblicazione keypoints 3D: could not assign tuple of length 3 to structure with 4 fields.
[rtabmap-14] [INFO] [1768034073.830216408] [rtabmap]: rtabmap (1123): Rate=0.50s, Limit=0.001s, Conversion=0.0002s, RTAB-Map=0.0439s, Maps update=0.0030s pub=0.0008s delay=0.0979s (local map=4, WM=4)
[superpoint_node-2] [INFO] [1768034073.891025484] [superpoint_node]: Keypoints estratti: 800
[superpoint_node-2] [ERROR] [1768034073.898554859] [superpoint_node]: Errore pubblicazione keypoints 3D: could not assign tuple of length 3 to structure with 4 fields.
[superpoint_node-2] [INFO] [1768034073.990605814] [superpoint_node]: Keypoints estratti: 800
[superpoint_node-2] [ERROR] [1768034074.036931368] [superpoint_node]: Errore pubblicazione keypoints 3D: could not assign tuple of length 3 to structure with 4 fields.
[superpoint_node-2] [INFO] [1768034074.127639294] [superpoint_node]: Keypoints estratti: 800
[superpoint_node-2] [ERROR] [1768034074.135481282] [superpoint_node]: Errore pubblicazione keypoints 3D: could not assign tuple of length 3 to structure with 4 fields.
[superpoint_node-2] [INFO] [1768034074.227638627] [superpoint_node]: Keypoints estratti: 800
[superpoint_node-2] [ERROR] [1768034074.235294669] [superpoint_node]: Errore pubblicazione keypoints 3D: could not assign tuple of length 3 to structure with 4 fields.
[superpoint_node-2] [INFO] [1768034074.328129834] [superpoint_node]: Keypoints estratti: 800
[superpoint_node-2] [ERROR] [1768034074.336335751] [superpoint_node]: Errore pubblicazione keypoints 3D: could not assign tuple of length 3 to structure with 4 fields.
[rtabmap-14] [INFO] [1768034074.408076137] [rtabmap]: rtabmap (1124): Rate=0.50s, Limit=0.001s, Conversion=0.0004s, RTAB-Map=0.0906s, Maps update=0.0054s pub=0.0010s delay=0.1325s (local map=4, WM=4)
[superpoint_node-2] [INFO] [1768034074.436290695] [superpoint_node]: Keypoints estratti: 800
[superpoint_node-2] [ERROR] [1768034074.444623057] [superpoint_node]: Errore pubblicazione keypoints 3D: could not assign tuple of length 3 to structure with 4 fields.
[superpoint_node-2] [INFO] [1768034074.529629253] [superpoint_node]: Keypoints estratti: 800
[superpoint_node-2] [ERROR] [1768034074.537429481] [superpoint_node]: Errore pubblicazione keypoints 3D: could not assign tuple of length 3 to structure with 4 fields.
[superpoint_node-2] [INFO] [1768034074.627354179] [superpoint_node]: Keypoints estratti: 800
[superpoint_node-2] [ERROR] [1768034074.635172981] [superpoint_node]: Errore pubblicazione keypoints 3D: could not assign tuple of length 3 to structure with 4 fields.
[superpoint_node-2] [INFO] [1768034074.726455838] [superpoint_node]: Keypoints estratti: 800
[superpoint_node-2] [ERROR] [1768034074.733804581] [superpoint_node]: Errore pubblicazione keypoints 3D: could not assign tuple of length 3 to structure with 4 fields.
[superpoint_node-2] [INFO] [1768034074.826108798] [superpoint_node]: Keypoints estratti: 800
[superpoint_node-2] [ERROR] [1768034074.837998670] [superpoint_node]: Errore pubblicazione keypoints 3D: could not assign tuple of length 3 to structure with 4 fields.
[superpoint_node-2] [INFO] [1768034074.930818464] [superpoint_node]: Keypoints estratti: 800
[superpoint_node-2] [ERROR] [1768034074.938253135] [superpoint_node]: Errore pubblicazione keypoints 3D: could not assign tuple of length 3 to structure with 4 fields.
[rtabmap-14] [INFO] [1768034075.010907250] [rtabmap]: rtabmap (1125): Rate=0.50s, Limit=0.001s, Conversion=0.0002s, RTAB-Map=0.0557s, Maps update=0.0004s pub=0.0042s delay=0.1292s (local map=4, WM=4)
[superpoint_node-2] [INFO] [1768034075.043612769] [superpoint_node]: Keypoints estratti: 800
[superpoint_node-2] [ERROR] [1768034075.052003614] [superpoint_node]: Errore pubblicazione keypoints 3D: could not assign tuple of length 3 to structure with 4 fields.
[superpoint_node-2] [INFO] [1768034075.146117678] [superpoint_node]: Keypoints estratti: 800
[superpoint_node-2] [ERROR] [1768034075.154902915] [superpoint_node]: Errore pubblicazione keypoints 3D: could not assign tuple of length 3 to structure with 4 fields.
[superpoint_node-2] [INFO] [1768034075.252146133] [superpoint_node]: Keypoints estratti: 800
[superpoint_node-2] [ERROR] [1768034075.261060556] [superpoint_node]: Errore pubblicazione keypoints 3D: could not assign tuple of length 3 to structure with 4 fields.
[superpoint_node-2] [INFO] [1768034075.352670785] [superpoint_node]: Keypoints estratti: 800
[superpoint_node-2] [ERROR] [1768034075.359089781] [superpoint_node]: Errore pubblicazione keypoints 3D: could not assign tuple of length 3 to structure with 4 fields.
[superpoint_node-2] [INFO] [1768034075.518901275] [superpoint_node]: Keypoints estratti: 800
[superpoint_node-2] [ERROR] [1768034075.526317149] [superpoint_node]: Errore pubblicazione keypoints 3D: could not assign tuple of length 3 to structure with 4 fields.
[superpoint_node-2] [INFO] [1768034075.623059122] [superpoint_node]: Keypoints estratti: 800
[superpoint_node-2] [ERROR] [1768034075.629951992] [superpoint_node]: Errore pubblicazione keypoints 3D: could not assign tuple of length 3 to structure with 4 fields.
[rtabmap-14] [INFO] [1768034075.631541597] [rtabmap]: rtabmap (1126): Rate=0.50s, Limit=0.001s, Conversion=0.0003s, RTAB-Map=0.0507s, Maps update=0.0004s pub=0.0007s delay=0.2312s (local map=4, WM=4)
[superpoint_node-2] [INFO] [1768034075.723786943] [superpoint_node]: Keypoints estratti: 800
[superpoint_node-2] [ERROR] [1768034075.731732413] [superpoint_node]: Errore pubblicazione keypoints 3D: could not assign tuple of length 3 to structure with 4 fields.
[superpoint_node-2] [INFO] [1768034075.823472366] [superpoint_node]: Keypoints estratti: 800
[superpoint_node-2] [ERROR] [1768034075.830639441] [superpoint_node]: Errore pubblicazione keypoints 3D: could not assign tuple of length 3 to structure with 4 fields.
[superpoint_node-2] [INFO] [1768034075.925747198] [superpoint_node]: Keypoints estratti: 800
[superpoint_node-2] [ERROR] [1768034075.933052664] [superpoint_node]: Errore pubblicazione keypoints 3D: could not assign tuple of length 3 to structure with 4 fields.
[superpoint_node-2] [INFO] [1768034076.027558731] [superpoint_node]: Keypoints estratti: 800
[superpoint_node-2] [ERROR] [1768034076.034880993] [superpoint_node]: Errore pubblicazione keypoints 3D: could not assign tuple of length 3 to structure with 4 fields.
[rtabmap-14] [INFO] [1768034076.102693051] [rtabmap]: rtabmap (1127): Rate=0.50s, Limit=0.001s, Conversion=0.0008s, RTAB-Map=0.0801s, Maps update=0.0055s pub=0.0016s delay=0.1276s (local map=4, WM=4)
[superpoint_node-2] [INFO] [1768034076.134263191] [superpoint_node]: Keypoints estratti: 800
[superpoint_node-2] [ERROR] [1768034076.143053983] [superpoint_node]: Errore pubblicazione keypoints 3D: could not assign tuple of length 3 to structure with 4 fields.
[superpoint_node-2] [INFO] [1768034076.235186254] [superpoint_node]: Keypoints estratti: 800
[superpoint_node-2] [ERROR] [1768034076.243186799] [superpoint_node]: Errore pubblicazione keypoints 3D: could not assign tuple of length 3 to structure with 4 fields.
[superpoint_node-2] [INFO] [1768034076.333806872] [superpoint_node]: Keypoints estratti: 800
[superpoint_node-2] [ERROR] [1768034076.342096308] [superpoint_node]: Errore pubblicazione keypoints 3D: could not assign tuple of length 3 to structure with 4 fields.
[superpoint_node-2] [INFO] [1768034076.433880761] [superpoint_node]: Keypoints estratti: 800
[superpoint_node-2] [ERROR] [1768034076.441835825] [superpoint_node]: Errore pubblicazione keypoints 3D: could not assign tuple of length 3 to structure with 4 fields.
[superpoint_node-2] [INFO] [1768034076.533105310] [superpoint_node]: Keypoints estratti: 800
[superpoint_node-2] [ERROR] [1768034076.541279024] [superpoint_node]: Errore pubblicazione keypoints 3D: could not assign tuple of length 3 to structure with 4 fields.
[rtabmap-14] [INFO] [1768034076.608286964] [rtabmap]: rtabmap (1128): Rate=0.50s, Limit=0.001s, Conversion=0.0002s, RTAB-Map=0.0517s, Maps update=0.0060s pub=0.0021s delay=0.1234s (local map=4, WM=4)
[superpoint_node-2] [INFO] [1768034076.634041262] [superpoint_node]: Keypoints estratti: 800
[superpoint_node-2] [ERROR] [1768034076.641343598] [superpoint_node]: Errore pubblicazione keypoints 3D: could not assign tuple of length 3 to structure with 4 fields.
[superpoint_node-2] [INFO] [1768034076.730857718] [superpoint_node]: Keypoints estratti: 800
[superpoint_node-2] [ERROR] [1768034076.737518437] [superpoint_node]: Errore pubblicazione keypoints 3D: could not assign tuple of length 3 to structure with 4 fields.
[superpoint_node-2] [INFO] [1768034076.833864426] [superpoint_node]: Keypoints estratti: 800
[superpoint_node-2] [ERROR] [1768034076.842079362] [superpoint_node]: Errore pubblicazione keypoints 3D: could not assign tuple of length 3 to structure with 4 fields.
[superpoint_node-2] [INFO] [1768034076.932759732] [superpoint_node]: Keypoints estratti: 800
[superpoint_node-2] [ERROR] [1768034076.940189884] [superpoint_node]: Errore pubblicazione keypoints 3D: could not assign tuple of length 3 to structure with 4 fields.
[superpoint_node-2] [INFO] [1768034077.035562587] [superpoint_node]: Keypoints estratti: 800
[superpoint_node-2] [ERROR] [1768034077.042126695] [superpoint_node]: Errore pubblicazione keypoints 3D: could not assign tuple of length 3 to structure with 4 fields.
[superpoint_node-2] [INFO] [1768034077.133152716] [superpoint_node]: Keypoints estratti: 800
[superpoint_node-2] [ERROR] [1768034077.139635712] [superpoint_node]: Errore pubblicazione keypoints 3D: could not assign tuple of length 3 to structure with 4 fields.
[rtabmap-14] [INFO] [1768034077.183456654] [rtabmap]: rtabmap (1129): Rate=0.50s, Limit=0.001s, Conversion=0.0002s, RTAB-Map=0.0352s, Maps update=0.0032s pub=0.0012s delay=0.0996s (local map=4, WM=4)
[superpoint_node-2] [INFO] [1768034077.276316096] [superpoint_node]: Keypoints estratti: 800
[superpoint_node-2] [ERROR] [1768034077.281908400] [superpoint_node]: Errore pubblicazione keypoints 3D: could not assign tuple of length 3 to structure with 4 fields.
[superpoint_node-2] [INFO] [1768034077.374227339] [superpoint_node]: Keypoints estratti: 800
[superpoint_node-2] [ERROR] [1768034077.380260924] [superpoint_node]: Errore pubblicazione keypoints 3D: could not assign tuple of length 3 to structure with 4 fields.
[superpoint_node-2] [INFO] [1768034077.471515187] [superpoint_node]: Keypoints estratti: 800
[superpoint_node-2] [ERROR] [1768034077.477570124] [superpoint_node]: Errore pubblicazione keypoints 3D: could not assign tuple of length 3 to structure with 4 fields.
[superpoint_node-2] [INFO] [1768034077.572369249] [superpoint_node]: Keypoints estratti: 800
[superpoint_node-2] [ERROR] [1768034077.578272185] [superpoint_node]: Errore pubblicazione keypoints 3D: could not assign tuple of length 3 to structure with 4 fields.
[superpoint_node-2] [INFO] [1768034077.672095191] [superpoint_node]: Keypoints estratti: 800
[superpoint_node-2] [ERROR] [1768034077.677366548] [superpoint_node]: Errore pubblicazione keypoints 3D: could not assign tuple of length 3 to structure with 4 fields.
[rtabmap-14] [INFO] [1768034077.725897656] [rtabmap]: rtabmap (1130): Rate=0.50s, Limit=0.001s, Conversion=0.0002s, RTAB-Map=0.0415s, Maps update=0.0053s pub=0.0008s delay=0.1066s (local map=4, WM=4)
[superpoint_node-2] [INFO] [1768034077.777753254] [superpoint_node]: Keypoints estratti: 800
[superpoint_node-2] [ERROR] [1768034077.783805784] [superpoint_node]: Errore pubblicazione keypoints 3D: could not assign tuple of length 3 to structure with 4 fields.
[superpoint_node-2] [INFO] [1768034077.869943803] [superpoint_node]: Keypoints estratti: 800
[superpoint_node-2] [ERROR] [1768034077.876415521] [superpoint_node]: Errore pubblicazione keypoints 3D: could not assign tuple of length 3 to structure with 4 fields.
[superpoint_node-2] [INFO] [1768034077.967983065] [superpoint_node]: Keypoints estratti: 800
[superpoint_node-2] [ERROR] [1768034077.975567681] [superpoint_node]: Errore pubblicazione keypoints 3D: could not assign tuple of length 3 to structure with 4 fields.
[superpoint_node-2] [INFO] [1768034078.067487857] [superpoint_node]: Keypoints estratti: 800
[superpoint_node-2] [ERROR] [1768034078.074789637] [superpoint_node]: Errore pubblicazione keypoints 3D: could not assign tuple of length 3 to structure with 4 fields.
[superpoint_node-2] [INFO] [1768034078.167682710] [superpoint_node]: Keypoints estratti: 800
[superpoint_node-2] [ERROR] [1768034078.174150984] [superpoint_node]: Errore pubblicazione keypoints 3D: could not assign tuple of length 3 to structure with 4 fields.
[superpoint_node-2] [INFO] [1768034078.266842055] [superpoint_node]: Keypoints estratti: 800
[superpoint_node-2] [ERROR] [1768034078.274387800] [superpoint_node]: Errore pubblicazione keypoints 3D: could not assign tuple of length 3 to structure with 4 fields.
[rtabmap-14] [INFO] [1768034078.298688438] [rtabmap]: rtabmap (1131): Rate=0.50s, Limit=0.001s, Conversion=0.0003s, RTAB-Map=0.0416s, Maps update=0.0050s pub=0.0018s delay=0.0842s (local map=4, WM=4)
[superpoint_node-2] [INFO] [1768034078.368174120] [superpoint_node]: Keypoints estratti: 800
[superpoint_node-2] [ERROR] [1768034078.376746374] [superpoint_node]: Errore pubblicazione keypoints 3D: could not assign tuple of length 3 to structure with 4 fields.
[superpoint_node-2] [INFO] [1768034078.467415836] [superpoint_node]: Keypoints estratti: 800
[superpoint_node-2] [ERROR] [1768034078.474298576] [superpoint_node]: Errore pubblicazione keypoints 3D: could not assign tuple of length 3 to structure with 4 fields.
[superpoint_node-2] [INFO] [1768034078.567236761] [superpoint_node]: Keypoints estratti: 800
[superpoint_node-2] [ERROR] [1768034078.573744035] [superpoint_node]: Errore pubblicazione keypoints 3D: could not assign tuple of length 3 to structure with 4 fields.
[superpoint_node-2] [INFO] [1768034078.664567498] [superpoint_node]: Keypoints estratti: 800
[superpoint_node-2] [ERROR] [1768034078.670460064] [superpoint_node]: Errore pubblicazione keypoints 3D: could not assign tuple of length 3 to structure with 4 fields.
[superpoint_node-2] [INFO] [1768034078.764616387] [superpoint_node]: Keypoints estratti: 800
[superpoint_node-2] [ERROR] [1768034078.771315163] [superpoint_node]: Errore pubblicazione keypoints 3D: could not assign tuple of length 3 to structure with 4 fields.
[superpoint_node-2] [INFO] [1768034078.863718176] [superpoint_node]: Keypoints estratti: 800
[superpoint_node-2] [ERROR] [1768034078.869462444] [superpoint_node]: Errore pubblicazione keypoints 3D: could not assign tuple of length 3 to structure with 4 fields.
[rtabmap-14] [INFO] [1768034078.908568107] [rtabmap]: rtabmap (1132): Rate=0.50s, Limit=0.001s, Conversion=0.0002s, RTAB-Map=0.0246s, Maps update=0.0024s pub=0.0006s delay=0.0952s (local map=4, WM=4)
[superpoint_node-2] [INFO] [1768034078.969103626] [superpoint_node]: Keypoints estratti: 800
[superpoint_node-2] [ERROR] [1768034078.975637233] [superpoint_node]: Errore pubblicazione keypoints 3D: could not assign tuple of length 3 to structure with 4 fields.
[superpoint_node-2] [INFO] [1768034079.068245915] [superpoint_node]: Keypoints estratti: 800
[superpoint_node-2] [ERROR] [1768034079.075046525] [superpoint_node]: Errore pubblicazione keypoints 3D: could not assign tuple of length 3 to structure with 4 fields.
[superpoint_node-2] [INFO] [1768034079.166587865] [superpoint_node]: Keypoints estratti: 800
[superpoint_node-2] [ERROR] [1768034079.173450252] [superpoint_node]: Errore pubblicazione keypoints 3D: could not assign tuple of length 3 to structure with 4 fields.
[superpoint_node-2] [INFO] [1768034079.266836051] [superpoint_node]: Keypoints estratti: 800
[superpoint_node-2] [ERROR] [1768034079.272721357] [superpoint_node]: Errore pubblicazione keypoints 3D: could not assign tuple of length 3 to structure with 4 fields.
[superpoint_node-2] [INFO] [1768034079.367114979] [superpoint_node]: Keypoints estratti: 800
[superpoint_node-2] [ERROR] [1768034079.373193565] [superpoint_node]: Errore pubblicazione keypoints 3D: could not assign tuple of length 3 to structure with 4 fields.
[superpoint_node-2] [INFO] [1768034079.464968795] [superpoint_node]: Keypoints estratti: 800
[superpoint_node-2] [ERROR] [1768034079.471201548] [superpoint_node]: Errore pubblicazione keypoints 3D: could not assign tuple of length 3 to structure with 4 fields.
[rtabmap-14] [INFO] [1768034079.515314288] [rtabmap]: rtabmap (1133): Rate=0.50s, Limit=0.001s, Conversion=0.0002s, RTAB-Map=0.0358s, Maps update=0.0028s pub=0.0006s delay=0.1011s (local map=4, WM=4)
[superpoint_node-2] [INFO] [1768034079.564807090] [superpoint_node]: Keypoints estratti: 800
[superpoint_node-2] [ERROR] [1768034079.570225522] [superpoint_node]: Errore pubblicazione keypoints 3D: could not assign tuple of length 3 to structure with 4 fields.
[superpoint_node-2] [INFO] [1768034079.661002411] [superpoint_node]: Keypoints estratti: 800
[superpoint_node-2] [ERROR] [1768034079.665972154] [superpoint_node]: Errore pubblicazione keypoints 3D: could not assign tuple of length 3 to structure with 4 fields.
[superpoint_node-2] [INFO] [1768034079.762386903] [superpoint_node]: Keypoints estratti: 800
[superpoint_node-2] [ERROR] [1768034079.767418054] [superpoint_node]: Errore pubblicazione keypoints 3D: could not assign tuple of length 3 to structure with 4 fields.
[superpoint_node-2] [INFO] [1768034079.864291418] [superpoint_node]: Keypoints estratti: 800
[superpoint_node-2] [ERROR] [1768034079.869663109] [superpoint_node]: Errore pubblicazione keypoints 3D: could not assign tuple of length 3 to structure with 4 fields.
[superpoint_node-2] [INFO] [1768034079.963105445] [superpoint_node]: Keypoints estratti: 800
[superpoint_node-2] [ERROR] [1768034079.968235338] [superpoint_node]: Errore pubblicazione keypoints 3D: could not assign tuple of length 3 to structure with 4 fields.
[superpoint_node-2] [INFO] [1768034080.063660375] [superpoint_node]: Keypoints estratti: 800
[superpoint_node-2] [ERROR] [1768034080.068866176] [superpoint_node]: Errore pubblicazione keypoints 3D: could not assign tuple of length 3 to structure with 4 fields.
[rtabmap-14] [INFO] [1768034080.080990421] [rtabmap]: rtabmap (1134): Rate=0.50s, Limit=0.001s, Conversion=0.0006s, RTAB-Map=0.0295s, Maps update=0.0019s pub=0.0004s delay=0.0719s (local map=4, WM=4)
[superpoint_node-2] [INFO] [1768034080.161262486] [superpoint_node]: Keypoints estratti: 800
[superpoint_node-2] [ERROR] [1768034080.166052802] [superpoint_node]: Errore pubblicazione keypoints 3D: could not assign tuple of length 3 to structure with 4 fields.
[superpoint_node-2] [INFO] [1768034080.257220490] [superpoint_node]: Keypoints estratti: 800
[superpoint_node-2] [ERROR] [1768034080.262295456] [superpoint_node]: Errore pubblicazione keypoints 3D: could not assign tuple of length 3 to structure with 4 fields.
[superpoint_node-2] [INFO] [1768034080.351941040] [superpoint_node]: Keypoints estratti: 800
[superpoint_node-2] [ERROR] [1768034080.356896895] [superpoint_node]: Errore pubblicazione keypoints 3D: could not assign tuple of length 3 to structure with 4 fields.
[superpoint_node-2] [INFO] [1768034080.516554184] [superpoint_node]: Keypoints estratti: 800
[superpoint_node-2] [ERROR] [1768034080.522839716] [superpoint_node]: Errore pubblicazione keypoints 3D: could not assign tuple of length 3 to structure with 4 fields.
[rtabmap-14] [INFO] [1768034080.615010338] [rtabmap]: rtabmap (1135): Rate=0.50s, Limit=0.001s, Conversion=0.0002s, RTAB-Map=0.0275s, Maps update=0.0005s pub=0.0007s delay=0.0455s (local map=4, WM=4)
[superpoint_node-2] [INFO] [1768034080.623764760] [superpoint_node]: Keypoints estratti: 800
[superpoint_node-2] [ERROR] [1768034080.629410786] [superpoint_node]: Errore pubblicazione keypoints 3D: could not assign tuple of length 3 to structure with 4 fields.
[superpoint_node-2] [INFO] [1768034080.820746976] [superpoint_node]: Keypoints estratti: 800
[superpoint_node-2] [ERROR] [1768034080.826889691] [superpoint_node]: Errore pubblicazione keypoints 3D: could not assign tuple of length 3 to structure with 4 fields.
[superpoint_node-2] [INFO] [1768034080.919134277] [superpoint_node]: Keypoints estratti: 800
[superpoint_node-2] [ERROR] [1768034080.925344623] [superpoint_node]: Errore pubblicazione keypoints 3D: could not assign tuple of length 3 to structure with 4 fields.
[superpoint_node-2] [INFO] [1768034081.127779938] [superpoint_node]: Keypoints estratti: 800
[rtabmap-14] [INFO] [1768034081.131002594] [rtabmap]: rtabmap (1136): Rate=0.50s, Limit=0.001s, Conversion=0.0002s, RTAB-Map=0.0382s, Maps update=0.0045s pub=0.0041s delay=0.0614s (local map=1, WM=2)
[superpoint_node-2] [ERROR] [1768034081.137614868] [superpoint_node]: Errore pubblicazione keypoints 3D: could not assign tuple of length 3 to structure with 4 fields.
[superpoint_node-2] [INFO] [1768034081.230275995] [superpoint_node]: Keypoints estratti: 800
[superpoint_node-2] [ERROR] [1768034081.235966540] [superpoint_node]: Errore pubblicazione keypoints 3D: could not assign tuple of length 3 to structure with 4 fields.
[superpoint_node-2] [INFO] [1768034081.327105914] [superpoint_node]: Keypoints estratti: 800
[superpoint_node-2] [ERROR] [1768034081.332732847] [superpoint_node]: Errore pubblicazione keypoints 3D: could not assign tuple of length 3 to structure with 4 fields.
[superpoint_node-2] [INFO] [1768034081.457454562] [superpoint_node]: Keypoints estratti: 800
[superpoint_node-2] [ERROR] [1768034081.462535770] [superpoint_node]: Errore pubblicazione keypoints 3D: could not assign tuple of length 3 to structure with 4 fields.
[superpoint_node-2] [INFO] [1768034081.551481348] [superpoint_node]: Keypoints estratti: 800
[superpoint_node-2] [ERROR] [1768034081.556910854] [superpoint_node]: Errore pubblicazione keypoints 3D: could not assign tuple of length 3 to structure with 4 fields.
[superpoint_node-2] [INFO] [1768034081.719492482] [superpoint_node]: Keypoints estratti: 800
[superpoint_node-2] [ERROR] [1768034081.725340084] [superpoint_node]: Errore pubblicazione keypoints 3D: could not assign tuple of length 3 to structure with 4 fields.
[superpoint_node-2] [INFO] [1768034081.822441616] [superpoint_node]: Keypoints estratti: 800
[superpoint_node-2] [ERROR] [1768034081.828270033] [superpoint_node]: Errore pubblicazione keypoints 3D: could not assign tuple of length 3 to structure with 4 fields.
[rtabmap-14] [INFO] [1768034081.833383851] [rtabmap]: rtabmap (1137): Rate=0.50s, Limit=0.001s, Conversion=0.0003s, RTAB-Map=0.0451s, Maps update=0.0016s pub=0.0051s delay=0.2367s (local map=1, WM=4)
[superpoint_node-2] [INFO] [1768034081.920203098] [superpoint_node]: Keypoints estratti: 800
[superpoint_node-2] [ERROR] [1768034081.925414195] [superpoint_node]: Errore pubblicazione keypoints 3D: could not assign tuple of length 3 to structure with 4 fields.
[superpoint_node-2] [INFO] [1768034082.017666411] [superpoint_node]: Keypoints estratti: 800
[superpoint_node-2] [ERROR] [1768034082.023421771] [superpoint_node]: Errore pubblicazione keypoints 3D: could not assign tuple of length 3 to structure with 4 fields.
[superpoint_node-2] [INFO] [1768034082.125616566] [superpoint_node]: Keypoints estratti: 800
[superpoint_node-2] [ERROR] [1768034082.131773985] [superpoint_node]: Errore pubblicazione keypoints 3D: could not assign tuple of length 3 to structure with 4 fields.
[superpoint_node-2] [INFO] [1768034082.225052098] [superpoint_node]: Keypoints estratti: 800
[superpoint_node-2] [ERROR] [1768034082.230455271] [superpoint_node]: Errore pubblicazione keypoints 3D: could not assign tuple of length 3 to structure with 4 fields.
[rtabmap-14] [INFO] [1768034082.305692148] [rtabmap]: rtabmap (1138): Rate=0.50s, Limit=0.001s, Conversion=0.0006s, RTAB-Map=0.0509s, Maps update=0.0021s pub=0.0005s delay=0.1300s (local map=1, WM=4)
[superpoint_node-2] [INFO] [1768034082.418686695] [superpoint_node]: Keypoints estratti: 800
[superpoint_node-2] [ERROR] [1768034082.424368018] [superpoint_node]: Errore pubblicazione keypoints 3D: could not assign tuple of length 3 to structure with 4 fields.
[superpoint_node-2] [INFO] [1768034082.519857482] [superpoint_node]: Keypoints estratti: 800
[superpoint_node-2] [ERROR] [1768034082.525814233] [superpoint_node]: Errore pubblicazione keypoints 3D: could not assign tuple of length 3 to structure with 4 fields.
[superpoint_node-2] [INFO] [1768034082.622590892] [superpoint_node]: Keypoints estratti: 800
[superpoint_node-2] [ERROR] [1768034082.628108103] [superpoint_node]: Errore pubblicazione keypoints 3D: could not assign tuple of length 3 to structure with 4 fields.
[superpoint_node-2] [INFO] [1768034082.725548990] [superpoint_node]: Keypoints estratti: 800
[superpoint_node-2] [ERROR] [1768034082.730931125] [superpoint_node]: Errore pubblicazione keypoints 3D: could not assign tuple of length 3 to structure with 4 fields.
[superpoint_node-2] [INFO] [1768034082.827437727] [superpoint_node]: Keypoints estratti: 800
[superpoint_node-2] [ERROR] [1768034082.833173809] [superpoint_node]: Errore pubblicazione keypoints 3D: could not assign tuple of length 3 to structure with 4 fields.
[rtabmap-14] [INFO] [1768034082.934673654] [rtabmap]: rtabmap (1139): Rate=0.50s, Limit=0.001s, Conversion=0.0004s, RTAB-Map=0.1171s, Maps update=0.0048s pub=0.0033s delay=0.1619s (local map=1, WM=3)
[superpoint_node-2] [INFO] [1768034082.935296789] [superpoint_node]: Keypoints estratti: 800
[superpoint_node-2] [ERROR] [1768034082.942577662] [superpoint_node]: Errore pubblicazione keypoints 3D: could not assign tuple of length 3 to structure with 4 fields.
[superpoint_node-2] [INFO] [1768034083.031546425] [superpoint_node]: Keypoints estratti: 800
[superpoint_node-2] [ERROR] [1768034083.037384657] [superpoint_node]: Errore pubblicazione keypoints 3D: could not assign tuple of length 3 to structure with 4 fields.
[superpoint_node-2] [INFO] [1768034083.131294516] [superpoint_node]: Keypoints estratti: 800
[superpoint_node-2] [ERROR] [1768034083.137364231] [superpoint_node]: Errore pubblicazione keypoints 3D: could not assign tuple of length 3 to structure with 4 fields.
[rtabmap-14] [33m[ WARN] (2026-01-10 09:34:40.686) CoreWrapper.cpp:1227::odomTFUpdate() Odometry is reset (identity pose detected). Increment map id![0m
[rtabmap-14] [33m[ WARN] (2026-01-10 09:34:40.982) CoreWrapper.cpp:1227::odomTFUpdate() Odometry is reset (identity pose detected). Increment map id![0m
[rtabmap-14] [33m[ WARN] (2026-01-10 09:34:41.116) Rtabmap.cpp:3069::process() Rejected loop closure 1107 -> 1136: Not enough inliers 0/15 (matches=12) between 1107 and 1136[0m
[rtabmap-14] [33m[ WARN] (2026-01-10 09:34:41.126) MapsManager.cpp:863::publishMaps() Graph has changed! The whole cloud is regenerated.[0m
[rtabmap-14] [33m[ WARN] (2026-01-10 09:34:41.823) Memory.cpp:2105::forget() Less signatures transferred (0) than added (2)! The working memory cannot decrease in size.[0m
[rtabmap-14] [33m[ WARN] (2026-01-10 09:34:42.297) CoreWrapper.cpp:1227::odomTFUpdate() Odometry is reset (identity pose detected). Increment map id![0m
[rtabmap-14] [33m[ WARN] (2026-01-10 09:34:42.301) Rtabmap.cpp:3069::process() Rejected loop closure 1109 -> 1138: Not enough inliers 0/15 (matches=10) between 1109 and 1138[0m
[rtabmap-14] [33m[ WARN] (2026-01-10 09:34:42.922) Rtabmap.cpp:3069::process() Rejected loop closure 1136 -> 1139: Not enough inliers 14/15 (matches=33) between 1136 and 1139[0m
[rtabmap-14] [33m[ WARN] (2026-01-10 09:34:42.931) MapsManager.cpp:863::publishMaps() Graph has changed! The whole cloud is regenerated.[0m
[superpoint_node-2] [INFO] [1768034083.230648510] [superpoint_node]: Keypoints estratti: 800
[superpoint_node-2] [ERROR] [1768034083.237104765] [superpoint_node]: Errore pubblicazione keypoints 3D: could not assign tuple of length 3 to structure with 4 fields.
[superpoint_node-2] [INFO] [1768034083.332360820] [superpoint_node]: Keypoints estratti: 800
[superpoint_node-2] [ERROR] [1768034083.342125120] [superpoint_node]: Errore pubblicazione keypoints 3D: could not assign tuple of length 3 to structure with 4 fields.
[rtabmap-14] [INFO] [1768034083.407686123] [rtabmap]: rtabmap (1140): Rate=0.50s, Limit=0.001s, Conversion=0.0002s, RTAB-Map=0.0621s, Maps update=0.0004s pub=0.0009s delay=0.1270s (local map=1, WM=3)
[superpoint_node-2] [INFO] [1768034083.437647732] [superpoint_node]: Keypoints estratti: 800
[superpoint_node-2] [ERROR] [1768034083.444701733] [superpoint_node]: Errore pubblicazione keypoints 3D: could not assign tuple of length 3 to structure with 4 fields.
[superpoint_node-2] [INFO] [1768034083.537520397] [superpoint_node]: Keypoints estratti: 800
[superpoint_node-2] [ERROR] [1768034083.546194578] [superpoint_node]: Errore pubblicazione keypoints 3D: could not assign tuple of length 3 to structure with 4 fields.
[superpoint_node-2] [INFO] [1768034083.638883315] [superpoint_node]: Keypoints estratti: 800
[superpoint_node-2] [ERROR] [1768034083.646203540] [superpoint_node]: Errore pubblicazione keypoints 3D: could not assign tuple of length 3 to structure with 4 fields.
[superpoint_node-2] [INFO] [1768034083.743161386] [superpoint_node]: Keypoints estratti: 800
[superpoint_node-2] [ERROR] [1768034083.750145331] [superpoint_node]: Errore pubblicazione keypoints 3D: could not assign tuple of length 3 to structure with 4 fields.
[superpoint_node-2] [INFO] [1768034083.839038631] [superpoint_node]: Keypoints estratti: 800
[superpoint_node-2] [ERROR] [1768034083.847514198] [superpoint_node]: Errore pubblicazione keypoints 3D: could not assign tuple of length 3 to structure with 4 fields.
[superpoint_node-2] [INFO] [1768034083.942942884] [superpoint_node]: Keypoints estratti: 800
[superpoint_node-2] [ERROR] [1768034083.950157404] [superpoint_node]: Errore pubblicazione keypoints 3D: could not assign tuple of length 3 to structure with 4 fields.
[rtabmap-14] [INFO] [1768034083.994498072] [rtabmap]: rtabmap (1141): Rate=0.50s, Limit=0.001s, Conversion=0.0002s, RTAB-Map=0.1469s, Maps update=0.0005s pub=0.0011s delay=0.2039s (local map=1, WM=3)
[superpoint_node-2] [INFO] [1768034084.044023448] [superpoint_node]: Keypoints estratti: 800
[superpoint_node-2] [ERROR] [1768034084.051041467] [superpoint_node]: Errore pubblicazione keypoints 3D: could not assign tuple of length 3 to structure with 4 fields.
[superpoint_node-2] [INFO] [1768034084.147302585] [superpoint_node]: Keypoints estratti: 800
[superpoint_node-2] [ERROR] [1768034084.153928749] [superpoint_node]: Errore pubblicazione keypoints 3D: could not assign tuple of length 3 to structure with 4 fields.
[superpoint_node-2] [INFO] [1768034084.244545877] [superpoint_node]: Keypoints estratti: 800
[superpoint_node-2] [ERROR] [1768034084.251403154] [superpoint_node]: Errore pubblicazione keypoints 3D: could not assign tuple of length 3 to structure with 4 fields.
[superpoint_node-2] [INFO] [1768034084.346116482] [superpoint_node]: Keypoints estratti: 800
[superpoint_node-2] [ERROR] [1768034084.353386521] [superpoint_node]: Errore pubblicazione keypoints 3D: could not assign tuple of length 3 to structure with 4 fields.
[rtabmap-14] [INFO] [1768034084.445979759] [rtabmap]: rtabmap (1142): Rate=0.50s, Limit=0.001s, Conversion=0.0002s, RTAB-Map=0.1206s, Maps update=0.0049s pub=0.0008s delay=0.1531s (local map=1, WM=3)
[superpoint_node-2] [INFO] [1768034084.446475170] [superpoint_node]: Keypoints estratti: 800
[superpoint_node-2] [ERROR] [1768034084.453696598] [superpoint_node]: Errore pubblicazione keypoints 3D: could not assign tuple of length 3 to structure with 4 fields.
[superpoint_node-2] [INFO] [1768034084.547378547] [superpoint_node]: Keypoints estratti: 800
[superpoint_node-2] [ERROR] [1768034084.554308139] [superpoint_node]: Errore pubblicazione keypoints 3D: could not assign tuple of length 3 to structure with 4 fields.
[superpoint_node-2] [INFO] [1768034084.651464542] [superpoint_node]: Keypoints estratti: 800
[superpoint_node-2] [ERROR] [1768034084.658445542] [superpoint_node]: Errore pubblicazione keypoints 3D: could not assign tuple of length 3 to structure with 4 fields.
[superpoint_node-2] [INFO] [1768034084.752207641] [superpoint_node]: Keypoints estratti: 800
[superpoint_node-2] [ERROR] [1768034084.760063573] [superpoint_node]: Errore pubblicazione keypoints 3D: could not assign tuple of length 3 to structure with 4 fields.
[superpoint_node-2] [INFO] [1768034084.854313101] [superpoint_node]: Keypoints estratti: 800
[rtabmap-14] [INFO] [1768034084.854885828] [rtabmap]: rtabmap (1143): Rate=0.50s, Limit=0.001s, Conversion=0.0004s, RTAB-Map=0.0333s, Maps update=0.0036s pub=0.0008s delay=0.0534s (local map=1, WM=3)
[superpoint_node-2] [ERROR] [1768034084.862393758] [superpoint_node]: Errore pubblicazione keypoints 3D: could not assign tuple of length 3 to structure with 4 fields.
[superpoint_node-2] [INFO] [1768034084.951292985] [superpoint_node]: Keypoints estratti: 800
[superpoint_node-2] [ERROR] [1768034084.958057427] [superpoint_node]: Errore pubblicazione keypoints 3D: could not assign tuple of length 3 to structure with 4 fields.
[superpoint_node-2] [INFO] [1768034085.054810216] [superpoint_node]: Keypoints estratti: 800
[superpoint_node-2] [ERROR] [1768034085.062064070] [superpoint_node]: Errore pubblicazione keypoints 3D: could not assign tuple of length 3 to structure with 4 fields.
[superpoint_node-2] [INFO] [1768034085.153462094] [superpoint_node]: Keypoints estratti: 800
[superpoint_node-2] [ERROR] [1768034085.160111906] [superpoint_node]: Errore pubblicazione keypoints 3D: could not assign tuple of length 3 to structure with 4 fields.
[superpoint_node-2] [INFO] [1768034085.254135488] [superpoint_node]: Keypoints estratti: 800
[superpoint_node-2] [ERROR] [1768034085.261092210] [superpoint_node]: Errore pubblicazione keypoints 3D: could not assign tuple of length 3 to structure with 4 fields.
[superpoint_node-2] [INFO] [1768034085.352684272] [superpoint_node]: Keypoints estratti: 800
[superpoint_node-2] [ERROR] [1768034085.359824811] [superpoint_node]: Errore pubblicazione keypoints 3D: could not assign tuple of length 3 to structure with 4 fields.
[rtabmap-14] [INFO] [1768034085.429230622] [rtabmap]: rtabmap (1144): Rate=0.50s, Limit=0.001s, Conversion=0.0015s, RTAB-Map=0.0711s, Maps update=0.0096s pub=0.0012s delay=0.1267s (local map=1, WM=3)
[superpoint_node-2] [INFO] [1768034085.454457305] [superpoint_node]: Keypoints estratti: 800
[superpoint_node-2] [ERROR] [1768034085.461338211] [superpoint_node]: Errore pubblicazione keypoints 3D: could not assign tuple of length 3 to structure with 4 fields.
[superpoint_node-2] [INFO] [1768034085.591153208] [superpoint_node]: Keypoints estratti: 800
[superpoint_node-2] [ERROR] [1768034085.597972373] [superpoint_node]: Errore pubblicazione keypoints 3D: could not assign tuple of length 3 to structure with 4 fields.
[superpoint_node-2] [INFO] [1768034085.687525271] [superpoint_node]: Keypoints estratti: 800
[superpoint_node-2] [ERROR] [1768034085.693858803] [superpoint_node]: Errore pubblicazione keypoints 3D: could not assign tuple of length 3 to structure with 4 fields.
[superpoint_node-2] [INFO] [1768034085.786182834] [superpoint_node]: Keypoints estratti: 800
[superpoint_node-2] [ERROR] [1768034085.792550385] [superpoint_node]: Errore pubblicazione keypoints 3D: could not assign tuple of length 3 to structure with 4 fields.
[superpoint_node-2] [INFO] [1768034085.889440452] [superpoint_node]: Keypoints estratti: 800
[superpoint_node-2] [ERROR] [1768034085.896349767] [superpoint_node]: Errore pubblicazione keypoints 3D: could not assign tuple of length 3 to structure with 4 fields.
[rtabmap-14] [INFO] [1768034085.963897360] [rtabmap]: rtabmap (1145): Rate=0.50s, Limit=0.001s, Conversion=0.0013s, RTAB-Map=0.0690s, Maps update=0.0050s pub=0.0009s delay=0.1276s (local map=1, WM=3)
[superpoint_node-2] [INFO] [1768034085.994643512] [superpoint_node]: Keypoints estratti: 800
[superpoint_node-2] [ERROR] [1768034086.002067979] [superpoint_node]: Errore pubblicazione keypoints 3D: could not assign tuple of length 3 to structure with 4 fields.
[superpoint_node-2] [INFO] [1768034086.092863683] [superpoint_node]: Keypoints estratti: 800
[superpoint_node-2] [ERROR] [1768034086.099506347] [superpoint_node]: Errore pubblicazione keypoints 3D: could not assign tuple of length 3 to structure with 4 fields.
[superpoint_node-2] [INFO] [1768034086.190469589] [superpoint_node]: Keypoints estratti: 800
[superpoint_node-2] [ERROR] [1768034086.197201699] [superpoint_node]: Errore pubblicazione keypoints 3D: could not assign tuple of length 3 to structure with 4 fields.
[superpoint_node-2] [INFO] [1768034086.290204272] [superpoint_node]: Keypoints estratti: 800
[superpoint_node-2] [ERROR] [1768034086.296552601] [superpoint_node]: Errore pubblicazione keypoints 3D: could not assign tuple of length 3 to structure with 4 fields.
[superpoint_node-2] [INFO] [1768034086.390406144] [superpoint_node]: Keypoints estratti: 800
[superpoint_node-2] [ERROR] [1768034086.397884166] [superpoint_node]: Errore pubblicazione keypoints 3D: could not assign tuple of length 3 to structure with 4 fields.
[rtabmap-14] [INFO] [1768034086.428754153] [rtabmap]: rtabmap (1146): Rate=0.50s, Limit=0.001s, Conversion=0.0003s, RTAB-Map=0.0421s, Maps update=0.0007s pub=0.0011s delay=0.0922s (local map=1, WM=3)
[superpoint_node-2] [INFO] [1768034086.493447316] [superpoint_node]: Keypoints estratti: 800
[superpoint_node-2] [ERROR] [1768034086.500245574] [superpoint_node]: Errore pubblicazione keypoints 3D: could not assign tuple of length 3 to structure with 4 fields.
[superpoint_node-2] [INFO] [1768034086.593439019] [superpoint_node]: Keypoints estratti: 800
[superpoint_node-2] [ERROR] [1768034086.600544761] [superpoint_node]: Errore pubblicazione keypoints 3D: could not assign tuple of length 3 to structure with 4 fields.
[superpoint_node-2] [INFO] [1768034086.689911176] [superpoint_node]: Keypoints estratti: 800
[superpoint_node-2] [ERROR] [1768034086.696491655] [superpoint_node]: Errore pubblicazione keypoints 3D: could not assign tuple of length 3 to structure with 4 fields.
[superpoint_node-2] [INFO] [1768034086.790072140] [superpoint_node]: Keypoints estratti: 800
[superpoint_node-2] [ERROR] [1768034086.796986454] [superpoint_node]: Errore pubblicazione keypoints 3D: could not assign tuple of length 3 to structure with 4 fields.
[superpoint_node-2] [INFO] [1768034086.890148011] [superpoint_node]: Keypoints estratti: 800
[superpoint_node-2] [ERROR] [1768034086.897151752] [superpoint_node]: Errore pubblicazione keypoints 3D: could not assign tuple of length 3 to structure with 4 fields.
[rtabmap-14] [INFO] [1768034086.967140587] [rtabmap]: rtabmap (1147): Rate=0.50s, Limit=0.001s, Conversion=0.0002s, RTAB-Map=0.0792s, Maps update=0.0026s pub=0.0013s delay=0.1295s (local map=1, WM=3)
[superpoint_node-2] [INFO] [1768034086.992041618] [superpoint_node]: Keypoints estratti: 800
[superpoint_node-2] [ERROR] [1768034086.998859321] [superpoint_node]: Errore pubblicazione keypoints 3D: could not assign tuple of length 3 to structure with 4 fields.
[superpoint_node-2] [INFO] [1768034087.092361528] [superpoint_node]: Keypoints estratti: 800
[superpoint_node-2] [ERROR] [1768034087.099579363] [superpoint_node]: Errore pubblicazione keypoints 3D: could not assign tuple of length 3 to structure with 4 fields.
[superpoint_node-2] [INFO] [1768034087.190568125] [superpoint_node]: Keypoints estratti: 800
[superpoint_node-2] [ERROR] [1768034087.198043388] [superpoint_node]: Errore pubblicazione keypoints 3D: could not assign tuple of length 3 to structure with 4 fields.
[superpoint_node-2] [INFO] [1768034087.292153655] [superpoint_node]: Keypoints estratti: 800
[superpoint_node-2] [ERROR] [1768034087.298629855] [superpoint_node]: Errore pubblicazione keypoints 3D: could not assign tuple of length 3 to structure with 4 fields.
[superpoint_node-2] [INFO] [1768034087.395996260] [superpoint_node]: Keypoints estratti: 800
[superpoint_node-2] [ERROR] [1768034087.404386123] [superpoint_node]: Errore pubblicazione keypoints 3D: could not assign tuple of length 3 to structure with 4 fields.
[rtabmap-14] [INFO] [1768034087.476022693] [rtabmap]: rtabmap (1148): Rate=0.50s, Limit=0.001s, Conversion=0.0002s, RTAB-Map=0.0907s, Maps update=0.0029s pub=0.0016s delay=0.1353s (local map=1, WM=3)
[superpoint_node-2] [INFO] [1768034087.504822793] [superpoint_node]: Keypoints estratti: 800
[superpoint_node-2] [ERROR] [1768034087.512490354] [superpoint_node]: Errore pubblicazione keypoints 3D: could not assign tuple of length 3 to structure with 4 fields.
[superpoint_node-2] [INFO] [1768034087.601126022] [superpoint_node]: Keypoints estratti: 800
[superpoint_node-2] [ERROR] [1768034087.608842806] [superpoint_node]: Errore pubblicazione keypoints 3D: could not assign tuple of length 3 to structure with 4 fields.
[superpoint_node-2] [INFO] [1768034087.702698590] [superpoint_node]: Keypoints estratti: 800
[superpoint_node-2] [ERROR] [1768034087.709744980] [superpoint_node]: Errore pubblicazione keypoints 3D: could not assign tuple of length 3 to structure with 4 fields.
[superpoint_node-2] [INFO] [1768034087.804941645] [superpoint_node]: Keypoints estratti: 800
[superpoint_node-2] [ERROR] [1768034087.812636595] [superpoint_node]: Errore pubblicazione keypoints 3D: could not assign tuple of length 3 to structure with 4 fields.
[superpoint_node-2] [INFO] [1768034087.904865570] [superpoint_node]: Keypoints estratti: 800
[superpoint_node-2] [ERROR] [1768034087.912866800] [superpoint_node]: Errore pubblicazione keypoints 3D: could not assign tuple of length 3 to structure with 4 fields.
[rtabmap-14] [INFO] [1768034088.002650830] [rtabmap]: rtabmap (1149): Rate=0.50s, Limit=0.001s, Conversion=0.0002s, RTAB-Map=0.0831s, Maps update=0.0031s pub=0.0044s delay=0.1469s (local map=1, WM=3)
[superpoint_node-2] [INFO] [1768034088.013073153] [superpoint_node]: Keypoints estratti: 800
[superpoint_node-2] [ERROR] [1768034088.020934475] [superpoint_node]: Errore pubblicazione keypoints 3D: could not assign tuple of length 3 to structure with 4 fields.
[superpoint_node-2] [INFO] [1768034088.117845599] [superpoint_node]: Keypoints estratti: 800
[superpoint_node-2] [ERROR] [1768034088.125487289] [superpoint_node]: Errore pubblicazione keypoints 3D: could not assign tuple of length 3 to structure with 4 fields.
[rtabmap-14] [33m[ WARN] (2026-01-10 09:34:43.400) Rtabmap.cpp:3069::process() Rejected loop closure 1136 -> 1140: Not enough inliers 13/15 (matches=24) between 1136 and 1140[0m
[rtabmap-14] [33m[ WARN] (2026-01-10 09:34:43.987) Rtabmap.cpp:3069::process() Rejected loop closure 1136 -> 1141: Not enough inliers 11/15 (matches=34) between 1136 and 1141[0m
[rtabmap-14] [33m[ WARN] (2026-01-10 09:34:44.437) Rtabmap.cpp:3069::process() Rejected loop closure 1136 -> 1142: Not enough inliers 6/15 (matches=22) between 1136 and 1142[0m
[superpoint_node-2] [INFO] [1768034088.216759942] [superpoint_node]: Keypoints estratti: 800
[superpoint_node-2] [ERROR] [1768034088.223822776] [superpoint_node]: Errore pubblicazione keypoints 3D: could not assign tuple of length 3 to structure with 4 fields.
[superpoint_node-2] [INFO] [1768034088.318849662] [superpoint_node]: Keypoints estratti: 800
[superpoint_node-2] [ERROR] [1768034088.326311406] [superpoint_node]: Errore pubblicazione keypoints 3D: could not assign tuple of length 3 to structure with 4 fields.
[rtabmap-14] [INFO] [1768034088.444118566] [rtabmap]: rtabmap (1150): Rate=0.50s, Limit=0.001s, Conversion=0.0002s, RTAB-Map=0.0507s, Maps update=0.0059s pub=0.0074s delay=0.0746s (local map=2, WM=2)
[superpoint_node-2] [INFO] [1768034088.519591297] [superpoint_node]: Keypoints estratti: 800
[superpoint_node-2] [ERROR] [1768034088.527275173] [superpoint_node]: Errore pubblicazione keypoints 3D: could not assign tuple of length 3 to structure with 4 fields.
[superpoint_node-2] [INFO] [1768034088.719208793] [superpoint_node]: Keypoints estratti: 800
[superpoint_node-2] [ERROR] [1768034088.725994440] [superpoint_node]: Errore pubblicazione keypoints 3D: could not assign tuple of length 3 to structure with 4 fields.
[superpoint_node-2] [INFO] [1768034088.819259015] [superpoint_node]: Keypoints estratti: 800
[superpoint_node-2] [ERROR] [1768034088.826017625] [superpoint_node]: Errore pubblicazione keypoints 3D: could not assign tuple of length 3 to structure with 4 fields.
[superpoint_node-2] [INFO] [1768034088.921650923] [superpoint_node]: Keypoints estratti: 800
[superpoint_node-2] [ERROR] [1768034088.928366125] [superpoint_node]: Errore pubblicazione keypoints 3D: could not assign tuple of length 3 to structure with 4 fields.
[superpoint_node-2] [INFO] [1768034089.022605967] [superpoint_node]: Keypoints estratti: 800
[superpoint_node-2] [ERROR] [1768034089.030334122] [superpoint_node]: Errore pubblicazione keypoints 3D: could not assign tuple of length 3 to structure with 4 fields.
[rtabmap-14] [INFO] [1768034089.039811327] [rtabmap]: rtabmap (1151): Rate=0.50s, Limit=0.001s, Conversion=0.0006s, RTAB-Map=0.1114s, Maps update=0.0056s pub=0.0087s delay=0.1702s (local map=2, WM=2)
[superpoint_node-2] [INFO] [1768034089.124316573] [superpoint_node]: Keypoints estratti: 800
[superpoint_node-2] [ERROR] [1768034089.131859911] [superpoint_node]: Errore pubblicazione keypoints 3D: could not assign tuple of length 3 to structure with 4 fields.
[superpoint_node-2] [INFO] [1768034089.224745725] [superpoint_node]: Keypoints estratti: 800
[superpoint_node-2] [ERROR] [1768034089.231440926] [superpoint_node]: Errore pubblicazione keypoints 3D: could not assign tuple of length 3 to structure with 4 fields.
[superpoint_node-2] [INFO] [1768034089.328141918] [superpoint_node]: Keypoints estratti: 800
[superpoint_node-2] [ERROR] [1768034089.334937250] [superpoint_node]: Errore pubblicazione keypoints 3D: could not assign tuple of length 3 to structure with 4 fields.
[superpoint_node-2] [INFO] [1768034089.428508625] [superpoint_node]: Keypoints estratti: 800
[superpoint_node-2] [ERROR] [1768034089.435419198] [superpoint_node]: Errore pubblicazione keypoints 3D: could not assign tuple of length 3 to structure with 4 fields.
[superpoint_node-2] [INFO] [1768034089.533879537] [superpoint_node]: Keypoints estratti: 800
[rtabmap-14] [INFO] [1768034089.536980062] [rtabmap]: rtabmap (1152): Rate=0.50s, Limit=0.001s, Conversion=0.0002s, RTAB-Map=0.0894s, Maps update=0.0009s pub=0.0012s delay=0.1580s (local map=3, WM=3)
[superpoint_node-2] [ERROR] [1768034089.542381068] [superpoint_node]: Errore pubblicazione keypoints 3D: could not assign tuple of length 3 to structure with 4 fields.
[superpoint_node-2] [INFO] [1768034089.632919437] [superpoint_node]: Keypoints estratti: 800
[superpoint_node-2] [ERROR] [1768034089.641408338] [superpoint_node]: Errore pubblicazione keypoints 3D: could not assign tuple of length 3 to structure with 4 fields.
[superpoint_node-2] [INFO] [1768034089.734580802] [superpoint_node]: Keypoints estratti: 800
[superpoint_node-2] [ERROR] [1768034089.743522336] [superpoint_node]: Errore pubblicazione keypoints 3D: could not assign tuple of length 3 to structure with 4 fields.
[superpoint_node-2] [INFO] [1768034089.834871230] [superpoint_node]: Keypoints estratti: 800
[superpoint_node-2] [ERROR] [1768034089.842227196] [superpoint_node]: Errore pubblicazione keypoints 3D: could not assign tuple of length 3 to structure with 4 fields.
[superpoint_node-2] [INFO] [1768034089.938769353] [superpoint_node]: Keypoints estratti: 800
[superpoint_node-2] [ERROR] [1768034089.947521978] [superpoint_node]: Errore pubblicazione keypoints 3D: could not assign tuple of length 3 to structure with 4 fields.
[rtabmap-14] [INFO] [1768034089.989148606] [rtabmap]: rtabmap (1153): Rate=0.50s, Limit=0.001s, Conversion=0.0002s, RTAB-Map=0.0448s, Maps update=0.0014s pub=0.0009s delay=0.1040s (local map=2, WM=2)
[superpoint_node-2] [INFO] [1768034090.046793158] [superpoint_node]: Keypoints estratti: 800
[superpoint_node-2] [ERROR] [1768034090.054582590] [superpoint_node]: Errore pubblicazione keypoints 3D: could not assign tuple of length 3 to structure with 4 fields.
[superpoint_node-2] [INFO] [1768034090.148149224] [superpoint_node]: Keypoints estratti: 800
[superpoint_node-2] [ERROR] [1768034090.154970685] [superpoint_node]: Errore pubblicazione keypoints 3D: could not assign tuple of length 3 to structure with 4 fields.
[superpoint_node-2] [INFO] [1768034090.248175687] [superpoint_node]: Keypoints estratti: 800
[superpoint_node-2] [ERROR] [1768034090.254813406] [superpoint_node]: Errore pubblicazione keypoints 3D: could not assign tuple of length 3 to structure with 4 fields.
[superpoint_node-2] [INFO] [1768034090.347409736] [superpoint_node]: Keypoints estratti: 800
[superpoint_node-2] [ERROR] [1768034090.354219216] [superpoint_node]: Errore pubblicazione keypoints 3D: could not assign tuple of length 3 to structure with 4 fields.
[superpoint_node-2] [INFO] [1768034090.443320833] [superpoint_node]: Keypoints estratti: 800
[superpoint_node-2] [ERROR] [1768034090.451349008] [superpoint_node]: Errore pubblicazione keypoints 3D: could not assign tuple of length 3 to structure with 4 fields.
[rtabmap-14] [INFO] [1768034090.503308384] [rtabmap]: rtabmap (1154): Rate=0.50s, Limit=0.001s, Conversion=0.0003s, RTAB-Map=0.0713s, Maps update=0.0095s pub=0.0033s delay=0.1093s (local map=3, WM=3)
[superpoint_node-2] [INFO] [1768034090.547744331] [superpoint_node]: Keypoints estratti: 800
[superpoint_node-2] [ERROR] [1768034090.554249012] [superpoint_node]: Errore pubblicazione keypoints 3D: could not assign tuple of length 3 to structure with 4 fields.
[superpoint_node-2] [INFO] [1768034090.641640541] [superpoint_node]: Keypoints estratti: 800
[superpoint_node-2] [ERROR] [1768034090.648853302] [superpoint_node]: Errore pubblicazione keypoints 3D: could not assign tuple of length 3 to structure with 4 fields.
[superpoint_node-2] [INFO] [1768034090.741443650] [superpoint_node]: Keypoints estratti: 800
[superpoint_node-2] [ERROR] [1768034090.748433576] [superpoint_node]: Errore pubblicazione keypoints 3D: could not assign tuple of length 3 to structure with 4 fields.
[superpoint_node-2] [INFO] [1768034090.837276969] [superpoint_node]: Keypoints estratti: 800
[superpoint_node-2] [ERROR] [1768034090.844417822] [superpoint_node]: Errore pubblicazione keypoints 3D: could not assign tuple of length 3 to structure with 4 fields.
[superpoint_node-2] [INFO] [1768034090.934469409] [superpoint_node]: Keypoints estratti: 800
[superpoint_node-2] [ERROR] [1768034090.942063247] [superpoint_node]: Errore pubblicazione keypoints 3D: could not assign tuple of length 3 to structure with 4 fields.
[superpoint_node-2] [INFO] [1768034091.029021199] [superpoint_node]: Keypoints estratti: 800
[superpoint_node-2] [ERROR] [1768034091.035438380] [superpoint_node]: Errore pubblicazione keypoints 3D: could not assign tuple of length 3 to structure with 4 fields.
[superpoint_node-2] [INFO] [1768034091.127467038] [superpoint_node]: Keypoints estratti: 800
[superpoint_node-2] [ERROR] [1768034091.135738437] [superpoint_node]: Errore pubblicazione keypoints 3D: could not assign tuple of length 3 to structure with 4 fields.
[rtabmap-14] [INFO] [1768034091.153767562] [rtabmap]: rtabmap (1155): Rate=0.50s, Limit=0.001s, Conversion=0.0002s, RTAB-Map=0.0334s, Maps update=0.0047s pub=0.0022s delay=0.0768s (local map=2, WM=2)
[superpoint_node-2] [INFO] [1768034091.232979119] [superpoint_node]: Keypoints estratti: 800
[superpoint_node-2] [ERROR] [1768034091.239724524] [superpoint_node]: Errore pubblicazione keypoints 3D: could not assign tuple of length 3 to structure with 4 fields.
[superpoint_node-2] [INFO] [1768034091.332135445] [superpoint_node]: Keypoints estratti: 800
[superpoint_node-2] [ERROR] [1768034091.338424477] [superpoint_node]: Errore pubblicazione keypoints 3D: could not assign tuple of length 3 to structure with 4 fields.
[superpoint_node-2] [INFO] [1768034091.428213858] [superpoint_node]: Keypoints estratti: 800
[superpoint_node-2] [ERROR] [1768034091.434411278] [superpoint_node]: Errore pubblicazione keypoints 3D: could not assign tuple of length 3 to structure with 4 fields.
[superpoint_node-2] [INFO] [1768034091.524866405] [superpoint_node]: Keypoints estratti: 800
[superpoint_node-2] [ERROR] [1768034091.531254623] [superpoint_node]: Errore pubblicazione keypoints 3D: could not assign tuple of length 3 to structure with 4 fields.
[superpoint_node-2] [INFO] [1768034091.625632133] [superpoint_node]: Keypoints estratti: 800
[superpoint_node-2] [ERROR] [1768034091.632966933] [superpoint_node]: Errore pubblicazione keypoints 3D: could not assign tuple of length 3 to structure with 4 fields.
[superpoint_node-2] [INFO] [1768034091.727282443] [superpoint_node]: Keypoints estratti: 800
[superpoint_node-2] [ERROR] [1768034091.733811254] [superpoint_node]: Errore pubblicazione keypoints 3D: could not assign tuple of length 3 to structure with 4 fields.
[rtabmap-14] [INFO] [1768034091.803124676] [rtabmap]: rtabmap (1156): Rate=0.50s, Limit=0.001s, Conversion=0.0002s, RTAB-Map=0.0844s, Maps update=0.0007s pub=0.0015s delay=0.1285s (local map=3, WM=3)
[superpoint_node-2] [INFO] [1768034091.828525471] [superpoint_node]: Keypoints estratti: 800
[superpoint_node-2] [ERROR] [1768034091.835088819] [superpoint_node]: Errore pubblicazione keypoints 3D: could not assign tuple of length 3 to structure with 4 fields.
[superpoint_node-2] [INFO] [1768034091.928530248] [superpoint_node]: Keypoints estratti: 800
[superpoint_node-2] [ERROR] [1768034091.935027911] [superpoint_node]: Errore pubblicazione keypoints 3D: could not assign tuple of length 3 to structure with 4 fields.
[superpoint_node-2] [INFO] [1768034092.027062273] [superpoint_node]: Keypoints estratti: 800
[superpoint_node-2] [ERROR] [1768034092.033764753] [superpoint_node]: Errore pubblicazione keypoints 3D: could not assign tuple of length 3 to structure with 4 fields.
[superpoint_node-2] [INFO] [1768034092.125268185] [superpoint_node]: Keypoints estratti: 800
[superpoint_node-2] [ERROR] [1768034092.131800033] [superpoint_node]: Errore pubblicazione keypoints 3D: could not assign tuple of length 3 to structure with 4 fields.
[superpoint_node-2] [INFO] [1768034092.227641796] [superpoint_node]: Keypoints estratti: 800
[superpoint_node-2] [ERROR] [1768034092.234334090] [superpoint_node]: Errore pubblicazione keypoints 3D: could not assign tuple of length 3 to structure with 4 fields.
[superpoint_node-2] [INFO] [1768034092.325471501] [superpoint_node]: Keypoints estratti: 800
[superpoint_node-2] [ERROR] [1768034092.331682143] [superpoint_node]: Errore pubblicazione keypoints 3D: could not assign tuple of length 3 to structure with 4 fields.
[rtabmap-14] [INFO] [1768034092.421745286] [rtabmap]: rtabmap (1157): Rate=0.50s, Limit=0.001s, Conversion=0.0002s, RTAB-Map=0.0705s, Maps update=0.0051s pub=0.0018s delay=0.1444s (local map=2, WM=2)
[superpoint_node-2] [INFO] [1768034092.430422614] [superpoint_node]: Keypoints estratti: 800
[superpoint_node-2] [ERROR] [1768034092.436739590] [superpoint_node]: Errore pubblicazione keypoints 3D: could not assign tuple of length 3 to structure with 4 fields.
[superpoint_node-2] [INFO] [1768034092.525293592] [superpoint_node]: Keypoints estratti: 800
[superpoint_node-2] [ERROR] [1768034092.531601438] [superpoint_node]: Errore pubblicazione keypoints 3D: could not assign tuple of length 3 to structure with 4 fields.
[superpoint_node-2] [INFO] [1768034092.622970258] [superpoint_node]: Keypoints estratti: 800
[superpoint_node-2] [ERROR] [1768034092.629454828] [superpoint_node]: Errore pubblicazione keypoints 3D: could not assign tuple of length 3 to structure with 4 fields.
[superpoint_node-2] [INFO] [1768034092.719842529] [superpoint_node]: Keypoints estratti: 800
[superpoint_node-2] [ERROR] [1768034092.726544712] [superpoint_node]: Errore pubblicazione keypoints 3D: could not assign tuple of length 3 to structure with 4 fields.
[superpoint_node-2] [INFO] [1768034092.820803203] [superpoint_node]: Keypoints estratti: 800
[superpoint_node-2] [ERROR] [1768034092.827259384] [superpoint_node]: Errore pubblicazione keypoints 3D: could not assign tuple of length 3 to structure with 4 fields.
[rtabmap-14] [INFO] [1768034092.977797157] [rtabmap]: rtabmap (1158): Rate=0.50s, Limit=0.001s, Conversion=0.0002s, RTAB-Map=0.0705s, Maps update=0.0042s pub=0.0155s delay=0.1084s (local map=2, WM=3)
[superpoint_node-2] [INFO] [1768034093.023999673] [superpoint_node]: Keypoints estratti: 800
[superpoint_node-2] [ERROR] [1768034093.031642271] [superpoint_node]: Errore pubblicazione keypoints 3D: could not assign tuple of length 3 to structure with 4 fields.
[superpoint_node-2] [INFO] [1768034093.125658501] [superpoint_node]: Keypoints estratti: 800
[superpoint_node-2] [ERROR] [1768034093.131792772] [superpoint_node]: Errore pubblicazione keypoints 3D: could not assign tuple of length 3 to structure with 4 fields.
[rtabmap-14] [33m[ WARN] (2026-01-10 09:34:48.379) CoreWrapper.cpp:1227::odomTFUpdate() Odometry is reset (identity pose detected). Increment map id![0m
[rtabmap-14] [33m[ WARN] (2026-01-10 09:34:48.380) Rtabmap.cpp:1441::process() Odometry is reset (identity pose detected). Increment map id to 9![0m
[rtabmap-14] [33m[ WARN] (2026-01-10 09:34:48.587) CoreWrapper.cpp:1227::odomTFUpdate() Odometry is reset (identity pose detected). Increment map id![0m
[rtabmap-14] [33m[ WARN] (2026-01-10 09:34:49.531) Memory.cpp:2105::forget() Less signatures transferred (0) than added (1)! The working memory cannot decrease in size.[0m
[rtabmap-14] [33m[ WARN] (2026-01-10 09:34:50.486) Memory.cpp:2105::forget() Less signatures transferred (0) than added (1)! The working memory cannot decrease in size.[0m
[rtabmap-14] [33m[ WARN] (2026-01-10 09:34:51.795) Memory.cpp:2105::forget() Less signatures transferred (0) than added (1)! The working memory cannot decrease in size.[0m
[rtabmap-14] [33m[ WARN] (2026-01-10 09:34:52.886) CoreWrapper.cpp:1227::odomTFUpdate() Odometry is reset (identity pose detected). Increment map id![0m
[rtabmap-14] [33m[ WARN] (2026-01-10 09:34:52.887) Rtabmap.cpp:1441::process() Odometry is reset (identity pose detected). Increment map id to 11![0m
[rtabmap-14] [33m[ WARN] (2026-01-10 09:34:52.954) Memory.cpp:2105::forget() Less signatures transferred (1) than added (2)! The working memory cannot decrease in size.[0m
[superpoint_node-2] [INFO] [1768034093.226063041] [superpoint_node]: Keypoints estratti: 800
[superpoint_node-2] [ERROR] [1768034093.232607148] [superpoint_node]: Errore pubblicazione keypoints 3D: could not assign tuple of length 3 to structure with 4 fields.
[superpoint_node-2] [INFO] [1768034093.326011910] [superpoint_node]: Keypoints estratti: 800
[superpoint_node-2] [ERROR] [1768034093.333127874] [superpoint_node]: Errore pubblicazione keypoints 3D: could not assign tuple of length 3 to structure with 4 fields.
[superpoint_node-2] [INFO] [1768034093.465609707] [superpoint_node]: Keypoints estratti: 800
[superpoint_node-2] [ERROR] [1768034093.473284712] [superpoint_node]: Errore pubblicazione keypoints 3D: could not assign tuple of length 3 to structure with 4 fields.
[rtabmap-14] [INFO] [1768034093.556466634] [rtabmap]: rtabmap (1159): Rate=0.50s, Limit=0.001s, Conversion=0.0002s, RTAB-Map=0.0771s, Maps update=0.0018s pub=0.0014s delay=0.1437s (local map=3, WM=3)
[superpoint_node-2] [INFO] [1768034093.570314855] [superpoint_node]: Keypoints estratti: 800
[superpoint_node-2] [ERROR] [1768034093.577011927] [superpoint_node]: Errore pubblicazione keypoints 3D: could not assign tuple of length 3 to structure with 4 fields.
[superpoint_node-2] [INFO] [1768034093.668459322] [superpoint_node]: Keypoints estratti: 800
[superpoint_node-2] [ERROR] [1768034093.674971577] [superpoint_node]: Errore pubblicazione keypoints 3D: could not assign tuple of length 3 to structure with 4 fields.
[superpoint_node-2] [INFO] [1768034093.765991320] [superpoint_node]: Keypoints estratti: 800
[superpoint_node-2] [ERROR] [1768034093.772203277] [superpoint_node]: Errore pubblicazione keypoints 3D: could not assign tuple of length 3 to structure with 4 fields.
[superpoint_node-2] [INFO] [1768034093.865863041] [superpoint_node]: Keypoints estratti: 800
[superpoint_node-2] [ERROR] [1768034093.872458760] [superpoint_node]: Errore pubblicazione keypoints 3D: could not assign tuple of length 3 to structure with 4 fields.
[superpoint_node-2] [INFO] [1768034093.963740376] [superpoint_node]: Keypoints estratti: 800
[superpoint_node-2] [ERROR] [1768034093.969904869] [superpoint_node]: Errore pubblicazione keypoints 3D: could not assign tuple of length 3 to structure with 4 fields.
[rtabmap-14] [INFO] [1768034094.059676806] [rtabmap]: rtabmap (1160): Rate=0.50s, Limit=0.001s, Conversion=0.0002s, RTAB-Map=0.0810s, Maps update=0.0006s pub=0.0015s delay=0.1457s (local map=2, WM=3)
[superpoint_node-2] [INFO] [1768034094.069009492] [superpoint_node]: Keypoints estratti: 800
[superpoint_node-2] [ERROR] [1768034094.075359950] [superpoint_node]: Errore pubblicazione keypoints 3D: could not assign tuple of length 3 to structure with 4 fields.
[superpoint_node-2] [INFO] [1768034094.164295084] [superpoint_node]: Keypoints estratti: 800
[superpoint_node-2] [ERROR] [1768034094.170544837] [superpoint_node]: Errore pubblicazione keypoints 3D: could not assign tuple of length 3 to structure with 4 fields.
[superpoint_node-2] [INFO] [1768034094.262286364] [superpoint_node]: Keypoints estratti: 800
[superpoint_node-2] [ERROR] [1768034094.268284078] [superpoint_node]: Errore pubblicazione keypoints 3D: could not assign tuple of length 3 to structure with 4 fields.
[superpoint_node-2] [INFO] [1768034094.362574866] [superpoint_node]: Keypoints estratti: 800
[superpoint_node-2] [ERROR] [1768034094.369113899] [superpoint_node]: Errore pubblicazione keypoints 3D: could not assign tuple of length 3 to structure with 4 fields.
[superpoint_node-2] [INFO] [1768034094.464300324] [superpoint_node]: Keypoints estratti: 800
[superpoint_node-2] [ERROR] [1768034094.470868543] [superpoint_node]: Errore pubblicazione keypoints 3D: could not assign tuple of length 3 to structure with 4 fields.
[superpoint_node-2] [INFO] [1768034094.565041626] [superpoint_node]: Keypoints estratti: 800
[superpoint_node-2] [ERROR] [1768034094.572017329] [superpoint_node]: Errore pubblicazione keypoints 3D: could not assign tuple of length 3 to structure with 4 fields.
[rtabmap-14] [INFO] [1768034094.592572641] [rtabmap]: rtabmap (1161): Rate=0.50s, Limit=0.001s, Conversion=0.0003s, RTAB-Map=0.0397s, Maps update=0.0009s pub=0.0008s delay=0.0803s (local map=3, WM=3)
[superpoint_node-2] [INFO] [1768034094.662993831] [superpoint_node]: Keypoints estratti: 800
[superpoint_node-2] [ERROR] [1768034094.669226937] [superpoint_node]: Errore pubblicazione keypoints 3D: could not assign tuple of length 3 to structure with 4 fields.
[superpoint_node-2] [INFO] [1768034094.759770824] [superpoint_node]: Keypoints estratti: 800
[superpoint_node-2] [ERROR] [1768034094.765751446] [superpoint_node]: Errore pubblicazione keypoints 3D: could not assign tuple of length 3 to structure with 4 fields.
[superpoint_node-2] [INFO] [1768034094.855961423] [superpoint_node]: Keypoints estratti: 800
[superpoint_node-2] [ERROR] [1768034094.862221788] [superpoint_node]: Errore pubblicazione keypoints 3D: could not assign tuple of length 3 to structure with 4 fields.
[superpoint_node-2] [INFO] [1768034094.956957820] [superpoint_node]: Keypoints estratti: 800
[superpoint_node-2] [ERROR] [1768034094.963147147] [superpoint_node]: Errore pubblicazione keypoints 3D: could not assign tuple of length 3 to structure with 4 fields.
[superpoint_node-2] [INFO] [1768034095.052816676] [superpoint_node]: Keypoints estratti: 800
[superpoint_node-2] [ERROR] [1768034095.058541536] [superpoint_node]: Errore pubblicazione keypoints 3D: could not assign tuple of length 3 to structure with 4 fields.
[superpoint_node-2] [INFO] [1768034095.153435217] [superpoint_node]: Keypoints estratti: 800
[superpoint_node-2] [ERROR] [1768034095.161692487] [superpoint_node]: Errore pubblicazione keypoints 3D: could not assign tuple of length 3 to structure with 4 fields.
[rtabmap-14] [INFO] [1768034095.166918862] [rtabmap]: rtabmap (1162): Rate=0.50s, Limit=0.001s, Conversion=0.0003s, RTAB-Map=0.0510s, Maps update=0.0003s pub=0.0014s delay=0.0658s (local map=2, WM=3)
[superpoint_node-2] [INFO] [1768034095.252892231] [superpoint_node]: Keypoints estratti: 800
[superpoint_node-2] [ERROR] [1768034095.258929020] [superpoint_node]: Errore pubblicazione keypoints 3D: could not assign tuple of length 3 to structure with 4 fields.
[superpoint_node-2] [INFO] [1768034095.349252276] [superpoint_node]: Keypoints estratti: 800
[superpoint_node-2] [ERROR] [1768034095.355361566] [superpoint_node]: Errore pubblicazione keypoints 3D: could not assign tuple of length 3 to structure with 4 fields.
[superpoint_node-2] [INFO] [1768034095.516987111] [superpoint_node]: Keypoints estratti: 800
[superpoint_node-2] [ERROR] [1768034095.523019141] [superpoint_node]: Errore pubblicazione keypoints 3D: could not assign tuple of length 3 to structure with 4 fields.
[superpoint_node-2] [INFO] [1768034095.621660371] [superpoint_node]: Keypoints estratti: 800
[superpoint_node-2] [ERROR] [1768034095.627372120] [superpoint_node]: Errore pubblicazione keypoints 3D: could not assign tuple of length 3 to structure with 4 fields.
[superpoint_node-2] [INFO] [1768034095.719113035] [superpoint_node]: Keypoints estratti: 800
[superpoint_node-2] [ERROR] [1768034095.742252757] [superpoint_node]: Errore pubblicazione keypoints 3D: could not assign tuple of length 3 to structure with 4 fields.
[superpoint_node-2] [INFO] [1768034095.847252611] [superpoint_node]: Keypoints estratti: 800
[rtabmap-14] [INFO] [1768034095.855770994] [rtabmap]: rtabmap (1163): Rate=0.50s, Limit=0.001s, Conversion=0.0003s, RTAB-Map=0.1113s, Maps update=0.0050s pub=0.0178s delay=0.1863s (local map=3, WM=4)
[superpoint_node-2] [ERROR] [1768034095.855986495] [superpoint_node]: Errore pubblicazione keypoints 3D: could not assign tuple of length 3 to structure with 4 fields.
[superpoint_node-2] [INFO] [1768034095.953575754] [superpoint_node]: Keypoints estratti: 800
[superpoint_node-2] [ERROR] [1768034095.959114076] [superpoint_node]: Errore pubblicazione keypoints 3D: could not assign tuple of length 3 to structure with 4 fields.
[superpoint_node-2] [INFO] [1768034096.050270616] [superpoint_node]: Keypoints estratti: 800
[superpoint_node-2] [ERROR] [1768034096.056375128] [superpoint_node]: Errore pubblicazione keypoints 3D: could not assign tuple of length 3 to structure with 4 fields.
[superpoint_node-2] [INFO] [1768034096.218926366] [superpoint_node]: Keypoints estratti: 800
[superpoint_node-2] [ERROR] [1768034096.226089608] [superpoint_node]: Errore pubblicazione keypoints 3D: could not assign tuple of length 3 to structure with 4 fields.
[rtabmap-14] [INFO] [1768034096.350890639] [rtabmap]: rtabmap (1164): Rate=0.50s, Limit=0.001s, Conversion=0.0002s, RTAB-Map=0.0518s, Maps update=0.0037s pub=0.0144s delay=0.0815s (local map=3, WM=4)
[superpoint_node-2] [INFO] [1768034096.430273308] [superpoint_node]: Keypoints estratti: 800
[superpoint_node-2] [ERROR] [1768034096.436032483] [superpoint_node]: Errore pubblicazione keypoints 3D: could not assign tuple of length 3 to structure with 4 fields.
[superpoint_node-2] [INFO] [1768034096.530602810] [superpoint_node]: Keypoints estratti: 800
[superpoint_node-2] [ERROR] [1768034096.536492320] [superpoint_node]: Errore pubblicazione keypoints 3D: could not assign tuple of length 3 to structure with 4 fields.
[superpoint_node-2] [INFO] [1768034096.628948816] [superpoint_node]: Keypoints estratti: 800
[superpoint_node-2] [ERROR] [1768034096.635221717] [superpoint_node]: Errore pubblicazione keypoints 3D: could not assign tuple of length 3 to structure with 4 fields.
[superpoint_node-2] [INFO] [1768034096.731645781] [superpoint_node]: Keypoints estratti: 800
[superpoint_node-2] [ERROR] [1768034096.737561810] [superpoint_node]: Errore pubblicazione keypoints 3D: could not assign tuple of length 3 to structure with 4 fields.
[superpoint_node-2] [INFO] [1768034096.829426560] [superpoint_node]: Keypoints estratti: 800
[superpoint_node-2] [ERROR] [1768034096.835245569] [superpoint_node]: Errore pubblicazione keypoints 3D: could not assign tuple of length 3 to structure with 4 fields.
[rtabmap-14] [INFO] [1768034096.923538531] [rtabmap]: rtabmap (1165): Rate=0.50s, Limit=0.001s, Conversion=0.0005s, RTAB-Map=0.0780s, Maps update=0.0006s pub=0.0013s delay=0.1436s (local map=5, WM=5)
[superpoint_node-2] [INFO] [1768034096.931221111] [superpoint_node]: Keypoints estratti: 800
[superpoint_node-2] [ERROR] [1768034096.937039305] [superpoint_node]: Errore pubblicazione keypoints 3D: could not assign tuple of length 3 to structure with 4 fields.
[superpoint_node-2] [INFO] [1768034097.062506323] [superpoint_node]: Keypoints estratti: 800
[superpoint_node-2] [ERROR] [1768034097.068220239] [superpoint_node]: Errore pubblicazione keypoints 3D: could not assign tuple of length 3 to structure with 4 fields.
[superpoint_node-2] [INFO] [1768034097.159391816] [superpoint_node]: Keypoints estratti: 800
[superpoint_node-2] [ERROR] [1768034097.165601736] [superpoint_node]: Errore pubblicazione keypoints 3D: could not assign tuple of length 3 to structure with 4 fields.
[superpoint_node-2] [INFO] [1768034097.259285871] [superpoint_node]: Keypoints estratti: 800
[superpoint_node-2] [ERROR] [1768034097.265664459] [superpoint_node]: Errore pubblicazione keypoints 3D: could not assign tuple of length 3 to structure with 4 fields.
[superpoint_node-2] [INFO] [1768034097.366582873] [superpoint_node]: Keypoints estratti: 800
[superpoint_node-2] [ERROR] [1768034097.373609003] [superpoint_node]: Errore pubblicazione keypoints 3D: could not assign tuple of length 3 to structure with 4 fields.
[rtabmap-14] [INFO] [1768034097.444167250] [rtabmap]: rtabmap (1166): Rate=0.50s, Limit=0.001s, Conversion=0.0002s, RTAB-Map=0.0899s, Maps update=0.0026s pub=0.0013s delay=0.1354s (local map=4, WM=5)
[superpoint_node-2] [INFO] [1768034097.469055948] [superpoint_node]: Keypoints estratti: 800
[superpoint_node-2] [ERROR] [1768034097.475492425] [superpoint_node]: Errore pubblicazione keypoints 3D: could not assign tuple of length 3 to structure with 4 fields.
[superpoint_node-2] [INFO] [1768034097.569834399] [superpoint_node]: Keypoints estratti: 800
[superpoint_node-2] [ERROR] [1768034097.575731557] [superpoint_node]: Errore pubblicazione keypoints 3D: could not assign tuple of length 3 to structure with 4 fields.
[superpoint_node-2] [INFO] [1768034097.669588211] [superpoint_node]: Keypoints estratti: 800
[superpoint_node-2] [ERROR] [1768034097.675418054] [superpoint_node]: Errore pubblicazione keypoints 3D: could not assign tuple of length 3 to structure with 4 fields.
[superpoint_node-2] [INFO] [1768034097.765278954] [superpoint_node]: Keypoints estratti: 800
[superpoint_node-2] [ERROR] [1768034097.771754080] [superpoint_node]: Errore pubblicazione keypoints 3D: could not assign tuple of length 3 to structure with 4 fields.
[superpoint_node-2] [INFO] [1768034097.864031741] [superpoint_node]: Keypoints estratti: 800
[superpoint_node-2] [ERROR] [1768034097.870535755] [superpoint_node]: Errore pubblicazione keypoints 3D: could not assign tuple of length 3 to structure with 4 fields.
[rtabmap-14] [INFO] [1768034097.948637507] [rtabmap]: rtabmap (1167): Rate=0.50s, Limit=0.001s, Conversion=0.0004s, RTAB-Map=0.0911s, Maps update=0.0037s pub=0.0033s delay=0.1355s (local map=5, WM=5)
[superpoint_node-2] [INFO] [1768034097.971617579] [superpoint_node]: Keypoints estratti: 800
[superpoint_node-2] [ERROR] [1768034097.978635153] [superpoint_node]: Errore pubblicazione keypoints 3D: could not assign tuple of length 3 to structure with 4 fields.
[superpoint_node-2] [INFO] [1768034098.071523522] [superpoint_node]: Keypoints estratti: 800
[superpoint_node-2] [ERROR] [1768034098.079445270] [superpoint_node]: Errore pubblicazione keypoints 3D: could not assign tuple of length 3 to structure with 4 fields.
[rtabmap-14] [33m[ WARN] (2026-01-10 09:34:55.828) Rtabmap.cpp:3848::process() Rejecting all added loop closures (1, first is 1163 <-> 1151) in this iteration because a wrong loop closure has been detected after graph optimization, resulting in a maximum graph error ratio of 1.537069 (edge 1151->1158, type=1, abs error=0.131169 m, stddev=0.085337). The maximum error ratio parameter "RGBD/OptimizeMaxError" is 1.000000 of std deviation.[0m
[rtabmap-14] [33m[ WARN] (2026-01-10 09:34:55.828) Rtabmap.cpp:3923::process() Loop closure 1163->1151 rejected![0m
[rtabmap-14] [33m[ WARN] (2026-01-10 09:34:55.829) Memory.cpp:2105::forget() Less signatures transferred (1) than added (2)! The working memory cannot decrease in size.[0m
[rtabmap-14] [33m[ WARN] (2026-01-10 09:34:56.280) CoreWrapper.cpp:1227::odomTFUpdate() Odometry is reset (identity pose detected). Increment map id![0m
[rtabmap-14] [33m[ WARN] (2026-01-10 09:34:56.282) Rtabmap.cpp:1441::process() Odometry is reset (identity pose detected). Increment map id to 12![0m
[rtabmap-14] [33m[ WARN] (2026-01-10 09:34:56.917) Memory.cpp:2105::forget() Less signatures transferred (1) than added (2)! The working memory cannot decrease in size.[0m
[superpoint_node-2] [INFO] [1768034098.169772490] [superpoint_node]: Keypoints estratti: 800
[superpoint_node-2] [ERROR] [1768034098.176338727] [superpoint_node]: Errore pubblicazione keypoints 3D: could not assign tuple of length 3 to structure with 4 fields.
[superpoint_node-2] [INFO] [1768034098.270053010] [superpoint_node]: Keypoints estratti: 800
[superpoint_node-2] [ERROR] [1768034098.276304004] [superpoint_node]: Errore pubblicazione keypoints 3D: could not assign tuple of length 3 to structure with 4 fields.
[superpoint_node-2] [INFO] [1768034098.368153736] [superpoint_node]: Keypoints estratti: 800
[superpoint_node-2] [ERROR] [1768034098.374926049] [superpoint_node]: Errore pubblicazione keypoints 3D: could not assign tuple of length 3 to structure with 4 fields.
[rtabmap-14] [INFO] [1768034098.451353398] [rtabmap]: rtabmap (1168): Rate=0.50s, Limit=0.001s, Conversion=0.0007s, RTAB-Map=0.0978s, Maps update=0.0053s pub=0.0015s delay=0.1336s (local map=4, WM=5)
[superpoint_node-2] [INFO] [1768034098.476883268] [superpoint_node]: Keypoints estratti: 800
[superpoint_node-2] [ERROR] [1768034098.483865009] [superpoint_node]: Errore pubblicazione keypoints 3D: could not assign tuple of length 3 to structure with 4 fields.
[superpoint_node-2] [INFO] [1768034098.573210849] [superpoint_node]: Keypoints estratti: 800
[superpoint_node-2] [ERROR] [1768034098.580011904] [superpoint_node]: Errore pubblicazione keypoints 3D: could not assign tuple of length 3 to structure with 4 fields.
[superpoint_node-2] [INFO] [1768034098.674904641] [superpoint_node]: Keypoints estratti: 800
[superpoint_node-2] [ERROR] [1768034098.681269506] [superpoint_node]: Errore pubblicazione keypoints 3D: could not assign tuple of length 3 to structure with 4 fields.
[superpoint_node-2] [INFO] [1768034098.776901860] [superpoint_node]: Keypoints estratti: 800
[superpoint_node-2] [ERROR] [1768034098.783771137] [superpoint_node]: Errore pubblicazione keypoints 3D: could not assign tuple of length 3 to structure with 4 fields.
[superpoint_node-2] [INFO] [1768034098.871532910] [superpoint_node]: Keypoints estratti: 800
[superpoint_node-2] [ERROR] [1768034098.880125348] [superpoint_node]: Errore pubblicazione keypoints 3D: could not assign tuple of length 3 to structure with 4 fields.
[superpoint_node-2] [INFO] [1768034098.973909002] [superpoint_node]: Keypoints estratti: 800
[rtabmap-14] [INFO] [1768034098.979530658] [rtabmap]: rtabmap (1169): Rate=0.50s, Limit=0.001s, Conversion=0.0006s, RTAB-Map=0.0918s, Maps update=0.0027s pub=0.0035s delay=0.1551s (local map=5, WM=5)
[superpoint_node-2] [ERROR] [1768034098.981817176] [superpoint_node]: Errore pubblicazione keypoints 3D: could not assign tuple of length 3 to structure with 4 fields.
[superpoint_node-2] [INFO] [1768034099.078582428] [superpoint_node]: Keypoints estratti: 800
[superpoint_node-2] [ERROR] [1768034099.085375686] [superpoint_node]: Errore pubblicazione keypoints 3D: could not assign tuple of length 3 to structure with 4 fields.
[superpoint_node-2] [INFO] [1768034099.176018686] [superpoint_node]: Keypoints estratti: 800
[superpoint_node-2] [ERROR] [1768034099.183412467] [superpoint_node]: Errore pubblicazione keypoints 3D: could not assign tuple of length 3 to structure with 4 fields.
[superpoint_node-2] [INFO] [1768034099.277020267] [superpoint_node]: Keypoints estratti: 800
[superpoint_node-2] [ERROR] [1768034099.283632839] [superpoint_node]: Errore pubblicazione keypoints 3D: could not assign tuple of length 3 to structure with 4 fields.
[superpoint_node-2] [INFO] [1768034099.371518372] [superpoint_node]: Keypoints estratti: 800
[superpoint_node-2] [ERROR] [1768034099.378430890] [superpoint_node]: Errore pubblicazione keypoints 3D: could not assign tuple of length 3 to structure with 4 fields.
[rtabmap-14] [INFO] [1768034099.476544245] [rtabmap]: rtabmap (1170): Rate=0.50s, Limit=0.001s, Conversion=0.0002s, RTAB-Map=0.0938s, Maps update=0.0016s pub=0.0020s delay=0.1521s (local map=4, WM=5)
[superpoint_node-2] [INFO] [1768034099.485447890] [superpoint_node]: Keypoints estratti: 800
[superpoint_node-2] [ERROR] [1768034099.492538298] [superpoint_node]: Errore pubblicazione keypoints 3D: could not assign tuple of length 3 to structure with 4 fields.
[superpoint_node-2] [INFO] [1768034099.584011693] [superpoint_node]: Keypoints estratti: 800
[superpoint_node-2] [ERROR] [1768034099.590649431] [superpoint_node]: Errore pubblicazione keypoints 3D: could not assign tuple of length 3 to structure with 4 fields.
[superpoint_node-2] [INFO] [1768034099.688050484] [superpoint_node]: Keypoints estratti: 800
[superpoint_node-2] [ERROR] [1768034099.694690593] [superpoint_node]: Errore pubblicazione keypoints 3D: could not assign tuple of length 3 to structure with 4 fields.
[superpoint_node-2] [INFO] [1768034099.783898618] [superpoint_node]: Keypoints estratti: 800
[superpoint_node-2] [ERROR] [1768034099.790069481] [superpoint_node]: Errore pubblicazione keypoints 3D: could not assign tuple of length 3 to structure with 4 fields.
[superpoint_node-2] [INFO] [1768034099.888788045] [superpoint_node]: Keypoints estratti: 800
[superpoint_node-2] [ERROR] [1768034099.895071595] [superpoint_node]: Errore pubblicazione keypoints 3D: could not assign tuple of length 3 to structure with 4 fields.
[rtabmap-14] [INFO] [1768034099.961926498] [rtabmap]: rtabmap (1171): Rate=0.50s, Limit=0.001s, Conversion=0.0009s, RTAB-Map=0.1074s, Maps update=0.0021s pub=0.0013s delay=0.1304s (local map=5, WM=5)
[superpoint_node-2] [INFO] [1768034099.993768511] [superpoint_node]: Keypoints estratti: 800
[superpoint_node-2] [ERROR] [1768034100.000870400] [superpoint_node]: Errore pubblicazione keypoints 3D: could not assign tuple of length 3 to structure with 4 fields.
[superpoint_node-2] [INFO] [1768034100.092116442] [superpoint_node]: Keypoints estratti: 800
[superpoint_node-2] [ERROR] [1768034100.098378955] [superpoint_node]: Errore pubblicazione keypoints 3D: could not assign tuple of length 3 to structure with 4 fields.
[superpoint_node-2] [INFO] [1768034100.189504921] [superpoint_node]: Keypoints estratti: 800
[superpoint_node-2] [ERROR] [1768034100.195357467] [superpoint_node]: Errore pubblicazione keypoints 3D: could not assign tuple of length 3 to structure with 4 fields.
[superpoint_node-2] [INFO] [1768034100.322894557] [superpoint_node]: Keypoints estratti: 800
[superpoint_node-2] [ERROR] [1768034100.327788651] [superpoint_node]: Errore pubblicazione keypoints 3D: could not assign tuple of length 3 to structure with 4 fields.
[superpoint_node-2] [INFO] [1768034100.424241771] [superpoint_node]: Keypoints estratti: 800
[superpoint_node-2] [ERROR] [1768034100.431291494] [superpoint_node]: Errore pubblicazione keypoints 3D: could not assign tuple of length 3 to structure with 4 fields.
[rtabmap-14] [INFO] [1768034100.439259816] [rtabmap]: rtabmap (1172): Rate=0.50s, Limit=0.001s, Conversion=0.0002s, RTAB-Map=0.0488s, Maps update=0.0020s pub=0.0010s delay=0.0696s (local map=4, WM=5)
[superpoint_node-2] [INFO] [1768034100.524743108] [superpoint_node]: Keypoints estratti: 800
[superpoint_node-2] [ERROR] [1768034100.530929120] [superpoint_node]: Errore pubblicazione keypoints 3D: could not assign tuple of length 3 to structure with 4 fields.
[superpoint_node-2] [INFO] [1768034100.625144037] [superpoint_node]: Keypoints estratti: 800
[superpoint_node-2] [ERROR] [1768034100.631777701] [superpoint_node]: Errore pubblicazione keypoints 3D: could not assign tuple of length 3 to structure with 4 fields.
[superpoint_node-2] [INFO] [1768034100.725188463] [superpoint_node]: Keypoints estratti: 800
[superpoint_node-2] [ERROR] [1768034100.731019843] [superpoint_node]: Errore pubblicazione keypoints 3D: could not assign tuple of length 3 to structure with 4 fields.
[superpoint_node-2] [INFO] [1768034100.827291072] [superpoint_node]: Keypoints estratti: 800
[superpoint_node-2] [ERROR] [1768034100.833434399] [superpoint_node]: Errore pubblicazione keypoints 3D: could not assign tuple of length 3 to structure with 4 fields.
[superpoint_node-2] [INFO] [1768034100.929086049] [superpoint_node]: Keypoints estratti: 800
[superpoint_node-2] [ERROR] [1768034100.935281432] [superpoint_node]: Errore pubblicazione keypoints 3D: could not assign tuple of length 3 to structure with 4 fields.
[rtabmap-14] [INFO] [1768034100.999314997] [rtabmap]: rtabmap (1173): Rate=0.50s, Limit=0.001s, Conversion=0.0002s, RTAB-Map=0.0544s, Maps update=0.0026s pub=0.0009s delay=0.1212s (local map=5, WM=5)
[superpoint_node-2] [INFO] [1768034101.033509788] [superpoint_node]: Keypoints estratti: 800
[superpoint_node-2] [ERROR] [1768034101.039565022] [superpoint_node]: Errore pubblicazione keypoints 3D: could not assign tuple of length 3 to structure with 4 fields.
[superpoint_node-2] [INFO] [1768034101.136639072] [superpoint_node]: Keypoints estratti: 800
[superpoint_node-2] [ERROR] [1768034101.143402570] [superpoint_node]: Errore pubblicazione keypoints 3D: could not assign tuple of length 3 to structure with 4 fields.
[superpoint_node-2] [INFO] [1768034101.232651188] [superpoint_node]: Keypoints estratti: 800
[superpoint_node-2] [ERROR] [1768034101.238397882] [superpoint_node]: Errore pubblicazione keypoints 3D: could not assign tuple of length 3 to structure with 4 fields.
[superpoint_node-2] [INFO] [1768034101.335258357] [superpoint_node]: Keypoints estratti: 800
[superpoint_node-2] [ERROR] [1768034101.341680019] [superpoint_node]: Errore pubblicazione keypoints 3D: could not assign tuple of length 3 to structure with 4 fields.
[superpoint_node-2] [INFO] [1768034101.432680799] [superpoint_node]: Keypoints estratti: 800
[superpoint_node-2] [ERROR] [1768034101.438473883] [superpoint_node]: Errore pubblicazione keypoints 3D: could not assign tuple of length 3 to structure with 4 fields.
[rtabmap-14] [INFO] [1768034101.485980557] [rtabmap]: rtabmap (1174): Rate=0.50s, Limit=0.001s, Conversion=0.0003s, RTAB-Map=0.0693s, Maps update=0.0060s pub=0.0008s delay=0.1031s (local map=4, WM=5)
[superpoint_node-2] [INFO] [1768034101.530917470] [superpoint_node]: Keypoints estratti: 800
[superpoint_node-2] [ERROR] [1768034101.536384792] [superpoint_node]: Errore pubblicazione keypoints 3D: could not assign tuple of length 3 to structure with 4 fields.
[superpoint_node-2] [INFO] [1768034101.627498165] [superpoint_node]: Keypoints estratti: 800
[superpoint_node-2] [ERROR] [1768034101.632984024] [superpoint_node]: Errore pubblicazione keypoints 3D: could not assign tuple of length 3 to structure with 4 fields.
[superpoint_node-2] [INFO] [1768034101.730813321] [superpoint_node]: Keypoints estratti: 800
[superpoint_node-2] [ERROR] [1768034101.736343736] [superpoint_node]: Errore pubblicazione keypoints 3D: could not assign tuple of length 3 to structure with 4 fields.
[superpoint_node-2] [INFO] [1768034101.826373804] [superpoint_node]: Keypoints estratti: 800
[superpoint_node-2] [ERROR] [1768034101.832716836] [superpoint_node]: Errore pubblicazione keypoints 3D: could not assign tuple of length 3 to structure with 4 fields.
[superpoint_node-2] [INFO] [1768034101.931219972] [superpoint_node]: Keypoints estratti: 800
[superpoint_node-2] [ERROR] [1768034101.936631145] [superpoint_node]: Errore pubblicazione keypoints 3D: could not assign tuple of length 3 to structure with 4 fields.
[superpoint_node-2] [INFO] [1768034102.030565578] [superpoint_node]: Keypoints estratti: 800
[superpoint_node-2] [ERROR] [1768034102.036655534] [superpoint_node]: Errore pubblicazione keypoints 3D: could not assign tuple of length 3 to structure with 4 fields.
[rtabmap-14] [INFO] [1768034102.120804519] [rtabmap]: rtabmap (1175): Rate=0.50s, Limit=0.001s, Conversion=0.0003s, RTAB-Map=0.0723s, Maps update=0.0025s pub=0.0016s delay=0.1387s (local map=5, WM=5)
[superpoint_node-2] [INFO] [1768034102.138264176] [superpoint_node]: Keypoints estratti: 800
[superpoint_node-2] [ERROR] [1768034102.145201454] [superpoint_node]: Errore pubblicazione keypoints 3D: could not assign tuple of length 3 to structure with 4 fields.
[superpoint_node-2] [INFO] [1768034102.235046391] [superpoint_node]: Keypoints estratti: 800
[superpoint_node-2] [ERROR] [1768034102.241761315] [superpoint_node]: Errore pubblicazione keypoints 3D: could not assign tuple of length 3 to structure with 4 fields.
[superpoint_node-2] [INFO] [1768034102.332322573] [superpoint_node]: Keypoints estratti: 800
[superpoint_node-2] [ERROR] [1768034102.337780857] [superpoint_node]: Errore pubblicazione keypoints 3D: could not assign tuple of length 3 to structure with 4 fields.
[superpoint_node-2] [INFO] [1768034102.425830095] [superpoint_node]: Keypoints estratti: 800
[superpoint_node-2] [ERROR] [1768034102.431154397] [superpoint_node]: Errore pubblicazione keypoints 3D: could not assign tuple of length 3 to structure with 4 fields.
[superpoint_node-2] [INFO] [1768034102.533661046] [superpoint_node]: Keypoints estratti: 800
[superpoint_node-2] [ERROR] [1768034102.539863707] [superpoint_node]: Errore pubblicazione keypoints 3D: could not assign tuple of length 3 to structure with 4 fields.
[superpoint_node-2] [INFO] [1768034102.632532759] [superpoint_node]: Keypoints estratti: 800
[superpoint_node-2] [ERROR] [1768034102.638094396] [superpoint_node]: Errore pubblicazione keypoints 3D: could not assign tuple of length 3 to structure with 4 fields.
[rtabmap-14] [INFO] [1768034102.699273457] [rtabmap]: rtabmap (1176): Rate=0.50s, Limit=0.001s, Conversion=0.0002s, RTAB-Map=0.0388s, Maps update=0.0091s pub=0.0034s delay=0.1163s (local map=4, WM=5)
[superpoint_node-2] [INFO] [1768034102.736059861] [superpoint_node]: Keypoints estratti: 800
[superpoint_node-2] [ERROR] [1768034102.743110029] [superpoint_node]: Errore pubblicazione keypoints 3D: could not assign tuple of length 3 to structure with 4 fields.
[superpoint_node-2] [INFO] [1768034102.833532045] [superpoint_node]: Keypoints estratti: 800
[superpoint_node-2] [ERROR] [1768034102.839514889] [superpoint_node]: Errore pubblicazione keypoints 3D: could not assign tuple of length 3 to structure with 4 fields.
[superpoint_node-2] [INFO] [1768034102.928675321] [superpoint_node]: Keypoints estratti: 800
[superpoint_node-2] [ERROR] [1768034102.934392403] [superpoint_node]: Errore pubblicazione keypoints 3D: could not assign tuple of length 3 to structure with 4 fields.
[superpoint_node-2] [INFO] [1768034103.027906777] [superpoint_node]: Keypoints estratti: 800
[superpoint_node-2] [ERROR] [1768034103.033427469] [superpoint_node]: Errore pubblicazione keypoints 3D: could not assign tuple of length 3 to structure with 4 fields.
[superpoint_node-2] [INFO] [1768034103.125234849] [superpoint_node]: Keypoints estratti: 800
[superpoint_node-2] [ERROR] [1768034103.130815356] [superpoint_node]: Errore pubblicazione keypoints 3D: could not assign tuple of length 3 to structure with 4 fields.
[superpoint_node-2] [INFO] [1768034103.227478218] [superpoint_node]: Keypoints estratti: 800
[superpoint_node-2] [ERROR] [1768034103.233399969] [superpoint_node]: Errore pubblicazione keypoints 3D: could not assign tuple of length 3 to structure with 4 fields.
[rtabmap-14] [INFO] [1768034103.312270078] [rtabmap]: rtabmap (1177): Rate=0.50s, Limit=0.001s, Conversion=0.0004s, RTAB-Map=0.0929s, Maps update=0.0039s pub=0.0020s delay=0.1375s (local map=5, WM=5)
[superpoint_node-2] [INFO] [1768034103.330178888] [superpoint_node]: Keypoints estratti: 800
[superpoint_node-2] [ERROR] [1768034103.336452623] [superpoint_node]: Errore pubblicazione keypoints 3D: could not assign tuple of length 3 to structure with 4 fields.
[superpoint_node-2] [INFO] [1768034103.428938470] [superpoint_node]: Keypoints estratti: 800
[superpoint_node-2] [ERROR] [1768034103.434847684] [superpoint_node]: Errore pubblicazione keypoints 3D: could not assign tuple of length 3 to structure with 4 fields.
[superpoint_node-2] [INFO] [1768034103.532579758] [superpoint_node]: Keypoints estratti: 800
[superpoint_node-2] [ERROR] [1768034103.538826956] [superpoint_node]: Errore pubblicazione keypoints 3D: could not assign tuple of length 3 to structure with 4 fields.
[superpoint_node-2] [INFO] [1768034103.667812002] [superpoint_node]: Keypoints estratti: 800
[superpoint_node-2] [ERROR] [1768034103.674287164] [superpoint_node]: Errore pubblicazione keypoints 3D: could not assign tuple of length 3 to structure with 4 fields.
[superpoint_node-2] [INFO] [1768034103.768484673] [superpoint_node]: Keypoints estratti: 800
[superpoint_node-2] [ERROR] [1768034103.774834409] [superpoint_node]: Errore pubblicazione keypoints 3D: could not assign tuple of length 3 to structure with 4 fields.
[rtabmap-14] [INFO] [1768034103.845314785] [rtabmap]: rtabmap (1178): Rate=0.50s, Limit=0.001s, Conversion=0.0004s, RTAB-Map=0.0851s, Maps update=0.0047s pub=0.0017s delay=0.1302s (local map=4, WM=5)
[superpoint_node-2] [INFO] [1768034103.869953926] [superpoint_node]: Keypoints estratti: 800
[superpoint_node-2] [ERROR] [1768034103.876216253] [superpoint_node]: Errore pubblicazione keypoints 3D: could not assign tuple of length 3 to structure with 4 fields.
[superpoint_node-2] [INFO] [1768034103.966172488] [superpoint_node]: Keypoints estratti: 800
[superpoint_node-2] [ERROR] [1768034103.971737384] [superpoint_node]: Errore pubblicazione keypoints 3D: could not assign tuple of length 3 to structure with 4 fields.
[superpoint_node-2] [INFO] [1768034104.062900795] [superpoint_node]: Keypoints estratti: 800
[superpoint_node-2] [ERROR] [1768034104.068661785] [superpoint_node]: Errore pubblicazione keypoints 3D: could not assign tuple of length 3 to structure with 4 fields.
[superpoint_node-2] [INFO] [1768034104.166672418] [superpoint_node]: Keypoints estratti: 800
[superpoint_node-2] [ERROR] [1768034104.173935290] [superpoint_node]: Errore pubblicazione keypoints 3D: could not assign tuple of length 3 to structure with 4 fields.
[superpoint_node-2] [INFO] [1768034104.266380008] [superpoint_node]: Keypoints estratti: 800
[superpoint_node-2] [ERROR] [1768034104.273173803] [superpoint_node]: Errore pubblicazione keypoints 3D: could not assign tuple of length 3 to structure with 4 fields.
[superpoint_node-2] [INFO] [1768034104.364668587] [superpoint_node]: Keypoints estratti: 800
[superpoint_node-2] [ERROR] [1768034104.371035971] [superpoint_node]: Errore pubblicazione keypoints 3D: could not assign tuple of length 3 to structure with 4 fields.
[rtabmap-14] [INFO] [1768034104.452663009] [rtabmap]: rtabmap (1179): Rate=0.50s, Limit=0.001s, Conversion=0.0002s, RTAB-Map=0.0724s, Maps update=0.0010s pub=0.0008s delay=0.1381s (local map=5, WM=5)
[superpoint_node-2] [INFO] [1768034104.465881689] [superpoint_node]: Keypoints estratti: 800
[superpoint_node-2] [ERROR] [1768034104.472094257] [superpoint_node]: Errore pubblicazione keypoints 3D: could not assign tuple of length 3 to structure with 4 fields.
[superpoint_node-2] [INFO] [1768034104.566562546] [superpoint_node]: Keypoints estratti: 800
[superpoint_node-2] [ERROR] [1768034104.574403090] [superpoint_node]: Errore pubblicazione keypoints 3D: could not assign tuple of length 3 to structure with 4 fields.
[superpoint_node-2] [INFO] [1768034104.666508619] [superpoint_node]: Keypoints estratti: 800
[superpoint_node-2] [ERROR] [1768034104.671758569] [superpoint_node]: Errore pubblicazione keypoints 3D: could not assign tuple of length 3 to structure with 4 fields.
[superpoint_node-2] [INFO] [1768034104.763846061] [superpoint_node]: Keypoints estratti: 800
[superpoint_node-2] [ERROR] [1768034104.769507532] [superpoint_node]: Errore pubblicazione keypoints 3D: could not assign tuple of length 3 to structure with 4 fields.
[superpoint_node-2] [INFO] [1768034104.862742478] [superpoint_node]: Keypoints estratti: 800
[superpoint_node-2] [ERROR] [1768034104.868244059] [superpoint_node]: Errore pubblicazione keypoints 3D: could not assign tuple of length 3 to structure with 4 fields.
[superpoint_node-2] [INFO] [1768034104.967530960] [superpoint_node]: Keypoints estratti: 800
[superpoint_node-2] [ERROR] [1768034104.973663787] [superpoint_node]: Errore pubblicazione keypoints 3D: could not assign tuple of length 3 to structure with 4 fields.
[rtabmap-14] [INFO] [1768034104.991721449] [rtabmap]: rtabmap (1180): Rate=0.50s, Limit=0.001s, Conversion=0.0005s, RTAB-Map=0.0400s, Maps update=0.0003s pub=0.0008s delay=0.0814s (local map=4, WM=5)
[superpoint_node-2] [INFO] [1768034105.068184428] [superpoint_node]: Keypoints estratti: 800
[superpoint_node-2] [ERROR] [1768034105.074882741] [superpoint_node]: Errore pubblicazione keypoints 3D: could not assign tuple of length 3 to structure with 4 fields.
[superpoint_node-2] [INFO] [1768034105.163856857] [superpoint_node]: Keypoints estratti: 800
[superpoint_node-2] [ERROR] [1768034105.169147121] [superpoint_node]: Errore pubblicazione keypoints 3D: could not assign tuple of length 3 to structure with 4 fields.
[superpoint_node-2] [INFO] [1768034105.264416472] [superpoint_node]: Keypoints estratti: 800
[superpoint_node-2] [ERROR] [1768034105.269889664] [superpoint_node]: Errore pubblicazione keypoints 3D: could not assign tuple of length 3 to structure with 4 fields.
[superpoint_node-2] [INFO] [1768034105.360743702] [superpoint_node]: Keypoints estratti: 800
[superpoint_node-2] [ERROR] [1768034105.366390191] [superpoint_node]: Errore pubblicazione keypoints 3D: could not assign tuple of length 3 to structure with 4 fields.
[superpoint_node-2] [INFO] [1768034105.462292918] [superpoint_node]: Keypoints estratti: 800
[superpoint_node-2] [ERROR] [1768034105.468397689] [superpoint_node]: Errore pubblicazione keypoints 3D: could not assign tuple of length 3 to structure with 4 fields.
[superpoint_node-2] [INFO] [1768034105.562009934] [superpoint_node]: Keypoints estratti: 800
[superpoint_node-2] [ERROR] [1768034105.568017686] [superpoint_node]: Errore pubblicazione keypoints 3D: could not assign tuple of length 3 to structure with 4 fields.
[rtabmap-14] [INFO] [1768034105.639126881] [rtabmap]: rtabmap (1181): Rate=0.50s, Limit=0.001s, Conversion=0.0014s, RTAB-Map=0.0796s, Maps update=0.0015s pub=0.0013s delay=0.1309s (local map=5, WM=5)
[superpoint_node-2] [INFO] [1768034105.671224989] [superpoint_node]: Keypoints estratti: 800
[superpoint_node-2] [ERROR] [1768034105.676915571] [superpoint_node]: Errore pubblicazione keypoints 3D: could not assign tuple of length 3 to structure with 4 fields.
[superpoint_node-2] [INFO] [1768034105.768256150] [superpoint_node]: Keypoints estratti: 800
[superpoint_node-2] [ERROR] [1768034105.774582664] [superpoint_node]: Errore pubblicazione keypoints 3D: could not assign tuple of length 3 to structure with 4 fields.
[superpoint_node-2] [INFO] [1768034105.865157088] [superpoint_node]: Keypoints estratti: 800
[superpoint_node-2] [ERROR] [1768034105.870752837] [superpoint_node]: Errore pubblicazione keypoints 3D: could not assign tuple of length 3 to structure with 4 fields.
[superpoint_node-2] [INFO] [1768034105.963766799] [superpoint_node]: Keypoints estratti: 800
[superpoint_node-2] [ERROR] [1768034105.969761162] [superpoint_node]: Errore pubblicazione keypoints 3D: could not assign tuple of length 3 to structure with 4 fields.
[superpoint_node-2] [INFO] [1768034106.064944809] [superpoint_node]: Keypoints estratti: 800
[superpoint_node-2] [ERROR] [1768034106.070603928] [superpoint_node]: Errore pubblicazione keypoints 3D: could not assign tuple of length 3 to structure with 4 fields.
[rtabmap-14] [INFO] [1768034106.129151449] [rtabmap]: rtabmap (1182): Rate=0.50s, Limit=0.001s, Conversion=0.0006s, RTAB-Map=0.0664s, Maps update=0.0074s pub=0.0062s delay=0.1179s (local map=4, WM=5)
[superpoint_node-2] [INFO] [1768034106.166816712] [superpoint_node]: Keypoints estratti: 800
[superpoint_node-2] [ERROR] [1768034106.172297830] [superpoint_node]: Errore pubblicazione keypoints 3D: could not assign tuple of length 3 to structure with 4 fields.
[superpoint_node-2] [INFO] [1768034106.271287229] [superpoint_node]: Keypoints estratti: 800
[superpoint_node-2] [ERROR] [1768034106.277176906] [superpoint_node]: Errore pubblicazione keypoints 3D: could not assign tuple of length 3 to structure with 4 fields.
[superpoint_node-2] [INFO] [1768034106.367844072] [superpoint_node]: Keypoints estratti: 800
[superpoint_node-2] [ERROR] [1768034106.373620414] [superpoint_node]: Errore pubblicazione keypoints 3D: could not assign tuple of length 3 to structure with 4 fields.
[superpoint_node-2] [INFO] [1768034106.463624094] [superpoint_node]: Keypoints estratti: 800
[superpoint_node-2] [ERROR] [1768034106.469167953] [superpoint_node]: Errore pubblicazione keypoints 3D: could not assign tuple of length 3 to structure with 4 fields.
[superpoint_node-2] [INFO] [1768034106.560379623] [superpoint_node]: Keypoints estratti: 800
[superpoint_node-2] [ERROR] [1768034106.565801111] [superpoint_node]: Errore pubblicazione keypoints 3D: could not assign tuple of length 3 to structure with 4 fields.
[superpoint_node-2] [INFO] [1768034106.658922760] [superpoint_node]: Keypoints estratti: 800
[superpoint_node-2] [ERROR] [1768034106.666324985] [superpoint_node]: Errore pubblicazione keypoints 3D: could not assign tuple of length 3 to structure with 4 fields.
[rtabmap-14] [INFO] [1768034106.732446716] [rtabmap]: rtabmap (1183): Rate=0.50s, Limit=0.001s, Conversion=0.0003s, RTAB-Map=0.0790s, Maps update=0.0008s pub=0.0009s delay=0.1254s (local map=5, WM=5)
[superpoint_node-2] [INFO] [1768034106.765088013] [superpoint_node]: Keypoints estratti: 800
[superpoint_node-2] [ERROR] [1768034106.770520426] [superpoint_node]: Errore pubblicazione keypoints 3D: could not assign tuple of length 3 to structure with 4 fields.
[superpoint_node-2] [INFO] [1768034106.865665924] [superpoint_node]: Keypoints estratti: 800
[superpoint_node-2] [ERROR] [1768034106.871895604] [superpoint_node]: Errore pubblicazione keypoints 3D: could not assign tuple of length 3 to structure with 4 fields.
[superpoint_node-2] [INFO] [1768034106.961552632] [superpoint_node]: Keypoints estratti: 800
[superpoint_node-2] [ERROR] [1768034106.967639384] [superpoint_node]: Errore pubblicazione keypoints 3D: could not assign tuple of length 3 to structure with 4 fields.
[superpoint_node-2] [INFO] [1768034107.059354911] [superpoint_node]: Keypoints estratti: 800
[superpoint_node-2] [ERROR] [1768034107.065168550] [superpoint_node]: Errore pubblicazione keypoints 3D: could not assign tuple of length 3 to structure with 4 fields.
[superpoint_node-2] [INFO] [1768034107.157018892] [superpoint_node]: Keypoints estratti: 800
[superpoint_node-2] [ERROR] [1768034107.162939273] [superpoint_node]: Errore pubblicazione keypoints 3D: could not assign tuple of length 3 to structure with 4 fields.
[superpoint_node-2] [INFO] [1768034107.254514668] [superpoint_node]: Keypoints estratti: 800
[superpoint_node-2] [ERROR] [1768034107.260785626] [superpoint_node]: Errore pubblicazione keypoints 3D: could not assign tuple of length 3 to structure with 4 fields.
[rtabmap-14] [INFO] [1768034107.326094498] [rtabmap]: rtabmap (1184): Rate=0.50s, Limit=0.001s, Conversion=0.0007s, RTAB-Map=0.0741s, Maps update=0.0003s pub=0.0009s delay=0.1211s (local map=4, WM=5)
[superpoint_node-2] [INFO] [1768034107.361485335] [superpoint_node]: Keypoints estratti: 800
[superpoint_node-2] [ERROR] [1768034107.366619283] [superpoint_node]: Errore pubblicazione keypoints 3D: could not assign tuple of length 3 to structure with 4 fields.
[superpoint_node-2] [INFO] [1768034107.458523867] [superpoint_node]: Keypoints estratti: 800
[superpoint_node-2] [ERROR] [1768034107.464272376] [superpoint_node]: Errore pubblicazione keypoints 3D: could not assign tuple of length 3 to structure with 4 fields.
[superpoint_node-2] [INFO] [1768034107.592375210] [superpoint_node]: Keypoints estratti: 800
[superpoint_node-2] [ERROR] [1768034107.598124367] [superpoint_node]: Errore pubblicazione keypoints 3D: could not assign tuple of length 3 to structure with 4 fields.
[superpoint_node-2] [INFO] [1768034107.696526280] [superpoint_node]: Keypoints estratti: 800
[superpoint_node-2] [ERROR] [1768034107.702024435] [superpoint_node]: Errore pubblicazione keypoints 3D: could not assign tuple of length 3 to structure with 4 fields.
[superpoint_node-2] [INFO] [1768034107.791558444] [superpoint_node]: Keypoints estratti: 800
[superpoint_node-2] [ERROR] [1768034107.796767986] [superpoint_node]: Errore pubblicazione keypoints 3D: could not assign tuple of length 3 to structure with 4 fields.
[rtabmap-14] [INFO] [1768034107.872635145] [rtabmap]: rtabmap (1185): Rate=0.50s, Limit=0.001s, Conversion=0.0002s, RTAB-Map=0.0517s, Maps update=0.0032s pub=0.0013s delay=0.1297s (local map=5, WM=5)
[superpoint_node-2] [INFO] [1768034107.898997059] [superpoint_node]: Keypoints estratti: 800
[superpoint_node-2] [ERROR] [1768034107.904517103] [superpoint_node]: Errore pubblicazione keypoints 3D: could not assign tuple of length 3 to structure with 4 fields.
[superpoint_node-2] [INFO] [1768034107.996693689] [superpoint_node]: Keypoints estratti: 800
[superpoint_node-2] [ERROR] [1768034108.002943090] [superpoint_node]: Errore pubblicazione keypoints 3D: could not assign tuple of length 3 to structure with 4 fields.
[superpoint_node-2] [INFO] [1768034108.097936161] [superpoint_node]: Keypoints estratti: 800
[superpoint_node-2] [ERROR] [1768034108.103797893] [superpoint_node]: Errore pubblicazione keypoints 3D: could not assign tuple of length 3 to structure with 4 fields.
[superpoint_node-2] [INFO] [1768034108.192814639] [superpoint_node]: Keypoints estratti: 800
[superpoint_node-2] [ERROR] [1768034108.199093874] [superpoint_node]: Errore pubblicazione keypoints 3D: could not assign tuple of length 3 to structure with 4 fields.
[superpoint_node-2] [INFO] [1768034108.293137882] [superpoint_node]: Keypoints estratti: 800
[superpoint_node-2] [ERROR] [1768034108.300316754] [superpoint_node]: Errore pubblicazione keypoints 3D: could not assign tuple of length 3 to structure with 4 fields.
[superpoint_node-2] [INFO] [1768034108.389565965] [superpoint_node]: Keypoints estratti: 800
[superpoint_node-2] [ERROR] [1768034108.395404845] [superpoint_node]: Errore pubblicazione keypoints 3D: could not assign tuple of length 3 to structure with 4 fields.
[rtabmap-14] [INFO] [1768034108.467859273] [rtabmap]: rtabmap (1186): Rate=0.50s, Limit=0.001s, Conversion=0.0002s, RTAB-Map=0.0782s, Maps update=0.0016s pub=0.0018s delay=0.1256s (local map=4, WM=5)
[superpoint_node-2] [INFO] [1768034108.492894861] [superpoint_node]: Keypoints estratti: 800
[superpoint_node-2] [ERROR] [1768034108.498733538] [superpoint_node]: Errore pubblicazione keypoints 3D: could not assign tuple of length 3 to structure with 4 fields.
[superpoint_node-2] [INFO] [1768034108.590376323] [superpoint_node]: Keypoints estratti: 800
[superpoint_node-2] [ERROR] [1768034108.595864366] [superpoint_node]: Errore pubblicazione keypoints 3D: could not assign tuple of length 3 to structure with 4 fields.
[superpoint_node-2] [INFO] [1768034108.689569279] [superpoint_node]: Keypoints estratti: 800
[superpoint_node-2] [ERROR] [1768034108.694964137] [superpoint_node]: Errore pubblicazione keypoints 3D: could not assign tuple of length 3 to structure with 4 fields.
[superpoint_node-2] [INFO] [1768034108.790986790] [superpoint_node]: Keypoints estratti: 800
[superpoint_node-2] [ERROR] [1768034108.796407926] [superpoint_node]: Errore pubblicazione keypoints 3D: could not assign tuple of length 3 to structure with 4 fields.
[superpoint_node-2] [INFO] [1768034108.886827979] [superpoint_node]: Keypoints estratti: 800
[superpoint_node-2] [ERROR] [1768034108.892060947] [superpoint_node]: Errore pubblicazione keypoints 3D: could not assign tuple of length 3 to structure with 4 fields.
[superpoint_node-2] [INFO] [1768034108.986186289] [superpoint_node]: Keypoints estratti: 800
[superpoint_node-2] [ERROR] [1768034108.991736166] [superpoint_node]: Errore pubblicazione keypoints 3D: could not assign tuple of length 3 to structure with 4 fields.
[rtabmap-14] [INFO] [1768034109.052453094] [rtabmap]: rtabmap (1187): Rate=0.50s, Limit=0.001s, Conversion=0.0002s, RTAB-Map=0.0684s, Maps update=0.0051s pub=0.0010s delay=0.1178s (local map=5, WM=5)
[superpoint_node-2] [INFO] [1768034109.091423775] [superpoint_node]: Keypoints estratti: 800
[superpoint_node-2] [ERROR] [1768034109.096839337] [superpoint_node]: Errore pubblicazione keypoints 3D: could not assign tuple of length 3 to structure with 4 fields.
[superpoint_node-2] [INFO] [1768034109.189229257] [superpoint_node]: Keypoints estratti: 800
[superpoint_node-2] [ERROR] [1768034109.194284372] [superpoint_node]: Errore pubblicazione keypoints 3D: could not assign tuple of length 3 to structure with 4 fields.
[superpoint_node-2] [INFO] [1768034109.284694406] [superpoint_node]: Keypoints estratti: 800
[superpoint_node-2] [ERROR] [1768034109.289797114] [superpoint_node]: Errore pubblicazione keypoints 3D: could not assign tuple of length 3 to structure with 4 fields.
[superpoint_node-2] [INFO] [1768034109.380863116] [superpoint_node]: Keypoints estratti: 800
[superpoint_node-2] [ERROR] [1768034109.386133251] [superpoint_node]: Errore pubblicazione keypoints 3D: could not assign tuple of length 3 to structure with 4 fields.
[superpoint_node-2] [INFO] [1768034109.472606606] [superpoint_node]: Keypoints estratti: 800
[superpoint_node-2] [ERROR] [1768034109.477921630] [superpoint_node]: Errore pubblicazione keypoints 3D: could not assign tuple of length 3 to structure with 4 fields.
[superpoint_node-2] [INFO] [1768034109.573090628] [superpoint_node]: Keypoints estratti: 800
[superpoint_node-2] [ERROR] [1768034109.579054287] [superpoint_node]: Errore pubblicazione keypoints 3D: could not assign tuple of length 3 to structure with 4 fields.
[rtabmap-14] [INFO] [1768034109.614217882] [rtabmap]: rtabmap (1188): Rate=0.50s, Limit=0.001s, Conversion=0.0002s, RTAB-Map=0.0642s, Maps update=0.0027s pub=0.0019s delay=0.0959s (local map=4, WM=5)
[superpoint_node-2] [INFO] [1768034109.674556159] [superpoint_node]: Keypoints estratti: 800
[superpoint_node-2] [ERROR] [1768034109.680515373] [superpoint_node]: Errore pubblicazione keypoints 3D: could not assign tuple of length 3 to structure with 4 fields.
[superpoint_node-2] [INFO] [1768034109.774127988] [superpoint_node]: Keypoints estratti: 800
[superpoint_node-2] [ERROR] [1768034109.781505547] [superpoint_node]: Errore pubblicazione keypoints 3D: could not assign tuple of length 3 to structure with 4 fields.
[superpoint_node-2] [INFO] [1768034109.872641606] [superpoint_node]: Keypoints estratti: 800
[superpoint_node-2] [ERROR] [1768034109.878606228] [superpoint_node]: Errore pubblicazione keypoints 3D: could not assign tuple of length 3 to structure with 4 fields.
[superpoint_node-2] [INFO] [1768034109.969437266] [superpoint_node]: Keypoints estratti: 800
[superpoint_node-2] [ERROR] [1768034109.975757483] [superpoint_node]: Errore pubblicazione keypoints 3D: could not assign tuple of length 3 to structure with 4 fields.
[superpoint_node-2] [INFO] [1768034110.065033027] [superpoint_node]: Keypoints estratti: 800
[superpoint_node-2] [ERROR] [1768034110.070633553] [superpoint_node]: Errore pubblicazione keypoints 3D: could not assign tuple of length 3 to structure with 4 fields.
[superpoint_node-2] [INFO] [1768034110.165112935] [superpoint_node]: Keypoints estratti: 800
[superpoint_node-2] [ERROR] [1768034110.171404781] [superpoint_node]: Errore pubblicazione keypoints 3D: could not assign tuple of length 3 to structure with 4 fields.
[rtabmap-14] [INFO] [1768034110.239378230] [rtabmap]: rtabmap (1189): Rate=0.50s, Limit=0.001s, Conversion=0.0004s, RTAB-Map=0.0863s, Maps update=0.0020s pub=0.0013s delay=0.1270s (local map=5, WM=5)
[superpoint_node-2] [INFO] [1768034110.270666571] [superpoint_node]: Keypoints estratti: 800
[superpoint_node-2] [ERROR] [1768034110.277620775] [superpoint_node]: Errore pubblicazione keypoints 3D: could not assign tuple of length 3 to structure with 4 fields.
[superpoint_node-2] [INFO] [1768034110.367222229] [superpoint_node]: Keypoints estratti: 800
[superpoint_node-2] [ERROR] [1768034110.374402212] [superpoint_node]: Errore pubblicazione keypoints 3D: could not assign tuple of length 3 to structure with 4 fields.
[superpoint_node-2] [INFO] [1768034110.466601724] [superpoint_node]: Keypoints estratti: 800
[superpoint_node-2] [ERROR] [1768034110.472154583] [superpoint_node]: Errore pubblicazione keypoints 3D: could not assign tuple of length 3 to structure with 4 fields.
[superpoint_node-2] [INFO] [1768034110.563305346] [superpoint_node]: Keypoints estratti: 800
[superpoint_node-2] [ERROR] [1768034110.569051317] [superpoint_node]: Errore pubblicazione keypoints 3D: could not assign tuple of length 3 to structure with 4 fields.
[superpoint_node-2] [INFO] [1768034110.659072423] [superpoint_node]: Keypoints estratti: 800
[superpoint_node-2] [ERROR] [1768034110.664612078] [superpoint_node]: Errore pubblicazione keypoints 3D: could not assign tuple of length 3 to structure with 4 fields.
[superpoint_node-2] [INFO] [1768034110.772244991] [superpoint_node]: Keypoints estratti: 800
[superpoint_node-2] [ERROR] [1768034110.778332743] [superpoint_node]: Errore pubblicazione keypoints 3D: could not assign tuple of length 3 to structure with 4 fields.
[rtabmap-14] [INFO] [1768034110.812145346] [rtabmap]: rtabmap (1190): Rate=0.50s, Limit=0.001s, Conversion=0.0017s, RTAB-Map=0.0531s, Maps update=0.0005s pub=0.0008s delay=0.1076s (local map=4, WM=5)
[superpoint_node-2] [INFO] [1768034110.874298526] [superpoint_node]: Keypoints estratti: 800
[superpoint_node-2] [ERROR] [1768034110.880007071] [superpoint_node]: Errore pubblicazione keypoints 3D: could not assign tuple of length 3 to structure with 4 fields.
[superpoint_node-2] [INFO] [1768034110.971528929] [superpoint_node]: Keypoints estratti: 800
[superpoint_node-2] [ERROR] [1768034110.978789302] [superpoint_node]: Errore pubblicazione keypoints 3D: could not assign tuple of length 3 to structure with 4 fields.
[superpoint_node-2] [INFO] [1768034111.070475643] [superpoint_node]: Keypoints estratti: 800
[superpoint_node-2] [ERROR] [1768034111.076261356] [superpoint_node]: Errore pubblicazione keypoints 3D: could not assign tuple of length 3 to structure with 4 fields.
[superpoint_node-2] [INFO] [1768034111.166063163] [superpoint_node]: Keypoints estratti: 800
[superpoint_node-2] [ERROR] [1768034111.171259575] [superpoint_node]: Errore pubblicazione keypoints 3D: could not assign tuple of length 3 to structure with 4 fields.
[superpoint_node-2] [INFO] [1768034111.265233120] [superpoint_node]: Keypoints estratti: 800
[superpoint_node-2] [ERROR] [1768034111.271145130] [superpoint_node]: Errore pubblicazione keypoints 3D: could not assign tuple of length 3 to structure with 4 fields.
[rtabmap-14] [INFO] [1768034111.307711791] [rtabmap]: rtabmap (1191): Rate=0.50s, Limit=0.001s, Conversion=0.0003s, RTAB-Map=0.0572s, Maps update=0.0003s pub=0.0007s delay=0.0952s (local map=5, WM=5)
[superpoint_node-2] [INFO] [1768034111.369155447] [superpoint_node]: Keypoints estratti: 800
[superpoint_node-2] [ERROR] [1768034111.375561628] [superpoint_node]: Errore pubblicazione keypoints 3D: could not assign tuple of length 3 to structure with 4 fields.
[superpoint_node-2] [INFO] [1768034111.464325279] [superpoint_node]: Keypoints estratti: 800
[superpoint_node-2] [ERROR] [1768034111.469912805] [superpoint_node]: Errore pubblicazione keypoints 3D: could not assign tuple of length 3 to structure with 4 fields.
[superpoint_node-2] [INFO] [1768034111.564430724] [superpoint_node]: Keypoints estratti: 800
[superpoint_node-2] [ERROR] [1768034111.570041287] [superpoint_node]: Errore pubblicazione keypoints 3D: could not assign tuple of length 3 to structure with 4 fields.
[superpoint_node-2] [INFO] [1768034111.664365298] [superpoint_node]: Keypoints estratti: 800
[superpoint_node-2] [ERROR] [1768034111.669968787] [superpoint_node]: Errore pubblicazione keypoints 3D: could not assign tuple of length 3 to structure with 4 fields.
[superpoint_node-2] [INFO] [1768034111.762295985] [superpoint_node]: Keypoints estratti: 800
[superpoint_node-2] [ERROR] [1768034111.768091846] [superpoint_node]: Errore pubblicazione keypoints 3D: could not assign tuple of length 3 to structure with 4 fields.
[superpoint_node-2] [INFO] [1768034111.862427356] [superpoint_node]: Keypoints estratti: 800
[rtabmap-14] [INFO] [1768034111.864312723] [rtabmap]: rtabmap (1192): Rate=0.50s, Limit=0.001s, Conversion=0.0002s, RTAB-Map=0.0744s, Maps update=0.0042s pub=0.0010s delay=0.1512s (local map=4, WM=5)
[superpoint_node-2] [ERROR] [1768034111.869091335] [superpoint_node]: Errore pubblicazione keypoints 3D: could not assign tuple of length 3 to structure with 4 fields.
[superpoint_node-2] [INFO] [1768034111.961288069] [superpoint_node]: Keypoints estratti: 800
[superpoint_node-2] [ERROR] [1768034111.967173838] [superpoint_node]: Errore pubblicazione keypoints 3D: could not assign tuple of length 3 to structure with 4 fields.
[superpoint_node-2] [INFO] [1768034112.064536521] [superpoint_node]: Keypoints estratti: 800
[superpoint_node-2] [ERROR] [1768034112.070300233] [superpoint_node]: Errore pubblicazione keypoints 3D: could not assign tuple of length 3 to structure with 4 fields.
[superpoint_node-2] [INFO] [1768034112.164662781] [superpoint_node]: Keypoints estratti: 800
[superpoint_node-2] [ERROR] [1768034112.170640625] [superpoint_node]: Errore pubblicazione keypoints 3D: could not assign tuple of length 3 to structure with 4 fields.
[superpoint_node-2] [INFO] [1768034112.263981498] [superpoint_node]: Keypoints estratti: 800
[superpoint_node-2] [ERROR] [1768034112.269801248] [superpoint_node]: Errore pubblicazione keypoints 3D: could not assign tuple of length 3 to structure with 4 fields.
[superpoint_node-2] [INFO] [1768034112.368174827] [superpoint_node]: Keypoints estratti: 800
[superpoint_node-2] [ERROR] [1768034112.375079956] [superpoint_node]: Errore pubblicazione keypoints 3D: could not assign tuple of length 3 to structure with 4 fields.
[rtabmap-14] [INFO] [1768034112.445048273] [rtabmap]: rtabmap (1193): Rate=0.50s, Limit=0.001s, Conversion=0.0006s, RTAB-Map=0.0878s, Maps update=0.0007s pub=0.0020s delay=0.1337s (local map=5, WM=5)
[superpoint_node-2] [INFO] [1768034112.470494272] [superpoint_node]: Keypoints estratti: 800
[superpoint_node-2] [ERROR] [1768034112.476589579] [superpoint_node]: Errore pubblicazione keypoints 3D: could not assign tuple of length 3 to structure with 4 fields.
[superpoint_node-2] [INFO] [1768034112.568221827] [superpoint_node]: Keypoints estratti: 800
[superpoint_node-2] [ERROR] [1768034112.574278190] [superpoint_node]: Errore pubblicazione keypoints 3D: could not assign tuple of length 3 to structure with 4 fields.
[superpoint_node-2] [INFO] [1768034112.667302598] [superpoint_node]: Keypoints estratti: 800
[superpoint_node-2] [ERROR] [1768034112.673603370] [superpoint_node]: Errore pubblicazione keypoints 3D: could not assign tuple of length 3 to structure with 4 fields.
[superpoint_node-2] [INFO] [1768034112.766963169] [superpoint_node]: Keypoints estratti: 800
[superpoint_node-2] [ERROR] [1768034112.773583185] [superpoint_node]: Errore pubblicazione keypoints 3D: could not assign tuple of length 3 to structure with 4 fields.
[superpoint_node-2] [INFO] [1768034112.871148313] [superpoint_node]: Keypoints estratti: 800
[superpoint_node-2] [ERROR] [1768034112.877785422] [superpoint_node]: Errore pubblicazione keypoints 3D: could not assign tuple of length 3 to structure with 4 fields.
[rtabmap-14] [INFO] [1768034112.924136846] [rtabmap]: rtabmap (1194): Rate=0.50s, Limit=0.001s, Conversion=0.0005s, RTAB-Map=0.0593s, Maps update=0.0094s pub=0.0020s delay=0.1080s (local map=4, WM=5)
[superpoint_node-2] [INFO] [1768034112.977188528] [superpoint_node]: Keypoints estratti: 800
[superpoint_node-2] [ERROR] [1768034112.982992093] [superpoint_node]: Errore pubblicazione keypoints 3D: could not assign tuple of length 3 to structure with 4 fields.
[superpoint_node-2] [INFO] [1768034113.074766286] [superpoint_node]: Keypoints estratti: 800
[superpoint_node-2] [ERROR] [1768034113.080115014] [superpoint_node]: Errore pubblicazione keypoints 3D: could not assign tuple of length 3 to structure with 4 fields.
[superpoint_node-2] [INFO] [1768034113.168773405] [superpoint_node]: Keypoints estratti: 800
[superpoint_node-2] [ERROR] [1768034113.174416061] [superpoint_node]: Errore pubblicazione keypoints 3D: could not assign tuple of length 3 to structure with 4 fields.
[superpoint_node-2] [INFO] [1768034113.268440791] [superpoint_node]: Keypoints estratti: 800
[superpoint_node-2] [ERROR] [1768034113.274757916] [superpoint_node]: Errore pubblicazione keypoints 3D: could not assign tuple of length 3 to structure with 4 fields.
[superpoint_node-2] [INFO] [1768034113.366199885] [superpoint_node]: Keypoints estratti: 800
[superpoint_node-2] [ERROR] [1768034113.371710262] [superpoint_node]: Errore pubblicazione keypoints 3D: could not assign tuple of length 3 to structure with 4 fields.
[superpoint_node-2] [INFO] [1768034113.467646729] [superpoint_node]: Keypoints estratti: 800
[superpoint_node-2] [ERROR] [1768034113.474311394] [superpoint_node]: Errore pubblicazione keypoints 3D: could not assign tuple of length 3 to structure with 4 fields.
[rtabmap-14] [INFO] [1768034113.518142428] [rtabmap]: rtabmap (1195): Rate=0.50s, Limit=0.001s, Conversion=0.0012s, RTAB-Map=0.0609s, Maps update=0.0025s pub=0.0009s delay=0.1051s (local map=5, WM=5)
[superpoint_node-2] [INFO] [1768034113.577845199] [superpoint_node]: Keypoints estratti: 800
[superpoint_node-2] [ERROR] [1768034113.584118231] [superpoint_node]: Errore pubblicazione keypoints 3D: could not assign tuple of length 3 to structure with 4 fields.
[superpoint_node-2] [INFO] [1768034113.678882615] [superpoint_node]: Keypoints estratti: 800
[superpoint_node-2] [ERROR] [1768034113.685500390] [superpoint_node]: Errore pubblicazione keypoints 3D: could not assign tuple of length 3 to structure with 4 fields.
[superpoint_node-2] [INFO] [1768034113.778255277] [superpoint_node]: Keypoints estratti: 800
[superpoint_node-2] [ERROR] [1768034113.784266139] [superpoint_node]: Errore pubblicazione keypoints 3D: could not assign tuple of length 3 to structure with 4 fields.
[superpoint_node-2] [INFO] [1768034113.877400640] [superpoint_node]: Keypoints estratti: 800
[superpoint_node-2] [ERROR] [1768034113.884025600] [superpoint_node]: Errore pubblicazione keypoints 3D: could not assign tuple of length 3 to structure with 4 fields.
[superpoint_node-2] [INFO] [1768034113.977457178] [superpoint_node]: Keypoints estratti: 800
[superpoint_node-2] [ERROR] [1768034113.983493966] [superpoint_node]: Errore pubblicazione keypoints 3D: could not assign tuple of length 3 to structure with 4 fields.
[rtabmap-14] [INFO] [1768034114.050663983] [rtabmap]: rtabmap (1196): Rate=0.50s, Limit=0.001s, Conversion=0.0007s, RTAB-Map=0.0639s, Maps update=0.0038s pub=0.0009s delay=0.1238s (local map=4, WM=5)
[superpoint_node-2] [INFO] [1768034114.082309864] [superpoint_node]: Keypoints estratti: 800
[superpoint_node-2] [ERROR] [1768034114.088026947] [superpoint_node]: Errore pubblicazione keypoints 3D: could not assign tuple of length 3 to structure with 4 fields.
[superpoint_node-2] [INFO] [1768034114.178296628] [superpoint_node]: Keypoints estratti: 800
[superpoint_node-2] [ERROR] [1768034114.184315676] [superpoint_node]: Errore pubblicazione keypoints 3D: could not assign tuple of length 3 to structure with 4 fields.
[superpoint_node-2] [INFO] [1768034114.275667256] [superpoint_node]: Keypoints estratti: 800
[superpoint_node-2] [ERROR] [1768034114.281827768] [superpoint_node]: Errore pubblicazione keypoints 3D: could not assign tuple of length 3 to structure with 4 fields.
[superpoint_node-2] [INFO] [1768034114.376364743] [superpoint_node]: Keypoints estratti: 800
[superpoint_node-2] [ERROR] [1768034114.382218956] [superpoint_node]: Errore pubblicazione keypoints 3D: could not assign tuple of length 3 to structure with 4 fields.
[superpoint_node-2] [INFO] [1768034114.473840611] [superpoint_node]: Keypoints estratti: 800
[superpoint_node-2] [ERROR] [1768034114.479422934] [superpoint_node]: Errore pubblicazione keypoints 3D: could not assign tuple of length 3 to structure with 4 fields.
[superpoint_node-2] [INFO] [1768034114.571748502] [superpoint_node]: Keypoints estratti: 800
[superpoint_node-2] [ERROR] [1768034114.579116542] [superpoint_node]: Errore pubblicazione keypoints 3D: could not assign tuple of length 3 to structure with 4 fields.
[rtabmap-14] [INFO] [1768034114.625339058] [rtabmap]: rtabmap (1197): Rate=0.50s, Limit=0.001s, Conversion=0.0003s, RTAB-Map=0.0702s, Maps update=0.0064s pub=0.0023s delay=0.1037s (local map=5, WM=5)
[superpoint_node-2] [INFO] [1768034114.674452912] [superpoint_node]: Keypoints estratti: 800
[superpoint_node-2] [ERROR] [1768034114.680353237] [superpoint_node]: Errore pubblicazione keypoints 3D: could not assign tuple of length 3 to structure with 4 fields.
[superpoint_node-2] [INFO] [1768034114.771193720] [superpoint_node]: Keypoints estratti: 800
[superpoint_node-2] [ERROR] [1768034114.776934080] [superpoint_node]: Errore pubblicazione keypoints 3D: could not assign tuple of length 3 to structure with 4 fields.
[superpoint_node-2] [INFO] [1768034114.867644043] [superpoint_node]: Keypoints estratti: 800
[superpoint_node-2] [ERROR] [1768034114.873547794] [superpoint_node]: Errore pubblicazione keypoints 3D: could not assign tuple of length 3 to structure with 4 fields.
[superpoint_node-2] [INFO] [1768034114.962312241] [superpoint_node]: Keypoints estratti: 800
[superpoint_node-2] [ERROR] [1768034114.968003324] [superpoint_node]: Errore pubblicazione keypoints 3D: could not assign tuple of length 3 to structure with 4 fields.
[superpoint_node-2] [INFO] [1768034115.094706240] [superpoint_node]: Keypoints estratti: 800
[superpoint_node-2] [ERROR] [1768034115.100544138] [superpoint_node]: Errore pubblicazione keypoints 3D: could not assign tuple of length 3 to structure with 4 fields.
[rtabmap-14] [INFO] [1768034115.160077705] [rtabmap]: rtabmap (1198): Rate=0.50s, Limit=0.001s, Conversion=0.0002s, RTAB-Map=0.0346s, Maps update=0.0131s pub=0.0015s delay=0.1149s (local map=4, WM=5)
[superpoint_node-2] [INFO] [1768034115.192711280] [superpoint_node]: Keypoints estratti: 800
[superpoint_node-2] [ERROR] [1768034115.198385399] [superpoint_node]: Errore pubblicazione keypoints 3D: could not assign tuple of length 3 to structure with 4 fields.
[superpoint_node-2] [INFO] [1768034115.289743645] [superpoint_node]: Keypoints estratti: 800
[superpoint_node-2] [ERROR] [1768034115.295475839] [superpoint_node]: Errore pubblicazione keypoints 3D: could not assign tuple of length 3 to structure with 4 fields.
[superpoint_node-2] [INFO] [1768034115.389807386] [superpoint_node]: Keypoints estratti: 800
[superpoint_node-2] [ERROR] [1768034115.397173148] [superpoint_node]: Errore pubblicazione keypoints 3D: could not assign tuple of length 3 to structure with 4 fields.
[superpoint_node-2] [INFO] [1768034115.486504637] [superpoint_node]: Keypoints estratti: 800
[superpoint_node-2] [ERROR] [1768034115.491935866] [superpoint_node]: Errore pubblicazione keypoints 3D: could not assign tuple of length 3 to structure with 4 fields.
[superpoint_node-2] [INFO] [1768034115.585338184] [superpoint_node]: Keypoints estratti: 800
[superpoint_node-2] [ERROR] [1768034115.591052396] [superpoint_node]: Errore pubblicazione keypoints 3D: could not assign tuple of length 3 to structure with 4 fields.
[superpoint_node-2] [INFO] [1768034115.686440563] [superpoint_node]: Keypoints estratti: 800
[superpoint_node-2] [ERROR] [1768034115.692336610] [superpoint_node]: Errore pubblicazione keypoints 3D: could not assign tuple of length 3 to structure with 4 fields.
[rtabmap-14] [INFO] [1768034115.731104863] [rtabmap]: rtabmap (1199): Rate=0.50s, Limit=0.001s, Conversion=0.0002s, RTAB-Map=0.0717s, Maps update=0.0047s pub=0.0034s delay=0.0994s (local map=5, WM=5)
[superpoint_node-2] [INFO] [1768034115.790447224] [superpoint_node]: Keypoints estratti: 800
[superpoint_node-2] [ERROR] [1768034115.795977861] [superpoint_node]: Errore pubblicazione keypoints 3D: could not assign tuple of length 3 to structure with 4 fields.
[superpoint_node-2] [INFO] [1768034115.887906630] [superpoint_node]: Keypoints estratti: 800
[superpoint_node-2] [ERROR] [1768034115.893340432] [superpoint_node]: Errore pubblicazione keypoints 3D: could not assign tuple of length 3 to structure with 4 fields.
[superpoint_node-2] [INFO] [1768034115.984641770] [superpoint_node]: Keypoints estratti: 800
[superpoint_node-2] [ERROR] [1768034115.990206259] [superpoint_node]: Errore pubblicazione keypoints 3D: could not assign tuple of length 3 to structure with 4 fields.
[superpoint_node-2] [INFO] [1768034116.081076038] [superpoint_node]: Keypoints estratti: 800
[superpoint_node-2] [ERROR] [1768034116.086757102] [superpoint_node]: Errore pubblicazione keypoints 3D: could not assign tuple of length 3 to structure with 4 fields.
[superpoint_node-2] [INFO] [1768034116.184149266] [superpoint_node]: Keypoints estratti: 800
[superpoint_node-2] [ERROR] [1768034116.189649884] [superpoint_node]: Errore pubblicazione keypoints 3D: could not assign tuple of length 3 to structure with 4 fields.
[superpoint_node-2] [INFO] [1768034116.279982622] [superpoint_node]: Keypoints estratti: 800
[superpoint_node-2] [ERROR] [1768034116.287091123] [superpoint_node]: Errore pubblicazione keypoints 3D: could not assign tuple of length 3 to structure with 4 fields.
[rtabmap-14] [INFO] [1768034116.318541818] [rtabmap]: rtabmap (1200): Rate=0.50s, Limit=0.001s, Conversion=0.0002s, RTAB-Map=0.0380s, Maps update=0.0004s pub=0.0009s delay=0.0877s (local map=4, WM=5)
[superpoint_node-2] [INFO] [1768034116.384792679] [superpoint_node]: Keypoints estratti: 800
[superpoint_node-2] [ERROR] [1768034116.390153332] [superpoint_node]: Errore pubblicazione keypoints 3D: could not assign tuple of length 3 to structure with 4 fields.
[superpoint_node-2] [INFO] [1768034116.483823708] [superpoint_node]: Keypoints estratti: 800
[superpoint_node-2] [ERROR] [1768034116.489332474] [superpoint_node]: Errore pubblicazione keypoints 3D: could not assign tuple of length 3 to structure with 4 fields.
[superpoint_node-2] [INFO] [1768034116.580023178] [superpoint_node]: Keypoints estratti: 800
[superpoint_node-2] [ERROR] [1768034116.585945095] [superpoint_node]: Errore pubblicazione keypoints 3D: could not assign tuple of length 3 to structure with 4 fields.
[superpoint_node-2] [INFO] [1768034116.679862973] [superpoint_node]: Keypoints estratti: 800
[superpoint_node-2] [ERROR] [1768034116.685741816] [superpoint_node]: Errore pubblicazione keypoints 3D: could not assign tuple of length 3 to structure with 4 fields.
[superpoint_node-2] [INFO] [1768034116.774451633] [superpoint_node]: Keypoints estratti: 800
[superpoint_node-2] [ERROR] [1768034116.780371569] [superpoint_node]: Errore pubblicazione keypoints 3D: could not assign tuple of length 3 to structure with 4 fields.
[superpoint_node-2] [INFO] [1768034116.870377860] [superpoint_node]: Keypoints estratti: 800
[superpoint_node-2] [ERROR] [1768034116.876948283] [superpoint_node]: Errore pubblicazione keypoints 3D: could not assign tuple of length 3 to structure with 4 fields.
[rtabmap-14] [INFO] [1768034116.937374912] [rtabmap]: rtabmap (1201): Rate=0.50s, Limit=0.001s, Conversion=0.0010s, RTAB-Map=0.0732s, Maps update=0.0104s pub=0.0013s delay=0.1166s (local map=5, WM=5)
[superpoint_node-2] [INFO] [1768034116.971912798] [superpoint_node]: Keypoints estratti: 800
[superpoint_node-2] [ERROR] [1768034116.977851882] [superpoint_node]: Errore pubblicazione keypoints 3D: could not assign tuple of length 3 to structure with 4 fields.
[superpoint_node-2] [INFO] [1768034117.070066079] [superpoint_node]: Keypoints estratti: 800
[superpoint_node-2] [ERROR] [1768034117.076592168] [superpoint_node]: Errore pubblicazione keypoints 3D: could not assign tuple of length 3 to structure with 4 fields.
[superpoint_node-2] [INFO] [1768034117.170995716] [superpoint_node]: Keypoints estratti: 800
[superpoint_node-2] [ERROR] [1768034117.177021061] [superpoint_node]: Errore pubblicazione keypoints 3D: could not assign tuple of length 3 to structure with 4 fields.
[superpoint_node-2] [INFO] [1768034117.265578192] [superpoint_node]: Keypoints estratti: 800
[superpoint_node-2] [ERROR] [1768034117.270958012] [superpoint_node]: Errore pubblicazione keypoints 3D: could not assign tuple of length 3 to structure with 4 fields.
[superpoint_node-2] [INFO] [1768034117.360849673] [superpoint_node]: Keypoints estratti: 800
[superpoint_node-2] [ERROR] [1768034117.367273427] [superpoint_node]: Errore pubblicazione keypoints 3D: could not assign tuple of length 3 to structure with 4 fields.
[superpoint_node-2] [INFO] [1768034117.464735833] [superpoint_node]: Keypoints estratti: 800
[superpoint_node-2] [ERROR] [1768034117.470416360] [superpoint_node]: Errore pubblicazione keypoints 3D: could not assign tuple of length 3 to structure with 4 fields.
[rtabmap-14] [INFO] [1768034117.495982434] [rtabmap]: rtabmap (1202): Rate=0.50s, Limit=0.001s, Conversion=0.0004s, RTAB-Map=0.0442s, Maps update=0.0031s pub=0.0012s delay=0.0846s (local map=4, WM=5)
[superpoint_node-2] [INFO] [1768034117.564395108] [superpoint_node]: Keypoints estratti: 800
[superpoint_node-2] [ERROR] [1768034117.569930541] [superpoint_node]: Errore pubblicazione keypoints 3D: could not assign tuple of length 3 to structure with 4 fields.
[superpoint_node-2] [INFO] [1768034117.663791548] [superpoint_node]: Keypoints estratti: 800
[superpoint_node-2] [ERROR] [1768034117.669368537] [superpoint_node]: Errore pubblicazione keypoints 3D: could not assign tuple of length 3 to structure with 4 fields.
[superpoint_node-2] [INFO] [1768034117.761108304] [superpoint_node]: Keypoints estratti: 800
[superpoint_node-2] [ERROR] [1768034117.766769868] [superpoint_node]: Errore pubblicazione keypoints 3D: could not assign tuple of length 3 to structure with 4 fields.
[superpoint_node-2] [INFO] [1768034117.857999779] [superpoint_node]: Keypoints estratti: 800
[superpoint_node-2] [ERROR] [1768034117.863713399] [superpoint_node]: Errore pubblicazione keypoints 3D: could not assign tuple of length 3 to structure with 4 fields.
[superpoint_node-2] [INFO] [1768034117.953856728] [superpoint_node]: Keypoints estratti: 800
[superpoint_node-2] [ERROR] [1768034117.959325012] [superpoint_node]: Errore pubblicazione keypoints 3D: could not assign tuple of length 3 to structure with 4 fields.
[superpoint_node-2] [INFO] [1768034118.056430563] [superpoint_node]: Keypoints estratti: 800
[superpoint_node-2] [ERROR] [1768034118.062195942] [superpoint_node]: Errore pubblicazione keypoints 3D: could not assign tuple of length 3 to structure with 4 fields.
[rtabmap-14] [INFO] [1768034118.068419473] [rtabmap]: rtabmap (1203): Rate=0.50s, Limit=0.001s, Conversion=0.0002s, RTAB-Map=0.0411s, Maps update=0.0007s pub=0.0009s delay=0.0655s (local map=5, WM=5)
[superpoint_node-2] [INFO] [1768034118.152221955] [superpoint_node]: Keypoints estratti: 800
[superpoint_node-2] [ERROR] [1768034118.157734777] [superpoint_node]: Errore pubblicazione keypoints 3D: could not assign tuple of length 3 to structure with 4 fields.
[superpoint_node-2] [INFO] [1768034118.253136870] [superpoint_node]: Keypoints estratti: 800
[superpoint_node-2] [ERROR] [1768034118.259512680] [superpoint_node]: Errore pubblicazione keypoints 3D: could not assign tuple of length 3 to structure with 4 fields.
[superpoint_node-2] [INFO] [1768034118.384093765] [superpoint_node]: Keypoints estratti: 800
[superpoint_node-2] [ERROR] [1768034118.389558271] [superpoint_node]: Errore pubblicazione keypoints 3D: could not assign tuple of length 3 to structure with 4 fields.
[superpoint_node-2] [INFO] [1768034118.482003452] [superpoint_node]: Keypoints estratti: 800
[superpoint_node-2] [ERROR] [1768034118.487564996] [superpoint_node]: Errore pubblicazione keypoints 3D: could not assign tuple of length 3 to structure with 4 fields.
[superpoint_node-2] [INFO] [1768034118.580768719] [superpoint_node]: Keypoints estratti: 800
[superpoint_node-2] [ERROR] [1768034118.587036306] [superpoint_node]: Errore pubblicazione keypoints 3D: could not assign tuple of length 3 to structure with 4 fields.
[rtabmap-14] [INFO] [1768034118.661201249] [rtabmap]: rtabmap (1204): Rate=0.50s, Limit=0.001s, Conversion=0.0007s, RTAB-Map=0.0817s, Maps update=0.0008s pub=0.0015s delay=0.1305s (local map=4, WM=5)
[superpoint_node-2] [INFO] [1768034118.682438362] [superpoint_node]: Keypoints estratti: 800
[superpoint_node-2] [ERROR] [1768034118.687895832] [superpoint_node]: Errore pubblicazione keypoints 3D: could not assign tuple of length 3 to structure with 4 fields.
[superpoint_node-2] [INFO] [1768034118.779381597] [superpoint_node]: Keypoints estratti: 800
[superpoint_node-2] [ERROR] [1768034118.785227403] [superpoint_node]: Errore pubblicazione keypoints 3D: could not assign tuple of length 3 to structure with 4 fields.
[superpoint_node-2] [INFO] [1768034118.879370597] [superpoint_node]: Keypoints estratti: 800
[superpoint_node-2] [ERROR] [1768034118.885049827] [superpoint_node]: Errore pubblicazione keypoints 3D: could not assign tuple of length 3 to structure with 4 fields.
[superpoint_node-2] [INFO] [1768034118.977819529] [superpoint_node]: Keypoints estratti: 800
[superpoint_node-2] [ERROR] [1768034118.984029393] [superpoint_node]: Errore pubblicazione keypoints 3D: could not assign tuple of length 3 to structure with 4 fields.
[superpoint_node-2] [INFO] [1768034119.072312244] [superpoint_node]: Keypoints estratti: 800
[superpoint_node-2] [ERROR] [1768034119.078327959] [superpoint_node]: Errore pubblicazione keypoints 3D: could not assign tuple of length 3 to structure with 4 fields.
[superpoint_node-2] [INFO] [1768034119.174562318] [superpoint_node]: Keypoints estratti: 800
[superpoint_node-2] [ERROR] [1768034119.180821127] [superpoint_node]: Errore pubblicazione keypoints 3D: could not assign tuple of length 3 to structure with 4 fields.
[rtabmap-14] [INFO] [1768034119.251398985] [rtabmap]: rtabmap (1205): Rate=0.50s, Limit=0.001s, Conversion=0.0005s, RTAB-Map=0.0912s, Maps update=0.0031s pub=0.0019s delay=0.1329s (local map=5, WM=5)
[superpoint_node-2] [INFO] [1768034119.273368790] [superpoint_node]: Keypoints estratti: 800
[superpoint_node-2] [ERROR] [1768034119.278886130] [superpoint_node]: Errore pubblicazione keypoints 3D: could not assign tuple of length 3 to structure with 4 fields.
[superpoint_node-2] [INFO] [1768034119.369393295] [superpoint_node]: Keypoints estratti: 800
[superpoint_node-2] [ERROR] [1768034119.375207212] [superpoint_node]: Errore pubblicazione keypoints 3D: could not assign tuple of length 3 to structure with 4 fields.
[superpoint_node-2] [INFO] [1768034119.468728512] [superpoint_node]: Keypoints estratti: 800
[superpoint_node-2] [ERROR] [1768034119.475401584] [superpoint_node]: Errore pubblicazione keypoints 3D: could not assign tuple of length 3 to structure with 4 fields.
[superpoint_node-2] [INFO] [1768034119.570694065] [superpoint_node]: Keypoints estratti: 800
[superpoint_node-2] [ERROR] [1768034119.576663446] [superpoint_node]: Errore pubblicazione keypoints 3D: could not assign tuple of length 3 to structure with 4 fields.
[superpoint_node-2] [INFO] [1768034119.667467854] [superpoint_node]: Keypoints estratti: 800
[superpoint_node-2] [ERROR] [1768034119.673558236] [superpoint_node]: Errore pubblicazione keypoints 3D: could not assign tuple of length 3 to structure with 4 fields.
[superpoint_node-2] [INFO] [1768034119.768847235] [superpoint_node]: Keypoints estratti: 800
[superpoint_node-2] [ERROR] [1768034119.774818560] [superpoint_node]: Errore pubblicazione keypoints 3D: could not assign tuple of length 3 to structure with 4 fields.
[rtabmap-14] [INFO] [1768034119.831920348] [rtabmap]: rtabmap (1206): Rate=0.50s, Limit=0.001s, Conversion=0.0005s, RTAB-Map=0.0645s, Maps update=0.0083s pub=0.0021s delay=0.1178s (local map=4, WM=5)
[superpoint_node-2] [INFO] [1768034119.868826531] [superpoint_node]: Keypoints estratti: 800
[superpoint_node-2] [ERROR] [1768034119.875002988] [superpoint_node]: Errore pubblicazione keypoints 3D: could not assign tuple of length 3 to structure with 4 fields.
[superpoint_node-2] [INFO] [1768034119.970507989] [superpoint_node]: Keypoints estratti: 800
[superpoint_node-2] [ERROR] [1768034119.976210757] [superpoint_node]: Errore pubblicazione keypoints 3D: could not assign tuple of length 3 to structure with 4 fields.
[superpoint_node-2] [INFO] [1768034120.067239426] [superpoint_node]: Keypoints estratti: 800
[superpoint_node-2] [ERROR] [1768034120.072848045] [superpoint_node]: Errore pubblicazione keypoints 3D: could not assign tuple of length 3 to structure with 4 fields.
[superpoint_node-2] [INFO] [1768034120.167337167] [superpoint_node]: Keypoints estratti: 800
[superpoint_node-2] [ERROR] [1768034120.172701340] [superpoint_node]: Errore pubblicazione keypoints 3D: could not assign tuple of length 3 to structure with 4 fields.
[superpoint_node-2] [INFO] [1768034120.268320360] [superpoint_node]: Keypoints estratti: 800
[superpoint_node-2] [ERROR] [1768034120.274916339] [superpoint_node]: Errore pubblicazione keypoints 3D: could not assign tuple of length 3 to structure with 4 fields.
[rtabmap-14] [INFO] [1768034120.318036904] [rtabmap]: rtabmap (1207): Rate=0.50s, Limit=0.001s, Conversion=0.0005s, RTAB-Map=0.0609s, Maps update=0.0036s pub=0.0008s delay=0.1034s (local map=5, WM=5)
[superpoint_node-2] [INFO] [1768034120.373841812] [superpoint_node]: Keypoints estratti: 800
[superpoint_node-2] [ERROR] [1768034120.379747062] [superpoint_node]: Errore pubblicazione keypoints 3D: could not assign tuple of length 3 to structure with 4 fields.
[superpoint_node-2] [INFO] [1768034120.470246487] [superpoint_node]: Keypoints estratti: 800
[superpoint_node-2] [ERROR] [1768034120.476421128] [superpoint_node]: Errore pubblicazione keypoints 3D: could not assign tuple of length 3 to structure with 4 fields.
[superpoint_node-2] [INFO] [1768034120.572858674] [superpoint_node]: Keypoints estratti: 800
[superpoint_node-2] [ERROR] [1768034120.578697647] [superpoint_node]: Errore pubblicazione keypoints 3D: could not assign tuple of length 3 to structure with 4 fields.
[superpoint_node-2] [INFO] [1768034120.668169729] [superpoint_node]: Keypoints estratti: 800
[superpoint_node-2] [ERROR] [1768034120.673812219] [superpoint_node]: Errore pubblicazione keypoints 3D: could not assign tuple of length 3 to structure with 4 fields.
[superpoint_node-2] [INFO] [1768034120.767203185] [superpoint_node]: Keypoints estratti: 800
[superpoint_node-2] [ERROR] [1768034120.773624884] [superpoint_node]: Errore pubblicazione keypoints 3D: could not assign tuple of length 3 to structure with 4 fields.
[rtabmap-14] [INFO] [1768034120.834697666] [rtabmap]: rtabmap (1208): Rate=0.50s, Limit=0.001s, Conversion=0.0006s, RTAB-Map=0.0769s, Maps update=0.0089s pub=0.0036s delay=0.1196s (local map=4, WM=5)
[superpoint_node-2] [INFO] [1768034120.868101303] [superpoint_node]: Keypoints estratti: 800
[superpoint_node-2] [ERROR] [1768034120.874521095] [superpoint_node]: Errore pubblicazione keypoints 3D: could not assign tuple of length 3 to structure with 4 fields.
[superpoint_node-2] [INFO] [1768034120.965773155] [superpoint_node]: Keypoints estratti: 800
[superpoint_node-2] [ERROR] [1768034120.971364551] [superpoint_node]: Errore pubblicazione keypoints 3D: could not assign tuple of length 3 to structure with 4 fields.
[superpoint_node-2] [INFO] [1768034121.061529232] [superpoint_node]: Keypoints estratti: 800
[superpoint_node-2] [ERROR] [1768034121.067522057] [superpoint_node]: Errore pubblicazione keypoints 3D: could not assign tuple of length 3 to structure with 4 fields.
[superpoint_node-2] [INFO] [1768034121.161299267] [superpoint_node]: Keypoints estratti: 800
[superpoint_node-2] [ERROR] [1768034121.167068276] [superpoint_node]: Errore pubblicazione keypoints 3D: could not assign tuple of length 3 to structure with 4 fields.
[superpoint_node-2] [INFO] [1768034121.257199234] [superpoint_node]: Keypoints estratti: 800
[superpoint_node-2] [ERROR] [1768034121.263153986] [superpoint_node]: Errore pubblicazione keypoints 3D: could not assign tuple of length 3 to structure with 4 fields.
[superpoint_node-2] [INFO] [1768034121.356238616] [superpoint_node]: Keypoints estratti: 800
[superpoint_node-2] [ERROR] [1768034121.364072141] [superpoint_node]: Errore pubblicazione keypoints 3D: could not assign tuple of length 3 to structure with 4 fields.
[rtabmap-14] [INFO] [1768034121.434823408] [rtabmap]: rtabmap (1209): Rate=0.50s, Limit=0.001s, Conversion=0.0005s, RTAB-Map=0.0793s, Maps update=0.0022s pub=0.0014s delay=0.1312s (local map=5, WM=5)
[superpoint_node-2] [INFO] [1768034121.460706281] [superpoint_node]: Keypoints estratti: 800
[superpoint_node-2] [ERROR] [1768034121.466782403] [superpoint_node]: Errore pubblicazione keypoints 3D: could not assign tuple of length 3 to structure with 4 fields.
[superpoint_node-2] [INFO] [1768034121.599984501] [superpoint_node]: Keypoints estratti: 800
[superpoint_node-2] [ERROR] [1768034121.608090454] [superpoint_node]: Errore pubblicazione keypoints 3D: could not assign tuple of length 3 to structure with 4 fields.
[superpoint_node-2] [INFO] [1768034121.699434034] [superpoint_node]: Keypoints estratti: 800
[superpoint_node-2] [ERROR] [1768034121.705187135] [superpoint_node]: Errore pubblicazione keypoints 3D: could not assign tuple of length 3 to structure with 4 fields.
[superpoint_node-2] [INFO] [1768034121.796933477] [superpoint_node]: Keypoints estratti: 800
[superpoint_node-2] [ERROR] [1768034121.802868431] [superpoint_node]: Errore pubblicazione keypoints 3D: could not assign tuple of length 3 to structure with 4 fields.
[superpoint_node-2] [INFO] [1768034121.893140669] [superpoint_node]: Keypoints estratti: 800
[superpoint_node-2] [ERROR] [1768034121.898832658] [superpoint_node]: Errore pubblicazione keypoints 3D: could not assign tuple of length 3 to structure with 4 fields.
[rtabmap-14] [INFO] [1768034121.968744197] [rtabmap]: rtabmap (1210): Rate=0.50s, Limit=0.001s, Conversion=0.0010s, RTAB-Map=0.0810s, Maps update=0.0017s pub=0.0013s delay=0.1258s (local map=4, WM=5)
[superpoint_node-2] [INFO] [1768034121.996500084] [superpoint_node]: Keypoints estratti: 800
[superpoint_node-2] [ERROR] [1768034122.002855894] [superpoint_node]: Errore pubblicazione keypoints 3D: could not assign tuple of length 3 to structure with 4 fields.
[superpoint_node-2] [INFO] [1768034122.093704266] [superpoint_node]: Keypoints estratti: 800
[superpoint_node-2] [ERROR] [1768034122.099741388] [superpoint_node]: Errore pubblicazione keypoints 3D: could not assign tuple of length 3 to structure with 4 fields.
[superpoint_node-2] [INFO] [1768034122.196365750] [superpoint_node]: Keypoints estratti: 800
[superpoint_node-2] [ERROR] [1768034122.201936294] [superpoint_node]: Errore pubblicazione keypoints 3D: could not assign tuple of length 3 to structure with 4 fields.
[superpoint_node-2] [INFO] [1768034122.293669932] [superpoint_node]: Keypoints estratti: 800
[superpoint_node-2] [ERROR] [1768034122.299360792] [superpoint_node]: Errore pubblicazione keypoints 3D: could not assign tuple of length 3 to structure with 4 fields.
[superpoint_node-2] [INFO] [1768034122.391497285] [superpoint_node]: Keypoints estratti: 800
[superpoint_node-2] [ERROR] [1768034122.397128293] [superpoint_node]: Errore pubblicazione keypoints 3D: could not assign tuple of length 3 to structure with 4 fields.
[rtabmap-14] [INFO] [1768034122.481398427] [rtabmap]: rtabmap (1211): Rate=0.50s, Limit=0.001s, Conversion=0.0002s, RTAB-Map=0.0562s, Maps update=0.0068s pub=0.0012s delay=0.1379s (local map=5, WM=5)
[superpoint_node-2] [INFO] [1768034122.493519542] [superpoint_node]: Keypoints estratti: 800
[superpoint_node-2] [ERROR] [1768034122.499026567] [superpoint_node]: Errore pubblicazione keypoints 3D: could not assign tuple of length 3 to structure with 4 fields.
[superpoint_node-2] [INFO] [1768034122.588987302] [superpoint_node]: Keypoints estratti: 800
[superpoint_node-2] [ERROR] [1768034122.594542791] [superpoint_node]: Errore pubblicazione keypoints 3D: could not assign tuple of length 3 to structure with 4 fields.
[superpoint_node-2] [INFO] [1768034122.690570944] [superpoint_node]: Keypoints estratti: 800
[superpoint_node-2] [ERROR] [1768034122.696090247] [superpoint_node]: Errore pubblicazione keypoints 3D: could not assign tuple of length 3 to structure with 4 fields.
[superpoint_node-2] [INFO] [1768034122.787013008] [superpoint_node]: Keypoints estratti: 800
[superpoint_node-2] [ERROR] [1768034122.792609016] [superpoint_node]: Errore pubblicazione keypoints 3D: could not assign tuple of length 3 to structure with 4 fields.
[superpoint_node-2] [INFO] [1768034122.879307854] [superpoint_node]: Keypoints estratti: 800
[superpoint_node-2] [ERROR] [1768034122.884994363] [superpoint_node]: Errore pubblicazione keypoints 3D: could not assign tuple of length 3 to structure with 4 fields.
[superpoint_node-2] [INFO] [1768034122.975210118] [superpoint_node]: Keypoints estratti: 800
[superpoint_node-2] [ERROR] [1768034122.982692585] [superpoint_node]: Errore pubblicazione keypoints 3D: could not assign tuple of length 3 to structure with 4 fields.
[rtabmap-14] [INFO] [1768034123.041115310] [rtabmap]: rtabmap (1212): Rate=0.50s, Limit=0.001s, Conversion=0.0002s, RTAB-Map=0.0807s, Maps update=0.0076s pub=0.0024s delay=0.1154s (local map=4, WM=5)
[superpoint_node-2] [INFO] [1768034123.079450782] [superpoint_node]: Keypoints estratti: 800
[superpoint_node-2] [ERROR] [1768034123.085956815] [superpoint_node]: Errore pubblicazione keypoints 3D: could not assign tuple of length 3 to structure with 4 fields.
[superpoint_node-2] [INFO] [1768034123.177777379] [superpoint_node]: Keypoints estratti: 800
[superpoint_node-2] [ERROR] [1768034123.187495031] [superpoint_node]: Errore pubblicazione keypoints 3D: could not assign tuple of length 3 to structure with 4 fields.
[superpoint_node-2] [INFO] [1768034123.277080540] [superpoint_node]: Keypoints estratti: 800
[superpoint_node-2] [ERROR] [1768034123.284541341] [superpoint_node]: Errore pubblicazione keypoints 3D: could not assign tuple of length 3 to structure with 4 fields.
[superpoint_node-2] [INFO] [1768034123.380018453] [superpoint_node]: Keypoints estratti: 800
[superpoint_node-2] [ERROR] [1768034123.385837684] [superpoint_node]: Errore pubblicazione keypoints 3D: could not assign tuple of length 3 to structure with 4 fields.
[superpoint_node-2] [INFO] [1768034123.478013103] [superpoint_node]: Keypoints estratti: 800
[superpoint_node-2] [ERROR] [1768034123.484371821] [superpoint_node]: Errore pubblicazione keypoints 3D: could not assign tuple of length 3 to structure with 4 fields.
[rtabmap-14] [INFO] [1768034123.529474939] [rtabmap]: rtabmap (1213): Rate=0.50s, Limit=0.001s, Conversion=0.0007s, RTAB-Map=0.0495s, Maps update=0.0016s pub=0.0011s delay=0.1012s (local map=5, WM=5)
[superpoint_node-2] [INFO] [1768034123.579349410] [superpoint_node]: Keypoints estratti: 800
[superpoint_node-2] [ERROR] [1768034123.585239179] [superpoint_node]: Errore pubblicazione keypoints 3D: could not assign tuple of length 3 to structure with 4 fields.
[superpoint_node-2] [INFO] [1768034123.674960023] [superpoint_node]: Keypoints estratti: 800
[superpoint_node-2] [ERROR] [1768034123.680574550] [superpoint_node]: Errore pubblicazione keypoints 3D: could not assign tuple of length 3 to structure with 4 fields.
[superpoint_node-2] [INFO] [1768034123.773035971] [superpoint_node]: Keypoints estratti: 800
[superpoint_node-2] [ERROR] [1768034123.778632867] [superpoint_node]: Errore pubblicazione keypoints 3D: could not assign tuple of length 3 to structure with 4 fields.
[superpoint_node-2] [INFO] [1768034123.869285441] [superpoint_node]: Keypoints estratti: 800
[superpoint_node-2] [ERROR] [1768034123.875939420] [superpoint_node]: Errore pubblicazione keypoints 3D: could not assign tuple of length 3 to structure with 4 fields.
[superpoint_node-2] [INFO] [1768034123.965809080] [superpoint_node]: Keypoints estratti: 800
[superpoint_node-2] [ERROR] [1768034123.971294179] [superpoint_node]: Errore pubblicazione keypoints 3D: could not assign tuple of length 3 to structure with 4 fields.
[superpoint_node-2] [INFO] [1768034124.066502104] [superpoint_node]: Keypoints estratti: 800
[superpoint_node-2] [ERROR] [1768034124.074306018] [superpoint_node]: Errore pubblicazione keypoints 3D: could not assign tuple of length 3 to structure with 4 fields.
[rtabmap-14] [INFO] [1768034124.120627591] [rtabmap]: rtabmap (1214): Rate=0.50s, Limit=0.001s, Conversion=0.0002s, RTAB-Map=0.0607s, Maps update=0.0017s pub=0.0029s delay=0.1085s (local map=4, WM=5)
[superpoint_node-2] [INFO] [1768034124.171889721] [superpoint_node]: Keypoints estratti: 800
[superpoint_node-2] [ERROR] [1768034124.178302606] [superpoint_node]: Errore pubblicazione keypoints 3D: could not assign tuple of length 3 to structure with 4 fields.
[superpoint_node-2] [INFO] [1768034124.268351341] [superpoint_node]: Keypoints estratti: 800
[superpoint_node-2] [ERROR] [1768034124.274363389] [superpoint_node]: Errore pubblicazione keypoints 3D: could not assign tuple of length 3 to structure with 4 fields.
[superpoint_node-2] [INFO] [1768034124.366513456] [superpoint_node]: Keypoints estratti: 800
[superpoint_node-2] [ERROR] [1768034124.372249243] [superpoint_node]: Errore pubblicazione keypoints 3D: could not assign tuple of length 3 to structure with 4 fields.
[superpoint_node-2] [INFO] [1768034124.461943160] [superpoint_node]: Keypoints estratti: 800
[superpoint_node-2] [ERROR] [1768034124.468118728] [superpoint_node]: Errore pubblicazione keypoints 3D: could not assign tuple of length 3 to structure with 4 fields.
[superpoint_node-2] [INFO] [1768034124.561954549] [superpoint_node]: Keypoints estratti: 800
[superpoint_node-2] [ERROR] [1768034124.568338063] [superpoint_node]: Errore pubblicazione keypoints 3D: could not assign tuple of length 3 to structure with 4 fields.
[superpoint_node-2] [INFO] [1768034124.658908025] [superpoint_node]: Keypoints estratti: 800
[superpoint_node-2] [ERROR] [1768034124.664394032] [superpoint_node]: Errore pubblicazione keypoints 3D: could not assign tuple of length 3 to structure with 4 fields.
[rtabmap-14] [INFO] [1768034124.757398198] [rtabmap]: rtabmap (1215): Rate=0.50s, Limit=0.001s, Conversion=0.0004s, RTAB-Map=0.0706s, Maps update=0.0013s pub=0.0012s delay=0.1465s (local map=5, WM=5)
[superpoint_node-2] [INFO] [1768034124.758129075] [superpoint_node]: Keypoints estratti: 800
[superpoint_node-2] [ERROR] [1768034124.764408902] [superpoint_node]: Errore pubblicazione keypoints 3D: could not assign tuple of length 3 to structure with 4 fields.
[superpoint_node-2] [INFO] [1768034124.854933197] [superpoint_node]: Keypoints estratti: 800
[superpoint_node-2] [ERROR] [1768034124.860897689] [superpoint_node]: Errore pubblicazione keypoints 3D: could not assign tuple of length 3 to structure with 4 fields.
[superpoint_node-2] [INFO] [1768034124.952424770] [superpoint_node]: Keypoints estratti: 800
[superpoint_node-2] [ERROR] [1768034124.958027185] [superpoint_node]: Errore pubblicazione keypoints 3D: could not assign tuple of length 3 to structure with 4 fields.
[superpoint_node-2] [INFO] [1768034125.051092500] [superpoint_node]: Keypoints estratti: 800
[superpoint_node-2] [ERROR] [1768034125.057411754] [superpoint_node]: Errore pubblicazione keypoints 3D: could not assign tuple of length 3 to structure with 4 fields.
[superpoint_node-2] [INFO] [1768034125.151075037] [superpoint_node]: Keypoints estratti: 800
[superpoint_node-2] [ERROR] [1768034125.156455932] [superpoint_node]: Errore pubblicazione keypoints 3D: could not assign tuple of length 3 to structure with 4 fields.
[superpoint_node-2] [INFO] [1768034125.254440249] [superpoint_node]: Keypoints estratti: 800
[superpoint_node-2] [ERROR] [1768034125.260639020] [superpoint_node]: Errore pubblicazione keypoints 3D: could not assign tuple of length 3 to structure with 4 fields.
[rtabmap-14] [INFO] [1768034125.267289388] [rtabmap]: rtabmap (1216): Rate=0.50s, Limit=0.001s, Conversion=0.0002s, RTAB-Map=0.0482s, Maps update=0.0004s pub=0.0013s delay=0.0697s (local map=4, WM=5)
[superpoint_node-2] [INFO] [1768034125.353550501] [superpoint_node]: Keypoints estratti: 800
[superpoint_node-2] [ERROR] [1768034125.359179972] [superpoint_node]: Errore pubblicazione keypoints 3D: could not assign tuple of length 3 to structure with 4 fields.
[superpoint_node-2] [INFO] [1768034125.486379392] [superpoint_node]: Keypoints estratti: 800
[superpoint_node-2] [ERROR] [1768034125.492567775] [superpoint_node]: Errore pubblicazione keypoints 3D: could not assign tuple of length 3 to structure with 4 fields.
[superpoint_node-2] [INFO] [1768034125.583312534] [superpoint_node]: Keypoints estratti: 800
[superpoint_node-2] [ERROR] [1768034125.588688781] [superpoint_node]: Errore pubblicazione keypoints 3D: could not assign tuple of length 3 to structure with 4 fields.
[superpoint_node-2] [INFO] [1768034125.683268627] [superpoint_node]: Keypoints estratti: 800
[superpoint_node-2] [ERROR] [1768034125.688753929] [superpoint_node]: Errore pubblicazione keypoints 3D: could not assign tuple of length 3 to structure with 4 fields.
[superpoint_node-2] [INFO] [1768034125.801821941] [superpoint_node]: Keypoints estratti: 800
[superpoint_node-2] [ERROR] [1768034125.808513179] [superpoint_node]: Errore pubblicazione keypoints 3D: could not assign tuple of length 3 to structure with 4 fields.
[rtabmap-14] [INFO] [1768034125.815142862] [rtabmap]: rtabmap (1217): Rate=0.50s, Limit=0.001s, Conversion=0.0002s, RTAB-Map=0.0693s, Maps update=0.0004s pub=0.0010s delay=0.0866s (local map=5, WM=5)
[superpoint_node-2] [INFO] [1768034125.904228442] [superpoint_node]: Keypoints estratti: 800
[superpoint_node-2] [ERROR] [1768034125.910462010] [superpoint_node]: Errore pubblicazione keypoints 3D: could not assign tuple of length 3 to structure with 4 fields.
[superpoint_node-2] [INFO] [1768034126.000328040] [superpoint_node]: Keypoints estratti: 800
[superpoint_node-2] [ERROR] [1768034126.006072771] [superpoint_node]: Errore pubblicazione keypoints 3D: could not assign tuple of length 3 to structure with 4 fields.
[superpoint_node-2] [INFO] [1768034126.096141655] [superpoint_node]: Keypoints estratti: 800
[superpoint_node-2] [ERROR] [1768034126.101898349] [superpoint_node]: Errore pubblicazione keypoints 3D: could not assign tuple of length 3 to structure with 4 fields.
[superpoint_node-2] [INFO] [1768034126.190057903] [superpoint_node]: Keypoints estratti: 800
[superpoint_node-2] [ERROR] [1768034126.195615206] [superpoint_node]: Errore pubblicazione keypoints 3D: could not assign tuple of length 3 to structure with 4 fields.
[superpoint_node-2] [INFO] [1768034126.287239269] [superpoint_node]: Keypoints estratti: 800
[superpoint_node-2] [ERROR] [1768034126.293892174] [superpoint_node]: Errore pubblicazione keypoints 3D: could not assign tuple of length 3 to structure with 4 fields.
[rtabmap-14] [INFO] [1768034126.358554374] [rtabmap]: rtabmap (1218): Rate=0.50s, Limit=0.001s, Conversion=0.0006s, RTAB-Map=0.0670s, Maps update=0.0036s pub=0.0015s delay=0.1219s (local map=4, WM=5)
[superpoint_node-2] [INFO] [1768034126.393660339] [superpoint_node]: Keypoints estratti: 800
[superpoint_node-2] [ERROR] [1768034126.399314662] [superpoint_node]: Errore pubblicazione keypoints 3D: could not assign tuple of length 3 to structure with 4 fields.
[superpoint_node-2] [INFO] [1768034126.488100535] [superpoint_node]: Keypoints estratti: 800
[superpoint_node-2] [ERROR] [1768034126.493598190] [superpoint_node]: Errore pubblicazione keypoints 3D: could not assign tuple of length 3 to structure with 4 fields.
[superpoint_node-2] [INFO] [1768034126.585004937] [superpoint_node]: Keypoints estratti: 800
[superpoint_node-2] [ERROR] [1768034126.590407646] [superpoint_node]: Errore pubblicazione keypoints 3D: could not assign tuple of length 3 to structure with 4 fields.
[superpoint_node-2] [INFO] [1768034126.684210134] [superpoint_node]: Keypoints estratti: 800
[superpoint_node-2] [ERROR] [1768034126.689893253] [superpoint_node]: Errore pubblicazione keypoints 3D: could not assign tuple of length 3 to structure with 4 fields.
[superpoint_node-2] [INFO] [1768034126.785155068] [superpoint_node]: Keypoints estratti: 800
[superpoint_node-2] [ERROR] [1768034126.790610518] [superpoint_node]: Errore pubblicazione keypoints 3D: could not assign tuple of length 3 to structure with 4 fields.
[superpoint_node-2] [INFO] [1768034126.886330466] [superpoint_node]: Keypoints estratti: 800
[superpoint_node-2] [ERROR] [1768034126.892494644] [superpoint_node]: Errore pubblicazione keypoints 3D: could not assign tuple of length 3 to structure with 4 fields.
[rtabmap-14] [INFO] [1768034126.959189064] [rtabmap]: rtabmap (1219): Rate=0.50s, Limit=0.001s, Conversion=0.0005s, RTAB-Map=0.0739s, Maps update=0.0051s pub=0.0011s delay=0.1269s (local map=5, WM=5)
[superpoint_node-2] [INFO] [1768034126.988325759] [superpoint_node]: Keypoints estratti: 800
[superpoint_node-2] [ERROR] [1768034126.993939841] [superpoint_node]: Errore pubblicazione keypoints 3D: could not assign tuple of length 3 to structure with 4 fields.
[superpoint_node-2] [INFO] [1768034127.088873949] [superpoint_node]: Keypoints estratti: 800
[superpoint_node-2] [ERROR] [1768034127.094297214] [superpoint_node]: Errore pubblicazione keypoints 3D: could not assign tuple of length 3 to structure with 4 fields.
[superpoint_node-2] [INFO] [1768034127.188219073] [superpoint_node]: Keypoints estratti: 800
[superpoint_node-2] [ERROR] [1768034127.194078842] [superpoint_node]: Errore pubblicazione keypoints 3D: could not assign tuple of length 3 to structure with 4 fields.
[superpoint_node-2] [INFO] [1768034127.285632831] [superpoint_node]: Keypoints estratti: 800
[superpoint_node-2] [ERROR] [1768034127.291191282] [superpoint_node]: Errore pubblicazione keypoints 3D: could not assign tuple of length 3 to structure with 4 fields.
[superpoint_node-2] [INFO] [1768034127.388291500] [superpoint_node]: Keypoints estratti: 800
[rtabmap-14] [INFO] [1768034127.393534894] [rtabmap]: rtabmap (1220): Rate=0.50s, Limit=0.001s, Conversion=0.0002s, RTAB-Map=0.0409s, Maps update=0.0010s pub=0.0009s delay=0.0607s (local map=4, WM=5)
[superpoint_node-2] [ERROR] [1768034127.395892042] [superpoint_node]: Errore pubblicazione keypoints 3D: could not assign tuple of length 3 to structure with 4 fields.
[superpoint_node-2] [INFO] [1768034127.488644799] [superpoint_node]: Keypoints estratti: 800
[superpoint_node-2] [ERROR] [1768034127.494903238] [superpoint_node]: Errore pubblicazione keypoints 3D: could not assign tuple of length 3 to structure with 4 fields.
[superpoint_node-2] [INFO] [1768034127.586827636] [superpoint_node]: Keypoints estratti: 800
[superpoint_node-2] [ERROR] [1768034127.592247457] [superpoint_node]: Errore pubblicazione keypoints 3D: could not assign tuple of length 3 to structure with 4 fields.
[superpoint_node-2] [INFO] [1768034127.685295717] [superpoint_node]: Keypoints estratti: 800
[superpoint_node-2] [ERROR] [1768034127.690668686] [superpoint_node]: Errore pubblicazione keypoints 3D: could not assign tuple of length 3 to structure with 4 fields.
[superpoint_node-2] [INFO] [1768034127.786181705] [superpoint_node]: Keypoints estratti: 800
[superpoint_node-2] [ERROR] [1768034127.791583841] [superpoint_node]: Errore pubblicazione keypoints 3D: could not assign tuple of length 3 to structure with 4 fields.
[superpoint_node-2] [INFO] [1768034127.880991386] [superpoint_node]: Keypoints estratti: 800
[superpoint_node-2] [ERROR] [1768034127.886590412] [superpoint_node]: Errore pubblicazione keypoints 3D: could not assign tuple of length 3 to structure with 4 fields.
[superpoint_node-2] [INFO] [1768034127.982103617] [superpoint_node]: Keypoints estratti: 800
[superpoint_node-2] [ERROR] [1768034127.988546558] [superpoint_node]: Errore pubblicazione keypoints 3D: could not assign tuple of length 3 to structure with 4 fields.
[rtabmap-14] [INFO] [1768034128.056956102] [rtabmap]: rtabmap (1221): Rate=0.50s, Limit=0.001s, Conversion=0.0003s, RTAB-Map=0.0961s, Maps update=0.0029s pub=0.0019s delay=0.1309s (local map=5, WM=5)
[superpoint_node-2] [INFO] [1768034128.085016844] [superpoint_node]: Keypoints estratti: 800
[superpoint_node-2] [ERROR] [1768034128.090442406] [superpoint_node]: Errore pubblicazione keypoints 3D: could not assign tuple of length 3 to structure with 4 fields.
[superpoint_node-2] [INFO] [1768034128.183683167] [superpoint_node]: Keypoints estratti: 800
[superpoint_node-2] [ERROR] [1768034128.189112803] [superpoint_node]: Errore pubblicazione keypoints 3D: could not assign tuple of length 3 to structure with 4 fields.
[superpoint_node-2] [INFO] [1768034128.284819898] [superpoint_node]: Keypoints estratti: 800
[superpoint_node-2] [ERROR] [1768034128.290329183] [superpoint_node]: Errore pubblicazione keypoints 3D: could not assign tuple of length 3 to structure with 4 fields.
[superpoint_node-2] [INFO] [1768034128.380963220] [superpoint_node]: Keypoints estratti: 800
[superpoint_node-2] [ERROR] [1768034128.387363493] [superpoint_node]: Errore pubblicazione keypoints 3D: could not assign tuple of length 3 to structure with 4 fields.
[superpoint_node-2] [INFO] [1768034128.484806639] [superpoint_node]: Keypoints estratti: 800
[superpoint_node-2] [ERROR] [1768034128.490283090] [superpoint_node]: Errore pubblicazione keypoints 3D: could not assign tuple of length 3 to structure with 4 fields.
[rtabmap-14] [INFO] [1768034128.528377171] [rtabmap]: rtabmap (1222): Rate=0.50s, Limit=0.001s, Conversion=0.0002s, RTAB-Map=0.0679s, Maps update=0.0054s pub=0.0025s delay=0.0996s (local map=4, WM=5)
[superpoint_node-2] [INFO] [1768034128.585065474] [superpoint_node]: Keypoints estratti: 800
[superpoint_node-2] [ERROR] [1768034128.590806261] [superpoint_node]: Errore pubblicazione keypoints 3D: could not assign tuple of length 3 to structure with 4 fields.
[superpoint_node-2] [INFO] [1768034128.685953056] [superpoint_node]: Keypoints estratti: 800
[superpoint_node-2] [ERROR] [1768034128.691170264] [superpoint_node]: Errore pubblicazione keypoints 3D: could not assign tuple of length 3 to structure with 4 fields.
[superpoint_node-2] [INFO] [1768034128.785830944] [superpoint_node]: Keypoints estratti: 800
[superpoint_node-2] [ERROR] [1768034128.792512219] [superpoint_node]: Errore pubblicazione keypoints 3D: could not assign tuple of length 3 to structure with 4 fields.
[superpoint_node-2] [INFO] [1768034128.885158309] [superpoint_node]: Keypoints estratti: 800
[superpoint_node-2] [ERROR] [1768034128.890646278] [superpoint_node]: Errore pubblicazione keypoints 3D: could not assign tuple of length 3 to structure with 4 fields.
[superpoint_node-2] [INFO] [1768034128.987495216] [superpoint_node]: Keypoints estratti: 800
[superpoint_node-2] [ERROR] [1768034128.993472634] [superpoint_node]: Errore pubblicazione keypoints 3D: could not assign tuple of length 3 to structure with 4 fields.
[rtabmap-14] [INFO] [1768034128.995889172] [rtabmap]: rtabmap (1223): Rate=0.50s, Limit=0.001s, Conversion=0.0002s, RTAB-Map=0.0423s, Maps update=0.0006s pub=0.0009s delay=0.0648s (local map=5, WM=5)
[superpoint_node-2] [INFO] [1768034129.095180129] [superpoint_node]: Keypoints estratti: 800
[superpoint_node-2] [ERROR] [1768034129.100916693] [superpoint_node]: Errore pubblicazione keypoints 3D: could not assign tuple of length 3 to structure with 4 fields.
[superpoint_node-2] [INFO] [1768034129.194775311] [superpoint_node]: Keypoints estratti: 800
[superpoint_node-2] [ERROR] [1768034129.200838248] [superpoint_node]: Errore pubblicazione keypoints 3D: could not assign tuple of length 3 to structure with 4 fields.
[superpoint_node-2] [INFO] [1768034129.294327752] [superpoint_node]: Keypoints estratti: 800
[superpoint_node-2] [ERROR] [1768034129.300292485] [superpoint_node]: Errore pubblicazione keypoints 3D: could not assign tuple of length 3 to structure with 4 fields.
[superpoint_node-2] [INFO] [1768034129.397912892] [superpoint_node]: Keypoints estratti: 800
[superpoint_node-2] [ERROR] [1768034129.404429110] [superpoint_node]: Errore pubblicazione keypoints 3D: could not assign tuple of length 3 to structure with 4 fields.
[superpoint_node-2] [INFO] [1768034129.496311398] [superpoint_node]: Keypoints estratti: 800
[superpoint_node-2] [ERROR] [1768034129.502480502] [superpoint_node]: Errore pubblicazione keypoints 3D: could not assign tuple of length 3 to structure with 4 fields.
[rtabmap-14] [INFO] [1768034129.531024081] [rtabmap]: rtabmap (1224): Rate=0.50s, Limit=0.001s, Conversion=0.0005s, RTAB-Map=0.0497s, Maps update=0.0012s pub=0.0012s delay=0.0863s (local map=4, WM=5)
[superpoint_node-2] [INFO] [1768034129.594789719] [superpoint_node]: Keypoints estratti: 800
[superpoint_node-2] [ERROR] [1768034129.600815063] [superpoint_node]: Errore pubblicazione keypoints 3D: could not assign tuple of length 3 to structure with 4 fields.
[superpoint_node-2] [INFO] [1768034129.697632575] [superpoint_node]: Keypoints estratti: 800
[superpoint_node-2] [ERROR] [1768034129.704229109] [superpoint_node]: Errore pubblicazione keypoints 3D: could not assign tuple of length 3 to structure with 4 fields.
[superpoint_node-2] [INFO] [1768034129.794122584] [superpoint_node]: Keypoints estratti: 800
[superpoint_node-2] [ERROR] [1768034129.800035446] [superpoint_node]: Errore pubblicazione keypoints 3D: could not assign tuple of length 3 to structure with 4 fields.
[superpoint_node-2] [INFO] [1768034129.891474896] [superpoint_node]: Keypoints estratti: 800
[superpoint_node-2] [ERROR] [1768034129.896909014] [superpoint_node]: Errore pubblicazione keypoints 3D: could not assign tuple of length 3 to structure with 4 fields.
[superpoint_node-2] [INFO] [1768034129.986957490] [superpoint_node]: Keypoints estratti: 800
[superpoint_node-2] [ERROR] [1768034129.992762518] [superpoint_node]: Errore pubblicazione keypoints 3D: could not assign tuple of length 3 to structure with 4 fields.
[superpoint_node-2] [INFO] [1768034130.089114803] [superpoint_node]: Keypoints estratti: 800
[superpoint_node-2] [ERROR] [1768034130.094927739] [superpoint_node]: Errore pubblicazione keypoints 3D: could not assign tuple of length 3 to structure with 4 fields.
[rtabmap-14] [INFO] [1768034130.163627082] [rtabmap]: rtabmap (1225): Rate=0.50s, Limit=0.001s, Conversion=0.0002s, RTAB-Map=0.0798s, Maps update=0.0029s pub=0.0019s delay=0.1289s (local map=5, WM=5)
[superpoint_node-2] [INFO] [1768034130.195717486] [superpoint_node]: Keypoints estratti: 800
[superpoint_node-2] [ERROR] [1768034130.201449457] [superpoint_node]: Errore pubblicazione keypoints 3D: could not assign tuple of length 3 to structure with 4 fields.
[superpoint_node-2] [INFO] [1768034130.298155264] [superpoint_node]: Keypoints estratti: 800
[superpoint_node-2] [ERROR] [1768034130.303888403] [superpoint_node]: Errore pubblicazione keypoints 3D: could not assign tuple of length 3 to structure with 4 fields.
[superpoint_node-2] [INFO] [1768034130.395275260] [superpoint_node]: Keypoints estratti: 800
[superpoint_node-2] [ERROR] [1768034130.401280234] [superpoint_node]: Errore pubblicazione keypoints 3D: could not assign tuple of length 3 to structure with 4 fields.
[superpoint_node-2] [INFO] [1768034130.494656625] [superpoint_node]: Keypoints estratti: 800
[superpoint_node-2] [ERROR] [1768034130.500934601] [superpoint_node]: Errore pubblicazione keypoints 3D: could not assign tuple of length 3 to structure with 4 fields.
[superpoint_node-2] [INFO] [1768034130.594686163] [superpoint_node]: Keypoints estratti: 800
[superpoint_node-2] [ERROR] [1768034130.602033592] [superpoint_node]: Errore pubblicazione keypoints 3D: could not assign tuple of length 3 to structure with 4 fields.
[rtabmap-14] [INFO] [1768034130.672832526] [rtabmap]: rtabmap (1226): Rate=0.50s, Limit=0.001s, Conversion=0.0007s, RTAB-Map=0.0913s, Maps update=0.0011s pub=0.0014s delay=0.1299s (local map=4, WM=5)
[superpoint_node-2] [INFO] [1768034130.695117777] [superpoint_node]: Keypoints estratti: 800
[superpoint_node-2] [ERROR] [1768034130.701105492] [superpoint_node]: Errore pubblicazione keypoints 3D: could not assign tuple of length 3 to structure with 4 fields.
[superpoint_node-2] [INFO] [1768034130.793616321] [superpoint_node]: Keypoints estratti: 800
[superpoint_node-2] [ERROR] [1768034130.799049383] [superpoint_node]: Errore pubblicazione keypoints 3D: could not assign tuple of length 3 to structure with 4 fields.
[superpoint_node-2] [INFO] [1768034130.892588942] [superpoint_node]: Keypoints estratti: 800
[superpoint_node-2] [ERROR] [1768034130.898192617] [superpoint_node]: Errore pubblicazione keypoints 3D: could not assign tuple of length 3 to structure with 4 fields.
[superpoint_node-2] [INFO] [1768034130.993928638] [superpoint_node]: Keypoints estratti: 800
[superpoint_node-2] [ERROR] [1768034130.999508609] [superpoint_node]: Errore pubblicazione keypoints 3D: could not assign tuple of length 3 to structure with 4 fields.
[superpoint_node-2] [INFO] [1768034131.096831291] [superpoint_node]: Keypoints estratti: 800
[superpoint_node-2] [ERROR] [1768034131.103453344] [superpoint_node]: Errore pubblicazione keypoints 3D: could not assign tuple of length 3 to structure with 4 fields.
[superpoint_node-2] [INFO] [1768034131.200297689] [superpoint_node]: Keypoints estratti: 800
[superpoint_node-2] [ERROR] [1768034131.207425061] [superpoint_node]: Errore pubblicazione keypoints 3D: could not assign tuple of length 3 to structure with 4 fields.
[rtabmap-14] [INFO] [1768034131.288777764] [rtabmap]: rtabmap (1227): Rate=0.50s, Limit=0.001s, Conversion=0.0002s, RTAB-Map=0.0665s, Maps update=0.0016s pub=0.0022s delay=0.1428s (local map=5, WM=5)
[superpoint_node-2] [INFO] [1768034131.311937060] [superpoint_node]: Keypoints estratti: 800
[superpoint_node-2] [ERROR] [1768034131.317933848] [superpoint_node]: Errore pubblicazione keypoints 3D: could not assign tuple of length 3 to structure with 4 fields.
[superpoint_node-2] [INFO] [1768034131.414378264] [superpoint_node]: Keypoints estratti: 800
[superpoint_node-2] [ERROR] [1768034131.420368423] [superpoint_node]: Errore pubblicazione keypoints 3D: could not assign tuple of length 3 to structure with 4 fields.
[superpoint_node-2] [INFO] [1768034131.512402489] [superpoint_node]: Keypoints estratti: 800
[superpoint_node-2] [ERROR] [1768034131.518029830] [superpoint_node]: Errore pubblicazione keypoints 3D: could not assign tuple of length 3 to structure with 4 fields.
[superpoint_node-2] [INFO] [1768034131.615768738] [superpoint_node]: Keypoints estratti: 800
[superpoint_node-2] [ERROR] [1768034131.621621526] [superpoint_node]: Errore pubblicazione keypoints 3D: could not assign tuple of length 3 to structure with 4 fields.
[superpoint_node-2] [INFO] [1768034131.719945790] [superpoint_node]: Keypoints estratti: 800
[superpoint_node-2] [ERROR] [1768034131.726036413] [superpoint_node]: Errore pubblicazione keypoints 3D: could not assign tuple of length 3 to structure with 4 fields.
[rtabmap-14] [INFO] [1768034131.799808185] [rtabmap]: rtabmap (1228): Rate=0.50s, Limit=0.001s, Conversion=0.0008s, RTAB-Map=0.0774s, Maps update=0.0015s pub=0.0020s delay=0.1302s (local map=4, WM=5)
[superpoint_node-2] [INFO] [1768034131.824967830] [superpoint_node]: Keypoints estratti: 800
[superpoint_node-2] [ERROR] [1768034131.831182843] [superpoint_node]: Errore pubblicazione keypoints 3D: could not assign tuple of length 3 to structure with 4 fields.
[superpoint_node-2] [INFO] [1768034131.924750384] [superpoint_node]: Keypoints estratti: 800
[superpoint_node-2] [ERROR] [1768034131.930124390] [superpoint_node]: Errore pubblicazione keypoints 3D: could not assign tuple of length 3 to structure with 4 fields.
[superpoint_node-2] [INFO] [1768034132.018301888] [superpoint_node]: Keypoints estratti: 800
[superpoint_node-2] [ERROR] [1768034132.024113509] [superpoint_node]: Errore pubblicazione keypoints 3D: could not assign tuple of length 3 to structure with 4 fields.
[superpoint_node-2] [INFO] [1768034132.119176932] [superpoint_node]: Keypoints estratti: 800
[superpoint_node-2] [ERROR] [1768034132.124968979] [superpoint_node]: Errore pubblicazione keypoints 3D: could not assign tuple of length 3 to structure with 4 fields.
[superpoint_node-2] [INFO] [1768034132.219505731] [superpoint_node]: Keypoints estratti: 800
[superpoint_node-2] [ERROR] [1768034132.225355482] [superpoint_node]: Errore pubblicazione keypoints 3D: could not assign tuple of length 3 to structure with 4 fields.
[superpoint_node-2] [INFO] [1768034132.321237616] [superpoint_node]: Keypoints estratti: 800
[superpoint_node-2] [ERROR] [1768034132.327923521] [superpoint_node]: Errore pubblicazione keypoints 3D: could not assign tuple of length 3 to structure with 4 fields.
[rtabmap-14] [INFO] [1768034132.387836979] [rtabmap]: rtabmap (1229): Rate=0.50s, Limit=0.001s, Conversion=0.0010s, RTAB-Map=0.0673s, Maps update=0.0076s pub=0.0010s delay=0.1168s (local map=5, WM=5)
[superpoint_node-2] [INFO] [1768034132.420757056] [superpoint_node]: Keypoints estratti: 800
[superpoint_node-2] [ERROR] [1768034132.426361434] [superpoint_node]: Errore pubblicazione keypoints 3D: could not assign tuple of length 3 to structure with 4 fields.
[superpoint_node-2] [INFO] [1768034132.524194510] [superpoint_node]: Keypoints estratti: 800
[superpoint_node-2] [ERROR] [1768034132.529723646] [superpoint_node]: Errore pubblicazione keypoints 3D: could not assign tuple of length 3 to structure with 4 fields.
[superpoint_node-2] [INFO] [1768034132.620289090] [superpoint_node]: Keypoints estratti: 800
[superpoint_node-2] [ERROR] [1768034132.625728300] [superpoint_node]: Errore pubblicazione keypoints 3D: could not assign tuple of length 3 to structure with 4 fields.
[superpoint_node-2] [INFO] [1768034132.758475079] [superpoint_node]: Keypoints estratti: 800
[superpoint_node-2] [ERROR] [1768034132.764492479] [superpoint_node]: Errore pubblicazione keypoints 3D: could not assign tuple of length 3 to structure with 4 fields.
[superpoint_node-2] [INFO] [1768034132.860293168] [superpoint_node]: Keypoints estratti: 800
[superpoint_node-2] [ERROR] [1768034132.867397502] [superpoint_node]: Errore pubblicazione keypoints 3D: could not assign tuple of length 3 to structure with 4 fields.
[rtabmap-14] [INFO] [1768034132.935442859] [rtabmap]: rtabmap (1230): Rate=0.50s, Limit=0.001s, Conversion=0.0005s, RTAB-Map=0.0820s, Maps update=0.0004s pub=0.0012s delay=0.1296s (local map=4, WM=5)
[superpoint_node-2] [INFO] [1768034132.967084722] [superpoint_node]: Keypoints estratti: 800
[superpoint_node-2] [ERROR] [1768034132.973777386] [superpoint_node]: Errore pubblicazione keypoints 3D: could not assign tuple of length 3 to structure with 4 fields.
[superpoint_node-2] [INFO] [1768034133.064953927] [superpoint_node]: Keypoints estratti: 800
[superpoint_node-2] [ERROR] [1768034133.070817826] [superpoint_node]: Errore pubblicazione keypoints 3D: could not assign tuple of length 3 to structure with 4 fields.
[superpoint_node-2] [INFO] [1768034133.164667647] [superpoint_node]: Keypoints estratti: 800
[superpoint_node-2] [ERROR] [1768034133.170319062] [superpoint_node]: Errore pubblicazione keypoints 3D: could not assign tuple of length 3 to structure with 4 fields.
[superpoint_node-2] [INFO] [1768034133.264352515] [superpoint_node]: Keypoints estratti: 800
[superpoint_node-2] [ERROR] [1768034133.269731632] [superpoint_node]: Errore pubblicazione keypoints 3D: could not assign tuple of length 3 to structure with 4 fields.
[superpoint_node-2] [INFO] [1768034133.365959194] [superpoint_node]: Keypoints estratti: 800
[superpoint_node-2] [ERROR] [1768034133.371475035] [superpoint_node]: Errore pubblicazione keypoints 3D: could not assign tuple of length 3 to structure with 4 fields.
[rtabmap-14] [INFO] [1768034133.431211196] [rtabmap]: rtabmap (1231): Rate=0.50s, Limit=0.001s, Conversion=0.0004s, RTAB-Map=0.0743s, Maps update=0.0046s pub=0.0015s delay=0.1211s (local map=5, WM=5)
[superpoint_node-2] [INFO] [1768034133.463886641] [superpoint_node]: Keypoints estratti: 800
[superpoint_node-2] [ERROR] [1768034133.469476260] [superpoint_node]: Errore pubblicazione keypoints 3D: could not assign tuple of length 3 to structure with 4 fields.
[superpoint_node-2] [INFO] [1768034133.562780225] [superpoint_node]: Keypoints estratti: 800
[superpoint_node-2] [ERROR] [1768034133.568364751] [superpoint_node]: Errore pubblicazione keypoints 3D: could not assign tuple of length 3 to structure with 4 fields.
[superpoint_node-2] [INFO] [1768034133.664461423] [superpoint_node]: Keypoints estratti: 800
[superpoint_node-2] [ERROR] [1768034133.670874900] [superpoint_node]: Errore pubblicazione keypoints 3D: could not assign tuple of length 3 to structure with 4 fields.
[superpoint_node-2] [INFO] [1768034133.766337531] [superpoint_node]: Keypoints estratti: 800
[superpoint_node-2] [ERROR] [1768034133.771911205] [superpoint_node]: Errore pubblicazione keypoints 3D: could not assign tuple of length 3 to structure with 4 fields.
[superpoint_node-2] [INFO] [1768034133.859928702] [superpoint_node]: Keypoints estratti: 800
[superpoint_node-2] [ERROR] [1768034133.866330438] [superpoint_node]: Errore pubblicazione keypoints 3D: could not assign tuple of length 3 to structure with 4 fields.
[rtabmap-14] [INFO] [1768034133.946085814] [rtabmap]: rtabmap (1232): Rate=0.50s, Limit=0.001s, Conversion=0.0002s, RTAB-Map=0.0629s, Maps update=0.0046s pub=0.0029s delay=0.1324s (local map=4, WM=5)
[superpoint_node-2] [INFO] [1768034133.964834130] [superpoint_node]: Keypoints estratti: 800
[superpoint_node-2] [ERROR] [1768034133.970447656] [superpoint_node]: Errore pubblicazione keypoints 3D: could not assign tuple of length 3 to structure with 4 fields.
[superpoint_node-2] [INFO] [1768034134.058490376] [superpoint_node]: Keypoints estratti: 800
[superpoint_node-2] [ERROR] [1768034134.064399368] [superpoint_node]: Errore pubblicazione keypoints 3D: could not assign tuple of length 3 to structure with 4 fields.
[superpoint_node-2] [INFO] [1768034134.153844432] [superpoint_node]: Keypoints estratti: 800
[superpoint_node-2] [ERROR] [1768034134.159343772] [superpoint_node]: Errore pubblicazione keypoints 3D: could not assign tuple of length 3 to structure with 4 fields.
[superpoint_node-2] [INFO] [1768034134.250343756] [superpoint_node]: Keypoints estratti: 800
[superpoint_node-2] [ERROR] [1768034134.255771651] [superpoint_node]: Errore pubblicazione keypoints 3D: could not assign tuple of length 3 to structure with 4 fields.
[superpoint_node-2] [INFO] [1768034134.348647427] [superpoint_node]: Keypoints estratti: 800
[superpoint_node-2] [ERROR] [1768034134.355068479] [superpoint_node]: Errore pubblicazione keypoints 3D: could not assign tuple of length 3 to structure with 4 fields.
[superpoint_node-2] [INFO] [1768034134.448550760] [superpoint_node]: Keypoints estratti: 800
[superpoint_node-2] [ERROR] [1768034134.456577528] [superpoint_node]: Errore pubblicazione keypoints 3D: could not assign tuple of length 3 to structure with 4 fields.
[rtabmap-14] [INFO] [1768034134.521617342] [rtabmap]: rtabmap (1233): Rate=0.50s, Limit=0.001s, Conversion=0.0006s, RTAB-Map=0.0732s, Maps update=0.0026s pub=0.0009s delay=0.1240s (local map=5, WM=5)
[superpoint_node-2] [INFO] [1768034134.554684735] [superpoint_node]: Keypoints estratti: 800
[superpoint_node-2] [ERROR] [1768034134.560824580] [superpoint_node]: Errore pubblicazione keypoints 3D: could not assign tuple of length 3 to structure with 4 fields.
[superpoint_node-2] [INFO] [1768034134.649888160] [superpoint_node]: Keypoints estratti: 800
[superpoint_node-2] [ERROR] [1768034134.655968430] [superpoint_node]: Errore pubblicazione keypoints 3D: could not assign tuple of length 3 to structure with 4 fields.
[superpoint_node-2] [INFO] [1768034134.748301166] [superpoint_node]: Keypoints estratti: 800
[superpoint_node-2] [ERROR] [1768034134.753770246] [superpoint_node]: Errore pubblicazione keypoints 3D: could not assign tuple of length 3 to structure with 4 fields.
[superpoint_node-2] [INFO] [1768034134.845233993] [superpoint_node]: Keypoints estratti: 800
[superpoint_node-2] [ERROR] [1768034134.851962065] [superpoint_node]: Errore pubblicazione keypoints 3D: could not assign tuple of length 3 to structure with 4 fields.
[superpoint_node-2] [INFO] [1768034134.945471625] [superpoint_node]: Keypoints estratti: 800
[superpoint_node-2] [ERROR] [1768034134.951672119] [superpoint_node]: Errore pubblicazione keypoints 3D: could not assign tuple of length 3 to structure with 4 fields.
[superpoint_node-2] [INFO] [1768034135.118541318] [superpoint_node]: Keypoints estratti: 800
[superpoint_node-2] [ERROR] [1768034135.124583570] [superpoint_node]: Errore pubblicazione keypoints 3D: could not assign tuple of length 3 to structure with 4 fields.
[superpoint_node-2] [INFO] [1768034135.226602882] [superpoint_node]: Keypoints estratti: 800
[rtabmap-14] [INFO] [1768034135.228643732] [rtabmap]: rtabmap (1234): Rate=0.50s, Limit=0.001s, Conversion=0.0004s, RTAB-Map=0.0478s, Maps update=0.0010s pub=0.0008s delay=0.2363s (local map=4, WM=5)
[superpoint_node-2] [ERROR] [1768034135.233628697] [superpoint_node]: Errore pubblicazione keypoints 3D: could not assign tuple of length 3 to structure with 4 fields.
[superpoint_node-2] [INFO] [1768034135.325778376] [superpoint_node]: Keypoints estratti: 800
[superpoint_node-2] [ERROR] [1768034135.331852035] [superpoint_node]: Errore pubblicazione keypoints 3D: could not assign tuple of length 3 to structure with 4 fields.
[superpoint_node-2] [INFO] [1768034135.429009605] [superpoint_node]: Keypoints estratti: 800
[superpoint_node-2] [ERROR] [1768034135.435044116] [superpoint_node]: Errore pubblicazione keypoints 3D: could not assign tuple of length 3 to structure with 4 fields.
[superpoint_node-2] [INFO] [1768034135.536121217] [superpoint_node]: Keypoints estratti: 800
[superpoint_node-2] [ERROR] [1768034135.542784826] [superpoint_node]: Errore pubblicazione keypoints 3D: could not assign tuple of length 3 to structure with 4 fields.
[superpoint_node-2] [INFO] [1768034135.635277229] [superpoint_node]: Keypoints estratti: 800
[superpoint_node-2] [ERROR] [1768034135.641428926] [superpoint_node]: Errore pubblicazione keypoints 3D: could not assign tuple of length 3 to structure with 4 fields.
[rtabmap-14] [INFO] [1768034135.723269708] [rtabmap]: rtabmap (1235): Rate=0.50s, Limit=0.001s, Conversion=0.0002s, RTAB-Map=0.0687s, Maps update=0.0024s pub=0.0009s delay=0.1370s (local map=5, WM=5)
[superpoint_node-2] [INFO] [1768034135.736499313] [superpoint_node]: Keypoints estratti: 800
[superpoint_node-2] [ERROR] [1768034135.743096421] [superpoint_node]: Errore pubblicazione keypoints 3D: could not assign tuple of length 3 to structure with 4 fields.
[superpoint_node-2] [INFO] [1768034135.835229636] [superpoint_node]: Keypoints estratti: 800
[superpoint_node-2] [ERROR] [1768034135.841745281] [superpoint_node]: Errore pubblicazione keypoints 3D: could not assign tuple of length 3 to structure with 4 fields.
[superpoint_node-2] [INFO] [1768034135.931512051] [superpoint_node]: Keypoints estratti: 800
[superpoint_node-2] [ERROR] [1768034135.936975224] [superpoint_node]: Errore pubblicazione keypoints 3D: could not assign tuple of length 3 to structure with 4 fields.
[superpoint_node-2] [INFO] [1768034136.027920782] [superpoint_node]: Keypoints estratti: 800
[superpoint_node-2] [ERROR] [1768034136.033400974] [superpoint_node]: Errore pubblicazione keypoints 3D: could not assign tuple of length 3 to structure with 4 fields.
[superpoint_node-2] [INFO] [1768034136.160891045] [superpoint_node]: Keypoints estratti: 800
[superpoint_node-2] [ERROR] [1768034136.167047242] [superpoint_node]: Errore pubblicazione keypoints 3D: could not assign tuple of length 3 to structure with 4 fields.
[rtabmap-14] [INFO] [1768034136.252097104] [rtabmap]: rtabmap (1236): Rate=0.50s, Limit=0.001s, Conversion=0.0002s, RTAB-Map=0.0637s, Maps update=0.0050s pub=0.0010s delay=0.1401s (local map=4, WM=5)
[superpoint_node-2] [INFO] [1768034136.266742073] [superpoint_node]: Keypoints estratti: 800
[superpoint_node-2] [ERROR] [1768034136.272395099] [superpoint_node]: Errore pubblicazione keypoints 3D: could not assign tuple of length 3 to structure with 4 fields.
[superpoint_node-2] [INFO] [1768034136.363738030] [superpoint_node]: Keypoints estratti: 800
[superpoint_node-2] [ERROR] [1768034136.369228333] [superpoint_node]: Errore pubblicazione keypoints 3D: could not assign tuple of length 3 to structure with 4 fields.
[superpoint_node-2] [INFO] [1768034136.460227651] [superpoint_node]: Keypoints estratti: 800
[superpoint_node-2] [ERROR] [1768034136.466126624] [superpoint_node]: Errore pubblicazione keypoints 3D: could not assign tuple of length 3 to structure with 4 fields.
[superpoint_node-2] [INFO] [1768034136.556037617] [superpoint_node]: Keypoints estratti: 800
[superpoint_node-2] [ERROR] [1768034136.561876182] [superpoint_node]: Errore pubblicazione keypoints 3D: could not assign tuple of length 3 to structure with 4 fields.
[superpoint_node-2] [INFO] [1768034136.651596915] [superpoint_node]: Keypoints estratti: 800
[superpoint_node-2] [ERROR] [1768034136.657044792] [superpoint_node]: Errore pubblicazione keypoints 3D: could not assign tuple of length 3 to structure with 4 fields.
[superpoint_node-2] [INFO] [1768034136.749979180] [superpoint_node]: Keypoints estratti: 800
[superpoint_node-2] [ERROR] [1768034136.755715022] [superpoint_node]: Errore pubblicazione keypoints 3D: could not assign tuple of length 3 to structure with 4 fields.
[rtabmap-14] [INFO] [1768034136.791347825] [rtabmap]: rtabmap (1237): Rate=0.50s, Limit=0.001s, Conversion=0.0002s, RTAB-Map=0.0681s, Maps update=0.0017s pub=0.0008s delay=0.0943s (local map=5, WM=5)
[superpoint_node-2] [INFO] [1768034136.851613805] [superpoint_node]: Keypoints estratti: 800
[superpoint_node-2] [ERROR] [1768034136.857221146] [superpoint_node]: Errore pubblicazione keypoints 3D: could not assign tuple of length 3 to structure with 4 fields.
[superpoint_node-2] [INFO] [1768034136.953192447] [superpoint_node]: Keypoints estratti: 800
[superpoint_node-2] [ERROR] [1768034136.958983752] [superpoint_node]: Errore pubblicazione keypoints 3D: could not assign tuple of length 3 to structure with 4 fields.
[superpoint_node-2] [INFO] [1768034137.049382880] [superpoint_node]: Keypoints estratti: 800
[superpoint_node-2] [ERROR] [1768034137.054914516] [superpoint_node]: Errore pubblicazione keypoints 3D: could not assign tuple of length 3 to structure with 4 fields.
[superpoint_node-2] [INFO] [1768034137.148584077] [superpoint_node]: Keypoints estratti: 800
[superpoint_node-2] [ERROR] [1768034137.154208233] [superpoint_node]: Errore pubblicazione keypoints 3D: could not assign tuple of length 3 to structure with 4 fields.
[superpoint_node-2] [INFO] [1768034137.245652646] [superpoint_node]: Keypoints estratti: 800
[superpoint_node-2] [ERROR] [1768034137.252596535] [superpoint_node]: Errore pubblicazione keypoints 3D: could not assign tuple of length 3 to structure with 4 fields.
[superpoint_node-2] [INFO] [1768034137.348920098] [superpoint_node]: Keypoints estratti: 800
[superpoint_node-2] [ERROR] [1768034137.355542355] [superpoint_node]: Errore pubblicazione keypoints 3D: could not assign tuple of length 3 to structure with 4 fields.
[rtabmap-14] [INFO] [1768034137.403353162] [rtabmap]: rtabmap (1238): Rate=0.50s, Limit=0.001s, Conversion=0.0005s, RTAB-Map=0.0771s, Maps update=0.0056s pub=0.0027s delay=0.1080s (local map=4, WM=5)
[superpoint_node-2] [INFO] [1768034137.451727139] [superpoint_node]: Keypoints estratti: 800
[superpoint_node-2] [ERROR] [1768034137.457416648] [superpoint_node]: Errore pubblicazione keypoints 3D: could not assign tuple of length 3 to structure with 4 fields.
[superpoint_node-2] [INFO] [1768034137.548290334] [superpoint_node]: Keypoints estratti: 800
[superpoint_node-2] [ERROR] [1768034137.553909120] [superpoint_node]: Errore pubblicazione keypoints 3D: could not assign tuple of length 3 to structure with 4 fields.
[superpoint_node-2] [INFO] [1768034137.647407901] [superpoint_node]: Keypoints estratti: 800
[superpoint_node-2] [ERROR] [1768034137.652954427] [superpoint_node]: Errore pubblicazione keypoints 3D: could not assign tuple of length 3 to structure with 4 fields.
[superpoint_node-2] [INFO] [1768034137.748210741] [superpoint_node]: Keypoints estratti: 800
[superpoint_node-2] [ERROR] [1768034137.753484246] [superpoint_node]: Errore pubblicazione keypoints 3D: could not assign tuple of length 3 to structure with 4 fields.
[superpoint_node-2] [INFO] [1768034137.852179569] [superpoint_node]: Keypoints estratti: 800
[superpoint_node-2] [ERROR] [1768034137.858258099] [superpoint_node]: Errore pubblicazione keypoints 3D: could not assign tuple of length 3 to structure with 4 fields.
[rtabmap-14] [INFO] [1768034137.859052735] [rtabmap]: rtabmap (1239): Rate=0.50s, Limit=0.001s, Conversion=0.0005s, RTAB-Map=0.0423s, Maps update=0.0010s pub=0.0014s delay=0.0629s (local map=5, WM=5)
[superpoint_node-2] [INFO] [1768034137.950275017] [superpoint_node]: Keypoints estratti: 800
[superpoint_node-2] [ERROR] [1768034137.956637994] [superpoint_node]: Errore pubblicazione keypoints 3D: could not assign tuple of length 3 to structure with 4 fields.
[superpoint_node-2] [INFO] [1768034138.051152709] [superpoint_node]: Keypoints estratti: 800
[superpoint_node-2] [ERROR] [1768034138.056692753] [superpoint_node]: Errore pubblicazione keypoints 3D: could not assign tuple of length 3 to structure with 4 fields.
[superpoint_node-2] [INFO] [1768034138.149176231] [superpoint_node]: Keypoints estratti: 800
[superpoint_node-2] [ERROR] [1768034138.154653774] [superpoint_node]: Errore pubblicazione keypoints 3D: could not assign tuple of length 3 to structure with 4 fields.
[superpoint_node-2] [INFO] [1768034138.247680497] [superpoint_node]: Keypoints estratti: 800
[superpoint_node-2] [ERROR] [1768034138.253157633] [superpoint_node]: Errore pubblicazione keypoints 3D: could not assign tuple of length 3 to structure with 4 fields.
[superpoint_node-2] [INFO] [1768034138.347530292] [superpoint_node]: Keypoints estratti: 800
[superpoint_node-2] [ERROR] [1768034138.353357135] [superpoint_node]: Errore pubblicazione keypoints 3D: could not assign tuple of length 3 to structure with 4 fields.
[rtabmap-14] [INFO] [1768034138.422241887] [rtabmap]: rtabmap (1240): Rate=0.50s, Limit=0.001s, Conversion=0.0002s, RTAB-Map=0.0689s, Maps update=0.0015s pub=0.0011s delay=0.1246s (local map=4, WM=5)
[superpoint_node-2] [INFO] [1768034138.452791982] [superpoint_node]: Keypoints estratti: 800
[superpoint_node-2] [ERROR] [1768034138.458259914] [superpoint_node]: Errore pubblicazione keypoints 3D: could not assign tuple of length 3 to structure with 4 fields.
[superpoint_node-2] [INFO] [1768034138.554048103] [superpoint_node]: Keypoints estratti: 800
[superpoint_node-2] [ERROR] [1768034138.560526933] [superpoint_node]: Errore pubblicazione keypoints 3D: could not assign tuple of length 3 to structure with 4 fields.
[superpoint_node-2] [INFO] [1768034138.651725418] [superpoint_node]: Keypoints estratti: 800
[superpoint_node-2] [ERROR] [1768034138.657312648] [superpoint_node]: Errore pubblicazione keypoints 3D: could not assign tuple of length 3 to structure with 4 fields.
[superpoint_node-2] [INFO] [1768034138.747353198] [superpoint_node]: Keypoints estratti: 800
[superpoint_node-2] [ERROR] [1768034138.752893742] [superpoint_node]: Errore pubblicazione keypoints 3D: could not assign tuple of length 3 to structure with 4 fields.
[superpoint_node-2] [INFO] [1768034138.846316264] [superpoint_node]: Keypoints estratti: 800
[superpoint_node-2] [ERROR] [1768034138.852751593] [superpoint_node]: Errore pubblicazione keypoints 3D: could not assign tuple of length 3 to structure with 4 fields.
[superpoint_node-2] [INFO] [1768034138.947504866] [superpoint_node]: Keypoints estratti: 800
[superpoint_node-2] [ERROR] [1768034138.953027207] [superpoint_node]: Errore pubblicazione keypoints 3D: could not assign tuple of length 3 to structure with 4 fields.
[rtabmap-14] [INFO] [1768034139.032312505] [rtabmap]: rtabmap (1241): Rate=0.50s, Limit=0.001s, Conversion=0.0002s, RTAB-Map=0.0782s, Maps update=0.0008s pub=0.0015s delay=0.1354s (local map=5, WM=5)
[superpoint_node-2] [INFO] [1768034139.050830004] [superpoint_node]: Keypoints estratti: 800
[superpoint_node-2] [ERROR] [1768034139.056264195] [superpoint_node]: Errore pubblicazione keypoints 3D: could not assign tuple of length 3 to structure with 4 fields.
[superpoint_node-2] [INFO] [1768034139.152030606] [superpoint_node]: Keypoints estratti: 800
[superpoint_node-2] [ERROR] [1768034139.157506039] [superpoint_node]: Errore pubblicazione keypoints 3D: could not assign tuple of length 3 to structure with 4 fields.
[superpoint_node-2] [INFO] [1768034139.250379556] [superpoint_node]: Keypoints estratti: 800
[superpoint_node-2] [ERROR] [1768034139.255948008] [superpoint_node]: Errore pubblicazione keypoints 3D: could not assign tuple of length 3 to structure with 4 fields.
[superpoint_node-2] [INFO] [1768034139.385033888] [superpoint_node]: Keypoints estratti: 800
[superpoint_node-2] [ERROR] [1768034139.391153585] [superpoint_node]: Errore pubblicazione keypoints 3D: could not assign tuple of length 3 to structure with 4 fields.
[superpoint_node-2] [INFO] [1768034139.486324731] [superpoint_node]: Keypoints estratti: 800
[rtabmap-14] [INFO] [1768034139.492338687] [rtabmap]: rtabmap (1242): Rate=0.50s, Limit=0.001s, Conversion=0.0006s, RTAB-Map=0.0399s, Maps update=0.0006s pub=0.0009s delay=0.0588s (local map=4, WM=5)
[superpoint_node-2] [ERROR] [1768034139.492537985] [superpoint_node]: Errore pubblicazione keypoints 3D: could not assign tuple of length 3 to structure with 4 fields.
[superpoint_node-2] [INFO] [1768034139.585836654] [superpoint_node]: Keypoints estratti: 800
[superpoint_node-2] [ERROR] [1768034139.591344790] [superpoint_node]: Errore pubblicazione keypoints 3D: could not assign tuple of length 3 to structure with 4 fields.
[superpoint_node-2] [INFO] [1768034139.682466034] [superpoint_node]: Keypoints estratti: 800
[superpoint_node-2] [ERROR] [1768034139.687888874] [superpoint_node]: Errore pubblicazione keypoints 3D: could not assign tuple of length 3 to structure with 4 fields.
[superpoint_node-2] [INFO] [1768034139.778089740] [superpoint_node]: Keypoints estratti: 800
[superpoint_node-2] [ERROR] [1768034139.783909194] [superpoint_node]: Errore pubblicazione keypoints 3D: could not assign tuple of length 3 to structure with 4 fields.
[superpoint_node-2] [INFO] [1768034139.873919911] [superpoint_node]: Keypoints estratti: 800
[superpoint_node-2] [ERROR] [1768034139.880517889] [superpoint_node]: Errore pubblicazione keypoints 3D: could not assign tuple of length 3 to structure with 4 fields.
[superpoint_node-2] [INFO] [1768034139.973905800] [superpoint_node]: Keypoints estratti: 800
[superpoint_node-2] [ERROR] [1768034139.980514056] [superpoint_node]: Errore pubblicazione keypoints 3D: could not assign tuple of length 3 to structure with 4 fields.
[superpoint_node-2] [INFO] [1768034140.077785460] [superpoint_node]: Keypoints estratti: 800
[superpoint_node-2] [ERROR] [1768034140.083663322] [superpoint_node]: Errore pubblicazione keypoints 3D: could not assign tuple of length 3 to structure with 4 fields.
[rtabmap-14] [INFO] [1768034140.145508870] [rtabmap]: rtabmap (1243): Rate=0.50s, Limit=0.001s, Conversion=0.0002s, RTAB-Map=0.0891s, Maps update=0.0113s pub=0.0013s delay=0.1231s (local map=5, WM=5)
[superpoint_node-2] [INFO] [1768034140.183042206] [superpoint_node]: Keypoints estratti: 800
[superpoint_node-2] [ERROR] [1768034140.188649103] [superpoint_node]: Errore pubblicazione keypoints 3D: could not assign tuple of length 3 to structure with 4 fields.
[superpoint_node-2] [INFO] [1768034140.280069812] [superpoint_node]: Keypoints estratti: 800
[superpoint_node-2] [ERROR] [1768034140.285884784] [superpoint_node]: Errore pubblicazione keypoints 3D: could not assign tuple of length 3 to structure with 4 fields.
[superpoint_node-2] [INFO] [1768034140.377157178] [superpoint_node]: Keypoints estratti: 800
[superpoint_node-2] [ERROR] [1768034140.383227467] [superpoint_node]: Errore pubblicazione keypoints 3D: could not assign tuple of length 3 to structure with 4 fields.
[superpoint_node-2] [INFO] [1768034140.476608748] [superpoint_node]: Keypoints estratti: 800
[superpoint_node-2] [ERROR] [1768034140.484962370] [superpoint_node]: Errore pubblicazione keypoints 3D: could not assign tuple of length 3 to structure with 4 fields.
[superpoint_node-2] [INFO] [1768034140.584344309] [superpoint_node]: Keypoints estratti: 800
[superpoint_node-2] [ERROR] [1768034140.592836210] [superpoint_node]: Errore pubblicazione keypoints 3D: could not assign tuple of length 3 to structure with 4 fields.
[rtabmap-14] [INFO] [1768034140.665172120] [rtabmap]: rtabmap (1244): Rate=0.50s, Limit=0.001s, Conversion=0.0002s, RTAB-Map=0.0738s, Maps update=0.0026s pub=0.0018s delay=0.1377s (local map=4, WM=5)
[superpoint_node-2] [INFO] [1768034140.694949338] [superpoint_node]: Keypoints estratti: 800
[superpoint_node-2] [ERROR] [1768034140.701083554] [superpoint_node]: Errore pubblicazione keypoints 3D: could not assign tuple of length 3 to structure with 4 fields.
[superpoint_node-2] [INFO] [1768034140.813197428] [superpoint_node]: Keypoints estratti: 800
[superpoint_node-2] [ERROR] [1768034140.819408681] [superpoint_node]: Errore pubblicazione keypoints 3D: could not assign tuple of length 3 to structure with 4 fields.
[superpoint_node-2] [INFO] [1768034140.912537905] [superpoint_node]: Keypoints estratti: 800
[superpoint_node-2] [ERROR] [1768034140.918110023] [superpoint_node]: Errore pubblicazione keypoints 3D: could not assign tuple of length 3 to structure with 4 fields.
[superpoint_node-2] [INFO] [1768034141.019285829] [superpoint_node]: Keypoints estratti: 800
[superpoint_node-2] [ERROR] [1768034141.025816177] [superpoint_node]: Errore pubblicazione keypoints 3D: could not assign tuple of length 3 to structure with 4 fields.
[superpoint_node-2] [INFO] [1768034141.119318866] [superpoint_node]: Keypoints estratti: 800
[superpoint_node-2] [ERROR] [1768034141.125337859] [superpoint_node]: Errore pubblicazione keypoints 3D: could not assign tuple of length 3 to structure with 4 fields.
[superpoint_node-2] [INFO] [1768034141.228058566] [superpoint_node]: Keypoints estratti: 800
[superpoint_node-2] [ERROR] [1768034141.234309356] [superpoint_node]: Errore pubblicazione keypoints 3D: could not assign tuple of length 3 to structure with 4 fields.
[rtabmap-14] [INFO] [1768034141.247778074] [rtabmap]: rtabmap (1245): Rate=0.50s, Limit=0.001s, Conversion=0.0002s, RTAB-Map=0.1083s, Maps update=0.0047s pub=0.0162s delay=0.1783s (local map=3, WM=4)
[superpoint_node-2] [INFO] [1768034141.333258496] [superpoint_node]: Keypoints estratti: 800
[superpoint_node-2] [ERROR] [1768034141.338654983] [superpoint_node]: Errore pubblicazione keypoints 3D: could not assign tuple of length 3 to structure with 4 fields.
[superpoint_node-2] [INFO] [1768034141.432419693] [superpoint_node]: Keypoints estratti: 800
[superpoint_node-2] [ERROR] [1768034141.438044645] [superpoint_node]: Errore pubblicazione keypoints 3D: could not assign tuple of length 3 to structure with 4 fields.
[superpoint_node-2] [INFO] [1768034141.532376285] [superpoint_node]: Keypoints estratti: 800
[superpoint_node-2] [ERROR] [1768034141.538191647] [superpoint_node]: Errore pubblicazione keypoints 3D: could not assign tuple of length 3 to structure with 4 fields.
[superpoint_node-2] [INFO] [1768034141.633295719] [superpoint_node]: Keypoints estratti: 800
[superpoint_node-2] [ERROR] [1768034141.639079820] [superpoint_node]: Errore pubblicazione keypoints 3D: could not assign tuple of length 3 to structure with 4 fields.
[superpoint_node-2] [INFO] [1768034141.740495498] [superpoint_node]: Keypoints estratti: 800
[superpoint_node-2] [ERROR] [1768034141.748398969] [superpoint_node]: Errore pubblicazione keypoints 3D: could not assign tuple of length 3 to structure with 4 fields.
[rtabmap-14] [INFO] [1768034141.755489414] [rtabmap]: rtabmap (1246): Rate=0.50s, Limit=0.001s, Conversion=0.0007s, RTAB-Map=0.0913s, Maps update=0.0255s pub=0.0198s delay=0.1733s (local map=5, WM=5)
[superpoint_node-2] [INFO] [1768034141.848866899] [superpoint_node]: Keypoints estratti: 800
[superpoint_node-2] [ERROR] [1768034141.854990058] [superpoint_node]: Errore pubblicazione keypoints 3D: could not assign tuple of length 3 to structure with 4 fields.
[superpoint_node-2] [INFO] [1768034141.947202274] [superpoint_node]: Keypoints estratti: 800
[superpoint_node-2] [ERROR] [1768034141.953015821] [superpoint_node]: Errore pubblicazione keypoints 3D: could not assign tuple of length 3 to structure with 4 fields.
[superpoint_node-2] [INFO] [1768034142.049018752] [superpoint_node]: Keypoints estratti: 800
[superpoint_node-2] [ERROR] [1768034142.054435739] [superpoint_node]: Errore pubblicazione keypoints 3D: could not assign tuple of length 3 to structure with 4 fields.
[superpoint_node-2] [INFO] [1768034142.148921177] [superpoint_node]: Keypoints estratti: 800
[superpoint_node-2] [ERROR] [1768034142.154502592] [superpoint_node]: Errore pubblicazione keypoints 3D: could not assign tuple of length 3 to structure with 4 fields.
[rtabmap-14] [INFO] [1768034142.185013502] [rtabmap]: rtabmap (1247): Rate=0.50s, Limit=0.001s, Conversion=0.0002s, RTAB-Map=0.0429s, Maps update=0.0149s pub=0.0148s delay=0.0894s (local map=4, WM=6)
[superpoint_node-2] [INFO] [1768034142.251347789] [superpoint_node]: Keypoints estratti: 800
[superpoint_node-2] [ERROR] [1768034142.257182947] [superpoint_node]: Errore pubblicazione keypoints 3D: could not assign tuple of length 3 to structure with 4 fields.
[superpoint_node-2] [INFO] [1768034142.351770126] [superpoint_node]: Keypoints estratti: 800
[superpoint_node-2] [ERROR] [1768034142.357624302] [superpoint_node]: Errore pubblicazione keypoints 3D: could not assign tuple of length 3 to structure with 4 fields.
[superpoint_node-2] [INFO] [1768034142.451321326] [superpoint_node]: Keypoints estratti: 800
[superpoint_node-2] [ERROR] [1768034142.456910056] [superpoint_node]: Errore pubblicazione keypoints 3D: could not assign tuple of length 3 to structure with 4 fields.
[superpoint_node-2] [INFO] [1768034142.550113169] [superpoint_node]: Keypoints estratti: 800
[superpoint_node-2] [ERROR] [1768034142.555698935] [superpoint_node]: Errore pubblicazione keypoints 3D: could not assign tuple of length 3 to structure with 4 fields.
[superpoint_node-2] [INFO] [1768034142.649614461] [superpoint_node]: Keypoints estratti: 800
[superpoint_node-2] [ERROR] [1768034142.655411118] [superpoint_node]: Errore pubblicazione keypoints 3D: could not assign tuple of length 3 to structure with 4 fields.
[rtabmap-14] [INFO] [1768034142.696169961] [rtabmap]: rtabmap (1248): Rate=0.50s, Limit=0.001s, Conversion=0.0002s, RTAB-Map=0.0512s, Maps update=0.0044s pub=0.0182s delay=0.0997s (local map=5, WM=5)
[superpoint_node-2] [INFO] [1768034142.763044346] [superpoint_node]: Keypoints estratti: 800
[superpoint_node-2] [ERROR] [1768034142.768524186] [superpoint_node]: Errore pubblicazione keypoints 3D: could not assign tuple of length 3 to structure with 4 fields.
[superpoint_node-2] [INFO] [1768034142.861756854] [superpoint_node]: Keypoints estratti: 800
[superpoint_node-2] [ERROR] [1768034142.867656660] [superpoint_node]: Errore pubblicazione keypoints 3D: could not assign tuple of length 3 to structure with 4 fields.
[superpoint_node-2] [INFO] [1768034142.958629089] [superpoint_node]: Keypoints estratti: 800
[superpoint_node-2] [ERROR] [1768034142.964625840] [superpoint_node]: Errore pubblicazione keypoints 3D: could not assign tuple of length 3 to structure with 4 fields.
[superpoint_node-2] [INFO] [1768034143.054060682] [superpoint_node]: Keypoints estratti: 800
[superpoint_node-2] [ERROR] [1768034143.059870802] [superpoint_node]: Errore pubblicazione keypoints 3D: could not assign tuple of length 3 to structure with 4 fields.
[superpoint_node-2] [INFO] [1768034143.152096241] [superpoint_node]: Keypoints estratti: 800
[superpoint_node-2] [ERROR] [1768034143.157993047] [superpoint_node]: Errore pubblicazione keypoints 3D: could not assign tuple of length 3 to structure with 4 fields.
[rtabmap-14] [33m[ WARN] (2026-01-10 09:35:40.971) CoreWrapper.cpp:1227::odomTFUpdate() Odometry is reset (identity pose detected). Increment map id![0m
[rtabmap-14] [33m[ WARN] (2026-01-10 09:35:41.707) Memory.cpp:2105::forget() Less signatures transferred (1) than added (2)! The working memory cannot decrease in size.[0m
[rtabmap-14] [33m[ WARN] (2026-01-10 09:35:42.153) Memory.cpp:2105::forget() Less signatures transferred (1) than added (2)! The working memory cannot decrease in size.[0m
[rtabmap-14] [INFO] [1768034143.231780375] [rtabmap]: rtabmap (1249): Rate=0.50s, Limit=0.001s, Conversion=0.0002s, RTAB-Map=0.0843s, Maps update=0.0005s pub=0.0011s delay=0.1291s (local map=4, WM=6)
[superpoint_node-2] [INFO] [1768034143.257686896] [superpoint_node]: Keypoints estratti: 800
[superpoint_node-2] [ERROR] [1768034143.263789926] [superpoint_node]: Errore pubblicazione keypoints 3D: could not assign tuple of length 3 to structure with 4 fields.
[superpoint_node-2] [INFO] [1768034143.393748980] [superpoint_node]: Keypoints estratti: 800
[superpoint_node-2] [ERROR] [1768034143.400932463] [superpoint_node]: Errore pubblicazione keypoints 3D: could not assign tuple of length 3 to structure with 4 fields.
[superpoint_node-2] [INFO] [1768034143.492691657] [superpoint_node]: Keypoints estratti: 800
[superpoint_node-2] [ERROR] [1768034143.498020385] [superpoint_node]: Errore pubblicazione keypoints 3D: could not assign tuple of length 3 to structure with 4 fields.
[superpoint_node-2] [INFO] [1768034143.593182642] [superpoint_node]: Keypoints estratti: 800
[superpoint_node-2] [ERROR] [1768034143.598639464] [superpoint_node]: Errore pubblicazione keypoints 3D: could not assign tuple of length 3 to structure with 4 fields.
[superpoint_node-2] [INFO] [1768034143.693792925] [superpoint_node]: Keypoints estratti: 800
[superpoint_node-2] [ERROR] [1768034143.701108206] [superpoint_node]: Errore pubblicazione keypoints 3D: could not assign tuple of length 3 to structure with 4 fields.
[rtabmap-14] [INFO] [1768034143.774223362] [rtabmap]: rtabmap (1250): Rate=0.50s, Limit=0.001s, Conversion=0.0007s, RTAB-Map=0.0845s, Maps update=0.0017s pub=0.0016s delay=0.1324s (local map=5, WM=5)
[superpoint_node-2] [INFO] [1768034143.796638615] [superpoint_node]: Keypoints estratti: 800
[superpoint_node-2] [ERROR] [1768034143.802859331] [superpoint_node]: Errore pubblicazione keypoints 3D: could not assign tuple of length 3 to structure with 4 fields.
[superpoint_node-2] [INFO] [1768034143.898083997] [superpoint_node]: Keypoints estratti: 800
[superpoint_node-2] [ERROR] [1768034143.904499585] [superpoint_node]: Errore pubblicazione keypoints 3D: could not assign tuple of length 3 to structure with 4 fields.
[superpoint_node-2] [INFO] [1768034143.993257255] [superpoint_node]: Keypoints estratti: 800
[superpoint_node-2] [ERROR] [1768034143.998752632] [superpoint_node]: Errore pubblicazione keypoints 3D: could not assign tuple of length 3 to structure with 4 fields.
[superpoint_node-2] [INFO] [1768034144.092991308] [superpoint_node]: Keypoints estratti: 800
[superpoint_node-2] [ERROR] [1768034144.098358018] [superpoint_node]: Errore pubblicazione keypoints 3D: could not assign tuple of length 3 to structure with 4 fields.
[superpoint_node-2] [INFO] [1768034144.189656208] [superpoint_node]: Keypoints estratti: 800
[superpoint_node-2] [ERROR] [1768034144.195217363] [superpoint_node]: Errore pubblicazione keypoints 3D: could not assign tuple of length 3 to structure with 4 fields.
[superpoint_node-2] [INFO] [1768034144.291357277] [superpoint_node]: Keypoints estratti: 800
[superpoint_node-2] [ERROR] [1768034144.297307435] [superpoint_node]: Errore pubblicazione keypoints 3D: could not assign tuple of length 3 to structure with 4 fields.
[rtabmap-14] [INFO] [1768034144.335872243] [rtabmap]: rtabmap (1251): Rate=0.50s, Limit=0.001s, Conversion=0.0002s, RTAB-Map=0.0778s, Maps update=0.0007s pub=0.0020s delay=0.0993s (local map=4, WM=6)
[superpoint_node-2] [INFO] [1768034144.393045753] [superpoint_node]: Keypoints estratti: 800
[superpoint_node-2] [ERROR] [1768034144.399281877] [superpoint_node]: Errore pubblicazione keypoints 3D: could not assign tuple of length 3 to structure with 4 fields.
[superpoint_node-2] [INFO] [1768034144.492097894] [superpoint_node]: Keypoints estratti: 800
[superpoint_node-2] [ERROR] [1768034144.497958385] [superpoint_node]: Errore pubblicazione keypoints 3D: could not assign tuple of length 3 to structure with 4 fields.
[superpoint_node-2] [INFO] [1768034144.595025973] [superpoint_node]: Keypoints estratti: 800
[superpoint_node-2] [ERROR] [1768034144.600624851] [superpoint_node]: Errore pubblicazione keypoints 3D: could not assign tuple of length 3 to structure with 4 fields.
[superpoint_node-2] [INFO] [1768034144.694630192] [superpoint_node]: Keypoints estratti: 800
[superpoint_node-2] [ERROR] [1768034144.700631907] [superpoint_node]: Errore pubblicazione keypoints 3D: could not assign tuple of length 3 to structure with 4 fields.
[superpoint_node-2] [INFO] [1768034144.801424228] [superpoint_node]: Keypoints estratti: 800
[superpoint_node-2] [ERROR] [1768034144.808509099] [superpoint_node]: Errore pubblicazione keypoints 3D: could not assign tuple of length 3 to structure with 4 fields.
[rtabmap-14] [INFO] [1768034144.859637525] [rtabmap]: rtabmap (1252): Rate=0.50s, Limit=0.001s, Conversion=0.0003s, RTAB-Map=0.0715s, Maps update=0.0041s pub=0.0020s delay=0.1154s (local map=5, WM=5)
[superpoint_node-2] [INFO] [1768034144.904426678] [superpoint_node]: Keypoints estratti: 800
[superpoint_node-2] [ERROR] [1768034144.910998304] [superpoint_node]: Errore pubblicazione keypoints 3D: could not assign tuple of length 3 to structure with 4 fields.
[superpoint_node-2] [INFO] [1768034145.003417763] [superpoint_node]: Keypoints estratti: 800
[superpoint_node-2] [ERROR] [1768034145.009665072] [superpoint_node]: Errore pubblicazione keypoints 3D: could not assign tuple of length 3 to structure with 4 fields.
[superpoint_node-2] [INFO] [1768034145.103667172] [superpoint_node]: Keypoints estratti: 800
[superpoint_node-2] [ERROR] [1768034145.109704498] [superpoint_node]: Errore pubblicazione keypoints 3D: could not assign tuple of length 3 to structure with 4 fields.
[superpoint_node-2] [INFO] [1768034145.200636722] [superpoint_node]: Keypoints estratti: 800
[superpoint_node-2] [ERROR] [1768034145.206843679] [superpoint_node]: Errore pubblicazione keypoints 3D: could not assign tuple of length 3 to structure with 4 fields.
[superpoint_node-2] [INFO] [1768034145.298479187] [superpoint_node]: Keypoints estratti: 800
[superpoint_node-2] [ERROR] [1768034145.304310048] [superpoint_node]: Errore pubblicazione keypoints 3D: could not assign tuple of length 3 to structure with 4 fields.
[rtabmap-14] [INFO] [1768034145.376616087] [rtabmap]: rtabmap (1253): Rate=0.50s, Limit=0.001s, Conversion=0.0007s, RTAB-Map=0.0873s, Maps update=0.0006s pub=0.0021s delay=0.1285s (local map=4, WM=6)
[superpoint_node-2] [INFO] [1768034145.400746223] [superpoint_node]: Keypoints estratti: 800
[superpoint_node-2] [ERROR] [1768034145.406657474] [superpoint_node]: Errore pubblicazione keypoints 3D: could not assign tuple of length 3 to structure with 4 fields.
[superpoint_node-2] [INFO] [1768034145.499880198] [superpoint_node]: Keypoints estratti: 800
[superpoint_node-2] [ERROR] [1768034145.506044284] [superpoint_node]: Errore pubblicazione keypoints 3D: could not assign tuple of length 3 to structure with 4 fields.
[superpoint_node-2] [INFO] [1768034145.596944990] [superpoint_node]: Keypoints estratti: 800
[superpoint_node-2] [ERROR] [1768034145.603045964] [superpoint_node]: Errore pubblicazione keypoints 3D: could not assign tuple of length 3 to structure with 4 fields.
[superpoint_node-2] [INFO] [1768034145.698192481] [superpoint_node]: Keypoints estratti: 800
[superpoint_node-2] [ERROR] [1768034145.704706811] [superpoint_node]: Errore pubblicazione keypoints 3D: could not assign tuple of length 3 to structure with 4 fields.
[superpoint_node-2] [INFO] [1768034145.798660393] [superpoint_node]: Keypoints estratti: 800
[superpoint_node-2] [ERROR] [1768034145.805345705] [superpoint_node]: Errore pubblicazione keypoints 3D: could not assign tuple of length 3 to structure with 4 fields.
[superpoint_node-2] [INFO] [1768034145.902507497] [superpoint_node]: Keypoints estratti: 800
[superpoint_node-2] [ERROR] [1768034145.908752158] [superpoint_node]: Errore pubblicazione keypoints 3D: could not assign tuple of length 3 to structure with 4 fields.
[rtabmap-14] [INFO] [1768034145.984452669] [rtabmap]: rtabmap (1254): Rate=0.50s, Limit=0.001s, Conversion=0.0002s, RTAB-Map=0.0701s, Maps update=0.0006s pub=0.0010s delay=0.1359s (local map=5, WM=5)
[superpoint_node-2] [INFO] [1768034146.009166199] [superpoint_node]: Keypoints estratti: 800
[superpoint_node-2] [ERROR] [1768034146.014642094] [superpoint_node]: Errore pubblicazione keypoints 3D: could not assign tuple of length 3 to structure with 4 fields.
[superpoint_node-2] [INFO] [1768034146.106746328] [superpoint_node]: Keypoints estratti: 800
[superpoint_node-2] [ERROR] [1768034146.112560319] [superpoint_node]: Errore pubblicazione keypoints 3D: could not assign tuple of length 3 to structure with 4 fields.
[superpoint_node-2] [INFO] [1768034146.204622848] [superpoint_node]: Keypoints estratti: 800
[superpoint_node-2] [ERROR] [1768034146.210429394] [superpoint_node]: Errore pubblicazione keypoints 3D: could not assign tuple of length 3 to structure with 4 fields.
[superpoint_node-2] [INFO] [1768034146.305760524] [superpoint_node]: Keypoints estratti: 800
[superpoint_node-2] [ERROR] [1768034146.311551311] [superpoint_node]: Errore pubblicazione keypoints 3D: could not assign tuple of length 3 to structure with 4 fields.
[superpoint_node-2] [INFO] [1768034146.404469384] [superpoint_node]: Keypoints estratti: 800
[superpoint_node-2] [ERROR] [1768034146.410646119] [superpoint_node]: Errore pubblicazione keypoints 3D: could not assign tuple of length 3 to structure with 4 fields.
[rtabmap-14] [INFO] [1768034146.484117648] [rtabmap]: rtabmap (1255): Rate=0.50s, Limit=0.001s, Conversion=0.0002s, RTAB-Map=0.0646s, Maps update=0.0004s pub=0.0010s delay=0.1311s (local map=4, WM=6)
[superpoint_node-2] [INFO] [1768034146.511004640] [superpoint_node]: Keypoints estratti: 800
[superpoint_node-2] [ERROR] [1768034146.516502591] [superpoint_node]: Errore pubblicazione keypoints 3D: could not assign tuple of length 3 to structure with 4 fields.
[superpoint_node-2] [INFO] [1768034146.608778197] [superpoint_node]: Keypoints estratti: 800
[superpoint_node-2] [ERROR] [1768034146.614264777] [superpoint_node]: Errore pubblicazione keypoints 3D: could not assign tuple of length 3 to structure with 4 fields.
[superpoint_node-2] [INFO] [1768034146.706818737] [superpoint_node]: Keypoints estratti: 800
[superpoint_node-2] [ERROR] [1768034146.712333355] [superpoint_node]: Errore pubblicazione keypoints 3D: could not assign tuple of length 3 to structure with 4 fields.
[superpoint_node-2] [INFO] [1768034146.804181012] [superpoint_node]: Keypoints estratti: 800
[superpoint_node-2] [ERROR] [1768034146.810388154] [superpoint_node]: Errore pubblicazione keypoints 3D: could not assign tuple of length 3 to structure with 4 fields.
[superpoint_node-2] [INFO] [1768034146.904907999] [superpoint_node]: Keypoints estratti: 800
[superpoint_node-2] [ERROR] [1768034146.911349977] [superpoint_node]: Errore pubblicazione keypoints 3D: could not assign tuple of length 3 to structure with 4 fields.
[superpoint_node-2] [INFO] [1768034147.004490107] [superpoint_node]: Keypoints estratti: 800
[superpoint_node-2] [ERROR] [1768034147.011065752] [superpoint_node]: Errore pubblicazione keypoints 3D: could not assign tuple of length 3 to structure with 4 fields.
[rtabmap-14] [INFO] [1768034147.083957851] [rtabmap]: rtabmap (1256): Rate=0.50s, Limit=0.001s, Conversion=0.0002s, RTAB-Map=0.0634s, Maps update=0.0016s pub=0.0013s delay=0.1290s (local map=5, WM=5)
[superpoint_node-2] [INFO] [1768034147.110650323] [superpoint_node]: Keypoints estratti: 800
[superpoint_node-2] [ERROR] [1768034147.116303165] [superpoint_node]: Errore pubblicazione keypoints 3D: could not assign tuple of length 3 to structure with 4 fields.
[superpoint_node-2] [INFO] [1768034147.210491100] [superpoint_node]: Keypoints estratti: 800
[superpoint_node-2] [ERROR] [1768034147.216058126] [superpoint_node]: Errore pubblicazione keypoints 3D: could not assign tuple of length 3 to structure with 4 fields.
[superpoint_node-2] [INFO] [1768034147.304604831] [superpoint_node]: Keypoints estratti: 800
[superpoint_node-2] [ERROR] [1768034147.310735398] [superpoint_node]: Errore pubblicazione keypoints 3D: could not assign tuple of length 3 to structure with 4 fields.
[superpoint_node-2] [INFO] [1768034147.403098764] [superpoint_node]: Keypoints estratti: 800
[superpoint_node-2] [ERROR] [1768034147.410337673] [superpoint_node]: Errore pubblicazione keypoints 3D: could not assign tuple of length 3 to structure with 4 fields.
[superpoint_node-2] [INFO] [1768034147.503563656] [superpoint_node]: Keypoints estratti: 800
[superpoint_node-2] [ERROR] [1768034147.510214413] [superpoint_node]: Errore pubblicazione keypoints 3D: could not assign tuple of length 3 to structure with 4 fields.
[superpoint_node-2] [INFO] [1768034147.606346456] [superpoint_node]: Keypoints estratti: 800
[superpoint_node-2] [ERROR] [1768034147.612946898] [superpoint_node]: Errore pubblicazione keypoints 3D: could not assign tuple of length 3 to structure with 4 fields.
[rtabmap-14] [INFO] [1768034147.675682620] [rtabmap]: rtabmap (1257): Rate=0.50s, Limit=0.001s, Conversion=0.0011s, RTAB-Map=0.0813s, Maps update=0.0066s pub=0.0040s delay=0.1224s (local map=4, WM=6)
[superpoint_node-2] [INFO] [1768034147.711458905] [superpoint_node]: Keypoints estratti: 800
[superpoint_node-2] [ERROR] [1768034147.717810529] [superpoint_node]: Errore pubblicazione keypoints 3D: could not assign tuple of length 3 to structure with 4 fields.
[superpoint_node-2] [INFO] [1768034147.810052134] [superpoint_node]: Keypoints estratti: 800
[superpoint_node-2] [ERROR] [1768034147.815700031] [superpoint_node]: Errore pubblicazione keypoints 3D: could not assign tuple of length 3 to structure with 4 fields.
[superpoint_node-2] [INFO] [1768034147.905700192] [superpoint_node]: Keypoints estratti: 800
[superpoint_node-2] [ERROR] [1768034147.912140651] [superpoint_node]: Errore pubblicazione keypoints 3D: could not assign tuple of length 3 to structure with 4 fields.
[superpoint_node-2] [INFO] [1768034148.004209884] [superpoint_node]: Keypoints estratti: 800
[superpoint_node-2] [ERROR] [1768034148.010780029] [superpoint_node]: Errore pubblicazione keypoints 3D: could not assign tuple of length 3 to structure with 4 fields.
[superpoint_node-2] [INFO] [1768034148.105679970] [superpoint_node]: Keypoints estratti: 800
[superpoint_node-2] [ERROR] [1768034148.111866538] [superpoint_node]: Errore pubblicazione keypoints 3D: could not assign tuple of length 3 to structure with 4 fields.
[rtabmap-14] [33m[ WARN] (2026-01-10 09:35:43.227) Memory.cpp:2105::forget() Less signatures transferred (1) than added (2)! The working memory cannot decrease in size.[0m
[rtabmap-14] [33m[ WARN] (2026-01-10 09:35:44.328) Memory.cpp:2105::forget() Less signatures transferred (1) than added (2)! The working memory cannot decrease in size.[0m
[rtabmap-14] [33m[ WARN] (2026-01-10 09:35:45.370) Memory.cpp:2105::forget() Less signatures transferred (1) than added (2)! The working memory cannot decrease in size.[0m
[rtabmap-14] [33m[ WARN] (2026-01-10 09:35:46.479) Memory.cpp:2105::forget() Less signatures transferred (1) than added (2)! The working memory cannot decrease in size.[0m
[rtabmap-14] [33m[ WARN] (2026-01-10 09:35:47.661) Memory.cpp:2105::forget() Less signatures transferred (1) than added (2)! The working memory cannot decrease in size.[0m
[rtabmap-14] [INFO] [1768034148.190639721] [rtabmap]: rtabmap (1258): Rate=0.50s, Limit=0.001s, Conversion=0.0002s, RTAB-Map=0.0749s, Maps update=0.0016s pub=0.0018s delay=0.1355s (local map=5, WM=5)
[superpoint_node-2] [INFO] [1768034148.204625203] [superpoint_node]: Keypoints estratti: 800
[superpoint_node-2] [ERROR] [1768034148.210610084] [superpoint_node]: Errore pubblicazione keypoints 3D: could not assign tuple of length 3 to structure with 4 fields.
[superpoint_node-2] [INFO] [1768034148.303807585] [superpoint_node]: Keypoints estratti: 800
[superpoint_node-2] [ERROR] [1768034148.309667891] [superpoint_node]: Errore pubblicazione keypoints 3D: could not assign tuple of length 3 to structure with 4 fields.
[superpoint_node-2] [INFO] [1768034148.403703418] [superpoint_node]: Keypoints estratti: 800
[superpoint_node-2] [ERROR] [1768034148.410310304] [superpoint_node]: Errore pubblicazione keypoints 3D: could not assign tuple of length 3 to structure with 4 fields.
[superpoint_node-2] [INFO] [1768034148.502269277] [superpoint_node]: Keypoints estratti: 800
[superpoint_node-2] [ERROR] [1768034148.508180398] [superpoint_node]: Errore pubblicazione keypoints 3D: could not assign tuple of length 3 to structure with 4 fields.
[superpoint_node-2] [INFO] [1768034148.597912465] [superpoint_node]: Keypoints estratti: 800
[superpoint_node-2] [ERROR] [1768034148.603709270] [superpoint_node]: Errore pubblicazione keypoints 3D: could not assign tuple of length 3 to structure with 4 fields.
[superpoint_node-2] [INFO] [1768034148.701905886] [superpoint_node]: Keypoints estratti: 800
[superpoint_node-2] [ERROR] [1768034148.708580735] [superpoint_node]: Errore pubblicazione keypoints 3D: could not assign tuple of length 3 to structure with 4 fields.
[rtabmap-14] [INFO] [1768034148.764729460] [rtabmap]: rtabmap (1259): Rate=0.50s, Limit=0.001s, Conversion=0.0007s, RTAB-Map=0.0734s, Maps update=0.0099s pub=0.0016s delay=0.1192s (local map=4, WM=6)
[superpoint_node-2] [INFO] [1768034148.801051823] [superpoint_node]: Keypoints estratti: 800
[superpoint_node-2] [ERROR] [1768034148.806752239] [superpoint_node]: Errore pubblicazione keypoints 3D: could not assign tuple of length 3 to structure with 4 fields.
[superpoint_node-2] [INFO] [1768034148.898871658] [superpoint_node]: Keypoints estratti: 800
[superpoint_node-2] [ERROR] [1768034148.905534656] [superpoint_node]: Errore pubblicazione keypoints 3D: could not assign tuple of length 3 to structure with 4 fields.
[superpoint_node-2] [INFO] [1768034148.998856529] [superpoint_node]: Keypoints estratti: 800
[superpoint_node-2] [ERROR] [1768034149.004889799] [superpoint_node]: Errore pubblicazione keypoints 3D: could not assign tuple of length 3 to structure with 4 fields.
[superpoint_node-2] [INFO] [1768034149.102410779] [superpoint_node]: Keypoints estratti: 800
[superpoint_node-2] [ERROR] [1768034149.108514439] [superpoint_node]: Errore pubblicazione keypoints 3D: could not assign tuple of length 3 to structure with 4 fields.
[superpoint_node-2] [INFO] [1768034149.198968271] [superpoint_node]: Keypoints estratti: 800
[superpoint_node-2] [ERROR] [1768034149.204687668] [superpoint_node]: Errore pubblicazione keypoints 3D: could not assign tuple of length 3 to structure with 4 fields.
[rtabmap-14] [INFO] [1768034149.278030400] [rtabmap]: rtabmap (1260): Rate=0.50s, Limit=0.001s, Conversion=0.0002s, RTAB-Map=0.0572s, Maps update=0.0025s pub=0.0016s delay=0.1279s (local map=5, WM=5)
[superpoint_node-2] [INFO] [1768034149.301995073] [superpoint_node]: Keypoints estratti: 800
[superpoint_node-2] [ERROR] [1768034149.308141603] [superpoint_node]: Errore pubblicazione keypoints 3D: could not assign tuple of length 3 to structure with 4 fields.
[superpoint_node-2] [INFO] [1768034149.399055401] [superpoint_node]: Keypoints estratti: 800
[superpoint_node-2] [ERROR] [1768034149.404679427] [superpoint_node]: Errore pubblicazione keypoints 3D: could not assign tuple of length 3 to structure with 4 fields.
[superpoint_node-2] [INFO] [1768034149.496802291] [superpoint_node]: Keypoints estratti: 800
[superpoint_node-2] [ERROR] [1768034149.502769357] [superpoint_node]: Errore pubblicazione keypoints 3D: could not assign tuple of length 3 to structure with 4 fields.
[superpoint_node-2] [INFO] [1768034149.593036724] [superpoint_node]: Keypoints estratti: 800
[superpoint_node-2] [ERROR] [1768034149.598383655] [superpoint_node]: Errore pubblicazione keypoints 3D: could not assign tuple of length 3 to structure with 4 fields.
[superpoint_node-2] [INFO] [1768034149.691841400] [superpoint_node]: Keypoints estratti: 800
[superpoint_node-2] [ERROR] [1768034149.697507815] [superpoint_node]: Errore pubblicazione keypoints 3D: could not assign tuple of length 3 to structure with 4 fields.
[superpoint_node-2] [INFO] [1768034149.789308880] [superpoint_node]: Keypoints estratti: 800
[superpoint_node-2] [ERROR] [1768034149.794856979] [superpoint_node]: Errore pubblicazione keypoints 3D: could not assign tuple of length 3 to structure with 4 fields.
[rtabmap-14] [INFO] [1768034149.855304646] [rtabmap]: rtabmap (1261): Rate=0.50s, Limit=0.001s, Conversion=0.0003s, RTAB-Map=0.0730s, Maps update=0.0036s pub=0.0015s delay=0.1165s (local map=4, WM=6)
[superpoint_node-2] [INFO] [1768034149.896950719] [superpoint_node]: Keypoints estratti: 800
[superpoint_node-2] [ERROR] [1768034149.903769754] [superpoint_node]: Errore pubblicazione keypoints 3D: could not assign tuple of length 3 to structure with 4 fields.
[superpoint_node-2] [INFO] [1768034149.993165892] [superpoint_node]: Keypoints estratti: 800
[superpoint_node-2] [ERROR] [1768034149.998823493] [superpoint_node]: Errore pubblicazione keypoints 3D: could not assign tuple of length 3 to structure with 4 fields.
[superpoint_node-2] [INFO] [1768034150.093191448] [superpoint_node]: Keypoints estratti: 800
[superpoint_node-2] [ERROR] [1768034150.098661307] [superpoint_node]: Errore pubblicazione keypoints 3D: could not assign tuple of length 3 to structure with 4 fields.
[superpoint_node-2] [INFO] [1768034150.185809945] [superpoint_node]: Keypoints estratti: 800
[superpoint_node-2] [ERROR] [1768034150.191311767] [superpoint_node]: Errore pubblicazione keypoints 3D: could not assign tuple of length 3 to structure with 4 fields.
[superpoint_node-2] [INFO] [1768034150.285972798] [superpoint_node]: Keypoints estratti: 800
[superpoint_node-2] [ERROR] [1768034150.291466731] [superpoint_node]: Errore pubblicazione keypoints 3D: could not assign tuple of length 3 to structure with 4 fields.
[superpoint_node-2] [INFO] [1768034150.384132710] [superpoint_node]: Keypoints estratti: 800
[superpoint_node-2] [ERROR] [1768034150.389742403] [superpoint_node]: Errore pubblicazione keypoints 3D: could not assign tuple of length 3 to structure with 4 fields.
[rtabmap-14] [INFO] [1768034150.454861236] [rtabmap]: rtabmap (1262): Rate=0.50s, Limit=0.001s, Conversion=0.0007s, RTAB-Map=0.0741s, Maps update=0.0005s pub=0.0014s delay=0.1228s (local map=5, WM=5)
[superpoint_node-2] [INFO] [1768034150.488059667] [superpoint_node]: Keypoints estratti: 800
[superpoint_node-2] [ERROR] [1768034150.493642471] [superpoint_node]: Errore pubblicazione keypoints 3D: could not assign tuple of length 3 to structure with 4 fields.
[superpoint_node-2] [INFO] [1768034150.584751308] [superpoint_node]: Keypoints estratti: 800
[superpoint_node-2] [ERROR] [1768034150.590904135] [superpoint_node]: Errore pubblicazione keypoints 3D: could not assign tuple of length 3 to structure with 4 fields.
[superpoint_node-2] [INFO] [1768034150.685199052] [superpoint_node]: Keypoints estratti: 800
[superpoint_node-2] [ERROR] [1768034150.690762430] [superpoint_node]: Errore pubblicazione keypoints 3D: could not assign tuple of length 3 to structure with 4 fields.
[superpoint_node-2] [INFO] [1768034150.780921926] [superpoint_node]: Keypoints estratti: 800
[superpoint_node-2] [ERROR] [1768034150.787246272] [superpoint_node]: Errore pubblicazione keypoints 3D: could not assign tuple of length 3 to structure with 4 fields.
[superpoint_node-2] [INFO] [1768034150.919159045] [superpoint_node]: Keypoints estratti: 800
[superpoint_node-2] [ERROR] [1768034150.926508882] [superpoint_node]: Errore pubblicazione keypoints 3D: could not assign tuple of length 3 to structure with 4 fields.
[rtabmap-14] [INFO] [1768034150.996131362] [rtabmap]: rtabmap (1263): Rate=0.50s, Limit=0.001s, Conversion=0.0006s, RTAB-Map=0.0793s, Maps update=0.0022s pub=0.0013s delay=0.1280s (local map=4, WM=6)
[superpoint_node-2] [INFO] [1768034151.025395132] [superpoint_node]: Keypoints estratti: 800
[superpoint_node-2] [ERROR] [1768034151.031134345] [superpoint_node]: Errore pubblicazione keypoints 3D: could not assign tuple of length 3 to structure with 4 fields.
[superpoint_node-2] [INFO] [1768034151.124810128] [superpoint_node]: Keypoints estratti: 800
[superpoint_node-2] [ERROR] [1768034151.130248264] [superpoint_node]: Errore pubblicazione keypoints 3D: could not assign tuple of length 3 to structure with 4 fields.
[superpoint_node-2] [INFO] [1768034151.225723968] [superpoint_node]: Keypoints estratti: 800
[superpoint_node-2] [ERROR] [1768034151.231243346] [superpoint_node]: Errore pubblicazione keypoints 3D: could not assign tuple of length 3 to structure with 4 fields.
[superpoint_node-2] [INFO] [1768034151.323491229] [superpoint_node]: Keypoints estratti: 800
[superpoint_node-2] [ERROR] [1768034151.329113866] [superpoint_node]: Errore pubblicazione keypoints 3D: could not assign tuple of length 3 to structure with 4 fields.
[superpoint_node-2] [INFO] [1768034151.420799078] [superpoint_node]: Keypoints estratti: 800
[superpoint_node-2] [ERROR] [1768034151.426485123] [superpoint_node]: Errore pubblicazione keypoints 3D: could not assign tuple of length 3 to structure with 4 fields.
[rtabmap-14] [INFO] [1768034151.490205131] [rtabmap]: rtabmap (1264): Rate=0.50s, Limit=0.001s, Conversion=0.0005s, RTAB-Map=0.0684s, Maps update=0.0091s pub=0.0028s delay=0.1201s (local map=5, WM=5)
[superpoint_node-2] [INFO] [1768034151.524627312] [superpoint_node]: Keypoints estratti: 800
[superpoint_node-2] [ERROR] [1768034151.530401136] [superpoint_node]: Errore pubblicazione keypoints 3D: could not assign tuple of length 3 to structure with 4 fields.
[superpoint_node-2] [INFO] [1768034151.620523817] [superpoint_node]: Keypoints estratti: 800
[superpoint_node-2] [ERROR] [1768034151.626139121] [superpoint_node]: Errore pubblicazione keypoints 3D: could not assign tuple of length 3 to structure with 4 fields.
[superpoint_node-2] [INFO] [1768034151.717347588] [superpoint_node]: Keypoints estratti: 800
[superpoint_node-2] [ERROR] [1768034151.723217338] [superpoint_node]: Errore pubblicazione keypoints 3D: could not assign tuple of length 3 to structure with 4 fields.
[superpoint_node-2] [INFO] [1768034151.821141396] [superpoint_node]: Keypoints estratti: 800
[superpoint_node-2] [ERROR] [1768034151.827312167] [superpoint_node]: Errore pubblicazione keypoints 3D: could not assign tuple of length 3 to structure with 4 fields.
[superpoint_node-2] [INFO] [1768034151.918256447] [superpoint_node]: Keypoints estratti: 800
[superpoint_node-2] [ERROR] [1768034151.924318051] [superpoint_node]: Errore pubblicazione keypoints 3D: could not assign tuple of length 3 to structure with 4 fields.
[superpoint_node-2] [INFO] [1768034152.019959887] [superpoint_node]: Keypoints estratti: 800
[superpoint_node-2] [ERROR] [1768034152.026769237] [superpoint_node]: Errore pubblicazione keypoints 3D: could not assign tuple of length 3 to structure with 4 fields.
[rtabmap-14] [INFO] [1768034152.100757364] [rtabmap]: rtabmap (1265): Rate=0.50s, Limit=0.001s, Conversion=0.0002s, RTAB-Map=0.0840s, Maps update=0.0022s pub=0.0017s delay=0.1313s (local map=4, WM=6)
[superpoint_node-2] [INFO] [1768034152.123893567] [superpoint_node]: Keypoints estratti: 800
[superpoint_node-2] [ERROR] [1768034152.129462981] [superpoint_node]: Errore pubblicazione keypoints 3D: could not assign tuple of length 3 to structure with 4 fields.
[superpoint_node-2] [INFO] [1768034152.225728322] [superpoint_node]: Keypoints estratti: 800
[superpoint_node-2] [ERROR] [1768034152.231929760] [superpoint_node]: Errore pubblicazione keypoints 3D: could not assign tuple of length 3 to structure with 4 fields.
[superpoint_node-2] [INFO] [1768034152.324806296] [superpoint_node]: Keypoints estratti: 800
[superpoint_node-2] [ERROR] [1768034152.330340100] [superpoint_node]: Errore pubblicazione keypoints 3D: could not assign tuple of length 3 to structure with 4 fields.
[superpoint_node-2] [INFO] [1768034152.421106675] [superpoint_node]: Keypoints estratti: 800
[superpoint_node-2] [ERROR] [1768034152.427311057] [superpoint_node]: Errore pubblicazione keypoints 3D: could not assign tuple of length 3 to structure with 4 fields.
[superpoint_node-2] [INFO] [1768034152.525752471] [superpoint_node]: Keypoints estratti: 800
[superpoint_node-2] [ERROR] [1768034152.532143207] [superpoint_node]: Errore pubblicazione keypoints 3D: could not assign tuple of length 3 to structure with 4 fields.
[rtabmap-14] [INFO] [1768034152.552752205] [rtabmap]: rtabmap (1266): Rate=0.50s, Limit=0.001s, Conversion=0.0012s, RTAB-Map=0.0369s, Maps update=0.0009s pub=0.0015s delay=0.0818s (local map=5, WM=5)
[superpoint_node-2] [INFO] [1768034152.624660481] [superpoint_node]: Keypoints estratti: 800
[superpoint_node-2] [ERROR] [1768034152.630431045] [superpoint_node]: Errore pubblicazione keypoints 3D: could not assign tuple of length 3 to structure with 4 fields.
[superpoint_node-2] [INFO] [1768034152.720613579] [superpoint_node]: Keypoints estratti: 800
[superpoint_node-2] [ERROR] [1768034152.726347865] [superpoint_node]: Errore pubblicazione keypoints 3D: could not assign tuple of length 3 to structure with 4 fields.
[superpoint_node-2] [INFO] [1768034152.823855697] [superpoint_node]: Keypoints estratti: 800
[superpoint_node-2] [ERROR] [1768034152.829370297] [superpoint_node]: Errore pubblicazione keypoints 3D: could not assign tuple of length 3 to structure with 4 fields.
[superpoint_node-2] [INFO] [1768034152.917885557] [superpoint_node]: Keypoints estratti: 800
[superpoint_node-2] [ERROR] [1768034152.923698566] [superpoint_node]: Errore pubblicazione keypoints 3D: could not assign tuple of length 3 to structure with 4 fields.
[superpoint_node-2] [INFO] [1768034153.020449930] [superpoint_node]: Keypoints estratti: 800
[superpoint_node-2] [ERROR] [1768034153.026383162] [superpoint_node]: Errore pubblicazione keypoints 3D: could not assign tuple of length 3 to structure with 4 fields.
[superpoint_node-2] [INFO] [1768034153.123780160] [superpoint_node]: Keypoints estratti: 800
[superpoint_node-2] [ERROR] [1768034153.129242685] [superpoint_node]: Errore pubblicazione keypoints 3D: could not assign tuple of length 3 to structure with 4 fields.
[rtabmap-14] [INFO] [1768034153.139537212] [rtabmap]: rtabmap (1267): Rate=0.50s, Limit=0.001s, Conversion=0.0006s, RTAB-Map=0.0517s, Maps update=0.0017s pub=0.0012s delay=0.0701s (local map=4, WM=6)
[rtabmap-14] [33m[ WARN] (2026-01-10 09:35:48.749) Memory.cpp:2105::forget() Less signatures transferred (1) than added (2)! The working memory cannot decrease in size.[0m
[rtabmap-14] [33m[ WARN] (2026-01-10 09:35:49.846) Memory.cpp:2105::forget() Less signatures transferred (1) than added (2)! The working memory cannot decrease in size.[0m
[rtabmap-14] [33m[ WARN] (2026-01-10 09:35:50.990) Memory.cpp:2105::forget() Less signatures transferred (1) than added (2)! The working memory cannot decrease in size.[0m
[rtabmap-14] [33m[ WARN] (2026-01-10 09:35:52.094) Memory.cpp:2105::forget() Less signatures transferred (1) than added (2)! The working memory cannot decrease in size.[0m
[rtabmap-14] [33m[ WARN] (2026-01-10 09:35:53.134) Memory.cpp:2105::forget() Less signatures transferred (1) than added (2)! The working memory cannot decrease in size.[0m
[superpoint_node-2] [INFO] [1768034153.225994493] [superpoint_node]: Keypoints estratti: 800
[superpoint_node-2] [ERROR] [1768034153.231985170] [superpoint_node]: Errore pubblicazione keypoints 3D: could not assign tuple of length 3 to structure with 4 fields.
[superpoint_node-2] [INFO] [1768034153.320025242] [superpoint_node]: Keypoints estratti: 800
[superpoint_node-2] [ERROR] [1768034153.325858418] [superpoint_node]: Errore pubblicazione keypoints 3D: could not assign tuple of length 3 to structure with 4 fields.
[superpoint_node-2] [INFO] [1768034153.421094843] [superpoint_node]: Keypoints estratti: 800
[superpoint_node-2] [ERROR] [1768034153.426571072] [superpoint_node]: Errore pubblicazione keypoints 3D: could not assign tuple of length 3 to structure with 4 fields.
[superpoint_node-2] [INFO] [1768034153.516657641] [superpoint_node]: Keypoints estratti: 800
[superpoint_node-2] [ERROR] [1768034153.524646742] [superpoint_node]: Errore pubblicazione keypoints 3D: could not assign tuple of length 3 to structure with 4 fields.
[superpoint_node-2] [INFO] [1768034153.621707848] [superpoint_node]: Keypoints estratti: 800
[superpoint_node-2] [ERROR] [1768034153.628344846] [superpoint_node]: Errore pubblicazione keypoints 3D: could not assign tuple of length 3 to structure with 4 fields.
[rtabmap-14] [INFO] [1768034153.697282543] [rtabmap]: rtabmap (1268): Rate=0.50s, Limit=0.001s, Conversion=0.0005s, RTAB-Map=0.0783s, Maps update=0.0004s pub=0.0010s delay=0.1278s (local map=5, WM=5)
[superpoint_node-2] [INFO] [1768034153.728649144] [superpoint_node]: Keypoints estratti: 800
[superpoint_node-2] [ERROR] [1768034153.734404024] [superpoint_node]: Errore pubblicazione keypoints 3D: could not assign tuple of length 3 to structure with 4 fields.
[superpoint_node-2] [INFO] [1768034153.829529948] [superpoint_node]: Keypoints estratti: 800
[superpoint_node-2] [ERROR] [1768034153.834977158] [superpoint_node]: Errore pubblicazione keypoints 3D: could not assign tuple of length 3 to structure with 4 fields.
[superpoint_node-2] [INFO] [1768034153.926975669] [superpoint_node]: Keypoints estratti: 800
[superpoint_node-2] [ERROR] [1768034153.932397064] [superpoint_node]: Errore pubblicazione keypoints 3D: could not assign tuple of length 3 to structure with 4 fields.
[superpoint_node-2] [INFO] [1768034154.020001780] [superpoint_node]: Keypoints estratti: 800
[superpoint_node-2] [ERROR] [1768034154.025887308] [superpoint_node]: Errore pubblicazione keypoints 3D: could not assign tuple of length 3 to structure with 4 fields.
[superpoint_node-2] [INFO] [1768034154.123410715] [superpoint_node]: Keypoints estratti: 800
[superpoint_node-2] [ERROR] [1768034154.128700479] [superpoint_node]: Errore pubblicazione keypoints 3D: could not assign tuple of length 3 to structure with 4 fields.
[superpoint_node-2] [INFO] [1768034154.259276815] [superpoint_node]: Keypoints estratti: 800
[superpoint_node-2] [ERROR] [1768034154.266109259] [superpoint_node]: Errore pubblicazione keypoints 3D: could not assign tuple of length 3 to structure with 4 fields.
[rtabmap-14] [INFO] [1768034154.330277251] [rtabmap]: rtabmap (1269): Rate=0.50s, Limit=0.001s, Conversion=0.0005s, RTAB-Map=0.0784s, Maps update=0.0004s pub=0.0012s delay=0.1229s (local map=4, WM=6)
[superpoint_node-2] [INFO] [1768034154.360685456] [superpoint_node]: Keypoints estratti: 800
[superpoint_node-2] [ERROR] [1768034154.366641208] [superpoint_node]: Errore pubblicazione keypoints 3D: could not assign tuple of length 3 to structure with 4 fields.
[superpoint_node-2] [INFO] [1768034154.459043295] [superpoint_node]: Keypoints estratti: 800
[superpoint_node-2] [ERROR] [1768034154.466044888] [superpoint_node]: Errore pubblicazione keypoints 3D: could not assign tuple of length 3 to structure with 4 fields.
[superpoint_node-2] [INFO] [1768034154.558674978] [superpoint_node]: Keypoints estratti: 800
[superpoint_node-2] [ERROR] [1768034154.565288975] [superpoint_node]: Errore pubblicazione keypoints 3D: could not assign tuple of length 3 to structure with 4 fields.
[superpoint_node-2] [INFO] [1768034154.655895845] [superpoint_node]: Keypoints estratti: 800
[superpoint_node-2] [ERROR] [1768034154.661822947] [superpoint_node]: Errore pubblicazione keypoints 3D: could not assign tuple of length 3 to structure with 4 fields.
[superpoint_node-2] [INFO] [1768034154.751189252] [superpoint_node]: Keypoints estratti: 800
[superpoint_node-2] [ERROR] [1768034154.756490257] [superpoint_node]: Errore pubblicazione keypoints 3D: could not assign tuple of length 3 to structure with 4 fields.
[superpoint_node-2] [INFO] [1768034154.854831337] [superpoint_node]: Keypoints estratti: 800
[rtabmap-14] [INFO] [1768034154.858924573] [rtabmap]: rtabmap (1270): Rate=0.50s, Limit=0.001s, Conversion=0.0022s, RTAB-Map=0.0418s, Maps update=0.0003s pub=0.0026s delay=0.0617s (local map=5, WM=5)
[superpoint_node-2] [ERROR] [1768034154.864139374] [superpoint_node]: Errore pubblicazione keypoints 3D: could not assign tuple of length 3 to structure with 4 fields.
[superpoint_node-2] [INFO] [1768034154.957180856] [superpoint_node]: Keypoints estratti: 800
[superpoint_node-2] [ERROR] [1768034154.964624100] [superpoint_node]: Errore pubblicazione keypoints 3D: could not assign tuple of length 3 to structure with 4 fields.
[superpoint_node-2] [INFO] [1768034155.061312352] [superpoint_node]: Keypoints estratti: 800
[superpoint_node-2] [ERROR] [1768034155.067112064] [superpoint_node]: Errore pubblicazione keypoints 3D: could not assign tuple of length 3 to structure with 4 fields.
[superpoint_node-2] [INFO] [1768034155.157391858] [superpoint_node]: Keypoints estratti: 800
[superpoint_node-2] [ERROR] [1768034155.162992902] [superpoint_node]: Errore pubblicazione keypoints 3D: could not assign tuple of length 3 to structure with 4 fields.
[superpoint_node-2] [INFO] [1768034155.255588658] [superpoint_node]: Keypoints estratti: 800
[superpoint_node-2] [ERROR] [1768034155.262286823] [superpoint_node]: Errore pubblicazione keypoints 3D: could not assign tuple of length 3 to structure with 4 fields.
[superpoint_node-2] [INFO] [1768034155.354151647] [superpoint_node]: Keypoints estratti: 800
[superpoint_node-2] [ERROR] [1768034155.360054342] [superpoint_node]: Errore pubblicazione keypoints 3D: could not assign tuple of length 3 to structure with 4 fields.
[rtabmap-14] [INFO] [1768034155.441625362] [rtabmap]: rtabmap (1271): Rate=0.50s, Limit=0.001s, Conversion=0.0002s, RTAB-Map=0.0850s, Maps update=0.0016s pub=0.0025s delay=0.1378s (local map=4, WM=6)
[superpoint_node-2] [INFO] [1768034155.455258101] [superpoint_node]: Keypoints estratti: 800
[superpoint_node-2] [ERROR] [1768034155.463644130] [superpoint_node]: Errore pubblicazione keypoints 3D: could not assign tuple of length 3 to structure with 4 fields.
[superpoint_node-2] [INFO] [1768034155.558842870] [superpoint_node]: Keypoints estratti: 800
[superpoint_node-2] [ERROR] [1768034155.564743973] [superpoint_node]: Errore pubblicazione keypoints 3D: could not assign tuple of length 3 to structure with 4 fields.
[superpoint_node-2] [INFO] [1768034155.653951813] [superpoint_node]: Keypoints estratti: 800
[superpoint_node-2] [ERROR] [1768034155.659787230] [superpoint_node]: Errore pubblicazione keypoints 3D: could not assign tuple of length 3 to structure with 4 fields.
[superpoint_node-2] [INFO] [1768034155.769497789] [superpoint_node]: Keypoints estratti: 800
[superpoint_node-2] [ERROR] [1768034155.775556078] [superpoint_node]: Errore pubblicazione keypoints 3D: could not assign tuple of length 3 to structure with 4 fields.
[superpoint_node-2] [INFO] [1768034155.865400645] [superpoint_node]: Keypoints estratti: 800
[superpoint_node-2] [ERROR] [1768034155.871176228] [superpoint_node]: Errore pubblicazione keypoints 3D: could not assign tuple of length 3 to structure with 4 fields.
[rtabmap-14] [INFO] [1768034155.956082478] [rtabmap]: rtabmap (1272): Rate=0.50s, Limit=0.001s, Conversion=0.0002s, RTAB-Map=0.0694s, Maps update=0.0076s pub=0.0010s delay=0.1391s (local map=5, WM=5)
[superpoint_node-2] [INFO] [1768034155.970053960] [superpoint_node]: Keypoints estratti: 800
[superpoint_node-2] [ERROR] [1768034155.975945637] [superpoint_node]: Errore pubblicazione keypoints 3D: could not assign tuple of length 3 to structure with 4 fields.
[superpoint_node-2] [INFO] [1768034156.064428490] [superpoint_node]: Keypoints estratti: 800
[superpoint_node-2] [ERROR] [1768034156.070016553] [superpoint_node]: Errore pubblicazione keypoints 3D: could not assign tuple of length 3 to structure with 4 fields.
[superpoint_node-2] [INFO] [1768034156.167042511] [superpoint_node]: Keypoints estratti: 800
[superpoint_node-2] [ERROR] [1768034156.172581258] [superpoint_node]: Errore pubblicazione keypoints 3D: could not assign tuple of length 3 to structure with 4 fields.
[superpoint_node-2] [INFO] [1768034156.265851150] [superpoint_node]: Keypoints estratti: 800
[superpoint_node-2] [ERROR] [1768034156.271394120] [superpoint_node]: Errore pubblicazione keypoints 3D: could not assign tuple of length 3 to structure with 4 fields.
[superpoint_node-2] [INFO] [1768034156.365311368] [superpoint_node]: Keypoints estratti: 800
[superpoint_node-2] [ERROR] [1768034156.370640577] [superpoint_node]: Errore pubblicazione keypoints 3D: could not assign tuple of length 3 to structure with 4 fields.
[superpoint_node-2] [INFO] [1768034156.460671201] [superpoint_node]: Keypoints estratti: 800
[superpoint_node-2] [ERROR] [1768034156.466572415] [superpoint_node]: Errore pubblicazione keypoints 3D: could not assign tuple of length 3 to structure with 4 fields.
[rtabmap-14] [INFO] [1768034156.524268189] [rtabmap]: rtabmap (1273): Rate=0.50s, Limit=0.001s, Conversion=0.0002s, RTAB-Map=0.0570s, Maps update=0.0072s pub=0.0062s delay=0.1116s (local map=4, WM=6)
[superpoint_node-2] [INFO] [1768034156.567811629] [superpoint_node]: Keypoints estratti: 800
[superpoint_node-2] [ERROR] [1768034156.574257921] [superpoint_node]: Errore pubblicazione keypoints 3D: could not assign tuple of length 3 to structure with 4 fields.
[superpoint_node-2] [INFO] [1768034156.664471880] [superpoint_node]: Keypoints estratti: 800
[superpoint_node-2] [ERROR] [1768034156.669938924] [superpoint_node]: Errore pubblicazione keypoints 3D: could not assign tuple of length 3 to structure with 4 fields.
[superpoint_node-2] [INFO] [1768034156.762447920] [superpoint_node]: Keypoints estratti: 800
[superpoint_node-2] [ERROR] [1768034156.768163706] [superpoint_node]: Errore pubblicazione keypoints 3D: could not assign tuple of length 3 to structure with 4 fields.
[superpoint_node-2] [INFO] [1768034156.861030335] [superpoint_node]: Keypoints estratti: 800
[superpoint_node-2] [ERROR] [1768034156.866574082] [superpoint_node]: Errore pubblicazione keypoints 3D: could not assign tuple of length 3 to structure with 4 fields.
[superpoint_node-2] [INFO] [1768034156.959850788] [superpoint_node]: Keypoints estratti: 800
[superpoint_node-2] [ERROR] [1768034156.966038060] [superpoint_node]: Errore pubblicazione keypoints 3D: could not assign tuple of length 3 to structure with 4 fields.
[superpoint_node-2] [INFO] [1768034157.058621334] [superpoint_node]: Keypoints estratti: 800
[superpoint_node-2] [ERROR] [1768034157.065106756] [superpoint_node]: Errore pubblicazione keypoints 3D: could not assign tuple of length 3 to structure with 4 fields.
[rtabmap-14] [INFO] [1768034157.123935299] [rtabmap]: rtabmap (1274): Rate=0.50s, Limit=0.001s, Conversion=0.0002s, RTAB-Map=0.0676s, Maps update=0.0093s pub=0.0010s delay=0.1169s (local map=5, WM=5)
[superpoint_node-2] [INFO] [1768034157.169916054] [superpoint_node]: Keypoints estratti: 800
[superpoint_node-2] [ERROR] [1768034157.176902239] [superpoint_node]: Errore pubblicazione keypoints 3D: could not assign tuple of length 3 to structure with 4 fields.
[superpoint_node-2] [INFO] [1768034157.267338645] [superpoint_node]: Keypoints estratti: 800
[superpoint_node-2] [ERROR] [1768034157.273119784] [superpoint_node]: Errore pubblicazione keypoints 3D: could not assign tuple of length 3 to structure with 4 fields.
[superpoint_node-2] [INFO] [1768034157.365763614] [superpoint_node]: Keypoints estratti: 800
[superpoint_node-2] [ERROR] [1768034157.371187787] [superpoint_node]: Errore pubblicazione keypoints 3D: could not assign tuple of length 3 to structure with 4 fields.
[superpoint_node-2] [INFO] [1768034157.499602884] [superpoint_node]: Keypoints estratti: 800
[superpoint_node-2] [ERROR] [1768034157.507228352] [superpoint_node]: Errore pubblicazione keypoints 3D: could not assign tuple of length 3 to structure with 4 fields.
[superpoint_node-2] [INFO] [1768034157.599613236] [superpoint_node]: Keypoints estratti: 800
[superpoint_node-2] [ERROR] [1768034157.605460634] [superpoint_node]: Errore pubblicazione keypoints 3D: could not assign tuple of length 3 to structure with 4 fields.
[rtabmap-14] [INFO] [1768034157.693721430] [rtabmap]: rtabmap (1275): Rate=0.50s, Limit=0.001s, Conversion=0.0002s, RTAB-Map=0.0738s, Maps update=0.0018s pub=0.0010s delay=0.1443s (local map=4, WM=6)
[superpoint_node-2] [INFO] [1768034157.707805042] [superpoint_node]: Keypoints estratti: 800
[superpoint_node-2] [ERROR] [1768034157.713452772] [superpoint_node]: Errore pubblicazione keypoints 3D: could not assign tuple of length 3 to structure with 4 fields.
[superpoint_node-2] [INFO] [1768034157.803152968] [superpoint_node]: Keypoints estratti: 800
[superpoint_node-2] [ERROR] [1768034157.808968404] [superpoint_node]: Errore pubblicazione keypoints 3D: could not assign tuple of length 3 to structure with 4 fields.
[superpoint_node-2] [INFO] [1768034157.900064537] [superpoint_node]: Keypoints estratti: 800
[superpoint_node-2] [ERROR] [1768034157.905734841] [superpoint_node]: Errore pubblicazione keypoints 3D: could not assign tuple of length 3 to structure with 4 fields.
[superpoint_node-2] [INFO] [1768034157.999852220] [superpoint_node]: Keypoints estratti: 800
[superpoint_node-2] [ERROR] [1768034158.005500506] [superpoint_node]: Errore pubblicazione keypoints 3D: could not assign tuple of length 3 to structure with 4 fields.
[superpoint_node-2] [INFO] [1768034158.099045547] [superpoint_node]: Keypoints estratti: 800
[superpoint_node-2] [ERROR] [1768034158.105734675] [superpoint_node]: Errore pubblicazione keypoints 3D: could not assign tuple of length 3 to structure with 4 fields.
[rtabmap-14] [33m[ WARN] (2026-01-10 09:35:54.325) Memory.cpp:2105::forget() Less signatures transferred (1) than added (2)! The working memory cannot decrease in size.[0m
[rtabmap-14] [33m[ WARN] (2026-01-10 09:35:55.431) Memory.cpp:2105::forget() Less signatures transferred (1) than added (2)! The working memory cannot decrease in size.[0m
[rtabmap-14] [33m[ WARN] (2026-01-10 09:35:56.506) Memory.cpp:2105::forget() Less signatures transferred (1) than added (2)! The working memory cannot decrease in size.[0m
[rtabmap-14] [33m[ WARN] (2026-01-10 09:35:57.687) Memory.cpp:2105::forget() Less signatures transferred (1) than added (2)! The working memory cannot decrease in size.[0m
[superpoint_node-2] [INFO] [1768034158.197220885] [superpoint_node]: Keypoints estratti: 800
[superpoint_node-2] [ERROR] [1768034158.203090561] [superpoint_node]: Errore pubblicazione keypoints 3D: could not assign tuple of length 3 to structure with 4 fields.
[rtabmap-14] [INFO] [1768034158.288043201] [rtabmap]: rtabmap (1276): Rate=0.50s, Limit=0.001s, Conversion=0.0002s, RTAB-Map=0.0739s, Maps update=0.0007s pub=0.0014s delay=0.1401s (local map=5, WM=5)
[superpoint_node-2] [INFO] [1768034158.304052495] [superpoint_node]: Keypoints estratti: 800
[superpoint_node-2] [ERROR] [1768034158.310354490] [superpoint_node]: Errore pubblicazione keypoints 3D: could not assign tuple of length 3 to structure with 4 fields.
[superpoint_node-2] [INFO] [1768034158.406503478] [superpoint_node]: Keypoints estratti: 800
[superpoint_node-2] [ERROR] [1768034158.412237561] [superpoint_node]: Errore pubblicazione keypoints 3D: could not assign tuple of length 3 to structure with 4 fields.
[superpoint_node-2] [INFO] [1768034158.505552600] [superpoint_node]: Keypoints estratti: 800
[superpoint_node-2] [ERROR] [1768034158.511942095] [superpoint_node]: Errore pubblicazione keypoints 3D: could not assign tuple of length 3 to structure with 4 fields.
[superpoint_node-2] [INFO] [1768034158.605286728] [superpoint_node]: Keypoints estratti: 800
[superpoint_node-2] [ERROR] [1768034158.611381462] [superpoint_node]: Errore pubblicazione keypoints 3D: could not assign tuple of length 3 to structure with 4 fields.
[superpoint_node-2] [INFO] [1768034158.705095208] [superpoint_node]: Keypoints estratti: 800
[superpoint_node-2] [ERROR] [1768034158.711387499] [superpoint_node]: Errore pubblicazione keypoints 3D: could not assign tuple of length 3 to structure with 4 fields.
[rtabmap-14] [INFO] [1768034158.729142085] [rtabmap]: rtabmap (1277): Rate=0.50s, Limit=0.001s, Conversion=0.0003s, RTAB-Map=0.0457s, Maps update=0.0003s pub=0.0008s delay=0.0769s (local map=4, WM=6)
[superpoint_node-2] [INFO] [1768034158.804700761] [superpoint_node]: Keypoints estratti: 800
[superpoint_node-2] [ERROR] [1768034158.810652160] [superpoint_node]: Errore pubblicazione keypoints 3D: could not assign tuple of length 3 to structure with 4 fields.
[superpoint_node-2] [INFO] [1768034158.904121830] [superpoint_node]: Keypoints estratti: 800
[superpoint_node-2] [ERROR] [1768034158.910573697] [superpoint_node]: Errore pubblicazione keypoints 3D: could not assign tuple of length 3 to structure with 4 fields.
[superpoint_node-2] [INFO] [1768034159.004171868] [superpoint_node]: Keypoints estratti: 800
[superpoint_node-2] [ERROR] [1768034159.010083174] [superpoint_node]: Errore pubblicazione keypoints 3D: could not assign tuple of length 3 to structure with 4 fields.
[superpoint_node-2] [INFO] [1768034159.099837389] [superpoint_node]: Keypoints estratti: 800
[superpoint_node-2] [ERROR] [1768034159.105590046] [superpoint_node]: Errore pubblicazione keypoints 3D: could not assign tuple of length 3 to structure with 4 fields.
[superpoint_node-2] [INFO] [1768034159.199861371] [superpoint_node]: Keypoints estratti: 800
[superpoint_node-2] [ERROR] [1768034159.205522342] [superpoint_node]: Errore pubblicazione keypoints 3D: could not assign tuple of length 3 to structure with 4 fields.
[superpoint_node-2] [INFO] [1768034159.295869803] [superpoint_node]: Keypoints estratti: 800
[superpoint_node-2] [ERROR] [1768034159.303946756] [superpoint_node]: Errore pubblicazione keypoints 3D: could not assign tuple of length 3 to structure with 4 fields.
[rtabmap-14] [INFO] [1768034159.318274592] [rtabmap]: rtabmap (1278): Rate=0.50s, Limit=0.001s, Conversion=0.0003s, RTAB-Map=0.0365s, Maps update=0.0006s pub=0.0010s delay=0.0721s (local map=5, WM=5)
[superpoint_node-2] [INFO] [1768034159.403848255] [superpoint_node]: Keypoints estratti: 800
[superpoint_node-2] [ERROR] [1768034159.410623661] [superpoint_node]: Errore pubblicazione keypoints 3D: could not assign tuple of length 3 to structure with 4 fields.
[superpoint_node-2] [INFO] [1768034159.507331543] [superpoint_node]: Keypoints estratti: 800
[superpoint_node-2] [ERROR] [1768034159.512819345] [superpoint_node]: Errore pubblicazione keypoints 3D: could not assign tuple of length 3 to structure with 4 fields.
[superpoint_node-2] [INFO] [1768034159.609339503] [superpoint_node]: Keypoints estratti: 800
[superpoint_node-2] [ERROR] [1768034159.614614786] [superpoint_node]: Errore pubblicazione keypoints 3D: could not assign tuple of length 3 to structure with 4 fields.
[superpoint_node-2] [INFO] [1768034159.706740131] [superpoint_node]: Keypoints estratti: 800
[superpoint_node-2] [ERROR] [1768034159.714384321] [superpoint_node]: Errore pubblicazione keypoints 3D: could not assign tuple of length 3 to structure with 4 fields.
[superpoint_node-2] [INFO] [1768034159.810058639] [superpoint_node]: Keypoints estratti: 800
[superpoint_node-2] [ERROR] [1768034159.815798685] [superpoint_node]: Errore pubblicazione keypoints 3D: could not assign tuple of length 3 to structure with 4 fields.
[rtabmap-14] [INFO] [1768034159.827646835] [rtabmap]: rtabmap (1279): Rate=0.50s, Limit=0.001s, Conversion=0.0004s, RTAB-Map=0.0409s, Maps update=0.0004s pub=0.0008s delay=0.0731s (local map=4, WM=6)
[superpoint_node-2] [INFO] [1768034159.911278705] [superpoint_node]: Keypoints estratti: 800
[superpoint_node-2] [ERROR] [1768034159.916969268] [superpoint_node]: Errore pubblicazione keypoints 3D: could not assign tuple of length 3 to structure with 4 fields.
[superpoint_node-2] [INFO] [1768034160.011683745] [superpoint_node]: Keypoints estratti: 800
[superpoint_node-2] [ERROR] [1768034160.017324512] [superpoint_node]: Errore pubblicazione keypoints 3D: could not assign tuple of length 3 to structure with 4 fields.
[superpoint_node-2] [INFO] [1768034160.111202204] [superpoint_node]: Keypoints estratti: 800
[superpoint_node-2] [ERROR] [1768034160.116682989] [superpoint_node]: Errore pubblicazione keypoints 3D: could not assign tuple of length 3 to structure with 4 fields.
[superpoint_node-2] [INFO] [1768034160.215855427] [superpoint_node]: Keypoints estratti: 800
[superpoint_node-2] [ERROR] [1768034160.222970965] [superpoint_node]: Errore pubblicazione keypoints 3D: could not assign tuple of length 3 to structure with 4 fields.
[superpoint_node-2] [INFO] [1768034160.316454117] [superpoint_node]: Keypoints estratti: 800
[superpoint_node-2] [ERROR] [1768034160.322827372] [superpoint_node]: Errore pubblicazione keypoints 3D: could not assign tuple of length 3 to structure with 4 fields.
[rtabmap-14] [INFO] [1768034160.387736277] [rtabmap]: rtabmap (1280): Rate=0.50s, Limit=0.001s, Conversion=0.0006s, RTAB-Map=0.0755s, Maps update=0.0004s pub=0.0009s delay=0.1225s (local map=5, WM=5)
[superpoint_node-2] [INFO] [1768034160.424096900] [superpoint_node]: Keypoints estratti: 800
[superpoint_node-2] [ERROR] [1768034160.429714112] [superpoint_node]: Errore pubblicazione keypoints 3D: could not assign tuple of length 3 to structure with 4 fields.
[superpoint_node-2] [INFO] [1768034160.528417565] [superpoint_node]: Keypoints estratti: 800
[superpoint_node-2] [ERROR] [1768034160.533927220] [superpoint_node]: Errore pubblicazione keypoints 3D: could not assign tuple of length 3 to structure with 4 fields.
[superpoint_node-2] [INFO] [1768034160.624272754] [superpoint_node]: Keypoints estratti: 800
[superpoint_node-2] [ERROR] [1768034160.629836947] [superpoint_node]: Errore pubblicazione keypoints 3D: could not assign tuple of length 3 to structure with 4 fields.
[superpoint_node-2] [INFO] [1768034160.723215376] [superpoint_node]: Keypoints estratti: 800
[superpoint_node-2] [ERROR] [1768034160.728654863] [superpoint_node]: Errore pubblicazione keypoints 3D: could not assign tuple of length 3 to structure with 4 fields.
[superpoint_node-2] [INFO] [1768034160.821966829] [superpoint_node]: Keypoints estratti: 800
[superpoint_node-2] [ERROR] [1768034160.828334417] [superpoint_node]: Errore pubblicazione keypoints 3D: could not assign tuple of length 3 to structure with 4 fields.
[rtabmap-14] [INFO] [1768034160.912353012] [rtabmap]: rtabmap (1281): Rate=0.50s, Limit=0.001s, Conversion=0.0003s, RTAB-Map=0.0912s, Maps update=0.0004s pub=0.0017s delay=0.1429s (local map=4, WM=6)
[superpoint_node-2] [INFO] [1768034160.925711859] [superpoint_node]: Keypoints estratti: 800
[superpoint_node-2] [ERROR] [1768034160.931532294] [superpoint_node]: Errore pubblicazione keypoints 3D: could not assign tuple of length 3 to structure with 4 fields.
[superpoint_node-2] [INFO] [1768034161.026610829] [superpoint_node]: Keypoints estratti: 800
[superpoint_node-2] [ERROR] [1768034161.032617396] [superpoint_node]: Errore pubblicazione keypoints 3D: could not assign tuple of length 3 to structure with 4 fields.
[superpoint_node-2] [INFO] [1768034161.128650568] [superpoint_node]: Keypoints estratti: 800
[superpoint_node-2] [ERROR] [1768034161.134204557] [superpoint_node]: Errore pubblicazione keypoints 3D: could not assign tuple of length 3 to structure with 4 fields.
[superpoint_node-2] [INFO] [1768034161.224609758] [superpoint_node]: Keypoints estratti: 800
[superpoint_node-2] [ERROR] [1768034161.230528750] [superpoint_node]: Errore pubblicazione keypoints 3D: could not assign tuple of length 3 to structure with 4 fields.
[superpoint_node-2] [INFO] [1768034161.324792649] [superpoint_node]: Keypoints estratti: 800
[superpoint_node-2] [ERROR] [1768034161.330620862] [superpoint_node]: Errore pubblicazione keypoints 3D: could not assign tuple of length 3 to structure with 4 fields.
[rtabmap-14] [INFO] [1768034161.384000546] [rtabmap]: rtabmap (1282): Rate=0.50s, Limit=0.001s, Conversion=0.0003s, RTAB-Map=0.0688s, Maps update=0.0054s pub=0.0008s delay=0.1127s (local map=5, WM=5)
[superpoint_node-2] [INFO] [1768034161.467108782] [superpoint_node]: Keypoints estratti: 800
[superpoint_node-2] [ERROR] [1768034161.472924292] [superpoint_node]: Errore pubblicazione keypoints 3D: could not assign tuple of length 3 to structure with 4 fields.
[superpoint_node-2] [INFO] [1768034161.564042832] [superpoint_node]: Keypoints estratti: 800
[superpoint_node-2] [ERROR] [1768034161.569453542] [superpoint_node]: Errore pubblicazione keypoints 3D: could not assign tuple of length 3 to structure with 4 fields.
[superpoint_node-2] [INFO] [1768034161.669933991] [superpoint_node]: Keypoints estratti: 800
[superpoint_node-2] [ERROR] [1768034161.675736926] [superpoint_node]: Errore pubblicazione keypoints 3D: could not assign tuple of length 3 to structure with 4 fields.
[superpoint_node-2] [INFO] [1768034161.769257282] [superpoint_node]: Keypoints estratti: 800
[superpoint_node-2] [ERROR] [1768034161.775361127] [superpoint_node]: Errore pubblicazione keypoints 3D: could not assign tuple of length 3 to structure with 4 fields.
[superpoint_node-2] [INFO] [1768034161.872115064] [superpoint_node]: Keypoints estratti: 800
[superpoint_node-2] [ERROR] [1768034161.879439826] [superpoint_node]: Errore pubblicazione keypoints 3D: could not assign tuple of length 3 to structure with 4 fields.
[rtabmap-14] [INFO] [1768034161.893650791] [rtabmap]: rtabmap (1283): Rate=0.50s, Limit=0.001s, Conversion=0.0013s, RTAB-Map=0.0422s, Maps update=0.0021s pub=0.0008s delay=0.0774s (local map=4, WM=6)
[superpoint_node-2] [INFO] [1768034161.971133871] [superpoint_node]: Keypoints estratti: 800
[superpoint_node-2] [ERROR] [1768034161.978796043] [superpoint_node]: Errore pubblicazione keypoints 3D: could not assign tuple of length 3 to structure with 4 fields.
[superpoint_node-2] [INFO] [1768034162.070105067] [superpoint_node]: Keypoints estratti: 800
[superpoint_node-2] [ERROR] [1768034162.076253560] [superpoint_node]: Errore pubblicazione keypoints 3D: could not assign tuple of length 3 to structure with 4 fields.
[superpoint_node-2] [INFO] [1768034162.171487726] [superpoint_node]: Keypoints estratti: 800
[superpoint_node-2] [ERROR] [1768034162.177294273] [superpoint_node]: Errore pubblicazione keypoints 3D: could not assign tuple of length 3 to structure with 4 fields.
[superpoint_node-2] [INFO] [1768034162.267011006] [superpoint_node]: Keypoints estratti: 800
[superpoint_node-2] [ERROR] [1768034162.272602569] [superpoint_node]: Errore pubblicazione keypoints 3D: could not assign tuple of length 3 to structure with 4 fields.
[superpoint_node-2] [INFO] [1768034162.363789573] [superpoint_node]: Keypoints estratti: 800
[superpoint_node-2] [ERROR] [1768034162.369286580] [superpoint_node]: Errore pubblicazione keypoints 3D: could not assign tuple of length 3 to structure with 4 fields.
[superpoint_node-2] [INFO] [1768034162.464323596] [superpoint_node]: Keypoints estratti: 800
[superpoint_node-2] [ERROR] [1768034162.469716195] [superpoint_node]: Errore pubblicazione keypoints 3D: could not assign tuple of length 3 to structure with 4 fields.
[rtabmap-14] [INFO] [1768034162.529166409] [rtabmap]: rtabmap (1284): Rate=0.50s, Limit=0.001s, Conversion=0.0005s, RTAB-Map=0.0676s, Maps update=0.0064s pub=0.0055s delay=0.1197s (local map=5, WM=5)
[superpoint_node-2] [INFO] [1768034162.569138005] [superpoint_node]: Keypoints estratti: 800
[superpoint_node-2] [ERROR] [1768034162.575924152] [superpoint_node]: Errore pubblicazione keypoints 3D: could not assign tuple of length 3 to structure with 4 fields.
[superpoint_node-2] [INFO] [1768034162.668508371] [superpoint_node]: Keypoints estratti: 800
[superpoint_node-2] [ERROR] [1768034162.674237046] [superpoint_node]: Errore pubblicazione keypoints 3D: could not assign tuple of length 3 to structure with 4 fields.
[superpoint_node-2] [INFO] [1768034162.767401214] [superpoint_node]: Keypoints estratti: 800
[superpoint_node-2] [ERROR] [1768034162.773098407] [superpoint_node]: Errore pubblicazione keypoints 3D: could not assign tuple of length 3 to structure with 4 fields.
[superpoint_node-2] [INFO] [1768034162.868144424] [superpoint_node]: Keypoints estratti: 800
[superpoint_node-2] [ERROR] [1768034162.874434011] [superpoint_node]: Errore pubblicazione keypoints 3D: could not assign tuple of length 3 to structure with 4 fields.
[superpoint_node-2] [INFO] [1768034162.968922838] [superpoint_node]: Keypoints estratti: 800
[superpoint_node-2] [ERROR] [1768034162.975321981] [superpoint_node]: Errore pubblicazione keypoints 3D: could not assign tuple of length 3 to structure with 4 fields.
[rtabmap-14] [INFO] [1768034163.030683959] [rtabmap]: rtabmap (1285): Rate=0.50s, Limit=0.001s, Conversion=0.0002s, RTAB-Map=0.0371s, Maps update=0.0050s pub=0.0038s delay=0.1125s (local map=4, WM=6)
[superpoint_node-2] [INFO] [1768034163.070366924] [superpoint_node]: Keypoints estratti: 800
[superpoint_node-2] [ERROR] [1768034163.076968309] [superpoint_node]: Errore pubblicazione keypoints 3D: could not assign tuple of length 3 to structure with 4 fields.
[superpoint_node-2] [INFO] [1768034163.166051963] [superpoint_node]: Keypoints estratti: 800
[rtabmap-14] [33m[ WARN] (2026-01-10 09:35:58.725) Memory.cpp:2105::forget() Less signatures transferred (1) than added (2)! The working memory cannot decrease in size.[0m
[rtabmap-14] [33m[ WARN] (2026-01-10 09:35:59.824) Memory.cpp:2105::forget() Less signatures transferred (1) than added (2)! The working memory cannot decrease in size.[0m
[rtabmap-14] [33m[ WARN] (2026-01-10 09:36:00.904) Memory.cpp:2105::forget() Less signatures transferred (1) than added (2)! The working memory cannot decrease in size.[0m
[rtabmap-14] [33m[ WARN] (2026-01-10 09:36:01.889) Memory.cpp:2105::forget() Less signatures transferred (1) than added (2)! The working memory cannot decrease in size.[0m
[rtabmap-14] [33m[ WARN] (2026-01-10 09:36:03.017) Memory.cpp:2105::forget() Less signatures transferred (1) than added (2)! The working memory cannot decrease in size.[0m
[superpoint_node-2] [ERROR] [1768034163.171603693] [superpoint_node]: Errore pubblicazione keypoints 3D: could not assign tuple of length 3 to structure with 4 fields.
[superpoint_node-2] [INFO] [1768034163.263002736] [superpoint_node]: Keypoints estratti: 800
[superpoint_node-2] [ERROR] [1768034163.268416612] [superpoint_node]: Errore pubblicazione keypoints 3D: could not assign tuple of length 3 to structure with 4 fields.
[superpoint_node-2] [INFO] [1768034163.360802274] [superpoint_node]: Keypoints estratti: 800
[superpoint_node-2] [ERROR] [1768034163.366430726] [superpoint_node]: Errore pubblicazione keypoints 3D: could not assign tuple of length 3 to structure with 4 fields.
[superpoint_node-2] [INFO] [1768034163.458946834] [superpoint_node]: Keypoints estratti: 800
[superpoint_node-2] [ERROR] [1768034163.465229161] [superpoint_node]: Errore pubblicazione keypoints 3D: could not assign tuple of length 3 to structure with 4 fields.
[superpoint_node-2] [INFO] [1768034163.560664885] [superpoint_node]: Keypoints estratti: 800
[superpoint_node-2] [ERROR] [1768034163.566941194] [superpoint_node]: Errore pubblicazione keypoints 3D: could not assign tuple of length 3 to structure with 4 fields.
[rtabmap-14] [INFO] [1768034163.628448239] [rtabmap]: rtabmap (1286): Rate=0.50s, Limit=0.001s, Conversion=0.0007s, RTAB-Map=0.0778s, Maps update=0.0045s pub=0.0010s delay=0.1207s (local map=5, WM=5)
[superpoint_node-2] [INFO] [1768034163.666232355] [superpoint_node]: Keypoints estratti: 800
[superpoint_node-2] [ERROR] [1768034163.672250496] [superpoint_node]: Errore pubblicazione keypoints 3D: could not assign tuple of length 3 to structure with 4 fields.
[superpoint_node-2] [INFO] [1768034163.765873093] [superpoint_node]: Keypoints estratti: 800
[superpoint_node-2] [ERROR] [1768034163.771322581] [superpoint_node]: Errore pubblicazione keypoints 3D: could not assign tuple of length 3 to structure with 4 fields.
[superpoint_node-2] [INFO] [1768034163.865710889] [superpoint_node]: Keypoints estratti: 800
[superpoint_node-2] [ERROR] [1768034163.871924290] [superpoint_node]: Errore pubblicazione keypoints 3D: could not assign tuple of length 3 to structure with 4 fields.
[superpoint_node-2] [INFO] [1768034163.967142882] [superpoint_node]: Keypoints estratti: 800
[superpoint_node-2] [ERROR] [1768034163.973184911] [superpoint_node]: Errore pubblicazione keypoints 3D: could not assign tuple of length 3 to structure with 4 fields.
[superpoint_node-2] [INFO] [1768034164.068159205] [superpoint_node]: Keypoints estratti: 800
[superpoint_node-2] [ERROR] [1768034164.074190845] [superpoint_node]: Errore pubblicazione keypoints 3D: could not assign tuple of length 3 to structure with 4 fields.
[rtabmap-14] [INFO] [1768034164.140662301] [rtabmap]: rtabmap (1287): Rate=0.50s, Limit=0.001s, Conversion=0.0010s, RTAB-Map=0.0864s, Maps update=0.0022s pub=0.0018s delay=0.1262s (local map=4, WM=6)
[superpoint_node-2] [INFO] [1768034164.168600153] [superpoint_node]: Keypoints estratti: 800
[superpoint_node-2] [ERROR] [1768034164.174703072] [superpoint_node]: Errore pubblicazione keypoints 3D: could not assign tuple of length 3 to structure with 4 fields.
[superpoint_node-2] [INFO] [1768034164.265386276] [superpoint_node]: Keypoints estratti: 800
[superpoint_node-2] [ERROR] [1768034164.270763319] [superpoint_node]: Errore pubblicazione keypoints 3D: could not assign tuple of length 3 to structure with 4 fields.
[superpoint_node-2] [INFO] [1768034164.362361437] [superpoint_node]: Keypoints estratti: 800
[superpoint_node-2] [ERROR] [1768034164.367876314] [superpoint_node]: Errore pubblicazione keypoints 3D: could not assign tuple of length 3 to structure with 4 fields.
[superpoint_node-2] [INFO] [1768034164.458068477] [superpoint_node]: Keypoints estratti: 800
[superpoint_node-2] [ERROR] [1768034164.464066396] [superpoint_node]: Errore pubblicazione keypoints 3D: could not assign tuple of length 3 to structure with 4 fields.
[superpoint_node-2] [INFO] [1768034164.556744763] [superpoint_node]: Keypoints estratti: 800
[superpoint_node-2] [ERROR] [1768034164.563360001] [superpoint_node]: Errore pubblicazione keypoints 3D: could not assign tuple of length 3 to structure with 4 fields.
[superpoint_node-2] [INFO] [1768034164.653147661] [superpoint_node]: Keypoints estratti: 800
[superpoint_node-2] [ERROR] [1768034164.658724872] [superpoint_node]: Errore pubblicazione keypoints 3D: could not assign tuple of length 3 to structure with 4 fields.
[rtabmap-14] [INFO] [1768034164.728175296] [rtabmap]: rtabmap (1288): Rate=0.50s, Limit=0.001s, Conversion=0.0007s, RTAB-Map=0.0755s, Maps update=0.0005s pub=0.0015s delay=0.1244s (local map=5, WM=5)
[superpoint_node-2] [INFO] [1768034164.756024369] [superpoint_node]: Keypoints estratti: 800
[superpoint_node-2] [ERROR] [1768034164.762528440] [superpoint_node]: Errore pubblicazione keypoints 3D: could not assign tuple of length 3 to structure with 4 fields.
[superpoint_node-2] [INFO] [1768034164.853035790] [superpoint_node]: Keypoints estratti: 800
[superpoint_node-2] [ERROR] [1768034164.858375092] [superpoint_node]: Errore pubblicazione keypoints 3D: could not assign tuple of length 3 to structure with 4 fields.
[superpoint_node-2] [INFO] [1768034164.952939197] [superpoint_node]: Keypoints estratti: 800
[superpoint_node-2] [ERROR] [1768034164.958464297] [superpoint_node]: Errore pubblicazione keypoints 3D: could not assign tuple of length 3 to structure with 4 fields.
[superpoint_node-2] [INFO] [1768034165.056018722] [superpoint_node]: Keypoints estratti: 800
[superpoint_node-2] [ERROR] [1768034165.065404130] [superpoint_node]: Errore pubblicazione keypoints 3D: could not assign tuple of length 3 to structure with 4 fields.
[superpoint_node-2] [INFO] [1768034165.156752172] [superpoint_node]: Keypoints estratti: 800
[superpoint_node-2] [ERROR] [1768034165.163584301] [superpoint_node]: Errore pubblicazione keypoints 3D: could not assign tuple of length 3 to structure with 4 fields.
[rtabmap-14] [INFO] [1768034165.236029359] [rtabmap]: rtabmap (1289): Rate=0.50s, Limit=0.001s, Conversion=0.0006s, RTAB-Map=0.0845s, Maps update=0.0007s pub=0.0011s delay=0.1288s (local map=4, WM=6)
[superpoint_node-2] [INFO] [1768034165.262779813] [superpoint_node]: Keypoints estratti: 800
[superpoint_node-2] [ERROR] [1768034165.268201653] [superpoint_node]: Errore pubblicazione keypoints 3D: could not assign tuple of length 3 to structure with 4 fields.
[superpoint_node-2] [INFO] [1768034165.359840049] [superpoint_node]: Keypoints estratti: 800
[superpoint_node-2] [ERROR] [1768034165.366263508] [superpoint_node]: Errore pubblicazione keypoints 3D: could not assign tuple of length 3 to structure with 4 fields.
[superpoint_node-2] [INFO] [1768034165.457186714] [superpoint_node]: Keypoints estratti: 800
[superpoint_node-2] [ERROR] [1768034165.463275577] [superpoint_node]: Errore pubblicazione keypoints 3D: could not assign tuple of length 3 to structure with 4 fields.
[superpoint_node-2] [INFO] [1768034165.554628916] [superpoint_node]: Keypoints estratti: 800
[superpoint_node-2] [ERROR] [1768034165.560409814] [superpoint_node]: Errore pubblicazione keypoints 3D: could not assign tuple of length 3 to structure with 4 fields.
[superpoint_node-2] [INFO] [1768034165.651616633] [superpoint_node]: Keypoints estratti: 800
[superpoint_node-2] [ERROR] [1768034165.657275234] [superpoint_node]: Errore pubblicazione keypoints 3D: could not assign tuple of length 3 to structure with 4 fields.
[superpoint_node-2] [INFO] [1768034165.749989454] [superpoint_node]: Keypoints estratti: 800
[rtabmap-14] [INFO] [1768034165.754356711] [rtabmap]: rtabmap (1290): Rate=0.50s, Limit=0.001s, Conversion=0.0008s, RTAB-Map=0.0401s, Maps update=0.0003s pub=0.0008s delay=0.0573s (local map=5, WM=5)
[superpoint_node-2] [ERROR] [1768034165.757582977] [superpoint_node]: Errore pubblicazione keypoints 3D: could not assign tuple of length 3 to structure with 4 fields.
[superpoint_node-2] [INFO] [1768034165.849007279] [superpoint_node]: Keypoints estratti: 800
[superpoint_node-2] [ERROR] [1768034165.855159514] [superpoint_node]: Errore pubblicazione keypoints 3D: could not assign tuple of length 3 to structure with 4 fields.
[superpoint_node-2] [INFO] [1768034165.950194511] [superpoint_node]: Keypoints estratti: 800
[superpoint_node-2] [ERROR] [1768034165.955591776] [superpoint_node]: Errore pubblicazione keypoints 3D: could not assign tuple of length 3 to structure with 4 fields.
[superpoint_node-2] [INFO] [1768034166.049088021] [superpoint_node]: Keypoints estratti: 800
[superpoint_node-2] [ERROR] [1768034166.054634917] [superpoint_node]: Errore pubblicazione keypoints 3D: could not assign tuple of length 3 to structure with 4 fields.
[superpoint_node-2] [INFO] [1768034166.144150593] [superpoint_node]: Keypoints estratti: 800
[superpoint_node-2] [ERROR] [1768034166.150146530] [superpoint_node]: Errore pubblicazione keypoints 3D: could not assign tuple of length 3 to structure with 4 fields.
[superpoint_node-2] [INFO] [1768034166.245673995] [superpoint_node]: Keypoints estratti: 800
[superpoint_node-2] [ERROR] [1768034166.251794951] [superpoint_node]: Errore pubblicazione keypoints 3D: could not assign tuple of length 3 to structure with 4 fields.
[superpoint_node-2] [INFO] [1768034166.341868316] [superpoint_node]: Keypoints estratti: 800
[superpoint_node-2] [ERROR] [1768034166.347676640] [superpoint_node]: Errore pubblicazione keypoints 3D: could not assign tuple of length 3 to structure with 4 fields.
[rtabmap-14] [INFO] [1768034166.419590973] [rtabmap]: rtabmap (1291): Rate=0.50s, Limit=0.001s, Conversion=0.0002s, RTAB-Map=0.0716s, Maps update=0.0017s pub=0.0011s delay=0.1255s (local map=4, WM=6)
[superpoint_node-2] [INFO] [1768034166.518500149] [superpoint_node]: Keypoints estratti: 800
[superpoint_node-2] [ERROR] [1768034166.524351789] [superpoint_node]: Errore pubblicazione keypoints 3D: could not assign tuple of length 3 to structure with 4 fields.
[superpoint_node-2] [INFO] [1768034166.621322080] [superpoint_node]: Keypoints estratti: 800
[superpoint_node-2] [ERROR] [1768034166.627020310] [superpoint_node]: Errore pubblicazione keypoints 3D: could not assign tuple of length 3 to structure with 4 fields.
[superpoint_node-2] [INFO] [1768034166.719224637] [superpoint_node]: Keypoints estratti: 800
[superpoint_node-2] [ERROR] [1768034166.725123647] [superpoint_node]: Errore pubblicazione keypoints 3D: could not assign tuple of length 3 to structure with 4 fields.
[superpoint_node-2] [INFO] [1768034166.818276315] [superpoint_node]: Keypoints estratti: 800
[superpoint_node-2] [ERROR] [1768034166.824687199] [superpoint_node]: Errore pubblicazione keypoints 3D: could not assign tuple of length 3 to structure with 4 fields.
[superpoint_node-2] [INFO] [1768034166.925069777] [superpoint_node]: Keypoints estratti: 800
[superpoint_node-2] [ERROR] [1768034166.931287882] [superpoint_node]: Errore pubblicazione keypoints 3D: could not assign tuple of length 3 to structure with 4 fields.
[rtabmap-14] [INFO] [1768034166.933058266] [rtabmap]: rtabmap (1292): Rate=0.50s, Limit=0.001s, Conversion=0.0008s, RTAB-Map=0.0455s, Maps update=0.0011s pub=0.0015s delay=0.0636s (local map=5, WM=5)
[superpoint_node-2] [INFO] [1768034167.027757113] [superpoint_node]: Keypoints estratti: 800
[superpoint_node-2] [ERROR] [1768034167.033161027] [superpoint_node]: Errore pubblicazione keypoints 3D: could not assign tuple of length 3 to structure with 4 fields.
[superpoint_node-2] [INFO] [1768034167.124913795] [superpoint_node]: Keypoints estratti: 800
[superpoint_node-2] [ERROR] [1768034167.131156326] [superpoint_node]: Errore pubblicazione keypoints 3D: could not assign tuple of length 3 to structure with 4 fields.
[superpoint_node-2] [INFO] [1768034167.228227803] [superpoint_node]: Keypoints estratti: 800
[superpoint_node-2] [ERROR] [1768034167.233774699] [superpoint_node]: Errore pubblicazione keypoints 3D: could not assign tuple of length 3 to structure with 4 fields.
[superpoint_node-2] [INFO] [1768034167.323010095] [superpoint_node]: Keypoints estratti: 800
[superpoint_node-2] [ERROR] [1768034167.328514991] [superpoint_node]: Errore pubblicazione keypoints 3D: could not assign tuple of length 3 to structure with 4 fields.
[superpoint_node-2] [INFO] [1768034167.420728188] [superpoint_node]: Keypoints estratti: 800
[superpoint_node-2] [ERROR] [1768034167.426212473] [superpoint_node]: Errore pubblicazione keypoints 3D: could not assign tuple of length 3 to structure with 4 fields.
[superpoint_node-2] [INFO] [1768034167.520458816] [superpoint_node]: Keypoints estratti: 800
[superpoint_node-2] [ERROR] [1768034167.526609013] [superpoint_node]: Errore pubblicazione keypoints 3D: could not assign tuple of length 3 to structure with 4 fields.
[rtabmap-14] [INFO] [1768034167.593818826] [rtabmap]: rtabmap (1293): Rate=0.50s, Limit=0.001s, Conversion=0.0005s, RTAB-Map=0.0777s, Maps update=0.0004s pub=0.0012s delay=0.1244s (local map=4, WM=6)
[superpoint_node-2] [INFO] [1768034167.621916772] [superpoint_node]: Keypoints estratti: 800
[superpoint_node-2] [ERROR] [1768034167.628496640] [superpoint_node]: Errore pubblicazione keypoints 3D: could not assign tuple of length 3 to structure with 4 fields.
[superpoint_node-2] [INFO] [1768034167.724253606] [superpoint_node]: Keypoints estratti: 800
[superpoint_node-2] [ERROR] [1768034167.729764520] [superpoint_node]: Errore pubblicazione keypoints 3D: could not assign tuple of length 3 to structure with 4 fields.
[superpoint_node-2] [INFO] [1768034167.824513201] [superpoint_node]: Keypoints estratti: 800
[superpoint_node-2] [ERROR] [1768034167.830003597] [superpoint_node]: Errore pubblicazione keypoints 3D: could not assign tuple of length 3 to structure with 4 fields.
[superpoint_node-2] [INFO] [1768034167.925229540] [superpoint_node]: Keypoints estratti: 800
[superpoint_node-2] [ERROR] [1768034167.931372830] [superpoint_node]: Errore pubblicazione keypoints 3D: could not assign tuple of length 3 to structure with 4 fields.
[superpoint_node-2] [INFO] [1768034168.026218974] [superpoint_node]: Keypoints estratti: 800
[superpoint_node-2] [ERROR] [1768034168.032360838] [superpoint_node]: Errore pubblicazione keypoints 3D: could not assign tuple of length 3 to structure with 4 fields.
[rtabmap-14] [INFO] [1768034168.101503815] [rtabmap]: rtabmap (1294): Rate=0.50s, Limit=0.001s, Conversion=0.0005s, RTAB-Map=0.0843s, Maps update=0.0005s pub=0.0043s delay=0.1283s (local map=5, WM=5)
[superpoint_node-2] [INFO] [1768034168.125422505] [superpoint_node]: Keypoints estratti: 800
[superpoint_node-2] [ERROR] [1768034168.130947272] [superpoint_node]: Errore pubblicazione keypoints 3D: could not assign tuple of length 3 to structure with 4 fields.
[rtabmap-14] [33m[ WARN] (2026-01-10 09:36:04.134) Memory.cpp:2105::forget() Less signatures transferred (1) than added (2)! The working memory cannot decrease in size.[0m
[rtabmap-14] [33m[ WARN] (2026-01-10 09:36:05.231) Memory.cpp:2105::forget() Less signatures transferred (1) than added (2)! The working memory cannot decrease in size.[0m
[rtabmap-14] [33m[ WARN] (2026-01-10 09:36:06.415) Memory.cpp:2105::forget() Less signatures transferred (1) than added (2)! The working memory cannot decrease in size.[0m
[rtabmap-14] [33m[ WARN] (2026-01-10 09:36:07.589) Memory.cpp:2105::forget() Less signatures transferred (1) than added (2)! The working memory cannot decrease in size.[0m
[superpoint_node-2] [INFO] [1768034168.217258126] [superpoint_node]: Keypoints estratti: 800
[superpoint_node-2] [ERROR] [1768034168.223070005] [superpoint_node]: Errore pubblicazione keypoints 3D: could not assign tuple of length 3 to structure with 4 fields.
[superpoint_node-2] [INFO] [1768034168.323420490] [superpoint_node]: Keypoints estratti: 800
[superpoint_node-2] [ERROR] [1768034168.328950423] [superpoint_node]: Errore pubblicazione keypoints 3D: could not assign tuple of length 3 to structure with 4 fields.
[superpoint_node-2] [INFO] [1768034168.419882740] [superpoint_node]: Keypoints estratti: 800
[superpoint_node-2] [ERROR] [1768034168.425612748] [superpoint_node]: Errore pubblicazione keypoints 3D: could not assign tuple of length 3 to structure with 4 fields.
[superpoint_node-2] [INFO] [1768034168.520509245] [superpoint_node]: Keypoints estratti: 800
[superpoint_node-2] [ERROR] [1768034168.525988307] [superpoint_node]: Errore pubblicazione keypoints 3D: could not assign tuple of length 3 to structure with 4 fields.
[superpoint_node-2] [INFO] [1768034168.623410102] [superpoint_node]: Keypoints estratti: 800
[superpoint_node-2] [ERROR] [1768034168.629050999] [superpoint_node]: Errore pubblicazione keypoints 3D: could not assign tuple of length 3 to structure with 4 fields.
[rtabmap-14] [INFO] [1768034168.679306121] [rtabmap]: rtabmap (1295): Rate=0.50s, Limit=0.001s, Conversion=0.0006s, RTAB-Map=0.0807s, Maps update=0.0033s pub=0.0050s delay=0.1099s (local map=4, WM=6)
[superpoint_node-2] [INFO] [1768034168.727962657] [superpoint_node]: Keypoints estratti: 800
[superpoint_node-2] [ERROR] [1768034168.733370719] [superpoint_node]: Errore pubblicazione keypoints 3D: could not assign tuple of length 3 to structure with 4 fields.
[superpoint_node-2] [INFO] [1768034168.826993372] [superpoint_node]: Keypoints estratti: 800
[superpoint_node-2] [ERROR] [1768034168.832488638] [superpoint_node]: Errore pubblicazione keypoints 3D: could not assign tuple of length 3 to structure with 4 fields.
[superpoint_node-2] [INFO] [1768034168.923896014] [superpoint_node]: Keypoints estratti: 800
[superpoint_node-2] [ERROR] [1768034168.929322724] [superpoint_node]: Errore pubblicazione keypoints 3D: could not assign tuple of length 3 to structure with 4 fields.
[superpoint_node-2] [INFO] [1768034169.061166941] [superpoint_node]: Keypoints estratti: 800
[superpoint_node-2] [ERROR] [1768034169.067130081] [superpoint_node]: Errore pubblicazione keypoints 3D: could not assign tuple of length 3 to structure with 4 fields.
[superpoint_node-2] [INFO] [1768034169.163869370] [superpoint_node]: Keypoints estratti: 800
[superpoint_node-2] [ERROR] [1768034169.169570101] [superpoint_node]: Errore pubblicazione keypoints 3D: could not assign tuple of length 3 to structure with 4 fields.
[rtabmap-14] [INFO] [1768034169.239160544] [rtabmap]: rtabmap (1296): Rate=0.50s, Limit=0.001s, Conversion=0.0002s, RTAB-Map=0.0575s, Maps update=0.0022s pub=0.0020s delay=0.1261s (local map=5, WM=5)
[superpoint_node-2] [INFO] [1768034169.266578207] [superpoint_node]: Keypoints estratti: 800
[superpoint_node-2] [ERROR] [1768034169.272080880] [superpoint_node]: Errore pubblicazione keypoints 3D: could not assign tuple of length 3 to structure with 4 fields.
[superpoint_node-2] [INFO] [1768034169.364541395] [superpoint_node]: Keypoints estratti: 800
[superpoint_node-2] [ERROR] [1768034169.370124180] [superpoint_node]: Errore pubblicazione keypoints 3D: could not assign tuple of length 3 to structure with 4 fields.
[superpoint_node-2] [INFO] [1768034169.463842241] [superpoint_node]: Keypoints estratti: 800
[superpoint_node-2] [ERROR] [1768034169.469574324] [superpoint_node]: Errore pubblicazione keypoints 3D: could not assign tuple of length 3 to structure with 4 fields.
[superpoint_node-2] [INFO] [1768034169.564395172] [superpoint_node]: Keypoints estratti: 800
[superpoint_node-2] [ERROR] [1768034169.570557943] [superpoint_node]: Errore pubblicazione keypoints 3D: could not assign tuple of length 3 to structure with 4 fields.
[superpoint_node-2] [INFO] [1768034169.671682434] [superpoint_node]: Keypoints estratti: 800
[superpoint_node-2] [ERROR] [1768034169.678142245] [superpoint_node]: Errore pubblicazione keypoints 3D: could not assign tuple of length 3 to structure with 4 fields.
[rtabmap-14] [INFO] [1768034169.763053032] [rtabmap]: rtabmap (1297): Rate=0.50s, Limit=0.001s, Conversion=0.0003s, RTAB-Map=0.0767s, Maps update=0.0026s pub=0.0025s delay=0.1465s (local map=4, WM=6)
[superpoint_node-2] [INFO] [1768034169.784372017] [superpoint_node]: Keypoints estratti: 800
[superpoint_node-2] [ERROR] [1768034169.789855764] [superpoint_node]: Errore pubblicazione keypoints 3D: could not assign tuple of length 3 to structure with 4 fields.
[superpoint_node-2] [INFO] [1768034169.885052337] [superpoint_node]: Keypoints estratti: 800
[superpoint_node-2] [ERROR] [1768034169.890878532] [superpoint_node]: Errore pubblicazione keypoints 3D: could not assign tuple of length 3 to structure with 4 fields.
[superpoint_node-2] [INFO] [1768034169.984511148] [superpoint_node]: Keypoints estratti: 800
[superpoint_node-2] [ERROR] [1768034169.990135360] [superpoint_node]: Errore pubblicazione keypoints 3D: could not assign tuple of length 3 to structure with 4 fields.
[superpoint_node-2] [INFO] [1768034170.081370753] [superpoint_node]: Keypoints estratti: 800
[superpoint_node-2] [ERROR] [1768034170.086953946] [superpoint_node]: Errore pubblicazione keypoints 3D: could not assign tuple of length 3 to structure with 4 fields.
[superpoint_node-2] [INFO] [1768034170.184263128] [superpoint_node]: Keypoints estratti: 800
[superpoint_node-2] [ERROR] [1768034170.190431677] [superpoint_node]: Errore pubblicazione keypoints 3D: could not assign tuple of length 3 to structure with 4 fields.
[rtabmap-14] [INFO] [1768034170.193749759] [rtabmap]: rtabmap (1298): Rate=0.50s, Limit=0.001s, Conversion=0.0002s, RTAB-Map=0.0421s, Maps update=0.0016s pub=0.0013s delay=0.0640s (local map=5, WM=5)
[superpoint_node-2] [INFO] [1768034170.284313221] [superpoint_node]: Keypoints estratti: 800
[superpoint_node-2] [ERROR] [1768034170.289883858] [superpoint_node]: Errore pubblicazione keypoints 3D: could not assign tuple of length 3 to structure with 4 fields.
[superpoint_node-2] [INFO] [1768034170.383112916] [superpoint_node]: Keypoints estratti: 800
[superpoint_node-2] [ERROR] [1768034170.388667905] [superpoint_node]: Errore pubblicazione keypoints 3D: could not assign tuple of length 3 to structure with 4 fields.
[superpoint_node-2] [INFO] [1768034170.483510827] [superpoint_node]: Keypoints estratti: 800
[superpoint_node-2] [ERROR] [1768034170.489239576] [superpoint_node]: Errore pubblicazione keypoints 3D: could not assign tuple of length 3 to structure with 4 fields.
[superpoint_node-2] [INFO] [1768034170.588341847] [superpoint_node]: Keypoints estratti: 800
[superpoint_node-2] [ERROR] [1768034170.593869521] [superpoint_node]: Errore pubblicazione keypoints 3D: could not assign tuple of length 3 to structure with 4 fields.
[superpoint_node-2] [INFO] [1768034170.692929069] [superpoint_node]: Keypoints estratti: 800
[superpoint_node-2] [ERROR] [1768034170.701426415] [superpoint_node]: Errore pubblicazione keypoints 3D: could not assign tuple of length 3 to structure with 4 fields.
[rtabmap-14] [INFO] [1768034170.760991926] [rtabmap]: rtabmap (1299): Rate=0.50s, Limit=0.001s, Conversion=0.0003s, RTAB-Map=0.0801s, Maps update=0.0020s pub=0.0011s delay=0.1272s (local map=4, WM=6)
[superpoint_node-2] [INFO] [1768034170.819075537] [superpoint_node]: Keypoints estratti: 800
[superpoint_node-2] [ERROR] [1768034170.825022770] [superpoint_node]: Errore pubblicazione keypoints 3D: could not assign tuple of length 3 to structure with 4 fields.
[superpoint_node-2] [INFO] [1768034170.918893332] [superpoint_node]: Keypoints estratti: 800
[superpoint_node-2] [ERROR] [1768034170.924671341] [superpoint_node]: Errore pubblicazione keypoints 3D: could not assign tuple of length 3 to structure with 4 fields.
[superpoint_node-2] [INFO] [1768034171.020573753] [superpoint_node]: Keypoints estratti: 800
[superpoint_node-2] [ERROR] [1768034171.026298169] [superpoint_node]: Errore pubblicazione keypoints 3D: could not assign tuple of length 3 to structure with 4 fields.
[superpoint_node-2] [INFO] [1768034171.120320548] [superpoint_node]: Keypoints estratti: 800
[superpoint_node-2] [ERROR] [1768034171.126168761] [superpoint_node]: Errore pubblicazione keypoints 3D: could not assign tuple of length 3 to structure with 4 fields.
[superpoint_node-2] [INFO] [1768034171.220509976] [superpoint_node]: Keypoints estratti: 800
[superpoint_node-2] [ERROR] [1768034171.226738877] [superpoint_node]: Errore pubblicazione keypoints 3D: could not assign tuple of length 3 to structure with 4 fields.
[rtabmap-14] [INFO] [1768034171.296231505] [rtabmap]: rtabmap (1300): Rate=0.50s, Limit=0.001s, Conversion=0.0003s, RTAB-Map=0.0763s, Maps update=0.0006s pub=0.0013s delay=0.1266s (local map=5, WM=5)
[superpoint_node-2] [INFO] [1768034171.322534418] [superpoint_node]: Keypoints estratti: 800
[superpoint_node-2] [ERROR] [1768034171.328024499] [superpoint_node]: Errore pubblicazione keypoints 3D: could not assign tuple of length 3 to structure with 4 fields.
[superpoint_node-2] [INFO] [1768034171.419553098] [superpoint_node]: Keypoints estratti: 800
[superpoint_node-2] [ERROR] [1768034171.425411608] [superpoint_node]: Errore pubblicazione keypoints 3D: could not assign tuple of length 3 to structure with 4 fields.
[superpoint_node-2] [INFO] [1768034171.521058462] [superpoint_node]: Keypoints estratti: 800
[superpoint_node-2] [ERROR] [1768034171.526786212] [superpoint_node]: Errore pubblicazione keypoints 3D: could not assign tuple of length 3 to structure with 4 fields.
[superpoint_node-2] [INFO] [1768034171.620872924] [superpoint_node]: Keypoints estratti: 800
[superpoint_node-2] [ERROR] [1768034171.626492617] [superpoint_node]: Errore pubblicazione keypoints 3D: could not assign tuple of length 3 to structure with 4 fields.
[superpoint_node-2] [INFO] [1768034171.718617925] [superpoint_node]: Keypoints estratti: 800
[superpoint_node-2] [ERROR] [1768034171.724576139] [superpoint_node]: Errore pubblicazione keypoints 3D: could not assign tuple of length 3 to structure with 4 fields.
[superpoint_node-2] [INFO] [1768034171.820240383] [superpoint_node]: Keypoints estratti: 800
[superpoint_node-2] [ERROR] [1768034171.826001873] [superpoint_node]: Errore pubblicazione keypoints 3D: could not assign tuple of length 3 to structure with 4 fields.
[rtabmap-14] [INFO] [1768034171.893802043] [rtabmap]: rtabmap (1301): Rate=0.50s, Limit=0.001s, Conversion=0.0002s, RTAB-Map=0.0814s, Maps update=0.0014s pub=0.0016s delay=0.1242s (local map=4, WM=6)
[superpoint_node-2] [INFO] [1768034171.923474094] [superpoint_node]: Keypoints estratti: 800
[superpoint_node-2] [ERROR] [1768034171.928770136] [superpoint_node]: Errore pubblicazione keypoints 3D: could not assign tuple of length 3 to structure with 4 fields.
[superpoint_node-2] [INFO] [1768034172.021294207] [superpoint_node]: Keypoints estratti: 800
[superpoint_node-2] [ERROR] [1768034172.026984456] [superpoint_node]: Errore pubblicazione keypoints 3D: could not assign tuple of length 3 to structure with 4 fields.
[superpoint_node-2] [INFO] [1768034172.121161632] [superpoint_node]: Keypoints estratti: 800
[superpoint_node-2] [ERROR] [1768034172.126972974] [superpoint_node]: Errore pubblicazione keypoints 3D: could not assign tuple of length 3 to structure with 4 fields.
[superpoint_node-2] [INFO] [1768034172.220553090] [superpoint_node]: Keypoints estratti: 800
[superpoint_node-2] [ERROR] [1768034172.226463174] [superpoint_node]: Errore pubblicazione keypoints 3D: could not assign tuple of length 3 to structure with 4 fields.
[superpoint_node-2] [INFO] [1768034172.317215342] [superpoint_node]: Keypoints estratti: 800
[superpoint_node-2] [ERROR] [1768034172.323164500] [superpoint_node]: Errore pubblicazione keypoints 3D: could not assign tuple of length 3 to structure with 4 fields.
[superpoint_node-2] [INFO] [1768034172.450155123] [superpoint_node]: Keypoints estratti: 800
[superpoint_node-2] [ERROR] [1768034172.456353246] [superpoint_node]: Errore pubblicazione keypoints 3D: could not assign tuple of length 3 to structure with 4 fields.
[rtabmap-14] [INFO] [1768034172.532435519] [rtabmap]: rtabmap (1302): Rate=0.50s, Limit=0.001s, Conversion=0.0002s, RTAB-Map=0.0822s, Maps update=0.0008s pub=0.0031s delay=0.1316s (local map=5, WM=5)
[superpoint_node-2] [INFO] [1768034172.551267095] [superpoint_node]: Keypoints estratti: 800
[superpoint_node-2] [ERROR] [1768034172.556837843] [superpoint_node]: Errore pubblicazione keypoints 3D: could not assign tuple of length 3 to structure with 4 fields.
[superpoint_node-2] [INFO] [1768034172.653142851] [superpoint_node]: Keypoints estratti: 800
[superpoint_node-2] [ERROR] [1768034172.658839563] [superpoint_node]: Errore pubblicazione keypoints 3D: could not assign tuple of length 3 to structure with 4 fields.
[superpoint_node-2] [INFO] [1768034172.750164161] [superpoint_node]: Keypoints estratti: 800
[superpoint_node-2] [ERROR] [1768034172.755779335] [superpoint_node]: Errore pubblicazione keypoints 3D: could not assign tuple of length 3 to structure with 4 fields.
[superpoint_node-2] [INFO] [1768034172.851269615] [superpoint_node]: Keypoints estratti: 800
[superpoint_node-2] [ERROR] [1768034172.856715899] [superpoint_node]: Errore pubblicazione keypoints 3D: could not assign tuple of length 3 to structure with 4 fields.
[superpoint_node-2] [INFO] [1768034172.945858812] [superpoint_node]: Keypoints estratti: 800
[superpoint_node-2] [ERROR] [1768034172.951889805] [superpoint_node]: Errore pubblicazione keypoints 3D: could not assign tuple of length 3 to structure with 4 fields.
[superpoint_node-2] [INFO] [1768034173.047413566] [superpoint_node]: Keypoints estratti: 800
[superpoint_node-2] [ERROR] [1768034173.054018970] [superpoint_node]: Errore pubblicazione keypoints 3D: could not assign tuple of length 3 to structure with 4 fields.
[rtabmap-14] [INFO] [1768034173.066092011] [rtabmap]: rtabmap (1303): Rate=0.50s, Limit=0.001s, Conversion=0.0003s, RTAB-Map=0.0481s, Maps update=0.0003s pub=0.0009s delay=0.0726s (local map=4, WM=6)
[superpoint_node-2] [INFO] [1768034173.150782149] [superpoint_node]: Keypoints estratti: 800
[superpoint_node-2] [ERROR] [1768034173.156914716] [superpoint_node]: Errore pubblicazione keypoints 3D: could not assign tuple of length 3 to structure with 4 fields.
[rtabmap-14] [33m[ WARN] (2026-01-10 09:36:08.667) Memory.cpp:2105::forget() Less signatures transferred (1) than added (2)! The working memory cannot decrease in size.[0m
[rtabmap-14] [33m[ WARN] (2026-01-10 09:36:09.755) Memory.cpp:2105::forget() Less signatures transferred (1) than added (2)! The working memory cannot decrease in size.[0m
[rtabmap-14] [33m[ WARN] (2026-01-10 09:36:10.754) Memory.cpp:2105::forget() Less signatures transferred (1) than added (2)! The working memory cannot decrease in size.[0m
[rtabmap-14] [33m[ WARN] (2026-01-10 09:36:11.888) Memory.cpp:2105::forget() Less signatures transferred (1) than added (2)! The working memory cannot decrease in size.[0m
[rtabmap-14] [33m[ WARN] (2026-01-10 09:36:13.062) Memory.cpp:2105::forget() Less signatures transferred (1) than added (2)! The working memory cannot decrease in size.[0m
[superpoint_node-2] [INFO] [1768034173.251927251] [superpoint_node]: Keypoints estratti: 800
[superpoint_node-2] [ERROR] [1768034173.257697186] [superpoint_node]: Errore pubblicazione keypoints 3D: could not assign tuple of length 3 to structure with 4 fields.
[superpoint_node-2] [INFO] [1768034173.351834287] [superpoint_node]: Keypoints estratti: 800
[superpoint_node-2] [ERROR] [1768034173.358416710] [superpoint_node]: Errore pubblicazione keypoints 3D: could not assign tuple of length 3 to structure with 4 fields.
[superpoint_node-2] [INFO] [1768034173.449336731] [superpoint_node]: Keypoints estratti: 800
[superpoint_node-2] [ERROR] [1768034173.454885108] [superpoint_node]: Errore pubblicazione keypoints 3D: could not assign tuple of length 3 to structure with 4 fields.
[superpoint_node-2] [INFO] [1768034173.546002927] [superpoint_node]: Keypoints estratti: 800
[superpoint_node-2] [ERROR] [1768034173.552033549] [superpoint_node]: Errore pubblicazione keypoints 3D: could not assign tuple of length 3 to structure with 4 fields.
[rtabmap-14] [INFO] [1768034173.591520123] [rtabmap]: rtabmap (1304): Rate=0.50s, Limit=0.001s, Conversion=0.0002s, RTAB-Map=0.0707s, Maps update=0.0033s pub=0.0015s delay=0.0959s (local map=5, WM=5)
[superpoint_node-2] [INFO] [1768034173.648715671] [superpoint_node]: Keypoints estratti: 800
[superpoint_node-2] [ERROR] [1768034173.654222178] [superpoint_node]: Errore pubblicazione keypoints 3D: could not assign tuple of length 3 to structure with 4 fields.
[superpoint_node-2] [INFO] [1768034173.746104095] [superpoint_node]: Keypoints estratti: 800
[superpoint_node-2] [ERROR] [1768034173.752606313] [superpoint_node]: Errore pubblicazione keypoints 3D: could not assign tuple of length 3 to structure with 4 fields.
[superpoint_node-2] [INFO] [1768034173.844670065] [superpoint_node]: Keypoints estratti: 800
[superpoint_node-2] [ERROR] [1768034173.850650317] [superpoint_node]: Errore pubblicazione keypoints 3D: could not assign tuple of length 3 to structure with 4 fields.
[superpoint_node-2] [INFO] [1768034173.937339803] [superpoint_node]: Keypoints estratti: 800
[superpoint_node-2] [ERROR] [1768034173.943469815] [superpoint_node]: Errore pubblicazione keypoints 3D: could not assign tuple of length 3 to structure with 4 fields.
[superpoint_node-2] [INFO] [1768034174.115252369] [superpoint_node]: Keypoints estratti: 800
[superpoint_node-2] [ERROR] [1768034174.121589382] [superpoint_node]: Errore pubblicazione keypoints 3D: could not assign tuple of length 3 to structure with 4 fields.
[superpoint_node-2] [INFO] [1768034174.221662476] [superpoint_node]: Keypoints estratti: 800
[superpoint_node-2] [ERROR] [1768034174.227277095] [superpoint_node]: Errore pubblicazione keypoints 3D: could not assign tuple of length 3 to structure with 4 fields.
[rtabmap-14] [INFO] [1768034174.291858776] [rtabmap]: rtabmap (1305): Rate=0.50s, Limit=0.001s, Conversion=0.0005s, RTAB-Map=0.0812s, Maps update=0.0003s pub=0.0007s delay=0.1223s (local map=4, WM=6)
[superpoint_node-2] [INFO] [1768034174.325906010] [superpoint_node]: Keypoints estratti: 800
[superpoint_node-2] [ERROR] [1768034174.332075967] [superpoint_node]: Errore pubblicazione keypoints 3D: could not assign tuple of length 3 to structure with 4 fields.
[superpoint_node-2] [INFO] [1768034174.426806055] [superpoint_node]: Keypoints estratti: 800
[superpoint_node-2] [ERROR] [1768034174.432458970] [superpoint_node]: Errore pubblicazione keypoints 3D: could not assign tuple of length 3 to structure with 4 fields.
[superpoint_node-2] [INFO] [1768034174.520867396] [superpoint_node]: Keypoints estratti: 800
[superpoint_node-2] [ERROR] [1768034174.526354996] [superpoint_node]: Errore pubblicazione keypoints 3D: could not assign tuple of length 3 to structure with 4 fields.
[superpoint_node-2] [INFO] [1768034174.621451753] [superpoint_node]: Keypoints estratti: 800
[superpoint_node-2] [ERROR] [1768034174.627235577] [superpoint_node]: Errore pubblicazione keypoints 3D: could not assign tuple of length 3 to structure with 4 fields.
[superpoint_node-2] [INFO] [1768034174.718899437] [superpoint_node]: Keypoints estratti: 800
[superpoint_node-2] [ERROR] [1768034174.725183783] [superpoint_node]: Errore pubblicazione keypoints 3D: could not assign tuple of length 3 to structure with 4 fields.
[rtabmap-14] [INFO] [1768034174.797393044] [rtabmap]: rtabmap (1306): Rate=0.50s, Limit=0.001s, Conversion=0.0002s, RTAB-Map=0.0736s, Maps update=0.0008s pub=0.0019s delay=0.1278s (local map=5, WM=5)
[superpoint_node-2] [INFO] [1768034174.825316340] [superpoint_node]: Keypoints estratti: 800
[superpoint_node-2] [ERROR] [1768034174.830761921] [superpoint_node]: Errore pubblicazione keypoints 3D: could not assign tuple of length 3 to structure with 4 fields.
[superpoint_node-2] [INFO] [1768034174.922121074] [superpoint_node]: Keypoints estratti: 800
[superpoint_node-2] [ERROR] [1768034174.928357680] [superpoint_node]: Errore pubblicazione keypoints 3D: could not assign tuple of length 3 to structure with 4 fields.
[superpoint_node-2] [INFO] [1768034175.018818567] [superpoint_node]: Keypoints estratti: 800
[superpoint_node-2] [ERROR] [1768034175.025106302] [superpoint_node]: Errore pubblicazione keypoints 3D: could not assign tuple of length 3 to structure with 4 fields.
[superpoint_node-2] [INFO] [1768034175.124027387] [superpoint_node]: Keypoints estratti: 800
[superpoint_node-2] [ERROR] [1768034175.129736006] [superpoint_node]: Errore pubblicazione keypoints 3D: could not assign tuple of length 3 to structure with 4 fields.
[superpoint_node-2] [INFO] [1768034175.224155647] [superpoint_node]: Keypoints estratti: 800
[superpoint_node-2] [ERROR] [1768034175.229873619] [superpoint_node]: Errore pubblicazione keypoints 3D: could not assign tuple of length 3 to structure with 4 fields.
[rtabmap-14] [INFO] [1768034175.307355791] [rtabmap]: rtabmap (1307): Rate=0.50s, Limit=0.001s, Conversion=0.0002s, RTAB-Map=0.0819s, Maps update=0.0005s pub=0.0020s delay=0.1363s (local map=4, WM=6)
[superpoint_node-2] [INFO] [1768034175.331186537] [superpoint_node]: Keypoints estratti: 800
[superpoint_node-2] [ERROR] [1768034175.336696636] [superpoint_node]: Errore pubblicazione keypoints 3D: could not assign tuple of length 3 to structure with 4 fields.
[superpoint_node-2] [INFO] [1768034175.428872926] [superpoint_node]: Keypoints estratti: 800
[superpoint_node-2] [ERROR] [1768034175.434352988] [superpoint_node]: Errore pubblicazione keypoints 3D: could not assign tuple of length 3 to structure with 4 fields.
[superpoint_node-2] [INFO] [1768034175.526517241] [superpoint_node]: Keypoints estratti: 800
[superpoint_node-2] [ERROR] [1768034175.532644605] [superpoint_node]: Errore pubblicazione keypoints 3D: could not assign tuple of length 3 to structure with 4 fields.
[superpoint_node-2] [INFO] [1768034175.620115468] [superpoint_node]: Keypoints estratti: 800
[superpoint_node-2] [ERROR] [1768034175.626002923] [superpoint_node]: Errore pubblicazione keypoints 3D: could not assign tuple of length 3 to structure with 4 fields.
[superpoint_node-2] [INFO] [1768034175.756824557] [superpoint_node]: Keypoints estratti: 800
[superpoint_node-2] [ERROR] [1768034175.763217905] [superpoint_node]: Errore pubblicazione keypoints 3D: could not assign tuple of length 3 to structure with 4 fields.
[rtabmap-14] [INFO] [1768034175.821746130] [rtabmap]: rtabmap (1308): Rate=0.50s, Limit=0.001s, Conversion=0.0003s, RTAB-Map=0.0563s, Maps update=0.0123s pub=0.0026s delay=0.1153s (local map=5, WM=5)
[superpoint_node-2] [INFO] [1768034175.859320189] [superpoint_node]: Keypoints estratti: 800
[superpoint_node-2] [ERROR] [1768034175.865309384] [superpoint_node]: Errore pubblicazione keypoints 3D: could not assign tuple of length 3 to structure with 4 fields.
[superpoint_node-2] [INFO] [1768034175.966096354] [superpoint_node]: Keypoints estratti: 800
[superpoint_node-2] [ERROR] [1768034175.971470601] [superpoint_node]: Errore pubblicazione keypoints 3D: could not assign tuple of length 3 to structure with 4 fields.
[superpoint_node-2] [INFO] [1768034176.063633613] [superpoint_node]: Keypoints estratti: 800
[superpoint_node-2] [ERROR] [1768034176.069155027] [superpoint_node]: Errore pubblicazione keypoints 3D: could not assign tuple of length 3 to structure with 4 fields.
[superpoint_node-2] [INFO] [1768034176.159897176] [superpoint_node]: Keypoints estratti: 800
[superpoint_node-2] [ERROR] [1768034176.165787463] [superpoint_node]: Errore pubblicazione keypoints 3D: could not assign tuple of length 3 to structure with 4 fields.
[superpoint_node-2] [INFO] [1768034176.258027624] [superpoint_node]: Keypoints estratti: 800
[superpoint_node-2] [ERROR] [1768034176.263896338] [superpoint_node]: Errore pubblicazione keypoints 3D: could not assign tuple of length 3 to structure with 4 fields.
[superpoint_node-2] [INFO] [1768034176.359265153] [superpoint_node]: Keypoints estratti: 800
[superpoint_node-2] [ERROR] [1768034176.365707426] [superpoint_node]: Errore pubblicazione keypoints 3D: could not assign tuple of length 3 to structure with 4 fields.
[rtabmap-14] [INFO] [1768034176.438201856] [rtabmap]: rtabmap (1309): Rate=0.50s, Limit=0.001s, Conversion=0.0003s, RTAB-Map=0.0894s, Maps update=0.0017s pub=0.0017s delay=0.1323s (local map=4, WM=6)
[superpoint_node-2] [INFO] [1768034176.463706300] [superpoint_node]: Keypoints estratti: 800
[superpoint_node-2] [ERROR] [1768034176.469161121] [superpoint_node]: Errore pubblicazione keypoints 3D: could not assign tuple of length 3 to structure with 4 fields.
[superpoint_node-2] [INFO] [1768034176.564674308] [superpoint_node]: Keypoints estratti: 800
[superpoint_node-2] [ERROR] [1768034176.570090555] [superpoint_node]: Errore pubblicazione keypoints 3D: could not assign tuple of length 3 to structure with 4 fields.
[superpoint_node-2] [INFO] [1768034176.664852476] [superpoint_node]: Keypoints estratti: 800
[superpoint_node-2] [ERROR] [1768034176.670529281] [superpoint_node]: Errore pubblicazione keypoints 3D: could not assign tuple of length 3 to structure with 4 fields.
[superpoint_node-2] [INFO] [1768034176.762741978] [superpoint_node]: Keypoints estratti: 800
[superpoint_node-2] [ERROR] [1768034176.768425912] [superpoint_node]: Errore pubblicazione keypoints 3D: could not assign tuple of length 3 to structure with 4 fields.
[superpoint_node-2] [INFO] [1768034176.864647457] [superpoint_node]: Keypoints estratti: 800
[superpoint_node-2] [ERROR] [1768034176.870132315] [superpoint_node]: Errore pubblicazione keypoints 3D: could not assign tuple of length 3 to structure with 4 fields.
[rtabmap-14] [INFO] [1768034176.937311702] [rtabmap]: rtabmap (1310): Rate=0.50s, Limit=0.001s, Conversion=0.0009s, RTAB-Map=0.0835s, Maps update=0.0028s pub=0.0013s delay=0.1289s (local map=5, WM=5)
[superpoint_node-2] [INFO] [1768034176.967659796] [superpoint_node]: Keypoints estratti: 800
[superpoint_node-2] [ERROR] [1768034176.973571232] [superpoint_node]: Errore pubblicazione keypoints 3D: could not assign tuple of length 3 to structure with 4 fields.
[superpoint_node-2] [INFO] [1768034177.066063413] [superpoint_node]: Keypoints estratti: 800
[superpoint_node-2] [ERROR] [1768034177.071597735] [superpoint_node]: Errore pubblicazione keypoints 3D: could not assign tuple of length 3 to structure with 4 fields.
[superpoint_node-2] [INFO] [1768034177.163147298] [superpoint_node]: Keypoints estratti: 800
[superpoint_node-2] [ERROR] [1768034177.168939844] [superpoint_node]: Errore pubblicazione keypoints 3D: could not assign tuple of length 3 to structure with 4 fields.
[superpoint_node-2] [INFO] [1768034177.262051271] [superpoint_node]: Keypoints estratti: 800
[superpoint_node-2] [ERROR] [1768034177.267495444] [superpoint_node]: Errore pubblicazione keypoints 3D: could not assign tuple of length 3 to structure with 4 fields.
[superpoint_node-2] [INFO] [1768034177.356868156] [superpoint_node]: Keypoints estratti: 800
[superpoint_node-2] [ERROR] [1768034177.364010305] [superpoint_node]: Errore pubblicazione keypoints 3D: could not assign tuple of length 3 to structure with 4 fields.
[superpoint_node-2] [INFO] [1768034177.462983464] [superpoint_node]: Keypoints estratti: 800
[superpoint_node-2] [ERROR] [1768034177.468432045] [superpoint_node]: Errore pubblicazione keypoints 3D: could not assign tuple of length 3 to structure with 4 fields.
[rtabmap-14] [INFO] [1768034177.548876056] [rtabmap]: rtabmap (1311): Rate=0.50s, Limit=0.001s, Conversion=0.0002s, RTAB-Map=0.0578s, Maps update=0.0036s pub=0.0040s delay=0.1399s (local map=4, WM=6)
[superpoint_node-2] [INFO] [1768034177.567511723] [superpoint_node]: Keypoints estratti: 800
[superpoint_node-2] [ERROR] [1768034177.573458400] [superpoint_node]: Errore pubblicazione keypoints 3D: could not assign tuple of length 3 to structure with 4 fields.
[superpoint_node-2] [INFO] [1768034177.668033061] [superpoint_node]: Keypoints estratti: 800
[superpoint_node-2] [ERROR] [1768034177.674065738] [superpoint_node]: Errore pubblicazione keypoints 3D: could not assign tuple of length 3 to structure with 4 fields.
[superpoint_node-2] [INFO] [1768034177.764823165] [superpoint_node]: Keypoints estratti: 800
[superpoint_node-2] [ERROR] [1768034177.770286579] [superpoint_node]: Errore pubblicazione keypoints 3D: could not assign tuple of length 3 to structure with 4 fields.
[superpoint_node-2] [INFO] [1768034177.863743472] [superpoint_node]: Keypoints estratti: 800
[superpoint_node-2] [ERROR] [1768034177.869355850] [superpoint_node]: Errore pubblicazione keypoints 3D: could not assign tuple of length 3 to structure with 4 fields.
[superpoint_node-2] [INFO] [1768034177.962785150] [superpoint_node]: Keypoints estratti: 800
[superpoint_node-2] [ERROR] [1768034177.968565659] [superpoint_node]: Errore pubblicazione keypoints 3D: could not assign tuple of length 3 to structure with 4 fields.
[rtabmap-14] [INFO] [1768034178.054082081] [rtabmap]: rtabmap (1312): Rate=0.50s, Limit=0.001s, Conversion=0.0002s, RTAB-Map=0.0696s, Maps update=0.0055s pub=0.0010s delay=0.1431s (local map=5, WM=5)
[superpoint_node-2] [INFO] [1768034178.069166071] [superpoint_node]: Keypoints estratti: 800
[superpoint_node-2] [ERROR] [1768034178.075259527] [superpoint_node]: Errore pubblicazione keypoints 3D: could not assign tuple of length 3 to structure with 4 fields.
[rtabmap-14] [33m[ WARN] (2026-01-10 09:36:14.287) Memory.cpp:2105::forget() Less signatures transferred (1) than added (2)! The working memory cannot decrease in size.[0m
[rtabmap-14] [33m[ WARN] (2026-01-10 09:36:15.301) Memory.cpp:2105::forget() Less signatures transferred (1) than added (2)! The working memory cannot decrease in size.[0m
[rtabmap-14] [33m[ WARN] (2026-01-10 09:36:16.432) Memory.cpp:2105::forget() Less signatures transferred (1) than added (2)! The working memory cannot decrease in size.[0m
[rtabmap-14] [33m[ WARN] (2026-01-10 09:36:17.538) Memory.cpp:2105::forget() Less signatures transferred (1) than added (2)! The working memory cannot decrease in size.[0m
[superpoint_node-2] [INFO] [1768034178.170113060] [superpoint_node]: Keypoints estratti: 800
[superpoint_node-2] [ERROR] [1768034178.176140460] [superpoint_node]: Errore pubblicazione keypoints 3D: could not assign tuple of length 3 to structure with 4 fields.
[superpoint_node-2] [INFO] [1768034178.266793627] [superpoint_node]: Keypoints estratti: 800
[superpoint_node-2] [ERROR] [1768034178.272560154] [superpoint_node]: Errore pubblicazione keypoints 3D: could not assign tuple of length 3 to structure with 4 fields.
[superpoint_node-2] [INFO] [1768034178.365709063] [superpoint_node]: Keypoints estratti: 800
[superpoint_node-2] [ERROR] [1768034178.371275959] [superpoint_node]: Errore pubblicazione keypoints 3D: could not assign tuple of length 3 to structure with 4 fields.
[superpoint_node-2] [INFO] [1768034178.468391455] [superpoint_node]: Keypoints estratti: 800
[superpoint_node-2] [ERROR] [1768034178.475804496] [superpoint_node]: Errore pubblicazione keypoints 3D: could not assign tuple of length 3 to structure with 4 fields.
[rtabmap-14] [INFO] [1768034178.539917988] [rtabmap]: rtabmap (1313): Rate=0.50s, Limit=0.001s, Conversion=0.0002s, RTAB-Map=0.0775s, Maps update=0.0102s pub=0.0012s delay=0.1273s (local map=4, WM=6)
[superpoint_node-2] [INFO] [1768034178.576303241] [superpoint_node]: Keypoints estratti: 800
[superpoint_node-2] [ERROR] [1768034178.582986146] [superpoint_node]: Errore pubblicazione keypoints 3D: could not assign tuple of length 3 to structure with 4 fields.
[superpoint_node-2] [INFO] [1768034178.678189682] [superpoint_node]: Keypoints estratti: 800
[superpoint_node-2] [ERROR] [1768034178.685491463] [superpoint_node]: Errore pubblicazione keypoints 3D: could not assign tuple of length 3 to structure with 4 fields.
[superpoint_node-2] [INFO] [1768034178.778676538] [superpoint_node]: Keypoints estratti: 800
[superpoint_node-2] [ERROR] [1768034178.784688568] [superpoint_node]: Errore pubblicazione keypoints 3D: could not assign tuple of length 3 to structure with 4 fields.
[superpoint_node-2] [INFO] [1768034178.876781468] [superpoint_node]: Keypoints estratti: 800
[superpoint_node-2] [ERROR] [1768034178.883177186] [superpoint_node]: Errore pubblicazione keypoints 3D: could not assign tuple of length 3 to structure with 4 fields.
[superpoint_node-2] [INFO] [1768034178.975308364] [superpoint_node]: Keypoints estratti: 800
[superpoint_node-2] [ERROR] [1768034178.981857916] [superpoint_node]: Errore pubblicazione keypoints 3D: could not assign tuple of length 3 to structure with 4 fields.
[rtabmap-14] [INFO] [1768034179.022440962] [rtabmap]: rtabmap (1314): Rate=0.50s, Limit=0.001s, Conversion=0.0007s, RTAB-Map=0.0653s, Maps update=0.0024s pub=0.0039s delay=0.0981s (local map=5, WM=5)
[superpoint_node-2] [INFO] [1768034179.079920901] [superpoint_node]: Keypoints estratti: 800
[superpoint_node-2] [ERROR] [1768034179.085557020] [superpoint_node]: Errore pubblicazione keypoints 3D: could not assign tuple of length 3 to structure with 4 fields.
[superpoint_node-2] [INFO] [1768034179.172216340] [superpoint_node]: Keypoints estratti: 800
[superpoint_node-2] [ERROR] [1768034179.178465538] [superpoint_node]: Errore pubblicazione keypoints 3D: could not assign tuple of length 3 to structure with 4 fields.
[superpoint_node-2] [INFO] [1768034179.271003201] [superpoint_node]: Keypoints estratti: 800
[superpoint_node-2] [ERROR] [1768034179.276803284] [superpoint_node]: Errore pubblicazione keypoints 3D: could not assign tuple of length 3 to structure with 4 fields.
[superpoint_node-2] [INFO] [1768034179.372030228] [superpoint_node]: Keypoints estratti: 800
[superpoint_node-2] [ERROR] [1768034179.378749467] [superpoint_node]: Errore pubblicazione keypoints 3D: could not assign tuple of length 3 to structure with 4 fields.
[superpoint_node-2] [INFO] [1768034179.471651152] [superpoint_node]: Keypoints estratti: 800
[superpoint_node-2] [ERROR] [1768034179.477897461] [superpoint_node]: Errore pubblicazione keypoints 3D: could not assign tuple of length 3 to structure with 4 fields.
[superpoint_node-2] [INFO] [1768034179.570471791] [superpoint_node]: Keypoints estratti: 800
[superpoint_node-2] [ERROR] [1768034179.577712626] [superpoint_node]: Errore pubblicazione keypoints 3D: could not assign tuple of length 3 to structure with 4 fields.
[rtabmap-14] [INFO] [1768034179.636694929] [rtabmap]: rtabmap (1315): Rate=0.50s, Limit=0.001s, Conversion=0.0003s, RTAB-Map=0.0814s, Maps update=0.0032s pub=0.0041s delay=0.1161s (local map=4, WM=6)
[superpoint_node-2] [INFO] [1768034179.719292569] [superpoint_node]: Keypoints estratti: 800
[superpoint_node-2] [ERROR] [1768034179.725025374] [superpoint_node]: Errore pubblicazione keypoints 3D: could not assign tuple of length 3 to structure with 4 fields.
[superpoint_node-2] [INFO] [1768034179.813948860] [superpoint_node]: Keypoints estratti: 800
[superpoint_node-2] [ERROR] [1768034179.819362959] [superpoint_node]: Errore pubblicazione keypoints 3D: could not assign tuple of length 3 to structure with 4 fields.
[superpoint_node-2] [INFO] [1768034179.913343115] [superpoint_node]: Keypoints estratti: 800
[superpoint_node-2] [ERROR] [1768034179.920238522] [superpoint_node]: Errore pubblicazione keypoints 3D: could not assign tuple of length 3 to structure with 4 fields.
[superpoint_node-2] [INFO] [1768034180.023339361] [superpoint_node]: Keypoints estratti: 800
[superpoint_node-2] [ERROR] [1768034180.028627218] [superpoint_node]: Errore pubblicazione keypoints 3D: could not assign tuple of length 3 to structure with 4 fields.
[superpoint_node-2] [INFO] [1768034180.124127109] [superpoint_node]: Keypoints estratti: 800
[superpoint_node-2] [ERROR] [1768034180.129717950] [superpoint_node]: Errore pubblicazione keypoints 3D: could not assign tuple of length 3 to structure with 4 fields.
[rtabmap-14] [INFO] [1768034180.204407804] [rtabmap]: rtabmap (1316): Rate=0.50s, Limit=0.001s, Conversion=0.0002s, RTAB-Map=0.0528s, Maps update=0.0058s pub=0.0286s delay=0.1337s (local map=4, WM=5)
[superpoint_node-2] [INFO] [1768034180.228888517] [superpoint_node]: Keypoints estratti: 800
[superpoint_node-2] [ERROR] [1768034180.234337487] [superpoint_node]: Errore pubblicazione keypoints 3D: could not assign tuple of length 3 to structure with 4 fields.
[superpoint_node-2] [INFO] [1768034180.324464372] [superpoint_node]: Keypoints estratti: 800
[superpoint_node-2] [ERROR] [1768034180.329805970] [superpoint_node]: Errore pubblicazione keypoints 3D: could not assign tuple of length 3 to structure with 4 fields.
[superpoint_node-2] [INFO] [1768034180.419950891] [superpoint_node]: Keypoints estratti: 800
[superpoint_node-2] [ERROR] [1768034180.425689289] [superpoint_node]: Errore pubblicazione keypoints 3D: could not assign tuple of length 3 to structure with 4 fields.
[superpoint_node-2] [INFO] [1768034180.519704260] [superpoint_node]: Keypoints estratti: 800
[superpoint_node-2] [ERROR] [1768034180.525533140] [superpoint_node]: Errore pubblicazione keypoints 3D: could not assign tuple of length 3 to structure with 4 fields.
[superpoint_node-2] [INFO] [1768034180.618232749] [superpoint_node]: Keypoints estratti: 800
[superpoint_node-2] [ERROR] [1768034180.625603659] [superpoint_node]: Errore pubblicazione keypoints 3D: could not assign tuple of length 3 to structure with 4 fields.
[superpoint_node-2] [INFO] [1768034180.722965472] [superpoint_node]: Keypoints estratti: 800
[superpoint_node-2] [ERROR] [1768034180.729157577] [superpoint_node]: Errore pubblicazione keypoints 3D: could not assign tuple of length 3 to structure with 4 fields.
[rtabmap-14] [INFO] [1768034180.803726486] [rtabmap]: rtabmap (1317): Rate=0.50s, Limit=0.001s, Conversion=0.0002s, RTAB-Map=0.0480s, Maps update=0.0155s pub=0.0297s delay=0.1344s (local map=4, WM=5)
[superpoint_node-2] [INFO] [1768034180.829153151] [superpoint_node]: Keypoints estratti: 800
[superpoint_node-2] [ERROR] [1768034180.834683251] [superpoint_node]: Errore pubblicazione keypoints 3D: could not assign tuple of length 3 to structure with 4 fields.
[superpoint_node-2] [INFO] [1768034180.929645341] [superpoint_node]: Keypoints estratti: 800
[superpoint_node-2] [ERROR] [1768034180.935593685] [superpoint_node]: Errore pubblicazione keypoints 3D: could not assign tuple of length 3 to structure with 4 fields.
[superpoint_node-2] [INFO] [1768034181.025180769] [superpoint_node]: Keypoints estratti: 800
[superpoint_node-2] [ERROR] [1768034181.030594497] [superpoint_node]: Errore pubblicazione keypoints 3D: could not assign tuple of length 3 to structure with 4 fields.
[superpoint_node-2] [INFO] [1768034181.121982429] [superpoint_node]: Keypoints estratti: 800
[superpoint_node-2] [ERROR] [1768034181.127572418] [superpoint_node]: Errore pubblicazione keypoints 3D: could not assign tuple of length 3 to structure with 4 fields.
[superpoint_node-2] [INFO] [1768034181.220485806] [superpoint_node]: Keypoints estratti: 800
[superpoint_node-2] [ERROR] [1768034181.226312297] [superpoint_node]: Errore pubblicazione keypoints 3D: could not assign tuple of length 3 to structure with 4 fields.
[rtabmap-14] [INFO] [1768034181.322078541] [rtabmap]: rtabmap (1318): Rate=0.50s, Limit=0.001s, Conversion=0.0002s, RTAB-Map=0.0779s, Maps update=0.0049s pub=0.0206s delay=0.1511s (local map=4, WM=5)
[superpoint_node-2] [INFO] [1768034181.332047621] [superpoint_node]: Keypoints estratti: 800
[superpoint_node-2] [ERROR] [1768034181.337634647] [superpoint_node]: Errore pubblicazione keypoints 3D: could not assign tuple of length 3 to structure with 4 fields.
[superpoint_node-2] [INFO] [1768034181.430011512] [superpoint_node]: Keypoints estratti: 800
[superpoint_node-2] [ERROR] [1768034181.435430093] [superpoint_node]: Errore pubblicazione keypoints 3D: could not assign tuple of length 3 to structure with 4 fields.
[superpoint_node-2] [INFO] [1768034181.528054460] [superpoint_node]: Keypoints estratti: 800
[superpoint_node-2] [ERROR] [1768034181.533443373] [superpoint_node]: Errore pubblicazione keypoints 3D: could not assign tuple of length 3 to structure with 4 fields.
[superpoint_node-2] [INFO] [1768034181.625554459] [superpoint_node]: Keypoints estratti: 800
[superpoint_node-2] [ERROR] [1768034181.631001077] [superpoint_node]: Errore pubblicazione keypoints 3D: could not assign tuple of length 3 to structure with 4 fields.
[superpoint_node-2] [INFO] [1768034181.725984630] [superpoint_node]: Keypoints estratti: 800
[superpoint_node-2] [ERROR] [1768034181.731679749] [superpoint_node]: Errore pubblicazione keypoints 3D: could not assign tuple of length 3 to structure with 4 fields.
[superpoint_node-2] [INFO] [1768034181.825600812] [superpoint_node]: Keypoints estratti: 800
[superpoint_node-2] [ERROR] [1768034181.831488785] [superpoint_node]: Errore pubblicazione keypoints 3D: could not assign tuple of length 3 to structure with 4 fields.
[rtabmap-14] [INFO] [1768034181.903196004] [rtabmap]: rtabmap (1319): Rate=0.50s, Limit=0.001s, Conversion=0.0006s, RTAB-Map=0.0873s, Maps update=0.0035s pub=0.0018s delay=0.1292s (local map=4, WM=5)
[superpoint_node-2] [INFO] [1768034181.927702459] [superpoint_node]: Keypoints estratti: 800
[superpoint_node-2] [ERROR] [1768034181.933221799] [superpoint_node]: Errore pubblicazione keypoints 3D: could not assign tuple of length 3 to structure with 4 fields.
[superpoint_node-2] [INFO] [1768034182.027062454] [superpoint_node]: Keypoints estratti: 800
[superpoint_node-2] [ERROR] [1768034182.032588869] [superpoint_node]: Errore pubblicazione keypoints 3D: could not assign tuple of length 3 to structure with 4 fields.
[superpoint_node-2] [INFO] [1768034182.128144593] [superpoint_node]: Keypoints estratti: 800
[superpoint_node-2] [ERROR] [1768034182.133833009] [superpoint_node]: Errore pubblicazione keypoints 3D: could not assign tuple of length 3 to structure with 4 fields.
[superpoint_node-2] [INFO] [1768034182.229373955] [superpoint_node]: Keypoints estratti: 800
[superpoint_node-2] [ERROR] [1768034182.235453503] [superpoint_node]: Errore pubblicazione keypoints 3D: could not assign tuple of length 3 to structure with 4 fields.
[superpoint_node-2] [INFO] [1768034182.328316780] [superpoint_node]: Keypoints estratti: 800
[superpoint_node-2] [ERROR] [1768034182.333829583] [superpoint_node]: Errore pubblicazione keypoints 3D: could not assign tuple of length 3 to structure with 4 fields.
[rtabmap-14] [INFO] [1768034182.417045061] [rtabmap]: rtabmap (1320): Rate=0.50s, Limit=0.001s, Conversion=0.0002s, RTAB-Map=0.0655s, Maps update=0.0036s pub=0.0027s delay=0.1381s (local map=4, WM=5)
[superpoint_node-2] [INFO] [1768034182.435447578] [superpoint_node]: Keypoints estratti: 800
[superpoint_node-2] [ERROR] [1768034182.442402726] [superpoint_node]: Errore pubblicazione keypoints 3D: could not assign tuple of length 3 to structure with 4 fields.
[superpoint_node-2] [INFO] [1768034182.532493296] [superpoint_node]: Keypoints estratti: 800
[superpoint_node-2] [ERROR] [1768034182.538196915] [superpoint_node]: Errore pubblicazione keypoints 3D: could not assign tuple of length 3 to structure with 4 fields.
[superpoint_node-2] [INFO] [1768034182.633360377] [superpoint_node]: Keypoints estratti: 800
[superpoint_node-2] [ERROR] [1768034182.639837281] [superpoint_node]: Errore pubblicazione keypoints 3D: could not assign tuple of length 3 to structure with 4 fields.
[superpoint_node-2] [INFO] [1768034182.728521339] [superpoint_node]: Keypoints estratti: 800
[superpoint_node-2] [ERROR] [1768034182.733852511] [superpoint_node]: Errore pubblicazione keypoints 3D: could not assign tuple of length 3 to structure with 4 fields.
[superpoint_node-2] [INFO] [1768034182.823804654] [superpoint_node]: Keypoints estratti: 800
[superpoint_node-2] [ERROR] [1768034182.829463847] [superpoint_node]: Errore pubblicazione keypoints 3D: could not assign tuple of length 3 to structure with 4 fields.
[superpoint_node-2] [INFO] [1768034182.923959359] [superpoint_node]: Keypoints estratti: 800
[superpoint_node-2] [ERROR] [1768034182.929534237] [superpoint_node]: Errore pubblicazione keypoints 3D: could not assign tuple of length 3 to structure with 4 fields.
[rtabmap-14] [INFO] [1768034183.005470768] [rtabmap]: rtabmap (1321): Rate=0.50s, Limit=0.001s, Conversion=0.0002s, RTAB-Map=0.0868s, Maps update=0.0028s pub=0.0015s delay=0.1353s (local map=4, WM=5)
[superpoint_node-2] [INFO] [1768034183.029976592] [superpoint_node]: Keypoints estratti: 800
[superpoint_node-2] [ERROR] [1768034183.035418691] [superpoint_node]: Errore pubblicazione keypoints 3D: could not assign tuple of length 3 to structure with 4 fields.
[superpoint_node-2] [INFO] [1768034183.132372871] [superpoint_node]: Keypoints estratti: 800
[superpoint_node-2] [ERROR] [1768034183.137939397] [superpoint_node]: Errore pubblicazione keypoints 3D: could not assign tuple of length 3 to structure with 4 fields.
[rtabmap-14] [33m[ WARN] (2026-01-10 09:36:18.521) Memory.cpp:2105::forget() Less signatures transferred (1) than added (2)! The working memory cannot decrease in size.[0m
[rtabmap-14] [33m[ WARN] (2026-01-10 09:36:19.624) Memory.cpp:2105::forget() Less signatures transferred (1) than added (2)! The working memory cannot decrease in size.[0m
[rtabmap-14] [33m[ WARN] (2026-01-10 09:36:19.970) CoreWrapper.cpp:1227::odomTFUpdate() Odometry is reset (identity pose detected). Increment map id![0m
[superpoint_node-2] [INFO] [1768034183.231344308] [superpoint_node]: Keypoints estratti: 800
[superpoint_node-2] [ERROR] [1768034183.237038020] [superpoint_node]: Errore pubblicazione keypoints 3D: could not assign tuple of length 3 to structure with 4 fields.
[superpoint_node-2] [INFO] [1768034183.331517347] [superpoint_node]: Keypoints estratti: 800
[superpoint_node-2] [ERROR] [1768034183.336983298] [superpoint_node]: Errore pubblicazione keypoints 3D: could not assign tuple of length 3 to structure with 4 fields.
[superpoint_node-2] [INFO] [1768034183.428193154] [superpoint_node]: Keypoints estratti: 800
[superpoint_node-2] [ERROR] [1768034183.433678216] [superpoint_node]: Errore pubblicazione keypoints 3D: could not assign tuple of length 3 to structure with 4 fields.
[rtabmap-14] [INFO] [1768034183.515795333] [rtabmap]: rtabmap (1322): Rate=0.50s, Limit=0.001s, Conversion=0.0002s, RTAB-Map=0.0620s, Maps update=0.0008s pub=0.0011s delay=0.1350s (local map=4, WM=5)
[superpoint_node-2] [INFO] [1768034183.531825350] [superpoint_node]: Keypoints estratti: 800
[superpoint_node-2] [ERROR] [1768034183.537589155] [superpoint_node]: Errore pubblicazione keypoints 3D: could not assign tuple of length 3 to structure with 4 fields.
[superpoint_node-2] [INFO] [1768034183.634441445] [superpoint_node]: Keypoints estratti: 800
[superpoint_node-2] [ERROR] [1768034183.641243740] [superpoint_node]: Errore pubblicazione keypoints 3D: could not assign tuple of length 3 to structure with 4 fields.
[superpoint_node-2] [INFO] [1768034183.732494245] [superpoint_node]: Keypoints estratti: 800
[superpoint_node-2] [ERROR] [1768034183.738114734] [superpoint_node]: Errore pubblicazione keypoints 3D: could not assign tuple of length 3 to structure with 4 fields.
[superpoint_node-2] [INFO] [1768034183.834426390] [superpoint_node]: Keypoints estratti: 800
[superpoint_node-2] [ERROR] [1768034183.841469020] [superpoint_node]: Errore pubblicazione keypoints 3D: could not assign tuple of length 3 to structure with 4 fields.
[superpoint_node-2] [INFO] [1768034183.933918016] [superpoint_node]: Keypoints estratti: 800
[superpoint_node-2] [ERROR] [1768034183.939916657] [superpoint_node]: Errore pubblicazione keypoints 3D: could not assign tuple of length 3 to structure with 4 fields.
[rtabmap-14] [INFO] [1768034184.024206161] [rtabmap]: rtabmap (1323): Rate=0.50s, Limit=0.001s, Conversion=0.0002s, RTAB-Map=0.0666s, Maps update=0.0032s pub=0.0030s delay=0.1402s (local map=4, WM=5)
[superpoint_node-2] [INFO] [1768034184.044778825] [superpoint_node]: Keypoints estratti: 800
[superpoint_node-2] [ERROR] [1768034184.051048598] [superpoint_node]: Errore pubblicazione keypoints 3D: could not assign tuple of length 3 to structure with 4 fields.
[superpoint_node-2] [INFO] [1768034184.141884877] [superpoint_node]: Keypoints estratti: 800
[superpoint_node-2] [ERROR] [1768034184.148530041] [superpoint_node]: Errore pubblicazione keypoints 3D: could not assign tuple of length 3 to structure with 4 fields.
[superpoint_node-2] [INFO] [1768034184.242821811] [superpoint_node]: Keypoints estratti: 800
[superpoint_node-2] [ERROR] [1768034184.249758144] [superpoint_node]: Errore pubblicazione keypoints 3D: could not assign tuple of length 3 to structure with 4 fields.
[superpoint_node-2] [INFO] [1768034184.342100027] [superpoint_node]: Keypoints estratti: 800
[superpoint_node-2] [ERROR] [1768034184.347897129] [superpoint_node]: Errore pubblicazione keypoints 3D: could not assign tuple of length 3 to structure with 4 fields.
[superpoint_node-2] [INFO] [1768034184.439776491] [superpoint_node]: Keypoints estratti: 800
[superpoint_node-2] [ERROR] [1768034184.446050078] [superpoint_node]: Errore pubblicazione keypoints 3D: could not assign tuple of length 3 to structure with 4 fields.
[rtabmap-14] [INFO] [1768034184.504276542] [rtabmap]: rtabmap (1324): Rate=0.50s, Limit=0.001s, Conversion=0.0003s, RTAB-Map=0.0714s, Maps update=0.0095s pub=0.0012s delay=0.1156s (local map=4, WM=5)
[superpoint_node-2] [INFO] [1768034184.544365583] [superpoint_node]: Keypoints estratti: 800
[superpoint_node-2] [ERROR] [1768034184.550129722] [superpoint_node]: Errore pubblicazione keypoints 3D: could not assign tuple of length 3 to structure with 4 fields.
[superpoint_node-2] [INFO] [1768034184.640746148] [superpoint_node]: Keypoints estratti: 800
[superpoint_node-2] [ERROR] [1768034184.646413267] [superpoint_node]: Errore pubblicazione keypoints 3D: could not assign tuple of length 3 to structure with 4 fields.
[superpoint_node-2] [INFO] [1768034184.818848289] [superpoint_node]: Keypoints estratti: 800
[superpoint_node-2] [ERROR] [1768034184.825274599] [superpoint_node]: Errore pubblicazione keypoints 3D: could not assign tuple of length 3 to structure with 4 fields.
[superpoint_node-2] [INFO] [1768034184.920146670] [superpoint_node]: Keypoints estratti: 800
[superpoint_node-2] [ERROR] [1768034184.926546443] [superpoint_node]: Errore pubblicazione keypoints 3D: could not assign tuple of length 3 to structure with 4 fields.
[superpoint_node-2] [INFO] [1768034185.024285314] [superpoint_node]: Keypoints estratti: 800
[superpoint_node-2] [ERROR] [1768034185.031132554] [superpoint_node]: Errore pubblicazione keypoints 3D: could not assign tuple of length 3 to structure with 4 fields.
[rtabmap-14] [INFO] [1768034185.111056543] [rtabmap]: rtabmap (1325): Rate=0.50s, Limit=0.001s, Conversion=0.0002s, RTAB-Map=0.0884s, Maps update=0.0019s pub=0.0022s delay=0.1412s (local map=4, WM=5)
[superpoint_node-2] [INFO] [1768034185.131016628] [superpoint_node]: Keypoints estratti: 800
[superpoint_node-2] [ERROR] [1768034185.136654895] [superpoint_node]: Errore pubblicazione keypoints 3D: could not assign tuple of length 3 to structure with 4 fields.
[superpoint_node-2] [INFO] [1768034185.230133584] [superpoint_node]: Keypoints estratti: 800
[superpoint_node-2] [ERROR] [1768034185.235885685] [superpoint_node]: Errore pubblicazione keypoints 3D: could not assign tuple of length 3 to structure with 4 fields.
[superpoint_node-2] [INFO] [1768034185.327509471] [superpoint_node]: Keypoints estratti: 800
[superpoint_node-2] [ERROR] [1768034185.332881365] [superpoint_node]: Errore pubblicazione keypoints 3D: could not assign tuple of length 3 to structure with 4 fields.
[superpoint_node-2] [INFO] [1768034185.427182098] [superpoint_node]: Keypoints estratti: 800
[superpoint_node-2] [ERROR] [1768034185.432781884] [superpoint_node]: Errore pubblicazione keypoints 3D: could not assign tuple of length 3 to structure with 4 fields.
[superpoint_node-2] [INFO] [1768034185.530271623] [superpoint_node]: Keypoints estratti: 800
[superpoint_node-2] [ERROR] [1768034185.535594999] [superpoint_node]: Errore pubblicazione keypoints 3D: could not assign tuple of length 3 to structure with 4 fields.
[rtabmap-14] [INFO] [1768034185.610852173] [rtabmap]: rtabmap (1326): Rate=0.50s, Limit=0.001s, Conversion=0.0002s, RTAB-Map=0.0645s, Maps update=0.0007s pub=0.0011s delay=0.1337s (local map=4, WM=5)
[superpoint_node-2] [INFO] [1768034185.633933412] [superpoint_node]: Keypoints estratti: 800
[superpoint_node-2] [ERROR] [1768034185.639778903] [superpoint_node]: Errore pubblicazione keypoints 3D: could not assign tuple of length 3 to structure with 4 fields.
[superpoint_node-2] [INFO] [1768034185.751185550] [superpoint_node]: Keypoints estratti: 800
[superpoint_node-2] [ERROR] [1768034185.759714859] [superpoint_node]: Errore pubblicazione keypoints 3D: could not assign tuple of length 3 to structure with 4 fields.
[superpoint_node-2] [INFO] [1768034185.857231191] [superpoint_node]: Keypoints estratti: 800
[superpoint_node-2] [ERROR] [1768034185.863132757] [superpoint_node]: Errore pubblicazione keypoints 3D: could not assign tuple of length 3 to structure with 4 fields.
[superpoint_node-2] [INFO] [1768034185.953497588] [superpoint_node]: Keypoints estratti: 800
[superpoint_node-2] [ERROR] [1768034185.959838712] [superpoint_node]: Errore pubblicazione keypoints 3D: could not assign tuple of length 3 to structure with 4 fields.
[superpoint_node-2] [INFO] [1768034186.051840279] [superpoint_node]: Keypoints estratti: 800
[superpoint_node-2] [ERROR] [1768034186.059086725] [superpoint_node]: Errore pubblicazione keypoints 3D: could not assign tuple of length 3 to structure with 4 fields.
[rtabmap-14] [INFO] [1768034186.130682425] [rtabmap]: rtabmap (1327): Rate=0.50s, Limit=0.001s, Conversion=0.0010s, RTAB-Map=0.0766s, Maps update=0.0034s pub=0.0013s delay=0.1293s (local map=4, WM=5)
[superpoint_node-2] [INFO] [1768034186.157603195] [superpoint_node]: Keypoints estratti: 800
[superpoint_node-2] [ERROR] [1768034186.164207581] [superpoint_node]: Errore pubblicazione keypoints 3D: could not assign tuple of length 3 to structure with 4 fields.
[superpoint_node-2] [INFO] [1768034186.253511552] [superpoint_node]: Keypoints estratti: 800
[superpoint_node-2] [ERROR] [1768034186.259355765] [superpoint_node]: Errore pubblicazione keypoints 3D: could not assign tuple of length 3 to structure with 4 fields.
[superpoint_node-2] [INFO] [1768034186.353638405] [superpoint_node]: Keypoints estratti: 800
[superpoint_node-2] [ERROR] [1768034186.359317210] [superpoint_node]: Errore pubblicazione keypoints 3D: could not assign tuple of length 3 to structure with 4 fields.
[superpoint_node-2] [INFO] [1768034186.451595538] [superpoint_node]: Keypoints estratti: 800
[superpoint_node-2] [ERROR] [1768034186.457197471] [superpoint_node]: Errore pubblicazione keypoints 3D: could not assign tuple of length 3 to structure with 4 fields.
[superpoint_node-2] [INFO] [1768034186.551303128] [superpoint_node]: Keypoints estratti: 800
[superpoint_node-2] [ERROR] [1768034186.557213564] [superpoint_node]: Errore pubblicazione keypoints 3D: could not assign tuple of length 3 to structure with 4 fields.
[rtabmap-14] [INFO] [1768034186.592866626] [rtabmap]: rtabmap (1328): Rate=0.50s, Limit=0.001s, Conversion=0.0003s, RTAB-Map=0.0406s, Maps update=0.0009s pub=0.0012s delay=0.0905s (local map=4, WM=5)
[superpoint_node-2] [INFO] [1768034186.653681796] [superpoint_node]: Keypoints estratti: 800
[superpoint_node-2] [ERROR] [1768034186.661923158] [superpoint_node]: Errore pubblicazione keypoints 3D: could not assign tuple of length 3 to structure with 4 fields.
[superpoint_node-2] [INFO] [1768034186.754257264] [superpoint_node]: Keypoints estratti: 800
[superpoint_node-2] [ERROR] [1768034186.760915669] [superpoint_node]: Errore pubblicazione keypoints 3D: could not assign tuple of length 3 to structure with 4 fields.
[superpoint_node-2] [INFO] [1768034186.852851346] [superpoint_node]: Keypoints estratti: 800
[superpoint_node-2] [ERROR] [1768034186.858633188] [superpoint_node]: Errore pubblicazione keypoints 3D: could not assign tuple of length 3 to structure with 4 fields.
[superpoint_node-2] [INFO] [1768034186.951361223] [superpoint_node]: Keypoints estratti: 800
[superpoint_node-2] [ERROR] [1768034186.956821155] [superpoint_node]: Errore pubblicazione keypoints 3D: could not assign tuple of length 3 to structure with 4 fields.
[superpoint_node-2] [INFO] [1768034187.050686644] [superpoint_node]: Keypoints estratti: 800
[superpoint_node-2] [ERROR] [1768034187.056219429] [superpoint_node]: Errore pubblicazione keypoints 3D: could not assign tuple of length 3 to structure with 4 fields.
[superpoint_node-2] [INFO] [1768034187.149276263] [superpoint_node]: Keypoints estratti: 800
[superpoint_node-2] [ERROR] [1768034187.155157754] [superpoint_node]: Errore pubblicazione keypoints 3D: could not assign tuple of length 3 to structure with 4 fields.
[rtabmap-14] [INFO] [1768034187.226517230] [rtabmap]: rtabmap (1329): Rate=0.50s, Limit=0.001s, Conversion=0.0003s, RTAB-Map=0.0765s, Maps update=0.0021s pub=0.0018s delay=0.1267s (local map=4, WM=5)
[superpoint_node-2] [INFO] [1768034187.251653356] [superpoint_node]: Keypoints estratti: 800
[superpoint_node-2] [ERROR] [1768034187.257363068] [superpoint_node]: Errore pubblicazione keypoints 3D: could not assign tuple of length 3 to structure with 4 fields.
[superpoint_node-2] [INFO] [1768034187.384309691] [superpoint_node]: Keypoints estratti: 800
[superpoint_node-2] [ERROR] [1768034187.389870346] [superpoint_node]: Errore pubblicazione keypoints 3D: could not assign tuple of length 3 to structure with 4 fields.
[superpoint_node-2] [INFO] [1768034187.480345326] [superpoint_node]: Keypoints estratti: 800
[superpoint_node-2] [ERROR] [1768034187.485936130] [superpoint_node]: Errore pubblicazione keypoints 3D: could not assign tuple of length 3 to structure with 4 fields.
[superpoint_node-2] [INFO] [1768034187.582237712] [superpoint_node]: Keypoints estratti: 800
[superpoint_node-2] [ERROR] [1768034187.587771182] [superpoint_node]: Errore pubblicazione keypoints 3D: could not assign tuple of length 3 to structure with 4 fields.
[superpoint_node-2] [INFO] [1768034187.679044743] [superpoint_node]: Keypoints estratti: 800
[superpoint_node-2] [ERROR] [1768034187.684848604] [superpoint_node]: Errore pubblicazione keypoints 3D: could not assign tuple of length 3 to structure with 4 fields.
[rtabmap-14] [INFO] [1768034187.768852643] [rtabmap]: rtabmap (1330): Rate=0.50s, Limit=0.001s, Conversion=0.0005s, RTAB-Map=0.0780s, Maps update=0.0051s pub=0.0015s delay=0.1397s (local map=4, WM=5)
[superpoint_node-2] [INFO] [1768034187.787960277] [superpoint_node]: Keypoints estratti: 800
[superpoint_node-2] [ERROR] [1768034187.793309431] [superpoint_node]: Errore pubblicazione keypoints 3D: could not assign tuple of length 3 to structure with 4 fields.
[superpoint_node-2] [INFO] [1768034187.885784557] [superpoint_node]: Keypoints estratti: 800
[superpoint_node-2] [ERROR] [1768034187.892438980] [superpoint_node]: Errore pubblicazione keypoints 3D: could not assign tuple of length 3 to structure with 4 fields.
[superpoint_node-2] [INFO] [1768034187.984754790] [superpoint_node]: Keypoints estratti: 800
[superpoint_node-2] [ERROR] [1768034187.990322334] [superpoint_node]: Errore pubblicazione keypoints 3D: could not assign tuple of length 3 to structure with 4 fields.
[superpoint_node-2] [INFO] [1768034188.084512529] [superpoint_node]: Keypoints estratti: 800
[superpoint_node-2] [ERROR] [1768034188.090031332] [superpoint_node]: Errore pubblicazione keypoints 3D: could not assign tuple of length 3 to structure with 4 fields.
[superpoint_node-2] [INFO] [1768034188.185624020] [superpoint_node]: Keypoints estratti: 800
[superpoint_node-2] [ERROR] [1768034188.191382047] [superpoint_node]: Errore pubblicazione keypoints 3D: could not assign tuple of length 3 to structure with 4 fields.
[rtabmap-14] [INFO] [1768034188.227653910] [rtabmap]: rtabmap (1331): Rate=0.50s, Limit=0.001s, Conversion=0.0006s, RTAB-Map=0.0799s, Maps update=0.0003s pub=0.0009s delay=0.0967s (local map=4, WM=5)
[superpoint_node-2] [INFO] [1768034188.284303232] [superpoint_node]: Keypoints estratti: 800
[superpoint_node-2] [ERROR] [1768034188.289920054] [superpoint_node]: Errore pubblicazione keypoints 3D: could not assign tuple of length 3 to structure with 4 fields.
[superpoint_node-2] [INFO] [1768034188.382465977] [superpoint_node]: Keypoints estratti: 800
[superpoint_node-2] [ERROR] [1768034188.388221467] [superpoint_node]: Errore pubblicazione keypoints 3D: could not assign tuple of length 3 to structure with 4 fields.
[superpoint_node-2] [INFO] [1768034188.476520874] [superpoint_node]: Keypoints estratti: 800
[superpoint_node-2] [ERROR] [1768034188.482183567] [superpoint_node]: Errore pubblicazione keypoints 3D: could not assign tuple of length 3 to structure with 4 fields.
[superpoint_node-2] [INFO] [1768034188.579741271] [superpoint_node]: Keypoints estratti: 800
[superpoint_node-2] [ERROR] [1768034188.586081432] [superpoint_node]: Errore pubblicazione keypoints 3D: could not assign tuple of length 3 to structure with 4 fields.
[superpoint_node-2] [INFO] [1768034188.676756229] [superpoint_node]: Keypoints estratti: 800
[superpoint_node-2] [ERROR] [1768034188.683606376] [superpoint_node]: Errore pubblicazione keypoints 3D: could not assign tuple of length 3 to structure with 4 fields.
[superpoint_node-2] [INFO] [1768034188.775062197] [superpoint_node]: Keypoints estratti: 800
[superpoint_node-2] [ERROR] [1768034188.781095671] [superpoint_node]: Errore pubblicazione keypoints 3D: could not assign tuple of length 3 to structure with 4 fields.
[rtabmap-14] [INFO] [1768034188.838825965] [rtabmap]: rtabmap (1332): Rate=0.50s, Limit=0.001s, Conversion=0.0018s, RTAB-Map=0.0787s, Maps update=0.0070s pub=0.0024s delay=0.1152s (local map=4, WM=5)
[superpoint_node-2] [INFO] [1768034188.870512347] [superpoint_node]: Keypoints estratti: 800
[superpoint_node-2] [ERROR] [1768034188.876320356] [superpoint_node]: Errore pubblicazione keypoints 3D: could not assign tuple of length 3 to structure with 4 fields.
[superpoint_node-2] [INFO] [1768034188.964972710] [superpoint_node]: Keypoints estratti: 800
[superpoint_node-2] [ERROR] [1768034188.970545088] [superpoint_node]: Errore pubblicazione keypoints 3D: could not assign tuple of length 3 to structure with 4 fields.
[superpoint_node-2] [INFO] [1768034189.063692775] [superpoint_node]: Keypoints estratti: 800
[superpoint_node-2] [ERROR] [1768034189.069192392] [superpoint_node]: Errore pubblicazione keypoints 3D: could not assign tuple of length 3 to structure with 4 fields.
[superpoint_node-2] [INFO] [1768034189.163449440] [superpoint_node]: Keypoints estratti: 800
[superpoint_node-2] [ERROR] [1768034189.168811797] [superpoint_node]: Errore pubblicazione keypoints 3D: could not assign tuple of length 3 to structure with 4 fields.
[superpoint_node-2] [INFO] [1768034189.264199094] [superpoint_node]: Keypoints estratti: 800
[superpoint_node-2] [ERROR] [1768034189.269817658] [superpoint_node]: Errore pubblicazione keypoints 3D: could not assign tuple of length 3 to structure with 4 fields.
[superpoint_node-2] [INFO] [1768034189.360938680] [superpoint_node]: Keypoints estratti: 800
[superpoint_node-2] [ERROR] [1768034189.366870783] [superpoint_node]: Errore pubblicazione keypoints 3D: could not assign tuple of length 3 to structure with 4 fields.
[rtabmap-14] [INFO] [1768034189.452280574] [rtabmap]: rtabmap (1333): Rate=0.50s, Limit=0.001s, Conversion=0.0003s, RTAB-Map=0.0724s, Maps update=0.0005s pub=0.0008s delay=0.1408s (local map=4, WM=5)
[superpoint_node-2] [INFO] [1768034189.469982456] [superpoint_node]: Keypoints estratti: 800
[superpoint_node-2] [ERROR] [1768034189.476715639] [superpoint_node]: Errore pubblicazione keypoints 3D: could not assign tuple of length 3 to structure with 4 fields.
[superpoint_node-2] [INFO] [1768034189.567858125] [superpoint_node]: Keypoints estratti: 800
[superpoint_node-2] [ERROR] [1768034189.574149564] [superpoint_node]: Errore pubblicazione keypoints 3D: could not assign tuple of length 3 to structure with 4 fields.
[superpoint_node-2] [INFO] [1768034189.665395698] [superpoint_node]: Keypoints estratti: 800
[superpoint_node-2] [ERROR] [1768034189.670845205] [superpoint_node]: Errore pubblicazione keypoints 3D: could not assign tuple of length 3 to structure with 4 fields.
[superpoint_node-2] [INFO] [1768034189.764381857] [superpoint_node]: Keypoints estratti: 800
[superpoint_node-2] [ERROR] [1768034189.770364572] [superpoint_node]: Errore pubblicazione keypoints 3D: could not assign tuple of length 3 to structure with 4 fields.
[superpoint_node-2] [INFO] [1768034189.864716768] [superpoint_node]: Keypoints estratti: 800
[superpoint_node-2] [ERROR] [1768034189.870947280] [superpoint_node]: Errore pubblicazione keypoints 3D: could not assign tuple of length 3 to structure with 4 fields.
[superpoint_node-2] [INFO] [1768034189.964167745] [superpoint_node]: Keypoints estratti: 800
[superpoint_node-2] [ERROR] [1768034189.969709289] [superpoint_node]: Errore pubblicazione keypoints 3D: could not assign tuple of length 3 to structure with 4 fields.
[rtabmap-14] [INFO] [1768034190.054445039] [rtabmap]: rtabmap (1334): Rate=0.50s, Limit=0.001s, Conversion=0.0005s, RTAB-Map=0.0675s, Maps update=0.0053s pub=0.0022s delay=0.1423s (local map=4, WM=5)
[superpoint_node-2] [INFO] [1768034190.070439796] [superpoint_node]: Keypoints estratti: 800
[superpoint_node-2] [ERROR] [1768034190.076544955] [superpoint_node]: Errore pubblicazione keypoints 3D: could not assign tuple of length 3 to structure with 4 fields.
[superpoint_node-2] [INFO] [1768034190.169382658] [superpoint_node]: Keypoints estratti: 800
[superpoint_node-2] [ERROR] [1768034190.175695208] [superpoint_node]: Errore pubblicazione keypoints 3D: could not assign tuple of length 3 to structure with 4 fields.
[superpoint_node-2] [INFO] [1768034190.269238361] [superpoint_node]: Keypoints estratti: 800
[superpoint_node-2] [ERROR] [1768034190.275616949] [superpoint_node]: Errore pubblicazione keypoints 3D: could not assign tuple of length 3 to structure with 4 fields.
[superpoint_node-2] [INFO] [1768034190.370743040] [superpoint_node]: Keypoints estratti: 800
[superpoint_node-2] [ERROR] [1768034190.377050720] [superpoint_node]: Errore pubblicazione keypoints 3D: could not assign tuple of length 3 to structure with 4 fields.
[superpoint_node-2] [INFO] [1768034190.467475792] [superpoint_node]: Keypoints estratti: 800
[superpoint_node-2] [ERROR] [1768034190.473000133] [superpoint_node]: Errore pubblicazione keypoints 3D: could not assign tuple of length 3 to structure with 4 fields.
[rtabmap-14] [INFO] [1768034190.560801925] [rtabmap]: rtabmap (1335): Rate=0.50s, Limit=0.001s, Conversion=0.0006s, RTAB-Map=0.0754s, Maps update=0.0022s pub=0.0016s delay=0.1424s (local map=4, WM=5)
[superpoint_node-2] [INFO] [1768034190.569587180] [superpoint_node]: Keypoints estratti: 800
[superpoint_node-2] [ERROR] [1768034190.575461505] [superpoint_node]: Errore pubblicazione keypoints 3D: could not assign tuple of length 3 to structure with 4 fields.
[superpoint_node-2] [INFO] [1768034190.699973404] [superpoint_node]: Keypoints estratti: 800
[superpoint_node-2] [ERROR] [1768034190.705660542] [superpoint_node]: Errore pubblicazione keypoints 3D: could not assign tuple of length 3 to structure with 4 fields.
[superpoint_node-2] [INFO] [1768034190.794550750] [superpoint_node]: Keypoints estratti: 800
[superpoint_node-2] [ERROR] [1768034190.800536890] [superpoint_node]: Errore pubblicazione keypoints 3D: could not assign tuple of length 3 to structure with 4 fields.
[superpoint_node-2] [INFO] [1768034190.892338566] [superpoint_node]: Keypoints estratti: 800
[superpoint_node-2] [ERROR] [1768034190.897966111] [superpoint_node]: Errore pubblicazione keypoints 3D: could not assign tuple of length 3 to structure with 4 fields.
[superpoint_node-2] [INFO] [1768034190.989110856] [superpoint_node]: Keypoints estratti: 800
[superpoint_node-2] [ERROR] [1768034190.994847513] [superpoint_node]: Errore pubblicazione keypoints 3D: could not assign tuple of length 3 to structure with 4 fields.
[rtabmap-14] [INFO] [1768034191.068335302] [rtabmap]: rtabmap (1336): Rate=0.50s, Limit=0.001s, Conversion=0.0007s, RTAB-Map=0.0886s, Maps update=0.0021s pub=0.0012s delay=0.1285s (local map=4, WM=5)
[superpoint_node-2] [INFO] [1768034191.089998993] [superpoint_node]: Keypoints estratti: 800
[superpoint_node-2] [ERROR] [1768034191.095524926] [superpoint_node]: Errore pubblicazione keypoints 3D: could not assign tuple of length 3 to structure with 4 fields.
[superpoint_node-2] [INFO] [1768034191.184828378] [superpoint_node]: Keypoints estratti: 800
[superpoint_node-2] [ERROR] [1768034191.190543757] [superpoint_node]: Errore pubblicazione keypoints 3D: could not assign tuple of length 3 to structure with 4 fields.
[superpoint_node-2] [INFO] [1768034191.282803918] [superpoint_node]: Keypoints estratti: 800
[superpoint_node-2] [ERROR] [1768034191.288625520] [superpoint_node]: Errore pubblicazione keypoints 3D: could not assign tuple of length 3 to structure with 4 fields.
[superpoint_node-2] [INFO] [1768034191.383137903] [superpoint_node]: Keypoints estratti: 800
[superpoint_node-2] [ERROR] [1768034191.388661150] [superpoint_node]: Errore pubblicazione keypoints 3D: could not assign tuple of length 3 to structure with 4 fields.
[superpoint_node-2] [INFO] [1768034191.483534091] [superpoint_node]: Keypoints estratti: 800
[superpoint_node-2] [ERROR] [1768034191.489128932] [superpoint_node]: Errore pubblicazione keypoints 3D: could not assign tuple of length 3 to structure with 4 fields.
[superpoint_node-2] [INFO] [1768034191.585689128] [superpoint_node]: Keypoints estratti: 800
[superpoint_node-2] [ERROR] [1768034191.591451729] [superpoint_node]: Errore pubblicazione keypoints 3D: could not assign tuple of length 3 to structure with 4 fields.
[rtabmap-14] [INFO] [1768034191.643366532] [rtabmap]: rtabmap (1337): Rate=0.50s, Limit=0.001s, Conversion=0.0002s, RTAB-Map=0.0784s, Maps update=0.0075s pub=0.0017s delay=0.1140s (local map=4, WM=5)
[superpoint_node-2] [INFO] [1768034191.689581159] [superpoint_node]: Keypoints estratti: 800
[superpoint_node-2] [ERROR] [1768034191.695095814] [superpoint_node]: Errore pubblicazione keypoints 3D: could not assign tuple of length 3 to structure with 4 fields.
[superpoint_node-2] [INFO] [1768034191.784832196] [superpoint_node]: Keypoints estratti: 800
[superpoint_node-2] [ERROR] [1768034191.790392221] [superpoint_node]: Errore pubblicazione keypoints 3D: could not assign tuple of length 3 to structure with 4 fields.
[superpoint_node-2] [INFO] [1768034191.886981806] [superpoint_node]: Keypoints estratti: 800
[superpoint_node-2] [ERROR] [1768034191.892242977] [superpoint_node]: Errore pubblicazione keypoints 3D: could not assign tuple of length 3 to structure with 4 fields.
[superpoint_node-2] [INFO] [1768034191.985667222] [superpoint_node]: Keypoints estratti: 800
[superpoint_node-2] [ERROR] [1768034191.991742566] [superpoint_node]: Errore pubblicazione keypoints 3D: could not assign tuple of length 3 to structure with 4 fields.
[superpoint_node-2] [INFO] [1768034192.089604068] [superpoint_node]: Keypoints estratti: 800
[superpoint_node-2] [ERROR] [1768034192.096110009] [superpoint_node]: Errore pubblicazione keypoints 3D: could not assign tuple of length 3 to structure with 4 fields.
[rtabmap-14] [INFO] [1768034192.103745792] [rtabmap]: rtabmap (1338): Rate=0.50s, Limit=0.001s, Conversion=0.0003s, RTAB-Map=0.0519s, Maps update=0.0004s pub=0.0010s delay=0.0717s (local map=4, WM=5)
[superpoint_node-2] [INFO] [1768034192.192398424] [superpoint_node]: Keypoints estratti: 800
[superpoint_node-2] [ERROR] [1768034192.197798282] [superpoint_node]: Errore pubblicazione keypoints 3D: could not assign tuple of length 3 to structure with 4 fields.
[superpoint_node-2] [INFO] [1768034192.293868288] [superpoint_node]: Keypoints estratti: 800
[superpoint_node-2] [ERROR] [1768034192.299710872] [superpoint_node]: Errore pubblicazione keypoints 3D: could not assign tuple of length 3 to structure with 4 fields.
[superpoint_node-2] [INFO] [1768034192.388772508] [superpoint_node]: Keypoints estratti: 800
[superpoint_node-2] [ERROR] [1768034192.394130550] [superpoint_node]: Errore pubblicazione keypoints 3D: could not assign tuple of length 3 to structure with 4 fields.
[superpoint_node-2] [INFO] [1768034192.485809299] [superpoint_node]: Keypoints estratti: 800
[superpoint_node-2] [ERROR] [1768034192.491850088] [superpoint_node]: Errore pubblicazione keypoints 3D: could not assign tuple of length 3 to structure with 4 fields.
[superpoint_node-2] [INFO] [1768034192.586401119] [superpoint_node]: Keypoints estratti: 800
[superpoint_node-2] [ERROR] [1768034192.592699966] [superpoint_node]: Errore pubblicazione keypoints 3D: could not assign tuple of length 3 to structure with 4 fields.
[rtabmap-14] [INFO] [1768034192.595300394] [rtabmap]: rtabmap (1339): Rate=0.50s, Limit=0.001s, Conversion=0.0019s, RTAB-Map=0.0433s, Maps update=0.0003s pub=0.0010s delay=0.0623s (local map=4, WM=5)
[superpoint_node-2] [INFO] [1768034192.690268576] [superpoint_node]: Keypoints estratti: 800
[superpoint_node-2] [ERROR] [1768034192.696942074] [superpoint_node]: Errore pubblicazione keypoints 3D: could not assign tuple of length 3 to structure with 4 fields.
[superpoint_node-2] [INFO] [1768034192.789353347] [superpoint_node]: Keypoints estratti: 800
[superpoint_node-2] [ERROR] [1768034192.795115504] [superpoint_node]: Errore pubblicazione keypoints 3D: could not assign tuple of length 3 to structure with 4 fields.
[superpoint_node-2] [INFO] [1768034192.887709724] [superpoint_node]: Keypoints estratti: 800
[superpoint_node-2] [ERROR] [1768034192.893263231] [superpoint_node]: Errore pubblicazione keypoints 3D: could not assign tuple of length 3 to structure with 4 fields.
[superpoint_node-2] [INFO] [1768034192.986177045] [superpoint_node]: Keypoints estratti: 800
[superpoint_node-2] [ERROR] [1768034192.992458299] [superpoint_node]: Errore pubblicazione keypoints 3D: could not assign tuple of length 3 to structure with 4 fields.
[superpoint_node-2] [INFO] [1768034193.081844326] [superpoint_node]: Keypoints estratti: 800
[superpoint_node-2] [ERROR] [1768034193.087903652] [superpoint_node]: Errore pubblicazione keypoints 3D: could not assign tuple of length 3 to structure with 4 fields.
[superpoint_node-2] [INFO] [1768034193.190536859] [superpoint_node]: Keypoints estratti: 800
[superpoint_node-2] [ERROR] [1768034193.196285830] [superpoint_node]: Errore pubblicazione keypoints 3D: could not assign tuple of length 3 to structure with 4 fields.
[rtabmap-14] [INFO] [1768034193.204273042] [rtabmap]: rtabmap (1340): Rate=0.50s, Limit=0.001s, Conversion=0.0003s, RTAB-Map=0.0522s, Maps update=0.0045s pub=0.0011s delay=0.0745s (local map=4, WM=5)
[superpoint_node-2] [INFO] [1768034193.290264338] [superpoint_node]: Keypoints estratti: 800
[superpoint_node-2] [ERROR] [1768034193.295739308] [superpoint_node]: Errore pubblicazione keypoints 3D: could not assign tuple of length 3 to structure with 4 fields.
[superpoint_node-2] [INFO] [1768034193.383162579] [superpoint_node]: Keypoints estratti: 800
[superpoint_node-2] [ERROR] [1768034193.388504436] [superpoint_node]: Errore pubblicazione keypoints 3D: could not assign tuple of length 3 to structure with 4 fields.
[superpoint_node-2] [INFO] [1768034193.480444076] [superpoint_node]: Keypoints estratti: 800
[superpoint_node-2] [ERROR] [1768034193.485889971] [superpoint_node]: Errore pubblicazione keypoints 3D: could not assign tuple of length 3 to structure with 4 fields.
[superpoint_node-2] [INFO] [1768034193.580258112] [superpoint_node]: Keypoints estratti: 800
[superpoint_node-2] [ERROR] [1768034193.586918239] [superpoint_node]: Errore pubblicazione keypoints 3D: could not assign tuple of length 3 to structure with 4 fields.
[superpoint_node-2] [INFO] [1768034193.683424823] [superpoint_node]: Keypoints estratti: 800
[superpoint_node-2] [ERROR] [1768034193.689074016] [superpoint_node]: Errore pubblicazione keypoints 3D: could not assign tuple of length 3 to structure with 4 fields.
[superpoint_node-2] [INFO] [1768034193.791051791] [superpoint_node]: Keypoints estratti: 800
[superpoint_node-2] [ERROR] [1768034193.796748966] [superpoint_node]: Errore pubblicazione keypoints 3D: could not assign tuple of length 3 to structure with 4 fields.
[rtabmap-14] [INFO] [1768034193.869531157] [rtabmap]: rtabmap (1341): Rate=0.50s, Limit=0.001s, Conversion=0.0006s, RTAB-Map=0.0850s, Maps update=0.0008s pub=0.0052s delay=0.1323s (local map=4, WM=5)
[superpoint_node-2] [INFO] [1768034193.928762407] [superpoint_node]: Keypoints estratti: 800
[superpoint_node-2] [ERROR] [1768034193.934317025] [superpoint_node]: Errore pubblicazione keypoints 3D: could not assign tuple of length 3 to structure with 4 fields.
[superpoint_node-2] [INFO] [1768034194.028061180] [superpoint_node]: Keypoints estratti: 800
[superpoint_node-2] [ERROR] [1768034194.034032616] [superpoint_node]: Errore pubblicazione keypoints 3D: could not assign tuple of length 3 to structure with 4 fields.
[superpoint_node-2] [INFO] [1768034194.128193570] [superpoint_node]: Keypoints estratti: 800
[superpoint_node-2] [ERROR] [1768034194.134266767] [superpoint_node]: Errore pubblicazione keypoints 3D: could not assign tuple of length 3 to structure with 4 fields.
[superpoint_node-2] [INFO] [1768034194.229097041] [superpoint_node]: Keypoints estratti: 800
[superpoint_node-2] [ERROR] [1768034194.234504621] [superpoint_node]: Errore pubblicazione keypoints 3D: could not assign tuple of length 3 to structure with 4 fields.
[superpoint_node-2] [INFO] [1768034194.326063480] [superpoint_node]: Keypoints estratti: 800
[superpoint_node-2] [ERROR] [1768034194.331561209] [superpoint_node]: Errore pubblicazione keypoints 3D: could not assign tuple of length 3 to structure with 4 fields.
[rtabmap-14] [INFO] [1768034194.416047512] [rtabmap]: rtabmap (1342): Rate=0.50s, Limit=0.001s, Conversion=0.0007s, RTAB-Map=0.0695s, Maps update=0.0005s pub=0.0010s delay=0.1382s (local map=4, WM=5)
[superpoint_node-2] [INFO] [1768034194.427512270] [superpoint_node]: Keypoints estratti: 800
[superpoint_node-2] [ERROR] [1768034194.433263001] [superpoint_node]: Errore pubblicazione keypoints 3D: could not assign tuple of length 3 to structure with 4 fields.
[superpoint_node-2] [INFO] [1768034194.528307332] [superpoint_node]: Keypoints estratti: 800
[superpoint_node-2] [ERROR] [1768034194.534040656] [superpoint_node]: Errore pubblicazione keypoints 3D: could not assign tuple of length 3 to structure with 4 fields.
[superpoint_node-2] [INFO] [1768034194.626688598] [superpoint_node]: Keypoints estratti: 800
[superpoint_node-2] [ERROR] [1768034194.632170326] [superpoint_node]: Errore pubblicazione keypoints 3D: could not assign tuple of length 3 to structure with 4 fields.
[superpoint_node-2] [INFO] [1768034194.726434578] [superpoint_node]: Keypoints estratti: 800
[superpoint_node-2] [ERROR] [1768034194.732294069] [superpoint_node]: Errore pubblicazione keypoints 3D: could not assign tuple of length 3 to structure with 4 fields.
[superpoint_node-2] [INFO] [1768034194.827640828] [superpoint_node]: Keypoints estratti: 800
[superpoint_node-2] [ERROR] [1768034194.833002982] [superpoint_node]: Errore pubblicazione keypoints 3D: could not assign tuple of length 3 to structure with 4 fields.
[superpoint_node-2] [INFO] [1768034194.927412679] [superpoint_node]: Keypoints estratti: 800
[superpoint_node-2] [ERROR] [1768034194.933090261] [superpoint_node]: Errore pubblicazione keypoints 3D: could not assign tuple of length 3 to structure with 4 fields.
[rtabmap-14] [INFO] [1768034194.956877969] [rtabmap]: rtabmap (1343): Rate=0.50s, Limit=0.001s, Conversion=0.0003s, RTAB-Map=0.0413s, Maps update=0.0023s pub=0.0012s delay=0.0809s (local map=4, WM=5)
[superpoint_node-2] [INFO] [1768034195.026575821] [superpoint_node]: Keypoints estratti: 800
[superpoint_node-2] [ERROR] [1768034195.032008512] [superpoint_node]: Errore pubblicazione keypoints 3D: could not assign tuple of length 3 to structure with 4 fields.
[superpoint_node-2] [INFO] [1768034195.123610779] [superpoint_node]: Keypoints estratti: 800
[superpoint_node-2] [ERROR] [1768034195.128922433] [superpoint_node]: Errore pubblicazione keypoints 3D: could not assign tuple of length 3 to structure with 4 fields.
[superpoint_node-2] [INFO] [1768034195.219728952] [superpoint_node]: Keypoints estratti: 800
[superpoint_node-2] [ERROR] [1768034195.225210607] [superpoint_node]: Errore pubblicazione keypoints 3D: could not assign tuple of length 3 to structure with 4 fields.
[superpoint_node-2] [INFO] [1768034195.318190644] [superpoint_node]: Keypoints estratti: 800
[superpoint_node-2] [ERROR] [1768034195.323737059] [superpoint_node]: Errore pubblicazione keypoints 3D: could not assign tuple of length 3 to structure with 4 fields.
[superpoint_node-2] [INFO] [1768034195.418979096] [superpoint_node]: Keypoints estratti: 800
[superpoint_node-2] [ERROR] [1768034195.424904421] [superpoint_node]: Errore pubblicazione keypoints 3D: could not assign tuple of length 3 to structure with 4 fields.
[superpoint_node-2] [INFO] [1768034195.519521860] [superpoint_node]: Keypoints estratti: 800
[superpoint_node-2] [ERROR] [1768034195.525358184] [superpoint_node]: Errore pubblicazione keypoints 3D: could not assign tuple of length 3 to structure with 4 fields.
[rtabmap-14] [INFO] [1768034195.600602839] [rtabmap]: rtabmap (1344): Rate=0.50s, Limit=0.001s, Conversion=0.0005s, RTAB-Map=0.0744s, Maps update=0.0025s pub=0.0013s delay=0.1312s (local map=4, WM=5)
[superpoint_node-2] [INFO] [1768034195.625243406] [superpoint_node]: Keypoints estratti: 800
[superpoint_node-2] [ERROR] [1768034195.630680486] [superpoint_node]: Errore pubblicazione keypoints 3D: could not assign tuple of length 3 to structure with 4 fields.
[superpoint_node-2] [INFO] [1768034195.722536459] [superpoint_node]: Keypoints estratti: 800
[superpoint_node-2] [ERROR] [1768034195.728245300] [superpoint_node]: Errore pubblicazione keypoints 3D: could not assign tuple of length 3 to structure with 4 fields.
[superpoint_node-2] [INFO] [1768034195.823839432] [superpoint_node]: Keypoints estratti: 800
[superpoint_node-2] [ERROR] [1768034195.829536626] [superpoint_node]: Errore pubblicazione keypoints 3D: could not assign tuple of length 3 to structure with 4 fields.
[superpoint_node-2] [INFO] [1768034195.920034866] [superpoint_node]: Keypoints estratti: 800
[superpoint_node-2] [ERROR] [1768034195.926436435] [superpoint_node]: Errore pubblicazione keypoints 3D: could not assign tuple of length 3 to structure with 4 fields.
[superpoint_node-2] [INFO] [1768034196.023712784] [superpoint_node]: Keypoints estratti: 800
[superpoint_node-2] [ERROR] [1768034196.030112465] [superpoint_node]: Errore pubblicazione keypoints 3D: could not assign tuple of length 3 to structure with 4 fields.
[rtabmap-14] [INFO] [1768034196.092794890] [rtabmap]: rtabmap (1345): Rate=0.50s, Limit=0.001s, Conversion=0.0002s, RTAB-Map=0.0710s, Maps update=0.0112s pub=0.0008s delay=0.1232s (local map=4, WM=5)
[superpoint_node-2] [INFO] [1768034196.122275551] [superpoint_node]: Keypoints estratti: 800
[superpoint_node-2] [ERROR] [1768034196.127708946] [superpoint_node]: Errore pubblicazione keypoints 3D: could not assign tuple of length 3 to structure with 4 fields.
[superpoint_node-2] [INFO] [1768034196.220391018] [superpoint_node]: Keypoints estratti: 800
[superpoint_node-2] [ERROR] [1768034196.226059045] [superpoint_node]: Errore pubblicazione keypoints 3D: could not assign tuple of length 3 to structure with 4 fields.
[superpoint_node-2] [INFO] [1768034196.321541083] [superpoint_node]: Keypoints estratti: 800
[superpoint_node-2] [ERROR] [1768034196.326900793] [superpoint_node]: Errore pubblicazione keypoints 3D: could not assign tuple of length 3 to structure with 4 fields.
[superpoint_node-2] [INFO] [1768034196.425740339] [superpoint_node]: Keypoints estratti: 800
[superpoint_node-2] [ERROR] [1768034196.431456959] [superpoint_node]: Errore pubblicazione keypoints 3D: could not assign tuple of length 3 to structure with 4 fields.
[superpoint_node-2] [INFO] [1768034196.526387901] [superpoint_node]: Keypoints estratti: 800
[superpoint_node-2] [ERROR] [1768034196.532307429] [superpoint_node]: Errore pubblicazione keypoints 3D: could not assign tuple of length 3 to structure with 4 fields.
[rtabmap-14] [INFO] [1768034196.602014540] [rtabmap]: rtabmap (1346): Rate=0.50s, Limit=0.001s, Conversion=0.0003s, RTAB-Map=0.0892s, Maps update=0.0005s pub=0.0010s delay=0.1279s (local map=4, WM=5)
[superpoint_node-2] [INFO] [1768034196.630679398] [superpoint_node]: Keypoints estratti: 800
[superpoint_node-2] [ERROR] [1768034196.636156127] [superpoint_node]: Errore pubblicazione keypoints 3D: could not assign tuple of length 3 to structure with 4 fields.
[superpoint_node-2] [INFO] [1768034196.726420272] [superpoint_node]: Keypoints estratti: 800
[superpoint_node-2] [ERROR] [1768034196.732000354] [superpoint_node]: Errore pubblicazione keypoints 3D: could not assign tuple of length 3 to structure with 4 fields.
[superpoint_node-2] [INFO] [1768034196.823064394] [superpoint_node]: Keypoints estratti: 800
[superpoint_node-2] [ERROR] [1768034196.828581827] [superpoint_node]: Errore pubblicazione keypoints 3D: could not assign tuple of length 3 to structure with 4 fields.
[superpoint_node-2] [INFO] [1768034196.915543094] [superpoint_node]: Keypoints estratti: 800
[superpoint_node-2] [ERROR] [1768034196.921446956] [superpoint_node]: Errore pubblicazione keypoints 3D: could not assign tuple of length 3 to structure with 4 fields.
[superpoint_node-2] [INFO] [1768034197.020901970] [superpoint_node]: Keypoints estratti: 800
[superpoint_node-2] [ERROR] [1768034197.026290217] [superpoint_node]: Errore pubblicazione keypoints 3D: could not assign tuple of length 3 to structure with 4 fields.
[superpoint_node-2] [INFO] [1768034197.118764083] [superpoint_node]: Keypoints estratti: 800
[superpoint_node-2] [ERROR] [1768034197.125438248] [superpoint_node]: Errore pubblicazione keypoints 3D: could not assign tuple of length 3 to structure with 4 fields.
[rtabmap-14] [INFO] [1768034197.202549695] [rtabmap]: rtabmap (1347): Rate=0.50s, Limit=0.001s, Conversion=0.0003s, RTAB-Map=0.0779s, Maps update=0.0037s pub=0.0021s delay=0.1331s (local map=4, WM=5)
[superpoint_node-2] [INFO] [1768034197.224264202] [superpoint_node]: Keypoints estratti: 800
[superpoint_node-2] [ERROR] [1768034197.229825042] [superpoint_node]: Errore pubblicazione keypoints 3D: could not assign tuple of length 3 to structure with 4 fields.
[superpoint_node-2] [INFO] [1768034197.324652576] [superpoint_node]: Keypoints estratti: 800
[superpoint_node-2] [ERROR] [1768034197.330146397] [superpoint_node]: Errore pubblicazione keypoints 3D: could not assign tuple of length 3 to structure with 4 fields.
[superpoint_node-2] [INFO] [1768034197.422831617] [superpoint_node]: Keypoints estratti: 800
[superpoint_node-2] [ERROR] [1768034197.428740738] [superpoint_node]: Errore pubblicazione keypoints 3D: could not assign tuple of length 3 to structure with 4 fields.
[superpoint_node-2] [INFO] [1768034197.520431580] [superpoint_node]: Keypoints estratti: 800
[superpoint_node-2] [ERROR] [1768034197.525986550] [superpoint_node]: Errore pubblicazione keypoints 3D: could not assign tuple of length 3 to structure with 4 fields.
[superpoint_node-2] [INFO] [1768034197.624035424] [superpoint_node]: Keypoints estratti: 800
[superpoint_node-2] [ERROR] [1768034197.629507912] [superpoint_node]: Errore pubblicazione keypoints 3D: could not assign tuple of length 3 to structure with 4 fields.
[superpoint_node-2] [INFO] [1768034197.723551365] [superpoint_node]: Keypoints estratti: 800
[superpoint_node-2] [ERROR] [1768034197.729238411] [superpoint_node]: Errore pubblicazione keypoints 3D: could not assign tuple of length 3 to structure with 4 fields.
[rtabmap-14] [INFO] [1768034197.794761877] [rtabmap]: rtabmap (1348): Rate=0.50s, Limit=0.001s, Conversion=0.0004s, RTAB-Map=0.0784s, Maps update=0.0044s pub=0.0027s delay=0.1229s (local map=4, WM=5)
[superpoint_node-2] [INFO] [1768034197.864252320] [superpoint_node]: Keypoints estratti: 800
[superpoint_node-2] [ERROR] [1768034197.869662992] [superpoint_node]: Errore pubblicazione keypoints 3D: could not assign tuple of length 3 to structure with 4 fields.
[superpoint_node-2] [INFO] [1768034197.959420374] [superpoint_node]: Keypoints estratti: 800
[superpoint_node-2] [ERROR] [1768034197.965112327] [superpoint_node]: Errore pubblicazione keypoints 3D: could not assign tuple of length 3 to structure with 4 fields.
[superpoint_node-2] [INFO] [1768034198.055533010] [superpoint_node]: Keypoints estratti: 800
[superpoint_node-2] [ERROR] [1768034198.061587651] [superpoint_node]: Errore pubblicazione keypoints 3D: could not assign tuple of length 3 to structure with 4 fields.
[superpoint_node-2] [INFO] [1768034198.151001919] [superpoint_node]: Keypoints estratti: 800
[superpoint_node-2] [ERROR] [1768034198.156525204] [superpoint_node]: Errore pubblicazione keypoints 3D: could not assign tuple of length 3 to structure with 4 fields.
[superpoint_node-2] [INFO] [1768034198.255286621] [superpoint_node]: Keypoints estratti: 800
[superpoint_node-2] [ERROR] [1768034198.262551086] [superpoint_node]: Errore pubblicazione keypoints 3D: could not assign tuple of length 3 to structure with 4 fields.
[rtabmap-14] [INFO] [1768034198.262641346] [rtabmap]: rtabmap (1349): Rate=0.50s, Limit=0.001s, Conversion=0.0002s, RTAB-Map=0.0434s, Maps update=0.0029s pub=0.0012s delay=0.0657s (local map=4, WM=5)
[superpoint_node-2] [INFO] [1768034198.354564319] [superpoint_node]: Keypoints estratti: 800
[superpoint_node-2] [ERROR] [1768034198.361428374] [superpoint_node]: Errore pubblicazione keypoints 3D: could not assign tuple of length 3 to structure with 4 fields.
[superpoint_node-2] [INFO] [1768034198.461109779] [superpoint_node]: Keypoints estratti: 800
[superpoint_node-2] [ERROR] [1768034198.467523756] [superpoint_node]: Errore pubblicazione keypoints 3D: could not assign tuple of length 3 to structure with 4 fields.
[superpoint_node-2] [INFO] [1768034198.558328739] [superpoint_node]: Keypoints estratti: 800
[superpoint_node-2] [ERROR] [1768034198.564588807] [superpoint_node]: Errore pubblicazione keypoints 3D: could not assign tuple of length 3 to structure with 4 fields.
[superpoint_node-2] [INFO] [1768034198.655950609] [superpoint_node]: Keypoints estratti: 800
[superpoint_node-2] [ERROR] [1768034198.661931694] [superpoint_node]: Errore pubblicazione keypoints 3D: could not assign tuple of length 3 to structure with 4 fields.
[superpoint_node-2] [INFO] [1768034198.751205720] [superpoint_node]: Keypoints estratti: 800
[superpoint_node-2] [ERROR] [1768034198.757002692] [superpoint_node]: Errore pubblicazione keypoints 3D: could not assign tuple of length 3 to structure with 4 fields.
[rtabmap-14] [INFO] [1768034198.828147463] [rtabmap]: rtabmap (1350): Rate=0.50s, Limit=0.001s, Conversion=0.0007s, RTAB-Map=0.0737s, Maps update=0.0013s pub=0.0022s delay=0.1258s (local map=4, WM=5)
[superpoint_node-2] [INFO] [1768034198.851183980] [superpoint_node]: Keypoints estratti: 800
[superpoint_node-2] [ERROR] [1768034198.856847914] [superpoint_node]: Errore pubblicazione keypoints 3D: could not assign tuple of length 3 to structure with 4 fields.
[superpoint_node-2] [INFO] [1768034198.950293418] [superpoint_node]: Keypoints estratti: 800
[superpoint_node-2] [ERROR] [1768034198.955925555] [superpoint_node]: Errore pubblicazione keypoints 3D: could not assign tuple of length 3 to structure with 4 fields.
[superpoint_node-2] [INFO] [1768034199.049417911] [superpoint_node]: Keypoints estratti: 800
[superpoint_node-2] [ERROR] [1768034199.055976112] [superpoint_node]: Errore pubblicazione keypoints 3D: could not assign tuple of length 3 to structure with 4 fields.
[superpoint_node-2] [INFO] [1768034199.148959982] [superpoint_node]: Keypoints estratti: 800
[superpoint_node-2] [ERROR] [1768034199.155062734] [superpoint_node]: Errore pubblicazione keypoints 3D: could not assign tuple of length 3 to structure with 4 fields.
[superpoint_node-2] [INFO] [1768034199.251242408] [superpoint_node]: Keypoints estratti: 800
[superpoint_node-2] [ERROR] [1768034199.256513043] [superpoint_node]: Errore pubblicazione keypoints 3D: could not assign tuple of length 3 to structure with 4 fields.
[superpoint_node-2] [INFO] [1768034199.358793117] [superpoint_node]: Keypoints estratti: 800
[superpoint_node-2] [ERROR] [1768034199.365689783] [superpoint_node]: Errore pubblicazione keypoints 3D: could not assign tuple of length 3 to structure with 4 fields.
[rtabmap-14] [INFO] [1768034199.368445583] [rtabmap]: rtabmap (1351): Rate=0.50s, Limit=0.001s, Conversion=0.0002s, RTAB-Map=0.0465s, Maps update=0.0005s pub=0.0011s delay=0.0690s (local map=4, WM=5)
[superpoint_node-2] [INFO] [1768034199.460690021] [superpoint_node]: Keypoints estratti: 800
[superpoint_node-2] [ERROR] [1768034199.466674199] [superpoint_node]: Errore pubblicazione keypoints 3D: could not assign tuple of length 3 to structure with 4 fields.
[superpoint_node-2] [INFO] [1768034199.558636265] [superpoint_node]: Keypoints estratti: 800
[superpoint_node-2] [ERROR] [1768034199.564150216] [superpoint_node]: Errore pubblicazione keypoints 3D: could not assign tuple of length 3 to structure with 4 fields.
[superpoint_node-2] [INFO] [1768034199.653858727] [superpoint_node]: Keypoints estratti: 800
[superpoint_node-2] [ERROR] [1768034199.659426957] [superpoint_node]: Errore pubblicazione keypoints 3D: could not assign tuple of length 3 to structure with 4 fields.
[superpoint_node-2] [INFO] [1768034199.749500434] [superpoint_node]: Keypoints estratti: 800
[superpoint_node-2] [ERROR] [1768034199.754947866] [superpoint_node]: Errore pubblicazione keypoints 3D: could not assign tuple of length 3 to structure with 4 fields.
[superpoint_node-2] [INFO] [1768034199.846846728] [superpoint_node]: Keypoints estratti: 800
[superpoint_node-2] [ERROR] [1768034199.852943295] [superpoint_node]: Errore pubblicazione keypoints 3D: could not assign tuple of length 3 to structure with 4 fields.
[superpoint_node-2] [INFO] [1768034199.948173869] [superpoint_node]: Keypoints estratti: 800
[superpoint_node-2] [ERROR] [1768034199.954050082] [superpoint_node]: Errore pubblicazione keypoints 3D: could not assign tuple of length 3 to structure with 4 fields.
[rtabmap-14] [INFO] [1768034200.028612528] [rtabmap]: rtabmap (1352): Rate=0.50s, Limit=0.001s, Conversion=0.0004s, RTAB-Map=0.0754s, Maps update=0.0031s pub=0.0015s delay=0.1310s (local map=4, WM=5)
[superpoint_node-2] [INFO] [1768034200.053400615] [superpoint_node]: Keypoints estratti: 800
[superpoint_node-2] [ERROR] [1768034200.059008770] [superpoint_node]: Errore pubblicazione keypoints 3D: could not assign tuple of length 3 to structure with 4 fields.
[superpoint_node-2] [INFO] [1768034200.152115642] [superpoint_node]: Keypoints estratti: 800
[superpoint_node-2] [ERROR] [1768034200.157769280] [superpoint_node]: Errore pubblicazione keypoints 3D: could not assign tuple of length 3 to structure with 4 fields.
[superpoint_node-2] [INFO] [1768034200.250376869] [superpoint_node]: Keypoints estratti: 800
[superpoint_node-2] [ERROR] [1768034200.256626956] [superpoint_node]: Errore pubblicazione keypoints 3D: could not assign tuple of length 3 to structure with 4 fields.
[superpoint_node-2] [INFO] [1768034200.352115198] [superpoint_node]: Keypoints estratti: 800
[superpoint_node-2] [ERROR] [1768034200.358364026] [superpoint_node]: Errore pubblicazione keypoints 3D: could not assign tuple of length 3 to structure with 4 fields.
[superpoint_node-2] [INFO] [1768034200.449653920] [superpoint_node]: Keypoints estratti: 800
[superpoint_node-2] [ERROR] [1768034200.455425725] [superpoint_node]: Errore pubblicazione keypoints 3D: could not assign tuple of length 3 to structure with 4 fields.
[rtabmap-14] [INFO] [1768034200.537938253] [rtabmap]: rtabmap (1353): Rate=0.50s, Limit=0.001s, Conversion=0.0002s, RTAB-Map=0.0850s, Maps update=0.0016s pub=0.0020s delay=0.1389s (local map=4, WM=5)
[superpoint_node-2] [INFO] [1768034200.551475824] [superpoint_node]: Keypoints estratti: 800
[superpoint_node-2] [ERROR] [1768034200.557285055] [superpoint_node]: Errore pubblicazione keypoints 3D: could not assign tuple of length 3 to structure with 4 fields.
[superpoint_node-2] [INFO] [1768034200.647960019] [superpoint_node]: Keypoints estratti: 800
[superpoint_node-2] [ERROR] [1768034200.653431618] [superpoint_node]: Errore pubblicazione keypoints 3D: could not assign tuple of length 3 to structure with 4 fields.
[superpoint_node-2] [INFO] [1768034200.748385671] [superpoint_node]: Keypoints estratti: 800
[superpoint_node-2] [ERROR] [1768034200.754150346] [superpoint_node]: Errore pubblicazione keypoints 3D: could not assign tuple of length 3 to structure with 4 fields.
[superpoint_node-2] [INFO] [1768034200.844569122] [superpoint_node]: Keypoints estratti: 800
[superpoint_node-2] [ERROR] [1768034200.850857247] [superpoint_node]: Errore pubblicazione keypoints 3D: could not assign tuple of length 3 to structure with 4 fields.
[superpoint_node-2] [INFO] [1768034200.948456172] [superpoint_node]: Keypoints estratti: 800
[superpoint_node-2] [ERROR] [1768034200.954168181] [superpoint_node]: Errore pubblicazione keypoints 3D: could not assign tuple of length 3 to structure with 4 fields.
[superpoint_node-2] [INFO] [1768034201.040719296] [superpoint_node]: Keypoints estratti: 800
[superpoint_node-2] [ERROR] [1768034201.046973494] [superpoint_node]: Errore pubblicazione keypoints 3D: could not assign tuple of length 3 to structure with 4 fields.
[rtabmap-14] [INFO] [1768034201.122040278] [rtabmap]: rtabmap (1354): Rate=0.50s, Limit=0.001s, Conversion=0.0002s, RTAB-Map=0.0732s, Maps update=0.0022s pub=0.0020s delay=0.1276s (local map=4, WM=5)
[superpoint_node-2] [INFO] [1768034201.151988924] [superpoint_node]: Keypoints estratti: 800
[superpoint_node-2] [ERROR] [1768034201.157655932] [superpoint_node]: Errore pubblicazione keypoints 3D: could not assign tuple of length 3 to structure with 4 fields.
[superpoint_node-2] [INFO] [1768034201.250028705] [superpoint_node]: Keypoints estratti: 800
[superpoint_node-2] [ERROR] [1768034201.255667713] [superpoint_node]: Errore pubblicazione keypoints 3D: could not assign tuple of length 3 to structure with 4 fields.
[superpoint_node-2] [INFO] [1768034201.346308268] [superpoint_node]: Keypoints estratti: 800
[superpoint_node-2] [ERROR] [1768034201.353087674] [superpoint_node]: Errore pubblicazione keypoints 3D: could not assign tuple of length 3 to structure with 4 fields.
[superpoint_node-2] [INFO] [1768034201.445900155] [superpoint_node]: Keypoints estratti: 800
[superpoint_node-2] [ERROR] [1768034201.452319372] [superpoint_node]: Errore pubblicazione keypoints 3D: could not assign tuple of length 3 to structure with 4 fields.
[superpoint_node-2] [INFO] [1768034201.545036870] [superpoint_node]: Keypoints estratti: 800
[superpoint_node-2] [ERROR] [1768034201.551357643] [superpoint_node]: Errore pubblicazione keypoints 3D: could not assign tuple of length 3 to structure with 4 fields.
[rtabmap-14] [INFO] [1768034201.624676894] [rtabmap]: rtabmap (1355): Rate=0.50s, Limit=0.001s, Conversion=0.0002s, RTAB-Map=0.0666s, Maps update=0.0028s pub=0.0015s delay=0.1300s (local map=4, WM=5)
[superpoint_node-2] [INFO] [1768034201.651882648] [superpoint_node]: Keypoints estratti: 800
[superpoint_node-2] [ERROR] [1768034201.657417284] [superpoint_node]: Errore pubblicazione keypoints 3D: could not assign tuple of length 3 to structure with 4 fields.
[superpoint_node-2] [INFO] [1768034201.769526974] [superpoint_node]: Keypoints estratti: 800
[superpoint_node-2] [ERROR] [1768034201.775840043] [superpoint_node]: Errore pubblicazione keypoints 3D: could not assign tuple of length 3 to structure with 4 fields.
[superpoint_node-2] [INFO] [1768034201.871600732] [superpoint_node]: Keypoints estratti: 800
[superpoint_node-2] [ERROR] [1768034201.877647373] [superpoint_node]: Errore pubblicazione keypoints 3D: could not assign tuple of length 3 to structure with 4 fields.
[superpoint_node-2] [INFO] [1768034201.971148358] [superpoint_node]: Keypoints estratti: 800
[superpoint_node-2] [ERROR] [1768034201.977869819] [superpoint_node]: Errore pubblicazione keypoints 3D: could not assign tuple of length 3 to structure with 4 fields.
[superpoint_node-2] [INFO] [1768034202.069334770] [superpoint_node]: Keypoints estratti: 800
[superpoint_node-2] [ERROR] [1768034202.075509949] [superpoint_node]: Errore pubblicazione keypoints 3D: could not assign tuple of length 3 to structure with 4 fields.
[rtabmap-14] [INFO] [1768034202.140846785] [rtabmap]: rtabmap (1356): Rate=0.50s, Limit=0.001s, Conversion=0.0018s, RTAB-Map=0.0743s, Maps update=0.0104s pub=0.0011s delay=0.1224s (local map=4, WM=5)
[superpoint_node-2] [INFO] [1768034202.181551887] [superpoint_node]: Keypoints estratti: 800
[superpoint_node-2] [ERROR] [1768034202.189131540] [superpoint_node]: Errore pubblicazione keypoints 3D: could not assign tuple of length 3 to structure with 4 fields.
[superpoint_node-2] [INFO] [1768034202.280441860] [superpoint_node]: Keypoints estratti: 800
[superpoint_node-2] [ERROR] [1768034202.285823681] [superpoint_node]: Errore pubblicazione keypoints 3D: could not assign tuple of length 3 to structure with 4 fields.
[superpoint_node-2] [INFO] [1768034202.377545615] [superpoint_node]: Keypoints estratti: 800
[superpoint_node-2] [ERROR] [1768034202.383512311] [superpoint_node]: Errore pubblicazione keypoints 3D: could not assign tuple of length 3 to structure with 4 fields.
[superpoint_node-2] [INFO] [1768034202.475179800] [superpoint_node]: Keypoints estratti: 800
[superpoint_node-2] [ERROR] [1768034202.481014384] [superpoint_node]: Errore pubblicazione keypoints 3D: could not assign tuple of length 3 to structure with 4 fields.
[superpoint_node-2] [INFO] [1768034202.578621365] [superpoint_node]: Keypoints estratti: 800
[superpoint_node-2] [ERROR] [1768034202.585693829] [superpoint_node]: Errore pubblicazione keypoints 3D: could not assign tuple of length 3 to structure with 4 fields.
[rtabmap-14] [INFO] [1768034202.638260933] [rtabmap]: rtabmap (1357): Rate=0.50s, Limit=0.001s, Conversion=0.0002s, RTAB-Map=0.0846s, Maps update=0.0047s pub=0.0049s delay=0.1156s (local map=4, WM=5)
[superpoint_node-2] [INFO] [1768034202.684929657] [superpoint_node]: Keypoints estratti: 800
[superpoint_node-2] [ERROR] [1768034202.690593295] [superpoint_node]: Errore pubblicazione keypoints 3D: could not assign tuple of length 3 to structure with 4 fields.
[superpoint_node-2] [INFO] [1768034202.782003134] [superpoint_node]: Keypoints estratti: 800
[superpoint_node-2] [ERROR] [1768034202.788088164] [superpoint_node]: Errore pubblicazione keypoints 3D: could not assign tuple of length 3 to structure with 4 fields.
[superpoint_node-2] [INFO] [1768034202.879009537] [superpoint_node]: Keypoints estratti: 800
[superpoint_node-2] [ERROR] [1768034202.884726508] [superpoint_node]: Errore pubblicazione keypoints 3D: could not assign tuple of length 3 to structure with 4 fields.
[superpoint_node-2] [INFO] [1768034202.977088022] [superpoint_node]: Keypoints estratti: 800
[superpoint_node-2] [ERROR] [1768034202.983071033] [superpoint_node]: Errore pubblicazione keypoints 3D: could not assign tuple of length 3 to structure with 4 fields.
[superpoint_node-2] [INFO] [1768034203.072991360] [superpoint_node]: Keypoints estratti: 800
[superpoint_node-2] [ERROR] [1768034203.079245910] [superpoint_node]: Errore pubblicazione keypoints 3D: could not assign tuple of length 3 to structure with 4 fields.
[rtabmap-14] [INFO] [1768034203.092239643] [rtabmap]: rtabmap (1358): Rate=0.50s, Limit=0.001s, Conversion=0.0002s, RTAB-Map=0.0438s, Maps update=0.0005s pub=0.0009s delay=0.0687s (local map=4, WM=5)
[superpoint_node-2] [INFO] [1768034203.170120671] [superpoint_node]: Keypoints estratti: 800
[superpoint_node-2] [ERROR] [1768034203.177290117] [superpoint_node]: Errore pubblicazione keypoints 3D: could not assign tuple of length 3 to structure with 4 fields.
[superpoint_node-2] [INFO] [1768034203.268537937] [superpoint_node]: Keypoints estratti: 800
[superpoint_node-2] [ERROR] [1768034203.274266242] [superpoint_node]: Errore pubblicazione keypoints 3D: could not assign tuple of length 3 to structure with 4 fields.
[superpoint_node-2] [INFO] [1768034203.364642999] [superpoint_node]: Keypoints estratti: 800
[superpoint_node-2] [ERROR] [1768034203.370400563] [superpoint_node]: Errore pubblicazione keypoints 3D: could not assign tuple of length 3 to structure with 4 fields.
[superpoint_node-2] [INFO] [1768034203.467686672] [superpoint_node]: Keypoints estratti: 800
[superpoint_node-2] [ERROR] [1768034203.473552385] [superpoint_node]: Errore pubblicazione keypoints 3D: could not assign tuple of length 3 to structure with 4 fields.
[superpoint_node-2] [INFO] [1768034203.567067019] [superpoint_node]: Keypoints estratti: 800
[superpoint_node-2] [ERROR] [1768034203.573765684] [superpoint_node]: Errore pubblicazione keypoints 3D: could not assign tuple of length 3 to structure with 4 fields.
[superpoint_node-2] [INFO] [1768034203.664710816] [superpoint_node]: Keypoints estratti: 800
[superpoint_node-2] [ERROR] [1768034203.670044284] [superpoint_node]: Errore pubblicazione keypoints 3D: could not assign tuple of length 3 to structure with 4 fields.
[rtabmap-14] [INFO] [1768034203.760483079] [rtabmap]: rtabmap (1359): Rate=0.50s, Limit=0.001s, Conversion=0.0003s, RTAB-Map=0.0731s, Maps update=0.0032s pub=0.0016s delay=0.1449s (local map=4, WM=5)
[superpoint_node-2] [INFO] [1768034203.767134391] [superpoint_node]: Keypoints estratti: 800
[superpoint_node-2] [ERROR] [1768034203.773408719] [superpoint_node]: Errore pubblicazione keypoints 3D: could not assign tuple of length 3 to structure with 4 fields.
[superpoint_node-2] [INFO] [1768034203.865567879] [superpoint_node]: Keypoints estratti: 800
[superpoint_node-2] [ERROR] [1768034203.870894570] [superpoint_node]: Errore pubblicazione keypoints 3D: could not assign tuple of length 3 to structure with 4 fields.
[superpoint_node-2] [INFO] [1768034203.963275473] [superpoint_node]: Keypoints estratti: 800
[superpoint_node-2] [ERROR] [1768034203.968697849] [superpoint_node]: Errore pubblicazione keypoints 3D: could not assign tuple of length 3 to structure with 4 fields.
[superpoint_node-2] [INFO] [1768034204.062199650] [superpoint_node]: Keypoints estratti: 800
[superpoint_node-2] [ERROR] [1768034204.067787731] [superpoint_node]: Errore pubblicazione keypoints 3D: could not assign tuple of length 3 to structure with 4 fields.
[superpoint_node-2] [INFO] [1768034204.164242185] [superpoint_node]: Keypoints estratti: 800
[superpoint_node-2] [ERROR] [1768034204.169787433] [superpoint_node]: Errore pubblicazione keypoints 3D: could not assign tuple of length 3 to structure with 4 fields.
[superpoint_node-2] [INFO] [1768034204.265519529] [superpoint_node]: Keypoints estratti: 800
[superpoint_node-2] [ERROR] [1768034204.271097833] [superpoint_node]: Errore pubblicazione keypoints 3D: could not assign tuple of length 3 to structure with 4 fields.
[rtabmap-14] [INFO] [1768034204.361417534] [rtabmap]: rtabmap (1360): Rate=0.50s, Limit=0.001s, Conversion=0.0002s, RTAB-Map=0.0691s, Maps update=0.0033s pub=0.0010s delay=0.1492s (local map=4, WM=5)
[superpoint_node-2] [INFO] [1768034204.377434347] [superpoint_node]: Keypoints estratti: 800
[superpoint_node-2] [ERROR] [1768034204.384972018] [superpoint_node]: Errore pubblicazione keypoints 3D: could not assign tuple of length 3 to structure with 4 fields.
[superpoint_node-2] [INFO] [1768034204.478158298] [superpoint_node]: Keypoints estratti: 800
[superpoint_node-2] [ERROR] [1768034204.483921862] [superpoint_node]: Errore pubblicazione keypoints 3D: could not assign tuple of length 3 to structure with 4 fields.
[superpoint_node-2] [INFO] [1768034204.576227690] [superpoint_node]: Keypoints estratti: 800
[superpoint_node-2] [ERROR] [1768034204.582456221] [superpoint_node]: Errore pubblicazione keypoints 3D: could not assign tuple of length 3 to structure with 4 fields.
[superpoint_node-2] [INFO] [1768034204.670557923] [superpoint_node]: Keypoints estratti: 800
[superpoint_node-2] [ERROR] [1768034204.676852696] [superpoint_node]: Errore pubblicazione keypoints 3D: could not assign tuple of length 3 to structure with 4 fields.
[superpoint_node-2] [INFO] [1768034204.769746603] [superpoint_node]: Keypoints estratti: 800
[superpoint_node-2] [ERROR] [1768034204.775844281] [superpoint_node]: Errore pubblicazione keypoints 3D: could not assign tuple of length 3 to structure with 4 fields.
[rtabmap-14] [INFO] [1768034204.794962155] [rtabmap]: rtabmap (1361): Rate=0.50s, Limit=0.001s, Conversion=0.0003s, RTAB-Map=0.0451s, Maps update=0.0022s pub=0.0011s delay=0.0767s (local map=4, WM=5)
[superpoint_node-2] [INFO] [1768034204.869106654] [superpoint_node]: Keypoints estratti: 800
[superpoint_node-2] [ERROR] [1768034204.874932126] [superpoint_node]: Errore pubblicazione keypoints 3D: could not assign tuple of length 3 to structure with 4 fields.
[superpoint_node-2] [INFO] [1768034204.972372495] [superpoint_node]: Keypoints estratti: 800
[superpoint_node-2] [ERROR] [1768034204.978816880] [superpoint_node]: Errore pubblicazione keypoints 3D: could not assign tuple of length 3 to structure with 4 fields.
[superpoint_node-2] [INFO] [1768034205.069138933] [superpoint_node]: Keypoints estratti: 800
[superpoint_node-2] [ERROR] [1768034205.075102999] [superpoint_node]: Errore pubblicazione keypoints 3D: could not assign tuple of length 3 to structure with 4 fields.
[superpoint_node-2] [INFO] [1768034205.166458690] [superpoint_node]: Keypoints estratti: 800
[superpoint_node-2] [ERROR] [1768034205.173017668] [superpoint_node]: Errore pubblicazione keypoints 3D: could not assign tuple of length 3 to structure with 4 fields.
[superpoint_node-2] [INFO] [1768034205.264888789] [superpoint_node]: Keypoints estratti: 800
[superpoint_node-2] [ERROR] [1768034205.270646798] [superpoint_node]: Errore pubblicazione keypoints 3D: could not assign tuple of length 3 to structure with 4 fields.
[superpoint_node-2] [INFO] [1768034205.396916008] [superpoint_node]: Keypoints estratti: 800
[superpoint_node-2] [ERROR] [1768034205.402563201] [superpoint_node]: Errore pubblicazione keypoints 3D: could not assign tuple of length 3 to structure with 4 fields.
[rtabmap-14] [INFO] [1768034205.490839534] [rtabmap]: rtabmap (1362): Rate=0.50s, Limit=0.001s, Conversion=0.0002s, RTAB-Map=0.0786s, Maps update=0.0007s pub=0.0014s delay=0.1425s (local map=4, WM=5)
[superpoint_node-2] [INFO] [1768034205.499666215] [superpoint_node]: Keypoints estratti: 800
[superpoint_node-2] [ERROR] [1768034205.505501725] [superpoint_node]: Errore pubblicazione keypoints 3D: could not assign tuple of length 3 to structure with 4 fields.
[superpoint_node-2] [INFO] [1768034205.596323689] [superpoint_node]: Keypoints estratti: 800
[superpoint_node-2] [ERROR] [1768034205.602254792] [superpoint_node]: Errore pubblicazione keypoints 3D: could not assign tuple of length 3 to structure with 4 fields.
[superpoint_node-2] [INFO] [1768034205.694171802] [superpoint_node]: Keypoints estratti: 800
[superpoint_node-2] [ERROR] [1768034205.700087090] [superpoint_node]: Errore pubblicazione keypoints 3D: could not assign tuple of length 3 to structure with 4 fields.
[superpoint_node-2] [INFO] [1768034205.793352259] [superpoint_node]: Keypoints estratti: 800
[superpoint_node-2] [ERROR] [1768034205.798785525] [superpoint_node]: Errore pubblicazione keypoints 3D: could not assign tuple of length 3 to structure with 4 fields.
[superpoint_node-2] [INFO] [1768034205.894252434] [superpoint_node]: Keypoints estratti: 800
[superpoint_node-2] [ERROR] [1768034205.900259685] [superpoint_node]: Errore pubblicazione keypoints 3D: could not assign tuple of length 3 to structure with 4 fields.
[superpoint_node-2] [INFO] [1768034205.993290408] [superpoint_node]: Keypoints estratti: 800
[superpoint_node-2] [ERROR] [1768034205.999396716] [superpoint_node]: Errore pubblicazione keypoints 3D: could not assign tuple of length 3 to structure with 4 fields.
[rtabmap-14] [INFO] [1768034206.027778979] [rtabmap]: rtabmap (1363): Rate=0.50s, Limit=0.001s, Conversion=0.0003s, RTAB-Map=0.0400s, Maps update=0.0004s pub=0.0009s delay=0.0848s (local map=4, WM=5)
[superpoint_node-2] [INFO] [1768034206.093975914] [superpoint_node]: Keypoints estratti: 800
[superpoint_node-2] [ERROR] [1768034206.100105722] [superpoint_node]: Errore pubblicazione keypoints 3D: could not assign tuple of length 3 to structure with 4 fields.
[superpoint_node-2] [INFO] [1768034206.191804990] [superpoint_node]: Keypoints estratti: 800
[superpoint_node-2] [ERROR] [1768034206.197507943] [superpoint_node]: Errore pubblicazione keypoints 3D: could not assign tuple of length 3 to structure with 4 fields.
[superpoint_node-2] [INFO] [1768034206.288416000] [superpoint_node]: Keypoints estratti: 800
[superpoint_node-2] [ERROR] [1768034206.294010952] [superpoint_node]: Errore pubblicazione keypoints 3D: could not assign tuple of length 3 to structure with 4 fields.
[superpoint_node-2] [INFO] [1768034206.392353810] [superpoint_node]: Keypoints estratti: 800
[superpoint_node-2] [ERROR] [1768034206.398047633] [superpoint_node]: Errore pubblicazione keypoints 3D: could not assign tuple of length 3 to structure with 4 fields.
[superpoint_node-2] [INFO] [1768034206.487869886] [superpoint_node]: Keypoints estratti: 800
[superpoint_node-2] [ERROR] [1768034206.493350578] [superpoint_node]: Errore pubblicazione keypoints 3D: could not assign tuple of length 3 to structure with 4 fields.
[superpoint_node-2] [INFO] [1768034206.590920115] [superpoint_node]: Keypoints estratti: 800
[superpoint_node-2] [ERROR] [1768034206.596890421] [superpoint_node]: Errore pubblicazione keypoints 3D: could not assign tuple of length 3 to structure with 4 fields.
[rtabmap-14] [INFO] [1768034206.626639770] [rtabmap]: rtabmap (1364): Rate=0.50s, Limit=0.001s, Conversion=0.0003s, RTAB-Map=0.0374s, Maps update=0.0023s pub=0.0014s delay=0.0884s (local map=4, WM=5)
[superpoint_node-2] [INFO] [1768034206.692239496] [superpoint_node]: Keypoints estratti: 800
[superpoint_node-2] [ERROR] [1768034206.697758318] [superpoint_node]: Errore pubblicazione keypoints 3D: could not assign tuple of length 3 to structure with 4 fields.
[superpoint_node-2] [INFO] [1768034206.791665492] [superpoint_node]: Keypoints estratti: 800
[superpoint_node-2] [ERROR] [1768034206.797150091] [superpoint_node]: Errore pubblicazione keypoints 3D: could not assign tuple of length 3 to structure with 4 fields.
[superpoint_node-2] [INFO] [1768034206.887638331] [superpoint_node]: Keypoints estratti: 800
[superpoint_node-2] [ERROR] [1768034206.893050022] [superpoint_node]: Errore pubblicazione keypoints 3D: could not assign tuple of length 3 to structure with 4 fields.
[superpoint_node-2] [INFO] [1768034206.981902063] [superpoint_node]: Keypoints estratti: 800
[superpoint_node-2] [ERROR] [1768034206.987462756] [superpoint_node]: Errore pubblicazione keypoints 3D: could not assign tuple of length 3 to structure with 4 fields.
[superpoint_node-2] [INFO] [1768034207.077163674] [superpoint_node]: Keypoints estratti: 800
[superpoint_node-2] [ERROR] [1768034207.082868516] [superpoint_node]: Errore pubblicazione keypoints 3D: could not assign tuple of length 3 to structure with 4 fields.
[superpoint_node-2] [INFO] [1768034207.174470394] [superpoint_node]: Keypoints estratti: 800
[superpoint_node-2] [ERROR] [1768034207.181519747] [superpoint_node]: Errore pubblicazione keypoints 3D: could not assign tuple of length 3 to structure with 4 fields.
[rtabmap-14] [INFO] [1768034207.234941506] [rtabmap]: rtabmap (1365): Rate=0.50s, Limit=0.001s, Conversion=0.0006s, RTAB-Map=0.0785s, Maps update=0.0010s pub=0.0064s delay=0.1125s (local map=4, WM=5)
[superpoint_node-2] [INFO] [1768034207.277970293] [superpoint_node]: Keypoints estratti: 800
[superpoint_node-2] [ERROR] [1768034207.283550486] [superpoint_node]: Errore pubblicazione keypoints 3D: could not assign tuple of length 3 to structure with 4 fields.
[superpoint_node-2] [INFO] [1768034207.377826589] [superpoint_node]: Keypoints estratti: 800
[superpoint_node-2] [ERROR] [1768034207.383588412] [superpoint_node]: Errore pubblicazione keypoints 3D: could not assign tuple of length 3 to structure with 4 fields.
[superpoint_node-2] [INFO] [1768034207.470652847] [superpoint_node]: Keypoints estratti: 800
[superpoint_node-2] [ERROR] [1768034207.477047120] [superpoint_node]: Errore pubblicazione keypoints 3D: could not assign tuple of length 3 to structure with 4 fields.
[superpoint_node-2] [INFO] [1768034207.565102581] [superpoint_node]: Keypoints estratti: 800
[superpoint_node-2] [ERROR] [1768034207.570601736] [superpoint_node]: Errore pubblicazione keypoints 3D: could not assign tuple of length 3 to structure with 4 fields.
[superpoint_node-2] [INFO] [1768034207.659824780] [superpoint_node]: Keypoints estratti: 800
[superpoint_node-2] [ERROR] [1768034207.665277602] [superpoint_node]: Errore pubblicazione keypoints 3D: could not assign tuple of length 3 to structure with 4 fields.
[superpoint_node-2] [INFO] [1768034207.760184024] [superpoint_node]: Keypoints estratti: 800
[superpoint_node-2] [ERROR] [1768034207.766871244] [superpoint_node]: Errore pubblicazione keypoints 3D: could not assign tuple of length 3 to structure with 4 fields.
[rtabmap-14] [INFO] [1768034207.834055465] [rtabmap]: rtabmap (1366): Rate=0.50s, Limit=0.001s, Conversion=0.0006s, RTAB-Map=0.0811s, Maps update=0.0004s pub=0.0010s delay=0.1282s (local map=4, WM=5)
[superpoint_node-2] [INFO] [1768034207.864971619] [superpoint_node]: Keypoints estratti: 800
[superpoint_node-2] [ERROR] [1768034207.871126057] [superpoint_node]: Errore pubblicazione keypoints 3D: could not assign tuple of length 3 to structure with 4 fields.
[superpoint_node-2] [INFO] [1768034207.962482470] [superpoint_node]: Keypoints estratti: 800
[superpoint_node-2] [ERROR] [1768034207.968578833] [superpoint_node]: Errore pubblicazione keypoints 3D: could not assign tuple of length 3 to structure with 4 fields.
[superpoint_node-2] [INFO] [1768034208.060760308] [superpoint_node]: Keypoints estratti: 800
[superpoint_node-2] [ERROR] [1768034208.066303723] [superpoint_node]: Errore pubblicazione keypoints 3D: could not assign tuple of length 3 to structure with 4 fields.
[superpoint_node-2] [INFO] [1768034208.155025819] [superpoint_node]: Keypoints estratti: 800
[superpoint_node-2] [ERROR] [1768034208.160660253] [superpoint_node]: Errore pubblicazione keypoints 3D: could not assign tuple of length 3 to structure with 4 fields.
[superpoint_node-2] [INFO] [1768034208.251866091] [superpoint_node]: Keypoints estratti: 800
[superpoint_node-2] [ERROR] [1768034208.257455191] [superpoint_node]: Errore pubblicazione keypoints 3D: could not assign tuple of length 3 to structure with 4 fields.
[superpoint_node-2] [INFO] [1768034208.355531713] [superpoint_node]: Keypoints estratti: 800
[rtabmap-14] [INFO] [1768034208.359932489] [rtabmap]: rtabmap (1367): Rate=0.50s, Limit=0.001s, Conversion=0.0002s, RTAB-Map=0.0411s, Maps update=0.0018s pub=0.0012s delay=0.0625s (local map=4, WM=5)
[superpoint_node-2] [ERROR] [1768034208.363013069] [superpoint_node]: Errore pubblicazione keypoints 3D: could not assign tuple of length 3 to structure with 4 fields.
[superpoint_node-2] [INFO] [1768034208.457526859] [superpoint_node]: Keypoints estratti: 800
[superpoint_node-2] [ERROR] [1768034208.463319498] [superpoint_node]: Errore pubblicazione keypoints 3D: could not assign tuple of length 3 to structure with 4 fields.
[superpoint_node-2] [INFO] [1768034208.552326874] [superpoint_node]: Keypoints estratti: 800
[superpoint_node-2] [ERROR] [1768034208.557728695] [superpoint_node]: Errore pubblicazione keypoints 3D: could not assign tuple of length 3 to structure with 4 fields.
[superpoint_node-2] [INFO] [1768034208.682136945] [superpoint_node]: Keypoints estratti: 800
[superpoint_node-2] [ERROR] [1768034208.687876158] [superpoint_node]: Errore pubblicazione keypoints 3D: could not assign tuple of length 3 to structure with 4 fields.
[superpoint_node-2] [INFO] [1768034208.775803803] [superpoint_node]: Keypoints estratti: 800
[superpoint_node-2] [ERROR] [1768034208.781696276] [superpoint_node]: Errore pubblicazione keypoints 3D: could not assign tuple of length 3 to structure with 4 fields.
[superpoint_node-2] [INFO] [1768034208.874434996] [superpoint_node]: Keypoints estratti: 800
[superpoint_node-2] [ERROR] [1768034208.880173671] [superpoint_node]: Errore pubblicazione keypoints 3D: could not assign tuple of length 3 to structure with 4 fields.
[rtabmap-14] [INFO] [1768034208.939362865] [rtabmap]: rtabmap (1368): Rate=0.50s, Limit=0.001s, Conversion=0.0021s, RTAB-Map=0.0733s, Maps update=0.0099s pub=0.0033s delay=0.1178s (local map=4, WM=5)
[superpoint_node-2] [INFO] [1768034208.977663152] [superpoint_node]: Keypoints estratti: 800
[superpoint_node-2] [ERROR] [1768034208.983689015] [superpoint_node]: Errore pubblicazione keypoints 3D: could not assign tuple of length 3 to structure with 4 fields.
[superpoint_node-2] [INFO] [1768034209.077881728] [superpoint_node]: Keypoints estratti: 800
[superpoint_node-2] [ERROR] [1768034209.083875165] [superpoint_node]: Errore pubblicazione keypoints 3D: could not assign tuple of length 3 to structure with 4 fields.
[superpoint_node-2] [INFO] [1768034209.178495752] [superpoint_node]: Keypoints estratti: 800
[superpoint_node-2] [ERROR] [1768034209.185037841] [superpoint_node]: Errore pubblicazione keypoints 3D: could not assign tuple of length 3 to structure with 4 fields.
[superpoint_node-2] [INFO] [1768034209.275964048] [superpoint_node]: Keypoints estratti: 800
[superpoint_node-2] [ERROR] [1768034209.281871891] [superpoint_node]: Errore pubblicazione keypoints 3D: could not assign tuple of length 3 to structure with 4 fields.
[superpoint_node-2] [INFO] [1768034209.368180893] [superpoint_node]: Keypoints estratti: 800
[superpoint_node-2] [ERROR] [1768034209.374250701] [superpoint_node]: Errore pubblicazione keypoints 3D: could not assign tuple of length 3 to structure with 4 fields.
[superpoint_node-2] [INFO] [1768034209.466624789] [superpoint_node]: Keypoints estratti: 800
[superpoint_node-2] [ERROR] [1768034209.472707430] [superpoint_node]: Errore pubblicazione keypoints 3D: could not assign tuple of length 3 to structure with 4 fields.
[rtabmap-14] [INFO] [1768034209.534698683] [rtabmap]: rtabmap (1369): Rate=0.50s, Limit=0.001s, Conversion=0.0005s, RTAB-Map=0.0660s, Maps update=0.0150s pub=0.0012s delay=0.1194s (local map=4, WM=5)
[superpoint_node-2] [INFO] [1768034209.570089243] [superpoint_node]: Keypoints estratti: 800
[superpoint_node-2] [ERROR] [1768034209.576502757] [superpoint_node]: Errore pubblicazione keypoints 3D: could not assign tuple of length 3 to structure with 4 fields.
[superpoint_node-2] [INFO] [1768034209.669042087] [superpoint_node]: Keypoints estratti: 800
[superpoint_node-2] [ERROR] [1768034209.674978375] [superpoint_node]: Errore pubblicazione keypoints 3D: could not assign tuple of length 3 to structure with 4 fields.
[superpoint_node-2] [INFO] [1768034209.768100951] [superpoint_node]: Keypoints estratti: 800
[superpoint_node-2] [ERROR] [1768034209.774271444] [superpoint_node]: Errore pubblicazione keypoints 3D: could not assign tuple of length 3 to structure with 4 fields.
[superpoint_node-2] [INFO] [1768034209.867604910] [superpoint_node]: Keypoints estratti: 800
[superpoint_node-2] [ERROR] [1768034209.873377919] [superpoint_node]: Errore pubblicazione keypoints 3D: could not assign tuple of length 3 to structure with 4 fields.
[superpoint_node-2] [INFO] [1768034209.964421700] [superpoint_node]: Keypoints estratti: 800
[superpoint_node-2] [ERROR] [1768034209.970037523] [superpoint_node]: Errore pubblicazione keypoints 3D: could not assign tuple of length 3 to structure with 4 fields.
[superpoint_node-2] [INFO] [1768034210.065535247] [superpoint_node]: Keypoints estratti: 800
[superpoint_node-2] [ERROR] [1768034210.071263663] [superpoint_node]: Errore pubblicazione keypoints 3D: could not assign tuple of length 3 to structure with 4 fields.
[rtabmap-14] [INFO] [1768034210.089535790] [rtabmap]: rtabmap (1370): Rate=0.50s, Limit=0.001s, Conversion=0.0003s, RTAB-Map=0.0377s, Maps update=0.0004s pub=0.0009s delay=0.0794s (local map=4, WM=5)
[superpoint_node-2] [INFO] [1768034210.165755008] [superpoint_node]: Keypoints estratti: 800
[superpoint_node-2] [ERROR] [1768034210.172283505] [superpoint_node]: Errore pubblicazione keypoints 3D: could not assign tuple of length 3 to structure with 4 fields.
[superpoint_node-2] [INFO] [1768034210.267903174] [superpoint_node]: Keypoints estratti: 800
[superpoint_node-2] [ERROR] [1768034210.273405311] [superpoint_node]: Errore pubblicazione keypoints 3D: could not assign tuple of length 3 to structure with 4 fields.
[superpoint_node-2] [INFO] [1768034210.365511563] [superpoint_node]: Keypoints estratti: 800
[superpoint_node-2] [ERROR] [1768034210.371373295] [superpoint_node]: Errore pubblicazione keypoints 3D: could not assign tuple of length 3 to structure with 4 fields.
[superpoint_node-2] [INFO] [1768034210.464017441] [superpoint_node]: Keypoints estratti: 800
[superpoint_node-2] [ERROR] [1768034210.469382058] [superpoint_node]: Errore pubblicazione keypoints 3D: could not assign tuple of length 3 to structure with 4 fields.
[superpoint_node-2] [INFO] [1768034210.565924623] [superpoint_node]: Keypoints estratti: 800
[superpoint_node-2] [ERROR] [1768034210.571705280] [superpoint_node]: Errore pubblicazione keypoints 3D: could not assign tuple of length 3 to structure with 4 fields.
[rtabmap-14] [INFO] [1768034210.639347949] [rtabmap]: rtabmap (1371): Rate=0.50s, Limit=0.001s, Conversion=0.0006s, RTAB-Map=0.0861s, Maps update=0.0004s pub=0.0019s delay=0.1292s (local map=4, WM=5)
[superpoint_node-2] [INFO] [1768034210.671927672] [superpoint_node]: Keypoints estratti: 800
[superpoint_node-2] [ERROR] [1768034210.678371945] [superpoint_node]: Errore pubblicazione keypoints 3D: could not assign tuple of length 3 to structure with 4 fields.
[superpoint_node-2] [INFO] [1768034210.769961934] [superpoint_node]: Keypoints estratti: 800
[superpoint_node-2] [ERROR] [1768034210.775985779] [superpoint_node]: Errore pubblicazione keypoints 3D: could not assign tuple of length 3 to structure with 4 fields.
[superpoint_node-2] [INFO] [1768034210.869321226] [superpoint_node]: Keypoints estratti: 800
[superpoint_node-2] [ERROR] [1768034210.875636462] [superpoint_node]: Errore pubblicazione keypoints 3D: could not assign tuple of length 3 to structure with 4 fields.
[superpoint_node-2] [INFO] [1768034210.964375632] [superpoint_node]: Keypoints estratti: 800
[superpoint_node-2] [ERROR] [1768034210.969800342] [superpoint_node]: Errore pubblicazione keypoints 3D: could not assign tuple of length 3 to structure with 4 fields.
[superpoint_node-2] [INFO] [1768034211.060858993] [superpoint_node]: Keypoints estratti: 800
[superpoint_node-2] [ERROR] [1768034211.066484908] [superpoint_node]: Errore pubblicazione keypoints 3D: could not assign tuple of length 3 to structure with 4 fields.
[superpoint_node-2] [INFO] [1768034211.160826604] [superpoint_node]: Keypoints estratti: 800
[superpoint_node-2] [ERROR] [1768034211.167675696] [superpoint_node]: Errore pubblicazione keypoints 3D: could not assign tuple of length 3 to structure with 4 fields.
[rtabmap-14] [INFO] [1768034211.234882935] [rtabmap]: rtabmap (1372): Rate=0.50s, Limit=0.001s, Conversion=0.0003s, RTAB-Map=0.0762s, Maps update=0.0003s pub=0.0008s delay=0.1266s (local map=4, WM=5)
[superpoint_node-2] [INFO] [1768034211.265202270] [superpoint_node]: Keypoints estratti: 800
[superpoint_node-2] [ERROR] [1768034211.270980371] [superpoint_node]: Errore pubblicazione keypoints 3D: could not assign tuple of length 3 to structure with 4 fields.
[superpoint_node-2] [INFO] [1768034211.360983644] [superpoint_node]: Keypoints estratti: 800
[superpoint_node-2] [ERROR] [1768034211.366765579] [superpoint_node]: Errore pubblicazione keypoints 3D: could not assign tuple of length 3 to structure with 4 fields.
[superpoint_node-2] [INFO] [1768034211.459207853] [superpoint_node]: Keypoints estratti: 800
[superpoint_node-2] [ERROR] [1768034211.465118696] [superpoint_node]: Errore pubblicazione keypoints 3D: could not assign tuple of length 3 to structure with 4 fields.
[superpoint_node-2] [INFO] [1768034211.557436469] [superpoint_node]: Keypoints estratti: 800
[superpoint_node-2] [ERROR] [1768034211.563214015] [superpoint_node]: Errore pubblicazione keypoints 3D: could not assign tuple of length 3 to structure with 4 fields.
[superpoint_node-2] [INFO] [1768034211.653823144] [superpoint_node]: Keypoints estratti: 800
[superpoint_node-2] [ERROR] [1768034211.659271373] [superpoint_node]: Errore pubblicazione keypoints 3D: could not assign tuple of length 3 to structure with 4 fields.
[superpoint_node-2] [INFO] [1768034211.754533576] [superpoint_node]: Keypoints estratti: 800
[superpoint_node-2] [ERROR] [1768034211.761329668] [superpoint_node]: Errore pubblicazione keypoints 3D: could not assign tuple of length 3 to structure with 4 fields.
[rtabmap-14] [INFO] [1768034211.808550007] [rtabmap]: rtabmap (1373): Rate=0.50s, Limit=0.001s, Conversion=0.0006s, RTAB-Map=0.0797s, Maps update=0.0061s pub=0.0048s delay=0.1071s (local map=4, WM=5)
[superpoint_node-2] [INFO] [1768034211.899389268] [superpoint_node]: Keypoints estratti: 800
[superpoint_node-2] [ERROR] [1768034211.905295759] [superpoint_node]: Errore pubblicazione keypoints 3D: could not assign tuple of length 3 to structure with 4 fields.
[superpoint_node-2] [INFO] [1768034211.994193986] [superpoint_node]: Keypoints estratti: 800
[superpoint_node-2] [ERROR] [1768034211.999768382] [superpoint_node]: Errore pubblicazione keypoints 3D: could not assign tuple of length 3 to structure with 4 fields.
[superpoint_node-2] [INFO] [1768034212.092219508] [superpoint_node]: Keypoints estratti: 800
[superpoint_node-2] [ERROR] [1768034212.097969258] [superpoint_node]: Errore pubblicazione keypoints 3D: could not assign tuple of length 3 to structure with 4 fields.
[superpoint_node-2] [INFO] [1768034212.191797468] [superpoint_node]: Keypoints estratti: 800
[superpoint_node-2] [ERROR] [1768034212.197266401] [superpoint_node]: Errore pubblicazione keypoints 3D: could not assign tuple of length 3 to structure with 4 fields.
[superpoint_node-2] [INFO] [1768034212.291065944] [superpoint_node]: Keypoints estratti: 800
[superpoint_node-2] [ERROR] [1768034212.297124974] [superpoint_node]: Errore pubblicazione keypoints 3D: could not assign tuple of length 3 to structure with 4 fields.
[rtabmap-14] [INFO] [1768034212.360670721] [rtabmap]: rtabmap (1374): Rate=0.50s, Limit=0.001s, Conversion=0.0002s, RTAB-Map=0.0764s, Maps update=0.0007s pub=0.0054s delay=0.1222s (local map=4, WM=5)
[superpoint_node-2] [INFO] [1768034212.394047247] [superpoint_node]: Keypoints estratti: 800
[superpoint_node-2] [ERROR] [1768034212.399685588] [superpoint_node]: Errore pubblicazione keypoints 3D: could not assign tuple of length 3 to structure with 4 fields.
[superpoint_node-2] [INFO] [1768034212.491894026] [superpoint_node]: Keypoints estratti: 800
[superpoint_node-2] [ERROR] [1768034212.498646154] [superpoint_node]: Errore pubblicazione keypoints 3D: could not assign tuple of length 3 to structure with 4 fields.
[superpoint_node-2] [INFO] [1768034212.591211466] [superpoint_node]: Keypoints estratti: 800
[superpoint_node-2] [ERROR] [1768034212.596549916] [superpoint_node]: Errore pubblicazione keypoints 3D: could not assign tuple of length 3 to structure with 4 fields.
[superpoint_node-2] [INFO] [1768034212.686276964] [superpoint_node]: Keypoints estratti: 800
[superpoint_node-2] [ERROR] [1768034212.691743286] [superpoint_node]: Errore pubblicazione keypoints 3D: could not assign tuple of length 3 to structure with 4 fields.
[superpoint_node-2] [INFO] [1768034212.784587988] [superpoint_node]: Keypoints estratti: 800
[superpoint_node-2] [ERROR] [1768034212.790381090] [superpoint_node]: Errore pubblicazione keypoints 3D: could not assign tuple of length 3 to structure with 4 fields.
[superpoint_node-2] [INFO] [1768034212.883452721] [superpoint_node]: Keypoints estratti: 800
[superpoint_node-2] [ERROR] [1768034212.889284063] [superpoint_node]: Errore pubblicazione keypoints 3D: could not assign tuple of length 3 to structure with 4 fields.
[rtabmap-14] [INFO] [1768034212.952856144] [rtabmap]: rtabmap (1375): Rate=0.50s, Limit=0.001s, Conversion=0.0003s, RTAB-Map=0.0924s, Maps update=0.0027s pub=0.0013s delay=0.1223s (local map=4, WM=5)
[superpoint_node-2] [INFO] [1768034212.984246802] [superpoint_node]: Keypoints estratti: 800
[superpoint_node-2] [ERROR] [1768034212.990111385] [superpoint_node]: Errore pubblicazione keypoints 3D: could not assign tuple of length 3 to structure with 4 fields.
[superpoint_node-2] [INFO] [1768034213.082810587] [superpoint_node]: Keypoints estratti: 800
[superpoint_node-2] [ERROR] [1768034213.088407317] [superpoint_node]: Errore pubblicazione keypoints 3D: could not assign tuple of length 3 to structure with 4 fields.
[superpoint_node-2] [INFO] [1768034213.181129574] [superpoint_node]: Keypoints estratti: 800
[superpoint_node-2] [ERROR] [1768034213.187687460] [superpoint_node]: Errore pubblicazione keypoints 3D: could not assign tuple of length 3 to structure with 4 fields.
[superpoint_node-2] [INFO] [1768034213.279044336] [superpoint_node]: Keypoints estratti: 800
[superpoint_node-2] [ERROR] [1768034213.285005661] [superpoint_node]: Errore pubblicazione keypoints 3D: could not assign tuple of length 3 to structure with 4 fields.
[superpoint_node-2] [INFO] [1768034213.373506033] [superpoint_node]: Keypoints estratti: 800
[superpoint_node-2] [ERROR] [1768034213.378960632] [superpoint_node]: Errore pubblicazione keypoints 3D: could not assign tuple of length 3 to structure with 4 fields.
[superpoint_node-2] [INFO] [1768034213.468502013] [superpoint_node]: Keypoints estratti: 800
[superpoint_node-2] [ERROR] [1768034213.474449412] [superpoint_node]: Errore pubblicazione keypoints 3D: could not assign tuple of length 3 to structure with 4 fields.
[rtabmap-14] [INFO] [1768034213.488574024] [rtabmap]: rtabmap (1376): Rate=0.50s, Limit=0.001s, Conversion=0.0022s, RTAB-Map=0.0404s, Maps update=0.0003s pub=0.0008s delay=0.0696s (local map=4, WM=5)
[superpoint_node-2] [INFO] [1768034213.567842045] [superpoint_node]: Keypoints estratti: 800
[superpoint_node-2] [ERROR] [1768034213.574302985] [superpoint_node]: Errore pubblicazione keypoints 3D: could not assign tuple of length 3 to structure with 4 fields.
[superpoint_node-2] [INFO] [1768034213.665547916] [superpoint_node]: Keypoints estratti: 800
[superpoint_node-2] [ERROR] [1768034213.671151220] [superpoint_node]: Errore pubblicazione keypoints 3D: could not assign tuple of length 3 to structure with 4 fields.
[superpoint_node-2] [INFO] [1768034213.763163009] [superpoint_node]: Keypoints estratti: 800
[superpoint_node-2] [ERROR] [1768034213.768864851] [superpoint_node]: Errore pubblicazione keypoints 3D: could not assign tuple of length 3 to structure with 4 fields.
[superpoint_node-2] [INFO] [1768034213.861610034] [superpoint_node]: Keypoints estratti: 800
[superpoint_node-2] [ERROR] [1768034213.867091689] [superpoint_node]: Errore pubblicazione keypoints 3D: could not assign tuple of length 3 to structure with 4 fields.
[superpoint_node-2] [INFO] [1768034213.963465290] [superpoint_node]: Keypoints estratti: 800
[superpoint_node-2] [ERROR] [1768034213.969226595] [superpoint_node]: Errore pubblicazione keypoints 3D: could not assign tuple of length 3 to structure with 4 fields.
[superpoint_node-2] [INFO] [1768034214.062066835] [superpoint_node]: Keypoints estratti: 800
[superpoint_node-2] [ERROR] [1768034214.067371100] [superpoint_node]: Errore pubblicazione keypoints 3D: could not assign tuple of length 3 to structure with 4 fields.
[rtabmap-14] [INFO] [1768034214.165972015] [rtabmap]: rtabmap (1377): Rate=0.50s, Limit=0.001s, Conversion=0.0002s, RTAB-Map=0.0792s, Maps update=0.0020s pub=0.0011s delay=0.1547s (local map=4, WM=5)
[superpoint_node-2] [INFO] [1768034214.171289743] [superpoint_node]: Keypoints estratti: 800
[superpoint_node-2] [ERROR] [1768034214.177198475] [superpoint_node]: Errore pubblicazione keypoints 3D: could not assign tuple of length 3 to structure with 4 fields.
[superpoint_node-2] [INFO] [1768034214.266566595] [superpoint_node]: Keypoints estratti: 800
[superpoint_node-2] [ERROR] [1768034214.272227103] [superpoint_node]: Errore pubblicazione keypoints 3D: could not assign tuple of length 3 to structure with 4 fields.
[superpoint_node-2] [INFO] [1768034214.361769575] [superpoint_node]: Keypoints estratti: 800
[superpoint_node-2] [ERROR] [1768034214.367504825] [superpoint_node]: Errore pubblicazione keypoints 3D: could not assign tuple of length 3 to structure with 4 fields.
[superpoint_node-2] [INFO] [1768034214.459678170] [superpoint_node]: Keypoints estratti: 800
[superpoint_node-2] [ERROR] [1768034214.465981665] [superpoint_node]: Errore pubblicazione keypoints 3D: could not assign tuple of length 3 to structure with 4 fields.
[superpoint_node-2] [INFO] [1768034214.555444248] [superpoint_node]: Keypoints estratti: 800
[superpoint_node-2] [ERROR] [1768034214.561212405] [superpoint_node]: Errore pubblicazione keypoints 3D: could not assign tuple of length 3 to structure with 4 fields.
[superpoint_node-2] [INFO] [1768034214.652421336] [superpoint_node]: Keypoints estratti: 800
[superpoint_node-2] [ERROR] [1768034214.659484540] [superpoint_node]: Errore pubblicazione keypoints 3D: could not assign tuple of length 3 to structure with 4 fields.
[rtabmap-14] [INFO] [1768034214.690727697] [rtabmap]: rtabmap (1378): Rate=0.50s, Limit=0.001s, Conversion=0.0006s, RTAB-Map=0.0424s, Maps update=0.0013s pub=0.0009s delay=0.0883s (local map=4, WM=5)
[superpoint_node-2] [INFO] [1768034214.757535229] [superpoint_node]: Keypoints estratti: 800
[superpoint_node-2] [ERROR] [1768034214.763378794] [superpoint_node]: Errore pubblicazione keypoints 3D: could not assign tuple of length 3 to structure with 4 fields.
[superpoint_node-2] [INFO] [1768034214.858342847] [superpoint_node]: Keypoints estratti: 800
[superpoint_node-2] [ERROR] [1768034214.864667787] [superpoint_node]: Errore pubblicazione keypoints 3D: could not assign tuple of length 3 to structure with 4 fields.
[superpoint_node-2] [INFO] [1768034214.956004792] [superpoint_node]: Keypoints estratti: 800
[superpoint_node-2] [ERROR] [1768034214.962624753] [superpoint_node]: Errore pubblicazione keypoints 3D: could not assign tuple of length 3 to structure with 4 fields.
[superpoint_node-2] [INFO] [1768034215.053408717] [superpoint_node]: Keypoints estratti: 800
[superpoint_node-2] [ERROR] [1768034215.059079114] [superpoint_node]: Errore pubblicazione keypoints 3D: could not assign tuple of length 3 to structure with 4 fields.
[superpoint_node-2] [INFO] [1768034215.152071540] [superpoint_node]: Keypoints estratti: 800
[superpoint_node-2] [ERROR] [1768034215.158385627] [superpoint_node]: Errore pubblicazione keypoints 3D: could not assign tuple of length 3 to structure with 4 fields.
[superpoint_node-2] [INFO] [1768034215.253616238] [superpoint_node]: Keypoints estratti: 800
[superpoint_node-2] [ERROR] [1768034215.260893778] [superpoint_node]: Errore pubblicazione keypoints 3D: could not assign tuple of length 3 to structure with 4 fields.
[rtabmap-14] [INFO] [1768034215.296117799] [rtabmap]: rtabmap (1379): Rate=0.50s, Limit=0.001s, Conversion=0.0002s, RTAB-Map=0.0447s, Maps update=0.0004s pub=0.0009s delay=0.0934s (local map=4, WM=5)
[superpoint_node-2] [INFO] [1768034215.360001271] [superpoint_node]: Keypoints estratti: 800
[superpoint_node-2] [ERROR] [1768034215.365663242] [superpoint_node]: Errore pubblicazione keypoints 3D: could not assign tuple of length 3 to structure with 4 fields.
[superpoint_node-2] [INFO] [1768034215.457527196] [superpoint_node]: Keypoints estratti: 800
[superpoint_node-2] [ERROR] [1768034215.464381788] [superpoint_node]: Errore pubblicazione keypoints 3D: could not assign tuple of length 3 to structure with 4 fields.
[superpoint_node-2] [INFO] [1768034215.554019521] [superpoint_node]: Keypoints estratti: 800
[superpoint_node-2] [ERROR] [1768034215.559700103] [superpoint_node]: Errore pubblicazione keypoints 3D: could not assign tuple of length 3 to structure with 4 fields.
[superpoint_node-2] [INFO] [1768034215.650177195] [superpoint_node]: Keypoints estratti: 800
[superpoint_node-2] [ERROR] [1768034215.655958444] [superpoint_node]: Errore pubblicazione keypoints 3D: could not assign tuple of length 3 to structure with 4 fields.
[superpoint_node-2] [INFO] [1768034215.784554654] [superpoint_node]: Keypoints estratti: 800
[superpoint_node-2] [ERROR] [1768034215.790765241] [superpoint_node]: Errore pubblicazione keypoints 3D: could not assign tuple of length 3 to structure with 4 fields.
[rtabmap-14] [INFO] [1768034215.868718603] [rtabmap]: rtabmap (1380): Rate=0.50s, Limit=0.001s, Conversion=0.0004s, RTAB-Map=0.0787s, Maps update=0.0039s pub=0.0023s delay=0.1356s (local map=4, WM=5)
[superpoint_node-2] [INFO] [1768034215.885298235] [superpoint_node]: Keypoints estratti: 800
[superpoint_node-2] [ERROR] [1768034215.890728056] [superpoint_node]: Errore pubblicazione keypoints 3D: could not assign tuple of length 3 to structure with 4 fields.
[superpoint_node-2] [INFO] [1768034215.984805972] [superpoint_node]: Keypoints estratti: 800
[superpoint_node-2] [ERROR] [1768034215.990747094] [superpoint_node]: Errore pubblicazione keypoints 3D: could not assign tuple of length 3 to structure with 4 fields.
[superpoint_node-2] [INFO] [1768034216.084541804] [superpoint_node]: Keypoints estratti: 800
[superpoint_node-2] [ERROR] [1768034216.090118552] [superpoint_node]: Errore pubblicazione keypoints 3D: could not assign tuple of length 3 to structure with 4 fields.
[superpoint_node-2] [INFO] [1768034216.183756965] [superpoint_node]: Keypoints estratti: 800
[superpoint_node-2] [ERROR] [1768034216.189479918] [superpoint_node]: Errore pubblicazione keypoints 3D: could not assign tuple of length 3 to structure with 4 fields.
[superpoint_node-2] [INFO] [1768034216.281731153] [superpoint_node]: Keypoints estratti: 800
[superpoint_node-2] [ERROR] [1768034216.287404773] [superpoint_node]: Errore pubblicazione keypoints 3D: could not assign tuple of length 3 to structure with 4 fields.
[superpoint_node-2] [INFO] [1768034216.386672379] [superpoint_node]: Keypoints estratti: 800
[rtabmap-14] [INFO] [1768034216.391662363] [rtabmap]: rtabmap (1381): Rate=0.50s, Limit=0.001s, Conversion=0.0003s, RTAB-Map=0.0464s, Maps update=0.0018s pub=0.0011s delay=0.0645s (local map=4, WM=5)
[superpoint_node-2] [ERROR] [1768034216.394317532] [superpoint_node]: Errore pubblicazione keypoints 3D: could not assign tuple of length 3 to structure with 4 fields.
[superpoint_node-2] [INFO] [1768034216.485305294] [superpoint_node]: Keypoints estratti: 800
[superpoint_node-2] [ERROR] [1768034216.490630614] [superpoint_node]: Errore pubblicazione keypoints 3D: could not assign tuple of length 3 to structure with 4 fields.
[superpoint_node-2] [INFO] [1768034216.583493299] [superpoint_node]: Keypoints estratti: 800
[superpoint_node-2] [ERROR] [1768034216.588983602] [superpoint_node]: Errore pubblicazione keypoints 3D: could not assign tuple of length 3 to structure with 4 fields.
[superpoint_node-2] [INFO] [1768034216.690803413] [superpoint_node]: Keypoints estratti: 800
[superpoint_node-2] [ERROR] [1768034216.700895920] [superpoint_node]: Errore pubblicazione keypoints 3D: could not assign tuple of length 3 to structure with 4 fields.
[superpoint_node-2] [INFO] [1768034216.795386580] [superpoint_node]: Keypoints estratti: 800
[superpoint_node-2] [ERROR] [1768034216.801760835] [superpoint_node]: Errore pubblicazione keypoints 3D: could not assign tuple of length 3 to structure with 4 fields.
[superpoint_node-2] [INFO] [1768034216.900517918] [superpoint_node]: Keypoints estratti: 800
[superpoint_node-2] [ERROR] [1768034216.907657530] [superpoint_node]: Errore pubblicazione keypoints 3D: could not assign tuple of length 3 to structure with 4 fields.
[rtabmap-14] [INFO] [1768034216.956133583] [rtabmap]: rtabmap (1382): Rate=0.50s, Limit=0.001s, Conversion=0.0004s, RTAB-Map=0.0679s, Maps update=0.0024s pub=0.0049s delay=0.1119s (local map=4, WM=5)
[superpoint_node-2] [INFO] [1768034217.004523210] [superpoint_node]: Keypoints estratti: 800
[superpoint_node-2] [ERROR] [1768034217.011268967] [superpoint_node]: Errore pubblicazione keypoints 3D: could not assign tuple of length 3 to structure with 4 fields.
[superpoint_node-2] [INFO] [1768034217.104565896] [superpoint_node]: Keypoints estratti: 800
[superpoint_node-2] [ERROR] [1768034217.110779001] [superpoint_node]: Errore pubblicazione keypoints 3D: could not assign tuple of length 3 to structure with 4 fields.
[superpoint_node-2] [INFO] [1768034217.206009204] [superpoint_node]: Keypoints estratti: 800
[superpoint_node-2] [ERROR] [1768034217.212352514] [superpoint_node]: Errore pubblicazione keypoints 3D: could not assign tuple of length 3 to structure with 4 fields.
[superpoint_node-2] [INFO] [1768034217.306695785] [superpoint_node]: Keypoints estratti: 800
[superpoint_node-2] [ERROR] [1768034217.312064161] [superpoint_node]: Errore pubblicazione keypoints 3D: could not assign tuple of length 3 to structure with 4 fields.
[superpoint_node-2] [INFO] [1768034217.419053532] [superpoint_node]: Keypoints estratti: 800
[superpoint_node-2] [ERROR] [1768034217.425981346] [superpoint_node]: Errore pubblicazione keypoints 3D: could not assign tuple of length 3 to structure with 4 fields.
[rtabmap-14] [INFO] [1768034217.457187299] [rtabmap]: rtabmap (1383): Rate=0.50s, Limit=0.001s, Conversion=0.0015s, RTAB-Map=0.0534s, Maps update=0.0057s pub=0.0149s delay=0.1035s (local map=2, WM=4)
[superpoint_node-2] [INFO] [1768034217.526099663] [superpoint_node]: Keypoints estratti: 800
[superpoint_node-2] [ERROR] [1768034217.531658800] [superpoint_node]: Errore pubblicazione keypoints 3D: could not assign tuple of length 3 to structure with 4 fields.
[superpoint_node-2] [INFO] [1768034217.628371274] [superpoint_node]: Keypoints estratti: 800
[superpoint_node-2] [ERROR] [1768034217.633813410] [superpoint_node]: Errore pubblicazione keypoints 3D: could not assign tuple of length 3 to structure with 4 fields.
[superpoint_node-2] [INFO] [1768034217.729513987] [superpoint_node]: Keypoints estratti: 800
[superpoint_node-2] [ERROR] [1768034217.735563536] [superpoint_node]: Errore pubblicazione keypoints 3D: could not assign tuple of length 3 to structure with 4 fields.
[superpoint_node-2] [INFO] [1768034217.828063625] [superpoint_node]: Keypoints estratti: 800
[superpoint_node-2] [ERROR] [1768034217.833601909] [superpoint_node]: Errore pubblicazione keypoints 3D: could not assign tuple of length 3 to structure with 4 fields.
[superpoint_node-2] [INFO] [1768034217.927578529] [superpoint_node]: Keypoints estratti: 800
[superpoint_node-2] [ERROR] [1768034217.933091813] [superpoint_node]: Errore pubblicazione keypoints 3D: could not assign tuple of length 3 to structure with 4 fields.
[superpoint_node-2] [INFO] [1768034218.032347104] [superpoint_node]: Keypoints estratti: 800
[superpoint_node-2] [ERROR] [1768034218.038391245] [superpoint_node]: Errore pubblicazione keypoints 3D: could not assign tuple of length 3 to structure with 4 fields.
[rtabmap-14] [INFO] [1768034218.044405978] [rtabmap]: rtabmap (1384): Rate=0.50s, Limit=0.001s, Conversion=0.0004s, RTAB-Map=0.0670s, Maps update=0.0160s pub=0.0104s delay=0.1652s (local map=4, WM=4)
[superpoint_node-2] [INFO] [1768034218.136417749] [superpoint_node]: Keypoints estratti: 800
[superpoint_node-2] [ERROR] [1768034218.142490667] [superpoint_node]: Errore pubblicazione keypoints 3D: could not assign tuple of length 3 to structure with 4 fields.
[rtabmap-14] [33m[ WARN] (2026-01-10 09:36:57.374) CoreWrapper.cpp:1227::odomTFUpdate() Odometry is reset (identity pose detected). Increment map id![0m
[rtabmap-14] [33m[ WARN] (2026-01-10 09:36:57.383) Rtabmap.cpp:1441::process() Odometry is reset (identity pose detected). Increment map id to 15![0m
[superpoint_node-2] [INFO] [1768034218.319581486] [superpoint_node]: Keypoints estratti: 800
[superpoint_node-2] [ERROR] [1768034218.325998259] [superpoint_node]: Errore pubblicazione keypoints 3D: could not assign tuple of length 3 to structure with 4 fields.
[superpoint_node-2] [INFO] [1768034218.423261553] [superpoint_node]: Keypoints estratti: 800
[superpoint_node-2] [ERROR] [1768034218.429368657] [superpoint_node]: Errore pubblicazione keypoints 3D: could not assign tuple of length 3 to structure with 4 fields.
[superpoint_node-2] [INFO] [1768034218.526787415] [superpoint_node]: Keypoints estratti: 800
[superpoint_node-2] [ERROR] [1768034218.533702248] [superpoint_node]: Errore pubblicazione keypoints 3D: could not assign tuple of length 3 to structure with 4 fields.
[rtabmap-14] [INFO] [1768034218.564936997] [rtabmap]: rtabmap (1385): Rate=0.50s, Limit=0.001s, Conversion=0.0002s, RTAB-Map=0.0431s, Maps update=0.0041s pub=0.0009s delay=0.0929s (local map=3, WM=5)
[superpoint_node-2] [INFO] [1768034218.627984870] [superpoint_node]: Keypoints estratti: 800
[superpoint_node-2] [ERROR] [1768034218.633460024] [superpoint_node]: Errore pubblicazione keypoints 3D: could not assign tuple of length 3 to structure with 4 fields.
[superpoint_node-2] [INFO] [1768034218.725055199] [superpoint_node]: Keypoints estratti: 800
[superpoint_node-2] [ERROR] [1768034218.730531854] [superpoint_node]: Errore pubblicazione keypoints 3D: could not assign tuple of length 3 to structure with 4 fields.
[superpoint_node-2] [INFO] [1768034218.818621093] [superpoint_node]: Keypoints estratti: 800
[superpoint_node-2] [ERROR] [1768034218.824363713] [superpoint_node]: Errore pubblicazione keypoints 3D: could not assign tuple of length 3 to structure with 4 fields.
[superpoint_node-2] [INFO] [1768034218.924338343] [superpoint_node]: Keypoints estratti: 800
[superpoint_node-2] [ERROR] [1768034218.929721978] [superpoint_node]: Errore pubblicazione keypoints 3D: could not assign tuple of length 3 to structure with 4 fields.
[superpoint_node-2] [INFO] [1768034219.022625959] [superpoint_node]: Keypoints estratti: 800
[superpoint_node-2] [ERROR] [1768034219.028603803] [superpoint_node]: Errore pubblicazione keypoints 3D: could not assign tuple of length 3 to structure with 4 fields.
[superpoint_node-2] [INFO] [1768034219.120019495] [superpoint_node]: Keypoints estratti: 800
[superpoint_node-2] [ERROR] [1768034219.125965486] [superpoint_node]: Errore pubblicazione keypoints 3D: could not assign tuple of length 3 to structure with 4 fields.
[superpoint_node-2] [INFO] [1768034219.224501568] [superpoint_node]: Keypoints estratti: 800
[superpoint_node-2] [ERROR] [1768034219.230294818] [superpoint_node]: Errore pubblicazione keypoints 3D: could not assign tuple of length 3 to structure with 4 fields.
[rtabmap-14] [INFO] [1768034219.323836211] [rtabmap]: rtabmap (1386): Rate=0.50s, Limit=0.001s, Conversion=0.0002s, RTAB-Map=0.0831s, Maps update=0.0195s pub=0.0113s delay=0.1544s (local map=4, WM=5)
[superpoint_node-2] [INFO] [1768034219.336441145] [superpoint_node]: Keypoints estratti: 800
[superpoint_node-2] [ERROR] [1768034219.343569128] [superpoint_node]: Errore pubblicazione keypoints 3D: could not assign tuple of length 3 to structure with 4 fields.
[superpoint_node-2] [INFO] [1768034219.441613557] [superpoint_node]: Keypoints estratti: 800
[superpoint_node-2] [ERROR] [1768034219.448976098] [superpoint_node]: Errore pubblicazione keypoints 3D: could not assign tuple of length 3 to structure with 4 fields.
[superpoint_node-2] [INFO] [1768034219.543046181] [superpoint_node]: Keypoints estratti: 800
[superpoint_node-2] [ERROR] [1768034219.549375342] [superpoint_node]: Errore pubblicazione keypoints 3D: could not assign tuple of length 3 to structure with 4 fields.
[superpoint_node-2] [INFO] [1768034219.639621024] [superpoint_node]: Keypoints estratti: 800
[superpoint_node-2] [ERROR] [1768034219.645609850] [superpoint_node]: Errore pubblicazione keypoints 3D: could not assign tuple of length 3 to structure with 4 fields.
[superpoint_node-2] [INFO] [1768034219.745784574] [superpoint_node]: Keypoints estratti: 800
[superpoint_node-2] [ERROR] [1768034219.752651370] [superpoint_node]: Errore pubblicazione keypoints 3D: could not assign tuple of length 3 to structure with 4 fields.
[rtabmap-14] [INFO] [1768034219.813978747] [rtabmap]: rtabmap (1387): Rate=0.50s, Limit=0.001s, Conversion=0.0005s, RTAB-Map=0.0948s, Maps update=0.0076s pub=0.0008s delay=0.1274s (local map=3, WM=5)
[superpoint_node-2] [INFO] [1768034219.847365513] [superpoint_node]: Keypoints estratti: 800
[superpoint_node-2] [ERROR] [1768034219.853863547] [superpoint_node]: Errore pubblicazione keypoints 3D: could not assign tuple of length 3 to structure with 4 fields.
[superpoint_node-2] [INFO] [1768034219.948274169] [superpoint_node]: Keypoints estratti: 800
[superpoint_node-2] [ERROR] [1768034219.954233235] [superpoint_node]: Errore pubblicazione keypoints 3D: could not assign tuple of length 3 to structure with 4 fields.
[superpoint_node-2] [INFO] [1768034220.048376245] [superpoint_node]: Keypoints estratti: 800
[superpoint_node-2] [ERROR] [1768034220.054619665] [superpoint_node]: Errore pubblicazione keypoints 3D: could not assign tuple of length 3 to structure with 4 fields.
[superpoint_node-2] [INFO] [1768034220.145966948] [superpoint_node]: Keypoints estratti: 800
[superpoint_node-2] [ERROR] [1768034220.152329833] [superpoint_node]: Errore pubblicazione keypoints 3D: could not assign tuple of length 3 to structure with 4 fields.
[superpoint_node-2] [INFO] [1768034220.246034061] [superpoint_node]: Keypoints estratti: 800
[superpoint_node-2] [ERROR] [1768034220.252277185] [superpoint_node]: Errore pubblicazione keypoints 3D: could not assign tuple of length 3 to structure with 4 fields.
[rtabmap-14] [INFO] [1768034220.264192780] [rtabmap]: rtabmap (1388): Rate=0.50s, Limit=0.001s, Conversion=0.0002s, RTAB-Map=0.0462s, Maps update=0.0019s pub=0.0011s delay=0.0688s (local map=4, WM=5)
[superpoint_node-2] [INFO] [1768034220.345800782] [superpoint_node]: Keypoints estratti: 800
[superpoint_node-2] [ERROR] [1768034220.351663847] [superpoint_node]: Errore pubblicazione keypoints 3D: could not assign tuple of length 3 to structure with 4 fields.
[superpoint_node-2] [INFO] [1768034220.445403131] [superpoint_node]: Keypoints estratti: 800
[superpoint_node-2] [ERROR] [1768034220.451791552] [superpoint_node]: Errore pubblicazione keypoints 3D: could not assign tuple of length 3 to structure with 4 fields.
[superpoint_node-2] [INFO] [1768034220.545322039] [superpoint_node]: Keypoints estratti: 800
[superpoint_node-2] [ERROR] [1768034220.551668793] [superpoint_node]: Errore pubblicazione keypoints 3D: could not assign tuple of length 3 to structure with 4 fields.
[superpoint_node-2] [INFO] [1768034220.640058627] [superpoint_node]: Keypoints estratti: 800
[superpoint_node-2] [ERROR] [1768034220.645847692] [superpoint_node]: Errore pubblicazione keypoints 3D: could not assign tuple of length 3 to structure with 4 fields.
[superpoint_node-2] [INFO] [1768034220.737208697] [superpoint_node]: Keypoints estratti: 800
[superpoint_node-2] [ERROR] [1768034220.743069003] [superpoint_node]: Errore pubblicazione keypoints 3D: could not assign tuple of length 3 to structure with 4 fields.
[superpoint_node-2] [INFO] [1768034220.919775375] [superpoint_node]: Keypoints estratti: 800
[superpoint_node-2] [ERROR] [1768034220.925875868] [superpoint_node]: Errore pubblicazione keypoints 3D: could not assign tuple of length 3 to structure with 4 fields.
[superpoint_node-2] [INFO] [1768034221.024870175] [superpoint_node]: Keypoints estratti: 800
[superpoint_node-2] [ERROR] [1768034221.030520942] [superpoint_node]: Errore pubblicazione keypoints 3D: could not assign tuple of length 3 to structure with 4 fields.
[rtabmap-14] [INFO] [1768034221.033623967] [rtabmap]: rtabmap (1389): Rate=0.50s, Limit=0.001s, Conversion=0.0002s, RTAB-Map=0.0577s, Maps update=0.0004s pub=0.0008s delay=0.2495s (local map=3, WM=5)
[superpoint_node-2] [INFO] [1768034221.126319928] [superpoint_node]: Keypoints estratti: 800
[superpoint_node-2] [ERROR] [1768034221.131991658] [superpoint_node]: Errore pubblicazione keypoints 3D: could not assign tuple of length 3 to structure with 4 fields.
[superpoint_node-2] [INFO] [1768034221.225762535] [superpoint_node]: Keypoints estratti: 800
[superpoint_node-2] [ERROR] [1768034221.231454877] [superpoint_node]: Errore pubblicazione keypoints 3D: could not assign tuple of length 3 to structure with 4 fields.
[superpoint_node-2] [INFO] [1768034221.324535341] [superpoint_node]: Keypoints estratti: 800
[superpoint_node-2] [ERROR] [1768034221.329993496] [superpoint_node]: Errore pubblicazione keypoints 3D: could not assign tuple of length 3 to structure with 4 fields.
[superpoint_node-2] [INFO] [1768034221.425244125] [superpoint_node]: Keypoints estratti: 800
[superpoint_node-2] [ERROR] [1768034221.431009838] [superpoint_node]: Errore pubblicazione keypoints 3D: could not assign tuple of length 3 to structure with 4 fields.
[rtabmap-14] [INFO] [1768034221.448597459] [rtabmap]: rtabmap (1390): Rate=0.50s, Limit=0.001s, Conversion=0.0004s, RTAB-Map=0.0388s, Maps update=0.0003s pub=0.0006s delay=0.0769s (local map=4, WM=5)
[superpoint_node-2] [INFO] [1768034221.522332510] [superpoint_node]: Keypoints estratti: 800
[superpoint_node-2] [ERROR] [1768034221.528074908] [superpoint_node]: Errore pubblicazione keypoints 3D: could not assign tuple of length 3 to structure with 4 fields.
[superpoint_node-2] [INFO] [1768034221.618562851] [superpoint_node]: Keypoints estratti: 800
[superpoint_node-2] [ERROR] [1768034221.624990069] [superpoint_node]: Errore pubblicazione keypoints 3D: could not assign tuple of length 3 to structure with 4 fields.
[superpoint_node-2] [INFO] [1768034221.720593831] [superpoint_node]: Keypoints estratti: 800
[superpoint_node-2] [ERROR] [1768034221.726461915] [superpoint_node]: Errore pubblicazione keypoints 3D: could not assign tuple of length 3 to structure with 4 fields.
[superpoint_node-2] [INFO] [1768034221.826063264] [superpoint_node]: Keypoints estratti: 800
[superpoint_node-2] [ERROR] [1768034221.831363732] [superpoint_node]: Errore pubblicazione keypoints 3D: could not assign tuple of length 3 to structure with 4 fields.
[superpoint_node-2] [INFO] [1768034221.926150599] [superpoint_node]: Keypoints estratti: 800
[superpoint_node-2] [ERROR] [1768034221.932029775] [superpoint_node]: Errore pubblicazione keypoints 3D: could not assign tuple of length 3 to structure with 4 fields.
[rtabmap-14] [INFO] [1768034221.993083780] [rtabmap]: rtabmap (1391): Rate=0.50s, Limit=0.001s, Conversion=0.0010s, RTAB-Map=0.0733s, Maps update=0.0004s pub=0.0009s delay=0.1200s (local map=3, WM=5)
[superpoint_node-2] [INFO] [1768034222.025530131] [superpoint_node]: Keypoints estratti: 800
[superpoint_node-2] [ERROR] [1768034222.031236047] [superpoint_node]: Errore pubblicazione keypoints 3D: could not assign tuple of length 3 to structure with 4 fields.
[superpoint_node-2] [INFO] [1768034222.127161256] [superpoint_node]: Keypoints estratti: 800
[superpoint_node-2] [ERROR] [1768034222.132753134] [superpoint_node]: Errore pubblicazione keypoints 3D: could not assign tuple of length 3 to structure with 4 fields.
[superpoint_node-2] [INFO] [1768034222.225012925] [superpoint_node]: Keypoints estratti: 800
[superpoint_node-2] [ERROR] [1768034222.230570580] [superpoint_node]: Errore pubblicazione keypoints 3D: could not assign tuple of length 3 to structure with 4 fields.
[superpoint_node-2] [INFO] [1768034222.325030185] [superpoint_node]: Keypoints estratti: 800
[superpoint_node-2] [ERROR] [1768034222.331638071] [superpoint_node]: Errore pubblicazione keypoints 3D: could not assign tuple of length 3 to structure with 4 fields.
[superpoint_node-2] [INFO] [1768034222.426553642] [superpoint_node]: Keypoints estratti: 800
[superpoint_node-2] [ERROR] [1768034222.433496420] [superpoint_node]: Errore pubblicazione keypoints 3D: could not assign tuple of length 3 to structure with 4 fields.
[rtabmap-14] [INFO] [1768034222.497669616] [rtabmap]: rtabmap (1392): Rate=0.50s, Limit=0.001s, Conversion=0.0002s, RTAB-Map=0.0841s, Maps update=0.0017s pub=0.0011s delay=0.1240s (local map=4, WM=5)
[superpoint_node-2] [INFO] [1768034222.527662744] [superpoint_node]: Keypoints estratti: 800
[superpoint_node-2] [ERROR] [1768034222.533038602] [superpoint_node]: Errore pubblicazione keypoints 3D: could not assign tuple of length 3 to structure with 4 fields.
[superpoint_node-2] [INFO] [1768034222.627181593] [superpoint_node]: Keypoints estratti: 800
[superpoint_node-2] [ERROR] [1768034222.632595562] [superpoint_node]: Errore pubblicazione keypoints 3D: could not assign tuple of length 3 to structure with 4 fields.
[superpoint_node-2] [INFO] [1768034222.725236837] [superpoint_node]: Keypoints estratti: 800
[superpoint_node-2] [ERROR] [1768034222.730846271] [superpoint_node]: Errore pubblicazione keypoints 3D: could not assign tuple of length 3 to structure with 4 fields.
[superpoint_node-2] [INFO] [1768034222.822208110] [superpoint_node]: Keypoints estratti: 800
[superpoint_node-2] [ERROR] [1768034222.827932896] [superpoint_node]: Errore pubblicazione keypoints 3D: could not assign tuple of length 3 to structure with 4 fields.
[superpoint_node-2] [INFO] [1768034222.918656453] [superpoint_node]: Keypoints estratti: 800
[superpoint_node-2] [ERROR] [1768034222.925373858] [superpoint_node]: Errore pubblicazione keypoints 3D: could not assign tuple of length 3 to structure with 4 fields.
[superpoint_node-2] [INFO] [1768034223.021288086] [superpoint_node]: Keypoints estratti: 800
[superpoint_node-2] [ERROR] [1768034223.027640173] [superpoint_node]: Errore pubblicazione keypoints 3D: could not assign tuple of length 3 to structure with 4 fields.
[rtabmap-14] [INFO] [1768034223.090064985] [rtabmap]: rtabmap (1393): Rate=0.50s, Limit=0.001s, Conversion=0.0002s, RTAB-Map=0.0864s, Maps update=0.0116s pub=0.0029s delay=0.1206s (local map=3, WM=5)
[superpoint_node-2] [INFO] [1768034223.124459630] [superpoint_node]: Keypoints estratti: 800
[superpoint_node-2] [ERROR] [1768034223.129937118] [superpoint_node]: Errore pubblicazione keypoints 3D: could not assign tuple of length 3 to structure with 4 fields.
[rtabmap-14] [33m[ WARN] (2026-01-10 09:36:58.558) Memory.cpp:2105::forget() Less signatures transferred (1) than added (2)! The working memory cannot decrease in size.[0m
[superpoint_node-2] [INFO] [1768034223.259145666] [superpoint_node]: Keypoints estratti: 800
[superpoint_node-2] [ERROR] [1768034223.265664533] [superpoint_node]: Errore pubblicazione keypoints 3D: could not assign tuple of length 3 to structure with 4 fields.
[superpoint_node-2] [INFO] [1768034223.359822654] [superpoint_node]: Keypoints estratti: 800
[superpoint_node-2] [ERROR] [1768034223.366000666] [superpoint_node]: Errore pubblicazione keypoints 3D: could not assign tuple of length 3 to structure with 4 fields.
[superpoint_node-2] [INFO] [1768034223.458793813] [superpoint_node]: Keypoints estratti: 800
[superpoint_node-2] [ERROR] [1768034223.464864380] [superpoint_node]: Errore pubblicazione keypoints 3D: could not assign tuple of length 3 to structure with 4 fields.
[superpoint_node-2] [INFO] [1768034223.557770287] [superpoint_node]: Keypoints estratti: 800
[superpoint_node-2] [ERROR] [1768034223.563744612] [superpoint_node]: Errore pubblicazione keypoints 3D: could not assign tuple of length 3 to structure with 4 fields.
[rtabmap-14] [INFO] [1768034223.630998648] [rtabmap]: rtabmap (1394): Rate=0.50s, Limit=0.001s, Conversion=0.0005s, RTAB-Map=0.0848s, Maps update=0.0007s pub=0.0015s delay=0.1249s (local map=4, WM=5)
[superpoint_node-2] [INFO] [1768034223.658039216] [superpoint_node]: Keypoints estratti: 800
[superpoint_node-2] [ERROR] [1768034223.664455045] [superpoint_node]: Errore pubblicazione keypoints 3D: could not assign tuple of length 3 to structure with 4 fields.
[superpoint_node-2] [INFO] [1768034223.754263575] [superpoint_node]: Keypoints estratti: 800
[superpoint_node-2] [ERROR] [1768034223.759897379] [superpoint_node]: Errore pubblicazione keypoints 3D: could not assign tuple of length 3 to structure with 4 fields.
[superpoint_node-2] [INFO] [1768034223.851165033] [superpoint_node]: Keypoints estratti: 800
[superpoint_node-2] [ERROR] [1768034223.857004172] [superpoint_node]: Errore pubblicazione keypoints 3D: could not assign tuple of length 3 to structure with 4 fields.
[superpoint_node-2] [INFO] [1768034223.949721374] [superpoint_node]: Keypoints estratti: 800
[superpoint_node-2] [ERROR] [1768034223.955340937] [superpoint_node]: Errore pubblicazione keypoints 3D: could not assign tuple of length 3 to structure with 4 fields.
[superpoint_node-2] [INFO] [1768034224.047281151] [superpoint_node]: Keypoints estratti: 800
[superpoint_node-2] [ERROR] [1768034224.053107179] [superpoint_node]: Errore pubblicazione keypoints 3D: could not assign tuple of length 3 to structure with 4 fields.
[superpoint_node-2] [INFO] [1768034224.148477884] [superpoint_node]: Keypoints estratti: 800
[superpoint_node-2] [ERROR] [1768034224.153907538] [superpoint_node]: Errore pubblicazione keypoints 3D: could not assign tuple of length 3 to structure with 4 fields.
[rtabmap-14] [INFO] [1768034224.165680780] [rtabmap]: rtabmap (1395): Rate=0.50s, Limit=0.001s, Conversion=0.0004s, RTAB-Map=0.0397s, Maps update=0.0019s pub=0.0011s delay=0.0716s (local map=3, WM=5)
[superpoint_node-2] [INFO] [1768034224.251619743] [superpoint_node]: Keypoints estratti: 800
[superpoint_node-2] [ERROR] [1768034224.257400196] [superpoint_node]: Errore pubblicazione keypoints 3D: could not assign tuple of length 3 to structure with 4 fields.
[superpoint_node-2] [INFO] [1768034224.349654413] [superpoint_node]: Keypoints estratti: 800
[superpoint_node-2] [ERROR] [1768034224.355292458] [superpoint_node]: Errore pubblicazione keypoints 3D: could not assign tuple of length 3 to structure with 4 fields.
[superpoint_node-2] [INFO] [1768034224.445057692] [superpoint_node]: Keypoints estratti: 800
[superpoint_node-2] [ERROR] [1768034224.451120721] [superpoint_node]: Errore pubblicazione keypoints 3D: could not assign tuple of length 3 to structure with 4 fields.
[superpoint_node-2] [INFO] [1768034224.544353298] [superpoint_node]: Keypoints estratti: 800
[superpoint_node-2] [ERROR] [1768034224.550800386] [superpoint_node]: Errore pubblicazione keypoints 3D: could not assign tuple of length 3 to structure with 4 fields.
[superpoint_node-2] [INFO] [1768034224.645358918] [superpoint_node]: Keypoints estratti: 800
[superpoint_node-2] [ERROR] [1768034224.651260113] [superpoint_node]: Errore pubblicazione keypoints 3D: could not assign tuple of length 3 to structure with 4 fields.
[superpoint_node-2] [INFO] [1768034224.756565322] [superpoint_node]: Keypoints estratti: 800
[superpoint_node-2] [ERROR] [1768034224.762418628] [superpoint_node]: Errore pubblicazione keypoints 3D: could not assign tuple of length 3 to structure with 4 fields.
[rtabmap-14] [INFO] [1768034224.810352603] [rtabmap]: rtabmap (1396): Rate=0.50s, Limit=0.001s, Conversion=0.0002s, RTAB-Map=0.0837s, Maps update=0.0004s pub=0.0046s delay=0.1178s (local map=4, WM=5)
[superpoint_node-2] [INFO] [1768034224.858296448] [superpoint_node]: Keypoints estratti: 800
[superpoint_node-2] [ERROR] [1768034224.864079531] [superpoint_node]: Errore pubblicazione keypoints 3D: could not assign tuple of length 3 to structure with 4 fields.
[superpoint_node-2] [INFO] [1768034224.951722896] [superpoint_node]: Keypoints estratti: 800
[superpoint_node-2] [ERROR] [1768034224.957561776] [superpoint_node]: Errore pubblicazione keypoints 3D: could not assign tuple of length 3 to structure with 4 fields.
[superpoint_node-2] [INFO] [1768034225.047364325] [superpoint_node]: Keypoints estratti: 800
[superpoint_node-2] [ERROR] [1768034225.053216520] [superpoint_node]: Errore pubblicazione keypoints 3D: could not assign tuple of length 3 to structure with 4 fields.
[superpoint_node-2] [INFO] [1768034225.147428863] [superpoint_node]: Keypoints estratti: 800
[superpoint_node-2] [ERROR] [1768034225.153136853] [superpoint_node]: Errore pubblicazione keypoints 3D: could not assign tuple of length 3 to structure with 4 fields.
[superpoint_node-2] [INFO] [1768034225.245858852] [superpoint_node]: Keypoints estratti: 800
[superpoint_node-2] [ERROR] [1768034225.252007771] [superpoint_node]: Errore pubblicazione keypoints 3D: could not assign tuple of length 3 to structure with 4 fields.
[rtabmap-14] [INFO] [1768034225.256378769] [rtabmap]: rtabmap (1397): Rate=0.50s, Limit=0.001s, Conversion=0.0002s, RTAB-Map=0.0427s, Maps update=0.0008s pub=0.0008s delay=0.0631s (local map=3, WM=5)
[superpoint_node-2] [INFO] [1768034225.344716491] [superpoint_node]: Keypoints estratti: 800
[superpoint_node-2] [ERROR] [1768034225.351297766] [superpoint_node]: Errore pubblicazione keypoints 3D: could not assign tuple of length 3 to structure with 4 fields.
[superpoint_node-2] [INFO] [1768034225.445164829] [superpoint_node]: Keypoints estratti: 800
[superpoint_node-2] [ERROR] [1768034225.450957727] [superpoint_node]: Errore pubblicazione keypoints 3D: could not assign tuple of length 3 to structure with 4 fields.
[superpoint_node-2] [INFO] [1768034225.541026019] [superpoint_node]: Keypoints estratti: 800
[superpoint_node-2] [ERROR] [1768034225.547131012] [superpoint_node]: Errore pubblicazione keypoints 3D: could not assign tuple of length 3 to structure with 4 fields.
[superpoint_node-2] [INFO] [1768034225.634349448] [superpoint_node]: Keypoints estratti: 800
[superpoint_node-2] [ERROR] [1768034225.640227624] [superpoint_node]: Errore pubblicazione keypoints 3D: could not assign tuple of length 3 to structure with 4 fields.
[superpoint_node-2] [INFO] [1768034225.815203611] [superpoint_node]: Keypoints estratti: 800
[superpoint_node-2] [ERROR] [1768034225.820983676] [superpoint_node]: Errore pubblicazione keypoints 3D: could not assign tuple of length 3 to structure with 4 fields.
[superpoint_node-2] [INFO] [1768034225.923066230] [superpoint_node]: Keypoints estratti: 800
[superpoint_node-2] [ERROR] [1768034225.928821998] [superpoint_node]: Errore pubblicazione keypoints 3D: could not assign tuple of length 3 to structure with 4 fields.
[rtabmap-14] [INFO] [1768034225.939750085] [rtabmap]: rtabmap (1398): Rate=0.50s, Limit=0.001s, Conversion=0.0002s, RTAB-Map=0.0454s, Maps update=0.0022s pub=0.0009s delay=0.0702s (local map=4, WM=5)
[superpoint_node-2] [INFO] [1768034226.019974669] [superpoint_node]: Keypoints estratti: 800
[superpoint_node-2] [ERROR] [1768034226.026410183] [superpoint_node]: Errore pubblicazione keypoints 3D: could not assign tuple of length 3 to structure with 4 fields.
[superpoint_node-2] [INFO] [1768034226.117253204] [superpoint_node]: Keypoints estratti: 800
[superpoint_node-2] [ERROR] [1768034226.123350789] [superpoint_node]: Errore pubblicazione keypoints 3D: could not assign tuple of length 3 to structure with 4 fields.
[superpoint_node-2] [INFO] [1768034226.221613906] [superpoint_node]: Keypoints estratti: 800
[superpoint_node-2] [ERROR] [1768034226.227246858] [superpoint_node]: Errore pubblicazione keypoints 3D: could not assign tuple of length 3 to structure with 4 fields.
[superpoint_node-2] [INFO] [1768034226.321976224] [superpoint_node]: Keypoints estratti: 800
[superpoint_node-2] [ERROR] [1768034226.327529472] [superpoint_node]: Errore pubblicazione keypoints 3D: could not assign tuple of length 3 to structure with 4 fields.
[superpoint_node-2] [INFO] [1768034226.421478406] [superpoint_node]: Keypoints estratti: 800
[superpoint_node-2] [ERROR] [1768034226.427051191] [superpoint_node]: Errore pubblicazione keypoints 3D: could not assign tuple of length 3 to structure with 4 fields.
[superpoint_node-2] [INFO] [1768034226.521676890] [superpoint_node]: Keypoints estratti: 800
[superpoint_node-2] [ERROR] [1768034226.528266831] [superpoint_node]: Errore pubblicazione keypoints 3D: could not assign tuple of length 3 to structure with 4 fields.
[rtabmap-14] [INFO] [1768034226.605720541] [rtabmap]: rtabmap (1399): Rate=0.50s, Limit=0.001s, Conversion=0.0013s, RTAB-Map=0.0846s, Maps update=0.0086s pub=0.0022s delay=0.1363s (local map=3, WM=5)
[superpoint_node-2] [INFO] [1768034226.666204283] [superpoint_node]: Keypoints estratti: 800
[superpoint_node-2] [ERROR] [1768034226.672708520] [superpoint_node]: Errore pubblicazione keypoints 3D: could not assign tuple of length 3 to structure with 4 fields.
[superpoint_node-2] [INFO] [1768034226.765972633] [superpoint_node]: Keypoints estratti: 800
[superpoint_node-2] [ERROR] [1768034226.771356380] [superpoint_node]: Errore pubblicazione keypoints 3D: could not assign tuple of length 3 to structure with 4 fields.
[superpoint_node-2] [INFO] [1768034226.861373560] [superpoint_node]: Keypoints estratti: 800
[superpoint_node-2] [ERROR] [1768034226.866936419] [superpoint_node]: Errore pubblicazione keypoints 3D: could not assign tuple of length 3 to structure with 4 fields.
[superpoint_node-2] [INFO] [1768034226.964426307] [superpoint_node]: Keypoints estratti: 800
[superpoint_node-2] [ERROR] [1768034226.970898007] [superpoint_node]: Errore pubblicazione keypoints 3D: could not assign tuple of length 3 to structure with 4 fields.
[superpoint_node-2] [INFO] [1768034227.065347834] [superpoint_node]: Keypoints estratti: 800
[superpoint_node-2] [ERROR] [1768034227.070871174] [superpoint_node]: Errore pubblicazione keypoints 3D: could not assign tuple of length 3 to structure with 4 fields.
[rtabmap-14] [INFO] [1768034227.146062144] [rtabmap]: rtabmap (1400): Rate=0.50s, Limit=0.001s, Conversion=0.0002s, RTAB-Map=0.0647s, Maps update=0.0020s pub=0.0011s delay=0.1324s (local map=4, WM=5)
[superpoint_node-2] [INFO] [1768034227.171370883] [superpoint_node]: Keypoints estratti: 800
[superpoint_node-2] [ERROR] [1768034227.177866749] [superpoint_node]: Errore pubblicazione keypoints 3D: could not assign tuple of length 3 to structure with 4 fields.
[superpoint_node-2] [INFO] [1768034227.267181091] [superpoint_node]: Keypoints estratti: 800
[superpoint_node-2] [ERROR] [1768034227.272811154] [superpoint_node]: Errore pubblicazione keypoints 3D: could not assign tuple of length 3 to structure with 4 fields.
[superpoint_node-2] [INFO] [1768034227.365250669] [superpoint_node]: Keypoints estratti: 800
[superpoint_node-2] [ERROR] [1768034227.370764046] [superpoint_node]: Errore pubblicazione keypoints 3D: could not assign tuple of length 3 to structure with 4 fields.
[superpoint_node-2] [INFO] [1768034227.466643514] [superpoint_node]: Keypoints estratti: 800
[superpoint_node-2] [ERROR] [1768034227.473702126] [superpoint_node]: Errore pubblicazione keypoints 3D: could not assign tuple of length 3 to structure with 4 fields.
[superpoint_node-2] [INFO] [1768034227.564670054] [superpoint_node]: Keypoints estratti: 800
[superpoint_node-2] [ERROR] [1768034227.570458693] [superpoint_node]: Errore pubblicazione keypoints 3D: could not assign tuple of length 3 to structure with 4 fields.
[rtabmap-14] [INFO] [1768034227.664689296] [rtabmap]: rtabmap (1401): Rate=0.50s, Limit=0.001s, Conversion=0.0002s, RTAB-Map=0.0718s, Maps update=0.0055s pub=0.0013s delay=0.1504s (local map=3, WM=5)
[superpoint_node-2] [INFO] [1768034227.670037209] [superpoint_node]: Keypoints estratti: 800
[superpoint_node-2] [ERROR] [1768034227.675985553] [superpoint_node]: Errore pubblicazione keypoints 3D: could not assign tuple of length 3 to structure with 4 fields.
[superpoint_node-2] [INFO] [1768034227.767755858] [superpoint_node]: Keypoints estratti: 800
[superpoint_node-2] [ERROR] [1768034227.774119112] [superpoint_node]: Errore pubblicazione keypoints 3D: could not assign tuple of length 3 to structure with 4 fields.
[superpoint_node-2] [INFO] [1768034227.865955918] [superpoint_node]: Keypoints estratti: 800
[superpoint_node-2] [ERROR] [1768034227.872224654] [superpoint_node]: Errore pubblicazione keypoints 3D: could not assign tuple of length 3 to structure with 4 fields.
[superpoint_node-2] [INFO] [1768034227.967327189] [superpoint_node]: Keypoints estratti: 800
[superpoint_node-2] [ERROR] [1768034227.973362386] [superpoint_node]: Errore pubblicazione keypoints 3D: could not assign tuple of length 3 to structure with 4 fields.
[superpoint_node-2] [INFO] [1768034228.068330050] [superpoint_node]: Keypoints estratti: 800
[superpoint_node-2] [ERROR] [1768034228.074274671] [superpoint_node]: Errore pubblicazione keypoints 3D: could not assign tuple of length 3 to structure with 4 fields.
[rtabmap-14] [INFO] [1768034228.133154363] [rtabmap]: rtabmap (1402): Rate=0.50s, Limit=0.001s, Conversion=0.0009s, RTAB-Map=0.0727s, Maps update=0.0012s pub=0.0065s delay=0.1183s (local map=4, WM=5)
[superpoint_node-2] [INFO] [1768034228.170621939] [superpoint_node]: Keypoints estratti: 800
[superpoint_node-2] [ERROR] [1768034228.177192695] [superpoint_node]: Errore pubblicazione keypoints 3D: could not assign tuple of length 3 to structure with 4 fields.
[superpoint_node-2] [INFO] [1768034228.268215828] [superpoint_node]: Keypoints estratti: 800
[superpoint_node-2] [ERROR] [1768034228.274126172] [superpoint_node]: Errore pubblicazione keypoints 3D: could not assign tuple of length 3 to structure with 4 fields.
[superpoint_node-2] [INFO] [1768034228.364686116] [superpoint_node]: Keypoints estratti: 800
[superpoint_node-2] [ERROR] [1768034228.370235308] [superpoint_node]: Errore pubblicazione keypoints 3D: could not assign tuple of length 3 to structure with 4 fields.
[superpoint_node-2] [INFO] [1768034228.465205639] [superpoint_node]: Keypoints estratti: 800
[superpoint_node-2] [ERROR] [1768034228.471429003] [superpoint_node]: Errore pubblicazione keypoints 3D: could not assign tuple of length 3 to structure with 4 fields.
[superpoint_node-2] [INFO] [1768034228.566557113] [superpoint_node]: Keypoints estratti: 800
[superpoint_node-2] [ERROR] [1768034228.572069120] [superpoint_node]: Errore pubblicazione keypoints 3D: could not assign tuple of length 3 to structure with 4 fields.
[rtabmap-14] [INFO] [1768034228.655500174] [rtabmap]: rtabmap (1403): Rate=0.50s, Limit=0.001s, Conversion=0.0002s, RTAB-Map=0.0721s, Maps update=0.0019s pub=0.0036s delay=0.1406s (local map=3, WM=5)
[superpoint_node-2] [INFO] [1768034228.670819037] [superpoint_node]: Keypoints estratti: 800
[superpoint_node-2] [ERROR] [1768034228.677133883] [superpoint_node]: Errore pubblicazione keypoints 3D: could not assign tuple of length 3 to structure with 4 fields.
[superpoint_node-2] [INFO] [1768034228.764707859] [superpoint_node]: Keypoints estratti: 800
[superpoint_node-2] [ERROR] [1768034228.770110236] [superpoint_node]: Errore pubblicazione keypoints 3D: could not assign tuple of length 3 to structure with 4 fields.
[superpoint_node-2] [INFO] [1768034228.862438860] [superpoint_node]: Keypoints estratti: 800
[superpoint_node-2] [ERROR] [1768034228.868061127] [superpoint_node]: Errore pubblicazione keypoints 3D: could not assign tuple of length 3 to structure with 4 fields.
[superpoint_node-2] [INFO] [1768034228.959797062] [superpoint_node]: Keypoints estratti: 800
[superpoint_node-2] [ERROR] [1768034228.965390533] [superpoint_node]: Errore pubblicazione keypoints 3D: could not assign tuple of length 3 to structure with 4 fields.
[superpoint_node-2] [INFO] [1768034229.058014456] [superpoint_node]: Keypoints estratti: 800
[superpoint_node-2] [ERROR] [1768034229.063922522] [superpoint_node]: Errore pubblicazione keypoints 3D: could not assign tuple of length 3 to structure with 4 fields.
[superpoint_node-2] [INFO] [1768034229.156028385] [superpoint_node]: Keypoints estratti: 800
[superpoint_node-2] [ERROR] [1768034229.162383732] [superpoint_node]: Errore pubblicazione keypoints 3D: could not assign tuple of length 3 to structure with 4 fields.
[rtabmap-14] [INFO] [1768034229.233589689] [rtabmap]: rtabmap (1404): Rate=0.50s, Limit=0.001s, Conversion=0.0002s, RTAB-Map=0.0779s, Maps update=0.0014s pub=0.0013s delay=0.1292s (local map=4, WM=5)
[superpoint_node-2] [INFO] [1768034229.263909708] [superpoint_node]: Keypoints estratti: 800
[superpoint_node-2] [ERROR] [1768034229.269340714] [superpoint_node]: Errore pubblicazione keypoints 3D: could not assign tuple of length 3 to structure with 4 fields.
[superpoint_node-2] [INFO] [1768034229.363050924] [superpoint_node]: Keypoints estratti: 800
[superpoint_node-2] [ERROR] [1768034229.368292411] [superpoint_node]: Errore pubblicazione keypoints 3D: could not assign tuple of length 3 to structure with 4 fields.
[superpoint_node-2] [INFO] [1768034229.465475278] [superpoint_node]: Keypoints estratti: 800
[superpoint_node-2] [ERROR] [1768034229.470937043] [superpoint_node]: Errore pubblicazione keypoints 3D: could not assign tuple of length 3 to structure with 4 fields.
[superpoint_node-2] [INFO] [1768034229.560594147] [superpoint_node]: Keypoints estratti: 800
[superpoint_node-2] [ERROR] [1768034229.566382841] [superpoint_node]: Errore pubblicazione keypoints 3D: could not assign tuple of length 3 to structure with 4 fields.
[superpoint_node-2] [INFO] [1768034229.656747321] [superpoint_node]: Keypoints estratti: 800
[superpoint_node-2] [ERROR] [1768034229.663444541] [superpoint_node]: Errore pubblicazione keypoints 3D: could not assign tuple of length 3 to structure with 4 fields.
[rtabmap-14] [INFO] [1768034229.696456248] [rtabmap]: rtabmap (1405): Rate=0.50s, Limit=0.001s, Conversion=0.0003s, RTAB-Map=0.0458s, Maps update=0.0006s pub=0.0010s delay=0.0899s (local map=3, WM=5)
[superpoint_node-2] [INFO] [1768034229.759125340] [superpoint_node]: Keypoints estratti: 800
[superpoint_node-2] [ERROR] [1768034229.764909423] [superpoint_node]: Errore pubblicazione keypoints 3D: could not assign tuple of length 3 to structure with 4 fields.
[superpoint_node-2] [INFO] [1768034229.893425614] [superpoint_node]: Keypoints estratti: 800
[superpoint_node-2] [ERROR] [1768034229.900215780] [superpoint_node]: Errore pubblicazione keypoints 3D: could not assign tuple of length 3 to structure with 4 fields.
[superpoint_node-2] [INFO] [1768034229.992047974] [superpoint_node]: Keypoints estratti: 800
[superpoint_node-2] [ERROR] [1768034229.997450962] [superpoint_node]: Errore pubblicazione keypoints 3D: could not assign tuple of length 3 to structure with 4 fields.
[superpoint_node-2] [INFO] [1768034230.093519894] [superpoint_node]: Keypoints estratti: 800
[superpoint_node-2] [ERROR] [1768034230.100454005] [superpoint_node]: Errore pubblicazione keypoints 3D: could not assign tuple of length 3 to structure with 4 fields.
[superpoint_node-2] [INFO] [1768034230.193907176] [superpoint_node]: Keypoints estratti: 800
[superpoint_node-2] [ERROR] [1768034230.200376357] [superpoint_node]: Errore pubblicazione keypoints 3D: could not assign tuple of length 3 to structure with 4 fields.
[rtabmap-14] [INFO] [1768034230.269141572] [rtabmap]: rtabmap (1406): Rate=0.50s, Limit=0.001s, Conversion=0.0011s, RTAB-Map=0.0794s, Maps update=0.0013s pub=0.0018s delay=0.1263s (local map=4, WM=5)
[superpoint_node-2] [INFO] [1768034230.298149192] [superpoint_node]: Keypoints estratti: 800
[superpoint_node-2] [ERROR] [1768034230.304147332] [superpoint_node]: Errore pubblicazione keypoints 3D: could not assign tuple of length 3 to structure with 4 fields.
[superpoint_node-2] [INFO] [1768034230.392983207] [superpoint_node]: Keypoints estratti: 800
[superpoint_node-2] [ERROR] [1768034230.398402269] [superpoint_node]: Errore pubblicazione keypoints 3D: could not assign tuple of length 3 to structure with 4 fields.
[superpoint_node-2] [INFO] [1768034230.490055295] [superpoint_node]: Keypoints estratti: 800
[superpoint_node-2] [ERROR] [1768034230.495854027] [superpoint_node]: Errore pubblicazione keypoints 3D: could not assign tuple of length 3 to structure with 4 fields.
[superpoint_node-2] [INFO] [1768034230.588815305] [superpoint_node]: Keypoints estratti: 800
[superpoint_node-2] [ERROR] [1768034230.594395997] [superpoint_node]: Errore pubblicazione keypoints 3D: could not assign tuple of length 3 to structure with 4 fields.
[superpoint_node-2] [INFO] [1768034230.694989077] [superpoint_node]: Keypoints estratti: 800
[superpoint_node-2] [ERROR] [1768034230.701027088] [superpoint_node]: Errore pubblicazione keypoints 3D: could not assign tuple of length 3 to structure with 4 fields.
[superpoint_node-2] [INFO] [1768034230.792816171] [superpoint_node]: Keypoints estratti: 800
[superpoint_node-2] [ERROR] [1768034230.798506643] [superpoint_node]: Errore pubblicazione keypoints 3D: could not assign tuple of length 3 to structure with 4 fields.
[rtabmap-14] [INFO] [1768034230.865698549] [rtabmap]: rtabmap (1407): Rate=0.50s, Limit=0.001s, Conversion=0.0006s, RTAB-Map=0.0754s, Maps update=0.0045s pub=0.0015s delay=0.1238s (local map=3, WM=5)
[superpoint_node-2] [INFO] [1768034230.898274845] [superpoint_node]: Keypoints estratti: 800
[superpoint_node-2] [ERROR] [1768034230.903927279] [superpoint_node]: Errore pubblicazione keypoints 3D: could not assign tuple of length 3 to structure with 4 fields.
[superpoint_node-2] [INFO] [1768034230.996618777] [superpoint_node]: Keypoints estratti: 800
[superpoint_node-2] [ERROR] [1768034231.002619399] [superpoint_node]: Errore pubblicazione keypoints 3D: could not assign tuple of length 3 to structure with 4 fields.
[superpoint_node-2] [INFO] [1768034231.095125118] [superpoint_node]: Keypoints estratti: 800
[superpoint_node-2] [ERROR] [1768034231.100791200] [superpoint_node]: Errore pubblicazione keypoints 3D: could not assign tuple of length 3 to structure with 4 fields.
[superpoint_node-2] [INFO] [1768034231.197159524] [superpoint_node]: Keypoints estratti: 800
[superpoint_node-2] [ERROR] [1768034231.203428833] [superpoint_node]: Errore pubblicazione keypoints 3D: could not assign tuple of length 3 to structure with 4 fields.
[superpoint_node-2] [INFO] [1768034231.295867477] [superpoint_node]: Keypoints estratti: 800
[superpoint_node-2] [ERROR] [1768034231.302193139] [superpoint_node]: Errore pubblicazione keypoints 3D: could not assign tuple of length 3 to structure with 4 fields.
[rtabmap-14] [INFO] [1768034231.388642383] [rtabmap]: rtabmap (1408): Rate=0.50s, Limit=0.001s, Conversion=0.0002s, RTAB-Map=0.0713s, Maps update=0.0007s pub=0.0014s delay=0.1434s (local map=4, WM=5)
[superpoint_node-2] [INFO] [1768034231.404543510] [superpoint_node]: Keypoints estratti: 800
[superpoint_node-2] [ERROR] [1768034231.410786782] [superpoint_node]: Errore pubblicazione keypoints 3D: could not assign tuple of length 3 to structure with 4 fields.
[superpoint_node-2] [INFO] [1768034231.499546619] [superpoint_node]: Keypoints estratti: 800
[superpoint_node-2] [ERROR] [1768034231.505534704] [superpoint_node]: Errore pubblicazione keypoints 3D: could not assign tuple of length 3 to structure with 4 fields.
[superpoint_node-2] [INFO] [1768034231.621019828] [superpoint_node]: Keypoints estratti: 800
[superpoint_node-2] [ERROR] [1768034231.626570891] [superpoint_node]: Errore pubblicazione keypoints 3D: could not assign tuple of length 3 to structure with 4 fields.
[superpoint_node-2] [INFO] [1768034231.741566344] [superpoint_node]: Keypoints estratti: 800
[superpoint_node-2] [ERROR] [1768034231.748476547] [superpoint_node]: Errore pubblicazione keypoints 3D: could not assign tuple of length 3 to structure with 4 fields.
[superpoint_node-2] [INFO] [1768034231.840547541] [superpoint_node]: Keypoints estratti: 800
[superpoint_node-2] [ERROR] [1768034231.846401402] [superpoint_node]: Errore pubblicazione keypoints 3D: could not assign tuple of length 3 to structure with 4 fields.
[superpoint_node-2] [INFO] [1768034231.945697323] [superpoint_node]: Keypoints estratti: 800
[rtabmap-14] [INFO] [1768034231.952310598] [rtabmap]: rtabmap (1409): Rate=0.50s, Limit=0.001s, Conversion=0.0002s, RTAB-Map=0.0763s, Maps update=0.0075s pub=0.0179s delay=0.1615s (local map=2, WM=4)
[superpoint_node-2] [ERROR] [1768034231.956523724] [superpoint_node]: Errore pubblicazione keypoints 3D: could not assign tuple of length 3 to structure with 4 fields.
[superpoint_node-2] [INFO] [1768034232.048365438] [superpoint_node]: Keypoints estratti: 800
[superpoint_node-2] [ERROR] [1768034232.054112224] [superpoint_node]: Errore pubblicazione keypoints 3D: could not assign tuple of length 3 to structure with 4 fields.
[superpoint_node-2] [INFO] [1768034232.148169215] [superpoint_node]: Keypoints estratti: 800
[superpoint_node-2] [ERROR] [1768034232.153973520] [superpoint_node]: Errore pubblicazione keypoints 3D: could not assign tuple of length 3 to structure with 4 fields.
[superpoint_node-2] [INFO] [1768034232.244999523] [superpoint_node]: Keypoints estratti: 800
[superpoint_node-2] [ERROR] [1768034232.251627539] [superpoint_node]: Errore pubblicazione keypoints 3D: could not assign tuple of length 3 to structure with 4 fields.
[superpoint_node-2] [INFO] [1768034232.346022236] [superpoint_node]: Keypoints estratti: 800
[superpoint_node-2] [ERROR] [1768034232.353571592] [superpoint_node]: Errore pubblicazione keypoints 3D: could not assign tuple of length 3 to structure with 4 fields.
[rtabmap-14] [INFO] [1768034232.438425269] [rtabmap]: rtabmap (1410): Rate=0.50s, Limit=0.001s, Conversion=0.0015s, RTAB-Map=0.0780s, Maps update=0.0276s pub=0.0139s delay=0.1451s (local map=4, WM=4)
[superpoint_node-2] [INFO] [1768034232.453521111] [superpoint_node]: Keypoints estratti: 800
[superpoint_node-2] [ERROR] [1768034232.459377473] [superpoint_node]: Errore pubblicazione keypoints 3D: could not assign tuple of length 3 to structure with 4 fields.
[superpoint_node-2] [INFO] [1768034232.551460670] [superpoint_node]: Keypoints estratti: 800
[superpoint_node-2] [ERROR] [1768034232.557921443] [superpoint_node]: Errore pubblicazione keypoints 3D: could not assign tuple of length 3 to structure with 4 fields.
[superpoint_node-2] [INFO] [1768034232.651626542] [superpoint_node]: Keypoints estratti: 800
[superpoint_node-2] [ERROR] [1768034232.657250587] [superpoint_node]: Errore pubblicazione keypoints 3D: could not assign tuple of length 3 to structure with 4 fields.
[superpoint_node-2] [INFO] [1768034232.751201484] [superpoint_node]: Keypoints estratti: 800
[superpoint_node-2] [ERROR] [1768034232.757498312] [superpoint_node]: Errore pubblicazione keypoints 3D: could not assign tuple of length 3 to structure with 4 fields.
[superpoint_node-2] [INFO] [1768034232.848241387] [superpoint_node]: Keypoints estratti: 800
[superpoint_node-2] [ERROR] [1768034232.854573493] [superpoint_node]: Errore pubblicazione keypoints 3D: could not assign tuple of length 3 to structure with 4 fields.
[rtabmap-14] [INFO] [1768034232.921708991] [rtabmap]: rtabmap (1411): Rate=0.50s, Limit=0.001s, Conversion=0.0003s, RTAB-Map=0.0444s, Maps update=0.0100s pub=0.0209s delay=0.1205s (local map=2, WM=5)
[superpoint_node-2] [INFO] [1768034232.956941438] [superpoint_node]: Keypoints estratti: 800
[superpoint_node-2] [ERROR] [1768034232.963861438] [superpoint_node]: Errore pubblicazione keypoints 3D: could not assign tuple of length 3 to structure with 4 fields.
[superpoint_node-2] [INFO] [1768034233.056122062] [superpoint_node]: Keypoints estratti: 800
[superpoint_node-2] [ERROR] [1768034233.061990702] [superpoint_node]: Errore pubblicazione keypoints 3D: could not assign tuple of length 3 to structure with 4 fields.
[superpoint_node-2] [INFO] [1768034233.152251921] [superpoint_node]: Keypoints estratti: 800
[superpoint_node-2] [ERROR] [1768034233.157864058] [superpoint_node]: Errore pubblicazione keypoints 3D: could not assign tuple of length 3 to structure with 4 fields.
[rtabmap-14] [33m[ WARN] (2026-01-10 09:37:11.565) CoreWrapper.cpp:1227::odomTFUpdate() Odometry is reset (identity pose detected). Increment map id![0m
[rtabmap-14] [33m[ WARN] (2026-01-10 09:37:12.888) Memory.cpp:2105::forget() Less signatures transferred (1) than added (2)! The working memory cannot decrease in size.[0m
[superpoint_node-2] [INFO] [1768034233.247740349] [superpoint_node]: Keypoints estratti: 800
[superpoint_node-2] [ERROR] [1768034233.253671174] [superpoint_node]: Errore pubblicazione keypoints 3D: could not assign tuple of length 3 to structure with 4 fields.
[superpoint_node-2] [INFO] [1768034233.347049270] [superpoint_node]: Keypoints estratti: 800
[superpoint_node-2] [ERROR] [1768034233.352861224] [superpoint_node]: Errore pubblicazione keypoints 3D: could not assign tuple of length 3 to structure with 4 fields.
[superpoint_node-2] [INFO] [1768034233.447806406] [superpoint_node]: Keypoints estratti: 800
[superpoint_node-2] [ERROR] [1768034233.454214494] [superpoint_node]: Errore pubblicazione keypoints 3D: could not assign tuple of length 3 to structure with 4 fields.
[superpoint_node-2] [INFO] [1768034233.548701340] [superpoint_node]: Keypoints estratti: 800
[rtabmap-14] [INFO] [1768034233.550859561] [rtabmap]: rtabmap (1412): Rate=0.50s, Limit=0.001s, Conversion=0.0002s, RTAB-Map=0.0775s, Maps update=0.0101s pub=0.0138s delay=0.1544s (local map=3, WM=4)
[superpoint_node-2] [ERROR] [1768034233.556303067] [superpoint_node]: Errore pubblicazione keypoints 3D: could not assign tuple of length 3 to structure with 4 fields.
[superpoint_node-2] [INFO] [1768034233.651189435] [superpoint_node]: Keypoints estratti: 800
[superpoint_node-2] [ERROR] [1768034233.657001537] [superpoint_node]: Errore pubblicazione keypoints 3D: could not assign tuple of length 3 to structure with 4 fields.
[superpoint_node-2] [INFO] [1768034233.751429400] [superpoint_node]: Keypoints estratti: 800
[superpoint_node-2] [ERROR] [1768034233.756922981] [superpoint_node]: Errore pubblicazione keypoints 3D: could not assign tuple of length 3 to structure with 4 fields.
[superpoint_node-2] [INFO] [1768034233.894471503] [superpoint_node]: Keypoints estratti: 800
[superpoint_node-2] [ERROR] [1768034233.900680553] [superpoint_node]: Errore pubblicazione keypoints 3D: could not assign tuple of length 3 to structure with 4 fields.
[superpoint_node-2] [INFO] [1768034233.993078752] [superpoint_node]: Keypoints estratti: 800
[superpoint_node-2] [ERROR] [1768034233.999143023] [superpoint_node]: Errore pubblicazione keypoints 3D: could not assign tuple of length 3 to structure with 4 fields.
[rtabmap-14] [INFO] [1768034234.090571437] [rtabmap]: rtabmap (1413): Rate=0.50s, Limit=0.001s, Conversion=0.0008s, RTAB-Map=0.0856s, Maps update=0.0080s pub=0.0166s delay=0.1481s (local map=5, WM=5)
[superpoint_node-2] [INFO] [1768034234.110575892] [superpoint_node]: Keypoints estratti: 800
[superpoint_node-2] [ERROR] [1768034234.116733534] [superpoint_node]: Errore pubblicazione keypoints 3D: could not assign tuple of length 3 to structure with 4 fields.
[superpoint_node-2] [INFO] [1768034234.209585515] [superpoint_node]: Keypoints estratti: 800
[superpoint_node-2] [ERROR] [1768034234.215620433] [superpoint_node]: Errore pubblicazione keypoints 3D: could not assign tuple of length 3 to structure with 4 fields.
[superpoint_node-2] [INFO] [1768034234.305419668] [superpoint_node]: Keypoints estratti: 800
[superpoint_node-2] [ERROR] [1768034234.311191714] [superpoint_node]: Errore pubblicazione keypoints 3D: could not assign tuple of length 3 to structure with 4 fields.
[superpoint_node-2] [INFO] [1768034234.421162164] [superpoint_node]: Keypoints estratti: 800
[superpoint_node-2] [ERROR] [1768034234.426772227] [superpoint_node]: Errore pubblicazione keypoints 3D: could not assign tuple of length 3 to structure with 4 fields.
[superpoint_node-2] [INFO] [1768034234.523499313] [superpoint_node]: Keypoints estratti: 800
[superpoint_node-2] [ERROR] [1768034234.529321378] [superpoint_node]: Errore pubblicazione keypoints 3D: could not assign tuple of length 3 to structure with 4 fields.
[superpoint_node-2] [INFO] [1768034234.622172100] [superpoint_node]: Keypoints estratti: 800
[superpoint_node-2] [ERROR] [1768034234.628843153] [superpoint_node]: Errore pubblicazione keypoints 3D: could not assign tuple of length 3 to structure with 4 fields.
[rtabmap-14] [INFO] [1768034234.635171092] [rtabmap]: rtabmap (1414): Rate=0.50s, Limit=0.001s, Conversion=0.0007s, RTAB-Map=0.0982s, Maps update=0.0073s pub=0.0099s delay=0.1657s (local map=2, WM=4)
[superpoint_node-2] [INFO] [1768034234.724302266] [superpoint_node]: Keypoints estratti: 800
[superpoint_node-2] [ERROR] [1768034234.729600326] [superpoint_node]: Errore pubblicazione keypoints 3D: could not assign tuple of length 3 to structure with 4 fields.
[superpoint_node-2] [INFO] [1768034234.824606583] [superpoint_node]: Keypoints estratti: 800
[superpoint_node-2] [ERROR] [1768034234.830688391] [superpoint_node]: Errore pubblicazione keypoints 3D: could not assign tuple of length 3 to structure with 4 fields.
[superpoint_node-2] [INFO] [1768034234.924032598] [superpoint_node]: Keypoints estratti: 800
[superpoint_node-2] [ERROR] [1768034234.929535049] [superpoint_node]: Errore pubblicazione keypoints 3D: could not assign tuple of length 3 to structure with 4 fields.
[superpoint_node-2] [INFO] [1768034235.022933646] [superpoint_node]: Keypoints estratti: 800
[superpoint_node-2] [ERROR] [1768034235.029003120] [superpoint_node]: Errore pubblicazione keypoints 3D: could not assign tuple of length 3 to structure with 4 fields.
[rtabmap-14] [INFO] [1768034235.125975152] [rtabmap]: rtabmap (1415): Rate=0.50s, Limit=0.001s, Conversion=0.0012s, RTAB-Map=0.0814s, Maps update=0.0192s pub=0.0099s delay=0.1553s (local map=4, WM=4)
[superpoint_node-2] [INFO] [1768034235.131325047] [superpoint_node]: Keypoints estratti: 800
[superpoint_node-2] [ERROR] [1768034235.137236297] [superpoint_node]: Errore pubblicazione keypoints 3D: could not assign tuple of length 3 to structure with 4 fields.
[superpoint_node-2] [INFO] [1768034235.232126887] [superpoint_node]: Keypoints estratti: 800
[superpoint_node-2] [ERROR] [1768034235.238475086] [superpoint_node]: Errore pubblicazione keypoints 3D: could not assign tuple of length 3 to structure with 4 fields.
[superpoint_node-2] [INFO] [1768034235.329820777] [superpoint_node]: Keypoints estratti: 800
[superpoint_node-2] [ERROR] [1768034235.335916640] [superpoint_node]: Errore pubblicazione keypoints 3D: could not assign tuple of length 3 to structure with 4 fields.
[superpoint_node-2] [INFO] [1768034235.429963760] [superpoint_node]: Keypoints estratti: 800
[superpoint_node-2] [ERROR] [1768034235.435409711] [superpoint_node]: Errore pubblicazione keypoints 3D: could not assign tuple of length 3 to structure with 4 fields.
[superpoint_node-2] [INFO] [1768034235.533629772] [superpoint_node]: Keypoints estratti: 800
[superpoint_node-2] [ERROR] [1768034235.540795329] [superpoint_node]: Errore pubblicazione keypoints 3D: could not assign tuple of length 3 to structure with 4 fields.
[rtabmap-14] [INFO] [1768034235.649256638] [rtabmap]: rtabmap (1416): Rate=0.50s, Limit=0.001s, Conversion=0.0003s, RTAB-Map=0.0754s, Maps update=0.0160s pub=0.0146s delay=0.1673s (local map=3, WM=5)
[superpoint_node-2] [INFO] [1768034235.649824439] [superpoint_node]: Keypoints estratti: 800
[superpoint_node-2] [ERROR] [1768034235.657636001] [superpoint_node]: Errore pubblicazione keypoints 3D: could not assign tuple of length 3 to structure with 4 fields.
[superpoint_node-2] [INFO] [1768034235.749971737] [superpoint_node]: Keypoints estratti: 800
[superpoint_node-2] [ERROR] [1768034235.756388343] [superpoint_node]: Errore pubblicazione keypoints 3D: could not assign tuple of length 3 to structure with 4 fields.
[superpoint_node-2] [INFO] [1768034235.848631412] [superpoint_node]: Keypoints estratti: 800
[superpoint_node-2] [ERROR] [1768034235.854397847] [superpoint_node]: Errore pubblicazione keypoints 3D: could not assign tuple of length 3 to structure with 4 fields.
[superpoint_node-2] [INFO] [1768034235.951268230] [superpoint_node]: Keypoints estratti: 800
[superpoint_node-2] [ERROR] [1768034235.956906590] [superpoint_node]: Errore pubblicazione keypoints 3D: could not assign tuple of length 3 to structure with 4 fields.
[superpoint_node-2] [INFO] [1768034236.052999689] [superpoint_node]: Keypoints estratti: 800
[superpoint_node-2] [ERROR] [1768034236.060159468] [superpoint_node]: Errore pubblicazione keypoints 3D: could not assign tuple of length 3 to structure with 4 fields.
[rtabmap-14] [INFO] [1768034236.068919946] [rtabmap]: rtabmap (1417): Rate=0.50s, Limit=0.001s, Conversion=0.0003s, RTAB-Map=0.0436s, Maps update=0.0038s pub=0.0084s delay=0.0710s (local map=4, WM=5)
[superpoint_node-2] [INFO] [1768034236.159704447] [superpoint_node]: Keypoints estratti: 800
[superpoint_node-2] [ERROR] [1768034236.166425945] [superpoint_node]: Errore pubblicazione keypoints 3D: could not assign tuple of length 3 to structure with 4 fields.
[superpoint_node-2] [INFO] [1768034236.258372770] [superpoint_node]: Keypoints estratti: 800
[superpoint_node-2] [ERROR] [1768034236.264531745] [superpoint_node]: Errore pubblicazione keypoints 3D: could not assign tuple of length 3 to structure with 4 fields.
[superpoint_node-2] [INFO] [1768034236.353386861] [superpoint_node]: Keypoints estratti: 800
[superpoint_node-2] [ERROR] [1768034236.359037351] [superpoint_node]: Errore pubblicazione keypoints 3D: could not assign tuple of length 3 to structure with 4 fields.
[superpoint_node-2] [INFO] [1768034236.450960250] [superpoint_node]: Keypoints estratti: 800
[superpoint_node-2] [ERROR] [1768034236.456679388] [superpoint_node]: Errore pubblicazione keypoints 3D: could not assign tuple of length 3 to structure with 4 fields.
[superpoint_node-2] [INFO] [1768034236.552065685] [superpoint_node]: Keypoints estratti: 800
[rtabmap-14] [INFO] [1768034236.558247549] [rtabmap]: rtabmap (1418): Rate=0.50s, Limit=0.001s, Conversion=0.0002s, RTAB-Map=0.0423s, Maps update=0.0020s pub=0.0015s delay=0.0597s (local map=3, WM=5)
[superpoint_node-2] [ERROR] [1768034236.561999376] [superpoint_node]: Errore pubblicazione keypoints 3D: could not assign tuple of length 3 to structure with 4 fields.
[superpoint_node-2] [INFO] [1768034236.654936616] [superpoint_node]: Keypoints estratti: 800
[superpoint_node-2] [ERROR] [1768034236.661149351] [superpoint_node]: Errore pubblicazione keypoints 3D: could not assign tuple of length 3 to structure with 4 fields.
[superpoint_node-2] [INFO] [1768034236.754952691] [superpoint_node]: Keypoints estratti: 800
[superpoint_node-2] [ERROR] [1768034236.761010443] [superpoint_node]: Errore pubblicazione keypoints 3D: could not assign tuple of length 3 to structure with 4 fields.
[superpoint_node-2] [INFO] [1768034236.851846223] [superpoint_node]: Keypoints estratti: 800
[superpoint_node-2] [ERROR] [1768034236.857438730] [superpoint_node]: Errore pubblicazione keypoints 3D: could not assign tuple of length 3 to structure with 4 fields.
[superpoint_node-2] [INFO] [1768034236.957593473] [superpoint_node]: Keypoints estratti: 800
[superpoint_node-2] [ERROR] [1768034236.963690485] [superpoint_node]: Errore pubblicazione keypoints 3D: could not assign tuple of length 3 to structure with 4 fields.
[superpoint_node-2] [INFO] [1768034237.058074737] [superpoint_node]: Keypoints estratti: 800
[superpoint_node-2] [ERROR] [1768034237.064256472] [superpoint_node]: Errore pubblicazione keypoints 3D: could not assign tuple of length 3 to structure with 4 fields.
[rtabmap-14] [INFO] [1768034237.124695675] [rtabmap]: rtabmap (1419): Rate=0.50s, Limit=0.001s, Conversion=0.0005s, RTAB-Map=0.0685s, Maps update=0.0101s pub=0.0009s delay=0.1187s (local map=4, WM=5)
[superpoint_node-2] [INFO] [1768034237.164207602] [superpoint_node]: Keypoints estratti: 800
[superpoint_node-2] [ERROR] [1768034237.170145816] [superpoint_node]: Errore pubblicazione keypoints 3D: could not assign tuple of length 3 to structure with 4 fields.
[superpoint_node-2] [INFO] [1768034237.263890118] [superpoint_node]: Keypoints estratti: 800
[superpoint_node-2] [ERROR] [1768034237.269977259] [superpoint_node]: Errore pubblicazione keypoints 3D: could not assign tuple of length 3 to structure with 4 fields.
[superpoint_node-2] [INFO] [1768034237.360652149] [superpoint_node]: Keypoints estratti: 800
[superpoint_node-2] [ERROR] [1768034237.366345324] [superpoint_node]: Errore pubblicazione keypoints 3D: could not assign tuple of length 3 to structure with 4 fields.
[superpoint_node-2] [INFO] [1768034237.460927763] [superpoint_node]: Keypoints estratti: 800
[superpoint_node-2] [ERROR] [1768034237.467200202] [superpoint_node]: Errore pubblicazione keypoints 3D: could not assign tuple of length 3 to structure with 4 fields.
[superpoint_node-2] [INFO] [1768034237.564155474] [superpoint_node]: Keypoints estratti: 800
[superpoint_node-2] [ERROR] [1768034237.569772723] [superpoint_node]: Errore pubblicazione keypoints 3D: could not assign tuple of length 3 to structure with 4 fields.
[rtabmap-14] [INFO] [1768034237.652949960] [rtabmap]: rtabmap (1420): Rate=0.50s, Limit=0.001s, Conversion=0.0002s, RTAB-Map=0.0691s, Maps update=0.0052s pub=0.0013s delay=0.1408s (local map=3, WM=5)
[superpoint_node-2] [INFO] [1768034237.669205053] [superpoint_node]: Keypoints estratti: 800
[superpoint_node-2] [ERROR] [1768034237.675150952] [superpoint_node]: Errore pubblicazione keypoints 3D: could not assign tuple of length 3 to structure with 4 fields.
[superpoint_node-2] [INFO] [1768034237.768389825] [superpoint_node]: Keypoints estratti: 800
[superpoint_node-2] [ERROR] [1768034237.774724357] [superpoint_node]: Errore pubblicazione keypoints 3D: could not assign tuple of length 3 to structure with 4 fields.
[superpoint_node-2] [INFO] [1768034237.864996446] [superpoint_node]: Keypoints estratti: 800
[superpoint_node-2] [ERROR] [1768034237.870462194] [superpoint_node]: Errore pubblicazione keypoints 3D: could not assign tuple of length 3 to structure with 4 fields.
[superpoint_node-2] [INFO] [1768034237.963870753] [superpoint_node]: Keypoints estratti: 800
[superpoint_node-2] [ERROR] [1768034237.969284667] [superpoint_node]: Errore pubblicazione keypoints 3D: could not assign tuple of length 3 to structure with 4 fields.
[superpoint_node-2] [INFO] [1768034238.059260754] [superpoint_node]: Keypoints estratti: 800
[superpoint_node-2] [ERROR] [1768034238.064796780] [superpoint_node]: Errore pubblicazione keypoints 3D: could not assign tuple of length 3 to structure with 4 fields.
[superpoint_node-2] [INFO] [1768034238.159528850] [superpoint_node]: Keypoints estratti: 800
[superpoint_node-2] [ERROR] [1768034238.165451489] [superpoint_node]: Errore pubblicazione keypoints 3D: could not assign tuple of length 3 to structure with 4 fields.
[rtabmap-14] [33m[ WARN] (2026-01-10 09:37:14.064) Memory.cpp:2105::forget() Less signatures transferred (1) than added (2)! The working memory cannot decrease in size.[0m
[rtabmap-14] [33m[ WARN] (2026-01-10 09:37:14.365) CoreWrapper.cpp:1227::odomTFUpdate() Odometry is reset (identity pose detected). Increment map id![0m
[rtabmap-14] [33m[ WARN] (2026-01-10 09:37:15.617) Memory.cpp:2105::forget() Less signatures transferred (1) than added (2)! The working memory cannot decrease in size.[0m
[rtabmap-14] [INFO] [1768034238.182001844] [rtabmap]: rtabmap (1421): Rate=0.50s, Limit=0.001s, Conversion=0.0003s, RTAB-Map=0.0363s, Maps update=0.0023s pub=0.0009s delay=0.0768s (local map=4, WM=5)
[superpoint_node-2] [INFO] [1768034238.259472572] [superpoint_node]: Keypoints estratti: 800
[superpoint_node-2] [ERROR] [1768034238.265159525] [superpoint_node]: Errore pubblicazione keypoints 3D: could not assign tuple of length 3 to structure with 4 fields.
[superpoint_node-2] [INFO] [1768034238.358660307] [superpoint_node]: Keypoints estratti: 800
[superpoint_node-2] [ERROR] [1768034238.364817708] [superpoint_node]: Errore pubblicazione keypoints 3D: could not assign tuple of length 3 to structure with 4 fields.
[superpoint_node-2] [INFO] [1768034238.455614728] [superpoint_node]: Keypoints estratti: 800
[superpoint_node-2] [ERROR] [1768034238.461028197] [superpoint_node]: Errore pubblicazione keypoints 3D: could not assign tuple of length 3 to structure with 4 fields.
[superpoint_node-2] [INFO] [1768034238.551578123] [superpoint_node]: Keypoints estratti: 800
[superpoint_node-2] [ERROR] [1768034238.557346965] [superpoint_node]: Errore pubblicazione keypoints 3D: could not assign tuple of length 3 to structure with 4 fields.
[superpoint_node-2] [INFO] [1768034238.649036881] [superpoint_node]: Keypoints estratti: 800
[superpoint_node-2] [ERROR] [1768034238.654729186] [superpoint_node]: Errore pubblicazione keypoints 3D: could not assign tuple of length 3 to structure with 4 fields.
[superpoint_node-2] [INFO] [1768034238.747984670] [superpoint_node]: Keypoints estratti: 800
[superpoint_node-2] [ERROR] [1768034238.753904402] [superpoint_node]: Errore pubblicazione keypoints 3D: could not assign tuple of length 3 to structure with 4 fields.
[rtabmap-14] [INFO] [1768034238.794144371] [rtabmap]: rtabmap (1422): Rate=0.50s, Limit=0.001s, Conversion=0.0005s, RTAB-Map=0.0726s, Maps update=0.0011s pub=0.0036s delay=0.0989s (local map=3, WM=5)
[superpoint_node-2] [INFO] [1768034238.851201955] [superpoint_node]: Keypoints estratti: 800
[superpoint_node-2] [ERROR] [1768034238.857047724] [superpoint_node]: Errore pubblicazione keypoints 3D: could not assign tuple of length 3 to structure with 4 fields.
[superpoint_node-2] [INFO] [1768034238.946059878] [superpoint_node]: Keypoints estratti: 800
[superpoint_node-2] [ERROR] [1768034238.951902276] [superpoint_node]: Errore pubblicazione keypoints 3D: could not assign tuple of length 3 to structure with 4 fields.
[superpoint_node-2] [INFO] [1768034239.048493046] [superpoint_node]: Keypoints estratti: 800
[superpoint_node-2] [ERROR] [1768034239.054166592] [superpoint_node]: Errore pubblicazione keypoints 3D: could not assign tuple of length 3 to structure with 4 fields.
[superpoint_node-2] [INFO] [1768034239.145365670] [superpoint_node]: Keypoints estratti: 800
[superpoint_node-2] [ERROR] [1768034239.152348004] [superpoint_node]: Errore pubblicazione keypoints 3D: could not assign tuple of length 3 to structure with 4 fields.
[superpoint_node-2] [INFO] [1768034239.246206826] [superpoint_node]: Keypoints estratti: 800
[superpoint_node-2] [ERROR] [1768034239.252762600] [superpoint_node]: Errore pubblicazione keypoints 3D: could not assign tuple of length 3 to structure with 4 fields.
[superpoint_node-2] [INFO] [1768034239.353423514] [superpoint_node]: Keypoints estratti: 800
[superpoint_node-2] [ERROR] [1768034239.359437173] [superpoint_node]: Errore pubblicazione keypoints 3D: could not assign tuple of length 3 to structure with 4 fields.
[rtabmap-14] [INFO] [1768034239.401594861] [rtabmap]: rtabmap (1423): Rate=0.50s, Limit=0.001s, Conversion=0.0002s, RTAB-Map=0.0746s, Maps update=0.0043s pub=0.0018s delay=0.1071s (local map=4, WM=5)
[superpoint_node-2] [INFO] [1768034239.462394568] [superpoint_node]: Keypoints estratti: 800
[superpoint_node-2] [ERROR] [1768034239.468548450] [superpoint_node]: Errore pubblicazione keypoints 3D: could not assign tuple of length 3 to structure with 4 fields.
[superpoint_node-2] [INFO] [1768034239.563416817] [superpoint_node]: Keypoints estratti: 800
[superpoint_node-2] [ERROR] [1768034239.568917768] [superpoint_node]: Errore pubblicazione keypoints 3D: could not assign tuple of length 3 to structure with 4 fields.
[superpoint_node-2] [INFO] [1768034239.664669735] [superpoint_node]: Keypoints estratti: 800
[superpoint_node-2] [ERROR] [1768034239.670152742] [superpoint_node]: Errore pubblicazione keypoints 3D: could not assign tuple of length 3 to structure with 4 fields.
[superpoint_node-2] [INFO] [1768034239.763464597] [superpoint_node]: Keypoints estratti: 800
[superpoint_node-2] [ERROR] [1768034239.768988011] [superpoint_node]: Errore pubblicazione keypoints 3D: could not assign tuple of length 3 to structure with 4 fields.
[superpoint_node-2] [INFO] [1768034239.865013925] [superpoint_node]: Keypoints estratti: 800
[superpoint_node-2] [ERROR] [1768034239.871339179] [superpoint_node]: Errore pubblicazione keypoints 3D: could not assign tuple of length 3 to structure with 4 fields.
[rtabmap-14] [INFO] [1768034239.925880521] [rtabmap]: rtabmap (1424): Rate=0.50s, Limit=0.001s, Conversion=0.0002s, RTAB-Map=0.0659s, Maps update=0.0070s pub=0.0032s delay=0.1153s (local map=3, WM=5)
[superpoint_node-2] [INFO] [1768034239.972255372] [superpoint_node]: Keypoints estratti: 800
[superpoint_node-2] [ERROR] [1768034239.978873369] [superpoint_node]: Errore pubblicazione keypoints 3D: could not assign tuple of length 3 to structure with 4 fields.
[superpoint_node-2] [INFO] [1768034240.071436033] [superpoint_node]: Keypoints estratti: 800
[superpoint_node-2] [ERROR] [1768034240.078072253] [superpoint_node]: Errore pubblicazione keypoints 3D: could not assign tuple of length 3 to structure with 4 fields.
[superpoint_node-2] [INFO] [1768034240.170498119] [superpoint_node]: Keypoints estratti: 800
[superpoint_node-2] [ERROR] [1768034240.176444629] [superpoint_node]: Errore pubblicazione keypoints 3D: could not assign tuple of length 3 to structure with 4 fields.
[superpoint_node-2] [INFO] [1768034240.269569131] [superpoint_node]: Keypoints estratti: 800
[superpoint_node-2] [ERROR] [1768034240.275447344] [superpoint_node]: Errore pubblicazione keypoints 3D: could not assign tuple of length 3 to structure with 4 fields.
[superpoint_node-2] [INFO] [1768034240.374130372] [superpoint_node]: Keypoints estratti: 800
[superpoint_node-2] [ERROR] [1768034240.381041631] [superpoint_node]: Errore pubblicazione keypoints 3D: could not assign tuple of length 3 to structure with 4 fields.
[rtabmap-14] [INFO] [1768034240.439296521] [rtabmap]: rtabmap (1425): Rate=0.50s, Limit=0.001s, Conversion=0.0008s, RTAB-Map=0.0834s, Maps update=0.0069s pub=0.0048s delay=0.1232s (local map=4, WM=5)
[superpoint_node-2] [INFO] [1768034240.477548344] [superpoint_node]: Keypoints estratti: 800
[superpoint_node-2] [ERROR] [1768034240.483440243] [superpoint_node]: Errore pubblicazione keypoints 3D: could not assign tuple of length 3 to structure with 4 fields.
[superpoint_node-2] [INFO] [1768034240.572135135] [superpoint_node]: Keypoints estratti: 800
[superpoint_node-2] [ERROR] [1768034240.577881033] [superpoint_node]: Errore pubblicazione keypoints 3D: could not assign tuple of length 3 to structure with 4 fields.
[superpoint_node-2] [INFO] [1768034240.670137676] [superpoint_node]: Keypoints estratti: 800
[superpoint_node-2] [ERROR] [1768034240.676090353] [superpoint_node]: Errore pubblicazione keypoints 3D: could not assign tuple of length 3 to structure with 4 fields.
[superpoint_node-2] [INFO] [1768034240.766521833] [superpoint_node]: Keypoints estratti: 800
[superpoint_node-2] [ERROR] [1768034240.772151804] [superpoint_node]: Errore pubblicazione keypoints 3D: could not assign tuple of length 3 to structure with 4 fields.
[superpoint_node-2] [INFO] [1768034240.866124201] [superpoint_node]: Keypoints estratti: 800
[superpoint_node-2] [ERROR] [1768034240.872023803] [superpoint_node]: Errore pubblicazione keypoints 3D: could not assign tuple of length 3 to structure with 4 fields.
[superpoint_node-2] [INFO] [1768034240.965212879] [superpoint_node]: Keypoints estratti: 800
[superpoint_node-2] [ERROR] [1768034240.971569930] [superpoint_node]: Errore pubblicazione keypoints 3D: could not assign tuple of length 3 to structure with 4 fields.
[rtabmap-14] [INFO] [1768034241.046523120] [rtabmap]: rtabmap (1426): Rate=0.50s, Limit=0.001s, Conversion=0.0005s, RTAB-Map=0.0935s, Maps update=0.0005s pub=0.0011s delay=0.1333s (local map=3, WM=5)
[superpoint_node-2] [INFO] [1768034241.072227177] [superpoint_node]: Keypoints estratti: 800
[superpoint_node-2] [ERROR] [1768034241.078393856] [superpoint_node]: Errore pubblicazione keypoints 3D: could not assign tuple of length 3 to structure with 4 fields.
[superpoint_node-2] [INFO] [1768034241.168698816] [superpoint_node]: Keypoints estratti: 800
[superpoint_node-2] [ERROR] [1768034241.174886847] [superpoint_node]: Errore pubblicazione keypoints 3D: could not assign tuple of length 3 to structure with 4 fields.
[superpoint_node-2] [INFO] [1768034241.268349240] [superpoint_node]: Keypoints estratti: 800
[superpoint_node-2] [ERROR] [1768034241.274325862] [superpoint_node]: Errore pubblicazione keypoints 3D: could not assign tuple of length 3 to structure with 4 fields.
[superpoint_node-2] [INFO] [1768034241.364308524] [superpoint_node]: Keypoints estratti: 800
[superpoint_node-2] [ERROR] [1768034241.369665622] [superpoint_node]: Errore pubblicazione keypoints 3D: could not assign tuple of length 3 to structure with 4 fields.
[superpoint_node-2] [INFO] [1768034241.494152447] [superpoint_node]: Keypoints estratti: 800
[superpoint_node-2] [ERROR] [1768034241.500173310] [superpoint_node]: Errore pubblicazione keypoints 3D: could not assign tuple of length 3 to structure with 4 fields.
[rtabmap-14] [INFO] [1768034241.592571528] [rtabmap]: rtabmap (1427): Rate=0.50s, Limit=0.001s, Conversion=0.0002s, RTAB-Map=0.0716s, Maps update=0.0009s pub=0.0027s delay=0.1450s (local map=4, WM=5)
[superpoint_node-2] [INFO] [1768034241.602504533] [superpoint_node]: Keypoints estratti: 800
[superpoint_node-2] [ERROR] [1768034241.608774398] [superpoint_node]: Errore pubblicazione keypoints 3D: could not assign tuple of length 3 to structure with 4 fields.
[superpoint_node-2] [INFO] [1768034241.702878278] [superpoint_node]: Keypoints estratti: 800
[superpoint_node-2] [ERROR] [1768034241.709700536] [superpoint_node]: Errore pubblicazione keypoints 3D: could not assign tuple of length 3 to structure with 4 fields.
[superpoint_node-2] [INFO] [1768034241.801427285] [superpoint_node]: Keypoints estratti: 800
[superpoint_node-2] [ERROR] [1768034241.808391026] [superpoint_node]: Errore pubblicazione keypoints 3D: could not assign tuple of length 3 to structure with 4 fields.
[superpoint_node-2] [INFO] [1768034241.900214814] [superpoint_node]: Keypoints estratti: 800
[superpoint_node-2] [ERROR] [1768034241.905695635] [superpoint_node]: Errore pubblicazione keypoints 3D: could not assign tuple of length 3 to structure with 4 fields.
[superpoint_node-2] [INFO] [1768034241.997558701] [superpoint_node]: Keypoints estratti: 800
[superpoint_node-2] [ERROR] [1768034242.003418488] [superpoint_node]: Errore pubblicazione keypoints 3D: could not assign tuple of length 3 to structure with 4 fields.
[superpoint_node-2] [INFO] [1768034242.101999163] [superpoint_node]: Keypoints estratti: 800
[superpoint_node-2] [ERROR] [1768034242.109362203] [superpoint_node]: Errore pubblicazione keypoints 3D: could not assign tuple of length 3 to structure with 4 fields.
[rtabmap-14] [INFO] [1768034242.173953699] [rtabmap]: rtabmap (1428): Rate=0.50s, Limit=0.001s, Conversion=0.0007s, RTAB-Map=0.0767s, Maps update=0.0095s pub=0.0009s delay=0.1309s (local map=3, WM=5)
[superpoint_node-2] [INFO] [1768034242.209909467] [superpoint_node]: Keypoints estratti: 800
[superpoint_node-2] [ERROR] [1768034242.215514308] [superpoint_node]: Errore pubblicazione keypoints 3D: could not assign tuple of length 3 to structure with 4 fields.
[superpoint_node-2] [INFO] [1768034242.305371654] [superpoint_node]: Keypoints estratti: 800
[superpoint_node-2] [ERROR] [1768034242.311501573] [superpoint_node]: Errore pubblicazione keypoints 3D: could not assign tuple of length 3 to structure with 4 fields.
[superpoint_node-2] [INFO] [1768034242.418760965] [superpoint_node]: Keypoints estratti: 800
[superpoint_node-2] [ERROR] [1768034242.424807791] [superpoint_node]: Errore pubblicazione keypoints 3D: could not assign tuple of length 3 to structure with 4 fields.
[superpoint_node-2] [INFO] [1768034242.525415149] [superpoint_node]: Keypoints estratti: 800
[superpoint_node-2] [ERROR] [1768034242.531623421] [superpoint_node]: Errore pubblicazione keypoints 3D: could not assign tuple of length 3 to structure with 4 fields.
[superpoint_node-2] [INFO] [1768034242.625423076] [superpoint_node]: Keypoints estratti: 800
[superpoint_node-2] [ERROR] [1768034242.632684745] [superpoint_node]: Errore pubblicazione keypoints 3D: could not assign tuple of length 3 to structure with 4 fields.
[rtabmap-14] [INFO] [1768034242.698766345] [rtabmap]: rtabmap (1429): Rate=0.50s, Limit=0.001s, Conversion=0.0002s, RTAB-Map=0.0544s, Maps update=0.0144s pub=0.0168s delay=0.1249s (local map=3, WM=4)
[superpoint_node-2] [INFO] [1768034242.736131199] [superpoint_node]: Keypoints estratti: 800
[superpoint_node-2] [ERROR] [1768034242.743029513] [superpoint_node]: Errore pubblicazione keypoints 3D: could not assign tuple of length 3 to structure with 4 fields.
[superpoint_node-2] [INFO] [1768034242.841617206] [superpoint_node]: Keypoints estratti: 800
[superpoint_node-2] [ERROR] [1768034242.847740144] [superpoint_node]: Errore pubblicazione keypoints 3D: could not assign tuple of length 3 to structure with 4 fields.
[superpoint_node-2] [INFO] [1768034242.938482978] [superpoint_node]: Keypoints estratti: 800
[superpoint_node-2] [ERROR] [1768034242.944628842] [superpoint_node]: Errore pubblicazione keypoints 3D: could not assign tuple of length 3 to structure with 4 fields.
[superpoint_node-2] [INFO] [1768034243.035561160] [superpoint_node]: Keypoints estratti: 800
[superpoint_node-2] [ERROR] [1768034243.042097952] [superpoint_node]: Errore pubblicazione keypoints 3D: could not assign tuple of length 3 to structure with 4 fields.
[superpoint_node-2] [INFO] [1768034243.138231571] [superpoint_node]: Keypoints estratti: 800
[superpoint_node-2] [ERROR] [1768034243.145090310] [superpoint_node]: Errore pubblicazione keypoints 3D: could not assign tuple of length 3 to structure with 4 fields.
[rtabmap-14] [33m[ WARN] (2026-01-10 09:37:22.364) CoreWrapper.cpp:1227::odomTFUpdate() Odometry is reset (identity pose detected). Increment map id![0m
[rtabmap-14] [INFO] [1768034243.220589116] [rtabmap]: rtabmap (1430): Rate=0.50s, Limit=0.001s, Conversion=0.0002s, RTAB-Map=0.0802s, Maps update=0.0163s pub=0.0139s delay=0.1351s (local map=5, WM=5)
[superpoint_node-2] [INFO] [1768034243.245200220] [superpoint_node]: Keypoints estratti: 800
[superpoint_node-2] [ERROR] [1768034243.251447492] [superpoint_node]: Errore pubblicazione keypoints 3D: could not assign tuple of length 3 to structure with 4 fields.
[superpoint_node-2] [INFO] [1768034243.346899215] [superpoint_node]: Keypoints estratti: 800
[superpoint_node-2] [ERROR] [1768034243.353053653] [superpoint_node]: Errore pubblicazione keypoints 3D: could not assign tuple of length 3 to structure with 4 fields.
[superpoint_node-2] [INFO] [1768034243.444655254] [superpoint_node]: Keypoints estratti: 800
[superpoint_node-2] [ERROR] [1768034243.451786125] [superpoint_node]: Errore pubblicazione keypoints 3D: could not assign tuple of length 3 to structure with 4 fields.
[superpoint_node-2] [INFO] [1768034243.544838941] [superpoint_node]: Keypoints estratti: 800
[superpoint_node-2] [ERROR] [1768034243.550835156] [superpoint_node]: Errore pubblicazione keypoints 3D: could not assign tuple of length 3 to structure with 4 fields.
[superpoint_node-2] [INFO] [1768034243.647387222] [superpoint_node]: Keypoints estratti: 800
[superpoint_node-2] [ERROR] [1768034243.653948533] [superpoint_node]: Errore pubblicazione keypoints 3D: could not assign tuple of length 3 to structure with 4 fields.
[rtabmap-14] [INFO] [1768034243.748970439] [rtabmap]: rtabmap (1431): Rate=0.50s, Limit=0.001s, Conversion=0.0002s, RTAB-Map=0.0818s, Maps update=0.0306s pub=0.0178s delay=0.1578s (local map=3, WM=6)
[superpoint_node-2] [INFO] [1768034243.759724228] [superpoint_node]: Keypoints estratti: 800
[superpoint_node-2] [ERROR] [1768034243.765329958] [superpoint_node]: Errore pubblicazione keypoints 3D: could not assign tuple of length 3 to structure with 4 fields.
[superpoint_node-2] [INFO] [1768034243.856042774] [superpoint_node]: Keypoints estratti: 800
[superpoint_node-2] [ERROR] [1768034243.862013673] [superpoint_node]: Errore pubblicazione keypoints 3D: could not assign tuple of length 3 to structure with 4 fields.
[superpoint_node-2] [INFO] [1768034243.957301988] [superpoint_node]: Keypoints estratti: 800
[superpoint_node-2] [ERROR] [1768034243.964234618] [superpoint_node]: Errore pubblicazione keypoints 3D: could not assign tuple of length 3 to structure with 4 fields.
[superpoint_node-2] [INFO] [1768034244.057878734] [superpoint_node]: Keypoints estratti: 800
[superpoint_node-2] [ERROR] [1768034244.063637632] [superpoint_node]: Errore pubblicazione keypoints 3D: could not assign tuple of length 3 to structure with 4 fields.
[superpoint_node-2] [INFO] [1768034244.159429544] [superpoint_node]: Keypoints estratti: 800
[superpoint_node-2] [ERROR] [1768034244.165892021] [superpoint_node]: Errore pubblicazione keypoints 3D: could not assign tuple of length 3 to structure with 4 fields.
[rtabmap-14] [INFO] [1768034244.257887366] [rtabmap]: rtabmap (1432): Rate=0.50s, Limit=0.001s, Conversion=0.0002s, RTAB-Map=0.0803s, Maps update=0.0083s pub=0.0195s delay=0.1541s (local map=5, WM=5)
[superpoint_node-2] [INFO] [1768034244.268043243] [superpoint_node]: Keypoints estratti: 800
[superpoint_node-2] [ERROR] [1768034244.274233107] [superpoint_node]: Errore pubblicazione keypoints 3D: could not assign tuple of length 3 to structure with 4 fields.
[superpoint_node-2] [INFO] [1768034244.365631206] [superpoint_node]: Keypoints estratti: 800
[superpoint_node-2] [ERROR] [1768034244.371300566] [superpoint_node]: Errore pubblicazione keypoints 3D: could not assign tuple of length 3 to structure with 4 fields.
[superpoint_node-2] [INFO] [1768034244.465992099] [superpoint_node]: Keypoints estratti: 800
[superpoint_node-2] [ERROR] [1768034244.471325011] [superpoint_node]: Errore pubblicazione keypoints 3D: could not assign tuple of length 3 to structure with 4 fields.
[superpoint_node-2] [INFO] [1768034244.566845514] [superpoint_node]: Keypoints estratti: 800
[superpoint_node-2] [ERROR] [1768034244.572497207] [superpoint_node]: Errore pubblicazione keypoints 3D: could not assign tuple of length 3 to structure with 4 fields.
[superpoint_node-2] [INFO] [1768034244.667589280] [superpoint_node]: Keypoints estratti: 800
[superpoint_node-2] [ERROR] [1768034244.673528012] [superpoint_node]: Errore pubblicazione keypoints 3D: could not assign tuple of length 3 to structure with 4 fields.
[rtabmap-14] [INFO] [1768034244.757249235] [rtabmap]: rtabmap (1433): Rate=0.50s, Limit=0.001s, Conversion=0.0002s, RTAB-Map=0.0788s, Maps update=0.0008s pub=0.0019s delay=0.1422s (local map=3, WM=6)
[superpoint_node-2] [INFO] [1768034244.779076039] [superpoint_node]: Keypoints estratti: 800
[superpoint_node-2] [ERROR] [1768034244.785317940] [superpoint_node]: Errore pubblicazione keypoints 3D: could not assign tuple of length 3 to structure with 4 fields.
[superpoint_node-2] [INFO] [1768034244.913174533] [superpoint_node]: Keypoints estratti: 800
[superpoint_node-2] [ERROR] [1768034244.918908431] [superpoint_node]: Errore pubblicazione keypoints 3D: could not assign tuple of length 3 to structure with 4 fields.
[superpoint_node-2] [INFO] [1768034245.013884410] [superpoint_node]: Keypoints estratti: 800
[superpoint_node-2] [ERROR] [1768034245.019417066] [superpoint_node]: Errore pubblicazione keypoints 3D: could not assign tuple of length 3 to structure with 4 fields.
[superpoint_node-2] [INFO] [1768034245.111667134] [superpoint_node]: Keypoints estratti: 800
[superpoint_node-2] [ERROR] [1768034245.117265216] [superpoint_node]: Errore pubblicazione keypoints 3D: could not assign tuple of length 3 to structure with 4 fields.
[superpoint_node-2] [INFO] [1768034245.210369939] [superpoint_node]: Keypoints estratti: 800
[superpoint_node-2] [ERROR] [1768034245.216109911] [superpoint_node]: Errore pubblicazione keypoints 3D: could not assign tuple of length 3 to structure with 4 fields.
[rtabmap-14] [INFO] [1768034245.224885277] [rtabmap]: rtabmap (1434): Rate=0.50s, Limit=0.001s, Conversion=0.0002s, RTAB-Map=0.0439s, Maps update=0.0008s pub=0.0012s delay=0.0662s (local map=5, WM=5)
[superpoint_node-2] [INFO] [1768034245.310866370] [superpoint_node]: Keypoints estratti: 800
[superpoint_node-2] [ERROR] [1768034245.316188987] [superpoint_node]: Errore pubblicazione keypoints 3D: could not assign tuple of length 3 to structure with 4 fields.
[superpoint_node-2] [INFO] [1768034245.406056518] [superpoint_node]: Keypoints estratti: 800
[superpoint_node-2] [ERROR] [1768034245.411745285] [superpoint_node]: Errore pubblicazione keypoints 3D: could not assign tuple of length 3 to structure with 4 fields.
[superpoint_node-2] [INFO] [1768034245.501224943] [superpoint_node]: Keypoints estratti: 800
[superpoint_node-2] [ERROR] [1768034245.507343270] [superpoint_node]: Errore pubblicazione keypoints 3D: could not assign tuple of length 3 to structure with 4 fields.
[superpoint_node-2] [INFO] [1768034245.621944276] [superpoint_node]: Keypoints estratti: 800
[superpoint_node-2] [ERROR] [1768034245.627425245] [superpoint_node]: Errore pubblicazione keypoints 3D: could not assign tuple of length 3 to structure with 4 fields.
[superpoint_node-2] [INFO] [1768034245.726064143] [superpoint_node]: Keypoints estratti: 800
[superpoint_node-2] [ERROR] [1768034245.731685817] [superpoint_node]: Errore pubblicazione keypoints 3D: could not assign tuple of length 3 to structure with 4 fields.
[rtabmap-14] [INFO] [1768034245.829384874] [rtabmap]: rtabmap (1435): Rate=0.50s, Limit=0.001s, Conversion=0.0002s, RTAB-Map=0.0949s, Maps update=0.0051s pub=0.0155s delay=0.1599s (local map=2, WM=4)
[superpoint_node-2] [INFO] [1768034245.836636191] [superpoint_node]: Keypoints estratti: 800
[superpoint_node-2] [ERROR] [1768034245.842934185] [superpoint_node]: Errore pubblicazione keypoints 3D: could not assign tuple of length 3 to structure with 4 fields.
[superpoint_node-2] [INFO] [1768034245.933207035] [superpoint_node]: Keypoints estratti: 800
[superpoint_node-2] [ERROR] [1768034245.940241980] [superpoint_node]: Errore pubblicazione keypoints 3D: could not assign tuple of length 3 to structure with 4 fields.
[superpoint_node-2] [INFO] [1768034246.034687603] [superpoint_node]: Keypoints estratti: 800
[superpoint_node-2] [ERROR] [1768034246.041598732] [superpoint_node]: Errore pubblicazione keypoints 3D: could not assign tuple of length 3 to structure with 4 fields.
[superpoint_node-2] [INFO] [1768034246.135366739] [superpoint_node]: Keypoints estratti: 800
[superpoint_node-2] [ERROR] [1768034246.141871087] [superpoint_node]: Errore pubblicazione keypoints 3D: could not assign tuple of length 3 to structure with 4 fields.
[superpoint_node-2] [INFO] [1768034246.232510143] [superpoint_node]: Keypoints estratti: 800
[superpoint_node-2] [ERROR] [1768034246.238078946] [superpoint_node]: Errore pubblicazione keypoints 3D: could not assign tuple of length 3 to structure with 4 fields.
[rtabmap-14] [INFO] [1768034246.320046748] [rtabmap]: rtabmap (1436): Rate=0.50s, Limit=0.001s, Conversion=0.0002s, RTAB-Map=0.0404s, Maps update=0.0232s pub=0.0119s delay=0.1367s (local map=4, WM=4)
[superpoint_node-2] [INFO] [1768034246.342373259] [superpoint_node]: Keypoints estratti: 800
[superpoint_node-2] [ERROR] [1768034246.348981367] [superpoint_node]: Errore pubblicazione keypoints 3D: could not assign tuple of length 3 to structure with 4 fields.
[superpoint_node-2] [INFO] [1768034246.448073991] [superpoint_node]: Keypoints estratti: 800
[superpoint_node-2] [ERROR] [1768034246.454473060] [superpoint_node]: Errore pubblicazione keypoints 3D: could not assign tuple of length 3 to structure with 4 fields.
[superpoint_node-2] [INFO] [1768034246.549963506] [superpoint_node]: Keypoints estratti: 800
[superpoint_node-2] [ERROR] [1768034246.555604033] [superpoint_node]: Errore pubblicazione keypoints 3D: could not assign tuple of length 3 to structure with 4 fields.
[superpoint_node-2] [INFO] [1768034246.649944322] [superpoint_node]: Keypoints estratti: 800
[superpoint_node-2] [ERROR] [1768034246.655612923] [superpoint_node]: Errore pubblicazione keypoints 3D: could not assign tuple of length 3 to structure with 4 fields.
[superpoint_node-2] [INFO] [1768034246.777990380] [superpoint_node]: Keypoints estratti: 800
[superpoint_node-2] [ERROR] [1768034246.783971335] [superpoint_node]: Errore pubblicazione keypoints 3D: could not assign tuple of length 3 to structure with 4 fields.
[foxglove_bridge-12] [INFO] [1768034246.789514564] [foxglove_bridge]: publishing connection graph
[rtabmap-14] [INFO] [1768034246.886671876] [rtabmap]: rtabmap (1437): Rate=0.50s, Limit=0.001s, Conversion=0.0002s, RTAB-Map=0.0730s, Maps update=0.0155s pub=0.0168s delay=0.1723s (local map=4, WM=5)
[superpoint_node-2] [INFO] [1768034246.886895451] [superpoint_node]: Keypoints estratti: 800
[superpoint_node-2] [ERROR] [1768034246.893738524] [superpoint_node]: Errore pubblicazione keypoints 3D: could not assign tuple of length 3 to structure with 4 fields.
[superpoint_node-2] [INFO] [1768034247.003970922] [superpoint_node]: Keypoints estratti: 800
[superpoint_node-2] [ERROR] [1768034247.010257268] [superpoint_node]: Errore pubblicazione keypoints 3D: could not assign tuple of length 3 to structure with 4 fields.
[superpoint_node-2] [INFO] [1768034247.099910279] [superpoint_node]: Keypoints estratti: 800
[superpoint_node-2] [ERROR] [1768034247.105372119] [superpoint_node]: Errore pubblicazione keypoints 3D: could not assign tuple of length 3 to structure with 4 fields.
[superpoint_node-2] [INFO] [1768034247.207128374] [superpoint_node]: Keypoints estratti: 800
[superpoint_node-2] [ERROR] [1768034247.213070959] [superpoint_node]: Errore pubblicazione keypoints 3D: could not assign tuple of length 3 to structure with 4 fields.
[superpoint_node-2] [INFO] [1768034247.316233337] [superpoint_node]: Keypoints estratti: 800
[superpoint_node-2] [ERROR] [1768034247.323415412] [superpoint_node]: Errore pubblicazione keypoints 3D: could not assign tuple of length 3 to structure with 4 fields.
[foxglove_bridge-12] [INFO] [1768034247.325141315] [foxglove_bridge]: publishing connection graph
[rtabmap-14] [INFO] [1768034247.420619650] [rtabmap]: rtabmap (1438): Rate=0.50s, Limit=0.001s, Conversion=0.0004s, RTAB-Map=0.0765s, Maps update=0.0060s pub=0.0197s delay=0.1600s (local map=4, WM=5)
[superpoint_node-2] [INFO] [1768034247.426822181] [superpoint_node]: Keypoints estratti: 800
[superpoint_node-2] [ERROR] [1768034247.432376429] [superpoint_node]: Errore pubblicazione keypoints 3D: could not assign tuple of length 3 to structure with 4 fields.
[superpoint_node-2] [INFO] [1768034247.521550992] [superpoint_node]: Keypoints estratti: 800
[superpoint_node-2] [ERROR] [1768034247.527023369] [superpoint_node]: Errore pubblicazione keypoints 3D: could not assign tuple of length 3 to structure with 4 fields.
[superpoint_node-2] [INFO] [1768034247.618230244] [superpoint_node]: Keypoints estratti: 800
[superpoint_node-2] [ERROR] [1768034247.623883789] [superpoint_node]: Errore pubblicazione keypoints 3D: could not assign tuple of length 3 to structure with 4 fields.
[superpoint_node-2] [INFO] [1768034247.718429672] [superpoint_node]: Keypoints estratti: 800
[superpoint_node-2] [ERROR] [1768034247.723833012] [superpoint_node]: Errore pubblicazione keypoints 3D: could not assign tuple of length 3 to structure with 4 fields.
[superpoint_node-2] [INFO] [1768034247.820640765] [superpoint_node]: Keypoints estratti: 800
[superpoint_node-2] [ERROR] [1768034247.827504208] [superpoint_node]: Errore pubblicazione keypoints 3D: could not assign tuple of length 3 to structure with 4 fields.
[rtabmap-14] [INFO] [1768034247.846124820] [rtabmap]: rtabmap (1439): Rate=0.50s, Limit=0.001s, Conversion=0.0002s, RTAB-Map=0.0326s, Maps update=0.0006s pub=0.0010s delay=0.0766s (local map=4, WM=5)
[superpoint_node-2] [INFO] [1768034247.921715459] [superpoint_node]: Keypoints estratti: 800
[superpoint_node-2] [ERROR] [1768034247.928277623] [superpoint_node]: Errore pubblicazione keypoints 3D: could not assign tuple of length 3 to structure with 4 fields.
[superpoint_node-2] [INFO] [1768034248.020145392] [superpoint_node]: Keypoints estratti: 800
[superpoint_node-2] [ERROR] [1768034248.025624565] [superpoint_node]: Errore pubblicazione keypoints 3D: could not assign tuple of length 3 to structure with 4 fields.
[superpoint_node-2] [INFO] [1768034248.118880957] [superpoint_node]: Keypoints estratti: 800
[superpoint_node-2] [ERROR] [1768034248.124649318] [superpoint_node]: Errore pubblicazione keypoints 3D: could not assign tuple of length 3 to structure with 4 fields.
[rtabmap-14] [33m[ WARN] (2026-01-10 09:37:23.183) Memory.cpp:2105::forget() Less signatures transferred (1) than added (2)! The working memory cannot decrease in size.[0m
[rtabmap-14] [33m[ WARN] (2026-01-10 09:37:23.695) Memory.cpp:2105::forget() Less signatures transferred (2) than added (3)! The working memory cannot decrease in size.[0m
[rtabmap-14] [33m[ WARN] (2026-01-10 09:37:24.749) Memory.cpp:2105::forget() Less signatures transferred (2) than added (3)! The working memory cannot decrease in size.[0m
[rtabmap-14] [33m[ WARN] (2026-01-10 09:37:25.560) CoreWrapper.cpp:1227::odomTFUpdate() Odometry is reset (identity pose detected). Increment map id![0m
[rtabmap-14] [33m[ WARN] (2026-01-10 09:37:26.851) Memory.cpp:2105::forget() Less signatures transferred (1) than added (2)! The working memory cannot decrease in size.[0m
[superpoint_node-2] [INFO] [1768034248.250472284] [superpoint_node]: Keypoints estratti: 800
[superpoint_node-2] [ERROR] [1768034248.256329516] [superpoint_node]: Errore pubblicazione keypoints 3D: could not assign tuple of length 3 to structure with 4 fields.
[superpoint_node-2] [INFO] [1768034248.347445872] [superpoint_node]: Keypoints estratti: 800
[rtabmap-14] [INFO] [1768034248.351213235] [rtabmap]: rtabmap (1440): Rate=0.50s, Limit=0.001s, Conversion=0.0002s, RTAB-Map=0.0365s, Maps update=0.0003s pub=0.0011s delay=0.0550s (local map=4, WM=5)
[superpoint_node-2] [ERROR] [1768034248.354128314] [superpoint_node]: Errore pubblicazione keypoints 3D: could not assign tuple of length 3 to structure with 4 fields.
[superpoint_node-2] [INFO] [1768034248.445849934] [superpoint_node]: Keypoints estratti: 800
[superpoint_node-2] [ERROR] [1768034248.453017269] [superpoint_node]: Errore pubblicazione keypoints 3D: could not assign tuple of length 3 to structure with 4 fields.
[superpoint_node-2] [INFO] [1768034248.544698851] [superpoint_node]: Keypoints estratti: 800
[superpoint_node-2] [ERROR] [1768034248.551309219] [superpoint_node]: Errore pubblicazione keypoints 3D: could not assign tuple of length 3 to structure with 4 fields.
[superpoint_node-2] [INFO] [1768034248.638339246] [superpoint_node]: Keypoints estratti: 800
[superpoint_node-2] [ERROR] [1768034248.644726519] [superpoint_node]: Errore pubblicazione keypoints 3D: could not assign tuple of length 3 to structure with 4 fields.
[superpoint_node-2] [INFO] [1768034248.732125882] [superpoint_node]: Keypoints estratti: 800
[superpoint_node-2] [ERROR] [1768034248.737716575] [superpoint_node]: Errore pubblicazione keypoints 3D: could not assign tuple of length 3 to structure with 4 fields.
[superpoint_node-2] [INFO] [1768034248.920066436] [superpoint_node]: Keypoints estratti: 800
[superpoint_node-2] [ERROR] [1768034248.926030613] [superpoint_node]: Errore pubblicazione keypoints 3D: could not assign tuple of length 3 to structure with 4 fields.
[rtabmap-14] [INFO] [1768034248.929523437] [rtabmap]: rtabmap (1441): Rate=0.50s, Limit=0.001s, Conversion=0.0002s, RTAB-Map=0.0376s, Maps update=0.0024s pub=0.0010s delay=0.0600s (local map=4, WM=5)
[superpoint_node-2] [INFO] [1768034249.017163229] [superpoint_node]: Keypoints estratti: 800
[superpoint_node-2] [ERROR] [1768034249.023298814] [superpoint_node]: Errore pubblicazione keypoints 3D: could not assign tuple of length 3 to structure with 4 fields.
[superpoint_node-2] [INFO] [1768034249.114686154] [superpoint_node]: Keypoints estratti: 800
[superpoint_node-2] [ERROR] [1768034249.120414070] [superpoint_node]: Errore pubblicazione keypoints 3D: could not assign tuple of length 3 to structure with 4 fields.
[superpoint_node-2] [INFO] [1768034249.216407687] [superpoint_node]: Keypoints estratti: 800
[superpoint_node-2] [ERROR] [1768034249.222049028] [superpoint_node]: Errore pubblicazione keypoints 3D: could not assign tuple of length 3 to structure with 4 fields.
[superpoint_node-2] [INFO] [1768034249.318292425] [superpoint_node]: Keypoints estratti: 800
[superpoint_node-2] [ERROR] [1768034249.323993878] [superpoint_node]: Errore pubblicazione keypoints 3D: could not assign tuple of length 3 to structure with 4 fields.
[superpoint_node-2] [INFO] [1768034249.419542029] [superpoint_node]: Keypoints estratti: 800
[superpoint_node-2] [ERROR] [1768034249.424963794] [superpoint_node]: Errore pubblicazione keypoints 3D: could not assign tuple of length 3 to structure with 4 fields.
[superpoint_node-2] [INFO] [1768034249.518342279] [superpoint_node]: Keypoints estratti: 800
[superpoint_node-2] [ERROR] [1768034249.524104510] [superpoint_node]: Errore pubblicazione keypoints 3D: could not assign tuple of length 3 to structure with 4 fields.
[rtabmap-14] [INFO] [1768034249.594899223] [rtabmap]: rtabmap (1442): Rate=0.50s, Limit=0.001s, Conversion=0.0002s, RTAB-Map=0.0739s, Maps update=0.0025s pub=0.0017s delay=0.1255s (local map=4, WM=5)
[superpoint_node-2] [INFO] [1768034249.618930192] [superpoint_node]: Keypoints estratti: 800
[superpoint_node-2] [ERROR] [1768034249.624579293] [superpoint_node]: Errore pubblicazione keypoints 3D: could not assign tuple of length 3 to structure with 4 fields.
[superpoint_node-2] [INFO] [1768034249.718952915] [superpoint_node]: Keypoints estratti: 800
[superpoint_node-2] [ERROR] [1768034249.724581923] [superpoint_node]: Errore pubblicazione keypoints 3D: could not assign tuple of length 3 to structure with 4 fields.
[superpoint_node-2] [INFO] [1768034249.819432346] [superpoint_node]: Keypoints estratti: 800
[superpoint_node-2] [ERROR] [1768034249.824919427] [superpoint_node]: Errore pubblicazione keypoints 3D: could not assign tuple of length 3 to structure with 4 fields.
[superpoint_node-2] [INFO] [1768034249.924149495] [superpoint_node]: Keypoints estratti: 800
[superpoint_node-2] [ERROR] [1768034249.929656965] [superpoint_node]: Errore pubblicazione keypoints 3D: could not assign tuple of length 3 to structure with 4 fields.
[superpoint_node-2] [INFO] [1768034250.022694559] [superpoint_node]: Keypoints estratti: 800
[superpoint_node-2] [ERROR] [1768034250.028602161] [superpoint_node]: Errore pubblicazione keypoints 3D: could not assign tuple of length 3 to structure with 4 fields.
[rtabmap-14] [INFO] [1768034250.063289475] [rtabmap]: rtabmap (1443): Rate=0.50s, Limit=0.001s, Conversion=0.0002s, RTAB-Map=0.0443s, Maps update=0.0003s pub=0.0009s delay=0.0906s (local map=4, WM=5)
[superpoint_node-2] [INFO] [1768034250.123418232] [superpoint_node]: Keypoints estratti: 800
[superpoint_node-2] [ERROR] [1768034250.129736394] [superpoint_node]: Errore pubblicazione keypoints 3D: could not assign tuple of length 3 to structure with 4 fields.
[superpoint_node-2] [INFO] [1768034250.221044436] [superpoint_node]: Keypoints estratti: 800
[superpoint_node-2] [ERROR] [1768034250.226631129] [superpoint_node]: Errore pubblicazione keypoints 3D: could not assign tuple of length 3 to structure with 4 fields.
[superpoint_node-2] [INFO] [1768034250.316451900] [superpoint_node]: Keypoints estratti: 800
[superpoint_node-2] [ERROR] [1768034250.321989185] [superpoint_node]: Errore pubblicazione keypoints 3D: could not assign tuple of length 3 to structure with 4 fields.
[superpoint_node-2] [INFO] [1768034250.416799219] [superpoint_node]: Keypoints estratti: 800
[superpoint_node-2] [ERROR] [1768034250.422107502] [superpoint_node]: Errore pubblicazione keypoints 3D: could not assign tuple of length 3 to structure with 4 fields.
[superpoint_node-2] [INFO] [1768034250.518581141] [superpoint_node]: Keypoints estratti: 800
[superpoint_node-2] [ERROR] [1768034250.524163945] [superpoint_node]: Errore pubblicazione keypoints 3D: could not assign tuple of length 3 to structure with 4 fields.
[superpoint_node-2] [INFO] [1768034250.616569108] [superpoint_node]: Keypoints estratti: 800
[superpoint_node-2] [ERROR] [1768034250.622076207] [superpoint_node]: Errore pubblicazione keypoints 3D: could not assign tuple of length 3 to structure with 4 fields.
[rtabmap-14] [INFO] [1768034250.657453230] [rtabmap]: rtabmap (1444): Rate=0.50s, Limit=0.001s, Conversion=0.0003s, RTAB-Map=0.0385s, Maps update=0.0021s pub=0.0013s delay=0.0880s (local map=4, WM=5)
[superpoint_node-2] [INFO] [1768034250.719184907] [superpoint_node]: Keypoints estratti: 800
[superpoint_node-2] [ERROR] [1768034250.724664432] [superpoint_node]: Errore pubblicazione keypoints 3D: could not assign tuple of length 3 to structure with 4 fields.
[superpoint_node-2] [INFO] [1768034250.817031150] [superpoint_node]: Keypoints estratti: 800
[superpoint_node-2] [ERROR] [1768034250.822491731] [superpoint_node]: Errore pubblicazione keypoints 3D: could not assign tuple of length 3 to structure with 4 fields.
[superpoint_node-2] [INFO] [1768034250.917071651] [superpoint_node]: Keypoints estratti: 800
[superpoint_node-2] [ERROR] [1768034250.923086088] [superpoint_node]: Errore pubblicazione keypoints 3D: could not assign tuple of length 3 to structure with 4 fields.
[superpoint_node-2] [INFO] [1768034251.016092366] [superpoint_node]: Keypoints estratti: 800
[superpoint_node-2] [ERROR] [1768034251.021838394] [superpoint_node]: Errore pubblicazione keypoints 3D: could not assign tuple of length 3 to structure with 4 fields.
[superpoint_node-2] [INFO] [1768034251.115403991] [superpoint_node]: Keypoints estratti: 800
[superpoint_node-2] [ERROR] [1768034251.121293112] [superpoint_node]: Errore pubblicazione keypoints 3D: could not assign tuple of length 3 to structure with 4 fields.
[rtabmap-14] [INFO] [1768034251.194811569] [rtabmap]: rtabmap (1445): Rate=0.50s, Limit=0.001s, Conversion=0.0002s, RTAB-Map=0.0755s, Maps update=0.0005s pub=0.0013s delay=0.1253s (local map=4, WM=5)
[superpoint_node-2] [INFO] [1768034251.218088791] [superpoint_node]: Keypoints estratti: 800
[superpoint_node-2] [ERROR] [1768034251.223655540] [superpoint_node]: Errore pubblicazione keypoints 3D: could not assign tuple of length 3 to structure with 4 fields.
[superpoint_node-2] [INFO] [1768034251.316233203] [superpoint_node]: Keypoints estratti: 800
[superpoint_node-2] [ERROR] [1768034251.321607246] [superpoint_node]: Errore pubblicazione keypoints 3D: could not assign tuple of length 3 to structure with 4 fields.
[superpoint_node-2] [INFO] [1768034251.420486812] [superpoint_node]: Keypoints estratti: 800
[superpoint_node-2] [ERROR] [1768034251.425799818] [superpoint_node]: Errore pubblicazione keypoints 3D: could not assign tuple of length 3 to structure with 4 fields.
[superpoint_node-2] [INFO] [1768034251.519152728] [superpoint_node]: Keypoints estratti: 800
[superpoint_node-2] [ERROR] [1768034251.524559160] [superpoint_node]: Errore pubblicazione keypoints 3D: could not assign tuple of length 3 to structure with 4 fields.
[superpoint_node-2] [INFO] [1768034251.617503512] [superpoint_node]: Keypoints estratti: 800
[superpoint_node-2] [ERROR] [1768034251.623548338] [superpoint_node]: Errore pubblicazione keypoints 3D: could not assign tuple of length 3 to structure with 4 fields.
[rtabmap-14] [INFO] [1768034251.685561314] [rtabmap]: rtabmap (1446): Rate=0.50s, Limit=0.001s, Conversion=0.0004s, RTAB-Map=0.0652s, Maps update=0.0019s pub=0.0009s delay=0.1160s (local map=4, WM=5)
[superpoint_node-2] [INFO] [1768034251.718592115] [superpoint_node]: Keypoints estratti: 800
[superpoint_node-2] [ERROR] [1768034251.724184955] [superpoint_node]: Errore pubblicazione keypoints 3D: could not assign tuple of length 3 to structure with 4 fields.
[superpoint_node-2] [INFO] [1768034251.817515588] [superpoint_node]: Keypoints estratti: 800
[superpoint_node-2] [ERROR] [1768034251.823011299] [superpoint_node]: Errore pubblicazione keypoints 3D: could not assign tuple of length 3 to structure with 4 fields.
[superpoint_node-2] [INFO] [1768034251.922440369] [superpoint_node]: Keypoints estratti: 800
[superpoint_node-2] [ERROR] [1768034251.928213897] [superpoint_node]: Errore pubblicazione keypoints 3D: could not assign tuple of length 3 to structure with 4 fields.
[superpoint_node-2] [INFO] [1768034252.019027917] [superpoint_node]: Keypoints estratti: 800
[superpoint_node-2] [ERROR] [1768034252.024462701] [superpoint_node]: Errore pubblicazione keypoints 3D: could not assign tuple of length 3 to structure with 4 fields.
[superpoint_node-2] [INFO] [1768034252.117121477] [superpoint_node]: Keypoints estratti: 800
[superpoint_node-2] [ERROR] [1768034252.122609446] [superpoint_node]: Errore pubblicazione keypoints 3D: could not assign tuple of length 3 to structure with 4 fields.
[superpoint_node-2] [INFO] [1768034252.245803132] [superpoint_node]: Keypoints estratti: 800
[superpoint_node-2] [ERROR] [1768034252.252103497] [superpoint_node]: Errore pubblicazione keypoints 3D: could not assign tuple of length 3 to structure with 4 fields.
[rtabmap-14] [INFO] [1768034252.320772156] [rtabmap]: rtabmap (1447): Rate=0.50s, Limit=0.001s, Conversion=0.0006s, RTAB-Map=0.0737s, Maps update=0.0006s pub=0.0017s delay=0.1224s (local map=4, WM=5)
[superpoint_node-2] [INFO] [1768034252.346291415] [superpoint_node]: Keypoints estratti: 800
[superpoint_node-2] [ERROR] [1768034252.352679225] [superpoint_node]: Errore pubblicazione keypoints 3D: could not assign tuple of length 3 to structure with 4 fields.
[superpoint_node-2] [INFO] [1768034252.440948132] [superpoint_node]: Keypoints estratti: 800
[superpoint_node-2] [ERROR] [1768034252.447846780] [superpoint_node]: Errore pubblicazione keypoints 3D: could not assign tuple of length 3 to structure with 4 fields.
[superpoint_node-2] [INFO] [1768034252.533221590] [superpoint_node]: Keypoints estratti: 800
[superpoint_node-2] [ERROR] [1768034252.538698134] [superpoint_node]: Errore pubblicazione keypoints 3D: could not assign tuple of length 3 to structure with 4 fields.
[superpoint_node-2] [INFO] [1768034252.717369262] [superpoint_node]: Keypoints estratti: 800
[superpoint_node-2] [ERROR] [1768034252.723274679] [superpoint_node]: Errore pubblicazione keypoints 3D: could not assign tuple of length 3 to structure with 4 fields.
[superpoint_node-2] [INFO] [1768034252.818124046] [superpoint_node]: Keypoints estratti: 800
[superpoint_node-2] [ERROR] [1768034252.823672850] [superpoint_node]: Errore pubblicazione keypoints 3D: could not assign tuple of length 3 to structure with 4 fields.
[rtabmap-14] [INFO] [1768034252.854656245] [rtabmap]: rtabmap (1448): Rate=0.50s, Limit=0.001s, Conversion=0.0003s, RTAB-Map=0.0407s, Maps update=0.0026s pub=0.0023s delay=0.0851s (local map=4, WM=5)
[superpoint_node-2] [INFO] [1768034252.919061314] [superpoint_node]: Keypoints estratti: 800
[superpoint_node-2] [ERROR] [1768034252.924386153] [superpoint_node]: Errore pubblicazione keypoints 3D: could not assign tuple of length 3 to structure with 4 fields.
[superpoint_node-2] [INFO] [1768034253.017556247] [superpoint_node]: Keypoints estratti: 800
[superpoint_node-2] [ERROR] [1768034253.023000161] [superpoint_node]: Errore pubblicazione keypoints 3D: could not assign tuple of length 3 to structure with 4 fields.
[superpoint_node-2] [INFO] [1768034253.117754083] [superpoint_node]: Keypoints estratti: 800
[superpoint_node-2] [ERROR] [1768034253.123362646] [superpoint_node]: Errore pubblicazione keypoints 3D: could not assign tuple of length 3 to structure with 4 fields.
[superpoint_node-2] [INFO] [1768034253.221035980] [superpoint_node]: Keypoints estratti: 800
[superpoint_node-2] [ERROR] [1768034253.226813656] [superpoint_node]: Errore pubblicazione keypoints 3D: could not assign tuple of length 3 to structure with 4 fields.
[superpoint_node-2] [INFO] [1768034253.317943012] [superpoint_node]: Keypoints estratti: 800
[superpoint_node-2] [ERROR] [1768034253.323462371] [superpoint_node]: Errore pubblicazione keypoints 3D: could not assign tuple of length 3 to structure with 4 fields.
[superpoint_node-2] [INFO] [1768034253.417646899] [superpoint_node]: Keypoints estratti: 800
[superpoint_node-2] [ERROR] [1768034253.423579095] [superpoint_node]: Errore pubblicazione keypoints 3D: could not assign tuple of length 3 to structure with 4 fields.
[rtabmap-14] [INFO] [1768034253.493018037] [rtabmap]: rtabmap (1449): Rate=0.50s, Limit=0.001s, Conversion=0.0004s, RTAB-Map=0.0743s, Maps update=0.0012s pub=0.0010s delay=0.1235s (local map=4, WM=5)
[superpoint_node-2] [INFO] [1768034253.525199998] [superpoint_node]: Keypoints estratti: 800
[superpoint_node-2] [ERROR] [1768034253.530849246] [superpoint_node]: Errore pubblicazione keypoints 3D: could not assign tuple of length 3 to structure with 4 fields.
[superpoint_node-2] [INFO] [1768034253.621648211] [superpoint_node]: Keypoints estratti: 800
[superpoint_node-2] [ERROR] [1768034253.627310552] [superpoint_node]: Errore pubblicazione keypoints 3D: could not assign tuple of length 3 to structure with 4 fields.
[superpoint_node-2] [INFO] [1768034253.718921394] [superpoint_node]: Keypoints estratti: 800
[superpoint_node-2] [ERROR] [1768034253.724259621] [superpoint_node]: Errore pubblicazione keypoints 3D: could not assign tuple of length 3 to structure with 4 fields.
[superpoint_node-2] [INFO] [1768034253.817152084] [superpoint_node]: Keypoints estratti: 800
[superpoint_node-2] [ERROR] [1768034253.823114780] [superpoint_node]: Errore pubblicazione keypoints 3D: could not assign tuple of length 3 to structure with 4 fields.
[superpoint_node-2] [INFO] [1768034253.915759000] [superpoint_node]: Keypoints estratti: 800
[superpoint_node-2] [ERROR] [1768034253.923162596] [superpoint_node]: Errore pubblicazione keypoints 3D: could not assign tuple of length 3 to structure with 4 fields.
[superpoint_node-2] [INFO] [1768034254.014589399] [superpoint_node]: Keypoints estratti: 800
[superpoint_node-2] [ERROR] [1768034254.020393352] [superpoint_node]: Errore pubblicazione keypoints 3D: could not assign tuple of length 3 to structure with 4 fields.
[rtabmap-14] [INFO] [1768034254.090035722] [rtabmap]: rtabmap (1450): Rate=0.50s, Limit=0.001s, Conversion=0.0002s, RTAB-Map=0.0717s, Maps update=0.0003s pub=0.0010s delay=0.1205s (local map=4, WM=5)
[superpoint_node-2] [INFO] [1768034254.120002776] [superpoint_node]: Keypoints estratti: 800
[superpoint_node-2] [ERROR] [1768034254.125518820] [superpoint_node]: Errore pubblicazione keypoints 3D: could not assign tuple of length 3 to structure with 4 fields.
[superpoint_node-2] [INFO] [1768034254.216024301] [superpoint_node]: Keypoints estratti: 800
[superpoint_node-2] [ERROR] [1768034254.221696013] [superpoint_node]: Errore pubblicazione keypoints 3D: could not assign tuple of length 3 to structure with 4 fields.
[superpoint_node-2] [INFO] [1768034254.316000524] [superpoint_node]: Keypoints estratti: 800
[superpoint_node-2] [ERROR] [1768034254.321487642] [superpoint_node]: Errore pubblicazione keypoints 3D: could not assign tuple of length 3 to structure with 4 fields.
[superpoint_node-2] [INFO] [1768034254.417778076] [superpoint_node]: Keypoints estratti: 800
[superpoint_node-2] [ERROR] [1768034254.423119248] [superpoint_node]: Errore pubblicazione keypoints 3D: could not assign tuple of length 3 to structure with 4 fields.
[superpoint_node-2] [INFO] [1768034254.515029481] [superpoint_node]: Keypoints estratti: 800
[superpoint_node-2] [ERROR] [1768034254.520430450] [superpoint_node]: Errore pubblicazione keypoints 3D: could not assign tuple of length 3 to structure with 4 fields.
[superpoint_node-2] [INFO] [1768034254.614872462] [superpoint_node]: Keypoints estratti: 800
[superpoint_node-2] [ERROR] [1768034254.620543118] [superpoint_node]: Errore pubblicazione keypoints 3D: could not assign tuple of length 3 to structure with 4 fields.
[rtabmap-14] [INFO] [1768034254.659134666] [rtabmap]: rtabmap (1451): Rate=0.50s, Limit=0.001s, Conversion=0.0002s, RTAB-Map=0.0411s, Maps update=0.0004s pub=0.0008s delay=0.0896s (local map=4, WM=5)
[superpoint_node-2] [INFO] [1768034254.718340713] [superpoint_node]: Keypoints estratti: 800
[superpoint_node-2] [ERROR] [1768034254.723833016] [superpoint_node]: Errore pubblicazione keypoints 3D: could not assign tuple of length 3 to structure with 4 fields.
[superpoint_node-2] [INFO] [1768034254.816294049] [superpoint_node]: Keypoints estratti: 800
[superpoint_node-2] [ERROR] [1768034254.821812223] [superpoint_node]: Errore pubblicazione keypoints 3D: could not assign tuple of length 3 to structure with 4 fields.
[superpoint_node-2] [INFO] [1768034254.917507263] [superpoint_node]: Keypoints estratti: 800
[superpoint_node-2] [ERROR] [1768034254.923401421] [superpoint_node]: Errore pubblicazione keypoints 3D: could not assign tuple of length 3 to structure with 4 fields.
[superpoint_node-2] [INFO] [1768034255.016385755] [superpoint_node]: Keypoints estratti: 800
[superpoint_node-2] [ERROR] [1768034255.021774261] [superpoint_node]: Errore pubblicazione keypoints 3D: could not assign tuple of length 3 to structure with 4 fields.
[superpoint_node-2] [INFO] [1768034255.117336227] [superpoint_node]: Keypoints estratti: 800
[superpoint_node-2] [ERROR] [1768034255.122914901] [superpoint_node]: Errore pubblicazione keypoints 3D: could not assign tuple of length 3 to structure with 4 fields.
[rtabmap-14] [INFO] [1768034255.227261658] [rtabmap]: rtabmap (1452): Rate=0.50s, Limit=0.001s, Conversion=0.0001s, RTAB-Map=0.0388s, Maps update=0.0035s pub=0.0013s delay=0.0578s (local map=4, WM=5)
[superpoint_node-2] [INFO] [1768034255.228812689] [superpoint_node]: Keypoints estratti: 800
[superpoint_node-2] [ERROR] [1768034255.234795404] [superpoint_node]: Errore pubblicazione keypoints 3D: could not assign tuple of length 3 to structure with 4 fields.
[superpoint_node-2] [INFO] [1768034255.323794632] [superpoint_node]: Keypoints estratti: 800
[superpoint_node-2] [ERROR] [1768034255.329439140] [superpoint_node]: Errore pubblicazione keypoints 3D: could not assign tuple of length 3 to structure with 4 fields.
[superpoint_node-2] [INFO] [1768034255.419795823] [superpoint_node]: Keypoints estratti: 800
[superpoint_node-2] [ERROR] [1768034255.425357034] [superpoint_node]: Errore pubblicazione keypoints 3D: could not assign tuple of length 3 to structure with 4 fields.
[superpoint_node-2] [INFO] [1768034255.518772149] [superpoint_node]: Keypoints estratti: 800
[superpoint_node-2] [ERROR] [1768034255.524167544] [superpoint_node]: Errore pubblicazione keypoints 3D: could not assign tuple of length 3 to structure with 4 fields.
[superpoint_node-2] [INFO] [1768034255.618199590] [superpoint_node]: Keypoints estratti: 800
[superpoint_node-2] [ERROR] [1768034255.623798579] [superpoint_node]: Errore pubblicazione keypoints 3D: could not assign tuple of length 3 to structure with 4 fields.
[superpoint_node-2] [INFO] [1768034255.716435910] [superpoint_node]: Keypoints estratti: 800
[superpoint_node-2] [ERROR] [1768034255.723249983] [superpoint_node]: Errore pubblicazione keypoints 3D: could not assign tuple of length 3 to structure with 4 fields.
[rtabmap-14] [INFO] [1768034255.761400065] [rtabmap]: rtabmap (1453): Rate=0.50s, Limit=0.001s, Conversion=0.0002s, RTAB-Map=0.0404s, Maps update=0.0027s pub=0.0012s delay=0.0915s (local map=4, WM=5)
[superpoint_node-2] [INFO] [1768034255.827305720] [superpoint_node]: Keypoints estratti: 800
[superpoint_node-2] [ERROR] [1768034255.833288915] [superpoint_node]: Errore pubblicazione keypoints 3D: could not assign tuple of length 3 to structure with 4 fields.
[superpoint_node-2] [INFO] [1768034255.934412870] [superpoint_node]: Keypoints estratti: 800
[superpoint_node-2] [ERROR] [1768034255.943560924] [superpoint_node]: Errore pubblicazione keypoints 3D: could not assign tuple of length 3 to structure with 4 fields.
[superpoint_node-2] [INFO] [1768034256.052657664] [superpoint_node]: Keypoints estratti: 800
[superpoint_node-2] [ERROR] [1768034256.058111097] [superpoint_node]: Errore pubblicazione keypoints 3D: could not assign tuple of length 3 to structure with 4 fields.
[superpoint_node-2] [INFO] [1768034256.161708626] [superpoint_node]: Keypoints estratti: 800
[superpoint_node-2] [ERROR] [1768034256.168057917] [superpoint_node]: Errore pubblicazione keypoints 3D: could not assign tuple of length 3 to structure with 4 fields.
[superpoint_node-2] [INFO] [1768034256.271794967] [superpoint_node]: Keypoints estratti: 800
[superpoint_node-2] [ERROR] [1768034256.279372823] [superpoint_node]: Errore pubblicazione keypoints 3D: could not assign tuple of length 3 to structure with 4 fields.
[rtabmap-14] [INFO] [1768034256.359619407] [rtabmap]: rtabmap (1454): Rate=0.50s, Limit=0.001s, Conversion=0.0005s, RTAB-Map=0.0770s, Maps update=0.0013s pub=0.0020s delay=0.1421s (local map=4, WM=5)
[superpoint_node-2] [INFO] [1768034256.384907794] [superpoint_node]: Keypoints estratti: 800
[superpoint_node-2] [ERROR] [1768034256.390299541] [superpoint_node]: Errore pubblicazione keypoints 3D: could not assign tuple of length 3 to structure with 4 fields.
[superpoint_node-2] [INFO] [1768034256.480809522] [superpoint_node]: Keypoints estratti: 800
[superpoint_node-2] [ERROR] [1768034256.486120675] [superpoint_node]: Errore pubblicazione keypoints 3D: could not assign tuple of length 3 to structure with 4 fields.
[superpoint_node-2] [INFO] [1768034256.577445700] [superpoint_node]: Keypoints estratti: 800
[superpoint_node-2] [ERROR] [1768034256.583046855] [superpoint_node]: Errore pubblicazione keypoints 3D: could not assign tuple of length 3 to structure with 4 fields.
[superpoint_node-2] [INFO] [1768034256.668079996] [superpoint_node]: Keypoints estratti: 800
[superpoint_node-2] [ERROR] [1768034256.673817060] [superpoint_node]: Errore pubblicazione keypoints 3D: could not assign tuple of length 3 to structure with 4 fields.
[superpoint_node-2] [INFO] [1768034256.760201286] [superpoint_node]: Keypoints estratti: 800
[superpoint_node-2] [ERROR] [1768034256.765588422] [superpoint_node]: Errore pubblicazione keypoints 3D: could not assign tuple of length 3 to structure with 4 fields.
[superpoint_node-2] [INFO] [1768034256.856601499] [superpoint_node]: Keypoints estratti: 800
[superpoint_node-2] [ERROR] [1768034256.862388082] [superpoint_node]: Errore pubblicazione keypoints 3D: could not assign tuple of length 3 to structure with 4 fields.
[rtabmap-14] [INFO] [1768034256.927911030] [rtabmap]: rtabmap (1455): Rate=0.50s, Limit=0.001s, Conversion=0.0007s, RTAB-Map=0.0720s, Maps update=0.0019s pub=0.0015s delay=0.1219s (local map=4, WM=5)
[superpoint_node-2] [INFO] [1768034256.959838544] [superpoint_node]: Keypoints estratti: 800
[superpoint_node-2] [ERROR] [1768034256.965222976] [superpoint_node]: Errore pubblicazione keypoints 3D: could not assign tuple of length 3 to structure with 4 fields.
[superpoint_node-2] [INFO] [1768034257.052655229] [superpoint_node]: Keypoints estratti: 800
[superpoint_node-2] [ERROR] [1768034257.058160254] [superpoint_node]: Errore pubblicazione keypoints 3D: could not assign tuple of length 3 to structure with 4 fields.
[superpoint_node-2] [INFO] [1768034257.147943155] [superpoint_node]: Keypoints estratti: 800
[superpoint_node-2] [ERROR] [1768034257.153672552] [superpoint_node]: Errore pubblicazione keypoints 3D: could not assign tuple of length 3 to structure with 4 fields.
[superpoint_node-2] [INFO] [1768034257.250469250] [superpoint_node]: Keypoints estratti: 800
[superpoint_node-2] [ERROR] [1768034257.256001979] [superpoint_node]: Errore pubblicazione keypoints 3D: could not assign tuple of length 3 to structure with 4 fields.
[superpoint_node-2] [INFO] [1768034257.339770610] [superpoint_node]: Keypoints estratti: 800
[superpoint_node-2] [ERROR] [1768034257.345571156] [superpoint_node]: Errore pubblicazione keypoints 3D: could not assign tuple of length 3 to structure with 4 fields.
[superpoint_node-2] [INFO] [1768034257.436773494] [superpoint_node]: Keypoints estratti: 800
[superpoint_node-2] [ERROR] [1768034257.442770857] [superpoint_node]: Errore pubblicazione keypoints 3D: could not assign tuple of length 3 to structure with 4 fields.
[rtabmap-14] [INFO] [1768034257.492507179] [rtabmap]: rtabmap (1456): Rate=0.50s, Limit=0.001s, Conversion=0.0002s, RTAB-Map=0.0747s, Maps update=0.0005s pub=0.0074s delay=0.1071s (local map=4, WM=5)
[superpoint_node-2] [INFO] [1768034257.537360815] [superpoint_node]: Keypoints estratti: 800
[superpoint_node-2] [ERROR] [1768034257.544220277] [superpoint_node]: Errore pubblicazione keypoints 3D: could not assign tuple of length 3 to structure with 4 fields.
[superpoint_node-2] [INFO] [1768034257.633834584] [superpoint_node]: Keypoints estratti: 800
[superpoint_node-2] [ERROR] [1768034257.639849058] [superpoint_node]: Errore pubblicazione keypoints 3D: could not assign tuple of length 3 to structure with 4 fields.
[superpoint_node-2] [INFO] [1768034257.729842183] [superpoint_node]: Keypoints estratti: 800
[superpoint_node-2] [ERROR] [1768034257.735658081] [superpoint_node]: Errore pubblicazione keypoints 3D: could not assign tuple of length 3 to structure with 4 fields.
[superpoint_node-2] [INFO] [1768034257.915991463] [superpoint_node]: Keypoints estratti: 800
[superpoint_node-2] [ERROR] [1768034257.921391784] [superpoint_node]: Errore pubblicazione keypoints 3D: could not assign tuple of length 3 to structure with 4 fields.
[superpoint_node-2] [INFO] [1768034258.019499010] [superpoint_node]: Keypoints estratti: 800
[superpoint_node-2] [ERROR] [1768034258.025500243] [superpoint_node]: Errore pubblicazione keypoints 3D: could not assign tuple of length 3 to structure with 4 fields.
[rtabmap-14] [INFO] [1768034258.092174664] [rtabmap]: rtabmap (1457): Rate=0.50s, Limit=0.001s, Conversion=0.0003s, RTAB-Map=0.0742s, Maps update=0.0029s pub=0.0012s delay=0.1227s (local map=4, WM=5)
[superpoint_node-2] [INFO] [1768034258.122902131] [superpoint_node]: Keypoints estratti: 800
[superpoint_node-2] [ERROR] [1768034258.128365971] [superpoint_node]: Errore pubblicazione keypoints 3D: could not assign tuple of length 3 to structure with 4 fields.
[superpoint_node-2] [INFO] [1768034258.220847208] [superpoint_node]: Keypoints estratti: 800
[superpoint_node-2] [ERROR] [1768034258.226896515] [superpoint_node]: Errore pubblicazione keypoints 3D: could not assign tuple of length 3 to structure with 4 fields.
[superpoint_node-2] [INFO] [1768034258.316576027] [superpoint_node]: Keypoints estratti: 800
[superpoint_node-2] [ERROR] [1768034258.321974625] [superpoint_node]: Errore pubblicazione keypoints 3D: could not assign tuple of length 3 to structure with 4 fields.
[superpoint_node-2] [INFO] [1768034258.417293385] [superpoint_node]: Keypoints estratti: 800
[superpoint_node-2] [ERROR] [1768034258.422860892] [superpoint_node]: Errore pubblicazione keypoints 3D: could not assign tuple of length 3 to structure with 4 fields.
[superpoint_node-2] [INFO] [1768034258.519873888] [superpoint_node]: Keypoints estratti: 800
[superpoint_node-2] [ERROR] [1768034258.525450192] [superpoint_node]: Errore pubblicazione keypoints 3D: could not assign tuple of length 3 to structure with 4 fields.
[superpoint_node-2] [INFO] [1768034258.617793150] [superpoint_node]: Keypoints estratti: 800
[superpoint_node-2] [ERROR] [1768034258.624171331] [superpoint_node]: Errore pubblicazione keypoints 3D: could not assign tuple of length 3 to structure with 4 fields.
[rtabmap-14] [INFO] [1768034258.687516243] [rtabmap]: rtabmap (1458): Rate=0.50s, Limit=0.001s, Conversion=0.0008s, RTAB-Map=0.0705s, Maps update=0.0017s pub=0.0013s delay=0.1180s (local map=4, WM=5)
[superpoint_node-2] [INFO] [1768034258.720894454] [superpoint_node]: Keypoints estratti: 800
[superpoint_node-2] [ERROR] [1768034258.726530813] [superpoint_node]: Errore pubblicazione keypoints 3D: could not assign tuple of length 3 to structure with 4 fields.
[superpoint_node-2] [INFO] [1768034258.820863991] [superpoint_node]: Keypoints estratti: 800
[superpoint_node-2] [ERROR] [1768034258.826852965] [superpoint_node]: Errore pubblicazione keypoints 3D: could not assign tuple of length 3 to structure with 4 fields.
[superpoint_node-2] [INFO] [1768034258.916435827] [superpoint_node]: Keypoints estratti: 800
[superpoint_node-2] [ERROR] [1768034258.921899186] [superpoint_node]: Errore pubblicazione keypoints 3D: could not assign tuple of length 3 to structure with 4 fields.
[superpoint_node-2] [INFO] [1768034259.019731854] [superpoint_node]: Keypoints estratti: 800
[superpoint_node-2] [ERROR] [1768034259.025241898] [superpoint_node]: Errore pubblicazione keypoints 3D: could not assign tuple of length 3 to structure with 4 fields.
[superpoint_node-2] [INFO] [1768034259.116268642] [superpoint_node]: Keypoints estratti: 800
[superpoint_node-2] [ERROR] [1768034259.121737797] [superpoint_node]: Errore pubblicazione keypoints 3D: could not assign tuple of length 3 to structure with 4 fields.
[superpoint_node-2] [INFO] [1768034259.217774600] [superpoint_node]: Keypoints estratti: 800
[superpoint_node-2] [ERROR] [1768034259.223462293] [superpoint_node]: Errore pubblicazione keypoints 3D: could not assign tuple of length 3 to structure with 4 fields.
[rtabmap-14] [INFO] [1768034259.291558651] [rtabmap]: rtabmap (1459): Rate=0.50s, Limit=0.001s, Conversion=0.0002s, RTAB-Map=0.0714s, Maps update=0.0028s pub=0.0016s delay=0.1220s (local map=4, WM=5)
[superpoint_node-2] [INFO] [1768034259.318623441] [superpoint_node]: Keypoints estratti: 800
[superpoint_node-2] [ERROR] [1768034259.323978335] [superpoint_node]: Errore pubblicazione keypoints 3D: could not assign tuple of length 3 to structure with 4 fields.
[superpoint_node-2] [INFO] [1768034259.420377585] [superpoint_node]: Keypoints estratti: 800
[superpoint_node-2] [ERROR] [1768034259.425985093] [superpoint_node]: Errore pubblicazione keypoints 3D: could not assign tuple of length 3 to structure with 4 fields.
[superpoint_node-2] [INFO] [1768034259.518195291] [superpoint_node]: Keypoints estratti: 800
[superpoint_node-2] [ERROR] [1768034259.523619519] [superpoint_node]: Errore pubblicazione keypoints 3D: could not assign tuple of length 3 to structure with 4 fields.
[superpoint_node-2] [INFO] [1768034259.619127207] [superpoint_node]: Keypoints estratti: 800
[superpoint_node-2] [ERROR] [1768034259.624692103] [superpoint_node]: Errore pubblicazione keypoints 3D: could not assign tuple of length 3 to structure with 4 fields.
[superpoint_node-2] [INFO] [1768034259.716974061] [superpoint_node]: Keypoints estratti: 800
[superpoint_node-2] [ERROR] [1768034259.722795681] [superpoint_node]: Errore pubblicazione keypoints 3D: could not assign tuple of length 3 to structure with 4 fields.
[rtabmap-14] [INFO] [1768034259.786136001] [rtabmap]: rtabmap (1460): Rate=0.50s, Limit=0.001s, Conversion=0.0013s, RTAB-Map=0.0676s, Maps update=0.0033s pub=0.0008s delay=0.1166s (local map=4, WM=5)
[superpoint_node-2] [INFO] [1768034259.821266355] [superpoint_node]: Keypoints estratti: 800
[superpoint_node-2] [ERROR] [1768034259.826595990] [superpoint_node]: Errore pubblicazione keypoints 3D: could not assign tuple of length 3 to structure with 4 fields.
[superpoint_node-2] [INFO] [1768034259.951795822] [superpoint_node]: Keypoints estratti: 800
[superpoint_node-2] [ERROR] [1768034259.958164021] [superpoint_node]: Errore pubblicazione keypoints 3D: could not assign tuple of length 3 to structure with 4 fields.
[superpoint_node-2] [INFO] [1768034260.047575752] [superpoint_node]: Keypoints estratti: 800
[superpoint_node-2] [ERROR] [1768034260.053229890] [superpoint_node]: Errore pubblicazione keypoints 3D: could not assign tuple of length 3 to structure with 4 fields.
[superpoint_node-2] [INFO] [1768034260.143656592] [superpoint_node]: Keypoints estratti: 800
[superpoint_node-2] [ERROR] [1768034260.150992206] [superpoint_node]: Errore pubblicazione keypoints 3D: could not assign tuple of length 3 to structure with 4 fields.
[superpoint_node-2] [INFO] [1768034260.248454705] [superpoint_node]: Keypoints estratti: 800
[rtabmap-14] [INFO] [1768034260.254809108] [rtabmap]: rtabmap (1461): Rate=0.50s, Limit=0.001s, Conversion=0.0003s, RTAB-Map=0.0395s, Maps update=0.0004s pub=0.0009s delay=0.0629s (local map=4, WM=5)
[superpoint_node-2] [ERROR] [1768034260.254840090] [superpoint_node]: Errore pubblicazione keypoints 3D: could not assign tuple of length 3 to structure with 4 fields.
[superpoint_node-2] [INFO] [1768034260.341920765] [superpoint_node]: Keypoints estratti: 800
[superpoint_node-2] [ERROR] [1768034260.348173500] [superpoint_node]: Errore pubblicazione keypoints 3D: could not assign tuple of length 3 to structure with 4 fields.
[superpoint_node-2] [INFO] [1768034260.439478932] [superpoint_node]: Keypoints estratti: 800
[superpoint_node-2] [ERROR] [1768034260.445078439] [superpoint_node]: Errore pubblicazione keypoints 3D: could not assign tuple of length 3 to structure with 4 fields.
[superpoint_node-2] [INFO] [1768034260.533602756] [superpoint_node]: Keypoints estratti: 800
[superpoint_node-2] [ERROR] [1768034260.540083660] [superpoint_node]: Errore pubblicazione keypoints 3D: could not assign tuple of length 3 to structure with 4 fields.
[superpoint_node-2] [INFO] [1768034260.632545841] [superpoint_node]: Keypoints estratti: 800
[superpoint_node-2] [ERROR] [1768034260.638122886] [superpoint_node]: Errore pubblicazione keypoints 3D: could not assign tuple of length 3 to structure with 4 fields.
[superpoint_node-2] [INFO] [1768034260.820931751] [superpoint_node]: Keypoints estratti: 800
[rtabmap-14] [INFO] [1768034260.823383122] [rtabmap]: rtabmap (1462): Rate=0.50s, Limit=0.001s, Conversion=0.0002s, RTAB-Map=0.0375s, Maps update=0.0014s pub=0.0010s delay=0.0539s (local map=4, WM=5)
[superpoint_node-2] [ERROR] [1768034260.828155827] [superpoint_node]: Errore pubblicazione keypoints 3D: could not assign tuple of length 3 to structure with 4 fields.
[superpoint_node-2] [INFO] [1768034260.916994350] [superpoint_node]: Keypoints estratti: 800
[superpoint_node-2] [ERROR] [1768034260.922426819] [superpoint_node]: Errore pubblicazione keypoints 3D: could not assign tuple of length 3 to structure with 4 fields.
[superpoint_node-2] [INFO] [1768034261.020513916] [superpoint_node]: Keypoints estratti: 800
[superpoint_node-2] [ERROR] [1768034261.026159868] [superpoint_node]: Errore pubblicazione keypoints 3D: could not assign tuple of length 3 to structure with 4 fields.
[superpoint_node-2] [INFO] [1768034261.121572647] [superpoint_node]: Keypoints estratti: 800
[superpoint_node-2] [ERROR] [1768034261.127180711] [superpoint_node]: Errore pubblicazione keypoints 3D: could not assign tuple of length 3 to structure with 4 fields.
[superpoint_node-2] [INFO] [1768034261.218926257] [superpoint_node]: Keypoints estratti: 800
[superpoint_node-2] [ERROR] [1768034261.224534264] [superpoint_node]: Errore pubblicazione keypoints 3D: could not assign tuple of length 3 to structure with 4 fields.
[superpoint_node-2] [INFO] [1768034261.314829336] [superpoint_node]: Keypoints estratti: 800
[superpoint_node-2] [ERROR] [1768034261.320211786] [superpoint_node]: Errore pubblicazione keypoints 3D: could not assign tuple of length 3 to structure with 4 fields.
[superpoint_node-2] [INFO] [1768034261.420946867] [superpoint_node]: Keypoints estratti: 800
[superpoint_node-2] [ERROR] [1768034261.427444049] [superpoint_node]: Errore pubblicazione keypoints 3D: could not assign tuple of length 3 to structure with 4 fields.
[rtabmap-14] [INFO] [1768034261.493423241] [rtabmap]: rtabmap (1463): Rate=0.50s, Limit=0.001s, Conversion=0.0002s, RTAB-Map=0.0759s, Maps update=0.0003s pub=0.0011s delay=0.1238s (local map=4, WM=5)
[superpoint_node-2] [INFO] [1768034261.523832262] [superpoint_node]: Keypoints estratti: 800
[superpoint_node-2] [ERROR] [1768034261.529286305] [superpoint_node]: Errore pubblicazione keypoints 3D: could not assign tuple of length 3 to structure with 4 fields.
[superpoint_node-2] [INFO] [1768034261.617017634] [superpoint_node]: Keypoints estratti: 800
[superpoint_node-2] [ERROR] [1768034261.622609697] [superpoint_node]: Errore pubblicazione keypoints 3D: could not assign tuple of length 3 to structure with 4 fields.
[superpoint_node-2] [INFO] [1768034261.718652352] [superpoint_node]: Keypoints estratti: 800
[superpoint_node-2] [ERROR] [1768034261.724355379] [superpoint_node]: Errore pubblicazione keypoints 3D: could not assign tuple of length 3 to structure with 4 fields.
[superpoint_node-2] [INFO] [1768034261.817639104] [superpoint_node]: Keypoints estratti: 800
[superpoint_node-2] [ERROR] [1768034261.823008943] [superpoint_node]: Errore pubblicazione keypoints 3D: could not assign tuple of length 3 to structure with 4 fields.
[superpoint_node-2] [INFO] [1768034261.921110688] [superpoint_node]: Keypoints estratti: 800
[superpoint_node-2] [ERROR] [1768034261.927261182] [superpoint_node]: Errore pubblicazione keypoints 3D: could not assign tuple of length 3 to structure with 4 fields.
[superpoint_node-2] [INFO] [1768034262.019855809] [superpoint_node]: Keypoints estratti: 800
[superpoint_node-2] [ERROR] [1768034262.025478965] [superpoint_node]: Errore pubblicazione keypoints 3D: could not assign tuple of length 3 to structure with 4 fields.
[rtabmap-14] [INFO] [1768034262.093253616] [rtabmap]: rtabmap (1464): Rate=0.50s, Limit=0.001s, Conversion=0.0006s, RTAB-Map=0.0727s, Maps update=0.0004s pub=0.0013s delay=0.1238s (local map=4, WM=5)
[superpoint_node-2] [INFO] [1768034262.120092034] [superpoint_node]: Keypoints estratti: 800
[superpoint_node-2] [ERROR] [1768034262.125626207] [superpoint_node]: Errore pubblicazione keypoints 3D: could not assign tuple of length 3 to structure with 4 fields.
[superpoint_node-2] [INFO] [1768034262.216696785] [superpoint_node]: Keypoints estratti: 800
[superpoint_node-2] [ERROR] [1768034262.222129236] [superpoint_node]: Errore pubblicazione keypoints 3D: could not assign tuple of length 3 to structure with 4 fields.
[superpoint_node-2] [INFO] [1768034262.322353220] [superpoint_node]: Keypoints estratti: 800
[superpoint_node-2] [ERROR] [1768034262.327857857] [superpoint_node]: Errore pubblicazione keypoints 3D: could not assign tuple of length 3 to structure with 4 fields.
[superpoint_node-2] [INFO] [1768034262.417144235] [superpoint_node]: Keypoints estratti: 800
[superpoint_node-2] [ERROR] [1768034262.423726880] [superpoint_node]: Errore pubblicazione keypoints 3D: could not assign tuple of length 3 to structure with 4 fields.
[superpoint_node-2] [INFO] [1768034262.518115744] [superpoint_node]: Keypoints estratti: 800
[superpoint_node-2] [ERROR] [1768034262.524819334] [superpoint_node]: Errore pubblicazione keypoints 3D: could not assign tuple of length 3 to structure with 4 fields.
[rtabmap-14] [INFO] [1768034262.586203453] [rtabmap]: rtabmap (1465): Rate=0.50s, Limit=0.001s, Conversion=0.0005s, RTAB-Map=0.0718s, Maps update=0.0004s pub=0.0009s delay=0.1167s (local map=4, WM=5)
[superpoint_node-2] [INFO] [1768034262.619947130] [superpoint_node]: Keypoints estratti: 800
[superpoint_node-2] [ERROR] [1768034262.625661360] [superpoint_node]: Errore pubblicazione keypoints 3D: could not assign tuple of length 3 to structure with 4 fields.
[superpoint_node-2] [INFO] [1768034262.718028819] [superpoint_node]: Keypoints estratti: 800
[superpoint_node-2] [ERROR] [1768034262.723542400] [superpoint_node]: Errore pubblicazione keypoints 3D: could not assign tuple of length 3 to structure with 4 fields.
[superpoint_node-2] [INFO] [1768034262.818513768] [superpoint_node]: Keypoints estratti: 800
[superpoint_node-2] [ERROR] [1768034262.824003793] [superpoint_node]: Errore pubblicazione keypoints 3D: could not assign tuple of length 3 to structure with 4 fields.
[superpoint_node-2] [INFO] [1768034262.919932299] [superpoint_node]: Keypoints estratti: 800
[superpoint_node-2] [ERROR] [1768034262.925684771] [superpoint_node]: Errore pubblicazione keypoints 3D: could not assign tuple of length 3 to structure with 4 fields.
[superpoint_node-2] [INFO] [1768034263.020796362] [superpoint_node]: Keypoints estratti: 800
[superpoint_node-2] [ERROR] [1768034263.026658428] [superpoint_node]: Errore pubblicazione keypoints 3D: could not assign tuple of length 3 to structure with 4 fields.
[superpoint_node-2] [INFO] [1768034263.122152170] [superpoint_node]: Keypoints estratti: 800
[superpoint_node-2] [ERROR] [1768034263.128360090] [superpoint_node]: Errore pubblicazione keypoints 3D: could not assign tuple of length 3 to structure with 4 fields.
[rtabmap-14] [INFO] [1768034263.190652235] [rtabmap]: rtabmap (1466): Rate=0.50s, Limit=0.001s, Conversion=0.0008s, RTAB-Map=0.0725s, Maps update=0.0004s pub=0.0009s delay=0.1212s (local map=4, WM=5)
[superpoint_node-2] [INFO] [1768034263.221842150] [superpoint_node]: Keypoints estratti: 800
[superpoint_node-2] [ERROR] [1768034263.227200915] [superpoint_node]: Errore pubblicazione keypoints 3D: could not assign tuple of length 3 to structure with 4 fields.
[superpoint_node-2] [INFO] [1768034263.351641426] [superpoint_node]: Keypoints estratti: 800
[superpoint_node-2] [ERROR] [1768034263.361430652] [superpoint_node]: Errore pubblicazione keypoints 3D: could not assign tuple of length 3 to structure with 4 fields.
[superpoint_node-2] [INFO] [1768034263.450401750] [superpoint_node]: Keypoints estratti: 800
[superpoint_node-2] [ERROR] [1768034263.456833839] [superpoint_node]: Errore pubblicazione keypoints 3D: could not assign tuple of length 3 to structure with 4 fields.
[superpoint_node-2] [INFO] [1768034263.546441831] [superpoint_node]: Keypoints estratti: 800
[superpoint_node-2] [ERROR] [1768034263.553103625] [superpoint_node]: Errore pubblicazione keypoints 3D: could not assign tuple of length 3 to structure with 4 fields.
[superpoint_node-2] [INFO] [1768034263.644279870] [superpoint_node]: Keypoints estratti: 800
[superpoint_node-2] [ERROR] [1768034263.651158962] [superpoint_node]: Errore pubblicazione keypoints 3D: could not assign tuple of length 3 to structure with 4 fields.
[rtabmap-14] [INFO] [1768034263.682113246] [rtabmap]: rtabmap (1467): Rate=0.50s, Limit=0.001s, Conversion=0.0003s, RTAB-Map=0.0630s, Maps update=0.0023s pub=0.0009s delay=0.0885s (local map=4, WM=5)
[superpoint_node-2] [INFO] [1768034263.742145058] [superpoint_node]: Keypoints estratti: 800
[superpoint_node-2] [ERROR] [1768034263.749438542] [superpoint_node]: Errore pubblicazione keypoints 3D: could not assign tuple of length 3 to structure with 4 fields.
[superpoint_node-2] [INFO] [1768034263.838091341] [superpoint_node]: Keypoints estratti: 800
[superpoint_node-2] [ERROR] [1768034263.844623560] [superpoint_node]: Errore pubblicazione keypoints 3D: could not assign tuple of length 3 to structure with 4 fields.
[superpoint_node-2] [INFO] [1768034263.931555864] [superpoint_node]: Keypoints estratti: 800
[superpoint_node-2] [ERROR] [1768034263.937326095] [superpoint_node]: Errore pubblicazione keypoints 3D: could not assign tuple of length 3 to structure with 4 fields.
[superpoint_node-2] [INFO] [1768034264.116795656] [superpoint_node]: Keypoints estratti: 800
[superpoint_node-2] [ERROR] [1768034264.122478997] [superpoint_node]: Errore pubblicazione keypoints 3D: could not assign tuple of length 3 to structure with 4 fields.
[superpoint_node-2] [INFO] [1768034264.217877424] [superpoint_node]: Keypoints estratti: 800
[superpoint_node-2] [ERROR] [1768034264.223732638] [superpoint_node]: Errore pubblicazione keypoints 3D: could not assign tuple of length 3 to structure with 4 fields.
[rtabmap-14] [INFO] [1768034264.287662962] [rtabmap]: rtabmap (1468): Rate=0.50s, Limit=0.001s, Conversion=0.0003s, RTAB-Map=0.0728s, Maps update=0.0003s pub=0.0009s delay=0.1182s (local map=4, WM=5)
[superpoint_node-2] [INFO] [1768034264.318629024] [superpoint_node]: Keypoints estratti: 800
[superpoint_node-2] [ERROR] [1768034264.323983307] [superpoint_node]: Errore pubblicazione keypoints 3D: could not assign tuple of length 3 to structure with 4 fields.
[superpoint_node-2] [INFO] [1768034264.418014761] [superpoint_node]: Keypoints estratti: 800
[superpoint_node-2] [ERROR] [1768034264.423956271] [superpoint_node]: Errore pubblicazione keypoints 3D: could not assign tuple of length 3 to structure with 4 fields.
[superpoint_node-2] [INFO] [1768034264.517202311] [superpoint_node]: Keypoints estratti: 800
[superpoint_node-2] [ERROR] [1768034264.522786763] [superpoint_node]: Errore pubblicazione keypoints 3D: could not assign tuple of length 3 to structure with 4 fields.
[superpoint_node-2] [INFO] [1768034264.617916428] [superpoint_node]: Keypoints estratti: 800
[superpoint_node-2] [ERROR] [1768034264.623404102] [superpoint_node]: Errore pubblicazione keypoints 3D: could not assign tuple of length 3 to structure with 4 fields.
[superpoint_node-2] [INFO] [1768034264.714998999] [superpoint_node]: Keypoints estratti: 800
[superpoint_node-2] [ERROR] [1768034264.720989287] [superpoint_node]: Errore pubblicazione keypoints 3D: could not assign tuple of length 3 to structure with 4 fields.
[rtabmap-14] [INFO] [1768034264.749362810] [rtabmap]: rtabmap (1469): Rate=0.50s, Limit=0.001s, Conversion=0.0002s, RTAB-Map=0.0319s, Maps update=0.0003s pub=0.0009s delay=0.0798s (local map=4, WM=5)
[superpoint_node-2] [INFO] [1768034264.817411834] [superpoint_node]: Keypoints estratti: 800
[superpoint_node-2] [ERROR] [1768034264.823003156] [superpoint_node]: Errore pubblicazione keypoints 3D: could not assign tuple of length 3 to structure with 4 fields.
[superpoint_node-2] [INFO] [1768034264.920513248] [superpoint_node]: Keypoints estratti: 800
[superpoint_node-2] [ERROR] [1768034264.926036903] [superpoint_node]: Errore pubblicazione keypoints 3D: could not assign tuple of length 3 to structure with 4 fields.
[superpoint_node-2] [INFO] [1768034265.017347835] [superpoint_node]: Keypoints estratti: 800
[superpoint_node-2] [ERROR] [1768034265.022935843] [superpoint_node]: Errore pubblicazione keypoints 3D: could not assign tuple of length 3 to structure with 4 fields.
[superpoint_node-2] [INFO] [1768034265.116887184] [superpoint_node]: Keypoints estratti: 800
[superpoint_node-2] [ERROR] [1768034265.122983733] [superpoint_node]: Errore pubblicazione keypoints 3D: could not assign tuple of length 3 to structure with 4 fields.
[superpoint_node-2] [INFO] [1768034265.217925730] [superpoint_node]: Keypoints estratti: 800
[superpoint_node-2] [ERROR] [1768034265.223576257] [superpoint_node]: Errore pubblicazione keypoints 3D: could not assign tuple of length 3 to structure with 4 fields.
[rtabmap-14] [INFO] [1768034265.254918414] [rtabmap]: rtabmap (1470): Rate=0.50s, Limit=0.001s, Conversion=0.0003s, RTAB-Map=0.0332s, Maps update=0.0025s pub=0.0022s delay=0.0847s (local map=4, WM=5)
[superpoint_node-2] [INFO] [1768034265.321789799] [superpoint_node]: Keypoints estratti: 800
[superpoint_node-2] [ERROR] [1768034265.327167731] [superpoint_node]: Errore pubblicazione keypoints 3D: could not assign tuple of length 3 to structure with 4 fields.
[superpoint_node-2] [INFO] [1768034265.419761488] [superpoint_node]: Keypoints estratti: 800
[superpoint_node-2] [ERROR] [1768034265.425178827] [superpoint_node]: Errore pubblicazione keypoints 3D: could not assign tuple of length 3 to structure with 4 fields.
[superpoint_node-2] [INFO] [1768034265.519225299] [superpoint_node]: Keypoints estratti: 800
[superpoint_node-2] [ERROR] [1768034265.524949845] [superpoint_node]: Errore pubblicazione keypoints 3D: could not assign tuple of length 3 to structure with 4 fields.
[superpoint_node-2] [INFO] [1768034265.618619980] [superpoint_node]: Keypoints estratti: 800
[superpoint_node-2] [ERROR] [1768034265.624296896] [superpoint_node]: Errore pubblicazione keypoints 3D: could not assign tuple of length 3 to structure with 4 fields.
[superpoint_node-2] [INFO] [1768034265.718056014] [superpoint_node]: Keypoints estratti: 800
[superpoint_node-2] [ERROR] [1768034265.723459464] [superpoint_node]: Errore pubblicazione keypoints 3D: could not assign tuple of length 3 to structure with 4 fields.
[superpoint_node-2] [INFO] [1768034265.818822558] [superpoint_node]: Keypoints estratti: 800
[superpoint_node-2] [ERROR] [1768034265.825334962] [superpoint_node]: Errore pubblicazione keypoints 3D: could not assign tuple of length 3 to structure with 4 fields.
[rtabmap-14] [INFO] [1768034265.855244589] [rtabmap]: rtabmap (1471): Rate=0.50s, Limit=0.001s, Conversion=0.0003s, RTAB-Map=0.0431s, Maps update=0.0003s pub=0.0008s delay=0.0856s (local map=4, WM=5)
[superpoint_node-2] [INFO] [1768034265.916251816] [superpoint_node]: Keypoints estratti: 800
[superpoint_node-2] [ERROR] [1768034265.922148123] [superpoint_node]: Errore pubblicazione keypoints 3D: could not assign tuple of length 3 to structure with 4 fields.
[superpoint_node-2] [INFO] [1768034266.016303540] [superpoint_node]: Keypoints estratti: 800
[superpoint_node-2] [ERROR] [1768034266.021935529] [superpoint_node]: Errore pubblicazione keypoints 3D: could not assign tuple of length 3 to structure with 4 fields.
[superpoint_node-2] [INFO] [1768034266.121682047] [superpoint_node]: Keypoints estratti: 800
[superpoint_node-2] [ERROR] [1768034266.127796929] [superpoint_node]: Errore pubblicazione keypoints 3D: could not assign tuple of length 3 to structure with 4 fields.
[superpoint_node-2] [INFO] [1768034266.216539025] [superpoint_node]: Keypoints estratti: 800
[superpoint_node-2] [ERROR] [1768034266.221970420] [superpoint_node]: Errore pubblicazione keypoints 3D: could not assign tuple of length 3 to structure with 4 fields.
[superpoint_node-2] [INFO] [1768034266.319536939] [superpoint_node]: Keypoints estratti: 800
[superpoint_node-2] [ERROR] [1768034266.325354337] [superpoint_node]: Errore pubblicazione keypoints 3D: could not assign tuple of length 3 to structure with 4 fields.
[superpoint_node-2] [INFO] [1768034266.422597668] [superpoint_node]: Keypoints estratti: 800
[superpoint_node-2] [ERROR] [1768034266.428575382] [superpoint_node]: Errore pubblicazione keypoints 3D: could not assign tuple of length 3 to structure with 4 fields.
[rtabmap-14] [INFO] [1768034266.490610581] [rtabmap]: rtabmap (1472): Rate=0.50s, Limit=0.001s, Conversion=0.0002s, RTAB-Map=0.0635s, Maps update=0.0145s pub=0.0009s delay=0.1212s (local map=4, WM=5)
[superpoint_node-2] [INFO] [1768034266.523849697] [superpoint_node]: Keypoints estratti: 800
[superpoint_node-2] [ERROR] [1768034266.529481872] [superpoint_node]: Errore pubblicazione keypoints 3D: could not assign tuple of length 3 to structure with 4 fields.
[superpoint_node-2] [INFO] [1768034266.662922084] [superpoint_node]: Keypoints estratti: 800
[superpoint_node-2] [ERROR] [1768034266.669165726] [superpoint_node]: Errore pubblicazione keypoints 3D: could not assign tuple of length 3 to structure with 4 fields.
[superpoint_node-2] [INFO] [1768034266.759129832] [superpoint_node]: Keypoints estratti: 800
[superpoint_node-2] [ERROR] [1768034266.765118102] [superpoint_node]: Errore pubblicazione keypoints 3D: could not assign tuple of length 3 to structure with 4 fields.
[superpoint_node-2] [INFO] [1768034266.859692782] [superpoint_node]: Keypoints estratti: 800
[superpoint_node-2] [ERROR] [1768034266.865414439] [superpoint_node]: Errore pubblicazione keypoints 3D: could not assign tuple of length 3 to structure with 4 fields.
[superpoint_node-2] [INFO] [1768034266.957905806] [superpoint_node]: Keypoints estratti: 800
[superpoint_node-2] [ERROR] [1768034266.964139671] [superpoint_node]: Errore pubblicazione keypoints 3D: could not assign tuple of length 3 to structure with 4 fields.
[rtabmap-14] [INFO] [1768034267.031196724] [rtabmap]: rtabmap (1473): Rate=0.50s, Limit=0.001s, Conversion=0.0005s, RTAB-Map=0.0763s, Maps update=0.0004s pub=0.0013s delay=0.1238s (local map=4, WM=5)
[superpoint_node-2] [INFO] [1768034267.060253141] [superpoint_node]: Keypoints estratti: 800
[superpoint_node-2] [ERROR] [1768034267.065952704] [superpoint_node]: Errore pubblicazione keypoints 3D: could not assign tuple of length 3 to structure with 4 fields.
[superpoint_node-2] [INFO] [1768034267.156636798] [superpoint_node]: Keypoints estratti: 800
[superpoint_node-2] [ERROR] [1768034267.162247898] [superpoint_node]: Errore pubblicazione keypoints 3D: could not assign tuple of length 3 to structure with 4 fields.
[superpoint_node-2] [INFO] [1768034267.253858851] [superpoint_node]: Keypoints estratti: 800
[superpoint_node-2] [ERROR] [1768034267.259607563] [superpoint_node]: Errore pubblicazione keypoints 3D: could not assign tuple of length 3 to structure with 4 fields.
[superpoint_node-2] [INFO] [1768034267.354118150] [superpoint_node]: Keypoints estratti: 800
[superpoint_node-2] [ERROR] [1768034267.360088327] [superpoint_node]: Errore pubblicazione keypoints 3D: could not assign tuple of length 3 to structure with 4 fields.
[superpoint_node-2] [INFO] [1768034267.450688938] [superpoint_node]: Keypoints estratti: 800
[superpoint_node-2] [ERROR] [1768034267.456621023] [superpoint_node]: Errore pubblicazione keypoints 3D: could not assign tuple of length 3 to structure with 4 fields.
[superpoint_node-2] [INFO] [1768034267.549400133] [superpoint_node]: Keypoints estratti: 800
[superpoint_node-2] [ERROR] [1768034267.556294503] [superpoint_node]: Errore pubblicazione keypoints 3D: could not assign tuple of length 3 to structure with 4 fields.
[rtabmap-14] [INFO] [1768034267.607364706] [rtabmap]: rtabmap (1474): Rate=0.50s, Limit=0.001s, Conversion=0.0002s, RTAB-Map=0.0734s, Maps update=0.0073s pub=0.0043s delay=0.1090s (local map=4, WM=5)
[superpoint_node-2] [INFO] [1768034267.655934556] [superpoint_node]: Keypoints estratti: 800
[superpoint_node-2] [ERROR] [1768034267.661697287] [superpoint_node]: Errore pubblicazione keypoints 3D: could not assign tuple of length 3 to structure with 4 fields.
[superpoint_node-2] [INFO] [1768034267.754049413] [superpoint_node]: Keypoints estratti: 800
[superpoint_node-2] [ERROR] [1768034267.759887126] [superpoint_node]: Errore pubblicazione keypoints 3D: could not assign tuple of length 3 to structure with 4 fields.
[superpoint_node-2] [INFO] [1768034267.855846039] [superpoint_node]: Keypoints estratti: 800
[superpoint_node-2] [ERROR] [1768034267.861909513] [superpoint_node]: Errore pubblicazione keypoints 3D: could not assign tuple of length 3 to structure with 4 fields.
[superpoint_node-2] [INFO] [1768034267.951656858] [superpoint_node]: Keypoints estratti: 800
[superpoint_node-2] [ERROR] [1768034267.957370663] [superpoint_node]: Errore pubblicazione keypoints 3D: could not assign tuple of length 3 to structure with 4 fields.
[superpoint_node-2] [INFO] [1768034268.048809281] [superpoint_node]: Keypoints estratti: 800
[superpoint_node-2] [ERROR] [1768034268.055664595] [superpoint_node]: Errore pubblicazione keypoints 3D: could not assign tuple of length 3 to structure with 4 fields.
[superpoint_node-2] [INFO] [1768034268.146006630] [superpoint_node]: Keypoints estratti: 800
[superpoint_node-2] [ERROR] [1768034268.152494237] [superpoint_node]: Errore pubblicazione keypoints 3D: could not assign tuple of length 3 to structure with 4 fields.
[rtabmap-14] [INFO] [1768034268.222932077] [rtabmap]: rtabmap (1475): Rate=0.50s, Limit=0.001s, Conversion=0.0002s, RTAB-Map=0.0695s, Maps update=0.0018s pub=0.0012s delay=0.1249s (local map=4, WM=5)
[superpoint_node-2] [INFO] [1768034268.253727507] [superpoint_node]: Keypoints estratti: 800
[superpoint_node-2] [ERROR] [1768034268.260132558] [superpoint_node]: Errore pubblicazione keypoints 3D: could not assign tuple of length 3 to structure with 4 fields.
[superpoint_node-2] [INFO] [1768034268.353780546] [superpoint_node]: Keypoints estratti: 800
[superpoint_node-2] [ERROR] [1768034268.360785602] [superpoint_node]: Errore pubblicazione keypoints 3D: could not assign tuple of length 3 to structure with 4 fields.
[superpoint_node-2] [INFO] [1768034268.453080041] [superpoint_node]: Keypoints estratti: 800
[superpoint_node-2] [ERROR] [1768034268.458897532] [superpoint_node]: Errore pubblicazione keypoints 3D: could not assign tuple of length 3 to structure with 4 fields.
[superpoint_node-2] [INFO] [1768034268.551385936] [superpoint_node]: Keypoints estratti: 800
[superpoint_node-2] [ERROR] [1768034268.557148501] [superpoint_node]: Errore pubblicazione keypoints 3D: could not assign tuple of length 3 to structure with 4 fields.
[superpoint_node-2] [INFO] [1768034268.652992802] [superpoint_node]: Keypoints estratti: 800
[superpoint_node-2] [ERROR] [1768034268.658899904] [superpoint_node]: Errore pubblicazione keypoints 3D: could not assign tuple of length 3 to structure with 4 fields.
[rtabmap-14] [INFO] [1768034268.704418434] [rtabmap]: rtabmap (1476): Rate=0.50s, Limit=0.001s, Conversion=0.0005s, RTAB-Map=0.0775s, Maps update=0.0019s pub=0.0054s delay=0.1052s (local map=4, WM=5)
[superpoint_node-2] [INFO] [1768034268.759143018] [superpoint_node]: Keypoints estratti: 800
[superpoint_node-2] [ERROR] [1768034268.765500291] [superpoint_node]: Errore pubblicazione keypoints 3D: could not assign tuple of length 3 to structure with 4 fields.
[superpoint_node-2] [INFO] [1768034268.855522120] [superpoint_node]: Keypoints estratti: 800
[superpoint_node-2] [ERROR] [1768034268.861135276] [superpoint_node]: Errore pubblicazione keypoints 3D: could not assign tuple of length 3 to structure with 4 fields.
[superpoint_node-2] [INFO] [1768034268.951355014] [superpoint_node]: Keypoints estratti: 800
[superpoint_node-2] [ERROR] [1768034268.957152338] [superpoint_node]: Errore pubblicazione keypoints 3D: could not assign tuple of length 3 to structure with 4 fields.
[superpoint_node-2] [INFO] [1768034269.045979583] [superpoint_node]: Keypoints estratti: 800
[superpoint_node-2] [ERROR] [1768034269.052068632] [superpoint_node]: Errore pubblicazione keypoints 3D: could not assign tuple of length 3 to structure with 4 fields.
[superpoint_node-2] [INFO] [1768034269.145484265] [superpoint_node]: Keypoints estratti: 800
[superpoint_node-2] [ERROR] [1768034269.152428821] [superpoint_node]: Errore pubblicazione keypoints 3D: could not assign tuple of length 3 to structure with 4 fields.
[superpoint_node-2] [INFO] [1768034269.245954325] [superpoint_node]: Keypoints estratti: 800
[superpoint_node-2] [ERROR] [1768034269.253538090] [superpoint_node]: Errore pubblicazione keypoints 3D: could not assign tuple of length 3 to structure with 4 fields.
[rtabmap-14] [INFO] [1768034269.287220988] [rtabmap]: rtabmap (1477): Rate=0.50s, Limit=0.001s, Conversion=0.0005s, RTAB-Map=0.0695s, Maps update=0.0003s pub=0.0009s delay=0.0923s (local map=4, WM=5)
[superpoint_node-2] [INFO] [1768034269.348783627] [superpoint_node]: Keypoints estratti: 800
[superpoint_node-2] [ERROR] [1768034269.354790415] [superpoint_node]: Errore pubblicazione keypoints 3D: could not assign tuple of length 3 to structure with 4 fields.
[superpoint_node-2] [INFO] [1768034269.444446852] [superpoint_node]: Keypoints estratti: 800
[superpoint_node-2] [ERROR] [1768034269.452780863] [superpoint_node]: Errore pubblicazione keypoints 3D: could not assign tuple of length 3 to structure with 4 fields.
[superpoint_node-2] [INFO] [1768034269.544640985] [superpoint_node]: Keypoints estratti: 800
[superpoint_node-2] [ERROR] [1768034269.551321464] [superpoint_node]: Errore pubblicazione keypoints 3D: could not assign tuple of length 3 to structure with 4 fields.
[superpoint_node-2] [INFO] [1768034269.643432680] [superpoint_node]: Keypoints estratti: 800
[superpoint_node-2] [ERROR] [1768034269.649487191] [superpoint_node]: Errore pubblicazione keypoints 3D: could not assign tuple of length 3 to structure with 4 fields.
[superpoint_node-2] [INFO] [1768034269.737901636] [superpoint_node]: Keypoints estratti: 800
[superpoint_node-2] [ERROR] [1768034269.744097519] [superpoint_node]: Errore pubblicazione keypoints 3D: could not assign tuple of length 3 to structure with 4 fields.
[superpoint_node-2] [INFO] [1768034269.835358025] [superpoint_node]: Keypoints estratti: 800
[superpoint_node-2] [ERROR] [1768034269.841653871] [superpoint_node]: Errore pubblicazione keypoints 3D: could not assign tuple of length 3 to structure with 4 fields.
[rtabmap-14] [INFO] [1768034269.855162127] [rtabmap]: rtabmap (1478): Rate=0.50s, Limit=0.001s, Conversion=0.0003s, RTAB-Map=0.0427s, Maps update=0.0003s pub=0.0009s delay=0.0696s (local map=4, WM=5)
[superpoint_node-2] [INFO] [1768034269.935129227] [superpoint_node]: Keypoints estratti: 800
[superpoint_node-2] [ERROR] [1768034269.941629039] [superpoint_node]: Errore pubblicazione keypoints 3D: could not assign tuple of length 3 to structure with 4 fields.
[superpoint_node-2] [INFO] [1768034270.032686357] [superpoint_node]: Keypoints estratti: 800
[superpoint_node-2] [ERROR] [1768034270.038358106] [superpoint_node]: Errore pubblicazione keypoints 3D: could not assign tuple of length 3 to structure with 4 fields.
[superpoint_node-2] [INFO] [1768034270.132434171] [superpoint_node]: Keypoints estratti: 800
[superpoint_node-2] [ERROR] [1768034270.138238773] [superpoint_node]: Errore pubblicazione keypoints 3D: could not assign tuple of length 3 to structure with 4 fields.
[superpoint_node-2] [INFO] [1768034270.231291348] [superpoint_node]: Keypoints estratti: 800
[superpoint_node-2] [ERROR] [1768034270.236955838] [superpoint_node]: Errore pubblicazione keypoints 3D: could not assign tuple of length 3 to structure with 4 fields.
[superpoint_node-2] [INFO] [1768034270.325611118] [superpoint_node]: Keypoints estratti: 800
[superpoint_node-2] [ERROR] [1768034270.331751316] [superpoint_node]: Errore pubblicazione keypoints 3D: could not assign tuple of length 3 to structure with 4 fields.
[superpoint_node-2] [INFO] [1768034270.518799233] [superpoint_node]: Keypoints estratti: 800
[superpoint_node-2] [ERROR] [1768034270.525068209] [superpoint_node]: Errore pubblicazione keypoints 3D: could not assign tuple of length 3 to structure with 4 fields.
[rtabmap-14] [INFO] [1768034270.525366081] [rtabmap]: rtabmap (1479): Rate=0.50s, Limit=0.001s, Conversion=0.0009s, RTAB-Map=0.0378s, Maps update=0.0014s pub=0.0009s delay=0.0558s (local map=4, WM=5)
[superpoint_node-2] [INFO] [1768034270.652547799] [superpoint_node]: Keypoints estratti: 800
[superpoint_node-2] [ERROR] [1768034270.658231104] [superpoint_node]: Errore pubblicazione keypoints 3D: could not assign tuple of length 3 to structure with 4 fields.
[superpoint_node-2] [INFO] [1768034270.746481511] [superpoint_node]: Keypoints estratti: 800
[superpoint_node-2] [ERROR] [1768034270.753537363] [superpoint_node]: Errore pubblicazione keypoints 3D: could not assign tuple of length 3 to structure with 4 fields.
[superpoint_node-2] [INFO] [1768034270.843530822] [superpoint_node]: Keypoints estratti: 800
[superpoint_node-2] [ERROR] [1768034270.849799224] [superpoint_node]: Errore pubblicazione keypoints 3D: could not assign tuple of length 3 to structure with 4 fields.
[superpoint_node-2] [INFO] [1768034270.938561820] [superpoint_node]: Keypoints estratti: 800
[superpoint_node-2] [ERROR] [1768034270.944637887] [superpoint_node]: Errore pubblicazione keypoints 3D: could not assign tuple of length 3 to structure with 4 fields.
[superpoint_node-2] [INFO] [1768034271.034550789] [superpoint_node]: Keypoints estratti: 800
[superpoint_node-2] [ERROR] [1768034271.041588771] [superpoint_node]: Errore pubblicazione keypoints 3D: could not assign tuple of length 3 to structure with 4 fields.
[rtabmap-14] [INFO] [1768034271.101410378] [rtabmap]: rtabmap (1480): Rate=0.50s, Limit=0.001s, Conversion=0.0005s, RTAB-Map=0.0750s, Maps update=0.0108s pub=0.0021s delay=0.1151s (local map=4, WM=5)
[superpoint_node-2] [INFO] [1768034271.133772154] [superpoint_node]: Keypoints estratti: 800
[superpoint_node-2] [ERROR] [1768034271.139984482] [superpoint_node]: Errore pubblicazione keypoints 3D: could not assign tuple of length 3 to structure with 4 fields.
[superpoint_node-2] [INFO] [1768034271.231044726] [superpoint_node]: Keypoints estratti: 800
[superpoint_node-2] [ERROR] [1768034271.236653178] [superpoint_node]: Errore pubblicazione keypoints 3D: could not assign tuple of length 3 to structure with 4 fields.
[superpoint_node-2] [INFO] [1768034271.418198311] [superpoint_node]: Keypoints estratti: 800
[superpoint_node-2] [ERROR] [1768034271.423989542] [superpoint_node]: Errore pubblicazione keypoints 3D: could not assign tuple of length 3 to structure with 4 fields.
[superpoint_node-2] [INFO] [1768034271.517988958] [superpoint_node]: Keypoints estratti: 800
[superpoint_node-2] [ERROR] [1768034271.523583540] [superpoint_node]: Errore pubblicazione keypoints 3D: could not assign tuple of length 3 to structure with 4 fields.
[superpoint_node-2] [INFO] [1768034271.627111495] [superpoint_node]: Keypoints estratti: 800
[superpoint_node-2] [ERROR] [1768034271.632973801] [superpoint_node]: Errore pubblicazione keypoints 3D: could not assign tuple of length 3 to structure with 4 fields.
[rtabmap-14] [INFO] [1768034271.651843877] [rtabmap]: rtabmap (1481): Rate=0.50s, Limit=0.001s, Conversion=0.0002s, RTAB-Map=0.0378s, Maps update=0.0006s pub=0.0010s delay=0.0823s (local map=4, WM=5)
[superpoint_node-2] [INFO] [1768034271.726770086] [superpoint_node]: Keypoints estratti: 800
[superpoint_node-2] [ERROR] [1768034271.732784023] [superpoint_node]: Errore pubblicazione keypoints 3D: could not assign tuple of length 3 to structure with 4 fields.
[superpoint_node-2] [INFO] [1768034271.823583932] [superpoint_node]: Keypoints estratti: 800
[superpoint_node-2] [ERROR] [1768034271.829129606] [superpoint_node]: Errore pubblicazione keypoints 3D: could not assign tuple of length 3 to structure with 4 fields.
[superpoint_node-2] [INFO] [1768034271.921745363] [superpoint_node]: Keypoints estratti: 800
[superpoint_node-2] [ERROR] [1768034271.927381704] [superpoint_node]: Errore pubblicazione keypoints 3D: could not assign tuple of length 3 to structure with 4 fields.
[superpoint_node-2] [INFO] [1768034272.020664799] [superpoint_node]: Keypoints estratti: 800
[superpoint_node-2] [ERROR] [1768034272.026540198] [superpoint_node]: Errore pubblicazione keypoints 3D: could not assign tuple of length 3 to structure with 4 fields.
[superpoint_node-2] [INFO] [1768034272.120191408] [superpoint_node]: Keypoints estratti: 800
[superpoint_node-2] [ERROR] [1768034272.126056029] [superpoint_node]: Errore pubblicazione keypoints 3D: could not assign tuple of length 3 to structure with 4 fields.
[rtabmap-14] [INFO] [1768034272.194534815] [rtabmap]: rtabmap (1482): Rate=0.50s, Limit=0.001s, Conversion=0.0003s, RTAB-Map=0.0831s, Maps update=0.0004s pub=0.0014s delay=0.1250s (local map=4, WM=5)
[superpoint_node-2] [INFO] [1768034272.223604214] [superpoint_node]: Keypoints estratti: 800
[superpoint_node-2] [ERROR] [1768034272.229286611] [superpoint_node]: Errore pubblicazione keypoints 3D: could not assign tuple of length 3 to structure with 4 fields.
[superpoint_node-2] [INFO] [1768034272.321479253] [superpoint_node]: Keypoints estratti: 800
[superpoint_node-2] [ERROR] [1768034272.327287392] [superpoint_node]: Errore pubblicazione keypoints 3D: could not assign tuple of length 3 to structure with 4 fields.
[superpoint_node-2] [INFO] [1768034272.424094942] [superpoint_node]: Keypoints estratti: 800
[superpoint_node-2] [ERROR] [1768034272.429731505] [superpoint_node]: Errore pubblicazione keypoints 3D: could not assign tuple of length 3 to structure with 4 fields.
[superpoint_node-2] [INFO] [1768034272.520196078] [superpoint_node]: Keypoints estratti: 800
[superpoint_node-2] [ERROR] [1768034272.526034958] [superpoint_node]: Errore pubblicazione keypoints 3D: could not assign tuple of length 3 to structure with 4 fields.
[superpoint_node-2] [INFO] [1768034272.619097071] [superpoint_node]: Keypoints estratti: 800
[superpoint_node-2] [ERROR] [1768034272.625519529] [superpoint_node]: Errore pubblicazione keypoints 3D: could not assign tuple of length 3 to structure with 4 fields.
[superpoint_node-2] [INFO] [1768034272.722312727] [superpoint_node]: Keypoints estratti: 800
[superpoint_node-2] [ERROR] [1768034272.728660944] [superpoint_node]: Errore pubblicazione keypoints 3D: could not assign tuple of length 3 to structure with 4 fields.
[rtabmap-14] [INFO] [1768034272.755113414] [rtabmap]: rtabmap (1483): Rate=0.50s, Limit=0.001s, Conversion=0.0002s, RTAB-Map=0.0375s, Maps update=0.0020s pub=0.0024s delay=0.0857s (local map=4, WM=5)
[superpoint_node-2] [INFO] [1768034272.822960122] [superpoint_node]: Keypoints estratti: 800
[superpoint_node-2] [ERROR] [1768034272.828741149] [superpoint_node]: Errore pubblicazione keypoints 3D: could not assign tuple of length 3 to structure with 4 fields.
[superpoint_node-2] [INFO] [1768034272.917443634] [superpoint_node]: Keypoints estratti: 800
[superpoint_node-2] [ERROR] [1768034272.923299755] [superpoint_node]: Errore pubblicazione keypoints 3D: could not assign tuple of length 3 to structure with 4 fields.
[superpoint_node-2] [INFO] [1768034273.019155519] [superpoint_node]: Keypoints estratti: 800
[superpoint_node-2] [ERROR] [1768034273.025179586] [superpoint_node]: Errore pubblicazione keypoints 3D: could not assign tuple of length 3 to structure with 4 fields.
[superpoint_node-2] [INFO] [1768034273.116382406] [superpoint_node]: Keypoints estratti: 800
[superpoint_node-2] [ERROR] [1768034273.122463158] [superpoint_node]: Errore pubblicazione keypoints 3D: could not assign tuple of length 3 to structure with 4 fields.
[superpoint_node-2] [INFO] [1768034273.219855990] [superpoint_node]: Keypoints estratti: 800
[superpoint_node-2] [ERROR] [1768034273.226224819] [superpoint_node]: Errore pubblicazione keypoints 3D: could not assign tuple of length 3 to structure with 4 fields.
[rtabmap-14] [INFO] [1768034273.294898033] [rtabmap]: rtabmap (1484): Rate=0.50s, Limit=0.001s, Conversion=0.0002s, RTAB-Map=0.0756s, Maps update=0.0004s pub=0.0013s delay=0.1252s (local map=4, WM=5)
[superpoint_node-2] [INFO] [1768034273.322130305] [superpoint_node]: Keypoints estratti: 800
[superpoint_node-2] [ERROR] [1768034273.327760276] [superpoint_node]: Errore pubblicazione keypoints 3D: could not assign tuple of length 3 to structure with 4 fields.
[superpoint_node-2] [INFO] [1768034273.420195291] [superpoint_node]: Keypoints estratti: 800
[superpoint_node-2] [ERROR] [1768034273.425935781] [superpoint_node]: Errore pubblicazione keypoints 3D: could not assign tuple of length 3 to structure with 4 fields.
[superpoint_node-2] [INFO] [1768034273.519726085] [superpoint_node]: Keypoints estratti: 800
[superpoint_node-2] [ERROR] [1768034273.525403796] [superpoint_node]: Errore pubblicazione keypoints 3D: could not assign tuple of length 3 to structure with 4 fields.
[superpoint_node-2] [INFO] [1768034273.619074173] [superpoint_node]: Keypoints estratti: 800
[superpoint_node-2] [ERROR] [1768034273.625253037] [superpoint_node]: Errore pubblicazione keypoints 3D: could not assign tuple of length 3 to structure with 4 fields.
[superpoint_node-2] [INFO] [1768034273.722275070] [superpoint_node]: Keypoints estratti: 800
[superpoint_node-2] [ERROR] [1768034273.729642629] [superpoint_node]: Errore pubblicazione keypoints 3D: could not assign tuple of length 3 to structure with 4 fields.
[rtabmap-14] [INFO] [1768034273.795002816] [rtabmap]: rtabmap (1485): Rate=0.50s, Limit=0.001s, Conversion=0.0005s, RTAB-Map=0.0694s, Maps update=0.0069s pub=0.0014s delay=0.1253s (local map=4, WM=5)
[superpoint_node-2] [INFO] [1768034273.827339333] [superpoint_node]: Keypoints estratti: 800
[superpoint_node-2] [ERROR] [1768034273.833986905] [superpoint_node]: Errore pubblicazione keypoints 3D: could not assign tuple of length 3 to structure with 4 fields.
[superpoint_node-2] [INFO] [1768034273.930609972] [superpoint_node]: Keypoints estratti: 800
[superpoint_node-2] [ERROR] [1768034273.936277406] [superpoint_node]: Errore pubblicazione keypoints 3D: could not assign tuple of length 3 to structure with 4 fields.
[superpoint_node-2] [INFO] [1768034274.026947980] [superpoint_node]: Keypoints estratti: 800
[superpoint_node-2] [ERROR] [1768034274.033029751] [superpoint_node]: Errore pubblicazione keypoints 3D: could not assign tuple of length 3 to structure with 4 fields.
[superpoint_node-2] [INFO] [1768034274.216997459] [superpoint_node]: Keypoints estratti: 800
[superpoint_node-2] [ERROR] [1768034274.223572659] [superpoint_node]: Errore pubblicazione keypoints 3D: could not assign tuple of length 3 to structure with 4 fields.
[superpoint_node-2] [INFO] [1768034274.319824982] [superpoint_node]: Keypoints estratti: 800
[superpoint_node-2] [ERROR] [1768034274.325897994] [superpoint_node]: Errore pubblicazione keypoints 3D: could not assign tuple of length 3 to structure with 4 fields.
[rtabmap-14] [INFO] [1768034274.390407823] [rtabmap]: rtabmap (1486): Rate=0.50s, Limit=0.001s, Conversion=0.0005s, RTAB-Map=0.0728s, Maps update=0.0036s pub=0.0009s delay=0.1209s (local map=4, WM=5)
[superpoint_node-2] [INFO] [1768034274.424695578] [superpoint_node]: Keypoints estratti: 800
[superpoint_node-2] [ERROR] [1768034274.430246307] [superpoint_node]: Errore pubblicazione keypoints 3D: could not assign tuple of length 3 to structure with 4 fields.
[superpoint_node-2] [INFO] [1768034274.522643229] [superpoint_node]: Keypoints estratti: 800
[superpoint_node-2] [ERROR] [1768034274.528648629] [superpoint_node]: Errore pubblicazione keypoints 3D: could not assign tuple of length 3 to structure with 4 fields.
[superpoint_node-2] [INFO] [1768034274.618549827] [superpoint_node]: Keypoints estratti: 800
[superpoint_node-2] [ERROR] [1768034274.624212872] [superpoint_node]: Errore pubblicazione keypoints 3D: could not assign tuple of length 3 to structure with 4 fields.
[superpoint_node-2] [INFO] [1768034274.717360504] [superpoint_node]: Keypoints estratti: 800
[superpoint_node-2] [ERROR] [1768034274.723168809] [superpoint_node]: Errore pubblicazione keypoints 3D: could not assign tuple of length 3 to structure with 4 fields.
[superpoint_node-2] [INFO] [1768034274.817702267] [superpoint_node]: Keypoints estratti: 800
[superpoint_node-2] [ERROR] [1768034274.824073669] [superpoint_node]: Errore pubblicazione keypoints 3D: could not assign tuple of length 3 to structure with 4 fields.
[superpoint_node-2] [INFO] [1768034274.920424771] [superpoint_node]: Keypoints estratti: 800
[superpoint_node-2] [ERROR] [1768034274.926429337] [superpoint_node]: Errore pubblicazione keypoints 3D: could not assign tuple of length 3 to structure with 4 fields.
[rtabmap-14] [INFO] [1768034274.960693166] [rtabmap]: rtabmap (1487): Rate=0.50s, Limit=0.001s, Conversion=0.0002s, RTAB-Map=0.0413s, Maps update=0.0015s pub=0.0012s delay=0.0908s (local map=4, WM=5)
[superpoint_node-2] [INFO] [1768034275.023955670] [superpoint_node]: Keypoints estratti: 800
[superpoint_node-2] [ERROR] [1768034275.029417769] [superpoint_node]: Errore pubblicazione keypoints 3D: could not assign tuple of length 3 to structure with 4 fields.
[superpoint_node-2] [INFO] [1768034275.120406458] [superpoint_node]: Keypoints estratti: 800
[superpoint_node-2] [ERROR] [1768034275.126153504] [superpoint_node]: Errore pubblicazione keypoints 3D: could not assign tuple of length 3 to structure with 4 fields.
[superpoint_node-2] [INFO] [1768034275.218120533] [superpoint_node]: Keypoints estratti: 800
[superpoint_node-2] [ERROR] [1768034275.224424139] [superpoint_node]: Errore pubblicazione keypoints 3D: could not assign tuple of length 3 to structure with 4 fields.
[superpoint_node-2] [INFO] [1768034275.316788005] [superpoint_node]: Keypoints estratti: 800
[superpoint_node-2] [ERROR] [1768034275.322831183] [superpoint_node]: Errore pubblicazione keypoints 3D: could not assign tuple of length 3 to structure with 4 fields.
[superpoint_node-2] [INFO] [1768034275.418272240] [superpoint_node]: Keypoints estratti: 800
[superpoint_node-2] [ERROR] [1768034275.423972786] [superpoint_node]: Errore pubblicazione keypoints 3D: could not assign tuple of length 3 to structure with 4 fields.
[superpoint_node-2] [INFO] [1768034275.520380814] [superpoint_node]: Keypoints estratti: 800
[superpoint_node-2] [ERROR] [1768034275.526537307] [superpoint_node]: Errore pubblicazione keypoints 3D: could not assign tuple of length 3 to structure with 4 fields.
[rtabmap-14] [INFO] [1768034275.589627273] [rtabmap]: rtabmap (1488): Rate=0.50s, Limit=0.001s, Conversion=0.0006s, RTAB-Map=0.0726s, Maps update=0.0024s pub=0.0010s delay=0.1200s (local map=4, WM=5)
[superpoint_node-2] [INFO] [1768034275.623835064] [superpoint_node]: Keypoints estratti: 800
[superpoint_node-2] [ERROR] [1768034275.630400746] [superpoint_node]: Errore pubblicazione keypoints 3D: could not assign tuple of length 3 to structure with 4 fields.
[superpoint_node-2] [INFO] [1768034275.722445888] [superpoint_node]: Keypoints estratti: 800
[superpoint_node-2] [ERROR] [1768034275.728871680] [superpoint_node]: Errore pubblicazione keypoints 3D: could not assign tuple of length 3 to structure with 4 fields.
[superpoint_node-2] [INFO] [1768034275.836944356] [superpoint_node]: Keypoints estratti: 800
[superpoint_node-2] [ERROR] [1768034275.843470908] [superpoint_node]: Errore pubblicazione keypoints 3D: could not assign tuple of length 3 to structure with 4 fields.
[superpoint_node-2] [INFO] [1768034275.936529132] [superpoint_node]: Keypoints estratti: 800
[superpoint_node-2] [ERROR] [1768034275.943266963] [superpoint_node]: Errore pubblicazione keypoints 3D: could not assign tuple of length 3 to structure with 4 fields.
[superpoint_node-2] [INFO] [1768034276.040872852] [superpoint_node]: Keypoints estratti: 800
[superpoint_node-2] [ERROR] [1768034276.047666666] [superpoint_node]: Errore pubblicazione keypoints 3D: could not assign tuple of length 3 to structure with 4 fields.
[rtabmap-14] [INFO] [1768034276.091188142] [rtabmap]: rtabmap (1489): Rate=0.50s, Limit=0.001s, Conversion=0.0002s, RTAB-Map=0.0782s, Maps update=0.0007s pub=0.0010s delay=0.1038s (local map=4, WM=5)
[superpoint_node-2] [INFO] [1768034276.148799194] [superpoint_node]: Keypoints estratti: 800
[superpoint_node-2] [ERROR] [1768034276.155112300] [superpoint_node]: Errore pubblicazione keypoints 3D: could not assign tuple of length 3 to structure with 4 fields.
[superpoint_node-2] [INFO] [1768034276.243574765] [superpoint_node]: Keypoints estratti: 800
[superpoint_node-2] [ERROR] [1768034276.249931964] [superpoint_node]: Errore pubblicazione keypoints 3D: could not assign tuple of length 3 to structure with 4 fields.
[superpoint_node-2] [INFO] [1768034276.339892051] [superpoint_node]: Keypoints estratti: 800
[superpoint_node-2] [ERROR] [1768034276.345728116] [superpoint_node]: Errore pubblicazione keypoints 3D: could not assign tuple of length 3 to structure with 4 fields.
[superpoint_node-2] [INFO] [1768034276.435630018] [superpoint_node]: Keypoints estratti: 800
[superpoint_node-2] [ERROR] [1768034276.442602815] [superpoint_node]: Errore pubblicazione keypoints 3D: could not assign tuple of length 3 to structure with 4 fields.
[superpoint_node-2] [INFO] [1768034276.539975350] [superpoint_node]: Keypoints estratti: 800
[superpoint_node-2] [ERROR] [1768034276.545761378] [superpoint_node]: Errore pubblicazione keypoints 3D: could not assign tuple of length 3 to structure with 4 fields.
[superpoint_node-2] [INFO] [1768034276.638644378] [superpoint_node]: Keypoints estratti: 800
[superpoint_node-2] [ERROR] [1768034276.644941687] [superpoint_node]: Errore pubblicazione keypoints 3D: could not assign tuple of length 3 to structure with 4 fields.
[rtabmap-14] [INFO] [1768034276.728144480] [rtabmap]: rtabmap (1490): Rate=0.50s, Limit=0.001s, Conversion=0.0002s, RTAB-Map=0.0799s, Maps update=0.0036s pub=0.0014s delay=0.1382s (local map=4, WM=5)
[superpoint_node-2] [INFO] [1768034276.743533881] [superpoint_node]: Keypoints estratti: 800
[superpoint_node-2] [ERROR] [1768034276.750701882] [superpoint_node]: Errore pubblicazione keypoints 3D: could not assign tuple of length 3 to structure with 4 fields.
[superpoint_node-2] [INFO] [1768034276.840914935] [superpoint_node]: Keypoints estratti: 800
[superpoint_node-2] [ERROR] [1768034276.846940501] [superpoint_node]: Errore pubblicazione keypoints 3D: could not assign tuple of length 3 to structure with 4 fields.
[superpoint_node-2] [INFO] [1768034276.939060717] [superpoint_node]: Keypoints estratti: 800
[superpoint_node-2] [ERROR] [1768034276.945678529] [superpoint_node]: Errore pubblicazione keypoints 3D: could not assign tuple of length 3 to structure with 4 fields.
[superpoint_node-2] [INFO] [1768034277.038600011] [superpoint_node]: Keypoints estratti: 800
[superpoint_node-2] [ERROR] [1768034277.045532122] [superpoint_node]: Errore pubblicazione keypoints 3D: could not assign tuple of length 3 to structure with 4 fields.
[superpoint_node-2] [INFO] [1768034277.139755299] [superpoint_node]: Keypoints estratti: 800
[superpoint_node-2] [ERROR] [1768034277.145687235] [superpoint_node]: Errore pubblicazione keypoints 3D: could not assign tuple of length 3 to structure with 4 fields.
[superpoint_node-2] [INFO] [1768034277.239992913] [superpoint_node]: Keypoints estratti: 800
[superpoint_node-2] [ERROR] [1768034277.246047665] [superpoint_node]: Errore pubblicazione keypoints 3D: could not assign tuple of length 3 to structure with 4 fields.
[rtabmap-14] [INFO] [1768034277.286364690] [rtabmap]: rtabmap (1491): Rate=0.50s, Limit=0.001s, Conversion=0.0006s, RTAB-Map=0.0658s, Maps update=0.0078s pub=0.0008s delay=0.0977s (local map=4, WM=5)
[superpoint_node-2] [INFO] [1768034277.342859085] [superpoint_node]: Keypoints estratti: 800
[superpoint_node-2] [ERROR] [1768034277.349971105] [superpoint_node]: Errore pubblicazione keypoints 3D: could not assign tuple of length 3 to structure with 4 fields.
[superpoint_node-2] [INFO] [1768034277.439913137] [superpoint_node]: Keypoints estratti: 800
[superpoint_node-2] [ERROR] [1768034277.445862943] [superpoint_node]: Errore pubblicazione keypoints 3D: could not assign tuple of length 3 to structure with 4 fields.
[superpoint_node-2] [INFO] [1768034277.535757919] [superpoint_node]: Keypoints estratti: 800
[superpoint_node-2] [ERROR] [1768034277.541901302] [superpoint_node]: Errore pubblicazione keypoints 3D: could not assign tuple of length 3 to structure with 4 fields.
[superpoint_node-2] [INFO] [1768034277.633838201] [superpoint_node]: Keypoints estratti: 800
[superpoint_node-2] [ERROR] [1768034277.639619433] [superpoint_node]: Errore pubblicazione keypoints 3D: could not assign tuple of length 3 to structure with 4 fields.
[superpoint_node-2] [INFO] [1768034277.733685572] [superpoint_node]: Keypoints estratti: 800
[superpoint_node-2] [ERROR] [1768034277.741719228] [superpoint_node]: Errore pubblicazione keypoints 3D: could not assign tuple of length 3 to structure with 4 fields.
[superpoint_node-2] [INFO] [1768034277.834781730] [superpoint_node]: Keypoints estratti: 800
[superpoint_node-2] [ERROR] [1768034277.841402338] [superpoint_node]: Errore pubblicazione keypoints 3D: could not assign tuple of length 3 to structure with 4 fields.
[rtabmap-14] [INFO] [1768034277.911115227] [rtabmap]: rtabmap (1492): Rate=0.50s, Limit=0.001s, Conversion=0.0002s, RTAB-Map=0.0582s, Maps update=0.0016s pub=0.0022s delay=0.1226s (local map=4, WM=5)
[superpoint_node-2] [INFO] [1768034277.937709439] [superpoint_node]: Keypoints estratti: 800
[superpoint_node-2] [ERROR] [1768034277.943751061] [superpoint_node]: Errore pubblicazione keypoints 3D: could not assign tuple of length 3 to structure with 4 fields.
[superpoint_node-2] [INFO] [1768034278.034076041] [superpoint_node]: Keypoints estratti: 800
[superpoint_node-2] [ERROR] [1768034278.040458777] [superpoint_node]: Errore pubblicazione keypoints 3D: could not assign tuple of length 3 to structure with 4 fields.
[superpoint_node-2] [INFO] [1768034278.132618456] [superpoint_node]: Keypoints estratti: 800
[superpoint_node-2] [ERROR] [1768034278.138318705] [superpoint_node]: Errore pubblicazione keypoints 3D: could not assign tuple of length 3 to structure with 4 fields.
[superpoint_node-2] [INFO] [1768034278.234817123] [superpoint_node]: Keypoints estratti: 800
[superpoint_node-2] [ERROR] [1768034278.241081080] [superpoint_node]: Errore pubblicazione keypoints 3D: could not assign tuple of length 3 to structure with 4 fields.
[superpoint_node-2] [INFO] [1768034278.373857324] [superpoint_node]: Keypoints estratti: 800
[superpoint_node-2] [ERROR] [1768034278.380176874] [superpoint_node]: Errore pubblicazione keypoints 3D: could not assign tuple of length 3 to structure with 4 fields.
[rtabmap-14] [INFO] [1768034278.412349279] [rtabmap]: rtabmap (1493): Rate=0.50s, Limit=0.001s, Conversion=0.0002s, RTAB-Map=0.0347s, Maps update=0.0007s pub=0.0008s delay=0.0904s (local map=4, WM=5)
[superpoint_node-2] [INFO] [1768034278.471996144] [superpoint_node]: Keypoints estratti: 800
[superpoint_node-2] [ERROR] [1768034278.478646400] [superpoint_node]: Errore pubblicazione keypoints 3D: could not assign tuple of length 3 to structure with 4 fields.
[superpoint_node-2] [INFO] [1768034278.572277239] [superpoint_node]: Keypoints estratti: 800
[superpoint_node-2] [ERROR] [1768034278.578638624] [superpoint_node]: Errore pubblicazione keypoints 3D: could not assign tuple of length 3 to structure with 4 fields.
[superpoint_node-2] [INFO] [1768034278.666643140] [superpoint_node]: Keypoints estratti: 800
[superpoint_node-2] [ERROR] [1768034278.672565761] [superpoint_node]: Errore pubblicazione keypoints 3D: could not assign tuple of length 3 to structure with 4 fields.
[superpoint_node-2] [INFO] [1768034278.763928675] [superpoint_node]: Keypoints estratti: 800
[superpoint_node-2] [ERROR] [1768034278.770196225] [superpoint_node]: Errore pubblicazione keypoints 3D: could not assign tuple of length 3 to structure with 4 fields.
[superpoint_node-2] [INFO] [1768034278.862809723] [superpoint_node]: Keypoints estratti: 800
[superpoint_node-2] [ERROR] [1768034278.868861660] [superpoint_node]: Errore pubblicazione keypoints 3D: could not assign tuple of length 3 to structure with 4 fields.
[superpoint_node-2] [INFO] [1768034278.962287460] [superpoint_node]: Keypoints estratti: 800
[superpoint_node-2] [ERROR] [1768034278.968129322] [superpoint_node]: Errore pubblicazione keypoints 3D: could not assign tuple of length 3 to structure with 4 fields.
[rtabmap-14] [INFO] [1768034279.029467144] [rtabmap]: rtabmap (1494): Rate=0.50s, Limit=0.001s, Conversion=0.0009s, RTAB-Map=0.0754s, Maps update=0.0064s pub=0.0008s delay=0.1185s (local map=4, WM=5)
[superpoint_node-2] [INFO] [1768034279.063866529] [superpoint_node]: Keypoints estratti: 800
[superpoint_node-2] [ERROR] [1768034279.069685965] [superpoint_node]: Errore pubblicazione keypoints 3D: could not assign tuple of length 3 to structure with 4 fields.
[superpoint_node-2] [INFO] [1768034279.160473763] [superpoint_node]: Keypoints estratti: 800
[superpoint_node-2] [ERROR] [1768034279.166355272] [superpoint_node]: Errore pubblicazione keypoints 3D: could not assign tuple of length 3 to structure with 4 fields.
[superpoint_node-2] [INFO] [1768034279.261377771] [superpoint_node]: Keypoints estratti: 800
[superpoint_node-2] [ERROR] [1768034279.267106817] [superpoint_node]: Errore pubblicazione keypoints 3D: could not assign tuple of length 3 to structure with 4 fields.
[superpoint_node-2] [INFO] [1768034279.361403068] [superpoint_node]: Keypoints estratti: 800
[superpoint_node-2] [ERROR] [1768034279.367270671] [superpoint_node]: Errore pubblicazione keypoints 3D: could not assign tuple of length 3 to structure with 4 fields.
[superpoint_node-2] [INFO] [1768034279.460656341] [superpoint_node]: Keypoints estratti: 800
[superpoint_node-2] [ERROR] [1768034279.466451239] [superpoint_node]: Errore pubblicazione keypoints 3D: could not assign tuple of length 3 to structure with 4 fields.
[superpoint_node-2] [INFO] [1768034279.559930874] [superpoint_node]: Keypoints estratti: 800
[superpoint_node-2] [ERROR] [1768034279.566130090] [superpoint_node]: Errore pubblicazione keypoints 3D: could not assign tuple of length 3 to structure with 4 fields.
[rtabmap-14] [INFO] [1768034279.594938301] [rtabmap]: rtabmap (1495): Rate=0.50s, Limit=0.001s, Conversion=0.0002s, RTAB-Map=0.0416s, Maps update=0.0004s pub=0.0010s delay=0.0859s (local map=4, WM=5)
[superpoint_node-2] [INFO] [1768034279.663235290] [superpoint_node]: Keypoints estratti: 800
[superpoint_node-2] [ERROR] [1768034279.669031206] [superpoint_node]: Errore pubblicazione keypoints 3D: could not assign tuple of length 3 to structure with 4 fields.
[superpoint_node-2] [INFO] [1768034279.762533526] [superpoint_node]: Keypoints estratti: 800
[superpoint_node-2] [ERROR] [1768034279.768325183] [superpoint_node]: Errore pubblicazione keypoints 3D: could not assign tuple of length 3 to structure with 4 fields.
[superpoint_node-2] [INFO] [1768034279.862908623] [superpoint_node]: Keypoints estratti: 800
[superpoint_node-2] [ERROR] [1768034279.868619039] [superpoint_node]: Errore pubblicazione keypoints 3D: could not assign tuple of length 3 to structure with 4 fields.
[superpoint_node-2] [INFO] [1768034279.959046889] [superpoint_node]: Keypoints estratti: 800
[superpoint_node-2] [ERROR] [1768034279.964500729] [superpoint_node]: Errore pubblicazione keypoints 3D: could not assign tuple of length 3 to structure with 4 fields.
[superpoint_node-2] [INFO] [1768034280.058403033] [superpoint_node]: Keypoints estratti: 800
[superpoint_node-2] [ERROR] [1768034280.064682676] [superpoint_node]: Errore pubblicazione keypoints 3D: could not assign tuple of length 3 to structure with 4 fields.
[superpoint_node-2] [INFO] [1768034280.158872297] [superpoint_node]: Keypoints estratti: 800
[superpoint_node-2] [ERROR] [1768034280.165067439] [superpoint_node]: Errore pubblicazione keypoints 3D: could not assign tuple of length 3 to structure with 4 fields.
[rtabmap-14] [INFO] [1768034280.212011110] [rtabmap]: rtabmap (1496): Rate=0.50s, Limit=0.001s, Conversion=0.0005s, RTAB-Map=0.0615s, Maps update=0.0057s pub=0.0018s delay=0.1053s (local map=4, WM=5)
[superpoint_node-2] [INFO] [1768034280.262942109] [superpoint_node]: Keypoints estratti: 800
[superpoint_node-2] [ERROR] [1768034280.268376319] [superpoint_node]: Errore pubblicazione keypoints 3D: could not assign tuple of length 3 to structure with 4 fields.
[superpoint_node-2] [INFO] [1768034280.358493000] [superpoint_node]: Keypoints estratti: 800
[superpoint_node-2] [ERROR] [1768034280.364699309] [superpoint_node]: Errore pubblicazione keypoints 3D: could not assign tuple of length 3 to structure with 4 fields.
[superpoint_node-2] [INFO] [1768034280.459624529] [superpoint_node]: Keypoints estratti: 800
[superpoint_node-2] [ERROR] [1768034280.465367723] [superpoint_node]: Errore pubblicazione keypoints 3D: could not assign tuple of length 3 to structure with 4 fields.
[superpoint_node-2] [INFO] [1768034280.557744422] [superpoint_node]: Keypoints estratti: 800
[superpoint_node-2] [ERROR] [1768034280.563418838] [superpoint_node]: Errore pubblicazione keypoints 3D: could not assign tuple of length 3 to structure with 4 fields.
[superpoint_node-2] [INFO] [1768034280.658862747] [superpoint_node]: Keypoints estratti: 800
[superpoint_node-2] [ERROR] [1768034280.664961851] [superpoint_node]: Errore pubblicazione keypoints 3D: could not assign tuple of length 3 to structure with 4 fields.
[superpoint_node-2] [INFO] [1768034280.757031993] [superpoint_node]: Keypoints estratti: 800
[superpoint_node-2] [ERROR] [1768034280.764137734] [superpoint_node]: Errore pubblicazione keypoints 3D: could not assign tuple of length 3 to structure with 4 fields.
[rtabmap-14] [INFO] [1768034280.832164592] [rtabmap]: rtabmap (1497): Rate=0.50s, Limit=0.001s, Conversion=0.0007s, RTAB-Map=0.0755s, Maps update=0.0022s pub=0.0012s delay=0.1255s (local map=4, WM=5)
[superpoint_node-2] [INFO] [1768034280.862852725] [superpoint_node]: Keypoints estratti: 800
[superpoint_node-2] [ERROR] [1768034280.868724476] [superpoint_node]: Errore pubblicazione keypoints 3D: could not assign tuple of length 3 to structure with 4 fields.
[superpoint_node-2] [INFO] [1768034280.958280597] [superpoint_node]: Keypoints estratti: 800
[superpoint_node-2] [ERROR] [1768034280.964140440] [superpoint_node]: Errore pubblicazione keypoints 3D: could not assign tuple of length 3 to structure with 4 fields.
[superpoint_node-2] [INFO] [1768034281.058571638] [superpoint_node]: Keypoints estratti: 800
[superpoint_node-2] [ERROR] [1768034281.064407999] [superpoint_node]: Errore pubblicazione keypoints 3D: could not assign tuple of length 3 to structure with 4 fields.
[superpoint_node-2] [INFO] [1768034281.156571604] [superpoint_node]: Keypoints estratti: 800
[superpoint_node-2] [ERROR] [1768034281.162396243] [superpoint_node]: Errore pubblicazione keypoints 3D: could not assign tuple of length 3 to structure with 4 fields.
[superpoint_node-2] [INFO] [1768034281.260900936] [superpoint_node]: Keypoints estratti: 800
[superpoint_node-2] [ERROR] [1768034281.266925021] [superpoint_node]: Errore pubblicazione keypoints 3D: could not assign tuple of length 3 to structure with 4 fields.
[superpoint_node-2] [INFO] [1768034281.357794042] [superpoint_node]: Keypoints estratti: 800
[superpoint_node-2] [ERROR] [1768034281.363890368] [superpoint_node]: Errore pubblicazione keypoints 3D: could not assign tuple of length 3 to structure with 4 fields.
[rtabmap-14] [INFO] [1768034281.431606556] [rtabmap]: rtabmap (1498): Rate=0.50s, Limit=0.001s, Conversion=0.0002s, RTAB-Map=0.0786s, Maps update=0.0004s pub=0.0010s delay=0.1232s (local map=4, WM=5)
[superpoint_node-2] [INFO] [1768034281.460600954] [superpoint_node]: Keypoints estratti: 800
[superpoint_node-2] [ERROR] [1768034281.466652336] [superpoint_node]: Errore pubblicazione keypoints 3D: could not assign tuple of length 3 to structure with 4 fields.
[superpoint_node-2] [INFO] [1768034281.563029549] [superpoint_node]: Keypoints estratti: 800
[superpoint_node-2] [ERROR] [1768034281.568824299] [superpoint_node]: Errore pubblicazione keypoints 3D: could not assign tuple of length 3 to structure with 4 fields.
[superpoint_node-2] [INFO] [1768034281.696340538] [superpoint_node]: Keypoints estratti: 800
[superpoint_node-2] [ERROR] [1768034281.702527587] [superpoint_node]: Errore pubblicazione keypoints 3D: could not assign tuple of length 3 to structure with 4 fields.
[superpoint_node-2] [INFO] [1768034281.793043846] [superpoint_node]: Keypoints estratti: 800
[superpoint_node-2] [ERROR] [1768034281.798640242] [superpoint_node]: Errore pubblicazione keypoints 3D: could not assign tuple of length 3 to structure with 4 fields.
[superpoint_node-2] [INFO] [1768034281.891097702] [superpoint_node]: Keypoints estratti: 800
[superpoint_node-2] [ERROR] [1768034281.896742895] [superpoint_node]: Errore pubblicazione keypoints 3D: could not assign tuple of length 3 to structure with 4 fields.
[rtabmap-14] [INFO] [1768034281.960815776] [rtabmap]: rtabmap (1499): Rate=0.50s, Limit=0.001s, Conversion=0.0002s, RTAB-Map=0.0766s, Maps update=0.0028s pub=0.0012s delay=0.1202s (local map=4, WM=5)
[superpoint_node-2] [INFO] [1768034281.991839172] [superpoint_node]: Keypoints estratti: 800
[superpoint_node-2] [ERROR] [1768034281.997371753] [superpoint_node]: Errore pubblicazione keypoints 3D: could not assign tuple of length 3 to structure with 4 fields.
[superpoint_node-2] [INFO] [1768034282.091275742] [superpoint_node]: Keypoints estratti: 800
[superpoint_node-2] [ERROR] [1768034282.096935824] [superpoint_node]: Errore pubblicazione keypoints 3D: could not assign tuple of length 3 to structure with 4 fields.
[superpoint_node-2] [INFO] [1768034282.190255068] [superpoint_node]: Keypoints estratti: 800
[superpoint_node-2] [ERROR] [1768034282.196061337] [superpoint_node]: Errore pubblicazione keypoints 3D: could not assign tuple of length 3 to structure with 4 fields.
[superpoint_node-2] [INFO] [1768034282.290005679] [superpoint_node]: Keypoints estratti: 800
[superpoint_node-2] [ERROR] [1768034282.295811503] [superpoint_node]: Errore pubblicazione keypoints 3D: could not assign tuple of length 3 to structure with 4 fields.
[superpoint_node-2] [INFO] [1768034282.391330838] [superpoint_node]: Keypoints estratti: 800
[superpoint_node-2] [ERROR] [1768034282.398360876] [superpoint_node]: Errore pubblicazione keypoints 3D: could not assign tuple of length 3 to structure with 4 fields.
[superpoint_node-2] [INFO] [1768034282.491829584] [superpoint_node]: Keypoints estratti: 800
[superpoint_node-2] [ERROR] [1768034282.498356488] [superpoint_node]: Errore pubblicazione keypoints 3D: could not assign tuple of length 3 to structure with 4 fields.
[rtabmap-14] [INFO] [1768034282.557510960] [rtabmap]: rtabmap (1500): Rate=0.50s, Limit=0.001s, Conversion=0.0005s, RTAB-Map=0.0702s, Maps update=0.0088s pub=0.0013s delay=0.1169s (local map=4, WM=5)
[superpoint_node-2] [INFO] [1768034282.590529334] [superpoint_node]: Keypoints estratti: 800
[superpoint_node-2] [ERROR] [1768034282.596373936] [superpoint_node]: Errore pubblicazione keypoints 3D: could not assign tuple of length 3 to structure with 4 fields.
[superpoint_node-2] [INFO] [1768034282.687186790] [superpoint_node]: Keypoints estratti: 800
[superpoint_node-2] [ERROR] [1768034282.694288384] [superpoint_node]: Errore pubblicazione keypoints 3D: could not assign tuple of length 3 to structure with 4 fields.
[superpoint_node-2] [INFO] [1768034282.786328099] [superpoint_node]: Keypoints estratti: 800
[superpoint_node-2] [ERROR] [1768034282.792057330] [superpoint_node]: Errore pubblicazione keypoints 3D: could not assign tuple of length 3 to structure with 4 fields.
[superpoint_node-2] [INFO] [1768034282.884901329] [superpoint_node]: Keypoints estratti: 800
[superpoint_node-2] [ERROR] [1768034282.891066416] [superpoint_node]: Errore pubblicazione keypoints 3D: could not assign tuple of length 3 to structure with 4 fields.
[superpoint_node-2] [INFO] [1768034282.985259667] [superpoint_node]: Keypoints estratti: 800
[superpoint_node-2] [ERROR] [1768034282.991282696] [superpoint_node]: Errore pubblicazione keypoints 3D: could not assign tuple of length 3 to structure with 4 fields.
[superpoint_node-2] [INFO] [1768034283.089914501] [superpoint_node]: Keypoints estratti: 800
[superpoint_node-2] [ERROR] [1768034283.095860382] [superpoint_node]: Errore pubblicazione keypoints 3D: could not assign tuple of length 3 to structure with 4 fields.
[rtabmap-14] [INFO] [1768034283.159084682] [rtabmap]: rtabmap (1501): Rate=0.50s, Limit=0.001s, Conversion=0.0002s, RTAB-Map=0.0763s, Maps update=0.0030s pub=0.0012s delay=0.1247s (local map=4, WM=5)
[superpoint_node-2] [INFO] [1768034283.195533047] [superpoint_node]: Keypoints estratti: 800
[superpoint_node-2] [ERROR] [1768034283.201587855] [superpoint_node]: Errore pubblicazione keypoints 3D: could not assign tuple of length 3 to structure with 4 fields.
[superpoint_node-2] [INFO] [1768034283.293813479] [superpoint_node]: Keypoints estratti: 800
[superpoint_node-2] [ERROR] [1768034283.299727026] [superpoint_node]: Errore pubblicazione keypoints 3D: could not assign tuple of length 3 to structure with 4 fields.
[superpoint_node-2] [INFO] [1768034283.395880515] [superpoint_node]: Keypoints estratti: 800
[superpoint_node-2] [ERROR] [1768034283.401619264] [superpoint_node]: Errore pubblicazione keypoints 3D: could not assign tuple of length 3 to structure with 4 fields.
[superpoint_node-2] [INFO] [1768034283.492323173] [superpoint_node]: Keypoints estratti: 800
[superpoint_node-2] [ERROR] [1768034283.497873254] [superpoint_node]: Errore pubblicazione keypoints 3D: could not assign tuple of length 3 to structure with 4 fields.
[superpoint_node-2] [INFO] [1768034283.590900107] [superpoint_node]: Keypoints estratti: 800
[superpoint_node-2] [ERROR] [1768034283.596834488] [superpoint_node]: Errore pubblicazione keypoints 3D: could not assign tuple of length 3 to structure with 4 fields.
[rtabmap-14] [INFO] [1768034283.614988188] [rtabmap]: rtabmap (1502): Rate=0.50s, Limit=0.001s, Conversion=0.0003s, RTAB-Map=0.0377s, Maps update=0.0003s pub=0.0009s delay=0.0751s (local map=4, WM=5)
[superpoint_node-2] [INFO] [1768034283.691242666] [superpoint_node]: Keypoints estratti: 800
[superpoint_node-2] [ERROR] [1768034283.697385604] [superpoint_node]: Errore pubblicazione keypoints 3D: could not assign tuple of length 3 to structure with 4 fields.
[superpoint_node-2] [INFO] [1768034283.790885368] [superpoint_node]: Keypoints estratti: 800
[superpoint_node-2] [ERROR] [1768034283.796574432] [superpoint_node]: Errore pubblicazione keypoints 3D: could not assign tuple of length 3 to structure with 4 fields.
[superpoint_node-2] [INFO] [1768034283.887846456] [superpoint_node]: Keypoints estratti: 800
[superpoint_node-2] [ERROR] [1768034283.893413593] [superpoint_node]: Errore pubblicazione keypoints 3D: could not assign tuple of length 3 to structure with 4 fields.
[superpoint_node-2] [INFO] [1768034283.985020083] [superpoint_node]: Keypoints estratti: 800
[superpoint_node-2] [ERROR] [1768034283.990394681] [superpoint_node]: Errore pubblicazione keypoints 3D: could not assign tuple of length 3 to structure with 4 fields.
[superpoint_node-2] [INFO] [1768034284.081322091] [superpoint_node]: Keypoints estratti: 800
[superpoint_node-2] [ERROR] [1768034284.086789431] [superpoint_node]: Errore pubblicazione keypoints 3D: could not assign tuple of length 3 to structure with 4 fields.
[superpoint_node-2] [INFO] [1768034284.183403961] [superpoint_node]: Keypoints estratti: 800
[superpoint_node-2] [ERROR] [1768034284.189089840] [superpoint_node]: Errore pubblicazione keypoints 3D: could not assign tuple of length 3 to structure with 4 fields.
[rtabmap-14] [INFO] [1768034284.196004858] [rtabmap]: rtabmap (1503): Rate=0.50s, Limit=0.001s, Conversion=0.0002s, RTAB-Map=0.0429s, Maps update=0.0004s pub=0.0009s delay=0.0680s (local map=4, WM=5)
[superpoint_node-2] [INFO] [1768034284.281230834] [superpoint_node]: Keypoints estratti: 800
[superpoint_node-2] [ERROR] [1768034284.287001509] [superpoint_node]: Errore pubblicazione keypoints 3D: could not assign tuple of length 3 to structure with 4 fields.
[superpoint_node-2] [INFO] [1768034284.380695719] [superpoint_node]: Keypoints estratti: 800
[superpoint_node-2] [ERROR] [1768034284.386181226] [superpoint_node]: Errore pubblicazione keypoints 3D: could not assign tuple of length 3 to structure with 4 fields.
[superpoint_node-2] [INFO] [1768034284.478929243] [superpoint_node]: Keypoints estratti: 800
[superpoint_node-2] [ERROR] [1768034284.484751105] [superpoint_node]: Errore pubblicazione keypoints 3D: could not assign tuple of length 3 to structure with 4 fields.
[superpoint_node-2] [INFO] [1768034284.578477056] [superpoint_node]: Keypoints estratti: 800
[superpoint_node-2] [ERROR] [1768034284.584966941] [superpoint_node]: Errore pubblicazione keypoints 3D: could not assign tuple of length 3 to structure with 4 fields.
[superpoint_node-2] [INFO] [1768034284.676137520] [superpoint_node]: Keypoints estratti: 800
[superpoint_node-2] [ERROR] [1768034284.682056974] [superpoint_node]: Errore pubblicazione keypoints 3D: could not assign tuple of length 3 to structure with 4 fields.
[superpoint_node-2] [INFO] [1768034284.782592035] [superpoint_node]: Keypoints estratti: 800
[superpoint_node-2] [ERROR] [1768034284.788788547] [superpoint_node]: Errore pubblicazione keypoints 3D: could not assign tuple of length 3 to structure with 4 fields.
[rtabmap-14] [INFO] [1768034284.837214100] [rtabmap]: rtabmap (1504): Rate=0.50s, Limit=0.001s, Conversion=0.0013s, RTAB-Map=0.0788s, Maps update=0.0027s pub=0.0025s delay=0.1136s (local map=4, WM=5)
[superpoint_node-2] [INFO] [1768034284.921616718] [superpoint_node]: Keypoints estratti: 800
[superpoint_node-2] [ERROR] [1768034284.927451375] [superpoint_node]: Errore pubblicazione keypoints 3D: could not assign tuple of length 3 to structure with 4 fields.
[superpoint_node-2] [INFO] [1768034285.022824358] [superpoint_node]: Keypoints estratti: 800
[superpoint_node-2] [ERROR] [1768034285.028845221] [superpoint_node]: Errore pubblicazione keypoints 3D: could not assign tuple of length 3 to structure with 4 fields.
[superpoint_node-2] [INFO] [1768034285.122557227] [superpoint_node]: Keypoints estratti: 800
[superpoint_node-2] [ERROR] [1768034285.128726202] [superpoint_node]: Errore pubblicazione keypoints 3D: could not assign tuple of length 3 to structure with 4 fields.
[superpoint_node-2] [INFO] [1768034285.219164590] [superpoint_node]: Keypoints estratti: 800
[superpoint_node-2] [ERROR] [1768034285.225244453] [superpoint_node]: Errore pubblicazione keypoints 3D: could not assign tuple of length 3 to structure with 4 fields.
[superpoint_node-2] [INFO] [1768034285.318894885] [superpoint_node]: Keypoints estratti: 800
[superpoint_node-2] [ERROR] [1768034285.325403919] [superpoint_node]: Errore pubblicazione keypoints 3D: could not assign tuple of length 3 to structure with 4 fields.
[rtabmap-14] [INFO] [1768034285.395596534] [rtabmap]: rtabmap (1505): Rate=0.50s, Limit=0.001s, Conversion=0.0028s, RTAB-Map=0.0739s, Maps update=0.0010s pub=0.0013s delay=0.1262s (local map=4, WM=5)
[superpoint_node-2] [INFO] [1768034285.424575413] [superpoint_node]: Keypoints estratti: 800
[superpoint_node-2] [ERROR] [1768034285.430428756] [superpoint_node]: Errore pubblicazione keypoints 3D: could not assign tuple of length 3 to structure with 4 fields.
[superpoint_node-2] [INFO] [1768034285.521978894] [superpoint_node]: Keypoints estratti: 800
[superpoint_node-2] [ERROR] [1768034285.528244703] [superpoint_node]: Errore pubblicazione keypoints 3D: could not assign tuple of length 3 to structure with 4 fields.
[superpoint_node-2] [INFO] [1768034285.620856793] [superpoint_node]: Keypoints estratti: 800
[superpoint_node-2] [ERROR] [1768034285.626457912] [superpoint_node]: Errore pubblicazione keypoints 3D: could not assign tuple of length 3 to structure with 4 fields.
[superpoint_node-2] [INFO] [1768034285.719266559] [superpoint_node]: Keypoints estratti: 800
[superpoint_node-2] [ERROR] [1768034285.724849196] [superpoint_node]: Errore pubblicazione keypoints 3D: could not assign tuple of length 3 to structure with 4 fields.
[superpoint_node-2] [INFO] [1768034285.824342860] [superpoint_node]: Keypoints estratti: 800
[superpoint_node-2] [ERROR] [1768034285.830651855] [superpoint_node]: Errore pubblicazione keypoints 3D: could not assign tuple of length 3 to structure with 4 fields.
[rtabmap-14] [INFO] [1768034285.857762923] [rtabmap]: rtabmap (1506): Rate=0.50s, Limit=0.001s, Conversion=0.0003s, RTAB-Map=0.0361s, Maps update=0.0034s pub=0.0013s delay=0.0882s (local map=4, WM=5)
[superpoint_node-2] [INFO] [1768034285.925669446] [superpoint_node]: Keypoints estratti: 800
[superpoint_node-2] [ERROR] [1768034285.931248064] [superpoint_node]: Errore pubblicazione keypoints 3D: could not assign tuple of length 3 to structure with 4 fields.
[superpoint_node-2] [INFO] [1768034286.023940378] [superpoint_node]: Keypoints estratti: 800
[superpoint_node-2] [ERROR] [1768034286.029713405] [superpoint_node]: Errore pubblicazione keypoints 3D: could not assign tuple of length 3 to structure with 4 fields.
[superpoint_node-2] [INFO] [1768034286.122961815] [superpoint_node]: Keypoints estratti: 800
[superpoint_node-2] [ERROR] [1768034286.128545619] [superpoint_node]: Errore pubblicazione keypoints 3D: could not assign tuple of length 3 to structure with 4 fields.
[superpoint_node-2] [INFO] [1768034286.222249274] [superpoint_node]: Keypoints estratti: 800
[superpoint_node-2] [ERROR] [1768034286.228003357] [superpoint_node]: Errore pubblicazione keypoints 3D: could not assign tuple of length 3 to structure with 4 fields.
[superpoint_node-2] [INFO] [1768034286.322815557] [superpoint_node]: Keypoints estratti: 800
[superpoint_node-2] [ERROR] [1768034286.328955143] [superpoint_node]: Errore pubblicazione keypoints 3D: could not assign tuple of length 3 to structure with 4 fields.
[rtabmap-14] [INFO] [1768034286.391723107] [rtabmap]: rtabmap (1507): Rate=0.50s, Limit=0.001s, Conversion=0.0002s, RTAB-Map=0.0669s, Maps update=0.0096s pub=0.0010s delay=0.1213s (local map=4, WM=5)
[superpoint_node-2] [INFO] [1768034286.424991057] [superpoint_node]: Keypoints estratti: 800
[superpoint_node-2] [ERROR] [1768034286.430653380] [superpoint_node]: Errore pubblicazione keypoints 3D: could not assign tuple of length 3 to structure with 4 fields.
[superpoint_node-2] [INFO] [1768034286.523152469] [superpoint_node]: Keypoints estratti: 800
[superpoint_node-2] [ERROR] [1768034286.529032053] [superpoint_node]: Errore pubblicazione keypoints 3D: could not assign tuple of length 3 to structure with 4 fields.
[superpoint_node-2] [INFO] [1768034286.620266707] [superpoint_node]: Keypoints estratti: 800
[superpoint_node-2] [ERROR] [1768034286.626315977] [superpoint_node]: Errore pubblicazione keypoints 3D: could not assign tuple of length 3 to structure with 4 fields.
[superpoint_node-2] [INFO] [1768034286.717332573] [superpoint_node]: Keypoints estratti: 800
[superpoint_node-2] [ERROR] [1768034286.723525067] [superpoint_node]: Errore pubblicazione keypoints 3D: could not assign tuple of length 3 to structure with 4 fields.
[superpoint_node-2] [INFO] [1768034286.819954688] [superpoint_node]: Keypoints estratti: 800
[superpoint_node-2] [ERROR] [1768034286.825890069] [superpoint_node]: Errore pubblicazione keypoints 3D: could not assign tuple of length 3 to structure with 4 fields.
[superpoint_node-2] [INFO] [1768034286.921954501] [superpoint_node]: Keypoints estratti: 800
[superpoint_node-2] [ERROR] [1768034286.928138736] [superpoint_node]: Errore pubblicazione keypoints 3D: could not assign tuple of length 3 to structure with 4 fields.
[rtabmap-14] [INFO] [1768034286.993829593] [rtabmap]: rtabmap (1508): Rate=0.50s, Limit=0.001s, Conversion=0.0003s, RTAB-Map=0.0798s, Maps update=0.0017s pub=0.0013s delay=0.1239s (local map=4, WM=5)
[superpoint_node-2] [INFO] [1768034287.025918367] [superpoint_node]: Keypoints estratti: 800
[superpoint_node-2] [ERROR] [1768034287.032736810] [superpoint_node]: Errore pubblicazione keypoints 3D: could not assign tuple of length 3 to structure with 4 fields.
[superpoint_node-2] [INFO] [1768034287.122469693] [superpoint_node]: Keypoints estratti: 800
[superpoint_node-2] [ERROR] [1768034287.128325110] [superpoint_node]: Errore pubblicazione keypoints 3D: could not assign tuple of length 3 to structure with 4 fields.
[superpoint_node-2] [INFO] [1768034287.219588134] [superpoint_node]: Keypoints estratti: 800
[superpoint_node-2] [ERROR] [1768034287.225434421] [superpoint_node]: Errore pubblicazione keypoints 3D: could not assign tuple of length 3 to structure with 4 fields.
[superpoint_node-2] [INFO] [1768034287.317076281] [superpoint_node]: Keypoints estratti: 800
[superpoint_node-2] [ERROR] [1768034287.323216923] [superpoint_node]: Errore pubblicazione keypoints 3D: could not assign tuple of length 3 to structure with 4 fields.
[superpoint_node-2] [INFO] [1768034287.419000168] [superpoint_node]: Keypoints estratti: 800
[foxglove_bridge-12] [INFO] [1768034287.423477019] [foxglove_bridge]: received unsubscribe request for channel 26
[foxglove_bridge-12] [INFO] [1768034287.423575408] [foxglove_bridge]: Cleaned up subscription to topic /flann/matches_viz for client 1 on channel 26
[superpoint_node-2] [ERROR] [1768034287.424698084] [superpoint_node]: Errore pubblicazione keypoints 3D: could not assign tuple of length 3 to structure with 4 fields.
[foxglove_bridge-12] [INFO] [1768034287.425453942] [foxglove_bridge]: received unsubscribe request for channel 69
[foxglove_bridge-12] [INFO] [1768034287.425508146] [foxglove_bridge]: Cleaned up subscription to topic /global_pose for client 1 on channel 69
[foxglove_bridge-12] [INFO] [1768034287.425609869] [foxglove_bridge]: received unsubscribe request for channel 60
[foxglove_bridge-12] [INFO] [1768034287.425645758] [foxglove_bridge]: Cleaned up subscription to topic /goal for client 1 on channel 60
[foxglove_bridge-12] [INFO] [1768034287.425685036] [foxglove_bridge]: received unsubscribe request for channel 54
[foxglove_bridge-12] [INFO] [1768034287.425709259] [foxglove_bridge]: Cleaned up subscription to topic /landmarks for client 1 on channel 54
[foxglove_bridge-12] [INFO] [1768034287.425788574] [foxglove_bridge]: received unsubscribe request for channel 52
[foxglove_bridge-12] [INFO] [1768034287.425839519] [foxglove_bridge]: Cleaned up subscription to topic /local_grid_empty for client 1 on channel 52
[foxglove_bridge-12] [INFO] [1768034287.425876149] [foxglove_bridge]: received unsubscribe request for channel 51
[foxglove_bridge-12] [INFO] [1768034287.425901223] [foxglove_bridge]: Cleaned up subscription to topic /local_grid_ground for client 1 on channel 51
[foxglove_bridge-12] [INFO] [1768034287.425932464] [foxglove_bridge]: received unsubscribe request for channel 50
[foxglove_bridge-12] [INFO] [1768034287.425953409] [foxglove_bridge]: Cleaned up subscription to topic /local_grid_obstacle for client 1 on channel 50
[foxglove_bridge-12] [INFO] [1768034287.425981817] [foxglove_bridge]: received unsubscribe request for channel 53
[foxglove_bridge-12] [INFO] [1768034287.426004076] [foxglove_bridge]: Cleaned up subscription to topic /local_path for client 1 on channel 53
[foxglove_bridge-12] [INFO] [1768034287.426037261] [foxglove_bridge]: received unsubscribe request for channel 47
[foxglove_bridge-12] [INFO] [1768034287.426059780] [foxglove_bridge]: Cleaned up subscription to topic /localization_pose for client 1 on channel 47
[foxglove_bridge-12] [INFO] [1768034287.426088854] [foxglove_bridge]: received unsubscribe request for channel 39
[foxglove_bridge-12] [INFO] [1768034287.426110058] [foxglove_bridge]: Cleaned up subscription to topic /map for client 1 on channel 39
[foxglove_bridge-12] [INFO] [1768034287.426141133] [foxglove_bridge]: received unsubscribe request for channel 59
[foxglove_bridge-12] [INFO] [1768034287.426164522] [foxglove_bridge]: Cleaned up subscription to topic /mapPath for client 1 on channel 59
[foxglove_bridge-12] [INFO] [1768034287.426193318] [foxglove_bridge]: received unsubscribe request for channel 36
[foxglove_bridge-12] [INFO] [1768034287.426216096] [foxglove_bridge]: Cleaned up subscription to topic /octomap_empty_space for client 1 on channel 36
[foxglove_bridge-12] [INFO] [1768034287.428057166] [foxglove_bridge]: received unsubscribe request for channel 34
[foxglove_bridge-12] [INFO] [1768034287.428112648] [foxglove_bridge]: Cleaned up subscription to topic /octomap_global_frontier_space for client 1 on channel 34
[foxglove_bridge-12] [INFO] [1768034287.428151963] [foxglove_bridge]: received unsubscribe request for channel 41
[foxglove_bridge-12] [INFO] [1768034287.428179760] [foxglove_bridge]: Cleaned up subscription to topic /octomap_grid for client 1 on channel 41
[foxglove_bridge-12] [INFO] [1768034287.428216631] [foxglove_bridge]: received unsubscribe request for channel 33
[foxglove_bridge-12] [INFO] [1768034287.428241057] [foxglove_bridge]: Cleaned up subscription to topic /octomap_ground for client 1 on channel 33
[foxglove_bridge-12] [INFO] [1768034287.428273742] [foxglove_bridge]: received unsubscribe request for channel 32
[foxglove_bridge-12] [INFO] [1768034287.428298150] [foxglove_bridge]: Cleaned up subscription to topic /octomap_obstacles for client 1 on channel 32
[foxglove_bridge-12] [INFO] [1768034287.428336113] [foxglove_bridge]: received unsubscribe request for channel 31
[foxglove_bridge-12] [INFO] [1768034287.428365410] [foxglove_bridge]: Cleaned up subscription to topic /octomap_occupied_space for client 1 on channel 31
[foxglove_bridge-12] [INFO] [1768034287.428397965] [foxglove_bridge]: received unsubscribe request for channel 4
[foxglove_bridge-12] [INFO] [1768034287.428418354] [foxglove_bridge]: Cleaned up subscription to topic /robot_description for client 1 on channel 4
[foxglove_bridge-12] [INFO] [1768034287.428450410] [foxglove_bridge]: received unsubscribe request for channel 72
[foxglove_bridge-12] [INFO] [1768034287.428475688] [foxglove_bridge]: Cleaned up subscription to topic /move_base_simple/goal for client 1 on channel 72
[foxglove_bridge-12] [INFO] [1768034287.428588411] [foxglove_bridge]: received unsubscribe request for channel 24
[foxglove_bridge-12] [INFO] [1768034287.428626301] [foxglove_bridge]: Cleaned up subscription to topic /superpoint/debug_image for client 1 on channel 24
[foxglove_bridge-12] [INFO] [1768034287.428663819] [foxglove_bridge]: received unsubscribe request for channel 22
[foxglove_bridge-12] [INFO] [1768034287.428689357] [foxglove_bridge]: Cleaned up subscription to topic /superpoint/markers for client 1 on channel 22
[foxglove_bridge-12] [INFO] [1768034287.428721727] [foxglove_bridge]: received unsubscribe request for channel 21
[foxglove_bridge-12] [INFO] [1768034287.428745394] [foxglove_bridge]: Cleaned up subscription to topic /superpoint/matches_3d for client 1 on channel 21
[foxglove_bridge-12] [INFO] [1768034287.428775302] [foxglove_bridge]: received unsubscribe request for channel 27
[foxglove_bridge-12] [INFO] [1768034287.428797469] [foxglove_bridge]: Cleaned up subscription to topic /superpoint/keypoints_3d for client 1 on channel 27
[foxglove_bridge-12] [INFO] [1768034287.428829006] [foxglove_bridge]: received unsubscribe request for channel 1
[foxglove_bridge-12] [INFO] [1768034287.428852043] [foxglove_bridge]: Cleaned up subscription to topic /set_pose for client 1 on channel 1
[foxglove_bridge-12] [INFO] [1768034287.428882914] [foxglove_bridge]: received unsubscribe request for channel 14
[foxglove_bridge-12] [INFO] [1768034287.428902636] [foxglove_bridge]: Cleaned up subscription to topic /out/zstd for client 1 on channel 14
[foxglove_bridge-12] [INFO] [1768034287.428935155] [foxglove_bridge]: received unsubscribe request for channel 15
[foxglove_bridge-12] [INFO] [1768034287.428958507] [foxglove_bridge]: Cleaned up subscription to topic /out/compressedDepth for client 1 on channel 15
[foxglove_bridge-12] [INFO] [1768034287.428992470] [foxglove_bridge]: received unsubscribe request for channel 12
[foxglove_bridge-12] [INFO] [1768034287.429017470] [foxglove_bridge]: Cleaned up subscription to topic /superpoint/debug_image/compressed for client 1 on channel 12
[foxglove_bridge-12] [INFO] [1768034287.429048304] [foxglove_bridge]: received unsubscribe request for channel 16
[foxglove_bridge-12] [INFO] [1768034287.429073600] [foxglove_bridge]: Cleaned up subscription to topic /out for client 1 on channel 16
[foxglove_bridge-12] [INFO] [1768034287.429105638] [foxglove_bridge]: received unsubscribe request for channel 44
[foxglove_bridge-12] [INFO] [1768034287.429126175] [foxglove_bridge]: Cleaned up subscription to topic /cloud_ground for client 1 on channel 44
[foxglove_bridge-12] [INFO] [1768034287.429154397] [foxglove_bridge]: received unsubscribe request for channel 43
[foxglove_bridge-12] [INFO] [1768034287.429176398] [foxglove_bridge]: Cleaned up subscription to topic /cloud_map for client 1 on channel 43
[foxglove_bridge-12] [INFO] [1768034287.429210879] [foxglove_bridge]: received unsubscribe request for channel 42
[foxglove_bridge-12] [INFO] [1768034287.429233991] [foxglove_bridge]: Cleaned up subscription to topic /cloud_obstacles for client 1 on channel 42
[foxglove_bridge-12] [INFO] [1768034287.429266083] [foxglove_bridge]: received unsubscribe request for channel 61
[foxglove_bridge-12] [INFO] [1768034287.429288195] [foxglove_bridge]: Cleaned up subscription to topic /goal_out for client 1 on channel 61
[foxglove_bridge-12] [INFO] [1768034287.429318454] [foxglove_bridge]: received unsubscribe request for channel 40
[foxglove_bridge-12] [INFO] [1768034287.429341010] [foxglove_bridge]: Cleaned up subscription to topic /grid_prob_map for client 1 on channel 40
[foxglove_bridge-12] [INFO] [1768034287.429370362] [foxglove_bridge]: received unsubscribe request for channel 55
[foxglove_bridge-12] [INFO] [1768034287.429391659] [foxglove_bridge]: Cleaned up subscription to topic /initialpose for client 1 on channel 55
[foxglove_bridge-12] [INFO] [1768034287.533399655] [foxglove_bridge]: publishing connection graph
[superpoint_node-2] [INFO] [1768034287.551743967] [superpoint_node]: Keypoints estratti: 800
[superpoint_node-2] [ERROR] [1768034287.557732793] [superpoint_node]: Errore pubblicazione keypoints 3D: could not assign tuple of length 3 to structure with 4 fields.
[rtabmap-14] [INFO] [1768034287.630053925] [rtabmap]: rtabmap (1509): Rate=0.50s, Limit=0.001s, Conversion=0.0002s, RTAB-Map=0.0725s, Maps update=0.0001s pub=0.0042s delay=0.1465s (local map=4, WM=5)
[superpoint_node-2] [INFO] [1768034287.655229182] [superpoint_node]: Keypoints estratti: 800
[superpoint_node-2] [ERROR] [1768034287.661715437] [superpoint_node]: Errore pubblicazione keypoints 3D: could not assign tuple of length 3 to structure with 4 fields.
[superpoint_node-2] [INFO] [1768034287.750968334] [superpoint_node]: Keypoints estratti: 800
[superpoint_node-2] [ERROR] [1768034287.757447978] [superpoint_node]: Errore pubblicazione keypoints 3D: could not assign tuple of length 3 to structure with 4 fields.
[superpoint_node-2] [INFO] [1768034287.848325314] [superpoint_node]: Keypoints estratti: 800
[superpoint_node-2] [ERROR] [1768034287.855098942] [superpoint_node]: Errore pubblicazione keypoints 3D: could not assign tuple of length 3 to structure with 4 fields.
[superpoint_node-2] [INFO] [1768034287.946599394] [superpoint_node]: Keypoints estratti: 800
[superpoint_node-2] [ERROR] [1768034287.951339024] [superpoint_node]: Errore pubblicazione keypoints 3D: could not assign tuple of length 3 to structure with 4 fields.
[superpoint_node-2] [INFO] [1768034288.044747065] [superpoint_node]: Keypoints estratti: 800
[superpoint_node-2] [ERROR] [1768034288.051816696] [superpoint_node]: Errore pubblicazione keypoints 3D: could not assign tuple of length 3 to structure with 4 fields.
[foxglove_bridge-12] [INFO] [1768034288.065645417] [foxglove_bridge]: publishing connection graph
[rtabmap-14] [INFO] [1768034288.090895600] [rtabmap]: rtabmap (1510): Rate=0.50s, Limit=0.001s, Conversion=0.0006s, RTAB-Map=0.0712s, Maps update=0.0001s pub=0.0000s delay=0.0978s (local map=4, WM=5)
[superpoint_node-2] [INFO] [1768034288.148698542] [superpoint_node]: Keypoints estratti: 800
[superpoint_node-2] [ERROR] [1768034288.154505533] [superpoint_node]: Errore pubblicazione keypoints 3D: could not assign tuple of length 3 to structure with 4 fields.
[superpoint_node-2] [INFO] [1768034288.245533055] [superpoint_node]: Keypoints estratti: 800
[superpoint_node-2] [ERROR] [1768034288.251782531] [superpoint_node]: Errore pubblicazione keypoints 3D: could not assign tuple of length 3 to structure with 4 fields.
[superpoint_node-2] [INFO] [1768034288.343693727] [superpoint_node]: Keypoints estratti: 800
[superpoint_node-2] [ERROR] [1768034288.350484874] [superpoint_node]: Errore pubblicazione keypoints 3D: could not assign tuple of length 3 to structure with 4 fields.
[superpoint_node-2] [INFO] [1768034288.442837740] [superpoint_node]: Keypoints estratti: 800
[superpoint_node-2] [ERROR] [1768034288.448941233] [superpoint_node]: Errore pubblicazione keypoints 3D: could not assign tuple of length 3 to structure with 4 fields.
[superpoint_node-2] [INFO] [1768034288.537912183] [superpoint_node]: Keypoints estratti: 800
[superpoint_node-2] [ERROR] [1768034288.543711729] [superpoint_node]: Errore pubblicazione keypoints 3D: could not assign tuple of length 3 to structure with 4 fields.
[superpoint_node-2] [INFO] [1768034288.634494972] [superpoint_node]: Keypoints estratti: 800
[superpoint_node-2] [ERROR] [1768034288.641513898] [superpoint_node]: Errore pubblicazione keypoints 3D: could not assign tuple of length 3 to structure with 4 fields.
[rtabmap-14] [INFO] [1768034288.686236069] [rtabmap]: rtabmap (1511): Rate=0.50s, Limit=0.001s, Conversion=0.0008s, RTAB-Map=0.0660s, Maps update=0.0001s pub=0.0000s delay=0.1014s (local map=4, WM=5)
[superpoint_node-2] [INFO] [1768034288.737375181] [superpoint_node]: Keypoints estratti: 800
[superpoint_node-2] [ERROR] [1768034288.744626387] [superpoint_node]: Errore pubblicazione keypoints 3D: could not assign tuple of length 3 to structure with 4 fields.
[superpoint_node-2] [INFO] [1768034288.870422668] [superpoint_node]: Keypoints estratti: 800
[superpoint_node-2] [ERROR] [1768034288.876550772] [superpoint_node]: Errore pubblicazione keypoints 3D: could not assign tuple of length 3 to structure with 4 fields.
[superpoint_node-2] [INFO] [1768034288.966803084] [superpoint_node]: Keypoints estratti: 800
[superpoint_node-2] [ERROR] [1768034288.972652983] [superpoint_node]: Errore pubblicazione keypoints 3D: could not assign tuple of length 3 to structure with 4 fields.
[superpoint_node-2] [INFO] [1768034289.068394598] [superpoint_node]: Keypoints estratti: 800
[superpoint_node-2] [ERROR] [1768034289.075091874] [superpoint_node]: Errore pubblicazione keypoints 3D: could not assign tuple of length 3 to structure with 4 fields.
[superpoint_node-2] [INFO] [1768034289.165915765] [superpoint_node]: Keypoints estratti: 800
[superpoint_node-2] [ERROR] [1768034289.171618755] [superpoint_node]: Errore pubblicazione keypoints 3D: could not assign tuple of length 3 to structure with 4 fields.
[rtabmap-14] [INFO] [1768034289.256840712] [rtabmap]: rtabmap (1512): Rate=0.50s, Limit=0.001s, Conversion=0.0002s, RTAB-Map=0.0765s, Maps update=0.0001s pub=0.0000s delay=0.1399s (local map=4, WM=5)
[superpoint_node-2] [INFO] [1768034289.266581123] [superpoint_node]: Keypoints estratti: 800
[superpoint_node-2] [ERROR] [1768034289.272402503] [superpoint_node]: Errore pubblicazione keypoints 3D: could not assign tuple of length 3 to structure with 4 fields.
[superpoint_node-2] [INFO] [1768034289.364738091] [superpoint_node]: Keypoints estratti: 800
[superpoint_node-2] [ERROR] [1768034289.370702990] [superpoint_node]: Errore pubblicazione keypoints 3D: could not assign tuple of length 3 to structure with 4 fields.
[superpoint_node-2] [INFO] [1768034289.460031462] [superpoint_node]: Keypoints estratti: 800
[superpoint_node-2] [ERROR] [1768034289.465857230] [superpoint_node]: Errore pubblicazione keypoints 3D: could not assign tuple of length 3 to structure with 4 fields.
[foxglove_bridge-12] [INFO] [1768034289.529934001] [foxglove_bridge]: received subscribe request for channel 44 from client 1 (sink 1)
[foxglove_bridge-12] [INFO] [1768034289.535781640] [foxglove_bridge]: created ROS subscription on /cloud_ground (sensor_msgs/msg/PointCloud2) successfully for channel 44 (client 1, sink 1)
[foxglove_bridge-12] [INFO] [1768034289.536009697] [foxglove_bridge]: received subscribe request for channel 43 from client 1 (sink 1)
[foxglove_bridge-12] [INFO] [1768034289.544435061] [foxglove_bridge]: created ROS subscription on /cloud_map (sensor_msgs/msg/PointCloud2) successfully for channel 43 (client 1, sink 1)
[foxglove_bridge-12] [INFO] [1768034289.544637118] [foxglove_bridge]: received subscribe request for channel 42 from client 1 (sink 1)
[foxglove_bridge-12] [INFO] [1768034289.554251991] [foxglove_bridge]: created ROS subscription on /cloud_obstacles (sensor_msgs/msg/PointCloud2) successfully for channel 42 (client 1, sink 1)
[foxglove_bridge-12] [INFO] [1768034289.554532586] [foxglove_bridge]: received subscribe request for channel 26 from client 1 (sink 1)
[foxglove_bridge-12] [INFO] [1768034289.562798115] [foxglove_bridge]: created ROS subscription on /flann/matches_viz (geometry_msgs/msg/PoseArray) successfully for channel 26 (client 1, sink 1)
[foxglove_bridge-12] [INFO] [1768034289.567060741] [foxglove_bridge]: received subscribe request for channel 69 from client 1 (sink 1)
[superpoint_node-2] [INFO] [1768034289.575903386] [superpoint_node]: Keypoints estratti: 800
[foxglove_bridge-12] [INFO] [1768034289.577005043] [foxglove_bridge]: created ROS subscription on /global_pose (geometry_msgs/msg/PoseWithCovarianceStamped) successfully for channel 69 (client 1, sink 1)
[foxglove_bridge-12] [INFO] [1768034289.577182526] [foxglove_bridge]: received subscribe request for channel 60 from client 1 (sink 1)
[foxglove_bridge-12] [INFO] [1768034289.583469446] [foxglove_bridge]: created ROS subscription on /goal (geometry_msgs/msg/PoseStamped) successfully for channel 60 (client 1, sink 1)
[foxglove_bridge-12] [INFO] [1768034289.583623929] [foxglove_bridge]: received subscribe request for channel 61 from client 1 (sink 1)
[superpoint_node-2] [ERROR] [1768034289.583789634] [superpoint_node]: Errore pubblicazione keypoints 3D: could not assign tuple of length 3 to structure with 4 fields.
[foxglove_bridge-12] [INFO] [1768034289.589047305] [foxglove_bridge]: created ROS subscription on /goal_out (geometry_msgs/msg/PoseStamped) successfully for channel 61 (client 1, sink 1)
[foxglove_bridge-12] [INFO] [1768034289.589185306] [foxglove_bridge]: received subscribe request for channel 40 from client 1 (sink 1)
[foxglove_bridge-12] [INFO] [1768034289.592110348] [foxglove_bridge]: publishing connection graph
[foxglove_bridge-12] [INFO] [1768034289.595039724] [foxglove_bridge]: created ROS subscription on /grid_prob_map (nav_msgs/msg/OccupancyGrid) successfully for channel 40 (client 1, sink 1)
[foxglove_bridge-12] [INFO] [1768034289.595201632] [foxglove_bridge]: received subscribe request for channel 55 from client 1 (sink 1)
[foxglove_bridge-12] [INFO] [1768034289.601027771] [foxglove_bridge]: created ROS subscription on /initialpose (geometry_msgs/msg/PoseWithCovarianceStamped) successfully for channel 55 (client 1, sink 1)
[foxglove_bridge-12] [INFO] [1768034289.601366830] [foxglove_bridge]: received subscribe request for channel 54 from client 1 (sink 1)
[foxglove_bridge-12] [INFO] [1768034289.606873244] [foxglove_bridge]: created ROS subscription on /landmarks (geometry_msgs/msg/PoseArray) successfully for channel 54 (client 1, sink 1)
[foxglove_bridge-12] [INFO] [1768034289.607750714] [foxglove_bridge]: received subscribe request for channel 52 from client 1 (sink 1)
[foxglove_bridge-12] [INFO] [1768034289.613874170] [foxglove_bridge]: created ROS subscription on /local_grid_empty (sensor_msgs/msg/PointCloud2) successfully for channel 52 (client 1, sink 1)
[foxglove_bridge-12] [INFO] [1768034289.614026060] [foxglove_bridge]: received subscribe request for channel 51 from client 1 (sink 1)
[foxglove_bridge-12] [INFO] [1768034289.619097489] [foxglove_bridge]: created ROS subscription on /local_grid_ground (sensor_msgs/msg/PointCloud2) successfully for channel 51 (client 1, sink 1)
[foxglove_bridge-12] [INFO] [1768034289.619314287] [foxglove_bridge]: received subscribe request for channel 50 from client 1 (sink 1)
[foxglove_bridge-12] [INFO] [1768034289.625896970] [foxglove_bridge]: created ROS subscription on /local_grid_obstacle (sensor_msgs/msg/PointCloud2) successfully for channel 50 (client 1, sink 1)
[foxglove_bridge-12] [INFO] [1768034289.626151898] [foxglove_bridge]: received subscribe request for channel 53 from client 1 (sink 1)
[foxglove_bridge-12] [INFO] [1768034289.632049333] [foxglove_bridge]: created ROS subscription on /local_path (nav_msgs/msg/Path) successfully for channel 53 (client 1, sink 1)
[foxglove_bridge-12] [INFO] [1768034289.632239576] [foxglove_bridge]: received subscribe request for channel 47 from client 1 (sink 1)
[foxglove_bridge-12] [INFO] [1768034289.637173374] [foxglove_bridge]: created ROS subscription on /localization_pose (geometry_msgs/msg/PoseWithCovarianceStamped) successfully for channel 47 (client 1, sink 1)
[foxglove_bridge-12] [INFO] [1768034289.637611989] [foxglove_bridge]: received subscribe request for channel 39 from client 1 (sink 1)
[foxglove_bridge-12] [INFO] [1768034289.644335339] [foxglove_bridge]: created ROS subscription on /map (nav_msgs/msg/OccupancyGrid) successfully for channel 39 (client 1, sink 1)
[foxglove_bridge-12] [INFO] [1768034289.644476710] [foxglove_bridge]: received subscribe request for channel 59 from client 1 (sink 1)
[foxglove_bridge-12] [INFO] [1768034289.652781332] [foxglove_bridge]: created ROS subscription on /mapPath (nav_msgs/msg/Path) successfully for channel 59 (client 1, sink 1)
[foxglove_bridge-12] [INFO] [1768034289.652982111] [foxglove_bridge]: received subscribe request for channel 72 from client 1 (sink 1)
[foxglove_bridge-12] [INFO] [1768034289.660258410] [foxglove_bridge]: created ROS subscription on /move_base_simple/goal (geometry_msgs/msg/PoseStamped) successfully for channel 72 (client 1, sink 1)
[foxglove_bridge-12] [INFO] [1768034289.660665599] [foxglove_bridge]: received subscribe request for channel 36 from client 1 (sink 1)
[foxglove_bridge-12] [INFO] [1768034289.666734203] [foxglove_bridge]: created ROS subscription on /octomap_empty_space (sensor_msgs/msg/PointCloud2) successfully for channel 36 (client 1, sink 1)
[foxglove_bridge-12] [INFO] [1768034289.666900760] [foxglove_bridge]: received subscribe request for channel 34 from client 1 (sink 1)
[foxglove_bridge-12] [INFO] [1768034289.674032557] [foxglove_bridge]: created ROS subscription on /octomap_global_frontier_space (sensor_msgs/msg/PointCloud2) successfully for channel 34 (client 1, sink 1)
[foxglove_bridge-12] [INFO] [1768034289.674260763] [foxglove_bridge]: received subscribe request for channel 41 from client 1 (sink 1)
[foxglove_bridge-12] [INFO] [1768034289.679475101] [foxglove_bridge]: created ROS subscription on /octomap_grid (nav_msgs/msg/OccupancyGrid) successfully for channel 41 (client 1, sink 1)
[foxglove_bridge-12] [INFO] [1768034289.679976253] [foxglove_bridge]: received subscribe request for channel 33 from client 1 (sink 1)
[foxglove_bridge-12] [INFO] [1768034289.684636068] [foxglove_bridge]: created ROS subscription on /octomap_ground (sensor_msgs/msg/PointCloud2) successfully for channel 33 (client 1, sink 1)
[foxglove_bridge-12] [INFO] [1768034289.688036724] [foxglove_bridge]: received subscribe request for channel 32 from client 1 (sink 1)
[foxglove_bridge-12] [INFO] [1768034289.693158950] [foxglove_bridge]: created ROS subscription on /octomap_obstacles (sensor_msgs/msg/PointCloud2) successfully for channel 32 (client 1, sink 1)
[foxglove_bridge-12] [INFO] [1768034289.693420712] [foxglove_bridge]: received subscribe request for channel 31 from client 1 (sink 1)
[foxglove_bridge-12] [INFO] [1768034289.699112905] [foxglove_bridge]: created ROS subscription on /octomap_occupied_space (sensor_msgs/msg/PointCloud2) successfully for channel 31 (client 1, sink 1)
[foxglove_bridge-12] [INFO] [1768034289.699290666] [foxglove_bridge]: received subscribe request for channel 16 from client 1 (sink 1)
[foxglove_bridge-12] [INFO] [1768034289.708366164] [foxglove_bridge]: created ROS subscription on /out (sensor_msgs/msg/Image) successfully for channel 16 (client 1, sink 1)
[foxglove_bridge-12] [INFO] [1768034289.708546443] [foxglove_bridge]: received subscribe request for channel 15 from client 1 (sink 1)
[foxglove_bridge-12] [INFO] [1768034289.714244711] [foxglove_bridge]: created ROS subscription on /out/compressedDepth (sensor_msgs/msg/CompressedImage) successfully for channel 15 (client 1, sink 1)
[foxglove_bridge-12] [INFO] [1768034289.714415564] [foxglove_bridge]: received subscribe request for channel 14 from client 1 (sink 1)
[foxglove_bridge-12] [INFO] [1768034289.724619423] [foxglove_bridge]: created ROS subscription on /out/zstd (sensor_msgs/msg/CompressedImage) successfully for channel 14 (client 1, sink 1)
[foxglove_bridge-12] [INFO] [1768034289.724860148] [foxglove_bridge]: received subscribe request for channel 4 from client 1 (sink 1)
[superpoint_node-2] [INFO] [1768034289.734247334] [superpoint_node]: Keypoints estratti: 800
[foxglove_bridge-12] [INFO] [1768034289.741721912] [foxglove_bridge]: created ROS subscription on /robot_description (std_msgs/msg/String) successfully for channel 4 (client 1, sink 1)
[foxglove_bridge-12] [INFO] [1768034289.742039062] [foxglove_bridge]: received subscribe request for channel 1 from client 1 (sink 1)
[superpoint_node-2] [ERROR] [1768034289.742692290] [superpoint_node]: Errore pubblicazione keypoints 3D: could not assign tuple of length 3 to structure with 4 fields.
[foxglove_bridge-12] [INFO] [1768034289.746805989] [foxglove_bridge]: created ROS subscription on /set_pose (geometry_msgs/msg/PoseWithCovarianceStamped) successfully for channel 1 (client 1, sink 1)
[foxglove_bridge-12] [INFO] [1768034289.747498421] [foxglove_bridge]: received subscribe request for channel 24 from client 1 (sink 1)
[foxglove_bridge-12] [INFO] [1768034289.753271874] [foxglove_bridge]: created ROS subscription on /superpoint/debug_image (sensor_msgs/msg/Image) successfully for channel 24 (client 1, sink 1)
[foxglove_bridge-12] [INFO] [1768034289.753418598] [foxglove_bridge]: received subscribe request for channel 12 from client 1 (sink 1)
[foxglove_bridge-12] [INFO] [1768034289.760428876] [foxglove_bridge]: created ROS subscription on /superpoint/debug_image/compressed (sensor_msgs/msg/CompressedImage) successfully for channel 12 (client 1, sink 1)
[foxglove_bridge-12] [INFO] [1768034289.761311975] [foxglove_bridge]: received subscribe request for channel 27 from client 1 (sink 1)
[foxglove_bridge-12] [INFO] [1768034289.766427275] [foxglove_bridge]: created ROS subscription on /superpoint/keypoints_3d (sensor_msgs/msg/PointCloud2) successfully for channel 27 (client 1, sink 1)
[foxglove_bridge-12] [INFO] [1768034289.766611703] [foxglove_bridge]: received subscribe request for channel 22 from client 1 (sink 1)
[foxglove_bridge-12] [INFO] [1768034289.772448434] [foxglove_bridge]: created ROS subscription on /superpoint/markers (visualization_msgs/msg/MarkerArray) successfully for channel 22 (client 1, sink 1)
[foxglove_bridge-12] [INFO] [1768034289.773523184] [foxglove_bridge]: received subscribe request for channel 21 from client 1 (sink 1)
[foxglove_bridge-12] [INFO] [1768034289.780670722] [foxglove_bridge]: created ROS subscription on /superpoint/matches_3d (sensor_msgs/msg/PointCloud2) successfully for channel 21 (client 1, sink 1)
[rtabmap-14] [INFO] [1768034289.857375575] [rtabmap]: rtabmap (1513): Rate=0.50s, Limit=0.001s, Conversion=0.0008s, RTAB-Map=0.1024s, Maps update=0.0192s pub=0.0144s delay=0.2085s (local map=4, WM=5)
[superpoint_node-2] [INFO] [1768034289.862061205] [superpoint_node]: Keypoints estratti: 800
[superpoint_node-2] [ERROR] [1768034289.868344051] [superpoint_node]: Errore pubblicazione keypoints 3D: could not assign tuple of length 3 to structure with 4 fields.
[superpoint_node-2] [INFO] [1768034289.967988012] [superpoint_node]: Keypoints estratti: 800
[superpoint_node-2] [ERROR] [1768034289.974311840] [superpoint_node]: Errore pubblicazione keypoints 3D: could not assign tuple of length 3 to structure with 4 fields.
[superpoint_node-2] [INFO] [1768034290.063460088] [superpoint_node]: Keypoints estratti: 800
[superpoint_node-2] [ERROR] [1768034290.069461655] [superpoint_node]: Errore pubblicazione keypoints 3D: could not assign tuple of length 3 to structure with 4 fields.
[foxglove_bridge-12] [INFO] [1768034290.118380526] [foxglove_bridge]: publishing connection graph
[superpoint_node-2] [INFO] [1768034290.167570919] [superpoint_node]: Keypoints estratti: 800
[superpoint_node-2] [ERROR] [1768034290.173906376] [superpoint_node]: Errore pubblicazione keypoints 3D: could not assign tuple of length 3 to structure with 4 fields.
[superpoint_node-2] [INFO] [1768034290.263461942] [superpoint_node]: Keypoints estratti: 800
[superpoint_node-2] [ERROR] [1768034290.269980068] [superpoint_node]: Errore pubblicazione keypoints 3D: could not assign tuple of length 3 to structure with 4 fields.
[superpoint_node-2] [INFO] [1768034290.368613503] [superpoint_node]: Keypoints estratti: 800
[superpoint_node-2] [ERROR] [1768034290.376462732] [superpoint_node]: Errore pubblicazione keypoints 3D: could not assign tuple of length 3 to structure with 4 fields.
[rtabmap-14] [INFO] [1768034290.377094349] [rtabmap]: rtabmap (1514): Rate=0.50s, Limit=0.001s, Conversion=0.0002s, RTAB-Map=0.0757s, Maps update=0.0067s pub=0.0125s delay=0.1604s (local map=4, WM=5)
[superpoint_node-2] [INFO] [1768034290.466322023] [superpoint_node]: Keypoints estratti: 800
[superpoint_node-2] [ERROR] [1768034290.472339552] [superpoint_node]: Errore pubblicazione keypoints 3D: could not assign tuple of length 3 to structure with 4 fields.
[superpoint_node-2] [INFO] [1768034290.563703244] [superpoint_node]: Keypoints estratti: 800
[superpoint_node-2] [ERROR] [1768034290.569519550] [superpoint_node]: Errore pubblicazione keypoints 3D: could not assign tuple of length 3 to structure with 4 fields.
[superpoint_node-2] [INFO] [1768034290.662340438] [superpoint_node]: Keypoints estratti: 800
[superpoint_node-2] [ERROR] [1768034290.668017891] [superpoint_node]: Errore pubblicazione keypoints 3D: could not assign tuple of length 3 to structure with 4 fields.
[superpoint_node-2] [INFO] [1768034290.776144438] [superpoint_node]: Keypoints estratti: 800
[superpoint_node-2] [ERROR] [1768034290.782165967] [superpoint_node]: Errore pubblicazione keypoints 3D: could not assign tuple of length 3 to structure with 4 fields.
[superpoint_node-2] [INFO] [1768034290.870904008] [superpoint_node]: Keypoints estratti: 800
[superpoint_node-2] [ERROR] [1768034290.877379986] [superpoint_node]: Errore pubblicazione keypoints 3D: could not assign tuple of length 3 to structure with 4 fields.
[rtabmap-14] [INFO] [1768034290.950086399] [rtabmap]: rtabmap (1515): Rate=0.50s, Limit=0.001s, Conversion=0.0002s, RTAB-Map=0.0674s, Maps update=0.0015s pub=0.0035s delay=0.1262s (local map=4, WM=5)
[superpoint_node-2] [INFO] [1768034290.975126062] [superpoint_node]: Keypoints estratti: 800
[superpoint_node-2] [ERROR] [1768034290.981037961] [superpoint_node]: Errore pubblicazione keypoints 3D: could not assign tuple of length 3 to structure with 4 fields.
[superpoint_node-2] [INFO] [1768034291.071507553] [superpoint_node]: Keypoints estratti: 800
[superpoint_node-2] [ERROR] [1768034291.077735010] [superpoint_node]: Errore pubblicazione keypoints 3D: could not assign tuple of length 3 to structure with 4 fields.
[superpoint_node-2] [INFO] [1768034291.175047786] [superpoint_node]: Keypoints estratti: 800
[superpoint_node-2] [ERROR] [1768034291.181544967] [superpoint_node]: Errore pubblicazione keypoints 3D: could not assign tuple of length 3 to structure with 4 fields.
[superpoint_node-2] [INFO] [1768034291.273563904] [superpoint_node]: Keypoints estratti: 800
[superpoint_node-2] [ERROR] [1768034291.279763047] [superpoint_node]: Errore pubblicazione keypoints 3D: could not assign tuple of length 3 to structure with 4 fields.
[superpoint_node-2] [INFO] [1768034291.372014541] [superpoint_node]: Keypoints estratti: 800
[superpoint_node-2] [ERROR] [1768034291.378826077] [superpoint_node]: Errore pubblicazione keypoints 3D: could not assign tuple of length 3 to structure with 4 fields.
[superpoint_node-2] [INFO] [1768034291.471087720] [superpoint_node]: Keypoints estratti: 800
[superpoint_node-2] [ERROR] [1768034291.477855626] [superpoint_node]: Errore pubblicazione keypoints 3D: could not assign tuple of length 3 to structure with 4 fields.
[rtabmap-14] [INFO] [1768034291.517157902] [rtabmap]: rtabmap (1516): Rate=0.50s, Limit=0.001s, Conversion=0.0005s, RTAB-Map=0.0567s, Maps update=0.0010s pub=0.0012s delay=0.0965s (local map=4, WM=5)
[superpoint_node-2] [INFO] [1768034291.572224230] [superpoint_node]: Keypoints estratti: 800
[superpoint_node-2] [ERROR] [1768034291.578476984] [superpoint_node]: Errore pubblicazione keypoints 3D: could not assign tuple of length 3 to structure with 4 fields.
[superpoint_node-2] [INFO] [1768034291.667761659] [superpoint_node]: Keypoints estratti: 800
[superpoint_node-2] [ERROR] [1768034291.674335637] [superpoint_node]: Errore pubblicazione keypoints 3D: could not assign tuple of length 3 to structure with 4 fields.
[superpoint_node-2] [INFO] [1768034291.766873542] [superpoint_node]: Keypoints estratti: 800
[superpoint_node-2] [ERROR] [1768034291.773360575] [superpoint_node]: Errore pubblicazione keypoints 3D: could not assign tuple of length 3 to structure with 4 fields.
[superpoint_node-2] [INFO] [1768034291.866395354] [superpoint_node]: Keypoints estratti: 800
[superpoint_node-2] [ERROR] [1768034291.872946332] [superpoint_node]: Errore pubblicazione keypoints 3D: could not assign tuple of length 3 to structure with 4 fields.
[superpoint_node-2] [INFO] [1768034291.963920391] [superpoint_node]: Keypoints estratti: 800
[superpoint_node-2] [ERROR] [1768034291.969415101] [superpoint_node]: Errore pubblicazione keypoints 3D: could not assign tuple of length 3 to structure with 4 fields.
[superpoint_node-2] [INFO] [1768034292.064962160] [superpoint_node]: Keypoints estratti: 800
[superpoint_node-2] [ERROR] [1768034292.071773436] [superpoint_node]: Errore pubblicazione keypoints 3D: could not assign tuple of length 3 to structure with 4 fields.
[rtabmap-14] [INFO] [1768034292.129243154] [rtabmap]: rtabmap (1517): Rate=0.50s, Limit=0.001s, Conversion=0.0003s, RTAB-Map=0.0672s, Maps update=0.0109s pub=0.0011s delay=0.1163s (local map=4, WM=5)
[superpoint_node-2] [INFO] [1768034292.165909353] [superpoint_node]: Keypoints estratti: 800
[superpoint_node-2] [ERROR] [1768034292.171330897] [superpoint_node]: Errore pubblicazione keypoints 3D: could not assign tuple of length 3 to structure with 4 fields.
[superpoint_node-2] [INFO] [1768034292.263669615] [superpoint_node]: Keypoints estratti: 800
[superpoint_node-2] [ERROR] [1768034292.269247678] [superpoint_node]: Errore pubblicazione keypoints 3D: could not assign tuple of length 3 to structure with 4 fields.
[superpoint_node-2] [INFO] [1768034292.367483294] [superpoint_node]: Keypoints estratti: 800
[superpoint_node-2] [ERROR] [1768034292.373941216] [superpoint_node]: Errore pubblicazione keypoints 3D: could not assign tuple of length 3 to structure with 4 fields.
[superpoint_node-2] [INFO] [1768034292.461881047] [superpoint_node]: Keypoints estratti: 800
[superpoint_node-2] [ERROR] [1768034292.467370387] [superpoint_node]: Errore pubblicazione keypoints 3D: could not assign tuple of length 3 to structure with 4 fields.
[superpoint_node-2] [INFO] [1768034292.555260236] [superpoint_node]: Keypoints estratti: 800
[superpoint_node-2] [ERROR] [1768034292.561150339] [superpoint_node]: Errore pubblicazione keypoints 3D: could not assign tuple of length 3 to structure with 4 fields.
[superpoint_node-2] [INFO] [1768034292.653006830] [superpoint_node]: Keypoints estratti: 800
[rtabmap-14] [INFO] [1768034292.656092873] [rtabmap]: rtabmap (1518): Rate=0.50s, Limit=0.001s, Conversion=0.0002s, RTAB-Map=0.0418s, Maps update=0.0010s pub=0.0007s delay=0.0550s (local map=4, WM=5)
[superpoint_node-2] [ERROR] [1768034292.659507067] [superpoint_node]: Errore pubblicazione keypoints 3D: could not assign tuple of length 3 to structure with 4 fields.
[superpoint_node-2] [INFO] [1768034292.746659670] [superpoint_node]: Keypoints estratti: 800
[superpoint_node-2] [ERROR] [1768034292.753324871] [superpoint_node]: Errore pubblicazione keypoints 3D: could not assign tuple of length 3 to structure with 4 fields.
[superpoint_node-2] [INFO] [1768034292.843392089] [superpoint_node]: Keypoints estratti: 800
[superpoint_node-2] [ERROR] [1768034292.850008179] [superpoint_node]: Errore pubblicazione keypoints 3D: could not assign tuple of length 3 to structure with 4 fields.
[superpoint_node-2] [INFO] [1768034292.939424966] [superpoint_node]: Keypoints estratti: 800
[superpoint_node-2] [ERROR] [1768034292.945854925] [superpoint_node]: Errore pubblicazione keypoints 3D: could not assign tuple of length 3 to structure with 4 fields.
[superpoint_node-2] [INFO] [1768034293.032949453] [superpoint_node]: Keypoints estratti: 800
[superpoint_node-2] [ERROR] [1768034293.038695943] [superpoint_node]: Errore pubblicazione keypoints 3D: could not assign tuple of length 3 to structure with 4 fields.
[superpoint_node-2] [INFO] [1768034293.127163834] [superpoint_node]: Keypoints estratti: 800
[superpoint_node-2] [ERROR] [1768034293.132727471] [superpoint_node]: Errore pubblicazione keypoints 3D: could not assign tuple of length 3 to structure with 4 fields.
[rtabmap-14] [33m[ WARN] (2026-01-10 09:38:09.842) MapsManager.cpp:863::publishMaps() Graph has changed! The whole cloud is regenerated.[0m
[superpoint_node-2] [INFO] [1768034293.321201196] [superpoint_node]: Keypoints estratti: 800
[rtabmap-14] [INFO] [1768034293.325200820] [rtabmap]: rtabmap (1519): Rate=0.50s, Limit=0.001s, Conversion=0.0016s, RTAB-Map=0.0433s, Maps update=0.0003s pub=0.0008s delay=0.0557s (local map=4, WM=5)
[superpoint_node-2] [ERROR] [1768034293.329543281] [superpoint_node]: Errore pubblicazione keypoints 3D: could not assign tuple of length 3 to structure with 4 fields.
[superpoint_node-2] [INFO] [1768034293.419883297] [superpoint_node]: Keypoints estratti: 800
[superpoint_node-2] [ERROR] [1768034293.425298544] [superpoint_node]: Errore pubblicazione keypoints 3D: could not assign tuple of length 3 to structure with 4 fields.
[superpoint_node-2] [INFO] [1768034293.519200163] [superpoint_node]: Keypoints estratti: 800
[superpoint_node-2] [ERROR] [1768034293.524793171] [superpoint_node]: Errore pubblicazione keypoints 3D: could not assign tuple of length 3 to structure with 4 fields.
[superpoint_node-2] [INFO] [1768034293.618968218] [superpoint_node]: Keypoints estratti: 800
[superpoint_node-2] [ERROR] [1768034293.624372872] [superpoint_node]: Errore pubblicazione keypoints 3D: could not assign tuple of length 3 to structure with 4 fields.
[superpoint_node-2] [INFO] [1768034293.721031680] [superpoint_node]: Keypoints estratti: 800
[superpoint_node-2] [ERROR] [1768034293.727125081] [superpoint_node]: Errore pubblicazione keypoints 3D: could not assign tuple of length 3 to structure with 4 fields.
[superpoint_node-2] [INFO] [1768034293.816507979] [superpoint_node]: Keypoints estratti: 800
[superpoint_node-2] [ERROR] [1768034293.821902688] [superpoint_node]: Errore pubblicazione keypoints 3D: could not assign tuple of length 3 to structure with 4 fields.
[superpoint_node-2] [INFO] [1768034293.917407839] [superpoint_node]: Keypoints estratti: 800
[superpoint_node-2] [ERROR] [1768034293.923046754] [superpoint_node]: Errore pubblicazione keypoints 3D: could not assign tuple of length 3 to structure with 4 fields.
[rtabmap-14] [INFO] [1768034293.988726926] [rtabmap]: rtabmap (1520): Rate=0.50s, Limit=0.001s, Conversion=0.0002s, RTAB-Map=0.0700s, Maps update=0.0013s pub=0.0013s delay=0.1192s (local map=4, WM=5)
[superpoint_node-2] [INFO] [1768034294.015425380] [superpoint_node]: Keypoints estratti: 800
[superpoint_node-2] [ERROR] [1768034294.020857682] [superpoint_node]: Errore pubblicazione keypoints 3D: could not assign tuple of length 3 to structure with 4 fields.
[superpoint_node-2] [INFO] [1768034294.116575186] [superpoint_node]: Keypoints estratti: 800
[superpoint_node-2] [ERROR] [1768034294.121939340] [superpoint_node]: Errore pubblicazione keypoints 3D: could not assign tuple of length 3 to structure with 4 fields.
[superpoint_node-2] [INFO] [1768034294.219062152] [superpoint_node]: Keypoints estratti: 800
[superpoint_node-2] [ERROR] [1768034294.224663252] [superpoint_node]: Errore pubblicazione keypoints 3D: could not assign tuple of length 3 to structure with 4 fields.
[superpoint_node-2] [INFO] [1768034294.318737447] [superpoint_node]: Keypoints estratti: 800
[superpoint_node-2] [ERROR] [1768034294.324162360] [superpoint_node]: Errore pubblicazione keypoints 3D: could not assign tuple of length 3 to structure with 4 fields.
[superpoint_node-2] [INFO] [1768034294.418842560] [superpoint_node]: Keypoints estratti: 800
[superpoint_node-2] [ERROR] [1768034294.424299455] [superpoint_node]: Errore pubblicazione keypoints 3D: could not assign tuple of length 3 to structure with 4 fields.
[rtabmap-14] [INFO] [1768034294.489526420] [rtabmap]: rtabmap (1521): Rate=0.50s, Limit=0.001s, Conversion=0.0003s, RTAB-Map=0.0774s, Maps update=0.0004s pub=0.0010s delay=0.1200s (local map=4, WM=5)
[superpoint_node-2] [INFO] [1768034294.520768354] [superpoint_node]: Keypoints estratti: 800
[superpoint_node-2] [ERROR] [1768034294.526258713] [superpoint_node]: Errore pubblicazione keypoints 3D: could not assign tuple of length 3 to structure with 4 fields.
[superpoint_node-2] [INFO] [1768034294.618415929] [superpoint_node]: Keypoints estratti: 800
[superpoint_node-2] [ERROR] [1768034294.623738860] [superpoint_node]: Errore pubblicazione keypoints 3D: could not assign tuple of length 3 to structure with 4 fields.
[superpoint_node-2] [INFO] [1768034294.722337850] [superpoint_node]: Keypoints estratti: 800
[superpoint_node-2] [ERROR] [1768034294.727921635] [superpoint_node]: Errore pubblicazione keypoints 3D: could not assign tuple of length 3 to structure with 4 fields.
[superpoint_node-2] [INFO] [1768034294.818368172] [superpoint_node]: Keypoints estratti: 800
[superpoint_node-2] [ERROR] [1768034294.823789585] [superpoint_node]: Errore pubblicazione keypoints 3D: could not assign tuple of length 3 to structure with 4 fields.
[superpoint_node-2] [INFO] [1768034294.921430456] [superpoint_node]: Keypoints estratti: 800
[superpoint_node-2] [ERROR] [1768034294.927027631] [superpoint_node]: Errore pubblicazione keypoints 3D: could not assign tuple of length 3 to structure with 4 fields.
[superpoint_node-2] [INFO] [1768034295.018035838] [superpoint_node]: Keypoints estratti: 800
[superpoint_node-2] [ERROR] [1768034295.023969126] [superpoint_node]: Errore pubblicazione keypoints 3D: could not assign tuple of length 3 to structure with 4 fields.
[rtabmap-14] [INFO] [1768034295.094460188] [rtabmap]: rtabmap (1522): Rate=0.50s, Limit=0.001s, Conversion=0.0002s, RTAB-Map=0.0772s, Maps update=0.0005s pub=0.0010s delay=0.1250s (local map=4, WM=5)
[superpoint_node-2] [INFO] [1768034295.122355892] [superpoint_node]: Keypoints estratti: 800
[superpoint_node-2] [ERROR] [1768034295.128135420] [superpoint_node]: Errore pubblicazione keypoints 3D: could not assign tuple of length 3 to structure with 4 fields.
[superpoint_node-2] [INFO] [1768034295.217717486] [superpoint_node]: Keypoints estratti: 800
[superpoint_node-2] [ERROR] [1768034295.223452513] [superpoint_node]: Errore pubblicazione keypoints 3D: could not assign tuple of length 3 to structure with 4 fields.
[superpoint_node-2] [INFO] [1768034295.320212303] [superpoint_node]: Keypoints estratti: 800
[superpoint_node-2] [ERROR] [1768034295.325812644] [superpoint_node]: Errore pubblicazione keypoints 3D: could not assign tuple of length 3 to structure with 4 fields.
[superpoint_node-2] [INFO] [1768034295.417587005] [superpoint_node]: Keypoints estratti: 800
[superpoint_node-2] [ERROR] [1768034295.423178828] [superpoint_node]: Errore pubblicazione keypoints 3D: could not assign tuple of length 3 to structure with 4 fields.
[superpoint_node-2] [INFO] [1768034295.519577319] [superpoint_node]: Keypoints estratti: 800
[superpoint_node-2] [ERROR] [1768034295.525042159] [superpoint_node]: Errore pubblicazione keypoints 3D: could not assign tuple of length 3 to structure with 4 fields.
[superpoint_node-2] [INFO] [1768034295.620107102] [superpoint_node]: Keypoints estratti: 800
[superpoint_node-2] [ERROR] [1768034295.626598135] [superpoint_node]: Errore pubblicazione keypoints 3D: could not assign tuple of length 3 to structure with 4 fields.
[rtabmap-14] [INFO] [1768034295.689516285] [rtabmap]: rtabmap (1523): Rate=0.50s, Limit=0.001s, Conversion=0.0006s, RTAB-Map=0.0737s, Maps update=0.0003s pub=0.0010s delay=0.1201s (local map=4, WM=5)
[superpoint_node-2] [INFO] [1768034295.722138212] [superpoint_node]: Keypoints estratti: 800
[superpoint_node-2] [ERROR] [1768034295.727447754] [superpoint_node]: Errore pubblicazione keypoints 3D: could not assign tuple of length 3 to structure with 4 fields.
[superpoint_node-2] [INFO] [1768034295.817985958] [superpoint_node]: Keypoints estratti: 800
[superpoint_node-2] [ERROR] [1768034295.823711485] [superpoint_node]: Errore pubblicazione keypoints 3D: could not assign tuple of length 3 to structure with 4 fields.
[superpoint_node-2] [INFO] [1768034295.919332673] [superpoint_node]: Keypoints estratti: 800
[superpoint_node-2] [ERROR] [1768034295.924781772] [superpoint_node]: Errore pubblicazione keypoints 3D: could not assign tuple of length 3 to structure with 4 fields.
[superpoint_node-2] [INFO] [1768034296.018495390] [superpoint_node]: Keypoints estratti: 800
[superpoint_node-2] [ERROR] [1768034296.024030119] [superpoint_node]: Errore pubblicazione keypoints 3D: could not assign tuple of length 3 to structure with 4 fields.
[superpoint_node-2] [INFO] [1768034296.119682864] [superpoint_node]: Keypoints estratti: 800
[superpoint_node-2] [ERROR] [1768034296.125677708] [superpoint_node]: Errore pubblicazione keypoints 3D: could not assign tuple of length 3 to structure with 4 fields.
[rtabmap-14] [INFO] [1768034296.183481761] [rtabmap]: rtabmap (1524): Rate=0.50s, Limit=0.001s, Conversion=0.0008s, RTAB-Map=0.0665s, Maps update=0.0003s pub=0.0014s delay=0.1140s (local map=4, WM=5)
[superpoint_node-2] [INFO] [1768034296.257474333] [superpoint_node]: Keypoints estratti: 800
[superpoint_node-2] [ERROR] [1768034296.263115693] [superpoint_node]: Errore pubblicazione keypoints 3D: could not assign tuple of length 3 to structure with 4 fields.
[superpoint_node-2] [INFO] [1768034296.354328198] [superpoint_node]: Keypoints estratti: 800
[superpoint_node-2] [ERROR] [1768034296.360456321] [superpoint_node]: Errore pubblicazione keypoints 3D: could not assign tuple of length 3 to structure with 4 fields.
[superpoint_node-2] [INFO] [1768034296.449317233] [superpoint_node]: Keypoints estratti: 800
[superpoint_node-2] [ERROR] [1768034296.454762369] [superpoint_node]: Errore pubblicazione keypoints 3D: could not assign tuple of length 3 to structure with 4 fields.
[superpoint_node-2] [INFO] [1768034296.548161095] [superpoint_node]: Keypoints estratti: 800
[superpoint_node-2] [ERROR] [1768034296.553706010] [superpoint_node]: Errore pubblicazione keypoints 3D: could not assign tuple of length 3 to structure with 4 fields.
[superpoint_node-2] [INFO] [1768034296.640962335] [superpoint_node]: Keypoints estratti: 800
[superpoint_node-2] [ERROR] [1768034296.647440554] [superpoint_node]: Errore pubblicazione keypoints 3D: could not assign tuple of length 3 to structure with 4 fields.
[rtabmap-14] [INFO] [1768034296.681185952] [rtabmap]: rtabmap (1525): Rate=0.50s, Limit=0.001s, Conversion=0.0006s, RTAB-Map=0.0620s, Maps update=0.0003s pub=0.0008s delay=0.0882s (local map=4, WM=5)
[superpoint_node-2] [INFO] [1768034296.735685424] [superpoint_node]: Keypoints estratti: 800
[superpoint_node-2] [ERROR] [1768034296.741550119] [superpoint_node]: Errore pubblicazione keypoints 3D: could not assign tuple of length 3 to structure with 4 fields.
[superpoint_node-2] [INFO] [1768034296.828690332] [superpoint_node]: Keypoints estratti: 800
[superpoint_node-2] [ERROR] [1768034296.834002801] [superpoint_node]: Errore pubblicazione keypoints 3D: could not assign tuple of length 3 to structure with 4 fields.
[superpoint_node-2] [INFO] [1768034297.019039017] [superpoint_node]: Keypoints estratti: 800
[superpoint_node-2] [ERROR] [1768034297.024584617] [superpoint_node]: Errore pubblicazione keypoints 3D: could not assign tuple of length 3 to structure with 4 fields.
[superpoint_node-2] [INFO] [1768034297.117080336] [superpoint_node]: Keypoints estratti: 800
[superpoint_node-2] [ERROR] [1768034297.122857289] [superpoint_node]: Errore pubblicazione keypoints 3D: could not assign tuple of length 3 to structure with 4 fields.
[superpoint_node-2] [INFO] [1768034297.219497245] [superpoint_node]: Keypoints estratti: 800
[superpoint_node-2] [ERROR] [1768034297.225246995] [superpoint_node]: Errore pubblicazione keypoints 3D: could not assign tuple of length 3 to structure with 4 fields.
[rtabmap-14] [INFO] [1768034297.287805475] [rtabmap]: rtabmap (1526): Rate=0.50s, Limit=0.001s, Conversion=0.0035s, RTAB-Map=0.0656s, Maps update=0.0027s pub=0.0014s delay=0.1183s (local map=4, WM=5)
[superpoint_node-2] [INFO] [1768034297.318644573] [superpoint_node]: Keypoints estratti: 800
[superpoint_node-2] [ERROR] [1768034297.324171432] [superpoint_node]: Errore pubblicazione keypoints 3D: could not assign tuple of length 3 to structure with 4 fields.
[superpoint_node-2] [INFO] [1768034297.420454088] [superpoint_node]: Keypoints estratti: 800
[superpoint_node-2] [ERROR] [1768034297.426522155] [superpoint_node]: Errore pubblicazione keypoints 3D: could not assign tuple of length 3 to structure with 4 fields.
[superpoint_node-2] [INFO] [1768034297.522360790] [superpoint_node]: Keypoints estratti: 800
[superpoint_node-2] [ERROR] [1768034297.528030020] [superpoint_node]: Errore pubblicazione keypoints 3D: could not assign tuple of length 3 to structure with 4 fields.
[superpoint_node-2] [INFO] [1768034297.618847245] [superpoint_node]: Keypoints estratti: 800
[superpoint_node-2] [ERROR] [1768034297.624273029] [superpoint_node]: Errore pubblicazione keypoints 3D: could not assign tuple of length 3 to structure with 4 fields.
[superpoint_node-2] [INFO] [1768034297.717338493] [superpoint_node]: Keypoints estratti: 800
[superpoint_node-2] [ERROR] [1768034297.723920712] [superpoint_node]: Errore pubblicazione keypoints 3D: could not assign tuple of length 3 to structure with 4 fields.
[rtabmap-14] [INFO] [1768034297.793704861] [rtabmap]: rtabmap (1527): Rate=0.50s, Limit=0.001s, Conversion=0.0008s, RTAB-Map=0.0773s, Maps update=0.0004s pub=0.0009s delay=0.1240s (local map=4, WM=5)
[superpoint_node-2] [INFO] [1768034297.822249015] [superpoint_node]: Keypoints estratti: 800
[superpoint_node-2] [ERROR] [1768034297.827874504] [superpoint_node]: Errore pubblicazione keypoints 3D: could not assign tuple of length 3 to structure with 4 fields.
[superpoint_node-2] [INFO] [1768034297.918560449] [superpoint_node]: Keypoints estratti: 800
[superpoint_node-2] [ERROR] [1768034297.924635924] [superpoint_node]: Errore pubblicazione keypoints 3D: could not assign tuple of length 3 to structure with 4 fields.
[superpoint_node-2] [INFO] [1768034298.020040814] [superpoint_node]: Keypoints estratti: 800
[superpoint_node-2] [ERROR] [1768034298.026394198] [superpoint_node]: Errore pubblicazione keypoints 3D: could not assign tuple of length 3 to structure with 4 fields.
[superpoint_node-2] [INFO] [1768034298.118577563] [superpoint_node]: Keypoints estratti: 800
[superpoint_node-2] [ERROR] [1768034298.124219997] [superpoint_node]: Errore pubblicazione keypoints 3D: could not assign tuple of length 3 to structure with 4 fields.
[superpoint_node-2] [INFO] [1768034298.217048422] [superpoint_node]: Keypoints estratti: 800
[superpoint_node-2] [ERROR] [1768034298.222484947] [superpoint_node]: Errore pubblicazione keypoints 3D: could not assign tuple of length 3 to structure with 4 fields.
[superpoint_node-2] [INFO] [1768034298.317600150] [superpoint_node]: Keypoints estratti: 800
[superpoint_node-2] [ERROR] [1768034298.323187047] [superpoint_node]: Errore pubblicazione keypoints 3D: could not assign tuple of length 3 to structure with 4 fields.
[rtabmap-14] [INFO] [1768034298.335284976] [rtabmap]: rtabmap (1528): Rate=0.50s, Limit=0.001s, Conversion=0.0003s, RTAB-Map=0.0379s, Maps update=0.0017s pub=0.0014s delay=0.0658s (local map=4, WM=5)
[superpoint_node-2] [INFO] [1768034298.420503415] [superpoint_node]: Keypoints estratti: 800
[superpoint_node-2] [ERROR] [1768034298.426250424] [superpoint_node]: Errore pubblicazione keypoints 3D: could not assign tuple of length 3 to structure with 4 fields.
[superpoint_node-2] [INFO] [1768034298.520199229] [superpoint_node]: Keypoints estratti: 800
[superpoint_node-2] [ERROR] [1768034298.525732662] [superpoint_node]: Errore pubblicazione keypoints 3D: could not assign tuple of length 3 to structure with 4 fields.
[superpoint_node-2] [INFO] [1768034298.619826690] [superpoint_node]: Keypoints estratti: 800
[superpoint_node-2] [ERROR] [1768034298.625960405] [superpoint_node]: Errore pubblicazione keypoints 3D: could not assign tuple of length 3 to structure with 4 fields.
[superpoint_node-2] [INFO] [1768034298.721363611] [superpoint_node]: Keypoints estratti: 800
[superpoint_node-2] [ERROR] [1768034298.727605642] [superpoint_node]: Errore pubblicazione keypoints 3D: could not assign tuple of length 3 to structure with 4 fields.
[superpoint_node-2] [INFO] [1768034298.820803107] [superpoint_node]: Keypoints estratti: 800
[superpoint_node-2] [ERROR] [1768034298.827412271] [superpoint_node]: Errore pubblicazione keypoints 3D: could not assign tuple of length 3 to structure with 4 fields.
[rtabmap-14] [INFO] [1768034298.853174829] [rtabmap]: rtabmap (1529): Rate=0.50s, Limit=0.001s, Conversion=0.0002s, RTAB-Map=0.0378s, Maps update=0.0012s pub=0.0011s delay=0.0835s (local map=4, WM=5)
[superpoint_node-2] [INFO] [1768034298.922078267] [superpoint_node]: Keypoints estratti: 800
[superpoint_node-2] [ERROR] [1768034298.927739238] [superpoint_node]: Errore pubblicazione keypoints 3D: could not assign tuple of length 3 to structure with 4 fields.
[superpoint_node-2] [INFO] [1768034299.020273068] [superpoint_node]: Keypoints estratti: 800
[superpoint_node-2] [ERROR] [1768034299.025628537] [superpoint_node]: Errore pubblicazione keypoints 3D: could not assign tuple of length 3 to structure with 4 fields.
[superpoint_node-2] [INFO] [1768034299.118627260] [superpoint_node]: Keypoints estratti: 800
[superpoint_node-2] [ERROR] [1768034299.123990414] [superpoint_node]: Errore pubblicazione keypoints 3D: could not assign tuple of length 3 to structure with 4 fields.
[superpoint_node-2] [INFO] [1768034299.217936163] [superpoint_node]: Keypoints estratti: 800
[superpoint_node-2] [ERROR] [1768034299.223554764] [superpoint_node]: Errore pubblicazione keypoints 3D: could not assign tuple of length 3 to structure with 4 fields.
[superpoint_node-2] [INFO] [1768034299.318519669] [superpoint_node]: Keypoints estratti: 800
[superpoint_node-2] [ERROR] [1768034299.324057547] [superpoint_node]: Errore pubblicazione keypoints 3D: could not assign tuple of length 3 to structure with 4 fields.
[superpoint_node-2] [INFO] [1768034299.420045368] [superpoint_node]: Keypoints estratti: 800
[superpoint_node-2] [ERROR] [1768034299.425884822] [superpoint_node]: Errore pubblicazione keypoints 3D: could not assign tuple of length 3 to structure with 4 fields.
[rtabmap-14] [INFO] [1768034299.493255303] [rtabmap]: rtabmap (1530): Rate=0.50s, Limit=0.001s, Conversion=0.0003s, RTAB-Map=0.0764s, Maps update=0.0021s pub=0.0017s delay=0.1239s (local map=4, WM=5)
[superpoint_node-2] [INFO] [1768034299.522149293] [superpoint_node]: Keypoints estratti: 800
[superpoint_node-2] [ERROR] [1768034299.527803060] [superpoint_node]: Errore pubblicazione keypoints 3D: could not assign tuple of length 3 to structure with 4 fields.
[superpoint_node-2] [INFO] [1768034299.652110181] [superpoint_node]: Keypoints estratti: 800
[superpoint_node-2] [ERROR] [1768034299.657585947] [superpoint_node]: Errore pubblicazione keypoints 3D: could not assign tuple of length 3 to structure with 4 fields.
[superpoint_node-2] [INFO] [1768034299.744351732] [superpoint_node]: Keypoints estratti: 800
[superpoint_node-2] [ERROR] [1768034299.750495021] [superpoint_node]: Errore pubblicazione keypoints 3D: could not assign tuple of length 3 to structure with 4 fields.
[superpoint_node-2] [INFO] [1768034299.838666113] [superpoint_node]: Keypoints estratti: 800
[superpoint_node-2] [ERROR] [1768034299.844988719] [superpoint_node]: Errore pubblicazione keypoints 3D: could not assign tuple of length 3 to structure with 4 fields.
[superpoint_node-2] [INFO] [1768034299.935357514] [superpoint_node]: Keypoints estratti: 800
[superpoint_node-2] [ERROR] [1768034299.941412822] [superpoint_node]: Errore pubblicazione keypoints 3D: could not assign tuple of length 3 to structure with 4 fields.
[rtabmap-14] [INFO] [1768034299.954836743] [rtabmap]: rtabmap (1531): Rate=0.50s, Limit=0.001s, Conversion=0.0004s, RTAB-Map=0.0336s, Maps update=0.0004s pub=0.0009s delay=0.0698s (local map=4, WM=5)
[superpoint_node-2] [INFO] [1768034300.031557763] [superpoint_node]: Keypoints estratti: 800
[superpoint_node-2] [ERROR] [1768034300.037089825] [superpoint_node]: Errore pubblicazione keypoints 3D: could not assign tuple of length 3 to structure with 4 fields.
[superpoint_node-2] [INFO] [1768034300.125626883] [superpoint_node]: Keypoints estratti: 800
[superpoint_node-2] [ERROR] [1768034300.130993852] [superpoint_node]: Errore pubblicazione keypoints 3D: could not assign tuple of length 3 to structure with 4 fields.
[superpoint_node-2] [INFO] [1768034300.318045862] [superpoint_node]: Keypoints estratti: 800
[superpoint_node-2] [ERROR] [1768034300.323816316] [superpoint_node]: Errore pubblicazione keypoints 3D: could not assign tuple of length 3 to structure with 4 fields.
[superpoint_node-2] [INFO] [1768034300.419303670] [superpoint_node]: Keypoints estratti: 800
[superpoint_node-2] [ERROR] [1768034300.424708954] [superpoint_node]: Errore pubblicazione keypoints 3D: could not assign tuple of length 3 to structure with 4 fields.
[superpoint_node-2] [INFO] [1768034300.517792103] [superpoint_node]: Keypoints estratti: 800
[superpoint_node-2] [ERROR] [1768034300.523547001] [superpoint_node]: Errore pubblicazione keypoints 3D: could not assign tuple of length 3 to structure with 4 fields.
[rtabmap-14] [INFO] [1768034300.595975097] [rtabmap]: rtabmap (1532): Rate=0.50s, Limit=0.001s, Conversion=0.0015s, RTAB-Map=0.0734s, Maps update=0.0019s pub=0.0016s delay=0.1264s (local map=4, WM=5)
[superpoint_node-2] [INFO] [1768034300.617796845] [superpoint_node]: Keypoints estratti: 800
[superpoint_node-2] [ERROR] [1768034300.623097184] [superpoint_node]: Errore pubblicazione keypoints 3D: could not assign tuple of length 3 to structure with 4 fields.
[superpoint_node-2] [INFO] [1768034300.715865442] [superpoint_node]: Keypoints estratti: 800
[superpoint_node-2] [ERROR] [1768034300.721443264] [superpoint_node]: Errore pubblicazione keypoints 3D: could not assign tuple of length 3 to structure with 4 fields.
[superpoint_node-2] [INFO] [1768034300.817087805] [superpoint_node]: Keypoints estratti: 800
[superpoint_node-2] [ERROR] [1768034300.822431829] [superpoint_node]: Errore pubblicazione keypoints 3D: could not assign tuple of length 3 to structure with 4 fields.
[superpoint_node-2] [INFO] [1768034300.916784933] [superpoint_node]: Keypoints estratti: 800
[superpoint_node-2] [ERROR] [1768034300.922239477] [superpoint_node]: Errore pubblicazione keypoints 3D: could not assign tuple of length 3 to structure with 4 fields.
[superpoint_node-2] [INFO] [1768034301.018249150] [superpoint_node]: Keypoints estratti: 800
[superpoint_node-2] [ERROR] [1768034301.023762416] [superpoint_node]: Errore pubblicazione keypoints 3D: could not assign tuple of length 3 to structure with 4 fields.
[superpoint_node-2] [INFO] [1768034301.114479380] [superpoint_node]: Keypoints estratti: 800
[superpoint_node-2] [ERROR] [1768034301.120298556] [superpoint_node]: Errore pubblicazione keypoints 3D: could not assign tuple of length 3 to structure with 4 fields.
[rtabmap-14] [INFO] [1768034301.186974440] [rtabmap]: rtabmap (1533): Rate=0.50s, Limit=0.001s, Conversion=0.0005s, RTAB-Map=0.0687s, Maps update=0.0003s pub=0.0009s delay=0.1175s (local map=4, WM=5)
[superpoint_node-2] [INFO] [1768034301.217831927] [superpoint_node]: Keypoints estratti: 800
[superpoint_node-2] [ERROR] [1768034301.223171247] [superpoint_node]: Errore pubblicazione keypoints 3D: could not assign tuple of length 3 to structure with 4 fields.
[superpoint_node-2] [INFO] [1768034301.318932381] [superpoint_node]: Keypoints estratti: 800
[superpoint_node-2] [ERROR] [1768034301.324379647] [superpoint_node]: Errore pubblicazione keypoints 3D: could not assign tuple of length 3 to structure with 4 fields.
[superpoint_node-2] [INFO] [1768034301.417799040] [superpoint_node]: Keypoints estratti: 800
[superpoint_node-2] [ERROR] [1768034301.423915015] [superpoint_node]: Errore pubblicazione keypoints 3D: could not assign tuple of length 3 to structure with 4 fields.
[superpoint_node-2] [INFO] [1768034301.520775028] [superpoint_node]: Keypoints estratti: 800
[superpoint_node-2] [ERROR] [1768034301.526584907] [superpoint_node]: Errore pubblicazione keypoints 3D: could not assign tuple of length 3 to structure with 4 fields.
[superpoint_node-2] [INFO] [1768034301.618652401] [superpoint_node]: Keypoints estratti: 800
[superpoint_node-2] [ERROR] [1768034301.624849450] [superpoint_node]: Errore pubblicazione keypoints 3D: could not assign tuple of length 3 to structure with 4 fields.
[superpoint_node-2] [INFO] [1768034301.715978992] [superpoint_node]: Keypoints estratti: 800
[superpoint_node-2] [ERROR] [1768034301.721763019] [superpoint_node]: Errore pubblicazione keypoints 3D: could not assign tuple of length 3 to structure with 4 fields.
[rtabmap-14] [INFO] [1768034301.789873785] [rtabmap]: rtabmap (1534): Rate=0.50s, Limit=0.001s, Conversion=0.0006s, RTAB-Map=0.0772s, Maps update=0.0012s pub=0.0010s delay=0.1202s (local map=4, WM=5)
[superpoint_node-2] [INFO] [1768034301.817508172] [superpoint_node]: Keypoints estratti: 800
[superpoint_node-2] [ERROR] [1768034301.823018012] [superpoint_node]: Errore pubblicazione keypoints 3D: could not assign tuple of length 3 to structure with 4 fields.
[superpoint_node-2] [INFO] [1768034301.921748485] [superpoint_node]: Keypoints estratti: 800
[superpoint_node-2] [ERROR] [1768034301.927284714] [superpoint_node]: Errore pubblicazione keypoints 3D: could not assign tuple of length 3 to structure with 4 fields.
[superpoint_node-2] [INFO] [1768034302.019128076] [superpoint_node]: Keypoints estratti: 800
[superpoint_node-2] [ERROR] [1768034302.024935048] [superpoint_node]: Errore pubblicazione keypoints 3D: could not assign tuple of length 3 to structure with 4 fields.
[superpoint_node-2] [INFO] [1768034302.119870102] [superpoint_node]: Keypoints estratti: 800
[superpoint_node-2] [ERROR] [1768034302.125383886] [superpoint_node]: Errore pubblicazione keypoints 3D: could not assign tuple of length 3 to structure with 4 fields.
[superpoint_node-2] [INFO] [1768034302.217357620] [superpoint_node]: Keypoints estratti: 800
[superpoint_node-2] [ERROR] [1768034302.222684644] [superpoint_node]: Errore pubblicazione keypoints 3D: could not assign tuple of length 3 to structure with 4 fields.
[superpoint_node-2] [INFO] [1768034302.317961144] [superpoint_node]: Keypoints estratti: 800
[superpoint_node-2] [ERROR] [1768034302.323842358] [superpoint_node]: Errore pubblicazione keypoints 3D: could not assign tuple of length 3 to structure with 4 fields.
[rtabmap-14] [INFO] [1768034302.398466657] [rtabmap]: rtabmap (1535): Rate=0.50s, Limit=0.001s, Conversion=0.0005s, RTAB-Map=0.0815s, Maps update=0.0019s pub=0.0017s delay=0.1289s (local map=4, WM=5)
[superpoint_node-2] [INFO] [1768034302.419661789] [superpoint_node]: Keypoints estratti: 800
[superpoint_node-2] [ERROR] [1768034302.425021720] [superpoint_node]: Errore pubblicazione keypoints 3D: could not assign tuple of length 3 to structure with 4 fields.
[superpoint_node-2] [INFO] [1768034302.520856614] [superpoint_node]: Keypoints estratti: 800
[superpoint_node-2] [ERROR] [1768034302.526473141] [superpoint_node]: Errore pubblicazione keypoints 3D: could not assign tuple of length 3 to structure with 4 fields.
[superpoint_node-2] [INFO] [1768034302.616184245] [superpoint_node]: Keypoints estratti: 800
[superpoint_node-2] [ERROR] [1768034302.621657844] [superpoint_node]: Errore pubblicazione keypoints 3D: could not assign tuple of length 3 to structure with 4 fields.
[superpoint_node-2] [INFO] [1768034302.716225821] [superpoint_node]: Keypoints estratti: 800
[superpoint_node-2] [ERROR] [1768034302.721633586] [superpoint_node]: Errore pubblicazione keypoints 3D: could not assign tuple of length 3 to structure with 4 fields.
[superpoint_node-2] [INFO] [1768034302.816691992] [superpoint_node]: Keypoints estratti: 800
[superpoint_node-2] [ERROR] [1768034302.822048961] [superpoint_node]: Errore pubblicazione keypoints 3D: could not assign tuple of length 3 to structure with 4 fields.
[superpoint_node-2] [INFO] [1768034302.945334814] [superpoint_node]: Keypoints estratti: 800
[superpoint_node-2] [ERROR] [1768034302.951798588] [superpoint_node]: Errore pubblicazione keypoints 3D: could not assign tuple of length 3 to structure with 4 fields.
[rtabmap-14] [INFO] [1768034303.022533560] [rtabmap]: rtabmap (1536): Rate=0.50s, Limit=0.001s, Conversion=0.0002s, RTAB-Map=0.0695s, Maps update=0.0006s pub=0.0011s delay=0.1248s (local map=4, WM=5)
[superpoint_node-2] [INFO] [1768034303.044306678] [superpoint_node]: Keypoints estratti: 800
[superpoint_node-2] [ERROR] [1768034303.050297114] [superpoint_node]: Errore pubblicazione keypoints 3D: could not assign tuple of length 3 to structure with 4 fields.
[superpoint_node-2] [INFO] [1768034303.139650512] [superpoint_node]: Keypoints estratti: 800
[superpoint_node-2] [ERROR] [1768034303.145644412] [superpoint_node]: Errore pubblicazione keypoints 3D: could not assign tuple of length 3 to structure with 4 fields.
[superpoint_node-2] [INFO] [1768034303.234040487] [superpoint_node]: Keypoints estratti: 800
[superpoint_node-2] [ERROR] [1768034303.240390408] [superpoint_node]: Errore pubblicazione keypoints 3D: could not assign tuple of length 3 to structure with 4 fields.
[superpoint_node-2] [INFO] [1768034303.331288207] [superpoint_node]: Keypoints estratti: 800
[superpoint_node-2] [ERROR] [1768034303.337019234] [superpoint_node]: Errore pubblicazione keypoints 3D: could not assign tuple of length 3 to structure with 4 fields.
[superpoint_node-2] [INFO] [1768034303.429733881] [superpoint_node]: Keypoints estratti: 800
[superpoint_node-2] [ERROR] [1768034303.435924301] [superpoint_node]: Errore pubblicazione keypoints 3D: could not assign tuple of length 3 to structure with 4 fields.
[superpoint_node-2] [INFO] [1768034303.529107859] [superpoint_node]: Keypoints estratti: 800
[superpoint_node-2] [ERROR] [1768034303.534992665] [superpoint_node]: Errore pubblicazione keypoints 3D: could not assign tuple of length 3 to structure with 4 fields.
[rtabmap-14] [INFO] [1768034303.587104784] [rtabmap]: rtabmap (1537): Rate=0.50s, Limit=0.001s, Conversion=0.0003s, RTAB-Map=0.0635s, Maps update=0.0029s pub=0.0050s delay=0.1077s (local map=4, WM=5)
[superpoint_node-2] [INFO] [1768034303.628899506] [superpoint_node]: Keypoints estratti: 800
[superpoint_node-2] [ERROR] [1768034303.634412069] [superpoint_node]: Errore pubblicazione keypoints 3D: could not assign tuple of length 3 to structure with 4 fields.
[superpoint_node-2] [INFO] [1768034303.724400805] [superpoint_node]: Keypoints estratti: 800
[superpoint_node-2] [ERROR] [1768034303.729854515] [superpoint_node]: Errore pubblicazione keypoints 3D: could not assign tuple of length 3 to structure with 4 fields.
[superpoint_node-2] [INFO] [1768034303.916832599] [superpoint_node]: Keypoints estratti: 800
[superpoint_node-2] [ERROR] [1768034303.922262976] [superpoint_node]: Errore pubblicazione keypoints 3D: could not assign tuple of length 3 to structure with 4 fields.
[superpoint_node-2] [INFO] [1768034304.014975937] [superpoint_node]: Keypoints estratti: 800
[superpoint_node-2] [ERROR] [1768034304.020550648] [superpoint_node]: Errore pubblicazione keypoints 3D: could not assign tuple of length 3 to structure with 4 fields.
[superpoint_node-2] [INFO] [1768034304.118054222] [superpoint_node]: Keypoints estratti: 800
[superpoint_node-2] [ERROR] [1768034304.123883102] [superpoint_node]: Errore pubblicazione keypoints 3D: could not assign tuple of length 3 to structure with 4 fields.
[rtabmap-14] [INFO] [1768034304.193393971] [rtabmap]: rtabmap (1538): Rate=0.50s, Limit=0.001s, Conversion=0.0003s, RTAB-Map=0.0728s, Maps update=0.0020s pub=0.0009s delay=0.1240s (local map=4, WM=5)
[superpoint_node-2] [INFO] [1768034304.221418528] [superpoint_node]: Keypoints estratti: 800
[superpoint_node-2] [ERROR] [1768034304.227046869] [superpoint_node]: Errore pubblicazione keypoints 3D: could not assign tuple of length 3 to structure with 4 fields.
[superpoint_node-2] [INFO] [1768034304.319293920] [superpoint_node]: Keypoints estratti: 800
[superpoint_node-2] [ERROR] [1768034304.325550414] [superpoint_node]: Errore pubblicazione keypoints 3D: could not assign tuple of length 3 to structure with 4 fields.
[superpoint_node-2] [INFO] [1768034304.418466581] [superpoint_node]: Keypoints estratti: 800
[superpoint_node-2] [ERROR] [1768034304.423892680] [superpoint_node]: Errore pubblicazione keypoints 3D: could not assign tuple of length 3 to structure with 4 fields.
[superpoint_node-2] [INFO] [1768034304.516205157] [superpoint_node]: Keypoints estratti: 800
[superpoint_node-2] [ERROR] [1768034304.521756645] [superpoint_node]: Errore pubblicazione keypoints 3D: could not assign tuple of length 3 to structure with 4 fields.
[superpoint_node-2] [INFO] [1768034304.619611296] [superpoint_node]: Keypoints estratti: 800
[superpoint_node-2] [ERROR] [1768034304.625367675] [superpoint_node]: Errore pubblicazione keypoints 3D: could not assign tuple of length 3 to structure with 4 fields.
[rtabmap-14] [INFO] [1768034304.694200224] [rtabmap]: rtabmap (1539): Rate=0.50s, Limit=0.001s, Conversion=0.0002s, RTAB-Map=0.0766s, Maps update=0.0004s pub=0.0014s delay=0.1246s (local map=4, WM=5)
[superpoint_node-2] [INFO] [1768034304.719236831] [superpoint_node]: Keypoints estratti: 800
[superpoint_node-2] [ERROR] [1768034304.724753042] [superpoint_node]: Errore pubblicazione keypoints 3D: could not assign tuple of length 3 to structure with 4 fields.
[superpoint_node-2] [INFO] [1768034304.817327799] [superpoint_node]: Keypoints estratti: 800
[superpoint_node-2] [ERROR] [1768034304.823045659] [superpoint_node]: Errore pubblicazione keypoints 3D: could not assign tuple of length 3 to structure with 4 fields.
[superpoint_node-2] [INFO] [1768034304.917524376] [superpoint_node]: Keypoints estratti: 800
[superpoint_node-2] [ERROR] [1768034304.923028938] [superpoint_node]: Errore pubblicazione keypoints 3D: could not assign tuple of length 3 to structure with 4 fields.
[superpoint_node-2] [INFO] [1768034305.018916166] [superpoint_node]: Keypoints estratti: 800
[superpoint_node-2] [ERROR] [1768034305.024527062] [superpoint_node]: Errore pubblicazione keypoints 3D: could not assign tuple of length 3 to structure with 4 fields.
[superpoint_node-2] [INFO] [1768034305.116572352] [superpoint_node]: Keypoints estratti: 800
[superpoint_node-2] [ERROR] [1768034305.122817439] [superpoint_node]: Errore pubblicazione keypoints 3D: could not assign tuple of length 3 to structure with 4 fields.
[superpoint_node-2] [INFO] [1768034305.220039233] [superpoint_node]: Keypoints estratti: 800
[superpoint_node-2] [ERROR] [1768034305.226935603] [superpoint_node]: Errore pubblicazione keypoints 3D: could not assign tuple of length 3 to structure with 4 fields.
[rtabmap-14] [INFO] [1768034305.293464337] [rtabmap]: rtabmap (1540): Rate=0.50s, Limit=0.001s, Conversion=0.0006s, RTAB-Map=0.0728s, Maps update=0.0004s pub=0.0008s delay=0.1238s (local map=4, WM=5)
[superpoint_node-2] [INFO] [1768034305.321423652] [superpoint_node]: Keypoints estratti: 800
[superpoint_node-2] [ERROR] [1768034305.327564479] [superpoint_node]: Errore pubblicazione keypoints 3D: could not assign tuple of length 3 to structure with 4 fields.
[superpoint_node-2] [INFO] [1768034305.420019216] [superpoint_node]: Keypoints estratti: 800
[superpoint_node-2] [ERROR] [1768034305.426574898] [superpoint_node]: Errore pubblicazione keypoints 3D: could not assign tuple of length 3 to structure with 4 fields.
[superpoint_node-2] [INFO] [1768034305.521309821] [superpoint_node]: Keypoints estratti: 800
[superpoint_node-2] [ERROR] [1768034305.527127811] [superpoint_node]: Errore pubblicazione keypoints 3D: could not assign tuple of length 3 to structure with 4 fields.
[superpoint_node-2] [INFO] [1768034305.619477437] [superpoint_node]: Keypoints estratti: 800
[superpoint_node-2] [ERROR] [1768034305.625253316] [superpoint_node]: Errore pubblicazione keypoints 3D: could not assign tuple of length 3 to structure with 4 fields.
[superpoint_node-2] [INFO] [1768034305.718639876] [superpoint_node]: Keypoints estratti: 800
[superpoint_node-2] [ERROR] [1768034305.724893074] [superpoint_node]: Errore pubblicazione keypoints 3D: could not assign tuple of length 3 to structure with 4 fields.
[rtabmap-14] [INFO] [1768034305.761807757] [rtabmap]: rtabmap (1541): Rate=0.50s, Limit=0.001s, Conversion=0.0003s, RTAB-Map=0.0447s, Maps update=0.0003s pub=0.0011s delay=0.0921s (local map=4, WM=5)
[superpoint_node-2] [INFO] [1768034305.817515294] [superpoint_node]: Keypoints estratti: 800
[superpoint_node-2] [ERROR] [1768034305.823168783] [superpoint_node]: Errore pubblicazione keypoints 3D: could not assign tuple of length 3 to structure with 4 fields.
[superpoint_node-2] [INFO] [1768034305.917099829] [superpoint_node]: Keypoints estratti: 800
[superpoint_node-2] [ERROR] [1768034305.923007432] [superpoint_node]: Errore pubblicazione keypoints 3D: could not assign tuple of length 3 to structure with 4 fields.
[superpoint_node-2] [INFO] [1768034306.020201096] [superpoint_node]: Keypoints estratti: 800
[superpoint_node-2] [ERROR] [1768034306.026242440] [superpoint_node]: Errore pubblicazione keypoints 3D: could not assign tuple of length 3 to structure with 4 fields.
[superpoint_node-2] [INFO] [1768034306.119313108] [superpoint_node]: Keypoints estratti: 800
[superpoint_node-2] [ERROR] [1768034306.124963764] [superpoint_node]: Errore pubblicazione keypoints 3D: could not assign tuple of length 3 to structure with 4 fields.
[superpoint_node-2] [INFO] [1768034306.221155661] [superpoint_node]: Keypoints estratti: 800
[superpoint_node-2] [ERROR] [1768034306.226973985] [superpoint_node]: Errore pubblicazione keypoints 3D: could not assign tuple of length 3 to structure with 4 fields.
[superpoint_node-2] [INFO] [1768034306.316782998] [superpoint_node]: Keypoints estratti: 800
[superpoint_node-2] [ERROR] [1768034306.322573118] [superpoint_node]: Errore pubblicazione keypoints 3D: could not assign tuple of length 3 to structure with 4 fields.
[rtabmap-14] [INFO] [1768034306.357316562] [rtabmap]: rtabmap (1542): Rate=0.50s, Limit=0.001s, Conversion=0.0003s, RTAB-Map=0.0395s, Maps update=0.0004s pub=0.0008s delay=0.0879s (local map=4, WM=5)
[superpoint_node-2] [INFO] [1768034306.421596649] [superpoint_node]: Keypoints estratti: 800
[superpoint_node-2] [ERROR] [1768034306.427548696] [superpoint_node]: Errore pubblicazione keypoints 3D: could not assign tuple of length 3 to structure with 4 fields.
[superpoint_node-2] [INFO] [1768034306.520125860] [superpoint_node]: Keypoints estratti: 800
[superpoint_node-2] [ERROR] [1768034306.525846017] [superpoint_node]: Errore pubblicazione keypoints 3D: could not assign tuple of length 3 to structure with 4 fields.
[superpoint_node-2] [INFO] [1768034306.619237725] [superpoint_node]: Keypoints estratti: 800
[superpoint_node-2] [ERROR] [1768034306.625234180] [superpoint_node]: Errore pubblicazione keypoints 3D: could not assign tuple of length 3 to structure with 4 fields.
[superpoint_node-2] [INFO] [1768034306.737014109] [superpoint_node]: Keypoints estratti: 800
[superpoint_node-2] [ERROR] [1768034306.742901507] [superpoint_node]: Errore pubblicazione keypoints 3D: could not assign tuple of length 3 to structure with 4 fields.
[superpoint_node-2] [INFO] [1768034306.834066253] [superpoint_node]: Keypoints estratti: 800
[superpoint_node-2] [ERROR] [1768034306.840277543] [superpoint_node]: Errore pubblicazione keypoints 3D: could not assign tuple of length 3 to structure with 4 fields.
[rtabmap-14] [INFO] [1768034306.924430918] [rtabmap]: rtabmap (1543): Rate=0.50s, Limit=0.001s, Conversion=0.0010s, RTAB-Map=0.0666s, Maps update=0.0043s pub=0.0030s delay=0.1390s (local map=4, WM=5)
[superpoint_node-2] [INFO] [1768034306.978193736] [superpoint_node]: Keypoints estratti: 800
[superpoint_node-2] [ERROR] [1768034306.984062449] [superpoint_node]: Errore pubblicazione keypoints 3D: could not assign tuple of length 3 to structure with 4 fields.
[superpoint_node-2] [INFO] [1768034307.078192515] [superpoint_node]: Keypoints estratti: 800
[superpoint_node-2] [ERROR] [1768034307.084951198] [superpoint_node]: Errore pubblicazione keypoints 3D: could not assign tuple of length 3 to structure with 4 fields.
[superpoint_node-2] [INFO] [1768034307.180137124] [superpoint_node]: Keypoints estratti: 800
[superpoint_node-2] [ERROR] [1768034307.186050838] [superpoint_node]: Errore pubblicazione keypoints 3D: could not assign tuple of length 3 to structure with 4 fields.
[superpoint_node-2] [INFO] [1768034307.278972875] [superpoint_node]: Keypoints estratti: 800
[superpoint_node-2] [ERROR] [1768034307.284717699] [superpoint_node]: Errore pubblicazione keypoints 3D: could not assign tuple of length 3 to structure with 4 fields.
[superpoint_node-2] [INFO] [1768034307.378125407] [superpoint_node]: Keypoints estratti: 800
[superpoint_node-2] [ERROR] [1768034307.384204807] [superpoint_node]: Errore pubblicazione keypoints 3D: could not assign tuple of length 3 to structure with 4 fields.
[rtabmap-14] [INFO] [1768034307.460649861] [rtabmap]: rtabmap (1544): Rate=0.50s, Limit=0.001s, Conversion=0.0002s, RTAB-Map=0.0751s, Maps update=0.0026s pub=0.0022s delay=0.1328s (local map=4, WM=5)
[superpoint_node-2] [INFO] [1768034307.481313970] [superpoint_node]: Keypoints estratti: 800
[superpoint_node-2] [ERROR] [1768034307.486942775] [superpoint_node]: Errore pubblicazione keypoints 3D: could not assign tuple of length 3 to structure with 4 fields.
[superpoint_node-2] [INFO] [1768034307.579914720] [superpoint_node]: Keypoints estratti: 800
[superpoint_node-2] [ERROR] [1768034307.585483171] [superpoint_node]: Errore pubblicazione keypoints 3D: could not assign tuple of length 3 to structure with 4 fields.
[superpoint_node-2] [INFO] [1768034307.679176659] [superpoint_node]: Keypoints estratti: 800
[superpoint_node-2] [ERROR] [1768034307.685196948] [superpoint_node]: Errore pubblicazione keypoints 3D: could not assign tuple of length 3 to structure with 4 fields.
[superpoint_node-2] [INFO] [1768034307.776140507] [superpoint_node]: Keypoints estratti: 800
[superpoint_node-2] [ERROR] [1768034307.782012813] [superpoint_node]: Errore pubblicazione keypoints 3D: could not assign tuple of length 3 to structure with 4 fields.
[superpoint_node-2] [INFO] [1768034307.877689650] [superpoint_node]: Keypoints estratti: 800
[superpoint_node-2] [ERROR] [1768034307.883883292] [superpoint_node]: Errore pubblicazione keypoints 3D: could not assign tuple of length 3 to structure with 4 fields.
[superpoint_node-2] [INFO] [1768034307.971578362] [superpoint_node]: Keypoints estratti: 800
[superpoint_node-2] [ERROR] [1768034307.977673670] [superpoint_node]: Errore pubblicazione keypoints 3D: could not assign tuple of length 3 to structure with 4 fields.
[rtabmap-14] [INFO] [1768034308.050987940] [rtabmap]: rtabmap (1545): Rate=0.50s, Limit=0.001s, Conversion=0.0002s, RTAB-Map=0.0705s, Maps update=0.0029s pub=0.0016s delay=0.1260s (local map=4, WM=5)
[superpoint_node-2] [INFO] [1768034308.075609673] [superpoint_node]: Keypoints estratti: 800
[superpoint_node-2] [ERROR] [1768034308.081365663] [superpoint_node]: Errore pubblicazione keypoints 3D: could not assign tuple of length 3 to structure with 4 fields.
[superpoint_node-2] [INFO] [1768034308.168890658] [superpoint_node]: Keypoints estratti: 800
[superpoint_node-2] [ERROR] [1768034308.176655034] [superpoint_node]: Errore pubblicazione keypoints 3D: could not assign tuple of length 3 to structure with 4 fields.
[superpoint_node-2] [INFO] [1768034308.271108528] [superpoint_node]: Keypoints estratti: 800
[superpoint_node-2] [ERROR] [1768034308.278076195] [superpoint_node]: Errore pubblicazione keypoints 3D: could not assign tuple of length 3 to structure with 4 fields.
[superpoint_node-2] [INFO] [1768034308.367594131] [superpoint_node]: Keypoints estratti: 800
[superpoint_node-2] [ERROR] [1768034308.373565753] [superpoint_node]: Errore pubblicazione keypoints 3D: could not assign tuple of length 3 to structure with 4 fields.
[superpoint_node-2] [INFO] [1768034308.465644487] [superpoint_node]: Keypoints estratti: 800
[superpoint_node-2] [ERROR] [1768034308.472802637] [superpoint_node]: Errore pubblicazione keypoints 3D: could not assign tuple of length 3 to structure with 4 fields.
[superpoint_node-2] [INFO] [1768034308.567176890] [superpoint_node]: Keypoints estratti: 800
[superpoint_node-2] [ERROR] [1768034308.573696942] [superpoint_node]: Errore pubblicazione keypoints 3D: could not assign tuple of length 3 to structure with 4 fields.
[rtabmap-14] [INFO] [1768034308.616736118] [rtabmap]: rtabmap (1546): Rate=0.50s, Limit=0.001s, Conversion=0.0003s, RTAB-Map=0.0391s, Maps update=0.0010s pub=0.0011s delay=0.0966s (local map=4, WM=5)
[superpoint_node-2] [INFO] [1768034308.681205855] [superpoint_node]: Keypoints estratti: 800
[superpoint_node-2] [ERROR] [1768034308.687391830] [superpoint_node]: Errore pubblicazione keypoints 3D: could not assign tuple of length 3 to structure with 4 fields.
[superpoint_node-2] [INFO] [1768034308.778409704] [superpoint_node]: Keypoints estratti: 800
[superpoint_node-2] [ERROR] [1768034308.784580327] [superpoint_node]: Errore pubblicazione keypoints 3D: could not assign tuple of length 3 to structure with 4 fields.
[superpoint_node-2] [INFO] [1768034308.875937111] [superpoint_node]: Keypoints estratti: 800
[superpoint_node-2] [ERROR] [1768034308.882335570] [superpoint_node]: Errore pubblicazione keypoints 3D: could not assign tuple of length 3 to structure with 4 fields.
[superpoint_node-2] [INFO] [1768034308.977652552] [superpoint_node]: Keypoints estratti: 800
[superpoint_node-2] [ERROR] [1768034308.983474321] [superpoint_node]: Errore pubblicazione keypoints 3D: could not assign tuple of length 3 to structure with 4 fields.
[superpoint_node-2] [INFO] [1768034309.074886939] [superpoint_node]: Keypoints estratti: 800
[superpoint_node-2] [ERROR] [1768034309.080751689] [superpoint_node]: Errore pubblicazione keypoints 3D: could not assign tuple of length 3 to structure with 4 fields.
[rtabmap-14] [INFO] [1768034309.148640527] [rtabmap]: rtabmap (1547): Rate=0.50s, Limit=0.001s, Conversion=0.0002s, RTAB-Map=0.0667s, Maps update=0.0009s pub=0.0015s delay=0.1227s (local map=4, WM=5)
[superpoint_node-2] [INFO] [1768034309.179134974] [superpoint_node]: Keypoints estratti: 800
[superpoint_node-2] [ERROR] [1768034309.186911758] [superpoint_node]: Errore pubblicazione keypoints 3D: could not assign tuple of length 3 to structure with 4 fields.
[superpoint_node-2] [INFO] [1768034309.277459221] [superpoint_node]: Keypoints estratti: 800
[superpoint_node-2] [ERROR] [1768034309.283044099] [superpoint_node]: Errore pubblicazione keypoints 3D: could not assign tuple of length 3 to structure with 4 fields.
[superpoint_node-2] [INFO] [1768034309.377459518] [superpoint_node]: Keypoints estratti: 800
[superpoint_node-2] [ERROR] [1768034309.383060637] [superpoint_node]: Errore pubblicazione keypoints 3D: could not assign tuple of length 3 to structure with 4 fields.
[superpoint_node-2] [INFO] [1768034309.470914005] [superpoint_node]: Keypoints estratti: 800
[superpoint_node-2] [ERROR] [1768034309.477024776] [superpoint_node]: Errore pubblicazione keypoints 3D: could not assign tuple of length 3 to structure with 4 fields.
[superpoint_node-2] [INFO] [1768034309.570442428] [superpoint_node]: Keypoints estratti: 800
[superpoint_node-2] [ERROR] [1768034309.576987721] [superpoint_node]: Errore pubblicazione keypoints 3D: could not assign tuple of length 3 to structure with 4 fields.
[superpoint_node-2] [INFO] [1768034309.669670330] [superpoint_node]: Keypoints estratti: 800
[superpoint_node-2] [ERROR] [1768034309.676428532] [superpoint_node]: Errore pubblicazione keypoints 3D: could not assign tuple of length 3 to structure with 4 fields.
[rtabmap-14] [INFO] [1768034309.713352105] [rtabmap]: rtabmap (1548): Rate=0.50s, Limit=0.001s, Conversion=0.0020s, RTAB-Map=0.0597s, Maps update=0.0003s pub=0.0008s delay=0.0951s (local map=4, WM=5)
[superpoint_node-2] [INFO] [1768034309.774892281] [superpoint_node]: Keypoints estratti: 800
[superpoint_node-2] [ERROR] [1768034309.780953662] [superpoint_node]: Errore pubblicazione keypoints 3D: could not assign tuple of length 3 to structure with 4 fields.
[superpoint_node-2] [INFO] [1768034309.870808027] [superpoint_node]: Keypoints estratti: 800
[superpoint_node-2] [ERROR] [1768034309.877362765] [superpoint_node]: Errore pubblicazione keypoints 3D: could not assign tuple of length 3 to structure with 4 fields.
[superpoint_node-2] [INFO] [1768034309.967372057] [superpoint_node]: Keypoints estratti: 800
[superpoint_node-2] [ERROR] [1768034309.973534217] [superpoint_node]: Errore pubblicazione keypoints 3D: could not assign tuple of length 3 to structure with 4 fields.
[superpoint_node-2] [INFO] [1768034310.063897400] [superpoint_node]: Keypoints estratti: 800
[superpoint_node-2] [ERROR] [1768034310.069711613] [superpoint_node]: Errore pubblicazione keypoints 3D: could not assign tuple of length 3 to structure with 4 fields.
[superpoint_node-2] [INFO] [1768034310.162505242] [superpoint_node]: Keypoints estratti: 800
[superpoint_node-2] [ERROR] [1768034310.168072065] [superpoint_node]: Errore pubblicazione keypoints 3D: could not assign tuple of length 3 to structure with 4 fields.
[superpoint_node-2] [INFO] [1768034310.260654803] [superpoint_node]: Keypoints estratti: 800
[superpoint_node-2] [ERROR] [1768034310.266665592] [superpoint_node]: Errore pubblicazione keypoints 3D: could not assign tuple of length 3 to structure with 4 fields.
[rtabmap-14] [INFO] [1768034310.331514201] [rtabmap]: rtabmap (1549): Rate=0.50s, Limit=0.001s, Conversion=0.0005s, RTAB-Map=0.0726s, Maps update=0.0059s pub=0.0010s delay=0.1226s (local map=4, WM=5)
[superpoint_node-2] [INFO] [1768034310.365069673] [superpoint_node]: Keypoints estratti: 800
[superpoint_node-2] [ERROR] [1768034310.371500872] [superpoint_node]: Errore pubblicazione keypoints 3D: could not assign tuple of length 3 to structure with 4 fields.
[superpoint_node-2] [INFO] [1768034310.464355576] [superpoint_node]: Keypoints estratti: 800
[superpoint_node-2] [ERROR] [1768034310.471141482] [superpoint_node]: Errore pubblicazione keypoints 3D: could not assign tuple of length 3 to structure with 4 fields.
[superpoint_node-2] [INFO] [1768034310.566218647] [superpoint_node]: Keypoints estratti: 800
[superpoint_node-2] [ERROR] [1768034310.573308722] [superpoint_node]: Errore pubblicazione keypoints 3D: could not assign tuple of length 3 to structure with 4 fields.
[superpoint_node-2] [INFO] [1768034310.664740470] [superpoint_node]: Keypoints estratti: 800
[superpoint_node-2] [ERROR] [1768034310.670432479] [superpoint_node]: Errore pubblicazione keypoints 3D: could not assign tuple of length 3 to structure with 4 fields.
[superpoint_node-2] [INFO] [1768034310.761357222] [superpoint_node]: Keypoints estratti: 800
[superpoint_node-2] [ERROR] [1768034310.767812292] [superpoint_node]: Errore pubblicazione keypoints 3D: could not assign tuple of length 3 to structure with 4 fields.
[rtabmap-14] [INFO] [1768034310.792131653] [rtabmap]: rtabmap (1550): Rate=0.50s, Limit=0.001s, Conversion=0.0002s, RTAB-Map=0.0401s, Maps update=0.0004s pub=0.0030s delay=0.0808s (local map=4, WM=5)
[superpoint_node-2] [INFO] [1768034310.862407510] [superpoint_node]: Keypoints estratti: 800
[superpoint_node-2] [ERROR] [1768034310.869054877] [superpoint_node]: Errore pubblicazione keypoints 3D: could not assign tuple of length 3 to structure with 4 fields.
[superpoint_node-2] [INFO] [1768034310.961265483] [superpoint_node]: Keypoints estratti: 800
[superpoint_node-2] [ERROR] [1768034310.967746572] [superpoint_node]: Errore pubblicazione keypoints 3D: could not assign tuple of length 3 to structure with 4 fields.
[superpoint_node-2] [INFO] [1768034311.059294506] [superpoint_node]: Keypoints estratti: 800
[superpoint_node-2] [ERROR] [1768034311.065031848] [superpoint_node]: Errore pubblicazione keypoints 3D: could not assign tuple of length 3 to structure with 4 fields.
[superpoint_node-2] [INFO] [1768034311.157168120] [superpoint_node]: Keypoints estratti: 800
[superpoint_node-2] [ERROR] [1768034311.162995092] [superpoint_node]: Errore pubblicazione keypoints 3D: could not assign tuple of length 3 to structure with 4 fields.
[superpoint_node-2] [INFO] [1768034311.254802584] [superpoint_node]: Keypoints estratti: 800
[superpoint_node-2] [ERROR] [1768034311.260525944] [superpoint_node]: Errore pubblicazione keypoints 3D: could not assign tuple of length 3 to structure with 4 fields.
[superpoint_node-2] [INFO] [1768034311.353347721] [superpoint_node]: Keypoints estratti: 800
[rtabmap-14] [INFO] [1768034311.357308549] [rtabmap]: rtabmap (1551): Rate=0.50s, Limit=0.001s, Conversion=0.0002s, RTAB-Map=0.0392s, Maps update=0.0004s pub=0.0027s delay=0.0554s (local map=4, WM=5)
[superpoint_node-2] [ERROR] [1768034311.361840104] [superpoint_node]: Errore pubblicazione keypoints 3D: could not assign tuple of length 3 to structure with 4 fields.
[superpoint_node-2] [INFO] [1768034311.453316704] [superpoint_node]: Keypoints estratti: 800
[superpoint_node-2] [ERROR] [1768034311.458829526] [superpoint_node]: Errore pubblicazione keypoints 3D: could not assign tuple of length 3 to structure with 4 fields.
[superpoint_node-2] [INFO] [1768034311.549804251] [superpoint_node]: Keypoints estratti: 800
[superpoint_node-2] [ERROR] [1768034311.555408722] [superpoint_node]: Errore pubblicazione keypoints 3D: could not assign tuple of length 3 to structure with 4 fields.
[superpoint_node-2] [INFO] [1768034311.646419874] [superpoint_node]: Keypoints estratti: 800
[superpoint_node-2] [ERROR] [1768034311.652411718] [superpoint_node]: Errore pubblicazione keypoints 3D: could not assign tuple of length 3 to structure with 4 fields.
[superpoint_node-2] [INFO] [1768034311.741912098] [superpoint_node]: Keypoints estratti: 800
[superpoint_node-2] [ERROR] [1768034311.748758171] [superpoint_node]: Errore pubblicazione keypoints 3D: could not assign tuple of length 3 to structure with 4 fields.
[superpoint_node-2] [INFO] [1768034311.841735802] [superpoint_node]: Keypoints estratti: 800
[superpoint_node-2] [ERROR] [1768034311.848039611] [superpoint_node]: Errore pubblicazione keypoints 3D: could not assign tuple of length 3 to structure with 4 fields.
[superpoint_node-2] [INFO] [1768034311.937882531] [superpoint_node]: Keypoints estratti: 800
[superpoint_node-2] [ERROR] [1768034311.944338713] [superpoint_node]: Errore pubblicazione keypoints 3D: could not assign tuple of length 3 to structure with 4 fields.
[rtabmap-14] [INFO] [1768034311.986501419] [rtabmap]: rtabmap (1552): Rate=0.50s, Limit=0.001s, Conversion=0.0005s, RTAB-Map=0.0694s, Maps update=0.0035s pub=0.0011s delay=0.0990s (local map=4, WM=5)
[superpoint_node-2] [INFO] [1768034312.043100630] [superpoint_node]: Keypoints estratti: 800
[superpoint_node-2] [ERROR] [1768034312.049183012] [superpoint_node]: Errore pubblicazione keypoints 3D: could not assign tuple of length 3 to structure with 4 fields.
[superpoint_node-2] [INFO] [1768034312.134293394] [superpoint_node]: Keypoints estratti: 800
[superpoint_node-2] [ERROR] [1768034312.139954902] [superpoint_node]: Errore pubblicazione keypoints 3D: could not assign tuple of length 3 to structure with 4 fields.
[superpoint_node-2] [INFO] [1768034312.226529037] [superpoint_node]: Keypoints estratti: 800
[superpoint_node-2] [ERROR] [1768034312.232019877] [superpoint_node]: Errore pubblicazione keypoints 3D: could not assign tuple of length 3 to structure with 4 fields.
[superpoint_node-2] [INFO] [1768034312.418194714] [superpoint_node]: Keypoints estratti: 800
[superpoint_node-2] [ERROR] [1768034312.423875111] [superpoint_node]: Errore pubblicazione keypoints 3D: could not assign tuple of length 3 to structure with 4 fields.
[superpoint_node-2] [INFO] [1768034312.517159689] [superpoint_node]: Keypoints estratti: 800
[superpoint_node-2] [ERROR] [1768034312.522804456] [superpoint_node]: Errore pubblicazione keypoints 3D: could not assign tuple of length 3 to structure with 4 fields.
[rtabmap-14] [INFO] [1768034312.591454855] [rtabmap]: rtabmap (1553): Rate=0.50s, Limit=0.001s, Conversion=0.0002s, RTAB-Map=0.0703s, Maps update=0.0013s pub=0.0015s delay=0.1220s (local map=4, WM=5)
[superpoint_node-2] [INFO] [1768034312.618221532] [superpoint_node]: Keypoints estratti: 800
[superpoint_node-2] [ERROR] [1768034312.623850447] [superpoint_node]: Errore pubblicazione keypoints 3D: could not assign tuple of length 3 to structure with 4 fields.
[superpoint_node-2] [INFO] [1768034312.716911226] [superpoint_node]: Keypoints estratti: 800
[superpoint_node-2] [ERROR] [1768034312.722427807] [superpoint_node]: Errore pubblicazione keypoints 3D: could not assign tuple of length 3 to structure with 4 fields.
[superpoint_node-2] [INFO] [1768034312.820023678] [superpoint_node]: Keypoints estratti: 800
[superpoint_node-2] [ERROR] [1768034312.825566185] [superpoint_node]: Errore pubblicazione keypoints 3D: could not assign tuple of length 3 to structure with 4 fields.
[superpoint_node-2] [INFO] [1768034312.915311345] [superpoint_node]: Keypoints estratti: 800
[superpoint_node-2] [ERROR] [1768034312.920991076] [superpoint_node]: Errore pubblicazione keypoints 3D: could not assign tuple of length 3 to structure with 4 fields.
[superpoint_node-2] [INFO] [1768034313.020203997] [superpoint_node]: Keypoints estratti: 800
[superpoint_node-2] [ERROR] [1768034313.027916410] [superpoint_node]: Errore pubblicazione keypoints 3D: could not assign tuple of length 3 to structure with 4 fields.
[rtabmap-14] [INFO] [1768034313.094058160] [rtabmap]: rtabmap (1554): Rate=0.50s, Limit=0.001s, Conversion=0.0013s, RTAB-Map=0.0806s, Maps update=0.0005s pub=0.0009s delay=0.1245s (local map=4, WM=5)
[superpoint_node-2] [INFO] [1768034313.124929277] [superpoint_node]: Keypoints estratti: 800
[superpoint_node-2] [ERROR] [1768034313.130283782] [superpoint_node]: Errore pubblicazione keypoints 3D: could not assign tuple of length 3 to structure with 4 fields.
[superpoint_node-2] [INFO] [1768034313.317940001] [superpoint_node]: Keypoints estratti: 800
[superpoint_node-2] [ERROR] [1768034313.323649973] [superpoint_node]: Errore pubblicazione keypoints 3D: could not assign tuple of length 3 to structure with 4 fields.
[superpoint_node-2] [INFO] [1768034313.419646534] [superpoint_node]: Keypoints estratti: 800
[superpoint_node-2] [ERROR] [1768034313.425099448] [superpoint_node]: Errore pubblicazione keypoints 3D: could not assign tuple of length 3 to structure with 4 fields.
[superpoint_node-2] [INFO] [1768034313.519209903] [superpoint_node]: Keypoints estratti: 800
[superpoint_node-2] [ERROR] [1768034313.525077412] [superpoint_node]: Errore pubblicazione keypoints 3D: could not assign tuple of length 3 to structure with 4 fields.
[superpoint_node-2] [INFO] [1768034313.617212129] [superpoint_node]: Keypoints estratti: 800
[superpoint_node-2] [ERROR] [1768034313.623037008] [superpoint_node]: Errore pubblicazione keypoints 3D: could not assign tuple of length 3 to structure with 4 fields.
[rtabmap-14] [INFO] [1768034313.693411977] [rtabmap]: rtabmap (1555): Rate=0.50s, Limit=0.001s, Conversion=0.0002s, RTAB-Map=0.0802s, Maps update=0.0005s pub=0.0010s delay=0.1241s (local map=4, WM=5)
[superpoint_node-2] [INFO] [1768034313.722515357] [superpoint_node]: Keypoints estratti: 800
[superpoint_node-2] [ERROR] [1768034313.728025901] [superpoint_node]: Errore pubblicazione keypoints 3D: could not assign tuple of length 3 to structure with 4 fields.
[superpoint_node-2] [INFO] [1768034313.819171684] [superpoint_node]: Keypoints estratti: 800
[superpoint_node-2] [ERROR] [1768034313.824826933] [superpoint_node]: Errore pubblicazione keypoints 3D: could not assign tuple of length 3 to structure with 4 fields.
[superpoint_node-2] [INFO] [1768034313.917826989] [superpoint_node]: Keypoints estratti: 800
[superpoint_node-2] [ERROR] [1768034313.923335033] [superpoint_node]: Errore pubblicazione keypoints 3D: could not assign tuple of length 3 to structure with 4 fields.
[superpoint_node-2] [INFO] [1768034314.018582015] [superpoint_node]: Keypoints estratti: 800
[superpoint_node-2] [ERROR] [1768034314.024222819] [superpoint_node]: Errore pubblicazione keypoints 3D: could not assign tuple of length 3 to structure with 4 fields.
[superpoint_node-2] [INFO] [1768034314.117340080] [superpoint_node]: Keypoints estratti: 800
[superpoint_node-2] [ERROR] [1768034314.123049033] [superpoint_node]: Errore pubblicazione keypoints 3D: could not assign tuple of length 3 to structure with 4 fields.
[rtabmap-14] [INFO] [1768034314.175552193] [rtabmap]: rtabmap (1556): Rate=0.50s, Limit=0.001s, Conversion=0.0004s, RTAB-Map=0.0567s, Maps update=0.0032s pub=0.0050s delay=0.1061s (local map=4, WM=5)
[superpoint_node-2] [INFO] [1768034314.223302759] [superpoint_node]: Keypoints estratti: 800
[superpoint_node-2] [ERROR] [1768034314.229137194] [superpoint_node]: Errore pubblicazione keypoints 3D: could not assign tuple of length 3 to structure with 4 fields.
[superpoint_node-2] [INFO] [1768034314.318683464] [superpoint_node]: Keypoints estratti: 800
[superpoint_node-2] [ERROR] [1768034314.324652901] [superpoint_node]: Errore pubblicazione keypoints 3D: could not assign tuple of length 3 to structure with 4 fields.
[superpoint_node-2] [INFO] [1768034314.417876829] [superpoint_node]: Keypoints estratti: 800
[superpoint_node-2] [ERROR] [1768034314.423479652] [superpoint_node]: Errore pubblicazione keypoints 3D: could not assign tuple of length 3 to structure with 4 fields.
[superpoint_node-2] [INFO] [1768034314.517815589] [superpoint_node]: Keypoints estratti: 800
[superpoint_node-2] [ERROR] [1768034314.523391689] [superpoint_node]: Errore pubblicazione keypoints 3D: could not assign tuple of length 3 to structure with 4 fields.
[superpoint_node-2] [INFO] [1768034314.644508452] [superpoint_node]: Keypoints estratti: 800
[superpoint_node-2] [ERROR] [1768034314.650737168] [superpoint_node]: Errore pubblicazione keypoints 3D: could not assign tuple of length 3 to structure with 4 fields.
[rtabmap-14] [INFO] [1768034314.720288019] [rtabmap]: rtabmap (1557): Rate=0.50s, Limit=0.001s, Conversion=0.0002s, RTAB-Map=0.0714s, Maps update=0.0004s pub=0.0010s delay=0.1211s (local map=4, WM=5)
[superpoint_node-2] [INFO] [1768034314.744008875] [superpoint_node]: Keypoints estratti: 800
[superpoint_node-2] [ERROR] [1768034314.750120053] [superpoint_node]: Errore pubblicazione keypoints 3D: could not assign tuple of length 3 to structure with 4 fields.
[superpoint_node-2] [INFO] [1768034314.836477946] [superpoint_node]: Keypoints estratti: 800
[superpoint_node-2] [ERROR] [1768034314.843860542] [superpoint_node]: Errore pubblicazione keypoints 3D: could not assign tuple of length 3 to structure with 4 fields.
[superpoint_node-2] [INFO] [1768034314.933043549] [superpoint_node]: Keypoints estratti: 800
[superpoint_node-2] [ERROR] [1768034314.938597371] [superpoint_node]: Errore pubblicazione keypoints 3D: could not assign tuple of length 3 to structure with 4 fields.
[superpoint_node-2] [INFO] [1768034315.029660042] [superpoint_node]: Keypoints estratti: 800
[superpoint_node-2] [ERROR] [1768034315.035154160] [superpoint_node]: Errore pubblicazione keypoints 3D: could not assign tuple of length 3 to structure with 4 fields.
[superpoint_node-2] [INFO] [1768034315.125973125] [superpoint_node]: Keypoints estratti: 800
[superpoint_node-2] [ERROR] [1768034315.131397594] [superpoint_node]: Errore pubblicazione keypoints 3D: could not assign tuple of length 3 to structure with 4 fields.
[superpoint_node-2] [INFO] [1768034315.320075451] [superpoint_node]: Keypoints estratti: 800
[rtabmap-14] [INFO] [1768034315.322620786] [rtabmap]: rtabmap (1558): Rate=0.50s, Limit=0.001s, Conversion=0.0003s, RTAB-Map=0.0338s, Maps update=0.0009s pub=0.0010s delay=0.0529s (local map=4, WM=5)
[superpoint_node-2] [ERROR] [1768034315.328256461] [superpoint_node]: Errore pubblicazione keypoints 3D: could not assign tuple of length 3 to structure with 4 fields.
[superpoint_node-2] [INFO] [1768034315.419695727] [superpoint_node]: Keypoints estratti: 800
[superpoint_node-2] [ERROR] [1768034315.425453736] [superpoint_node]: Errore pubblicazione keypoints 3D: could not assign tuple of length 3 to structure with 4 fields.
[superpoint_node-2] [INFO] [1768034315.522380472] [superpoint_node]: Keypoints estratti: 800
[superpoint_node-2] [ERROR] [1768034315.528411724] [superpoint_node]: Errore pubblicazione keypoints 3D: could not assign tuple of length 3 to structure with 4 fields.
[superpoint_node-2] [INFO] [1768034315.617304507] [superpoint_node]: Keypoints estratti: 800
[superpoint_node-2] [ERROR] [1768034315.622634568] [superpoint_node]: Errore pubblicazione keypoints 3D: could not assign tuple of length 3 to structure with 4 fields.
[superpoint_node-2] [INFO] [1768034315.717837827] [superpoint_node]: Keypoints estratti: 800
[superpoint_node-2] [ERROR] [1768034315.723220555] [superpoint_node]: Errore pubblicazione keypoints 3D: could not assign tuple of length 3 to structure with 4 fields.
[superpoint_node-2] [INFO] [1768034315.827428442] [superpoint_node]: Keypoints estratti: 800
[superpoint_node-2] [ERROR] [1768034315.832994708] [superpoint_node]: Errore pubblicazione keypoints 3D: could not assign tuple of length 3 to structure with 4 fields.
[superpoint_node-2] [INFO] [1768034315.924048027] [superpoint_node]: Keypoints estratti: 800
[superpoint_node-2] [ERROR] [1768034315.930370744] [superpoint_node]: Errore pubblicazione keypoints 3D: could not assign tuple of length 3 to structure with 4 fields.
[rtabmap-14] [INFO] [1768034315.958061613] [rtabmap]: rtabmap (1559): Rate=0.50s, Limit=0.001s, Conversion=0.0002s, RTAB-Map=0.0374s, Maps update=0.0004s pub=0.0010s delay=0.0849s (local map=4, WM=5)
[superpoint_node-2] [INFO] [1768034316.020237887] [superpoint_node]: Keypoints estratti: 800
[superpoint_node-2] [ERROR] [1768034316.025982174] [superpoint_node]: Errore pubblicazione keypoints 3D: could not assign tuple of length 3 to structure with 4 fields.
[superpoint_node-2] [INFO] [1768034316.119293955] [superpoint_node]: Keypoints estratti: 800
[superpoint_node-2] [ERROR] [1768034316.124663609] [superpoint_node]: Errore pubblicazione keypoints 3D: could not assign tuple of length 3 to structure with 4 fields.
[superpoint_node-2] [INFO] [1768034316.215390999] [superpoint_node]: Keypoints estratti: 800
[superpoint_node-2] [ERROR] [1768034316.221098933] [superpoint_node]: Errore pubblicazione keypoints 3D: could not assign tuple of length 3 to structure with 4 fields.
[superpoint_node-2] [INFO] [1768034316.321291603] [superpoint_node]: Keypoints estratti: 800
[superpoint_node-2] [ERROR] [1768034316.326613442] [superpoint_node]: Errore pubblicazione keypoints 3D: could not assign tuple of length 3 to structure with 4 fields.
[superpoint_node-2] [INFO] [1768034316.417732094] [superpoint_node]: Keypoints estratti: 800
[superpoint_node-2] [ERROR] [1768034316.423251935] [superpoint_node]: Errore pubblicazione keypoints 3D: could not assign tuple of length 3 to structure with 4 fields.
[superpoint_node-2] [INFO] [1768034316.516427882] [superpoint_node]: Keypoints estratti: 800
[superpoint_node-2] [ERROR] [1768034316.522454244] [superpoint_node]: Errore pubblicazione keypoints 3D: could not assign tuple of length 3 to structure with 4 fields.
[rtabmap-14] [INFO] [1768034316.548198376] [rtabmap]: rtabmap (1560): Rate=0.50s, Limit=0.001s, Conversion=0.0002s, RTAB-Map=0.0371s, Maps update=0.0013s pub=0.0010s delay=0.0787s (local map=4, WM=5)
[superpoint_node-2] [INFO] [1768034316.617880839] [superpoint_node]: Keypoints estratti: 800
[superpoint_node-2] [ERROR] [1768034316.623799090] [superpoint_node]: Errore pubblicazione keypoints 3D: could not assign tuple of length 3 to structure with 4 fields.
[superpoint_node-2] [INFO] [1768034316.716405106] [superpoint_node]: Keypoints estratti: 800
[superpoint_node-2] [ERROR] [1768034316.721950039] [superpoint_node]: Errore pubblicazione keypoints 3D: could not assign tuple of length 3 to structure with 4 fields.
[superpoint_node-2] [INFO] [1768034316.815349099] [superpoint_node]: Keypoints estratti: 800
[superpoint_node-2] [ERROR] [1768034316.820867736] [superpoint_node]: Errore pubblicazione keypoints 3D: could not assign tuple of length 3 to structure with 4 fields.
[superpoint_node-2] [INFO] [1768034316.916929520] [superpoint_node]: Keypoints estratti: 800
[superpoint_node-2] [ERROR] [1768034316.923036347] [superpoint_node]: Errore pubblicazione keypoints 3D: could not assign tuple of length 3 to structure with 4 fields.
[superpoint_node-2] [INFO] [1768034317.016363406] [superpoint_node]: Keypoints estratti: 800
[superpoint_node-2] [ERROR] [1768034317.022016692] [superpoint_node]: Errore pubblicazione keypoints 3D: could not assign tuple of length 3 to structure with 4 fields.
[superpoint_node-2] [INFO] [1768034317.115743291] [superpoint_node]: Keypoints estratti: 800
[superpoint_node-2] [ERROR] [1768034317.121291391] [superpoint_node]: Errore pubblicazione keypoints 3D: could not assign tuple of length 3 to structure with 4 fields.
[rtabmap-14] [INFO] [1768034317.161041745] [rtabmap]: rtabmap (1561): Rate=0.50s, Limit=0.001s, Conversion=0.0002s, RTAB-Map=0.0417s, Maps update=0.0028s pub=0.0017s delay=0.0916s (local map=4, WM=5)
[superpoint_node-2] [INFO] [1768034317.215794756] [superpoint_node]: Keypoints estratti: 800
[superpoint_node-2] [ERROR] [1768034317.221596321] [superpoint_node]: Errore pubblicazione keypoints 3D: could not assign tuple of length 3 to structure with 4 fields.
[superpoint_node-2] [INFO] [1768034317.319994513] [superpoint_node]: Keypoints estratti: 800
[superpoint_node-2] [ERROR] [1768034317.325269685] [superpoint_node]: Errore pubblicazione keypoints 3D: could not assign tuple of length 3 to structure with 4 fields.
[superpoint_node-2] [INFO] [1768034317.416490357] [superpoint_node]: Keypoints estratti: 800
[superpoint_node-2] [ERROR] [1768034317.421826362] [superpoint_node]: Errore pubblicazione keypoints 3D: could not assign tuple of length 3 to structure with 4 fields.
[superpoint_node-2] [INFO] [1768034317.516461172] [superpoint_node]: Keypoints estratti: 800
[superpoint_node-2] [ERROR] [1768034317.521900660] [superpoint_node]: Errore pubblicazione keypoints 3D: could not assign tuple of length 3 to structure with 4 fields.
[superpoint_node-2] [INFO] [1768034317.617706980] [superpoint_node]: Keypoints estratti: 800
[superpoint_node-2] [ERROR] [1768034317.623498878] [superpoint_node]: Errore pubblicazione keypoints 3D: could not assign tuple of length 3 to structure with 4 fields.
[rtabmap-14] [INFO] [1768034317.692146537] [rtabmap]: rtabmap (1562): Rate=0.50s, Limit=0.001s, Conversion=0.0002s, RTAB-Map=0.0792s, Maps update=0.0004s pub=0.0012s delay=0.1226s (local map=4, WM=5)
[superpoint_node-2] [INFO] [1768034317.719549218] [superpoint_node]: Keypoints estratti: 800
[superpoint_node-2] [ERROR] [1768034317.725025966] [superpoint_node]: Errore pubblicazione keypoints 3D: could not assign tuple of length 3 to structure with 4 fields.
[superpoint_node-2] [INFO] [1768034317.816564807] [superpoint_node]: Keypoints estratti: 800
[superpoint_node-2] [ERROR] [1768034317.822021702] [superpoint_node]: Errore pubblicazione keypoints 3D: could not assign tuple of length 3 to structure with 4 fields.
[superpoint_node-2] [INFO] [1768034317.919727222] [superpoint_node]: Keypoints estratti: 800
[superpoint_node-2] [ERROR] [1768034317.925547972] [superpoint_node]: Errore pubblicazione keypoints 3D: could not assign tuple of length 3 to structure with 4 fields.
[superpoint_node-2] [INFO] [1768034318.059024370] [superpoint_node]: Keypoints estratti: 800
[superpoint_node-2] [ERROR] [1768034318.064848713] [superpoint_node]: Errore pubblicazione keypoints 3D: could not assign tuple of length 3 to structure with 4 fields.
[superpoint_node-2] [INFO] [1768034318.159285318] [superpoint_node]: Keypoints estratti: 800
[superpoint_node-2] [ERROR] [1768034318.165312273] [superpoint_node]: Errore pubblicazione keypoints 3D: could not assign tuple of length 3 to structure with 4 fields.
[rtabmap-14] [INFO] [1768034318.228975337] [rtabmap]: rtabmap (1563): Rate=0.50s, Limit=0.001s, Conversion=0.0002s, RTAB-Map=0.0761s, Maps update=0.0036s pub=0.0011s delay=0.1227s (local map=4, WM=5)
[superpoint_node-2] [INFO] [1768034318.260830035] [superpoint_node]: Keypoints estratti: 800
[superpoint_node-2] [ERROR] [1768034318.266392543] [superpoint_node]: Errore pubblicazione keypoints 3D: could not assign tuple of length 3 to structure with 4 fields.
[superpoint_node-2] [INFO] [1768034318.358386980] [superpoint_node]: Keypoints estratti: 800
[superpoint_node-2] [ERROR] [1768034318.364775624] [superpoint_node]: Errore pubblicazione keypoints 3D: could not assign tuple of length 3 to structure with 4 fields.
[superpoint_node-2] [INFO] [1768034318.458480612] [superpoint_node]: Keypoints estratti: 800
[superpoint_node-2] [ERROR] [1768034318.464286603] [superpoint_node]: Errore pubblicazione keypoints 3D: could not assign tuple of length 3 to structure with 4 fields.
[superpoint_node-2] [INFO] [1768034318.554166079] [superpoint_node]: Keypoints estratti: 800
[superpoint_node-2] [ERROR] [1768034318.560455814] [superpoint_node]: Errore pubblicazione keypoints 3D: could not assign tuple of length 3 to structure with 4 fields.
[superpoint_node-2] [INFO] [1768034318.651702190] [superpoint_node]: Keypoints estratti: 800
[superpoint_node-2] [ERROR] [1768034318.657774220] [superpoint_node]: Errore pubblicazione keypoints 3D: could not assign tuple of length 3 to structure with 4 fields.
[superpoint_node-2] [INFO] [1768034318.751151205] [superpoint_node]: Keypoints estratti: 800
[rtabmap-14] [INFO] [1768034318.758341059] [rtabmap]: rtabmap (1564): Rate=0.50s, Limit=0.001s, Conversion=0.0002s, RTAB-Map=0.0390s, Maps update=0.0012s pub=0.0011s delay=0.0597s (local map=4, WM=5)
[superpoint_node-2] [ERROR] [1768034318.759557439] [superpoint_node]: Errore pubblicazione keypoints 3D: could not assign tuple of length 3 to structure with 4 fields.
[superpoint_node-2] [INFO] [1768034318.852361439] [superpoint_node]: Keypoints estratti: 800
[superpoint_node-2] [ERROR] [1768034318.857976483] [superpoint_node]: Errore pubblicazione keypoints 3D: could not assign tuple of length 3 to structure with 4 fields.
[superpoint_node-2] [INFO] [1768034318.952025863] [superpoint_node]: Keypoints estratti: 800
[superpoint_node-2] [ERROR] [1768034318.959299421] [superpoint_node]: Errore pubblicazione keypoints 3D: could not assign tuple of length 3 to structure with 4 fields.
[superpoint_node-2] [INFO] [1768034319.049983681] [superpoint_node]: Keypoints estratti: 800
[superpoint_node-2] [ERROR] [1768034319.055719709] [superpoint_node]: Errore pubblicazione keypoints 3D: could not assign tuple of length 3 to structure with 4 fields.
[superpoint_node-2] [INFO] [1768034319.151469306] [superpoint_node]: Keypoints estratti: 800
[superpoint_node-2] [ERROR] [1768034319.156930775] [superpoint_node]: Errore pubblicazione keypoints 3D: could not assign tuple of length 3 to structure with 4 fields.
[superpoint_node-2] [INFO] [1768034319.245673964] [superpoint_node]: Keypoints estratti: 800
[superpoint_node-2] [ERROR] [1768034319.252309499] [superpoint_node]: Errore pubblicazione keypoints 3D: could not assign tuple of length 3 to structure with 4 fields.
[rtabmap-14] [INFO] [1768034319.320876175] [rtabmap]: rtabmap (1565): Rate=0.50s, Limit=0.001s, Conversion=0.0002s, RTAB-Map=0.0683s, Maps update=0.0020s pub=0.0011s delay=0.1221s (local map=4, WM=5)
[superpoint_node-2] [INFO] [1768034319.350535004] [superpoint_node]: Keypoints estratti: 800
[superpoint_node-2] [ERROR] [1768034319.356390107] [superpoint_node]: Errore pubblicazione keypoints 3D: could not assign tuple of length 3 to structure with 4 fields.
[superpoint_node-2] [INFO] [1768034319.454525278] [superpoint_node]: Keypoints estratti: 800
[superpoint_node-2] [ERROR] [1768034319.460742735] [superpoint_node]: Errore pubblicazione keypoints 3D: could not assign tuple of length 3 to structure with 4 fields.
[superpoint_node-2] [INFO] [1768034319.551878907] [superpoint_node]: Keypoints estratti: 800
[superpoint_node-2] [ERROR] [1768034319.557744342] [superpoint_node]: Errore pubblicazione keypoints 3D: could not assign tuple of length 3 to structure with 4 fields.
[superpoint_node-2] [INFO] [1768034319.651997261] [superpoint_node]: Keypoints estratti: 800
[superpoint_node-2] [ERROR] [1768034319.657671176] [superpoint_node]: Errore pubblicazione keypoints 3D: could not assign tuple of length 3 to structure with 4 fields.
[superpoint_node-2] [INFO] [1768034319.750534880] [superpoint_node]: Keypoints estratti: 800
[superpoint_node-2] [ERROR] [1768034319.756299019] [superpoint_node]: Errore pubblicazione keypoints 3D: could not assign tuple of length 3 to structure with 4 fields.
[rtabmap-14] [INFO] [1768034319.785381232] [rtabmap]: rtabmap (1566): Rate=0.50s, Limit=0.001s, Conversion=0.0003s, RTAB-Map=0.0409s, Maps update=0.0004s pub=0.0009s delay=0.0863s (local map=4, WM=5)
[superpoint_node-2] [INFO] [1768034319.851736372] [superpoint_node]: Keypoints estratti: 800
[superpoint_node-2] [ERROR] [1768034319.857480511] [superpoint_node]: Errore pubblicazione keypoints 3D: could not assign tuple of length 3 to structure with 4 fields.
[superpoint_node-2] [INFO] [1768034319.949071815] [superpoint_node]: Keypoints estratti: 800
[superpoint_node-2] [ERROR] [1768034319.954826972] [superpoint_node]: Errore pubblicazione keypoints 3D: could not assign tuple of length 3 to structure with 4 fields.
[superpoint_node-2] [INFO] [1768034320.044663078] [superpoint_node]: Keypoints estratti: 800
[superpoint_node-2] [ERROR] [1768034320.050893387] [superpoint_node]: Errore pubblicazione keypoints 3D: could not assign tuple of length 3 to structure with 4 fields.
[superpoint_node-2] [INFO] [1768034320.145225565] [superpoint_node]: Keypoints estratti: 800
[superpoint_node-2] [ERROR] [1768034320.151985138] [superpoint_node]: Errore pubblicazione keypoints 3D: could not assign tuple of length 3 to structure with 4 fields.
[superpoint_node-2] [INFO] [1768034320.241683464] [superpoint_node]: Keypoints estratti: 800
[superpoint_node-2] [ERROR] [1768034320.248008607] [superpoint_node]: Errore pubblicazione keypoints 3D: could not assign tuple of length 3 to structure with 4 fields.
[superpoint_node-2] [INFO] [1768034320.339117926] [superpoint_node]: Keypoints estratti: 800
[superpoint_node-2] [ERROR] [1768034320.345984037] [superpoint_node]: Errore pubblicazione keypoints 3D: could not assign tuple of length 3 to structure with 4 fields.
[rtabmap-14] [INFO] [1768034320.382072010] [rtabmap]: rtabmap (1567): Rate=0.50s, Limit=0.001s, Conversion=0.0002s, RTAB-Map=0.0679s, Maps update=0.0029s pub=0.0009s delay=0.0932s (local map=4, WM=5)
[superpoint_node-2] [INFO] [1768034320.444996919] [superpoint_node]: Keypoints estratti: 800
[superpoint_node-2] [ERROR] [1768034320.452159532] [superpoint_node]: Errore pubblicazione keypoints 3D: could not assign tuple of length 3 to structure with 4 fields.
[superpoint_node-2] [INFO] [1768034320.543916727] [superpoint_node]: Keypoints estratti: 800
[superpoint_node-2] [ERROR] [1768034320.551072117] [superpoint_node]: Errore pubblicazione keypoints 3D: could not assign tuple of length 3 to structure with 4 fields.
[superpoint_node-2] [INFO] [1768034320.648611173] [superpoint_node]: Keypoints estratti: 800
[superpoint_node-2] [ERROR] [1768034320.655187522] [superpoint_node]: Errore pubblicazione keypoints 3D: could not assign tuple of length 3 to structure with 4 fields.
[superpoint_node-2] [INFO] [1768034320.748041781] [superpoint_node]: Keypoints estratti: 800
[superpoint_node-2] [ERROR] [1768034320.754053477] [superpoint_node]: Errore pubblicazione keypoints 3D: could not assign tuple of length 3 to structure with 4 fields.
[superpoint_node-2] [INFO] [1768034320.851887627] [superpoint_node]: Keypoints estratti: 800
[superpoint_node-2] [ERROR] [1768034320.859456114] [superpoint_node]: Errore pubblicazione keypoints 3D: could not assign tuple of length 3 to structure with 4 fields.
[rtabmap-14] [INFO] [1768034320.887418355] [rtabmap]: rtabmap (1568): Rate=0.50s, Limit=0.001s, Conversion=0.0002s, RTAB-Map=0.0641s, Maps update=0.0026s pub=0.0009s delay=0.0918s (local map=4, WM=5)
[superpoint_node-2] [INFO] [1768034320.959236669] [superpoint_node]: Keypoints estratti: 800
[superpoint_node-2] [ERROR] [1768034320.965026400] [superpoint_node]: Errore pubblicazione keypoints 3D: could not assign tuple of length 3 to structure with 4 fields.
[superpoint_node-2] [INFO] [1768034321.058247810] [superpoint_node]: Keypoints estratti: 800
[superpoint_node-2] [ERROR] [1768034321.063831633] [superpoint_node]: Errore pubblicazione keypoints 3D: could not assign tuple of length 3 to structure with 4 fields.
[superpoint_node-2] [INFO] [1768034321.156927246] [superpoint_node]: Keypoints estratti: 800
[superpoint_node-2] [ERROR] [1768034321.163678429] [superpoint_node]: Errore pubblicazione keypoints 3D: could not assign tuple of length 3 to structure with 4 fields.
[superpoint_node-2] [INFO] [1768034321.293139906] [superpoint_node]: Keypoints estratti: 800
[superpoint_node-2] [ERROR] [1768034321.299471864] [superpoint_node]: Errore pubblicazione keypoints 3D: could not assign tuple of length 3 to structure with 4 fields.
[superpoint_node-2] [INFO] [1768034321.424163636] [superpoint_node]: Keypoints estratti: 800
[superpoint_node-2] [ERROR] [1768034321.431369120] [superpoint_node]: Errore pubblicazione keypoints 3D: could not assign tuple of length 3 to structure with 4 fields.
[rtabmap-14] [INFO] [1768034321.433795935] [rtabmap]: rtabmap (1569): Rate=0.50s, Limit=0.001s, Conversion=0.0002s, RTAB-Map=0.0600s, Maps update=0.0077s pub=0.0109s delay=0.0936s (local map=2, WM=4)
[superpoint_node-2] [INFO] [1768034321.526507175] [superpoint_node]: Keypoints estratti: 800
[superpoint_node-2] [ERROR] [1768034321.532614538] [superpoint_node]: Errore pubblicazione keypoints 3D: could not assign tuple of length 3 to structure with 4 fields.
[superpoint_node-2] [INFO] [1768034321.625308778] [superpoint_node]: Keypoints estratti: 800
[superpoint_node-2] [ERROR] [1768034321.631821848] [superpoint_node]: Errore pubblicazione keypoints 3D: could not assign tuple of length 3 to structure with 4 fields.
[superpoint_node-2] [INFO] [1768034321.744148429] [superpoint_node]: Keypoints estratti: 800
[superpoint_node-2] [ERROR] [1768034321.751422136] [superpoint_node]: Errore pubblicazione keypoints 3D: could not assign tuple of length 3 to structure with 4 fields.
[superpoint_node-2] [INFO] [1768034321.843955262] [superpoint_node]: Keypoints estratti: 800
[superpoint_node-2] [ERROR] [1768034321.850182090] [superpoint_node]: Errore pubblicazione keypoints 3D: could not assign tuple of length 3 to structure with 4 fields.
[superpoint_node-2] [INFO] [1768034321.944642936] [superpoint_node]: Keypoints estratti: 800
[superpoint_node-2] [ERROR] [1768034321.951436435] [superpoint_node]: Errore pubblicazione keypoints 3D: could not assign tuple of length 3 to structure with 4 fields.
[rtabmap-14] [INFO] [1768034321.961279717] [rtabmap]: rtabmap (1570): Rate=0.50s, Limit=0.001s, Conversion=0.0003s, RTAB-Map=0.0382s, Maps update=0.0029s pub=0.0007s delay=0.0682s (local map=4, WM=4)
[superpoint_node-2] [INFO] [1768034322.046877196] [superpoint_node]: Keypoints estratti: 800
[superpoint_node-2] [ERROR] [1768034322.053306025] [superpoint_node]: Errore pubblicazione keypoints 3D: could not assign tuple of length 3 to structure with 4 fields.
[superpoint_node-2] [INFO] [1768034322.148995510] [superpoint_node]: Keypoints estratti: 800
[superpoint_node-2] [ERROR] [1768034322.154701334] [superpoint_node]: Errore pubblicazione keypoints 3D: could not assign tuple of length 3 to structure with 4 fields.
[superpoint_node-2] [INFO] [1768034322.247061515] [superpoint_node]: Keypoints estratti: 800
[superpoint_node-2] [ERROR] [1768034322.253291176] [superpoint_node]: Errore pubblicazione keypoints 3D: could not assign tuple of length 3 to structure with 4 fields.
[superpoint_node-2] [INFO] [1768034322.343991566] [superpoint_node]: Keypoints estratti: 800
[superpoint_node-2] [ERROR] [1768034322.350636359] [superpoint_node]: Errore pubblicazione keypoints 3D: could not assign tuple of length 3 to structure with 4 fields.
[superpoint_node-2] [INFO] [1768034322.443477470] [superpoint_node]: Keypoints estratti: 800
[superpoint_node-2] [ERROR] [1768034322.450075930] [superpoint_node]: Errore pubblicazione keypoints 3D: could not assign tuple of length 3 to structure with 4 fields.
[superpoint_node-2] [INFO] [1768034322.542404945] [superpoint_node]: Keypoints estratti: 800
[superpoint_node-2] [ERROR] [1768034322.548515771] [superpoint_node]: Errore pubblicazione keypoints 3D: could not assign tuple of length 3 to structure with 4 fields.
[rtabmap-14] [INFO] [1768034322.623256108] [rtabmap]: rtabmap (1571): Rate=0.50s, Limit=0.001s, Conversion=0.0002s, RTAB-Map=0.0705s, Maps update=0.0004s pub=0.0013s delay=0.1294s (local map=2, WM=5)
[superpoint_node-2] [INFO] [1768034322.644634686] [superpoint_node]: Keypoints estratti: 800
[superpoint_node-2] [ERROR] [1768034322.650793809] [superpoint_node]: Errore pubblicazione keypoints 3D: could not assign tuple of length 3 to structure with 4 fields.
[superpoint_node-2] [INFO] [1768034322.744121350] [superpoint_node]: Keypoints estratti: 800
[superpoint_node-2] [ERROR] [1768034322.751039238] [superpoint_node]: Errore pubblicazione keypoints 3D: could not assign tuple of length 3 to structure with 4 fields.
[superpoint_node-2] [INFO] [1768034322.841193643] [superpoint_node]: Keypoints estratti: 800
[superpoint_node-2] [ERROR] [1768034322.848034438] [superpoint_node]: Errore pubblicazione keypoints 3D: could not assign tuple of length 3 to structure with 4 fields.
[superpoint_node-2] [INFO] [1768034322.945810162] [superpoint_node]: Keypoints estratti: 800
[superpoint_node-2] [ERROR] [1768034322.952152824] [superpoint_node]: Errore pubblicazione keypoints 3D: could not assign tuple of length 3 to structure with 4 fields.
[superpoint_node-2] [INFO] [1768034323.045281307] [superpoint_node]: Keypoints estratti: 800
[superpoint_node-2] [ERROR] [1768034323.052245381] [superpoint_node]: Errore pubblicazione keypoints 3D: could not assign tuple of length 3 to structure with 4 fields.
[rtabmap-14] [INFO] [1768034323.120600556] [rtabmap]: rtabmap (1572): Rate=0.50s, Limit=0.001s, Conversion=0.0002s, RTAB-Map=0.0673s, Maps update=0.0019s pub=0.0013s delay=0.1251s (local map=3, WM=4)
[superpoint_node-2] [INFO] [1768034323.148010053] [superpoint_node]: Keypoints estratti: 800
[superpoint_node-2] [ERROR] [1768034323.153806488] [superpoint_node]: Errore pubblicazione keypoints 3D: could not assign tuple of length 3 to structure with 4 fields.
[rtabmap-14] [33m[ WARN] (2026-01-10 09:38:41.353) CoreWrapper.cpp:1227::odomTFUpdate() Odometry is reset (identity pose detected). Increment map id![0m
[rtabmap-14] [33m[ WARN] (2026-01-10 09:38:41.355) Rtabmap.cpp:1441::process() Odometry is reset (identity pose detected). Increment map id to 20![0m
[rtabmap-14] [33m[ WARN] (2026-01-10 09:38:42.616) Memory.cpp:2105::forget() Less signatures transferred (1) than added (2)! The working memory cannot decrease in size.[0m
[superpoint_node-2] [INFO] [1768034323.244070078] [superpoint_node]: Keypoints estratti: 800
[superpoint_node-2] [ERROR] [1768034323.250795798] [superpoint_node]: Errore pubblicazione keypoints 3D: could not assign tuple of length 3 to structure with 4 fields.
[superpoint_node-2] [INFO] [1768034323.340551311] [superpoint_node]: Keypoints estratti: 800
[superpoint_node-2] [ERROR] [1768034323.346870806] [superpoint_node]: Errore pubblicazione keypoints 3D: could not assign tuple of length 3 to structure with 4 fields.
[superpoint_node-2] [INFO] [1768034323.435438993] [superpoint_node]: Keypoints estratti: 800
[superpoint_node-2] [ERROR] [1768034323.441516005] [superpoint_node]: Errore pubblicazione keypoints 3D: could not assign tuple of length 3 to structure with 4 fields.
[superpoint_node-2] [INFO] [1768034323.531012552] [superpoint_node]: Keypoints estratti: 800
[superpoint_node-2] [ERROR] [1768034323.536810117] [superpoint_node]: Errore pubblicazione keypoints 3D: could not assign tuple of length 3 to structure with 4 fields.
[superpoint_node-2] [INFO] [1768034323.629402411] [superpoint_node]: Keypoints estratti: 800
[superpoint_node-2] [ERROR] [1768034323.635289421] [superpoint_node]: Errore pubblicazione keypoints 3D: could not assign tuple of length 3 to structure with 4 fields.
[rtabmap-14] [INFO] [1768034323.673399206] [rtabmap]: rtabmap (1573): Rate=0.50s, Limit=0.001s, Conversion=0.0002s, RTAB-Map=0.0374s, Maps update=0.0149s pub=0.0098s delay=0.0949s (local map=5, WM=5)
[superpoint_node-2] [INFO] [1768034323.733412333] [superpoint_node]: Keypoints estratti: 800
[superpoint_node-2] [ERROR] [1768034323.739451455] [superpoint_node]: Errore pubblicazione keypoints 3D: could not assign tuple of length 3 to structure with 4 fields.
[superpoint_node-2] [INFO] [1768034323.829039392] [superpoint_node]: Keypoints estratti: 800
[superpoint_node-2] [ERROR] [1768034323.834785068] [superpoint_node]: Errore pubblicazione keypoints 3D: could not assign tuple of length 3 to structure with 4 fields.
[superpoint_node-2] [INFO] [1768034323.925815757] [superpoint_node]: Keypoints estratti: 800
[superpoint_node-2] [ERROR] [1768034323.931602358] [superpoint_node]: Errore pubblicazione keypoints 3D: could not assign tuple of length 3 to structure with 4 fields.
[superpoint_node-2] [INFO] [1768034324.024756064] [superpoint_node]: Keypoints estratti: 800
[superpoint_node-2] [ERROR] [1768034324.030297516] [superpoint_node]: Errore pubblicazione keypoints 3D: could not assign tuple of length 3 to structure with 4 fields.
[superpoint_node-2] [INFO] [1768034324.219978603] [superpoint_node]: Keypoints estratti: 800
[superpoint_node-2] [ERROR] [1768034324.226183393] [superpoint_node]: Errore pubblicazione keypoints 3D: could not assign tuple of length 3 to structure with 4 fields.
[rtabmap-14] [INFO] [1768034324.238808290] [rtabmap]: rtabmap (1574): Rate=0.50s, Limit=0.001s, Conversion=0.0003s, RTAB-Map=0.0361s, Maps update=0.0070s pub=0.0090s delay=0.0691s (local map=2, WM=5)
[superpoint_node-2] [INFO] [1768034324.318756761] [superpoint_node]: Keypoints estratti: 800
[superpoint_node-2] [ERROR] [1768034324.324535196] [superpoint_node]: Errore pubblicazione keypoints 3D: could not assign tuple of length 3 to structure with 4 fields.
[superpoint_node-2] [INFO] [1768034324.422283254] [superpoint_node]: Keypoints estratti: 800
[superpoint_node-2] [ERROR] [1768034324.427982336] [superpoint_node]: Errore pubblicazione keypoints 3D: could not assign tuple of length 3 to structure with 4 fields.
[superpoint_node-2] [INFO] [1768034324.519010840] [superpoint_node]: Keypoints estratti: 800
[superpoint_node-2] [ERROR] [1768034324.524809516] [superpoint_node]: Errore pubblicazione keypoints 3D: could not assign tuple of length 3 to structure with 4 fields.
[superpoint_node-2] [INFO] [1768034324.619798848] [superpoint_node]: Keypoints estratti: 800
[superpoint_node-2] [ERROR] [1768034324.625458837] [superpoint_node]: Errore pubblicazione keypoints 3D: could not assign tuple of length 3 to structure with 4 fields.
[superpoint_node-2] [INFO] [1768034324.720020036] [superpoint_node]: Keypoints estratti: 800
[superpoint_node-2] [ERROR] [1768034324.725976269] [superpoint_node]: Errore pubblicazione keypoints 3D: could not assign tuple of length 3 to structure with 4 fields.
[rtabmap-14] [INFO] [1768034324.797132984] [rtabmap]: rtabmap (1575): Rate=0.50s, Limit=0.001s, Conversion=0.0003s, RTAB-Map=0.0636s, Maps update=0.0121s pub=0.0085s delay=0.1268s (local map=3, WM=4)
[superpoint_node-2] [INFO] [1768034324.825516785] [superpoint_node]: Keypoints estratti: 800
[superpoint_node-2] [ERROR] [1768034324.831367461] [superpoint_node]: Errore pubblicazione keypoints 3D: could not assign tuple of length 3 to structure with 4 fields.
[superpoint_node-2] [INFO] [1768034324.926460683] [superpoint_node]: Keypoints estratti: 800
[superpoint_node-2] [ERROR] [1768034324.932136469] [superpoint_node]: Errore pubblicazione keypoints 3D: could not assign tuple of length 3 to structure with 4 fields.
[superpoint_node-2] [INFO] [1768034325.023239010] [superpoint_node]: Keypoints estratti: 800
[superpoint_node-2] [ERROR] [1768034325.028867333] [superpoint_node]: Errore pubblicazione keypoints 3D: could not assign tuple of length 3 to structure with 4 fields.
[superpoint_node-2] [INFO] [1768034325.220108451] [superpoint_node]: Keypoints estratti: 800
[superpoint_node-2] [ERROR] [1768034325.225784274] [superpoint_node]: Errore pubblicazione keypoints 3D: could not assign tuple of length 3 to structure with 4 fields.
[superpoint_node-2] [INFO] [1768034325.318293475] [superpoint_node]: Keypoints estratti: 800
[superpoint_node-2] [ERROR] [1768034325.324259689] [superpoint_node]: Errore pubblicazione keypoints 3D: could not assign tuple of length 3 to structure with 4 fields.
[rtabmap-14] [INFO] [1768034325.423589703] [rtabmap]: rtabmap (1576): Rate=0.50s, Limit=0.001s, Conversion=0.0005s, RTAB-Map=0.0707s, Maps update=0.0099s pub=0.0305s delay=0.1541s (local map=5, WM=5)
[superpoint_node-2] [INFO] [1768034325.464456659] [superpoint_node]: Keypoints estratti: 800
[superpoint_node-2] [ERROR] [1768034325.470314928] [superpoint_node]: Errore pubblicazione keypoints 3D: could not assign tuple of length 3 to structure with 4 fields.
[superpoint_node-2] [INFO] [1768034325.558668836] [superpoint_node]: Keypoints estratti: 800
[superpoint_node-2] [ERROR] [1768034325.564604384] [superpoint_node]: Errore pubblicazione keypoints 3D: could not assign tuple of length 3 to structure with 4 fields.
[superpoint_node-2] [INFO] [1768034325.657110196] [superpoint_node]: Keypoints estratti: 800
[superpoint_node-2] [ERROR] [1768034325.662907964] [superpoint_node]: Errore pubblicazione keypoints 3D: could not assign tuple of length 3 to structure with 4 fields.
[superpoint_node-2] [INFO] [1768034325.753059220] [superpoint_node]: Keypoints estratti: 800
[superpoint_node-2] [ERROR] [1768034325.758995749] [superpoint_node]: Errore pubblicazione keypoints 3D: could not assign tuple of length 3 to structure with 4 fields.
[superpoint_node-2] [INFO] [1768034325.853876210] [superpoint_node]: Keypoints estratti: 800
[superpoint_node-2] [ERROR] [1768034325.860058740] [superpoint_node]: Errore pubblicazione keypoints 3D: could not assign tuple of length 3 to structure with 4 fields.
[rtabmap-14] [INFO] [1768034325.861258213] [rtabmap]: rtabmap (1577): Rate=0.50s, Limit=0.001s, Conversion=0.0002s, RTAB-Map=0.0427s, Maps update=0.0025s pub=0.0008s delay=0.0600s (local map=2, WM=6)
[superpoint_node-2] [INFO] [1768034325.951175226] [superpoint_node]: Keypoints estratti: 800
[superpoint_node-2] [ERROR] [1768034325.956800290] [superpoint_node]: Errore pubblicazione keypoints 3D: could not assign tuple of length 3 to structure with 4 fields.
[superpoint_node-2] [INFO] [1768034326.051243413] [superpoint_node]: Keypoints estratti: 800
[superpoint_node-2] [ERROR] [1768034326.057109108] [superpoint_node]: Errore pubblicazione keypoints 3D: could not assign tuple of length 3 to structure with 4 fields.
[superpoint_node-2] [INFO] [1768034326.147640516] [superpoint_node]: Keypoints estratti: 800
[superpoint_node-2] [ERROR] [1768034326.153419266] [superpoint_node]: Errore pubblicazione keypoints 3D: could not assign tuple of length 3 to structure with 4 fields.
[superpoint_node-2] [INFO] [1768034326.245242628] [superpoint_node]: Keypoints estratti: 800
[superpoint_node-2] [ERROR] [1768034326.251395899] [superpoint_node]: Errore pubblicazione keypoints 3D: could not assign tuple of length 3 to structure with 4 fields.
[superpoint_node-2] [INFO] [1768034326.343991526] [superpoint_node]: Keypoints estratti: 800
[superpoint_node-2] [ERROR] [1768034326.350100316] [superpoint_node]: Errore pubblicazione keypoints 3D: could not assign tuple of length 3 to structure with 4 fields.
[superpoint_node-2] [INFO] [1768034326.444754997] [superpoint_node]: Keypoints estratti: 800
[superpoint_node-2] [ERROR] [1768034326.451117992] [superpoint_node]: Errore pubblicazione keypoints 3D: could not assign tuple of length 3 to structure with 4 fields.
[rtabmap-14] [INFO] [1768034326.487081094] [rtabmap]: rtabmap (1578): Rate=0.50s, Limit=0.001s, Conversion=0.0003s, RTAB-Map=0.0600s, Maps update=0.0060s pub=0.0022s delay=0.0954s (local map=3, WM=5)
[superpoint_node-2] [INFO] [1768034326.543169745] [superpoint_node]: Keypoints estratti: 800
[superpoint_node-2] [ERROR] [1768034326.549249108] [superpoint_node]: Errore pubblicazione keypoints 3D: could not assign tuple of length 3 to structure with 4 fields.
[superpoint_node-2] [INFO] [1768034326.640850320] [superpoint_node]: Keypoints estratti: 800
[superpoint_node-2] [ERROR] [1768034326.647260112] [superpoint_node]: Errore pubblicazione keypoints 3D: could not assign tuple of length 3 to structure with 4 fields.
[superpoint_node-2] [INFO] [1768034326.735297388] [superpoint_node]: Keypoints estratti: 800
[superpoint_node-2] [ERROR] [1768034326.741919237] [superpoint_node]: Errore pubblicazione keypoints 3D: could not assign tuple of length 3 to structure with 4 fields.
[superpoint_node-2] [INFO] [1768034326.833673840] [superpoint_node]: Keypoints estratti: 800
[superpoint_node-2] [ERROR] [1768034326.840631228] [superpoint_node]: Errore pubblicazione keypoints 3D: could not assign tuple of length 3 to structure with 4 fields.
[superpoint_node-2] [INFO] [1768034326.930053627] [superpoint_node]: Keypoints estratti: 800
[superpoint_node-2] [ERROR] [1768034326.935668561] [superpoint_node]: Errore pubblicazione keypoints 3D: could not assign tuple of length 3 to structure with 4 fields.
[superpoint_node-2] [INFO] [1768034327.028756136] [superpoint_node]: Keypoints estratti: 800
[superpoint_node-2] [ERROR] [1768034327.034796296] [superpoint_node]: Errore pubblicazione keypoints 3D: could not assign tuple of length 3 to structure with 4 fields.
[rtabmap-14] [INFO] [1768034327.065172575] [rtabmap]: rtabmap (1579): Rate=0.50s, Limit=0.001s, Conversion=0.0004s, RTAB-Map=0.0360s, Maps update=0.0039s pub=0.0146s delay=0.0867s (local map=5, WM=5)
[superpoint_node-2] [INFO] [1768034327.132765818] [superpoint_node]: Keypoints estratti: 800
[superpoint_node-2] [ERROR] [1768034327.138632902] [superpoint_node]: Errore pubblicazione keypoints 3D: could not assign tuple of length 3 to structure with 4 fields.
[superpoint_node-2] [INFO] [1768034327.232177944] [superpoint_node]: Keypoints estratti: 800
[superpoint_node-2] [ERROR] [1768034327.237795971] [superpoint_node]: Errore pubblicazione keypoints 3D: could not assign tuple of length 3 to structure with 4 fields.
[superpoint_node-2] [INFO] [1768034327.328952624] [superpoint_node]: Keypoints estratti: 800
[superpoint_node-2] [ERROR] [1768034327.334661151] [superpoint_node]: Errore pubblicazione keypoints 3D: could not assign tuple of length 3 to structure with 4 fields.
[superpoint_node-2] [INFO] [1768034327.427583966] [superpoint_node]: Keypoints estratti: 800
[superpoint_node-2] [ERROR] [1768034327.434947321] [superpoint_node]: Errore pubblicazione keypoints 3D: could not assign tuple of length 3 to structure with 4 fields.
[superpoint_node-2] [INFO] [1768034327.530699474] [superpoint_node]: Keypoints estratti: 800
[superpoint_node-2] [ERROR] [1768034327.536334778] [superpoint_node]: Errore pubblicazione keypoints 3D: could not assign tuple of length 3 to structure with 4 fields.
[superpoint_node-2] [INFO] [1768034327.626663739] [superpoint_node]: Keypoints estratti: 800
[superpoint_node-2] [ERROR] [1768034327.632521008] [superpoint_node]: Errore pubblicazione keypoints 3D: could not assign tuple of length 3 to structure with 4 fields.
[rtabmap-14] [INFO] [1768034327.697832066] [rtabmap]: rtabmap (1580): Rate=0.50s, Limit=0.001s, Conversion=0.0002s, RTAB-Map=0.0476s, Maps update=0.0025s pub=0.0015s delay=0.1184s (local map=2, WM=5)
[superpoint_node-2] [INFO] [1768034327.729013333] [superpoint_node]: Keypoints estratti: 800
[superpoint_node-2] [ERROR] [1768034327.734925880] [superpoint_node]: Errore pubblicazione keypoints 3D: could not assign tuple of length 3 to structure with 4 fields.
[superpoint_node-2] [INFO] [1768034327.825906828] [superpoint_node]: Keypoints estratti: 800
[superpoint_node-2] [ERROR] [1768034327.831576614] [superpoint_node]: Errore pubblicazione keypoints 3D: could not assign tuple of length 3 to structure with 4 fields.
[superpoint_node-2] [INFO] [1768034327.923102270] [superpoint_node]: Keypoints estratti: 800
[superpoint_node-2] [ERROR] [1768034327.928801538] [superpoint_node]: Errore pubblicazione keypoints 3D: could not assign tuple of length 3 to structure with 4 fields.
[superpoint_node-2] [INFO] [1768034328.119346021] [superpoint_node]: Keypoints estratti: 800
[superpoint_node-2] [ERROR] [1768034328.125043122] [superpoint_node]: Errore pubblicazione keypoints 3D: could not assign tuple of length 3 to structure with 4 fields.
[rtabmap-14] [33m[ WARN] (2026-01-10 09:38:43.644) Memory.cpp:2105::forget() Less signatures transferred (1) than added (2)! The working memory cannot decrease in size.[0m
[rtabmap-14] [33m[ WARN] (2026-01-10 09:38:45.380) Memory.cpp:2105::forget() Less signatures transferred (1) than added (2)! The working memory cannot decrease in size.[0m
[rtabmap-14] [33m[ WARN] (2026-01-10 09:38:45.856) Memory.cpp:2105::forget() Less signatures transferred (2) than added (3)! The working memory cannot decrease in size.[0m
[superpoint_node-2] [INFO] [1768034328.221065314] [superpoint_node]: Keypoints estratti: 800
[superpoint_node-2] [ERROR] [1768034328.227327771] [superpoint_node]: Errore pubblicazione keypoints 3D: could not assign tuple of length 3 to structure with 4 fields.
[rtabmap-14] [INFO] [1768034328.288620852] [rtabmap]: rtabmap (1581): Rate=0.50s, Limit=0.001s, Conversion=0.0003s, RTAB-Map=0.0699s, Maps update=0.0076s pub=0.0008s delay=0.1192s (local map=3, WM=4)
[superpoint_node-2] [INFO] [1768034328.324317433] [superpoint_node]: Keypoints estratti: 800
[superpoint_node-2] [ERROR] [1768034328.329902015] [superpoint_node]: Errore pubblicazione keypoints 3D: could not assign tuple of length 3 to structure with 4 fields.
[superpoint_node-2] [INFO] [1768034328.423569114] [superpoint_node]: Keypoints estratti: 800
[superpoint_node-2] [ERROR] [1768034328.429330160] [superpoint_node]: Errore pubblicazione keypoints 3D: could not assign tuple of length 3 to structure with 4 fields.
[superpoint_node-2] [INFO] [1768034328.519783956] [superpoint_node]: Keypoints estratti: 800
[superpoint_node-2] [ERROR] [1768034328.525443816] [superpoint_node]: Errore pubblicazione keypoints 3D: could not assign tuple of length 3 to structure with 4 fields.
[superpoint_node-2] [INFO] [1768034328.719901496] [superpoint_node]: Keypoints estratti: 800
[superpoint_node-2] [ERROR] [1768034328.725975785] [superpoint_node]: Errore pubblicazione keypoints 3D: could not assign tuple of length 3 to structure with 4 fields.
[rtabmap-14] [INFO] [1768034328.756076340] [rtabmap]: rtabmap (1582): Rate=0.50s, Limit=0.001s, Conversion=0.0003s, RTAB-Map=0.0677s, Maps update=0.0004s pub=0.0010s delay=0.0865s (local map=5, WM=5)
[superpoint_node-2] [INFO] [1768034328.818688469] [superpoint_node]: Keypoints estratti: 800
[superpoint_node-2] [ERROR] [1768034328.824419126] [superpoint_node]: Errore pubblicazione keypoints 3D: could not assign tuple of length 3 to structure with 4 fields.
[superpoint_node-2] [INFO] [1768034328.920350336] [superpoint_node]: Keypoints estratti: 800
[superpoint_node-2] [ERROR] [1768034328.926042122] [superpoint_node]: Errore pubblicazione keypoints 3D: could not assign tuple of length 3 to structure with 4 fields.
[superpoint_node-2] [INFO] [1768034329.022707319] [superpoint_node]: Keypoints estratti: 800
[superpoint_node-2] [ERROR] [1768034329.028381938] [superpoint_node]: Errore pubblicazione keypoints 3D: could not assign tuple of length 3 to structure with 4 fields.
[superpoint_node-2] [INFO] [1768034329.121118919] [superpoint_node]: Keypoints estratti: 800
[superpoint_node-2] [ERROR] [1768034329.127305931] [superpoint_node]: Errore pubblicazione keypoints 3D: could not assign tuple of length 3 to structure with 4 fields.
[superpoint_node-2] [INFO] [1768034329.219419203] [superpoint_node]: Keypoints estratti: 800
[superpoint_node-2] [ERROR] [1768034329.225157786] [superpoint_node]: Errore pubblicazione keypoints 3D: could not assign tuple of length 3 to structure with 4 fields.
[superpoint_node-2] [INFO] [1768034329.321091181] [superpoint_node]: Keypoints estratti: 800
[superpoint_node-2] [ERROR] [1768034329.328038940] [superpoint_node]: Errore pubblicazione keypoints 3D: could not assign tuple of length 3 to structure with 4 fields.
[rtabmap-14] [INFO] [1768034329.352812767] [rtabmap]: rtabmap (1583): Rate=0.50s, Limit=0.001s, Conversion=0.0002s, RTAB-Map=0.0410s, Maps update=0.0007s pub=0.0015s delay=0.0833s (local map=2, WM=6)
[superpoint_node-2] [INFO] [1768034329.421340980] [superpoint_node]: Keypoints estratti: 800
[superpoint_node-2] [ERROR] [1768034329.427518326] [superpoint_node]: Errore pubblicazione keypoints 3D: could not assign tuple of length 3 to structure with 4 fields.
[superpoint_node-2] [INFO] [1768034329.518239920] [superpoint_node]: Keypoints estratti: 800
[superpoint_node-2] [ERROR] [1768034329.524182227] [superpoint_node]: Errore pubblicazione keypoints 3D: could not assign tuple of length 3 to structure with 4 fields.
[superpoint_node-2] [INFO] [1768034329.619027205] [superpoint_node]: Keypoints estratti: 800
[superpoint_node-2] [ERROR] [1768034329.624986642] [superpoint_node]: Errore pubblicazione keypoints 3D: could not assign tuple of length 3 to structure with 4 fields.
[superpoint_node-2] [INFO] [1768034329.719041392] [superpoint_node]: Keypoints estratti: 800
[superpoint_node-2] [ERROR] [1768034329.724633437] [superpoint_node]: Errore pubblicazione keypoints 3D: could not assign tuple of length 3 to structure with 4 fields.
[superpoint_node-2] [INFO] [1768034329.818460703] [superpoint_node]: Keypoints estratti: 800
[superpoint_node-2] [ERROR] [1768034329.824511307] [superpoint_node]: Errore pubblicazione keypoints 3D: could not assign tuple of length 3 to structure with 4 fields.
[rtabmap-14] [INFO] [1768034329.888227556] [rtabmap]: rtabmap (1584): Rate=0.50s, Limit=0.001s, Conversion=0.0012s, RTAB-Map=0.0666s, Maps update=0.0032s pub=0.0011s delay=0.1186s (local map=3, WM=5)
[superpoint_node-2] [INFO] [1768034329.924629458] [superpoint_node]: Keypoints estratti: 800
[superpoint_node-2] [ERROR] [1768034329.930455393] [superpoint_node]: Errore pubblicazione keypoints 3D: could not assign tuple of length 3 to structure with 4 fields.
[superpoint_node-2] [INFO] [1768034330.024283790] [superpoint_node]: Keypoints estratti: 800
[superpoint_node-2] [ERROR] [1768034330.030034910] [superpoint_node]: Errore pubblicazione keypoints 3D: could not assign tuple of length 3 to structure with 4 fields.
[superpoint_node-2] [INFO] [1768034330.124741017] [superpoint_node]: Keypoints estratti: 800
[superpoint_node-2] [ERROR] [1768034330.130525508] [superpoint_node]: Errore pubblicazione keypoints 3D: could not assign tuple of length 3 to structure with 4 fields.
[superpoint_node-2] [INFO] [1768034330.321692514] [superpoint_node]: Keypoints estratti: 800
[superpoint_node-2] [ERROR] [1768034330.327311670] [superpoint_node]: Errore pubblicazione keypoints 3D: could not assign tuple of length 3 to structure with 4 fields.
[superpoint_node-2] [INFO] [1768034330.417052904] [superpoint_node]: Keypoints estratti: 800
[superpoint_node-2] [ERROR] [1768034330.422947618] [superpoint_node]: Errore pubblicazione keypoints 3D: could not assign tuple of length 3 to structure with 4 fields.
[rtabmap-14] [INFO] [1768034330.493016862] [rtabmap]: rtabmap (1585): Rate=0.50s, Limit=0.001s, Conversion=0.0002s, RTAB-Map=0.0747s, Maps update=0.0005s pub=0.0018s delay=0.1236s (local map=5, WM=5)
[superpoint_node-2] [INFO] [1768034330.521385866] [superpoint_node]: Keypoints estratti: 800
[superpoint_node-2] [ERROR] [1768034330.527040819] [superpoint_node]: Errore pubblicazione keypoints 3D: could not assign tuple of length 3 to structure with 4 fields.
[superpoint_node-2] [INFO] [1768034330.620195988] [superpoint_node]: Keypoints estratti: 800
[superpoint_node-2] [ERROR] [1768034330.625960978] [superpoint_node]: Errore pubblicazione keypoints 3D: could not assign tuple of length 3 to structure with 4 fields.
[superpoint_node-2] [INFO] [1768034330.721417017] [superpoint_node]: Keypoints estratti: 800
[superpoint_node-2] [ERROR] [1768034330.727401435] [superpoint_node]: Errore pubblicazione keypoints 3D: could not assign tuple of length 3 to structure with 4 fields.
[superpoint_node-2] [INFO] [1768034330.819332558] [superpoint_node]: Keypoints estratti: 800
[superpoint_node-2] [ERROR] [1768034330.824892861] [superpoint_node]: Errore pubblicazione keypoints 3D: could not assign tuple of length 3 to structure with 4 fields.
[superpoint_node-2] [INFO] [1768034330.919921267] [superpoint_node]: Keypoints estratti: 800
[superpoint_node-2] [ERROR] [1768034330.926310503] [superpoint_node]: Errore pubblicazione keypoints 3D: could not assign tuple of length 3 to structure with 4 fields.
[rtabmap-14] [INFO] [1768034330.991091057] [rtabmap]: rtabmap (1586): Rate=0.50s, Limit=0.001s, Conversion=0.0008s, RTAB-Map=0.0737s, Maps update=0.0003s pub=0.0010s delay=0.1215s (local map=2, WM=5)
[superpoint_node-2] [INFO] [1768034331.023894208] [superpoint_node]: Keypoints estratti: 800
[superpoint_node-2] [ERROR] [1768034331.029545401] [superpoint_node]: Errore pubblicazione keypoints 3D: could not assign tuple of length 3 to structure with 4 fields.
[superpoint_node-2] [INFO] [1768034331.125473388] [superpoint_node]: Keypoints estratti: 800
[superpoint_node-2] [ERROR] [1768034331.131397584] [superpoint_node]: Errore pubblicazione keypoints 3D: could not assign tuple of length 3 to structure with 4 fields.
[superpoint_node-2] [INFO] [1768034331.223568967] [superpoint_node]: Keypoints estratti: 800
[superpoint_node-2] [ERROR] [1768034331.229191031] [superpoint_node]: Errore pubblicazione keypoints 3D: could not assign tuple of length 3 to structure with 4 fields.
[superpoint_node-2] [INFO] [1768034331.420547612] [superpoint_node]: Keypoints estratti: 800
[superpoint_node-2] [ERROR] [1768034331.427133443] [superpoint_node]: Errore pubblicazione keypoints 3D: could not assign tuple of length 3 to structure with 4 fields.
[rtabmap-14] [INFO] [1768034331.467143855] [rtabmap]: rtabmap (1587): Rate=0.50s, Limit=0.001s, Conversion=0.0006s, RTAB-Map=0.0561s, Maps update=0.0005s pub=0.0012s delay=0.0975s (local map=3, WM=4)
[superpoint_node-2] [INFO] [1768034331.526200881] [superpoint_node]: Keypoints estratti: 800
[superpoint_node-2] [ERROR] [1768034331.531777833] [superpoint_node]: Errore pubblicazione keypoints 3D: could not assign tuple of length 3 to structure with 4 fields.
[superpoint_node-2] [INFO] [1768034331.621219028] [superpoint_node]: Keypoints estratti: 800
[superpoint_node-2] [ERROR] [1768034331.626942981] [superpoint_node]: Errore pubblicazione keypoints 3D: could not assign tuple of length 3 to structure with 4 fields.
[superpoint_node-2] [INFO] [1768034331.816927163] [superpoint_node]: Keypoints estratti: 800
[superpoint_node-2] [ERROR] [1768034331.822597523] [superpoint_node]: Errore pubblicazione keypoints 3D: could not assign tuple of length 3 to structure with 4 fields.
[superpoint_node-2] [INFO] [1768034331.918109267] [superpoint_node]: Keypoints estratti: 800
[superpoint_node-2] [ERROR] [1768034331.923636866] [superpoint_node]: Errore pubblicazione keypoints 3D: could not assign tuple of length 3 to structure with 4 fields.
[superpoint_node-2] [INFO] [1768034332.018494456] [superpoint_node]: Keypoints estratti: 800
[superpoint_node-2] [ERROR] [1768034332.025407900] [superpoint_node]: Errore pubblicazione keypoints 3D: could not assign tuple of length 3 to structure with 4 fields.
[rtabmap-14] [INFO] [1768034332.092680826] [rtabmap]: rtabmap (1588): Rate=0.50s, Limit=0.001s, Conversion=0.0011s, RTAB-Map=0.0740s, Maps update=0.0016s pub=0.0011s delay=0.1229s (local map=5, WM=5)
[superpoint_node-2] [INFO] [1768034332.123331811] [superpoint_node]: Keypoints estratti: 800
[superpoint_node-2] [ERROR] [1768034332.129000041] [superpoint_node]: Errore pubblicazione keypoints 3D: could not assign tuple of length 3 to structure with 4 fields.
[superpoint_node-2] [INFO] [1768034332.220228862] [superpoint_node]: Keypoints estratti: 800
[superpoint_node-2] [ERROR] [1768034332.226281021] [superpoint_node]: Errore pubblicazione keypoints 3D: could not assign tuple of length 3 to structure with 4 fields.
[superpoint_node-2] [INFO] [1768034332.318884926] [superpoint_node]: Keypoints estratti: 800
[superpoint_node-2] [ERROR] [1768034332.324525694] [superpoint_node]: Errore pubblicazione keypoints 3D: could not assign tuple of length 3 to structure with 4 fields.
[superpoint_node-2] [INFO] [1768034332.419336135] [superpoint_node]: Keypoints estratti: 800
[superpoint_node-2] [ERROR] [1768034332.425713890] [superpoint_node]: Errore pubblicazione keypoints 3D: could not assign tuple of length 3 to structure with 4 fields.
[superpoint_node-2] [INFO] [1768034332.517907125] [superpoint_node]: Keypoints estratti: 800
[superpoint_node-2] [ERROR] [1768034332.524259213] [superpoint_node]: Errore pubblicazione keypoints 3D: could not assign tuple of length 3 to structure with 4 fields.
[superpoint_node-2] [INFO] [1768034332.617933775] [superpoint_node]: Keypoints estratti: 800
[superpoint_node-2] [ERROR] [1768034332.624627069] [superpoint_node]: Errore pubblicazione keypoints 3D: could not assign tuple of length 3 to structure with 4 fields.
[rtabmap-14] [INFO] [1768034332.657461016] [rtabmap]: rtabmap (1589): Rate=0.50s, Limit=0.001s, Conversion=0.0002s, RTAB-Map=0.0440s, Maps update=0.0028s pub=0.0017s delay=0.0878s (local map=2, WM=6)
[superpoint_node-2] [INFO] [1768034332.719103693] [superpoint_node]: Keypoints estratti: 800
[superpoint_node-2] [ERROR] [1768034332.725492281] [superpoint_node]: Errore pubblicazione keypoints 3D: could not assign tuple of length 3 to structure with 4 fields.
[superpoint_node-2] [INFO] [1768034332.821575140] [superpoint_node]: Keypoints estratti: 800
[superpoint_node-2] [ERROR] [1768034332.827179018] [superpoint_node]: Errore pubblicazione keypoints 3D: could not assign tuple of length 3 to structure with 4 fields.
[superpoint_node-2] [INFO] [1768034332.918389838] [superpoint_node]: Keypoints estratti: 800
[superpoint_node-2] [ERROR] [1768034332.923913308] [superpoint_node]: Errore pubblicazione keypoints 3D: could not assign tuple of length 3 to structure with 4 fields.
[superpoint_node-2] [INFO] [1768034333.018624045] [superpoint_node]: Keypoints estratti: 800
[superpoint_node-2] [ERROR] [1768034333.024449036] [superpoint_node]: Errore pubblicazione keypoints 3D: could not assign tuple of length 3 to structure with 4 fields.
[superpoint_node-2] [INFO] [1768034333.119939872] [superpoint_node]: Keypoints estratti: 800
[superpoint_node-2] [ERROR] [1768034333.125648843] [superpoint_node]: Errore pubblicazione keypoints 3D: could not assign tuple of length 3 to structure with 4 fields.
[rtabmap-14] [33m[ WARN] (2026-01-10 09:38:48.751) Memory.cpp:2105::forget() Less signatures transferred (1) than added (2)! The working memory cannot decrease in size.[0m
[rtabmap-14] [33m[ WARN] (2026-01-10 09:38:49.345) Memory.cpp:2105::forget() Less signatures transferred (2) than added (3)! The working memory cannot decrease in size.[0m
[rtabmap-14] [33m[ WARN] (2026-01-10 09:38:52.087) Memory.cpp:2105::forget() Less signatures transferred (1) than added (2)! The working memory cannot decrease in size.[0m
[rtabmap-14] [33m[ WARN] (2026-01-10 09:38:52.650) Memory.cpp:2105::forget() Less signatures transferred (2) than added (3)! The working memory cannot decrease in size.[0m
[superpoint_node-2] [INFO] [1768034333.218515547] [superpoint_node]: Keypoints estratti: 800
[superpoint_node-2] [ERROR] [1768034333.224489298] [superpoint_node]: Errore pubblicazione keypoints 3D: could not assign tuple of length 3 to structure with 4 fields.
[rtabmap-14] [INFO] [1768034333.290396787] [rtabmap]: rtabmap (1590): Rate=0.50s, Limit=0.001s, Conversion=0.0002s, RTAB-Map=0.0756s, Maps update=0.0019s pub=0.0013s delay=0.1209s (local map=3, WM=5)
[superpoint_node-2] [INFO] [1768034333.320337156] [superpoint_node]: Keypoints estratti: 800
[superpoint_node-2] [ERROR] [1768034333.326218814] [superpoint_node]: Errore pubblicazione keypoints 3D: could not assign tuple of length 3 to structure with 4 fields.
[superpoint_node-2] [INFO] [1768034333.451391645] [superpoint_node]: Keypoints estratti: 800
[superpoint_node-2] [ERROR] [1768034333.457459231] [superpoint_node]: Errore pubblicazione keypoints 3D: could not assign tuple of length 3 to structure with 4 fields.
[superpoint_node-2] [INFO] [1768034333.547652117] [superpoint_node]: Keypoints estratti: 800
[superpoint_node-2] [ERROR] [1768034333.553555368] [superpoint_node]: Errore pubblicazione keypoints 3D: could not assign tuple of length 3 to structure with 4 fields.
[superpoint_node-2] [INFO] [1768034333.648493662] [superpoint_node]: Keypoints estratti: 800
[superpoint_node-2] [ERROR] [1768034333.654235893] [superpoint_node]: Errore pubblicazione keypoints 3D: could not assign tuple of length 3 to structure with 4 fields.
[superpoint_node-2] [INFO] [1768034333.744231944] [superpoint_node]: Keypoints estratti: 800
[superpoint_node-2] [ERROR] [1768034333.751009554] [superpoint_node]: Errore pubblicazione keypoints 3D: could not assign tuple of length 3 to structure with 4 fields.
[rtabmap-14] [INFO] [1768034333.823351316] [rtabmap]: rtabmap (1591): Rate=0.50s, Limit=0.001s, Conversion=0.0002s, RTAB-Map=0.0745s, Maps update=0.0005s pub=0.0014s delay=0.1278s (local map=5, WM=5)
[superpoint_node-2] [INFO] [1768034333.850775776] [superpoint_node]: Keypoints estratti: 800
[superpoint_node-2] [ERROR] [1768034333.856549896] [superpoint_node]: Errore pubblicazione keypoints 3D: could not assign tuple of length 3 to structure with 4 fields.
[superpoint_node-2] [INFO] [1768034333.948470166] [superpoint_node]: Keypoints estratti: 800
[superpoint_node-2] [ERROR] [1768034333.954310102] [superpoint_node]: Errore pubblicazione keypoints 3D: could not assign tuple of length 3 to structure with 4 fields.
[superpoint_node-2] [INFO] [1768034334.047920348] [superpoint_node]: Keypoints estratti: 800
[superpoint_node-2] [ERROR] [1768034334.053595431] [superpoint_node]: Errore pubblicazione keypoints 3D: could not assign tuple of length 3 to structure with 4 fields.
[superpoint_node-2] [INFO] [1768034334.144260691] [superpoint_node]: Keypoints estratti: 800
[superpoint_node-2] [ERROR] [1768034334.150354054] [superpoint_node]: Errore pubblicazione keypoints 3D: could not assign tuple of length 3 to structure with 4 fields.
[superpoint_node-2] [INFO] [1768034334.243505168] [superpoint_node]: Keypoints estratti: 800
[superpoint_node-2] [ERROR] [1768034334.249728347] [superpoint_node]: Errore pubblicazione keypoints 3D: could not assign tuple of length 3 to structure with 4 fields.
[superpoint_node-2] [INFO] [1768034334.343194278] [superpoint_node]: Keypoints estratti: 800
[superpoint_node-2] [ERROR] [1768034334.350087574] [superpoint_node]: Errore pubblicazione keypoints 3D: could not assign tuple of length 3 to structure with 4 fields.
[rtabmap-14] [INFO] [1768034334.410044607] [rtabmap]: rtabmap (1592): Rate=0.50s, Limit=0.001s, Conversion=0.0015s, RTAB-Map=0.0826s, Maps update=0.0071s pub=0.0012s delay=0.1195s (local map=2, WM=5)
[superpoint_node-2] [INFO] [1768034334.443338225] [superpoint_node]: Keypoints estratti: 800
[superpoint_node-2] [ERROR] [1768034334.449420496] [superpoint_node]: Errore pubblicazione keypoints 3D: could not assign tuple of length 3 to structure with 4 fields.
[superpoint_node-2] [INFO] [1768034334.540264313] [superpoint_node]: Keypoints estratti: 800
[superpoint_node-2] [ERROR] [1768034334.547272276] [superpoint_node]: Errore pubblicazione keypoints 3D: could not assign tuple of length 3 to structure with 4 fields.
[superpoint_node-2] [INFO] [1768034334.636246782] [superpoint_node]: Keypoints estratti: 800
[superpoint_node-2] [ERROR] [1768034334.643017188] [superpoint_node]: Errore pubblicazione keypoints 3D: could not assign tuple of length 3 to structure with 4 fields.
[superpoint_node-2] [INFO] [1768034334.733880746] [superpoint_node]: Keypoints estratti: 800
[superpoint_node-2] [ERROR] [1768034334.739726311] [superpoint_node]: Errore pubblicazione keypoints 3D: could not assign tuple of length 3 to structure with 4 fields.
[superpoint_node-2] [INFO] [1768034334.829217618] [superpoint_node]: Keypoints estratti: 800
[superpoint_node-2] [ERROR] [1768034334.835082313] [superpoint_node]: Errore pubblicazione keypoints 3D: could not assign tuple of length 3 to structure with 4 fields.
[superpoint_node-2] [INFO] [1768034334.929690401] [superpoint_node]: Keypoints estratti: 800
[superpoint_node-2] [ERROR] [1768034334.936366769] [superpoint_node]: Errore pubblicazione keypoints 3D: could not assign tuple of length 3 to structure with 4 fields.
[rtabmap-14] [INFO] [1768034334.979971024] [rtabmap]: rtabmap (1593): Rate=0.50s, Limit=0.001s, Conversion=0.0008s, RTAB-Map=0.0604s, Maps update=0.0044s pub=0.0030s delay=0.1028s (local map=3, WM=4)
[superpoint_node-2] [INFO] [1768034335.033162689] [superpoint_node]: Keypoints estratti: 800
[superpoint_node-2] [ERROR] [1768034335.038782308] [superpoint_node]: Errore pubblicazione keypoints 3D: could not assign tuple of length 3 to structure with 4 fields.
[superpoint_node-2] [INFO] [1768034335.132594871] [superpoint_node]: Keypoints estratti: 800
[superpoint_node-2] [ERROR] [1768034335.138100285] [superpoint_node]: Errore pubblicazione keypoints 3D: could not assign tuple of length 3 to structure with 4 fields.
[superpoint_node-2] [INFO] [1768034335.229946407] [superpoint_node]: Keypoints estratti: 800
[superpoint_node-2] [ERROR] [1768034335.235660156] [superpoint_node]: Errore pubblicazione keypoints 3D: could not assign tuple of length 3 to structure with 4 fields.
[superpoint_node-2] [INFO] [1768034335.329562442] [superpoint_node]: Keypoints estratti: 800
[superpoint_node-2] [ERROR] [1768034335.335143505] [superpoint_node]: Errore pubblicazione keypoints 3D: could not assign tuple of length 3 to structure with 4 fields.
[superpoint_node-2] [INFO] [1768034335.427812189] [superpoint_node]: Keypoints estratti: 800
[superpoint_node-2] [ERROR] [1768034335.434374927] [superpoint_node]: Errore pubblicazione keypoints 3D: could not assign tuple of length 3 to structure with 4 fields.
[rtabmap-14] [INFO] [1768034335.496516367] [rtabmap]: rtabmap (1594): Rate=0.50s, Limit=0.001s, Conversion=0.0006s, RTAB-Map=0.0703s, Maps update=0.0097s pub=0.0025s delay=0.1175s (local map=5, WM=5)
[superpoint_node-2] [INFO] [1768034335.531343478] [superpoint_node]: Keypoints estratti: 800
[superpoint_node-2] [ERROR] [1768034335.537061616] [superpoint_node]: Errore pubblicazione keypoints 3D: could not assign tuple of length 3 to structure with 4 fields.
[superpoint_node-2] [INFO] [1768034335.628900534] [superpoint_node]: Keypoints estratti: 800
[superpoint_node-2] [ERROR] [1768034335.634588653] [superpoint_node]: Errore pubblicazione keypoints 3D: could not assign tuple of length 3 to structure with 4 fields.
[superpoint_node-2] [INFO] [1768034335.738805077] [superpoint_node]: Keypoints estratti: 800
[superpoint_node-2] [ERROR] [1768034335.746212359] [superpoint_node]: Errore pubblicazione keypoints 3D: could not assign tuple of length 3 to structure with 4 fields.
[superpoint_node-2] [INFO] [1768034335.835624424] [superpoint_node]: Keypoints estratti: 800
[superpoint_node-2] [ERROR] [1768034335.841776528] [superpoint_node]: Errore pubblicazione keypoints 3D: could not assign tuple of length 3 to structure with 4 fields.
[superpoint_node-2] [INFO] [1768034335.935968743] [superpoint_node]: Keypoints estratti: 800
[superpoint_node-2] [ERROR] [1768034335.942341071] [superpoint_node]: Errore pubblicazione keypoints 3D: could not assign tuple of length 3 to structure with 4 fields.
[rtabmap-14] [INFO] [1768034335.986115124] [rtabmap]: rtabmap (1595): Rate=0.50s, Limit=0.001s, Conversion=0.0006s, RTAB-Map=0.0689s, Maps update=0.0054s pub=0.0008s delay=0.1017s (local map=2, WM=6)
[superpoint_node-2] [INFO] [1768034336.035733687] [superpoint_node]: Keypoints estratti: 800
[superpoint_node-2] [ERROR] [1768034336.041872069] [superpoint_node]: Errore pubblicazione keypoints 3D: could not assign tuple of length 3 to structure with 4 fields.
[superpoint_node-2] [INFO] [1768034336.133278280] [superpoint_node]: Keypoints estratti: 800
[superpoint_node-2] [ERROR] [1768034336.139078918] [superpoint_node]: Errore pubblicazione keypoints 3D: could not assign tuple of length 3 to structure with 4 fields.
[superpoint_node-2] [INFO] [1768034336.230479629] [superpoint_node]: Keypoints estratti: 800
[superpoint_node-2] [ERROR] [1768034336.235996414] [superpoint_node]: Errore pubblicazione keypoints 3D: could not assign tuple of length 3 to structure with 4 fields.
[superpoint_node-2] [INFO] [1768034336.328782839] [superpoint_node]: Keypoints estratti: 800
[superpoint_node-2] [ERROR] [1768034336.334559774] [superpoint_node]: Errore pubblicazione keypoints 3D: could not assign tuple of length 3 to structure with 4 fields.
[superpoint_node-2] [INFO] [1768034336.425867299] [superpoint_node]: Keypoints estratti: 800
[superpoint_node-2] [ERROR] [1768034336.431504918] [superpoint_node]: Errore pubblicazione keypoints 3D: could not assign tuple of length 3 to structure with 4 fields.
[superpoint_node-2] [INFO] [1768034336.528872991] [superpoint_node]: Keypoints estratti: 800
[superpoint_node-2] [ERROR] [1768034336.534863964] [superpoint_node]: Errore pubblicazione keypoints 3D: could not assign tuple of length 3 to structure with 4 fields.
[rtabmap-14] [INFO] [1768034336.594184901] [rtabmap]: rtabmap (1596): Rate=0.50s, Limit=0.001s, Conversion=0.0006s, RTAB-Map=0.0720s, Maps update=0.0079s pub=0.0013s delay=0.1186s (local map=3, WM=5)
[superpoint_node-2] [INFO] [1768034336.628050060] [superpoint_node]: Keypoints estratti: 800
[superpoint_node-2] [ERROR] [1768034336.633708716] [superpoint_node]: Errore pubblicazione keypoints 3D: could not assign tuple of length 3 to structure with 4 fields.
[superpoint_node-2] [INFO] [1768034336.779715584] [superpoint_node]: Keypoints estratti: 800
[superpoint_node-2] [ERROR] [1768034336.785237128] [superpoint_node]: Errore pubblicazione keypoints 3D: could not assign tuple of length 3 to structure with 4 fields.
[superpoint_node-2] [INFO] [1768034336.875872055] [superpoint_node]: Keypoints estratti: 800
[superpoint_node-2] [ERROR] [1768034336.881711028] [superpoint_node]: Errore pubblicazione keypoints 3D: could not assign tuple of length 3 to structure with 4 fields.
[superpoint_node-2] [INFO] [1768034336.973313462] [superpoint_node]: Keypoints estratti: 800
[superpoint_node-2] [ERROR] [1768034336.979118082] [superpoint_node]: Errore pubblicazione keypoints 3D: could not assign tuple of length 3 to structure with 4 fields.
[superpoint_node-2] [INFO] [1768034337.073387946] [superpoint_node]: Keypoints estratti: 800
[superpoint_node-2] [ERROR] [1768034337.080020573] [superpoint_node]: Errore pubblicazione keypoints 3D: could not assign tuple of length 3 to structure with 4 fields.
[rtabmap-14] [INFO] [1768034337.132819049] [rtabmap]: rtabmap (1597): Rate=0.50s, Limit=0.001s, Conversion=0.0002s, RTAB-Map=0.0669s, Maps update=0.0034s pub=0.0056s delay=0.1128s (local map=5, WM=5)
[superpoint_node-2] [INFO] [1768034337.178838416] [superpoint_node]: Keypoints estratti: 800
[superpoint_node-2] [ERROR] [1768034337.184458776] [superpoint_node]: Errore pubblicazione keypoints 3D: could not assign tuple of length 3 to structure with 4 fields.
[superpoint_node-2] [INFO] [1768034337.272901907] [superpoint_node]: Keypoints estratti: 800
[superpoint_node-2] [ERROR] [1768034337.278657879] [superpoint_node]: Errore pubblicazione keypoints 3D: could not assign tuple of length 3 to structure with 4 fields.
[superpoint_node-2] [INFO] [1768034337.366818342] [superpoint_node]: Keypoints estratti: 800
[superpoint_node-2] [ERROR] [1768034337.372383794] [superpoint_node]: Errore pubblicazione keypoints 3D: could not assign tuple of length 3 to structure with 4 fields.
[superpoint_node-2] [INFO] [1768034337.460782665] [superpoint_node]: Keypoints estratti: 800
[superpoint_node-2] [ERROR] [1768034337.466041522] [superpoint_node]: Errore pubblicazione keypoints 3D: could not assign tuple of length 3 to structure with 4 fields.
[superpoint_node-2] [INFO] [1768034337.559161913] [superpoint_node]: Keypoints estratti: 800
[superpoint_node-2] [ERROR] [1768034337.564620012] [superpoint_node]: Errore pubblicazione keypoints 3D: could not assign tuple of length 3 to structure with 4 fields.
[superpoint_node-2] [INFO] [1768034337.659812920] [superpoint_node]: Keypoints estratti: 800
[superpoint_node-2] [ERROR] [1768034337.666206675] [superpoint_node]: Errore pubblicazione keypoints 3D: could not assign tuple of length 3 to structure with 4 fields.
[rtabmap-14] [INFO] [1768034337.738277009] [rtabmap]: rtabmap (1598): Rate=0.50s, Limit=0.001s, Conversion=0.0007s, RTAB-Map=0.0820s, Maps update=0.0027s pub=0.0020s delay=0.1318s (local map=2, WM=5)
[superpoint_node-2] [INFO] [1768034337.761092080] [superpoint_node]: Keypoints estratti: 800
[superpoint_node-2] [ERROR] [1768034337.766987219] [superpoint_node]: Errore pubblicazione keypoints 3D: could not assign tuple of length 3 to structure with 4 fields.
[superpoint_node-2] [INFO] [1768034337.860333723] [superpoint_node]: Keypoints estratti: 800
[superpoint_node-2] [ERROR] [1768034337.865757489] [superpoint_node]: Errore pubblicazione keypoints 3D: could not assign tuple of length 3 to structure with 4 fields.
[superpoint_node-2] [INFO] [1768034337.956640825] [superpoint_node]: Keypoints estratti: 800
[superpoint_node-2] [ERROR] [1768034337.962240980] [superpoint_node]: Errore pubblicazione keypoints 3D: could not assign tuple of length 3 to structure with 4 fields.
[superpoint_node-2] [INFO] [1768034338.051509156] [superpoint_node]: Keypoints estratti: 800
[superpoint_node-2] [ERROR] [1768034338.057157423] [superpoint_node]: Errore pubblicazione keypoints 3D: could not assign tuple of length 3 to structure with 4 fields.
[superpoint_node-2] [INFO] [1768034338.148254557] [superpoint_node]: Keypoints estratti: 800
[superpoint_node-2] [ERROR] [1768034338.153863694] [superpoint_node]: Errore pubblicazione keypoints 3D: could not assign tuple of length 3 to structure with 4 fields.
[rtabmap-14] [33m[ WARN] (2026-01-10 09:38:55.476) Memory.cpp:2105::forget() Less signatures transferred (1) than added (2)! The working memory cannot decrease in size.[0m
[rtabmap-14] [33m[ WARN] (2026-01-10 09:38:55.975) Memory.cpp:2105::forget() Less signatures transferred (2) than added (3)! The working memory cannot decrease in size.[0m
[superpoint_node-2] [INFO] [1768034338.249198251] [superpoint_node]: Keypoints estratti: 800
[rtabmap-14] [INFO] [1768034338.252990263] [rtabmap]: rtabmap (1599): Rate=0.50s, Limit=0.001s, Conversion=0.0002s, RTAB-Map=0.0412s, Maps update=0.0003s pub=0.0007s delay=0.0585s (local map=3, WM=4)
[superpoint_node-2] [ERROR] [1768034338.255412171] [superpoint_node]: Errore pubblicazione keypoints 3D: could not assign tuple of length 3 to structure with 4 fields.
[superpoint_node-2] [INFO] [1768034338.344663661] [superpoint_node]: Keypoints estratti: 800
[superpoint_node-2] [ERROR] [1768034338.350619190] [superpoint_node]: Errore pubblicazione keypoints 3D: could not assign tuple of length 3 to structure with 4 fields.
[superpoint_node-2] [INFO] [1768034338.438983839] [superpoint_node]: Keypoints estratti: 800
[superpoint_node-2] [ERROR] [1768034338.444936609] [superpoint_node]: Errore pubblicazione keypoints 3D: could not assign tuple of length 3 to structure with 4 fields.
[superpoint_node-2] [INFO] [1768034338.533619761] [superpoint_node]: Keypoints estratti: 800
[superpoint_node-2] [ERROR] [1768034338.539031971] [superpoint_node]: Errore pubblicazione keypoints 3D: could not assign tuple of length 3 to structure with 4 fields.
[superpoint_node-2] [INFO] [1768034338.627608807] [superpoint_node]: Keypoints estratti: 800
[superpoint_node-2] [ERROR] [1768034338.633678577] [superpoint_node]: Errore pubblicazione keypoints 3D: could not assign tuple of length 3 to structure with 4 fields.
[superpoint_node-2] [INFO] [1768034338.725372587] [superpoint_node]: Keypoints estratti: 800
[superpoint_node-2] [ERROR] [1768034338.731720304] [superpoint_node]: Errore pubblicazione keypoints 3D: could not assign tuple of length 3 to structure with 4 fields.
[superpoint_node-2] [INFO] [1768034338.831436488] [superpoint_node]: Keypoints estratti: 800
[superpoint_node-2] [ERROR] [1768034338.837487759] [superpoint_node]: Errore pubblicazione keypoints 3D: could not assign tuple of length 3 to structure with 4 fields.
[rtabmap-14] [INFO] [1768034338.882900473] [rtabmap]: rtabmap (1600): Rate=0.50s, Limit=0.001s, Conversion=0.0016s, RTAB-Map=0.0665s, Maps update=0.0023s pub=0.0010s delay=0.1081s (local map=5, WM=5)
[superpoint_node-2] [INFO] [1768034338.933306190] [superpoint_node]: Keypoints estratti: 800
[superpoint_node-2] [ERROR] [1768034338.939035291] [superpoint_node]: Errore pubblicazione keypoints 3D: could not assign tuple of length 3 to structure with 4 fields.
[superpoint_node-2] [INFO] [1768034339.031116192] [superpoint_node]: Keypoints estratti: 800
[superpoint_node-2] [ERROR] [1768034339.036475013] [superpoint_node]: Errore pubblicazione keypoints 3D: could not assign tuple of length 3 to structure with 4 fields.
[superpoint_node-2] [INFO] [1768034339.126899753] [superpoint_node]: Keypoints estratti: 800
[superpoint_node-2] [ERROR] [1768034339.132395000] [superpoint_node]: Errore pubblicazione keypoints 3D: could not assign tuple of length 3 to structure with 4 fields.
[superpoint_node-2] [INFO] [1768034339.222975167] [superpoint_node]: Keypoints estratti: 800
[superpoint_node-2] [ERROR] [1768034339.229105327] [superpoint_node]: Errore pubblicazione keypoints 3D: could not assign tuple of length 3 to structure with 4 fields.
[superpoint_node-2] [INFO] [1768034339.417709573] [superpoint_node]: Keypoints estratti: 800
[rtabmap-14] [INFO] [1768034339.422081756] [rtabmap]: rtabmap (1601): Rate=0.50s, Limit=0.001s, Conversion=0.0002s, RTAB-Map=0.0352s, Maps update=0.0003s pub=0.0008s delay=0.0525s (local map=2, WM=6)
[superpoint_node-2] [ERROR] [1768034339.424190532] [superpoint_node]: Errore pubblicazione keypoints 3D: could not assign tuple of length 3 to structure with 4 fields.
[superpoint_node-2] [INFO] [1768034339.518017669] [superpoint_node]: Keypoints estratti: 800
[superpoint_node-2] [ERROR] [1768034339.523441823] [superpoint_node]: Errore pubblicazione keypoints 3D: could not assign tuple of length 3 to structure with 4 fields.
[superpoint_node-2] [INFO] [1768034339.619896111] [superpoint_node]: Keypoints estratti: 800
[superpoint_node-2] [ERROR] [1768034339.626184643] [superpoint_node]: Errore pubblicazione keypoints 3D: could not assign tuple of length 3 to structure with 4 fields.
[superpoint_node-2] [INFO] [1768034339.718279044] [superpoint_node]: Keypoints estratti: 800
[superpoint_node-2] [ERROR] [1768034339.723892941] [superpoint_node]: Errore pubblicazione keypoints 3D: could not assign tuple of length 3 to structure with 4 fields.
[superpoint_node-2] [INFO] [1768034339.819115682] [superpoint_node]: Keypoints estratti: 800
[superpoint_node-2] [ERROR] [1768034339.824424687] [superpoint_node]: Errore pubblicazione keypoints 3D: could not assign tuple of length 3 to structure with 4 fields.
[superpoint_node-2] [INFO] [1768034339.919015905] [superpoint_node]: Keypoints estratti: 800
[superpoint_node-2] [ERROR] [1768034339.924631950] [superpoint_node]: Errore pubblicazione keypoints 3D: could not assign tuple of length 3 to structure with 4 fields.
[superpoint_node-2] [INFO] [1768034340.055652884] [superpoint_node]: Keypoints estratti: 800
[superpoint_node-2] [ERROR] [1768034340.061637895] [superpoint_node]: Errore pubblicazione keypoints 3D: could not assign tuple of length 3 to structure with 4 fields.
[rtabmap-14] [INFO] [1768034340.122051358] [rtabmap]: rtabmap (1602): Rate=0.50s, Limit=0.001s, Conversion=0.0005s, RTAB-Map=0.0693s, Maps update=0.0021s pub=0.0008s delay=0.1190s (local map=3, WM=5)
[superpoint_node-2] [INFO] [1768034340.157007859] [superpoint_node]: Keypoints estratti: 800
[superpoint_node-2] [ERROR] [1768034340.163119056] [superpoint_node]: Errore pubblicazione keypoints 3D: could not assign tuple of length 3 to structure with 4 fields.
[superpoint_node-2] [INFO] [1768034340.253767909] [superpoint_node]: Keypoints estratti: 800
[superpoint_node-2] [ERROR] [1768034340.259468806] [superpoint_node]: Errore pubblicazione keypoints 3D: could not assign tuple of length 3 to structure with 4 fields.
[superpoint_node-2] [INFO] [1768034340.348930649] [superpoint_node]: Keypoints estratti: 800
[superpoint_node-2] [ERROR] [1768034340.354365933] [superpoint_node]: Errore pubblicazione keypoints 3D: could not assign tuple of length 3 to structure with 4 fields.
[superpoint_node-2] [INFO] [1768034340.444092908] [superpoint_node]: Keypoints estratti: 800
[superpoint_node-2] [ERROR] [1768034340.449844714] [superpoint_node]: Errore pubblicazione keypoints 3D: could not assign tuple of length 3 to structure with 4 fields.
[superpoint_node-2] [INFO] [1768034340.536925186] [superpoint_node]: Keypoints estratti: 800
[superpoint_node-2] [ERROR] [1768034340.542857382] [superpoint_node]: Errore pubblicazione keypoints 3D: could not assign tuple of length 3 to structure with 4 fields.
[superpoint_node-2] [INFO] [1768034340.632921582] [superpoint_node]: Keypoints estratti: 800
[superpoint_node-2] [ERROR] [1768034340.638471441] [superpoint_node]: Errore pubblicazione keypoints 3D: could not assign tuple of length 3 to structure with 4 fields.
[rtabmap-14] [INFO] [1768034340.655539817] [rtabmap]: rtabmap (1603): Rate=0.50s, Limit=0.001s, Conversion=0.0003s, RTAB-Map=0.0390s, Maps update=0.0004s pub=0.0009s delay=0.0729s (local map=5, WM=5)
[superpoint_node-2] [INFO] [1768034340.727793524] [superpoint_node]: Keypoints estratti: 800
[superpoint_node-2] [ERROR] [1768034340.733167233] [superpoint_node]: Errore pubblicazione keypoints 3D: could not assign tuple of length 3 to structure with 4 fields.
[superpoint_node-2] [INFO] [1768034340.823019209] [superpoint_node]: Keypoints estratti: 800
[superpoint_node-2] [ERROR] [1768034340.828591161] [superpoint_node]: Errore pubblicazione keypoints 3D: could not assign tuple of length 3 to structure with 4 fields.
[superpoint_node-2] [INFO] [1768034341.019635259] [superpoint_node]: Keypoints estratti: 800
[superpoint_node-2] [ERROR] [1768034341.025215692] [superpoint_node]: Errore pubblicazione keypoints 3D: could not assign tuple of length 3 to structure with 4 fields.
[superpoint_node-2] [INFO] [1768034341.118219786] [superpoint_node]: Keypoints estratti: 800
[superpoint_node-2] [ERROR] [1768034341.124432817] [superpoint_node]: Errore pubblicazione keypoints 3D: could not assign tuple of length 3 to structure with 4 fields.
[superpoint_node-2] [INFO] [1768034341.221793909] [superpoint_node]: Keypoints estratti: 800
[superpoint_node-2] [ERROR] [1768034341.227875883] [superpoint_node]: Errore pubblicazione keypoints 3D: could not assign tuple of length 3 to structure with 4 fields.
[rtabmap-14] [INFO] [1768034341.290605661] [rtabmap]: rtabmap (1604): Rate=0.50s, Limit=0.001s, Conversion=0.0002s, RTAB-Map=0.0732s, Maps update=0.0025s pub=0.0012s delay=0.1210s (local map=2, WM=5)
[superpoint_node-2] [INFO] [1768034341.319384669] [superpoint_node]: Keypoints estratti: 800
[superpoint_node-2] [ERROR] [1768034341.324884324] [superpoint_node]: Errore pubblicazione keypoints 3D: could not assign tuple of length 3 to structure with 4 fields.
[superpoint_node-2] [INFO] [1768034341.416782353] [superpoint_node]: Keypoints estratti: 800
[superpoint_node-2] [ERROR] [1768034341.422418065] [superpoint_node]: Errore pubblicazione keypoints 3D: could not assign tuple of length 3 to structure with 4 fields.
[superpoint_node-2] [INFO] [1768034341.516915041] [superpoint_node]: Keypoints estratti: 800
[superpoint_node-2] [ERROR] [1768034341.523129720] [superpoint_node]: Errore pubblicazione keypoints 3D: could not assign tuple of length 3 to structure with 4 fields.
[superpoint_node-2] [INFO] [1768034341.615784218] [superpoint_node]: Keypoints estratti: 800
[superpoint_node-2] [ERROR] [1768034341.621220929] [superpoint_node]: Errore pubblicazione keypoints 3D: could not assign tuple of length 3 to structure with 4 fields.
[superpoint_node-2] [INFO] [1768034341.719087820] [superpoint_node]: Keypoints estratti: 800
[superpoint_node-2] [ERROR] [1768034341.724630605] [superpoint_node]: Errore pubblicazione keypoints 3D: could not assign tuple of length 3 to structure with 4 fields.
[superpoint_node-2] [INFO] [1768034341.814981641] [superpoint_node]: Keypoints estratti: 800
[superpoint_node-2] [ERROR] [1768034341.820861669] [superpoint_node]: Errore pubblicazione keypoints 3D: could not assign tuple of length 3 to structure with 4 fields.
[rtabmap-14] [INFO] [1768034341.887717240] [rtabmap]: rtabmap (1605): Rate=0.50s, Limit=0.001s, Conversion=0.0006s, RTAB-Map=0.0705s, Maps update=0.0004s pub=0.0010s delay=0.1182s (local map=3, WM=4)
[superpoint_node-2] [INFO] [1768034341.919573327] [superpoint_node]: Keypoints estratti: 800
[superpoint_node-2] [ERROR] [1768034341.925048908] [superpoint_node]: Errore pubblicazione keypoints 3D: could not assign tuple of length 3 to structure with 4 fields.
[superpoint_node-2] [INFO] [1768034342.018504339] [superpoint_node]: Keypoints estratti: 800
[superpoint_node-2] [ERROR] [1768034342.024690684] [superpoint_node]: Errore pubblicazione keypoints 3D: could not assign tuple of length 3 to structure with 4 fields.
[superpoint_node-2] [INFO] [1768034342.116945957] [superpoint_node]: Keypoints estratti: 800
[superpoint_node-2] [ERROR] [1768034342.122536039] [superpoint_node]: Errore pubblicazione keypoints 3D: could not assign tuple of length 3 to structure with 4 fields.
[superpoint_node-2] [INFO] [1768034342.218748603] [superpoint_node]: Keypoints estratti: 800
[superpoint_node-2] [ERROR] [1768034342.224409203] [superpoint_node]: Errore pubblicazione keypoints 3D: could not assign tuple of length 3 to structure with 4 fields.
[superpoint_node-2] [INFO] [1768034342.319422387] [superpoint_node]: Keypoints estratti: 800
[superpoint_node-2] [ERROR] [1768034342.325047395] [superpoint_node]: Errore pubblicazione keypoints 3D: could not assign tuple of length 3 to structure with 4 fields.
[rtabmap-14] [INFO] [1768034342.387902359] [rtabmap]: rtabmap (1606): Rate=0.50s, Limit=0.001s, Conversion=0.0010s, RTAB-Map=0.0667s, Maps update=0.0019s pub=0.0008s delay=0.1176s (local map=5, WM=5)
[superpoint_node-2] [INFO] [1768034342.420158969] [superpoint_node]: Keypoints estratti: 800
[superpoint_node-2] [ERROR] [1768034342.426333277] [superpoint_node]: Errore pubblicazione keypoints 3D: could not assign tuple of length 3 to structure with 4 fields.
[superpoint_node-2] [INFO] [1768034342.515021022] [superpoint_node]: Keypoints estratti: 800
[superpoint_node-2] [ERROR] [1768034342.520671548] [superpoint_node]: Errore pubblicazione keypoints 3D: could not assign tuple of length 3 to structure with 4 fields.
[superpoint_node-2] [INFO] [1768034342.618873609] [superpoint_node]: Keypoints estratti: 800
[superpoint_node-2] [ERROR] [1768034342.624207671] [superpoint_node]: Errore pubblicazione keypoints 3D: could not assign tuple of length 3 to structure with 4 fields.
[superpoint_node-2] [INFO] [1768034342.717361673] [superpoint_node]: Keypoints estratti: 800
[superpoint_node-2] [ERROR] [1768034342.723260479] [superpoint_node]: Errore pubblicazione keypoints 3D: could not assign tuple of length 3 to structure with 4 fields.
[superpoint_node-2] [INFO] [1768034342.815598549] [superpoint_node]: Keypoints estratti: 800
[superpoint_node-2] [ERROR] [1768034342.821319113] [superpoint_node]: Errore pubblicazione keypoints 3D: could not assign tuple of length 3 to structure with 4 fields.
[superpoint_node-2] [INFO] [1768034342.919951548] [superpoint_node]: Keypoints estratti: 800
[superpoint_node-2] [ERROR] [1768034342.926306118] [superpoint_node]: Errore pubblicazione keypoints 3D: could not assign tuple of length 3 to structure with 4 fields.
[rtabmap-14] [INFO] [1768034342.951133056] [rtabmap]: rtabmap (1607): Rate=0.50s, Limit=0.001s, Conversion=0.0002s, RTAB-Map=0.0326s, Maps update=0.0054s pub=0.0009s delay=0.0815s (local map=2, WM=6)
[superpoint_node-2] [INFO] [1768034343.017197361] [superpoint_node]: Keypoints estratti: 800
[superpoint_node-2] [ERROR] [1768034343.023428837] [superpoint_node]: Errore pubblicazione keypoints 3D: could not assign tuple of length 3 to structure with 4 fields.
[superpoint_node-2] [INFO] [1768034343.120401740] [superpoint_node]: Keypoints estratti: 800
[superpoint_node-2] [ERROR] [1768034343.125836857] [superpoint_node]: Errore pubblicazione keypoints 3D: could not assign tuple of length 3 to structure with 4 fields.
[rtabmap-14] [33m[ WARN] (2026-01-10 09:38:58.874) Memory.cpp:2105::forget() Less signatures transferred (1) than added (2)! The working memory cannot decrease in size.[0m
[rtabmap-14] [33m[ WARN] (2026-01-10 09:38:59.418) Memory.cpp:2105::forget() Less signatures transferred (2) than added (3)! The working memory cannot decrease in size.[0m
[rtabmap-14] [33m[ WARN] (2026-01-10 09:39:02.383) Memory.cpp:2105::forget() Less signatures transferred (1) than added (2)! The working memory cannot decrease in size.[0m
[rtabmap-14] [33m[ WARN] (2026-01-10 09:39:02.942) Memory.cpp:2105::forget() Less signatures transferred (2) than added (3)! The working memory cannot decrease in size.[0m
[superpoint_node-2] [INFO] [1768034343.217742387] [superpoint_node]: Keypoints estratti: 800
[superpoint_node-2] [ERROR] [1768034343.223196819] [superpoint_node]: Errore pubblicazione keypoints 3D: could not assign tuple of length 3 to structure with 4 fields.
[superpoint_node-2] [INFO] [1768034343.317467645] [superpoint_node]: Keypoints estratti: 800
[superpoint_node-2] [ERROR] [1768034343.322969893] [superpoint_node]: Errore pubblicazione keypoints 3D: could not assign tuple of length 3 to structure with 4 fields.
[superpoint_node-2] [INFO] [1768034343.416208285] [superpoint_node]: Keypoints estratti: 800
[superpoint_node-2] [ERROR] [1768034343.421684718] [superpoint_node]: Errore pubblicazione keypoints 3D: could not assign tuple of length 3 to structure with 4 fields.
[superpoint_node-2] [INFO] [1768034343.520490284] [superpoint_node]: Keypoints estratti: 800
[superpoint_node-2] [ERROR] [1768034343.526291867] [superpoint_node]: Errore pubblicazione keypoints 3D: could not assign tuple of length 3 to structure with 4 fields.
[rtabmap-14] [INFO] [1768034343.591322701] [rtabmap]: rtabmap (1608): Rate=0.50s, Limit=0.001s, Conversion=0.0012s, RTAB-Map=0.0730s, Maps update=0.0022s pub=0.0014s delay=0.1218s (local map=3, WM=5)
[superpoint_node-2] [INFO] [1768034343.620932270] [superpoint_node]: Keypoints estratti: 800
[superpoint_node-2] [ERROR] [1768034343.626874114] [superpoint_node]: Errore pubblicazione keypoints 3D: could not assign tuple of length 3 to structure with 4 fields.
[superpoint_node-2] [INFO] [1768034343.719171480] [superpoint_node]: Keypoints estratti: 800
[superpoint_node-2] [ERROR] [1768034343.724965193] [superpoint_node]: Errore pubblicazione keypoints 3D: could not assign tuple of length 3 to structure with 4 fields.
[superpoint_node-2] [INFO] [1768034343.819063221] [superpoint_node]: Keypoints estratti: 800
[superpoint_node-2] [ERROR] [1768034343.824654488] [superpoint_node]: Errore pubblicazione keypoints 3D: could not assign tuple of length 3 to structure with 4 fields.
[superpoint_node-2] [INFO] [1768034343.920043138] [superpoint_node]: Keypoints estratti: 800
[superpoint_node-2] [ERROR] [1768034343.925538219] [superpoint_node]: Errore pubblicazione keypoints 3D: could not assign tuple of length 3 to structure with 4 fields.
[superpoint_node-2] [INFO] [1768034344.055092678] [superpoint_node]: Keypoints estratti: 800
[superpoint_node-2] [ERROR] [1768034344.061176560] [superpoint_node]: Errore pubblicazione keypoints 3D: could not assign tuple of length 3 to structure with 4 fields.
[rtabmap-14] [INFO] [1768034344.090346737] [rtabmap]: rtabmap (1609): Rate=0.50s, Limit=0.001s, Conversion=0.0002s, RTAB-Map=0.0405s, Maps update=0.0022s pub=0.0013s delay=0.0866s (local map=5, WM=5)
[superpoint_node-2] [INFO] [1768034344.156308874] [superpoint_node]: Keypoints estratti: 800
[superpoint_node-2] [ERROR] [1768034344.162038846] [superpoint_node]: Errore pubblicazione keypoints 3D: could not assign tuple of length 3 to structure with 4 fields.
[superpoint_node-2] [INFO] [1768034344.256600952] [superpoint_node]: Keypoints estratti: 800
[superpoint_node-2] [ERROR] [1768034344.261987477] [superpoint_node]: Errore pubblicazione keypoints 3D: could not assign tuple of length 3 to structure with 4 fields.
[superpoint_node-2] [INFO] [1768034344.354777365] [superpoint_node]: Keypoints estratti: 800
[superpoint_node-2] [ERROR] [1768034344.360680783] [superpoint_node]: Errore pubblicazione keypoints 3D: could not assign tuple of length 3 to structure with 4 fields.
[superpoint_node-2] [INFO] [1768034344.451989122] [superpoint_node]: Keypoints estratti: 800
[superpoint_node-2] [ERROR] [1768034344.458346876] [superpoint_node]: Errore pubblicazione keypoints 3D: could not assign tuple of length 3 to structure with 4 fields.
[superpoint_node-2] [INFO] [1768034344.552843001] [superpoint_node]: Keypoints estratti: 800
[superpoint_node-2] [ERROR] [1768034344.558558972] [superpoint_node]: Errore pubblicazione keypoints 3D: could not assign tuple of length 3 to structure with 4 fields.
[superpoint_node-2] [INFO] [1768034344.648759192] [superpoint_node]: Keypoints estratti: 800
[superpoint_node-2] [ERROR] [1768034344.654644628] [superpoint_node]: Errore pubblicazione keypoints 3D: could not assign tuple of length 3 to structure with 4 fields.
[rtabmap-14] [INFO] [1768034344.722145314] [rtabmap]: rtabmap (1610): Rate=0.50s, Limit=0.001s, Conversion=0.0002s, RTAB-Map=0.0680s, Maps update=0.0020s pub=0.0010s delay=0.1222s (local map=2, WM=5)
[superpoint_node-2] [INFO] [1768034344.752738744] [superpoint_node]: Keypoints estratti: 800
[superpoint_node-2] [ERROR] [1768034344.758866218] [superpoint_node]: Errore pubblicazione keypoints 3D: could not assign tuple of length 3 to structure with 4 fields.
[superpoint_node-2] [INFO] [1768034344.851478402] [superpoint_node]: Keypoints estratti: 800
[superpoint_node-2] [ERROR] [1768034344.857112428] [superpoint_node]: Errore pubblicazione keypoints 3D: could not assign tuple of length 3 to structure with 4 fields.
[superpoint_node-2] [INFO] [1768034344.950926732] [superpoint_node]: Keypoints estratti: 800
[superpoint_node-2] [ERROR] [1768034344.956823557] [superpoint_node]: Errore pubblicazione keypoints 3D: could not assign tuple of length 3 to structure with 4 fields.
[superpoint_node-2] [INFO] [1768034345.051193606] [superpoint_node]: Keypoints estratti: 800
[superpoint_node-2] [ERROR] [1768034345.056977634] [superpoint_node]: Errore pubblicazione keypoints 3D: could not assign tuple of length 3 to structure with 4 fields.
[superpoint_node-2] [INFO] [1768034345.152526229] [superpoint_node]: Keypoints estratti: 800
[superpoint_node-2] [ERROR] [1768034345.158273590] [superpoint_node]: Errore pubblicazione keypoints 3D: could not assign tuple of length 3 to structure with 4 fields.
[superpoint_node-2] [INFO] [1768034345.251581168] [superpoint_node]: Keypoints estratti: 800
[superpoint_node-2] [ERROR] [1768034345.258410704] [superpoint_node]: Errore pubblicazione keypoints 3D: could not assign tuple of length 3 to structure with 4 fields.
[rtabmap-14] [INFO] [1768034345.325775778] [rtabmap]: rtabmap (1611): Rate=0.50s, Limit=0.001s, Conversion=0.0002s, RTAB-Map=0.0707s, Maps update=0.0010s pub=0.0013s delay=0.1255s (local map=3, WM=4)
[superpoint_node-2] [INFO] [1768034345.360362276] [superpoint_node]: Keypoints estratti: 800
[superpoint_node-2] [ERROR] [1768034345.367878299] [superpoint_node]: Errore pubblicazione keypoints 3D: could not assign tuple of length 3 to structure with 4 fields.
[superpoint_node-2] [INFO] [1768034345.462578740] [superpoint_node]: Keypoints estratti: 800
[superpoint_node-2] [ERROR] [1768034345.468223007] [superpoint_node]: Errore pubblicazione keypoints 3D: could not assign tuple of length 3 to structure with 4 fields.
[superpoint_node-2] [INFO] [1768034345.560495965] [superpoint_node]: Keypoints estratti: 800
[superpoint_node-2] [ERROR] [1768034345.566986980] [superpoint_node]: Errore pubblicazione keypoints 3D: could not assign tuple of length 3 to structure with 4 fields.
[superpoint_node-2] [INFO] [1768034345.660367632] [superpoint_node]: Keypoints estratti: 800
[superpoint_node-2] [ERROR] [1768034345.667236113] [superpoint_node]: Errore pubblicazione keypoints 3D: could not assign tuple of length 3 to structure with 4 fields.
[superpoint_node-2] [INFO] [1768034345.762578077] [superpoint_node]: Keypoints estratti: 800
[superpoint_node-2] [ERROR] [1768034345.769139871] [superpoint_node]: Errore pubblicazione keypoints 3D: could not assign tuple of length 3 to structure with 4 fields.
[rtabmap-14] [INFO] [1768034345.855515652] [rtabmap]: rtabmap (1612): Rate=0.50s, Limit=0.001s, Conversion=0.0002s, RTAB-Map=0.0718s, Maps update=0.0017s pub=0.0015s delay=0.1440s (local map=5, WM=5)
[superpoint_node-2] [INFO] [1768034345.866510851] [superpoint_node]: Keypoints estratti: 800
[superpoint_node-2] [ERROR] [1768034345.872769753] [superpoint_node]: Errore pubblicazione keypoints 3D: could not assign tuple of length 3 to structure with 4 fields.
[superpoint_node-2] [INFO] [1768034345.966228461] [superpoint_node]: Keypoints estratti: 800
[superpoint_node-2] [ERROR] [1768034345.972203954] [superpoint_node]: Errore pubblicazione keypoints 3D: could not assign tuple of length 3 to structure with 4 fields.
[superpoint_node-2] [INFO] [1768034346.064639209] [superpoint_node]: Keypoints estratti: 800
[superpoint_node-2] [ERROR] [1768034346.070606164] [superpoint_node]: Errore pubblicazione keypoints 3D: could not assign tuple of length 3 to structure with 4 fields.
[superpoint_node-2] [INFO] [1768034346.163712926] [superpoint_node]: Keypoints estratti: 800
[superpoint_node-2] [ERROR] [1768034346.169770215] [superpoint_node]: Errore pubblicazione keypoints 3D: could not assign tuple of length 3 to structure with 4 fields.
[superpoint_node-2] [INFO] [1768034346.263972170] [superpoint_node]: Keypoints estratti: 800
[superpoint_node-2] [ERROR] [1768034346.269445362] [superpoint_node]: Errore pubblicazione keypoints 3D: could not assign tuple of length 3 to structure with 4 fields.
[superpoint_node-2] [INFO] [1768034346.363622261] [superpoint_node]: Keypoints estratti: 800
[superpoint_node-2] [ERROR] [1768034346.369686402] [superpoint_node]: Errore pubblicazione keypoints 3D: could not assign tuple of length 3 to structure with 4 fields.
[rtabmap-14] [INFO] [1768034346.387365136] [rtabmap]: rtabmap (1613): Rate=0.50s, Limit=0.001s, Conversion=0.0004s, RTAB-Map=0.0397s, Maps update=0.0003s pub=0.0009s delay=0.0764s (local map=2, WM=6)
[superpoint_node-2] [INFO] [1768034346.461817008] [superpoint_node]: Keypoints estratti: 800
[superpoint_node-2] [ERROR] [1768034346.467776777] [superpoint_node]: Errore pubblicazione keypoints 3D: could not assign tuple of length 3 to structure with 4 fields.
[superpoint_node-2] [INFO] [1768034346.559702066] [superpoint_node]: Keypoints estratti: 800
[superpoint_node-2] [ERROR] [1768034346.565654466] [superpoint_node]: Errore pubblicazione keypoints 3D: could not assign tuple of length 3 to structure with 4 fields.
[superpoint_node-2] [INFO] [1768034346.659276009] [superpoint_node]: Keypoints estratti: 800
[superpoint_node-2] [ERROR] [1768034346.665093407] [superpoint_node]: Errore pubblicazione keypoints 3D: could not assign tuple of length 3 to structure with 4 fields.
[superpoint_node-2] [INFO] [1768034346.754965532] [superpoint_node]: Keypoints estratti: 800
[superpoint_node-2] [ERROR] [1768034346.760906912] [superpoint_node]: Errore pubblicazione keypoints 3D: could not assign tuple of length 3 to structure with 4 fields.
[superpoint_node-2] [INFO] [1768034346.854421936] [superpoint_node]: Keypoints estratti: 800
[superpoint_node-2] [ERROR] [1768034346.860036277] [superpoint_node]: Errore pubblicazione keypoints 3D: could not assign tuple of length 3 to structure with 4 fields.
[superpoint_node-2] [INFO] [1768034346.955232166] [superpoint_node]: Keypoints estratti: 800
[superpoint_node-2] [ERROR] [1768034346.961506327] [superpoint_node]: Errore pubblicazione keypoints 3D: could not assign tuple of length 3 to structure with 4 fields.
[rtabmap-14] [INFO] [1768034346.961496124] [rtabmap]: rtabmap (1614): Rate=0.50s, Limit=0.001s, Conversion=0.0003s, RTAB-Map=0.0446s, Maps update=0.0003s pub=0.0009s delay=0.0600s (local map=3, WM=5)
[superpoint_node-2] [INFO] [1768034347.055595615] [superpoint_node]: Keypoints estratti: 800
[superpoint_node-2] [ERROR] [1768034347.061347605] [superpoint_node]: Errore pubblicazione keypoints 3D: could not assign tuple of length 3 to structure with 4 fields.
[superpoint_node-2] [INFO] [1768034347.151383916] [superpoint_node]: Keypoints estratti: 800
[superpoint_node-2] [ERROR] [1768034347.156919460] [superpoint_node]: Errore pubblicazione keypoints 3D: could not assign tuple of length 3 to structure with 4 fields.
[superpoint_node-2] [INFO] [1768034347.247888723] [superpoint_node]: Keypoints estratti: 800
[superpoint_node-2] [ERROR] [1768034347.253825530] [superpoint_node]: Errore pubblicazione keypoints 3D: could not assign tuple of length 3 to structure with 4 fields.
[superpoint_node-2] [INFO] [1768034347.345762523] [superpoint_node]: Keypoints estratti: 800
[superpoint_node-2] [ERROR] [1768034347.351902460] [superpoint_node]: Errore pubblicazione keypoints 3D: could not assign tuple of length 3 to structure with 4 fields.
[superpoint_node-2] [INFO] [1768034347.444393846] [superpoint_node]: Keypoints estratti: 800
[superpoint_node-2] [ERROR] [1768034347.450624989] [superpoint_node]: Errore pubblicazione keypoints 3D: could not assign tuple of length 3 to structure with 4 fields.
[superpoint_node-2] [INFO] [1768034347.544580275] [superpoint_node]: Keypoints estratti: 800
[superpoint_node-2] [ERROR] [1768034347.550927937] [superpoint_node]: Errore pubblicazione keypoints 3D: could not assign tuple of length 3 to structure with 4 fields.
[rtabmap-14] [INFO] [1768034347.558470923] [rtabmap]: rtabmap (1615): Rate=0.50s, Limit=0.001s, Conversion=0.0003s, RTAB-Map=0.0403s, Maps update=0.0009s pub=0.0010s delay=0.0660s (local map=5, WM=5)
[superpoint_node-2] [INFO] [1768034347.643437564] [superpoint_node]: Keypoints estratti: 800
[superpoint_node-2] [ERROR] [1768034347.649413778] [superpoint_node]: Errore pubblicazione keypoints 3D: could not assign tuple of length 3 to structure with 4 fields.
[superpoint_node-2] [INFO] [1768034347.740214392] [superpoint_node]: Keypoints estratti: 800
[superpoint_node-2] [ERROR] [1768034347.745937845] [superpoint_node]: Errore pubblicazione keypoints 3D: could not assign tuple of length 3 to structure with 4 fields.
[superpoint_node-2] [INFO] [1768034347.835451596] [superpoint_node]: Keypoints estratti: 800
[superpoint_node-2] [ERROR] [1768034347.841877425] [superpoint_node]: Errore pubblicazione keypoints 3D: could not assign tuple of length 3 to structure with 4 fields.
[superpoint_node-2] [INFO] [1768034347.931900625] [superpoint_node]: Keypoints estratti: 800
[superpoint_node-2] [ERROR] [1768034347.937486299] [superpoint_node]: Errore pubblicazione keypoints 3D: could not assign tuple of length 3 to structure with 4 fields.
[superpoint_node-2] [INFO] [1768034348.032598706] [superpoint_node]: Keypoints estratti: 800
[superpoint_node-2] [ERROR] [1768034348.038078712] [superpoint_node]: Errore pubblicazione keypoints 3D: could not assign tuple of length 3 to structure with 4 fields.
[superpoint_node-2] [INFO] [1768034348.130541209] [superpoint_node]: Keypoints estratti: 800
[superpoint_node-2] [ERROR] [1768034348.136406478] [superpoint_node]: Errore pubblicazione keypoints 3D: could not assign tuple of length 3 to structure with 4 fields.
[rtabmap-14] [33m[ WARN] (2026-01-10 09:39:05.848) Memory.cpp:2105::forget() Less signatures transferred (1) than added (2)! The working memory cannot decrease in size.[0m
[rtabmap-14] [33m[ WARN] (2026-01-10 09:39:06.383) Memory.cpp:2105::forget() Less signatures transferred (2) than added (3)! The working memory cannot decrease in size.[0m
[rtabmap-14] [INFO] [1768034348.209574840] [rtabmap]: rtabmap (1616): Rate=0.50s, Limit=0.001s, Conversion=0.0002s, RTAB-Map=0.0570s, Maps update=0.0005s pub=0.0011s delay=0.1271s (local map=2, WM=5)
[superpoint_node-2] [INFO] [1768034348.234196314] [superpoint_node]: Keypoints estratti: 800
[superpoint_node-2] [ERROR] [1768034348.240626662] [superpoint_node]: Errore pubblicazione keypoints 3D: could not assign tuple of length 3 to structure with 4 fields.
[superpoint_node-2] [INFO] [1768034348.333395531] [superpoint_node]: Keypoints estratti: 800
[superpoint_node-2] [ERROR] [1768034348.339107132] [superpoint_node]: Errore pubblicazione keypoints 3D: could not assign tuple of length 3 to structure with 4 fields.
[superpoint_node-2] [INFO] [1768034348.432479192] [superpoint_node]: Keypoints estratti: 800
[superpoint_node-2] [ERROR] [1768034348.441469431] [superpoint_node]: Errore pubblicazione keypoints 3D: could not assign tuple of length 3 to structure with 4 fields.
[superpoint_node-2] [INFO] [1768034348.533169347] [superpoint_node]: Keypoints estratti: 800
[superpoint_node-2] [ERROR] [1768034348.540451368] [superpoint_node]: Errore pubblicazione keypoints 3D: could not assign tuple of length 3 to structure with 4 fields.
[superpoint_node-2] [INFO] [1768034348.632770049] [superpoint_node]: Keypoints estratti: 800
[superpoint_node-2] [ERROR] [1768034348.640822002] [superpoint_node]: Errore pubblicazione keypoints 3D: could not assign tuple of length 3 to structure with 4 fields.
[rtabmap-14] [INFO] [1768034348.693036771] [rtabmap]: rtabmap (1617): Rate=0.50s, Limit=0.001s, Conversion=0.0003s, RTAB-Map=0.0746s, Maps update=0.0015s pub=0.0017s delay=0.1105s (local map=3, WM=4)
[superpoint_node-2] [INFO] [1768034348.735100440] [superpoint_node]: Keypoints estratti: 800
[superpoint_node-2] [ERROR] [1768034348.741489935] [superpoint_node]: Errore pubblicazione keypoints 3D: could not assign tuple of length 3 to structure with 4 fields.
[superpoint_node-2] [INFO] [1768034348.830805074] [superpoint_node]: Keypoints estratti: 800
[superpoint_node-2] [ERROR] [1768034348.836502230] [superpoint_node]: Errore pubblicazione keypoints 3D: could not assign tuple of length 3 to structure with 4 fields.
[superpoint_node-2] [INFO] [1768034348.928218832] [superpoint_node]: Keypoints estratti: 800
[superpoint_node-2] [ERROR] [1768034348.933919896] [superpoint_node]: Errore pubblicazione keypoints 3D: could not assign tuple of length 3 to structure with 4 fields.
[superpoint_node-2] [INFO] [1768034349.027232993] [superpoint_node]: Keypoints estratti: 800
[superpoint_node-2] [ERROR] [1768034349.032830334] [superpoint_node]: Errore pubblicazione keypoints 3D: could not assign tuple of length 3 to structure with 4 fields.
[superpoint_node-2] [INFO] [1768034349.125703482] [superpoint_node]: Keypoints estratti: 800
[superpoint_node-2] [ERROR] [1768034349.131271600] [superpoint_node]: Errore pubblicazione keypoints 3D: could not assign tuple of length 3 to structure with 4 fields.
[superpoint_node-2] [INFO] [1768034349.225349166] [superpoint_node]: Keypoints estratti: 800
[superpoint_node-2] [ERROR] [1768034349.231158675] [superpoint_node]: Errore pubblicazione keypoints 3D: could not assign tuple of length 3 to structure with 4 fields.
[rtabmap-14] [INFO] [1768034349.297551686] [rtabmap]: rtabmap (1618): Rate=0.50s, Limit=0.001s, Conversion=0.0002s, RTAB-Map=0.0771s, Maps update=0.0025s pub=0.0013s delay=0.1215s (local map=5, WM=5)
[superpoint_node-2] [INFO] [1768034349.326595492] [superpoint_node]: Keypoints estratti: 800
[superpoint_node-2] [ERROR] [1768034349.332506743] [superpoint_node]: Errore pubblicazione keypoints 3D: could not assign tuple of length 3 to structure with 4 fields.
[superpoint_node-2] [INFO] [1768034349.425247927] [superpoint_node]: Keypoints estratti: 800
[superpoint_node-2] [ERROR] [1768034349.431841424] [superpoint_node]: Errore pubblicazione keypoints 3D: could not assign tuple of length 3 to structure with 4 fields.
[superpoint_node-2] [INFO] [1768034349.526200436] [superpoint_node]: Keypoints estratti: 800
[superpoint_node-2] [ERROR] [1768034349.532029298] [superpoint_node]: Errore pubblicazione keypoints 3D: could not assign tuple of length 3 to structure with 4 fields.
[superpoint_node-2] [INFO] [1768034349.625549414] [superpoint_node]: Keypoints estratti: 800
[superpoint_node-2] [ERROR] [1768034349.631714908] [superpoint_node]: Errore pubblicazione keypoints 3D: could not assign tuple of length 3 to structure with 4 fields.
[superpoint_node-2] [INFO] [1768034349.724272831] [superpoint_node]: Keypoints estratti: 800
[superpoint_node-2] [ERROR] [1768034349.729925136] [superpoint_node]: Errore pubblicazione keypoints 3D: could not assign tuple of length 3 to structure with 4 fields.
[superpoint_node-2] [INFO] [1768034349.824884541] [superpoint_node]: Keypoints estratti: 800
[superpoint_node-2] [ERROR] [1768034349.831348871] [superpoint_node]: Errore pubblicazione keypoints 3D: could not assign tuple of length 3 to structure with 4 fields.
[rtabmap-14] [INFO] [1768034349.895528512] [rtabmap]: rtabmap (1619): Rate=0.50s, Limit=0.001s, Conversion=0.0002s, RTAB-Map=0.0769s, Maps update=0.0017s pub=0.0011s delay=0.1238s (local map=2, WM=6)
[superpoint_node-2] [INFO] [1768034349.926439759] [superpoint_node]: Keypoints estratti: 800
[superpoint_node-2] [ERROR] [1768034349.932165934] [superpoint_node]: Errore pubblicazione keypoints 3D: could not assign tuple of length 3 to structure with 4 fields.
[superpoint_node-2] [INFO] [1768034350.026322148] [superpoint_node]: Keypoints estratti: 800
[superpoint_node-2] [ERROR] [1768034350.032210436] [superpoint_node]: Errore pubblicazione keypoints 3D: could not assign tuple of length 3 to structure with 4 fields.
[superpoint_node-2] [INFO] [1768034350.124814786] [superpoint_node]: Keypoints estratti: 800
[superpoint_node-2] [ERROR] [1768034350.131034410] [superpoint_node]: Errore pubblicazione keypoints 3D: could not assign tuple of length 3 to structure with 4 fields.
[superpoint_node-2] [INFO] [1768034350.221008516] [superpoint_node]: Keypoints estratti: 800
[superpoint_node-2] [ERROR] [1768034350.226858711] [superpoint_node]: Errore pubblicazione keypoints 3D: could not assign tuple of length 3 to structure with 4 fields.
[superpoint_node-2] [INFO] [1768034350.419151319] [superpoint_node]: Keypoints estratti: 800
[rtabmap-14] [INFO] [1768034350.424424936] [rtabmap]: rtabmap (1620): Rate=0.50s, Limit=0.001s, Conversion=0.0003s, RTAB-Map=0.0397s, Maps update=0.0012s pub=0.0010s delay=0.0549s (local map=3, WM=5)
[superpoint_node-2] [ERROR] [1768034350.426194635] [superpoint_node]: Errore pubblicazione keypoints 3D: could not assign tuple of length 3 to structure with 4 fields.
[superpoint_node-2] [INFO] [1768034350.520642444] [superpoint_node]: Keypoints estratti: 800
[superpoint_node-2] [ERROR] [1768034350.526188210] [superpoint_node]: Errore pubblicazione keypoints 3D: could not assign tuple of length 3 to structure with 4 fields.
[superpoint_node-2] [INFO] [1768034350.618617207] [superpoint_node]: Keypoints estratti: 800
[superpoint_node-2] [ERROR] [1768034350.623785211] [superpoint_node]: Errore pubblicazione keypoints 3D: could not assign tuple of length 3 to structure with 4 fields.
[superpoint_node-2] [INFO] [1768034350.716083133] [superpoint_node]: Keypoints estratti: 800
[superpoint_node-2] [ERROR] [1768034350.721645973] [superpoint_node]: Errore pubblicazione keypoints 3D: could not assign tuple of length 3 to structure with 4 fields.
[superpoint_node-2] [INFO] [1768034350.815477426] [superpoint_node]: Keypoints estratti: 800
[superpoint_node-2] [ERROR] [1768034350.820822394] [superpoint_node]: Errore pubblicazione keypoints 3D: could not assign tuple of length 3 to structure with 4 fields.
[superpoint_node-2] [INFO] [1768034350.917609907] [superpoint_node]: Keypoints estratti: 800
[superpoint_node-2] [ERROR] [1768034350.923580918] [superpoint_node]: Errore pubblicazione keypoints 3D: could not assign tuple of length 3 to structure with 4 fields.
[rtabmap-14] [INFO] [1768034350.988203507] [rtabmap]: rtabmap (1621): Rate=0.50s, Limit=0.001s, Conversion=0.0006s, RTAB-Map=0.0681s, Maps update=0.0020s pub=0.0015s delay=0.1186s (local map=5, WM=5)
[superpoint_node-2] [INFO] [1768034351.017806836] [superpoint_node]: Keypoints estratti: 800
[superpoint_node-2] [ERROR] [1768034351.023303473] [superpoint_node]: Errore pubblicazione keypoints 3D: could not assign tuple of length 3 to structure with 4 fields.
[superpoint_node-2] [INFO] [1768034351.119789557] [superpoint_node]: Keypoints estratti: 800
[superpoint_node-2] [ERROR] [1768034351.125303157] [superpoint_node]: Errore pubblicazione keypoints 3D: could not assign tuple of length 3 to structure with 4 fields.
[superpoint_node-2] [INFO] [1768034351.218313362] [superpoint_node]: Keypoints estratti: 800
[superpoint_node-2] [ERROR] [1768034351.224564949] [superpoint_node]: Errore pubblicazione keypoints 3D: could not assign tuple of length 3 to structure with 4 fields.
[superpoint_node-2] [INFO] [1768034351.316664776] [superpoint_node]: Keypoints estratti: 800
[superpoint_node-2] [ERROR] [1768034351.322200617] [superpoint_node]: Errore pubblicazione keypoints 3D: could not assign tuple of length 3 to structure with 4 fields.
[superpoint_node-2] [INFO] [1768034351.417723323] [superpoint_node]: Keypoints estratti: 800
[superpoint_node-2] [ERROR] [1768034351.423183978] [superpoint_node]: Errore pubblicazione keypoints 3D: could not assign tuple of length 3 to structure with 4 fields.
[superpoint_node-2] [INFO] [1768034351.525595110] [superpoint_node]: Keypoints estratti: 800
[superpoint_node-2] [ERROR] [1768034351.531879382] [superpoint_node]: Errore pubblicazione keypoints 3D: could not assign tuple of length 3 to structure with 4 fields.
[rtabmap-14] [INFO] [1768034351.590225903] [rtabmap]: rtabmap (1622): Rate=0.50s, Limit=0.001s, Conversion=0.0022s, RTAB-Map=0.0667s, Maps update=0.0030s pub=0.0019s delay=0.1207s (local map=2, WM=5)
[superpoint_node-2] [INFO] [1768034351.659756384] [superpoint_node]: Keypoints estratti: 800
[superpoint_node-2] [ERROR] [1768034351.665180834] [superpoint_node]: Errore pubblicazione keypoints 3D: could not assign tuple of length 3 to structure with 4 fields.
[superpoint_node-2] [INFO] [1768034351.765465505] [superpoint_node]: Keypoints estratti: 800
[superpoint_node-2] [ERROR] [1768034351.770924011] [superpoint_node]: Errore pubblicazione keypoints 3D: could not assign tuple of length 3 to structure with 4 fields.
[superpoint_node-2] [INFO] [1768034351.859263235] [superpoint_node]: Keypoints estratti: 800
[superpoint_node-2] [ERROR] [1768034351.864739001] [superpoint_node]: Errore pubblicazione keypoints 3D: could not assign tuple of length 3 to structure with 4 fields.
[superpoint_node-2] [INFO] [1768034351.956233601] [superpoint_node]: Keypoints estratti: 800
[superpoint_node-2] [ERROR] [1768034351.961756812] [superpoint_node]: Errore pubblicazione keypoints 3D: could not assign tuple of length 3 to structure with 4 fields.
[superpoint_node-2] [INFO] [1768034352.052925706] [superpoint_node]: Keypoints estratti: 800
[superpoint_node-2] [ERROR] [1768034352.059436628] [superpoint_node]: Errore pubblicazione keypoints 3D: could not assign tuple of length 3 to structure with 4 fields.
[rtabmap-14] [INFO] [1768034352.085716764] [rtabmap]: rtabmap (1623): Rate=0.50s, Limit=0.001s, Conversion=0.0003s, RTAB-Map=0.0374s, Maps update=0.0019s pub=0.0009s delay=0.0842s (local map=3, WM=4)
[superpoint_node-2] [INFO] [1768034352.157016869] [superpoint_node]: Keypoints estratti: 800
[superpoint_node-2] [ERROR] [1768034352.162770952] [superpoint_node]: Errore pubblicazione keypoints 3D: could not assign tuple of length 3 to structure with 4 fields.
[superpoint_node-2] [INFO] [1768034352.253831790] [superpoint_node]: Keypoints estratti: 800
[superpoint_node-2] [ERROR] [1768034352.260089321] [superpoint_node]: Errore pubblicazione keypoints 3D: could not assign tuple of length 3 to structure with 4 fields.
[superpoint_node-2] [INFO] [1768034352.351994925] [superpoint_node]: Keypoints estratti: 800
[superpoint_node-2] [ERROR] [1768034352.359157815] [superpoint_node]: Errore pubblicazione keypoints 3D: could not assign tuple of length 3 to structure with 4 fields.
[superpoint_node-2] [INFO] [1768034352.451453681] [superpoint_node]: Keypoints estratti: 800
[superpoint_node-2] [ERROR] [1768034352.457010855] [superpoint_node]: Errore pubblicazione keypoints 3D: could not assign tuple of length 3 to structure with 4 fields.
[superpoint_node-2] [INFO] [1768034352.545625359] [superpoint_node]: Keypoints estratti: 800
[superpoint_node-2] [ERROR] [1768034352.554664301] [superpoint_node]: Errore pubblicazione keypoints 3D: could not assign tuple of length 3 to structure with 4 fields.
[superpoint_node-2] [INFO] [1768034352.646226421] [superpoint_node]: Keypoints estratti: 800
[superpoint_node-2] [ERROR] [1768034352.652976363] [superpoint_node]: Errore pubblicazione keypoints 3D: could not assign tuple of length 3 to structure with 4 fields.
[rtabmap-14] [INFO] [1768034352.702891669] [rtabmap]: rtabmap (1624): Rate=0.50s, Limit=0.001s, Conversion=0.0002s, RTAB-Map=0.0755s, Maps update=0.0049s pub=0.0033s delay=0.1086s (local map=5, WM=5)
[superpoint_node-2] [INFO] [1768034352.747953936] [superpoint_node]: Keypoints estratti: 800
[superpoint_node-2] [ERROR] [1768034352.753669704] [superpoint_node]: Errore pubblicazione keypoints 3D: could not assign tuple of length 3 to structure with 4 fields.
[superpoint_node-2] [INFO] [1768034352.844121722] [superpoint_node]: Keypoints estratti: 800
[superpoint_node-2] [ERROR] [1768034352.849992417] [superpoint_node]: Errore pubblicazione keypoints 3D: could not assign tuple of length 3 to structure with 4 fields.
[superpoint_node-2] [INFO] [1768034352.935414191] [superpoint_node]: Keypoints estratti: 800
[superpoint_node-2] [ERROR] [1768034352.941334108] [superpoint_node]: Errore pubblicazione keypoints 3D: could not assign tuple of length 3 to structure with 4 fields.
[superpoint_node-2] [INFO] [1768034353.029273051] [superpoint_node]: Keypoints estratti: 800
[superpoint_node-2] [ERROR] [1768034353.034992781] [superpoint_node]: Errore pubblicazione keypoints 3D: could not assign tuple of length 3 to structure with 4 fields.
[superpoint_node-2] [INFO] [1768034353.131285050] [superpoint_node]: Keypoints estratti: 800
[superpoint_node-2] [ERROR] [1768034353.137513081] [superpoint_node]: Errore pubblicazione keypoints 3D: could not assign tuple of length 3 to structure with 4 fields.
[rtabmap-14] [33m[ WARN] (2026-01-10 09:39:09.292) Memory.cpp:2105::forget() Less signatures transferred (1) than added (2)! The working memory cannot decrease in size.[0m
[rtabmap-14] [33m[ WARN] (2026-01-10 09:39:09.887) Memory.cpp:2105::forget() Less signatures transferred (2) than added (3)! The working memory cannot decrease in size.[0m
[rtabmap-14] [33m[ WARN] (2026-01-10 09:39:12.688) Memory.cpp:2105::forget() Less signatures transferred (1) than added (2)! The working memory cannot decrease in size.[0m
[superpoint_node-2] [INFO] [1768034353.227675189] [superpoint_node]: Keypoints estratti: 800
[superpoint_node-2] [ERROR] [1768034353.233322567] [superpoint_node]: Errore pubblicazione keypoints 3D: could not assign tuple of length 3 to structure with 4 fields.
[rtabmap-14] [INFO] [1768034353.316677714] [rtabmap]: rtabmap (1625): Rate=0.50s, Limit=0.001s, Conversion=0.0002s, RTAB-Map=0.0619s, Maps update=0.0042s pub=0.0009s delay=0.1354s (local map=2, WM=6)
[superpoint_node-2] [INFO] [1768034353.329060257] [superpoint_node]: Keypoints estratti: 800
[superpoint_node-2] [ERROR] [1768034353.334529282] [superpoint_node]: Errore pubblicazione keypoints 3D: could not assign tuple of length 3 to structure with 4 fields.
[superpoint_node-2] [INFO] [1768034353.425544601] [superpoint_node]: Keypoints estratti: 800
[superpoint_node-2] [ERROR] [1768034353.431314499] [superpoint_node]: Errore pubblicazione keypoints 3D: could not assign tuple of length 3 to structure with 4 fields.
[superpoint_node-2] [INFO] [1768034353.520230264] [superpoint_node]: Keypoints estratti: 800
[superpoint_node-2] [ERROR] [1768034353.525733030] [superpoint_node]: Errore pubblicazione keypoints 3D: could not assign tuple of length 3 to structure with 4 fields.
[superpoint_node-2] [INFO] [1768034353.717722562] [superpoint_node]: Keypoints estratti: 800
[superpoint_node-2] [ERROR] [1768034353.723378329] [superpoint_node]: Errore pubblicazione keypoints 3D: could not assign tuple of length 3 to structure with 4 fields.
[superpoint_node-2] [INFO] [1768034353.921181648] [superpoint_node]: Keypoints estratti: 800
[superpoint_node-2] [ERROR] [1768034353.927102806] [superpoint_node]: Errore pubblicazione keypoints 3D: could not assign tuple of length 3 to structure with 4 fields.
[rtabmap-14] [INFO] [1768034353.958370445] [rtabmap]: rtabmap (1626): Rate=0.50s, Limit=0.001s, Conversion=0.0006s, RTAB-Map=0.0651s, Maps update=0.0032s pub=0.0036s delay=0.0888s (local map=3, WM=5)
[superpoint_node-2] [INFO] [1768034354.021857210] [superpoint_node]: Keypoints estratti: 800
[superpoint_node-2] [ERROR] [1768034354.027261846] [superpoint_node]: Errore pubblicazione keypoints 3D: could not assign tuple of length 3 to structure with 4 fields.
[superpoint_node-2] [INFO] [1768034354.219783364] [superpoint_node]: Keypoints estratti: 800
[superpoint_node-2] [ERROR] [1768034354.225356426] [superpoint_node]: Errore pubblicazione keypoints 3D: could not assign tuple of length 3 to structure with 4 fields.
[superpoint_node-2] [INFO] [1768034354.419621884] [superpoint_node]: Keypoints estratti: 800
[superpoint_node-2] [ERROR] [1768034354.425174780] [superpoint_node]: Errore pubblicazione keypoints 3D: could not assign tuple of length 3 to structure with 4 fields.
[superpoint_node-2] [INFO] [1768034354.520323169] [superpoint_node]: Keypoints estratti: 800
[superpoint_node-2] [ERROR] [1768034354.526205512] [superpoint_node]: Errore pubblicazione keypoints 3D: could not assign tuple of length 3 to structure with 4 fields.
[rtabmap-14] [INFO] [1768034354.588089302] [rtabmap]: rtabmap (1627): Rate=0.50s, Limit=0.001s, Conversion=0.0007s, RTAB-Map=0.0692s, Maps update=0.0025s pub=0.0012s delay=0.1187s (local map=5, WM=5)
[superpoint_node-2] [INFO] [1768034354.622085832] [superpoint_node]: Keypoints estratti: 800
[superpoint_node-2] [ERROR] [1768034354.627471412] [superpoint_node]: Errore pubblicazione keypoints 3D: could not assign tuple of length 3 to structure with 4 fields.
[superpoint_node-2] [INFO] [1768034354.819039070] [superpoint_node]: Keypoints estratti: 800
[superpoint_node-2] [ERROR] [1768034354.824854339] [superpoint_node]: Errore pubblicazione keypoints 3D: could not assign tuple of length 3 to structure with 4 fields.
[superpoint_node-2] [INFO] [1768034354.917958119] [superpoint_node]: Keypoints estratti: 800
[superpoint_node-2] [ERROR] [1768034354.924063705] [superpoint_node]: Errore pubblicazione keypoints 3D: could not assign tuple of length 3 to structure with 4 fields.
[superpoint_node-2] [INFO] [1768034355.018647533] [superpoint_node]: Keypoints estratti: 800
[superpoint_node-2] [ERROR] [1768034355.024631322] [superpoint_node]: Errore pubblicazione keypoints 3D: could not assign tuple of length 3 to structure with 4 fields.
[rtabmap-14] [INFO] [1768034355.091267057] [rtabmap]: rtabmap (1628): Rate=0.50s, Limit=0.001s, Conversion=0.0007s, RTAB-Map=0.0754s, Maps update=0.0005s pub=0.0012s delay=0.1218s (local map=2, WM=5)
[superpoint_node-2] [INFO] [1768034355.120500957] [superpoint_node]: Keypoints estratti: 800
[superpoint_node-2] [ERROR] [1768034355.126116780] [superpoint_node]: Errore pubblicazione keypoints 3D: could not assign tuple of length 3 to structure with 4 fields.
[superpoint_node-2] [INFO] [1768034355.218146458] [superpoint_node]: Keypoints estratti: 800
[superpoint_node-2] [ERROR] [1768034355.223884763] [superpoint_node]: Errore pubblicazione keypoints 3D: could not assign tuple of length 3 to structure with 4 fields.
[superpoint_node-2] [INFO] [1768034355.319031541] [superpoint_node]: Keypoints estratti: 800
[superpoint_node-2] [ERROR] [1768034355.324497881] [superpoint_node]: Errore pubblicazione keypoints 3D: could not assign tuple of length 3 to structure with 4 fields.
[superpoint_node-2] [INFO] [1768034355.450632943] [superpoint_node]: Keypoints estratti: 800
[superpoint_node-2] [ERROR] [1768034355.456306544] [superpoint_node]: Errore pubblicazione keypoints 3D: could not assign tuple of length 3 to structure with 4 fields.
[superpoint_node-2] [INFO] [1768034355.548716744] [superpoint_node]: Keypoints estratti: 800
[superpoint_node-2] [ERROR] [1768034355.554139806] [superpoint_node]: Errore pubblicazione keypoints 3D: could not assign tuple of length 3 to structure with 4 fields.
[rtabmap-14] [INFO] [1768034355.596557329] [rtabmap]: rtabmap (1629): Rate=0.50s, Limit=0.001s, Conversion=0.0005s, RTAB-Map=0.0699s, Maps update=0.0034s pub=0.0035s delay=0.1011s (local map=3, WM=4)
[superpoint_node-2] [INFO] [1768034355.650312443] [superpoint_node]: Keypoints estratti: 800
[superpoint_node-2] [ERROR] [1768034355.656071174] [superpoint_node]: Errore pubblicazione keypoints 3D: could not assign tuple of length 3 to structure with 4 fields.
[superpoint_node-2] [INFO] [1768034355.746296487] [superpoint_node]: Keypoints estratti: 800
[superpoint_node-2] [ERROR] [1768034355.752288072] [superpoint_node]: Errore pubblicazione keypoints 3D: could not assign tuple of length 3 to structure with 4 fields.
[superpoint_node-2] [INFO] [1768034355.839121857] [superpoint_node]: Keypoints estratti: 800
[superpoint_node-2] [ERROR] [1768034355.845275628] [superpoint_node]: Errore pubblicazione keypoints 3D: could not assign tuple of length 3 to structure with 4 fields.
[superpoint_node-2] [INFO] [1768034355.938084295] [superpoint_node]: Keypoints estratti: 800
[superpoint_node-2] [ERROR] [1768034355.944931238] [superpoint_node]: Errore pubblicazione keypoints 3D: could not assign tuple of length 3 to structure with 4 fields.
[superpoint_node-2] [INFO] [1768034356.033470426] [superpoint_node]: Keypoints estratti: 800
[superpoint_node-2] [ERROR] [1768034356.039842810] [superpoint_node]: Errore pubblicazione keypoints 3D: could not assign tuple of length 3 to structure with 4 fields.
[superpoint_node-2] [INFO] [1768034356.131614857] [superpoint_node]: Keypoints estratti: 800
[superpoint_node-2] [ERROR] [1768034356.137910630] [superpoint_node]: Errore pubblicazione keypoints 3D: could not assign tuple of length 3 to structure with 4 fields.
[rtabmap-14] [INFO] [1768034356.182491856] [rtabmap]: rtabmap (1630): Rate=0.50s, Limit=0.001s, Conversion=0.0006s, RTAB-Map=0.0578s, Maps update=0.0005s pub=0.0063s delay=0.1008s (local map=5, WM=5)
[superpoint_node-2] [INFO] [1768034356.231941991] [superpoint_node]: Keypoints estratti: 800
[superpoint_node-2] [ERROR] [1768034356.237504832] [superpoint_node]: Errore pubblicazione keypoints 3D: could not assign tuple of length 3 to structure with 4 fields.
[superpoint_node-2] [INFO] [1768034356.328402594] [superpoint_node]: Keypoints estratti: 800
[superpoint_node-2] [ERROR] [1768034356.334016306] [superpoint_node]: Errore pubblicazione keypoints 3D: could not assign tuple of length 3 to structure with 4 fields.
[superpoint_node-2] [INFO] [1768034356.423825744] [superpoint_node]: Keypoints estratti: 800
[superpoint_node-2] [ERROR] [1768034356.429821626] [superpoint_node]: Errore pubblicazione keypoints 3D: could not assign tuple of length 3 to structure with 4 fields.
[superpoint_node-2] [INFO] [1768034356.521225614] [superpoint_node]: Keypoints estratti: 800
[superpoint_node-2] [ERROR] [1768034356.526816918] [superpoint_node]: Errore pubblicazione keypoints 3D: could not assign tuple of length 3 to structure with 4 fields.
[superpoint_node-2] [INFO] [1768034356.619360416] [superpoint_node]: Keypoints estratti: 800
[superpoint_node-2] [ERROR] [1768034356.624725847] [superpoint_node]: Errore pubblicazione keypoints 3D: could not assign tuple of length 3 to structure with 4 fields.
[superpoint_node-2] [INFO] [1768034356.719086007] [superpoint_node]: Keypoints estratti: 800
[superpoint_node-2] [ERROR] [1768034356.724738497] [superpoint_node]: Errore pubblicazione keypoints 3D: could not assign tuple of length 3 to structure with 4 fields.
[rtabmap-14] [INFO] [1768034356.755876394] [rtabmap]: rtabmap (1631): Rate=0.50s, Limit=0.001s, Conversion=0.0003s, RTAB-Map=0.0402s, Maps update=0.0003s pub=0.0014s delay=0.0863s (local map=2, WM=6)
[superpoint_node-2] [INFO] [1768034356.819978386] [superpoint_node]: Keypoints estratti: 800
[superpoint_node-2] [ERROR] [1768034356.825280336] [superpoint_node]: Errore pubblicazione keypoints 3D: could not assign tuple of length 3 to structure with 4 fields.
[superpoint_node-2] [INFO] [1768034356.921553419] [superpoint_node]: Keypoints estratti: 800
[superpoint_node-2] [ERROR] [1768034356.927012907] [superpoint_node]: Errore pubblicazione keypoints 3D: could not assign tuple of length 3 to structure with 4 fields.
[superpoint_node-2] [INFO] [1768034357.016910976] [superpoint_node]: Keypoints estratti: 800
[superpoint_node-2] [ERROR] [1768034357.022267815] [superpoint_node]: Errore pubblicazione keypoints 3D: could not assign tuple of length 3 to structure with 4 fields.
[superpoint_node-2] [INFO] [1768034357.119644833] [superpoint_node]: Keypoints estratti: 800
[superpoint_node-2] [ERROR] [1768034357.125150858] [superpoint_node]: Errore pubblicazione keypoints 3D: could not assign tuple of length 3 to structure with 4 fields.
[superpoint_node-2] [INFO] [1768034357.322297413] [superpoint_node]: Keypoints estratti: 800
[superpoint_node-2] [ERROR] [1768034357.327943402] [superpoint_node]: Errore pubblicazione keypoints 3D: could not assign tuple of length 3 to structure with 4 fields.
[rtabmap-14] [INFO] [1768034357.361364169] [rtabmap]: rtabmap (1632): Rate=0.50s, Limit=0.001s, Conversion=0.0003s, RTAB-Map=0.0691s, Maps update=0.0067s pub=0.0016s delay=0.0913s (local map=3, WM=5)
[superpoint_node-2] [INFO] [1768034357.423169032] [superpoint_node]: Keypoints estratti: 800
[superpoint_node-2] [ERROR] [1768034357.429287952] [superpoint_node]: Errore pubblicazione keypoints 3D: could not assign tuple of length 3 to structure with 4 fields.
[superpoint_node-2] [INFO] [1768034357.521742485] [superpoint_node]: Keypoints estratti: 800
[superpoint_node-2] [ERROR] [1768034357.527456920] [superpoint_node]: Errore pubblicazione keypoints 3D: could not assign tuple of length 3 to structure with 4 fields.
[superpoint_node-2] [INFO] [1768034357.620411865] [superpoint_node]: Keypoints estratti: 800
[superpoint_node-2] [ERROR] [1768034357.625708185] [superpoint_node]: Errore pubblicazione keypoints 3D: could not assign tuple of length 3 to structure with 4 fields.
[superpoint_node-2] [INFO] [1768034357.720993131] [superpoint_node]: Keypoints estratti: 800
[superpoint_node-2] [ERROR] [1768034357.726323877] [superpoint_node]: Errore pubblicazione keypoints 3D: could not assign tuple of length 3 to structure with 4 fields.
[superpoint_node-2] [INFO] [1768034357.818159073] [superpoint_node]: Keypoints estratti: 800
[superpoint_node-2] [ERROR] [1768034357.823857618] [superpoint_node]: Errore pubblicazione keypoints 3D: could not assign tuple of length 3 to structure with 4 fields.
[superpoint_node-2] [INFO] [1768034357.919516752] [superpoint_node]: Keypoints estratti: 800
[superpoint_node-2] [ERROR] [1768034357.926046970] [superpoint_node]: Errore pubblicazione keypoints 3D: could not assign tuple of length 3 to structure with 4 fields.
[rtabmap-14] [INFO] [1768034357.989098048] [rtabmap]: rtabmap (1633): Rate=0.50s, Limit=0.001s, Conversion=0.0006s, RTAB-Map=0.0753s, Maps update=0.0015s pub=0.0012s delay=0.1196s (local map=5, WM=5)
[superpoint_node-2] [INFO] [1768034358.024728980] [superpoint_node]: Keypoints estratti: 800
[superpoint_node-2] [ERROR] [1768034358.030214579] [superpoint_node]: Errore pubblicazione keypoints 3D: could not assign tuple of length 3 to structure with 4 fields.
[superpoint_node-2] [INFO] [1768034358.125161689] [superpoint_node]: Keypoints estratti: 800
[superpoint_node-2] [ERROR] [1768034358.130636955] [superpoint_node]: Errore pubblicazione keypoints 3D: could not assign tuple of length 3 to structure with 4 fields.
[rtabmap-14] [33m[ WARN] (2026-01-10 09:39:13.310) Memory.cpp:2105::forget() Less signatures transferred (2) than added (3)! The working memory cannot decrease in size.[0m
[rtabmap-14] [33m[ WARN] (2026-01-10 09:39:16.172) Memory.cpp:2105::forget() Less signatures transferred (1) than added (2)! The working memory cannot decrease in size.[0m
[rtabmap-14] [33m[ WARN] (2026-01-10 09:39:16.751) Memory.cpp:2105::forget() Less signatures transferred (2) than added (3)! The working memory cannot decrease in size.[0m
[superpoint_node-2] [INFO] [1768034358.220287096] [superpoint_node]: Keypoints estratti: 800
[superpoint_node-2] [ERROR] [1768034358.225984475] [superpoint_node]: Errore pubblicazione keypoints 3D: could not assign tuple of length 3 to structure with 4 fields.
[superpoint_node-2] [INFO] [1768034358.321155993] [superpoint_node]: Keypoints estratti: 800
[superpoint_node-2] [ERROR] [1768034358.327330431] [superpoint_node]: Errore pubblicazione keypoints 3D: could not assign tuple of length 3 to structure with 4 fields.
[superpoint_node-2] [INFO] [1768034358.419372684] [superpoint_node]: Keypoints estratti: 800
[superpoint_node-2] [ERROR] [1768034358.425450288] [superpoint_node]: Errore pubblicazione keypoints 3D: could not assign tuple of length 3 to structure with 4 fields.
[rtabmap-14] [INFO] [1768034358.493291515] [rtabmap]: rtabmap (1634): Rate=0.50s, Limit=0.001s, Conversion=0.0003s, RTAB-Map=0.0754s, Maps update=0.0009s pub=0.0016s delay=0.1232s (local map=2, WM=5)
[superpoint_node-2] [INFO] [1768034358.520890365] [superpoint_node]: Keypoints estratti: 800
[superpoint_node-2] [ERROR] [1768034358.526263889] [superpoint_node]: Errore pubblicazione keypoints 3D: could not assign tuple of length 3 to structure with 4 fields.
[superpoint_node-2] [INFO] [1768034358.718100123] [superpoint_node]: Keypoints estratti: 800
[superpoint_node-2] [ERROR] [1768034358.724075523] [superpoint_node]: Errore pubblicazione keypoints 3D: could not assign tuple of length 3 to structure with 4 fields.
[superpoint_node-2] [INFO] [1768034358.848587924] [superpoint_node]: Keypoints estratti: 800
[superpoint_node-2] [ERROR] [1768034358.854229469] [superpoint_node]: Errore pubblicazione keypoints 3D: could not assign tuple of length 3 to structure with 4 fields.
[superpoint_node-2] [INFO] [1768034358.946643169] [superpoint_node]: Keypoints estratti: 800
[superpoint_node-2] [ERROR] [1768034358.953349778] [superpoint_node]: Errore pubblicazione keypoints 3D: could not assign tuple of length 3 to structure with 4 fields.
[rtabmap-14] [INFO] [1768034358.995848024] [rtabmap]: rtabmap (1635): Rate=0.50s, Limit=0.001s, Conversion=0.0002s, RTAB-Map=0.0785s, Maps update=0.0013s pub=0.0011s delay=0.1021s (local map=3, WM=4)
[superpoint_node-2] [INFO] [1768034359.043611850] [superpoint_node]: Keypoints estratti: 800
[superpoint_node-2] [ERROR] [1768034359.049733510] [superpoint_node]: Errore pubblicazione keypoints 3D: could not assign tuple of length 3 to structure with 4 fields.
[superpoint_node-2] [INFO] [1768034359.137024929] [superpoint_node]: Keypoints estratti: 800
[superpoint_node-2] [ERROR] [1768034359.143120477] [superpoint_node]: Errore pubblicazione keypoints 3D: could not assign tuple of length 3 to structure with 4 fields.
[superpoint_node-2] [INFO] [1768034359.231083698] [superpoint_node]: Keypoints estratti: 800
[superpoint_node-2] [ERROR] [1768034359.237157913] [superpoint_node]: Errore pubblicazione keypoints 3D: could not assign tuple of length 3 to structure with 4 fields.
[superpoint_node-2] [INFO] [1768034359.328332659] [superpoint_node]: Keypoints estratti: 800
[superpoint_node-2] [ERROR] [1768034359.333797980] [superpoint_node]: Errore pubblicazione keypoints 3D: could not assign tuple of length 3 to structure with 4 fields.
[superpoint_node-2] [INFO] [1768034359.424076719] [superpoint_node]: Keypoints estratti: 800
[superpoint_node-2] [ERROR] [1768034359.430162138] [superpoint_node]: Errore pubblicazione keypoints 3D: could not assign tuple of length 3 to structure with 4 fields.
[superpoint_node-2] [INFO] [1768034359.520653452] [superpoint_node]: Keypoints estratti: 800
[superpoint_node-2] [ERROR] [1768034359.526559592] [superpoint_node]: Errore pubblicazione keypoints 3D: could not assign tuple of length 3 to structure with 4 fields.
[rtabmap-14] [INFO] [1768034359.594227558] [rtabmap]: rtabmap (1636): Rate=0.50s, Limit=0.001s, Conversion=0.0008s, RTAB-Map=0.0751s, Maps update=0.0010s pub=0.0013s delay=0.1220s (local map=5, WM=5)
[superpoint_node-2] [INFO] [1768034359.620469156] [superpoint_node]: Keypoints estratti: 800
[superpoint_node-2] [ERROR] [1768034359.625983496] [superpoint_node]: Errore pubblicazione keypoints 3D: could not assign tuple of length 3 to structure with 4 fields.
[superpoint_node-2] [INFO] [1768034359.718830478] [superpoint_node]: Keypoints estratti: 800
[superpoint_node-2] [ERROR] [1768034359.724416004] [superpoint_node]: Errore pubblicazione keypoints 3D: could not assign tuple of length 3 to structure with 4 fields.
[superpoint_node-2] [INFO] [1768034359.818538033] [superpoint_node]: Keypoints estratti: 800
[superpoint_node-2] [ERROR] [1768034359.823998502] [superpoint_node]: Errore pubblicazione keypoints 3D: could not assign tuple of length 3 to structure with 4 fields.
[superpoint_node-2] [INFO] [1768034359.916789002] [superpoint_node]: Keypoints estratti: 800
[superpoint_node-2] [ERROR] [1768034359.922376009] [superpoint_node]: Errore pubblicazione keypoints 3D: could not assign tuple of length 3 to structure with 4 fields.
[superpoint_node-2] [INFO] [1768034360.016527983] [superpoint_node]: Keypoints estratti: 800
[superpoint_node-2] [ERROR] [1768034360.022087268] [superpoint_node]: Errore pubblicazione keypoints 3D: could not assign tuple of length 3 to structure with 4 fields.
[superpoint_node-2] [INFO] [1768034360.116062795] [superpoint_node]: Keypoints estratti: 800
[superpoint_node-2] [ERROR] [1768034360.121785934] [superpoint_node]: Errore pubblicazione keypoints 3D: could not assign tuple of length 3 to structure with 4 fields.
[rtabmap-14] [INFO] [1768034360.180669459] [rtabmap]: rtabmap (1637): Rate=0.50s, Limit=0.001s, Conversion=0.0003s, RTAB-Map=0.0615s, Maps update=0.0017s pub=0.0011s delay=0.1112s (local map=2, WM=6)
[superpoint_node-2] [INFO] [1768034360.316936898] [superpoint_node]: Keypoints estratti: 800
[superpoint_node-2] [ERROR] [1768034360.322908557] [superpoint_node]: Errore pubblicazione keypoints 3D: could not assign tuple of length 3 to structure with 4 fields.
[superpoint_node-2] [INFO] [1768034360.418599394] [superpoint_node]: Keypoints estratti: 800
[superpoint_node-2] [ERROR] [1768034360.423921752] [superpoint_node]: Errore pubblicazione keypoints 3D: could not assign tuple of length 3 to structure with 4 fields.
[superpoint_node-2] [INFO] [1768034360.517922335] [superpoint_node]: Keypoints estratti: 800
[superpoint_node-2] [ERROR] [1768034360.523446342] [superpoint_node]: Errore pubblicazione keypoints 3D: could not assign tuple of length 3 to structure with 4 fields.
[superpoint_node-2] [INFO] [1768034360.620488709] [superpoint_node]: Keypoints estratti: 800
[superpoint_node-2] [ERROR] [1768034360.626267311] [superpoint_node]: Errore pubblicazione keypoints 3D: could not assign tuple of length 3 to structure with 4 fields.
[rtabmap-14] [INFO] [1768034360.661801483] [rtabmap]: rtabmap (1638): Rate=0.50s, Limit=0.001s, Conversion=0.0002s, RTAB-Map=0.0436s, Maps update=0.0024s pub=0.0009s delay=0.0918s (local map=3, WM=5)
[superpoint_node-2] [INFO] [1768034360.720118319] [superpoint_node]: Keypoints estratti: 800
[superpoint_node-2] [ERROR] [1768034360.725629714] [superpoint_node]: Errore pubblicazione keypoints 3D: could not assign tuple of length 3 to structure with 4 fields.
[superpoint_node-2] [INFO] [1768034360.820627676] [superpoint_node]: Keypoints estratti: 800
[superpoint_node-2] [ERROR] [1768034360.826207998] [superpoint_node]: Errore pubblicazione keypoints 3D: could not assign tuple of length 3 to structure with 4 fields.
[superpoint_node-2] [INFO] [1768034360.918046509] [superpoint_node]: Keypoints estratti: 800
[superpoint_node-2] [ERROR] [1768034360.923514627] [superpoint_node]: Errore pubblicazione keypoints 3D: could not assign tuple of length 3 to structure with 4 fields.
[superpoint_node-2] [INFO] [1768034361.116338739] [superpoint_node]: Keypoints estratti: 800
[superpoint_node-2] [ERROR] [1768034361.121969247] [superpoint_node]: Errore pubblicazione keypoints 3D: could not assign tuple of length 3 to structure with 4 fields.
[superpoint_node-2] [INFO] [1768034361.317761550] [superpoint_node]: Keypoints estratti: 800
[superpoint_node-2] [ERROR] [1768034361.323375113] [superpoint_node]: Errore pubblicazione keypoints 3D: could not assign tuple of length 3 to structure with 4 fields.
[rtabmap-14] [INFO] [1768034361.352072768] [rtabmap]: rtabmap (1639): Rate=0.50s, Limit=0.001s, Conversion=0.0002s, RTAB-Map=0.0661s, Maps update=0.0004s pub=0.0008s delay=0.0825s (local map=5, WM=5)
[superpoint_node-2] [INFO] [1768034361.419611566] [superpoint_node]: Keypoints estratti: 800
[superpoint_node-2] [ERROR] [1768034361.425157722] [superpoint_node]: Errore pubblicazione keypoints 3D: could not assign tuple of length 3 to structure with 4 fields.
[superpoint_node-2] [INFO] [1768034361.516829268] [superpoint_node]: Keypoints estratti: 800
[superpoint_node-2] [ERROR] [1768034361.522539573] [superpoint_node]: Errore pubblicazione keypoints 3D: could not assign tuple of length 3 to structure with 4 fields.
[superpoint_node-2] [INFO] [1768034361.619078417] [superpoint_node]: Keypoints estratti: 800
[superpoint_node-2] [ERROR] [1768034361.624474090] [superpoint_node]: Errore pubblicazione keypoints 3D: could not assign tuple of length 3 to structure with 4 fields.
[superpoint_node-2] [INFO] [1768034361.714463715] [superpoint_node]: Keypoints estratti: 800
[superpoint_node-2] [ERROR] [1768034361.720158150] [superpoint_node]: Errore pubblicazione keypoints 3D: could not assign tuple of length 3 to structure with 4 fields.
[superpoint_node-2] [INFO] [1768034361.818664028] [superpoint_node]: Keypoints estratti: 800
[superpoint_node-2] [ERROR] [1768034361.824045404] [superpoint_node]: Errore pubblicazione keypoints 3D: could not assign tuple of length 3 to structure with 4 fields.
[superpoint_node-2] [INFO] [1768034361.918146414] [superpoint_node]: Keypoints estratti: 800
[superpoint_node-2] [ERROR] [1768034361.923861034] [superpoint_node]: Errore pubblicazione keypoints 3D: could not assign tuple of length 3 to structure with 4 fields.
[rtabmap-14] [INFO] [1768034361.988038324] [rtabmap]: rtabmap (1640): Rate=0.50s, Limit=0.001s, Conversion=0.0003s, RTAB-Map=0.0699s, Maps update=0.0003s pub=0.0009s delay=0.1186s (local map=2, WM=5)
[superpoint_node-2] [INFO] [1768034362.116262014] [superpoint_node]: Keypoints estratti: 800
[superpoint_node-2] [ERROR] [1768034362.121835614] [superpoint_node]: Errore pubblicazione keypoints 3D: could not assign tuple of length 3 to structure with 4 fields.
[superpoint_node-2] [INFO] [1768034362.217116041] [superpoint_node]: Keypoints estratti: 800
[superpoint_node-2] [ERROR] [1768034362.223546092] [superpoint_node]: Errore pubblicazione keypoints 3D: could not assign tuple of length 3 to structure with 4 fields.
[superpoint_node-2] [INFO] [1768034362.419205264] [superpoint_node]: Keypoints estratti: 800
[rtabmap-14] [INFO] [1768034362.423086610] [rtabmap]: rtabmap (1641): Rate=0.50s, Limit=0.001s, Conversion=0.0002s, RTAB-Map=0.0347s, Maps update=0.0038s pub=0.0011s delay=0.0535s (local map=3, WM=4)
[superpoint_node-2] [ERROR] [1768034362.426196246] [superpoint_node]: Errore pubblicazione keypoints 3D: could not assign tuple of length 3 to structure with 4 fields.
[superpoint_node-2] [INFO] [1768034362.516694672] [superpoint_node]: Keypoints estratti: 800
[superpoint_node-2] [ERROR] [1768034362.522247494] [superpoint_node]: Errore pubblicazione keypoints 3D: could not assign tuple of length 3 to structure with 4 fields.
[superpoint_node-2] [INFO] [1768034362.615332570] [superpoint_node]: Keypoints estratti: 800
[superpoint_node-2] [ERROR] [1768034362.621136412] [superpoint_node]: Errore pubblicazione keypoints 3D: could not assign tuple of length 3 to structure with 4 fields.
[superpoint_node-2] [INFO] [1768034362.815877614] [superpoint_node]: Keypoints estratti: 800
[superpoint_node-2] [ERROR] [1768034362.821410603] [superpoint_node]: Errore pubblicazione keypoints 3D: could not assign tuple of length 3 to structure with 4 fields.
[superpoint_node-2] [INFO] [1768034362.917420943] [superpoint_node]: Keypoints estratti: 800
[superpoint_node-2] [ERROR] [1768034362.923033821] [superpoint_node]: Errore pubblicazione keypoints 3D: could not assign tuple of length 3 to structure with 4 fields.
[superpoint_node-2] [INFO] [1768034363.019675425] [superpoint_node]: Keypoints estratti: 800
[superpoint_node-2] [ERROR] [1768034363.025494898] [superpoint_node]: Errore pubblicazione keypoints 3D: could not assign tuple of length 3 to structure with 4 fields.
[rtabmap-14] [INFO] [1768034363.027114337] [rtabmap]: rtabmap (1642): Rate=0.50s, Limit=0.001s, Conversion=0.0002s, RTAB-Map=0.0418s, Maps update=0.0004s pub=0.0008s delay=0.0577s (local map=5, WM=5)
[superpoint_node-2] [INFO] [1768034363.120137023] [superpoint_node]: Keypoints estratti: 800
[superpoint_node-2] [ERROR] [1768034363.126473704] [superpoint_node]: Errore pubblicazione keypoints 3D: could not assign tuple of length 3 to structure with 4 fields.
[rtabmap-14] [33m[ WARN] (2026-01-10 09:39:19.589) Memory.cpp:2105::forget() Less signatures transferred (1) than added (2)! The working memory cannot decrease in size.[0m
[rtabmap-14] [33m[ WARN] (2026-01-10 09:39:20.162) Memory.cpp:2105::forget() Less signatures transferred (2) than added (3)! The working memory cannot decrease in size.[0m
[rtabmap-14] [33m[ WARN] (2026-01-10 09:39:23.023) Memory.cpp:2105::forget() Less signatures transferred (1) than added (2)! The working memory cannot decrease in size.[0m
[superpoint_node-2] [INFO] [1768034363.217713543] [superpoint_node]: Keypoints estratti: 800
[superpoint_node-2] [ERROR] [1768034363.223477848] [superpoint_node]: Errore pubblicazione keypoints 3D: could not assign tuple of length 3 to structure with 4 fields.
[superpoint_node-2] [INFO] [1768034363.350924531] [superpoint_node]: Keypoints estratti: 800
[superpoint_node-2] [ERROR] [1768034363.356909653] [superpoint_node]: Errore pubblicazione keypoints 3D: could not assign tuple of length 3 to structure with 4 fields.
[superpoint_node-2] [INFO] [1768034363.448509514] [superpoint_node]: Keypoints estratti: 800
[superpoint_node-2] [ERROR] [1768034363.454322356] [superpoint_node]: Errore pubblicazione keypoints 3D: could not assign tuple of length 3 to structure with 4 fields.
[superpoint_node-2] [INFO] [1768034363.549183521] [superpoint_node]: Keypoints estratti: 800
[superpoint_node-2] [ERROR] [1768034363.555433385] [superpoint_node]: Errore pubblicazione keypoints 3D: could not assign tuple of length 3 to structure with 4 fields.
[rtabmap-14] [INFO] [1768034363.561082745] [rtabmap]: rtabmap (1643): Rate=0.50s, Limit=0.001s, Conversion=0.0002s, RTAB-Map=0.0409s, Maps update=0.0021s pub=0.0010s delay=0.0644s (local map=2, WM=6)
[superpoint_node-2] [INFO] [1768034363.651803154] [superpoint_node]: Keypoints estratti: 800
[superpoint_node-2] [ERROR] [1768034363.657617590] [superpoint_node]: Errore pubblicazione keypoints 3D: could not assign tuple of length 3 to structure with 4 fields.
[superpoint_node-2] [INFO] [1768034363.750090939] [superpoint_node]: Keypoints estratti: 800
[superpoint_node-2] [ERROR] [1768034363.755714354] [superpoint_node]: Errore pubblicazione keypoints 3D: could not assign tuple of length 3 to structure with 4 fields.
[superpoint_node-2] [INFO] [1768034363.844394765] [superpoint_node]: Keypoints estratti: 800
[superpoint_node-2] [ERROR] [1768034363.851007707] [superpoint_node]: Errore pubblicazione keypoints 3D: could not assign tuple of length 3 to structure with 4 fields.
[superpoint_node-2] [INFO] [1768034363.944060245] [superpoint_node]: Keypoints estratti: 800
[superpoint_node-2] [ERROR] [1768034363.950379444] [superpoint_node]: Errore pubblicazione keypoints 3D: could not assign tuple of length 3 to structure with 4 fields.
[superpoint_node-2] [INFO] [1768034364.041966915] [superpoint_node]: Keypoints estratti: 800
[superpoint_node-2] [ERROR] [1768034364.049569624] [superpoint_node]: Errore pubblicazione keypoints 3D: could not assign tuple of length 3 to structure with 4 fields.
[superpoint_node-2] [INFO] [1768034364.145018812] [superpoint_node]: Keypoints estratti: 800
[superpoint_node-2] [ERROR] [1768034364.151317121] [superpoint_node]: Errore pubblicazione keypoints 3D: could not assign tuple of length 3 to structure with 4 fields.
[rtabmap-14] [INFO] [1768034364.221448496] [rtabmap]: rtabmap (1644): Rate=0.50s, Limit=0.001s, Conversion=0.0002s, RTAB-Map=0.0685s, Maps update=0.0026s pub=0.0011s delay=0.1264s (local map=3, WM=5)
[superpoint_node-2] [INFO] [1768034364.246536622] [superpoint_node]: Keypoints estratti: 800
[superpoint_node-2] [ERROR] [1768034364.252506744] [superpoint_node]: Errore pubblicazione keypoints 3D: could not assign tuple of length 3 to structure with 4 fields.
[superpoint_node-2] [INFO] [1768034364.343189967] [superpoint_node]: Keypoints estratti: 800
[superpoint_node-2] [ERROR] [1768034364.349303942] [superpoint_node]: Errore pubblicazione keypoints 3D: could not assign tuple of length 3 to structure with 4 fields.
[superpoint_node-2] [INFO] [1768034364.443242765] [superpoint_node]: Keypoints estratti: 800
[superpoint_node-2] [ERROR] [1768034364.449446982] [superpoint_node]: Errore pubblicazione keypoints 3D: could not assign tuple of length 3 to structure with 4 fields.
[superpoint_node-2] [INFO] [1768034364.545046967] [superpoint_node]: Keypoints estratti: 800
[superpoint_node-2] [ERROR] [1768034364.550876383] [superpoint_node]: Errore pubblicazione keypoints 3D: could not assign tuple of length 3 to structure with 4 fields.
[superpoint_node-2] [INFO] [1768034364.641211938] [superpoint_node]: Keypoints estratti: 800
[superpoint_node-2] [ERROR] [1768034364.646978743] [superpoint_node]: Errore pubblicazione keypoints 3D: could not assign tuple of length 3 to structure with 4 fields.
[superpoint_node-2] [INFO] [1768034364.745480788] [superpoint_node]: Keypoints estratti: 800
[superpoint_node-2] [ERROR] [1768034364.751771857] [superpoint_node]: Errore pubblicazione keypoints 3D: could not assign tuple of length 3 to structure with 4 fields.
[rtabmap-14] [INFO] [1768034364.775297915] [rtabmap]: rtabmap (1645): Rate=0.50s, Limit=0.001s, Conversion=0.0002s, RTAB-Map=0.0568s, Maps update=0.0008s pub=0.0015s delay=0.0848s (local map=5, WM=5)
[superpoint_node-2] [INFO] [1768034364.844193427] [superpoint_node]: Keypoints estratti: 800
[superpoint_node-2] [ERROR] [1768034364.850101364] [superpoint_node]: Errore pubblicazione keypoints 3D: could not assign tuple of length 3 to structure with 4 fields.
[superpoint_node-2] [INFO] [1768034364.944134651] [superpoint_node]: Keypoints estratti: 800
[superpoint_node-2] [ERROR] [1768034364.950076458] [superpoint_node]: Errore pubblicazione keypoints 3D: could not assign tuple of length 3 to structure with 4 fields.
[superpoint_node-2] [INFO] [1768034365.040183788] [superpoint_node]: Keypoints estratti: 800
[superpoint_node-2] [ERROR] [1768034365.046136205] [superpoint_node]: Errore pubblicazione keypoints 3D: could not assign tuple of length 3 to structure with 4 fields.
[superpoint_node-2] [INFO] [1768034365.137606935] [superpoint_node]: Keypoints estratti: 800
[superpoint_node-2] [ERROR] [1768034365.144426193] [superpoint_node]: Errore pubblicazione keypoints 3D: could not assign tuple of length 3 to structure with 4 fields.
[superpoint_node-2] [INFO] [1768034365.238268924] [superpoint_node]: Keypoints estratti: 800
[superpoint_node-2] [ERROR] [1768034365.244407547] [superpoint_node]: Errore pubblicazione keypoints 3D: could not assign tuple of length 3 to structure with 4 fields.
[superpoint_node-2] [INFO] [1768034365.336225261] [superpoint_node]: Keypoints estratti: 800
[superpoint_node-2] [ERROR] [1768034365.343087519] [superpoint_node]: Errore pubblicazione keypoints 3D: could not assign tuple of length 3 to structure with 4 fields.
[rtabmap-14] [INFO] [1768034365.419638723] [rtabmap]: rtabmap (1646): Rate=0.50s, Limit=0.001s, Conversion=0.0002s, RTAB-Map=0.0657s, Maps update=0.0016s pub=0.0013s delay=0.1318s (local map=2, WM=5)
[superpoint_node-2] [INFO] [1768034365.442948075] [superpoint_node]: Keypoints estratti: 800
[superpoint_node-2] [ERROR] [1768034365.449102939] [superpoint_node]: Errore pubblicazione keypoints 3D: could not assign tuple of length 3 to structure with 4 fields.
[superpoint_node-2] [INFO] [1768034365.538862841] [superpoint_node]: Keypoints estratti: 800
[superpoint_node-2] [ERROR] [1768034365.545369559] [superpoint_node]: Errore pubblicazione keypoints 3D: could not assign tuple of length 3 to structure with 4 fields.
[superpoint_node-2] [INFO] [1768034365.635972875] [superpoint_node]: Keypoints estratti: 800
[superpoint_node-2] [ERROR] [1768034365.642672521] [superpoint_node]: Errore pubblicazione keypoints 3D: could not assign tuple of length 3 to structure with 4 fields.
[superpoint_node-2] [INFO] [1768034365.730945392] [superpoint_node]: Keypoints estratti: 800
[superpoint_node-2] [ERROR] [1768034365.736650234] [superpoint_node]: Errore pubblicazione keypoints 3D: could not assign tuple of length 3 to structure with 4 fields.
[superpoint_node-2] [INFO] [1768034365.826664804] [superpoint_node]: Keypoints estratti: 800
[superpoint_node-2] [ERROR] [1768034365.832358886] [superpoint_node]: Errore pubblicazione keypoints 3D: could not assign tuple of length 3 to structure with 4 fields.
[superpoint_node-2] [INFO] [1768034365.922231140] [superpoint_node]: Keypoints estratti: 800
[superpoint_node-2] [ERROR] [1768034365.928217688] [superpoint_node]: Errore pubblicazione keypoints 3D: could not assign tuple of length 3 to structure with 4 fields.
[rtabmap-14] [INFO] [1768034365.992033827] [rtabmap]: rtabmap (1647): Rate=0.50s, Limit=0.001s, Conversion=0.0007s, RTAB-Map=0.0649s, Maps update=0.0055s pub=0.0009s delay=0.1183s (local map=3, WM=4)
[superpoint_node-2] [INFO] [1768034366.023336040] [superpoint_node]: Keypoints estratti: 800
[superpoint_node-2] [ERROR] [1768034366.028957121] [superpoint_node]: Errore pubblicazione keypoints 3D: could not assign tuple of length 3 to structure with 4 fields.
[superpoint_node-2] [INFO] [1768034366.122160402] [superpoint_node]: Keypoints estratti: 800
[superpoint_node-2] [ERROR] [1768034366.128042856] [superpoint_node]: Errore pubblicazione keypoints 3D: could not assign tuple of length 3 to structure with 4 fields.
[superpoint_node-2] [INFO] [1768034366.221951439] [superpoint_node]: Keypoints estratti: 800
[superpoint_node-2] [ERROR] [1768034366.227637281] [superpoint_node]: Errore pubblicazione keypoints 3D: could not assign tuple of length 3 to structure with 4 fields.
[superpoint_node-2] [INFO] [1768034366.318845805] [superpoint_node]: Keypoints estratti: 800
[superpoint_node-2] [ERROR] [1768034366.324949261] [superpoint_node]: Errore pubblicazione keypoints 3D: could not assign tuple of length 3 to structure with 4 fields.
[superpoint_node-2] [INFO] [1768034366.418594860] [superpoint_node]: Keypoints estratti: 800
[superpoint_node-2] [ERROR] [1768034366.424424703] [superpoint_node]: Errore pubblicazione keypoints 3D: could not assign tuple of length 3 to structure with 4 fields.
[superpoint_node-2] [INFO] [1768034366.517876874] [superpoint_node]: Keypoints estratti: 800
[superpoint_node-2] [ERROR] [1768034366.523852533] [superpoint_node]: Errore pubblicazione keypoints 3D: could not assign tuple of length 3 to structure with 4 fields.
[rtabmap-14] [INFO] [1768034366.590031450] [rtabmap]: rtabmap (1648): Rate=0.50s, Limit=0.001s, Conversion=0.0009s, RTAB-Map=0.0718s, Maps update=0.0017s pub=0.0012s delay=0.1205s (local map=5, WM=5)
[superpoint_node-2] [INFO] [1768034366.620219209] [superpoint_node]: Keypoints estratti: 800
[superpoint_node-2] [ERROR] [1768034366.625927811] [superpoint_node]: Errore pubblicazione keypoints 3D: could not assign tuple of length 3 to structure with 4 fields.
[superpoint_node-2] [INFO] [1768034366.719234759] [superpoint_node]: Keypoints estratti: 800
[superpoint_node-2] [ERROR] [1768034366.725173065] [superpoint_node]: Errore pubblicazione keypoints 3D: could not assign tuple of length 3 to structure with 4 fields.
[superpoint_node-2] [INFO] [1768034366.820353714] [superpoint_node]: Keypoints estratti: 800
[superpoint_node-2] [ERROR] [1768034366.825978944] [superpoint_node]: Errore pubblicazione keypoints 3D: could not assign tuple of length 3 to structure with 4 fields.
[superpoint_node-2] [INFO] [1768034366.921711152] [superpoint_node]: Keypoints estratti: 800
[superpoint_node-2] [ERROR] [1768034366.927346012] [superpoint_node]: Errore pubblicazione keypoints 3D: could not assign tuple of length 3 to structure with 4 fields.
[superpoint_node-2] [INFO] [1768034367.021137834] [superpoint_node]: Keypoints estratti: 800
[superpoint_node-2] [ERROR] [1768034367.027808313] [superpoint_node]: Errore pubblicazione keypoints 3D: could not assign tuple of length 3 to structure with 4 fields.
[rtabmap-14] [INFO] [1768034367.090307108] [rtabmap]: rtabmap (1649): Rate=0.50s, Limit=0.001s, Conversion=0.0006s, RTAB-Map=0.0743s, Maps update=0.0023s pub=0.0010s delay=0.1199s (local map=2, WM=6)
[superpoint_node-2] [INFO] [1768034367.123258742] [superpoint_node]: Keypoints estratti: 800
[superpoint_node-2] [ERROR] [1768034367.128973769] [superpoint_node]: Errore pubblicazione keypoints 3D: could not assign tuple of length 3 to structure with 4 fields.
[superpoint_node-2] [INFO] [1768034367.221362191] [superpoint_node]: Keypoints estratti: 800
[superpoint_node-2] [ERROR] [1768034367.227175145] [superpoint_node]: Errore pubblicazione keypoints 3D: could not assign tuple of length 3 to structure with 4 fields.
[superpoint_node-2] [INFO] [1768034367.322289534] [superpoint_node]: Keypoints estratti: 800
[superpoint_node-2] [ERROR] [1768034367.328647714] [superpoint_node]: Errore pubblicazione keypoints 3D: could not assign tuple of length 3 to structure with 4 fields.
[superpoint_node-2] [INFO] [1768034367.418865508] [superpoint_node]: Keypoints estratti: 800
[superpoint_node-2] [ERROR] [1768034367.424746166] [superpoint_node]: Errore pubblicazione keypoints 3D: could not assign tuple of length 3 to structure with 4 fields.
[superpoint_node-2] [INFO] [1768034367.518582489] [superpoint_node]: Keypoints estratti: 800
[superpoint_node-2] [ERROR] [1768034367.524357831] [superpoint_node]: Errore pubblicazione keypoints 3D: could not assign tuple of length 3 to structure with 4 fields.
[superpoint_node-2] [INFO] [1768034367.719786761] [superpoint_node]: Keypoints estratti: 800
[rtabmap-14] [INFO] [1768034367.723667347] [rtabmap]: rtabmap (1650): Rate=0.50s, Limit=0.001s, Conversion=0.0002s, RTAB-Map=0.0374s, Maps update=0.0010s pub=0.0010s delay=0.0540s (local map=3, WM=5)
[superpoint_node-2] [ERROR] [1768034367.727917492] [superpoint_node]: Errore pubblicazione keypoints 3D: could not assign tuple of length 3 to structure with 4 fields.
[superpoint_node-2] [INFO] [1768034367.819916652] [superpoint_node]: Keypoints estratti: 800
[superpoint_node-2] [ERROR] [1768034367.825536753] [superpoint_node]: Errore pubblicazione keypoints 3D: could not assign tuple of length 3 to structure with 4 fields.
[superpoint_node-2] [INFO] [1768034367.919234093] [superpoint_node]: Keypoints estratti: 800
[superpoint_node-2] [ERROR] [1768034367.924891175] [superpoint_node]: Errore pubblicazione keypoints 3D: could not assign tuple of length 3 to structure with 4 fields.
[superpoint_node-2] [INFO] [1768034368.018849666] [superpoint_node]: Keypoints estratti: 800
[superpoint_node-2] [ERROR] [1768034368.024471451] [superpoint_node]: Errore pubblicazione keypoints 3D: could not assign tuple of length 3 to structure with 4 fields.
[superpoint_node-2] [INFO] [1768034368.120202845] [superpoint_node]: Keypoints estratti: 800
[superpoint_node-2] [ERROR] [1768034368.125985631] [superpoint_node]: Errore pubblicazione keypoints 3D: could not assign tuple of length 3 to structure with 4 fields.
[rtabmap-14] [33m[ WARN] (2026-01-10 09:39:23.556) Memory.cpp:2105::forget() Less signatures transferred (2) than added (3)! The working memory cannot decrease in size.[0m
[rtabmap-14] [33m[ WARN] (2026-01-10 09:39:26.585) Memory.cpp:2105::forget() Less signatures transferred (1) than added (2)! The working memory cannot decrease in size.[0m
[rtabmap-14] [33m[ WARN] (2026-01-10 09:39:27.085) Memory.cpp:2105::forget() Less signatures transferred (2) than added (3)! The working memory cannot decrease in size.[0m
[superpoint_node-2] [INFO] [1768034368.219726379] [superpoint_node]: Keypoints estratti: 800
[superpoint_node-2] [ERROR] [1768034368.225597074] [superpoint_node]: Errore pubblicazione keypoints 3D: could not assign tuple of length 3 to structure with 4 fields.
[rtabmap-14] [INFO] [1768034368.288017406] [rtabmap]: rtabmap (1651): Rate=0.50s, Limit=0.001s, Conversion=0.0003s, RTAB-Map=0.0661s, Maps update=0.0054s pub=0.0011s delay=0.1183s (local map=5, WM=5)
[superpoint_node-2] [INFO] [1768034368.321895380] [superpoint_node]: Keypoints estratti: 800
[superpoint_node-2] [ERROR] [1768034368.327492295] [superpoint_node]: Errore pubblicazione keypoints 3D: could not assign tuple of length 3 to structure with 4 fields.
[superpoint_node-2] [INFO] [1768034368.420499056] [superpoint_node]: Keypoints estratti: 800
[superpoint_node-2] [ERROR] [1768034368.426068156] [superpoint_node]: Errore pubblicazione keypoints 3D: could not assign tuple of length 3 to structure with 4 fields.
[superpoint_node-2] [INFO] [1768034368.518959786] [superpoint_node]: Keypoints estratti: 800
[superpoint_node-2] [ERROR] [1768034368.524599442] [superpoint_node]: Errore pubblicazione keypoints 3D: could not assign tuple of length 3 to structure with 4 fields.
[superpoint_node-2] [INFO] [1768034368.622801485] [superpoint_node]: Keypoints estratti: 800
[superpoint_node-2] [ERROR] [1768034368.628384548] [superpoint_node]: Errore pubblicazione keypoints 3D: could not assign tuple of length 3 to structure with 4 fields.
[superpoint_node-2] [INFO] [1768034368.721994498] [superpoint_node]: Keypoints estratti: 800
[superpoint_node-2] [ERROR] [1768034368.728439013] [superpoint_node]: Errore pubblicazione keypoints 3D: could not assign tuple of length 3 to structure with 4 fields.
[rtabmap-14] [INFO] [1768034368.756996333] [rtabmap]: rtabmap (1652): Rate=0.50s, Limit=0.001s, Conversion=0.0003s, RTAB-Map=0.0405s, Maps update=0.0010s pub=0.0011s delay=0.0855s (local map=2, WM=5)
[superpoint_node-2] [INFO] [1768034368.822000611] [superpoint_node]: Keypoints estratti: 800
[superpoint_node-2] [ERROR] [1768034368.828411588] [superpoint_node]: Errore pubblicazione keypoints 3D: could not assign tuple of length 3 to structure with 4 fields.
[superpoint_node-2] [INFO] [1768034368.919638983] [superpoint_node]: Keypoints estratti: 800
[superpoint_node-2] [ERROR] [1768034368.925414881] [superpoint_node]: Errore pubblicazione keypoints 3D: could not assign tuple of length 3 to structure with 4 fields.
[superpoint_node-2] [INFO] [1768034369.017881711] [superpoint_node]: Keypoints estratti: 800
[superpoint_node-2] [ERROR] [1768034369.024223669] [superpoint_node]: Errore pubblicazione keypoints 3D: could not assign tuple of length 3 to structure with 4 fields.
[superpoint_node-2] [INFO] [1768034369.117866509] [superpoint_node]: Keypoints estratti: 800
[superpoint_node-2] [ERROR] [1768034369.124096892] [superpoint_node]: Errore pubblicazione keypoints 3D: could not assign tuple of length 3 to structure with 4 fields.
[superpoint_node-2] [INFO] [1768034369.216821280] [superpoint_node]: Keypoints estratti: 800
[superpoint_node-2] [ERROR] [1768034369.223143071] [superpoint_node]: Errore pubblicazione keypoints 3D: could not assign tuple of length 3 to structure with 4 fields.
[superpoint_node-2] [INFO] [1768034369.316767448] [superpoint_node]: Keypoints estratti: 800
[superpoint_node-2] [ERROR] [1768034369.322580124] [superpoint_node]: Errore pubblicazione keypoints 3D: could not assign tuple of length 3 to structure with 4 fields.
[rtabmap-14] [INFO] [1768034369.390541592] [rtabmap]: rtabmap (1653): Rate=0.50s, Limit=0.001s, Conversion=0.0003s, RTAB-Map=0.0729s, Maps update=0.0003s pub=0.0009s delay=0.1210s (local map=3, WM=4)
[superpoint_node-2] [INFO] [1768034369.422875369] [superpoint_node]: Keypoints estratti: 800
[superpoint_node-2] [ERROR] [1768034369.428487469] [superpoint_node]: Errore pubblicazione keypoints 3D: could not assign tuple of length 3 to structure with 4 fields.
[superpoint_node-2] [INFO] [1768034369.519040728] [superpoint_node]: Keypoints estratti: 800
[superpoint_node-2] [ERROR] [1768034369.525320908] [superpoint_node]: Errore pubblicazione keypoints 3D: could not assign tuple of length 3 to structure with 4 fields.
[superpoint_node-2] [INFO] [1768034369.621997068] [superpoint_node]: Keypoints estratti: 800
[superpoint_node-2] [ERROR] [1768034369.628018302] [superpoint_node]: Errore pubblicazione keypoints 3D: could not assign tuple of length 3 to structure with 4 fields.
[superpoint_node-2] [INFO] [1768034369.721312065] [superpoint_node]: Keypoints estratti: 800
[superpoint_node-2] [ERROR] [1768034369.727066203] [superpoint_node]: Errore pubblicazione keypoints 3D: could not assign tuple of length 3 to structure with 4 fields.
[superpoint_node-2] [INFO] [1768034369.823485769] [superpoint_node]: Keypoints estratti: 800
[superpoint_node-2] [ERROR] [1768034369.830385916] [superpoint_node]: Errore pubblicazione keypoints 3D: could not assign tuple of length 3 to structure with 4 fields.
[rtabmap-14] [INFO] [1768034369.855688470] [rtabmap]: rtabmap (1654): Rate=0.50s, Limit=0.001s, Conversion=0.0002s, RTAB-Map=0.0377s, Maps update=0.0029s pub=0.0013s delay=0.0852s (local map=5, WM=5)
[superpoint_node-2] [INFO] [1768034369.926229718] [superpoint_node]: Keypoints estratti: 800
[superpoint_node-2] [ERROR] [1768034369.932161488] [superpoint_node]: Errore pubblicazione keypoints 3D: could not assign tuple of length 3 to structure with 4 fields.
[superpoint_node-2] [INFO] [1768034370.026230183] [superpoint_node]: Keypoints estratti: 800
[superpoint_node-2] [ERROR] [1768034370.032902810] [superpoint_node]: Errore pubblicazione keypoints 3D: could not assign tuple of length 3 to structure with 4 fields.
[superpoint_node-2] [INFO] [1768034370.125265473] [superpoint_node]: Keypoints estratti: 800
[superpoint_node-2] [ERROR] [1768034370.131176150] [superpoint_node]: Errore pubblicazione keypoints 3D: could not assign tuple of length 3 to structure with 4 fields.
[superpoint_node-2] [INFO] [1768034370.222863511] [superpoint_node]: Keypoints estratti: 800
[superpoint_node-2] [ERROR] [1768034370.228537445] [superpoint_node]: Errore pubblicazione keypoints 3D: could not assign tuple of length 3 to structure with 4 fields.
[superpoint_node-2] [INFO] [1768034370.322902291] [superpoint_node]: Keypoints estratti: 800
[superpoint_node-2] [ERROR] [1768034370.328686133] [superpoint_node]: Errore pubblicazione keypoints 3D: could not assign tuple of length 3 to structure with 4 fields.
[rtabmap-14] [INFO] [1768034370.392903923] [rtabmap]: rtabmap (1655): Rate=0.50s, Limit=0.001s, Conversion=0.0002s, RTAB-Map=0.0802s, Maps update=0.0020s pub=0.0013s delay=0.1211s (local map=2, WM=6)
[superpoint_node-2] [INFO] [1768034370.423635298] [superpoint_node]: Keypoints estratti: 800
[superpoint_node-2] [ERROR] [1768034370.429475160] [superpoint_node]: Errore pubblicazione keypoints 3D: could not assign tuple of length 3 to structure with 4 fields.
[superpoint_node-2] [INFO] [1768034370.517886680] [superpoint_node]: Keypoints estratti: 800
[superpoint_node-2] [ERROR] [1768034370.523545114] [superpoint_node]: Errore pubblicazione keypoints 3D: could not assign tuple of length 3 to structure with 4 fields.
[superpoint_node-2] [INFO] [1768034370.647972922] [superpoint_node]: Keypoints estratti: 800
[superpoint_node-2] [ERROR] [1768034370.653802487] [superpoint_node]: Errore pubblicazione keypoints 3D: could not assign tuple of length 3 to structure with 4 fields.
[superpoint_node-2] [INFO] [1768034370.745322310] [superpoint_node]: Keypoints estratti: 800
[superpoint_node-2] [ERROR] [1768034370.751524433] [superpoint_node]: Errore pubblicazione keypoints 3D: could not assign tuple of length 3 to structure with 4 fields.
[superpoint_node-2] [INFO] [1768034370.844016097] [superpoint_node]: Keypoints estratti: 800
[superpoint_node-2] [ERROR] [1768034370.851048505] [superpoint_node]: Errore pubblicazione keypoints 3D: could not assign tuple of length 3 to structure with 4 fields.
[rtabmap-14] [INFO] [1768034370.884605643] [rtabmap]: rtabmap (1656): Rate=0.50s, Limit=0.001s, Conversion=0.0002s, RTAB-Map=0.0623s, Maps update=0.0035s pub=0.0023s delay=0.0916s (local map=3, WM=5)
[superpoint_node-2] [INFO] [1768034370.948444023] [superpoint_node]: Keypoints estratti: 800
[superpoint_node-2] [ERROR] [1768034370.954092624] [superpoint_node]: Errore pubblicazione keypoints 3D: could not assign tuple of length 3 to structure with 4 fields.
[superpoint_node-2] [INFO] [1768034371.045044331] [superpoint_node]: Keypoints estratti: 800
[superpoint_node-2] [ERROR] [1768034371.051710495] [superpoint_node]: Errore pubblicazione keypoints 3D: could not assign tuple of length 3 to structure with 4 fields.
[superpoint_node-2] [INFO] [1768034371.145509855] [superpoint_node]: Keypoints estratti: 800
[superpoint_node-2] [ERROR] [1768034371.151728034] [superpoint_node]: Errore pubblicazione keypoints 3D: could not assign tuple of length 3 to structure with 4 fields.
[superpoint_node-2] [INFO] [1768034371.243921084] [superpoint_node]: Keypoints estratti: 800
[superpoint_node-2] [ERROR] [1768034371.250090652] [superpoint_node]: Errore pubblicazione keypoints 3D: could not assign tuple of length 3 to structure with 4 fields.
[superpoint_node-2] [INFO] [1768034371.349251758] [superpoint_node]: Keypoints estratti: 800
[superpoint_node-2] [ERROR] [1768034371.355627420] [superpoint_node]: Errore pubblicazione keypoints 3D: could not assign tuple of length 3 to structure with 4 fields.
[rtabmap-14] [INFO] [1768034371.376483438] [rtabmap]: rtabmap (1657): Rate=0.50s, Limit=0.001s, Conversion=0.0005s, RTAB-Map=0.0539s, Maps update=0.0035s pub=0.0009s delay=0.0830s (local map=5, WM=5)
[superpoint_node-2] [INFO] [1768034371.451395721] [superpoint_node]: Keypoints estratti: 800
[superpoint_node-2] [ERROR] [1768034371.457281157] [superpoint_node]: Errore pubblicazione keypoints 3D: could not assign tuple of length 3 to structure with 4 fields.
[superpoint_node-2] [INFO] [1768034371.550214602] [superpoint_node]: Keypoints estratti: 800
[superpoint_node-2] [ERROR] [1768034371.556169817] [superpoint_node]: Errore pubblicazione keypoints 3D: could not assign tuple of length 3 to structure with 4 fields.
[superpoint_node-2] [INFO] [1768034371.650349827] [superpoint_node]: Keypoints estratti: 800
[superpoint_node-2] [ERROR] [1768034371.656090651] [superpoint_node]: Errore pubblicazione keypoints 3D: could not assign tuple of length 3 to structure with 4 fields.
[superpoint_node-2] [INFO] [1768034371.748153682] [superpoint_node]: Keypoints estratti: 800
[superpoint_node-2] [ERROR] [1768034371.753980562] [superpoint_node]: Errore pubblicazione keypoints 3D: could not assign tuple of length 3 to structure with 4 fields.
[superpoint_node-2] [INFO] [1768034371.850079606] [superpoint_node]: Keypoints estratti: 800
[rtabmap-14] [INFO] [1768034371.853226854] [rtabmap]: rtabmap (1658): Rate=0.50s, Limit=0.001s, Conversion=0.0021s, RTAB-Map=0.0395s, Maps update=0.0003s pub=0.0007s delay=0.0563s (local map=2, WM=5)
[superpoint_node-2] [ERROR] [1768034371.857223478] [superpoint_node]: Errore pubblicazione keypoints 3D: could not assign tuple of length 3 to structure with 4 fields.
[superpoint_node-2] [INFO] [1768034371.946480190] [superpoint_node]: Keypoints estratti: 800
[superpoint_node-2] [ERROR] [1768034371.952501905] [superpoint_node]: Errore pubblicazione keypoints 3D: could not assign tuple of length 3 to structure with 4 fields.
[superpoint_node-2] [INFO] [1768034372.041319984] [superpoint_node]: Keypoints estratti: 800
[superpoint_node-2] [ERROR] [1768034372.047366069] [superpoint_node]: Errore pubblicazione keypoints 3D: could not assign tuple of length 3 to structure with 4 fields.
[superpoint_node-2] [INFO] [1768034372.137021896] [superpoint_node]: Keypoints estratti: 800
[superpoint_node-2] [ERROR] [1768034372.143311039] [superpoint_node]: Errore pubblicazione keypoints 3D: could not assign tuple of length 3 to structure with 4 fields.
[superpoint_node-2] [INFO] [1768034372.232784827] [superpoint_node]: Keypoints estratti: 800
[superpoint_node-2] [ERROR] [1768034372.238955561] [superpoint_node]: Errore pubblicazione keypoints 3D: could not assign tuple of length 3 to structure with 4 fields.
[superpoint_node-2] [INFO] [1768034372.334473675] [superpoint_node]: Keypoints estratti: 800
[superpoint_node-2] [ERROR] [1768034372.342778612] [superpoint_node]: Errore pubblicazione keypoints 3D: could not assign tuple of length 3 to structure with 4 fields.
[superpoint_node-2] [INFO] [1768034372.433738041] [superpoint_node]: Keypoints estratti: 800
[superpoint_node-2] [ERROR] [1768034372.441268212] [superpoint_node]: Errore pubblicazione keypoints 3D: could not assign tuple of length 3 to structure with 4 fields.
[rtabmap-14] [INFO] [1768034372.520632142] [rtabmap]: rtabmap (1659): Rate=0.50s, Limit=0.001s, Conversion=0.0002s, RTAB-Map=0.0656s, Maps update=0.0029s pub=0.0029s delay=0.1338s (local map=3, WM=4)
[superpoint_node-2] [INFO] [1768034372.538883640] [superpoint_node]: Keypoints estratti: 800
[superpoint_node-2] [ERROR] [1768034372.545043837] [superpoint_node]: Errore pubblicazione keypoints 3D: could not assign tuple of length 3 to structure with 4 fields.
[superpoint_node-2] [INFO] [1768034372.636666272] [superpoint_node]: Keypoints estratti: 800
[superpoint_node-2] [ERROR] [1768034372.643478641] [superpoint_node]: Errore pubblicazione keypoints 3D: could not assign tuple of length 3 to structure with 4 fields.
[superpoint_node-2] [INFO] [1768034372.737664800] [superpoint_node]: Keypoints estratti: 800
[superpoint_node-2] [ERROR] [1768034372.743844497] [superpoint_node]: Errore pubblicazione keypoints 3D: could not assign tuple of length 3 to structure with 4 fields.
[superpoint_node-2] [INFO] [1768034372.835862491] [superpoint_node]: Keypoints estratti: 800
[superpoint_node-2] [ERROR] [1768034372.842678675] [superpoint_node]: Errore pubblicazione keypoints 3D: could not assign tuple of length 3 to structure with 4 fields.
[superpoint_node-2] [INFO] [1768034372.932826301] [superpoint_node]: Keypoints estratti: 800
[superpoint_node-2] [ERROR] [1768034372.938828109] [superpoint_node]: Errore pubblicazione keypoints 3D: could not assign tuple of length 3 to structure with 4 fields.
[superpoint_node-2] [INFO] [1768034373.031136030] [superpoint_node]: Keypoints estratti: 800
[superpoint_node-2] [ERROR] [1768034373.038381199] [superpoint_node]: Errore pubblicazione keypoints 3D: could not assign tuple of length 3 to structure with 4 fields.
[rtabmap-14] [INFO] [1768034373.083742191] [rtabmap]: rtabmap (1660): Rate=0.50s, Limit=0.001s, Conversion=0.0002s, RTAB-Map=0.0714s, Maps update=0.0012s pub=0.0008s delay=0.1032s (local map=5, WM=5)
[superpoint_node-2] [INFO] [1768034373.135391640] [superpoint_node]: Keypoints estratti: 800
[superpoint_node-2] [ERROR] [1768034373.142655457] [superpoint_node]: Errore pubblicazione keypoints 3D: could not assign tuple of length 3 to structure with 4 fields.
[rtabmap-14] [33m[ WARN] (2026-01-10 09:39:29.850) Memory.cpp:2105::forget() Less signatures transferred (1) than added (2)! The working memory cannot decrease in size.[0m
[rtabmap-14] [33m[ WARN] (2026-01-10 09:39:30.383) Memory.cpp:2105::forget() Less signatures transferred (2) than added (3)! The working memory cannot decrease in size.[0m
[rtabmap-14] [33m[ WARN] (2026-01-10 09:39:33.073) Memory.cpp:2105::forget() Less signatures transferred (1) than added (2)! The working memory cannot decrease in size.[0m
[superpoint_node-2] [INFO] [1768034373.235016750] [superpoint_node]: Keypoints estratti: 800
[superpoint_node-2] [ERROR] [1768034373.242749312] [superpoint_node]: Errore pubblicazione keypoints 3D: could not assign tuple of length 3 to structure with 4 fields.
[superpoint_node-2] [INFO] [1768034373.334801879] [superpoint_node]: Keypoints estratti: 800
[superpoint_node-2] [ERROR] [1768034373.341680212] [superpoint_node]: Errore pubblicazione keypoints 3D: could not assign tuple of length 3 to structure with 4 fields.
[superpoint_node-2] [INFO] [1768034373.435621276] [superpoint_node]: Keypoints estratti: 800
[superpoint_node-2] [ERROR] [1768034373.441768751] [superpoint_node]: Errore pubblicazione keypoints 3D: could not assign tuple of length 3 to structure with 4 fields.
[superpoint_node-2] [INFO] [1768034373.536061782] [superpoint_node]: Keypoints estratti: 800
[superpoint_node-2] [ERROR] [1768034373.543395007] [superpoint_node]: Errore pubblicazione keypoints 3D: could not assign tuple of length 3 to structure with 4 fields.
[rtabmap-14] [INFO] [1768034373.560968814] [rtabmap]: rtabmap (1661): Rate=0.50s, Limit=0.001s, Conversion=0.0004s, RTAB-Map=0.0407s, Maps update=0.0020s pub=0.0012s delay=0.0776s (local map=2, WM=6)
[superpoint_node-2] [INFO] [1768034373.633797376] [superpoint_node]: Keypoints estratti: 800
[superpoint_node-2] [ERROR] [1768034373.641588679] [superpoint_node]: Errore pubblicazione keypoints 3D: could not assign tuple of length 3 to structure with 4 fields.
[superpoint_node-2] [INFO] [1768034373.731751769] [superpoint_node]: Keypoints estratti: 800
[superpoint_node-2] [ERROR] [1768034373.738224284] [superpoint_node]: Errore pubblicazione keypoints 3D: could not assign tuple of length 3 to structure with 4 fields.
[superpoint_node-2] [INFO] [1768034373.829695977] [superpoint_node]: Keypoints estratti: 800
[superpoint_node-2] [ERROR] [1768034373.835412652] [superpoint_node]: Errore pubblicazione keypoints 3D: could not assign tuple of length 3 to structure with 4 fields.
[superpoint_node-2] [INFO] [1768034373.962724890] [superpoint_node]: Keypoints estratti: 800
[superpoint_node-2] [ERROR] [1768034373.968892939] [superpoint_node]: Errore pubblicazione keypoints 3D: could not assign tuple of length 3 to structure with 4 fields.
[superpoint_node-2] [INFO] [1768034374.060846247] [superpoint_node]: Keypoints estratti: 800
[superpoint_node-2] [ERROR] [1768034374.066847573] [superpoint_node]: Errore pubblicazione keypoints 3D: could not assign tuple of length 3 to structure with 4 fields.
[rtabmap-14] [INFO] [1768034374.150461832] [rtabmap]: rtabmap (1662): Rate=0.50s, Limit=0.001s, Conversion=0.0002s, RTAB-Map=0.0692s, Maps update=0.0042s pub=0.0011s delay=0.1387s (local map=3, WM=5)
[superpoint_node-2] [INFO] [1768034374.165718973] [superpoint_node]: Keypoints estratti: 800
[superpoint_node-2] [ERROR] [1768034374.171506519] [superpoint_node]: Errore pubblicazione keypoints 3D: could not assign tuple of length 3 to structure with 4 fields.
[superpoint_node-2] [INFO] [1768034374.262073408] [superpoint_node]: Keypoints estratti: 800
[superpoint_node-2] [ERROR] [1768034374.267857695] [superpoint_node]: Errore pubblicazione keypoints 3D: could not assign tuple of length 3 to structure with 4 fields.
[superpoint_node-2] [INFO] [1768034374.362985732] [superpoint_node]: Keypoints estratti: 800
[superpoint_node-2] [ERROR] [1768034374.368860686] [superpoint_node]: Errore pubblicazione keypoints 3D: could not assign tuple of length 3 to structure with 4 fields.
[superpoint_node-2] [INFO] [1768034374.459429353] [superpoint_node]: Keypoints estratti: 800
[superpoint_node-2] [ERROR] [1768034374.465426512] [superpoint_node]: Errore pubblicazione keypoints 3D: could not assign tuple of length 3 to structure with 4 fields.
[superpoint_node-2] [INFO] [1768034374.557421617] [superpoint_node]: Keypoints estratti: 800
[superpoint_node-2] [ERROR] [1768034374.563368942] [superpoint_node]: Errore pubblicazione keypoints 3D: could not assign tuple of length 3 to structure with 4 fields.
[superpoint_node-2] [INFO] [1768034374.654299260] [superpoint_node]: Keypoints estratti: 800
[superpoint_node-2] [ERROR] [1768034374.660125270] [superpoint_node]: Errore pubblicazione keypoints 3D: could not assign tuple of length 3 to structure with 4 fields.
[rtabmap-14] [INFO] [1768034374.727877495] [rtabmap]: rtabmap (1663): Rate=0.50s, Limit=0.001s, Conversion=0.0007s, RTAB-Map=0.0795s, Maps update=0.0034s pub=0.0018s delay=0.1230s (local map=5, WM=5)
[superpoint_node-2] [INFO] [1768034374.758588352] [superpoint_node]: Keypoints estratti: 800
[superpoint_node-2] [ERROR] [1768034374.764597640] [superpoint_node]: Errore pubblicazione keypoints 3D: could not assign tuple of length 3 to structure with 4 fields.
[superpoint_node-2] [INFO] [1768034374.857452492] [superpoint_node]: Keypoints estratti: 800
[superpoint_node-2] [ERROR] [1768034374.863098593] [superpoint_node]: Errore pubblicazione keypoints 3D: could not assign tuple of length 3 to structure with 4 fields.
[superpoint_node-2] [INFO] [1768034374.954024874] [superpoint_node]: Keypoints estratti: 800
[superpoint_node-2] [ERROR] [1768034374.959812494] [superpoint_node]: Errore pubblicazione keypoints 3D: could not assign tuple of length 3 to structure with 4 fields.
[superpoint_node-2] [INFO] [1768034375.052471363] [superpoint_node]: Keypoints estratti: 800
[superpoint_node-2] [ERROR] [1768034375.058198298] [superpoint_node]: Errore pubblicazione keypoints 3D: could not assign tuple of length 3 to structure with 4 fields.
[superpoint_node-2] [INFO] [1768034375.151384227] [superpoint_node]: Keypoints estratti: 800
[superpoint_node-2] [ERROR] [1768034375.157293589] [superpoint_node]: Errore pubblicazione keypoints 3D: could not assign tuple of length 3 to structure with 4 fields.
[superpoint_node-2] [INFO] [1768034375.254498920] [superpoint_node]: Keypoints estratti: 800
[superpoint_node-2] [ERROR] [1768034375.261058694] [superpoint_node]: Errore pubblicazione keypoints 3D: could not assign tuple of length 3 to structure with 4 fields.
[rtabmap-14] [INFO] [1768034375.282045306] [rtabmap]: rtabmap (1664): Rate=0.50s, Limit=0.001s, Conversion=0.0002s, RTAB-Map=0.0375s, Maps update=0.0003s pub=0.0010s delay=0.0803s (local map=2, WM=5)
[superpoint_node-2] [INFO] [1768034375.355541004] [superpoint_node]: Keypoints estratti: 800
[superpoint_node-2] [ERROR] [1768034375.361269735] [superpoint_node]: Errore pubblicazione keypoints 3D: could not assign tuple of length 3 to structure with 4 fields.
[superpoint_node-2] [INFO] [1768034375.453263228] [superpoint_node]: Keypoints estratti: 800
[superpoint_node-2] [ERROR] [1768034375.459013070] [superpoint_node]: Errore pubblicazione keypoints 3D: could not assign tuple of length 3 to structure with 4 fields.
[superpoint_node-2] [INFO] [1768034375.548159782] [superpoint_node]: Keypoints estratti: 800
[superpoint_node-2] [ERROR] [1768034375.553950421] [superpoint_node]: Errore pubblicazione keypoints 3D: could not assign tuple of length 3 to structure with 4 fields.
[superpoint_node-2] [INFO] [1768034375.644072066] [superpoint_node]: Keypoints estratti: 800
[superpoint_node-2] [ERROR] [1768034375.650179874] [superpoint_node]: Errore pubblicazione keypoints 3D: could not assign tuple of length 3 to structure with 4 fields.
[superpoint_node-2] [INFO] [1768034375.741277341] [superpoint_node]: Keypoints estratti: 800
[superpoint_node-2] [ERROR] [1768034375.747432724] [superpoint_node]: Errore pubblicazione keypoints 3D: could not assign tuple of length 3 to structure with 4 fields.
[superpoint_node-2] [INFO] [1768034375.839228308] [superpoint_node]: Keypoints estratti: 800
[superpoint_node-2] [ERROR] [1768034375.845375746] [superpoint_node]: Errore pubblicazione keypoints 3D: could not assign tuple of length 3 to structure with 4 fields.
[rtabmap-14] [INFO] [1768034375.855363418] [rtabmap]: rtabmap (1665): Rate=0.50s, Limit=0.001s, Conversion=0.0003s, RTAB-Map=0.0383s, Maps update=0.0003s pub=0.0007s delay=0.0662s (local map=3, WM=4)
[superpoint_node-2] [INFO] [1768034375.938484341] [superpoint_node]: Keypoints estratti: 800
[superpoint_node-2] [ERROR] [1768034375.944851743] [superpoint_node]: Errore pubblicazione keypoints 3D: could not assign tuple of length 3 to structure with 4 fields.
[superpoint_node-2] [INFO] [1768034376.035029963] [superpoint_node]: Keypoints estratti: 800
[superpoint_node-2] [ERROR] [1768034376.042086297] [superpoint_node]: Errore pubblicazione keypoints 3D: could not assign tuple of length 3 to structure with 4 fields.
[superpoint_node-2] [INFO] [1768034376.134593887] [superpoint_node]: Keypoints estratti: 800
[superpoint_node-2] [ERROR] [1768034376.140735344] [superpoint_node]: Errore pubblicazione keypoints 3D: could not assign tuple of length 3 to structure with 4 fields.
[superpoint_node-2] [INFO] [1768034376.229648146] [superpoint_node]: Keypoints estratti: 800
[superpoint_node-2] [ERROR] [1768034376.235387025] [superpoint_node]: Errore pubblicazione keypoints 3D: could not assign tuple of length 3 to structure with 4 fields.
[superpoint_node-2] [INFO] [1768034376.325702060] [superpoint_node]: Keypoints estratti: 800
[superpoint_node-2] [ERROR] [1768034376.331032158] [superpoint_node]: Errore pubblicazione keypoints 3D: could not assign tuple of length 3 to structure with 4 fields.
[superpoint_node-2] [INFO] [1768034376.427057462] [superpoint_node]: Keypoints estratti: 800
[superpoint_node-2] [ERROR] [1768034376.432825637] [superpoint_node]: Errore pubblicazione keypoints 3D: could not assign tuple of length 3 to structure with 4 fields.
[rtabmap-14] [INFO] [1768034376.497189206] [rtabmap]: rtabmap (1666): Rate=0.50s, Limit=0.001s, Conversion=0.0003s, RTAB-Map=0.0780s, Maps update=0.0004s pub=0.0010s delay=0.1229s (local map=5, WM=5)
[superpoint_node-2] [INFO] [1768034376.526187845] [superpoint_node]: Keypoints estratti: 800
[superpoint_node-2] [ERROR] [1768034376.531769686] [superpoint_node]: Errore pubblicazione keypoints 3D: could not assign tuple of length 3 to structure with 4 fields.
[superpoint_node-2] [INFO] [1768034376.622416002] [superpoint_node]: Keypoints estratti: 800
[superpoint_node-2] [ERROR] [1768034376.627999195] [superpoint_node]: Errore pubblicazione keypoints 3D: could not assign tuple of length 3 to structure with 4 fields.
[superpoint_node-2] [INFO] [1768034376.717934690] [superpoint_node]: Keypoints estratti: 800
[superpoint_node-2] [ERROR] [1768034376.723684384] [superpoint_node]: Errore pubblicazione keypoints 3D: could not assign tuple of length 3 to structure with 4 fields.
[superpoint_node-2] [INFO] [1768034376.816010158] [superpoint_node]: Keypoints estratti: 800
[superpoint_node-2] [ERROR] [1768034376.822780342] [superpoint_node]: Errore pubblicazione keypoints 3D: could not assign tuple of length 3 to structure with 4 fields.
[superpoint_node-2] [INFO] [1768034376.919129203] [superpoint_node]: Keypoints estratti: 800
[superpoint_node-2] [ERROR] [1768034376.924531117] [superpoint_node]: Errore pubblicazione keypoints 3D: could not assign tuple of length 3 to structure with 4 fields.
[superpoint_node-2] [INFO] [1768034377.018150419] [superpoint_node]: Keypoints estratti: 800
[superpoint_node-2] [ERROR] [1768034377.023876613] [superpoint_node]: Errore pubblicazione keypoints 3D: could not assign tuple of length 3 to structure with 4 fields.
[rtabmap-14] [INFO] [1768034377.034591810] [rtabmap]: rtabmap (1667): Rate=0.50s, Limit=0.001s, Conversion=0.0002s, RTAB-Map=0.0479s, Maps update=0.0006s pub=0.0011s delay=0.0651s (local map=2, WM=6)
[superpoint_node-2] [INFO] [1768034377.152755697] [superpoint_node]: Keypoints estratti: 800
[superpoint_node-2] [ERROR] [1768034377.158370853] [superpoint_node]: Errore pubblicazione keypoints 3D: could not assign tuple of length 3 to structure with 4 fields.
[superpoint_node-2] [INFO] [1768034377.253943930] [superpoint_node]: Keypoints estratti: 800
[superpoint_node-2] [ERROR] [1768034377.259650013] [superpoint_node]: Errore pubblicazione keypoints 3D: could not assign tuple of length 3 to structure with 4 fields.
[superpoint_node-2] [INFO] [1768034377.350521701] [superpoint_node]: Keypoints estratti: 800
[superpoint_node-2] [ERROR] [1768034377.356108431] [superpoint_node]: Errore pubblicazione keypoints 3D: could not assign tuple of length 3 to structure with 4 fields.
[superpoint_node-2] [INFO] [1768034377.443828186] [superpoint_node]: Keypoints estratti: 800
[superpoint_node-2] [ERROR] [1768034377.449946494] [superpoint_node]: Errore pubblicazione keypoints 3D: could not assign tuple of length 3 to structure with 4 fields.
[superpoint_node-2] [INFO] [1768034377.537447359] [superpoint_node]: Keypoints estratti: 800
[superpoint_node-2] [ERROR] [1768034377.543571149] [superpoint_node]: Errore pubblicazione keypoints 3D: could not assign tuple of length 3 to structure with 4 fields.
[rtabmap-14] [INFO] [1768034377.587558926] [rtabmap]: rtabmap (1668): Rate=0.50s, Limit=0.001s, Conversion=0.0008s, RTAB-Map=0.0654s, Maps update=0.0101s pub=0.0022s delay=0.0988s (local map=3, WM=5)
[superpoint_node-2] [INFO] [1768034377.635370326] [superpoint_node]: Keypoints estratti: 800
[superpoint_node-2] [ERROR] [1768034377.641938601] [superpoint_node]: Errore pubblicazione keypoints 3D: could not assign tuple of length 3 to structure with 4 fields.
[superpoint_node-2] [INFO] [1768034377.733422460] [superpoint_node]: Keypoints estratti: 800
[superpoint_node-2] [ERROR] [1768034377.739871919] [superpoint_node]: Errore pubblicazione keypoints 3D: could not assign tuple of length 3 to structure with 4 fields.
[superpoint_node-2] [INFO] [1768034377.829981083] [superpoint_node]: Keypoints estratti: 800
[superpoint_node-2] [ERROR] [1768034377.835821074] [superpoint_node]: Errore pubblicazione keypoints 3D: could not assign tuple of length 3 to structure with 4 fields.
[superpoint_node-2] [INFO] [1768034377.926047460] [superpoint_node]: Keypoints estratti: 800
[superpoint_node-2] [ERROR] [1768034377.931644190] [superpoint_node]: Errore pubblicazione keypoints 3D: could not assign tuple of length 3 to structure with 4 fields.
[superpoint_node-2] [INFO] [1768034378.018548865] [superpoint_node]: Keypoints estratti: 800
[superpoint_node-2] [ERROR] [1768034378.023932260] [superpoint_node]: Errore pubblicazione keypoints 3D: could not assign tuple of length 3 to structure with 4 fields.
[superpoint_node-2] [INFO] [1768034378.117774472] [superpoint_node]: Keypoints estratti: 800
[superpoint_node-2] [ERROR] [1768034378.123654500] [superpoint_node]: Errore pubblicazione keypoints 3D: could not assign tuple of length 3 to structure with 4 fields.
[rtabmap-14] [33m[ WARN] (2026-01-10 09:39:33.556) Memory.cpp:2105::forget() Less signatures transferred (2) than added (3)! The working memory cannot decrease in size.[0m
[rtabmap-14] [33m[ WARN] (2026-01-10 09:39:36.493) Memory.cpp:2105::forget() Less signatures transferred (1) than added (2)! The working memory cannot decrease in size.[0m
[rtabmap-14] [33m[ WARN] (2026-01-10 09:39:37.029) Memory.cpp:2105::forget() Less signatures transferred (2) than added (3)! The working memory cannot decrease in size.[0m
[rtabmap-14] [INFO] [1768034378.195065051] [rtabmap]: rtabmap (1669): Rate=0.50s, Limit=0.001s, Conversion=0.0003s, RTAB-Map=0.0756s, Maps update=0.0005s pub=0.0017s delay=0.1256s (local map=5, WM=5)
[superpoint_node-2] [INFO] [1768034378.220175104] [superpoint_node]: Keypoints estratti: 800
[superpoint_node-2] [ERROR] [1768034378.225666055] [superpoint_node]: Errore pubblicazione keypoints 3D: could not assign tuple of length 3 to structure with 4 fields.
[superpoint_node-2] [INFO] [1768034378.317902550] [superpoint_node]: Keypoints estratti: 800
[superpoint_node-2] [ERROR] [1768034378.323353908] [superpoint_node]: Errore pubblicazione keypoints 3D: could not assign tuple of length 3 to structure with 4 fields.
[superpoint_node-2] [INFO] [1768034378.416479281] [superpoint_node]: Keypoints estratti: 800
[superpoint_node-2] [ERROR] [1768034378.422008640] [superpoint_node]: Errore pubblicazione keypoints 3D: could not assign tuple of length 3 to structure with 4 fields.
[superpoint_node-2] [INFO] [1768034378.516611562] [superpoint_node]: Keypoints estratti: 800
[superpoint_node-2] [ERROR] [1768034378.522079161] [superpoint_node]: Errore pubblicazione keypoints 3D: could not assign tuple of length 3 to structure with 4 fields.
[superpoint_node-2] [INFO] [1768034378.618877730] [superpoint_node]: Keypoints estratti: 800
[superpoint_node-2] [ERROR] [1768034378.624481848] [superpoint_node]: Errore pubblicazione keypoints 3D: could not assign tuple of length 3 to structure with 4 fields.
[rtabmap-14] [INFO] [1768034378.655513744] [rtabmap]: rtabmap (1670): Rate=0.50s, Limit=0.001s, Conversion=0.0043s, RTAB-Map=0.0658s, Maps update=0.0005s pub=0.0042s delay=0.0860s (local map=2, WM=5)
[superpoint_node-2] [INFO] [1768034378.718795286] [superpoint_node]: Keypoints estratti: 800
[superpoint_node-2] [ERROR] [1768034378.724410424] [superpoint_node]: Errore pubblicazione keypoints 3D: could not assign tuple of length 3 to structure with 4 fields.
[superpoint_node-2] [INFO] [1768034378.816496844] [superpoint_node]: Keypoints estratti: 800
[superpoint_node-2] [ERROR] [1768034378.821960943] [superpoint_node]: Errore pubblicazione keypoints 3D: could not assign tuple of length 3 to structure with 4 fields.
[superpoint_node-2] [INFO] [1768034378.921162605] [superpoint_node]: Keypoints estratti: 800
[superpoint_node-2] [ERROR] [1768034378.926641148] [superpoint_node]: Errore pubblicazione keypoints 3D: could not assign tuple of length 3 to structure with 4 fields.
[superpoint_node-2] [INFO] [1768034379.016377124] [superpoint_node]: Keypoints estratti: 800
[superpoint_node-2] [ERROR] [1768034379.022268041] [superpoint_node]: Errore pubblicazione keypoints 3D: could not assign tuple of length 3 to structure with 4 fields.
[superpoint_node-2] [INFO] [1768034379.120020729] [superpoint_node]: Keypoints estratti: 800
[superpoint_node-2] [ERROR] [1768034379.125868664] [superpoint_node]: Errore pubblicazione keypoints 3D: could not assign tuple of length 3 to structure with 4 fields.
[rtabmap-14] [INFO] [1768034379.191891098] [rtabmap]: rtabmap (1671): Rate=0.50s, Limit=0.001s, Conversion=0.0005s, RTAB-Map=0.0736s, Maps update=0.0012s pub=0.0016s delay=0.1224s (local map=3, WM=4)
[superpoint_node-2] [INFO] [1768034379.223224737] [superpoint_node]: Keypoints estratti: 800
[superpoint_node-2] [ERROR] [1768034379.228836578] [superpoint_node]: Errore pubblicazione keypoints 3D: could not assign tuple of length 3 to structure with 4 fields.
[superpoint_node-2] [INFO] [1768034379.321787542] [superpoint_node]: Keypoints estratti: 800
[superpoint_node-2] [ERROR] [1768034379.327681164] [superpoint_node]: Errore pubblicazione keypoints 3D: could not assign tuple of length 3 to structure with 4 fields.
[superpoint_node-2] [INFO] [1768034379.416748671] [superpoint_node]: Keypoints estratti: 800
[superpoint_node-2] [ERROR] [1768034379.422202603] [superpoint_node]: Errore pubblicazione keypoints 3D: could not assign tuple of length 3 to structure with 4 fields.
[superpoint_node-2] [INFO] [1768034379.519669529] [superpoint_node]: Keypoints estratti: 800
[superpoint_node-2] [ERROR] [1768034379.525273944] [superpoint_node]: Errore pubblicazione keypoints 3D: could not assign tuple of length 3 to structure with 4 fields.
[superpoint_node-2] [INFO] [1768034379.617945295] [superpoint_node]: Keypoints estratti: 800
[superpoint_node-2] [ERROR] [1768034379.623467413] [superpoint_node]: Errore pubblicazione keypoints 3D: could not assign tuple of length 3 to structure with 4 fields.
[superpoint_node-2] [INFO] [1768034379.717149957] [superpoint_node]: Keypoints estratti: 800
[superpoint_node-2] [ERROR] [1768034379.723167727] [superpoint_node]: Errore pubblicazione keypoints 3D: could not assign tuple of length 3 to structure with 4 fields.
[rtabmap-14] [INFO] [1768034379.789350311] [rtabmap]: rtabmap (1672): Rate=0.50s, Limit=0.001s, Conversion=0.0005s, RTAB-Map=0.0678s, Maps update=0.0025s pub=0.0012s delay=0.1198s (local map=5, WM=5)
[superpoint_node-2] [INFO] [1768034379.816361156] [superpoint_node]: Keypoints estratti: 800
[superpoint_node-2] [ERROR] [1768034379.821867589] [superpoint_node]: Errore pubblicazione keypoints 3D: could not assign tuple of length 3 to structure with 4 fields.
[superpoint_node-2] [INFO] [1768034379.920588969] [superpoint_node]: Keypoints estratti: 800
[superpoint_node-2] [ERROR] [1768034379.926121550] [superpoint_node]: Errore pubblicazione keypoints 3D: could not assign tuple of length 3 to structure with 4 fields.
[superpoint_node-2] [INFO] [1768034380.017297555] [superpoint_node]: Keypoints estratti: 800
[superpoint_node-2] [ERROR] [1768034380.023381660] [superpoint_node]: Errore pubblicazione keypoints 3D: could not assign tuple of length 3 to structure with 4 fields.
[superpoint_node-2] [INFO] [1768034380.118322010] [superpoint_node]: Keypoints estratti: 800
[superpoint_node-2] [ERROR] [1768034380.123893351] [superpoint_node]: Errore pubblicazione keypoints 3D: could not assign tuple of length 3 to structure with 4 fields.
[superpoint_node-2] [INFO] [1768034380.215277265] [superpoint_node]: Keypoints estratti: 800
[superpoint_node-2] [ERROR] [1768034380.220940699] [superpoint_node]: Errore pubblicazione keypoints 3D: could not assign tuple of length 3 to structure with 4 fields.
[superpoint_node-2] [INFO] [1768034380.320043027] [superpoint_node]: Keypoints estratti: 800
[superpoint_node-2] [ERROR] [1768034380.326177261] [superpoint_node]: Errore pubblicazione keypoints 3D: could not assign tuple of length 3 to structure with 4 fields.
[rtabmap-14] [INFO] [1768034380.393466705] [rtabmap]: rtabmap (1673): Rate=0.50s, Limit=0.001s, Conversion=0.0002s, RTAB-Map=0.0725s, Maps update=0.0012s pub=0.0015s delay=0.1239s (local map=2, WM=6)
[superpoint_node-2] [INFO] [1768034380.418985502] [superpoint_node]: Keypoints estratti: 800
[superpoint_node-2] [ERROR] [1768034380.424241284] [superpoint_node]: Errore pubblicazione keypoints 3D: could not assign tuple of length 3 to structure with 4 fields.
[superpoint_node-2] [INFO] [1768034380.519335636] [superpoint_node]: Keypoints estratti: 800
[superpoint_node-2] [ERROR] [1768034380.525036570] [superpoint_node]: Errore pubblicazione keypoints 3D: could not assign tuple of length 3 to structure with 4 fields.
[superpoint_node-2] [INFO] [1768034380.618739614] [superpoint_node]: Keypoints estratti: 800
[superpoint_node-2] [ERROR] [1768034380.624250880] [superpoint_node]: Errore pubblicazione keypoints 3D: could not assign tuple of length 3 to structure with 4 fields.
[superpoint_node-2] [INFO] [1768034380.716276967] [superpoint_node]: Keypoints estratti: 800
[superpoint_node-2] [ERROR] [1768034380.721607213] [superpoint_node]: Errore pubblicazione keypoints 3D: could not assign tuple of length 3 to structure with 4 fields.
[superpoint_node-2] [INFO] [1768034380.817031937] [superpoint_node]: Keypoints estratti: 800
[superpoint_node-2] [ERROR] [1768034380.822499129] [superpoint_node]: Errore pubblicazione keypoints 3D: could not assign tuple of length 3 to structure with 4 fields.
[superpoint_node-2] [INFO] [1768034380.916863067] [superpoint_node]: Keypoints estratti: 800
[superpoint_node-2] [ERROR] [1768034380.922612095] [superpoint_node]: Errore pubblicazione keypoints 3D: could not assign tuple of length 3 to structure with 4 fields.
[rtabmap-14] [INFO] [1768034380.992874433] [rtabmap]: rtabmap (1674): Rate=0.50s, Limit=0.001s, Conversion=0.0003s, RTAB-Map=0.0696s, Maps update=0.0055s pub=0.0020s delay=0.1234s (local map=3, WM=5)
[superpoint_node-2] [INFO] [1768034381.055466507] [superpoint_node]: Keypoints estratti: 800
[superpoint_node-2] [ERROR] [1768034381.061048533] [superpoint_node]: Errore pubblicazione keypoints 3D: could not assign tuple of length 3 to structure with 4 fields.
[superpoint_node-2] [INFO] [1768034381.147080590] [superpoint_node]: Keypoints estratti: 800
[superpoint_node-2] [ERROR] [1768034381.153257657] [superpoint_node]: Errore pubblicazione keypoints 3D: could not assign tuple of length 3 to structure with 4 fields.
[superpoint_node-2] [INFO] [1768034381.239784200] [superpoint_node]: Keypoints estratti: 800
[superpoint_node-2] [ERROR] [1768034381.245536320] [superpoint_node]: Errore pubblicazione keypoints 3D: could not assign tuple of length 3 to structure with 4 fields.
[superpoint_node-2] [INFO] [1768034381.332849961] [superpoint_node]: Keypoints estratti: 800
[superpoint_node-2] [ERROR] [1768034381.339977721] [superpoint_node]: Errore pubblicazione keypoints 3D: could not assign tuple of length 3 to structure with 4 fields.
[superpoint_node-2] [INFO] [1768034381.430681260] [superpoint_node]: Keypoints estratti: 800
[superpoint_node-2] [ERROR] [1768034381.436442825] [superpoint_node]: Errore pubblicazione keypoints 3D: could not assign tuple of length 3 to structure with 4 fields.
[rtabmap-14] [INFO] [1768034381.477173057] [rtabmap]: rtabmap (1675): Rate=0.50s, Limit=0.001s, Conversion=0.0004s, RTAB-Map=0.0619s, Maps update=0.0003s pub=0.0053s delay=0.0958s (local map=5, WM=5)
[superpoint_node-2] [INFO] [1768034381.526528599] [superpoint_node]: Keypoints estratti: 800
[superpoint_node-2] [ERROR] [1768034381.532689982] [superpoint_node]: Errore pubblicazione keypoints 3D: could not assign tuple of length 3 to structure with 4 fields.
[superpoint_node-2] [INFO] [1768034381.622868201] [superpoint_node]: Keypoints estratti: 800
[superpoint_node-2] [ERROR] [1768034381.628358986] [superpoint_node]: Errore pubblicazione keypoints 3D: could not assign tuple of length 3 to structure with 4 fields.
[superpoint_node-2] [INFO] [1768034381.721886288] [superpoint_node]: Keypoints estratti: 800
[superpoint_node-2] [ERROR] [1768034381.727647815] [superpoint_node]: Errore pubblicazione keypoints 3D: could not assign tuple of length 3 to structure with 4 fields.
[superpoint_node-2] [INFO] [1768034381.817048325] [superpoint_node]: Keypoints estratti: 800
[superpoint_node-2] [ERROR] [1768034381.822461238] [superpoint_node]: Errore pubblicazione keypoints 3D: could not assign tuple of length 3 to structure with 4 fields.
[superpoint_node-2] [INFO] [1768034381.916719416] [superpoint_node]: Keypoints estratti: 800
[superpoint_node-2] [ERROR] [1768034381.922175701] [superpoint_node]: Errore pubblicazione keypoints 3D: could not assign tuple of length 3 to structure with 4 fields.
[superpoint_node-2] [INFO] [1768034382.017623425] [superpoint_node]: Keypoints estratti: 800
[superpoint_node-2] [ERROR] [1768034382.023335730] [superpoint_node]: Errore pubblicazione keypoints 3D: could not assign tuple of length 3 to structure with 4 fields.
[rtabmap-14] [INFO] [1768034382.092431300] [rtabmap]: rtabmap (1676): Rate=0.50s, Limit=0.001s, Conversion=0.0002s, RTAB-Map=0.0771s, Maps update=0.0005s pub=0.0014s delay=0.1229s (local map=2, WM=5)
[superpoint_node-2] [INFO] [1768034382.120998287] [superpoint_node]: Keypoints estratti: 800
[superpoint_node-2] [ERROR] [1768034382.127032021] [superpoint_node]: Errore pubblicazione keypoints 3D: could not assign tuple of length 3 to structure with 4 fields.
[superpoint_node-2] [INFO] [1768034382.219358832] [superpoint_node]: Keypoints estratti: 800
[superpoint_node-2] [ERROR] [1768034382.224512058] [superpoint_node]: Errore pubblicazione keypoints 3D: could not assign tuple of length 3 to structure with 4 fields.
[superpoint_node-2] [INFO] [1768034382.317625023] [superpoint_node]: Keypoints estratti: 800
[superpoint_node-2] [ERROR] [1768034382.323668682] [superpoint_node]: Errore pubblicazione keypoints 3D: could not assign tuple of length 3 to structure with 4 fields.
[superpoint_node-2] [INFO] [1768034382.418779386] [superpoint_node]: Keypoints estratti: 800
[superpoint_node-2] [ERROR] [1768034382.424319671] [superpoint_node]: Errore pubblicazione keypoints 3D: could not assign tuple of length 3 to structure with 4 fields.
[superpoint_node-2] [INFO] [1768034382.516420998] [superpoint_node]: Keypoints estratti: 800
[superpoint_node-2] [ERROR] [1768034382.521935061] [superpoint_node]: Errore pubblicazione keypoints 3D: could not assign tuple of length 3 to structure with 4 fields.
[superpoint_node-2] [INFO] [1768034382.618278978] [superpoint_node]: Keypoints estratti: 800
[superpoint_node-2] [ERROR] [1768034382.623818448] [superpoint_node]: Errore pubblicazione keypoints 3D: could not assign tuple of length 3 to structure with 4 fields.
[rtabmap-14] [INFO] [1768034382.652118452] [rtabmap]: rtabmap (1677): Rate=0.50s, Limit=0.001s, Conversion=0.0003s, RTAB-Map=0.0346s, Maps update=0.0004s pub=0.0008s delay=0.0826s (local map=3, WM=4)
[superpoint_node-2] [INFO] [1768034382.718010033] [superpoint_node]: Keypoints estratti: 800
[superpoint_node-2] [ERROR] [1768034382.723555244] [superpoint_node]: Errore pubblicazione keypoints 3D: could not assign tuple of length 3 to structure with 4 fields.
[superpoint_node-2] [INFO] [1768034382.817136991] [superpoint_node]: Keypoints estratti: 800
[superpoint_node-2] [ERROR] [1768034382.822652313] [superpoint_node]: Errore pubblicazione keypoints 3D: could not assign tuple of length 3 to structure with 4 fields.
[superpoint_node-2] [INFO] [1768034382.918457984] [superpoint_node]: Keypoints estratti: 800
[superpoint_node-2] [ERROR] [1768034382.923942565] [superpoint_node]: Errore pubblicazione keypoints 3D: could not assign tuple of length 3 to structure with 4 fields.
[superpoint_node-2] [INFO] [1768034383.018100076] [superpoint_node]: Keypoints estratti: 800
[superpoint_node-2] [ERROR] [1768034383.023571157] [superpoint_node]: Errore pubblicazione keypoints 3D: could not assign tuple of length 3 to structure with 4 fields.
[superpoint_node-2] [INFO] [1768034383.119077493] [superpoint_node]: Keypoints estratti: 800
[superpoint_node-2] [ERROR] [1768034383.124716260] [superpoint_node]: Errore pubblicazione keypoints 3D: could not assign tuple of length 3 to structure with 4 fields.
[rtabmap-14] [33m[ WARN] (2026-01-10 09:39:39.784) Memory.cpp:2105::forget() Less signatures transferred (1) than added (2)! The working memory cannot decrease in size.[0m
[rtabmap-14] [33m[ WARN] (2026-01-10 09:39:40.388) Memory.cpp:2105::forget() Less signatures transferred (2) than added (3)! The working memory cannot decrease in size.[0m
[superpoint_node-2] [INFO] [1768034383.220788693] [superpoint_node]: Keypoints estratti: 800
[superpoint_node-2] [ERROR] [1768034383.227356561] [superpoint_node]: Errore pubblicazione keypoints 3D: could not assign tuple of length 3 to structure with 4 fields.
[rtabmap-14] [INFO] [1768034383.286285642] [rtabmap]: rtabmap (1678): Rate=0.50s, Limit=0.001s, Conversion=0.0005s, RTAB-Map=0.0514s, Maps update=0.0127s pub=0.0019s delay=0.1167s (local map=5, WM=5)
[superpoint_node-2] [INFO] [1768034383.323351993] [superpoint_node]: Keypoints estratti: 800
[superpoint_node-2] [ERROR] [1768034383.328679517] [superpoint_node]: Errore pubblicazione keypoints 3D: could not assign tuple of length 3 to structure with 4 fields.
[superpoint_node-2] [INFO] [1768034383.420232692] [superpoint_node]: Keypoints estratti: 800
[superpoint_node-2] [ERROR] [1768034383.425662384] [superpoint_node]: Errore pubblicazione keypoints 3D: could not assign tuple of length 3 to structure with 4 fields.
[superpoint_node-2] [INFO] [1768034383.518041121] [superpoint_node]: Keypoints estratti: 800
[superpoint_node-2] [ERROR] [1768034383.523430831] [superpoint_node]: Errore pubblicazione keypoints 3D: could not assign tuple of length 3 to structure with 4 fields.
[superpoint_node-2] [INFO] [1768034383.617918437] [superpoint_node]: Keypoints estratti: 800
[superpoint_node-2] [ERROR] [1768034383.623978411] [superpoint_node]: Errore pubblicazione keypoints 3D: could not assign tuple of length 3 to structure with 4 fields.
[superpoint_node-2] [INFO] [1768034383.716115331] [superpoint_node]: Keypoints estratti: 800
[superpoint_node-2] [ERROR] [1768034383.721720432] [superpoint_node]: Errore pubblicazione keypoints 3D: could not assign tuple of length 3 to structure with 4 fields.
[superpoint_node-2] [INFO] [1768034383.818265110] [superpoint_node]: Keypoints estratti: 800
[superpoint_node-2] [ERROR] [1768034383.824532252] [superpoint_node]: Errore pubblicazione keypoints 3D: could not assign tuple of length 3 to structure with 4 fields.
[rtabmap-14] [INFO] [1768034383.887830202] [rtabmap]: rtabmap (1679): Rate=0.50s, Limit=0.001s, Conversion=0.0002s, RTAB-Map=0.0673s, Maps update=0.0024s pub=0.0009s delay=0.1184s (local map=2, WM=6)
[superpoint_node-2] [INFO] [1768034383.920061533] [superpoint_node]: Keypoints estratti: 800
[superpoint_node-2] [ERROR] [1768034383.925446169] [superpoint_node]: Errore pubblicazione keypoints 3D: could not assign tuple of length 3 to structure with 4 fields.
[superpoint_node-2] [INFO] [1768034384.018741598] [superpoint_node]: Keypoints estratti: 800
[superpoint_node-2] [ERROR] [1768034384.024369384] [superpoint_node]: Errore pubblicazione keypoints 3D: could not assign tuple of length 3 to structure with 4 fields.
[superpoint_node-2] [INFO] [1768034384.116068930] [superpoint_node]: Keypoints estratti: 800
[superpoint_node-2] [ERROR] [1768034384.121613438] [superpoint_node]: Errore pubblicazione keypoints 3D: could not assign tuple of length 3 to structure with 4 fields.
[superpoint_node-2] [INFO] [1768034384.218782232] [superpoint_node]: Keypoints estratti: 800
[superpoint_node-2] [ERROR] [1768034384.224341350] [superpoint_node]: Errore pubblicazione keypoints 3D: could not assign tuple of length 3 to structure with 4 fields.
[superpoint_node-2] [INFO] [1768034384.316810125] [superpoint_node]: Keypoints estratti: 800
[superpoint_node-2] [ERROR] [1768034384.322482615] [superpoint_node]: Errore pubblicazione keypoints 3D: could not assign tuple of length 3 to structure with 4 fields.
[rtabmap-14] [INFO] [1768034384.391547073] [rtabmap]: rtabmap (1680): Rate=0.50s, Limit=0.001s, Conversion=0.0002s, RTAB-Map=0.0723s, Maps update=0.0004s pub=0.0011s delay=0.1221s (local map=3, WM=5)
[superpoint_node-2] [INFO] [1768034384.419479926] [superpoint_node]: Keypoints estratti: 800
[superpoint_node-2] [ERROR] [1768034384.425517530] [superpoint_node]: Errore pubblicazione keypoints 3D: could not assign tuple of length 3 to structure with 4 fields.
[superpoint_node-2] [INFO] [1768034384.517199020] [superpoint_node]: Keypoints estratti: 800
[superpoint_node-2] [ERROR] [1768034384.522680546] [superpoint_node]: Errore pubblicazione keypoints 3D: could not assign tuple of length 3 to structure with 4 fields.
[superpoint_node-2] [INFO] [1768034384.616094791] [superpoint_node]: Keypoints estratti: 800
[superpoint_node-2] [ERROR] [1768034384.621693910] [superpoint_node]: Errore pubblicazione keypoints 3D: could not assign tuple of length 3 to structure with 4 fields.
[superpoint_node-2] [INFO] [1768034384.718872926] [superpoint_node]: Keypoints estratti: 800
[superpoint_node-2] [ERROR] [1768034384.724365877] [superpoint_node]: Errore pubblicazione keypoints 3D: could not assign tuple of length 3 to structure with 4 fields.
[superpoint_node-2] [INFO] [1768034384.818815039] [superpoint_node]: Keypoints estratti: 800
[superpoint_node-2] [ERROR] [1768034384.824370768] [superpoint_node]: Errore pubblicazione keypoints 3D: could not assign tuple of length 3 to structure with 4 fields.
[superpoint_node-2] [INFO] [1768034384.918314666] [superpoint_node]: Keypoints estratti: 800
[superpoint_node-2] [ERROR] [1768034384.923832840] [superpoint_node]: Errore pubblicazione keypoints 3D: could not assign tuple of length 3 to structure with 4 fields.
[rtabmap-14] [INFO] [1768034384.991910012] [rtabmap]: rtabmap (1681): Rate=0.50s, Limit=0.001s, Conversion=0.0002s, RTAB-Map=0.0807s, Maps update=0.0004s pub=0.0014s delay=0.1224s (local map=5, WM=5)
[superpoint_node-2] [INFO] [1768034385.018055203] [superpoint_node]: Keypoints estratti: 800
[superpoint_node-2] [ERROR] [1768034385.023575784] [superpoint_node]: Errore pubblicazione keypoints 3D: could not assign tuple of length 3 to structure with 4 fields.
[superpoint_node-2] [INFO] [1768034385.117202346] [superpoint_node]: Keypoints estratti: 800
[superpoint_node-2] [ERROR] [1768034385.123014040] [superpoint_node]: Errore pubblicazione keypoints 3D: could not assign tuple of length 3 to structure with 4 fields.
[superpoint_node-2] [INFO] [1768034385.219331568] [superpoint_node]: Keypoints estratti: 800
[superpoint_node-2] [ERROR] [1768034385.224914002] [superpoint_node]: Errore pubblicazione keypoints 3D: could not assign tuple of length 3 to structure with 4 fields.
[superpoint_node-2] [INFO] [1768034385.316035284] [superpoint_node]: Keypoints estratti: 800
[superpoint_node-2] [ERROR] [1768034385.321462661] [superpoint_node]: Errore pubblicazione keypoints 3D: could not assign tuple of length 3 to structure with 4 fields.
[superpoint_node-2] [INFO] [1768034385.417124554] [superpoint_node]: Keypoints estratti: 800
[superpoint_node-2] [ERROR] [1768034385.422580060] [superpoint_node]: Errore pubblicazione keypoints 3D: could not assign tuple of length 3 to structure with 4 fields.
[superpoint_node-2] [INFO] [1768034385.518437585] [superpoint_node]: Keypoints estratti: 800
[superpoint_node-2] [ERROR] [1768034385.524284779] [superpoint_node]: Errore pubblicazione keypoints 3D: could not assign tuple of length 3 to structure with 4 fields.
[rtabmap-14] [INFO] [1768034385.597647606] [rtabmap]: rtabmap (1682): Rate=0.50s, Limit=0.001s, Conversion=0.0006s, RTAB-Map=0.0812s, Maps update=0.0016s pub=0.0012s delay=0.1281s (local map=2, WM=5)
[superpoint_node-2] [INFO] [1768034385.629687565] [superpoint_node]: Keypoints estratti: 800
[superpoint_node-2] [ERROR] [1768034385.635420296] [superpoint_node]: Errore pubblicazione keypoints 3D: could not assign tuple of length 3 to structure with 4 fields.
[superpoint_node-2] [INFO] [1768034385.731431933] [superpoint_node]: Keypoints estratti: 800
[superpoint_node-2] [ERROR] [1768034385.737851095] [superpoint_node]: Errore pubblicazione keypoints 3D: could not assign tuple of length 3 to structure with 4 fields.
[superpoint_node-2] [INFO] [1768034385.827395346] [superpoint_node]: Keypoints estratti: 800
[superpoint_node-2] [ERROR] [1768034385.832883483] [superpoint_node]: Errore pubblicazione keypoints 3D: could not assign tuple of length 3 to structure with 4 fields.
[superpoint_node-2] [INFO] [1768034385.922796108] [superpoint_node]: Keypoints estratti: 800
[superpoint_node-2] [ERROR] [1768034385.928099595] [superpoint_node]: Errore pubblicazione keypoints 3D: could not assign tuple of length 3 to structure with 4 fields.
[superpoint_node-2] [INFO] [1768034386.015996148] [superpoint_node]: Keypoints estratti: 800
[superpoint_node-2] [ERROR] [1768034386.021765787] [superpoint_node]: Errore pubblicazione keypoints 3D: could not assign tuple of length 3 to structure with 4 fields.
[superpoint_node-2] [INFO] [1768034386.118371780] [superpoint_node]: Keypoints estratti: 800
[superpoint_node-2] [ERROR] [1768034386.124426772] [superpoint_node]: Errore pubblicazione keypoints 3D: could not assign tuple of length 3 to structure with 4 fields.
[rtabmap-14] [INFO] [1768034386.188919546] [rtabmap]: rtabmap (1683): Rate=0.50s, Limit=0.001s, Conversion=0.0003s, RTAB-Map=0.0715s, Maps update=0.0010s pub=0.0010s delay=0.1193s (local map=3, WM=4)
[superpoint_node-2] [INFO] [1768034386.219748904] [superpoint_node]: Keypoints estratti: 800
[superpoint_node-2] [ERROR] [1768034386.225198169] [superpoint_node]: Errore pubblicazione keypoints 3D: could not assign tuple of length 3 to structure with 4 fields.
[superpoint_node-2] [INFO] [1768034386.318345876] [superpoint_node]: Keypoints estratti: 800
[superpoint_node-2] [ERROR] [1768034386.323847438] [superpoint_node]: Errore pubblicazione keypoints 3D: could not assign tuple of length 3 to structure with 4 fields.
[superpoint_node-2] [INFO] [1768034386.416871847] [superpoint_node]: Keypoints estratti: 800
[superpoint_node-2] [ERROR] [1768034386.422211427] [superpoint_node]: Errore pubblicazione keypoints 3D: could not assign tuple of length 3 to structure with 4 fields.
[superpoint_node-2] [INFO] [1768034386.516832497] [superpoint_node]: Keypoints estratti: 800
[superpoint_node-2] [ERROR] [1768034386.522406097] [superpoint_node]: Errore pubblicazione keypoints 3D: could not assign tuple of length 3 to structure with 4 fields.
[superpoint_node-2] [INFO] [1768034386.616236771] [superpoint_node]: Keypoints estratti: 800
[superpoint_node-2] [ERROR] [1768034386.621966724] [superpoint_node]: Errore pubblicazione keypoints 3D: could not assign tuple of length 3 to structure with 4 fields.
[superpoint_node-2] [INFO] [1768034386.720079563] [superpoint_node]: Keypoints estratti: 800
[rtabmap-14] [INFO] [1768034386.724681748] [rtabmap]: rtabmap (1684): Rate=0.50s, Limit=0.001s, Conversion=0.0002s, RTAB-Map=0.0392s, Maps update=0.0009s pub=0.0010s delay=0.0552s (local map=5, WM=5)
[superpoint_node-2] [ERROR] [1768034386.726743246] [superpoint_node]: Errore pubblicazione keypoints 3D: could not assign tuple of length 3 to structure with 4 fields.
[superpoint_node-2] [INFO] [1768034386.817340747] [superpoint_node]: Keypoints estratti: 800
[superpoint_node-2] [ERROR] [1768034386.823373684] [superpoint_node]: Errore pubblicazione keypoints 3D: could not assign tuple of length 3 to structure with 4 fields.
[superpoint_node-2] [INFO] [1768034386.919655748] [superpoint_node]: Keypoints estratti: 800
[superpoint_node-2] [ERROR] [1768034386.925302016] [superpoint_node]: Errore pubblicazione keypoints 3D: could not assign tuple of length 3 to structure with 4 fields.
[superpoint_node-2] [INFO] [1768034387.018829614] [superpoint_node]: Keypoints estratti: 800
[superpoint_node-2] [ERROR] [1768034387.025266776] [superpoint_node]: Errore pubblicazione keypoints 3D: could not assign tuple of length 3 to structure with 4 fields.
[superpoint_node-2] [INFO] [1768034387.117636699] [superpoint_node]: Keypoints estratti: 800
[superpoint_node-2] [ERROR] [1768034387.123859396] [superpoint_node]: Errore pubblicazione keypoints 3D: could not assign tuple of length 3 to structure with 4 fields.
[superpoint_node-2] [INFO] [1768034387.216720656] [superpoint_node]: Keypoints estratti: 800
[superpoint_node-2] [ERROR] [1768034387.222188829] [superpoint_node]: Errore pubblicazione keypoints 3D: could not assign tuple of length 3 to structure with 4 fields.
[superpoint_node-2] [INFO] [1768034387.318524172] [superpoint_node]: Keypoints estratti: 800
[superpoint_node-2] [ERROR] [1768034387.325238115] [superpoint_node]: Errore pubblicazione keypoints 3D: could not assign tuple of length 3 to structure with 4 fields.
[rtabmap-14] [INFO] [1768034387.396140569] [rtabmap]: rtabmap (1685): Rate=0.50s, Limit=0.001s, Conversion=0.0004s, RTAB-Map=0.0710s, Maps update=0.0060s pub=0.0009s delay=0.1266s (local map=2, WM=6)
[superpoint_node-2] [INFO] [1768034387.425235653] [superpoint_node]: Keypoints estratti: 800
[superpoint_node-2] [ERROR] [1768034387.430570863] [superpoint_node]: Errore pubblicazione keypoints 3D: could not assign tuple of length 3 to structure with 4 fields.
[superpoint_node-2] [INFO] [1768034387.521232938] [superpoint_node]: Keypoints estratti: 800
[superpoint_node-2] [ERROR] [1768034387.527121633] [superpoint_node]: Errore pubblicazione keypoints 3D: could not assign tuple of length 3 to structure with 4 fields.
[superpoint_node-2] [INFO] [1768034387.617433520] [superpoint_node]: Keypoints estratti: 800
[superpoint_node-2] [ERROR] [1768034387.622912823] [superpoint_node]: Errore pubblicazione keypoints 3D: could not assign tuple of length 3 to structure with 4 fields.
[superpoint_node-2] [INFO] [1768034387.716001789] [superpoint_node]: Keypoints estratti: 800
[superpoint_node-2] [ERROR] [1768034387.721523203] [superpoint_node]: Errore pubblicazione keypoints 3D: could not assign tuple of length 3 to structure with 4 fields.
[superpoint_node-2] [INFO] [1768034387.815180969] [superpoint_node]: Keypoints estratti: 800
[superpoint_node-2] [ERROR] [1768034387.820541104] [superpoint_node]: Errore pubblicazione keypoints 3D: could not assign tuple of length 3 to structure with 4 fields.
[superpoint_node-2] [INFO] [1768034387.920123140] [superpoint_node]: Keypoints estratti: 800
[superpoint_node-2] [ERROR] [1768034387.926185447] [superpoint_node]: Errore pubblicazione keypoints 3D: could not assign tuple of length 3 to structure with 4 fields.
[rtabmap-14] [INFO] [1768034387.993897969] [rtabmap]: rtabmap (1686): Rate=0.50s, Limit=0.001s, Conversion=0.0005s, RTAB-Map=0.0739s, Maps update=0.0016s pub=0.0015s delay=0.1243s (local map=3, WM=5)
[superpoint_node-2] [INFO] [1768034388.018371739] [superpoint_node]: Keypoints estratti: 800
[superpoint_node-2] [ERROR] [1768034388.023805412] [superpoint_node]: Errore pubblicazione keypoints 3D: could not assign tuple of length 3 to structure with 4 fields.
[superpoint_node-2] [INFO] [1768034388.118187146] [superpoint_node]: Keypoints estratti: 800
[superpoint_node-2] [ERROR] [1768034388.123771802] [superpoint_node]: Errore pubblicazione keypoints 3D: could not assign tuple of length 3 to structure with 4 fields.
[rtabmap-14] [33m[ WARN] (2026-01-10 09:39:43.266) Memory.cpp:2105::forget() Less signatures transferred (1) than added (2)! The working memory cannot decrease in size.[0m
[rtabmap-14] [33m[ WARN] (2026-01-10 09:39:43.880) Memory.cpp:2105::forget() Less signatures transferred (2) than added (3)! The working memory cannot decrease in size.[0m
[rtabmap-14] [33m[ WARN] (2026-01-10 09:39:46.720) Memory.cpp:2105::forget() Less signatures transferred (1) than added (2)! The working memory cannot decrease in size.[0m
[rtabmap-14] [33m[ WARN] (2026-01-10 09:39:47.388) Memory.cpp:2105::forget() Less signatures transferred (2) than added (3)! The working memory cannot decrease in size.[0m
[superpoint_node-2] [INFO] [1768034388.216590635] [superpoint_node]: Keypoints estratti: 800
[superpoint_node-2] [ERROR] [1768034388.222022864] [superpoint_node]: Errore pubblicazione keypoints 3D: could not assign tuple of length 3 to structure with 4 fields.
[superpoint_node-2] [INFO] [1768034388.317136141] [superpoint_node]: Keypoints estratti: 800
[superpoint_node-2] [ERROR] [1768034388.323381321] [superpoint_node]: Errore pubblicazione keypoints 3D: could not assign tuple of length 3 to structure with 4 fields.
[superpoint_node-2] [INFO] [1768034388.417804686] [superpoint_node]: Keypoints estratti: 800
[superpoint_node-2] [ERROR] [1768034388.423369397] [superpoint_node]: Errore pubblicazione keypoints 3D: could not assign tuple of length 3 to structure with 4 fields.
[superpoint_node-2] [INFO] [1768034388.552825226] [superpoint_node]: Keypoints estratti: 800
[superpoint_node-2] [ERROR] [1768034388.558552031] [superpoint_node]: Errore pubblicazione keypoints 3D: could not assign tuple of length 3 to structure with 4 fields.
[rtabmap-14] [INFO] [1768034388.622264965] [rtabmap]: rtabmap (1687): Rate=0.50s, Limit=0.001s, Conversion=0.0003s, RTAB-Map=0.0716s, Maps update=0.0032s pub=0.0011s delay=0.1215s (local map=5, WM=5)
[superpoint_node-2] [INFO] [1768034388.651868998] [superpoint_node]: Keypoints estratti: 800
[superpoint_node-2] [ERROR] [1768034388.657395135] [superpoint_node]: Errore pubblicazione keypoints 3D: could not assign tuple of length 3 to structure with 4 fields.
[superpoint_node-2] [INFO] [1768034388.748771919] [superpoint_node]: Keypoints estratti: 800
[superpoint_node-2] [ERROR] [1768034388.754653096] [superpoint_node]: Errore pubblicazione keypoints 3D: could not assign tuple of length 3 to structure with 4 fields.
[superpoint_node-2] [INFO] [1768034388.849034849] [superpoint_node]: Keypoints estratti: 800
[superpoint_node-2] [ERROR] [1768034388.855576290] [superpoint_node]: Errore pubblicazione keypoints 3D: could not assign tuple of length 3 to structure with 4 fields.
[superpoint_node-2] [INFO] [1768034388.945135949] [superpoint_node]: Keypoints estratti: 800
[superpoint_node-2] [ERROR] [1768034388.951394388] [superpoint_node]: Errore pubblicazione keypoints 3D: could not assign tuple of length 3 to structure with 4 fields.
[superpoint_node-2] [INFO] [1768034389.043744199] [superpoint_node]: Keypoints estratti: 800
[superpoint_node-2] [ERROR] [1768034389.050265233] [superpoint_node]: Errore pubblicazione keypoints 3D: could not assign tuple of length 3 to structure with 4 fields.
[superpoint_node-2] [INFO] [1768034389.145369270] [superpoint_node]: Keypoints estratti: 800
[superpoint_node-2] [ERROR] [1768034389.152326455] [superpoint_node]: Errore pubblicazione keypoints 3D: could not assign tuple of length 3 to structure with 4 fields.
[rtabmap-14] [INFO] [1768034389.183946411] [rtabmap]: rtabmap (1688): Rate=0.50s, Limit=0.001s, Conversion=0.0002s, RTAB-Map=0.0647s, Maps update=0.0029s pub=0.0011s delay=0.0919s (local map=2, WM=5)
[superpoint_node-2] [INFO] [1768034389.251127577] [superpoint_node]: Keypoints estratti: 800
[superpoint_node-2] [ERROR] [1768034389.257113032] [superpoint_node]: Errore pubblicazione keypoints 3D: could not assign tuple of length 3 to structure with 4 fields.
[superpoint_node-2] [INFO] [1768034389.346278058] [superpoint_node]: Keypoints estratti: 800
[superpoint_node-2] [ERROR] [1768034389.352423718] [superpoint_node]: Errore pubblicazione keypoints 3D: could not assign tuple of length 3 to structure with 4 fields.
[superpoint_node-2] [INFO] [1768034389.445222959] [superpoint_node]: Keypoints estratti: 800
[superpoint_node-2] [ERROR] [1768034389.451374527] [superpoint_node]: Errore pubblicazione keypoints 3D: could not assign tuple of length 3 to structure with 4 fields.
[superpoint_node-2] [INFO] [1768034389.547800444] [superpoint_node]: Keypoints estratti: 800
[superpoint_node-2] [ERROR] [1768034389.553682287] [superpoint_node]: Errore pubblicazione keypoints 3D: could not assign tuple of length 3 to structure with 4 fields.
[superpoint_node-2] [INFO] [1768034389.645328908] [superpoint_node]: Keypoints estratti: 800
[superpoint_node-2] [ERROR] [1768034389.651716662] [superpoint_node]: Errore pubblicazione keypoints 3D: could not assign tuple of length 3 to structure with 4 fields.
[rtabmap-14] [INFO] [1768034389.684504054] [rtabmap]: rtabmap (1689): Rate=0.50s, Limit=0.001s, Conversion=0.0002s, RTAB-Map=0.0335s, Maps update=0.0019s pub=0.0008s delay=0.0893s (local map=3, WM=4)
[superpoint_node-2] [INFO] [1768034389.752081537] [superpoint_node]: Keypoints estratti: 800
[superpoint_node-2] [ERROR] [1768034389.757800268] [superpoint_node]: Errore pubblicazione keypoints 3D: could not assign tuple of length 3 to structure with 4 fields.
[superpoint_node-2] [INFO] [1768034389.850470508] [superpoint_node]: Keypoints estratti: 800
[superpoint_node-2] [ERROR] [1768034389.856675928] [superpoint_node]: Errore pubblicazione keypoints 3D: could not assign tuple of length 3 to structure with 4 fields.
[superpoint_node-2] [INFO] [1768034389.949504169] [superpoint_node]: Keypoints estratti: 800
[superpoint_node-2] [ERROR] [1768034389.956259167] [superpoint_node]: Errore pubblicazione keypoints 3D: could not assign tuple of length 3 to structure with 4 fields.
[superpoint_node-2] [INFO] [1768034390.047738378] [superpoint_node]: Keypoints estratti: 800
[superpoint_node-2] [ERROR] [1768034390.053665648] [superpoint_node]: Errore pubblicazione keypoints 3D: could not assign tuple of length 3 to structure with 4 fields.
[superpoint_node-2] [INFO] [1768034390.146337258] [superpoint_node]: Keypoints estratti: 800
[superpoint_node-2] [ERROR] [1768034390.152729050] [superpoint_node]: Errore pubblicazione keypoints 3D: could not assign tuple of length 3 to structure with 4 fields.
[superpoint_node-2] [INFO] [1768034390.243748906] [superpoint_node]: Keypoints estratti: 800
[superpoint_node-2] [ERROR] [1768034390.249633286] [superpoint_node]: Errore pubblicazione keypoints 3D: could not assign tuple of length 3 to structure with 4 fields.
[rtabmap-14] [INFO] [1768034390.320853151] [rtabmap]: rtabmap (1690): Rate=0.50s, Limit=0.001s, Conversion=0.0003s, RTAB-Map=0.0746s, Maps update=0.0020s pub=0.0012s delay=0.1254s (local map=5, WM=5)
[superpoint_node-2] [INFO] [1768034390.349656436] [superpoint_node]: Keypoints estratti: 800
[superpoint_node-2] [ERROR] [1768034390.355688669] [superpoint_node]: Errore pubblicazione keypoints 3D: could not assign tuple of length 3 to structure with 4 fields.
[superpoint_node-2] [INFO] [1768034390.445982483] [superpoint_node]: Keypoints estratti: 800
[superpoint_node-2] [ERROR] [1768034390.453195818] [superpoint_node]: Errore pubblicazione keypoints 3D: could not assign tuple of length 3 to structure with 4 fields.
[superpoint_node-2] [INFO] [1768034390.546416488] [superpoint_node]: Keypoints estratti: 800
[superpoint_node-2] [ERROR] [1768034390.553359451] [superpoint_node]: Errore pubblicazione keypoints 3D: could not assign tuple of length 3 to structure with 4 fields.
[superpoint_node-2] [INFO] [1768034390.648595174] [superpoint_node]: Keypoints estratti: 800
[superpoint_node-2] [ERROR] [1768034390.654384757] [superpoint_node]: Errore pubblicazione keypoints 3D: could not assign tuple of length 3 to structure with 4 fields.
[superpoint_node-2] [INFO] [1768034390.747965430] [superpoint_node]: Keypoints estratti: 800
[superpoint_node-2] [ERROR] [1768034390.753843439] [superpoint_node]: Errore pubblicazione keypoints 3D: could not assign tuple of length 3 to structure with 4 fields.
[rtabmap-14] [INFO] [1768034390.786307328] [rtabmap]: rtabmap (1691): Rate=0.50s, Limit=0.001s, Conversion=0.0005s, RTAB-Map=0.0648s, Maps update=0.0003s pub=0.0008s delay=0.0909s (local map=2, WM=6)
[superpoint_node-2] [INFO] [1768034390.851716572] [superpoint_node]: Keypoints estratti: 800
[superpoint_node-2] [ERROR] [1768034390.857308024] [superpoint_node]: Errore pubblicazione keypoints 3D: could not assign tuple of length 3 to structure with 4 fields.
[superpoint_node-2] [INFO] [1768034390.946358050] [superpoint_node]: Keypoints estratti: 800
[superpoint_node-2] [ERROR] [1768034390.952782194] [superpoint_node]: Errore pubblicazione keypoints 3D: could not assign tuple of length 3 to structure with 4 fields.
[superpoint_node-2] [INFO] [1768034391.045765547] [superpoint_node]: Keypoints estratti: 800
[superpoint_node-2] [ERROR] [1768034391.051657705] [superpoint_node]: Errore pubblicazione keypoints 3D: could not assign tuple of length 3 to structure with 4 fields.
[superpoint_node-2] [INFO] [1768034391.144659355] [superpoint_node]: Keypoints estratti: 800
[superpoint_node-2] [ERROR] [1768034391.151940061] [superpoint_node]: Errore pubblicazione keypoints 3D: could not assign tuple of length 3 to structure with 4 fields.
[superpoint_node-2] [INFO] [1768034391.242108873] [superpoint_node]: Keypoints estratti: 800
[superpoint_node-2] [ERROR] [1768034391.248227126] [superpoint_node]: Errore pubblicazione keypoints 3D: could not assign tuple of length 3 to structure with 4 fields.
[superpoint_node-2] [INFO] [1768034391.340996533] [superpoint_node]: Keypoints estratti: 800
[superpoint_node-2] [ERROR] [1768034391.347117896] [superpoint_node]: Errore pubblicazione keypoints 3D: could not assign tuple of length 3 to structure with 4 fields.
[rtabmap-14] [INFO] [1768034391.353711727] [rtabmap]: rtabmap (1692): Rate=0.50s, Limit=0.001s, Conversion=0.0005s, RTAB-Map=0.0398s, Maps update=0.0003s pub=0.0007s delay=0.0639s (local map=3, WM=5)
[superpoint_node-2] [INFO] [1768034391.442389416] [superpoint_node]: Keypoints estratti: 800
[superpoint_node-2] [ERROR] [1768034391.448298185] [superpoint_node]: Errore pubblicazione keypoints 3D: could not assign tuple of length 3 to structure with 4 fields.
[superpoint_node-2] [INFO] [1768034391.541929914] [superpoint_node]: Keypoints estratti: 800
[superpoint_node-2] [ERROR] [1768034391.548432299] [superpoint_node]: Errore pubblicazione keypoints 3D: could not assign tuple of length 3 to structure with 4 fields.
[superpoint_node-2] [INFO] [1768034391.643867376] [superpoint_node]: Keypoints estratti: 800
[superpoint_node-2] [ERROR] [1768034391.650243316] [superpoint_node]: Errore pubblicazione keypoints 3D: could not assign tuple of length 3 to structure with 4 fields.
[superpoint_node-2] [INFO] [1768034391.742584978] [superpoint_node]: Keypoints estratti: 800
[superpoint_node-2] [ERROR] [1768034391.748771361] [superpoint_node]: Errore pubblicazione keypoints 3D: could not assign tuple of length 3 to structure with 4 fields.
[superpoint_node-2] [INFO] [1768034391.874179806] [superpoint_node]: Keypoints estratti: 800
[superpoint_node-2] [ERROR] [1768034391.881049602] [superpoint_node]: Errore pubblicazione keypoints 3D: could not assign tuple of length 3 to structure with 4 fields.
[rtabmap-14] [INFO] [1768034391.914356053] [rtabmap]: rtabmap (1693): Rate=0.50s, Limit=0.001s, Conversion=0.0002s, RTAB-Map=0.0376s, Maps update=0.0003s pub=0.0008s delay=0.0896s (local map=5, WM=5)
[superpoint_node-2] [INFO] [1768034391.974439366] [superpoint_node]: Keypoints estratti: 800
[superpoint_node-2] [ERROR] [1768034391.980001762] [superpoint_node]: Errore pubblicazione keypoints 3D: could not assign tuple of length 3 to structure with 4 fields.
[superpoint_node-2] [INFO] [1768034392.069599866] [superpoint_node]: Keypoints estratti: 800
[superpoint_node-2] [ERROR] [1768034392.076578903] [superpoint_node]: Errore pubblicazione keypoints 3D: could not assign tuple of length 3 to structure with 4 fields.
[superpoint_node-2] [INFO] [1768034392.165197610] [superpoint_node]: Keypoints estratti: 800
[superpoint_node-2] [ERROR] [1768034392.171110584] [superpoint_node]: Errore pubblicazione keypoints 3D: could not assign tuple of length 3 to structure with 4 fields.
[superpoint_node-2] [INFO] [1768034392.261054616] [superpoint_node]: Keypoints estratti: 800
[superpoint_node-2] [ERROR] [1768034392.267035682] [superpoint_node]: Errore pubblicazione keypoints 3D: could not assign tuple of length 3 to structure with 4 fields.
[superpoint_node-2] [INFO] [1768034392.360763653] [superpoint_node]: Keypoints estratti: 800
[superpoint_node-2] [ERROR] [1768034392.366572940] [superpoint_node]: Errore pubblicazione keypoints 3D: could not assign tuple of length 3 to structure with 4 fields.
[superpoint_node-2] [INFO] [1768034392.461849959] [superpoint_node]: Keypoints estratti: 800
[superpoint_node-2] [ERROR] [1768034392.467887174] [superpoint_node]: Errore pubblicazione keypoints 3D: could not assign tuple of length 3 to structure with 4 fields.
[rtabmap-14] [INFO] [1768034392.529316887] [rtabmap]: rtabmap (1694): Rate=0.50s, Limit=0.001s, Conversion=0.0004s, RTAB-Map=0.0830s, Maps update=0.0014s pub=0.0011s delay=0.1212s (local map=2, WM=5)
[superpoint_node-2] [INFO] [1768034392.561806276] [superpoint_node]: Keypoints estratti: 800
[superpoint_node-2] [ERROR] [1768034392.567475802] [superpoint_node]: Errore pubblicazione keypoints 3D: could not assign tuple of length 3 to structure with 4 fields.
[superpoint_node-2] [INFO] [1768034392.661826370] [superpoint_node]: Keypoints estratti: 800
[superpoint_node-2] [ERROR] [1768034392.670271623] [superpoint_node]: Errore pubblicazione keypoints 3D: could not assign tuple of length 3 to structure with 4 fields.
[superpoint_node-2] [INFO] [1768034392.761287923] [superpoint_node]: Keypoints estratti: 800
[superpoint_node-2] [ERROR] [1768034392.767069951] [superpoint_node]: Errore pubblicazione keypoints 3D: could not assign tuple of length 3 to structure with 4 fields.
[superpoint_node-2] [INFO] [1768034392.859543596] [superpoint_node]: Keypoints estratti: 800
[superpoint_node-2] [ERROR] [1768034392.865275327] [superpoint_node]: Errore pubblicazione keypoints 3D: could not assign tuple of length 3 to structure with 4 fields.
[superpoint_node-2] [INFO] [1768034392.957804566] [superpoint_node]: Keypoints estratti: 800
[superpoint_node-2] [ERROR] [1768034392.963636575] [superpoint_node]: Errore pubblicazione keypoints 3D: could not assign tuple of length 3 to structure with 4 fields.
[rtabmap-14] [INFO] [1768034393.048005804] [rtabmap]: rtabmap (1695): Rate=0.50s, Limit=0.001s, Conversion=0.0002s, RTAB-Map=0.0618s, Maps update=0.0030s pub=0.0018s delay=0.1385s (local map=3, WM=4)
[superpoint_node-2] [INFO] [1768034393.063745615] [superpoint_node]: Keypoints estratti: 800
[superpoint_node-2] [ERROR] [1768034393.069587735] [superpoint_node]: Errore pubblicazione keypoints 3D: could not assign tuple of length 3 to structure with 4 fields.
[superpoint_node-2] [INFO] [1768034393.164021452] [superpoint_node]: Keypoints estratti: 800
[superpoint_node-2] [ERROR] [1768034393.169804443] [superpoint_node]: Errore pubblicazione keypoints 3D: could not assign tuple of length 3 to structure with 4 fields.
[rtabmap-14] [33m[ WARN] (2026-01-10 09:39:50.315) Memory.cpp:2105::forget() Less signatures transferred (1) than added (2)! The working memory cannot decrease in size.[0m
[rtabmap-14] [33m[ WARN] (2026-01-10 09:39:50.774) Memory.cpp:2105::forget() Less signatures transferred (2) than added (3)! The working memory cannot decrease in size.[0m
[superpoint_node-2] [INFO] [1768034393.259680919] [superpoint_node]: Keypoints estratti: 800
[superpoint_node-2] [ERROR] [1768034393.265618670] [superpoint_node]: Errore pubblicazione keypoints 3D: could not assign tuple of length 3 to structure with 4 fields.
[superpoint_node-2] [INFO] [1768034393.358181150] [superpoint_node]: Keypoints estratti: 800
[superpoint_node-2] [ERROR] [1768034393.364020604] [superpoint_node]: Errore pubblicazione keypoints 3D: could not assign tuple of length 3 to structure with 4 fields.
[superpoint_node-2] [INFO] [1768034393.456974364] [superpoint_node]: Keypoints estratti: 800
[superpoint_node-2] [ERROR] [1768034393.462939041] [superpoint_node]: Errore pubblicazione keypoints 3D: could not assign tuple of length 3 to structure with 4 fields.
[superpoint_node-2] [INFO] [1768034393.556158600] [superpoint_node]: Keypoints estratti: 800
[superpoint_node-2] [ERROR] [1768034393.562207315] [superpoint_node]: Errore pubblicazione keypoints 3D: could not assign tuple of length 3 to structure with 4 fields.
[rtabmap-14] [INFO] [1768034393.637997290] [rtabmap]: rtabmap (1696): Rate=0.50s, Limit=0.001s, Conversion=0.0002s, RTAB-Map=0.0841s, Maps update=0.0013s pub=0.0019s delay=0.1321s (local map=5, WM=5)
[superpoint_node-2] [INFO] [1768034393.662496819] [superpoint_node]: Keypoints estratti: 800
[superpoint_node-2] [ERROR] [1768034393.668739721] [superpoint_node]: Errore pubblicazione keypoints 3D: could not assign tuple of length 3 to structure with 4 fields.
[superpoint_node-2] [INFO] [1768034393.763832739] [superpoint_node]: Keypoints estratti: 800
[superpoint_node-2] [ERROR] [1768034393.770156882] [superpoint_node]: Errore pubblicazione keypoints 3D: could not assign tuple of length 3 to structure with 4 fields.
[superpoint_node-2] [INFO] [1768034393.861130756] [superpoint_node]: Keypoints estratti: 800
[superpoint_node-2] [ERROR] [1768034393.867609975] [superpoint_node]: Errore pubblicazione keypoints 3D: could not assign tuple of length 3 to structure with 4 fields.
[superpoint_node-2] [INFO] [1768034393.962738586] [superpoint_node]: Keypoints estratti: 800
[superpoint_node-2] [ERROR] [1768034393.968669096] [superpoint_node]: Errore pubblicazione keypoints 3D: could not assign tuple of length 3 to structure with 4 fields.
[superpoint_node-2] [INFO] [1768034394.061888247] [superpoint_node]: Keypoints estratti: 800
[superpoint_node-2] [ERROR] [1768034394.067931407] [superpoint_node]: Errore pubblicazione keypoints 3D: could not assign tuple of length 3 to structure with 4 fields.
[rtabmap-14] [INFO] [1768034394.086837002] [rtabmap]: rtabmap (1697): Rate=0.50s, Limit=0.001s, Conversion=0.0004s, RTAB-Map=0.0391s, Maps update=0.0003s pub=0.0009s delay=0.0753s (local map=2, WM=6)
[superpoint_node-2] [INFO] [1768034394.163899524] [superpoint_node]: Keypoints estratti: 800
[superpoint_node-2] [ERROR] [1768034394.169892202] [superpoint_node]: Errore pubblicazione keypoints 3D: could not assign tuple of length 3 to structure with 4 fields.
[superpoint_node-2] [INFO] [1768034394.260607722] [superpoint_node]: Keypoints estratti: 800
[superpoint_node-2] [ERROR] [1768034394.266217545] [superpoint_node]: Errore pubblicazione keypoints 3D: could not assign tuple of length 3 to structure with 4 fields.
[superpoint_node-2] [INFO] [1768034394.361009172] [superpoint_node]: Keypoints estratti: 800
[superpoint_node-2] [ERROR] [1768034394.366573957] [superpoint_node]: Errore pubblicazione keypoints 3D: could not assign tuple of length 3 to structure with 4 fields.
[superpoint_node-2] [INFO] [1768034394.460052870] [superpoint_node]: Keypoints estratti: 800
[superpoint_node-2] [ERROR] [1768034394.465837490] [superpoint_node]: Errore pubblicazione keypoints 3D: could not assign tuple of length 3 to structure with 4 fields.
[superpoint_node-2] [INFO] [1768034394.559874648] [superpoint_node]: Keypoints estratti: 800
[superpoint_node-2] [ERROR] [1768034394.565433044] [superpoint_node]: Errore pubblicazione keypoints 3D: could not assign tuple of length 3 to structure with 4 fields.
[superpoint_node-2] [INFO] [1768034394.656113064] [superpoint_node]: Keypoints estratti: 800
[superpoint_node-2] [ERROR] [1768034394.661941499] [superpoint_node]: Errore pubblicazione keypoints 3D: could not assign tuple of length 3 to structure with 4 fields.
[rtabmap-14] [INFO] [1768034394.731363146] [rtabmap]: rtabmap (1698): Rate=0.50s, Limit=0.001s, Conversion=0.0002s, RTAB-Map=0.0760s, Maps update=0.0005s pub=0.0013s delay=0.1244s (local map=3, WM=5)
[superpoint_node-2] [INFO] [1768034394.758784328] [superpoint_node]: Keypoints estratti: 800
[superpoint_node-2] [ERROR] [1768034394.764543300] [superpoint_node]: Errore pubblicazione keypoints 3D: could not assign tuple of length 3 to structure with 4 fields.
[superpoint_node-2] [INFO] [1768034394.858797033] [superpoint_node]: Keypoints estratti: 800
[superpoint_node-2] [ERROR] [1768034394.864722581] [superpoint_node]: Errore pubblicazione keypoints 3D: could not assign tuple of length 3 to structure with 4 fields.
[superpoint_node-2] [INFO] [1768034394.959900248] [superpoint_node]: Keypoints estratti: 800
[superpoint_node-2] [ERROR] [1768034394.965955870] [superpoint_node]: Errore pubblicazione keypoints 3D: could not assign tuple of length 3 to structure with 4 fields.
[superpoint_node-2] [INFO] [1768034395.092588325] [superpoint_node]: Keypoints estratti: 800
[superpoint_node-2] [ERROR] [1768034395.098288648] [superpoint_node]: Errore pubblicazione keypoints 3D: could not assign tuple of length 3 to structure with 4 fields.
[superpoint_node-2] [INFO] [1768034395.191917136] [superpoint_node]: Keypoints estratti: 800
[superpoint_node-2] [ERROR] [1768034395.197710775] [superpoint_node]: Errore pubblicazione keypoints 3D: could not assign tuple of length 3 to structure with 4 fields.
[rtabmap-14] [INFO] [1768034395.261735619] [rtabmap]: rtabmap (1699): Rate=0.50s, Limit=0.001s, Conversion=0.0002s, RTAB-Map=0.0719s, Maps update=0.0027s pub=0.0012s delay=0.1207s (local map=5, WM=5)
[superpoint_node-2] [INFO] [1768034395.292654459] [superpoint_node]: Keypoints estratti: 800
[superpoint_node-2] [ERROR] [1768034395.299278067] [superpoint_node]: Errore pubblicazione keypoints 3D: could not assign tuple of length 3 to structure with 4 fields.
[superpoint_node-2] [INFO] [1768034395.389478620] [superpoint_node]: Keypoints estratti: 800
[superpoint_node-2] [ERROR] [1768034395.396052451] [superpoint_node]: Errore pubblicazione keypoints 3D: could not assign tuple of length 3 to structure with 4 fields.
[superpoint_node-2] [INFO] [1768034395.489894922] [superpoint_node]: Keypoints estratti: 800
[superpoint_node-2] [ERROR] [1768034395.496558753] [superpoint_node]: Errore pubblicazione keypoints 3D: could not assign tuple of length 3 to structure with 4 fields.
[superpoint_node-2] [INFO] [1768034395.589915183] [superpoint_node]: Keypoints estratti: 800
[superpoint_node-2] [ERROR] [1768034395.595961417] [superpoint_node]: Errore pubblicazione keypoints 3D: could not assign tuple of length 3 to structure with 4 fields.
[superpoint_node-2] [INFO] [1768034395.686746808] [superpoint_node]: Keypoints estratti: 800
[superpoint_node-2] [ERROR] [1768034395.692369779] [superpoint_node]: Errore pubblicazione keypoints 3D: could not assign tuple of length 3 to structure with 4 fields.
[rtabmap-14] [INFO] [1768034395.828458920] [rtabmap]: rtabmap (1700): Rate=0.50s, Limit=0.001s, Conversion=0.0002s, RTAB-Map=0.0561s, Maps update=0.0068s pub=0.0158s delay=0.0950s (local map=2, WM=4)
[superpoint_node-2] [INFO] [1768034395.829185945] [superpoint_node]: Keypoints estratti: 800
[superpoint_node-2] [ERROR] [1768034395.836699190] [superpoint_node]: Errore pubblicazione keypoints 3D: could not assign tuple of length 3 to structure with 4 fields.
[superpoint_node-2] [INFO] [1768034395.928027159] [superpoint_node]: Keypoints estratti: 800
[superpoint_node-2] [ERROR] [1768034395.933569407] [superpoint_node]: Errore pubblicazione keypoints 3D: could not assign tuple of length 3 to structure with 4 fields.
[superpoint_node-2] [INFO] [1768034396.026036701] [superpoint_node]: Keypoints estratti: 800
[superpoint_node-2] [ERROR] [1768034396.031663838] [superpoint_node]: Errore pubblicazione keypoints 3D: could not assign tuple of length 3 to structure with 4 fields.
[superpoint_node-2] [INFO] [1768034396.124699451] [superpoint_node]: Keypoints estratti: 800
[superpoint_node-2] [ERROR] [1768034396.130708055] [superpoint_node]: Errore pubblicazione keypoints 3D: could not assign tuple of length 3 to structure with 4 fields.
[superpoint_node-2] [INFO] [1768034396.223483832] [superpoint_node]: Keypoints estratti: 800
[superpoint_node-2] [ERROR] [1768034396.229056154] [superpoint_node]: Errore pubblicazione keypoints 3D: could not assign tuple of length 3 to structure with 4 fields.
[superpoint_node-2] [INFO] [1768034396.323266369] [superpoint_node]: Keypoints estratti: 800
[superpoint_node-2] [ERROR] [1768034396.329197305] [superpoint_node]: Errore pubblicazione keypoints 3D: could not assign tuple of length 3 to structure with 4 fields.
[rtabmap-14] [INFO] [1768034396.424027470] [rtabmap]: rtabmap (1701): Rate=0.50s, Limit=0.001s, Conversion=0.0003s, RTAB-Map=0.0811s, Maps update=0.0153s pub=0.0120s delay=0.1530s (local map=4, WM=4)
[superpoint_node-2] [INFO] [1768034396.432101442] [superpoint_node]: Keypoints estratti: 800
[superpoint_node-2] [ERROR] [1768034396.438758143] [superpoint_node]: Errore pubblicazione keypoints 3D: could not assign tuple of length 3 to structure with 4 fields.
[superpoint_node-2] [INFO] [1768034396.532929450] [superpoint_node]: Keypoints estratti: 800
[superpoint_node-2] [ERROR] [1768034396.538910220] [superpoint_node]: Errore pubblicazione keypoints 3D: could not assign tuple of length 3 to structure with 4 fields.
[superpoint_node-2] [INFO] [1768034396.630379450] [superpoint_node]: Keypoints estratti: 800
[superpoint_node-2] [ERROR] [1768034396.637176819] [superpoint_node]: Errore pubblicazione keypoints 3D: could not assign tuple of length 3 to structure with 4 fields.
[superpoint_node-2] [INFO] [1768034396.754403495] [superpoint_node]: Keypoints estratti: 800
[superpoint_node-2] [ERROR] [1768034396.760210171] [superpoint_node]: Errore pubblicazione keypoints 3D: could not assign tuple of length 3 to structure with 4 fields.
[superpoint_node-2] [INFO] [1768034396.854176977] [superpoint_node]: Keypoints estratti: 800
[superpoint_node-2] [ERROR] [1768034396.860858475] [superpoint_node]: Errore pubblicazione keypoints 3D: could not assign tuple of length 3 to structure with 4 fields.
[rtabmap-14] [INFO] [1768034396.945382168] [rtabmap]: rtabmap (1702): Rate=0.50s, Limit=0.001s, Conversion=0.0002s, RTAB-Map=0.0651s, Maps update=0.0111s pub=0.0134s delay=0.1432s (local map=3, WM=5)
[superpoint_node-2] [INFO] [1768034396.964495913] [superpoint_node]: Keypoints estratti: 800
[superpoint_node-2] [ERROR] [1768034396.970229977] [superpoint_node]: Errore pubblicazione keypoints 3D: could not assign tuple of length 3 to structure with 4 fields.
[superpoint_node-2] [INFO] [1768034397.059966471] [superpoint_node]: Keypoints estratti: 800
[superpoint_node-2] [ERROR] [1768034397.065636239] [superpoint_node]: Errore pubblicazione keypoints 3D: could not assign tuple of length 3 to structure with 4 fields.
[superpoint_node-2] [INFO] [1768034397.156650706] [superpoint_node]: Keypoints estratti: 800
[superpoint_node-2] [ERROR] [1768034397.162520771] [superpoint_node]: Errore pubblicazione keypoints 3D: could not assign tuple of length 3 to structure with 4 fields.
[superpoint_node-2] [INFO] [1768034397.256483614] [superpoint_node]: Keypoints estratti: 800
[superpoint_node-2] [ERROR] [1768034397.262540847] [superpoint_node]: Errore pubblicazione keypoints 3D: could not assign tuple of length 3 to structure with 4 fields.
[superpoint_node-2] [INFO] [1768034397.356484449] [superpoint_node]: Keypoints estratti: 800
[superpoint_node-2] [ERROR] [1768034397.362422718] [superpoint_node]: Errore pubblicazione keypoints 3D: could not assign tuple of length 3 to structure with 4 fields.
[rtabmap-14] [INFO] [1768034397.452510882] [rtabmap]: rtabmap (1703): Rate=0.50s, Limit=0.001s, Conversion=0.0006s, RTAB-Map=0.0711s, Maps update=0.0156s pub=0.0162s delay=0.1486s (local map=4, WM=5)
[superpoint_node-2] [INFO] [1768034397.466624143] [superpoint_node]: Keypoints estratti: 800
[superpoint_node-2] [ERROR] [1768034397.472461059] [superpoint_node]: Errore pubblicazione keypoints 3D: could not assign tuple of length 3 to structure with 4 fields.
[superpoint_node-2] [INFO] [1768034397.564866464] [superpoint_node]: Keypoints estratti: 800
[superpoint_node-2] [ERROR] [1768034397.571272996] [superpoint_node]: Errore pubblicazione keypoints 3D: could not assign tuple of length 3 to structure with 4 fields.
[superpoint_node-2] [INFO] [1768034397.668303048] [superpoint_node]: Keypoints estratti: 800
[superpoint_node-2] [ERROR] [1768034397.674987620] [superpoint_node]: Errore pubblicazione keypoints 3D: could not assign tuple of length 3 to structure with 4 fields.
[superpoint_node-2] [INFO] [1768034397.767744749] [superpoint_node]: Keypoints estratti: 800
[superpoint_node-2] [ERROR] [1768034397.773911651] [superpoint_node]: Errore pubblicazione keypoints 3D: could not assign tuple of length 3 to structure with 4 fields.
[superpoint_node-2] [INFO] [1768034397.868149199] [superpoint_node]: Keypoints estratti: 800
[superpoint_node-2] [ERROR] [1768034397.875131792] [superpoint_node]: Errore pubblicazione keypoints 3D: could not assign tuple of length 3 to structure with 4 fields.
[rtabmap-14] [INFO] [1768034397.922062685] [rtabmap]: rtabmap (1704): Rate=0.50s, Limit=0.001s, Conversion=0.0010s, RTAB-Map=0.0643s, Maps update=0.0043s pub=0.0008s delay=0.1056s (local map=3, WM=5)
[superpoint_node-2] [INFO] [1768034397.968833336] [superpoint_node]: Keypoints estratti: 800
[superpoint_node-2] [ERROR] [1768034397.975033534] [superpoint_node]: Errore pubblicazione keypoints 3D: could not assign tuple of length 3 to structure with 4 fields.
[superpoint_node-2] [INFO] [1768034398.066409263] [superpoint_node]: Keypoints estratti: 800
[superpoint_node-2] [ERROR] [1768034398.073747488] [superpoint_node]: Errore pubblicazione keypoints 3D: could not assign tuple of length 3 to structure with 4 fields.
[superpoint_node-2] [INFO] [1768034398.165342108] [superpoint_node]: Keypoints estratti: 800
[superpoint_node-2] [ERROR] [1768034398.171853049] [superpoint_node]: Errore pubblicazione keypoints 3D: could not assign tuple of length 3 to structure with 4 fields.
[rtabmap-14] [33m[ WARN] (2026-01-10 09:39:53.632) Memory.cpp:2105::forget() Less signatures transferred (1) than added (2)! The working memory cannot decrease in size.[0m
[rtabmap-14] [33m[ WARN] (2026-01-10 09:39:54.082) Memory.cpp:2105::forget() Less signatures transferred (2) than added (3)! The working memory cannot decrease in size.[0m
[rtabmap-14] [33m[ WARN] (2026-01-10 09:39:55.748) CoreWrapper.cpp:1227::odomTFUpdate() Odometry is reset (identity pose detected). Increment map id![0m
[rtabmap-14] [33m[ WARN] (2026-01-10 09:39:56.919) Memory.cpp:2105::forget() Less signatures transferred (1) than added (2)! The working memory cannot decrease in size.[0m
[superpoint_node-2] [INFO] [1768034398.262212122] [superpoint_node]: Keypoints estratti: 800
[superpoint_node-2] [ERROR] [1768034398.268062946] [superpoint_node]: Errore pubblicazione keypoints 3D: could not assign tuple of length 3 to structure with 4 fields.
[superpoint_node-2] [INFO] [1768034398.358776004] [superpoint_node]: Keypoints estratti: 800
[superpoint_node-2] [ERROR] [1768034398.364641587] [superpoint_node]: Errore pubblicazione keypoints 3D: could not assign tuple of length 3 to structure with 4 fields.
[superpoint_node-2] [INFO] [1768034398.460990301] [superpoint_node]: Keypoints estratti: 800
[superpoint_node-2] [ERROR] [1768034398.466889922] [superpoint_node]: Errore pubblicazione keypoints 3D: could not assign tuple of length 3 to structure with 4 fields.
[rtabmap-14] [INFO] [1768034398.527265682] [rtabmap]: rtabmap (1705): Rate=0.50s, Limit=0.001s, Conversion=0.0014s, RTAB-Map=0.0633s, Maps update=0.0050s pub=0.0038s delay=0.1196s (local map=4, WM=5)
[superpoint_node-2] [INFO] [1768034398.562223850] [superpoint_node]: Keypoints estratti: 800
[superpoint_node-2] [ERROR] [1768034398.567901617] [superpoint_node]: Errore pubblicazione keypoints 3D: could not assign tuple of length 3 to structure with 4 fields.
[superpoint_node-2] [INFO] [1768034398.664555907] [superpoint_node]: Keypoints estratti: 800
[superpoint_node-2] [ERROR] [1768034398.671413665] [superpoint_node]: Errore pubblicazione keypoints 3D: could not assign tuple of length 3 to structure with 4 fields.
[superpoint_node-2] [INFO] [1768034398.763997608] [superpoint_node]: Keypoints estratti: 800
[superpoint_node-2] [ERROR] [1768034398.769647487] [superpoint_node]: Errore pubblicazione keypoints 3D: could not assign tuple of length 3 to structure with 4 fields.
[superpoint_node-2] [INFO] [1768034398.862687822] [superpoint_node]: Keypoints estratti: 800
[superpoint_node-2] [ERROR] [1768034398.868743907] [superpoint_node]: Errore pubblicazione keypoints 3D: could not assign tuple of length 3 to structure with 4 fields.
[superpoint_node-2] [INFO] [1768034398.961885984] [superpoint_node]: Keypoints estratti: 800
[superpoint_node-2] [ERROR] [1768034398.968072403] [superpoint_node]: Errore pubblicazione keypoints 3D: could not assign tuple of length 3 to structure with 4 fields.
[rtabmap-14] [INFO] [1768034399.029349411] [rtabmap]: rtabmap (1706): Rate=0.50s, Limit=0.001s, Conversion=0.0011s, RTAB-Map=0.0788s, Maps update=0.0003s pub=0.0042s delay=0.1183s (local map=3, WM=5)
[superpoint_node-2] [INFO] [1768034399.099982382] [superpoint_node]: Keypoints estratti: 800
[superpoint_node-2] [ERROR] [1768034399.105613168] [superpoint_node]: Errore pubblicazione keypoints 3D: could not assign tuple of length 3 to structure with 4 fields.
[superpoint_node-2] [INFO] [1768034399.193434554] [superpoint_node]: Keypoints estratti: 800
[superpoint_node-2] [ERROR] [1768034399.199133285] [superpoint_node]: Errore pubblicazione keypoints 3D: could not assign tuple of length 3 to structure with 4 fields.
[superpoint_node-2] [INFO] [1768034399.293991468] [superpoint_node]: Keypoints estratti: 800
[superpoint_node-2] [ERROR] [1768034399.300806541] [superpoint_node]: Errore pubblicazione keypoints 3D: could not assign tuple of length 3 to structure with 4 fields.
[superpoint_node-2] [INFO] [1768034399.390271921] [superpoint_node]: Keypoints estratti: 800
[superpoint_node-2] [ERROR] [1768034399.396003134] [superpoint_node]: Errore pubblicazione keypoints 3D: could not assign tuple of length 3 to structure with 4 fields.
[superpoint_node-2] [INFO] [1768034399.489861790] [superpoint_node]: Keypoints estratti: 800
[superpoint_node-2] [ERROR] [1768034399.495981043] [superpoint_node]: Errore pubblicazione keypoints 3D: could not assign tuple of length 3 to structure with 4 fields.
[rtabmap-14] [INFO] [1768034399.536934833] [rtabmap]: rtabmap (1707): Rate=0.50s, Limit=0.001s, Conversion=0.0002s, RTAB-Map=0.0456s, Maps update=0.0033s pub=0.0022s delay=0.0994s (local map=4, WM=5)
[superpoint_node-2] [INFO] [1768034399.594142104] [superpoint_node]: Keypoints estratti: 800
[superpoint_node-2] [ERROR] [1768034399.599927039] [superpoint_node]: Errore pubblicazione keypoints 3D: could not assign tuple of length 3 to structure with 4 fields.
[superpoint_node-2] [INFO] [1768034399.695237966] [superpoint_node]: Keypoints estratti: 800
[superpoint_node-2] [ERROR] [1768034399.701252366] [superpoint_node]: Errore pubblicazione keypoints 3D: could not assign tuple of length 3 to structure with 4 fields.
[superpoint_node-2] [INFO] [1768034399.793631270] [superpoint_node]: Keypoints estratti: 800
[superpoint_node-2] [ERROR] [1768034399.799507632] [superpoint_node]: Errore pubblicazione keypoints 3D: could not assign tuple of length 3 to structure with 4 fields.
[superpoint_node-2] [INFO] [1768034399.890652063] [superpoint_node]: Keypoints estratti: 800
[superpoint_node-2] [ERROR] [1768034399.896502739] [superpoint_node]: Errore pubblicazione keypoints 3D: could not assign tuple of length 3 to structure with 4 fields.
[superpoint_node-2] [INFO] [1768034399.990500230] [superpoint_node]: Keypoints estratti: 800
[superpoint_node-2] [ERROR] [1768034399.997088468] [superpoint_node]: Errore pubblicazione keypoints 3D: could not assign tuple of length 3 to structure with 4 fields.
[rtabmap-14] [INFO] [1768034400.016854089] [rtabmap]: rtabmap (1708): Rate=0.50s, Limit=0.001s, Conversion=0.0002s, RTAB-Map=0.0315s, Maps update=0.0011s pub=0.0010s delay=0.0786s (local map=3, WM=5)
[superpoint_node-2] [INFO] [1768034400.091521759] [superpoint_node]: Keypoints estratti: 800
[superpoint_node-2] [ERROR] [1768034400.097444288] [superpoint_node]: Errore pubblicazione keypoints 3D: could not assign tuple of length 3 to structure with 4 fields.
[superpoint_node-2] [INFO] [1768034400.193073180] [superpoint_node]: Keypoints estratti: 800
[superpoint_node-2] [ERROR] [1768034400.198987320] [superpoint_node]: Errore pubblicazione keypoints 3D: could not assign tuple of length 3 to structure with 4 fields.
[superpoint_node-2] [INFO] [1768034400.289380134] [superpoint_node]: Keypoints estratti: 800
[superpoint_node-2] [ERROR] [1768034400.295167588] [superpoint_node]: Errore pubblicazione keypoints 3D: could not assign tuple of length 3 to structure with 4 fields.
[superpoint_node-2] [INFO] [1768034400.386561965] [superpoint_node]: Keypoints estratti: 800
[superpoint_node-2] [ERROR] [1768034400.392343975] [superpoint_node]: Errore pubblicazione keypoints 3D: could not assign tuple of length 3 to structure with 4 fields.
[superpoint_node-2] [INFO] [1768034400.485054918] [superpoint_node]: Keypoints estratti: 800
[superpoint_node-2] [ERROR] [1768034400.490866446] [superpoint_node]: Errore pubblicazione keypoints 3D: could not assign tuple of length 3 to structure with 4 fields.
[rtabmap-14] [INFO] [1768034400.588059463] [rtabmap]: rtabmap (1709): Rate=0.50s, Limit=0.001s, Conversion=0.0002s, RTAB-Map=0.0418s, Maps update=0.0005s pub=0.0009s delay=0.0562s (local map=4, WM=5)
[superpoint_node-2] [INFO] [1768034400.619136822] [superpoint_node]: Keypoints estratti: 800
[superpoint_node-2] [ERROR] [1768034400.625264667] [superpoint_node]: Errore pubblicazione keypoints 3D: could not assign tuple of length 3 to structure with 4 fields.
[superpoint_node-2] [INFO] [1768034400.720460482] [superpoint_node]: Keypoints estratti: 800
[superpoint_node-2] [ERROR] [1768034400.726762014] [superpoint_node]: Errore pubblicazione keypoints 3D: could not assign tuple of length 3 to structure with 4 fields.
[superpoint_node-2] [INFO] [1768034400.817544072] [superpoint_node]: Keypoints estratti: 800
[superpoint_node-2] [ERROR] [1768034400.823419785] [superpoint_node]: Errore pubblicazione keypoints 3D: could not assign tuple of length 3 to structure with 4 fields.
[superpoint_node-2] [INFO] [1768034400.918476211] [superpoint_node]: Keypoints estratti: 800
[superpoint_node-2] [ERROR] [1768034400.924378221] [superpoint_node]: Errore pubblicazione keypoints 3D: could not assign tuple of length 3 to structure with 4 fields.
[superpoint_node-2] [INFO] [1768034401.021111882] [superpoint_node]: Keypoints estratti: 800
[superpoint_node-2] [ERROR] [1768034401.026926150] [superpoint_node]: Errore pubblicazione keypoints 3D: could not assign tuple of length 3 to structure with 4 fields.
[superpoint_node-2] [INFO] [1768034401.124794450] [superpoint_node]: Keypoints estratti: 800
[rtabmap-14] [INFO] [1768034401.126816170] [rtabmap]: rtabmap (1710): Rate=0.50s, Limit=0.001s, Conversion=0.0003s, RTAB-Map=0.0431s, Maps update=0.0003s pub=0.0008s delay=0.0574s (local map=3, WM=5)
[superpoint_node-2] [ERROR] [1768034401.131285668] [superpoint_node]: Errore pubblicazione keypoints 3D: could not assign tuple of length 3 to structure with 4 fields.
[superpoint_node-2] [INFO] [1768034401.223543294] [superpoint_node]: Keypoints estratti: 800
[superpoint_node-2] [ERROR] [1768034401.229376433] [superpoint_node]: Errore pubblicazione keypoints 3D: could not assign tuple of length 3 to structure with 4 fields.
[superpoint_node-2] [INFO] [1768034401.323580074] [superpoint_node]: Keypoints estratti: 800
[superpoint_node-2] [ERROR] [1768034401.329183285] [superpoint_node]: Errore pubblicazione keypoints 3D: could not assign tuple of length 3 to structure with 4 fields.
[superpoint_node-2] [INFO] [1768034401.419510210] [superpoint_node]: Keypoints estratti: 800
[superpoint_node-2] [ERROR] [1768034401.425220070] [superpoint_node]: Errore pubblicazione keypoints 3D: could not assign tuple of length 3 to structure with 4 fields.
[superpoint_node-2] [INFO] [1768034401.522224715] [superpoint_node]: Keypoints estratti: 800
[superpoint_node-2] [ERROR] [1768034401.528347263] [superpoint_node]: Errore pubblicazione keypoints 3D: could not assign tuple of length 3 to structure with 4 fields.
[superpoint_node-2] [INFO] [1768034401.622473941] [superpoint_node]: Keypoints estratti: 800
[superpoint_node-2] [ERROR] [1768034401.628259802] [superpoint_node]: Errore pubblicazione keypoints 3D: could not assign tuple of length 3 to structure with 4 fields.
[rtabmap-14] [INFO] [1768034401.692297461] [rtabmap]: rtabmap (1711): Rate=0.50s, Limit=0.001s, Conversion=0.0012s, RTAB-Map=0.0732s, Maps update=0.0027s pub=0.0009s delay=0.1204s (local map=4, WM=5)
[superpoint_node-2] [INFO] [1768034401.726732699] [superpoint_node]: Keypoints estratti: 800
[superpoint_node-2] [ERROR] [1768034401.732505374] [superpoint_node]: Errore pubblicazione keypoints 3D: could not assign tuple of length 3 to structure with 4 fields.
[superpoint_node-2] [INFO] [1768034401.825724767] [superpoint_node]: Keypoints estratti: 800
[superpoint_node-2] [ERROR] [1768034401.831513461] [superpoint_node]: Errore pubblicazione keypoints 3D: could not assign tuple of length 3 to structure with 4 fields.
[superpoint_node-2] [INFO] [1768034401.925997678] [superpoint_node]: Keypoints estratti: 800
[superpoint_node-2] [ERROR] [1768034401.931845725] [superpoint_node]: Errore pubblicazione keypoints 3D: could not assign tuple of length 3 to structure with 4 fields.
[superpoint_node-2] [INFO] [1768034402.022107223] [superpoint_node]: Keypoints estratti: 800
[superpoint_node-2] [ERROR] [1768034402.027935288] [superpoint_node]: Errore pubblicazione keypoints 3D: could not assign tuple of length 3 to structure with 4 fields.
[superpoint_node-2] [INFO] [1768034402.119686724] [superpoint_node]: Keypoints estratti: 800
[superpoint_node-2] [ERROR] [1768034402.125404510] [superpoint_node]: Errore pubblicazione keypoints 3D: could not assign tuple of length 3 to structure with 4 fields.
[superpoint_node-2] [INFO] [1768034402.218278455] [superpoint_node]: Keypoints estratti: 800
[superpoint_node-2] [ERROR] [1768034402.224221651] [superpoint_node]: Errore pubblicazione keypoints 3D: could not assign tuple of length 3 to structure with 4 fields.
[rtabmap-14] [INFO] [1768034402.288187921] [rtabmap]: rtabmap (1712): Rate=0.50s, Limit=0.001s, Conversion=0.0006s, RTAB-Map=0.0649s, Maps update=0.0094s pub=0.0014s delay=0.1187s (local map=3, WM=5)
[superpoint_node-2] [INFO] [1768034402.321157202] [superpoint_node]: Keypoints estratti: 800
[superpoint_node-2] [ERROR] [1768034402.326834470] [superpoint_node]: Errore pubblicazione keypoints 3D: could not assign tuple of length 3 to structure with 4 fields.
[superpoint_node-2] [INFO] [1768034402.420134492] [superpoint_node]: Keypoints estratti: 800
[superpoint_node-2] [ERROR] [1768034402.426527840] [superpoint_node]: Errore pubblicazione keypoints 3D: could not assign tuple of length 3 to structure with 4 fields.
[superpoint_node-2] [INFO] [1768034402.520292403] [superpoint_node]: Keypoints estratti: 800
[superpoint_node-2] [ERROR] [1768034402.526094597] [superpoint_node]: Errore pubblicazione keypoints 3D: could not assign tuple of length 3 to structure with 4 fields.
[superpoint_node-2] [INFO] [1768034402.617371029] [superpoint_node]: Keypoints estratti: 800
[superpoint_node-2] [ERROR] [1768034402.623312818] [superpoint_node]: Errore pubblicazione keypoints 3D: could not assign tuple of length 3 to structure with 4 fields.
[superpoint_node-2] [INFO] [1768034402.718422243] [superpoint_node]: Keypoints estratti: 800
[superpoint_node-2] [ERROR] [1768034402.724354976] [superpoint_node]: Errore pubblicazione keypoints 3D: could not assign tuple of length 3 to structure with 4 fields.
[rtabmap-14] [INFO] [1768034402.792279777] [rtabmap]: rtabmap (1713): Rate=0.50s, Limit=0.001s, Conversion=0.0002s, RTAB-Map=0.0746s, Maps update=0.0004s pub=0.0018s delay=0.1226s (local map=4, WM=5)
[superpoint_node-2] [INFO] [1768034402.818557876] [superpoint_node]: Keypoints estratti: 800
[superpoint_node-2] [ERROR] [1768034402.824163365] [superpoint_node]: Errore pubblicazione keypoints 3D: could not assign tuple of length 3 to structure with 4 fields.
[superpoint_node-2] [INFO] [1768034402.921858923] [superpoint_node]: Keypoints estratti: 800
[superpoint_node-2] [ERROR] [1768034402.927717618] [superpoint_node]: Errore pubblicazione keypoints 3D: could not assign tuple of length 3 to structure with 4 fields.
[superpoint_node-2] [INFO] [1768034403.017916374] [superpoint_node]: Keypoints estratti: 800
[superpoint_node-2] [ERROR] [1768034403.023789625] [superpoint_node]: Errore pubblicazione keypoints 3D: could not assign tuple of length 3 to structure with 4 fields.
[superpoint_node-2] [INFO] [1768034403.118377750] [superpoint_node]: Keypoints estratti: 800
[superpoint_node-2] [ERROR] [1768034403.124217630] [superpoint_node]: Errore pubblicazione keypoints 3D: could not assign tuple of length 3 to structure with 4 fields.
[superpoint_node-2] [INFO] [1768034403.220254138] [superpoint_node]: Keypoints estratti: 800
[superpoint_node-2] [ERROR] [1768034403.227095581] [superpoint_node]: Errore pubblicazione keypoints 3D: could not assign tuple of length 3 to structure with 4 fields.
[rtabmap-14] [INFO] [1768034403.259885528] [rtabmap]: rtabmap (1714): Rate=0.50s, Limit=0.001s, Conversion=0.0002s, RTAB-Map=0.0421s, Maps update=0.0013s pub=0.0008s delay=0.0900s (local map=3, WM=5)
[superpoint_node-2] [INFO] [1768034403.324668915] [superpoint_node]: Keypoints estratti: 800
[superpoint_node-2] [ERROR] [1768034403.330321831] [superpoint_node]: Errore pubblicazione keypoints 3D: could not assign tuple of length 3 to structure with 4 fields.
[superpoint_node-2] [INFO] [1768034403.423716187] [superpoint_node]: Keypoints estratti: 800
[superpoint_node-2] [ERROR] [1768034403.429551715] [superpoint_node]: Errore pubblicazione keypoints 3D: could not assign tuple of length 3 to structure with 4 fields.
[superpoint_node-2] [INFO] [1768034403.523044851] [superpoint_node]: Keypoints estratti: 800
[superpoint_node-2] [ERROR] [1768034403.529543273] [superpoint_node]: Errore pubblicazione keypoints 3D: could not assign tuple of length 3 to structure with 4 fields.
[superpoint_node-2] [INFO] [1768034403.621180763] [superpoint_node]: Keypoints estratti: 800
[superpoint_node-2] [ERROR] [1768034403.626819901] [superpoint_node]: Errore pubblicazione keypoints 3D: could not assign tuple of length 3 to structure with 4 fields.
[superpoint_node-2] [INFO] [1768034403.722086069] [superpoint_node]: Keypoints estratti: 800
[superpoint_node-2] [ERROR] [1768034403.728025709] [superpoint_node]: Errore pubblicazione keypoints 3D: could not assign tuple of length 3 to structure with 4 fields.
[superpoint_node-2] [INFO] [1768034403.824510534] [superpoint_node]: Keypoints estratti: 800
[superpoint_node-2] [ERROR] [1768034403.830503008] [superpoint_node]: Errore pubblicazione keypoints 3D: could not assign tuple of length 3 to structure with 4 fields.
[rtabmap-14] [INFO] [1768034403.860918066] [rtabmap]: rtabmap (1715): Rate=0.50s, Limit=0.001s, Conversion=0.0003s, RTAB-Map=0.0404s, Maps update=0.0016s pub=0.0012s delay=0.0888s (local map=4, WM=5)
[superpoint_node-2] [INFO] [1768034403.925219542] [superpoint_node]: Keypoints estratti: 800
[superpoint_node-2] [ERROR] [1768034403.931118682] [superpoint_node]: Errore pubblicazione keypoints 3D: could not assign tuple of length 3 to structure with 4 fields.
[superpoint_node-2] [INFO] [1768034404.024364074] [superpoint_node]: Keypoints estratti: 800
[superpoint_node-2] [ERROR] [1768034404.030223676] [superpoint_node]: Errore pubblicazione keypoints 3D: could not assign tuple of length 3 to structure with 4 fields.
[superpoint_node-2] [INFO] [1768034404.122775193] [superpoint_node]: Keypoints estratti: 800
[superpoint_node-2] [ERROR] [1768034404.128583980] [superpoint_node]: Errore pubblicazione keypoints 3D: could not assign tuple of length 3 to structure with 4 fields.
[superpoint_node-2] [INFO] [1768034404.219765985] [superpoint_node]: Keypoints estratti: 800
[superpoint_node-2] [ERROR] [1768034404.225512142] [superpoint_node]: Errore pubblicazione keypoints 3D: could not assign tuple of length 3 to structure with 4 fields.
[superpoint_node-2] [INFO] [1768034404.320434326] [superpoint_node]: Keypoints estratti: 800
[superpoint_node-2] [ERROR] [1768034404.326240946] [superpoint_node]: Errore pubblicazione keypoints 3D: could not assign tuple of length 3 to structure with 4 fields.
[superpoint_node-2] [INFO] [1768034404.420918758] [superpoint_node]: Keypoints estratti: 800
[superpoint_node-2] [ERROR] [1768034404.426930176] [superpoint_node]: Errore pubblicazione keypoints 3D: could not assign tuple of length 3 to structure with 4 fields.
[rtabmap-14] [INFO] [1768034404.486139982] [rtabmap]: rtabmap (1716): Rate=0.50s, Limit=0.001s, Conversion=0.0006s, RTAB-Map=0.0616s, Maps update=0.0098s pub=0.0010s delay=0.1158s (local map=3, WM=5)
[superpoint_node-2] [INFO] [1768034404.521572024] [superpoint_node]: Keypoints estratti: 800
[superpoint_node-2] [ERROR] [1768034404.527277384] [superpoint_node]: Errore pubblicazione keypoints 3D: could not assign tuple of length 3 to structure with 4 fields.
[superpoint_node-2] [INFO] [1768034404.621445599] [superpoint_node]: Keypoints estratti: 800
[superpoint_node-2] [ERROR] [1768034404.627679075] [superpoint_node]: Errore pubblicazione keypoints 3D: could not assign tuple of length 3 to structure with 4 fields.
[superpoint_node-2] [INFO] [1768034404.719290009] [superpoint_node]: Keypoints estratti: 800
[superpoint_node-2] [ERROR] [1768034404.725066926] [superpoint_node]: Errore pubblicazione keypoints 3D: could not assign tuple of length 3 to structure with 4 fields.
[superpoint_node-2] [INFO] [1768034404.819318326] [superpoint_node]: Keypoints estratti: 800
[superpoint_node-2] [ERROR] [1768034404.824920575] [superpoint_node]: Errore pubblicazione keypoints 3D: could not assign tuple of length 3 to structure with 4 fields.
[superpoint_node-2] [INFO] [1768034404.919033437] [superpoint_node]: Keypoints estratti: 800
[superpoint_node-2] [ERROR] [1768034404.924762927] [superpoint_node]: Errore pubblicazione keypoints 3D: could not assign tuple of length 3 to structure with 4 fields.
[superpoint_node-2] [INFO] [1768034405.018933271] [superpoint_node]: Keypoints estratti: 800
[superpoint_node-2] [ERROR] [1768034405.024926986] [superpoint_node]: Errore pubblicazione keypoints 3D: could not assign tuple of length 3 to structure with 4 fields.
[rtabmap-14] [INFO] [1768034405.091478184] [rtabmap]: rtabmap (1717): Rate=0.50s, Limit=0.001s, Conversion=0.0002s, RTAB-Map=0.0707s, Maps update=0.0026s pub=0.0012s delay=0.1221s (local map=4, WM=5)
[superpoint_node-2] [INFO] [1768034405.125050841] [superpoint_node]: Keypoints estratti: 800
[superpoint_node-2] [ERROR] [1768034405.130792275] [superpoint_node]: Errore pubblicazione keypoints 3D: could not assign tuple of length 3 to structure with 4 fields.
[superpoint_node-2] [INFO] [1768034405.224378504] [superpoint_node]: Keypoints estratti: 800
[superpoint_node-2] [ERROR] [1768034405.230140031] [superpoint_node]: Errore pubblicazione keypoints 3D: could not assign tuple of length 3 to structure with 4 fields.
[superpoint_node-2] [INFO] [1768034405.320453789] [superpoint_node]: Keypoints estratti: 800
[superpoint_node-2] [ERROR] [1768034405.326192631] [superpoint_node]: Errore pubblicazione keypoints 3D: could not assign tuple of length 3 to structure with 4 fields.
[superpoint_node-2] [INFO] [1768034405.419753859] [superpoint_node]: Keypoints estratti: 800
[superpoint_node-2] [ERROR] [1768034405.425732037] [superpoint_node]: Errore pubblicazione keypoints 3D: could not assign tuple of length 3 to structure with 4 fields.
[superpoint_node-2] [INFO] [1768034405.520352570] [superpoint_node]: Keypoints estratti: 800
[superpoint_node-2] [ERROR] [1768034405.526484600] [superpoint_node]: Errore pubblicazione keypoints 3D: could not assign tuple of length 3 to structure with 4 fields.
[rtabmap-14] [INFO] [1768034405.593770304] [rtabmap]: rtabmap (1718): Rate=0.50s, Limit=0.001s, Conversion=0.0005s, RTAB-Map=0.0744s, Maps update=0.0020s pub=0.0016s delay=0.1236s (local map=3, WM=5)
[superpoint_node-2] [INFO] [1768034405.618973283] [superpoint_node]: Keypoints estratti: 800
[superpoint_node-2] [ERROR] [1768034405.624604254] [superpoint_node]: Errore pubblicazione keypoints 3D: could not assign tuple of length 3 to structure with 4 fields.
[superpoint_node-2] [INFO] [1768034405.719998423] [superpoint_node]: Keypoints estratti: 800
[superpoint_node-2] [ERROR] [1768034405.725925118] [superpoint_node]: Errore pubblicazione keypoints 3D: could not assign tuple of length 3 to structure with 4 fields.
[superpoint_node-2] [INFO] [1768034405.820066703] [superpoint_node]: Keypoints estratti: 800
[superpoint_node-2] [ERROR] [1768034405.825756230] [superpoint_node]: Errore pubblicazione keypoints 3D: could not assign tuple of length 3 to structure with 4 fields.
[superpoint_node-2] [INFO] [1768034405.918207375] [superpoint_node]: Keypoints estratti: 800
[superpoint_node-2] [ERROR] [1768034405.924146422] [superpoint_node]: Errore pubblicazione keypoints 3D: could not assign tuple of length 3 to structure with 4 fields.
[superpoint_node-2] [INFO] [1768034406.018913697] [superpoint_node]: Keypoints estratti: 800
[superpoint_node-2] [ERROR] [1768034406.024828837] [superpoint_node]: Errore pubblicazione keypoints 3D: could not assign tuple of length 3 to structure with 4 fields.
[superpoint_node-2] [INFO] [1768034406.122943194] [superpoint_node]: Keypoints estratti: 800
[superpoint_node-2] [ERROR] [1768034406.128599388] [superpoint_node]: Errore pubblicazione keypoints 3D: could not assign tuple of length 3 to structure with 4 fields.
[rtabmap-14] [INFO] [1768034406.133129572] [rtabmap]: rtabmap (1719): Rate=0.50s, Limit=0.001s, Conversion=0.0002s, RTAB-Map=0.0417s, Maps update=0.0024s pub=0.0014s delay=0.0637s (local map=4, WM=5)
[superpoint_node-2] [INFO] [1768034406.220340268] [superpoint_node]: Keypoints estratti: 800
[superpoint_node-2] [ERROR] [1768034406.226106110] [superpoint_node]: Errore pubblicazione keypoints 3D: could not assign tuple of length 3 to structure with 4 fields.
[superpoint_node-2] [INFO] [1768034406.318066678] [superpoint_node]: Keypoints estratti: 800
[superpoint_node-2] [ERROR] [1768034406.323836761] [superpoint_node]: Errore pubblicazione keypoints 3D: could not assign tuple of length 3 to structure with 4 fields.
[superpoint_node-2] [INFO] [1768034406.418827204] [superpoint_node]: Keypoints estratti: 800
[superpoint_node-2] [ERROR] [1768034406.424716455] [superpoint_node]: Errore pubblicazione keypoints 3D: could not assign tuple of length 3 to structure with 4 fields.
[superpoint_node-2] [INFO] [1768034406.525879614] [superpoint_node]: Keypoints estratti: 800
[superpoint_node-2] [ERROR] [1768034406.532144775] [superpoint_node]: Errore pubblicazione keypoints 3D: could not assign tuple of length 3 to structure with 4 fields.
[superpoint_node-2] [INFO] [1768034406.660736839] [superpoint_node]: Keypoints estratti: 800
[superpoint_node-2] [ERROR] [1768034406.666782683] [superpoint_node]: Errore pubblicazione keypoints 3D: could not assign tuple of length 3 to structure with 4 fields.
[rtabmap-14] [INFO] [1768034406.734059442] [rtabmap]: rtabmap (1720): Rate=0.50s, Limit=0.001s, Conversion=0.0002s, RTAB-Map=0.0556s, Maps update=0.0008s pub=0.0016s delay=0.1237s (local map=3, WM=5)
[superpoint_node-2] [INFO] [1768034406.761199585] [superpoint_node]: Keypoints estratti: 800
[superpoint_node-2] [ERROR] [1768034406.767100039] [superpoint_node]: Errore pubblicazione keypoints 3D: could not assign tuple of length 3 to structure with 4 fields.
[superpoint_node-2] [INFO] [1768034406.858901457] [superpoint_node]: Keypoints estratti: 800
[superpoint_node-2] [ERROR] [1768034406.864831764] [superpoint_node]: Errore pubblicazione keypoints 3D: could not assign tuple of length 3 to structure with 4 fields.
[superpoint_node-2] [INFO] [1768034406.957569171] [superpoint_node]: Keypoints estratti: 800
[superpoint_node-2] [ERROR] [1768034406.963314939] [superpoint_node]: Errore pubblicazione keypoints 3D: could not assign tuple of length 3 to structure with 4 fields.
[superpoint_node-2] [INFO] [1768034407.058544977] [superpoint_node]: Keypoints estratti: 800
[superpoint_node-2] [ERROR] [1768034407.064467413] [superpoint_node]: Errore pubblicazione keypoints 3D: could not assign tuple of length 3 to structure with 4 fields.
[superpoint_node-2] [INFO] [1768034407.155153100] [superpoint_node]: Keypoints estratti: 800
[superpoint_node-2] [ERROR] [1768034407.161082702] [superpoint_node]: Errore pubblicazione keypoints 3D: could not assign tuple of length 3 to structure with 4 fields.
[superpoint_node-2] [INFO] [1768034407.253545829] [superpoint_node]: Keypoints estratti: 800
[superpoint_node-2] [ERROR] [1768034407.261005482] [superpoint_node]: Errore pubblicazione keypoints 3D: could not assign tuple of length 3 to structure with 4 fields.
[rtabmap-14] [INFO] [1768034407.324219597] [rtabmap]: rtabmap (1721): Rate=0.50s, Limit=0.001s, Conversion=0.0006s, RTAB-Map=0.0784s, Maps update=0.0004s pub=0.0010s delay=0.1225s (local map=4, WM=5)
[superpoint_node-2] [INFO] [1768034407.358810688] [superpoint_node]: Keypoints estratti: 800
[superpoint_node-2] [ERROR] [1768034407.364994737] [superpoint_node]: Errore pubblicazione keypoints 3D: could not assign tuple of length 3 to structure with 4 fields.
[superpoint_node-2] [INFO] [1768034407.455014808] [superpoint_node]: Keypoints estratti: 800
[superpoint_node-2] [ERROR] [1768034407.460769798] [superpoint_node]: Errore pubblicazione keypoints 3D: could not assign tuple of length 3 to structure with 4 fields.
[superpoint_node-2] [INFO] [1768034407.551825729] [superpoint_node]: Keypoints estratti: 800
[superpoint_node-2] [ERROR] [1768034407.557661757] [superpoint_node]: Errore pubblicazione keypoints 3D: could not assign tuple of length 3 to structure with 4 fields.
[superpoint_node-2] [INFO] [1768034407.647317139] [superpoint_node]: Keypoints estratti: 800
[superpoint_node-2] [ERROR] [1768034407.653244797] [superpoint_node]: Errore pubblicazione keypoints 3D: could not assign tuple of length 3 to structure with 4 fields.
[superpoint_node-2] [INFO] [1768034407.743231145] [superpoint_node]: Keypoints estratti: 800
[superpoint_node-2] [ERROR] [1768034407.749569418] [superpoint_node]: Errore pubblicazione keypoints 3D: could not assign tuple of length 3 to structure with 4 fields.
[superpoint_node-2] [INFO] [1768034407.844385712] [superpoint_node]: Keypoints estratti: 800
[superpoint_node-2] [ERROR] [1768034407.851219044] [superpoint_node]: Errore pubblicazione keypoints 3D: could not assign tuple of length 3 to structure with 4 fields.
[rtabmap-14] [INFO] [1768034407.894177017] [rtabmap]: rtabmap (1722): Rate=0.50s, Limit=0.001s, Conversion=0.0006s, RTAB-Map=0.0691s, Maps update=0.0038s pub=0.0033s delay=0.1035s (local map=3, WM=5)
[superpoint_node-2] [INFO] [1768034407.946650658] [superpoint_node]: Keypoints estratti: 800
[superpoint_node-2] [ERROR] [1768034407.952701762] [superpoint_node]: Errore pubblicazione keypoints 3D: could not assign tuple of length 3 to structure with 4 fields.
[superpoint_node-2] [INFO] [1768034408.048038393] [superpoint_node]: Keypoints estratti: 800
[superpoint_node-2] [ERROR] [1768034408.055903363] [superpoint_node]: Errore pubblicazione keypoints 3D: could not assign tuple of length 3 to structure with 4 fields.
[superpoint_node-2] [INFO] [1768034408.145370059] [superpoint_node]: Keypoints estratti: 800
[superpoint_node-2] [ERROR] [1768034408.151527589] [superpoint_node]: Errore pubblicazione keypoints 3D: could not assign tuple of length 3 to structure with 4 fields.
[superpoint_node-2] [INFO] [1768034408.236709399] [superpoint_node]: Keypoints estratti: 800
[superpoint_node-2] [ERROR] [1768034408.242370833] [superpoint_node]: Errore pubblicazione keypoints 3D: could not assign tuple of length 3 to structure with 4 fields.
[superpoint_node-2] [INFO] [1768034408.329736438] [superpoint_node]: Keypoints estratti: 800
[superpoint_node-2] [ERROR] [1768034408.335504058] [superpoint_node]: Errore pubblicazione keypoints 3D: could not assign tuple of length 3 to structure with 4 fields.
[superpoint_node-2] [INFO] [1768034408.429410456] [superpoint_node]: Keypoints estratti: 800
[superpoint_node-2] [ERROR] [1768034408.436648310] [superpoint_node]: Errore pubblicazione keypoints 3D: could not assign tuple of length 3 to structure with 4 fields.
[rtabmap-14] [INFO] [1768034408.495546057] [rtabmap]: rtabmap (1723): Rate=0.50s, Limit=0.001s, Conversion=0.0002s, RTAB-Map=0.0644s, Maps update=0.0072s pub=0.0044s delay=0.1179s (local map=4, WM=5)
[superpoint_node-2] [INFO] [1768034408.531566345] [superpoint_node]: Keypoints estratti: 800
[superpoint_node-2] [ERROR] [1768034408.537353539] [superpoint_node]: Errore pubblicazione keypoints 3D: could not assign tuple of length 3 to structure with 4 fields.
[superpoint_node-2] [INFO] [1768034408.624731292] [superpoint_node]: Keypoints estratti: 800
[superpoint_node-2] [ERROR] [1768034408.630104946] [superpoint_node]: Errore pubblicazione keypoints 3D: could not assign tuple of length 3 to structure with 4 fields.
[superpoint_node-2] [INFO] [1768034408.724364013] [superpoint_node]: Keypoints estratti: 800
[superpoint_node-2] [ERROR] [1768034408.729956817] [superpoint_node]: Errore pubblicazione keypoints 3D: could not assign tuple of length 3 to structure with 4 fields.
[superpoint_node-2] [INFO] [1768034408.819136011] [superpoint_node]: Keypoints estratti: 800
[superpoint_node-2] [ERROR] [1768034408.825352690] [superpoint_node]: Errore pubblicazione keypoints 3D: could not assign tuple of length 3 to structure with 4 fields.
[superpoint_node-2] [INFO] [1768034408.917822724] [superpoint_node]: Keypoints estratti: 800
[superpoint_node-2] [ERROR] [1768034408.923356583] [superpoint_node]: Errore pubblicazione keypoints 3D: could not assign tuple of length 3 to structure with 4 fields.
[superpoint_node-2] [INFO] [1768034409.020505451] [superpoint_node]: Keypoints estratti: 800
[superpoint_node-2] [ERROR] [1768034409.026168200] [superpoint_node]: Errore pubblicazione keypoints 3D: could not assign tuple of length 3 to structure with 4 fields.
[rtabmap-14] [INFO] [1768034409.085786972] [rtabmap]: rtabmap (1724): Rate=0.50s, Limit=0.001s, Conversion=0.0006s, RTAB-Map=0.0617s, Maps update=0.0075s pub=0.0021s delay=0.1163s (local map=3, WM=5)
[superpoint_node-2] [INFO] [1768034409.120007190] [superpoint_node]: Keypoints estratti: 800
[superpoint_node-2] [ERROR] [1768034409.125948608] [superpoint_node]: Errore pubblicazione keypoints 3D: could not assign tuple of length 3 to structure with 4 fields.
[superpoint_node-2] [INFO] [1768034409.219017536] [superpoint_node]: Keypoints estratti: 800
[superpoint_node-2] [ERROR] [1768034409.224652766] [superpoint_node]: Errore pubblicazione keypoints 3D: could not assign tuple of length 3 to structure with 4 fields.
[superpoint_node-2] [INFO] [1768034409.319784099] [superpoint_node]: Keypoints estratti: 800
[superpoint_node-2] [ERROR] [1768034409.325355384] [superpoint_node]: Errore pubblicazione keypoints 3D: could not assign tuple of length 3 to structure with 4 fields.
[superpoint_node-2] [INFO] [1768034409.416495297] [superpoint_node]: Keypoints estratti: 800
[superpoint_node-2] [ERROR] [1768034409.422025434] [superpoint_node]: Errore pubblicazione keypoints 3D: could not assign tuple of length 3 to structure with 4 fields.
[superpoint_node-2] [INFO] [1768034409.516416947] [superpoint_node]: Keypoints estratti: 800
[superpoint_node-2] [ERROR] [1768034409.522053288] [superpoint_node]: Errore pubblicazione keypoints 3D: could not assign tuple of length 3 to structure with 4 fields.
[rtabmap-14] [INFO] [1768034409.590322870] [rtabmap]: rtabmap (1725): Rate=0.50s, Limit=0.001s, Conversion=0.0003s, RTAB-Map=0.0711s, Maps update=0.0016s pub=0.0012s delay=0.1208s (local map=4, WM=5)
[superpoint_node-2] [INFO] [1768034409.621905548] [superpoint_node]: Keypoints estratti: 800
[superpoint_node-2] [ERROR] [1768034409.627975226] [superpoint_node]: Errore pubblicazione keypoints 3D: could not assign tuple of length 3 to structure with 4 fields.
[superpoint_node-2] [INFO] [1768034409.718230428] [superpoint_node]: Keypoints estratti: 800
[superpoint_node-2] [ERROR] [1768034409.723687675] [superpoint_node]: Errore pubblicazione keypoints 3D: could not assign tuple of length 3 to structure with 4 fields.
[superpoint_node-2] [INFO] [1768034409.819445106] [superpoint_node]: Keypoints estratti: 800
[superpoint_node-2] [ERROR] [1768034409.824863946] [superpoint_node]: Errore pubblicazione keypoints 3D: could not assign tuple of length 3 to structure with 4 fields.
[superpoint_node-2] [INFO] [1768034409.948337987] [superpoint_node]: Keypoints estratti: 800
[superpoint_node-2] [ERROR] [1768034409.953986347] [superpoint_node]: Errore pubblicazione keypoints 3D: could not assign tuple of length 3 to structure with 4 fields.
[superpoint_node-2] [INFO] [1768034410.046159453] [superpoint_node]: Keypoints estratti: 800
[superpoint_node-2] [ERROR] [1768034410.052456707] [superpoint_node]: Errore pubblicazione keypoints 3D: could not assign tuple of length 3 to structure with 4 fields.
[rtabmap-14] [INFO] [1768034410.053272491] [rtabmap]: rtabmap (1726): Rate=0.50s, Limit=0.001s, Conversion=0.0002s, RTAB-Map=0.0382s, Maps update=0.0003s pub=0.0008s delay=0.0591s (local map=3, WM=5)
[superpoint_node-2] [INFO] [1768034410.141461565] [superpoint_node]: Keypoints estratti: 800
[superpoint_node-2] [ERROR] [1768034410.147267778] [superpoint_node]: Errore pubblicazione keypoints 3D: could not assign tuple of length 3 to structure with 4 fields.
[superpoint_node-2] [INFO] [1768034410.236442453] [superpoint_node]: Keypoints estratti: 800
[superpoint_node-2] [ERROR] [1768034410.243049487] [superpoint_node]: Errore pubblicazione keypoints 3D: could not assign tuple of length 3 to structure with 4 fields.
[superpoint_node-2] [INFO] [1768034410.332867019] [superpoint_node]: Keypoints estratti: 800
[superpoint_node-2] [ERROR] [1768034410.338414619] [superpoint_node]: Errore pubblicazione keypoints 3D: could not assign tuple of length 3 to structure with 4 fields.
[superpoint_node-2] [INFO] [1768034410.427688646] [superpoint_node]: Keypoints estratti: 800
[superpoint_node-2] [ERROR] [1768034410.433407766] [superpoint_node]: Errore pubblicazione keypoints 3D: could not assign tuple of length 3 to structure with 4 fields.
[superpoint_node-2] [INFO] [1768034410.524784884] [superpoint_node]: Keypoints estratti: 800
[superpoint_node-2] [ERROR] [1768034410.530207261] [superpoint_node]: Errore pubblicazione keypoints 3D: could not assign tuple of length 3 to structure with 4 fields.
[superpoint_node-2] [INFO] [1768034410.625443891] [superpoint_node]: Keypoints estratti: 800
[superpoint_node-2] [ERROR] [1768034410.631132177] [superpoint_node]: Errore pubblicazione keypoints 3D: could not assign tuple of length 3 to structure with 4 fields.
[rtabmap-14] [INFO] [1768034410.690606356] [rtabmap]: rtabmap (1727): Rate=0.50s, Limit=0.001s, Conversion=0.0003s, RTAB-Map=0.0621s, Maps update=0.0101s pub=0.0012s delay=0.1151s (local map=4, WM=5)
[superpoint_node-2] [INFO] [1768034410.724309366] [superpoint_node]: Keypoints estratti: 800
[superpoint_node-2] [ERROR] [1768034410.729826965] [superpoint_node]: Errore pubblicazione keypoints 3D: could not assign tuple of length 3 to structure with 4 fields.
[superpoint_node-2] [INFO] [1768034410.821030804] [superpoint_node]: Keypoints estratti: 800
[superpoint_node-2] [ERROR] [1768034410.826315383] [superpoint_node]: Errore pubblicazione keypoints 3D: could not assign tuple of length 3 to structure with 4 fields.
[superpoint_node-2] [INFO] [1768034410.918165431] [superpoint_node]: Keypoints estratti: 800
[superpoint_node-2] [ERROR] [1768034410.923641420] [superpoint_node]: Errore pubblicazione keypoints 3D: could not assign tuple of length 3 to structure with 4 fields.
[superpoint_node-2] [INFO] [1768034411.017924209] [superpoint_node]: Keypoints estratti: 800
[superpoint_node-2] [ERROR] [1768034411.023439698] [superpoint_node]: Errore pubblicazione keypoints 3D: could not assign tuple of length 3 to structure with 4 fields.
[superpoint_node-2] [INFO] [1768034411.118316973] [superpoint_node]: Keypoints estratti: 800
[superpoint_node-2] [ERROR] [1768034411.123989648] [superpoint_node]: Errore pubblicazione keypoints 3D: could not assign tuple of length 3 to structure with 4 fields.
[superpoint_node-2] [INFO] [1768034411.218822424] [superpoint_node]: Keypoints estratti: 800
[superpoint_node-2] [ERROR] [1768034411.224936436] [superpoint_node]: Errore pubblicazione keypoints 3D: could not assign tuple of length 3 to structure with 4 fields.
[rtabmap-14] [INFO] [1768034411.248677440] [rtabmap]: rtabmap (1728): Rate=0.50s, Limit=0.001s, Conversion=0.0003s, RTAB-Map=0.0349s, Maps update=0.0004s pub=0.0032s delay=0.0791s (local map=3, WM=5)
[superpoint_node-2] [INFO] [1768034411.317144042] [superpoint_node]: Keypoints estratti: 800
[superpoint_node-2] [ERROR] [1768034411.322433547] [superpoint_node]: Errore pubblicazione keypoints 3D: could not assign tuple of length 3 to structure with 4 fields.
[superpoint_node-2] [INFO] [1768034411.421667561] [superpoint_node]: Keypoints estratti: 800
[superpoint_node-2] [ERROR] [1768034411.427047456] [superpoint_node]: Errore pubblicazione keypoints 3D: could not assign tuple of length 3 to structure with 4 fields.
[superpoint_node-2] [INFO] [1768034411.518877060] [superpoint_node]: Keypoints estratti: 800
[superpoint_node-2] [ERROR] [1768034411.524542920] [superpoint_node]: Errore pubblicazione keypoints 3D: could not assign tuple of length 3 to structure with 4 fields.
[superpoint_node-2] [INFO] [1768034411.618971433] [superpoint_node]: Keypoints estratti: 800
[superpoint_node-2] [ERROR] [1768034411.624350161] [superpoint_node]: Errore pubblicazione keypoints 3D: could not assign tuple of length 3 to structure with 4 fields.
[superpoint_node-2] [INFO] [1768034411.744414638] [superpoint_node]: Keypoints estratti: 800
[superpoint_node-2] [ERROR] [1768034411.750990931] [superpoint_node]: Errore pubblicazione keypoints 3D: could not assign tuple of length 3 to structure with 4 fields.
[rtabmap-14] [INFO] [1768034411.761278754] [rtabmap]: rtabmap (1729): Rate=0.50s, Limit=0.001s, Conversion=0.0022s, RTAB-Map=0.0415s, Maps update=0.0003s pub=0.0009s delay=0.0914s (local map=4, WM=5)
[superpoint_node-2] [INFO] [1768034411.844331694] [superpoint_node]: Keypoints estratti: 800
[superpoint_node-2] [ERROR] [1768034411.851150971] [superpoint_node]: Errore pubblicazione keypoints 3D: could not assign tuple of length 3 to structure with 4 fields.
[superpoint_node-2] [INFO] [1768034411.940024995] [superpoint_node]: Keypoints estratti: 800
[superpoint_node-2] [ERROR] [1768034411.945783134] [superpoint_node]: Errore pubblicazione keypoints 3D: could not assign tuple of length 3 to structure with 4 fields.
[superpoint_node-2] [INFO] [1768034412.033706798] [superpoint_node]: Keypoints estratti: 800
[superpoint_node-2] [ERROR] [1768034412.039835440] [superpoint_node]: Errore pubblicazione keypoints 3D: could not assign tuple of length 3 to structure with 4 fields.
[superpoint_node-2] [INFO] [1768034412.130187865] [superpoint_node]: Keypoints estratti: 800
[superpoint_node-2] [ERROR] [1768034412.136579934] [superpoint_node]: Errore pubblicazione keypoints 3D: could not assign tuple of length 3 to structure with 4 fields.
[superpoint_node-2] [INFO] [1768034412.227049601] [superpoint_node]: Keypoints estratti: 800
[superpoint_node-2] [ERROR] [1768034412.233312762] [superpoint_node]: Errore pubblicazione keypoints 3D: could not assign tuple of length 3 to structure with 4 fields.
[rtabmap-14] [INFO] [1768034412.271692606] [rtabmap]: rtabmap (1730): Rate=0.50s, Limit=0.001s, Conversion=0.0004s, RTAB-Map=0.0569s, Maps update=0.0003s pub=0.0009s delay=0.0938s (local map=3, WM=5)
[superpoint_node-2] [INFO] [1768034412.326095614] [superpoint_node]: Keypoints estratti: 800
[superpoint_node-2] [ERROR] [1768034412.331399804] [superpoint_node]: Errore pubblicazione keypoints 3D: could not assign tuple of length 3 to structure with 4 fields.
[superpoint_node-2] [INFO] [1768034412.425471037] [superpoint_node]: Keypoints estratti: 800
[superpoint_node-2] [ERROR] [1768034412.431336028] [superpoint_node]: Errore pubblicazione keypoints 3D: could not assign tuple of length 3 to structure with 4 fields.
[superpoint_node-2] [INFO] [1768034412.521386136] [superpoint_node]: Keypoints estratti: 800
[superpoint_node-2] [ERROR] [1768034412.527040162] [superpoint_node]: Errore pubblicazione keypoints 3D: could not assign tuple of length 3 to structure with 4 fields.
[superpoint_node-2] [INFO] [1768034412.618659708] [superpoint_node]: Keypoints estratti: 800
[superpoint_node-2] [ERROR] [1768034412.624293476] [superpoint_node]: Errore pubblicazione keypoints 3D: could not assign tuple of length 3 to structure with 4 fields.
[superpoint_node-2] [INFO] [1768034412.718892842] [superpoint_node]: Keypoints estratti: 800
[superpoint_node-2] [ERROR] [1768034412.724264644] [superpoint_node]: Errore pubblicazione keypoints 3D: could not assign tuple of length 3 to structure with 4 fields.
[superpoint_node-2] [INFO] [1768034412.817803761] [superpoint_node]: Keypoints estratti: 800
[superpoint_node-2] [ERROR] [1768034412.824044088] [superpoint_node]: Errore pubblicazione keypoints 3D: could not assign tuple of length 3 to structure with 4 fields.
[rtabmap-14] [INFO] [1768034412.888159267] [rtabmap]: rtabmap (1731): Rate=0.50s, Limit=0.001s, Conversion=0.0002s, RTAB-Map=0.0711s, Maps update=0.0012s pub=0.0010s delay=0.1187s (local map=4, WM=5)
[superpoint_node-2] [INFO] [1768034412.920712156] [superpoint_node]: Keypoints estratti: 800
[superpoint_node-2] [ERROR] [1768034412.926182459] [superpoint_node]: Errore pubblicazione keypoints 3D: could not assign tuple of length 3 to structure with 4 fields.
[superpoint_node-2] [INFO] [1768034413.018236176] [superpoint_node]: Keypoints estratti: 800
[superpoint_node-2] [ERROR] [1768034413.023823628] [superpoint_node]: Errore pubblicazione keypoints 3D: could not assign tuple of length 3 to structure with 4 fields.
[superpoint_node-2] [INFO] [1768034413.156556131] [superpoint_node]: Keypoints estratti: 800
[superpoint_node-2] [ERROR] [1768034413.163319797] [superpoint_node]: Errore pubblicazione keypoints 3D: could not assign tuple of length 3 to structure with 4 fields.
[superpoint_node-2] [INFO] [1768034413.252862604] [superpoint_node]: Keypoints estratti: 800
[superpoint_node-2] [ERROR] [1768034413.258732021] [superpoint_node]: Errore pubblicazione keypoints 3D: could not assign tuple of length 3 to structure with 4 fields.
[superpoint_node-2] [INFO] [1768034413.351570021] [superpoint_node]: Keypoints estratti: 800
[superpoint_node-2] [ERROR] [1768034413.357163196] [superpoint_node]: Errore pubblicazione keypoints 3D: could not assign tuple of length 3 to structure with 4 fields.
[rtabmap-14] [INFO] [1768034413.391250523] [rtabmap]: rtabmap (1732): Rate=0.50s, Limit=0.001s, Conversion=0.0002s, RTAB-Map=0.0707s, Maps update=0.0047s pub=0.0024s delay=0.0936s (local map=3, WM=5)
[superpoint_node-2] [INFO] [1768034413.449770953] [superpoint_node]: Keypoints estratti: 800
[superpoint_node-2] [ERROR] [1768034413.455462314] [superpoint_node]: Errore pubblicazione keypoints 3D: could not assign tuple of length 3 to structure with 4 fields.
[superpoint_node-2] [INFO] [1768034413.545095511] [superpoint_node]: Keypoints estratti: 800
[superpoint_node-2] [ERROR] [1768034413.551446858] [superpoint_node]: Errore pubblicazione keypoints 3D: could not assign tuple of length 3 to structure with 4 fields.
[superpoint_node-2] [INFO] [1768034413.641410335] [superpoint_node]: Keypoints estratti: 800
[superpoint_node-2] [ERROR] [1768034413.647666422] [superpoint_node]: Errore pubblicazione keypoints 3D: could not assign tuple of length 3 to structure with 4 fields.
[superpoint_node-2] [INFO] [1768034413.734432559] [superpoint_node]: Keypoints estratti: 800
[superpoint_node-2] [ERROR] [1768034413.740342532] [superpoint_node]: Errore pubblicazione keypoints 3D: could not assign tuple of length 3 to structure with 4 fields.
[superpoint_node-2] [INFO] [1768034413.827235281] [superpoint_node]: Keypoints estratti: 800
[superpoint_node-2] [ERROR] [1768034413.833036105] [superpoint_node]: Errore pubblicazione keypoints 3D: could not assign tuple of length 3 to structure with 4 fields.
[superpoint_node-2] [INFO] [1768034413.921899963] [superpoint_node]: Keypoints estratti: 800
[superpoint_node-2] [ERROR] [1768034413.927884307] [superpoint_node]: Errore pubblicazione keypoints 3D: could not assign tuple of length 3 to structure with 4 fields.
[rtabmap-14] [INFO] [1768034413.996147278] [rtabmap]: rtabmap (1733): Rate=0.50s, Limit=0.001s, Conversion=0.0003s, RTAB-Map=0.0754s, Maps update=0.0014s pub=0.0009s delay=0.1233s (local map=4, WM=5)
[superpoint_node-2] [INFO] [1768034414.022537692] [superpoint_node]: Keypoints estratti: 800
[superpoint_node-2] [ERROR] [1768034414.028213293] [superpoint_node]: Errore pubblicazione keypoints 3D: could not assign tuple of length 3 to structure with 4 fields.
[superpoint_node-2] [INFO] [1768034414.119615115] [superpoint_node]: Keypoints estratti: 800
[superpoint_node-2] [ERROR] [1768034414.125634719] [superpoint_node]: Errore pubblicazione keypoints 3D: could not assign tuple of length 3 to structure with 4 fields.
[superpoint_node-2] [INFO] [1768034414.219113465] [superpoint_node]: Keypoints estratti: 800
[superpoint_node-2] [ERROR] [1768034414.224688713] [superpoint_node]: Errore pubblicazione keypoints 3D: could not assign tuple of length 3 to structure with 4 fields.
[superpoint_node-2] [INFO] [1768034414.319807343] [superpoint_node]: Keypoints estratti: 800
[superpoint_node-2] [ERROR] [1768034414.325154848] [superpoint_node]: Errore pubblicazione keypoints 3D: could not assign tuple of length 3 to structure with 4 fields.
[superpoint_node-2] [INFO] [1768034414.416215594] [superpoint_node]: Keypoints estratti: 800
[superpoint_node-2] [ERROR] [1768034414.422463106] [superpoint_node]: Errore pubblicazione keypoints 3D: could not assign tuple of length 3 to structure with 4 fields.
[superpoint_node-2] [INFO] [1768034414.523413894] [superpoint_node]: Keypoints estratti: 800
[superpoint_node-2] [ERROR] [1768034414.529304311] [superpoint_node]: Errore pubblicazione keypoints 3D: could not assign tuple of length 3 to structure with 4 fields.
[rtabmap-14] [INFO] [1768034414.558216023] [rtabmap]: rtabmap (1734): Rate=0.50s, Limit=0.001s, Conversion=0.0002s, RTAB-Map=0.0406s, Maps update=0.0004s pub=0.0008s delay=0.0887s (local map=3, WM=5)
[superpoint_node-2] [INFO] [1768034414.625932082] [superpoint_node]: Keypoints estratti: 800
[superpoint_node-2] [ERROR] [1768034414.632565265] [superpoint_node]: Errore pubblicazione keypoints 3D: could not assign tuple of length 3 to structure with 4 fields.
[superpoint_node-2] [INFO] [1768034414.723500120] [superpoint_node]: Keypoints estratti: 800
[superpoint_node-2] [ERROR] [1768034414.729645114] [superpoint_node]: Errore pubblicazione keypoints 3D: could not assign tuple of length 3 to structure with 4 fields.
[superpoint_node-2] [INFO] [1768034414.823817403] [superpoint_node]: Keypoints estratti: 800
[superpoint_node-2] [ERROR] [1768034414.829555893] [superpoint_node]: Errore pubblicazione keypoints 3D: could not assign tuple of length 3 to structure with 4 fields.
[superpoint_node-2] [INFO] [1768034414.923506328] [superpoint_node]: Keypoints estratti: 800
[superpoint_node-2] [ERROR] [1768034414.928980724] [superpoint_node]: Errore pubblicazione keypoints 3D: could not assign tuple of length 3 to structure with 4 fields.
[superpoint_node-2] [INFO] [1768034415.023125401] [superpoint_node]: Keypoints estratti: 800
[superpoint_node-2] [ERROR] [1768034415.028909169] [superpoint_node]: Errore pubblicazione keypoints 3D: could not assign tuple of length 3 to structure with 4 fields.
[rtabmap-14] [INFO] [1768034415.100351943] [rtabmap]: rtabmap (1735): Rate=0.50s, Limit=0.001s, Conversion=0.0004s, RTAB-Map=0.0793s, Maps update=0.0027s pub=0.0010s delay=0.1278s (local map=4, WM=5)
[superpoint_node-2] [INFO] [1768034415.126873248] [superpoint_node]: Keypoints estratti: 800
[superpoint_node-2] [ERROR] [1768034415.132673646] [superpoint_node]: Errore pubblicazione keypoints 3D: could not assign tuple of length 3 to structure with 4 fields.
[superpoint_node-2] [INFO] [1768034415.222647938] [superpoint_node]: Keypoints estratti: 800
[superpoint_node-2] [ERROR] [1768034415.228991396] [superpoint_node]: Errore pubblicazione keypoints 3D: could not assign tuple of length 3 to structure with 4 fields.
[superpoint_node-2] [INFO] [1768034415.324566974] [superpoint_node]: Keypoints estratti: 800
[superpoint_node-2] [ERROR] [1768034415.330004017] [superpoint_node]: Errore pubblicazione keypoints 3D: could not assign tuple of length 3 to structure with 4 fields.
[superpoint_node-2] [INFO] [1768034415.423837451] [superpoint_node]: Keypoints estratti: 800
[superpoint_node-2] [ERROR] [1768034415.429815481] [superpoint_node]: Errore pubblicazione keypoints 3D: could not assign tuple of length 3 to structure with 4 fields.
[superpoint_node-2] [INFO] [1768034415.523840842] [superpoint_node]: Keypoints estratti: 800
[superpoint_node-2] [ERROR] [1768034415.529795408] [superpoint_node]: Errore pubblicazione keypoints 3D: could not assign tuple of length 3 to structure with 4 fields.
[rtabmap-14] [INFO] [1768034415.593871253] [rtabmap]: rtabmap (1736): Rate=0.50s, Limit=0.001s, Conversion=0.0009s, RTAB-Map=0.0719s, Maps update=0.0017s pub=0.0012s delay=0.1204s (local map=3, WM=5)
[superpoint_node-2] [INFO] [1768034415.626773238] [superpoint_node]: Keypoints estratti: 800
[superpoint_node-2] [ERROR] [1768034415.633473643] [superpoint_node]: Errore pubblicazione keypoints 3D: could not assign tuple of length 3 to structure with 4 fields.
[superpoint_node-2] [INFO] [1768034415.723859624] [superpoint_node]: Keypoints estratti: 800
[superpoint_node-2] [ERROR] [1768034415.729818968] [superpoint_node]: Errore pubblicazione keypoints 3D: could not assign tuple of length 3 to structure with 4 fields.
[superpoint_node-2] [INFO] [1768034415.825902068] [superpoint_node]: Keypoints estratti: 800
[superpoint_node-2] [ERROR] [1768034415.831873579] [superpoint_node]: Errore pubblicazione keypoints 3D: could not assign tuple of length 3 to structure with 4 fields.
[superpoint_node-2] [INFO] [1768034415.926145720] [superpoint_node]: Keypoints estratti: 800
[superpoint_node-2] [ERROR] [1768034415.932229232] [superpoint_node]: Errore pubblicazione keypoints 3D: could not assign tuple of length 3 to structure with 4 fields.
[superpoint_node-2] [INFO] [1768034416.024436597] [superpoint_node]: Keypoints estratti: 800
[superpoint_node-2] [ERROR] [1768034416.030484238] [superpoint_node]: Errore pubblicazione keypoints 3D: could not assign tuple of length 3 to structure with 4 fields.
[rtabmap-14] [INFO] [1768034416.091644689] [rtabmap]: rtabmap (1737): Rate=0.50s, Limit=0.001s, Conversion=0.0006s, RTAB-Map=0.0756s, Maps update=0.0026s pub=0.0012s delay=0.1168s (local map=4, WM=5)
[superpoint_node-2] [INFO] [1768034416.127261325] [superpoint_node]: Keypoints estratti: 800
[superpoint_node-2] [ERROR] [1768034416.133639839] [superpoint_node]: Errore pubblicazione keypoints 3D: could not assign tuple of length 3 to structure with 4 fields.
[superpoint_node-2] [INFO] [1768034416.225705500] [superpoint_node]: Keypoints estratti: 800
[superpoint_node-2] [ERROR] [1768034416.231925161] [superpoint_node]: Errore pubblicazione keypoints 3D: could not assign tuple of length 3 to structure with 4 fields.
[superpoint_node-2] [INFO] [1768034416.324071174] [superpoint_node]: Keypoints estratti: 800
[superpoint_node-2] [ERROR] [1768034416.330122760] [superpoint_node]: Errore pubblicazione keypoints 3D: could not assign tuple of length 3 to structure with 4 fields.
[superpoint_node-2] [INFO] [1768034416.420992781] [superpoint_node]: Keypoints estratti: 800
[superpoint_node-2] [ERROR] [1768034416.427009218] [superpoint_node]: Errore pubblicazione keypoints 3D: could not assign tuple of length 3 to structure with 4 fields.
[superpoint_node-2] [INFO] [1768034416.517276309] [superpoint_node]: Keypoints estratti: 800
[superpoint_node-2] [ERROR] [1768034416.523152504] [superpoint_node]: Errore pubblicazione keypoints 3D: could not assign tuple of length 3 to structure with 4 fields.
[superpoint_node-2] [INFO] [1768034416.617252570] [superpoint_node]: Keypoints estratti: 800
[superpoint_node-2] [ERROR] [1768034416.623516583] [superpoint_node]: Errore pubblicazione keypoints 3D: could not assign tuple of length 3 to structure with 4 fields.
[rtabmap-14] [INFO] [1768034416.687981135] [rtabmap]: rtabmap (1738): Rate=0.50s, Limit=0.001s, Conversion=0.0007s, RTAB-Map=0.0709s, Maps update=0.0003s pub=0.0008s delay=0.1185s (local map=3, WM=5)
[superpoint_node-2] [INFO] [1768034416.717661538] [superpoint_node]: Keypoints estratti: 800
[superpoint_node-2] [ERROR] [1768034416.723660808] [superpoint_node]: Errore pubblicazione keypoints 3D: could not assign tuple of length 3 to structure with 4 fields.
[superpoint_node-2] [INFO] [1768034416.818241026] [superpoint_node]: Keypoints estratti: 800
[superpoint_node-2] [ERROR] [1768034416.823829867] [superpoint_node]: Errore pubblicazione keypoints 3D: could not assign tuple of length 3 to structure with 4 fields.
[superpoint_node-2] [INFO] [1768034416.916431940] [superpoint_node]: Keypoints estratti: 800
[superpoint_node-2] [ERROR] [1768034416.922024873] [superpoint_node]: Errore pubblicazione keypoints 3D: could not assign tuple of length 3 to structure with 4 fields.
[superpoint_node-2] [INFO] [1768034417.052573656] [superpoint_node]: Keypoints estratti: 800
[superpoint_node-2] [ERROR] [1768034417.058478648] [superpoint_node]: Errore pubblicazione keypoints 3D: could not assign tuple of length 3 to structure with 4 fields.
[superpoint_node-2] [INFO] [1768034417.154474173] [superpoint_node]: Keypoints estratti: 800
[superpoint_node-2] [ERROR] [1768034417.161126430] [superpoint_node]: Errore pubblicazione keypoints 3D: could not assign tuple of length 3 to structure with 4 fields.
[rtabmap-14] [INFO] [1768034417.202071590] [rtabmap]: rtabmap (1739): Rate=0.50s, Limit=0.001s, Conversion=0.0002s, RTAB-Map=0.0716s, Maps update=0.0061s pub=0.0010s delay=0.1029s (local map=4, WM=5)
[superpoint_node-2] [INFO] [1768034417.256824101] [superpoint_node]: Keypoints estratti: 800
[superpoint_node-2] [ERROR] [1768034417.262512887] [superpoint_node]: Errore pubblicazione keypoints 3D: could not assign tuple of length 3 to structure with 4 fields.
[superpoint_node-2] [INFO] [1768034417.357092531] [superpoint_node]: Keypoints estratti: 800
[superpoint_node-2] [ERROR] [1768034417.363561787] [superpoint_node]: Errore pubblicazione keypoints 3D: could not assign tuple of length 3 to structure with 4 fields.
[superpoint_node-2] [INFO] [1768034417.453850489] [superpoint_node]: Keypoints estratti: 800
[superpoint_node-2] [ERROR] [1768034417.459587868] [superpoint_node]: Errore pubblicazione keypoints 3D: could not assign tuple of length 3 to structure with 4 fields.
[superpoint_node-2] [INFO] [1768034417.553062540] [superpoint_node]: Keypoints estratti: 800
[superpoint_node-2] [ERROR] [1768034417.559473776] [superpoint_node]: Errore pubblicazione keypoints 3D: could not assign tuple of length 3 to structure with 4 fields.
[superpoint_node-2] [INFO] [1768034417.653023616] [superpoint_node]: Keypoints estratti: 800
[superpoint_node-2] [ERROR] [1768034417.659122312] [superpoint_node]: Errore pubblicazione keypoints 3D: could not assign tuple of length 3 to structure with 4 fields.
[rtabmap-14] [INFO] [1768034417.724116183] [rtabmap]: rtabmap (1740): Rate=0.50s, Limit=0.001s, Conversion=0.0006s, RTAB-Map=0.0776s, Maps update=0.0014s pub=0.0011s delay=0.1234s (local map=3, WM=5)
[superpoint_node-2] [INFO] [1768034417.758629533] [superpoint_node]: Keypoints estratti: 800
[superpoint_node-2] [ERROR] [1768034417.764487339] [superpoint_node]: Errore pubblicazione keypoints 3D: could not assign tuple of length 3 to structure with 4 fields.
[superpoint_node-2] [INFO] [1768034417.858351440] [superpoint_node]: Keypoints estratti: 800
[superpoint_node-2] [ERROR] [1768034417.864246505] [superpoint_node]: Errore pubblicazione keypoints 3D: could not assign tuple of length 3 to structure with 4 fields.
[superpoint_node-2] [INFO] [1768034417.956772577] [superpoint_node]: Keypoints estratti: 800
[superpoint_node-2] [ERROR] [1768034417.963020072] [superpoint_node]: Errore pubblicazione keypoints 3D: could not assign tuple of length 3 to structure with 4 fields.
[superpoint_node-2] [INFO] [1768034418.054949713] [superpoint_node]: Keypoints estratti: 800
[superpoint_node-2] [ERROR] [1768034418.060690166] [superpoint_node]: Errore pubblicazione keypoints 3D: could not assign tuple of length 3 to structure with 4 fields.
[superpoint_node-2] [INFO] [1768034418.160019681] [superpoint_node]: Keypoints estratti: 800
[superpoint_node-2] [ERROR] [1768034418.167297276] [superpoint_node]: Errore pubblicazione keypoints 3D: could not assign tuple of length 3 to structure with 4 fields.
[rtabmap-14] [INFO] [1768034418.226215598] [rtabmap]: rtabmap (1741): Rate=0.50s, Limit=0.001s, Conversion=0.0014s, RTAB-Map=0.0722s, Maps update=0.0007s pub=0.0042s delay=0.1229s (local map=4, WM=5)
[superpoint_node-2] [INFO] [1768034418.262752779] [superpoint_node]: Keypoints estratti: 800
[superpoint_node-2] [ERROR] [1768034418.268492566] [superpoint_node]: Errore pubblicazione keypoints 3D: could not assign tuple of length 3 to structure with 4 fields.
[superpoint_node-2] [INFO] [1768034418.361401900] [superpoint_node]: Keypoints estratti: 800
[superpoint_node-2] [ERROR] [1768034418.367112871] [superpoint_node]: Errore pubblicazione keypoints 3D: could not assign tuple of length 3 to structure with 4 fields.
[superpoint_node-2] [INFO] [1768034418.458684343] [superpoint_node]: Keypoints estratti: 800
[superpoint_node-2] [ERROR] [1768034418.464452111] [superpoint_node]: Errore pubblicazione keypoints 3D: could not assign tuple of length 3 to structure with 4 fields.
[superpoint_node-2] [INFO] [1768034418.556892405] [superpoint_node]: Keypoints estratti: 800
[superpoint_node-2] [ERROR] [1768034418.563428105] [superpoint_node]: Errore pubblicazione keypoints 3D: could not assign tuple of length 3 to structure with 4 fields.
[superpoint_node-2] [INFO] [1768034418.657621801] [superpoint_node]: Keypoints estratti: 800
[superpoint_node-2] [ERROR] [1768034418.663671831] [superpoint_node]: Errore pubblicazione keypoints 3D: could not assign tuple of length 3 to structure with 4 fields.
[rtabmap-14] [INFO] [1768034418.726837872] [rtabmap]: rtabmap (1742): Rate=0.50s, Limit=0.001s, Conversion=0.0005s, RTAB-Map=0.0745s, Maps update=0.0021s pub=0.0013s delay=0.1213s (local map=3, WM=5)
[superpoint_node-2] [INFO] [1768034418.759531985] [superpoint_node]: Keypoints estratti: 800
[superpoint_node-2] [ERROR] [1768034418.765170382] [superpoint_node]: Errore pubblicazione keypoints 3D: could not assign tuple of length 3 to structure with 4 fields.
[superpoint_node-2] [INFO] [1768034418.859391542] [superpoint_node]: Keypoints estratti: 800
[superpoint_node-2] [ERROR] [1768034418.865948131] [superpoint_node]: Errore pubblicazione keypoints 3D: could not assign tuple of length 3 to structure with 4 fields.
[superpoint_node-2] [INFO] [1768034418.958877095] [superpoint_node]: Keypoints estratti: 800
[superpoint_node-2] [ERROR] [1768034418.964526047] [superpoint_node]: Errore pubblicazione keypoints 3D: could not assign tuple of length 3 to structure with 4 fields.
[superpoint_node-2] [INFO] [1768034419.056328151] [superpoint_node]: Keypoints estratti: 800
[superpoint_node-2] [ERROR] [1768034419.062176512] [superpoint_node]: Errore pubblicazione keypoints 3D: could not assign tuple of length 3 to structure with 4 fields.
[superpoint_node-2] [INFO] [1768034419.152618512] [superpoint_node]: Keypoints estratti: 800
[superpoint_node-2] [ERROR] [1768034419.158319372] [superpoint_node]: Errore pubblicazione keypoints 3D: could not assign tuple of length 3 to structure with 4 fields.
[rtabmap-14] [INFO] [1768034419.252112139] [rtabmap]: rtabmap (1743): Rate=0.50s, Limit=0.001s, Conversion=0.0004s, RTAB-Map=0.0380s, Maps update=0.0030s pub=0.0012s delay=0.0520s (local map=4, WM=5)
[superpoint_node-2] [INFO] [1768034419.253498632] [superpoint_node]: Keypoints estratti: 800
[superpoint_node-2] [ERROR] [1768034419.259775312] [superpoint_node]: Errore pubblicazione keypoints 3D: could not assign tuple of length 3 to structure with 4 fields.
[superpoint_node-2] [INFO] [1768034419.348600169] [superpoint_node]: Keypoints estratti: 800
[superpoint_node-2] [ERROR] [1768034419.354661347] [superpoint_node]: Errore pubblicazione keypoints 3D: could not assign tuple of length 3 to structure with 4 fields.
[superpoint_node-2] [INFO] [1768034419.445920761] [superpoint_node]: Keypoints estratti: 800
[superpoint_node-2] [ERROR] [1768034419.452314015] [superpoint_node]: Errore pubblicazione keypoints 3D: could not assign tuple of length 3 to structure with 4 fields.
[superpoint_node-2] [INFO] [1768034419.545671316] [superpoint_node]: Keypoints estratti: 800
[superpoint_node-2] [ERROR] [1768034419.552395425] [superpoint_node]: Errore pubblicazione keypoints 3D: could not assign tuple of length 3 to structure with 4 fields.
[superpoint_node-2] [INFO] [1768034419.645708374] [superpoint_node]: Keypoints estratti: 800
[superpoint_node-2] [ERROR] [1768034419.652080203] [superpoint_node]: Errore pubblicazione keypoints 3D: could not assign tuple of length 3 to structure with 4 fields.
[superpoint_node-2] [INFO] [1768034419.744483218] [superpoint_node]: Keypoints estratti: 800
[superpoint_node-2] [ERROR] [1768034419.750778990] [superpoint_node]: Errore pubblicazione keypoints 3D: could not assign tuple of length 3 to structure with 4 fields.
[superpoint_node-2] [INFO] [1768034419.841592678] [superpoint_node]: Keypoints estratti: 800
[superpoint_node-2] [ERROR] [1768034419.850180562] [superpoint_node]: Errore pubblicazione keypoints 3D: could not assign tuple of length 3 to structure with 4 fields.
[rtabmap-14] [INFO] [1768034419.858558073] [rtabmap]: rtabmap (1744): Rate=0.50s, Limit=0.001s, Conversion=0.0002s, RTAB-Map=0.0457s, Maps update=0.0027s pub=0.0011s delay=0.0660s (local map=3, WM=5)
[superpoint_node-2] [INFO] [1768034419.943905402] [superpoint_node]: Keypoints estratti: 800
[superpoint_node-2] [ERROR] [1768034419.949820690] [superpoint_node]: Errore pubblicazione keypoints 3D: could not assign tuple of length 3 to structure with 4 fields.
[superpoint_node-2] [INFO] [1768034420.042064408] [superpoint_node]: Keypoints estratti: 800
[superpoint_node-2] [ERROR] [1768034420.050037787] [superpoint_node]: Errore pubblicazione keypoints 3D: could not assign tuple of length 3 to structure with 4 fields.
[superpoint_node-2] [INFO] [1768034420.143006214] [superpoint_node]: Keypoints estratti: 800
[superpoint_node-2] [ERROR] [1768034420.149105448] [superpoint_node]: Errore pubblicazione keypoints 3D: could not assign tuple of length 3 to structure with 4 fields.
[superpoint_node-2] [INFO] [1768034420.239628319] [superpoint_node]: Keypoints estratti: 800
[superpoint_node-2] [ERROR] [1768034420.245375550] [superpoint_node]: Errore pubblicazione keypoints 3D: could not assign tuple of length 3 to structure with 4 fields.
[superpoint_node-2] [INFO] [1768034420.334004831] [superpoint_node]: Keypoints estratti: 800
[superpoint_node-2] [ERROR] [1768034420.340218270] [superpoint_node]: Errore pubblicazione keypoints 3D: could not assign tuple of length 3 to structure with 4 fields.
[superpoint_node-2] [INFO] [1768034420.438785760] [superpoint_node]: Keypoints estratti: 800
[superpoint_node-2] [ERROR] [1768034420.445232182] [superpoint_node]: Errore pubblicazione keypoints 3D: could not assign tuple of length 3 to structure with 4 fields.
[rtabmap-14] [INFO] [1768034420.486796514] [rtabmap]: rtabmap (1745): Rate=0.50s, Limit=0.001s, Conversion=0.0003s, RTAB-Map=0.0680s, Maps update=0.0004s pub=0.0013s delay=0.1038s (local map=4, WM=5)
[superpoint_node-2] [INFO] [1768034420.544436955] [superpoint_node]: Keypoints estratti: 800
[superpoint_node-2] [ERROR] [1768034420.550985563] [superpoint_node]: Errore pubblicazione keypoints 3D: could not assign tuple of length 3 to structure with 4 fields.
[superpoint_node-2] [INFO] [1768034420.643890749] [superpoint_node]: Keypoints estratti: 800
[superpoint_node-2] [ERROR] [1768034420.649894575] [superpoint_node]: Errore pubblicazione keypoints 3D: could not assign tuple of length 3 to structure with 4 fields.
[superpoint_node-2] [INFO] [1768034420.739230973] [superpoint_node]: Keypoints estratti: 800
[superpoint_node-2] [ERROR] [1768034420.745091279] [superpoint_node]: Errore pubblicazione keypoints 3D: could not assign tuple of length 3 to structure with 4 fields.
[superpoint_node-2] [INFO] [1768034420.834643865] [superpoint_node]: Keypoints estratti: 800
[superpoint_node-2] [ERROR] [1768034420.841149509] [superpoint_node]: Errore pubblicazione keypoints 3D: could not assign tuple of length 3 to structure with 4 fields.
[superpoint_node-2] [INFO] [1768034420.938930160] [superpoint_node]: Keypoints estratti: 800
[superpoint_node-2] [ERROR] [1768034420.944935912] [superpoint_node]: Errore pubblicazione keypoints 3D: could not assign tuple of length 3 to structure with 4 fields.
[rtabmap-14] [INFO] [1768034420.987916718] [rtabmap]: rtabmap (1746): Rate=0.50s, Limit=0.001s, Conversion=0.0003s, RTAB-Map=0.0642s, Maps update=0.0063s pub=0.0045s delay=0.1010s (local map=3, WM=5)
[superpoint_node-2] [INFO] [1768034421.039369628] [superpoint_node]: Keypoints estratti: 800
[superpoint_node-2] [ERROR] [1768034421.045859254] [superpoint_node]: Errore pubblicazione keypoints 3D: could not assign tuple of length 3 to structure with 4 fields.
[superpoint_node-2] [INFO] [1768034421.135950622] [superpoint_node]: Keypoints estratti: 800
[superpoint_node-2] [ERROR] [1768034421.141705334] [superpoint_node]: Errore pubblicazione keypoints 3D: could not assign tuple of length 3 to structure with 4 fields.
[superpoint_node-2] [INFO] [1768034421.227985097] [superpoint_node]: Keypoints estratti: 800
[superpoint_node-2] [ERROR] [1768034421.234068757] [superpoint_node]: Errore pubblicazione keypoints 3D: could not assign tuple of length 3 to structure with 4 fields.
[superpoint_node-2] [INFO] [1768034421.321793809] [superpoint_node]: Keypoints estratti: 800
[superpoint_node-2] [ERROR] [1768034421.327173092] [superpoint_node]: Errore pubblicazione keypoints 3D: could not assign tuple of length 3 to structure with 4 fields.
[superpoint_node-2] [INFO] [1768034421.415897893] [superpoint_node]: Keypoints estratti: 800
[superpoint_node-2] [ERROR] [1768034421.421427567] [superpoint_node]: Errore pubblicazione keypoints 3D: could not assign tuple of length 3 to structure with 4 fields.
[superpoint_node-2] [INFO] [1768034421.517138220] [superpoint_node]: Keypoints estratti: 800
[superpoint_node-2] [ERROR] [1768034421.523493919] [superpoint_node]: Errore pubblicazione keypoints 3D: could not assign tuple of length 3 to structure with 4 fields.
[rtabmap-14] [INFO] [1768034421.555979641] [rtabmap]: rtabmap (1747): Rate=0.50s, Limit=0.001s, Conversion=0.0002s, RTAB-Map=0.0361s, Maps update=0.0003s pub=0.0008s delay=0.0864s (local map=4, WM=5)
[superpoint_node-2] [INFO] [1768034421.618578845] [superpoint_node]: Keypoints estratti: 800
[superpoint_node-2] [ERROR] [1768034421.624840913] [superpoint_node]: Errore pubblicazione keypoints 3D: could not assign tuple of length 3 to structure with 4 fields.
[superpoint_node-2] [INFO] [1768034421.719419650] [superpoint_node]: Keypoints estratti: 800
[superpoint_node-2] [ERROR] [1768034421.724958323] [superpoint_node]: Errore pubblicazione keypoints 3D: could not assign tuple of length 3 to structure with 4 fields.
[superpoint_node-2] [INFO] [1768034421.819491522] [superpoint_node]: Keypoints estratti: 800
[superpoint_node-2] [ERROR] [1768034421.825053271] [superpoint_node]: Errore pubblicazione keypoints 3D: could not assign tuple of length 3 to structure with 4 fields.
[superpoint_node-2] [INFO] [1768034421.916897800] [superpoint_node]: Keypoints estratti: 800
[superpoint_node-2] [ERROR] [1768034421.922348066] [superpoint_node]: Errore pubblicazione keypoints 3D: could not assign tuple of length 3 to structure with 4 fields.
[superpoint_node-2] [INFO] [1768034422.015634051] [superpoint_node]: Keypoints estratti: 800
[superpoint_node-2] [ERROR] [1768034422.021364078] [superpoint_node]: Errore pubblicazione keypoints 3D: could not assign tuple of length 3 to structure with 4 fields.
[rtabmap-14] [INFO] [1768034422.096389788] [rtabmap]: rtabmap (1748): Rate=0.50s, Limit=0.001s, Conversion=0.0006s, RTAB-Map=0.0796s, Maps update=0.0005s pub=0.0010s delay=0.1268s (local map=3, WM=5)
[superpoint_node-2] [INFO] [1768034422.119582214] [superpoint_node]: Keypoints estratti: 800
[superpoint_node-2] [ERROR] [1768034422.125094462] [superpoint_node]: Errore pubblicazione keypoints 3D: could not assign tuple of length 3 to structure with 4 fields.
[superpoint_node-2] [INFO] [1768034422.218520356] [superpoint_node]: Keypoints estratti: 800
[superpoint_node-2] [ERROR] [1768034422.223964770] [superpoint_node]: Errore pubblicazione keypoints 3D: could not assign tuple of length 3 to structure with 4 fields.
[superpoint_node-2] [INFO] [1768034422.319129826] [superpoint_node]: Keypoints estratti: 800
[superpoint_node-2] [ERROR] [1768034422.324565313] [superpoint_node]: Errore pubblicazione keypoints 3D: could not assign tuple of length 3 to structure with 4 fields.
[superpoint_node-2] [INFO] [1768034422.418770010] [superpoint_node]: Keypoints estratti: 800
[superpoint_node-2] [ERROR] [1768034422.424202350] [superpoint_node]: Errore pubblicazione keypoints 3D: could not assign tuple of length 3 to structure with 4 fields.
[superpoint_node-2] [INFO] [1768034422.518147674] [superpoint_node]: Keypoints estratti: 800
[superpoint_node-2] [ERROR] [1768034422.523738626] [superpoint_node]: Errore pubblicazione keypoints 3D: could not assign tuple of length 3 to structure with 4 fields.
[superpoint_node-2] [INFO] [1768034422.621732908] [superpoint_node]: Keypoints estratti: 800
[superpoint_node-2] [ERROR] [1768034422.627469046] [superpoint_node]: Errore pubblicazione keypoints 3D: could not assign tuple of length 3 to structure with 4 fields.
[rtabmap-14] [INFO] [1768034422.653659163] [rtabmap]: rtabmap (1749): Rate=0.50s, Limit=0.001s, Conversion=0.0011s, RTAB-Map=0.0673s, Maps update=0.0005s pub=0.0010s delay=0.0842s (local map=4, WM=5)
[superpoint_node-2] [INFO] [1768034422.720122693] [superpoint_node]: Keypoints estratti: 800
[superpoint_node-2] [ERROR] [1768034422.725911369] [superpoint_node]: Errore pubblicazione keypoints 3D: could not assign tuple of length 3 to structure with 4 fields.
[superpoint_node-2] [INFO] [1768034422.820023750] [superpoint_node]: Keypoints estratti: 800
[superpoint_node-2] [ERROR] [1768034422.826221985] [superpoint_node]: Errore pubblicazione keypoints 3D: could not assign tuple of length 3 to structure with 4 fields.
[superpoint_node-2] [INFO] [1768034422.918294979] [superpoint_node]: Keypoints estratti: 800
[superpoint_node-2] [ERROR] [1768034422.923868283] [superpoint_node]: Errore pubblicazione keypoints 3D: could not assign tuple of length 3 to structure with 4 fields.
[superpoint_node-2] [INFO] [1768034423.016242594] [superpoint_node]: Keypoints estratti: 800
[superpoint_node-2] [ERROR] [1768034423.021815768] [superpoint_node]: Errore pubblicazione keypoints 3D: could not assign tuple of length 3 to structure with 4 fields.
[superpoint_node-2] [INFO] [1768034423.121049042] [superpoint_node]: Keypoints estratti: 800
[superpoint_node-2] [ERROR] [1768034423.127224369] [superpoint_node]: Errore pubblicazione keypoints 3D: could not assign tuple of length 3 to structure with 4 fields.
[rtabmap-14] [INFO] [1768034423.194433609] [rtabmap]: rtabmap (1750): Rate=0.50s, Limit=0.001s, Conversion=0.0005s, RTAB-Map=0.0770s, Maps update=0.0022s pub=0.0011s delay=0.1250s (local map=3, WM=5)
[superpoint_node-2] [INFO] [1768034423.222447277] [superpoint_node]: Keypoints estratti: 800
[superpoint_node-2] [ERROR] [1768034423.227930247] [superpoint_node]: Errore pubblicazione keypoints 3D: could not assign tuple of length 3 to structure with 4 fields.
[superpoint_node-2] [INFO] [1768034423.321582272] [superpoint_node]: Keypoints estratti: 800
[superpoint_node-2] [ERROR] [1768034423.326980630] [superpoint_node]: Errore pubblicazione keypoints 3D: could not assign tuple of length 3 to structure with 4 fields.
[superpoint_node-2] [INFO] [1768034423.419078532] [superpoint_node]: Keypoints estratti: 800
[superpoint_node-2] [ERROR] [1768034423.424673058] [superpoint_node]: Errore pubblicazione keypoints 3D: could not assign tuple of length 3 to structure with 4 fields.
[superpoint_node-2] [INFO] [1768034423.517832543] [superpoint_node]: Keypoints estratti: 800
[superpoint_node-2] [ERROR] [1768034423.523466180] [superpoint_node]: Errore pubblicazione keypoints 3D: could not assign tuple of length 3 to structure with 4 fields.
[superpoint_node-2] [INFO] [1768034423.618495439] [superpoint_node]: Keypoints estratti: 800
[superpoint_node-2] [ERROR] [1768034423.623844778] [superpoint_node]: Errore pubblicazione keypoints 3D: could not assign tuple of length 3 to structure with 4 fields.
[superpoint_node-2] [INFO] [1768034423.717693268] [superpoint_node]: Keypoints estratti: 800
[superpoint_node-2] [ERROR] [1768034423.723551759] [superpoint_node]: Errore pubblicazione keypoints 3D: could not assign tuple of length 3 to structure with 4 fields.
[rtabmap-14] [INFO] [1768034423.753458924] [rtabmap]: rtabmap (1751): Rate=0.50s, Limit=0.001s, Conversion=0.0005s, RTAB-Map=0.0372s, Maps update=0.0012s pub=0.0009s delay=0.0840s (local map=4, WM=5)
[superpoint_node-2] [INFO] [1768034423.819071984] [superpoint_node]: Keypoints estratti: 800
[superpoint_node-2] [ERROR] [1768034423.825210441] [superpoint_node]: Errore pubblicazione keypoints 3D: could not assign tuple of length 3 to structure with 4 fields.
[superpoint_node-2] [INFO] [1768034423.918661279] [superpoint_node]: Keypoints estratti: 800
[superpoint_node-2] [ERROR] [1768034423.924421103] [superpoint_node]: Errore pubblicazione keypoints 3D: could not assign tuple of length 3 to structure with 4 fields.
[superpoint_node-2] [INFO] [1768034424.018153462] [superpoint_node]: Keypoints estratti: 800
[superpoint_node-2] [ERROR] [1768034424.024251141] [superpoint_node]: Errore pubblicazione keypoints 3D: could not assign tuple of length 3 to structure with 4 fields.
[superpoint_node-2] [INFO] [1768034424.118265743] [superpoint_node]: Keypoints estratti: 800
[superpoint_node-2] [ERROR] [1768034424.123748991] [superpoint_node]: Errore pubblicazione keypoints 3D: could not assign tuple of length 3 to structure with 4 fields.
[superpoint_node-2] [INFO] [1768034424.251970588] [superpoint_node]: Keypoints estratti: 800
[superpoint_node-2] [ERROR] [1768034424.257734116] [superpoint_node]: Errore pubblicazione keypoints 3D: could not assign tuple of length 3 to structure with 4 fields.
[rtabmap-14] [INFO] [1768034424.317401611] [rtabmap]: rtabmap (1752): Rate=0.50s, Limit=0.001s, Conversion=0.0006s, RTAB-Map=0.0613s, Maps update=0.0028s pub=0.0030s delay=0.1156s (local map=3, WM=5)
[superpoint_node-2] [INFO] [1768034424.355586082] [superpoint_node]: Keypoints estratti: 800
[superpoint_node-2] [ERROR] [1768034424.361488092] [superpoint_node]: Errore pubblicazione keypoints 3D: could not assign tuple of length 3 to structure with 4 fields.
[superpoint_node-2] [INFO] [1768034424.450120337] [superpoint_node]: Keypoints estratti: 800
[superpoint_node-2] [ERROR] [1768034424.455822864] [superpoint_node]: Errore pubblicazione keypoints 3D: could not assign tuple of length 3 to structure with 4 fields.
[superpoint_node-2] [INFO] [1768034424.544277125] [superpoint_node]: Keypoints estratti: 800
[superpoint_node-2] [ERROR] [1768034424.550322637] [superpoint_node]: Errore pubblicazione keypoints 3D: could not assign tuple of length 3 to structure with 4 fields.
[superpoint_node-2] [INFO] [1768034424.640698488] [superpoint_node]: Keypoints estratti: 800
[superpoint_node-2] [ERROR] [1768034424.646111438] [superpoint_node]: Errore pubblicazione keypoints 3D: could not assign tuple of length 3 to structure with 4 fields.
[superpoint_node-2] [INFO] [1768034424.734109659] [superpoint_node]: Keypoints estratti: 800
[superpoint_node-2] [ERROR] [1768034424.741099919] [superpoint_node]: Errore pubblicazione keypoints 3D: could not assign tuple of length 3 to structure with 4 fields.
[superpoint_node-2] [INFO] [1768034424.828616562] [superpoint_node]: Keypoints estratti: 800
[superpoint_node-2] [ERROR] [1768034424.835889601] [superpoint_node]: Errore pubblicazione keypoints 3D: could not assign tuple of length 3 to structure with 4 fields.
[rtabmap-14] [INFO] [1768034424.895360965] [rtabmap]: rtabmap (1753): Rate=0.50s, Limit=0.001s, Conversion=0.0005s, RTAB-Map=0.0675s, Maps update=0.0068s pub=0.0039s delay=0.1135s (local map=4, WM=5)
[superpoint_node-2] [INFO] [1768034424.931256900] [superpoint_node]: Keypoints estratti: 800
[superpoint_node-2] [ERROR] [1768034424.936717980] [superpoint_node]: Errore pubblicazione keypoints 3D: could not assign tuple of length 3 to structure with 4 fields.
[superpoint_node-2] [INFO] [1768034425.027300407] [superpoint_node]: Keypoints estratti: 800
[superpoint_node-2] [ERROR] [1768034425.033230547] [superpoint_node]: Errore pubblicazione keypoints 3D: could not assign tuple of length 3 to structure with 4 fields.
[superpoint_node-2] [INFO] [1768034425.121286731] [superpoint_node]: Keypoints estratti: 800
[superpoint_node-2] [ERROR] [1768034425.127289650] [superpoint_node]: Errore pubblicazione keypoints 3D: could not assign tuple of length 3 to structure with 4 fields.
[superpoint_node-2] [INFO] [1768034425.218467711] [superpoint_node]: Keypoints estratti: 800
[superpoint_node-2] [ERROR] [1768034425.223990070] [superpoint_node]: Errore pubblicazione keypoints 3D: could not assign tuple of length 3 to structure with 4 fields.
[superpoint_node-2] [INFO] [1768034425.314974796] [superpoint_node]: Keypoints estratti: 800
[superpoint_node-2] [ERROR] [1768034425.320753768] [superpoint_node]: Errore pubblicazione keypoints 3D: could not assign tuple of length 3 to structure with 4 fields.
[superpoint_node-2] [INFO] [1768034425.419159165] [superpoint_node]: Keypoints estratti: 800
[superpoint_node-2] [ERROR] [1768034425.424907044] [superpoint_node]: Errore pubblicazione keypoints 3D: could not assign tuple of length 3 to structure with 4 fields.
[rtabmap-14] [INFO] [1768034425.485032728] [rtabmap]: rtabmap (1754): Rate=0.50s, Limit=0.001s, Conversion=0.0003s, RTAB-Map=0.0665s, Maps update=0.0007s pub=0.0085s delay=0.1155s (local map=3, WM=5)
[superpoint_node-2] [INFO] [1768034425.518983999] [superpoint_node]: Keypoints estratti: 800
[superpoint_node-2] [ERROR] [1768034425.524507284] [superpoint_node]: Errore pubblicazione keypoints 3D: could not assign tuple of length 3 to structure with 4 fields.
[superpoint_node-2] [INFO] [1768034425.618744795] [superpoint_node]: Keypoints estratti: 800
[superpoint_node-2] [ERROR] [1768034425.624499804] [superpoint_node]: Errore pubblicazione keypoints 3D: could not assign tuple of length 3 to structure with 4 fields.
[superpoint_node-2] [INFO] [1768034425.722391086] [superpoint_node]: Keypoints estratti: 800
[superpoint_node-2] [ERROR] [1768034425.728037853] [superpoint_node]: Errore pubblicazione keypoints 3D: could not assign tuple of length 3 to structure with 4 fields.
[superpoint_node-2] [INFO] [1768034425.820801390] [superpoint_node]: Keypoints estratti: 800
[superpoint_node-2] [ERROR] [1768034425.826811123] [superpoint_node]: Errore pubblicazione keypoints 3D: could not assign tuple of length 3 to structure with 4 fields.
[superpoint_node-2] [INFO] [1768034425.916598210] [superpoint_node]: Keypoints estratti: 800
[superpoint_node-2] [ERROR] [1768034425.922239162] [superpoint_node]: Errore pubblicazione keypoints 3D: could not assign tuple of length 3 to structure with 4 fields.
[superpoint_node-2] [INFO] [1768034426.016577378] [superpoint_node]: Keypoints estratti: 800
[superpoint_node-2] [ERROR] [1768034426.022308165] [superpoint_node]: Errore pubblicazione keypoints 3D: could not assign tuple of length 3 to structure with 4 fields.
[rtabmap-14] [INFO] [1768034426.089537239] [rtabmap]: rtabmap (1755): Rate=0.50s, Limit=0.001s, Conversion=0.0003s, RTAB-Map=0.0696s, Maps update=0.0021s pub=0.0013s delay=0.1198s (local map=4, WM=5)
[superpoint_node-2] [INFO] [1768034426.120152076] [superpoint_node]: Keypoints estratti: 800
[superpoint_node-2] [ERROR] [1768034426.125731916] [superpoint_node]: Errore pubblicazione keypoints 3D: could not assign tuple of length 3 to structure with 4 fields.
[superpoint_node-2] [INFO] [1768034426.219099940] [superpoint_node]: Keypoints estratti: 800
[superpoint_node-2] [ERROR] [1768034426.224402649] [superpoint_node]: Errore pubblicazione keypoints 3D: could not assign tuple of length 3 to structure with 4 fields.
[superpoint_node-2] [INFO] [1768034426.319601520] [superpoint_node]: Keypoints estratti: 800
[superpoint_node-2] [ERROR] [1768034426.324875321] [superpoint_node]: Errore pubblicazione keypoints 3D: could not assign tuple of length 3 to structure with 4 fields.
[superpoint_node-2] [INFO] [1768034426.419648115] [superpoint_node]: Keypoints estratti: 800
[superpoint_node-2] [ERROR] [1768034426.425217529] [superpoint_node]: Errore pubblicazione keypoints 3D: could not assign tuple of length 3 to structure with 4 fields.
[superpoint_node-2] [INFO] [1768034426.516187367] [superpoint_node]: Keypoints estratti: 800
[superpoint_node-2] [ERROR] [1768034426.521672170] [superpoint_node]: Errore pubblicazione keypoints 3D: could not assign tuple of length 3 to structure with 4 fields.
[superpoint_node-2] [INFO] [1768034426.621216687] [superpoint_node]: Keypoints estratti: 800
[superpoint_node-2] [ERROR] [1768034426.627191105] [superpoint_node]: Errore pubblicazione keypoints 3D: could not assign tuple of length 3 to structure with 4 fields.
[rtabmap-14] [INFO] [1768034426.693482412] [rtabmap]: rtabmap (1756): Rate=0.50s, Limit=0.001s, Conversion=0.0002s, RTAB-Map=0.0719s, Maps update=0.0056s pub=0.0010s delay=0.1239s (local map=3, WM=5)
[superpoint_node-2] [INFO] [1768034426.741911502] [superpoint_node]: Keypoints estratti: 800
[superpoint_node-2] [ERROR] [1768034426.748173033] [superpoint_node]: Errore pubblicazione keypoints 3D: could not assign tuple of length 3 to structure with 4 fields.
[superpoint_node-2] [INFO] [1768034426.841769281] [superpoint_node]: Keypoints estratti: 800
[superpoint_node-2] [ERROR] [1768034426.848497631] [superpoint_node]: Errore pubblicazione keypoints 3D: could not assign tuple of length 3 to structure with 4 fields.
[superpoint_node-2] [INFO] [1768034426.936668372] [superpoint_node]: Keypoints estratti: 800
[superpoint_node-2] [ERROR] [1768034426.943086367] [superpoint_node]: Errore pubblicazione keypoints 3D: could not assign tuple of length 3 to structure with 4 fields.
[superpoint_node-2] [INFO] [1768034427.030660844] [superpoint_node]: Keypoints estratti: 800
[superpoint_node-2] [ERROR] [1768034427.036522595] [superpoint_node]: Errore pubblicazione keypoints 3D: could not assign tuple of length 3 to structure with 4 fields.
[superpoint_node-2] [INFO] [1768034427.129694653] [superpoint_node]: Keypoints estratti: 800
[superpoint_node-2] [ERROR] [1768034427.141165893] [superpoint_node]: Errore pubblicazione keypoints 3D: could not assign tuple of length 3 to structure with 4 fields.
[rtabmap-14] [INFO] [1768034427.185059262] [rtabmap]: rtabmap (1757): Rate=0.50s, Limit=0.001s, Conversion=0.0002s, RTAB-Map=0.0710s, Maps update=0.0003s pub=0.0026s delay=0.1071s (local map=4, WM=5)
[superpoint_node-2] [INFO] [1768034427.236260430] [superpoint_node]: Keypoints estratti: 800
[superpoint_node-2] [ERROR] [1768034427.242944780] [superpoint_node]: Errore pubblicazione keypoints 3D: could not assign tuple of length 3 to structure with 4 fields.
[superpoint_node-2] [INFO] [1768034427.331295337] [superpoint_node]: Keypoints estratti: 800
[superpoint_node-2] [ERROR] [1768034427.336796307] [superpoint_node]: Errore pubblicazione keypoints 3D: could not assign tuple of length 3 to structure with 4 fields.
[superpoint_node-2] [INFO] [1768034427.431183171] [superpoint_node]: Keypoints estratti: 800
[superpoint_node-2] [ERROR] [1768034427.436879143] [superpoint_node]: Errore pubblicazione keypoints 3D: could not assign tuple of length 3 to structure with 4 fields.
[superpoint_node-2] [INFO] [1768034427.564952220] [superpoint_node]: Keypoints estratti: 800
[superpoint_node-2] [ERROR] [1768034427.571421976] [superpoint_node]: Errore pubblicazione keypoints 3D: could not assign tuple of length 3 to structure with 4 fields.
[superpoint_node-2] [INFO] [1768034427.669672593] [superpoint_node]: Keypoints estratti: 800
[superpoint_node-2] [ERROR] [1768034427.676442314] [superpoint_node]: Errore pubblicazione keypoints 3D: could not assign tuple of length 3 to structure with 4 fields.
[rtabmap-14] [INFO] [1768034427.713700593] [rtabmap]: rtabmap (1758): Rate=0.50s, Limit=0.001s, Conversion=0.0003s, RTAB-Map=0.0593s, Maps update=0.0009s pub=0.0021s delay=0.1001s (local map=3, WM=5)
[superpoint_node-2] [INFO] [1768034427.769151536] [superpoint_node]: Keypoints estratti: 800
[superpoint_node-2] [ERROR] [1768034427.775209380] [superpoint_node]: Errore pubblicazione keypoints 3D: could not assign tuple of length 3 to structure with 4 fields.
[superpoint_node-2] [INFO] [1768034427.868004417] [superpoint_node]: Keypoints estratti: 800
[superpoint_node-2] [ERROR] [1768034427.874429524] [superpoint_node]: Errore pubblicazione keypoints 3D: could not assign tuple of length 3 to structure with 4 fields.
[superpoint_node-2] [INFO] [1768034427.965683049] [superpoint_node]: Keypoints estratti: 800
[superpoint_node-2] [ERROR] [1768034427.971442354] [superpoint_node]: Errore pubblicazione keypoints 3D: could not assign tuple of length 3 to structure with 4 fields.
[superpoint_node-2] [INFO] [1768034428.064282633] [superpoint_node]: Keypoints estratti: 800
[superpoint_node-2] [ERROR] [1768034428.070028382] [superpoint_node]: Errore pubblicazione keypoints 3D: could not assign tuple of length 3 to structure with 4 fields.
[superpoint_node-2] [INFO] [1768034428.162807604] [superpoint_node]: Keypoints estratti: 800
[superpoint_node-2] [ERROR] [1768034428.168618502] [superpoint_node]: Errore pubblicazione keypoints 3D: could not assign tuple of length 3 to structure with 4 fields.
[superpoint_node-2] [INFO] [1768034428.266604951] [superpoint_node]: Keypoints estratti: 800
[superpoint_node-2] [ERROR] [1768034428.272755445] [superpoint_node]: Errore pubblicazione keypoints 3D: could not assign tuple of length 3 to structure with 4 fields.
[rtabmap-14] [INFO] [1768034428.288829610] [rtabmap]: rtabmap (1759): Rate=0.50s, Limit=0.001s, Conversion=0.0018s, RTAB-Map=0.0374s, Maps update=0.0014s pub=0.0012s delay=0.0784s (local map=4, WM=5)
[superpoint_node-2] [INFO] [1768034428.364805828] [superpoint_node]: Keypoints estratti: 800
[superpoint_node-2] [ERROR] [1768034428.370664356] [superpoint_node]: Errore pubblicazione keypoints 3D: could not assign tuple of length 3 to structure with 4 fields.
[superpoint_node-2] [INFO] [1768034428.464796126] [superpoint_node]: Keypoints estratti: 800
[superpoint_node-2] [ERROR] [1768034428.470450486] [superpoint_node]: Errore pubblicazione keypoints 3D: could not assign tuple of length 3 to structure with 4 fields.
[superpoint_node-2] [INFO] [1768034428.563507451] [superpoint_node]: Keypoints estratti: 800
[superpoint_node-2] [ERROR] [1768034428.569055699] [superpoint_node]: Errore pubblicazione keypoints 3D: could not assign tuple of length 3 to structure with 4 fields.
[superpoint_node-2] [INFO] [1768034428.666817035] [superpoint_node]: Keypoints estratti: 800
[superpoint_node-2] [ERROR] [1768034428.673291772] [superpoint_node]: Errore pubblicazione keypoints 3D: could not assign tuple of length 3 to structure with 4 fields.
[superpoint_node-2] [INFO] [1768034428.764846058] [superpoint_node]: Keypoints estratti: 800
[superpoint_node-2] [ERROR] [1768034428.770485900] [superpoint_node]: Errore pubblicazione keypoints 3D: could not assign tuple of length 3 to structure with 4 fields.
[rtabmap-14] [INFO] [1768034428.852150644] [rtabmap]: rtabmap (1760): Rate=0.50s, Limit=0.001s, Conversion=0.0002s, RTAB-Map=0.0651s, Maps update=0.0040s pub=0.0017s delay=0.1376s (local map=3, WM=5)
[superpoint_node-2] [INFO] [1768034428.869183558] [superpoint_node]: Keypoints estratti: 800
[superpoint_node-2] [ERROR] [1768034428.875648480] [superpoint_node]: Errore pubblicazione keypoints 3D: could not assign tuple of length 3 to structure with 4 fields.
[superpoint_node-2] [INFO] [1768034428.968408813] [superpoint_node]: Keypoints estratti: 800
[superpoint_node-2] [ERROR] [1768034428.975111404] [superpoint_node]: Errore pubblicazione keypoints 3D: could not assign tuple of length 3 to structure with 4 fields.
[superpoint_node-2] [INFO] [1768034429.066529633] [superpoint_node]: Keypoints estratti: 800
[superpoint_node-2] [ERROR] [1768034429.072162567] [superpoint_node]: Errore pubblicazione keypoints 3D: could not assign tuple of length 3 to structure with 4 fields.
[superpoint_node-2] [INFO] [1768034429.166419135] [superpoint_node]: Keypoints estratti: 800
[superpoint_node-2] [ERROR] [1768034429.172159310] [superpoint_node]: Errore pubblicazione keypoints 3D: could not assign tuple of length 3 to structure with 4 fields.
[superpoint_node-2] [INFO] [1768034429.265297887] [superpoint_node]: Keypoints estratti: 800
[superpoint_node-2] [ERROR] [1768034429.271891458] [superpoint_node]: Errore pubblicazione keypoints 3D: could not assign tuple of length 3 to structure with 4 fields.
[superpoint_node-2] [INFO] [1768034429.364023712] [superpoint_node]: Keypoints estratti: 800
[superpoint_node-2] [ERROR] [1768034429.369804314] [superpoint_node]: Errore pubblicazione keypoints 3D: could not assign tuple of length 3 to structure with 4 fields.
[rtabmap-14] [INFO] [1768034429.446266702] [rtabmap]: rtabmap (1761): Rate=0.50s, Limit=0.001s, Conversion=0.0002s, RTAB-Map=0.0676s, Maps update=0.0014s pub=0.0015s delay=0.1316s (local map=4, WM=5)
[superpoint_node-2] [INFO] [1768034429.468366452] [superpoint_node]: Keypoints estratti: 800
[superpoint_node-2] [ERROR] [1768034429.474696355] [superpoint_node]: Errore pubblicazione keypoints 3D: could not assign tuple of length 3 to structure with 4 fields.
[superpoint_node-2] [INFO] [1768034429.567834543] [superpoint_node]: Keypoints estratti: 800
[superpoint_node-2] [ERROR] [1768034429.574436688] [superpoint_node]: Errore pubblicazione keypoints 3D: could not assign tuple of length 3 to structure with 4 fields.
[superpoint_node-2] [INFO] [1768034429.666774481] [superpoint_node]: Keypoints estratti: 800
[superpoint_node-2] [ERROR] [1768034429.672417822] [superpoint_node]: Errore pubblicazione keypoints 3D: could not assign tuple of length 3 to structure with 4 fields.
[superpoint_node-2] [INFO] [1768034429.763893349] [superpoint_node]: Keypoints estratti: 800
[superpoint_node-2] [ERROR] [1768034429.769755636] [superpoint_node]: Errore pubblicazione keypoints 3D: could not assign tuple of length 3 to structure with 4 fields.
[superpoint_node-2] [INFO] [1768034429.862968566] [superpoint_node]: Keypoints estratti: 800
[superpoint_node-2] [ERROR] [1768034429.868763927] [superpoint_node]: Errore pubblicazione keypoints 3D: could not assign tuple of length 3 to structure with 4 fields.
[superpoint_node-2] [INFO] [1768034429.962663565] [superpoint_node]: Keypoints estratti: 800
[superpoint_node-2] [ERROR] [1768034429.968802466] [superpoint_node]: Errore pubblicazione keypoints 3D: could not assign tuple of length 3 to structure with 4 fields.
[rtabmap-14] [INFO] [1768034430.039968312] [rtabmap]: rtabmap (1762): Rate=0.50s, Limit=0.001s, Conversion=0.0002s, RTAB-Map=0.0597s, Maps update=0.0024s pub=0.0016s delay=0.1286s (local map=3, WM=5)
[superpoint_node-2] [INFO] [1768034430.064500637] [superpoint_node]: Keypoints estratti: 800
[superpoint_node-2] [ERROR] [1768034430.070259239] [superpoint_node]: Errore pubblicazione keypoints 3D: could not assign tuple of length 3 to structure with 4 fields.
[superpoint_node-2] [INFO] [1768034430.163574039] [superpoint_node]: Keypoints estratti: 800
[superpoint_node-2] [ERROR] [1768034430.169284641] [superpoint_node]: Errore pubblicazione keypoints 3D: could not assign tuple of length 3 to structure with 4 fields.
[superpoint_node-2] [INFO] [1768034430.263887970] [superpoint_node]: Keypoints estratti: 800
[superpoint_node-2] [ERROR] [1768034430.269555385] [superpoint_node]: Errore pubblicazione keypoints 3D: could not assign tuple of length 3 to structure with 4 fields.
[superpoint_node-2] [INFO] [1768034430.361129172] [superpoint_node]: Keypoints estratti: 800
[superpoint_node-2] [ERROR] [1768034430.366613105] [superpoint_node]: Errore pubblicazione keypoints 3D: could not assign tuple of length 3 to structure with 4 fields.
[superpoint_node-2] [INFO] [1768034430.458883619] [superpoint_node]: Keypoints estratti: 800
[superpoint_node-2] [ERROR] [1768034430.464933149] [superpoint_node]: Errore pubblicazione keypoints 3D: could not assign tuple of length 3 to structure with 4 fields.
[superpoint_node-2] [INFO] [1768034430.558874640] [superpoint_node]: Keypoints estratti: 800
[superpoint_node-2] [ERROR] [1768034430.565343525] [superpoint_node]: Errore pubblicazione keypoints 3D: could not assign tuple of length 3 to structure with 4 fields.
[rtabmap-14] [INFO] [1768034430.585475945] [rtabmap]: rtabmap (1763): Rate=0.50s, Limit=0.001s, Conversion=0.0005s, RTAB-Map=0.0337s, Maps update=0.0018s pub=0.0009s delay=0.0788s (local map=4, WM=5)
[superpoint_node-2] [INFO] [1768034430.660409154] [superpoint_node]: Keypoints estratti: 800
[superpoint_node-2] [ERROR] [1768034430.667184949] [superpoint_node]: Errore pubblicazione keypoints 3D: could not assign tuple of length 3 to structure with 4 fields.
[superpoint_node-2] [INFO] [1768034430.793901053] [superpoint_node]: Keypoints estratti: 800
[superpoint_node-2] [ERROR] [1768034430.799673877] [superpoint_node]: Errore pubblicazione keypoints 3D: could not assign tuple of length 3 to structure with 4 fields.
[superpoint_node-2] [INFO] [1768034430.892036799] [superpoint_node]: Keypoints estratti: 800
[superpoint_node-2] [ERROR] [1768034430.897743160] [superpoint_node]: Errore pubblicazione keypoints 3D: could not assign tuple of length 3 to structure with 4 fields.
[superpoint_node-2] [INFO] [1768034430.993842075] [superpoint_node]: Keypoints estratti: 800
[superpoint_node-2] [ERROR] [1768034430.999700844] [superpoint_node]: Errore pubblicazione keypoints 3D: could not assign tuple of length 3 to structure with 4 fields.
[superpoint_node-2] [INFO] [1768034431.091658300] [superpoint_node]: Keypoints estratti: 800
[superpoint_node-2] [ERROR] [1768034431.097797997] [superpoint_node]: Errore pubblicazione keypoints 3D: could not assign tuple of length 3 to structure with 4 fields.
[rtabmap-14] [INFO] [1768034431.163848488] [rtabmap]: rtabmap (1764): Rate=0.50s, Limit=0.001s, Conversion=0.0006s, RTAB-Map=0.0718s, Maps update=0.0046s pub=0.0013s delay=0.1217s (local map=3, WM=5)
[superpoint_node-2] [INFO] [1768034431.194417695] [superpoint_node]: Keypoints estratti: 800
[superpoint_node-2] [ERROR] [1768034431.200239352] [superpoint_node]: Errore pubblicazione keypoints 3D: could not assign tuple of length 3 to structure with 4 fields.
[superpoint_node-2] [INFO] [1768034431.294130880] [superpoint_node]: Keypoints estratti: 800
[superpoint_node-2] [ERROR] [1768034431.300498264] [superpoint_node]: Errore pubblicazione keypoints 3D: could not assign tuple of length 3 to structure with 4 fields.
[superpoint_node-2] [INFO] [1768034431.390998468] [superpoint_node]: Keypoints estratti: 800
[superpoint_node-2] [ERROR] [1768034431.397709077] [superpoint_node]: Errore pubblicazione keypoints 3D: could not assign tuple of length 3 to structure with 4 fields.
[superpoint_node-2] [INFO] [1768034431.492195405] [superpoint_node]: Keypoints estratti: 800
[superpoint_node-2] [ERROR] [1768034431.498706809] [superpoint_node]: Errore pubblicazione keypoints 3D: could not assign tuple of length 3 to structure with 4 fields.
[superpoint_node-2] [INFO] [1768034431.593949495] [superpoint_node]: Keypoints estratti: 800
[superpoint_node-2] [ERROR] [1768034431.599825746] [superpoint_node]: Errore pubblicazione keypoints 3D: could not assign tuple of length 3 to structure with 4 fields.
[rtabmap-14] [INFO] [1768034431.673137572] [rtabmap]: rtabmap (1765): Rate=0.50s, Limit=0.001s, Conversion=0.0002s, RTAB-Map=0.0614s, Maps update=0.0010s pub=0.0012s delay=0.1292s (local map=4, WM=5)
[superpoint_node-2] [INFO] [1768034431.694913505] [superpoint_node]: Keypoints estratti: 800
[superpoint_node-2] [ERROR] [1768034431.701041221] [superpoint_node]: Errore pubblicazione keypoints 3D: could not assign tuple of length 3 to structure with 4 fields.
[superpoint_node-2] [INFO] [1768034431.795481197] [superpoint_node]: Keypoints estratti: 800
[superpoint_node-2] [ERROR] [1768034431.801126390] [superpoint_node]: Errore pubblicazione keypoints 3D: could not assign tuple of length 3 to structure with 4 fields.
[superpoint_node-2] [INFO] [1768034431.893308719] [superpoint_node]: Keypoints estratti: 800
[superpoint_node-2] [ERROR] [1768034431.899270192] [superpoint_node]: Errore pubblicazione keypoints 3D: could not assign tuple of length 3 to structure with 4 fields.
[superpoint_node-2] [INFO] [1768034431.991545503] [superpoint_node]: Keypoints estratti: 800
[superpoint_node-2] [ERROR] [1768034431.997441161] [superpoint_node]: Errore pubblicazione keypoints 3D: could not assign tuple of length 3 to structure with 4 fields.
[superpoint_node-2] [INFO] [1768034432.090028863] [superpoint_node]: Keypoints estratti: 800
[superpoint_node-2] [ERROR] [1768034432.095667612] [superpoint_node]: Errore pubblicazione keypoints 3D: could not assign tuple of length 3 to structure with 4 fields.
[superpoint_node-2] [INFO] [1768034432.191221615] [superpoint_node]: Keypoints estratti: 800
[superpoint_node-2] [ERROR] [1768034432.197317849] [superpoint_node]: Errore pubblicazione keypoints 3D: could not assign tuple of length 3 to structure with 4 fields.
[rtabmap-14] [INFO] [1768034432.264680628] [rtabmap]: rtabmap (1766): Rate=0.50s, Limit=0.001s, Conversion=0.0005s, RTAB-Map=0.0738s, Maps update=0.0027s pub=0.0012s delay=0.1255s (local map=3, WM=5)
[superpoint_node-2] [INFO] [1768034432.295443170] [superpoint_node]: Keypoints estratti: 800
[superpoint_node-2] [ERROR] [1768034432.301491570] [superpoint_node]: Errore pubblicazione keypoints 3D: could not assign tuple of length 3 to structure with 4 fields.
[superpoint_node-2] [INFO] [1768034432.391122878] [superpoint_node]: Keypoints estratti: 800
[superpoint_node-2] [ERROR] [1768034432.396990814] [superpoint_node]: Errore pubblicazione keypoints 3D: could not assign tuple of length 3 to structure with 4 fields.
[superpoint_node-2] [INFO] [1768034432.486676493] [superpoint_node]: Keypoints estratti: 800
[superpoint_node-2] [ERROR] [1768034432.492527113] [superpoint_node]: Errore pubblicazione keypoints 3D: could not assign tuple of length 3 to structure with 4 fields.
[superpoint_node-2] [INFO] [1768034432.587572854] [superpoint_node]: Keypoints estratti: 800
[superpoint_node-2] [ERROR] [1768034432.593270455] [superpoint_node]: Errore pubblicazione keypoints 3D: could not assign tuple of length 3 to structure with 4 fields.
[superpoint_node-2] [INFO] [1768034432.684080661] [superpoint_node]: Keypoints estratti: 800
[superpoint_node-2] [ERROR] [1768034432.689718225] [superpoint_node]: Errore pubblicazione keypoints 3D: could not assign tuple of length 3 to structure with 4 fields.
[superpoint_node-2] [INFO] [1768034432.786620609] [superpoint_node]: Keypoints estratti: 800
[superpoint_node-2] [ERROR] [1768034432.792756029] [superpoint_node]: Errore pubblicazione keypoints 3D: could not assign tuple of length 3 to structure with 4 fields.
[rtabmap-14] [INFO] [1768034432.827962551] [rtabmap]: rtabmap (1767): Rate=0.50s, Limit=0.001s, Conversion=0.0005s, RTAB-Map=0.0715s, Maps update=0.0013s pub=0.0008s delay=0.0965s (local map=4, WM=5)
[superpoint_node-2] [INFO] [1768034432.884650781] [superpoint_node]: Keypoints estratti: 800
[superpoint_node-2] [ERROR] [1768034432.890284048] [superpoint_node]: Errore pubblicazione keypoints 3D: could not assign tuple of length 3 to structure with 4 fields.
[superpoint_node-2] [INFO] [1768034432.984908378] [superpoint_node]: Keypoints estratti: 800
[superpoint_node-2] [ERROR] [1768034432.992082416] [superpoint_node]: Errore pubblicazione keypoints 3D: could not assign tuple of length 3 to structure with 4 fields.
[superpoint_node-2] [INFO] [1768034433.084121262] [superpoint_node]: Keypoints estratti: 800
[superpoint_node-2] [ERROR] [1768034433.089663955] [superpoint_node]: Errore pubblicazione keypoints 3D: could not assign tuple of length 3 to structure with 4 fields.
[superpoint_node-2] [INFO] [1768034433.181939839] [superpoint_node]: Keypoints estratti: 800
[superpoint_node-2] [ERROR] [1768034433.187695830] [superpoint_node]: Errore pubblicazione keypoints 3D: could not assign tuple of length 3 to structure with 4 fields.
[superpoint_node-2] [INFO] [1768034433.280905444] [superpoint_node]: Keypoints estratti: 800
[superpoint_node-2] [ERROR] [1768034433.287416848] [superpoint_node]: Errore pubblicazione keypoints 3D: could not assign tuple of length 3 to structure with 4 fields.
[rtabmap-14] [INFO] [1768034433.406790560] [rtabmap]: rtabmap (1768): Rate=0.50s, Limit=0.001s, Conversion=0.0002s, RTAB-Map=0.0597s, Maps update=0.0015s pub=0.0024s delay=0.0784s (local map=3, WM=5)
[superpoint_node-2] [INFO] [1768034433.425107984] [superpoint_node]: Keypoints estratti: 800
[superpoint_node-2] [ERROR] [1768034433.431733019] [superpoint_node]: Errore pubblicazione keypoints 3D: could not assign tuple of length 3 to structure with 4 fields.
[superpoint_node-2] [INFO] [1768034433.524253831] [superpoint_node]: Keypoints estratti: 800
[superpoint_node-2] [ERROR] [1768034433.529941525] [superpoint_node]: Errore pubblicazione keypoints 3D: could not assign tuple of length 3 to structure with 4 fields.
[superpoint_node-2] [INFO] [1768034433.624833153] [superpoint_node]: Keypoints estratti: 800
[superpoint_node-2] [ERROR] [1768034433.630862590] [superpoint_node]: Errore pubblicazione keypoints 3D: could not assign tuple of length 3 to structure with 4 fields.
[superpoint_node-2] [INFO] [1768034433.726733337] [superpoint_node]: Keypoints estratti: 800
[superpoint_node-2] [ERROR] [1768034433.732437105] [superpoint_node]: Errore pubblicazione keypoints 3D: could not assign tuple of length 3 to structure with 4 fields.
[superpoint_node-2] [INFO] [1768034433.828861689] [superpoint_node]: Keypoints estratti: 800
[superpoint_node-2] [ERROR] [1768034433.834778644] [superpoint_node]: Errore pubblicazione keypoints 3D: could not assign tuple of length 3 to structure with 4 fields.
[superpoint_node-2] [INFO] [1768034433.931632473] [superpoint_node]: Keypoints estratti: 800
[superpoint_node-2] [ERROR] [1768034433.938699159] [superpoint_node]: Errore pubblicazione keypoints 3D: could not assign tuple of length 3 to structure with 4 fields.
[rtabmap-14] [INFO] [1768034433.983961390] [rtabmap]: rtabmap (1769): Rate=0.50s, Limit=0.001s, Conversion=0.0003s, RTAB-Map=0.0690s, Maps update=0.0055s pub=0.0008s delay=0.1065s (local map=4, WM=5)
[superpoint_node-2] [INFO] [1768034434.038043544] [superpoint_node]: Keypoints estratti: 800
[superpoint_node-2] [ERROR] [1768034434.045129916] [superpoint_node]: Errore pubblicazione keypoints 3D: could not assign tuple of length 3 to structure with 4 fields.
[superpoint_node-2] [INFO] [1768034434.146996933] [superpoint_node]: Keypoints estratti: 800
[superpoint_node-2] [ERROR] [1768034434.153026759] [superpoint_node]: Errore pubblicazione keypoints 3D: could not assign tuple of length 3 to structure with 4 fields.
[superpoint_node-2] [INFO] [1768034434.246134520] [superpoint_node]: Keypoints estratti: 800
[superpoint_node-2] [ERROR] [1768034434.252821796] [superpoint_node]: Errore pubblicazione keypoints 3D: could not assign tuple of length 3 to structure with 4 fields.
[superpoint_node-2] [INFO] [1768034434.344012061] [superpoint_node]: Keypoints estratti: 800
[superpoint_node-2] [ERROR] [1768034434.350459038] [superpoint_node]: Errore pubblicazione keypoints 3D: could not assign tuple of length 3 to structure with 4 fields.
[superpoint_node-2] [INFO] [1768034434.443838302] [superpoint_node]: Keypoints estratti: 800
[superpoint_node-2] [ERROR] [1768034434.450761098] [superpoint_node]: Errore pubblicazione keypoints 3D: could not assign tuple of length 3 to structure with 4 fields.
[rtabmap-14] [INFO] [1768034434.488841088] [rtabmap]: rtabmap (1770): Rate=0.50s, Limit=0.001s, Conversion=0.0003s, RTAB-Map=0.0652s, Maps update=0.0006s pub=0.0033s delay=0.0970s (local map=3, WM=5)
[superpoint_node-2] [INFO] [1768034434.542755037] [superpoint_node]: Keypoints estratti: 800
[superpoint_node-2] [ERROR] [1768034434.549788371] [superpoint_node]: Errore pubblicazione keypoints 3D: could not assign tuple of length 3 to structure with 4 fields.
[superpoint_node-2] [INFO] [1768034434.646170918] [superpoint_node]: Keypoints estratti: 800
[superpoint_node-2] [ERROR] [1768034434.652903731] [superpoint_node]: Errore pubblicazione keypoints 3D: could not assign tuple of length 3 to structure with 4 fields.
[superpoint_node-2] [INFO] [1768034434.779959097] [superpoint_node]: Keypoints estratti: 800
[superpoint_node-2] [ERROR] [1768034434.785773329] [superpoint_node]: Errore pubblicazione keypoints 3D: could not assign tuple of length 3 to structure with 4 fields.
[superpoint_node-2] [INFO] [1768034434.881548834] [superpoint_node]: Keypoints estratti: 800
[superpoint_node-2] [ERROR] [1768034434.887342028] [superpoint_node]: Errore pubblicazione keypoints 3D: could not assign tuple of length 3 to structure with 4 fields.
[superpoint_node-2] [INFO] [1768034434.984614768] [superpoint_node]: Keypoints estratti: 800
[superpoint_node-2] [ERROR] [1768034434.990627501] [superpoint_node]: Errore pubblicazione keypoints 3D: could not assign tuple of length 3 to structure with 4 fields.
[rtabmap-14] [INFO] [1768034434.991382822] [rtabmap]: rtabmap (1771): Rate=0.50s, Limit=0.001s, Conversion=0.0003s, RTAB-Map=0.0415s, Maps update=0.0003s pub=0.0009s delay=0.0615s (local map=4, WM=5)
[superpoint_node-2] [INFO] [1768034435.087152549] [superpoint_node]: Keypoints estratti: 800
[superpoint_node-2] [ERROR] [1768034435.093045189] [superpoint_node]: Errore pubblicazione keypoints 3D: could not assign tuple of length 3 to structure with 4 fields.
[superpoint_node-2] [INFO] [1768034435.192248129] [superpoint_node]: Keypoints estratti: 800
[superpoint_node-2] [ERROR] [1768034435.198151158] [superpoint_node]: Errore pubblicazione keypoints 3D: could not assign tuple of length 3 to structure with 4 fields.
[superpoint_node-2] [INFO] [1768034435.292139890] [superpoint_node]: Keypoints estratti: 800
[superpoint_node-2] [ERROR] [1768034435.297949066] [superpoint_node]: Errore pubblicazione keypoints 3D: could not assign tuple of length 3 to structure with 4 fields.
[superpoint_node-2] [INFO] [1768034435.391755944] [superpoint_node]: Keypoints estratti: 800
[superpoint_node-2] [ERROR] [1768034435.397505379] [superpoint_node]: Errore pubblicazione keypoints 3D: could not assign tuple of length 3 to structure with 4 fields.
[superpoint_node-2] [INFO] [1768034435.492461378] [superpoint_node]: Keypoints estratti: 800
[superpoint_node-2] [ERROR] [1768034435.498278480] [superpoint_node]: Errore pubblicazione keypoints 3D: could not assign tuple of length 3 to structure with 4 fields.
[rtabmap-14] [INFO] [1768034435.518892070] [rtabmap]: rtabmap (1772): Rate=0.50s, Limit=0.001s, Conversion=0.0003s, RTAB-Map=0.0398s, Maps update=0.0003s pub=0.0009s delay=0.0789s (local map=3, WM=5)
[superpoint_node-2] [INFO] [1768034435.593971484] [superpoint_node]: Keypoints estratti: 800
[superpoint_node-2] [ERROR] [1768034435.600295368] [superpoint_node]: Errore pubblicazione keypoints 3D: could not assign tuple of length 3 to structure with 4 fields.
[superpoint_node-2] [INFO] [1768034435.699434900] [superpoint_node]: Keypoints estratti: 800
[superpoint_node-2] [ERROR] [1768034435.705065131] [superpoint_node]: Errore pubblicazione keypoints 3D: could not assign tuple of length 3 to structure with 4 fields.
[superpoint_node-2] [INFO] [1768034435.798205763] [superpoint_node]: Keypoints estratti: 800
[superpoint_node-2] [ERROR] [1768034435.804233608] [superpoint_node]: Errore pubblicazione keypoints 3D: could not assign tuple of length 3 to structure with 4 fields.
[superpoint_node-2] [INFO] [1768034435.894363642] [superpoint_node]: Keypoints estratti: 800
[superpoint_node-2] [ERROR] [1768034435.900455357] [superpoint_node]: Errore pubblicazione keypoints 3D: could not assign tuple of length 3 to structure with 4 fields.
[superpoint_node-2] [INFO] [1768034435.996395031] [superpoint_node]: Keypoints estratti: 800
[superpoint_node-2] [ERROR] [1768034436.002320393] [superpoint_node]: Errore pubblicazione keypoints 3D: could not assign tuple of length 3 to structure with 4 fields.
[rtabmap-14] [INFO] [1768034436.019162231] [rtabmap]: rtabmap (1773): Rate=0.50s, Limit=0.001s, Conversion=0.0002s, RTAB-Map=0.0353s, Maps update=0.0014s pub=0.0012s delay=0.0754s (local map=4, WM=5)
[superpoint_node-2] [INFO] [1768034436.098799163] [superpoint_node]: Keypoints estratti: 800
[superpoint_node-2] [ERROR] [1768034436.104319522] [superpoint_node]: Errore pubblicazione keypoints 3D: could not assign tuple of length 3 to structure with 4 fields.
[superpoint_node-2] [INFO] [1768034436.194345259] [superpoint_node]: Keypoints estratti: 800
[superpoint_node-2] [ERROR] [1768034436.200052564] [superpoint_node]: Errore pubblicazione keypoints 3D: could not assign tuple of length 3 to structure with 4 fields.
[superpoint_node-2] [INFO] [1768034436.296114868] [superpoint_node]: Keypoints estratti: 800
[superpoint_node-2] [ERROR] [1768034436.301959507] [superpoint_node]: Errore pubblicazione keypoints 3D: could not assign tuple of length 3 to structure with 4 fields.
[superpoint_node-2] [INFO] [1768034436.398776836] [superpoint_node]: Keypoints estratti: 800
[superpoint_node-2] [ERROR] [1768034436.404705364] [superpoint_node]: Errore pubblicazione keypoints 3D: could not assign tuple of length 3 to structure with 4 fields.
[superpoint_node-2] [INFO] [1768034436.502177920] [superpoint_node]: Keypoints estratti: 800
[superpoint_node-2] [ERROR] [1768034436.509067809] [superpoint_node]: Errore pubblicazione keypoints 3D: could not assign tuple of length 3 to structure with 4 fields.
[rtabmap-14] [INFO] [1768034436.595136699] [rtabmap]: rtabmap (1774): Rate=0.50s, Limit=0.001s, Conversion=0.0002s, RTAB-Map=0.0769s, Maps update=0.0032s pub=0.0013s delay=0.1458s (local map=3, WM=5)
[superpoint_node-2] [INFO] [1768034436.610744731] [superpoint_node]: Keypoints estratti: 800
[superpoint_node-2] [ERROR] [1768034436.616709224] [superpoint_node]: Errore pubblicazione keypoints 3D: could not assign tuple of length 3 to structure with 4 fields.
[superpoint_node-2] [INFO] [1768034436.710951457] [superpoint_node]: Keypoints estratti: 800
[superpoint_node-2] [ERROR] [1768034436.716932839] [superpoint_node]: Errore pubblicazione keypoints 3D: could not assign tuple of length 3 to structure with 4 fields.
[superpoint_node-2] [INFO] [1768034436.810534734] [superpoint_node]: Keypoints estratti: 800
[superpoint_node-2] [ERROR] [1768034436.816246205] [superpoint_node]: Errore pubblicazione keypoints 3D: could not assign tuple of length 3 to structure with 4 fields.
[superpoint_node-2] [INFO] [1768034436.912622030] [superpoint_node]: Keypoints estratti: 800
[superpoint_node-2] [ERROR] [1768034436.918473503] [superpoint_node]: Errore pubblicazione keypoints 3D: could not assign tuple of length 3 to structure with 4 fields.
[superpoint_node-2] [INFO] [1768034437.010486664] [superpoint_node]: Keypoints estratti: 800
[superpoint_node-2] [ERROR] [1768034437.016448063] [superpoint_node]: Errore pubblicazione keypoints 3D: could not assign tuple of length 3 to structure with 4 fields.
[rtabmap-14] [INFO] [1768034437.058490195] [rtabmap]: rtabmap (1775): Rate=0.50s, Limit=0.001s, Conversion=0.0002s, RTAB-Map=0.0404s, Maps update=0.0008s pub=0.0010s delay=0.0974s (local map=4, WM=5)
[superpoint_node-2] [INFO] [1768034437.116509436] [superpoint_node]: Keypoints estratti: 800
[superpoint_node-2] [ERROR] [1768034437.122453632] [superpoint_node]: Errore pubblicazione keypoints 3D: could not assign tuple of length 3 to structure with 4 fields.
[superpoint_node-2] [INFO] [1768034437.216091564] [superpoint_node]: Keypoints estratti: 800
[superpoint_node-2] [ERROR] [1768034437.222232299] [superpoint_node]: Errore pubblicazione keypoints 3D: could not assign tuple of length 3 to structure with 4 fields.
[superpoint_node-2] [INFO] [1768034437.316983370] [superpoint_node]: Keypoints estratti: 800
[superpoint_node-2] [ERROR] [1768034437.322768583] [superpoint_node]: Errore pubblicazione keypoints 3D: could not assign tuple of length 3 to structure with 4 fields.
[superpoint_node-2] [INFO] [1768034437.417331208] [superpoint_node]: Keypoints estratti: 800
[superpoint_node-2] [ERROR] [1768034437.423188273] [superpoint_node]: Errore pubblicazione keypoints 3D: could not assign tuple of length 3 to structure with 4 fields.
[superpoint_node-2] [INFO] [1768034437.517167061] [superpoint_node]: Keypoints estratti: 800
[superpoint_node-2] [ERROR] [1768034437.524035782] [superpoint_node]: Errore pubblicazione keypoints 3D: could not assign tuple of length 3 to structure with 4 fields.
[rtabmap-14] [INFO] [1768034437.599191271] [rtabmap]: rtabmap (1776): Rate=0.50s, Limit=0.001s, Conversion=0.0005s, RTAB-Map=0.0755s, Maps update=0.0013s pub=0.0018s delay=0.1342s (local map=3, WM=5)
[superpoint_node-2] [INFO] [1768034437.621773340] [superpoint_node]: Keypoints estratti: 800
[superpoint_node-2] [ERROR] [1768034437.627690795] [superpoint_node]: Errore pubblicazione keypoints 3D: could not assign tuple of length 3 to structure with 4 fields.
[superpoint_node-2] [INFO] [1768034437.724887200] [superpoint_node]: Keypoints estratti: 800
[superpoint_node-2] [ERROR] [1768034437.730582024] [superpoint_node]: Errore pubblicazione keypoints 3D: could not assign tuple of length 3 to structure with 4 fields.
[superpoint_node-2] [INFO] [1768034437.822991817] [superpoint_node]: Keypoints estratti: 800
[superpoint_node-2] [ERROR] [1768034437.828501102] [superpoint_node]: Errore pubblicazione keypoints 3D: could not assign tuple of length 3 to structure with 4 fields.
[superpoint_node-2] [INFO] [1768034437.920077333] [superpoint_node]: Keypoints estratti: 800
[superpoint_node-2] [ERROR] [1768034437.925953602] [superpoint_node]: Errore pubblicazione keypoints 3D: could not assign tuple of length 3 to structure with 4 fields.
[superpoint_node-2] [INFO] [1768034438.021440198] [superpoint_node]: Keypoints estratti: 800
[superpoint_node-2] [ERROR] [1768034438.028089121] [superpoint_node]: Errore pubblicazione keypoints 3D: could not assign tuple of length 3 to structure with 4 fields.
[rtabmap-14] [INFO] [1768034438.091300589] [rtabmap]: rtabmap (1777): Rate=0.50s, Limit=0.001s, Conversion=0.0008s, RTAB-Map=0.0786s, Maps update=0.0005s pub=0.0009s delay=0.1210s (local map=4, WM=5)
[superpoint_node-2] [INFO] [1768034438.126260294] [superpoint_node]: Keypoints estratti: 800
[superpoint_node-2] [ERROR] [1768034438.133073200] [superpoint_node]: Errore pubblicazione keypoints 3D: could not assign tuple of length 3 to structure with 4 fields.
[superpoint_node-2] [INFO] [1768034438.228043125] [superpoint_node]: Keypoints estratti: 800
[superpoint_node-2] [ERROR] [1768034438.233901542] [superpoint_node]: Errore pubblicazione keypoints 3D: could not assign tuple of length 3 to structure with 4 fields.
[superpoint_node-2] [INFO] [1768034438.329491898] [superpoint_node]: Keypoints estratti: 800
[superpoint_node-2] [ERROR] [1768034438.335762948] [superpoint_node]: Errore pubblicazione keypoints 3D: could not assign tuple of length 3 to structure with 4 fields.
[superpoint_node-2] [INFO] [1768034438.427833887] [superpoint_node]: Keypoints estratti: 800
[superpoint_node-2] [ERROR] [1768034438.433688711] [superpoint_node]: Errore pubblicazione keypoints 3D: could not assign tuple of length 3 to structure with 4 fields.
[superpoint_node-2] [INFO] [1768034438.523806968] [superpoint_node]: Keypoints estratti: 800
[superpoint_node-2] [ERROR] [1768034438.530597929] [superpoint_node]: Errore pubblicazione keypoints 3D: could not assign tuple of length 3 to structure with 4 fields.
[rtabmap-14] [INFO] [1768034438.555551332] [rtabmap]: rtabmap (1778): Rate=0.50s, Limit=0.001s, Conversion=0.0004s, RTAB-Map=0.0444s, Maps update=0.0008s pub=0.0012s delay=0.0792s (local map=3, WM=5)
[superpoint_node-2] [INFO] [1768034438.625231296] [superpoint_node]: Keypoints estratti: 800
[superpoint_node-2] [ERROR] [1768034438.631145936] [superpoint_node]: Errore pubblicazione keypoints 3D: could not assign tuple of length 3 to structure with 4 fields.
[superpoint_node-2] [INFO] [1768034438.723444376] [superpoint_node]: Keypoints estratti: 800
[superpoint_node-2] [ERROR] [1768034438.729289738] [superpoint_node]: Errore pubblicazione keypoints 3D: could not assign tuple of length 3 to structure with 4 fields.
[superpoint_node-2] [INFO] [1768034438.822421407] [superpoint_node]: Keypoints estratti: 800
[superpoint_node-2] [ERROR] [1768034438.828099304] [superpoint_node]: Errore pubblicazione keypoints 3D: could not assign tuple of length 3 to structure with 4 fields.
[superpoint_node-2] [INFO] [1768034438.919565090] [superpoint_node]: Keypoints estratti: 800
[superpoint_node-2] [ERROR] [1768034438.925252987] [superpoint_node]: Errore pubblicazione keypoints 3D: could not assign tuple of length 3 to structure with 4 fields.
[superpoint_node-2] [INFO] [1768034439.017112591] [superpoint_node]: Keypoints estratti: 800
[superpoint_node-2] [ERROR] [1768034439.023026453] [superpoint_node]: Errore pubblicazione keypoints 3D: could not assign tuple of length 3 to structure with 4 fields.
[superpoint_node-2] [INFO] [1768034439.118473826] [superpoint_node]: Keypoints estratti: 800
[superpoint_node-2] [ERROR] [1768034439.124491967] [superpoint_node]: Errore pubblicazione keypoints 3D: could not assign tuple of length 3 to structure with 4 fields.
[rtabmap-14] [INFO] [1768034439.192456213] [rtabmap]: rtabmap (1779): Rate=0.50s, Limit=0.001s, Conversion=0.0008s, RTAB-Map=0.0741s, Maps update=0.0023s pub=0.0010s delay=0.1229s (local map=4, WM=5)
[superpoint_node-2] [INFO] [1768034439.219608467] [superpoint_node]: Keypoints estratti: 800
[superpoint_node-2] [ERROR] [1768034439.225270234] [superpoint_node]: Errore pubblicazione keypoints 3D: could not assign tuple of length 3 to structure with 4 fields.
[superpoint_node-2] [INFO] [1768034439.319417764] [superpoint_node]: Keypoints estratti: 800
[superpoint_node-2] [ERROR] [1768034439.325048087] [superpoint_node]: Errore pubblicazione keypoints 3D: could not assign tuple of length 3 to structure with 4 fields.
[superpoint_node-2] [INFO] [1768034439.430769986] [superpoint_node]: Keypoints estratti: 800
[superpoint_node-2] [ERROR] [1768034439.436647755] [superpoint_node]: Errore pubblicazione keypoints 3D: could not assign tuple of length 3 to structure with 4 fields.
[superpoint_node-2] [INFO] [1768034439.529328736] [superpoint_node]: Keypoints estratti: 800
[superpoint_node-2] [ERROR] [1768034439.535599453] [superpoint_node]: Errore pubblicazione keypoints 3D: could not assign tuple of length 3 to structure with 4 fields.
[superpoint_node-2] [INFO] [1768034439.630476673] [superpoint_node]: Keypoints estratti: 800
[superpoint_node-2] [ERROR] [1768034439.636492388] [superpoint_node]: Errore pubblicazione keypoints 3D: could not assign tuple of length 3 to structure with 4 fields.
[rtabmap-14] [INFO] [1768034439.650840762] [rtabmap]: rtabmap (1780): Rate=0.50s, Limit=0.001s, Conversion=0.0006s, RTAB-Map=0.0360s, Maps update=0.0003s pub=0.0008s delay=0.0718s (local map=3, WM=5)
[superpoint_node-2] [INFO] [1768034439.726450199] [superpoint_node]: Keypoints estratti: 800
[superpoint_node-2] [ERROR] [1768034439.732424450] [superpoint_node]: Errore pubblicazione keypoints 3D: could not assign tuple of length 3 to structure with 4 fields.
[superpoint_node-2] [INFO] [1768034439.824104682] [superpoint_node]: Keypoints estratti: 800
[superpoint_node-2] [ERROR] [1768034439.830584326] [superpoint_node]: Errore pubblicazione keypoints 3D: could not assign tuple of length 3 to structure with 4 fields.
[superpoint_node-2] [INFO] [1768034439.925830531] [superpoint_node]: Keypoints estratti: 800
[superpoint_node-2] [ERROR] [1768034439.932210286] [superpoint_node]: Errore pubblicazione keypoints 3D: could not assign tuple of length 3 to structure with 4 fields.
[superpoint_node-2] [INFO] [1768034440.025863515] [superpoint_node]: Keypoints estratti: 800
[superpoint_node-2] [ERROR] [1768034440.031719247] [superpoint_node]: Errore pubblicazione keypoints 3D: could not assign tuple of length 3 to structure with 4 fields.
[superpoint_node-2] [INFO] [1768034440.125160475] [superpoint_node]: Keypoints estratti: 800
[superpoint_node-2] [ERROR] [1768034440.131572526] [superpoint_node]: Errore pubblicazione keypoints 3D: could not assign tuple of length 3 to structure with 4 fields.
[superpoint_node-2] [INFO] [1768034440.225073198] [superpoint_node]: Keypoints estratti: 800
[superpoint_node-2] [ERROR] [1768034440.232394775] [superpoint_node]: Errore pubblicazione keypoints 3D: could not assign tuple of length 3 to structure with 4 fields.
[rtabmap-14] [INFO] [1768034440.295608854] [rtabmap]: rtabmap (1781): Rate=0.50s, Limit=0.001s, Conversion=0.0007s, RTAB-Map=0.0738s, Maps update=0.0004s pub=0.0007s delay=0.1205s (local map=4, WM=5)
[superpoint_node-2] [INFO] [1768034440.327690129] [superpoint_node]: Keypoints estratti: 800
[superpoint_node-2] [ERROR] [1768034440.333618509] [superpoint_node]: Errore pubblicazione keypoints 3D: could not assign tuple of length 3 to structure with 4 fields.
[superpoint_node-2] [INFO] [1768034440.427409610] [superpoint_node]: Keypoints estratti: 800
[superpoint_node-2] [ERROR] [1768034440.433332916] [superpoint_node]: Errore pubblicazione keypoints 3D: could not assign tuple of length 3 to structure with 4 fields.
[superpoint_node-2] [INFO] [1768034440.525290651] [superpoint_node]: Keypoints estratti: 800
[superpoint_node-2] [ERROR] [1768034440.532307892] [superpoint_node]: Errore pubblicazione keypoints 3D: could not assign tuple of length 3 to structure with 4 fields.
[superpoint_node-2] [INFO] [1768034440.626013103] [superpoint_node]: Keypoints estratti: 800
[superpoint_node-2] [ERROR] [1768034440.633220734] [superpoint_node]: Errore pubblicazione keypoints 3D: could not assign tuple of length 3 to structure with 4 fields.
[superpoint_node-2] [INFO] [1768034440.726933316] [superpoint_node]: Keypoints estratti: 800
[superpoint_node-2] [ERROR] [1768034440.732960383] [superpoint_node]: Errore pubblicazione keypoints 3D: could not assign tuple of length 3 to structure with 4 fields.
[rtabmap-14] [INFO] [1768034440.808141853] [rtabmap]: rtabmap (1782): Rate=0.50s, Limit=0.001s, Conversion=0.0002s, RTAB-Map=0.0621s, Maps update=0.0028s pub=0.0013s delay=0.1291s (local map=3, WM=5)
[superpoint_node-2] [INFO] [1768034440.830939869] [superpoint_node]: Keypoints estratti: 800
[superpoint_node-2] [ERROR] [1768034440.836768137] [superpoint_node]: Errore pubblicazione keypoints 3D: could not assign tuple of length 3 to structure with 4 fields.
[superpoint_node-2] [INFO] [1768034440.926947783] [superpoint_node]: Keypoints estratti: 800
[superpoint_node-2] [ERROR] [1768034440.932785700] [superpoint_node]: Errore pubblicazione keypoints 3D: could not assign tuple of length 3 to structure with 4 fields.
[superpoint_node-2] [INFO] [1768034441.023437202] [superpoint_node]: Keypoints estratti: 800
[superpoint_node-2] [ERROR] [1768034441.029399842] [superpoint_node]: Errore pubblicazione keypoints 3D: could not assign tuple of length 3 to structure with 4 fields.
[superpoint_node-2] [INFO] [1768034441.121998452] [superpoint_node]: Keypoints estratti: 800
[superpoint_node-2] [ERROR] [1768034441.128330132] [superpoint_node]: Errore pubblicazione keypoints 3D: could not assign tuple of length 3 to structure with 4 fields.
[superpoint_node-2] [INFO] [1768034441.222371086] [superpoint_node]: Keypoints estratti: 800
[superpoint_node-2] [ERROR] [1768034441.228331375] [superpoint_node]: Errore pubblicazione keypoints 3D: could not assign tuple of length 3 to structure with 4 fields.
[superpoint_node-2] [INFO] [1768034441.325992784] [superpoint_node]: Keypoints estratti: 800
[rtabmap-14] [INFO] [1768034441.330143484] [rtabmap]: rtabmap (1783): Rate=0.50s, Limit=0.001s, Conversion=0.0003s, RTAB-Map=0.0394s, Maps update=0.0024s pub=0.0009s delay=0.0600s (local map=4, WM=5)
[superpoint_node-2] [ERROR] [1768034441.332817283] [superpoint_node]: Errore pubblicazione keypoints 3D: could not assign tuple of length 3 to structure with 4 fields.
[superpoint_node-2] [INFO] [1768034441.422242775] [superpoint_node]: Keypoints estratti: 800
[superpoint_node-2] [ERROR] [1768034441.429686964] [superpoint_node]: Errore pubblicazione keypoints 3D: could not assign tuple of length 3 to structure with 4 fields.
[superpoint_node-2] [INFO] [1768034441.525994103] [superpoint_node]: Keypoints estratti: 800
[superpoint_node-2] [ERROR] [1768034441.531934021] [superpoint_node]: Errore pubblicazione keypoints 3D: could not assign tuple of length 3 to structure with 4 fields.
[superpoint_node-2] [INFO] [1768034441.623048582] [superpoint_node]: Keypoints estratti: 800
[superpoint_node-2] [ERROR] [1768034441.628699978] [superpoint_node]: Errore pubblicazione keypoints 3D: could not assign tuple of length 3 to structure with 4 fields.
[superpoint_node-2] [INFO] [1768034441.735287644] [superpoint_node]: Keypoints estratti: 800
[superpoint_node-2] [ERROR] [1768034441.742107902] [superpoint_node]: Errore pubblicazione keypoints 3D: could not assign tuple of length 3 to structure with 4 fields.
[superpoint_node-2] [INFO] [1768034441.830899482] [superpoint_node]: Keypoints estratti: 800
[superpoint_node-2] [ERROR] [1768034441.837417830] [superpoint_node]: Errore pubblicazione keypoints 3D: could not assign tuple of length 3 to structure with 4 fields.
[rtabmap-14] [INFO] [1768034441.917965973] [rtabmap]: rtabmap (1784): Rate=0.50s, Limit=0.001s, Conversion=0.0005s, RTAB-Map=0.0661s, Maps update=0.0014s pub=0.0016s delay=0.1329s (local map=3, WM=5)
[superpoint_node-2] [INFO] [1768034441.938363210] [superpoint_node]: Keypoints estratti: 800
[superpoint_node-2] [ERROR] [1768034441.944706594] [superpoint_node]: Errore pubblicazione keypoints 3D: could not assign tuple of length 3 to structure with 4 fields.
[superpoint_node-2] [INFO] [1768034442.039900669] [superpoint_node]: Keypoints estratti: 800
[superpoint_node-2] [ERROR] [1768034442.046256331] [superpoint_node]: Errore pubblicazione keypoints 3D: could not assign tuple of length 3 to structure with 4 fields.
[superpoint_node-2] [INFO] [1768034442.135822157] [superpoint_node]: Keypoints estratti: 800
[superpoint_node-2] [ERROR] [1768034442.141811001] [superpoint_node]: Errore pubblicazione keypoints 3D: could not assign tuple of length 3 to structure with 4 fields.
[superpoint_node-2] [INFO] [1768034442.234009978] [superpoint_node]: Keypoints estratti: 800
[superpoint_node-2] [ERROR] [1768034442.241684428] [superpoint_node]: Errore pubblicazione keypoints 3D: could not assign tuple of length 3 to structure with 4 fields.
[superpoint_node-2] [INFO] [1768034442.374695916] [superpoint_node]: Keypoints estratti: 800
[superpoint_node-2] [ERROR] [1768034442.380639519] [superpoint_node]: Errore pubblicazione keypoints 3D: could not assign tuple of length 3 to structure with 4 fields.
[rtabmap-14] [INFO] [1768034442.418209560] [rtabmap]: rtabmap (1785): Rate=0.50s, Limit=0.001s, Conversion=0.0002s, RTAB-Map=0.0360s, Maps update=0.0003s pub=0.0008s delay=0.0963s (local map=4, WM=5)
[superpoint_node-2] [INFO] [1768034442.476992807] [superpoint_node]: Keypoints estratti: 800
[superpoint_node-2] [ERROR] [1768034442.483497748] [superpoint_node]: Errore pubblicazione keypoints 3D: could not assign tuple of length 3 to structure with 4 fields.
[superpoint_node-2] [INFO] [1768034442.574623716] [superpoint_node]: Keypoints estratti: 800
[superpoint_node-2] [ERROR] [1768034442.580290928] [superpoint_node]: Errore pubblicazione keypoints 3D: could not assign tuple of length 3 to structure with 4 fields.
[superpoint_node-2] [INFO] [1768034442.671155264] [superpoint_node]: Keypoints estratti: 800
[superpoint_node-2] [ERROR] [1768034442.678107986] [superpoint_node]: Errore pubblicazione keypoints 3D: could not assign tuple of length 3 to structure with 4 fields.
[superpoint_node-2] [INFO] [1768034442.773604730] [superpoint_node]: Keypoints estratti: 800
[superpoint_node-2] [ERROR] [1768034442.779346980] [superpoint_node]: Errore pubblicazione keypoints 3D: could not assign tuple of length 3 to structure with 4 fields.
[superpoint_node-2] [INFO] [1768034442.869675071] [superpoint_node]: Keypoints estratti: 800
[superpoint_node-2] [ERROR] [1768034442.875692212] [superpoint_node]: Errore pubblicazione keypoints 3D: could not assign tuple of length 3 to structure with 4 fields.
[superpoint_node-2] [INFO] [1768034442.969088736] [superpoint_node]: Keypoints estratti: 800
[superpoint_node-2] [ERROR] [1768034442.975412953] [superpoint_node]: Errore pubblicazione keypoints 3D: could not assign tuple of length 3 to structure with 4 fields.
[rtabmap-14] [INFO] [1768034443.005323840] [rtabmap]: rtabmap (1786): Rate=0.50s, Limit=0.001s, Conversion=0.0005s, RTAB-Map=0.0599s, Maps update=0.0004s pub=0.0010s delay=0.0883s (local map=3, WM=5)
[superpoint_node-2] [INFO] [1768034443.071674203] [superpoint_node]: Keypoints estratti: 800
[superpoint_node-2] [ERROR] [1768034443.077703677] [superpoint_node]: Errore pubblicazione keypoints 3D: could not assign tuple of length 3 to structure with 4 fields.
[superpoint_node-2] [INFO] [1768034443.168031509] [superpoint_node]: Keypoints estratti: 800
[superpoint_node-2] [ERROR] [1768034443.174646729] [superpoint_node]: Errore pubblicazione keypoints 3D: could not assign tuple of length 3 to structure with 4 fields.
[superpoint_node-2] [INFO] [1768034443.265668807] [superpoint_node]: Keypoints estratti: 800
[superpoint_node-2] [ERROR] [1768034443.272063543] [superpoint_node]: Errore pubblicazione keypoints 3D: could not assign tuple of length 3 to structure with 4 fields.
[superpoint_node-2] [INFO] [1768034443.363882036] [superpoint_node]: Keypoints estratti: 800
[superpoint_node-2] [ERROR] [1768034443.369523396] [superpoint_node]: Errore pubblicazione keypoints 3D: could not assign tuple of length 3 to structure with 4 fields.
[superpoint_node-2] [INFO] [1768034443.460368621] [superpoint_node]: Keypoints estratti: 800
[superpoint_node-2] [ERROR] [1768034443.466417225] [superpoint_node]: Errore pubblicazione keypoints 3D: could not assign tuple of length 3 to structure with 4 fields.
[superpoint_node-2] [INFO] [1768034443.560315567] [superpoint_node]: Keypoints estratti: 800
[superpoint_node-2] [ERROR] [1768034443.567459661] [superpoint_node]: Errore pubblicazione keypoints 3D: could not assign tuple of length 3 to structure with 4 fields.
[rtabmap-14] [INFO] [1768034443.617441930] [rtabmap]: rtabmap (1787): Rate=0.50s, Limit=0.001s, Conversion=0.0003s, RTAB-Map=0.0622s, Maps update=0.0054s pub=0.0050s delay=0.1070s (local map=4, WM=5)
[superpoint_node-2] [INFO] [1768034443.664365472] [superpoint_node]: Keypoints estratti: 800
[superpoint_node-2] [ERROR] [1768034443.670021498] [superpoint_node]: Errore pubblicazione keypoints 3D: could not assign tuple of length 3 to structure with 4 fields.
[superpoint_node-2] [INFO] [1768034443.762456422] [superpoint_node]: Keypoints estratti: 800
[superpoint_node-2] [ERROR] [1768034443.768245005] [superpoint_node]: Errore pubblicazione keypoints 3D: could not assign tuple of length 3 to structure with 4 fields.
[superpoint_node-2] [INFO] [1768034443.862866760] [superpoint_node]: Keypoints estratti: 800
[superpoint_node-2] [ERROR] [1768034443.868933031] [superpoint_node]: Errore pubblicazione keypoints 3D: could not assign tuple of length 3 to structure with 4 fields.
[superpoint_node-2] [INFO] [1768034443.961094304] [superpoint_node]: Keypoints estratti: 800
[superpoint_node-2] [ERROR] [1768034443.967646523] [superpoint_node]: Errore pubblicazione keypoints 3D: could not assign tuple of length 3 to structure with 4 fields.
[superpoint_node-2] [INFO] [1768034444.061525420] [superpoint_node]: Keypoints estratti: 800
[superpoint_node-2] [ERROR] [1768034444.067295615] [superpoint_node]: Errore pubblicazione keypoints 3D: could not assign tuple of length 3 to structure with 4 fields.
[rtabmap-14] [INFO] [1768034444.152966762] [rtabmap]: rtabmap (1788): Rate=0.50s, Limit=0.001s, Conversion=0.0002s, RTAB-Map=0.0662s, Maps update=0.0007s pub=0.0014s delay=0.1406s (local map=3, WM=5)
[superpoint_node-2] [INFO] [1768034444.162963823] [superpoint_node]: Keypoints estratti: 800
[superpoint_node-2] [ERROR] [1768034444.168478145] [superpoint_node]: Errore pubblicazione keypoints 3D: could not assign tuple of length 3 to structure with 4 fields.
[superpoint_node-2] [INFO] [1768034444.260610714] [superpoint_node]: Keypoints estratti: 800
[superpoint_node-2] [ERROR] [1768034444.266478224] [superpoint_node]: Errore pubblicazione keypoints 3D: could not assign tuple of length 3 to structure with 4 fields.
[superpoint_node-2] [INFO] [1768034444.363245644] [superpoint_node]: Keypoints estratti: 800
[superpoint_node-2] [ERROR] [1768034444.368831022] [superpoint_node]: Errore pubblicazione keypoints 3D: could not assign tuple of length 3 to structure with 4 fields.
[superpoint_node-2] [INFO] [1768034444.464515805] [superpoint_node]: Keypoints estratti: 800
[superpoint_node-2] [ERROR] [1768034444.470428833] [superpoint_node]: Errore pubblicazione keypoints 3D: could not assign tuple of length 3 to structure with 4 fields.
[superpoint_node-2] [INFO] [1768034444.561479542] [superpoint_node]: Keypoints estratti: 800
[superpoint_node-2] [ERROR] [1768034444.567418071] [superpoint_node]: Errore pubblicazione keypoints 3D: could not assign tuple of length 3 to structure with 4 fields.
[rtabmap-14] [INFO] [1768034444.654134226] [rtabmap]: rtabmap (1789): Rate=0.50s, Limit=0.001s, Conversion=0.0002s, RTAB-Map=0.0623s, Maps update=0.0059s pub=0.0014s delay=0.1408s (local map=4, WM=5)
[superpoint_node-2] [INFO] [1768034444.666066729] [superpoint_node]: Keypoints estratti: 800
[superpoint_node-2] [ERROR] [1768034444.671759033] [superpoint_node]: Errore pubblicazione keypoints 3D: could not assign tuple of length 3 to structure with 4 fields.
[superpoint_node-2] [INFO] [1768034444.759953182] [superpoint_node]: Keypoints estratti: 800
[superpoint_node-2] [ERROR] [1768034444.765816821] [superpoint_node]: Errore pubblicazione keypoints 3D: could not assign tuple of length 3 to structure with 4 fields.
[superpoint_node-2] [INFO] [1768034444.856119135] [superpoint_node]: Keypoints estratti: 800
[superpoint_node-2] [ERROR] [1768034444.862172202] [superpoint_node]: Errore pubblicazione keypoints 3D: could not assign tuple of length 3 to structure with 4 fields.
[superpoint_node-2] [INFO] [1768034444.956304324] [superpoint_node]: Keypoints estratti: 800
[superpoint_node-2] [ERROR] [1768034444.962387039] [superpoint_node]: Errore pubblicazione keypoints 3D: could not assign tuple of length 3 to structure with 4 fields.
[superpoint_node-2] [INFO] [1768034445.055306096] [superpoint_node]: Keypoints estratti: 800
[superpoint_node-2] [ERROR] [1768034445.061015252] [superpoint_node]: Errore pubblicazione keypoints 3D: could not assign tuple of length 3 to structure with 4 fields.
[superpoint_node-2] [INFO] [1768034445.160205507] [superpoint_node]: Keypoints estratti: 800
[rtabmap-14] [INFO] [1768034445.166615225] [rtabmap]: rtabmap (1790): Rate=0.50s, Limit=0.001s, Conversion=0.0002s, RTAB-Map=0.0440s, Maps update=0.0023s pub=0.0012s delay=0.0654s (local map=3, WM=5)
[superpoint_node-2] [ERROR] [1768034445.167674085] [superpoint_node]: Errore pubblicazione keypoints 3D: could not assign tuple of length 3 to structure with 4 fields.
[superpoint_node-2] [INFO] [1768034445.262057876] [superpoint_node]: Keypoints estratti: 800
[superpoint_node-2] [ERROR] [1768034445.269058450] [superpoint_node]: Errore pubblicazione keypoints 3D: could not assign tuple of length 3 to structure with 4 fields.
[superpoint_node-2] [INFO] [1768034445.360575940] [superpoint_node]: Keypoints estratti: 800
[superpoint_node-2] [ERROR] [1768034445.366318912] [superpoint_node]: Errore pubblicazione keypoints 3D: could not assign tuple of length 3 to structure with 4 fields.
[superpoint_node-2] [INFO] [1768034445.459477119] [superpoint_node]: Keypoints estratti: 800
[superpoint_node-2] [ERROR] [1768034445.465494574] [superpoint_node]: Errore pubblicazione keypoints 3D: could not assign tuple of length 3 to structure with 4 fields.
[superpoint_node-2] [INFO] [1768034445.562595535] [superpoint_node]: Keypoints estratti: 800
[superpoint_node-2] [ERROR] [1768034445.568158357] [superpoint_node]: Errore pubblicazione keypoints 3D: could not assign tuple of length 3 to structure with 4 fields.
[superpoint_node-2] [INFO] [1768034445.693178022] [superpoint_node]: Keypoints estratti: 800
[superpoint_node-2] [ERROR] [1768034445.699136403] [superpoint_node]: Errore pubblicazione keypoints 3D: could not assign tuple of length 3 to structure with 4 fields.
[rtabmap-14] [INFO] [1768034445.783484965] [rtabmap]: rtabmap (1791): Rate=0.50s, Limit=0.001s, Conversion=0.0002s, RTAB-Map=0.0654s, Maps update=0.0004s pub=0.0010s delay=0.1389s (local map=4, WM=5)
[superpoint_node-2] [INFO] [1768034445.797576966] [superpoint_node]: Keypoints estratti: 800
[superpoint_node-2] [ERROR] [1768034445.803273808] [superpoint_node]: Errore pubblicazione keypoints 3D: could not assign tuple of length 3 to structure with 4 fields.
[superpoint_node-2] [INFO] [1768034445.894846799] [superpoint_node]: Keypoints estratti: 800
[superpoint_node-2] [ERROR] [1768034445.900786124] [superpoint_node]: Errore pubblicazione keypoints 3D: could not assign tuple of length 3 to structure with 4 fields.
[superpoint_node-2] [INFO] [1768034445.994586484] [superpoint_node]: Keypoints estratti: 800
[superpoint_node-2] [ERROR] [1768034446.000176065] [superpoint_node]: Errore pubblicazione keypoints 3D: could not assign tuple of length 3 to structure with 4 fields.
[superpoint_node-2] [INFO] [1768034446.090520694] [superpoint_node]: Keypoints estratti: 800
[superpoint_node-2] [ERROR] [1768034446.096286055] [superpoint_node]: Errore pubblicazione keypoints 3D: could not assign tuple of length 3 to structure with 4 fields.
[superpoint_node-2] [INFO] [1768034446.191969041] [superpoint_node]: Keypoints estratti: 800
[superpoint_node-2] [ERROR] [1768034446.198042830] [superpoint_node]: Errore pubblicazione keypoints 3D: could not assign tuple of length 3 to structure with 4 fields.
[superpoint_node-2] [INFO] [1768034446.291064906] [superpoint_node]: Keypoints estratti: 800
[superpoint_node-2] [ERROR] [1768034446.297109714] [superpoint_node]: Errore pubblicazione keypoints 3D: could not assign tuple of length 3 to structure with 4 fields.
[rtabmap-14] [INFO] [1768034446.362062399] [rtabmap]: rtabmap (1792): Rate=0.50s, Limit=0.001s, Conversion=0.0002s, RTAB-Map=0.0718s, Maps update=0.0034s pub=0.0009s delay=0.1212s (local map=3, WM=5)
[superpoint_node-2] [INFO] [1768034446.393552614] [superpoint_node]: Keypoints estratti: 800
[superpoint_node-2] [ERROR] [1768034446.399392716] [superpoint_node]: Errore pubblicazione keypoints 3D: could not assign tuple of length 3 to structure with 4 fields.
[superpoint_node-2] [INFO] [1768034446.489047154] [superpoint_node]: Keypoints estratti: 800
[superpoint_node-2] [ERROR] [1768034446.494577642] [superpoint_node]: Errore pubblicazione keypoints 3D: could not assign tuple of length 3 to structure with 4 fields.
[superpoint_node-2] [INFO] [1768034446.586478987] [superpoint_node]: Keypoints estratti: 800
[superpoint_node-2] [ERROR] [1768034446.592195422] [superpoint_node]: Errore pubblicazione keypoints 3D: could not assign tuple of length 3 to structure with 4 fields.
[superpoint_node-2] [INFO] [1768034446.683128907] [superpoint_node]: Keypoints estratti: 800
[superpoint_node-2] [ERROR] [1768034446.688821916] [superpoint_node]: Errore pubblicazione keypoints 3D: could not assign tuple of length 3 to structure with 4 fields.
[superpoint_node-2] [INFO] [1768034446.822640521] [superpoint_node]: Keypoints estratti: 800
[superpoint_node-2] [ERROR] [1768034446.829102887] [superpoint_node]: Errore pubblicazione keypoints 3D: could not assign tuple of length 3 to structure with 4 fields.
[rtabmap-14] [INFO] [1768034446.917590464] [rtabmap]: rtabmap (1793): Rate=0.50s, Limit=0.001s, Conversion=0.0002s, RTAB-Map=0.0863s, Maps update=0.0035s pub=0.0115s delay=0.1468s (local map=2, WM=4)
[superpoint_node-2] [INFO] [1768034446.931062257] [superpoint_node]: Keypoints estratti: 800
[superpoint_node-2] [ERROR] [1768034446.936887230] [superpoint_node]: Errore pubblicazione keypoints 3D: could not assign tuple of length 3 to structure with 4 fields.
[superpoint_node-2] [INFO] [1768034447.028873371] [superpoint_node]: Keypoints estratti: 800
[superpoint_node-2] [ERROR] [1768034447.035358719] [superpoint_node]: Errore pubblicazione keypoints 3D: could not assign tuple of length 3 to structure with 4 fields.
[superpoint_node-2] [INFO] [1768034447.125786015] [superpoint_node]: Keypoints estratti: 800
[superpoint_node-2] [ERROR] [1768034447.131843119] [superpoint_node]: Errore pubblicazione keypoints 3D: could not assign tuple of length 3 to structure with 4 fields.
[superpoint_node-2] [INFO] [1768034447.222795364] [superpoint_node]: Keypoints estratti: 800
[superpoint_node-2] [ERROR] [1768034447.228674078] [superpoint_node]: Errore pubblicazione keypoints 3D: could not assign tuple of length 3 to structure with 4 fields.
[superpoint_node-2] [INFO] [1768034447.320479292] [superpoint_node]: Keypoints estratti: 800
[superpoint_node-2] [ERROR] [1768034447.326194153] [superpoint_node]: Errore pubblicazione keypoints 3D: could not assign tuple of length 3 to structure with 4 fields.
[rtabmap-14] [INFO] [1768034447.419467194] [rtabmap]: rtabmap (1794): Rate=0.50s, Limit=0.001s, Conversion=0.0002s, RTAB-Map=0.0753s, Maps update=0.0140s pub=0.0174s delay=0.1477s (local map=4, WM=4)
[superpoint_node-2] [INFO] [1768034447.430284687] [superpoint_node]: Keypoints estratti: 800
[superpoint_node-2] [ERROR] [1768034447.436594497] [superpoint_node]: Errore pubblicazione keypoints 3D: could not assign tuple of length 3 to structure with 4 fields.
[superpoint_node-2] [INFO] [1768034447.528757603] [superpoint_node]: Keypoints estratti: 800
[superpoint_node-2] [ERROR] [1768034447.534752651] [superpoint_node]: Errore pubblicazione keypoints 3D: could not assign tuple of length 3 to structure with 4 fields.
[superpoint_node-2] [INFO] [1768034447.628774050] [superpoint_node]: Keypoints estratti: 800
[superpoint_node-2] [ERROR] [1768034447.634619300] [superpoint_node]: Errore pubblicazione keypoints 3D: could not assign tuple of length 3 to structure with 4 fields.
[superpoint_node-2] [INFO] [1768034447.727145984] [superpoint_node]: Keypoints estratti: 800
[superpoint_node-2] [ERROR] [1768034447.733089512] [superpoint_node]: Errore pubblicazione keypoints 3D: could not assign tuple of length 3 to structure with 4 fields.
[superpoint_node-2] [INFO] [1768034447.827097115] [superpoint_node]: Keypoints estratti: 800
[superpoint_node-2] [ERROR] [1768034447.833489388] [superpoint_node]: Errore pubblicazione keypoints 3D: could not assign tuple of length 3 to structure with 4 fields.
[rtabmap-14] [INFO] [1768034447.871126800] [rtabmap]: rtabmap (1795): Rate=0.50s, Limit=0.001s, Conversion=0.0003s, RTAB-Map=0.0420s, Maps update=0.0097s pub=0.0083s delay=0.0959s (local map=3, WM=5)
[superpoint_node-2] [INFO] [1768034447.934769252] [superpoint_node]: Keypoints estratti: 800
[superpoint_node-2] [ERROR] [1768034447.941377694] [superpoint_node]: Errore pubblicazione keypoints 3D: could not assign tuple of length 3 to structure with 4 fields.
[superpoint_node-2] [INFO] [1768034448.031525895] [superpoint_node]: Keypoints estratti: 800
[superpoint_node-2] [ERROR] [1768034448.038020299] [superpoint_node]: Errore pubblicazione keypoints 3D: could not assign tuple of length 3 to structure with 4 fields.
[superpoint_node-2] [INFO] [1768034448.128175871] [superpoint_node]: Keypoints estratti: 800
[superpoint_node-2] [ERROR] [1768034448.133802730] [superpoint_node]: Errore pubblicazione keypoints 3D: could not assign tuple of length 3 to structure with 4 fields.
[rtabmap-14] [33m[ WARN] (2026-01-10 09:40:46.738) CoreWrapper.cpp:1227::odomTFUpdate() Odometry is reset (identity pose detected). Increment map id![0m
[rtabmap-14] [33m[ WARN] (2026-01-10 09:40:47.850) Memory.cpp:2105::forget() Less signatures transferred (1) than added (2)! The working memory cannot decrease in size.[0m
[superpoint_node-2] [INFO] [1768034448.224560733] [superpoint_node]: Keypoints estratti: 800
[superpoint_node-2] [ERROR] [1768034448.230894154] [superpoint_node]: Errore pubblicazione keypoints 3D: could not assign tuple of length 3 to structure with 4 fields.
[superpoint_node-2] [INFO] [1768034448.323928285] [superpoint_node]: Keypoints estratti: 800
[superpoint_node-2] [ERROR] [1768034448.329734054] [superpoint_node]: Errore pubblicazione keypoints 3D: could not assign tuple of length 3 to structure with 4 fields.
[superpoint_node-2] [INFO] [1768034448.420603020] [superpoint_node]: Keypoints estratti: 800
[superpoint_node-2] [ERROR] [1768034448.426629772] [superpoint_node]: Errore pubblicazione keypoints 3D: could not assign tuple of length 3 to structure with 4 fields.
[rtabmap-14] [INFO] [1768034448.514129489] [rtabmap]: rtabmap (1796): Rate=0.50s, Limit=0.001s, Conversion=0.0005s, RTAB-Map=0.0845s, Maps update=0.0036s pub=0.0162s delay=0.1425s (local map=4, WM=5)
[superpoint_node-2] [INFO] [1768034448.527004351] [superpoint_node]: Keypoints estratti: 800
[superpoint_node-2] [ERROR] [1768034448.533209605] [superpoint_node]: Errore pubblicazione keypoints 3D: could not assign tuple of length 3 to structure with 4 fields.
[superpoint_node-2] [INFO] [1768034448.624148275] [superpoint_node]: Keypoints estratti: 800
[superpoint_node-2] [ERROR] [1768034448.630159212] [superpoint_node]: Errore pubblicazione keypoints 3D: could not assign tuple of length 3 to structure with 4 fields.
[superpoint_node-2] [INFO] [1768034448.724412853] [superpoint_node]: Keypoints estratti: 800
[superpoint_node-2] [ERROR] [1768034448.729982916] [superpoint_node]: Errore pubblicazione keypoints 3D: could not assign tuple of length 3 to structure with 4 fields.
[superpoint_node-2] [INFO] [1768034448.822577378] [superpoint_node]: Keypoints estratti: 800
[superpoint_node-2] [ERROR] [1768034448.828402054] [superpoint_node]: Errore pubblicazione keypoints 3D: could not assign tuple of length 3 to structure with 4 fields.
[superpoint_node-2] [INFO] [1768034448.954266874] [superpoint_node]: Keypoints estratti: 800
[superpoint_node-2] [ERROR] [1768034448.960397793] [superpoint_node]: Errore pubblicazione keypoints 3D: could not assign tuple of length 3 to structure with 4 fields.
[rtabmap-14] [INFO] [1768034449.024411452] [rtabmap]: rtabmap (1797): Rate=0.50s, Limit=0.001s, Conversion=0.0004s, RTAB-Map=0.0736s, Maps update=0.0026s pub=0.0011s delay=0.1183s (local map=3, WM=5)
[superpoint_node-2] [INFO] [1768034449.057149455] [superpoint_node]: Keypoints estratti: 800
[superpoint_node-2] [ERROR] [1768034449.062901000] [superpoint_node]: Errore pubblicazione keypoints 3D: could not assign tuple of length 3 to structure with 4 fields.
[superpoint_node-2] [INFO] [1768034449.151785080] [superpoint_node]: Keypoints estratti: 800
[superpoint_node-2] [ERROR] [1768034449.157493496] [superpoint_node]: Errore pubblicazione keypoints 3D: could not assign tuple of length 3 to structure with 4 fields.
[superpoint_node-2] [INFO] [1768034449.248272258] [superpoint_node]: Keypoints estratti: 800
[superpoint_node-2] [ERROR] [1768034449.254142435] [superpoint_node]: Errore pubblicazione keypoints 3D: could not assign tuple of length 3 to structure with 4 fields.
[superpoint_node-2] [INFO] [1768034449.346122836] [superpoint_node]: Keypoints estratti: 800
[superpoint_node-2] [ERROR] [1768034449.351975216] [superpoint_node]: Errore pubblicazione keypoints 3D: could not assign tuple of length 3 to structure with 4 fields.
[superpoint_node-2] [INFO] [1768034449.443959358] [superpoint_node]: Keypoints estratti: 800
[superpoint_node-2] [ERROR] [1768034449.450052092] [superpoint_node]: Errore pubblicazione keypoints 3D: could not assign tuple of length 3 to structure with 4 fields.
[superpoint_node-2] [INFO] [1768034449.547195404] [superpoint_node]: Keypoints estratti: 800
[rtabmap-14] [INFO] [1768034449.552966950] [rtabmap]: rtabmap (1798): Rate=0.50s, Limit=0.001s, Conversion=0.0002s, RTAB-Map=0.0399s, Maps update=0.0012s pub=0.0010s delay=0.0607s (local map=4, WM=5)
[superpoint_node-2] [ERROR] [1768034449.553905013] [superpoint_node]: Errore pubblicazione keypoints 3D: could not assign tuple of length 3 to structure with 4 fields.
[superpoint_node-2] [INFO] [1768034449.648297193] [superpoint_node]: Keypoints estratti: 800
[superpoint_node-2] [ERROR] [1768034449.654368890] [superpoint_node]: Errore pubblicazione keypoints 3D: could not assign tuple of length 3 to structure with 4 fields.
[superpoint_node-2] [INFO] [1768034449.747847599] [superpoint_node]: Keypoints estratti: 800
[superpoint_node-2] [ERROR] [1768034449.753955388] [superpoint_node]: Errore pubblicazione keypoints 3D: could not assign tuple of length 3 to structure with 4 fields.
[superpoint_node-2] [INFO] [1768034449.848345105] [superpoint_node]: Keypoints estratti: 800
[superpoint_node-2] [ERROR] [1768034449.854402098] [superpoint_node]: Errore pubblicazione keypoints 3D: could not assign tuple of length 3 to structure with 4 fields.
[superpoint_node-2] [INFO] [1768034449.947046745] [superpoint_node]: Keypoints estratti: 800
[superpoint_node-2] [ERROR] [1768034449.952969366] [superpoint_node]: Errore pubblicazione keypoints 3D: could not assign tuple of length 3 to structure with 4 fields.
[superpoint_node-2] [INFO] [1768034450.046223518] [superpoint_node]: Keypoints estratti: 800
[superpoint_node-2] [ERROR] [1768034450.052650162] [superpoint_node]: Errore pubblicazione keypoints 3D: could not assign tuple of length 3 to structure with 4 fields.
[rtabmap-14] [INFO] [1768034450.113451314] [rtabmap]: rtabmap (1799): Rate=0.50s, Limit=0.001s, Conversion=0.0002s, RTAB-Map=0.0789s, Maps update=0.0152s pub=0.0020s delay=0.1188s (local map=3, WM=5)
[superpoint_node-2] [INFO] [1768034450.151113874] [superpoint_node]: Keypoints estratti: 800
[superpoint_node-2] [ERROR] [1768034450.156779253] [superpoint_node]: Errore pubblicazione keypoints 3D: could not assign tuple of length 3 to structure with 4 fields.
[superpoint_node-2] [INFO] [1768034450.249164472] [superpoint_node]: Keypoints estratti: 800
[superpoint_node-2] [ERROR] [1768034450.254804239] [superpoint_node]: Errore pubblicazione keypoints 3D: could not assign tuple of length 3 to structure with 4 fields.
[superpoint_node-2] [INFO] [1768034450.347539832] [superpoint_node]: Keypoints estratti: 800
[superpoint_node-2] [ERROR] [1768034450.353515805] [superpoint_node]: Errore pubblicazione keypoints 3D: could not assign tuple of length 3 to structure with 4 fields.
[superpoint_node-2] [INFO] [1768034450.448230747] [superpoint_node]: Keypoints estratti: 800
[superpoint_node-2] [ERROR] [1768034450.454237813] [superpoint_node]: Errore pubblicazione keypoints 3D: could not assign tuple of length 3 to structure with 4 fields.
[superpoint_node-2] [INFO] [1768034450.549526944] [superpoint_node]: Keypoints estratti: 800
[rtabmap-14] [INFO] [1768034450.554848783] [rtabmap]: rtabmap (1800): Rate=0.50s, Limit=0.001s, Conversion=0.0002s, RTAB-Map=0.0404s, Maps update=0.0003s pub=0.0008s delay=0.0585s (local map=4, WM=5)
[superpoint_node-2] [ERROR] [1768034450.555808550] [superpoint_node]: Errore pubblicazione keypoints 3D: could not assign tuple of length 3 to structure with 4 fields.
[superpoint_node-2] [INFO] [1768034450.650327138] [superpoint_node]: Keypoints estratti: 800
[superpoint_node-2] [ERROR] [1768034450.656053147] [superpoint_node]: Errore pubblicazione keypoints 3D: could not assign tuple of length 3 to structure with 4 fields.
[superpoint_node-2] [INFO] [1768034450.747496229] [superpoint_node]: Keypoints estratti: 800
[superpoint_node-2] [ERROR] [1768034450.753317349] [superpoint_node]: Errore pubblicazione keypoints 3D: could not assign tuple of length 3 to structure with 4 fields.
[superpoint_node-2] [INFO] [1768034450.846033386] [superpoint_node]: Keypoints estratti: 800
[superpoint_node-2] [ERROR] [1768034450.852940311] [superpoint_node]: Errore pubblicazione keypoints 3D: could not assign tuple of length 3 to structure with 4 fields.
[superpoint_node-2] [INFO] [1768034450.946423910] [superpoint_node]: Keypoints estratti: 800
[superpoint_node-2] [ERROR] [1768034450.953514040] [superpoint_node]: Errore pubblicazione keypoints 3D: could not assign tuple of length 3 to structure with 4 fields.
[superpoint_node-2] [INFO] [1768034451.045450589] [superpoint_node]: Keypoints estratti: 800
[superpoint_node-2] [ERROR] [1768034451.051863881] [superpoint_node]: Errore pubblicazione keypoints 3D: could not assign tuple of length 3 to structure with 4 fields.
[superpoint_node-2] [INFO] [1768034451.148295188] [superpoint_node]: Keypoints estratti: 800
[superpoint_node-2] [ERROR] [1768034451.154457034] [superpoint_node]: Errore pubblicazione keypoints 3D: could not assign tuple of length 3 to structure with 4 fields.
[rtabmap-14] [INFO] [1768034451.155481745] [rtabmap]: rtabmap (1801): Rate=0.50s, Limit=0.001s, Conversion=0.0002s, RTAB-Map=0.0414s, Maps update=0.0003s pub=0.0011s delay=0.0609s (local map=3, WM=5)
[superpoint_node-2] [INFO] [1768034451.248336987] [superpoint_node]: Keypoints estratti: 800
[superpoint_node-2] [ERROR] [1768034451.254122237] [superpoint_node]: Errore pubblicazione keypoints 3D: could not assign tuple of length 3 to structure with 4 fields.
[superpoint_node-2] [INFO] [1768034451.348427786] [superpoint_node]: Keypoints estratti: 800
[superpoint_node-2] [ERROR] [1768034451.354044479] [superpoint_node]: Errore pubblicazione keypoints 3D: could not assign tuple of length 3 to structure with 4 fields.
[superpoint_node-2] [INFO] [1768034451.449662317] [superpoint_node]: Keypoints estratti: 800
[superpoint_node-2] [ERROR] [1768034451.455429233] [superpoint_node]: Errore pubblicazione keypoints 3D: could not assign tuple of length 3 to structure with 4 fields.
[superpoint_node-2] [INFO] [1768034451.549457502] [superpoint_node]: Keypoints estratti: 800
[superpoint_node-2] [ERROR] [1768034451.555689441] [superpoint_node]: Errore pubblicazione keypoints 3D: could not assign tuple of length 3 to structure with 4 fields.
[superpoint_node-2] [INFO] [1768034451.650250437] [superpoint_node]: Keypoints estratti: 800
[superpoint_node-2] [ERROR] [1768034451.656433023] [superpoint_node]: Errore pubblicazione keypoints 3D: could not assign tuple of length 3 to structure with 4 fields.
[rtabmap-14] [INFO] [1768034451.684699156] [rtabmap]: rtabmap (1802): Rate=0.50s, Limit=0.001s, Conversion=0.0002s, RTAB-Map=0.0316s, Maps update=0.0010s pub=0.0009s delay=0.0859s (local map=4, WM=5)
[superpoint_node-2] [INFO] [1768034451.751604320] [superpoint_node]: Keypoints estratti: 800
[superpoint_node-2] [ERROR] [1768034451.757498478] [superpoint_node]: Errore pubblicazione keypoints 3D: could not assign tuple of length 3 to structure with 4 fields.
[superpoint_node-2] [INFO] [1768034451.855389926] [superpoint_node]: Keypoints estratti: 800
[superpoint_node-2] [ERROR] [1768034451.860955971] [superpoint_node]: Errore pubblicazione keypoints 3D: could not assign tuple of length 3 to structure with 4 fields.
[superpoint_node-2] [INFO] [1768034451.953766619] [superpoint_node]: Keypoints estratti: 800
[superpoint_node-2] [ERROR] [1768034451.959597814] [superpoint_node]: Errore pubblicazione keypoints 3D: could not assign tuple of length 3 to structure with 4 fields.
[superpoint_node-2] [INFO] [1768034452.052576019] [superpoint_node]: Keypoints estratti: 800
[superpoint_node-2] [ERROR] [1768034452.058504122] [superpoint_node]: Errore pubblicazione keypoints 3D: could not assign tuple of length 3 to structure with 4 fields.
[superpoint_node-2] [INFO] [1768034452.154294776] [superpoint_node]: Keypoints estratti: 800
[rtabmap-14] [INFO] [1768034452.160789587] [rtabmap]: rtabmap (1803): Rate=0.50s, Limit=0.001s, Conversion=0.0002s, RTAB-Map=0.0474s, Maps update=0.0015s pub=0.0012s delay=0.0614s (local map=3, WM=5)
[superpoint_node-2] [ERROR] [1768034452.163338645] [superpoint_node]: Errore pubblicazione keypoints 3D: could not assign tuple of length 3 to structure with 4 fields.
[superpoint_node-2] [INFO] [1768034452.255438602] [superpoint_node]: Keypoints estratti: 800
[superpoint_node-2] [ERROR] [1768034452.261055110] [superpoint_node]: Errore pubblicazione keypoints 3D: could not assign tuple of length 3 to structure with 4 fields.
[superpoint_node-2] [INFO] [1768034452.350161136] [superpoint_node]: Keypoints estratti: 800
[superpoint_node-2] [ERROR] [1768034452.356115739] [superpoint_node]: Errore pubblicazione keypoints 3D: could not assign tuple of length 3 to structure with 4 fields.
[superpoint_node-2] [INFO] [1768034452.451975820] [superpoint_node]: Keypoints estratti: 800
[superpoint_node-2] [ERROR] [1768034452.457758458] [superpoint_node]: Errore pubblicazione keypoints 3D: could not assign tuple of length 3 to structure with 4 fields.
[superpoint_node-2] [INFO] [1768034452.548866741] [superpoint_node]: Keypoints estratti: 800
[superpoint_node-2] [ERROR] [1768034452.555194736] [superpoint_node]: Errore pubblicazione keypoints 3D: could not assign tuple of length 3 to structure with 4 fields.
[rtabmap-14] [INFO] [1768034452.652472346] [rtabmap]: rtabmap (1804): Rate=0.50s, Limit=0.001s, Conversion=0.0002s, RTAB-Map=0.0402s, Maps update=0.0006s pub=0.0016s delay=0.0522s (local map=4, WM=5)
[superpoint_node-2] [INFO] [1768034452.656561916] [superpoint_node]: Keypoints estratti: 800
[superpoint_node-2] [ERROR] [1768034452.662809929] [superpoint_node]: Errore pubblicazione keypoints 3D: could not assign tuple of length 3 to structure with 4 fields.
[superpoint_node-2] [INFO] [1768034452.755148481] [superpoint_node]: Keypoints estratti: 800
[superpoint_node-2] [ERROR] [1768034452.761274271] [superpoint_node]: Errore pubblicazione keypoints 3D: could not assign tuple of length 3 to structure with 4 fields.
[superpoint_node-2] [INFO] [1768034452.887425574] [superpoint_node]: Keypoints estratti: 800
[superpoint_node-2] [ERROR] [1768034452.893205343] [superpoint_node]: Errore pubblicazione keypoints 3D: could not assign tuple of length 3 to structure with 4 fields.
[superpoint_node-2] [INFO] [1768034452.980900709] [superpoint_node]: Keypoints estratti: 800
[superpoint_node-2] [ERROR] [1768034452.986376605] [superpoint_node]: Errore pubblicazione keypoints 3D: could not assign tuple of length 3 to structure with 4 fields.
[superpoint_node-2] [INFO] [1768034453.118970645] [superpoint_node]: Keypoints estratti: 800
[superpoint_node-2] [ERROR] [1768034453.124757340] [superpoint_node]: Errore pubblicazione keypoints 3D: could not assign tuple of length 3 to structure with 4 fields.
[rtabmap-14] [33m[ WARN] (2026-01-10 09:40:53.040) CoreWrapper.cpp:1227::odomTFUpdate() Odometry is reset (identity pose detected). Increment map id![0m
[superpoint_node-2] [INFO] [1768034453.223593814] [superpoint_node]: Keypoints estratti: 800
[superpoint_node-2] [ERROR] [1768034453.230034680] [superpoint_node]: Errore pubblicazione keypoints 3D: could not assign tuple of length 3 to structure with 4 fields.
[rtabmap-14] [INFO] [1768034453.322248639] [rtabmap]: rtabmap (1805): Rate=0.50s, Limit=0.001s, Conversion=0.0002s, RTAB-Map=0.0951s, Maps update=0.0036s pub=0.0119s delay=0.1528s (local map=2, WM=4)
[superpoint_node-2] [INFO] [1768034453.335015167] [superpoint_node]: Keypoints estratti: 800
[superpoint_node-2] [ERROR] [1768034453.341930388] [superpoint_node]: Errore pubblicazione keypoints 3D: could not assign tuple of length 3 to structure with 4 fields.
[superpoint_node-2] [INFO] [1768034453.523445986] [superpoint_node]: Keypoints estratti: 800
[superpoint_node-2] [ERROR] [1768034453.536593998] [superpoint_node]: Errore pubblicazione keypoints 3D: could not assign tuple of length 3 to structure with 4 fields.
[superpoint_node-2] [INFO] [1768034453.740285699] [superpoint_node]: Keypoints estratti: 800
[superpoint_node-2] [ERROR] [1768034453.749849331] [superpoint_node]: Errore pubblicazione keypoints 3D: could not assign tuple of length 3 to structure with 4 fields.
[superpoint_node-2] [INFO] [1768034453.886514755] [superpoint_node]: Keypoints estratti: 800
[superpoint_node-2] [ERROR] [1768034453.893850814] [superpoint_node]: Errore pubblicazione keypoints 3D: could not assign tuple of length 3 to structure with 4 fields.
[rtabmap-14] [INFO] [1768034453.932500937] [rtabmap]: rtabmap (1806): Rate=0.50s, Limit=0.001s, Conversion=0.0003s, RTAB-Map=0.0361s, Maps update=0.0106s pub=0.0100s delay=0.0969s (local map=4, WM=4)
[superpoint_node-2] [INFO] [1768034453.995866147] [superpoint_node]: Keypoints estratti: 800
[superpoint_node-2] [ERROR] [1768034454.001610174] [superpoint_node]: Errore pubblicazione keypoints 3D: could not assign tuple of length 3 to structure with 4 fields.
[superpoint_node-2] [INFO] [1768034454.091616893] [superpoint_node]: Keypoints estratti: 800
[superpoint_node-2] [ERROR] [1768034454.097258660] [superpoint_node]: Errore pubblicazione keypoints 3D: could not assign tuple of length 3 to structure with 4 fields.
[superpoint_node-2] [INFO] [1768034454.190433312] [superpoint_node]: Keypoints estratti: 800
[superpoint_node-2] [ERROR] [1768034454.196036782] [superpoint_node]: Errore pubblicazione keypoints 3D: could not assign tuple of length 3 to structure with 4 fields.
[superpoint_node-2] [INFO] [1768034454.290040477] [superpoint_node]: Keypoints estratti: 800
[superpoint_node-2] [ERROR] [1768034454.296433621] [superpoint_node]: Errore pubblicazione keypoints 3D: could not assign tuple of length 3 to structure with 4 fields.
[superpoint_node-2] [INFO] [1768034454.385760704] [superpoint_node]: Keypoints estratti: 800
[superpoint_node-2] [ERROR] [1768034454.391837364] [superpoint_node]: Errore pubblicazione keypoints 3D: could not assign tuple of length 3 to structure with 4 fields.
[rtabmap-14] [INFO] [1768034454.480754019] [rtabmap]: rtabmap (1807): Rate=0.50s, Limit=0.001s, Conversion=0.0005s, RTAB-Map=0.0764s, Maps update=0.0070s pub=0.0125s delay=0.1424s (local map=2, WM=5)
[superpoint_node-2] [INFO] [1768034454.498887700] [superpoint_node]: Keypoints estratti: 800
[superpoint_node-2] [ERROR] [1768034454.504843915] [superpoint_node]: Errore pubblicazione keypoints 3D: could not assign tuple of length 3 to structure with 4 fields.
[superpoint_node-2] [INFO] [1768034454.597907361] [superpoint_node]: Keypoints estratti: 800
[superpoint_node-2] [ERROR] [1768034454.603689870] [superpoint_node]: Errore pubblicazione keypoints 3D: could not assign tuple of length 3 to structure with 4 fields.
[superpoint_node-2] [INFO] [1768034454.697966864] [superpoint_node]: Keypoints estratti: 800
[superpoint_node-2] [ERROR] [1768034454.703718447] [superpoint_node]: Errore pubblicazione keypoints 3D: could not assign tuple of length 3 to structure with 4 fields.
[superpoint_node-2] [INFO] [1768034454.793351422] [superpoint_node]: Keypoints estratti: 800
[superpoint_node-2] [ERROR] [1768034454.799112783] [superpoint_node]: Errore pubblicazione keypoints 3D: could not assign tuple of length 3 to structure with 4 fields.
[superpoint_node-2] [INFO] [1768034454.885997828] [superpoint_node]: Keypoints estratti: 800
[superpoint_node-2] [ERROR] [1768034454.891928579] [superpoint_node]: Errore pubblicazione keypoints 3D: could not assign tuple of length 3 to structure with 4 fields.
[superpoint_node-2] [INFO] [1768034454.986886708] [superpoint_node]: Keypoints estratti: 800
[superpoint_node-2] [ERROR] [1768034454.992765403] [superpoint_node]: Errore pubblicazione keypoints 3D: could not assign tuple of length 3 to structure with 4 fields.
[rtabmap-14] [INFO] [1768034455.011549794] [rtabmap]: rtabmap (1808): Rate=0.50s, Limit=0.001s, Conversion=0.0002s, RTAB-Map=0.0397s, Maps update=0.0089s pub=0.0078s delay=0.0790s (local map=3, WM=4)
[superpoint_node-2] [INFO] [1768034455.086761357] [superpoint_node]: Keypoints estratti: 800
[superpoint_node-2] [ERROR] [1768034455.092736461] [superpoint_node]: Errore pubblicazione keypoints 3D: could not assign tuple of length 3 to structure with 4 fields.
[superpoint_node-2] [INFO] [1768034455.183508130] [superpoint_node]: Keypoints estratti: 800
[superpoint_node-2] [ERROR] [1768034455.189192397] [superpoint_node]: Errore pubblicazione keypoints 3D: could not assign tuple of length 3 to structure with 4 fields.
[superpoint_node-2] [INFO] [1768034455.319277677] [superpoint_node]: Keypoints estratti: 800
[superpoint_node-2] [ERROR] [1768034455.325082760] [superpoint_node]: Errore pubblicazione keypoints 3D: could not assign tuple of length 3 to structure with 4 fields.
[superpoint_node-2] [INFO] [1768034455.420133241] [superpoint_node]: Keypoints estratti: 800
[superpoint_node-2] [ERROR] [1768034455.426008992] [superpoint_node]: Errore pubblicazione keypoints 3D: could not assign tuple of length 3 to structure with 4 fields.
[superpoint_node-2] [INFO] [1768034455.519882242] [superpoint_node]: Keypoints estratti: 800
[superpoint_node-2] [ERROR] [1768034455.525731492] [superpoint_node]: Errore pubblicazione keypoints 3D: could not assign tuple of length 3 to structure with 4 fields.
[rtabmap-14] [INFO] [1768034455.620241506] [rtabmap]: rtabmap (1809): Rate=0.50s, Limit=0.001s, Conversion=0.0006s, RTAB-Map=0.0833s, Maps update=0.0097s pub=0.0097s delay=0.1508s (local map=2, WM=4)
[superpoint_node-2] [INFO] [1768034455.630651756] [superpoint_node]: Keypoints estratti: 800
[superpoint_node-2] [ERROR] [1768034455.636847231] [superpoint_node]: Errore pubblicazione keypoints 3D: could not assign tuple of length 3 to structure with 4 fields.
[superpoint_node-2] [INFO] [1768034455.732155918] [superpoint_node]: Keypoints estratti: 800
[superpoint_node-2] [ERROR] [1768034455.738379671] [superpoint_node]: Errore pubblicazione keypoints 3D: could not assign tuple of length 3 to structure with 4 fields.
[superpoint_node-2] [INFO] [1768034455.830737761] [superpoint_node]: Keypoints estratti: 800
[superpoint_node-2] [ERROR] [1768034455.836429621] [superpoint_node]: Errore pubblicazione keypoints 3D: could not assign tuple of length 3 to structure with 4 fields.
[superpoint_node-2] [INFO] [1768034455.932023921] [superpoint_node]: Keypoints estratti: 800
[superpoint_node-2] [ERROR] [1768034455.938016784] [superpoint_node]: Errore pubblicazione keypoints 3D: could not assign tuple of length 3 to structure with 4 fields.
[superpoint_node-2] [INFO] [1768034456.029969926] [superpoint_node]: Keypoints estratti: 800
[superpoint_node-2] [ERROR] [1768034456.036952963] [superpoint_node]: Errore pubblicazione keypoints 3D: could not assign tuple of length 3 to structure with 4 fields.
[rtabmap-14] [INFO] [1768034456.127688539] [rtabmap]: rtabmap (1810): Rate=0.50s, Limit=0.001s, Conversion=0.0002s, RTAB-Map=0.0653s, Maps update=0.0053s pub=0.0114s delay=0.1474s (local map=4, WM=4)
[superpoint_node-2] [INFO] [1768034456.139645283] [superpoint_node]: Keypoints estratti: 800
[superpoint_node-2] [ERROR] [1768034456.145734702] [superpoint_node]: Errore pubblicazione keypoints 3D: could not assign tuple of length 3 to structure with 4 fields.
[superpoint_node-2] [INFO] [1768034456.237906938] [superpoint_node]: Keypoints estratti: 800
[superpoint_node-2] [ERROR] [1768034456.244623140] [superpoint_node]: Errore pubblicazione keypoints 3D: could not assign tuple of length 3 to structure with 4 fields.
[superpoint_node-2] [INFO] [1768034456.336146870] [superpoint_node]: Keypoints estratti: 800
[superpoint_node-2] [ERROR] [1768034456.342697386] [superpoint_node]: Errore pubblicazione keypoints 3D: could not assign tuple of length 3 to structure with 4 fields.
[superpoint_node-2] [INFO] [1768034456.433925799] [superpoint_node]: Keypoints estratti: 800
[superpoint_node-2] [ERROR] [1768034456.439945384] [superpoint_node]: Errore pubblicazione keypoints 3D: could not assign tuple of length 3 to structure with 4 fields.
[superpoint_node-2] [INFO] [1768034456.531883822] [superpoint_node]: Keypoints estratti: 800
[superpoint_node-2] [ERROR] [1768034456.537648924] [superpoint_node]: Errore pubblicazione keypoints 3D: could not assign tuple of length 3 to structure with 4 fields.
[rtabmap-14] [INFO] [1768034456.600435925] [rtabmap]: rtabmap (1811): Rate=0.50s, Limit=0.001s, Conversion=0.0002s, RTAB-Map=0.0746s, Maps update=0.0055s pub=0.0011s delay=0.1189s (local map=3, WM=5)
[superpoint_node-2] [INFO] [1768034456.633823118] [superpoint_node]: Keypoints estratti: 800
[superpoint_node-2] [ERROR] [1768034456.640791266] [superpoint_node]: Errore pubblicazione keypoints 3D: could not assign tuple of length 3 to structure with 4 fields.
[superpoint_node-2] [INFO] [1768034456.736520530] [superpoint_node]: Keypoints estratti: 800
[superpoint_node-2] [ERROR] [1768034456.742401429] [superpoint_node]: Errore pubblicazione keypoints 3D: could not assign tuple of length 3 to structure with 4 fields.
[superpoint_node-2] [INFO] [1768034456.831740476] [superpoint_node]: Keypoints estratti: 800
[superpoint_node-2] [ERROR] [1768034456.837487448] [superpoint_node]: Errore pubblicazione keypoints 3D: could not assign tuple of length 3 to structure with 4 fields.
[superpoint_node-2] [INFO] [1768034456.933413195] [superpoint_node]: Keypoints estratti: 800
[superpoint_node-2] [ERROR] [1768034456.939420632] [superpoint_node]: Errore pubblicazione keypoints 3D: could not assign tuple of length 3 to structure with 4 fields.
[superpoint_node-2] [INFO] [1768034457.031149253] [superpoint_node]: Keypoints estratti: 800
[superpoint_node-2] [ERROR] [1768034457.036812206] [superpoint_node]: Errore pubblicazione keypoints 3D: could not assign tuple of length 3 to structure with 4 fields.
[rtabmap-14] [INFO] [1768034457.117355701] [rtabmap]: rtabmap (1812): Rate=0.50s, Limit=0.001s, Conversion=0.0002s, RTAB-Map=0.0385s, Maps update=0.0223s pub=0.0119s delay=0.1358s (local map=4, WM=5)
[superpoint_node-2] [INFO] [1768034457.140530552] [superpoint_node]: Keypoints estratti: 800
[superpoint_node-2] [ERROR] [1768034457.147011086] [superpoint_node]: Errore pubblicazione keypoints 3D: could not assign tuple of length 3 to structure with 4 fields.
[superpoint_node-2] [INFO] [1768034457.235160253] [superpoint_node]: Keypoints estratti: 800
[superpoint_node-2] [ERROR] [1768034457.242144327] [superpoint_node]: Errore pubblicazione keypoints 3D: could not assign tuple of length 3 to structure with 4 fields.
[superpoint_node-2] [INFO] [1768034457.333281388] [superpoint_node]: Keypoints estratti: 800
[superpoint_node-2] [ERROR] [1768034457.341413731] [superpoint_node]: Errore pubblicazione keypoints 3D: could not assign tuple of length 3 to structure with 4 fields.
[superpoint_node-2] [INFO] [1768034457.432447161] [superpoint_node]: Keypoints estratti: 800
[superpoint_node-2] [ERROR] [1768034457.438241504] [superpoint_node]: Errore pubblicazione keypoints 3D: could not assign tuple of length 3 to structure with 4 fields.
[superpoint_node-2] [INFO] [1768034457.533748452] [superpoint_node]: Keypoints estratti: 800
[superpoint_node-2] [ERROR] [1768034457.539841574] [superpoint_node]: Errore pubblicazione keypoints 3D: could not assign tuple of length 3 to structure with 4 fields.
[superpoint_node-2] [INFO] [1768034457.630890931] [superpoint_node]: Keypoints estratti: 800
[superpoint_node-2] [ERROR] [1768034457.636652069] [superpoint_node]: Errore pubblicazione keypoints 3D: could not assign tuple of length 3 to structure with 4 fields.
[rtabmap-14] [INFO] [1768034457.719015894] [rtabmap]: rtabmap (1813): Rate=0.50s, Limit=0.001s, Conversion=0.0002s, RTAB-Map=0.0734s, Maps update=0.0019s pub=0.0020s delay=0.1370s (local map=3, WM=5)
[superpoint_node-2] [INFO] [1768034457.734247478] [superpoint_node]: Keypoints estratti: 800
[superpoint_node-2] [ERROR] [1768034457.740633381] [superpoint_node]: Errore pubblicazione keypoints 3D: could not assign tuple of length 3 to structure with 4 fields.
[superpoint_node-2] [INFO] [1768034457.834019294] [superpoint_node]: Keypoints estratti: 800
[superpoint_node-2] [ERROR] [1768034457.840827478] [superpoint_node]: Errore pubblicazione keypoints 3D: could not assign tuple of length 3 to structure with 4 fields.
[superpoint_node-2] [INFO] [1768034457.932441339] [superpoint_node]: Keypoints estratti: 800
[superpoint_node-2] [ERROR] [1768034457.938519813] [superpoint_node]: Errore pubblicazione keypoints 3D: could not assign tuple of length 3 to structure with 4 fields.
[superpoint_node-2] [INFO] [1768034458.030126230] [superpoint_node]: Keypoints estratti: 800
[superpoint_node-2] [ERROR] [1768034458.035999962] [superpoint_node]: Errore pubblicazione keypoints 3D: could not assign tuple of length 3 to structure with 4 fields.
[superpoint_node-2] [INFO] [1768034458.127904233] [superpoint_node]: Keypoints estratti: 800
[superpoint_node-2] [ERROR] [1768034458.133635723] [superpoint_node]: Errore pubblicazione keypoints 3D: could not assign tuple of length 3 to structure with 4 fields.
[rtabmap-14] [33m[ WARN] (2026-01-10 09:40:54.457) Memory.cpp:2105::forget() Less signatures transferred (1) than added (2)! The working memory cannot decrease in size.[0m
[rtabmap-14] [33m[ WARN] (2026-01-10 09:40:55.242) CoreWrapper.cpp:1227::odomTFUpdate() Odometry is reset (identity pose detected). Increment map id![0m
[rtabmap-14] [33m[ WARN] (2026-01-10 09:40:56.585) Memory.cpp:2105::forget() Less signatures transferred (1) than added (2)! The working memory cannot decrease in size.[0m
[superpoint_node-2] [INFO] [1768034458.231374040] [superpoint_node]: Keypoints estratti: 800
[superpoint_node-2] [ERROR] [1768034458.237134327] [superpoint_node]: Errore pubblicazione keypoints 3D: could not assign tuple of length 3 to structure with 4 fields.
[rtabmap-14] [INFO] [1768034458.259832008] [rtabmap]: rtabmap (1814): Rate=0.50s, Limit=0.001s, Conversion=0.0002s, RTAB-Map=0.0421s, Maps update=0.0004s pub=0.0011s delay=0.0816s (local map=4, WM=5)
[superpoint_node-2] [INFO] [1768034458.333250706] [superpoint_node]: Keypoints estratti: 800
[superpoint_node-2] [ERROR] [1768034458.339026752] [superpoint_node]: Errore pubblicazione keypoints 3D: could not assign tuple of length 3 to structure with 4 fields.
[superpoint_node-2] [INFO] [1768034458.432992762] [superpoint_node]: Keypoints estratti: 800
[superpoint_node-2] [ERROR] [1768034458.440133430] [superpoint_node]: Errore pubblicazione keypoints 3D: could not assign tuple of length 3 to structure with 4 fields.
[superpoint_node-2] [INFO] [1768034458.529813720] [superpoint_node]: Keypoints estratti: 800
[superpoint_node-2] [ERROR] [1768034458.536150659] [superpoint_node]: Errore pubblicazione keypoints 3D: could not assign tuple of length 3 to structure with 4 fields.
[superpoint_node-2] [INFO] [1768034458.633834958] [superpoint_node]: Keypoints estratti: 800
[superpoint_node-2] [ERROR] [1768034458.639855358] [superpoint_node]: Errore pubblicazione keypoints 3D: could not assign tuple of length 3 to structure with 4 fields.
[superpoint_node-2] [INFO] [1768034458.734184852] [superpoint_node]: Keypoints estratti: 800
[superpoint_node-2] [ERROR] [1768034458.740636496] [superpoint_node]: Errore pubblicazione keypoints 3D: could not assign tuple of length 3 to structure with 4 fields.
[rtabmap-14] [INFO] [1768034458.815032905] [rtabmap]: rtabmap (1815): Rate=0.50s, Limit=0.001s, Conversion=0.0002s, RTAB-Map=0.0630s, Maps update=0.0024s pub=0.0011s delay=0.1313s (local map=3, WM=5)
[superpoint_node-2] [INFO] [1768034458.837991347] [superpoint_node]: Keypoints estratti: 800
[superpoint_node-2] [ERROR] [1768034458.844124581] [superpoint_node]: Errore pubblicazione keypoints 3D: could not assign tuple of length 3 to structure with 4 fields.
[superpoint_node-2] [INFO] [1768034458.936190650] [superpoint_node]: Keypoints estratti: 800
[superpoint_node-2] [ERROR] [1768034458.942093197] [superpoint_node]: Errore pubblicazione keypoints 3D: could not assign tuple of length 3 to structure with 4 fields.
[superpoint_node-2] [INFO] [1768034459.035911317] [superpoint_node]: Keypoints estratti: 800
[superpoint_node-2] [ERROR] [1768034459.042421276] [superpoint_node]: Errore pubblicazione keypoints 3D: could not assign tuple of length 3 to structure with 4 fields.
[superpoint_node-2] [INFO] [1768034459.133982063] [superpoint_node]: Keypoints estratti: 800
[superpoint_node-2] [ERROR] [1768034459.139550033] [superpoint_node]: Errore pubblicazione keypoints 3D: could not assign tuple of length 3 to structure with 4 fields.
[superpoint_node-2] [INFO] [1768034459.233124854] [superpoint_node]: Keypoints estratti: 800
[superpoint_node-2] [ERROR] [1768034459.239917723] [superpoint_node]: Errore pubblicazione keypoints 3D: could not assign tuple of length 3 to structure with 4 fields.
[superpoint_node-2] [INFO] [1768034459.332320887] [superpoint_node]: Keypoints estratti: 800
[superpoint_node-2] [ERROR] [1768034459.338918699] [superpoint_node]: Errore pubblicazione keypoints 3D: could not assign tuple of length 3 to structure with 4 fields.
[rtabmap-14] [INFO] [1768034459.422754128] [rtabmap]: rtabmap (1816): Rate=0.50s, Limit=0.001s, Conversion=0.0002s, RTAB-Map=0.0677s, Maps update=0.0042s pub=0.0015s delay=0.1386s (local map=4, WM=5)
[superpoint_node-2] [INFO] [1768034459.437675673] [superpoint_node]: Keypoints estratti: 800
[superpoint_node-2] [ERROR] [1768034459.443506497] [superpoint_node]: Errore pubblicazione keypoints 3D: could not assign tuple of length 3 to structure with 4 fields.
[superpoint_node-2] [INFO] [1768034459.533167361] [superpoint_node]: Keypoints estratti: 800
[superpoint_node-2] [ERROR] [1768034459.539063353] [superpoint_node]: Errore pubblicazione keypoints 3D: could not assign tuple of length 3 to structure with 4 fields.
[superpoint_node-2] [INFO] [1768034459.630741788] [superpoint_node]: Keypoints estratti: 800
[superpoint_node-2] [ERROR] [1768034459.636154498] [superpoint_node]: Errore pubblicazione keypoints 3D: could not assign tuple of length 3 to structure with 4 fields.
[superpoint_node-2] [INFO] [1768034459.726546387] [superpoint_node]: Keypoints estratti: 800
[superpoint_node-2] [ERROR] [1768034459.732292062] [superpoint_node]: Errore pubblicazione keypoints 3D: could not assign tuple of length 3 to structure with 4 fields.
[superpoint_node-2] [INFO] [1768034459.823814515] [superpoint_node]: Keypoints estratti: 800
[superpoint_node-2] [ERROR] [1768034459.829583395] [superpoint_node]: Errore pubblicazione keypoints 3D: could not assign tuple of length 3 to structure with 4 fields.
[superpoint_node-2] [INFO] [1768034459.920762364] [superpoint_node]: Keypoints estratti: 800
[superpoint_node-2] [ERROR] [1768034459.926442650] [superpoint_node]: Errore pubblicazione keypoints 3D: could not assign tuple of length 3 to structure with 4 fields.
[rtabmap-14] [INFO] [1768034459.990102010] [rtabmap]: rtabmap (1817): Rate=0.50s, Limit=0.001s, Conversion=0.0003s, RTAB-Map=0.0703s, Maps update=0.0027s pub=0.0009s delay=0.1193s (local map=3, WM=5)
[superpoint_node-2] [INFO] [1768034460.024103929] [superpoint_node]: Keypoints estratti: 800
[superpoint_node-2] [ERROR] [1768034460.030653889] [superpoint_node]: Errore pubblicazione keypoints 3D: could not assign tuple of length 3 to structure with 4 fields.
[superpoint_node-2] [INFO] [1768034460.117255081] [superpoint_node]: Keypoints estratti: 800
[superpoint_node-2] [ERROR] [1768034460.123284203] [superpoint_node]: Errore pubblicazione keypoints 3D: could not assign tuple of length 3 to structure with 4 fields.
[superpoint_node-2] [INFO] [1768034460.216585578] [superpoint_node]: Keypoints estratti: 800
[superpoint_node-2] [ERROR] [1768034460.222514088] [superpoint_node]: Errore pubblicazione keypoints 3D: could not assign tuple of length 3 to structure with 4 fields.
[superpoint_node-2] [INFO] [1768034460.315270366] [superpoint_node]: Keypoints estratti: 800
[superpoint_node-2] [ERROR] [1768034460.320831873] [superpoint_node]: Errore pubblicazione keypoints 3D: could not assign tuple of length 3 to structure with 4 fields.
[superpoint_node-2] [INFO] [1768034460.417628775] [superpoint_node]: Keypoints estratti: 800
[superpoint_node-2] [ERROR] [1768034460.423286821] [superpoint_node]: Errore pubblicazione keypoints 3D: could not assign tuple of length 3 to structure with 4 fields.
[superpoint_node-2] [INFO] [1768034460.517991244] [superpoint_node]: Keypoints estratti: 800
[superpoint_node-2] [ERROR] [1768034460.523966495] [superpoint_node]: Errore pubblicazione keypoints 3D: could not assign tuple of length 3 to structure with 4 fields.
[rtabmap-14] [INFO] [1768034460.590352414] [rtabmap]: rtabmap (1818): Rate=0.50s, Limit=0.001s, Conversion=0.0002s, RTAB-Map=0.0737s, Maps update=0.0006s pub=0.0008s delay=0.1210s (local map=4, WM=5)
[superpoint_node-2] [INFO] [1768034460.620756786] [superpoint_node]: Keypoints estratti: 800
[superpoint_node-2] [ERROR] [1768034460.626348257] [superpoint_node]: Errore pubblicazione keypoints 3D: could not assign tuple of length 3 to structure with 4 fields.
[superpoint_node-2] [INFO] [1768034460.751583349] [superpoint_node]: Keypoints estratti: 800
[superpoint_node-2] [ERROR] [1768034460.757243950] [superpoint_node]: Errore pubblicazione keypoints 3D: could not assign tuple of length 3 to structure with 4 fields.
[superpoint_node-2] [INFO] [1768034460.846799758] [superpoint_node]: Keypoints estratti: 800
[superpoint_node-2] [ERROR] [1768034460.852548471] [superpoint_node]: Errore pubblicazione keypoints 3D: could not assign tuple of length 3 to structure with 4 fields.
[superpoint_node-2] [INFO] [1768034460.941693071] [superpoint_node]: Keypoints estratti: 800
[superpoint_node-2] [ERROR] [1768034460.947753083] [superpoint_node]: Errore pubblicazione keypoints 3D: could not assign tuple of length 3 to structure with 4 fields.
[superpoint_node-2] [INFO] [1768034461.038585678] [superpoint_node]: Keypoints estratti: 800
[superpoint_node-2] [ERROR] [1768034461.045229194] [superpoint_node]: Errore pubblicazione keypoints 3D: could not assign tuple of length 3 to structure with 4 fields.
[rtabmap-14] [INFO] [1768034461.053380445] [rtabmap]: rtabmap (1819): Rate=0.50s, Limit=0.001s, Conversion=0.0002s, RTAB-Map=0.0407s, Maps update=0.0003s pub=0.0008s delay=0.0664s (local map=3, WM=5)
[superpoint_node-2] [INFO] [1768034461.135948104] [superpoint_node]: Keypoints estratti: 800
[superpoint_node-2] [ERROR] [1768034461.142287525] [superpoint_node]: Errore pubblicazione keypoints 3D: could not assign tuple of length 3 to structure with 4 fields.
[superpoint_node-2] [INFO] [1768034461.231740332] [superpoint_node]: Keypoints estratti: 800
[superpoint_node-2] [ERROR] [1768034461.237401099] [superpoint_node]: Errore pubblicazione keypoints 3D: could not assign tuple of length 3 to structure with 4 fields.
[superpoint_node-2] [INFO] [1768034461.326413903] [superpoint_node]: Keypoints estratti: 800
[superpoint_node-2] [ERROR] [1768034461.333030326] [superpoint_node]: Errore pubblicazione keypoints 3D: could not assign tuple of length 3 to structure with 4 fields.
[superpoint_node-2] [INFO] [1768034461.424543353] [superpoint_node]: Keypoints estratti: 800
[superpoint_node-2] [ERROR] [1768034461.430650513] [superpoint_node]: Errore pubblicazione keypoints 3D: could not assign tuple of length 3 to structure with 4 fields.
[superpoint_node-2] [INFO] [1768034461.522812212] [superpoint_node]: Keypoints estratti: 800
[superpoint_node-2] [ERROR] [1768034461.528467738] [superpoint_node]: Errore pubblicazione keypoints 3D: could not assign tuple of length 3 to structure with 4 fields.
[superpoint_node-2] [INFO] [1768034461.619554151] [superpoint_node]: Keypoints estratti: 800
[superpoint_node-2] [ERROR] [1768034461.625400642] [superpoint_node]: Errore pubblicazione keypoints 3D: could not assign tuple of length 3 to structure with 4 fields.
[rtabmap-14] [INFO] [1768034461.689370523] [rtabmap]: rtabmap (1820): Rate=0.50s, Limit=0.001s, Conversion=0.0002s, RTAB-Map=0.0669s, Maps update=0.0075s pub=0.0016s delay=0.1199s (local map=4, WM=5)
[superpoint_node-2] [INFO] [1768034461.723647445] [superpoint_node]: Keypoints estratti: 800
[superpoint_node-2] [ERROR] [1768034461.729662308] [superpoint_node]: Errore pubblicazione keypoints 3D: could not assign tuple of length 3 to structure with 4 fields.
[superpoint_node-2] [INFO] [1768034461.817324693] [superpoint_node]: Keypoints estratti: 800
[superpoint_node-2] [ERROR] [1768034461.823086554] [superpoint_node]: Errore pubblicazione keypoints 3D: could not assign tuple of length 3 to structure with 4 fields.
[superpoint_node-2] [INFO] [1768034461.918022497] [superpoint_node]: Keypoints estratti: 800
[superpoint_node-2] [ERROR] [1768034461.923607597] [superpoint_node]: Errore pubblicazione keypoints 3D: could not assign tuple of length 3 to structure with 4 fields.
[superpoint_node-2] [INFO] [1768034462.018015444] [superpoint_node]: Keypoints estratti: 800
[superpoint_node-2] [ERROR] [1768034462.023314153] [superpoint_node]: Errore pubblicazione keypoints 3D: could not assign tuple of length 3 to structure with 4 fields.
[superpoint_node-2] [INFO] [1768034462.117953519] [superpoint_node]: Keypoints estratti: 800
[superpoint_node-2] [ERROR] [1768034462.123608824] [superpoint_node]: Errore pubblicazione keypoints 3D: could not assign tuple of length 3 to structure with 4 fields.
[rtabmap-14] [INFO] [1768034462.159903799] [rtabmap]: rtabmap (1821): Rate=0.50s, Limit=0.001s, Conversion=0.0003s, RTAB-Map=0.0396s, Maps update=0.0018s pub=0.0014s delay=0.0904s (local map=3, WM=5)
[superpoint_node-2] [INFO] [1768034462.216887235] [superpoint_node]: Keypoints estratti: 800
[superpoint_node-2] [ERROR] [1768034462.222543336] [superpoint_node]: Errore pubblicazione keypoints 3D: could not assign tuple of length 3 to structure with 4 fields.
[superpoint_node-2] [INFO] [1768034462.318110895] [superpoint_node]: Keypoints estratti: 800
[superpoint_node-2] [ERROR] [1768034462.324388946] [superpoint_node]: Errore pubblicazione keypoints 3D: could not assign tuple of length 3 to structure with 4 fields.
[superpoint_node-2] [INFO] [1768034462.416571422] [superpoint_node]: Keypoints estratti: 800
[superpoint_node-2] [ERROR] [1768034462.422139467] [superpoint_node]: Errore pubblicazione keypoints 3D: could not assign tuple of length 3 to structure with 4 fields.
[superpoint_node-2] [INFO] [1768034462.517167911] [superpoint_node]: Keypoints estratti: 800
[superpoint_node-2] [ERROR] [1768034462.522758159] [superpoint_node]: Errore pubblicazione keypoints 3D: could not assign tuple of length 3 to structure with 4 fields.
[superpoint_node-2] [INFO] [1768034462.615835014] [superpoint_node]: Keypoints estratti: 800
[superpoint_node-2] [ERROR] [1768034462.621372724] [superpoint_node]: Errore pubblicazione keypoints 3D: could not assign tuple of length 3 to structure with 4 fields.
[superpoint_node-2] [INFO] [1768034462.717698549] [superpoint_node]: Keypoints estratti: 800
[superpoint_node-2] [ERROR] [1768034462.723843283] [superpoint_node]: Errore pubblicazione keypoints 3D: could not assign tuple of length 3 to structure with 4 fields.
[rtabmap-14] [INFO] [1768034462.785925687] [rtabmap]: rtabmap (1822): Rate=0.50s, Limit=0.001s, Conversion=0.0006s, RTAB-Map=0.0685s, Maps update=0.0029s pub=0.0014s delay=0.1163s (local map=4, WM=5)
[superpoint_node-2] [INFO] [1768034462.821040837] [superpoint_node]: Keypoints estratti: 800
[superpoint_node-2] [ERROR] [1768034462.826541881] [superpoint_node]: Errore pubblicazione keypoints 3D: could not assign tuple of length 3 to structure with 4 fields.
[superpoint_node-2] [INFO] [1768034462.918817192] [superpoint_node]: Keypoints estratti: 800
[superpoint_node-2] [ERROR] [1768034462.924324569] [superpoint_node]: Errore pubblicazione keypoints 3D: could not assign tuple of length 3 to structure with 4 fields.
[superpoint_node-2] [INFO] [1768034463.018050892] [superpoint_node]: Keypoints estratti: 800
[superpoint_node-2] [ERROR] [1768034463.023595492] [superpoint_node]: Errore pubblicazione keypoints 3D: could not assign tuple of length 3 to structure with 4 fields.
[superpoint_node-2] [INFO] [1768034463.117624224] [superpoint_node]: Keypoints estratti: 800
[superpoint_node-2] [ERROR] [1768034463.123077583] [superpoint_node]: Errore pubblicazione keypoints 3D: could not assign tuple of length 3 to structure with 4 fields.
[superpoint_node-2] [INFO] [1768034463.216792220] [superpoint_node]: Keypoints estratti: 800
[superpoint_node-2] [ERROR] [1768034463.222851231] [superpoint_node]: Errore pubblicazione keypoints 3D: could not assign tuple of length 3 to structure with 4 fields.
[rtabmap-14] [INFO] [1768034463.253254807] [rtabmap]: rtabmap (1823): Rate=0.50s, Limit=0.001s, Conversion=0.0002s, RTAB-Map=0.0378s, Maps update=0.0019s pub=0.0012s delay=0.0836s (local map=3, WM=5)
[superpoint_node-2] [INFO] [1768034463.319606800] [superpoint_node]: Keypoints estratti: 800
[superpoint_node-2] [ERROR] [1768034463.325008102] [superpoint_node]: Errore pubblicazione keypoints 3D: could not assign tuple of length 3 to structure with 4 fields.
[superpoint_node-2] [INFO] [1768034463.417841362] [superpoint_node]: Keypoints estratti: 800
[superpoint_node-2] [ERROR] [1768034463.423982911] [superpoint_node]: Errore pubblicazione keypoints 3D: could not assign tuple of length 3 to structure with 4 fields.
[superpoint_node-2] [INFO] [1768034463.518245386] [superpoint_node]: Keypoints estratti: 800
[superpoint_node-2] [ERROR] [1768034463.523968006] [superpoint_node]: Errore pubblicazione keypoints 3D: could not assign tuple of length 3 to structure with 4 fields.
[superpoint_node-2] [INFO] [1768034463.617164287] [superpoint_node]: Keypoints estratti: 800
[superpoint_node-2] [ERROR] [1768034463.622883851] [superpoint_node]: Errore pubblicazione keypoints 3D: could not assign tuple of length 3 to structure with 4 fields.
[superpoint_node-2] [INFO] [1768034463.718865896] [superpoint_node]: Keypoints estratti: 800
[superpoint_node-2] [ERROR] [1768034463.724384699] [superpoint_node]: Errore pubblicazione keypoints 3D: could not assign tuple of length 3 to structure with 4 fields.
[superpoint_node-2] [INFO] [1768034463.818274300] [superpoint_node]: Keypoints estratti: 800
[superpoint_node-2] [ERROR] [1768034463.824630203] [superpoint_node]: Errore pubblicazione keypoints 3D: could not assign tuple of length 3 to structure with 4 fields.
[rtabmap-14] [INFO] [1768034463.852326295] [rtabmap]: rtabmap (1824): Rate=0.50s, Limit=0.001s, Conversion=0.0002s, RTAB-Map=0.0364s, Maps update=0.0032s pub=0.0010s delay=0.0830s (local map=4, WM=5)
[superpoint_node-2] [INFO] [1768034463.916134934] [superpoint_node]: Keypoints estratti: 800
[superpoint_node-2] [ERROR] [1768034463.921739793] [superpoint_node]: Errore pubblicazione keypoints 3D: could not assign tuple of length 3 to structure with 4 fields.
[superpoint_node-2] [INFO] [1768034464.048446250] [superpoint_node]: Keypoints estratti: 800
[superpoint_node-2] [ERROR] [1768034464.054097128] [superpoint_node]: Errore pubblicazione keypoints 3D: could not assign tuple of length 3 to structure with 4 fields.
[superpoint_node-2] [INFO] [1768034464.144289070] [superpoint_node]: Keypoints estratti: 800
[superpoint_node-2] [ERROR] [1768034464.150031913] [superpoint_node]: Errore pubblicazione keypoints 3D: could not assign tuple of length 3 to structure with 4 fields.
[superpoint_node-2] [INFO] [1768034464.238499545] [superpoint_node]: Keypoints estratti: 800
[superpoint_node-2] [ERROR] [1768034464.244751947] [superpoint_node]: Errore pubblicazione keypoints 3D: could not assign tuple of length 3 to structure with 4 fields.
[superpoint_node-2] [INFO] [1768034464.334517886] [superpoint_node]: Keypoints estratti: 800
[superpoint_node-2] [ERROR] [1768034464.341548960] [superpoint_node]: Errore pubblicazione keypoints 3D: could not assign tuple of length 3 to structure with 4 fields.
[rtabmap-14] [INFO] [1768034464.381326241] [rtabmap]: rtabmap (1825): Rate=0.50s, Limit=0.001s, Conversion=0.0006s, RTAB-Map=0.0636s, Maps update=0.0042s pub=0.0024s delay=0.0968s (local map=3, WM=5)
[superpoint_node-2] [INFO] [1768034464.432625484] [superpoint_node]: Keypoints estratti: 800
[superpoint_node-2] [ERROR] [1768034464.438250936] [superpoint_node]: Errore pubblicazione keypoints 3D: could not assign tuple of length 3 to structure with 4 fields.
[superpoint_node-2] [INFO] [1768034464.527316796] [superpoint_node]: Keypoints estratti: 800
[superpoint_node-2] [ERROR] [1768034464.532971026] [superpoint_node]: Errore pubblicazione keypoints 3D: could not assign tuple of length 3 to structure with 4 fields.
[superpoint_node-2] [INFO] [1768034464.622625557] [superpoint_node]: Keypoints estratti: 800
[superpoint_node-2] [ERROR] [1768034464.628344565] [superpoint_node]: Errore pubblicazione keypoints 3D: could not assign tuple of length 3 to structure with 4 fields.
[superpoint_node-2] [INFO] [1768034464.719492386] [superpoint_node]: Keypoints estratti: 800
[superpoint_node-2] [ERROR] [1768034464.724899225] [superpoint_node]: Errore pubblicazione keypoints 3D: could not assign tuple of length 3 to structure with 4 fields.
[superpoint_node-2] [INFO] [1768034464.816844385] [superpoint_node]: Keypoints estratti: 800
[superpoint_node-2] [ERROR] [1768034464.822342522] [superpoint_node]: Errore pubblicazione keypoints 3D: could not assign tuple of length 3 to structure with 4 fields.
[superpoint_node-2] [INFO] [1768034464.917357577] [superpoint_node]: Keypoints estratti: 800
[superpoint_node-2] [ERROR] [1768034464.922952640] [superpoint_node]: Errore pubblicazione keypoints 3D: could not assign tuple of length 3 to structure with 4 fields.
[rtabmap-14] [INFO] [1768034464.983939794] [rtabmap]: rtabmap (1826): Rate=0.50s, Limit=0.001s, Conversion=0.0005s, RTAB-Map=0.0641s, Maps update=0.0062s pub=0.0018s delay=0.1144s (local map=4, WM=5)
[superpoint_node-2] [INFO] [1768034465.022608473] [superpoint_node]: Keypoints estratti: 800
[superpoint_node-2] [ERROR] [1768034465.028365500] [superpoint_node]: Errore pubblicazione keypoints 3D: could not assign tuple of length 3 to structure with 4 fields.
[superpoint_node-2] [INFO] [1768034465.120902425] [superpoint_node]: Keypoints estratti: 800
[superpoint_node-2] [ERROR] [1768034465.126315190] [superpoint_node]: Errore pubblicazione keypoints 3D: could not assign tuple of length 3 to structure with 4 fields.
[superpoint_node-2] [INFO] [1768034465.217351047] [superpoint_node]: Keypoints estratti: 800
[superpoint_node-2] [ERROR] [1768034465.223362076] [superpoint_node]: Errore pubblicazione keypoints 3D: could not assign tuple of length 3 to structure with 4 fields.
[superpoint_node-2] [INFO] [1768034465.315866018] [superpoint_node]: Keypoints estratti: 800
[superpoint_node-2] [ERROR] [1768034465.321063245] [superpoint_node]: Errore pubblicazione keypoints 3D: could not assign tuple of length 3 to structure with 4 fields.
[superpoint_node-2] [INFO] [1768034465.417117086] [superpoint_node]: Keypoints estratti: 800
[superpoint_node-2] [ERROR] [1768034465.423241987] [superpoint_node]: Errore pubblicazione keypoints 3D: could not assign tuple of length 3 to structure with 4 fields.
[superpoint_node-2] [INFO] [1768034465.516759919] [superpoint_node]: Keypoints estratti: 800
[superpoint_node-2] [ERROR] [1768034465.522476094] [superpoint_node]: Errore pubblicazione keypoints 3D: could not assign tuple of length 3 to structure with 4 fields.
[rtabmap-14] [INFO] [1768034465.588738253] [rtabmap]: rtabmap (1827): Rate=0.50s, Limit=0.001s, Conversion=0.0003s, RTAB-Map=0.0705s, Maps update=0.0010s pub=0.0009s delay=0.1193s (local map=3, WM=5)
[superpoint_node-2] [INFO] [1768034465.620841732] [superpoint_node]: Keypoints estratti: 800
[superpoint_node-2] [ERROR] [1768034465.626803038] [superpoint_node]: Errore pubblicazione keypoints 3D: could not assign tuple of length 3 to structure with 4 fields.
[superpoint_node-2] [INFO] [1768034465.720647066] [superpoint_node]: Keypoints estratti: 800
[superpoint_node-2] [ERROR] [1768034465.726444390] [superpoint_node]: Errore pubblicazione keypoints 3D: could not assign tuple of length 3 to structure with 4 fields.
[superpoint_node-2] [INFO] [1768034465.823342886] [superpoint_node]: Keypoints estratti: 800
[superpoint_node-2] [ERROR] [1768034465.829230970] [superpoint_node]: Errore pubblicazione keypoints 3D: could not assign tuple of length 3 to structure with 4 fields.
[superpoint_node-2] [INFO] [1768034465.918367719] [superpoint_node]: Keypoints estratti: 800
[superpoint_node-2] [ERROR] [1768034465.923854411] [superpoint_node]: Errore pubblicazione keypoints 3D: could not assign tuple of length 3 to structure with 4 fields.
[superpoint_node-2] [INFO] [1768034466.015843349] [superpoint_node]: Keypoints estratti: 800
[superpoint_node-2] [ERROR] [1768034466.021565024] [superpoint_node]: Errore pubblicazione keypoints 3D: could not assign tuple of length 3 to structure with 4 fields.
[rtabmap-14] [INFO] [1768034466.090636039] [rtabmap]: rtabmap (1828): Rate=0.50s, Limit=0.001s, Conversion=0.0006s, RTAB-Map=0.0715s, Maps update=0.0021s pub=0.0014s delay=0.1211s (local map=4, WM=5)
[superpoint_node-2] [INFO] [1768034466.121161690] [superpoint_node]: Keypoints estratti: 800
[superpoint_node-2] [ERROR] [1768034466.127118756] [superpoint_node]: Errore pubblicazione keypoints 3D: could not assign tuple of length 3 to structure with 4 fields.
[superpoint_node-2] [INFO] [1768034466.219694662] [superpoint_node]: Keypoints estratti: 800
[superpoint_node-2] [ERROR] [1768034466.226131824] [superpoint_node]: Errore pubblicazione keypoints 3D: could not assign tuple of length 3 to structure with 4 fields.
[superpoint_node-2] [INFO] [1768034466.320196205] [superpoint_node]: Keypoints estratti: 800
[superpoint_node-2] [ERROR] [1768034466.325948270] [superpoint_node]: Errore pubblicazione keypoints 3D: could not assign tuple of length 3 to structure with 4 fields.
[superpoint_node-2] [INFO] [1768034466.419712648] [superpoint_node]: Keypoints estratti: 800
[superpoint_node-2] [ERROR] [1768034466.425758085] [superpoint_node]: Errore pubblicazione keypoints 3D: could not assign tuple of length 3 to structure with 4 fields.
[superpoint_node-2] [INFO] [1768034466.517917821] [superpoint_node]: Keypoints estratti: 800
[superpoint_node-2] [ERROR] [1768034466.523929295] [superpoint_node]: Errore pubblicazione keypoints 3D: could not assign tuple of length 3 to structure with 4 fields.
[superpoint_node-2] [INFO] [1768034466.620816495] [superpoint_node]: Keypoints estratti: 800
[superpoint_node-2] [ERROR] [1768034466.626625671] [superpoint_node]: Errore pubblicazione keypoints 3D: could not assign tuple of length 3 to structure with 4 fields.
[rtabmap-14] [INFO] [1768034466.696457932] [rtabmap]: rtabmap (1829): Rate=0.50s, Limit=0.001s, Conversion=0.0007s, RTAB-Map=0.0798s, Maps update=0.0023s pub=0.0011s delay=0.1270s (local map=3, WM=5)
[superpoint_node-2] [INFO] [1768034466.739100939] [superpoint_node]: Keypoints estratti: 800
[superpoint_node-2] [ERROR] [1768034466.744727817] [superpoint_node]: Errore pubblicazione keypoints 3D: could not assign tuple of length 3 to structure with 4 fields.
[superpoint_node-2] [INFO] [1768034466.838006284] [superpoint_node]: Keypoints estratti: 800
[superpoint_node-2] [ERROR] [1768034466.843888443] [superpoint_node]: Errore pubblicazione keypoints 3D: could not assign tuple of length 3 to structure with 4 fields.
[superpoint_node-2] [INFO] [1768034466.934090607] [superpoint_node]: Keypoints estratti: 800
[superpoint_node-2] [ERROR] [1768034466.940828143] [superpoint_node]: Errore pubblicazione keypoints 3D: could not assign tuple of length 3 to structure with 4 fields.
[superpoint_node-2] [INFO] [1768034467.032000408] [superpoint_node]: Keypoints estratti: 800
[superpoint_node-2] [ERROR] [1768034467.037706805] [superpoint_node]: Errore pubblicazione keypoints 3D: could not assign tuple of length 3 to structure with 4 fields.
[superpoint_node-2] [INFO] [1768034467.131966650] [superpoint_node]: Keypoints estratti: 800
[superpoint_node-2] [ERROR] [1768034467.138563314] [superpoint_node]: Errore pubblicazione keypoints 3D: could not assign tuple of length 3 to structure with 4 fields.
[rtabmap-14] [INFO] [1768034467.155709877] [rtabmap]: rtabmap (1830): Rate=0.50s, Limit=0.001s, Conversion=0.0003s, RTAB-Map=0.0368s, Maps update=0.0010s pub=0.0012s delay=0.0746s (local map=4, WM=5)
[superpoint_node-2] [INFO] [1768034467.270436756] [superpoint_node]: Keypoints estratti: 800
[superpoint_node-2] [ERROR] [1768034467.276448508] [superpoint_node]: Errore pubblicazione keypoints 3D: could not assign tuple of length 3 to structure with 4 fields.
[superpoint_node-2] [INFO] [1768034467.365628850] [superpoint_node]: Keypoints estratti: 800
[superpoint_node-2] [ERROR] [1768034467.371369544] [superpoint_node]: Errore pubblicazione keypoints 3D: could not assign tuple of length 3 to structure with 4 fields.
[superpoint_node-2] [INFO] [1768034467.464838938] [superpoint_node]: Keypoints estratti: 800
[superpoint_node-2] [ERROR] [1768034467.471522140] [superpoint_node]: Errore pubblicazione keypoints 3D: could not assign tuple of length 3 to structure with 4 fields.
[superpoint_node-2] [INFO] [1768034467.563276243] [superpoint_node]: Keypoints estratti: 800
[superpoint_node-2] [ERROR] [1768034467.568891565] [superpoint_node]: Errore pubblicazione keypoints 3D: could not assign tuple of length 3 to structure with 4 fields.
[superpoint_node-2] [INFO] [1768034467.664892925] [superpoint_node]: Keypoints estratti: 800
[superpoint_node-2] [ERROR] [1768034467.671455496] [superpoint_node]: Errore pubblicazione keypoints 3D: could not assign tuple of length 3 to structure with 4 fields.
[rtabmap-14] [INFO] [1768034467.731500586] [rtabmap]: rtabmap (1831): Rate=0.50s, Limit=0.001s, Conversion=0.0003s, RTAB-Map=0.0696s, Maps update=0.0080s pub=0.0051s delay=0.1189s (local map=3, WM=5)
[superpoint_node-2] [INFO] [1768034467.767897877] [superpoint_node]: Keypoints estratti: 800
[superpoint_node-2] [ERROR] [1768034467.774500652] [superpoint_node]: Errore pubblicazione keypoints 3D: could not assign tuple of length 3 to structure with 4 fields.
[superpoint_node-2] [INFO] [1768034467.866809222] [superpoint_node]: Keypoints estratti: 800
[superpoint_node-2] [ERROR] [1768034467.872687102] [superpoint_node]: Errore pubblicazione keypoints 3D: could not assign tuple of length 3 to structure with 4 fields.
[superpoint_node-2] [INFO] [1768034467.962975416] [superpoint_node]: Keypoints estratti: 800
[superpoint_node-2] [ERROR] [1768034467.968902167] [superpoint_node]: Errore pubblicazione keypoints 3D: could not assign tuple of length 3 to structure with 4 fields.
[superpoint_node-2] [INFO] [1768034468.060539528] [superpoint_node]: Keypoints estratti: 800
[superpoint_node-2] [ERROR] [1768034468.066386112] [superpoint_node]: Errore pubblicazione keypoints 3D: could not assign tuple of length 3 to structure with 4 fields.
[superpoint_node-2] [INFO] [1768034468.160028804] [superpoint_node]: Keypoints estratti: 800
[superpoint_node-2] [ERROR] [1768034468.165710702] [superpoint_node]: Errore pubblicazione keypoints 3D: could not assign tuple of length 3 to structure with 4 fields.
[superpoint_node-2] [INFO] [1768034468.259660026] [superpoint_node]: Keypoints estratti: 800
[superpoint_node-2] [ERROR] [1768034468.265603018] [superpoint_node]: Errore pubblicazione keypoints 3D: could not assign tuple of length 3 to structure with 4 fields.
[rtabmap-14] [INFO] [1768034468.336421232] [rtabmap]: rtabmap (1832): Rate=0.50s, Limit=0.001s, Conversion=0.0006s, RTAB-Map=0.0789s, Maps update=0.0026s pub=0.0010s delay=0.1286s (local map=4, WM=5)
[superpoint_node-2] [INFO] [1768034468.361122966] [superpoint_node]: Keypoints estratti: 800
[superpoint_node-2] [ERROR] [1768034468.367886872] [superpoint_node]: Errore pubblicazione keypoints 3D: could not assign tuple of length 3 to structure with 4 fields.
[superpoint_node-2] [INFO] [1768034468.462861871] [superpoint_node]: Keypoints estratti: 800
[superpoint_node-2] [ERROR] [1768034468.469218662] [superpoint_node]: Errore pubblicazione keypoints 3D: could not assign tuple of length 3 to structure with 4 fields.
[superpoint_node-2] [INFO] [1768034468.560847153] [superpoint_node]: Keypoints estratti: 800
[superpoint_node-2] [ERROR] [1768034468.566612829] [superpoint_node]: Errore pubblicazione keypoints 3D: could not assign tuple of length 3 to structure with 4 fields.
[superpoint_node-2] [INFO] [1768034468.660390282] [superpoint_node]: Keypoints estratti: 800
[superpoint_node-2] [ERROR] [1768034468.666222495] [superpoint_node]: Errore pubblicazione keypoints 3D: could not assign tuple of length 3 to structure with 4 fields.
[superpoint_node-2] [INFO] [1768034468.758472583] [superpoint_node]: Keypoints estratti: 800
[superpoint_node-2] [ERROR] [1768034468.764342815] [superpoint_node]: Errore pubblicazione keypoints 3D: could not assign tuple of length 3 to structure with 4 fields.
[superpoint_node-2] [INFO] [1768034468.856323142] [superpoint_node]: Keypoints estratti: 800
[superpoint_node-2] [ERROR] [1768034468.862944158] [superpoint_node]: Errore pubblicazione keypoints 3D: could not assign tuple of length 3 to structure with 4 fields.
[rtabmap-14] [INFO] [1768034468.891465701] [rtabmap]: rtabmap (1833): Rate=0.50s, Limit=0.001s, Conversion=0.0002s, RTAB-Map=0.0400s, Maps update=0.0003s pub=0.0010s delay=0.0847s (local map=3, WM=5)
[superpoint_node-2] [INFO] [1768034468.959831302] [superpoint_node]: Keypoints estratti: 800
[superpoint_node-2] [ERROR] [1768034468.965794591] [superpoint_node]: Errore pubblicazione keypoints 3D: could not assign tuple of length 3 to structure with 4 fields.
[superpoint_node-2] [INFO] [1768034469.059012428] [superpoint_node]: Keypoints estratti: 800
[superpoint_node-2] [ERROR] [1768034469.064731677] [superpoint_node]: Errore pubblicazione keypoints 3D: could not assign tuple of length 3 to structure with 4 fields.
[superpoint_node-2] [INFO] [1768034469.158062589] [superpoint_node]: Keypoints estratti: 800
[superpoint_node-2] [ERROR] [1768034469.163977840] [superpoint_node]: Errore pubblicazione keypoints 3D: could not assign tuple of length 3 to structure with 4 fields.
[superpoint_node-2] [INFO] [1768034469.257039231] [superpoint_node]: Keypoints estratti: 800
[superpoint_node-2] [ERROR] [1768034469.263053353] [superpoint_node]: Errore pubblicazione keypoints 3D: could not assign tuple of length 3 to structure with 4 fields.
[superpoint_node-2] [INFO] [1768034469.357687776] [superpoint_node]: Keypoints estratti: 800
[superpoint_node-2] [ERROR] [1768034469.363685601] [superpoint_node]: Errore pubblicazione keypoints 3D: could not assign tuple of length 3 to structure with 4 fields.
[superpoint_node-2] [INFO] [1768034469.454307047] [superpoint_node]: Keypoints estratti: 800
[superpoint_node-2] [ERROR] [1768034469.460404800] [superpoint_node]: Errore pubblicazione keypoints 3D: could not assign tuple of length 3 to structure with 4 fields.
[rtabmap-14] [INFO] [1768034469.526606921] [rtabmap]: rtabmap (1834): Rate=0.50s, Limit=0.001s, Conversion=0.0007s, RTAB-Map=0.0707s, Maps update=0.0016s pub=0.0013s delay=0.1203s (local map=4, WM=5)
[superpoint_node-2] [INFO] [1768034469.556382900] [superpoint_node]: Keypoints estratti: 800
[superpoint_node-2] [ERROR] [1768034469.562318058] [superpoint_node]: Errore pubblicazione keypoints 3D: could not assign tuple of length 3 to structure with 4 fields.
[superpoint_node-2] [INFO] [1768034469.653936679] [superpoint_node]: Keypoints estratti: 800
[superpoint_node-2] [ERROR] [1768034469.660079191] [superpoint_node]: Errore pubblicazione keypoints 3D: could not assign tuple of length 3 to structure with 4 fields.
[superpoint_node-2] [INFO] [1768034469.754973152] [superpoint_node]: Keypoints estratti: 800
[superpoint_node-2] [ERROR] [1768034469.760994626] [superpoint_node]: Errore pubblicazione keypoints 3D: could not assign tuple of length 3 to structure with 4 fields.
[superpoint_node-2] [INFO] [1768034469.852137780] [superpoint_node]: Keypoints estratti: 800
[superpoint_node-2] [ERROR] [1768034469.858342218] [superpoint_node]: Errore pubblicazione keypoints 3D: could not assign tuple of length 3 to structure with 4 fields.
[superpoint_node-2] [INFO] [1768034469.949400742] [superpoint_node]: Keypoints estratti: 800
[superpoint_node-2] [ERROR] [1768034469.955431105] [superpoint_node]: Errore pubblicazione keypoints 3D: could not assign tuple of length 3 to structure with 4 fields.
[superpoint_node-2] [INFO] [1768034470.052618640] [superpoint_node]: Keypoints estratti: 800
[superpoint_node-2] [ERROR] [1768034470.059735604] [superpoint_node]: Errore pubblicazione keypoints 3D: could not assign tuple of length 3 to structure with 4 fields.
[rtabmap-14] [INFO] [1768034470.091249226] [rtabmap]: rtabmap (1835): Rate=0.50s, Limit=0.001s, Conversion=0.0002s, RTAB-Map=0.0693s, Maps update=0.0008s pub=0.0022s delay=0.0941s (local map=3, WM=5)
[superpoint_node-2] [INFO] [1768034470.155256608] [superpoint_node]: Keypoints estratti: 800
[superpoint_node-2] [ERROR] [1768034470.161027913] [superpoint_node]: Errore pubblicazione keypoints 3D: could not assign tuple of length 3 to structure with 4 fields.
[superpoint_node-2] [INFO] [1768034470.250752056] [superpoint_node]: Keypoints estratti: 800
[superpoint_node-2] [ERROR] [1768034470.256452120] [superpoint_node]: Errore pubblicazione keypoints 3D: could not assign tuple of length 3 to structure with 4 fields.
[superpoint_node-2] [INFO] [1768034470.346227948] [superpoint_node]: Keypoints estratti: 800
[superpoint_node-2] [ERROR] [1768034470.352247774] [superpoint_node]: Errore pubblicazione keypoints 3D: could not assign tuple of length 3 to structure with 4 fields.
[superpoint_node-2] [INFO] [1768034470.442647866] [superpoint_node]: Keypoints estratti: 800
[superpoint_node-2] [ERROR] [1768034470.449958572] [superpoint_node]: Errore pubblicazione keypoints 3D: could not assign tuple of length 3 to structure with 4 fields.
[superpoint_node-2] [INFO] [1768034470.541792213] [superpoint_node]: Keypoints estratti: 800
[superpoint_node-2] [ERROR] [1768034470.548285709] [superpoint_node]: Errore pubblicazione keypoints 3D: could not assign tuple of length 3 to structure with 4 fields.
[superpoint_node-2] [INFO] [1768034470.641832901] [superpoint_node]: Keypoints estratti: 800
[superpoint_node-2] [ERROR] [1768034470.647840171] [superpoint_node]: Errore pubblicazione keypoints 3D: could not assign tuple of length 3 to structure with 4 fields.
[rtabmap-14] [INFO] [1768034470.653388641] [rtabmap]: rtabmap (1836): Rate=0.50s, Limit=0.001s, Conversion=0.0002s, RTAB-Map=0.0384s, Maps update=0.0003s pub=0.0010s delay=0.0638s (local map=4, WM=5)
[superpoint_node-2] [INFO] [1768034470.738764694] [superpoint_node]: Keypoints estratti: 800
[superpoint_node-2] [ERROR] [1768034470.744872446] [superpoint_node]: Errore pubblicazione keypoints 3D: could not assign tuple of length 3 to structure with 4 fields.
[superpoint_node-2] [INFO] [1768034470.835500744] [superpoint_node]: Keypoints estratti: 800
[superpoint_node-2] [ERROR] [1768034470.841602904] [superpoint_node]: Errore pubblicazione keypoints 3D: could not assign tuple of length 3 to structure with 4 fields.
[superpoint_node-2] [INFO] [1768034470.933437137] [superpoint_node]: Keypoints estratti: 800
[superpoint_node-2] [ERROR] [1768034470.939671187] [superpoint_node]: Errore pubblicazione keypoints 3D: could not assign tuple of length 3 to structure with 4 fields.
[superpoint_node-2] [INFO] [1768034471.030205058] [superpoint_node]: Keypoints estratti: 800
[superpoint_node-2] [ERROR] [1768034471.036026530] [superpoint_node]: Errore pubblicazione keypoints 3D: could not assign tuple of length 3 to structure with 4 fields.
[superpoint_node-2] [INFO] [1768034471.163319306] [superpoint_node]: Keypoints estratti: 800
[superpoint_node-2] [ERROR] [1768034471.169060352] [superpoint_node]: Errore pubblicazione keypoints 3D: could not assign tuple of length 3 to structure with 4 fields.
[rtabmap-14] [INFO] [1768034471.252403462] [rtabmap]: rtabmap (1837): Rate=0.50s, Limit=0.001s, Conversion=0.0002s, RTAB-Map=0.0660s, Maps update=0.0041s pub=0.0013s delay=0.1375s (local map=3, WM=5)
[superpoint_node-2] [INFO] [1768034471.266693409] [superpoint_node]: Keypoints estratti: 800
[superpoint_node-2] [ERROR] [1768034471.272416566] [superpoint_node]: Errore pubblicazione keypoints 3D: could not assign tuple of length 3 to structure with 4 fields.
[superpoint_node-2] [INFO] [1768034471.368601390] [superpoint_node]: Keypoints estratti: 800
[superpoint_node-2] [ERROR] [1768034471.375353999] [superpoint_node]: Errore pubblicazione keypoints 3D: could not assign tuple of length 3 to structure with 4 fields.
[superpoint_node-2] [INFO] [1768034471.469907625] [superpoint_node]: Keypoints estratti: 800
[superpoint_node-2] [ERROR] [1768034471.476464548] [superpoint_node]: Errore pubblicazione keypoints 3D: could not assign tuple of length 3 to structure with 4 fields.
[superpoint_node-2] [INFO] [1768034471.566827362] [superpoint_node]: Keypoints estratti: 800
[superpoint_node-2] [ERROR] [1768034471.572815743] [superpoint_node]: Errore pubblicazione keypoints 3D: could not assign tuple of length 3 to structure with 4 fields.
[superpoint_node-2] [INFO] [1768034471.665296444] [superpoint_node]: Keypoints estratti: 800
[superpoint_node-2] [ERROR] [1768034471.671163158] [superpoint_node]: Errore pubblicazione keypoints 3D: could not assign tuple of length 3 to structure with 4 fields.
[superpoint_node-2] [INFO] [1768034471.768446268] [superpoint_node]: Keypoints estratti: 800
[superpoint_node-2] [ERROR] [1768034471.776841150] [superpoint_node]: Errore pubblicazione keypoints 3D: could not assign tuple of length 3 to structure with 4 fields.
[rtabmap-14] [INFO] [1768034471.816510078] [rtabmap]: rtabmap (1838): Rate=0.50s, Limit=0.001s, Conversion=0.0010s, RTAB-Map=0.0683s, Maps update=0.0003s pub=0.0009s delay=0.1039s (local map=4, WM=5)
[superpoint_node-2] [INFO] [1768034471.874192057] [superpoint_node]: Keypoints estratti: 800
[superpoint_node-2] [ERROR] [1768034471.880810128] [superpoint_node]: Errore pubblicazione keypoints 3D: could not assign tuple of length 3 to structure with 4 fields.
[superpoint_node-2] [INFO] [1768034471.974254301] [superpoint_node]: Keypoints estratti: 800
[superpoint_node-2] [ERROR] [1768034471.980096532] [superpoint_node]: Errore pubblicazione keypoints 3D: could not assign tuple of length 3 to structure with 4 fields.
[superpoint_node-2] [INFO] [1768034472.069339486] [superpoint_node]: Keypoints estratti: 800
[superpoint_node-2] [ERROR] [1768034472.076060317] [superpoint_node]: Errore pubblicazione keypoints 3D: could not assign tuple of length 3 to structure with 4 fields.
[superpoint_node-2] [INFO] [1768034472.167947440] [superpoint_node]: Keypoints estratti: 800
[superpoint_node-2] [ERROR] [1768034472.174705364] [superpoint_node]: Errore pubblicazione keypoints 3D: could not assign tuple of length 3 to structure with 4 fields.
[superpoint_node-2] [INFO] [1768034472.268508928] [superpoint_node]: Keypoints estratti: 800
[superpoint_node-2] [ERROR] [1768034472.275078870] [superpoint_node]: Errore pubblicazione keypoints 3D: could not assign tuple of length 3 to structure with 4 fields.
[rtabmap-14] [INFO] [1768034472.311507290] [rtabmap]: rtabmap (1839): Rate=0.50s, Limit=0.001s, Conversion=0.0009s, RTAB-Map=0.0547s, Maps update=0.0022s pub=0.0019s delay=0.0950s (local map=3, WM=5)
[superpoint_node-2] [INFO] [1768034472.367515756] [superpoint_node]: Keypoints estratti: 800
[superpoint_node-2] [ERROR] [1768034472.373905529] [superpoint_node]: Errore pubblicazione keypoints 3D: could not assign tuple of length 3 to structure with 4 fields.
[superpoint_node-2] [INFO] [1768034472.466527917] [superpoint_node]: Keypoints estratti: 800
[superpoint_node-2] [ERROR] [1768034472.472240351] [superpoint_node]: Errore pubblicazione keypoints 3D: could not assign tuple of length 3 to structure with 4 fields.
[superpoint_node-2] [INFO] [1768034472.560993856] [superpoint_node]: Keypoints estratti: 800
[superpoint_node-2] [ERROR] [1768034472.566688309] [superpoint_node]: Errore pubblicazione keypoints 3D: could not assign tuple of length 3 to structure with 4 fields.
[superpoint_node-2] [INFO] [1768034472.662767058] [superpoint_node]: Keypoints estratti: 800
[superpoint_node-2] [ERROR] [1768034472.668697957] [superpoint_node]: Errore pubblicazione keypoints 3D: could not assign tuple of length 3 to structure with 4 fields.
[superpoint_node-2] [INFO] [1768034472.761506291] [superpoint_node]: Keypoints estratti: 800
[superpoint_node-2] [ERROR] [1768034472.767987084] [superpoint_node]: Errore pubblicazione keypoints 3D: could not assign tuple of length 3 to structure with 4 fields.
[superpoint_node-2] [INFO] [1768034472.860306191] [superpoint_node]: Keypoints estratti: 800
[superpoint_node-2] [ERROR] [1768034472.867153987] [superpoint_node]: Errore pubblicazione keypoints 3D: could not assign tuple of length 3 to structure with 4 fields.
[rtabmap-14] [INFO] [1768034472.914096565] [rtabmap]: rtabmap (1840): Rate=0.50s, Limit=0.001s, Conversion=0.0003s, RTAB-Map=0.0618s, Maps update=0.0048s pub=0.0018s delay=0.1046s (local map=4, WM=5)
[superpoint_node-2] [INFO] [1768034472.965248048] [superpoint_node]: Keypoints estratti: 800
[superpoint_node-2] [ERROR] [1768034472.971028612] [superpoint_node]: Errore pubblicazione keypoints 3D: could not assign tuple of length 3 to structure with 4 fields.
[superpoint_node-2] [INFO] [1768034473.062321971] [superpoint_node]: Keypoints estratti: 800
[superpoint_node-2] [ERROR] [1768034473.068522224] [superpoint_node]: Errore pubblicazione keypoints 3D: could not assign tuple of length 3 to structure with 4 fields.
[superpoint_node-2] [INFO] [1768034473.163474649] [superpoint_node]: Keypoints estratti: 800
[superpoint_node-2] [ERROR] [1768034473.169306048] [superpoint_node]: Errore pubblicazione keypoints 3D: could not assign tuple of length 3 to structure with 4 fields.
[superpoint_node-2] [INFO] [1768034473.261320505] [superpoint_node]: Keypoints estratti: 800
[superpoint_node-2] [ERROR] [1768034473.267033254] [superpoint_node]: Errore pubblicazione keypoints 3D: could not assign tuple of length 3 to structure with 4 fields.
[superpoint_node-2] [INFO] [1768034473.360159109] [superpoint_node]: Keypoints estratti: 800
[superpoint_node-2] [ERROR] [1768034473.365809061] [superpoint_node]: Errore pubblicazione keypoints 3D: could not assign tuple of length 3 to structure with 4 fields.
[superpoint_node-2] [INFO] [1768034473.458897842] [superpoint_node]: Keypoints estratti: 800
[superpoint_node-2] [ERROR] [1768034473.465225781] [superpoint_node]: Errore pubblicazione keypoints 3D: could not assign tuple of length 3 to structure with 4 fields.
[rtabmap-14] [INFO] [1768034473.509011853] [rtabmap]: rtabmap (1841): Rate=0.50s, Limit=0.001s, Conversion=0.0007s, RTAB-Map=0.0615s, Maps update=0.0029s pub=0.0010s delay=0.1014s (local map=3, WM=5)
[superpoint_node-2] [INFO] [1768034473.563246046] [superpoint_node]: Keypoints estratti: 800
[superpoint_node-2] [ERROR] [1768034473.569072259] [superpoint_node]: Errore pubblicazione keypoints 3D: could not assign tuple of length 3 to structure with 4 fields.
[superpoint_node-2] [INFO] [1768034473.664265334] [superpoint_node]: Keypoints estratti: 800
[superpoint_node-2] [ERROR] [1768034473.669837952] [superpoint_node]: Errore pubblicazione keypoints 3D: could not assign tuple of length 3 to structure with 4 fields.
[superpoint_node-2] [INFO] [1768034473.760359731] [superpoint_node]: Keypoints estratti: 800
[superpoint_node-2] [ERROR] [1768034473.766096258] [superpoint_node]: Errore pubblicazione keypoints 3D: could not assign tuple of length 3 to structure with 4 fields.
[superpoint_node-2] [INFO] [1768034473.865184438] [superpoint_node]: Keypoints estratti: 800
[superpoint_node-2] [ERROR] [1768034473.871771195] [superpoint_node]: Errore pubblicazione keypoints 3D: could not assign tuple of length 3 to structure with 4 fields.
[superpoint_node-2] [INFO] [1768034473.962661680] [superpoint_node]: Keypoints estratti: 800
[superpoint_node-2] [ERROR] [1768034473.968426652] [superpoint_node]: Errore pubblicazione keypoints 3D: could not assign tuple of length 3 to structure with 4 fields.
[rtabmap-14] [INFO] [1768034474.054436913] [rtabmap]: rtabmap (1842): Rate=0.50s, Limit=0.001s, Conversion=0.0002s, RTAB-Map=0.0750s, Maps update=0.0021s pub=0.0014s delay=0.1414s (local map=4, WM=5)
[superpoint_node-2] [INFO] [1768034474.068178615] [superpoint_node]: Keypoints estratti: 800
[superpoint_node-2] [ERROR] [1768034474.074702926] [superpoint_node]: Errore pubblicazione keypoints 3D: could not assign tuple of length 3 to structure with 4 fields.
[superpoint_node-2] [INFO] [1768034474.167415500] [superpoint_node]: Keypoints estratti: 800
[superpoint_node-2] [ERROR] [1768034474.173353566] [superpoint_node]: Errore pubblicazione keypoints 3D: could not assign tuple of length 3 to structure with 4 fields.
[superpoint_node-2] [INFO] [1768034474.265604488] [superpoint_node]: Keypoints estratti: 800
[superpoint_node-2] [ERROR] [1768034474.271313348] [superpoint_node]: Errore pubblicazione keypoints 3D: could not assign tuple of length 3 to structure with 4 fields.
[superpoint_node-2] [INFO] [1768034474.362358483] [superpoint_node]: Keypoints estratti: 800
[superpoint_node-2] [ERROR] [1768034474.368089973] [superpoint_node]: Errore pubblicazione keypoints 3D: could not assign tuple of length 3 to structure with 4 fields.
[superpoint_node-2] [INFO] [1768034474.461341866] [superpoint_node]: Keypoints estratti: 800
[superpoint_node-2] [ERROR] [1768034474.467189079] [superpoint_node]: Errore pubblicazione keypoints 3D: could not assign tuple of length 3 to structure with 4 fields.
[superpoint_node-2] [INFO] [1768034474.559713503] [superpoint_node]: Keypoints estratti: 800
[superpoint_node-2] [ERROR] [1768034474.565811496] [superpoint_node]: Errore pubblicazione keypoints 3D: could not assign tuple of length 3 to structure with 4 fields.
[rtabmap-14] [INFO] [1768034474.625460306] [rtabmap]: rtabmap (1843): Rate=0.50s, Limit=0.001s, Conversion=0.0007s, RTAB-Map=0.0740s, Maps update=0.0043s pub=0.0014s delay=0.1167s (local map=3, WM=5)
[superpoint_node-2] [INFO] [1768034474.659676894] [superpoint_node]: Keypoints estratti: 800
[superpoint_node-2] [ERROR] [1768034474.665415903] [superpoint_node]: Errore pubblicazione keypoints 3D: could not assign tuple of length 3 to structure with 4 fields.
[superpoint_node-2] [INFO] [1768034474.757658084] [superpoint_node]: Keypoints estratti: 800
[superpoint_node-2] [ERROR] [1768034474.763308222] [superpoint_node]: Errore pubblicazione keypoints 3D: could not assign tuple of length 3 to structure with 4 fields.
[superpoint_node-2] [INFO] [1768034474.856114315] [superpoint_node]: Keypoints estratti: 800
[superpoint_node-2] [ERROR] [1768034474.861789379] [superpoint_node]: Errore pubblicazione keypoints 3D: could not assign tuple of length 3 to structure with 4 fields.
[superpoint_node-2] [INFO] [1768034474.954082282] [superpoint_node]: Keypoints estratti: 800
[superpoint_node-2] [ERROR] [1768034474.959822791] [superpoint_node]: Errore pubblicazione keypoints 3D: could not assign tuple of length 3 to structure with 4 fields.
[superpoint_node-2] [INFO] [1768034475.051621598] [superpoint_node]: Keypoints estratti: 800
[superpoint_node-2] [ERROR] [1768034475.058007983] [superpoint_node]: Errore pubblicazione keypoints 3D: could not assign tuple of length 3 to structure with 4 fields.
[superpoint_node-2] [INFO] [1768034475.152551145] [superpoint_node]: Keypoints estratti: 800
[superpoint_node-2] [ERROR] [1768034475.158905511] [superpoint_node]: Errore pubblicazione keypoints 3D: could not assign tuple of length 3 to structure with 4 fields.
[rtabmap-14] [INFO] [1768034475.190055907] [rtabmap]: rtabmap (1844): Rate=0.50s, Limit=0.001s, Conversion=0.0014s, RTAB-Map=0.0719s, Maps update=0.0009s pub=0.0029s delay=0.0906s (local map=4, WM=5)
[superpoint_node-2] [INFO] [1768034475.256196973] [superpoint_node]: Keypoints estratti: 800
[superpoint_node-2] [ERROR] [1768034475.263570791] [superpoint_node]: Errore pubblicazione keypoints 3D: could not assign tuple of length 3 to structure with 4 fields.
[superpoint_node-2] [INFO] [1768034475.353998550] [superpoint_node]: Keypoints estratti: 800
[superpoint_node-2] [ERROR] [1768034475.360506250] [superpoint_node]: Errore pubblicazione keypoints 3D: could not assign tuple of length 3 to structure with 4 fields.
[superpoint_node-2] [INFO] [1768034475.451698664] [superpoint_node]: Keypoints estratti: 800
[superpoint_node-2] [ERROR] [1768034475.457768360] [superpoint_node]: Errore pubblicazione keypoints 3D: could not assign tuple of length 3 to structure with 4 fields.
[superpoint_node-2] [INFO] [1768034475.549453704] [superpoint_node]: Keypoints estratti: 800
[superpoint_node-2] [ERROR] [1768034475.555084267] [superpoint_node]: Errore pubblicazione keypoints 3D: could not assign tuple of length 3 to structure with 4 fields.
[superpoint_node-2] [INFO] [1768034475.644034996] [superpoint_node]: Keypoints estratti: 800
[superpoint_node-2] [ERROR] [1768034475.650001081] [superpoint_node]: Errore pubblicazione keypoints 3D: could not assign tuple of length 3 to structure with 4 fields.
[superpoint_node-2] [INFO] [1768034475.745130062] [superpoint_node]: Keypoints estratti: 800
[superpoint_node-2] [ERROR] [1768034475.751202574] [superpoint_node]: Errore pubblicazione keypoints 3D: could not assign tuple of length 3 to structure with 4 fields.
[rtabmap-14] [INFO] [1768034475.793786155] [rtabmap]: rtabmap (1845): Rate=0.50s, Limit=0.001s, Conversion=0.0006s, RTAB-Map=0.0698s, Maps update=0.0026s pub=0.0039s delay=0.1028s (local map=3, WM=5)
[superpoint_node-2] [INFO] [1768034475.851447300] [superpoint_node]: Keypoints estratti: 800
[superpoint_node-2] [ERROR] [1768034475.858110224] [superpoint_node]: Errore pubblicazione keypoints 3D: could not assign tuple of length 3 to structure with 4 fields.
[superpoint_node-2] [INFO] [1768034475.956684289] [superpoint_node]: Keypoints estratti: 800
[superpoint_node-2] [ERROR] [1768034475.962359982] [superpoint_node]: Errore pubblicazione keypoints 3D: could not assign tuple of length 3 to structure with 4 fields.
[superpoint_node-2] [INFO] [1768034476.053935492] [superpoint_node]: Keypoints estratti: 800
[superpoint_node-2] [ERROR] [1768034476.060584341] [superpoint_node]: Errore pubblicazione keypoints 3D: could not assign tuple of length 3 to structure with 4 fields.
[superpoint_node-2] [INFO] [1768034476.153150877] [superpoint_node]: Keypoints estratti: 800
[superpoint_node-2] [ERROR] [1768034476.158866607] [superpoint_node]: Errore pubblicazione keypoints 3D: could not assign tuple of length 3 to structure with 4 fields.
[superpoint_node-2] [INFO] [1768034476.254432222] [superpoint_node]: Keypoints estratti: 800
[superpoint_node-2] [ERROR] [1768034476.260342418] [superpoint_node]: Errore pubblicazione keypoints 3D: could not assign tuple of length 3 to structure with 4 fields.
[rtabmap-14] [INFO] [1768034476.261622465] [rtabmap]: rtabmap (1846): Rate=0.50s, Limit=0.001s, Conversion=0.0002s, RTAB-Map=0.0404s, Maps update=0.0003s pub=0.0008s delay=0.0623s (local map=4, WM=5)
[superpoint_node-2] [INFO] [1768034476.351265329] [superpoint_node]: Keypoints estratti: 800
[superpoint_node-2] [ERROR] [1768034476.356897300] [superpoint_node]: Errore pubblicazione keypoints 3D: could not assign tuple of length 3 to structure with 4 fields.
[superpoint_node-2] [INFO] [1768034476.446509256] [superpoint_node]: Keypoints estratti: 800
[superpoint_node-2] [ERROR] [1768034476.452617213] [superpoint_node]: Errore pubblicazione keypoints 3D: could not assign tuple of length 3 to structure with 4 fields.
[superpoint_node-2] [INFO] [1768034476.545507584] [superpoint_node]: Keypoints estratti: 800
[superpoint_node-2] [ERROR] [1768034476.551504206] [superpoint_node]: Errore pubblicazione keypoints 3D: could not assign tuple of length 3 to structure with 4 fields.
[superpoint_node-2] [INFO] [1768034476.644009130] [superpoint_node]: Keypoints estratti: 800
[superpoint_node-2] [ERROR] [1768034476.650178457] [superpoint_node]: Errore pubblicazione keypoints 3D: could not assign tuple of length 3 to structure with 4 fields.
[superpoint_node-2] [INFO] [1768034476.744397543] [superpoint_node]: Keypoints estratti: 800
[superpoint_node-2] [ERROR] [1768034476.750849279] [superpoint_node]: Errore pubblicazione keypoints 3D: could not assign tuple of length 3 to structure with 4 fields.
[superpoint_node-2] [INFO] [1768034476.843481704] [superpoint_node]: Keypoints estratti: 800
[superpoint_node-2] [ERROR] [1768034476.849815218] [superpoint_node]: Errore pubblicazione keypoints 3D: could not assign tuple of length 3 to structure with 4 fields.
[rtabmap-14] [INFO] [1768034476.916029654] [rtabmap]: rtabmap (1847): Rate=0.50s, Limit=0.001s, Conversion=0.0002s, RTAB-Map=0.0687s, Maps update=0.0004s pub=0.0011s delay=0.1227s (local map=3, WM=5)
[superpoint_node-2] [INFO] [1768034476.947437497] [superpoint_node]: Keypoints estratti: 800
[superpoint_node-2] [ERROR] [1768034476.953362249] [superpoint_node]: Errore pubblicazione keypoints 3D: could not assign tuple of length 3 to structure with 4 fields.
[superpoint_node-2] [INFO] [1768034477.045089148] [superpoint_node]: Keypoints estratti: 800
[superpoint_node-2] [ERROR] [1768034477.051914647] [superpoint_node]: Errore pubblicazione keypoints 3D: could not assign tuple of length 3 to structure with 4 fields.
[superpoint_node-2] [INFO] [1768034477.147199278] [superpoint_node]: Keypoints estratti: 800
[superpoint_node-2] [ERROR] [1768034477.153726515] [superpoint_node]: Errore pubblicazione keypoints 3D: could not assign tuple of length 3 to structure with 4 fields.
[superpoint_node-2] [INFO] [1768034477.243844420] [superpoint_node]: Keypoints estratti: 800
[superpoint_node-2] [ERROR] [1768034477.250825569] [superpoint_node]: Errore pubblicazione keypoints 3D: could not assign tuple of length 3 to structure with 4 fields.
[superpoint_node-2] [INFO] [1768034477.349653617] [superpoint_node]: Keypoints estratti: 800
[superpoint_node-2] [ERROR] [1768034477.355798222] [superpoint_node]: Errore pubblicazione keypoints 3D: could not assign tuple of length 3 to structure with 4 fields.
[rtabmap-14] [INFO] [1768034477.388732466] [rtabmap]: rtabmap (1848): Rate=0.50s, Limit=0.001s, Conversion=0.0005s, RTAB-Map=0.0691s, Maps update=0.0006s pub=0.0035s delay=0.0949s (local map=4, WM=5)
[superpoint_node-2] [INFO] [1768034477.453667114] [superpoint_node]: Keypoints estratti: 800
[superpoint_node-2] [ERROR] [1768034477.459692200] [superpoint_node]: Errore pubblicazione keypoints 3D: could not assign tuple of length 3 to structure with 4 fields.
[superpoint_node-2] [INFO] [1768034477.552701905] [superpoint_node]: Keypoints estratti: 800
[superpoint_node-2] [ERROR] [1768034477.558581860] [superpoint_node]: Errore pubblicazione keypoints 3D: could not assign tuple of length 3 to structure with 4 fields.
[superpoint_node-2] [INFO] [1768034477.648091649] [superpoint_node]: Keypoints estratti: 800
[superpoint_node-2] [ERROR] [1768034477.653810453] [superpoint_node]: Errore pubblicazione keypoints 3D: could not assign tuple of length 3 to structure with 4 fields.
[superpoint_node-2] [INFO] [1768034477.747780889] [superpoint_node]: Keypoints estratti: 800
[superpoint_node-2] [ERROR] [1768034477.753672251] [superpoint_node]: Errore pubblicazione keypoints 3D: could not assign tuple of length 3 to structure with 4 fields.
[superpoint_node-2] [INFO] [1768034477.843668470] [superpoint_node]: Keypoints estratti: 800
[superpoint_node-2] [ERROR] [1768034477.850373431] [superpoint_node]: Errore pubblicazione keypoints 3D: could not assign tuple of length 3 to structure with 4 fields.
[rtabmap-14] [INFO] [1768034477.920647622] [rtabmap]: rtabmap (1849): Rate=0.50s, Limit=0.001s, Conversion=0.0002s, RTAB-Map=0.0679s, Maps update=0.0019s pub=0.0017s delay=0.1248s (local map=3, WM=5)
[superpoint_node-2] [INFO] [1768034477.945630210] [superpoint_node]: Keypoints estratti: 800
[superpoint_node-2] [ERROR] [1768034477.951677777] [superpoint_node]: Errore pubblicazione keypoints 3D: could not assign tuple of length 3 to structure with 4 fields.
[superpoint_node-2] [INFO] [1768034478.046428700] [superpoint_node]: Keypoints estratti: 800
[superpoint_node-2] [ERROR] [1768034478.052365210] [superpoint_node]: Errore pubblicazione keypoints 3D: could not assign tuple of length 3 to structure with 4 fields.
[superpoint_node-2] [INFO] [1768034478.144541410] [superpoint_node]: Keypoints estratti: 800
[superpoint_node-2] [ERROR] [1768034478.150370641] [superpoint_node]: Errore pubblicazione keypoints 3D: could not assign tuple of length 3 to structure with 4 fields.
[superpoint_node-2] [INFO] [1768034478.239671688] [superpoint_node]: Keypoints estratti: 800
[superpoint_node-2] [ERROR] [1768034478.245602513] [superpoint_node]: Errore pubblicazione keypoints 3D: could not assign tuple of length 3 to structure with 4 fields.
[superpoint_node-2] [INFO] [1768034478.339829228] [superpoint_node]: Keypoints estratti: 800
[superpoint_node-2] [ERROR] [1768034478.345846036] [superpoint_node]: Errore pubblicazione keypoints 3D: could not assign tuple of length 3 to structure with 4 fields.
[superpoint_node-2] [INFO] [1768034478.438089569] [superpoint_node]: Keypoints estratti: 800
[superpoint_node-2] [ERROR] [1768034478.444207192] [superpoint_node]: Errore pubblicazione keypoints 3D: could not assign tuple of length 3 to structure with 4 fields.
[rtabmap-14] [INFO] [1768034478.448361577] [rtabmap]: rtabmap (1850): Rate=0.50s, Limit=0.001s, Conversion=0.0002s, RTAB-Map=0.0344s, Maps update=0.0015s pub=0.0020s delay=0.0611s (local map=4, WM=5)
[superpoint_node-2] [INFO] [1768034478.536402132] [superpoint_node]: Keypoints estratti: 800
[superpoint_node-2] [ERROR] [1768034478.543438892] [superpoint_node]: Errore pubblicazione keypoints 3D: could not assign tuple of length 3 to structure with 4 fields.
[superpoint_node-2] [INFO] [1768034478.671541507] [superpoint_node]: Keypoints estratti: 800
[superpoint_node-2] [ERROR] [1768034478.677807242] [superpoint_node]: Errore pubblicazione keypoints 3D: could not assign tuple of length 3 to structure with 4 fields.
[superpoint_node-2] [INFO] [1768034478.773345339] [superpoint_node]: Keypoints estratti: 800
[superpoint_node-2] [ERROR] [1768034478.779859039] [superpoint_node]: Errore pubblicazione keypoints 3D: could not assign tuple of length 3 to structure with 4 fields.
[superpoint_node-2] [INFO] [1768034478.871315547] [superpoint_node]: Keypoints estratti: 800
[superpoint_node-2] [ERROR] [1768034478.877305484] [superpoint_node]: Errore pubblicazione keypoints 3D: could not assign tuple of length 3 to structure with 4 fields.
[superpoint_node-2] [INFO] [1768034478.970353060] [superpoint_node]: Keypoints estratti: 800
[superpoint_node-2] [ERROR] [1768034478.976520665] [superpoint_node]: Errore pubblicazione keypoints 3D: could not assign tuple of length 3 to structure with 4 fields.
[rtabmap-14] [INFO] [1768034478.993873989] [rtabmap]: rtabmap (1851): Rate=0.50s, Limit=0.001s, Conversion=0.0005s, RTAB-Map=0.0390s, Maps update=0.0022s pub=0.0009s delay=0.0753s (local map=3, WM=5)
[superpoint_node-2] [INFO] [1768034479.067702504] [superpoint_node]: Keypoints estratti: 800
[superpoint_node-2] [ERROR] [1768034479.073920054] [superpoint_node]: Errore pubblicazione keypoints 3D: could not assign tuple of length 3 to structure with 4 fields.
[superpoint_node-2] [INFO] [1768034479.167090243] [superpoint_node]: Keypoints estratti: 800
[superpoint_node-2] [ERROR] [1768034479.174213336] [superpoint_node]: Errore pubblicazione keypoints 3D: could not assign tuple of length 3 to structure with 4 fields.
[superpoint_node-2] [INFO] [1768034479.266243701] [superpoint_node]: Keypoints estratti: 800
[superpoint_node-2] [ERROR] [1768034479.272153026] [superpoint_node]: Errore pubblicazione keypoints 3D: could not assign tuple of length 3 to structure with 4 fields.
[superpoint_node-2] [INFO] [1768034479.364998934] [superpoint_node]: Keypoints estratti: 800
[superpoint_node-2] [ERROR] [1768034479.371391670] [superpoint_node]: Errore pubblicazione keypoints 3D: could not assign tuple of length 3 to structure with 4 fields.
[superpoint_node-2] [INFO] [1768034479.466029611] [superpoint_node]: Keypoints estratti: 800
[superpoint_node-2] [ERROR] [1768034479.472075160] [superpoint_node]: Errore pubblicazione keypoints 3D: could not assign tuple of length 3 to structure with 4 fields.
[superpoint_node-2] [INFO] [1768034479.568414892] [superpoint_node]: Keypoints estratti: 800
[superpoint_node-2] [ERROR] [1768034479.575383818] [superpoint_node]: Errore pubblicazione keypoints 3D: could not assign tuple of length 3 to structure with 4 fields.
[rtabmap-14] [INFO] [1768034479.634315344] [rtabmap]: rtabmap (1852): Rate=0.50s, Limit=0.001s, Conversion=0.0007s, RTAB-Map=0.0723s, Maps update=0.0063s pub=0.0040s delay=0.1197s (local map=4, WM=5)
[superpoint_node-2] [INFO] [1768034479.675068596] [superpoint_node]: Keypoints estratti: 800
[superpoint_node-2] [ERROR] [1768034479.680821808] [superpoint_node]: Errore pubblicazione keypoints 3D: could not assign tuple of length 3 to structure with 4 fields.
[superpoint_node-2] [INFO] [1768034479.770627359] [superpoint_node]: Keypoints estratti: 800
[superpoint_node-2] [ERROR] [1768034479.776977317] [superpoint_node]: Errore pubblicazione keypoints 3D: could not assign tuple of length 3 to structure with 4 fields.
[superpoint_node-2] [INFO] [1768034479.867487984] [superpoint_node]: Keypoints estratti: 800
[superpoint_node-2] [ERROR] [1768034479.873380291] [superpoint_node]: Errore pubblicazione keypoints 3D: could not assign tuple of length 3 to structure with 4 fields.
[superpoint_node-2] [INFO] [1768034479.963737586] [superpoint_node]: Keypoints estratti: 800
[superpoint_node-2] [ERROR] [1768034479.969554466] [superpoint_node]: Errore pubblicazione keypoints 3D: could not assign tuple of length 3 to structure with 4 fields.
[superpoint_node-2] [INFO] [1768034480.061910852] [superpoint_node]: Keypoints estratti: 800
[superpoint_node-2] [ERROR] [1768034480.067857121] [superpoint_node]: Errore pubblicazione keypoints 3D: could not assign tuple of length 3 to structure with 4 fields.
[superpoint_node-2] [INFO] [1768034480.161278071] [superpoint_node]: Keypoints estratti: 800
[superpoint_node-2] [ERROR] [1768034480.167749290] [superpoint_node]: Errore pubblicazione keypoints 3D: could not assign tuple of length 3 to structure with 4 fields.
[rtabmap-14] [INFO] [1768034480.214611442] [rtabmap]: rtabmap (1853): Rate=0.50s, Limit=0.001s, Conversion=0.0008s, RTAB-Map=0.0601s, Maps update=0.0049s pub=0.0041s delay=0.1056s (local map=3, WM=5)
[superpoint_node-2] [INFO] [1768034480.265484941] [superpoint_node]: Keypoints estratti: 800
[superpoint_node-2] [ERROR] [1768034480.271672823] [superpoint_node]: Errore pubblicazione keypoints 3D: could not assign tuple of length 3 to structure with 4 fields.
[superpoint_node-2] [INFO] [1768034480.364203822] [superpoint_node]: Keypoints estratti: 800
[superpoint_node-2] [ERROR] [1768034480.370175758] [superpoint_node]: Errore pubblicazione keypoints 3D: could not assign tuple of length 3 to structure with 4 fields.
[superpoint_node-2] [INFO] [1768034480.462418069] [superpoint_node]: Keypoints estratti: 800
[superpoint_node-2] [ERROR] [1768034480.469122696] [superpoint_node]: Errore pubblicazione keypoints 3D: could not assign tuple of length 3 to structure with 4 fields.
[superpoint_node-2] [INFO] [1768034480.559042952] [superpoint_node]: Keypoints estratti: 800
[superpoint_node-2] [ERROR] [1768034480.564741293] [superpoint_node]: Errore pubblicazione keypoints 3D: could not assign tuple of length 3 to structure with 4 fields.
[superpoint_node-2] [INFO] [1768034480.657688647] [superpoint_node]: Keypoints estratti: 800
[superpoint_node-2] [ERROR] [1768034480.663529601] [superpoint_node]: Errore pubblicazione keypoints 3D: could not assign tuple of length 3 to structure with 4 fields.
[superpoint_node-2] [INFO] [1768034480.757564519] [superpoint_node]: Keypoints estratti: 800
[superpoint_node-2] [ERROR] [1768034480.764073237] [superpoint_node]: Errore pubblicazione keypoints 3D: could not assign tuple of length 3 to structure with 4 fields.
[rtabmap-14] [INFO] [1768034480.836074775] [rtabmap]: rtabmap (1854): Rate=0.50s, Limit=0.001s, Conversion=0.0002s, RTAB-Map=0.0798s, Maps update=0.0015s pub=0.0017s delay=0.1294s (local map=4, WM=5)
[superpoint_node-2] [INFO] [1768034480.865587881] [superpoint_node]: Keypoints estratti: 800
[superpoint_node-2] [ERROR] [1768034480.873067145] [superpoint_node]: Errore pubblicazione keypoints 3D: could not assign tuple of length 3 to structure with 4 fields.
[superpoint_node-2] [INFO] [1768034480.965270677] [superpoint_node]: Keypoints estratti: 800
[superpoint_node-2] [ERROR] [1768034480.971925119] [superpoint_node]: Errore pubblicazione keypoints 3D: could not assign tuple of length 3 to structure with 4 fields.
[superpoint_node-2] [INFO] [1768034481.069246211] [superpoint_node]: Keypoints estratti: 800
[superpoint_node-2] [ERROR] [1768034481.077233831] [superpoint_node]: Errore pubblicazione keypoints 3D: could not assign tuple of length 3 to structure with 4 fields.
[superpoint_node-2] [INFO] [1768034481.169124731] [superpoint_node]: Keypoints estratti: 800
[superpoint_node-2] [ERROR] [1768034481.174887981] [superpoint_node]: Errore pubblicazione keypoints 3D: could not assign tuple of length 3 to structure with 4 fields.
[superpoint_node-2] [INFO] [1768034481.275819917] [superpoint_node]: Keypoints estratti: 800
[superpoint_node-2] [ERROR] [1768034481.281930966] [superpoint_node]: Errore pubblicazione keypoints 3D: could not assign tuple of length 3 to structure with 4 fields.
[rtabmap-14] [INFO] [1768034481.313507755] [rtabmap]: rtabmap (1855): Rate=0.50s, Limit=0.001s, Conversion=0.0002s, RTAB-Map=0.0690s, Maps update=0.0003s pub=0.0008s delay=0.0970s (local map=3, WM=5)
[superpoint_node-2] [INFO] [1768034481.379282225] [superpoint_node]: Keypoints estratti: 800
[superpoint_node-2] [ERROR] [1768034481.385110345] [superpoint_node]: Errore pubblicazione keypoints 3D: could not assign tuple of length 3 to structure with 4 fields.
[superpoint_node-2] [INFO] [1768034481.521416100] [superpoint_node]: Keypoints estratti: 800
[superpoint_node-2] [ERROR] [1768034481.527523816] [superpoint_node]: Errore pubblicazione keypoints 3D: could not assign tuple of length 3 to structure with 4 fields.
[superpoint_node-2] [INFO] [1768034481.618279467] [superpoint_node]: Keypoints estratti: 800
[superpoint_node-2] [ERROR] [1768034481.624466257] [superpoint_node]: Errore pubblicazione keypoints 3D: could not assign tuple of length 3 to structure with 4 fields.
[superpoint_node-2] [INFO] [1768034481.722504929] [superpoint_node]: Keypoints estratti: 800
[superpoint_node-2] [ERROR] [1768034481.729108204] [superpoint_node]: Errore pubblicazione keypoints 3D: could not assign tuple of length 3 to structure with 4 fields.
[superpoint_node-2] [INFO] [1768034481.823711478] [superpoint_node]: Keypoints estratti: 800
[superpoint_node-2] [ERROR] [1768034481.829972305] [superpoint_node]: Errore pubblicazione keypoints 3D: could not assign tuple of length 3 to structure with 4 fields.
[rtabmap-14] [INFO] [1768034481.928819854] [rtabmap]: rtabmap (1856): Rate=0.50s, Limit=0.001s, Conversion=0.0005s, RTAB-Map=0.1027s, Maps update=0.0044s pub=0.0114s delay=0.1562s (local map=2, WM=4)
[superpoint_node-2] [INFO] [1768034481.931051261] [superpoint_node]: Keypoints estratti: 800
[superpoint_node-2] [ERROR] [1768034481.937275218] [superpoint_node]: Errore pubblicazione keypoints 3D: could not assign tuple of length 3 to structure with 4 fields.
[superpoint_node-2] [INFO] [1768034482.071395845] [superpoint_node]: Keypoints estratti: 800
[superpoint_node-2] [ERROR] [1768034482.078377160] [superpoint_node]: Errore pubblicazione keypoints 3D: could not assign tuple of length 3 to structure with 4 fields.
[superpoint_node-2] [INFO] [1768034482.167619724] [superpoint_node]: Keypoints estratti: 800
[superpoint_node-2] [ERROR] [1768034482.173520531] [superpoint_node]: Errore pubblicazione keypoints 3D: could not assign tuple of length 3 to structure with 4 fields.
[superpoint_node-2] [INFO] [1768034482.266242179] [superpoint_node]: Keypoints estratti: 800
[superpoint_node-2] [ERROR] [1768034482.272144485] [superpoint_node]: Errore pubblicazione keypoints 3D: could not assign tuple of length 3 to structure with 4 fields.
[superpoint_node-2] [INFO] [1768034482.364273350] [superpoint_node]: Keypoints estratti: 800
[superpoint_node-2] [ERROR] [1768034482.370321602] [superpoint_node]: Errore pubblicazione keypoints 3D: could not assign tuple of length 3 to structure with 4 fields.
[rtabmap-14] [INFO] [1768034482.463596162] [rtabmap]: rtabmap (1857): Rate=0.50s, Limit=0.001s, Conversion=0.0004s, RTAB-Map=0.0779s, Maps update=0.0203s pub=0.0155s delay=0.1505s (local map=4, WM=4)
[superpoint_node-2] [INFO] [1768034482.471213686] [superpoint_node]: Keypoints estratti: 800
[superpoint_node-2] [ERROR] [1768034482.477332031] [superpoint_node]: Errore pubblicazione keypoints 3D: could not assign tuple of length 3 to structure with 4 fields.
[superpoint_node-2] [INFO] [1768034482.567941884] [superpoint_node]: Keypoints estratti: 800
[superpoint_node-2] [ERROR] [1768034482.574385232] [superpoint_node]: Errore pubblicazione keypoints 3D: could not assign tuple of length 3 to structure with 4 fields.
[superpoint_node-2] [INFO] [1768034482.665668406] [superpoint_node]: Keypoints estratti: 800
[superpoint_node-2] [ERROR] [1768034482.671631398] [superpoint_node]: Errore pubblicazione keypoints 3D: could not assign tuple of length 3 to structure with 4 fields.
[superpoint_node-2] [INFO] [1768034482.766393284] [superpoint_node]: Keypoints estratti: 800
[superpoint_node-2] [ERROR] [1768034482.774063160] [superpoint_node]: Errore pubblicazione keypoints 3D: could not assign tuple of length 3 to structure with 4 fields.
[superpoint_node-2] [INFO] [1768034482.889655731] [superpoint_node]: Keypoints estratti: 800
[superpoint_node-2] [ERROR] [1768034482.898391727] [superpoint_node]: Errore pubblicazione keypoints 3D: could not assign tuple of length 3 to structure with 4 fields.
[rtabmap-14] [INFO] [1768034482.956519302] [rtabmap]: rtabmap (1858): Rate=0.50s, Limit=0.001s, Conversion=0.0002s, RTAB-Map=0.0482s, Maps update=0.0148s pub=0.0149s delay=0.1350s (local map=3, WM=5)
[superpoint_node-2] [INFO] [1768034483.023048093] [superpoint_node]: Keypoints estratti: 800
[superpoint_node-2] [ERROR] [1768034483.029676850] [superpoint_node]: Errore pubblicazione keypoints 3D: could not assign tuple of length 3 to structure with 4 fields.
[superpoint_node-2] [INFO] [1768034483.139975286] [superpoint_node]: Keypoints estratti: 800
[superpoint_node-2] [ERROR] [1768034483.148210593] [superpoint_node]: Errore pubblicazione keypoints 3D: could not assign tuple of length 3 to structure with 4 fields.
[rtabmap-14] [33m[ WARN] (2026-01-10 09:41:21.442) CoreWrapper.cpp:1227::odomTFUpdate() Odometry is reset (identity pose detected). Increment map id![0m
[rtabmap-14] [33m[ WARN] (2026-01-10 09:41:22.924) Memory.cpp:2105::forget() Less signatures transferred (1) than added (2)! The working memory cannot decrease in size.[0m
[superpoint_node-2] [INFO] [1768034483.244226100] [superpoint_node]: Keypoints estratti: 800
[superpoint_node-2] [ERROR] [1768034483.250862968] [superpoint_node]: Errore pubblicazione keypoints 3D: could not assign tuple of length 3 to structure with 4 fields.
[superpoint_node-2] [INFO] [1768034483.348825213] [superpoint_node]: Keypoints estratti: 800
[superpoint_node-2] [ERROR] [1768034483.354705353] [superpoint_node]: Errore pubblicazione keypoints 3D: could not assign tuple of length 3 to structure with 4 fields.
[superpoint_node-2] [INFO] [1768034483.444117530] [superpoint_node]: Keypoints estratti: 800
[superpoint_node-2] [ERROR] [1768034483.450771639] [superpoint_node]: Errore pubblicazione keypoints 3D: could not assign tuple of length 3 to structure with 4 fields.
[rtabmap-14] [INFO] [1768034483.544962428] [rtabmap]: rtabmap (1859): Rate=0.50s, Limit=0.001s, Conversion=0.0002s, RTAB-Map=0.0679s, Maps update=0.0145s pub=0.0130s delay=0.1488s (local map=4, WM=5)
[superpoint_node-2] [INFO] [1768034483.553845814] [superpoint_node]: Keypoints estratti: 800
[superpoint_node-2] [ERROR] [1768034483.560186420] [superpoint_node]: Errore pubblicazione keypoints 3D: could not assign tuple of length 3 to structure with 4 fields.
[superpoint_node-2] [INFO] [1768034483.660781964] [superpoint_node]: Keypoints estratti: 800
[superpoint_node-2] [ERROR] [1768034483.666630696] [superpoint_node]: Errore pubblicazione keypoints 3D: could not assign tuple of length 3 to structure with 4 fields.
[superpoint_node-2] [INFO] [1768034483.760414704] [superpoint_node]: Keypoints estratti: 800
[superpoint_node-2] [ERROR] [1768034483.767543261] [superpoint_node]: Errore pubblicazione keypoints 3D: could not assign tuple of length 3 to structure with 4 fields.
[superpoint_node-2] [INFO] [1768034483.864578370] [superpoint_node]: Keypoints estratti: 800
[superpoint_node-2] [ERROR] [1768034483.870218378] [superpoint_node]: Errore pubblicazione keypoints 3D: could not assign tuple of length 3 to structure with 4 fields.
[superpoint_node-2] [INFO] [1768034483.964361389] [superpoint_node]: Keypoints estratti: 800
[superpoint_node-2] [ERROR] [1768034483.971625002] [superpoint_node]: Errore pubblicazione keypoints 3D: could not assign tuple of length 3 to structure with 4 fields.
[rtabmap-14] [INFO] [1768034484.007703420] [rtabmap]: rtabmap (1860): Rate=0.50s, Limit=0.001s, Conversion=0.0005s, RTAB-Map=0.0566s, Maps update=0.0003s pub=0.0008s delay=0.0944s (local map=3, WM=5)
[superpoint_node-2] [INFO] [1768034484.073137220] [superpoint_node]: Keypoints estratti: 800
[superpoint_node-2] [ERROR] [1768034484.080330204] [superpoint_node]: Errore pubblicazione keypoints 3D: could not assign tuple of length 3 to structure with 4 fields.
[superpoint_node-2] [INFO] [1768034484.175418741] [superpoint_node]: Keypoints estratti: 800
[superpoint_node-2] [ERROR] [1768034484.181283584] [superpoint_node]: Errore pubblicazione keypoints 3D: could not assign tuple of length 3 to structure with 4 fields.
[superpoint_node-2] [INFO] [1768034484.277522779] [superpoint_node]: Keypoints estratti: 800
[superpoint_node-2] [ERROR] [1768034484.283375585] [superpoint_node]: Errore pubblicazione keypoints 3D: could not assign tuple of length 3 to structure with 4 fields.
[superpoint_node-2] [INFO] [1768034484.383821442] [superpoint_node]: Keypoints estratti: 800
[superpoint_node-2] [ERROR] [1768034484.390042122] [superpoint_node]: Errore pubblicazione keypoints 3D: could not assign tuple of length 3 to structure with 4 fields.
[superpoint_node-2] [INFO] [1768034484.519920715] [superpoint_node]: Keypoints estratti: 800
[superpoint_node-2] [ERROR] [1768034484.528918712] [superpoint_node]: Errore pubblicazione keypoints 3D: could not assign tuple of length 3 to structure with 4 fields.
[rtabmap-14] [INFO] [1768034484.552734125] [rtabmap]: rtabmap (1861): Rate=0.50s, Limit=0.001s, Conversion=0.0004s, RTAB-Map=0.0574s, Maps update=0.0007s pub=0.0012s delay=0.1110s (local map=4, WM=5)
[superpoint_node-2] [INFO] [1768034484.652945462] [superpoint_node]: Keypoints estratti: 800
[superpoint_node-2] [ERROR] [1768034484.660793025] [superpoint_node]: Errore pubblicazione keypoints 3D: could not assign tuple of length 3 to structure with 4 fields.
[superpoint_node-2] [INFO] [1768034484.786896662] [superpoint_node]: Keypoints estratti: 800
[superpoint_node-2] [ERROR] [1768034484.793801828] [superpoint_node]: Errore pubblicazione keypoints 3D: could not assign tuple of length 3 to structure with 4 fields.
[superpoint_node-2] [INFO] [1768034484.911440416] [superpoint_node]: Keypoints estratti: 800
[superpoint_node-2] [ERROR] [1768034484.918545380] [superpoint_node]: Errore pubblicazione keypoints 3D: could not assign tuple of length 3 to structure with 4 fields.
[superpoint_node-2] [INFO] [1768034485.065371182] [superpoint_node]: Keypoints estratti: 800
[superpoint_node-2] [ERROR] [1768034485.072313737] [superpoint_node]: Errore pubblicazione keypoints 3D: could not assign tuple of length 3 to structure with 4 fields.
[rtabmap-14] [INFO] [1768034485.155984813] [rtabmap]: rtabmap (1862): Rate=0.50s, Limit=0.001s, Conversion=0.0014s, RTAB-Map=0.0890s, Maps update=0.0036s pub=0.0015s delay=0.1792s (local map=3, WM=5)
[superpoint_node-2] [INFO] [1768034485.191228409] [superpoint_node]: Keypoints estratti: 800
[superpoint_node-2] [ERROR] [1768034485.197209642] [superpoint_node]: Errore pubblicazione keypoints 3D: could not assign tuple of length 3 to structure with 4 fields.
[superpoint_node-2] [INFO] [1768034485.323455762] [superpoint_node]: Keypoints estratti: 800
[superpoint_node-2] [ERROR] [1768034485.330416299] [superpoint_node]: Errore pubblicazione keypoints 3D: could not assign tuple of length 3 to structure with 4 fields.
[superpoint_node-2] [INFO] [1768034485.425780172] [superpoint_node]: Keypoints estratti: 800
[superpoint_node-2] [ERROR] [1768034485.431659607] [superpoint_node]: Errore pubblicazione keypoints 3D: could not assign tuple of length 3 to structure with 4 fields.
[superpoint_node-2] [INFO] [1768034485.535762976] [superpoint_node]: Keypoints estratti: 800
[superpoint_node-2] [ERROR] [1768034485.543934671] [superpoint_node]: Errore pubblicazione keypoints 3D: could not assign tuple of length 3 to structure with 4 fields.
[rtabmap-14] [INFO] [1768034485.654819630] [rtabmap]: rtabmap (1863): Rate=0.50s, Limit=0.001s, Conversion=0.0007s, RTAB-Map=0.0924s, Maps update=0.0088s pub=0.0030s delay=0.1758s (local map=4, WM=5)
[superpoint_node-2] [INFO] [1768034485.720633471] [superpoint_node]: Keypoints estratti: 800
[superpoint_node-2] [ERROR] [1768034485.726313312] [superpoint_node]: Errore pubblicazione keypoints 3D: could not assign tuple of length 3 to structure with 4 fields.
[superpoint_node-2] [INFO] [1768034485.821679333] [superpoint_node]: Keypoints estratti: 800
[superpoint_node-2] [ERROR] [1768034485.827417842] [superpoint_node]: Errore pubblicazione keypoints 3D: could not assign tuple of length 3 to structure with 4 fields.
[superpoint_node-2] [INFO] [1768034485.923318201] [superpoint_node]: Keypoints estratti: 800
[superpoint_node-2] [ERROR] [1768034485.929999847] [superpoint_node]: Errore pubblicazione keypoints 3D: could not assign tuple of length 3 to structure with 4 fields.
[superpoint_node-2] [INFO] [1768034486.024089617] [superpoint_node]: Keypoints estratti: 800
[superpoint_node-2] [ERROR] [1768034486.029753217] [superpoint_node]: Errore pubblicazione keypoints 3D: could not assign tuple of length 3 to structure with 4 fields.
[superpoint_node-2] [INFO] [1768034486.122588126] [superpoint_node]: Keypoints estratti: 800
[superpoint_node-2] [ERROR] [1768034486.128585118] [superpoint_node]: Errore pubblicazione keypoints 3D: could not assign tuple of length 3 to structure with 4 fields.
[rtabmap-14] [INFO] [1768034486.192884539] [rtabmap]: rtabmap (1864): Rate=0.50s, Limit=0.001s, Conversion=0.0003s, RTAB-Map=0.0742s, Maps update=0.0025s pub=0.0012s delay=0.1216s (local map=3, WM=5)
[superpoint_node-2] [INFO] [1768034486.222643295] [superpoint_node]: Keypoints estratti: 800
[superpoint_node-2] [ERROR] [1768034486.228208765] [superpoint_node]: Errore pubblicazione keypoints 3D: could not assign tuple of length 3 to structure with 4 fields.
[superpoint_node-2] [INFO] [1768034486.324004419] [superpoint_node]: Keypoints estratti: 800
[superpoint_node-2] [ERROR] [1768034486.329646224] [superpoint_node]: Errore pubblicazione keypoints 3D: could not assign tuple of length 3 to structure with 4 fields.
[superpoint_node-2] [INFO] [1768034486.417427017] [superpoint_node]: Keypoints estratti: 800
[superpoint_node-2] [ERROR] [1768034486.422845042] [superpoint_node]: Errore pubblicazione keypoints 3D: could not assign tuple of length 3 to structure with 4 fields.
[superpoint_node-2] [INFO] [1768034486.517069258] [superpoint_node]: Keypoints estratti: 800
[superpoint_node-2] [ERROR] [1768034486.522584024] [superpoint_node]: Errore pubblicazione keypoints 3D: could not assign tuple of length 3 to structure with 4 fields.
[superpoint_node-2] [INFO] [1768034486.620587103] [superpoint_node]: Keypoints estratti: 800
[superpoint_node-2] [ERROR] [1768034486.626021683] [superpoint_node]: Errore pubblicazione keypoints 3D: could not assign tuple of length 3 to structure with 4 fields.
[superpoint_node-2] [INFO] [1768034486.715276044] [superpoint_node]: Keypoints estratti: 800
[superpoint_node-2] [ERROR] [1768034486.720979071] [superpoint_node]: Errore pubblicazione keypoints 3D: could not assign tuple of length 3 to structure with 4 fields.
[rtabmap-14] [INFO] [1768034486.793390872] [rtabmap]: rtabmap (1865): Rate=0.50s, Limit=0.001s, Conversion=0.0002s, RTAB-Map=0.0730s, Maps update=0.0010s pub=0.0015s delay=0.1240s (local map=4, WM=5)
[superpoint_node-2] [INFO] [1768034486.818874316] [superpoint_node]: Keypoints estratti: 800
[superpoint_node-2] [ERROR] [1768034486.825284923] [superpoint_node]: Errore pubblicazione keypoints 3D: could not assign tuple of length 3 to structure with 4 fields.
[superpoint_node-2] [INFO] [1768034486.918007386] [superpoint_node]: Keypoints estratti: 800
[superpoint_node-2] [ERROR] [1768034486.923614968] [superpoint_node]: Errore pubblicazione keypoints 3D: could not assign tuple of length 3 to structure with 4 fields.
[superpoint_node-2] [INFO] [1768034487.016475172] [superpoint_node]: Keypoints estratti: 800
[superpoint_node-2] [ERROR] [1768034487.022033142] [superpoint_node]: Errore pubblicazione keypoints 3D: could not assign tuple of length 3 to structure with 4 fields.
[superpoint_node-2] [INFO] [1768034487.115948318] [superpoint_node]: Keypoints estratti: 800
[superpoint_node-2] [ERROR] [1768034487.121528363] [superpoint_node]: Errore pubblicazione keypoints 3D: could not assign tuple of length 3 to structure with 4 fields.
[superpoint_node-2] [INFO] [1768034487.218387470] [superpoint_node]: Keypoints estratti: 800
[superpoint_node-2] [ERROR] [1768034487.224324462] [superpoint_node]: Errore pubblicazione keypoints 3D: could not assign tuple of length 3 to structure with 4 fields.
[rtabmap-14] [INFO] [1768034487.259224592] [rtabmap]: rtabmap (1866): Rate=0.50s, Limit=0.001s, Conversion=0.0003s, RTAB-Map=0.0441s, Maps update=0.0003s pub=0.0008s delay=0.0897s (local map=3, WM=5)
[superpoint_node-2] [INFO] [1768034487.317688467] [superpoint_node]: Keypoints estratti: 800
[superpoint_node-2] [ERROR] [1768034487.323268363] [superpoint_node]: Errore pubblicazione keypoints 3D: could not assign tuple of length 3 to structure with 4 fields.
[superpoint_node-2] [INFO] [1768034487.418660347] [superpoint_node]: Keypoints estratti: 800
[superpoint_node-2] [ERROR] [1768034487.424234873] [superpoint_node]: Errore pubblicazione keypoints 3D: could not assign tuple of length 3 to structure with 4 fields.
[superpoint_node-2] [INFO] [1768034487.517361784] [superpoint_node]: Keypoints estratti: 800
[superpoint_node-2] [ERROR] [1768034487.523531722] [superpoint_node]: Errore pubblicazione keypoints 3D: could not assign tuple of length 3 to structure with 4 fields.
[superpoint_node-2] [INFO] [1768034487.617638455] [superpoint_node]: Keypoints estratti: 800
[superpoint_node-2] [ERROR] [1768034487.623785004] [superpoint_node]: Errore pubblicazione keypoints 3D: could not assign tuple of length 3 to structure with 4 fields.
[superpoint_node-2] [INFO] [1768034487.717763644] [superpoint_node]: Keypoints estratti: 800
[superpoint_node-2] [ERROR] [1768034487.723297391] [superpoint_node]: Errore pubblicazione keypoints 3D: could not assign tuple of length 3 to structure with 4 fields.
[superpoint_node-2] [INFO] [1768034487.816928899] [superpoint_node]: Keypoints estratti: 800
[superpoint_node-2] [ERROR] [1768034487.823106818] [superpoint_node]: Errore pubblicazione keypoints 3D: could not assign tuple of length 3 to structure with 4 fields.
[rtabmap-14] [INFO] [1768034487.888193116] [rtabmap]: rtabmap (1867): Rate=0.50s, Limit=0.001s, Conversion=0.0009s, RTAB-Map=0.0747s, Maps update=0.0004s pub=0.0012s delay=0.1187s (local map=4, WM=5)
[superpoint_node-2] [INFO] [1768034487.921324325] [superpoint_node]: Keypoints estratti: 800
[superpoint_node-2] [ERROR] [1768034487.927120760] [superpoint_node]: Errore pubblicazione keypoints 3D: could not assign tuple of length 3 to structure with 4 fields.
[superpoint_node-2] [INFO] [1768034488.017064090] [superpoint_node]: Keypoints estratti: 800
[superpoint_node-2] [ERROR] [1768034488.022617726] [superpoint_node]: Errore pubblicazione keypoints 3D: could not assign tuple of length 3 to structure with 4 fields.
[superpoint_node-2] [INFO] [1768034488.118828643] [superpoint_node]: Keypoints estratti: 800
[superpoint_node-2] [ERROR] [1768034488.124410484] [superpoint_node]: Errore pubblicazione keypoints 3D: could not assign tuple of length 3 to structure with 4 fields.
[superpoint_node-2] [INFO] [1768034488.217509653] [superpoint_node]: Keypoints estratti: 800
[superpoint_node-2] [ERROR] [1768034488.223212643] [superpoint_node]: Errore pubblicazione keypoints 3D: could not assign tuple of length 3 to structure with 4 fields.
[superpoint_node-2] [INFO] [1768034488.316345054] [superpoint_node]: Keypoints estratti: 800
[superpoint_node-2] [ERROR] [1768034488.321954691] [superpoint_node]: Errore pubblicazione keypoints 3D: could not assign tuple of length 3 to structure with 4 fields.
[superpoint_node-2] [INFO] [1768034488.419353191] [superpoint_node]: Keypoints estratti: 800
[superpoint_node-2] [ERROR] [1768034488.425224720] [superpoint_node]: Errore pubblicazione keypoints 3D: could not assign tuple of length 3 to structure with 4 fields.
[rtabmap-14] [INFO] [1768034488.486836230] [rtabmap]: rtabmap (1868): Rate=0.50s, Limit=0.001s, Conversion=0.0006s, RTAB-Map=0.0706s, Maps update=0.0011s pub=0.0008s delay=0.1173s (local map=3, WM=5)
[superpoint_node-2] [INFO] [1768034488.517102565] [superpoint_node]: Keypoints estratti: 800
[superpoint_node-2] [ERROR] [1768034488.522469922] [superpoint_node]: Errore pubblicazione keypoints 3D: could not assign tuple of length 3 to structure with 4 fields.
[superpoint_node-2] [INFO] [1768034488.618675061] [superpoint_node]: Keypoints estratti: 800
[superpoint_node-2] [ERROR] [1768034488.624341625] [superpoint_node]: Errore pubblicazione keypoints 3D: could not assign tuple of length 3 to structure with 4 fields.
[superpoint_node-2] [INFO] [1768034488.717024976] [superpoint_node]: Keypoints estratti: 800
[superpoint_node-2] [ERROR] [1768034488.723117951] [superpoint_node]: Errore pubblicazione keypoints 3D: could not assign tuple of length 3 to structure with 4 fields.
[superpoint_node-2] [INFO] [1768034488.818583602] [superpoint_node]: Keypoints estratti: 800
[superpoint_node-2] [ERROR] [1768034488.825048561] [superpoint_node]: Errore pubblicazione keypoints 3D: could not assign tuple of length 3 to structure with 4 fields.
[superpoint_node-2] [INFO] [1768034488.916051510] [superpoint_node]: Keypoints estratti: 800
[superpoint_node-2] [ERROR] [1768034488.921567758] [superpoint_node]: Errore pubblicazione keypoints 3D: could not assign tuple of length 3 to structure with 4 fields.
[superpoint_node-2] [INFO] [1768034489.029436249] [superpoint_node]: Keypoints estratti: 800
[superpoint_node-2] [ERROR] [1768034489.034808144] [superpoint_node]: Errore pubblicazione keypoints 3D: could not assign tuple of length 3 to structure with 4 fields.
[rtabmap-14] [INFO] [1768034489.117125876] [rtabmap]: rtabmap (1869): Rate=0.50s, Limit=0.001s, Conversion=0.0005s, RTAB-Map=0.0642s, Maps update=0.0006s pub=0.0018s delay=0.1363s (local map=4, WM=5)
[superpoint_node-2] [INFO] [1768034489.130079016] [superpoint_node]: Keypoints estratti: 800
[superpoint_node-2] [ERROR] [1768034489.135717894] [superpoint_node]: Errore pubblicazione keypoints 3D: could not assign tuple of length 3 to structure with 4 fields.
[superpoint_node-2] [INFO] [1768034489.226505971] [superpoint_node]: Keypoints estratti: 800
[superpoint_node-2] [ERROR] [1768034489.233154821] [superpoint_node]: Errore pubblicazione keypoints 3D: could not assign tuple of length 3 to structure with 4 fields.
[superpoint_node-2] [INFO] [1768034489.328140005] [superpoint_node]: Keypoints estratti: 800
[superpoint_node-2] [ERROR] [1768034489.333924663] [superpoint_node]: Errore pubblicazione keypoints 3D: could not assign tuple of length 3 to structure with 4 fields.
[superpoint_node-2] [INFO] [1768034489.427001406] [superpoint_node]: Keypoints estratti: 800
[superpoint_node-2] [ERROR] [1768034489.432637692] [superpoint_node]: Errore pubblicazione keypoints 3D: could not assign tuple of length 3 to structure with 4 fields.
[superpoint_node-2] [INFO] [1768034489.520977638] [superpoint_node]: Keypoints estratti: 800
[superpoint_node-2] [ERROR] [1768034489.526764555] [superpoint_node]: Errore pubblicazione keypoints 3D: could not assign tuple of length 3 to structure with 4 fields.
[superpoint_node-2] [INFO] [1768034489.650652896] [superpoint_node]: Keypoints estratti: 800
[superpoint_node-2] [ERROR] [1768034489.657152115] [superpoint_node]: Errore pubblicazione keypoints 3D: could not assign tuple of length 3 to structure with 4 fields.
[rtabmap-14] [INFO] [1768034489.726582965] [rtabmap]: rtabmap (1870): Rate=0.50s, Limit=0.001s, Conversion=0.0004s, RTAB-Map=0.0719s, Maps update=0.0019s pub=0.0019s delay=0.1233s (local map=3, WM=5)
[superpoint_node-2] [INFO] [1768034489.752235411] [superpoint_node]: Keypoints estratti: 800
[superpoint_node-2] [ERROR] [1768034489.757832678] [superpoint_node]: Errore pubblicazione keypoints 3D: could not assign tuple of length 3 to structure with 4 fields.
[superpoint_node-2] [INFO] [1768034489.846315774] [superpoint_node]: Keypoints estratti: 800
[superpoint_node-2] [ERROR] [1768034489.852088838] [superpoint_node]: Errore pubblicazione keypoints 3D: could not assign tuple of length 3 to structure with 4 fields.
[superpoint_node-2] [INFO] [1768034489.938489176] [superpoint_node]: Keypoints estratti: 800
[superpoint_node-2] [ERROR] [1768034489.944366983] [superpoint_node]: Errore pubblicazione keypoints 3D: could not assign tuple of length 3 to structure with 4 fields.
[superpoint_node-2] [INFO] [1768034490.036333199] [superpoint_node]: Keypoints estratti: 800
[superpoint_node-2] [ERROR] [1768034490.042333561] [superpoint_node]: Errore pubblicazione keypoints 3D: could not assign tuple of length 3 to structure with 4 fields.
[superpoint_node-2] [INFO] [1768034490.132641597] [superpoint_node]: Keypoints estratti: 800
[superpoint_node-2] [ERROR] [1768034490.138276161] [superpoint_node]: Errore pubblicazione keypoints 3D: could not assign tuple of length 3 to structure with 4 fields.
[superpoint_node-2] [INFO] [1768034490.232040965] [superpoint_node]: Keypoints estratti: 800
[superpoint_node-2] [ERROR] [1768034490.238480887] [superpoint_node]: Errore pubblicazione keypoints 3D: could not assign tuple of length 3 to structure with 4 fields.
[rtabmap-14] [INFO] [1768034490.296859298] [rtabmap]: rtabmap (1871): Rate=0.50s, Limit=0.001s, Conversion=0.0004s, RTAB-Map=0.0734s, Maps update=0.0075s pub=0.0029s delay=0.1181s (local map=4, WM=5)
[superpoint_node-2] [INFO] [1768034490.332120728] [superpoint_node]: Keypoints estratti: 800
[superpoint_node-2] [ERROR] [1768034490.338392778] [superpoint_node]: Errore pubblicazione keypoints 3D: could not assign tuple of length 3 to structure with 4 fields.
[superpoint_node-2] [INFO] [1768034490.429137669] [superpoint_node]: Keypoints estratti: 800
[superpoint_node-2] [ERROR] [1768034490.434943475] [superpoint_node]: Errore pubblicazione keypoints 3D: could not assign tuple of length 3 to structure with 4 fields.
[superpoint_node-2] [INFO] [1768034490.526239167] [superpoint_node]: Keypoints estratti: 800
[superpoint_node-2] [ERROR] [1768034490.531664803] [superpoint_node]: Errore pubblicazione keypoints 3D: could not assign tuple of length 3 to structure with 4 fields.
[superpoint_node-2] [INFO] [1768034490.623470018] [superpoint_node]: Keypoints estratti: 800
[superpoint_node-2] [ERROR] [1768034490.629381102] [superpoint_node]: Errore pubblicazione keypoints 3D: could not assign tuple of length 3 to structure with 4 fields.
[superpoint_node-2] [INFO] [1768034490.722956090] [superpoint_node]: Keypoints estratti: 800
[superpoint_node-2] [ERROR] [1768034490.728862748] [superpoint_node]: Errore pubblicazione keypoints 3D: could not assign tuple of length 3 to structure with 4 fields.
[superpoint_node-2] [INFO] [1768034490.818405371] [superpoint_node]: Keypoints estratti: 800
[superpoint_node-2] [ERROR] [1768034490.824242751] [superpoint_node]: Errore pubblicazione keypoints 3D: could not assign tuple of length 3 to structure with 4 fields.
[rtabmap-14] [INFO] [1768034490.887854814] [rtabmap]: rtabmap (1872): Rate=0.50s, Limit=0.001s, Conversion=0.0002s, RTAB-Map=0.0668s, Maps update=0.0026s pub=0.0013s delay=0.1185s (local map=3, WM=5)
[superpoint_node-2] [INFO] [1768034490.923062522] [superpoint_node]: Keypoints estratti: 800
[superpoint_node-2] [ERROR] [1768034490.928801290] [superpoint_node]: Errore pubblicazione keypoints 3D: could not assign tuple of length 3 to structure with 4 fields.
[superpoint_node-2] [INFO] [1768034491.019403180] [superpoint_node]: Keypoints estratti: 800
[superpoint_node-2] [ERROR] [1768034491.025612304] [superpoint_node]: Errore pubblicazione keypoints 3D: could not assign tuple of length 3 to structure with 4 fields.
[superpoint_node-2] [INFO] [1768034491.120393653] [superpoint_node]: Keypoints estratti: 800
[superpoint_node-2] [ERROR] [1768034491.126141366] [superpoint_node]: Errore pubblicazione keypoints 3D: could not assign tuple of length 3 to structure with 4 fields.
[superpoint_node-2] [INFO] [1768034491.220017042] [superpoint_node]: Keypoints estratti: 800
[superpoint_node-2] [ERROR] [1768034491.225713809] [superpoint_node]: Errore pubblicazione keypoints 3D: could not assign tuple of length 3 to structure with 4 fields.
[superpoint_node-2] [INFO] [1768034491.318806590] [superpoint_node]: Keypoints estratti: 800
[superpoint_node-2] [ERROR] [1768034491.325400291] [superpoint_node]: Errore pubblicazione keypoints 3D: could not assign tuple of length 3 to structure with 4 fields.
[rtabmap-14] [INFO] [1768034491.350248841] [rtabmap]: rtabmap (1873): Rate=0.50s, Limit=0.001s, Conversion=0.0003s, RTAB-Map=0.0372s, Maps update=0.0027s pub=0.0011s delay=0.0799s (local map=4, WM=5)
[superpoint_node-2] [INFO] [1768034491.419217040] [superpoint_node]: Keypoints estratti: 800
[superpoint_node-2] [ERROR] [1768034491.425003957] [superpoint_node]: Errore pubblicazione keypoints 3D: could not assign tuple of length 3 to structure with 4 fields.
[superpoint_node-2] [INFO] [1768034491.518619426] [superpoint_node]: Keypoints estratti: 800
[superpoint_node-2] [ERROR] [1768034491.524345009] [superpoint_node]: Errore pubblicazione keypoints 3D: could not assign tuple of length 3 to structure with 4 fields.
[superpoint_node-2] [INFO] [1768034491.618033906] [superpoint_node]: Keypoints estratti: 800
[superpoint_node-2] [ERROR] [1768034491.624070898] [superpoint_node]: Errore pubblicazione keypoints 3D: could not assign tuple of length 3 to structure with 4 fields.
[superpoint_node-2] [INFO] [1768034491.718802470] [superpoint_node]: Keypoints estratti: 800
[superpoint_node-2] [ERROR] [1768034491.725216725] [superpoint_node]: Errore pubblicazione keypoints 3D: could not assign tuple of length 3 to structure with 4 fields.
[superpoint_node-2] [INFO] [1768034491.817404387] [superpoint_node]: Keypoints estratti: 800
[superpoint_node-2] [ERROR] [1768034491.823011580] [superpoint_node]: Errore pubblicazione keypoints 3D: could not assign tuple of length 3 to structure with 4 fields.
[superpoint_node-2] [INFO] [1768034491.920557729] [superpoint_node]: Keypoints estratti: 800
[superpoint_node-2] [ERROR] [1768034491.927708249] [superpoint_node]: Errore pubblicazione keypoints 3D: could not assign tuple of length 3 to structure with 4 fields.
[rtabmap-14] [INFO] [1768034491.947553241] [rtabmap]: rtabmap (1874): Rate=0.50s, Limit=0.001s, Conversion=0.0002s, RTAB-Map=0.0377s, Maps update=0.0003s pub=0.0009s delay=0.0780s (local map=3, WM=5)
[superpoint_node-2] [INFO] [1768034492.021199607] [superpoint_node]: Keypoints estratti: 800
[superpoint_node-2] [ERROR] [1768034492.027271396] [superpoint_node]: Errore pubblicazione keypoints 3D: could not assign tuple of length 3 to structure with 4 fields.
[superpoint_node-2] [INFO] [1768034492.121778040] [superpoint_node]: Keypoints estratti: 800
[superpoint_node-2] [ERROR] [1768034492.127560327] [superpoint_node]: Errore pubblicazione keypoints 3D: could not assign tuple of length 3 to structure with 4 fields.
[superpoint_node-2] [INFO] [1768034492.218541832] [superpoint_node]: Keypoints estratti: 800
[superpoint_node-2] [ERROR] [1768034492.225187125] [superpoint_node]: Errore pubblicazione keypoints 3D: could not assign tuple of length 3 to structure with 4 fields.
[superpoint_node-2] [INFO] [1768034492.318705428] [superpoint_node]: Keypoints estratti: 800
[superpoint_node-2] [ERROR] [1768034492.324776254] [superpoint_node]: Errore pubblicazione keypoints 3D: could not assign tuple of length 3 to structure with 4 fields.
[superpoint_node-2] [INFO] [1768034492.420746558] [superpoint_node]: Keypoints estratti: 800
[superpoint_node-2] [ERROR] [1768034492.426883607] [superpoint_node]: Errore pubblicazione keypoints 3D: could not assign tuple of length 3 to structure with 4 fields.
[rtabmap-14] [INFO] [1768034492.485110683] [rtabmap]: rtabmap (1875): Rate=0.50s, Limit=0.001s, Conversion=0.0006s, RTAB-Map=0.0586s, Maps update=0.0070s pub=0.0067s delay=0.1154s (local map=4, WM=5)
[superpoint_node-2] [INFO] [1768034492.525220466] [superpoint_node]: Keypoints estratti: 800
[superpoint_node-2] [ERROR] [1768034492.531356941] [superpoint_node]: Errore pubblicazione keypoints 3D: could not assign tuple of length 3 to structure with 4 fields.
[superpoint_node-2] [INFO] [1768034492.627553932] [superpoint_node]: Keypoints estratti: 800
[superpoint_node-2] [ERROR] [1768034492.633433331] [superpoint_node]: Errore pubblicazione keypoints 3D: could not assign tuple of length 3 to structure with 4 fields.
[superpoint_node-2] [INFO] [1768034492.724154333] [superpoint_node]: Keypoints estratti: 800
[superpoint_node-2] [ERROR] [1768034492.730039824] [superpoint_node]: Errore pubblicazione keypoints 3D: could not assign tuple of length 3 to structure with 4 fields.
[superpoint_node-2] [INFO] [1768034492.830380922] [superpoint_node]: Keypoints estratti: 800
[superpoint_node-2] [ERROR] [1768034492.836138135] [superpoint_node]: Errore pubblicazione keypoints 3D: could not assign tuple of length 3 to structure with 4 fields.
[superpoint_node-2] [INFO] [1768034492.932241495] [superpoint_node]: Keypoints estratti: 800
[superpoint_node-2] [ERROR] [1768034492.940426375] [superpoint_node]: Errore pubblicazione keypoints 3D: could not assign tuple of length 3 to structure with 4 fields.
[rtabmap-14] [INFO] [1768034492.984362319] [rtabmap]: rtabmap (1876): Rate=0.50s, Limit=0.001s, Conversion=0.0007s, RTAB-Map=0.0650s, Maps update=0.0010s pub=0.0034s delay=0.1061s (local map=3, WM=5)
[superpoint_node-2] [INFO] [1768034493.036572384] [superpoint_node]: Keypoints estratti: 800
[superpoint_node-2] [ERROR] [1768034493.043045565] [superpoint_node]: Errore pubblicazione keypoints 3D: could not assign tuple of length 3 to structure with 4 fields.
[superpoint_node-2] [INFO] [1768034493.137920267] [superpoint_node]: Keypoints estratti: 800
[superpoint_node-2] [ERROR] [1768034493.144186836] [superpoint_node]: Errore pubblicazione keypoints 3D: could not assign tuple of length 3 to structure with 4 fields.
[superpoint_node-2] [INFO] [1768034493.235214637] [superpoint_node]: Keypoints estratti: 800
[superpoint_node-2] [ERROR] [1768034493.241866227] [superpoint_node]: Errore pubblicazione keypoints 3D: could not assign tuple of length 3 to structure with 4 fields.
[superpoint_node-2] [INFO] [1768034493.334745395] [superpoint_node]: Keypoints estratti: 800
[superpoint_node-2] [ERROR] [1768034493.341218965] [superpoint_node]: Errore pubblicazione keypoints 3D: could not assign tuple of length 3 to structure with 4 fields.
[superpoint_node-2] [INFO] [1768034493.435391106] [superpoint_node]: Keypoints estratti: 800
[superpoint_node-2] [ERROR] [1768034493.441681434] [superpoint_node]: Errore pubblicazione keypoints 3D: could not assign tuple of length 3 to structure with 4 fields.
[rtabmap-14] [INFO] [1768034493.457613117] [rtabmap]: rtabmap (1877): Rate=0.50s, Limit=0.001s, Conversion=0.0003s, RTAB-Map=0.0412s, Maps update=0.0004s pub=0.0009s delay=0.0745s (local map=4, WM=5)
[superpoint_node-2] [INFO] [1768034493.534418360] [superpoint_node]: Keypoints estratti: 800
[superpoint_node-2] [ERROR] [1768034493.541878586] [superpoint_node]: Errore pubblicazione keypoints 3D: could not assign tuple of length 3 to structure with 4 fields.
[superpoint_node-2] [INFO] [1768034493.632455236] [superpoint_node]: Keypoints estratti: 800
[superpoint_node-2] [ERROR] [1768034493.638185393] [superpoint_node]: Errore pubblicazione keypoints 3D: could not assign tuple of length 3 to structure with 4 fields.
[superpoint_node-2] [INFO] [1768034493.729800365] [superpoint_node]: Keypoints estratti: 800
[superpoint_node-2] [ERROR] [1768034493.735941970] [superpoint_node]: Errore pubblicazione keypoints 3D: could not assign tuple of length 3 to structure with 4 fields.
[superpoint_node-2] [INFO] [1768034493.828088039] [superpoint_node]: Keypoints estratti: 800
[superpoint_node-2] [ERROR] [1768034493.833720454] [superpoint_node]: Errore pubblicazione keypoints 3D: could not assign tuple of length 3 to structure with 4 fields.
[superpoint_node-2] [INFO] [1768034493.926953403] [superpoint_node]: Keypoints estratti: 800
[superpoint_node-2] [ERROR] [1768034493.932741764] [superpoint_node]: Errore pubblicazione keypoints 3D: could not assign tuple of length 3 to structure with 4 fields.
[superpoint_node-2] [INFO] [1768034494.025624783] [superpoint_node]: Keypoints estratti: 800
[superpoint_node-2] [ERROR] [1768034494.031199587] [superpoint_node]: Errore pubblicazione keypoints 3D: could not assign tuple of length 3 to structure with 4 fields.
[rtabmap-14] [INFO] [1768034494.117869391] [rtabmap]: rtabmap (1878): Rate=0.50s, Limit=0.001s, Conversion=0.0002s, RTAB-Map=0.0659s, Maps update=0.0006s pub=0.0011s delay=0.1409s (local map=3, WM=5)
[superpoint_node-2] [INFO] [1768034494.128704736] [superpoint_node]: Keypoints estratti: 800
[superpoint_node-2] [ERROR] [1768034494.134310781] [superpoint_node]: Errore pubblicazione keypoints 3D: could not assign tuple of length 3 to structure with 4 fields.
[superpoint_node-2] [INFO] [1768034494.225019469] [superpoint_node]: Keypoints estratti: 800
[superpoint_node-2] [ERROR] [1768034494.230887367] [superpoint_node]: Errore pubblicazione keypoints 3D: could not assign tuple of length 3 to structure with 4 fields.
[superpoint_node-2] [INFO] [1768034494.324017648] [superpoint_node]: Keypoints estratti: 800
[superpoint_node-2] [ERROR] [1768034494.329941788] [superpoint_node]: Errore pubblicazione keypoints 3D: could not assign tuple of length 3 to structure with 4 fields.
[superpoint_node-2] [INFO] [1768034494.424492191] [superpoint_node]: Keypoints estratti: 800
[superpoint_node-2] [ERROR] [1768034494.430580018] [superpoint_node]: Errore pubblicazione keypoints 3D: could not assign tuple of length 3 to structure with 4 fields.
[superpoint_node-2] [INFO] [1768034494.519770304] [superpoint_node]: Keypoints estratti: 800
[superpoint_node-2] [ERROR] [1768034494.525616351] [superpoint_node]: Errore pubblicazione keypoints 3D: could not assign tuple of length 3 to structure with 4 fields.
[superpoint_node-2] [INFO] [1768034494.620889501] [superpoint_node]: Keypoints estratti: 800
[superpoint_node-2] [ERROR] [1768034494.626913030] [superpoint_node]: Errore pubblicazione keypoints 3D: could not assign tuple of length 3 to structure with 4 fields.
[rtabmap-14] [INFO] [1768034494.688982434] [rtabmap]: rtabmap (1879): Rate=0.50s, Limit=0.001s, Conversion=0.0005s, RTAB-Map=0.0662s, Maps update=0.0117s pub=0.0011s delay=0.1193s (local map=4, WM=5)
[superpoint_node-2] [INFO] [1768034494.723571006] [superpoint_node]: Keypoints estratti: 800
[superpoint_node-2] [ERROR] [1768034494.729685018] [superpoint_node]: Errore pubblicazione keypoints 3D: could not assign tuple of length 3 to structure with 4 fields.
[superpoint_node-2] [INFO] [1768034494.823273451] [superpoint_node]: Keypoints estratti: 800
[superpoint_node-2] [ERROR] [1768034494.829480445] [superpoint_node]: Errore pubblicazione keypoints 3D: could not assign tuple of length 3 to structure with 4 fields.
[superpoint_node-2] [INFO] [1768034494.920479468] [superpoint_node]: Keypoints estratti: 800
[superpoint_node-2] [ERROR] [1768034494.926201680] [superpoint_node]: Errore pubblicazione keypoints 3D: could not assign tuple of length 3 to structure with 4 fields.
[superpoint_node-2] [INFO] [1768034495.022329059] [superpoint_node]: Keypoints estratti: 800
[superpoint_node-2] [ERROR] [1768034495.029162836] [superpoint_node]: Errore pubblicazione keypoints 3D: could not assign tuple of length 3 to structure with 4 fields.
[superpoint_node-2] [INFO] [1768034495.127577826] [superpoint_node]: Keypoints estratti: 800
[superpoint_node-2] [ERROR] [1768034495.133399761] [superpoint_node]: Errore pubblicazione keypoints 3D: could not assign tuple of length 3 to structure with 4 fields.
[rtabmap-14] [INFO] [1768034495.196866342] [rtabmap]: rtabmap (1880): Rate=0.50s, Limit=0.001s, Conversion=0.0002s, RTAB-Map=0.0727s, Maps update=0.0043s pub=0.0030s delay=0.1242s (local map=3, WM=5)
[superpoint_node-2] [INFO] [1768034495.231163560] [superpoint_node]: Keypoints estratti: 800
[superpoint_node-2] [ERROR] [1768034495.237209498] [superpoint_node]: Errore pubblicazione keypoints 3D: could not assign tuple of length 3 to structure with 4 fields.
[superpoint_node-2] [INFO] [1768034495.330813190] [superpoint_node]: Keypoints estratti: 800
[superpoint_node-2] [ERROR] [1768034495.336538587] [superpoint_node]: Errore pubblicazione keypoints 3D: could not assign tuple of length 3 to structure with 4 fields.
[superpoint_node-2] [INFO] [1768034495.431680310] [superpoint_node]: Keypoints estratti: 800
[superpoint_node-2] [ERROR] [1768034495.437533357] [superpoint_node]: Errore pubblicazione keypoints 3D: could not assign tuple of length 3 to structure with 4 fields.
[superpoint_node-2] [INFO] [1768034495.529244164] [superpoint_node]: Keypoints estratti: 800
[superpoint_node-2] [ERROR] [1768034495.535671141] [superpoint_node]: Errore pubblicazione keypoints 3D: could not assign tuple of length 3 to structure with 4 fields.
[superpoint_node-2] [INFO] [1768034495.632052837] [superpoint_node]: Keypoints estratti: 800
[superpoint_node-2] [ERROR] [1768034495.638089848] [superpoint_node]: Errore pubblicazione keypoints 3D: could not assign tuple of length 3 to structure with 4 fields.
[rtabmap-14] [INFO] [1768034495.689128218] [rtabmap]: rtabmap (1881): Rate=0.50s, Limit=0.001s, Conversion=0.0019s, RTAB-Map=0.0645s, Maps update=0.0061s pub=0.0054s delay=0.1095s (local map=4, WM=5)
[superpoint_node-2] [INFO] [1768034495.737609383] [superpoint_node]: Keypoints estratti: 800
[superpoint_node-2] [ERROR] [1768034495.744974627] [superpoint_node]: Errore pubblicazione keypoints 3D: could not assign tuple of length 3 to structure with 4 fields.
[superpoint_node-2] [INFO] [1768034495.834266044] [superpoint_node]: Keypoints estratti: 800
[superpoint_node-2] [ERROR] [1768034495.840769300] [superpoint_node]: Errore pubblicazione keypoints 3D: could not assign tuple of length 3 to structure with 4 fields.
[superpoint_node-2] [INFO] [1768034495.935600168] [superpoint_node]: Keypoints estratti: 800
[superpoint_node-2] [ERROR] [1768034495.941547272] [superpoint_node]: Errore pubblicazione keypoints 3D: could not assign tuple of length 3 to structure with 4 fields.
[superpoint_node-2] [INFO] [1768034496.032149736] [superpoint_node]: Keypoints estratti: 800
[superpoint_node-2] [ERROR] [1768034496.038431397] [superpoint_node]: Errore pubblicazione keypoints 3D: could not assign tuple of length 3 to structure with 4 fields.
[superpoint_node-2] [INFO] [1768034496.130507003] [superpoint_node]: Keypoints estratti: 800
[superpoint_node-2] [ERROR] [1768034496.136678330] [superpoint_node]: Errore pubblicazione keypoints 3D: could not assign tuple of length 3 to structure with 4 fields.
[rtabmap-14] [INFO] [1768034496.192890724] [rtabmap]: rtabmap (1882): Rate=0.50s, Limit=0.001s, Conversion=0.0009s, RTAB-Map=0.0636s, Maps update=0.0062s pub=0.0038s delay=0.1115s (local map=3, WM=5)
[superpoint_node-2] [INFO] [1768034496.234582631] [superpoint_node]: Keypoints estratti: 800
[superpoint_node-2] [ERROR] [1768034496.241564686] [superpoint_node]: Errore pubblicazione keypoints 3D: could not assign tuple of length 3 to structure with 4 fields.
[superpoint_node-2] [INFO] [1768034496.331505627] [superpoint_node]: Keypoints estratti: 800
[superpoint_node-2] [ERROR] [1768034496.337118561] [superpoint_node]: Errore pubblicazione keypoints 3D: could not assign tuple of length 3 to structure with 4 fields.
[superpoint_node-2] [INFO] [1768034496.430832180] [superpoint_node]: Keypoints estratti: 800
[superpoint_node-2] [ERROR] [1768034496.436470391] [superpoint_node]: Errore pubblicazione keypoints 3D: could not assign tuple of length 3 to structure with 4 fields.
[superpoint_node-2] [INFO] [1768034496.526194756] [superpoint_node]: Keypoints estratti: 800
[superpoint_node-2] [ERROR] [1768034496.531909431] [superpoint_node]: Errore pubblicazione keypoints 3D: could not assign tuple of length 3 to structure with 4 fields.
[superpoint_node-2] [INFO] [1768034496.627589047] [superpoint_node]: Keypoints estratti: 800
[superpoint_node-2] [ERROR] [1768034496.633383279] [superpoint_node]: Errore pubblicazione keypoints 3D: could not assign tuple of length 3 to structure with 4 fields.
[superpoint_node-2] [INFO] [1768034496.725200142] [superpoint_node]: Keypoints estratti: 800
[superpoint_node-2] [ERROR] [1768034496.731183171] [superpoint_node]: Errore pubblicazione keypoints 3D: could not assign tuple of length 3 to structure with 4 fields.
[rtabmap-14] [INFO] [1768034496.808632456] [rtabmap]: rtabmap (1883): Rate=0.50s, Limit=0.001s, Conversion=0.0003s, RTAB-Map=0.0633s, Maps update=0.0017s pub=0.0018s delay=0.1325s (local map=4, WM=5)
[superpoint_node-2] [INFO] [1768034496.833115541] [superpoint_node]: Keypoints estratti: 800
[superpoint_node-2] [ERROR] [1768034496.840033318] [superpoint_node]: Errore pubblicazione keypoints 3D: could not assign tuple of length 3 to structure with 4 fields.
[superpoint_node-2] [INFO] [1768034496.930392373] [superpoint_node]: Keypoints estratti: 800
[superpoint_node-2] [ERROR] [1768034496.936076289] [superpoint_node]: Errore pubblicazione keypoints 3D: could not assign tuple of length 3 to structure with 4 fields.
[superpoint_node-2] [INFO] [1768034497.030221912] [superpoint_node]: Keypoints estratti: 800
[superpoint_node-2] [ERROR] [1768034497.036158829] [superpoint_node]: Errore pubblicazione keypoints 3D: could not assign tuple of length 3 to structure with 4 fields.
[superpoint_node-2] [INFO] [1768034497.164949099] [superpoint_node]: Keypoints estratti: 800
[superpoint_node-2] [ERROR] [1768034497.170616811] [superpoint_node]: Errore pubblicazione keypoints 3D: could not assign tuple of length 3 to structure with 4 fields.
[superpoint_node-2] [INFO] [1768034497.265454605] [superpoint_node]: Keypoints estratti: 800
[superpoint_node-2] [ERROR] [1768034497.271760211] [superpoint_node]: Errore pubblicazione keypoints 3D: could not assign tuple of length 3 to structure with 4 fields.
[rtabmap-14] [INFO] [1768034497.290120913] [rtabmap]: rtabmap (1884): Rate=0.50s, Limit=0.001s, Conversion=0.0003s, RTAB-Map=0.0384s, Maps update=0.0003s pub=0.0007s delay=0.0778s (local map=3, WM=5)
[superpoint_node-2] [INFO] [1768034497.366239188] [superpoint_node]: Keypoints estratti: 800
[superpoint_node-2] [ERROR] [1768034497.372859704] [superpoint_node]: Errore pubblicazione keypoints 3D: could not assign tuple of length 3 to structure with 4 fields.
[superpoint_node-2] [INFO] [1768034497.467362551] [superpoint_node]: Keypoints estratti: 800
[superpoint_node-2] [ERROR] [1768034497.473407711] [superpoint_node]: Errore pubblicazione keypoints 3D: could not assign tuple of length 3 to structure with 4 fields.
[superpoint_node-2] [INFO] [1768034497.565215296] [superpoint_node]: Keypoints estratti: 800
[superpoint_node-2] [ERROR] [1768034497.571117121] [superpoint_node]: Errore pubblicazione keypoints 3D: could not assign tuple of length 3 to structure with 4 fields.
[superpoint_node-2] [INFO] [1768034497.667925301] [superpoint_node]: Keypoints estratti: 800
[superpoint_node-2] [ERROR] [1768034497.674487891] [superpoint_node]: Errore pubblicazione keypoints 3D: could not assign tuple of length 3 to structure with 4 fields.
[superpoint_node-2] [INFO] [1768034497.770973995] [superpoint_node]: Keypoints estratti: 800
[superpoint_node-2] [ERROR] [1768034497.777151415] [superpoint_node]: Errore pubblicazione keypoints 3D: could not assign tuple of length 3 to structure with 4 fields.
[rtabmap-14] [INFO] [1768034497.846076095] [rtabmap]: rtabmap (1885): Rate=0.50s, Limit=0.001s, Conversion=0.0005s, RTAB-Map=0.0652s, Maps update=0.0004s pub=0.0010s delay=0.1295s (local map=4, WM=5)
[superpoint_node-2] [INFO] [1768034497.880535129] [superpoint_node]: Keypoints estratti: 800
[superpoint_node-2] [ERROR] [1768034497.886433343] [superpoint_node]: Errore pubblicazione keypoints 3D: could not assign tuple of length 3 to structure with 4 fields.
[superpoint_node-2] [INFO] [1768034497.981037321] [superpoint_node]: Keypoints estratti: 800
[superpoint_node-2] [ERROR] [1768034497.986947313] [superpoint_node]: Errore pubblicazione keypoints 3D: could not assign tuple of length 3 to structure with 4 fields.
[superpoint_node-2] [INFO] [1768034498.079851851] [superpoint_node]: Keypoints estratti: 800
[superpoint_node-2] [ERROR] [1768034498.085897251] [superpoint_node]: Errore pubblicazione keypoints 3D: could not assign tuple of length 3 to structure with 4 fields.
[superpoint_node-2] [INFO] [1768034498.185385842] [superpoint_node]: Keypoints estratti: 800
[superpoint_node-2] [ERROR] [1768034498.191300186] [superpoint_node]: Errore pubblicazione keypoints 3D: could not assign tuple of length 3 to structure with 4 fields.
[superpoint_node-2] [INFO] [1768034498.285810181] [superpoint_node]: Keypoints estratti: 800
[superpoint_node-2] [ERROR] [1768034498.292065064] [superpoint_node]: Errore pubblicazione keypoints 3D: could not assign tuple of length 3 to structure with 4 fields.
[rtabmap-14] [INFO] [1768034498.360417499] [rtabmap]: rtabmap (1886): Rate=0.50s, Limit=0.001s, Conversion=0.0006s, RTAB-Map=0.0761s, Maps update=0.0021s pub=0.0012s delay=0.1261s (local map=3, WM=5)
[superpoint_node-2] [INFO] [1768034498.387771866] [superpoint_node]: Keypoints estratti: 800
[superpoint_node-2] [ERROR] [1768034498.393556579] [superpoint_node]: Errore pubblicazione keypoints 3D: could not assign tuple of length 3 to structure with 4 fields.
[superpoint_node-2] [INFO] [1768034498.487707146] [superpoint_node]: Keypoints estratti: 800
[superpoint_node-2] [ERROR] [1768034498.493695231] [superpoint_node]: Errore pubblicazione keypoints 3D: could not assign tuple of length 3 to structure with 4 fields.
[superpoint_node-2] [INFO] [1768034498.585993097] [superpoint_node]: Keypoints estratti: 800
[superpoint_node-2] [ERROR] [1768034498.591549031] [superpoint_node]: Errore pubblicazione keypoints 3D: could not assign tuple of length 3 to structure with 4 fields.
[superpoint_node-2] [INFO] [1768034498.685259298] [superpoint_node]: Keypoints estratti: 800
[superpoint_node-2] [ERROR] [1768034498.690811046] [superpoint_node]: Errore pubblicazione keypoints 3D: could not assign tuple of length 3 to structure with 4 fields.
[superpoint_node-2] [INFO] [1768034498.781020044] [superpoint_node]: Keypoints estratti: 800
[superpoint_node-2] [ERROR] [1768034498.786797479] [superpoint_node]: Errore pubblicazione keypoints 3D: could not assign tuple of length 3 to structure with 4 fields.
[superpoint_node-2] [INFO] [1768034498.880643025] [superpoint_node]: Keypoints estratti: 800
[superpoint_node-2] [ERROR] [1768034498.886654129] [superpoint_node]: Errore pubblicazione keypoints 3D: could not assign tuple of length 3 to structure with 4 fields.
[rtabmap-14] [INFO] [1768034498.891147090] [rtabmap]: rtabmap (1887): Rate=0.50s, Limit=0.001s, Conversion=0.0002s, RTAB-Map=0.0407s, Maps update=0.0003s pub=0.0009s delay=0.0635s (local map=4, WM=5)
[superpoint_node-2] [INFO] [1768034498.977930154] [superpoint_node]: Keypoints estratti: 800
[superpoint_node-2] [ERROR] [1768034498.983533532] [superpoint_node]: Errore pubblicazione keypoints 3D: could not assign tuple of length 3 to structure with 4 fields.
[superpoint_node-2] [INFO] [1768034499.118688241] [superpoint_node]: Keypoints estratti: 800
[superpoint_node-2] [ERROR] [1768034499.124612825] [superpoint_node]: Errore pubblicazione keypoints 3D: could not assign tuple of length 3 to structure with 4 fields.
[superpoint_node-2] [INFO] [1768034499.219943198] [superpoint_node]: Keypoints estratti: 800
[superpoint_node-2] [ERROR] [1768034499.225893079] [superpoint_node]: Errore pubblicazione keypoints 3D: could not assign tuple of length 3 to structure with 4 fields.
[superpoint_node-2] [INFO] [1768034499.322746427] [superpoint_node]: Keypoints estratti: 800
[superpoint_node-2] [ERROR] [1768034499.328693530] [superpoint_node]: Errore pubblicazione keypoints 3D: could not assign tuple of length 3 to structure with 4 fields.
[superpoint_node-2] [INFO] [1768034499.417708259] [superpoint_node]: Keypoints estratti: 800
[superpoint_node-2] [ERROR] [1768034499.423674603] [superpoint_node]: Errore pubblicazione keypoints 3D: could not assign tuple of length 3 to structure with 4 fields.
[superpoint_node-2] [INFO] [1768034499.526120792] [superpoint_node]: Keypoints estratti: 800
[superpoint_node-2] [ERROR] [1768034499.532283193] [superpoint_node]: Errore pubblicazione keypoints 3D: could not assign tuple of length 3 to structure with 4 fields.
[rtabmap-14] [INFO] [1768034499.536218798] [rtabmap]: rtabmap (1888): Rate=0.50s, Limit=0.001s, Conversion=0.0007s, RTAB-Map=0.0926s, Maps update=0.0172s pub=0.0084s delay=0.1666s (local map=4, WM=4)
[superpoint_node-2] [INFO] [1768034499.631058723] [superpoint_node]: Keypoints estratti: 800
[superpoint_node-2] [ERROR] [1768034499.637091900] [superpoint_node]: Errore pubblicazione keypoints 3D: could not assign tuple of length 3 to structure with 4 fields.
[superpoint_node-2] [INFO] [1768034499.730117958] [superpoint_node]: Keypoints estratti: 800
[superpoint_node-2] [ERROR] [1768034499.736334638] [superpoint_node]: Errore pubblicazione keypoints 3D: could not assign tuple of length 3 to structure with 4 fields.
[superpoint_node-2] [INFO] [1768034499.827155511] [superpoint_node]: Keypoints estratti: 800
[superpoint_node-2] [ERROR] [1768034499.832969724] [superpoint_node]: Errore pubblicazione keypoints 3D: could not assign tuple of length 3 to structure with 4 fields.
[superpoint_node-2] [INFO] [1768034499.929439384] [superpoint_node]: Keypoints estratti: 800
[superpoint_node-2] [ERROR] [1768034499.936085048] [superpoint_node]: Errore pubblicazione keypoints 3D: could not assign tuple of length 3 to structure with 4 fields.
[rtabmap-14] [INFO] [1768034500.017571162] [rtabmap]: rtabmap (1889): Rate=0.50s, Limit=0.001s, Conversion=0.0003s, RTAB-Map=0.0704s, Maps update=0.0239s pub=0.0109s delay=0.1422s (local map=4, WM=5)
[superpoint_node-2] [INFO] [1768034500.037614655] [superpoint_node]: Keypoints estratti: 800
[superpoint_node-2] [ERROR] [1768034500.044681471] [superpoint_node]: Errore pubblicazione keypoints 3D: could not assign tuple of length 3 to structure with 4 fields.
[superpoint_node-2] [INFO] [1768034500.140762553] [superpoint_node]: Keypoints estratti: 800
[superpoint_node-2] [ERROR] [1768034500.146458413] [superpoint_node]: Errore pubblicazione keypoints 3D: could not assign tuple of length 3 to structure with 4 fields.
[superpoint_node-2] [INFO] [1768034500.238188905] [superpoint_node]: Keypoints estratti: 800
[superpoint_node-2] [ERROR] [1768034500.245404278] [superpoint_node]: Errore pubblicazione keypoints 3D: could not assign tuple of length 3 to structure with 4 fields.
[superpoint_node-2] [INFO] [1768034500.337491902] [superpoint_node]: Keypoints estratti: 800
[superpoint_node-2] [ERROR] [1768034500.343922768] [superpoint_node]: Errore pubblicazione keypoints 3D: could not assign tuple of length 3 to structure with 4 fields.
[superpoint_node-2] [INFO] [1768034500.436490841] [superpoint_node]: Keypoints estratti: 800
[superpoint_node-2] [ERROR] [1768034500.443201691] [superpoint_node]: Errore pubblicazione keypoints 3D: could not assign tuple of length 3 to structure with 4 fields.
[rtabmap-14] [INFO] [1768034500.551930985] [rtabmap]: rtabmap (1890): Rate=0.50s, Limit=0.001s, Conversion=0.0004s, RTAB-Map=0.0682s, Maps update=0.0160s pub=0.0166s delay=0.1640s (local map=4, WM=6)
[superpoint_node-2] [INFO] [1768034500.587026951] [superpoint_node]: Keypoints estratti: 800
[superpoint_node-2] [ERROR] [1768034500.592993351] [superpoint_node]: Errore pubblicazione keypoints 3D: could not assign tuple of length 3 to structure with 4 fields.
[superpoint_node-2] [INFO] [1768034500.682926013] [superpoint_node]: Keypoints estratti: 800
[superpoint_node-2] [ERROR] [1768034500.688911006] [superpoint_node]: Errore pubblicazione keypoints 3D: could not assign tuple of length 3 to structure with 4 fields.
[superpoint_node-2] [INFO] [1768034500.796891479] [superpoint_node]: Keypoints estratti: 800
[superpoint_node-2] [ERROR] [1768034500.803050899] [superpoint_node]: Errore pubblicazione keypoints 3D: could not assign tuple of length 3 to structure with 4 fields.
[superpoint_node-2] [INFO] [1768034500.893707141] [superpoint_node]: Keypoints estratti: 800
[superpoint_node-2] [ERROR] [1768034500.899339149] [superpoint_node]: Errore pubblicazione keypoints 3D: could not assign tuple of length 3 to structure with 4 fields.
[superpoint_node-2] [INFO] [1768034500.994638911] [superpoint_node]: Keypoints estratti: 800
[superpoint_node-2] [ERROR] [1768034501.000665329] [superpoint_node]: Errore pubblicazione keypoints 3D: could not assign tuple of length 3 to structure with 4 fields.
[rtabmap-14] [INFO] [1768034501.047034588] [rtabmap]: rtabmap (1891): Rate=0.50s, Limit=0.001s, Conversion=0.0013s, RTAB-Map=0.0607s, Maps update=0.0004s pub=0.0008s delay=0.1060s (local map=4, WM=5)
[superpoint_node-2] [INFO] [1768034501.097890995] [superpoint_node]: Keypoints estratti: 800
[superpoint_node-2] [ERROR] [1768034501.103641448] [superpoint_node]: Errore pubblicazione keypoints 3D: could not assign tuple of length 3 to structure with 4 fields.
[superpoint_node-2] [INFO] [1768034501.195298754] [superpoint_node]: Keypoints estratti: 800
[superpoint_node-2] [ERROR] [1768034501.201034392] [superpoint_node]: Errore pubblicazione keypoints 3D: could not assign tuple of length 3 to structure with 4 fields.
[superpoint_node-2] [INFO] [1768034501.295735112] [superpoint_node]: Keypoints estratti: 800
[superpoint_node-2] [ERROR] [1768034501.301493528] [superpoint_node]: Errore pubblicazione keypoints 3D: could not assign tuple of length 3 to structure with 4 fields.
[superpoint_node-2] [INFO] [1768034501.392379236] [superpoint_node]: Keypoints estratti: 800
[superpoint_node-2] [ERROR] [1768034501.398104374] [superpoint_node]: Errore pubblicazione keypoints 3D: could not assign tuple of length 3 to structure with 4 fields.
[superpoint_node-2] [INFO] [1768034501.490877300] [superpoint_node]: Keypoints estratti: 800
[superpoint_node-2] [ERROR] [1768034501.496906367] [superpoint_node]: Errore pubblicazione keypoints 3D: could not assign tuple of length 3 to structure with 4 fields.
[superpoint_node-2] [INFO] [1768034501.587731278] [superpoint_node]: Keypoints estratti: 800
[superpoint_node-2] [ERROR] [1768034501.593560250] [superpoint_node]: Errore pubblicazione keypoints 3D: could not assign tuple of length 3 to structure with 4 fields.
[superpoint_node-2] [INFO] [1768034501.688383563] [superpoint_node]: Keypoints estratti: 800
[superpoint_node-2] [ERROR] [1768034501.694133979] [superpoint_node]: Errore pubblicazione keypoints 3D: could not assign tuple of length 3 to structure with 4 fields.
[rtabmap-14] [INFO] [1768034501.696074199] [rtabmap]: rtabmap (1892): Rate=0.50s, Limit=0.001s, Conversion=0.0002s, RTAB-Map=0.0351s, Maps update=0.0005s pub=0.0008s delay=0.0609s (local map=4, WM=6)
[superpoint_node-2] [INFO] [1768034501.788988922] [superpoint_node]: Keypoints estratti: 800
[superpoint_node-2] [ERROR] [1768034501.795420344] [superpoint_node]: Errore pubblicazione keypoints 3D: could not assign tuple of length 3 to structure with 4 fields.
[superpoint_node-2] [INFO] [1768034501.888509291] [superpoint_node]: Keypoints estratti: 800
[superpoint_node-2] [ERROR] [1768034501.894163114] [superpoint_node]: Errore pubblicazione keypoints 3D: could not assign tuple of length 3 to structure with 4 fields.
[superpoint_node-2] [INFO] [1768034501.987134931] [superpoint_node]: Keypoints estratti: 800
[superpoint_node-2] [ERROR] [1768034501.993082330] [superpoint_node]: Errore pubblicazione keypoints 3D: could not assign tuple of length 3 to structure with 4 fields.
[superpoint_node-2] [INFO] [1768034502.087275194] [superpoint_node]: Keypoints estratti: 800
[superpoint_node-2] [ERROR] [1768034502.093146778] [superpoint_node]: Errore pubblicazione keypoints 3D: could not assign tuple of length 3 to structure with 4 fields.
[superpoint_node-2] [INFO] [1768034502.186386504] [superpoint_node]: Keypoints estratti: 800
[superpoint_node-2] [ERROR] [1768034502.192582164] [superpoint_node]: Errore pubblicazione keypoints 3D: could not assign tuple of length 3 to structure with 4 fields.
[superpoint_node-2] [INFO] [1768034502.289503013] [superpoint_node]: Keypoints estratti: 800
[superpoint_node-2] [ERROR] [1768034502.296122066] [superpoint_node]: Errore pubblicazione keypoints 3D: could not assign tuple of length 3 to structure with 4 fields.
[rtabmap-14] [INFO] [1768034502.318315928] [rtabmap]: rtabmap (1893): Rate=0.50s, Limit=0.001s, Conversion=0.0002s, RTAB-Map=0.0408s, Maps update=0.0005s pub=0.0014s delay=0.0840s (local map=4, WM=5)
[superpoint_node-2] [INFO] [1768034502.391744422] [superpoint_node]: Keypoints estratti: 800
[superpoint_node-2] [ERROR] [1768034502.397843674] [superpoint_node]: Errore pubblicazione keypoints 3D: could not assign tuple of length 3 to structure with 4 fields.
[superpoint_node-2] [INFO] [1768034502.492092575] [superpoint_node]: Keypoints estratti: 800
[superpoint_node-2] [ERROR] [1768034502.497782047] [superpoint_node]: Errore pubblicazione keypoints 3D: could not assign tuple of length 3 to structure with 4 fields.
[superpoint_node-2] [INFO] [1768034502.589472816] [superpoint_node]: Keypoints estratti: 800
[superpoint_node-2] [ERROR] [1768034502.595231344] [superpoint_node]: Errore pubblicazione keypoints 3D: could not assign tuple of length 3 to structure with 4 fields.
[superpoint_node-2] [INFO] [1768034502.689293928] [superpoint_node]: Keypoints estratti: 800
[superpoint_node-2] [ERROR] [1768034502.695127327] [superpoint_node]: Errore pubblicazione keypoints 3D: could not assign tuple of length 3 to structure with 4 fields.
[superpoint_node-2] [INFO] [1768034502.783464514] [superpoint_node]: Keypoints estratti: 800
[superpoint_node-2] [ERROR] [1768034502.789139615] [superpoint_node]: Errore pubblicazione keypoints 3D: could not assign tuple of length 3 to structure with 4 fields.
[superpoint_node-2] [INFO] [1768034502.884580525] [superpoint_node]: Keypoints estratti: 800
[rtabmap-14] [INFO] [1768034502.889931846] [rtabmap]: rtabmap (1894): Rate=0.50s, Limit=0.001s, Conversion=0.0002s, RTAB-Map=0.0361s, Maps update=0.0022s pub=0.0009s delay=0.0587s (local map=4, WM=6)
[superpoint_node-2] [ERROR] [1768034502.890944780] [superpoint_node]: Errore pubblicazione keypoints 3D: could not assign tuple of length 3 to structure with 4 fields.
[superpoint_node-2] [INFO] [1768034502.987827072] [superpoint_node]: Keypoints estratti: 800
[superpoint_node-2] [ERROR] [1768034502.993659360] [superpoint_node]: Errore pubblicazione keypoints 3D: could not assign tuple of length 3 to structure with 4 fields.
[superpoint_node-2] [INFO] [1768034503.086696047] [superpoint_node]: Keypoints estratti: 800
[superpoint_node-2] [ERROR] [1768034503.092534223] [superpoint_node]: Errore pubblicazione keypoints 3D: could not assign tuple of length 3 to structure with 4 fields.
[superpoint_node-2] [INFO] [1768034503.184822572] [superpoint_node]: Keypoints estratti: 800
[superpoint_node-2] [ERROR] [1768034503.191258623] [superpoint_node]: Errore pubblicazione keypoints 3D: could not assign tuple of length 3 to structure with 4 fields.
[rtabmap-14] [33m[ WARN] (2026-01-10 09:41:39.035) CoreWrapper.cpp:1227::odomTFUpdate() Odometry is reset (identity pose detected). Increment map id![0m
[rtabmap-14] [33m[ WARN] (2026-01-10 09:41:39.527) MapsManager.cpp:863::publishMaps() Graph has changed! The whole cloud is regenerated.[0m
[rtabmap-14] [33m[ WARN] (2026-01-10 09:41:39.976) Memory.cpp:2105::forget() Less signatures transferred (1) than added (2)! The working memory cannot decrease in size.[0m
[rtabmap-14] [33m[ WARN] (2026-01-10 09:41:40.514) Memory.cpp:2105::forget() Less signatures transferred (2) than added (3)! The working memory cannot decrease in size.[0m
[rtabmap-14] [33m[ WARN] (2026-01-10 09:41:41.692) Memory.cpp:2105::forget() Less signatures transferred (2) than added (3)! The working memory cannot decrease in size.[0m
[rtabmap-14] [33m[ WARN] (2026-01-10 09:41:42.885) Memory.cpp:2105::forget() Less signatures transferred (2) than added (3)! The working memory cannot decrease in size.[0m
[superpoint_node-2] [INFO] [1768034503.286628737] [superpoint_node]: Keypoints estratti: 800
[superpoint_node-2] [ERROR] [1768034503.292237522] [superpoint_node]: Errore pubblicazione keypoints 3D: could not assign tuple of length 3 to structure with 4 fields.
[superpoint_node-2] [INFO] [1768034503.386370719] [superpoint_node]: Keypoints estratti: 800
[superpoint_node-2] [ERROR] [1768034503.392542435] [superpoint_node]: Errore pubblicazione keypoints 3D: could not assign tuple of length 3 to structure with 4 fields.
[rtabmap-14] [INFO] [1768034503.445033872] [rtabmap]: rtabmap (1895): Rate=0.50s, Limit=0.001s, Conversion=0.0005s, RTAB-Map=0.0552s, Maps update=0.0076s pub=0.0043s delay=0.1111s (local map=4, WM=5)
[superpoint_node-2] [INFO] [1768034503.492323028] [superpoint_node]: Keypoints estratti: 800
[superpoint_node-2] [ERROR] [1768034503.498426040] [superpoint_node]: Errore pubblicazione keypoints 3D: could not assign tuple of length 3 to structure with 4 fields.
[superpoint_node-2] [INFO] [1768034503.592300438] [superpoint_node]: Keypoints estratti: 800
[superpoint_node-2] [ERROR] [1768034503.598494894] [superpoint_node]: Errore pubblicazione keypoints 3D: could not assign tuple of length 3 to structure with 4 fields.
[superpoint_node-2] [INFO] [1768034503.691691194] [superpoint_node]: Keypoints estratti: 800
[superpoint_node-2] [ERROR] [1768034503.697552667] [superpoint_node]: Errore pubblicazione keypoints 3D: could not assign tuple of length 3 to structure with 4 fields.
[superpoint_node-2] [INFO] [1768034503.824299217] [superpoint_node]: Keypoints estratti: 800
[superpoint_node-2] [ERROR] [1768034503.830207653] [superpoint_node]: Errore pubblicazione keypoints 3D: could not assign tuple of length 3 to structure with 4 fields.
[superpoint_node-2] [INFO] [1768034503.925338376] [superpoint_node]: Keypoints estratti: 800
[superpoint_node-2] [ERROR] [1768034503.932767305] [superpoint_node]: Errore pubblicazione keypoints 3D: could not assign tuple of length 3 to structure with 4 fields.
[rtabmap-14] [INFO] [1768034503.954296107] [rtabmap]: rtabmap (1896): Rate=0.50s, Limit=0.001s, Conversion=0.0002s, RTAB-Map=0.0364s, Maps update=0.0003s pub=0.0007s delay=0.0818s (local map=4, WM=6)
[superpoint_node-2] [INFO] [1768034504.027992603] [superpoint_node]: Keypoints estratti: 800
[superpoint_node-2] [ERROR] [1768034504.035195642] [superpoint_node]: Errore pubblicazione keypoints 3D: could not assign tuple of length 3 to structure with 4 fields.
[superpoint_node-2] [INFO] [1768034504.128110866] [superpoint_node]: Keypoints estratti: 800
[superpoint_node-2] [ERROR] [1768034504.133832523] [superpoint_node]: Errore pubblicazione keypoints 3D: could not assign tuple of length 3 to structure with 4 fields.
[superpoint_node-2] [INFO] [1768034504.229549565] [superpoint_node]: Keypoints estratti: 800
[superpoint_node-2] [ERROR] [1768034504.236336230] [superpoint_node]: Errore pubblicazione keypoints 3D: could not assign tuple of length 3 to structure with 4 fields.
[superpoint_node-2] [INFO] [1768034504.326846101] [superpoint_node]: Keypoints estratti: 800
[superpoint_node-2] [ERROR] [1768034504.332501313] [superpoint_node]: Errore pubblicazione keypoints 3D: could not assign tuple of length 3 to structure with 4 fields.
[superpoint_node-2] [INFO] [1768034504.428800990] [superpoint_node]: Keypoints estratti: 800
[superpoint_node-2] [ERROR] [1768034504.434651518] [superpoint_node]: Errore pubblicazione keypoints 3D: could not assign tuple of length 3 to structure with 4 fields.
[rtabmap-14] [INFO] [1768034504.494104363] [rtabmap]: rtabmap (1897): Rate=0.50s, Limit=0.001s, Conversion=0.0006s, RTAB-Map=0.0715s, Maps update=0.0064s pub=0.0030s delay=0.1168s (local map=4, WM=5)
[superpoint_node-2] [INFO] [1768034504.530020632] [superpoint_node]: Keypoints estratti: 800
[superpoint_node-2] [ERROR] [1768034504.535880271] [superpoint_node]: Errore pubblicazione keypoints 3D: could not assign tuple of length 3 to structure with 4 fields.
[superpoint_node-2] [INFO] [1768034504.626683478] [superpoint_node]: Keypoints estratti: 800
[superpoint_node-2] [ERROR] [1768034504.632413357] [superpoint_node]: Errore pubblicazione keypoints 3D: could not assign tuple of length 3 to structure with 4 fields.
[superpoint_node-2] [INFO] [1768034504.727915064] [superpoint_node]: Keypoints estratti: 800
[superpoint_node-2] [ERROR] [1768034504.733597369] [superpoint_node]: Errore pubblicazione keypoints 3D: could not assign tuple of length 3 to structure with 4 fields.
[superpoint_node-2] [INFO] [1768034504.828491571] [superpoint_node]: Keypoints estratti: 800
[superpoint_node-2] [ERROR] [1768034504.834302266] [superpoint_node]: Errore pubblicazione keypoints 3D: could not assign tuple of length 3 to structure with 4 fields.
[superpoint_node-2] [INFO] [1768034504.929401674] [superpoint_node]: Keypoints estratti: 800
[superpoint_node-2] [ERROR] [1768034504.935022330] [superpoint_node]: Errore pubblicazione keypoints 3D: could not assign tuple of length 3 to structure with 4 fields.
[rtabmap-14] [INFO] [1768034504.974740054] [rtabmap]: rtabmap (1898): Rate=0.50s, Limit=0.001s, Conversion=0.0002s, RTAB-Map=0.0321s, Maps update=0.0008s pub=0.0009s delay=0.0955s (local map=4, WM=6)
[superpoint_node-2] [INFO] [1768034505.033251374] [superpoint_node]: Keypoints estratti: 800
[superpoint_node-2] [ERROR] [1768034505.040116762] [superpoint_node]: Errore pubblicazione keypoints 3D: could not assign tuple of length 3 to structure with 4 fields.
[superpoint_node-2] [INFO] [1768034505.133993252] [superpoint_node]: Keypoints estratti: 800
[superpoint_node-2] [ERROR] [1768034505.141411015] [superpoint_node]: Errore pubblicazione keypoints 3D: could not assign tuple of length 3 to structure with 4 fields.
[superpoint_node-2] [INFO] [1768034505.232109129] [superpoint_node]: Keypoints estratti: 800
[superpoint_node-2] [ERROR] [1768034505.237818489] [superpoint_node]: Errore pubblicazione keypoints 3D: could not assign tuple of length 3 to structure with 4 fields.
[superpoint_node-2] [INFO] [1768034505.332891341] [superpoint_node]: Keypoints estratti: 800
[superpoint_node-2] [ERROR] [1768034505.338792314] [superpoint_node]: Errore pubblicazione keypoints 3D: could not assign tuple of length 3 to structure with 4 fields.
[superpoint_node-2] [INFO] [1768034505.432655953] [superpoint_node]: Keypoints estratti: 800
[superpoint_node-2] [ERROR] [1768034505.439338006] [superpoint_node]: Errore pubblicazione keypoints 3D: could not assign tuple of length 3 to structure with 4 fields.
[rtabmap-14] [INFO] [1768034505.489551944] [rtabmap]: rtabmap (1899): Rate=0.50s, Limit=0.001s, Conversion=0.0010s, RTAB-Map=0.0599s, Maps update=0.0064s pub=0.0056s delay=0.1079s (local map=4, WM=5)
[superpoint_node-2] [INFO] [1768034505.536777822] [superpoint_node]: Keypoints estratti: 800
[superpoint_node-2] [ERROR] [1768034505.544740404] [superpoint_node]: Errore pubblicazione keypoints 3D: could not assign tuple of length 3 to structure with 4 fields.
[superpoint_node-2] [INFO] [1768034505.635121218] [superpoint_node]: Keypoints estratti: 800
[superpoint_node-2] [ERROR] [1768034505.641463750] [superpoint_node]: Errore pubblicazione keypoints 3D: could not assign tuple of length 3 to structure with 4 fields.
[superpoint_node-2] [INFO] [1768034505.735821763] [superpoint_node]: Keypoints estratti: 800
[superpoint_node-2] [ERROR] [1768034505.742317982] [superpoint_node]: Errore pubblicazione keypoints 3D: could not assign tuple of length 3 to structure with 4 fields.
[superpoint_node-2] [INFO] [1768034505.834061400] [superpoint_node]: Keypoints estratti: 800
[superpoint_node-2] [ERROR] [1768034505.840982937] [superpoint_node]: Errore pubblicazione keypoints 3D: could not assign tuple of length 3 to structure with 4 fields.
[superpoint_node-2] [INFO] [1768034505.934109032] [superpoint_node]: Keypoints estratti: 800
[superpoint_node-2] [ERROR] [1768034505.940585399] [superpoint_node]: Errore pubblicazione keypoints 3D: could not assign tuple of length 3 to structure with 4 fields.
[rtabmap-14] [INFO] [1768034506.000148541] [rtabmap]: rtabmap (1900): Rate=0.50s, Limit=0.001s, Conversion=0.0006s, RTAB-Map=0.0684s, Maps update=0.0097s pub=0.0030s delay=0.1172s (local map=4, WM=6)
[superpoint_node-2] [INFO] [1768034506.031582626] [superpoint_node]: Keypoints estratti: 800
[superpoint_node-2] [ERROR] [1768034506.037292820] [superpoint_node]: Errore pubblicazione keypoints 3D: could not assign tuple of length 3 to structure with 4 fields.
[superpoint_node-2] [INFO] [1768034506.131910853] [superpoint_node]: Keypoints estratti: 800
[superpoint_node-2] [ERROR] [1768034506.137385545] [superpoint_node]: Errore pubblicazione keypoints 3D: could not assign tuple of length 3 to structure with 4 fields.
[superpoint_node-2] [INFO] [1768034506.228791553] [superpoint_node]: Keypoints estratti: 800
[superpoint_node-2] [ERROR] [1768034506.235271994] [superpoint_node]: Errore pubblicazione keypoints 3D: could not assign tuple of length 3 to structure with 4 fields.
[superpoint_node-2] [INFO] [1768034506.329271022] [superpoint_node]: Keypoints estratti: 800
[superpoint_node-2] [ERROR] [1768034506.335135495] [superpoint_node]: Errore pubblicazione keypoints 3D: could not assign tuple of length 3 to structure with 4 fields.
[superpoint_node-2] [INFO] [1768034506.425872924] [superpoint_node]: Keypoints estratti: 800
[superpoint_node-2] [ERROR] [1768034506.431791934] [superpoint_node]: Errore pubblicazione keypoints 3D: could not assign tuple of length 3 to structure with 4 fields.
[superpoint_node-2] [INFO] [1768034506.524718102] [superpoint_node]: Keypoints estratti: 800
[superpoint_node-2] [ERROR] [1768034506.530887281] [superpoint_node]: Errore pubblicazione keypoints 3D: could not assign tuple of length 3 to structure with 4 fields.
[rtabmap-14] [INFO] [1768034506.596152821] [rtabmap]: rtabmap (1901): Rate=0.50s, Limit=0.001s, Conversion=0.0002s, RTAB-Map=0.0730s, Maps update=0.0027s pub=0.0009s delay=0.1224s (local map=4, WM=5)
[superpoint_node-2] [INFO] [1768034506.626051430] [superpoint_node]: Keypoints estratti: 800
[superpoint_node-2] [ERROR] [1768034506.631838569] [superpoint_node]: Errore pubblicazione keypoints 3D: could not assign tuple of length 3 to structure with 4 fields.
[superpoint_node-2] [INFO] [1768034506.729004956] [superpoint_node]: Keypoints estratti: 800
[superpoint_node-2] [ERROR] [1768034506.734869281] [superpoint_node]: Errore pubblicazione keypoints 3D: could not assign tuple of length 3 to structure with 4 fields.
[superpoint_node-2] [INFO] [1768034506.828937328] [superpoint_node]: Keypoints estratti: 800
[superpoint_node-2] [ERROR] [1768034506.834881987] [superpoint_node]: Errore pubblicazione keypoints 3D: could not assign tuple of length 3 to structure with 4 fields.
[superpoint_node-2] [INFO] [1768034506.928949961] [superpoint_node]: Keypoints estratti: 800
[superpoint_node-2] [ERROR] [1768034506.934689951] [superpoint_node]: Errore pubblicazione keypoints 3D: could not assign tuple of length 3 to structure with 4 fields.
[superpoint_node-2] [INFO] [1768034507.030042083] [superpoint_node]: Keypoints estratti: 800
[superpoint_node-2] [ERROR] [1768034507.036748414] [superpoint_node]: Errore pubblicazione keypoints 3D: could not assign tuple of length 3 to structure with 4 fields.
[rtabmap-14] [INFO] [1768034507.099031597] [rtabmap]: rtabmap (1902): Rate=0.50s, Limit=0.001s, Conversion=0.0005s, RTAB-Map=0.0818s, Maps update=0.0004s pub=0.0022s delay=0.1222s (local map=4, WM=6)
[superpoint_node-2] [INFO] [1768034507.134395268] [superpoint_node]: Keypoints estratti: 800
[superpoint_node-2] [ERROR] [1768034507.141446195] [superpoint_node]: Errore pubblicazione keypoints 3D: could not assign tuple of length 3 to structure with 4 fields.
[superpoint_node-2] [INFO] [1768034507.236284286] [superpoint_node]: Keypoints estratti: 800
[superpoint_node-2] [ERROR] [1768034507.242538429] [superpoint_node]: Errore pubblicazione keypoints 3D: could not assign tuple of length 3 to structure with 4 fields.
[superpoint_node-2] [INFO] [1768034507.335935971] [superpoint_node]: Keypoints estratti: 800
[superpoint_node-2] [ERROR] [1768034507.342088520] [superpoint_node]: Errore pubblicazione keypoints 3D: could not assign tuple of length 3 to structure with 4 fields.
[superpoint_node-2] [INFO] [1768034507.433891735] [superpoint_node]: Keypoints estratti: 800
[superpoint_node-2] [ERROR] [1768034507.439753504] [superpoint_node]: Errore pubblicazione keypoints 3D: could not assign tuple of length 3 to structure with 4 fields.
[superpoint_node-2] [INFO] [1768034507.537206690] [superpoint_node]: Keypoints estratti: 800
[superpoint_node-2] [ERROR] [1768034507.543520277] [superpoint_node]: Errore pubblicazione keypoints 3D: could not assign tuple of length 3 to structure with 4 fields.
[rtabmap-14] [INFO] [1768034507.590022093] [rtabmap]: rtabmap (1903): Rate=0.50s, Limit=0.001s, Conversion=0.0003s, RTAB-Map=0.0750s, Maps update=0.0003s pub=0.0008s delay=0.1089s (local map=4, WM=5)
[superpoint_node-2] [INFO] [1768034507.646394303] [superpoint_node]: Keypoints estratti: 800
[superpoint_node-2] [ERROR] [1768034507.653045985] [superpoint_node]: Errore pubblicazione keypoints 3D: could not assign tuple of length 3 to structure with 4 fields.
[superpoint_node-2] [INFO] [1768034507.783171951] [superpoint_node]: Keypoints estratti: 800
[superpoint_node-2] [ERROR] [1768034507.789134036] [superpoint_node]: Errore pubblicazione keypoints 3D: could not assign tuple of length 3 to structure with 4 fields.
[superpoint_node-2] [INFO] [1768034507.879949483] [superpoint_node]: Keypoints estratti: 800
[superpoint_node-2] [ERROR] [1768034507.885669807] [superpoint_node]: Errore pubblicazione keypoints 3D: could not assign tuple of length 3 to structure with 4 fields.
[superpoint_node-2] [INFO] [1768034507.977556448] [superpoint_node]: Keypoints estratti: 800
[superpoint_node-2] [ERROR] [1768034507.984096037] [superpoint_node]: Errore pubblicazione keypoints 3D: could not assign tuple of length 3 to structure with 4 fields.
[superpoint_node-2] [INFO] [1768034508.078822887] [superpoint_node]: Keypoints estratti: 800
[superpoint_node-2] [ERROR] [1768034508.084557303] [superpoint_node]: Errore pubblicazione keypoints 3D: could not assign tuple of length 3 to structure with 4 fields.
[rtabmap-14] [INFO] [1768034508.088478427] [rtabmap]: rtabmap (1904): Rate=0.50s, Limit=0.001s, Conversion=0.0002s, RTAB-Map=0.0361s, Maps update=0.0006s pub=0.0011s delay=0.0629s (local map=4, WM=6)
[superpoint_node-2] [INFO] [1768034508.178414182] [superpoint_node]: Keypoints estratti: 800
[superpoint_node-2] [ERROR] [1768034508.184197136] [superpoint_node]: Errore pubblicazione keypoints 3D: could not assign tuple of length 3 to structure with 4 fields.
[rtabmap-14] [33m[ WARN] (2026-01-10 09:41:43.950) Memory.cpp:2105::forget() Less signatures transferred (2) than added (3)! The working memory cannot decrease in size.[0m
[rtabmap-14] [33m[ WARN] (2026-01-10 09:41:44.970) Memory.cpp:2105::forget() Less signatures transferred (2) than added (3)! The working memory cannot decrease in size.[0m
[rtabmap-14] [33m[ WARN] (2026-01-10 09:41:45.983) Memory.cpp:2105::forget() Less signatures transferred (2) than added (3)! The working memory cannot decrease in size.[0m
[rtabmap-14] [33m[ WARN] (2026-01-10 09:41:47.086) Memory.cpp:2105::forget() Less signatures transferred (2) than added (3)! The working memory cannot decrease in size.[0m
[rtabmap-14] [33m[ WARN] (2026-01-10 09:41:48.084) Memory.cpp:2105::forget() Less signatures transferred (2) than added (3)! The working memory cannot decrease in size.[0m
[superpoint_node-2] [INFO] [1768034508.277318843] [superpoint_node]: Keypoints estratti: 800
[superpoint_node-2] [ERROR] [1768034508.282772886] [superpoint_node]: Errore pubblicazione keypoints 3D: could not assign tuple of length 3 to structure with 4 fields.
[superpoint_node-2] [INFO] [1768034508.378685504] [superpoint_node]: Keypoints estratti: 800
[superpoint_node-2] [ERROR] [1768034508.384450513] [superpoint_node]: Errore pubblicazione keypoints 3D: could not assign tuple of length 3 to structure with 4 fields.
[superpoint_node-2] [INFO] [1768034508.474977514] [superpoint_node]: Keypoints estratti: 800
[superpoint_node-2] [ERROR] [1768034508.480499929] [superpoint_node]: Errore pubblicazione keypoints 3D: could not assign tuple of length 3 to structure with 4 fields.
[rtabmap-14] [INFO] [1768034508.615861639] [rtabmap]: rtabmap (1905): Rate=0.50s, Limit=0.001s, Conversion=0.0002s, RTAB-Map=0.0351s, Maps update=0.0005s pub=0.0014s delay=0.0462s (local map=4, WM=5)
[superpoint_node-2] [INFO] [1768034508.627066136] [superpoint_node]: Keypoints estratti: 800
[superpoint_node-2] [ERROR] [1768034508.633086222] [superpoint_node]: Errore pubblicazione keypoints 3D: could not assign tuple of length 3 to structure with 4 fields.
[superpoint_node-2] [INFO] [1768034508.723883799] [superpoint_node]: Keypoints estratti: 800
[superpoint_node-2] [ERROR] [1768034508.730533241] [superpoint_node]: Errore pubblicazione keypoints 3D: could not assign tuple of length 3 to structure with 4 fields.
[superpoint_node-2] [INFO] [1768034508.826520378] [superpoint_node]: Keypoints estratti: 800
[superpoint_node-2] [ERROR] [1768034508.832172571] [superpoint_node]: Errore pubblicazione keypoints 3D: could not assign tuple of length 3 to structure with 4 fields.
[superpoint_node-2] [INFO] [1768034508.926481343] [superpoint_node]: Keypoints estratti: 800
[superpoint_node-2] [ERROR] [1768034508.932197629] [superpoint_node]: Errore pubblicazione keypoints 3D: could not assign tuple of length 3 to structure with 4 fields.
[superpoint_node-2] [INFO] [1768034509.025917137] [superpoint_node]: Keypoints estratti: 800
[superpoint_node-2] [ERROR] [1768034509.032324022] [superpoint_node]: Errore pubblicazione keypoints 3D: could not assign tuple of length 3 to structure with 4 fields.
[superpoint_node-2] [INFO] [1768034509.129048220] [superpoint_node]: Keypoints estratti: 800
[superpoint_node-2] [ERROR] [1768034509.135839145] [superpoint_node]: Errore pubblicazione keypoints 3D: could not assign tuple of length 3 to structure with 4 fields.
[rtabmap-14] [INFO] [1768034509.190409507] [rtabmap]: rtabmap (1906): Rate=0.50s, Limit=0.001s, Conversion=0.0005s, RTAB-Map=0.0706s, Maps update=0.0003s pub=0.0063s delay=0.1155s (local map=4, WM=6)
[superpoint_node-2] [INFO] [1768034509.234366043] [superpoint_node]: Keypoints estratti: 800
[superpoint_node-2] [ERROR] [1768034509.241017652] [superpoint_node]: Errore pubblicazione keypoints 3D: could not assign tuple of length 3 to structure with 4 fields.
[superpoint_node-2] [INFO] [1768034509.334625066] [superpoint_node]: Keypoints estratti: 800
[superpoint_node-2] [ERROR] [1768034509.341277805] [superpoint_node]: Errore pubblicazione keypoints 3D: could not assign tuple of length 3 to structure with 4 fields.
[superpoint_node-2] [INFO] [1768034509.434052879] [superpoint_node]: Keypoints estratti: 800
[superpoint_node-2] [ERROR] [1768034509.441174343] [superpoint_node]: Errore pubblicazione keypoints 3D: could not assign tuple of length 3 to structure with 4 fields.
[superpoint_node-2] [INFO] [1768034509.532248830] [superpoint_node]: Keypoints estratti: 800
[superpoint_node-2] [ERROR] [1768034509.538119784] [superpoint_node]: Errore pubblicazione keypoints 3D: could not assign tuple of length 3 to structure with 4 fields.
[superpoint_node-2] [INFO] [1768034509.633484139] [superpoint_node]: Keypoints estratti: 800
[superpoint_node-2] [ERROR] [1768034509.640611899] [superpoint_node]: Errore pubblicazione keypoints 3D: could not assign tuple of length 3 to structure with 4 fields.
[rtabmap-14] [INFO] [1768034509.650181309] [rtabmap]: rtabmap (1907): Rate=0.50s, Limit=0.001s, Conversion=0.0002s, RTAB-Map=0.0389s, Maps update=0.0004s pub=0.0009s delay=0.0700s (local map=4, WM=5)
[superpoint_node-2] [INFO] [1768034509.733203232] [superpoint_node]: Keypoints estratti: 800
[superpoint_node-2] [ERROR] [1768034509.740672347] [superpoint_node]: Errore pubblicazione keypoints 3D: could not assign tuple of length 3 to structure with 4 fields.
[superpoint_node-2] [INFO] [1768034509.838704408] [superpoint_node]: Keypoints estratti: 800
[superpoint_node-2] [ERROR] [1768034509.845161793] [superpoint_node]: Errore pubblicazione keypoints 3D: could not assign tuple of length 3 to structure with 4 fields.
[superpoint_node-2] [INFO] [1768034509.936615116] [superpoint_node]: Keypoints estratti: 800
[superpoint_node-2] [ERROR] [1768034509.943664505] [superpoint_node]: Errore pubblicazione keypoints 3D: could not assign tuple of length 3 to structure with 4 fields.
[superpoint_node-2] [INFO] [1768034510.036218004] [superpoint_node]: Keypoints estratti: 800
[superpoint_node-2] [ERROR] [1768034510.042633092] [superpoint_node]: Errore pubblicazione keypoints 3D: could not assign tuple of length 3 to structure with 4 fields.
[superpoint_node-2] [INFO] [1768034510.135881356] [superpoint_node]: Keypoints estratti: 800
[superpoint_node-2] [ERROR] [1768034510.142105572] [superpoint_node]: Errore pubblicazione keypoints 3D: could not assign tuple of length 3 to structure with 4 fields.
[rtabmap-14] [INFO] [1768034510.202888243] [rtabmap]: rtabmap (1908): Rate=0.50s, Limit=0.001s, Conversion=0.0007s, RTAB-Map=0.0707s, Maps update=0.0070s pub=0.0045s delay=0.1181s (local map=4, WM=6)
[superpoint_node-2] [INFO] [1768034510.242073000] [superpoint_node]: Keypoints estratti: 800
[superpoint_node-2] [ERROR] [1768034510.248012862] [superpoint_node]: Errore pubblicazione keypoints 3D: could not assign tuple of length 3 to structure with 4 fields.
[superpoint_node-2] [INFO] [1768034510.342115911] [superpoint_node]: Keypoints estratti: 800
[superpoint_node-2] [ERROR] [1768034510.348721889] [superpoint_node]: Errore pubblicazione keypoints 3D: could not assign tuple of length 3 to structure with 4 fields.
[superpoint_node-2] [INFO] [1768034510.440921978] [superpoint_node]: Keypoints estratti: 800
[superpoint_node-2] [ERROR] [1768034510.448008090] [superpoint_node]: Errore pubblicazione keypoints 3D: could not assign tuple of length 3 to structure with 4 fields.
[superpoint_node-2] [INFO] [1768034510.540841905] [superpoint_node]: Keypoints estratti: 800
[superpoint_node-2] [ERROR] [1768034510.546448746] [superpoint_node]: Errore pubblicazione keypoints 3D: could not assign tuple of length 3 to structure with 4 fields.
[superpoint_node-2] [INFO] [1768034510.645056516] [superpoint_node]: Keypoints estratti: 800
[rtabmap-14] [INFO] [1768034510.650918581] [rtabmap]: rtabmap (1909): Rate=0.50s, Limit=0.001s, Conversion=0.0002s, RTAB-Map=0.0400s, Maps update=0.0004s pub=0.0010s delay=0.0630s (local map=4, WM=5)
[superpoint_node-2] [ERROR] [1768034510.652883134] [superpoint_node]: Errore pubblicazione keypoints 3D: could not assign tuple of length 3 to structure with 4 fields.
[superpoint_node-2] [INFO] [1768034510.744194289] [superpoint_node]: Keypoints estratti: 800
[superpoint_node-2] [ERROR] [1768034510.750271412] [superpoint_node]: Errore pubblicazione keypoints 3D: could not assign tuple of length 3 to structure with 4 fields.
[superpoint_node-2] [INFO] [1768034510.848204101] [superpoint_node]: Keypoints estratti: 800
[superpoint_node-2] [ERROR] [1768034510.854163130] [superpoint_node]: Errore pubblicazione keypoints 3D: could not assign tuple of length 3 to structure with 4 fields.
[superpoint_node-2] [INFO] [1768034510.943646753] [superpoint_node]: Keypoints estratti: 800
[superpoint_node-2] [ERROR] [1768034510.949655708] [superpoint_node]: Errore pubblicazione keypoints 3D: could not assign tuple of length 3 to structure with 4 fields.
[superpoint_node-2] [INFO] [1768034511.040622305] [superpoint_node]: Keypoints estratti: 800
[superpoint_node-2] [ERROR] [1768034511.046466296] [superpoint_node]: Errore pubblicazione keypoints 3D: could not assign tuple of length 3 to structure with 4 fields.
[superpoint_node-2] [INFO] [1768034511.137312763] [superpoint_node]: Keypoints estratti: 800
[superpoint_node-2] [ERROR] [1768034511.143366330] [superpoint_node]: Errore pubblicazione keypoints 3D: could not assign tuple of length 3 to structure with 4 fields.
[superpoint_node-2] [INFO] [1768034511.236533852] [superpoint_node]: Keypoints estratti: 800
[superpoint_node-2] [ERROR] [1768034511.243383777] [superpoint_node]: Errore pubblicazione keypoints 3D: could not assign tuple of length 3 to structure with 4 fields.
[rtabmap-14] [INFO] [1768034511.249176601] [rtabmap]: rtabmap (1910): Rate=0.50s, Limit=0.001s, Conversion=0.0003s, RTAB-Map=0.0373s, Maps update=0.0019s pub=0.0009s delay=0.0639s (local map=4, WM=6)
[superpoint_node-2] [INFO] [1768034511.333752776] [superpoint_node]: Keypoints estratti: 800
[superpoint_node-2] [ERROR] [1768034511.340713850] [superpoint_node]: Errore pubblicazione keypoints 3D: could not assign tuple of length 3 to structure with 4 fields.
[superpoint_node-2] [INFO] [1768034511.431620429] [superpoint_node]: Keypoints estratti: 800
[superpoint_node-2] [ERROR] [1768034511.437370845] [superpoint_node]: Errore pubblicazione keypoints 3D: could not assign tuple of length 3 to structure with 4 fields.
[superpoint_node-2] [INFO] [1768034511.530483644] [superpoint_node]: Keypoints estratti: 800
[superpoint_node-2] [ERROR] [1768034511.536208079] [superpoint_node]: Errore pubblicazione keypoints 3D: could not assign tuple of length 3 to structure with 4 fields.
[superpoint_node-2] [INFO] [1768034511.625489773] [superpoint_node]: Keypoints estratti: 800
[superpoint_node-2] [ERROR] [1768034511.631169300] [superpoint_node]: Errore pubblicazione keypoints 3D: could not assign tuple of length 3 to structure with 4 fields.
[superpoint_node-2] [INFO] [1768034511.722352418] [superpoint_node]: Keypoints estratti: 800
[superpoint_node-2] [ERROR] [1768034511.728386170] [superpoint_node]: Errore pubblicazione keypoints 3D: could not assign tuple of length 3 to structure with 4 fields.
[superpoint_node-2] [INFO] [1768034511.821150318] [superpoint_node]: Keypoints estratti: 800
[superpoint_node-2] [ERROR] [1768034511.827226663] [superpoint_node]: Errore pubblicazione keypoints 3D: could not assign tuple of length 3 to structure with 4 fields.
[rtabmap-14] [INFO] [1768034511.904334686] [rtabmap]: rtabmap (1911): Rate=0.50s, Limit=0.001s, Conversion=0.0010s, RTAB-Map=0.0839s, Maps update=0.0011s pub=0.0032s delay=0.1336s (local map=4, WM=5)
[superpoint_node-2] [INFO] [1768034511.927088257] [superpoint_node]: Keypoints estratti: 800
[superpoint_node-2] [ERROR] [1768034511.933042471] [superpoint_node]: Errore pubblicazione keypoints 3D: could not assign tuple of length 3 to structure with 4 fields.
[superpoint_node-2] [INFO] [1768034512.027231001] [superpoint_node]: Keypoints estratti: 800
[superpoint_node-2] [ERROR] [1768034512.033175345] [superpoint_node]: Errore pubblicazione keypoints 3D: could not assign tuple of length 3 to structure with 4 fields.
[superpoint_node-2] [INFO] [1768034512.126167810] [superpoint_node]: Keypoints estratti: 800
[superpoint_node-2] [ERROR] [1768034512.131957486] [superpoint_node]: Errore pubblicazione keypoints 3D: could not assign tuple of length 3 to structure with 4 fields.
[superpoint_node-2] [INFO] [1768034512.223718256] [superpoint_node]: Keypoints estratti: 800
[superpoint_node-2] [ERROR] [1768034512.229424024] [superpoint_node]: Errore pubblicazione keypoints 3D: could not assign tuple of length 3 to structure with 4 fields.
[superpoint_node-2] [INFO] [1768034512.321899781] [superpoint_node]: Keypoints estratti: 800
[superpoint_node-2] [ERROR] [1768034512.328196628] [superpoint_node]: Errore pubblicazione keypoints 3D: could not assign tuple of length 3 to structure with 4 fields.
[rtabmap-14] [INFO] [1768034512.392963182] [rtabmap]: rtabmap (1912): Rate=0.50s, Limit=0.001s, Conversion=0.0002s, RTAB-Map=0.0716s, Maps update=0.0003s pub=0.0008s delay=0.1215s (local map=4, WM=6)
[superpoint_node-2] [INFO] [1768034512.421160018] [superpoint_node]: Keypoints estratti: 800
[superpoint_node-2] [ERROR] [1768034512.427144659] [superpoint_node]: Errore pubblicazione keypoints 3D: could not assign tuple of length 3 to structure with 4 fields.
[superpoint_node-2] [INFO] [1768034512.518806835] [superpoint_node]: Keypoints estratti: 800
[superpoint_node-2] [ERROR] [1768034512.524556807] [superpoint_node]: Errore pubblicazione keypoints 3D: could not assign tuple of length 3 to structure with 4 fields.
[superpoint_node-2] [INFO] [1768034512.620365999] [superpoint_node]: Keypoints estratti: 800
[superpoint_node-2] [ERROR] [1768034512.625981469] [superpoint_node]: Errore pubblicazione keypoints 3D: could not assign tuple of length 3 to structure with 4 fields.
[superpoint_node-2] [INFO] [1768034512.720628133] [superpoint_node]: Keypoints estratti: 800
[superpoint_node-2] [ERROR] [1768034512.726768849] [superpoint_node]: Errore pubblicazione keypoints 3D: could not assign tuple of length 3 to structure with 4 fields.
[superpoint_node-2] [INFO] [1768034512.817716223] [superpoint_node]: Keypoints estratti: 800
[superpoint_node-2] [ERROR] [1768034512.823591789] [superpoint_node]: Errore pubblicazione keypoints 3D: could not assign tuple of length 3 to structure with 4 fields.
[superpoint_node-2] [INFO] [1768034512.920161986] [superpoint_node]: Keypoints estratti: 800
[superpoint_node-2] [ERROR] [1768034512.926930355] [superpoint_node]: Errore pubblicazione keypoints 3D: could not assign tuple of length 3 to structure with 4 fields.
[rtabmap-14] [INFO] [1768034512.955907475] [rtabmap]: rtabmap (1913): Rate=0.50s, Limit=0.001s, Conversion=0.0003s, RTAB-Map=0.0386s, Maps update=0.0026s pub=0.0023s delay=0.0864s (local map=4, WM=5)
[superpoint_node-2] [INFO] [1768034513.025404808] [superpoint_node]: Keypoints estratti: 800
[superpoint_node-2] [ERROR] [1768034513.031140669] [superpoint_node]: Errore pubblicazione keypoints 3D: could not assign tuple of length 3 to structure with 4 fields.
[superpoint_node-2] [INFO] [1768034513.121985024] [superpoint_node]: Keypoints estratti: 800
[superpoint_node-2] [ERROR] [1768034513.127792108] [superpoint_node]: Errore pubblicazione keypoints 3D: could not assign tuple of length 3 to structure with 4 fields.
[rtabmap-14] [33m[ WARN] (2026-01-10 09:41:49.179) Memory.cpp:2105::forget() Less signatures transferred (2) than added (3)! The working memory cannot decrease in size.[0m
[rtabmap-14] [33m[ WARN] (2026-01-10 09:41:50.187) Memory.cpp:2105::forget() Less signatures transferred (2) than added (3)! The working memory cannot decrease in size.[0m
[rtabmap-14] [33m[ WARN] (2026-01-10 09:41:51.243) Memory.cpp:2105::forget() Less signatures transferred (2) than added (3)! The working memory cannot decrease in size.[0m
[rtabmap-14] [33m[ WARN] (2026-01-10 09:41:52.389) Memory.cpp:2105::forget() Less signatures transferred (2) than added (3)! The working memory cannot decrease in size.[0m
[superpoint_node-2] [INFO] [1768034513.219138541] [superpoint_node]: Keypoints estratti: 800
[superpoint_node-2] [ERROR] [1768034513.224864957] [superpoint_node]: Errore pubblicazione keypoints 3D: could not assign tuple of length 3 to structure with 4 fields.
[superpoint_node-2] [INFO] [1768034513.322005289] [superpoint_node]: Keypoints estratti: 800
[superpoint_node-2] [ERROR] [1768034513.327892891] [superpoint_node]: Errore pubblicazione keypoints 3D: could not assign tuple of length 3 to structure with 4 fields.
[superpoint_node-2] [INFO] [1768034513.419605957] [superpoint_node]: Keypoints estratti: 800
[superpoint_node-2] [ERROR] [1768034513.425986768] [superpoint_node]: Errore pubblicazione keypoints 3D: could not assign tuple of length 3 to structure with 4 fields.
[rtabmap-14] [INFO] [1768034513.492628096] [rtabmap]: rtabmap (1914): Rate=0.50s, Limit=0.001s, Conversion=0.0008s, RTAB-Map=0.0713s, Maps update=0.0022s pub=0.0009s delay=0.1224s (local map=4, WM=6)
[superpoint_node-2] [INFO] [1768034513.519118530] [superpoint_node]: Keypoints estratti: 800
[superpoint_node-2] [ERROR] [1768034513.525056485] [superpoint_node]: Errore pubblicazione keypoints 3D: could not assign tuple of length 3 to structure with 4 fields.
[superpoint_node-2] [INFO] [1768034513.620324135] [superpoint_node]: Keypoints estratti: 800
[superpoint_node-2] [ERROR] [1768034513.626673334] [superpoint_node]: Errore pubblicazione keypoints 3D: could not assign tuple of length 3 to structure with 4 fields.
[superpoint_node-2] [INFO] [1768034513.725558105] [superpoint_node]: Keypoints estratti: 800
[superpoint_node-2] [ERROR] [1768034513.732074639] [superpoint_node]: Errore pubblicazione keypoints 3D: could not assign tuple of length 3 to structure with 4 fields.
[superpoint_node-2] [INFO] [1768034513.825326550] [superpoint_node]: Keypoints estratti: 800
[superpoint_node-2] [ERROR] [1768034513.831771805] [superpoint_node]: Errore pubblicazione keypoints 3D: could not assign tuple of length 3 to structure with 4 fields.
[superpoint_node-2] [INFO] [1768034513.931449750] [superpoint_node]: Keypoints estratti: 800
[superpoint_node-2] [ERROR] [1768034513.937406001] [superpoint_node]: Errore pubblicazione keypoints 3D: could not assign tuple of length 3 to structure with 4 fields.
[rtabmap-14] [INFO] [1768034513.989455287] [rtabmap]: rtabmap (1915): Rate=0.50s, Limit=0.001s, Conversion=0.0002s, RTAB-Map=0.0632s, Maps update=0.0068s pub=0.0052s delay=0.1147s (local map=4, WM=5)
[superpoint_node-2] [INFO] [1768034514.030582986] [superpoint_node]: Keypoints estratti: 800
[superpoint_node-2] [ERROR] [1768034514.036444218] [superpoint_node]: Errore pubblicazione keypoints 3D: could not assign tuple of length 3 to structure with 4 fields.
[superpoint_node-2] [INFO] [1768034514.131174419] [superpoint_node]: Keypoints estratti: 800
[superpoint_node-2] [ERROR] [1768034514.136945891] [superpoint_node]: Errore pubblicazione keypoints 3D: could not assign tuple of length 3 to structure with 4 fields.
[superpoint_node-2] [INFO] [1768034514.230421823] [superpoint_node]: Keypoints estratti: 800
[superpoint_node-2] [ERROR] [1768034514.236189869] [superpoint_node]: Errore pubblicazione keypoints 3D: could not assign tuple of length 3 to structure with 4 fields.
[superpoint_node-2] [INFO] [1768034514.334150522] [superpoint_node]: Keypoints estratti: 800
[superpoint_node-2] [ERROR] [1768034514.341314580] [superpoint_node]: Errore pubblicazione keypoints 3D: could not assign tuple of length 3 to structure with 4 fields.
[superpoint_node-2] [INFO] [1768034514.428617129] [superpoint_node]: Keypoints estratti: 800
[superpoint_node-2] [ERROR] [1768034514.434630381] [superpoint_node]: Errore pubblicazione keypoints 3D: could not assign tuple of length 3 to structure with 4 fields.
[rtabmap-14] [INFO] [1768034514.519556966] [rtabmap]: rtabmap (1916): Rate=0.50s, Limit=0.001s, Conversion=0.0005s, RTAB-Map=0.0695s, Maps update=0.0004s pub=0.0008s delay=0.1362s (local map=4, WM=6)
[superpoint_node-2] [INFO] [1768034514.531050392] [superpoint_node]: Keypoints estratti: 800
[superpoint_node-2] [ERROR] [1768034514.536922105] [superpoint_node]: Errore pubblicazione keypoints 3D: could not assign tuple of length 3 to structure with 4 fields.
[superpoint_node-2] [INFO] [1768034514.628343928] [superpoint_node]: Keypoints estratti: 800
[superpoint_node-2] [ERROR] [1768034514.634170456] [superpoint_node]: Errore pubblicazione keypoints 3D: could not assign tuple of length 3 to structure with 4 fields.
[superpoint_node-2] [INFO] [1768034514.725660594] [superpoint_node]: Keypoints estratti: 800
[superpoint_node-2] [ERROR] [1768034514.731286547] [superpoint_node]: Errore pubblicazione keypoints 3D: could not assign tuple of length 3 to structure with 4 fields.
[superpoint_node-2] [INFO] [1768034514.822175625] [superpoint_node]: Keypoints estratti: 800
[superpoint_node-2] [ERROR] [1768034514.827900356] [superpoint_node]: Errore pubblicazione keypoints 3D: could not assign tuple of length 3 to structure with 4 fields.
[superpoint_node-2] [INFO] [1768034514.917981705] [superpoint_node]: Keypoints estratti: 800
[superpoint_node-2] [ERROR] [1768034514.923730954] [superpoint_node]: Errore pubblicazione keypoints 3D: could not assign tuple of length 3 to structure with 4 fields.
[superpoint_node-2] [INFO] [1768034515.023766865] [superpoint_node]: Keypoints estratti: 800
[rtabmap-14] [INFO] [1768034515.028724330] [rtabmap]: rtabmap (1917): Rate=0.50s, Limit=0.001s, Conversion=0.0002s, RTAB-Map=0.0414s, Maps update=0.0009s pub=0.0010s delay=0.0592s (local map=4, WM=5)
[superpoint_node-2] [ERROR] [1768034515.030812402] [superpoint_node]: Errore pubblicazione keypoints 3D: could not assign tuple of length 3 to structure with 4 fields.
[superpoint_node-2] [INFO] [1768034515.123482365] [superpoint_node]: Keypoints estratti: 800
[superpoint_node-2] [ERROR] [1768034515.129264393] [superpoint_node]: Errore pubblicazione keypoints 3D: could not assign tuple of length 3 to structure with 4 fields.
[superpoint_node-2] [INFO] [1768034515.219841987] [superpoint_node]: Keypoints estratti: 800
[superpoint_node-2] [ERROR] [1768034515.225588051] [superpoint_node]: Errore pubblicazione keypoints 3D: could not assign tuple of length 3 to structure with 4 fields.
[superpoint_node-2] [INFO] [1768034515.353195737] [superpoint_node]: Keypoints estratti: 800
[superpoint_node-2] [ERROR] [1768034515.358991691] [superpoint_node]: Errore pubblicazione keypoints 3D: could not assign tuple of length 3 to structure with 4 fields.
[superpoint_node-2] [INFO] [1768034515.450195734] [superpoint_node]: Keypoints estratti: 800
[superpoint_node-2] [ERROR] [1768034515.456154911] [superpoint_node]: Errore pubblicazione keypoints 3D: could not assign tuple of length 3 to structure with 4 fields.
[superpoint_node-2] [INFO] [1768034515.550810705] [superpoint_node]: Keypoints estratti: 800
[superpoint_node-2] [ERROR] [1768034515.556783289] [superpoint_node]: Errore pubblicazione keypoints 3D: could not assign tuple of length 3 to structure with 4 fields.
[rtabmap-14] [INFO] [1768034515.559869647] [rtabmap]: rtabmap (1918): Rate=0.50s, Limit=0.001s, Conversion=0.0002s, RTAB-Map=0.0431s, Maps update=0.0024s pub=0.0009s delay=0.0631s (local map=4, WM=6)
[superpoint_node-2] [INFO] [1768034515.647825739] [superpoint_node]: Keypoints estratti: 800
[superpoint_node-2] [ERROR] [1768034515.653659230] [superpoint_node]: Errore pubblicazione keypoints 3D: could not assign tuple of length 3 to structure with 4 fields.
[superpoint_node-2] [INFO] [1768034515.746576880] [superpoint_node]: Keypoints estratti: 800
[superpoint_node-2] [ERROR] [1768034515.752850430] [superpoint_node]: Errore pubblicazione keypoints 3D: could not assign tuple of length 3 to structure with 4 fields.
[superpoint_node-2] [INFO] [1768034515.844127844] [superpoint_node]: Keypoints estratti: 800
[superpoint_node-2] [ERROR] [1768034515.850152633] [superpoint_node]: Errore pubblicazione keypoints 3D: could not assign tuple of length 3 to structure with 4 fields.
[superpoint_node-2] [INFO] [1768034515.938698692] [superpoint_node]: Keypoints estratti: 800
[superpoint_node-2] [ERROR] [1768034515.945158058] [superpoint_node]: Errore pubblicazione keypoints 3D: could not assign tuple of length 3 to structure with 4 fields.
[superpoint_node-2] [INFO] [1768034516.037902522] [superpoint_node]: Keypoints estratti: 800
[superpoint_node-2] [ERROR] [1768034516.045092690] [superpoint_node]: Errore pubblicazione keypoints 3D: could not assign tuple of length 3 to structure with 4 fields.
[superpoint_node-2] [INFO] [1768034516.137707615] [superpoint_node]: Keypoints estratti: 800
[superpoint_node-2] [ERROR] [1768034516.144864524] [superpoint_node]: Errore pubblicazione keypoints 3D: could not assign tuple of length 3 to structure with 4 fields.
[rtabmap-14] [INFO] [1768034516.186499283] [rtabmap]: rtabmap (1919): Rate=0.50s, Limit=0.001s, Conversion=0.0003s, RTAB-Map=0.0661s, Maps update=0.0022s pub=0.0009s delay=0.0995s (local map=4, WM=5)
[superpoint_node-2] [INFO] [1768034516.243931482] [superpoint_node]: Keypoints estratti: 800
[superpoint_node-2] [ERROR] [1768034516.250583702] [superpoint_node]: Errore pubblicazione keypoints 3D: could not assign tuple of length 3 to structure with 4 fields.
[superpoint_node-2] [INFO] [1768034516.343861169] [superpoint_node]: Keypoints estratti: 800
[superpoint_node-2] [ERROR] [1768034516.350060182] [superpoint_node]: Errore pubblicazione keypoints 3D: could not assign tuple of length 3 to structure with 4 fields.
[superpoint_node-2] [INFO] [1768034516.444044562] [superpoint_node]: Keypoints estratti: 800
[superpoint_node-2] [ERROR] [1768034516.450216260] [superpoint_node]: Errore pubblicazione keypoints 3D: could not assign tuple of length 3 to structure with 4 fields.
[superpoint_node-2] [INFO] [1768034516.542757277] [superpoint_node]: Keypoints estratti: 800
[superpoint_node-2] [ERROR] [1768034516.549495794] [superpoint_node]: Errore pubblicazione keypoints 3D: could not assign tuple of length 3 to structure with 4 fields.
[superpoint_node-2] [INFO] [1768034516.644481256] [superpoint_node]: Keypoints estratti: 800
[superpoint_node-2] [ERROR] [1768034516.650426674] [superpoint_node]: Errore pubblicazione keypoints 3D: could not assign tuple of length 3 to structure with 4 fields.
[rtabmap-14] [INFO] [1768034516.695980556] [rtabmap]: rtabmap (1920): Rate=0.50s, Limit=0.001s, Conversion=0.0004s, RTAB-Map=0.0792s, Maps update=0.0023s pub=0.0015s delay=0.1046s (local map=4, WM=6)
[superpoint_node-2] [INFO] [1768034516.763819265] [superpoint_node]: Keypoints estratti: 800
[superpoint_node-2] [ERROR] [1768034516.769765887] [superpoint_node]: Errore pubblicazione keypoints 3D: could not assign tuple of length 3 to structure with 4 fields.
[superpoint_node-2] [INFO] [1768034516.863275726] [superpoint_node]: Keypoints estratti: 800
[superpoint_node-2] [ERROR] [1768034516.869290978] [superpoint_node]: Errore pubblicazione keypoints 3D: could not assign tuple of length 3 to structure with 4 fields.
[superpoint_node-2] [INFO] [1768034516.960038499] [superpoint_node]: Keypoints estratti: 800
[superpoint_node-2] [ERROR] [1768034516.966079899] [superpoint_node]: Errore pubblicazione keypoints 3D: could not assign tuple of length 3 to structure with 4 fields.
[superpoint_node-2] [INFO] [1768034517.060056576] [superpoint_node]: Keypoints estratti: 800
[superpoint_node-2] [ERROR] [1768034517.065839900] [superpoint_node]: Errore pubblicazione keypoints 3D: could not assign tuple of length 3 to structure with 4 fields.
[superpoint_node-2] [INFO] [1768034517.159394259] [superpoint_node]: Keypoints estratti: 800
[superpoint_node-2] [ERROR] [1768034517.165296176] [superpoint_node]: Errore pubblicazione keypoints 3D: could not assign tuple of length 3 to structure with 4 fields.
[rtabmap-14] [INFO] [1768034517.229606264] [rtabmap]: rtabmap (1921): Rate=0.50s, Limit=0.001s, Conversion=0.0002s, RTAB-Map=0.0805s, Maps update=0.0015s pub=0.0012s delay=0.1227s (local map=4, WM=5)
[superpoint_node-2] [INFO] [1768034517.264514432] [superpoint_node]: Keypoints estratti: 800
[superpoint_node-2] [ERROR] [1768034517.270236255] [superpoint_node]: Errore pubblicazione keypoints 3D: could not assign tuple of length 3 to structure with 4 fields.
[superpoint_node-2] [INFO] [1768034517.363507982] [superpoint_node]: Keypoints estratti: 800
[superpoint_node-2] [ERROR] [1768034517.369171120] [superpoint_node]: Errore pubblicazione keypoints 3D: could not assign tuple of length 3 to structure with 4 fields.
[superpoint_node-2] [INFO] [1768034517.462265011] [superpoint_node]: Keypoints estratti: 800
[superpoint_node-2] [ERROR] [1768034517.468474172] [superpoint_node]: Errore pubblicazione keypoints 3D: could not assign tuple of length 3 to structure with 4 fields.
[superpoint_node-2] [INFO] [1768034517.559459084] [superpoint_node]: Keypoints estratti: 800
[superpoint_node-2] [ERROR] [1768034517.565121296] [superpoint_node]: Errore pubblicazione keypoints 3D: could not assign tuple of length 3 to structure with 4 fields.
[superpoint_node-2] [INFO] [1768034517.659696422] [superpoint_node]: Keypoints estratti: 800
[superpoint_node-2] [ERROR] [1768034517.665492172] [superpoint_node]: Errore pubblicazione keypoints 3D: could not assign tuple of length 3 to structure with 4 fields.
[superpoint_node-2] [INFO] [1768034517.753547079] [superpoint_node]: Keypoints estratti: 800
[superpoint_node-2] [ERROR] [1768034517.760201632] [superpoint_node]: Errore pubblicazione keypoints 3D: could not assign tuple of length 3 to structure with 4 fields.
[rtabmap-14] [INFO] [1768034517.781072429] [rtabmap]: rtabmap (1922): Rate=0.50s, Limit=0.001s, Conversion=0.0002s, RTAB-Map=0.0355s, Maps update=0.0003s pub=0.0008s delay=0.0749s (local map=4, WM=6)
[superpoint_node-2] [INFO] [1768034517.856610606] [superpoint_node]: Keypoints estratti: 800
[superpoint_node-2] [ERROR] [1768034517.863142251] [superpoint_node]: Errore pubblicazione keypoints 3D: could not assign tuple of length 3 to structure with 4 fields.
[superpoint_node-2] [INFO] [1768034517.954109811] [superpoint_node]: Keypoints estratti: 800
[superpoint_node-2] [ERROR] [1768034517.960646567] [superpoint_node]: Errore pubblicazione keypoints 3D: could not assign tuple of length 3 to structure with 4 fields.
[superpoint_node-2] [INFO] [1768034518.055515991] [superpoint_node]: Keypoints estratti: 800
[superpoint_node-2] [ERROR] [1768034518.062005840] [superpoint_node]: Errore pubblicazione keypoints 3D: could not assign tuple of length 3 to structure with 4 fields.
[superpoint_node-2] [INFO] [1768034518.151811316] [superpoint_node]: Keypoints estratti: 800
[superpoint_node-2] [ERROR] [1768034518.157770271] [superpoint_node]: Errore pubblicazione keypoints 3D: could not assign tuple of length 3 to structure with 4 fields.
[rtabmap-14] [33m[ WARN] (2026-01-10 09:41:53.487) Memory.cpp:2105::forget() Less signatures transferred (2) than added (3)! The working memory cannot decrease in size.[0m
[rtabmap-14] [33m[ WARN] (2026-01-10 09:41:54.514) Memory.cpp:2105::forget() Less signatures transferred (2) than added (3)! The working memory cannot decrease in size.[0m
[rtabmap-14] [33m[ WARN] (2026-01-10 09:41:55.555) Memory.cpp:2105::forget() Less signatures transferred (2) than added (3)! The working memory cannot decrease in size.[0m
[rtabmap-14] [33m[ WARN] (2026-01-10 09:41:56.690) Memory.cpp:2105::forget() Less signatures transferred (2) than added (3)! The working memory cannot decrease in size.[0m
[rtabmap-14] [33m[ WARN] (2026-01-10 09:41:57.777) Memory.cpp:2105::forget() Less signatures transferred (2) than added (3)! The working memory cannot decrease in size.[0m
[superpoint_node-2] [INFO] [1768034518.248182845] [superpoint_node]: Keypoints estratti: 800
[superpoint_node-2] [ERROR] [1768034518.254455895] [superpoint_node]: Errore pubblicazione keypoints 3D: could not assign tuple of length 3 to structure with 4 fields.
[superpoint_node-2] [INFO] [1768034518.347241989] [superpoint_node]: Keypoints estratti: 800
[superpoint_node-2] [ERROR] [1768034518.353938598] [superpoint_node]: Errore pubblicazione keypoints 3D: could not assign tuple of length 3 to structure with 4 fields.
[rtabmap-14] [INFO] [1768034518.354680418] [rtabmap]: rtabmap (1923): Rate=0.50s, Limit=0.001s, Conversion=0.0002s, RTAB-Map=0.0395s, Maps update=0.0014s pub=0.0009s delay=0.0586s (local map=4, WM=5)
[superpoint_node-2] [INFO] [1768034518.444846231] [superpoint_node]: Keypoints estratti: 800
[superpoint_node-2] [ERROR] [1768034518.451976455] [superpoint_node]: Errore pubblicazione keypoints 3D: could not assign tuple of length 3 to structure with 4 fields.
[superpoint_node-2] [INFO] [1768034518.543833337] [superpoint_node]: Keypoints estratti: 800
[superpoint_node-2] [ERROR] [1768034518.549814848] [superpoint_node]: Errore pubblicazione keypoints 3D: could not assign tuple of length 3 to structure with 4 fields.
[superpoint_node-2] [INFO] [1768034518.672438272] [superpoint_node]: Keypoints estratti: 800
[superpoint_node-2] [ERROR] [1768034518.678851508] [superpoint_node]: Errore pubblicazione keypoints 3D: could not assign tuple of length 3 to structure with 4 fields.
[superpoint_node-2] [INFO] [1768034518.817625098] [superpoint_node]: Keypoints estratti: 800
[superpoint_node-2] [ERROR] [1768034518.823571886] [superpoint_node]: Errore pubblicazione keypoints 3D: could not assign tuple of length 3 to structure with 4 fields.
[superpoint_node-2] [INFO] [1768034518.918757480] [superpoint_node]: Keypoints estratti: 800
[superpoint_node-2] [ERROR] [1768034518.925619128] [superpoint_node]: Errore pubblicazione keypoints 3D: could not assign tuple of length 3 to structure with 4 fields.
[rtabmap-14] [INFO] [1768034519.023624651] [rtabmap]: rtabmap (1924): Rate=0.50s, Limit=0.001s, Conversion=0.0003s, RTAB-Map=0.0839s, Maps update=0.0118s pub=0.0149s delay=0.1540s (local map=4, WM=4)
[superpoint_node-2] [INFO] [1768034519.029536884] [superpoint_node]: Keypoints estratti: 800
[superpoint_node-2] [ERROR] [1768034519.036101584] [superpoint_node]: Errore pubblicazione keypoints 3D: could not assign tuple of length 3 to structure with 4 fields.
[superpoint_node-2] [INFO] [1768034519.126672900] [superpoint_node]: Keypoints estratti: 800
[superpoint_node-2] [ERROR] [1768034519.132502040] [superpoint_node]: Errore pubblicazione keypoints 3D: could not assign tuple of length 3 to structure with 4 fields.
[superpoint_node-2] [INFO] [1768034519.225698691] [superpoint_node]: Keypoints estratti: 800
[superpoint_node-2] [ERROR] [1768034519.231907408] [superpoint_node]: Errore pubblicazione keypoints 3D: could not assign tuple of length 3 to structure with 4 fields.
[superpoint_node-2] [INFO] [1768034519.326467071] [superpoint_node]: Keypoints estratti: 800
[superpoint_node-2] [ERROR] [1768034519.332272710] [superpoint_node]: Errore pubblicazione keypoints 3D: could not assign tuple of length 3 to structure with 4 fields.
[superpoint_node-2] [INFO] [1768034519.423563680] [superpoint_node]: Keypoints estratti: 800
[superpoint_node-2] [ERROR] [1768034519.429603302] [superpoint_node]: Errore pubblicazione keypoints 3D: could not assign tuple of length 3 to structure with 4 fields.
[superpoint_node-2] [INFO] [1768034519.530452496] [superpoint_node]: Keypoints estratti: 800
[superpoint_node-2] [ERROR] [1768034519.537788240] [superpoint_node]: Errore pubblicazione keypoints 3D: could not assign tuple of length 3 to structure with 4 fields.
[rtabmap-14] [INFO] [1768034519.544019771] [rtabmap]: rtabmap (1925): Rate=0.50s, Limit=0.001s, Conversion=0.0010s, RTAB-Map=0.0659s, Maps update=0.0148s pub=0.0112s delay=0.1667s (local map=4, WM=5)
[superpoint_node-2] [INFO] [1768034519.632715165] [superpoint_node]: Keypoints estratti: 800
[superpoint_node-2] [ERROR] [1768034519.639068623] [superpoint_node]: Errore pubblicazione keypoints 3D: could not assign tuple of length 3 to structure with 4 fields.
[superpoint_node-2] [INFO] [1768034519.732042144] [superpoint_node]: Keypoints estratti: 800
[superpoint_node-2] [ERROR] [1768034519.737838820] [superpoint_node]: Errore pubblicazione keypoints 3D: could not assign tuple of length 3 to structure with 4 fields.
[superpoint_node-2] [INFO] [1768034519.829803777] [superpoint_node]: Keypoints estratti: 800
[superpoint_node-2] [ERROR] [1768034519.835327210] [superpoint_node]: Errore pubblicazione keypoints 3D: could not assign tuple of length 3 to structure with 4 fields.
[superpoint_node-2] [INFO] [1768034519.928488436] [superpoint_node]: Keypoints estratti: 800
[superpoint_node-2] [ERROR] [1768034519.936941966] [superpoint_node]: Errore pubblicazione keypoints 3D: could not assign tuple of length 3 to structure with 4 fields.
[rtabmap-14] [INFO] [1768034520.004847416] [rtabmap]: rtabmap (1926): Rate=0.50s, Limit=0.001s, Conversion=0.0005s, RTAB-Map=0.0650s, Maps update=0.0148s pub=0.0125s delay=0.1273s (local map=4, WM=6)
[superpoint_node-2] [INFO] [1768034520.038821502] [superpoint_node]: Keypoints estratti: 800
[superpoint_node-2] [ERROR] [1768034520.045936874] [superpoint_node]: Errore pubblicazione keypoints 3D: could not assign tuple of length 3 to structure with 4 fields.
[superpoint_node-2] [INFO] [1768034520.139009432] [superpoint_node]: Keypoints estratti: 800
[superpoint_node-2] [ERROR] [1768034520.144896053] [superpoint_node]: Errore pubblicazione keypoints 3D: could not assign tuple of length 3 to structure with 4 fields.
[superpoint_node-2] [INFO] [1768034520.235219997] [superpoint_node]: Keypoints estratti: 800
[superpoint_node-2] [ERROR] [1768034520.241507640] [superpoint_node]: Errore pubblicazione keypoints 3D: could not assign tuple of length 3 to structure with 4 fields.
[superpoint_node-2] [INFO] [1768034520.335967765] [superpoint_node]: Keypoints estratti: 800
[superpoint_node-2] [ERROR] [1768034520.342313927] [superpoint_node]: Errore pubblicazione keypoints 3D: could not assign tuple of length 3 to structure with 4 fields.
[superpoint_node-2] [INFO] [1768034520.431436120] [superpoint_node]: Keypoints estratti: 800
[superpoint_node-2] [ERROR] [1768034520.437962950] [superpoint_node]: Errore pubblicazione keypoints 3D: could not assign tuple of length 3 to structure with 4 fields.
[rtabmap-14] [INFO] [1768034520.460437907] [rtabmap]: rtabmap (1927): Rate=0.50s, Limit=0.001s, Conversion=0.0002s, RTAB-Map=0.0381s, Maps update=0.0009s pub=0.0027s delay=0.0769s (local map=4, WM=5)
[superpoint_node-2] [INFO] [1768034520.531189473] [superpoint_node]: Keypoints estratti: 800
[superpoint_node-2] [ERROR] [1768034520.536834462] [superpoint_node]: Errore pubblicazione keypoints 3D: could not assign tuple of length 3 to structure with 4 fields.
[superpoint_node-2] [INFO] [1768034520.628878790] [superpoint_node]: Keypoints estratti: 800
[superpoint_node-2] [ERROR] [1768034520.634491113] [superpoint_node]: Errore pubblicazione keypoints 3D: could not assign tuple of length 3 to structure with 4 fields.
[superpoint_node-2] [INFO] [1768034520.725630211] [superpoint_node]: Keypoints estratti: 800
[superpoint_node-2] [ERROR] [1768034520.732172782] [superpoint_node]: Errore pubblicazione keypoints 3D: could not assign tuple of length 3 to structure with 4 fields.
[superpoint_node-2] [INFO] [1768034520.823873200] [superpoint_node]: Keypoints estratti: 800
[superpoint_node-2] [ERROR] [1768034520.829934693] [superpoint_node]: Errore pubblicazione keypoints 3D: could not assign tuple of length 3 to structure with 4 fields.
[superpoint_node-2] [INFO] [1768034520.921832427] [superpoint_node]: Keypoints estratti: 800
[superpoint_node-2] [ERROR] [1768034520.927594047] [superpoint_node]: Errore pubblicazione keypoints 3D: could not assign tuple of length 3 to structure with 4 fields.
[superpoint_node-2] [INFO] [1768034521.022827771] [superpoint_node]: Keypoints estratti: 800
[superpoint_node-2] [ERROR] [1768034521.028847226] [superpoint_node]: Errore pubblicazione keypoints 3D: could not assign tuple of length 3 to structure with 4 fields.
[rtabmap-14] [INFO] [1768034521.092026157] [rtabmap]: rtabmap (1928): Rate=0.50s, Limit=0.001s, Conversion=0.0007s, RTAB-Map=0.0724s, Maps update=0.0030s pub=0.0012s delay=0.1221s (local map=4, WM=6)
[superpoint_node-2] [INFO] [1768034521.122779569] [superpoint_node]: Keypoints estratti: 800
[superpoint_node-2] [ERROR] [1768034521.128582245] [superpoint_node]: Errore pubblicazione keypoints 3D: could not assign tuple of length 3 to structure with 4 fields.
[superpoint_node-2] [INFO] [1768034521.218964152] [superpoint_node]: Keypoints estratti: 800
[superpoint_node-2] [ERROR] [1768034521.224835144] [superpoint_node]: Errore pubblicazione keypoints 3D: could not assign tuple of length 3 to structure with 4 fields.
[superpoint_node-2] [INFO] [1768034521.320049089] [superpoint_node]: Keypoints estratti: 800
[superpoint_node-2] [ERROR] [1768034521.325835543] [superpoint_node]: Errore pubblicazione keypoints 3D: could not assign tuple of length 3 to structure with 4 fields.
[superpoint_node-2] [INFO] [1768034521.419389698] [superpoint_node]: Keypoints estratti: 800
[superpoint_node-2] [ERROR] [1768034521.425315634] [superpoint_node]: Errore pubblicazione keypoints 3D: could not assign tuple of length 3 to structure with 4 fields.
[superpoint_node-2] [INFO] [1768034521.519968724] [superpoint_node]: Keypoints estratti: 800
[superpoint_node-2] [ERROR] [1768034521.525751159] [superpoint_node]: Errore pubblicazione keypoints 3D: could not assign tuple of length 3 to structure with 4 fields.
[superpoint_node-2] [INFO] [1768034521.627182562] [superpoint_node]: Keypoints estratti: 800
[rtabmap-14] [INFO] [1768034521.629755434] [rtabmap]: rtabmap (1929): Rate=0.50s, Limit=0.001s, Conversion=0.0002s, RTAB-Map=0.0400s, Maps update=0.0026s pub=0.0011s delay=0.0604s (local map=4, WM=5)
[superpoint_node-2] [ERROR] [1768034521.634096302] [superpoint_node]: Errore pubblicazione keypoints 3D: could not assign tuple of length 3 to structure with 4 fields.
[superpoint_node-2] [INFO] [1768034521.727646086] [superpoint_node]: Keypoints estratti: 800
[superpoint_node-2] [ERROR] [1768034521.733445874] [superpoint_node]: Errore pubblicazione keypoints 3D: could not assign tuple of length 3 to structure with 4 fields.
[superpoint_node-2] [INFO] [1768034521.826381023] [superpoint_node]: Keypoints estratti: 800
[superpoint_node-2] [ERROR] [1768034521.832170051] [superpoint_node]: Errore pubblicazione keypoints 3D: could not assign tuple of length 3 to structure with 4 fields.
[superpoint_node-2] [INFO] [1768034521.958796970] [superpoint_node]: Keypoints estratti: 800
[superpoint_node-2] [ERROR] [1768034521.964462960] [superpoint_node]: Errore pubblicazione keypoints 3D: could not assign tuple of length 3 to structure with 4 fields.
[superpoint_node-2] [INFO] [1768034522.054650903] [superpoint_node]: Keypoints estratti: 800
[superpoint_node-2] [ERROR] [1768034522.061006842] [superpoint_node]: Errore pubblicazione keypoints 3D: could not assign tuple of length 3 to structure with 4 fields.
[superpoint_node-2] [INFO] [1768034522.157593873] [superpoint_node]: Keypoints estratti: 800
[rtabmap-14] [INFO] [1768034522.161357088] [rtabmap]: rtabmap (1930): Rate=0.50s, Limit=0.001s, Conversion=0.0003s, RTAB-Map=0.0417s, Maps update=0.0025s pub=0.0008s delay=0.0587s (local map=4, WM=6)
[superpoint_node-2] [ERROR] [1768034522.165999292] [superpoint_node]: Errore pubblicazione keypoints 3D: could not assign tuple of length 3 to structure with 4 fields.
[superpoint_node-2] [INFO] [1768034522.257302892] [superpoint_node]: Keypoints estratti: 800
[superpoint_node-2] [ERROR] [1768034522.263088901] [superpoint_node]: Errore pubblicazione keypoints 3D: could not assign tuple of length 3 to structure with 4 fields.
[superpoint_node-2] [INFO] [1768034522.358562256] [superpoint_node]: Keypoints estratti: 800
[superpoint_node-2] [ERROR] [1768034522.364918289] [superpoint_node]: Errore pubblicazione keypoints 3D: could not assign tuple of length 3 to structure with 4 fields.
[superpoint_node-2] [INFO] [1768034522.457981569] [superpoint_node]: Keypoints estratti: 800
[superpoint_node-2] [ERROR] [1768034522.463646300] [superpoint_node]: Errore pubblicazione keypoints 3D: could not assign tuple of length 3 to structure with 4 fields.
[superpoint_node-2] [INFO] [1768034522.553516277] [superpoint_node]: Keypoints estratti: 800
[superpoint_node-2] [ERROR] [1768034522.559418843] [superpoint_node]: Errore pubblicazione keypoints 3D: could not assign tuple of length 3 to structure with 4 fields.
[superpoint_node-2] [INFO] [1768034522.649975807] [superpoint_node]: Keypoints estratti: 800
[superpoint_node-2] [ERROR] [1768034522.655610963] [superpoint_node]: Errore pubblicazione keypoints 3D: could not assign tuple of length 3 to structure with 4 fields.
[superpoint_node-2] [INFO] [1768034522.749474083] [superpoint_node]: Keypoints estratti: 800
[rtabmap-14] [INFO] [1768034522.752248327] [rtabmap]: rtabmap (1931): Rate=0.50s, Limit=0.001s, Conversion=0.0002s, RTAB-Map=0.0395s, Maps update=0.0003s pub=0.0011s delay=0.0563s (local map=4, WM=5)
[superpoint_node-2] [ERROR] [1768034522.755661707] [superpoint_node]: Errore pubblicazione keypoints 3D: could not assign tuple of length 3 to structure with 4 fields.
[superpoint_node-2] [INFO] [1768034522.849216158] [superpoint_node]: Keypoints estratti: 800
[superpoint_node-2] [ERROR] [1768034522.855050352] [superpoint_node]: Errore pubblicazione keypoints 3D: could not assign tuple of length 3 to structure with 4 fields.
[superpoint_node-2] [INFO] [1768034522.947702445] [superpoint_node]: Keypoints estratti: 800
[superpoint_node-2] [ERROR] [1768034522.953508935] [superpoint_node]: Errore pubblicazione keypoints 3D: could not assign tuple of length 3 to structure with 4 fields.
[superpoint_node-2] [INFO] [1768034523.047623502] [superpoint_node]: Keypoints estratti: 800
[superpoint_node-2] [ERROR] [1768034523.053676884] [superpoint_node]: Errore pubblicazione keypoints 3D: could not assign tuple of length 3 to structure with 4 fields.
[superpoint_node-2] [INFO] [1768034523.144005772] [superpoint_node]: Keypoints estratti: 800
[superpoint_node-2] [ERROR] [1768034523.150030542] [superpoint_node]: Errore pubblicazione keypoints 3D: could not assign tuple of length 3 to structure with 4 fields.
[rtabmap-14] [33m[ WARN] (2026-01-10 09:41:58.734) CoreWrapper.cpp:1227::odomTFUpdate() Odometry is reset (identity pose detected). Increment map id![0m
[rtabmap-14] [33m[ WARN] (2026-01-10 09:41:59.514) Memory.cpp:2105::forget() Less signatures transferred (1) than added (2)! The working memory cannot decrease in size.[0m
[rtabmap-14] [33m[ WARN] (2026-01-10 09:41:59.974) Memory.cpp:2105::forget() Less signatures transferred (2) than added (3)! The working memory cannot decrease in size.[0m
[rtabmap-14] [33m[ WARN] (2026-01-10 09:42:01.080) Memory.cpp:2105::forget() Less signatures transferred (2) than added (3)! The working memory cannot decrease in size.[0m
[rtabmap-14] [33m[ WARN] (2026-01-10 09:42:02.156) Memory.cpp:2105::forget() Less signatures transferred (2) than added (3)! The working memory cannot decrease in size.[0m
[superpoint_node-2] [INFO] [1768034523.241581774] [superpoint_node]: Keypoints estratti: 800
[superpoint_node-2] [ERROR] [1768034523.248091844] [superpoint_node]: Errore pubblicazione keypoints 3D: could not assign tuple of length 3 to structure with 4 fields.
[superpoint_node-2] [INFO] [1768034523.344255353] [superpoint_node]: Keypoints estratti: 800
[superpoint_node-2] [ERROR] [1768034523.350656479] [superpoint_node]: Errore pubblicazione keypoints 3D: could not assign tuple of length 3 to structure with 4 fields.
[rtabmap-14] [INFO] [1768034523.391954475] [rtabmap]: rtabmap (1932): Rate=0.50s, Limit=0.001s, Conversion=0.0002s, RTAB-Map=0.0711s, Maps update=0.0062s pub=0.0026s delay=0.1012s (local map=4, WM=6)
[superpoint_node-2] [INFO] [1768034523.448526390] [superpoint_node]: Keypoints estratti: 800
[superpoint_node-2] [ERROR] [1768034523.454772644] [superpoint_node]: Errore pubblicazione keypoints 3D: could not assign tuple of length 3 to structure with 4 fields.
[superpoint_node-2] [INFO] [1768034523.547654182] [superpoint_node]: Keypoints estratti: 800
[superpoint_node-2] [ERROR] [1768034523.553572840] [superpoint_node]: Errore pubblicazione keypoints 3D: could not assign tuple of length 3 to structure with 4 fields.
[superpoint_node-2] [INFO] [1768034523.652022997] [superpoint_node]: Keypoints estratti: 800
[superpoint_node-2] [ERROR] [1768034523.657839840] [superpoint_node]: Errore pubblicazione keypoints 3D: could not assign tuple of length 3 to structure with 4 fields.
[superpoint_node-2] [INFO] [1768034523.750754027] [superpoint_node]: Keypoints estratti: 800
[superpoint_node-2] [ERROR] [1768034523.756737834] [superpoint_node]: Errore pubblicazione keypoints 3D: could not assign tuple of length 3 to structure with 4 fields.
[superpoint_node-2] [INFO] [1768034523.853470181] [superpoint_node]: Keypoints estratti: 800
[superpoint_node-2] [ERROR] [1768034523.859272209] [superpoint_node]: Errore pubblicazione keypoints 3D: could not assign tuple of length 3 to structure with 4 fields.
[rtabmap-14] [INFO] [1768034523.878028192] [rtabmap]: rtabmap (1933): Rate=0.50s, Limit=0.001s, Conversion=0.0006s, RTAB-Map=0.0604s, Maps update=0.0015s pub=0.0007s delay=0.0794s (local map=4, WM=5)
[superpoint_node-2] [INFO] [1768034523.951575539] [superpoint_node]: Keypoints estratti: 800
[superpoint_node-2] [ERROR] [1768034523.957110786] [superpoint_node]: Errore pubblicazione keypoints 3D: could not assign tuple of length 3 to structure with 4 fields.
[superpoint_node-2] [INFO] [1768034524.049715711] [superpoint_node]: Keypoints estratti: 800
[superpoint_node-2] [ERROR] [1768034524.055320590] [superpoint_node]: Errore pubblicazione keypoints 3D: could not assign tuple of length 3 to structure with 4 fields.
[superpoint_node-2] [INFO] [1768034524.143982650] [superpoint_node]: Keypoints estratti: 800
[superpoint_node-2] [ERROR] [1768034524.150056143] [superpoint_node]: Errore pubblicazione keypoints 3D: could not assign tuple of length 3 to structure with 4 fields.
[superpoint_node-2] [INFO] [1768034524.239116132] [superpoint_node]: Keypoints estratti: 800
[superpoint_node-2] [ERROR] [1768034524.245758018] [superpoint_node]: Errore pubblicazione keypoints 3D: could not assign tuple of length 3 to structure with 4 fields.
[superpoint_node-2] [INFO] [1768034524.335620347] [superpoint_node]: Keypoints estratti: 800
[superpoint_node-2] [ERROR] [1768034524.341505135] [superpoint_node]: Errore pubblicazione keypoints 3D: could not assign tuple of length 3 to structure with 4 fields.
[superpoint_node-2] [INFO] [1768034524.436167169] [superpoint_node]: Keypoints estratti: 800
[superpoint_node-2] [ERROR] [1768034524.445408965] [superpoint_node]: Errore pubblicazione keypoints 3D: could not assign tuple of length 3 to structure with 4 fields.
[rtabmap-14] [INFO] [1768034524.460535512] [rtabmap]: rtabmap (1934): Rate=0.50s, Limit=0.001s, Conversion=0.0004s, RTAB-Map=0.0422s, Maps update=0.0003s pub=0.0023s delay=0.0780s (local map=4, WM=6)
[superpoint_node-2] [INFO] [1768034524.536258784] [superpoint_node]: Keypoints estratti: 800
[superpoint_node-2] [ERROR] [1768034524.542552778] [superpoint_node]: Errore pubblicazione keypoints 3D: could not assign tuple of length 3 to structure with 4 fields.
[superpoint_node-2] [INFO] [1768034524.636701049] [superpoint_node]: Keypoints estratti: 800
[superpoint_node-2] [ERROR] [1768034524.643049600] [superpoint_node]: Errore pubblicazione keypoints 3D: could not assign tuple of length 3 to structure with 4 fields.
[superpoint_node-2] [INFO] [1768034524.732621593] [superpoint_node]: Keypoints estratti: 800
[superpoint_node-2] [ERROR] [1768034524.738633734] [superpoint_node]: Errore pubblicazione keypoints 3D: could not assign tuple of length 3 to structure with 4 fields.
[superpoint_node-2] [INFO] [1768034524.840446047] [superpoint_node]: Keypoints estratti: 800
[superpoint_node-2] [ERROR] [1768034524.849549990] [superpoint_node]: Errore pubblicazione keypoints 3D: could not assign tuple of length 3 to structure with 4 fields.
[superpoint_node-2] [INFO] [1768034524.947346549] [superpoint_node]: Keypoints estratti: 800
[superpoint_node-2] [ERROR] [1768034524.955474133] [superpoint_node]: Errore pubblicazione keypoints 3D: could not assign tuple of length 3 to structure with 4 fields.
[rtabmap-14] [INFO] [1768034525.063124048] [rtabmap]: rtabmap (1935): Rate=0.50s, Limit=0.001s, Conversion=0.0002s, RTAB-Map=0.1028s, Maps update=0.0032s pub=0.0018s delay=0.1688s (local map=4, WM=5)
[superpoint_node-2] [INFO] [1768034525.098604054] [superpoint_node]: Keypoints estratti: 800
[superpoint_node-2] [ERROR] [1768034525.104636121] [superpoint_node]: Errore pubblicazione keypoints 3D: could not assign tuple of length 3 to structure with 4 fields.
[superpoint_node-2] [INFO] [1768034525.221304831] [superpoint_node]: Keypoints estratti: 800
[superpoint_node-2] [ERROR] [1768034525.227423898] [superpoint_node]: Errore pubblicazione keypoints 3D: could not assign tuple of length 3 to structure with 4 fields.
[superpoint_node-2] [INFO] [1768034525.344306036] [superpoint_node]: Keypoints estratti: 800
[superpoint_node-2] [ERROR] [1768034525.361131170] [superpoint_node]: Errore pubblicazione keypoints 3D: could not assign tuple of length 3 to structure with 4 fields.
[superpoint_node-2] [INFO] [1768034525.471463681] [superpoint_node]: Keypoints estratti: 800
[superpoint_node-2] [ERROR] [1768034525.479195891] [superpoint_node]: Errore pubblicazione keypoints 3D: could not assign tuple of length 3 to structure with 4 fields.
[rtabmap-14] [INFO] [1768034525.550438627] [rtabmap]: rtabmap (1936): Rate=0.50s, Limit=0.001s, Conversion=0.0019s, RTAB-Map=0.0781s, Maps update=0.0154s pub=0.0051s delay=0.1406s (local map=4, WM=6)
[superpoint_node-2] [INFO] [1768034525.586190431] [superpoint_node]: Keypoints estratti: 800
[superpoint_node-2] [ERROR] [1768034525.592822614] [superpoint_node]: Errore pubblicazione keypoints 3D: could not assign tuple of length 3 to structure with 4 fields.
[superpoint_node-2] [INFO] [1768034525.704102910] [superpoint_node]: Keypoints estratti: 800
[superpoint_node-2] [ERROR] [1768034525.710076736] [superpoint_node]: Errore pubblicazione keypoints 3D: could not assign tuple of length 3 to structure with 4 fields.
[superpoint_node-2] [INFO] [1768034525.799828064] [superpoint_node]: Keypoints estratti: 800
[superpoint_node-2] [ERROR] [1768034525.806332227] [superpoint_node]: Errore pubblicazione keypoints 3D: could not assign tuple of length 3 to structure with 4 fields.
[superpoint_node-2] [INFO] [1768034525.894230614] [superpoint_node]: Keypoints estratti: 800
[superpoint_node-2] [ERROR] [1768034525.899947049] [superpoint_node]: Errore pubblicazione keypoints 3D: could not assign tuple of length 3 to structure with 4 fields.
[superpoint_node-2] [INFO] [1768034526.024218875] [superpoint_node]: Keypoints estratti: 800
[superpoint_node-2] [ERROR] [1768034526.030493795] [superpoint_node]: Errore pubblicazione keypoints 3D: could not assign tuple of length 3 to structure with 4 fields.
[rtabmap-14] [INFO] [1768034526.115268176] [rtabmap]: rtabmap (1937): Rate=0.50s, Limit=0.001s, Conversion=0.0002s, RTAB-Map=0.0680s, Maps update=0.0005s pub=0.0017s delay=0.1384s (local map=4, WM=5)
[superpoint_node-2] [INFO] [1768034526.128224798] [superpoint_node]: Keypoints estratti: 800
[superpoint_node-2] [ERROR] [1768034526.133604823] [superpoint_node]: Errore pubblicazione keypoints 3D: could not assign tuple of length 3 to structure with 4 fields.
[superpoint_node-2] [INFO] [1768034526.222255901] [superpoint_node]: Keypoints estratti: 800
[superpoint_node-2] [ERROR] [1768034526.227672889] [superpoint_node]: Errore pubblicazione keypoints 3D: could not assign tuple of length 3 to structure with 4 fields.
[superpoint_node-2] [INFO] [1768034526.324567015] [superpoint_node]: Keypoints estratti: 800
[superpoint_node-2] [ERROR] [1768034526.330253635] [superpoint_node]: Errore pubblicazione keypoints 3D: could not assign tuple of length 3 to structure with 4 fields.
[superpoint_node-2] [INFO] [1768034526.419111882] [superpoint_node]: Keypoints estratti: 800
[superpoint_node-2] [ERROR] [1768034526.424734686] [superpoint_node]: Errore pubblicazione keypoints 3D: could not assign tuple of length 3 to structure with 4 fields.
[superpoint_node-2] [INFO] [1768034526.517568557] [superpoint_node]: Keypoints estratti: 800
[superpoint_node-2] [ERROR] [1768034526.523966293] [superpoint_node]: Errore pubblicazione keypoints 3D: could not assign tuple of length 3 to structure with 4 fields.
[superpoint_node-2] [INFO] [1768034526.619963505] [superpoint_node]: Keypoints estratti: 800
[superpoint_node-2] [ERROR] [1768034526.626299537] [superpoint_node]: Errore pubblicazione keypoints 3D: could not assign tuple of length 3 to structure with 4 fields.
[rtabmap-14] [INFO] [1768034526.649752780] [rtabmap]: rtabmap (1938): Rate=0.50s, Limit=0.001s, Conversion=0.0003s, RTAB-Map=0.0323s, Maps update=0.0021s pub=0.0012s delay=0.0802s (local map=4, WM=6)
[superpoint_node-2] [INFO] [1768034526.729221526] [superpoint_node]: Keypoints estratti: 800
[superpoint_node-2] [ERROR] [1768034526.734609161] [superpoint_node]: Errore pubblicazione keypoints 3D: could not assign tuple of length 3 to structure with 4 fields.
[superpoint_node-2] [INFO] [1768034526.822011823] [superpoint_node]: Keypoints estratti: 800
[superpoint_node-2] [ERROR] [1768034526.827740442] [superpoint_node]: Errore pubblicazione keypoints 3D: could not assign tuple of length 3 to structure with 4 fields.
[superpoint_node-2] [INFO] [1768034526.920314738] [superpoint_node]: Keypoints estratti: 800
[superpoint_node-2] [ERROR] [1768034526.925929968] [superpoint_node]: Errore pubblicazione keypoints 3D: could not assign tuple of length 3 to structure with 4 fields.
[superpoint_node-2] [INFO] [1768034527.016752119] [superpoint_node]: Keypoints estratti: 800
[superpoint_node-2] [ERROR] [1768034527.022840242] [superpoint_node]: Errore pubblicazione keypoints 3D: could not assign tuple of length 3 to structure with 4 fields.
[superpoint_node-2] [INFO] [1768034527.117056384] [superpoint_node]: Keypoints estratti: 800
[superpoint_node-2] [ERROR] [1768034527.122964690] [superpoint_node]: Errore pubblicazione keypoints 3D: could not assign tuple of length 3 to structure with 4 fields.
[superpoint_node-2] [INFO] [1768034527.217223684] [superpoint_node]: Keypoints estratti: 800
[superpoint_node-2] [ERROR] [1768034527.222855044] [superpoint_node]: Errore pubblicazione keypoints 3D: could not assign tuple of length 3 to structure with 4 fields.
[rtabmap-14] [INFO] [1768034527.273426892] [rtabmap]: rtabmap (1939): Rate=0.50s, Limit=0.001s, Conversion=0.0003s, RTAB-Map=0.0597s, Maps update=0.0004s pub=0.0034s delay=0.1040s (local map=4, WM=5)
[superpoint_node-2] [INFO] [1768034527.317934803] [superpoint_node]: Keypoints estratti: 800
[superpoint_node-2] [ERROR] [1768034527.324189353] [superpoint_node]: Errore pubblicazione keypoints 3D: could not assign tuple of length 3 to structure with 4 fields.
[superpoint_node-2] [INFO] [1768034527.416766834] [superpoint_node]: Keypoints estratti: 800
[superpoint_node-2] [ERROR] [1768034527.422188784] [superpoint_node]: Errore pubblicazione keypoints 3D: could not assign tuple of length 3 to structure with 4 fields.
[superpoint_node-2] [INFO] [1768034527.516537520] [superpoint_node]: Keypoints estratti: 800
[superpoint_node-2] [ERROR] [1768034527.521946526] [superpoint_node]: Errore pubblicazione keypoints 3D: could not assign tuple of length 3 to structure with 4 fields.
[superpoint_node-2] [INFO] [1768034527.619629362] [superpoint_node]: Keypoints estratti: 800
[superpoint_node-2] [ERROR] [1768034527.626410712] [superpoint_node]: Errore pubblicazione keypoints 3D: could not assign tuple of length 3 to structure with 4 fields.
[superpoint_node-2] [INFO] [1768034527.725901229] [superpoint_node]: Keypoints estratti: 800
[superpoint_node-2] [ERROR] [1768034527.732561745] [superpoint_node]: Errore pubblicazione keypoints 3D: could not assign tuple of length 3 to structure with 4 fields.
[rtabmap-14] [INFO] [1768034527.795384821] [rtabmap]: rtabmap (1940): Rate=0.50s, Limit=0.001s, Conversion=0.0006s, RTAB-Map=0.0690s, Maps update=0.0098s pub=0.0040s delay=0.1249s (local map=4, WM=6)
[superpoint_node-2] [INFO] [1768034527.829172147] [superpoint_node]: Keypoints estratti: 800
[superpoint_node-2] [ERROR] [1768034527.834611153] [superpoint_node]: Errore pubblicazione keypoints 3D: could not assign tuple of length 3 to structure with 4 fields.
[superpoint_node-2] [INFO] [1768034527.923980812] [superpoint_node]: Keypoints estratti: 800
[superpoint_node-2] [ERROR] [1768034527.929642913] [superpoint_node]: Errore pubblicazione keypoints 3D: could not assign tuple of length 3 to structure with 4 fields.
[superpoint_node-2] [INFO] [1768034528.020837808] [superpoint_node]: Keypoints estratti: 800
[superpoint_node-2] [ERROR] [1768034528.026405352] [superpoint_node]: Errore pubblicazione keypoints 3D: could not assign tuple of length 3 to structure with 4 fields.
[superpoint_node-2] [INFO] [1768034528.120783791] [superpoint_node]: Keypoints estratti: 800
[superpoint_node-2] [ERROR] [1768034528.126611375] [superpoint_node]: Errore pubblicazione keypoints 3D: could not assign tuple of length 3 to structure with 4 fields.
[rtabmap-14] [33m[ WARN] (2026-01-10 09:42:03.380) Memory.cpp:2105::forget() Less signatures transferred (2) than added (3)! The working memory cannot decrease in size.[0m
[rtabmap-14] [33m[ WARN] (2026-01-10 09:42:04.457) Memory.cpp:2105::forget() Less signatures transferred (2) than added (3)! The working memory cannot decrease in size.[0m
[rtabmap-14] [33m[ WARN] (2026-01-10 09:42:05.527) Memory.cpp:2105::forget() Less signatures transferred (2) than added (3)! The working memory cannot decrease in size.[0m
[rtabmap-14] [33m[ WARN] (2026-01-10 09:42:06.644) Memory.cpp:2105::forget() Less signatures transferred (2) than added (3)! The working memory cannot decrease in size.[0m
[rtabmap-14] [33m[ WARN] (2026-01-10 09:42:07.778) Memory.cpp:2105::forget() Less signatures transferred (2) than added (3)! The working memory cannot decrease in size.[0m
[superpoint_node-2] [INFO] [1768034528.215760291] [superpoint_node]: Keypoints estratti: 800
[superpoint_node-2] [ERROR] [1768034528.221319632] [superpoint_node]: Errore pubblicazione keypoints 3D: could not assign tuple of length 3 to structure with 4 fields.
[superpoint_node-2] [INFO] [1768034528.316248890] [superpoint_node]: Keypoints estratti: 800
[superpoint_node-2] [ERROR] [1768034528.321879139] [superpoint_node]: Errore pubblicazione keypoints 3D: could not assign tuple of length 3 to structure with 4 fields.
[rtabmap-14] [INFO] [1768034528.359260697] [rtabmap]: rtabmap (1941): Rate=0.50s, Limit=0.001s, Conversion=0.0002s, RTAB-Map=0.0423s, Maps update=0.0007s pub=0.0013s delay=0.0896s (local map=4, WM=5)
[superpoint_node-2] [INFO] [1768034528.419233157] [superpoint_node]: Keypoints estratti: 800
[superpoint_node-2] [ERROR] [1768034528.424767813] [superpoint_node]: Errore pubblicazione keypoints 3D: could not assign tuple of length 3 to structure with 4 fields.
[superpoint_node-2] [INFO] [1768034528.517607906] [superpoint_node]: Keypoints estratti: 800
[superpoint_node-2] [ERROR] [1768034528.523383545] [superpoint_node]: Errore pubblicazione keypoints 3D: could not assign tuple of length 3 to structure with 4 fields.
[superpoint_node-2] [INFO] [1768034528.616583604] [superpoint_node]: Keypoints estratti: 800
[superpoint_node-2] [ERROR] [1768034528.622245279] [superpoint_node]: Errore pubblicazione keypoints 3D: could not assign tuple of length 3 to structure with 4 fields.
[superpoint_node-2] [INFO] [1768034528.718355492] [superpoint_node]: Keypoints estratti: 800
[superpoint_node-2] [ERROR] [1768034528.723932907] [superpoint_node]: Errore pubblicazione keypoints 3D: could not assign tuple of length 3 to structure with 4 fields.
[superpoint_node-2] [INFO] [1768034528.821682465] [superpoint_node]: Keypoints estratti: 800
[superpoint_node-2] [ERROR] [1768034528.827267436] [superpoint_node]: Errore pubblicazione keypoints 3D: could not assign tuple of length 3 to structure with 4 fields.
[superpoint_node-2] [INFO] [1768034528.918023346] [superpoint_node]: Keypoints estratti: 800
[superpoint_node-2] [ERROR] [1768034528.924234988] [superpoint_node]: Errore pubblicazione keypoints 3D: could not assign tuple of length 3 to structure with 4 fields.
[rtabmap-14] [INFO] [1768034528.949336133] [rtabmap]: rtabmap (1942): Rate=0.50s, Limit=0.001s, Conversion=0.0003s, RTAB-Map=0.0353s, Maps update=0.0008s pub=0.0013s delay=0.0800s (local map=4, WM=6)
[superpoint_node-2] [INFO] [1768034529.015642867] [superpoint_node]: Keypoints estratti: 800
[superpoint_node-2] [ERROR] [1768034529.021050965] [superpoint_node]: Errore pubblicazione keypoints 3D: could not assign tuple of length 3 to structure with 4 fields.
[superpoint_node-2] [INFO] [1768034529.114497545] [superpoint_node]: Keypoints estratti: 800
[superpoint_node-2] [ERROR] [1768034529.120005386] [superpoint_node]: Errore pubblicazione keypoints 3D: could not assign tuple of length 3 to structure with 4 fields.
[superpoint_node-2] [INFO] [1768034529.215493352] [superpoint_node]: Keypoints estratti: 800
[superpoint_node-2] [ERROR] [1768034529.221115342] [superpoint_node]: Errore pubblicazione keypoints 3D: could not assign tuple of length 3 to structure with 4 fields.
[superpoint_node-2] [INFO] [1768034529.318843011] [superpoint_node]: Keypoints estratti: 800
[superpoint_node-2] [ERROR] [1768034529.324589372] [superpoint_node]: Errore pubblicazione keypoints 3D: could not assign tuple of length 3 to structure with 4 fields.
[superpoint_node-2] [INFO] [1768034529.418986145] [superpoint_node]: Keypoints estratti: 800
[superpoint_node-2] [ERROR] [1768034529.425706439] [superpoint_node]: Errore pubblicazione keypoints 3D: could not assign tuple of length 3 to structure with 4 fields.
[rtabmap-14] [INFO] [1768034529.494485118] [rtabmap]: rtabmap (1943): Rate=0.50s, Limit=0.001s, Conversion=0.0003s, RTAB-Map=0.0724s, Maps update=0.0006s pub=0.0012s delay=0.1239s (local map=4, WM=5)
[superpoint_node-2] [INFO] [1768034529.521871189] [superpoint_node]: Keypoints estratti: 800
[superpoint_node-2] [ERROR] [1768034529.527566290] [superpoint_node]: Errore pubblicazione keypoints 3D: could not assign tuple of length 3 to structure with 4 fields.
[superpoint_node-2] [INFO] [1768034529.620448439] [superpoint_node]: Keypoints estratti: 800
[superpoint_node-2] [ERROR] [1768034529.625951595] [superpoint_node]: Errore pubblicazione keypoints 3D: could not assign tuple of length 3 to structure with 4 fields.
[superpoint_node-2] [INFO] [1768034529.720854001] [superpoint_node]: Keypoints estratti: 800
[superpoint_node-2] [ERROR] [1768034529.726778807] [superpoint_node]: Errore pubblicazione keypoints 3D: could not assign tuple of length 3 to structure with 4 fields.
[superpoint_node-2] [INFO] [1768034529.819439548] [superpoint_node]: Keypoints estratti: 800
[superpoint_node-2] [ERROR] [1768034529.825281946] [superpoint_node]: Errore pubblicazione keypoints 3D: could not assign tuple of length 3 to structure with 4 fields.
[superpoint_node-2] [INFO] [1768034529.918619081] [superpoint_node]: Keypoints estratti: 800
[superpoint_node-2] [ERROR] [1768034529.924504869] [superpoint_node]: Errore pubblicazione keypoints 3D: could not assign tuple of length 3 to structure with 4 fields.
[superpoint_node-2] [INFO] [1768034530.020978510] [superpoint_node]: Keypoints estratti: 800
[superpoint_node-2] [ERROR] [1768034530.026775093] [superpoint_node]: Errore pubblicazione keypoints 3D: could not assign tuple of length 3 to structure with 4 fields.
[rtabmap-14] [INFO] [1768034530.029316613] [rtabmap]: rtabmap (1944): Rate=0.50s, Limit=0.001s, Conversion=0.0002s, RTAB-Map=0.0414s, Maps update=0.0021s pub=0.0010s delay=0.0599s (local map=4, WM=6)
[superpoint_node-2] [INFO] [1768034530.120425434] [superpoint_node]: Keypoints estratti: 800
[superpoint_node-2] [ERROR] [1768034530.125704495] [superpoint_node]: Errore pubblicazione keypoints 3D: could not assign tuple of length 3 to structure with 4 fields.
[superpoint_node-2] [INFO] [1768034530.219093407] [superpoint_node]: Keypoints estratti: 800
[superpoint_node-2] [ERROR] [1768034530.225544978] [superpoint_node]: Errore pubblicazione keypoints 3D: could not assign tuple of length 3 to structure with 4 fields.
[superpoint_node-2] [INFO] [1768034530.317939290] [superpoint_node]: Keypoints estratti: 800
[superpoint_node-2] [ERROR] [1768034530.324320267] [superpoint_node]: Errore pubblicazione keypoints 3D: could not assign tuple of length 3 to structure with 4 fields.
[superpoint_node-2] [INFO] [1768034530.417724161] [superpoint_node]: Keypoints estratti: 800
[superpoint_node-2] [ERROR] [1768034530.424214231] [superpoint_node]: Errore pubblicazione keypoints 3D: could not assign tuple of length 3 to structure with 4 fields.
[superpoint_node-2] [INFO] [1768034530.524712164] [superpoint_node]: Keypoints estratti: 800
[rtabmap-14] [INFO] [1768034530.527136517] [rtabmap]: rtabmap (1945): Rate=0.50s, Limit=0.001s, Conversion=0.0002s, RTAB-Map=0.0378s, Maps update=0.0042s pub=0.0010s delay=0.0577s (local map=4, WM=5)
[superpoint_node-2] [ERROR] [1768034530.531388236] [superpoint_node]: Errore pubblicazione keypoints 3D: could not assign tuple of length 3 to structure with 4 fields.
[superpoint_node-2] [INFO] [1768034530.620637690] [superpoint_node]: Keypoints estratti: 800
[superpoint_node-2] [ERROR] [1768034530.629169313] [superpoint_node]: Errore pubblicazione keypoints 3D: could not assign tuple of length 3 to structure with 4 fields.
[superpoint_node-2] [INFO] [1768034530.718035209] [superpoint_node]: Keypoints estratti: 800
[superpoint_node-2] [ERROR] [1768034530.724058979] [superpoint_node]: Errore pubblicazione keypoints 3D: could not assign tuple of length 3 to structure with 4 fields.
[superpoint_node-2] [INFO] [1768034530.828439294] [superpoint_node]: Keypoints estratti: 800
[superpoint_node-2] [ERROR] [1768034530.834111988] [superpoint_node]: Errore pubblicazione keypoints 3D: could not assign tuple of length 3 to structure with 4 fields.
[superpoint_node-2] [INFO] [1768034530.927973812] [superpoint_node]: Keypoints estratti: 800
[superpoint_node-2] [ERROR] [1768034530.933377596] [superpoint_node]: Errore pubblicazione keypoints 3D: could not assign tuple of length 3 to structure with 4 fields.
[superpoint_node-2] [INFO] [1768034531.025926983] [superpoint_node]: Keypoints estratti: 800
[superpoint_node-2] [ERROR] [1768034531.031913327] [superpoint_node]: Errore pubblicazione keypoints 3D: could not assign tuple of length 3 to structure with 4 fields.
[rtabmap-14] [INFO] [1768034531.116239279] [rtabmap]: rtabmap (1946): Rate=0.50s, Limit=0.001s, Conversion=0.0003s, RTAB-Map=0.0625s, Maps update=0.0024s pub=0.0010s delay=0.1384s (local map=4, WM=6)
[superpoint_node-2] [INFO] [1768034531.127467832] [superpoint_node]: Keypoints estratti: 800
[superpoint_node-2] [ERROR] [1768034531.132858189] [superpoint_node]: Errore pubblicazione keypoints 3D: could not assign tuple of length 3 to structure with 4 fields.
[superpoint_node-2] [INFO] [1768034531.221678473] [superpoint_node]: Keypoints estratti: 800
[superpoint_node-2] [ERROR] [1768034531.227313314] [superpoint_node]: Errore pubblicazione keypoints 3D: could not assign tuple of length 3 to structure with 4 fields.
[superpoint_node-2] [INFO] [1768034531.317755296] [superpoint_node]: Keypoints estratti: 800
[superpoint_node-2] [ERROR] [1768034531.323445527] [superpoint_node]: Errore pubblicazione keypoints 3D: could not assign tuple of length 3 to structure with 4 fields.
[superpoint_node-2] [INFO] [1768034531.416205175] [superpoint_node]: Keypoints estratti: 800
[superpoint_node-2] [ERROR] [1768034531.421979407] [superpoint_node]: Errore pubblicazione keypoints 3D: could not assign tuple of length 3 to structure with 4 fields.
[superpoint_node-2] [INFO] [1768034531.517046463] [superpoint_node]: Keypoints estratti: 800
[superpoint_node-2] [ERROR] [1768034531.522553395] [superpoint_node]: Errore pubblicazione keypoints 3D: could not assign tuple of length 3 to structure with 4 fields.
[superpoint_node-2] [INFO] [1768034531.617641526] [superpoint_node]: Keypoints estratti: 800
[superpoint_node-2] [ERROR] [1768034531.624107207] [superpoint_node]: Errore pubblicazione keypoints 3D: could not assign tuple of length 3 to structure with 4 fields.
[rtabmap-14] [INFO] [1768034531.640433097] [rtabmap]: rtabmap (1947): Rate=0.50s, Limit=0.001s, Conversion=0.0004s, RTAB-Map=0.0305s, Maps update=0.0003s pub=0.0008s delay=0.0709s (local map=4, WM=5)
[superpoint_node-2] [INFO] [1768034531.717834845] [superpoint_node]: Keypoints estratti: 800
[superpoint_node-2] [ERROR] [1768034531.723460519] [superpoint_node]: Errore pubblicazione keypoints 3D: could not assign tuple of length 3 to structure with 4 fields.
[superpoint_node-2] [INFO] [1768034531.821439376] [superpoint_node]: Keypoints estratti: 800
[superpoint_node-2] [ERROR] [1768034531.827311571] [superpoint_node]: Errore pubblicazione keypoints 3D: could not assign tuple of length 3 to structure with 4 fields.
[superpoint_node-2] [INFO] [1768034531.919842551] [superpoint_node]: Keypoints estratti: 800
[superpoint_node-2] [ERROR] [1768034531.925600875] [superpoint_node]: Errore pubblicazione keypoints 3D: could not assign tuple of length 3 to structure with 4 fields.
[superpoint_node-2] [INFO] [1768034532.015281647] [superpoint_node]: Keypoints estratti: 800
[superpoint_node-2] [ERROR] [1768034532.020698820] [superpoint_node]: Errore pubblicazione keypoints 3D: could not assign tuple of length 3 to structure with 4 fields.
[superpoint_node-2] [INFO] [1768034532.120447821] [superpoint_node]: Keypoints estratti: 800
[superpoint_node-2] [ERROR] [1768034532.126511258] [superpoint_node]: Errore pubblicazione keypoints 3D: could not assign tuple of length 3 to structure with 4 fields.
[rtabmap-14] [INFO] [1768034532.183868864] [rtabmap]: rtabmap (1948): Rate=0.50s, Limit=0.001s, Conversion=0.0002s, RTAB-Map=0.0625s, Maps update=0.0099s pub=0.0022s delay=0.1141s (local map=4, WM=6)
[superpoint_node-2] [INFO] [1768034532.222166800] [superpoint_node]: Keypoints estratti: 800
[superpoint_node-2] [ERROR] [1768034532.228493776] [superpoint_node]: Errore pubblicazione keypoints 3D: could not assign tuple of length 3 to structure with 4 fields.
[superpoint_node-2] [INFO] [1768034532.318527810] [superpoint_node]: Keypoints estratti: 800
[superpoint_node-2] [ERROR] [1768034532.325268883] [superpoint_node]: Errore pubblicazione keypoints 3D: could not assign tuple of length 3 to structure with 4 fields.
[superpoint_node-2] [INFO] [1768034532.420410106] [superpoint_node]: Keypoints estratti: 800
[superpoint_node-2] [ERROR] [1768034532.425907891] [superpoint_node]: Errore pubblicazione keypoints 3D: could not assign tuple of length 3 to structure with 4 fields.
[superpoint_node-2] [INFO] [1768034532.519258822] [superpoint_node]: Keypoints estratti: 800
[superpoint_node-2] [ERROR] [1768034532.524947978] [superpoint_node]: Errore pubblicazione keypoints 3D: could not assign tuple of length 3 to structure with 4 fields.
[superpoint_node-2] [INFO] [1768034532.616325023] [superpoint_node]: Keypoints estratti: 800
[superpoint_node-2] [ERROR] [1768034532.622057328] [superpoint_node]: Errore pubblicazione keypoints 3D: could not assign tuple of length 3 to structure with 4 fields.
[superpoint_node-2] [INFO] [1768034532.717728426] [superpoint_node]: Keypoints estratti: 800
[superpoint_node-2] [ERROR] [1768034532.723339619] [superpoint_node]: Errore pubblicazione keypoints 3D: could not assign tuple of length 3 to structure with 4 fields.
[rtabmap-14] [INFO] [1768034532.792060668] [rtabmap]: rtabmap (1949): Rate=0.50s, Limit=0.001s, Conversion=0.0003s, RTAB-Map=0.0725s, Maps update=0.0004s pub=0.0014s delay=0.1226s (local map=4, WM=5)
[superpoint_node-2] [INFO] [1768034532.818165469] [superpoint_node]: Keypoints estratti: 800
[superpoint_node-2] [ERROR] [1768034532.823910682] [superpoint_node]: Errore pubblicazione keypoints 3D: could not assign tuple of length 3 to structure with 4 fields.
[superpoint_node-2] [INFO] [1768034532.921533813] [superpoint_node]: Keypoints estratti: 800
[superpoint_node-2] [ERROR] [1768034532.927511491] [superpoint_node]: Errore pubblicazione keypoints 3D: could not assign tuple of length 3 to structure with 4 fields.
[superpoint_node-2] [INFO] [1768034533.016372830] [superpoint_node]: Keypoints estratti: 800
[superpoint_node-2] [ERROR] [1768034533.021988894] [superpoint_node]: Errore pubblicazione keypoints 3D: could not assign tuple of length 3 to structure with 4 fields.
[superpoint_node-2] [INFO] [1768034533.118883761] [superpoint_node]: Keypoints estratti: 800
[superpoint_node-2] [ERROR] [1768034533.124265174] [superpoint_node]: Errore pubblicazione keypoints 3D: could not assign tuple of length 3 to structure with 4 fields.
[rtabmap-14] [33m[ WARN] (2026-01-10 09:42:08.940) Memory.cpp:2105::forget() Less signatures transferred (2) than added (3)! The working memory cannot decrease in size.[0m
[rtabmap-14] [33m[ WARN] (2026-01-10 09:42:10.024) Memory.cpp:2105::forget() Less signatures transferred (2) than added (3)! The working memory cannot decrease in size.[0m
[rtabmap-14] [33m[ WARN] (2026-01-10 09:42:11.111) Memory.cpp:2105::forget() Less signatures transferred (2) than added (3)! The working memory cannot decrease in size.[0m
[rtabmap-14] [33m[ WARN] (2026-01-10 09:42:12.161) Memory.cpp:2105::forget() Less signatures transferred (2) than added (3)! The working memory cannot decrease in size.[0m
[superpoint_node-2] [INFO] [1768034533.215880647] [superpoint_node]: Keypoints estratti: 800
[superpoint_node-2] [ERROR] [1768034533.221475265] [superpoint_node]: Errore pubblicazione keypoints 3D: could not assign tuple of length 3 to structure with 4 fields.
[superpoint_node-2] [INFO] [1768034533.315546387] [superpoint_node]: Keypoints estratti: 800
[superpoint_node-2] [ERROR] [1768034533.321031820] [superpoint_node]: Errore pubblicazione keypoints 3D: could not assign tuple of length 3 to structure with 4 fields.
[rtabmap-14] [INFO] [1768034533.394186627] [rtabmap]: rtabmap (1950): Rate=0.50s, Limit=0.001s, Conversion=0.0002s, RTAB-Map=0.0732s, Maps update=0.0033s pub=0.0010s delay=0.1247s (local map=4, WM=6)
[superpoint_node-2] [INFO] [1768034533.418809824] [superpoint_node]: Keypoints estratti: 800
[superpoint_node-2] [ERROR] [1768034533.424427387] [superpoint_node]: Errore pubblicazione keypoints 3D: could not assign tuple of length 3 to structure with 4 fields.
[superpoint_node-2] [INFO] [1768034533.546072081] [superpoint_node]: Keypoints estratti: 800
[superpoint_node-2] [ERROR] [1768034533.553120841] [superpoint_node]: Errore pubblicazione keypoints 3D: could not assign tuple of length 3 to structure with 4 fields.
[superpoint_node-2] [INFO] [1768034533.643236098] [superpoint_node]: Keypoints estratti: 800
[superpoint_node-2] [ERROR] [1768034533.649824577] [superpoint_node]: Errore pubblicazione keypoints 3D: could not assign tuple of length 3 to structure with 4 fields.
[superpoint_node-2] [INFO] [1768034533.739365144] [superpoint_node]: Keypoints estratti: 800
[superpoint_node-2] [ERROR] [1768034533.745027078] [superpoint_node]: Errore pubblicazione keypoints 3D: could not assign tuple of length 3 to structure with 4 fields.
[superpoint_node-2] [INFO] [1768034533.836953627] [superpoint_node]: Keypoints estratti: 800
[superpoint_node-2] [ERROR] [1768034533.842670154] [superpoint_node]: Errore pubblicazione keypoints 3D: could not assign tuple of length 3 to structure with 4 fields.
[rtabmap-14] [INFO] [1768034533.886796803] [rtabmap]: rtabmap (1951): Rate=0.50s, Limit=0.001s, Conversion=0.0006s, RTAB-Map=0.0674s, Maps update=0.0037s pub=0.0064s delay=0.1015s (local map=4, WM=5)
[superpoint_node-2] [INFO] [1768034533.937078094] [superpoint_node]: Keypoints estratti: 800
[superpoint_node-2] [ERROR] [1768034533.943882445] [superpoint_node]: Errore pubblicazione keypoints 3D: could not assign tuple of length 3 to structure with 4 fields.
[superpoint_node-2] [INFO] [1768034534.031675887] [superpoint_node]: Keypoints estratti: 800
[superpoint_node-2] [ERROR] [1768034534.037377358] [superpoint_node]: Errore pubblicazione keypoints 3D: could not assign tuple of length 3 to structure with 4 fields.
[WARNING] [launch]: user interrupted with ctrl-c (SIGINT)
[superpoint_node-2] [INFO] [1768034534.129974098] [superpoint_node]: Keypoints estratti: 800
[superpoint_node-2] [ERROR] [1768034534.137101211] [superpoint_node]: Errore pubblicazione keypoints 3D: could not assign tuple of length 3 to structure with 4 fields.
[superpoint_node-2] [INFO] [1768034534.225126395] [superpoint_node]: Keypoints estratti: 800
[superpoint_node-2] [ERROR] [1768034534.231025405] [superpoint_node]: Errore pubblicazione keypoints 3D: could not assign tuple of length 3 to structure with 4 fields.
[superpoint_node-2] [INFO] [1768034534.323643460] [superpoint_node]: Keypoints estratti: 800
[superpoint_node-2] [ERROR] [1768034534.329069559] [superpoint_node]: Errore pubblicazione keypoints 3D: could not assign tuple of length 3 to structure with 4 fields.
[superpoint_node-2] [INFO] [1768034534.420919126] [superpoint_node]: Keypoints estratti: 800
[superpoint_node-2] [ERROR] [1768034534.427062287] [superpoint_node]: Errore pubblicazione keypoints 3D: could not assign tuple of length 3 to structure with 4 fields.
[rtabmap-14] [INFO] [1768034534.451623464] [rtabmap]: rtabmap (1952): Rate=0.50s, Limit=0.001s, Conversion=0.0003s, RTAB-Map=0.0332s, Maps update=0.0032s pub=0.0019s delay=0.0815s (local map=4, WM=6)
[superpoint_node-2] [INFO] [1768034534.521438411] [superpoint_node]: Keypoints estratti: 800
[superpoint_node-2] [ERROR] [1768034534.526999918] [superpoint_node]: Errore pubblicazione keypoints 3D: could not assign tuple of length 3 to structure with 4 fields.
[superpoint_node-2] [INFO] [1768034534.616915248] [superpoint_node]: Keypoints estratti: 800
[superpoint_node-2] [ERROR] [1768034534.622456533] [superpoint_node]: Errore pubblicazione keypoints 3D: could not assign tuple of length 3 to structure with 4 fields.
[superpoint_node-2] [INFO] [1768034534.716806101] [superpoint_node]: Keypoints estratti: 800
[superpoint_node-2] [ERROR] [1768034534.722282590] [superpoint_node]: Errore pubblicazione keypoints 3D: could not assign tuple of length 3 to structure with 4 fields.
[superpoint_node-2] [INFO] [1768034534.816620251] [superpoint_node]: Keypoints estratti: 800
[superpoint_node-2] [ERROR] [1768034534.823308323] [superpoint_node]: Errore pubblicazione keypoints 3D: could not assign tuple of length 3 to structure with 4 fields.
[superpoint_node-2] [INFO] [1768034534.916064990] [superpoint_node]: Keypoints estratti: 800
[superpoint_node-2] [ERROR] [1768034534.921620701] [superpoint_node]: Errore pubblicazione keypoints 3D: could not assign tuple of length 3 to structure with 4 fields.
[superpoint_node-2] [INFO] [1768034535.015728286] [superpoint_node]: Keypoints estratti: 800
[superpoint_node-2] [ERROR] [1768034535.021722945] [superpoint_node]: Errore pubblicazione keypoints 3D: could not assign tuple of length 3 to structure with 4 fields.
[rtabmap-14] [INFO] [1768034535.089144539] [rtabmap]: rtabmap (1953): Rate=0.50s, Limit=0.001s, Conversion=0.0003s, RTAB-Map=0.0622s, Maps update=0.0104s pub=0.0014s delay=0.1197s (local map=4, WM=5)
[superpoint_node-2] [INFO] [1768034535.125921944] [superpoint_node]: Keypoints estratti: 800
[superpoint_node-2] [ERROR] [1768034535.131454377] [superpoint_node]: Errore pubblicazione keypoints 3D: could not assign tuple of length 3 to structure with 4 fields.
[superpoint_node-2] [INFO] [1768034535.224972069] [superpoint_node]: Keypoints estratti: 800
[superpoint_node-2] [ERROR] [1768034535.230315112] [superpoint_node]: Errore pubblicazione keypoints 3D: could not assign tuple of length 3 to structure with 4 fields.
[superpoint_node-2] [INFO] [1768034535.323558894] [superpoint_node]: Keypoints estratti: 800
[superpoint_node-2] [ERROR] [1768034535.329130697] [superpoint_node]: Errore pubblicazione keypoints 3D: could not assign tuple of length 3 to structure with 4 fields.
[superpoint_node-2] [INFO] [1768034535.421799679] [superpoint_node]: Keypoints estratti: 800
[superpoint_node-2] [ERROR] [1768034535.428346916] [superpoint_node]: Errore pubblicazione keypoints 3D: could not assign tuple of length 3 to structure with 4 fields.
[superpoint_node-2] [INFO] [1768034535.520849507] [superpoint_node]: Keypoints estratti: 800
[superpoint_node-2] [ERROR] [1768034535.526679072] [superpoint_node]: Errore pubblicazione keypoints 3D: could not assign tuple of length 3 to structure with 4 fields.
[rtabmap-14] [INFO] [1768034535.590991901] [rtabmap]: rtabmap (1954): Rate=0.50s, Limit=0.001s, Conversion=0.0010s, RTAB-Map=0.0734s, Maps update=0.0029s pub=0.0015s delay=0.1209s (local map=4, WM=6)
[superpoint_node-2] [INFO] [1768034535.620948844] [superpoint_node]: Keypoints estratti: 800
[superpoint_node-2] [ERROR] [1768034535.626520777] [superpoint_node]: Errore pubblicazione keypoints 3D: could not assign tuple of length 3 to structure with 4 fields.
[superpoint_node-2] [INFO] [1768034535.716837666] [superpoint_node]: Keypoints estratti: 800
[superpoint_node-2] [ERROR] [1768034535.722368895] [superpoint_node]: Errore pubblicazione keypoints 3D: could not assign tuple of length 3 to structure with 4 fields.
[superpoint_node-2] [INFO] [1768034535.819083186] [superpoint_node]: Keypoints estratti: 800
[superpoint_node-2] [ERROR] [1768034535.824736768] [superpoint_node]: Errore pubblicazione keypoints 3D: could not assign tuple of length 3 to structure with 4 fields.
[superpoint_node-2] [INFO] [1768034535.917416601] [superpoint_node]: Keypoints estratti: 800
[superpoint_node-2] [ERROR] [1768034535.922993998] [superpoint_node]: Errore pubblicazione keypoints 3D: could not assign tuple of length 3 to structure with 4 fields.
[superpoint_node-2] [INFO] [1768034536.017101879] [superpoint_node]: Keypoints estratti: 800
[superpoint_node-2] [ERROR] [1768034536.022932074] [superpoint_node]: Errore pubblicazione keypoints 3D: could not assign tuple of length 3 to structure with 4 fields.
[superpoint_node-2] [INFO] [1768034536.117585053] [superpoint_node]: Keypoints estratti: 800
[superpoint_node-2] [ERROR] [1768034536.123601397] [superpoint_node]: Errore pubblicazione keypoints 3D: could not assign tuple of length 3 to structure with 4 fields.
[rtabmap-14] [INFO] [1768034536.191253826] [rtabmap]: rtabmap (1955): Rate=0.50s, Limit=0.001s, Conversion=0.0007s, RTAB-Map=0.0729s, Maps update=0.0003s pub=0.0010s delay=0.1216s (local map=4, WM=5)
[superpoint_node-2] [INFO] [1768034536.222361242] [superpoint_node]: Keypoints estratti: 800
[superpoint_node-2] [ERROR] [1768034536.227909138] [superpoint_node]: Errore pubblicazione keypoints 3D: could not assign tuple of length 3 to structure with 4 fields.
[superpoint_node-2] [INFO] [1768034536.316848163] [superpoint_node]: Keypoints estratti: 800
[superpoint_node-2] [ERROR] [1768034536.322393374] [superpoint_node]: Errore pubblicazione keypoints 3D: could not assign tuple of length 3 to structure with 4 fields.
[superpoint_node-2] [INFO] [1768034536.416863407] [superpoint_node]: Keypoints estratti: 800
[superpoint_node-2] [ERROR] [1768034536.422659712] [superpoint_node]: Errore pubblicazione keypoints 3D: could not assign tuple of length 3 to structure with 4 fields.
[superpoint_node-2] [INFO] [1768034536.515263471] [superpoint_node]: Keypoints estratti: 800
[superpoint_node-2] [ERROR] [1768034536.520869312] [superpoint_node]: Errore pubblicazione keypoints 3D: could not assign tuple of length 3 to structure with 4 fields.
[superpoint_node-2] [INFO] [1768034536.617120451] [superpoint_node]: Keypoints estratti: 800
[superpoint_node-2] [ERROR] [1768034536.622881090] [superpoint_node]: Errore pubblicazione keypoints 3D: could not assign tuple of length 3 to structure with 4 fields.
[superpoint_node-2] [INFO] [1768034536.719731364] [superpoint_node]: Keypoints estratti: 800
[superpoint_node-2] [ERROR] [1768034536.725469780] [superpoint_node]: Errore pubblicazione keypoints 3D: could not assign tuple of length 3 to structure with 4 fields.
[rtabmap-14] [INFO] [1768034536.784212323] [rtabmap]: rtabmap (1956): Rate=0.50s, Limit=0.001s, Conversion=0.0006s, RTAB-Map=0.0691s, Maps update=0.0003s pub=0.0008s delay=0.1148s (local map=4, WM=6)
[superpoint_node-2] [INFO] [1768034536.855967304] [superpoint_node]: Keypoints estratti: 800
[superpoint_node-2] [ERROR] [1768034536.861368014] [superpoint_node]: Errore pubblicazione keypoints 3D: could not assign tuple of length 3 to structure with 4 fields.
[superpoint_node-2] [INFO] [1768034536.946395008] [superpoint_node]: Keypoints estratti: 800
[superpoint_node-2] [ERROR] [1768034536.951884163] [superpoint_node]: Errore pubblicazione keypoints 3D: could not assign tuple of length 3 to structure with 4 fields.
[superpoint_node-2] [INFO] [1768034537.035844093] [superpoint_node]: Keypoints estratti: 800
[superpoint_node-2] [ERROR] [1768034537.041502601] [superpoint_node]: Errore pubblicazione keypoints 3D: could not assign tuple of length 3 to structure with 4 fields.
[superpoint_node-2] [INFO] [1768034537.128258683] [superpoint_node]: Keypoints estratti: 800
[superpoint_node-2] [ERROR] [1768034537.133638689] [superpoint_node]: Errore pubblicazione keypoints 3D: could not assign tuple of length 3 to structure with 4 fields.
[superpoint_node-2] [INFO] [1768034537.221558892] [superpoint_node]: Keypoints estratti: 800
[superpoint_node-2] [ERROR] [1768034537.227734645] [superpoint_node]: Errore pubblicazione keypoints 3D: could not assign tuple of length 3 to structure with 4 fields.
[rtabmap-14] [INFO] [1768034537.301159435] [rtabmap]: rtabmap (1957): Rate=0.50s, Limit=0.001s, Conversion=0.0002s, RTAB-Map=0.0780s, Maps update=0.0020s pub=0.0011s delay=0.1268s (local map=4, WM=5)
[superpoint_node-2] [INFO] [1768034537.326638713] [superpoint_node]: Keypoints estratti: 800
[superpoint_node-2] [ERROR] [1768034537.331959366] [superpoint_node]: Errore pubblicazione keypoints 3D: could not assign tuple of length 3 to structure with 4 fields.
[superpoint_node-2] [INFO] [1768034537.419055247] [superpoint_node]: Keypoints estratti: 800
[superpoint_node-2] [ERROR] [1768034537.424173325] [superpoint_node]: Errore pubblicazione keypoints 3D: could not assign tuple of length 3 to structure with 4 fields.
[superpoint_node-2] [INFO] [1768034537.515925670] [superpoint_node]: Keypoints estratti: 800
[superpoint_node-2] [ERROR] [1768034537.521561659] [superpoint_node]: Errore pubblicazione keypoints 3D: could not assign tuple of length 3 to structure with 4 fields.
[superpoint_node-2] [INFO] [1768034537.616880884] [superpoint_node]: Keypoints estratti: 800
[superpoint_node-2] [ERROR] [1768034537.622418335] [superpoint_node]: Errore pubblicazione keypoints 3D: could not assign tuple of length 3 to structure with 4 fields.
[superpoint_node-2] [INFO] [1768034537.716842312] [superpoint_node]: Keypoints estratti: 800
[superpoint_node-2] [ERROR] [1768034537.722277615] [superpoint_node]: Errore pubblicazione keypoints 3D: could not assign tuple of length 3 to structure with 4 fields.
[superpoint_node-2] [INFO] [1768034537.813989366] [superpoint_node]: Keypoints estratti: 800
[superpoint_node-2] [ERROR] [1768034537.819874820] [superpoint_node]: Errore pubblicazione keypoints 3D: could not assign tuple of length 3 to structure with 4 fields.
[rtabmap-14] [INFO] [1768034537.885914459] [rtabmap]: rtabmap (1958): Rate=0.50s, Limit=0.001s, Conversion=0.0002s, RTAB-Map=0.0613s, Maps update=0.0064s pub=0.0012s delay=0.1164s (local map=4, WM=6)
[superpoint_node-2] [INFO] [1768034537.916842151] [superpoint_node]: Keypoints estratti: 800
[superpoint_node-2] [ERROR] [1768034537.922127026] [superpoint_node]: Errore pubblicazione keypoints 3D: could not assign tuple of length 3 to structure with 4 fields.
[superpoint_node-2] [INFO] [1768034538.015015139] [superpoint_node]: Keypoints estratti: 800
[superpoint_node-2] [ERROR] [1768034538.020205643] [superpoint_node]: Errore pubblicazione keypoints 3D: could not assign tuple of length 3 to structure with 4 fields.
[superpoint_node-2] [INFO] [1768034538.117047232] [superpoint_node]: Keypoints estratti: 800
[superpoint_node-2] [ERROR] [1768034538.122525183] [superpoint_node]: Errore pubblicazione keypoints 3D: could not assign tuple of length 3 to structure with 4 fields.
[rtabmap-14] [33m[ WARN] (2026-01-10 09:42:13.386) Memory.cpp:2105::forget() Less signatures transferred (2) than added (3)! The working memory cannot decrease in size.[0m
[rtabmap-14] [33m[ WARN] (2026-01-10 09:42:14.444) Memory.cpp:2105::forget() Less signatures transferred (2) than added (3)! The working memory cannot decrease in size.[0m
[rtabmap-14] [33m[ WARN] (2026-01-10 09:42:15.585) Memory.cpp:2105::forget() Less signatures transferred (2) than added (3)! The working memory cannot decrease in size.[0m
[rtabmap-14] [33m[ WARN] (2026-01-10 09:42:16.779) Memory.cpp:2105::forget() Less signatures transferred (2) than added (3)! The working memory cannot decrease in size.[0m
[rtabmap-14] [33m[ WARN] (2026-01-10 09:42:17.868) Memory.cpp:2105::forget() Less signatures transferred (2) than added (3)! The working memory cannot decrease in size.[0m
[superpoint_node-2] [INFO] [1768034538.214411806] [superpoint_node]: Keypoints estratti: 800
[superpoint_node-2] [ERROR] [1768034538.219868072] [superpoint_node]: Errore pubblicazione keypoints 3D: could not assign tuple of length 3 to structure with 4 fields.
[superpoint_node-2] [INFO] [1768034538.314660459] [superpoint_node]: Keypoints estratti: 800
[superpoint_node-2] [ERROR] [1768034538.320070298] [superpoint_node]: Errore pubblicazione keypoints 3D: could not assign tuple of length 3 to structure with 4 fields.
[superpoint_node-2] [INFO] [1768034538.414403219] [superpoint_node]: Keypoints estratti: 800
[superpoint_node-2] [ERROR] [1768034538.420293432] [superpoint_node]: Errore pubblicazione keypoints 3D: could not assign tuple of length 3 to structure with 4 fields.
[rtabmap-14] [INFO] [1768034538.473448579] [rtabmap]: rtabmap (1959): Rate=0.50s, Limit=0.001s, Conversion=0.0003s, RTAB-Map=0.0560s, Maps update=0.0004s pub=0.0028s delay=0.1040s (local map=4, WM=5)
[superpoint_node-2] [INFO] [1768034538.516833037] [superpoint_node]: Keypoints estratti: 800
[superpoint_node-2] [ERROR] [1768034538.522124042] [superpoint_node]: Errore pubblicazione keypoints 3D: could not assign tuple of length 3 to structure with 4 fields.
[superpoint_node-2] [INFO] [1768034538.616926115] [superpoint_node]: Keypoints estratti: 800
[superpoint_node-2] [ERROR] [1768034538.622173675] [superpoint_node]: Errore pubblicazione keypoints 3D: could not assign tuple of length 3 to structure with 4 fields.
[superpoint_node-2] [INFO] [1768034538.715176381] [superpoint_node]: Keypoints estratti: 800
[superpoint_node-2] [ERROR] [1768034538.722390309] [superpoint_node]: Errore pubblicazione keypoints 3D: could not assign tuple of length 3 to structure with 4 fields.
[superpoint_node-2] [INFO] [1768034538.815040846] [superpoint_node]: Keypoints estratti: 800
[superpoint_node-2] [ERROR] [1768034538.820470278] [superpoint_node]: Errore pubblicazione keypoints 3D: could not assign tuple of length 3 to structure with 4 fields.
[superpoint_node-2] [INFO] [1768034538.915670613] [superpoint_node]: Keypoints estratti: 800
[superpoint_node-2] [ERROR] [1768034538.921333417] [superpoint_node]: Errore pubblicazione keypoints 3D: could not assign tuple of length 3 to structure with 4 fields.
[superpoint_node-2] [INFO] [1768034539.014254604] [superpoint_node]: Keypoints estratti: 800
[superpoint_node-2] [ERROR] [1768034539.019993409] [superpoint_node]: Errore pubblicazione keypoints 3D: could not assign tuple of length 3 to structure with 4 fields.
[rtabmap-14] [INFO] [1768034539.087346484] [rtabmap]: rtabmap (1960): Rate=0.50s, Limit=0.001s, Conversion=0.0002s, RTAB-Map=0.0726s, Maps update=0.0004s pub=0.0016s delay=0.1179s (local map=4, WM=6)
[ERROR] [rtabmap-14]: process[rtabmap-14] failed to terminate '5' seconds after receiving 'SIGINT', escalating to 'SIGTERM'
[ERROR] [madgwick_node-13]: process[madgwick_node-13] failed to terminate '5' seconds after receiving 'SIGINT', escalating to 'SIGTERM'
[ERROR] [foxglove_bridge-12]: process[foxglove_bridge-12] failed to terminate '5' seconds after receiving 'SIGINT', escalating to 'SIGTERM'
[ERROR] [republish-11]: process[republish-11] failed to terminate '5' seconds after receiving 'SIGINT', escalating to 'SIGTERM'
[ERROR] [motor_control_node-10]: process[motor_control_node-10] failed to terminate '5' seconds after receiving 'SIGINT', escalating to 'SIGTERM'
[ERROR] [bluedot_node-9]: process[bluedot_node-9] failed to terminate '5' seconds after receiving 'SIGINT', escalating to 'SIGTERM'
[ERROR] [ekf_node-8]: process[ekf_node-8] failed to terminate '5' seconds after receiving 'SIGINT', escalating to 'SIGTERM'
[ERROR] [static_transform_publisher-7]: process[static_transform_publisher-7] failed to terminate '5' seconds after receiving 'SIGINT', escalating to 'SIGTERM'
[ERROR] [static_transform_publisher-6]: process[static_transform_publisher-6] failed to terminate '5' seconds after receiving 'SIGINT', escalating to 'SIGTERM'
[INFO] [rtabmap-14]: sending signal 'SIGTERM' to process[rtabmap-14]
[ERROR] [static_transform_publisher-5]: process[static_transform_publisher-5] failed to terminate '5' seconds after receiving 'SIGINT', escalating to 'SIGTERM'
[ERROR] [static_transform_publisher-4]: process[static_transform_publisher-4] failed to terminate '5' seconds after receiving 'SIGINT', escalating to 'SIGTERM'
[ERROR] [static_transform_publisher-3]: process[static_transform_publisher-3] failed to terminate '5' seconds after receiving 'SIGINT', escalating to 'SIGTERM'
[ERROR] [superpoint_node-2]: process[superpoint_node-2] failed to terminate '5' seconds after receiving 'SIGINT', escalating to 'SIGTERM'
[INFO] [madgwick_node-13]: sending signal 'SIGTERM' to process[madgwick_node-13]
[INFO] [foxglove_bridge-12]: sending signal 'SIGTERM' to process[foxglove_bridge-12]
[INFO] [republish-11]: sending signal 'SIGTERM' to process[republish-11]
[INFO] [motor_control_node-10]: sending signal 'SIGTERM' to process[motor_control_node-10]
[ERROR] [robot_state_publisher-1]: process[robot_state_publisher-1] failed to terminate '5' seconds after receiving 'SIGINT', escalating to 'SIGTERM'
[INFO] [bluedot_node-9]: sending signal 'SIGTERM' to process[bluedot_node-9]
[INFO] [ekf_node-8]: sending signal 'SIGTERM' to process[ekf_node-8]
[INFO] [static_transform_publisher-7]: sending signal 'SIGTERM' to process[static_transform_publisher-7]
[INFO] [static_transform_publisher-6]: sending signal 'SIGTERM' to process[static_transform_publisher-6]
[rtabmap-14] [INFO] [1768034539.107776314] [rclcpp]: signal_handler(signum=15)
[INFO] [static_transform_publisher-5]: sending signal 'SIGTERM' to process[static_transform_publisher-5]
[INFO] [static_transform_publisher-4]: sending signal 'SIGTERM' to process[static_transform_publisher-4]
[superpoint_node-2] [INFO] [1768034539.125746439] [superpoint_node]: Keypoints estratti: 800
[superpoint_node-2] [ERROR] [1768034539.133488149] [superpoint_node]: Errore pubblicazione keypoints 3D: could not assign tuple of length 3 to structure with 4 fields.
[rtabmap-14] [INFO] [1768034539.133375426] [rtabmap]: Parameters are not saved (No configuration file provided...)
[INFO] [static_transform_publisher-3]: sending signal 'SIGTERM' to process[static_transform_publisher-3]
[INFO] [superpoint_node-2]: sending signal 'SIGTERM' to process[superpoint_node-2]
[foxglove_bridge-12] [INFO] [1768034539.142474129] [foxglove_bridge]: publishing connection graph
[foxglove_bridge-12] [INFO] [1768034539.144513682] [rclcpp]: signal_handler(signum=15)
[republish-11] [INFO] [1768034539.146344585] [rclcpp]: signal_handler(signum=15)
[INFO] [robot_state_publisher-1]: sending signal 'SIGTERM' to process[robot_state_publisher-1]
[foxglove_bridge-12] [INFO] [1768034539.163697150] [foxglove_bridge]: Shutting down foxglove_bridge
[ekf_node-8] [INFO] [1768034539.175766654] [rclcpp]: signal_handler(signum=15)
[static_transform_publisher-7] [INFO] [1768034539.190697366] [rclcpp]: signal_handler(signum=15)
[static_transform_publisher-6] [INFO] [1768034539.200610500] [rclcpp]: signal_handler(signum=15)
[static_transform_publisher-5] [INFO] [1768034539.215226747] [rclcpp]: signal_handler(signum=15)
[static_transform_publisher-4] [INFO] [1768034539.228292962] [rclcpp]: signal_handler(signum=15)
[static_transform_publisher-3] [INFO] [1768034539.236438102] [rclcpp]: signal_handler(signum=15)
[robot_state_publisher-1] [INFO] [1768034539.268996139] [rclcpp]: signal_handler(signum=15)
[superpoint_node-2] [ERROR] [1768034539.377330486] [superpoint_node]: Errore durante spin: unsupported operand type(s) for 'in': 'int' and 'EnumType'
[superpoint_node-2] [INFO] [1768034539.395607929] [superpoint_node]: Keypoints estratti: 800
[superpoint_node-2] [ERROR] [1768034539.412076709] [superpoint_node]: Errore pubblicazione keypoints 3D: could not assign tuple of length 3 to structure with 4 fields.
[motor_control_node-10] Traceback (most recent call last):
[motor_control_node-10]   File "/home/robopy/robopy/robopi_controller/robopy_controller_host/build/robopy_controller/robopy_controller/motor_control_node.py", line 131, in main
[madgwick_node-13] Traceback (most recent call last):
[madgwick_node-13]   File "/home/robopy/robopy/robopi_controller/robopy_controller_host/build/robopy_controller/robopy_controller/nodes/madgwick_node.py", line 226, in main
[motor_control_node-10]     rclpy.spin(node)
[motor_control_node-10]   File "/home/robopy/ros2_jazzy/install/rclpy/lib/python3.11/site-packages/rclpy/__init__.py", line 247, in spin
[motor_control_node-10]     executor.spin_once()
[motor_control_node-10]   File "/home/robopy/ros2_jazzy/install/rclpy/lib/python3.11/site-packages/rclpy/executors.py", line 839, in spin_once
[madgwick_node-13]     rclpy.spin(node)
[madgwick_node-13]   File "/home/robopy/ros2_jazzy/install/rclpy/lib/python3.11/site-packages/rclpy/__init__.py", line 247, in spin
[motor_control_node-10]     self._spin_once_impl(timeout_sec)
[motor_control_node-10]   File "/home/robopy/ros2_jazzy/install/rclpy/lib/python3.11/site-packages/rclpy/executors.py", line 823, in _spin_once_impl
[madgwick_node-13]     executor.spin_once()
[madgwick_node-13]   File "/home/robopy/ros2_jazzy/install/rclpy/lib/python3.11/site-packages/rclpy/executors.py", line 839, in spin_once
[madgwick_node-13]     self._spin_once_impl(timeout_sec)
[motor_control_node-10]     handler, entity, node = self.wait_for_ready_callbacks(
[madgwick_node-13]   File "/home/robopy/ros2_jazzy/install/rclpy/lib/python3.11/site-packages/rclpy/executors.py", line 823, in _spin_once_impl
[motor_control_node-10]                             ^^^^^^^^^^^^^^^^^^^^^^^^^^^^^^
[motor_control_node-10]   File "/home/robopy/ros2_jazzy/install/rclpy/lib/python3.11/site-packages/rclpy/executors.py", line 793, in wait_for_ready_callbacks
[motor_control_node-10]     return next(self._cb_iter)
[motor_control_node-10]            ^^^^^^^^^^^^^^^^^^^
[motor_control_node-10]   File "/home/robopy/ros2_jazzy/install/rclpy/lib/python3.11/site-packages/rclpy/executors.py", line 673, in _wait_for_ready_callbacks
[motor_control_node-10]     wait_set = _rclpy.WaitSet(
[motor_control_node-10]                ^^^^^^^^^^^^^^^
[motor_control_node-10] rclpy._rclpy_pybind11.RCLError: failed to initialize wait set: the given context is not valid, either rcl_init() was not called or rcl_shutdown() was called., at /home/robopy/ros2_jazzy/src/ros2/rcl/rcl/src/rcl/wait.c:130
[motor_control_node-10] 
[motor_control_node-10] During handling of the above exception, another exception occurred:
[motor_control_node-10] 
[motor_control_node-10] Traceback (most recent call last):
[motor_control_node-10]   File "/home/robopy/robopy/robopi_controller/robopy_controller_host/install/robopy_controller/lib/robopy_controller/motor_control_node", line 33, in <module>
[madgwick_node-13]     handler, entity, node = self.wait_for_ready_callbacks(
[madgwick_node-13]                             ^^^^^^^^^^^^^^^^^^^^^^^^^^^^^^
[madgwick_node-13]   File "/home/robopy/ros2_jazzy/install/rclpy/lib/python3.11/site-packages/rclpy/executors.py", line 793, in wait_for_ready_callbacks
[madgwick_node-13]     return next(self._cb_iter)
[madgwick_node-13]            ^^^^^^^^^^^^^^^^^^^
[madgwick_node-13]   File "/home/robopy/ros2_jazzy/install/rclpy/lib/python3.11/site-packages/rclpy/executors.py", line 701, in _wait_for_ready_callbacks
[madgwick_node-13]     raise ExternalShutdownException()
[motor_control_node-10]     sys.exit(load_entry_point('robopy-controller', 'console_scripts', 'motor_control_node')())
[motor_control_node-10]              ^^^^^^^^^^^^^^^^^^^^^^^^^^^^^^^^^^^^^^^^^^^^^^^^^^^^^^^^^^^^^^^^^^^^^^^^^^^^^^^^
[madgwick_node-13] rclpy.executors.ExternalShutdownException
[madgwick_node-13] 
[madgwick_node-13] During handling of the above exception, another exception occurred:
[madgwick_node-13] 
[madgwick_node-13] Traceback (most recent call last):
[madgwick_node-13]   File "/home/robopy/robopy/robopi_controller/robopy_controller_host/install/robopy_controller/lib/robopy_controller/madgwick_node", line 33, in <module>
[motor_control_node-10]   File "/home/robopy/robopy/robopi_controller/robopy_controller_host/build/robopy_controller/robopy_controller/motor_control_node.py", line 136, in main
[motor_control_node-10]     rclpy.shutdown()
[motor_control_node-10]   File "/home/robopy/ros2_jazzy/install/rclpy/lib/python3.11/site-packages/rclpy/__init__.py", line 134, in shutdown
[motor_control_node-10]     _shutdown(context=context)
[motor_control_node-10]   File "/home/robopy/ros2_jazzy/install/rclpy/lib/python3.11/site-packages/rclpy/utilities.py", line 82, in shutdown
[motor_control_node-10]     context.shutdown()
[motor_control_node-10]   File "/home/robopy/ros2_jazzy/install/rclpy/lib/python3.11/site-packages/rclpy/context.py", line 129, in shutdown
[madgwick_node-13]     sys.exit(load_entry_point('robopy-controller', 'console_scripts', 'madgwick_node')())
[madgwick_node-13]              ^^^^^^^^^^^^^^^^^^^^^^^^^^^^^^^^^^^^^^^^^^^^^^^^^^^^^^^^^^^^^^^^^^^^^^^^^^^
[madgwick_node-13]   File "/home/robopy/robopy/robopi_controller/robopy_controller_host/build/robopy_controller/robopy_controller/nodes/madgwick_node.py", line 231, in main
[madgwick_node-13]     rclpy.shutdown()
[madgwick_node-13]   File "/home/robopy/ros2_jazzy/install/rclpy/lib/python3.11/site-packages/rclpy/__init__.py", line 134, in shutdown
[madgwick_node-13]     _shutdown(context=context)
[motor_control_node-10]     self.__context.shutdown()
[motor_control_node-10] rclpy._rclpy_pybind11.RCLError: failed to shutdown: rcl_shutdown already called on the given context, at /home/robopy/ros2_jazzy/src/ros2/rcl/rcl/src/rcl/init.c:333
[madgwick_node-13]   File "/home/robopy/ros2_jazzy/install/rclpy/lib/python3.11/site-packages/rclpy/utilities.py", line 82, in shutdown
[madgwick_node-13]     context.shutdown()
[madgwick_node-13]   File "/home/robopy/ros2_jazzy/install/rclpy/lib/python3.11/site-packages/rclpy/context.py", line 129, in shutdown
[madgwick_node-13]     self.__context.shutdown()
[madgwick_node-13] rclpy._rclpy_pybind11.RCLError: failed to shutdown: rcl_shutdown already called on the given context, at /home/robopy/ros2_jazzy/src/ros2/rcl/rcl/src/rcl/init.c:333
[superpoint_node-2] [INFO] [1768034539.440897809] [superpoint_node]: Avvio shutdown...
[superpoint_node-2] [INFO] [1768034539.441842132] [superpoint_node]: Shutdown richiesto, interrompendo operazioni...
[superpoint_node-2] [INFO] [1768034539.455906911] [superpoint_node]: Inizio shutdown controllato...
[INFO] [static_transform_publisher-7]: process has finished cleanly [pid 23413]
[INFO] [static_transform_publisher-6]: process has finished cleanly [pid 23411]
[INFO] [static_transform_publisher-5]: process has finished cleanly [pid 23409]
[INFO] [ekf_node-8]: process has finished cleanly [pid 23415]
[INFO] [static_transform_publisher-4]: process has finished cleanly [pid 23407]
[foxglove_bridge-12] [INFO] [1768034539.665618642] [foxglove_bridge]: received unsubscribe request for channel 21
[foxglove_bridge-12] [INFO] [1768034539.665652124] [foxglove_bridge]: Cleaned up subscription to topic /superpoint/matches_3d for client 1 on channel 21
[foxglove_bridge-12] [INFO] [1768034539.666597224] [foxglove_bridge]: received unsubscribe request for channel 60
[foxglove_bridge-12] [INFO] [1768034539.666616594] [foxglove_bridge]: Cleaned up subscription to topic /goal for client 1 on channel 60
[foxglove_bridge-12] [INFO] [1768034539.668126106] [foxglove_bridge]: received unsubscribe request for channel 36
[foxglove_bridge-12] [INFO] [1768034539.668153181] [foxglove_bridge]: Cleaned up subscription to topic /octomap_empty_space for client 1 on channel 36
[foxglove_bridge-12] [INFO] [1768034539.669693822] [foxglove_bridge]: received unsubscribe request for channel 1
[foxglove_bridge-12] [INFO] [1768034539.669718860] [foxglove_bridge]: Cleaned up subscription to topic /set_pose for client 1 on channel 1
[foxglove_bridge-12] [INFO] [1768034539.670818702] [foxglove_bridge]: received unsubscribe request for channel 63
[foxglove_bridge-12] [INFO] [1768034539.670891980] [foxglove_bridge]: Cleaned up subscription to topic /global_path for client 1 on channel 63
[foxglove_bridge-12] [INFO] [1768034539.671405003] [foxglove_bridge]: received unsubscribe request for channel 69
[foxglove_bridge-12] [INFO] [1768034539.671436373] [foxglove_bridge]: Cleaned up subscription to topic /global_pose for client 1 on channel 69
[foxglove_bridge-12] [INFO] [1768034539.671841210] [foxglove_bridge]: received unsubscribe request for channel 34
[foxglove_bridge-12] [INFO] [1768034539.671862173] [foxglove_bridge]: Cleaned up subscription to topic /octomap_global_frontier_space for client 1 on channel 34
[foxglove_bridge-12] [INFO] [1768034539.673367704] [foxglove_bridge]: received unsubscribe request for channel 14
[foxglove_bridge-12] [INFO] [1768034539.673392741] [foxglove_bridge]: Cleaned up subscription to topic /out/zstd for client 1 on channel 14
[foxglove_bridge-12] [INFO] [1768034539.674446323] [foxglove_bridge]: received unsubscribe request for channel 7
[foxglove_bridge-12] [INFO] [1768034539.674467324] [foxglove_bridge]: Cleaned up subscription to topic /tf for client 1 on channel 7
[foxglove_bridge-12] [INFO] [1768034539.675546980] [foxglove_bridge]: received unsubscribe request for channel 68
[foxglove_bridge-12] [INFO] [1768034539.675572055] [foxglove_bridge]: Cleaned up subscription to topic /gps/fix for client 1 on channel 68
[foxglove_bridge-12] [INFO] [1768034539.676665230] [foxglove_bridge]: received unsubscribe request for channel 50
[foxglove_bridge-12] [INFO] [1768034539.676684212] [foxglove_bridge]: Cleaned up subscription to topic /local_grid_obstacle for client 1 on channel 50
[foxglove_bridge-12] [INFO] [1768034539.677075344] [foxglove_bridge]: received unsubscribe request for channel 32
[foxglove_bridge-12] [INFO] [1768034539.677092678] [foxglove_bridge]: Cleaned up subscription to topic /octomap_obstacles for client 1 on channel 32
[INFO] [static_transform_publisher-3]: process has finished cleanly [pid 23405]
[foxglove_bridge-12] [INFO] [1768034539.678447929] [foxglove_bridge]: received unsubscribe request for channel 24
[foxglove_bridge-12] [INFO] [1768034539.678475800] [foxglove_bridge]: Cleaned up subscription to topic /superpoint/debug_image for client 1 on channel 24
[foxglove_bridge-12] [INFO] [1768034539.679537012] [foxglove_bridge]: received unsubscribe request for channel 54
[foxglove_bridge-12] [INFO] [1768034539.679564457] [foxglove_bridge]: Cleaned up subscription to topic /landmarks for client 1 on channel 54
[foxglove_bridge-12] [INFO] [1768034539.680621576] [foxglove_bridge]: received unsubscribe request for channel 22
[foxglove_bridge-12] [INFO] [1768034539.680644243] [foxglove_bridge]: Cleaned up subscription to topic /superpoint/markers for client 1 on channel 22
[foxglove_bridge-12] [INFO] [1768034539.681319119] [foxglove_bridge]: received unsubscribe request for channel 42
[foxglove_bridge-12] [INFO] [1768034539.681341953] [foxglove_bridge]: Cleaned up subscription to topic /cloud_obstacles for client 1 on channel 42
[foxglove_bridge-12] [INFO] [1768034539.682822242] [foxglove_bridge]: received unsubscribe request for channel 11
[foxglove_bridge-12] [INFO] [1768034539.682852946] [foxglove_bridge]: Cleaned up subscription to topic /diagnostics for client 1 on channel 11
[foxglove_bridge-12] [INFO] [1768034539.683981418] [foxglove_bridge]: received unsubscribe request for channel 20
[foxglove_bridge-12] [INFO] [1768034539.684005511] [foxglove_bridge]: Cleaned up subscription to topic /imu/linear for client 1 on channel 20
[foxglove_bridge-12] [INFO] [1768034539.684419162] [foxglove_bridge]: received unsubscribe request for channel 72
[foxglove_bridge-12] [INFO] [1768034539.684443274] [foxglove_bridge]: Cleaned up subscription to topic /move_base_simple/goal for client 1 on channel 72
[foxglove_bridge-12] [INFO] [1768034539.685805359] [foxglove_bridge]: received unsubscribe request for channel 59
[foxglove_bridge-12] [INFO] [1768034539.685830748] [foxglove_bridge]: Cleaned up subscription to topic /mapPath for client 1 on channel 59
[foxglove_bridge-12] [INFO] [1768034539.686901460] [foxglove_bridge]: received unsubscribe request for channel 4
[foxglove_bridge-12] [INFO] [1768034539.686927516] [foxglove_bridge]: Cleaned up subscription to topic /robot_description for client 1 on channel 4
[foxglove_bridge-12] [INFO] [1768034539.688029173] [foxglove_bridge]: received unsubscribe request for channel 67
[foxglove_bridge-12] [INFO] [1768034539.688057154] [foxglove_bridge]: Cleaned up subscription to topic /imu for client 1 on channel 67
[foxglove_bridge-12] [INFO] [1768034539.689083700] [foxglove_bridge]: received unsubscribe request for channel 27
[foxglove_bridge-12] [INFO] [1768034539.689112515] [foxglove_bridge]: Cleaned up subscription to topic /superpoint/keypoints_3d for client 1 on channel 27
[foxglove_bridge-12] [INFO] [1768034539.689604463] [foxglove_bridge]: received unsubscribe request for channel 47
[foxglove_bridge-12] [INFO] [1768034539.689625778] [foxglove_bridge]: Cleaned up subscription to topic /localization_pose for client 1 on channel 47
[foxglove_bridge-12] [INFO] [1768034539.690978715] [foxglove_bridge]: received unsubscribe request for channel 40
[foxglove_bridge-12] [INFO] [1768034539.691006919] [foxglove_bridge]: Cleaned up subscription to topic /grid_prob_map for client 1 on channel 40
[foxglove_bridge-12] [INFO] [1768034539.692071075] [foxglove_bridge]: received unsubscribe request for channel 51
[foxglove_bridge-12] [INFO] [1768034539.692094927] [foxglove_bridge]: Cleaned up subscription to topic /local_grid_ground for client 1 on channel 51
[foxglove_bridge-12] [INFO] [1768034539.693160177] [foxglove_bridge]: received unsubscribe request for channel 43
[foxglove_bridge-12] [INFO] [1768034539.693185362] [foxglove_bridge]: Cleaned up subscription to topic /cloud_map for client 1 on channel 43
[foxglove_bridge-12] [INFO] [1768034539.694250000] [foxglove_bridge]: received unsubscribe request for channel 55
[foxglove_bridge-12] [INFO] [1768034539.694274926] [foxglove_bridge]: Cleaned up subscription to topic /initialpose for client 1 on channel 55
[foxglove_bridge-12] [INFO] [1768034539.695500899] [foxglove_bridge]: received unsubscribe request for channel 29
[foxglove_bridge-12] [INFO] [1768034539.695529196] [foxglove_bridge]: Cleaned up subscription to topic /camera/image_raw for client 1 on channel 29
[foxglove_bridge-12] [INFO] [1768034539.697113560] [foxglove_bridge]: received unsubscribe request for channel 18
[foxglove_bridge-12] [INFO] [1768034539.697146301] [foxglove_bridge]: Cleaned up subscription to topic /bluedot_input for client 1 on channel 18
[foxglove_bridge-12] [INFO] [1768034539.698247458] [foxglove_bridge]: received unsubscribe request for channel 61
[foxglove_bridge-12] [INFO] [1768034539.698268717] [foxglove_bridge]: Cleaned up subscription to topic /goal_out for client 1 on channel 61
[foxglove_bridge-12] [INFO] [1768034539.698807425] [foxglove_bridge]: received unsubscribe request for channel 9
[foxglove_bridge-12] [INFO] [1768034539.698833537] [foxglove_bridge]: Cleaned up subscription to topic /imu/data for client 1 on channel 9
[foxglove_bridge-12] [INFO] [1768034539.700344438] [foxglove_bridge]: received unsubscribe request for channel 28
[foxglove_bridge-12] [INFO] [1768034539.700367808] [foxglove_bridge]: Cleaned up subscription to topic /depth/image_raw for client 1 on channel 28
[foxglove_bridge-12] [INFO] [1768034539.700947257] [foxglove_bridge]: received unsubscribe request for channel 53
[foxglove_bridge-12] [INFO] [1768034539.700972721] [foxglove_bridge]: Cleaned up subscription to topic /local_path for client 1 on channel 53
[foxglove_bridge-12] [INFO] [1768034539.702660845] [foxglove_bridge]: received unsubscribe request for channel 33
[foxglove_bridge-12] [INFO] [1768034539.702683790] [foxglove_bridge]: Cleaned up subscription to topic /octomap_ground for client 1 on channel 33
[foxglove_bridge-12] [INFO] [1768034539.703609427] [foxglove_bridge]: received unsubscribe request for channel 3
[foxglove_bridge-12] [INFO] [1768034539.703639186] [foxglove_bridge]: Cleaned up subscription to topic /tf_static for client 1 on channel 3
[foxglove_bridge-12] [INFO] [1768034539.705869223] [foxglove_bridge]: received unsubscribe request for channel 16
[foxglove_bridge-12] [INFO] [1768034539.705896001] [foxglove_bridge]: Cleaned up subscription to topic /out for client 1 on channel 16
[foxglove_bridge-12] [INFO] [1768034539.706899694] [foxglove_bridge]: received unsubscribe request for channel 26
[foxglove_bridge-12] [INFO] [1768034539.706979046] [foxglove_bridge]: Cleaned up subscription to topic /flann/matches_viz for client 1 on channel 26
[foxglove_bridge-12] [INFO] [1768034539.708006017] [foxglove_bridge]: received unsubscribe request for channel 30
[foxglove_bridge-12] [INFO] [1768034539.708031555] [foxglove_bridge]: Cleaned up subscription to topic /camera/camera_info for client 1 on channel 30
[foxglove_bridge-12] [INFO] [1768034539.709119545] [foxglove_bridge]: received unsubscribe request for channel 44
[foxglove_bridge-12] [INFO] [1768034539.709144508] [foxglove_bridge]: Cleaned up subscription to topic /cloud_ground for client 1 on channel 44
[foxglove_bridge-12] [INFO] [1768034539.709705772] [foxglove_bridge]: received unsubscribe request for channel 52
[foxglove_bridge-12] [INFO] [1768034539.709729291] [foxglove_bridge]: Cleaned up subscription to topic /local_grid_empty for client 1 on channel 52
[foxglove_bridge-12] [INFO] [1768034539.711212802] [foxglove_bridge]: received unsubscribe request for channel 31
[foxglove_bridge-12] [INFO] [1768034539.711269062] [foxglove_bridge]: Cleaned up subscription to topic /octomap_occupied_space for client 1 on channel 31
[foxglove_bridge-12] [INFO] [1768034539.712411590] [foxglove_bridge]: received unsubscribe request for channel 41
[foxglove_bridge-12] [INFO] [1768034539.712433960] [foxglove_bridge]: Cleaned up subscription to topic /octomap_grid for client 1 on channel 41
[foxglove_bridge-12] [INFO] [1768034539.713455228] [foxglove_bridge]: received unsubscribe request for channel 39
[foxglove_bridge-12] [INFO] [1768034539.713485746] [foxglove_bridge]: Cleaned up subscription to topic /map for client 1 on channel 39
[foxglove_bridge-12] [INFO] [1768034539.714595052] [foxglove_bridge]: received unsubscribe request for channel 15
[foxglove_bridge-12] [INFO] [1768034539.714617033] [foxglove_bridge]: Cleaned up subscription to topic /out/compressedDepth for client 1 on channel 15
[foxglove_bridge-12] [INFO] [1768034539.715525263] [foxglove_bridge]: received unsubscribe request for channel 12
[foxglove_bridge-12] [INFO] [1768034539.715666653] [foxglove_bridge]: Cleaned up subscription to topic /superpoint/debug_image/compressed for client 1 on channel 12
[foxglove_bridge-12] [INFO] [1768034539.717564761] [foxglove_bridge]: Shutdown complete
[INFO] [robot_state_publisher-1]: process has finished cleanly [pid 23401]
[bluedot_node-9] Server started D8:3A:DD:BF:67:9C
[bluedot_node-9] Waiting for connection
[bluedot_node-9] Traceback (most recent call last):
[bluedot_node-9]   File "/home/robopy/robopy/robopi_controller/robopy_controller_host/build/robopy_controller/robopy_controller/bluedot_node.py", line 231, in main
[bluedot_node-9]     rclpy.spin(node)
[bluedot_node-9]   File "/home/robopy/ros2_jazzy/install/rclpy/lib/python3.11/site-packages/rclpy/__init__.py", line 247, in spin
[bluedot_node-9]     executor.spin_once()
[bluedot_node-9]   File "/home/robopy/ros2_jazzy/install/rclpy/lib/python3.11/site-packages/rclpy/executors.py", line 839, in spin_once
[bluedot_node-9]     self._spin_once_impl(timeout_sec)
[bluedot_node-9]   File "/home/robopy/ros2_jazzy/install/rclpy/lib/python3.11/site-packages/rclpy/executors.py", line 823, in _spin_once_impl
[bluedot_node-9]     handler, entity, node = self.wait_for_ready_callbacks(
[bluedot_node-9]                             ^^^^^^^^^^^^^^^^^^^^^^^^^^^^^^
[bluedot_node-9]   File "/home/robopy/ros2_jazzy/install/rclpy/lib/python3.11/site-packages/rclpy/executors.py", line 793, in wait_for_ready_callbacks
[bluedot_node-9]     return next(self._cb_iter)
[bluedot_node-9]            ^^^^^^^^^^^^^^^^^^^
[bluedot_node-9]   File "/home/robopy/ros2_jazzy/install/rclpy/lib/python3.11/site-packages/rclpy/executors.py", line 701, in _wait_for_ready_callbacks
[bluedot_node-9]     raise ExternalShutdownException()
[bluedot_node-9] rclpy.executors.ExternalShutdownException
[bluedot_node-9] 
[bluedot_node-9] During handling of the above exception, another exception occurred:
[bluedot_node-9] 
[bluedot_node-9] Traceback (most recent call last):
[bluedot_node-9]   File "/home/robopy/robopy/robopi_controller/robopy_controller_host/install/robopy_controller/lib/robopy_controller/bluedot_node", line 33, in <module>
[bluedot_node-9]     sys.exit(load_entry_point('robopy-controller', 'console_scripts', 'bluedot_node')())
[bluedot_node-9]              ^^^^^^^^^^^^^^^^^^^^^^^^^^^^^^^^^^^^^^^^^^^^^^^^^^^^^^^^^^^^^^^^^^^^^^^^^^
[bluedot_node-9]   File "/home/robopy/robopy/robopi_controller/robopy_controller_host/build/robopy_controller/robopy_controller/bluedot_node.py", line 237, in main
[bluedot_node-9]     rclpy.shutdown()
[bluedot_node-9]   File "/home/robopy/ros2_jazzy/install/rclpy/lib/python3.11/site-packages/rclpy/__init__.py", line 134, in shutdown
[bluedot_node-9]     _shutdown(context=context)
[bluedot_node-9]   File "/home/robopy/ros2_jazzy/install/rclpy/lib/python3.11/site-packages/rclpy/utilities.py", line 82, in shutdown
[bluedot_node-9]     context.shutdown()
[bluedot_node-9]   File "/home/robopy/ros2_jazzy/install/rclpy/lib/python3.11/site-packages/rclpy/context.py", line 129, in shutdown
[bluedot_node-9]     self.__context.shutdown()
[bluedot_node-9] rclpy._rclpy_pybind11.RCLError: failed to shutdown: rcl_shutdown already called on the given context, at /home/robopy/ros2_jazzy/src/ros2/rcl/rcl/src/rcl/init.c:333
[INFO] [foxglove_bridge-12]: process has finished cleanly [pid 23423]
[ERROR] [madgwick_node-13]: process has died [pid 23593, exit code 1, cmd '/home/robopy/robopy/robopi_controller/robopy_controller_host/install/robopy_controller/lib/robopy_controller/madgwick_node --ros-args -r __node:=madgwick_filter --params-file /tmp/launch_params_dx985wz8'].
[INFO] [republish-11]: process has finished cleanly [pid 23421]
[motor_control_node-10] Exception ignored in: <function Device.__del__ at 0x7fff0b3177e0>
[motor_control_node-10] Traceback (most recent call last):
[motor_control_node-10]   File "/home/robopy/ros2_venv/lib/python3.11/site-packages/buildhat/devices.py", line 98, in __del__
[motor_control_node-10]   File "/home/robopy/ros2_venv/lib/python3.11/site-packages/buildhat/devices.py", line 272, in deselect
[motor_control_node-10]   File "/home/robopy/ros2_venv/lib/python3.11/site-packages/buildhat/devices.py", line 276, in _write
[motor_control_node-10]   File "/home/robopy/ros2_venv/lib/python3.11/site-packages/buildhat/serinterface.py", line 249, in write
[motor_control_node-10]   File "/home/robopy/ros2_venv/lib/python3.11/site-packages/serial/serialposix.py", line 615, in write
[motor_control_node-10] serial.serialutil.PortNotOpenError: Attempting to use a port that is not open
[motor_control_node-10] Exception ignored in: <function Device.__del__ at 0x7fff0b3177e0>
[motor_control_node-10] Traceback (most recent call last):
[motor_control_node-10]   File "/home/robopy/ros2_venv/lib/python3.11/site-packages/buildhat/devices.py", line 98, in __del__
[motor_control_node-10]   File "/home/robopy/ros2_venv/lib/python3.11/site-packages/buildhat/devices.py", line 272, in deselect
[motor_control_node-10]   File "/home/robopy/ros2_venv/lib/python3.11/site-packages/buildhat/devices.py", line 276, in _write
[motor_control_node-10]   File "/home/robopy/ros2_venv/lib/python3.11/site-packages/buildhat/serinterface.py", line 249, in write
[motor_control_node-10]   File "/home/robopy/ros2_venv/lib/python3.11/site-packages/serial/serialposix.py", line 615, in write
[motor_control_node-10] serial.serialutil.PortNotOpenError: Attempting to use a port that is not open
[ERROR] [bluedot_node-9]: process has died [pid 23417, exit code 1, cmd '/home/robopy/robopy/robopi_controller/robopy_controller_host/install/robopy_controller/lib/robopy_controller/bluedot_node --ros-args'].
[ERROR] [motor_control_node-10]: process has died [pid 23419, exit code 1, cmd '/home/robopy/robopy/robopi_controller/robopy_controller_host/install/robopy_controller/lib/robopy_controller/motor_control_node --ros-args'].
[rtabmap-14] [33m[ WARN] (2026-01-10 09:42:19.069) Memory.cpp:2105::forget() Less signatures transferred (2) than added (3)! The working memory cannot decrease in size.[0m
[rtabmap-14] rtabmap: Saving database/long-term memory... (located at /home/robopy/.ros/rtabmap.db)
[rtabmap-14] rtabmap: 2D occupancy grid map saved.
[rtabmap-14] rtabmap: Saving database/long-term memory...done! (located at /home/robopy/.ros/rtabmap.db, 1 MB)
[INFO] [rtabmap-14]: process has finished cleanly [pid 23735]
[superpoint_node-2] [INFO] [1768034542.708202249] [superpoint_node]: Shutdown completato con successo
[superpoint_node-2] [ERROR] [1768034542.709286220] [superpoint_node]: Errore fermando timer: cannot use Destroyable because destruction was requested
[superpoint_node-2] Nodo terminato correttamente.
[INFO] [superpoint_node-2]: process has finished cleanly [pid 23403]
