[5.152s] Invoking command in '/home/robopy/robopy/robopi_controller/robopy_controller_host/build/robopy_controller': PYTHONPATH=/home/robopy/robopy/robopi_controller/robopy_controller_host/build/robopy_controller/prefix_override:/usr/lib/python3/dist-packages/colcon_core/task/python/colcon_distutils_commands:/home/robopy/robopy/robopi_controller/robopy_controller_host/install/robopy_controller/lib/python3.11/site-packages:${PYTHONPATH} /usr/bin/python3 -W ignore:setup.py install is deprecated -W ignore:easy_install command is deprecated setup.py develop --editable --build-directory /home/robopy/robopy/robopi_controller/robopy_controller_host/build/robopy_controller/build --no-deps symlink_data
[6.900s] running develop
[7.630s] running egg_info
[7.639s] creating robopy_controller.egg-info
[7.685s] writing robopy_controller.egg-info/PKG-INFO
[7.686s] writing dependency_links to robopy_controller.egg-info/dependency_links.txt
[7.686s] writing entry points to robopy_controller.egg-info/entry_points.txt
[7.686s] writing requirements to robopy_controller.egg-info/requires.txt
[7.687s] writing top-level names to robopy_controller.egg-info/top_level.txt
[7.687s] writing manifest file 'robopy_controller.egg-info/SOURCES.txt'
[7.814s] reading manifest file 'robopy_controller.egg-info/SOURCES.txt'
[7.816s] writing manifest file 'robopy_controller.egg-info/SOURCES.txt'
[7.998s] running build_ext
[7.998s] Creating /home/robopy/robopy/robopi_controller/robopy_controller_host/install/robopy_controller/lib/python3.11/site-packages/robopy-controller.egg-link (link to .)
[8.000s] Installing FastDepth_node script to /home/robopy/robopy/robopi_controller/robopy_controller_host/install/robopy_controller/lib/robopy_controller
[8.000s] Installing IMU_node script to /home/robopy/robopy/robopi_controller/robopy_controller_host/install/robopy_controller/lib/robopy_controller
[8.001s] Installing bluedot_node script to /home/robopy/robopy/robopi_controller/robopy_controller_host/install/robopy_controller/lib/robopy_controller
[8.001s] Installing bno080_odom_node script to /home/robopy/robopy/robopi_controller/robopy_controller_host/install/robopy_controller/lib/robopy_controller
[8.001s] Installing camera_publisher_node script to /home/robopy/robopy/robopi_controller/robopy_controller_host/install/robopy_controller/lib/robopy_controller
[8.002s] Installing depth_to_pointcloud_node script to /home/robopy/robopy/robopi_controller/robopy_controller_host/install/robopy_controller/lib/robopy_controller
[8.002s] Installing ekf_localization_node script to /home/robopy/robopy/robopi_controller/robopy_controller_host/install/robopy_controller/lib/robopy_controller
[8.003s] Installing fastdepth_node script to /home/robopy/robopy/robopi_controller/robopy_controller_host/install/robopy_controller/lib/robopy_controller
[8.003s] Installing gray_camera_publisher_node script to /home/robopy/robopy/robopi_controller/robopy_controller_host/install/robopy_controller/lib/robopy_controller
[8.003s] Installing lite_depth_node script to /home/robopy/robopy/robopi_controller/robopy_controller_host/install/robopy_controller/lib/robopy_controller
[8.004s] Installing lite_mono_depth_node script to /home/robopy/robopy/robopi_controller/robopy_controller_host/install/robopy_controller/lib/robopy_controller
[8.004s] Installing lite_mono_node script to /home/robopy/robopy/robopi_controller/robopy_controller_host/install/robopy_controller/lib/robopy_controller
[8.004s] Installing midas_depth_node script to /home/robopy/robopy/robopi_controller/robopy_controller_host/install/robopy_controller/lib/robopy_controller
[8.004s] Installing midas_lite_ONNX_node script to /home/robopy/robopy/robopi_controller/robopy_controller_host/install/robopy_controller/lib/robopy_controller
[8.004s] Installing mobilenet_skipadd_node script to /home/robopy/robopy/robopi_controller/robopy_controller_host/install/robopy_controller/lib/robopy_controller
[8.005s] Installing motion_detector_node script to /home/robopy/robopy/robopi_controller/robopy_controller_host/install/robopy_controller/lib/robopy_controller
[8.005s] Installing motor_control_node script to /home/robopy/robopy/robopi_controller/robopy_controller_host/install/robopy_controller/lib/robopy_controller
[8.005s] Installing object_detection_node script to /home/robopy/robopy/robopi_controller/robopy_controller_host/install/robopy_controller/lib/robopy_controller
[8.005s] Installing odometria_ibrida_node script to /home/robopy/robopy/robopi_controller/robopy_controller_host/install/robopy_controller/lib/robopy_controller
[8.006s] Installing odometry_node script to /home/robopy/robopy/robopi_controller/robopy_controller_host/install/robopy_controller/lib/robopy_controller
[8.007s] Installing performance_monitor script to /home/robopy/robopy/robopi_controller/robopy_controller_host/install/robopy_controller/lib/robopy_controller
[8.007s] Installing rtabmap_node script to /home/robopy/robopy/robopi_controller/robopy_controller_host/install/robopy_controller/lib/robopy_controller
[8.007s] Installing servo_node script to /home/robopy/robopy/robopi_controller/robopy_controller_host/install/robopy_controller/lib/robopy_controller
[8.007s] Installing sync_publisher_node script to /home/robopy/robopy/robopi_controller/robopy_controller_host/install/robopy_controller/lib/robopy_controller
[8.007s] Installing topic_checker_node script to /home/robopy/robopy/robopi_controller/robopy_controller_host/install/robopy_controller/lib/robopy_controller
[8.007s] Installing ultrasonic_sensor script to /home/robopy/robopy/robopi_controller/robopy_controller_host/install/robopy_controller/lib/robopy_controller
[8.007s] Installing yuv_camera_publisher_node script to /home/robopy/robopy/robopi_controller/robopy_controller_host/install/robopy_controller/lib/robopy_controller
[8.008s] 
[8.008s] Installed /home/robopy/robopy/robopi_controller/robopy_controller_host/build/robopy_controller
[8.008s] running symlink_data
[8.008s] creating /home/robopy/robopy/robopi_controller/robopy_controller_host/install/robopy_controller/share/ament_index
[8.010s] creating /home/robopy/robopy/robopi_controller/robopy_controller_host/install/robopy_controller/share/ament_index/resource_index
[8.013s] creating /home/robopy/robopy/robopi_controller/robopy_controller_host/install/robopy_controller/share/ament_index/resource_index/packages
[8.014s] symbolically linking /home/robopy/robopy/robopi_controller/robopy_controller_host/build/robopy_controller/resource/robopy_controller -> /home/robopy/robopy/robopi_controller/robopy_controller_host/install/robopy_controller/share/ament_index/resource_index/packages
[8.014s] symbolically linking /home/robopy/robopy/robopi_controller/robopy_controller_host/build/robopy_controller/package.xml -> /home/robopy/robopy/robopi_controller/robopy_controller_host/install/robopy_controller/share/robopy_controller
[8.014s] creating /home/robopy/robopy/robopi_controller/robopy_controller_host/install/robopy_controller/share/robopy_controller/launch
[8.014s] symbolically linking /home/robopy/robopy/robopi_controller/robopy_controller_host/build/robopy_controller/launch/ultrasonic_tf_launch.py -> /home/robopy/robopy/robopi_controller/robopy_controller_host/install/robopy_controller/share/robopy_controller/launch
[8.015s] symbolically linking /home/robopy/robopy/robopi_controller/robopy_controller_host/build/robopy_controller/launch/mono_inertial.launch.py -> /home/robopy/robopy/robopi_controller/robopy_controller_host/install/robopy_controller/share/robopy_controller/launch
[8.015s] symbolically linking /home/robopy/robopy/robopi_controller/robopy_controller_host/build/robopy_controller/launch/rtabmap_rgbd_launch.py -> /home/robopy/robopy/robopi_controller/robopy_controller_host/install/robopy_controller/share/robopy_controller/launch
[8.015s] symbolically linking /home/robopy/robopy/robopi_controller/robopy_controller_host/build/robopy_controller/launch/mono_slam_lanuch.py -> /home/robopy/robopy/robopi_controller/robopy_controller_host/install/robopy_controller/share/robopy_controller/launch
[8.016s] symbolically linking /home/robopy/robopy/robopi_controller/robopy_controller_host/build/robopy_controller/launch/robopy_launch.py -> /home/robopy/robopy/robopi_controller/robopy_controller_host/install/robopy_controller/share/robopy_controller/launch
[8.016s] symbolically linking /home/robopy/robopy/robopi_controller/robopy_controller_host/build/robopy_controller/launch/full_robot_launch.py -> /home/robopy/robopy/robopi_controller/robopy_controller_host/install/robopy_controller/share/robopy_controller/launch
[8.016s] symbolically linking /home/robopy/robopy/robopi_controller/robopy_controller_host/build/robopy_controller/launch/mono_launch.py -> /home/robopy/robopy/robopi_controller/robopy_controller_host/install/robopy_controller/share/robopy_controller/launch
[8.016s] symbolically linking /home/robopy/robopy/robopi_controller/robopy_controller_host/build/robopy_controller/launch/image_launch.py -> /home/robopy/robopy/robopi_controller/robopy_controller_host/install/robopy_controller/share/robopy_controller/launch
[8.017s] creating /home/robopy/robopy/robopi_controller/robopy_controller_host/install/robopy_controller/share/robopy_controller/urdf
[8.017s] symbolically linking /home/robopy/robopy/robopi_controller/robopy_controller_host/build/robopy_controller/urdf/robopy.urdf -> /home/robopy/robopy/robopi_controller/robopy_controller_host/install/robopy_controller/share/robopy_controller/urdf
[8.017s] creating /home/robopy/robopy/robopi_controller/robopy_controller_host/install/robopy_controller/share/robopy_controller/weights
[8.018s] symbolically linking /home/robopy/robopy/robopi_controller/robopy_controller_host/build/robopy_controller/robopy_controller/weights/depth.pth -> /home/robopy/robopy/robopi_controller/robopy_controller_host/install/robopy_controller/share/robopy_controller/weights
[8.018s] symbolically linking /home/robopy/robopy/robopi_controller/robopy_controller_host/build/robopy_controller/robopy_controller/weights/encoder.pth -> /home/robopy/robopy/robopi_controller/robopy_controller_host/install/robopy_controller/share/robopy_controller/weights
[8.018s] creating /home/robopy/robopy/robopi_controller/robopy_controller_host/install/robopy_controller/share/robopy_controller/networks
[8.018s] symbolically linking /home/robopy/robopy/robopi_controller/robopy_controller_host/build/robopy_controller/robopy_controller/networks/litemono.py -> /home/robopy/robopy/robopi_controller/robopy_controller_host/install/robopy_controller/share/robopy_controller/networks
[8.019s] symbolically linking /home/robopy/robopy/robopi_controller/robopy_controller_host/build/robopy_controller/robopy_controller/networks/depth_decoder.py -> /home/robopy/robopy/robopi_controller/robopy_controller_host/install/robopy_controller/share/robopy_controller/networks
[8.019s] symbolically linking /home/robopy/robopy/robopi_controller/robopy_controller_host/build/robopy_controller/robopy_controller/networks/resnet_encoder.py -> /home/robopy/robopy/robopi_controller/robopy_controller_host/install/robopy_controller/share/robopy_controller/networks
[8.019s] symbolically linking /home/robopy/robopy/robopi_controller/robopy_controller_host/build/robopy_controller/robopy_controller/networks/layers.py -> /home/robopy/robopy/robopi_controller/robopy_controller_host/install/robopy_controller/share/robopy_controller/networks
[8.019s] symbolically linking /home/robopy/robopy/robopi_controller/robopy_controller_host/build/robopy_controller/robopy_controller/networks/pose_decoder.py -> /home/robopy/robopy/robopi_controller/robopy_controller_host/install/robopy_controller/share/robopy_controller/networks
[8.020s] symbolically linking /home/robopy/robopy/robopi_controller/robopy_controller_host/build/robopy_controller/robopy_controller/networks/__init__.py -> /home/robopy/robopy/robopi_controller/robopy_controller_host/install/robopy_controller/share/robopy_controller/networks
[8.020s] creating /home/robopy/robopy/robopi_controller/robopy_controller_host/install/robopy_controller/share/robopy_controller/known_faces
[8.020s] creating /home/robopy/robopy/robopi_controller/robopy_controller_host/install/robopy_controller/share/robopy_controller/unknown_faces
[8.020s] creating /home/robopy/robopy/robopi_controller/robopy_controller_host/install/robopy_controller/share/robopy_controller/config
[8.021s] symbolically linking /home/robopy/robopy/robopi_controller/robopy_controller_host/build/robopy_controller/robopy_controller/config/rtabmap_param.yaml -> /home/robopy/robopy/robopi_controller/robopy_controller_host/install/robopy_controller/share/robopy_controller/config
[8.021s] symbolically linking /home/robopy/robopy/robopi_controller/robopy_controller_host/build/robopy_controller/robopy_controller/config/imu_filter.yaml -> /home/robopy/robopy/robopi_controller/robopy_controller_host/install/robopy_controller/share/robopy_controller/config
[8.021s] symbolically linking /home/robopy/robopy/robopi_controller/robopy_controller_host/build/robopy_controller/robopy_controller/config/ekf.yaml -> /home/robopy/robopy/robopi_controller/robopy_controller_host/install/robopy_controller/share/robopy_controller/config
[8.248s] Invoked command in '/home/robopy/robopy/robopi_controller/robopy_controller_host/build/robopy_controller' returned '0': PYTHONPATH=/home/robopy/robopy/robopi_controller/robopy_controller_host/build/robopy_controller/prefix_override:/usr/lib/python3/dist-packages/colcon_core/task/python/colcon_distutils_commands:/home/robopy/robopy/robopi_controller/robopy_controller_host/install/robopy_controller/lib/python3.11/site-packages:${PYTHONPATH} /usr/bin/python3 -W ignore:setup.py install is deprecated -W ignore:easy_install command is deprecated setup.py develop --editable --build-directory /home/robopy/robopy/robopi_controller/robopy_controller_host/build/robopy_controller/build --no-deps symlink_data
