[1.029s] DEBUG:colcon:Command line arguments: ['/usr/bin/colcon', 'build', '--symlink-install']
[1.029s] DEBUG:colcon:Parsed command line arguments: Namespace(log_base=None, log_level=None, verb_name='build', build_base='build', install_base='install', merge_install=False, symlink_install=True, test_result_base=None, continue_on_error=False, executor='parallel', parallel_workers=4, event_handlers=None, ignore_user_meta=False, metas=['./colcon.meta'], base_paths=['.'], packages_ignore=None, packages_ignore_regex=None, paths=None, packages_up_to=None, packages_up_to_regex=None, packages_above=None, packages_above_and_dependencies=None, packages_above_depth=None, packages_select_by_dep=None, packages_skip_by_dep=None, packages_skip_up_to=None, packages_select_build_failed=False, packages_skip_build_finished=False, packages_select_test_failures=False, packages_skip_test_passed=False, packages_select=None, packages_skip=None, packages_select_regex=None, packages_skip_regex=None, packages_start=None, packages_end=None, allow_overriding=[], cmake_args=['-DCMAKE_BUILD_TYPE=Release', '-DCMAKE_C_FLAGS=-march=armv8-a+crypto -mtune=cortex-a76 -O3 -pipe', '-DCMAKE_CXX_FLAGS=-march=armv8-a+crypto -mtune=cortex-a76 -O3 -pipe'], cmake_target=None, cmake_target_skip_unavailable=False, cmake_clean_cache=False, cmake_clean_first=False, cmake_force_configure=False, ament_cmake_args=None, catkin_cmake_args=None, catkin_skip_building_tests=False, verb_parser=<colcon_defaults.argument_parser.defaults.DefaultArgumentsDecorator object at 0x7fff6aa02410>, verb_extension=<colcon_core.verb.build.BuildVerb object at 0x7fff6aa01d10>, main=<bound method BuildVerb.main of <colcon_core.verb.build.BuildVerb object at 0x7fff6aa01d10>>)
[3.934s] Level 1:colcon.colcon_core.package_discovery:discover_packages(colcon_meta) check parameters
[3.935s] Level 1:colcon.colcon_core.package_discovery:discover_packages(recursive) check parameters
[3.935s] Level 1:colcon.colcon_core.package_discovery:discover_packages(ignore) check parameters
[3.935s] Level 1:colcon.colcon_core.package_discovery:discover_packages(path) check parameters
[3.935s] Level 1:colcon.colcon_core.package_discovery:discover_packages(colcon_meta) discover
[3.935s] Level 1:colcon.colcon_core.package_discovery:discover_packages(recursive) discover
[3.935s] INFO:colcon.colcon_core.package_discovery:Crawling recursively for packages in '/home/robopy/robopy/robopi_controller/robopy_controller_host'
[3.936s] Level 1:colcon.colcon_core.package_identification:_identify(.) by extensions ['ignore', 'ignore_ament_install']
[3.936s] Level 1:colcon.colcon_core.package_identification:_identify(.) by extension 'ignore'
[3.936s] Level 1:colcon.colcon_core.package_identification:_identify(.) by extension 'ignore_ament_install'
[3.936s] Level 1:colcon.colcon_core.package_identification:_identify(.) by extensions ['colcon_pkg']
[3.936s] Level 1:colcon.colcon_core.package_identification:_identify(.) by extension 'colcon_pkg'
[3.936s] Level 1:colcon.colcon_core.package_identification:_identify(.) by extensions ['colcon_meta']
[3.936s] Level 1:colcon.colcon_core.package_identification:_identify(.) by extension 'colcon_meta'
[3.936s] Level 1:colcon.colcon_core.package_identification:_identify(.) by extensions ['ros']
[3.936s] Level 1:colcon.colcon_core.package_identification:_identify(.) by extension 'ros'
[4.039s] DEBUG:colcon.colcon_core.package_identification:Package '.' with type 'ros.ament_python' and name 'robopy_controller'
[4.039s] Level 1:colcon.colcon_core.package_discovery:discover_packages(recursive) using defaults
[4.039s] Level 1:colcon.colcon_core.package_discovery:discover_packages(ignore) discover
[4.039s] Level 1:colcon.colcon_core.package_discovery:discover_packages(ignore) using defaults
[4.039s] Level 1:colcon.colcon_core.package_discovery:discover_packages(path) discover
[4.039s] Level 1:colcon.colcon_core.package_discovery:discover_packages(path) using defaults
[4.183s] Level 1:colcon.colcon_core.package_discovery:discover_packages(prefix_path) check parameters
[4.183s] Level 1:colcon.colcon_core.package_discovery:discover_packages(prefix_path) discover
[4.403s] WARNING:colcon.colcon_ros.prefix_path.ament:The path '/home/robopy/robopy/robopi_controller/robopy_controller_host/install/robopy_controller' in the environment variable AMENT_PREFIX_PATH doesn't exist
[4.443s] DEBUG:colcon.colcon_installed_package_information.package_discovery:Found 460 installed packages in /home/robopy/ros2_jazzy/install
[4.450s] DEBUG:colcon.colcon_installed_package_information.package_discovery:Found 14 installed packages in /home/robopy/ros2_jazzy/src/install
[4.453s] DEBUG:colcon.colcon_installed_package_information.package_discovery:Found 0 installed packages in /home/robopy/robopy/robopi_controller/robopy_controller_host/install
[4.453s] Level 1:colcon.colcon_core.package_discovery:discover_packages(prefix_path) using defaults
[9.910s] Level 5:colcon.colcon_core.verb:set package 'robopy_controller' build argument 'cmake_args' from command line to '['-DCMAKE_BUILD_TYPE=Release', '-DCMAKE_C_FLAGS=-march=armv8-a+crypto -mtune=cortex-a76 -O3 -pipe', '-DCMAKE_CXX_FLAGS=-march=armv8-a+crypto -mtune=cortex-a76 -O3 -pipe']'
[9.911s] Level 5:colcon.colcon_core.verb:set package 'robopy_controller' build argument 'cmake_target' from command line to 'None'
[9.911s] Level 5:colcon.colcon_core.verb:set package 'robopy_controller' build argument 'cmake_target_skip_unavailable' from command line to 'False'
[9.911s] Level 5:colcon.colcon_core.verb:set package 'robopy_controller' build argument 'cmake_clean_cache' from command line to 'False'
[9.911s] Level 5:colcon.colcon_core.verb:set package 'robopy_controller' build argument 'cmake_clean_first' from command line to 'False'
[9.911s] Level 5:colcon.colcon_core.verb:set package 'robopy_controller' build argument 'cmake_force_configure' from command line to 'False'
[9.911s] Level 5:colcon.colcon_core.verb:set package 'robopy_controller' build argument 'ament_cmake_args' from command line to 'None'
[9.911s] Level 5:colcon.colcon_core.verb:set package 'robopy_controller' build argument 'catkin_cmake_args' from command line to 'None'
[9.911s] Level 5:colcon.colcon_core.verb:set package 'robopy_controller' build argument 'catkin_skip_building_tests' from command line to 'False'
[9.911s] DEBUG:colcon.colcon_core.verb:Building package 'robopy_controller' with the following arguments: {'ament_cmake_args': None, 'build_base': '/home/robopy/robopy/robopi_controller/robopy_controller_host/build/robopy_controller', 'catkin_cmake_args': None, 'catkin_skip_building_tests': False, 'cmake_args': ['-DCMAKE_BUILD_TYPE=Release', '-DCMAKE_C_FLAGS=-march=armv8-a+crypto -mtune=cortex-a76 -O3 -pipe', '-DCMAKE_CXX_FLAGS=-march=armv8-a+crypto -mtune=cortex-a76 -O3 -pipe'], 'cmake_clean_cache': False, 'cmake_clean_first': False, 'cmake_force_configure': False, 'cmake_target': None, 'cmake_target_skip_unavailable': False, 'install_base': '/home/robopy/robopy/robopi_controller/robopy_controller_host/install/robopy_controller', 'merge_install': False, 'path': '/home/robopy/robopy/robopi_controller/robopy_controller_host', 'symlink_install': True, 'test_result_base': None}
[9.911s] INFO:colcon.colcon_core.executor:Executing jobs using 'parallel' executor
[9.913s] DEBUG:colcon.colcon_parallel_executor.executor.parallel:run_until_complete
[9.914s] INFO:colcon.colcon_ros.task.ament_python.build:Building ROS package in '/home/robopy/robopy/robopi_controller/robopy_controller_host' with build type 'ament_python'
[9.914s] Level 1:colcon.colcon_core.shell:create_environment_hook('robopy_controller', 'ament_prefix_path')
[9.929s] INFO:colcon.colcon_core.plugin_system:Skipping extension 'colcon_core.shell.bat': Not used on non-Windows systems
[9.929s] INFO:colcon.colcon_core.shell:Creating environment hook '/home/robopy/robopy/robopi_controller/robopy_controller_host/install/robopy_controller/share/robopy_controller/hook/ament_prefix_path.ps1'
[9.931s] INFO:colcon.colcon_core.shell:Creating environment descriptor '/home/robopy/robopy/robopi_controller/robopy_controller_host/install/robopy_controller/share/robopy_controller/hook/ament_prefix_path.dsv'
[9.933s] INFO:colcon.colcon_core.shell:Creating environment hook '/home/robopy/robopy/robopi_controller/robopy_controller_host/install/robopy_controller/share/robopy_controller/hook/ament_prefix_path.sh'
[9.934s] INFO:colcon.colcon_core.shell:Skip shell extension 'powershell' for command environment: Not usable outside of PowerShell
[9.935s] DEBUG:colcon.colcon_core.shell:Skip shell extension 'dsv' for command environment
[11.478s] INFO:colcon.colcon_core.task.python.build:Building Python package in '/home/robopy/robopy/robopi_controller/robopy_controller_host'
[11.478s] INFO:colcon.colcon_core.shell:Skip shell extension 'powershell' for command environment: Not usable outside of PowerShell
[11.478s] DEBUG:colcon.colcon_core.shell:Skip shell extension 'dsv' for command environment
[15.067s] DEBUG:colcon.colcon_core.event_handler.log_command:Invoking command in '/home/robopy/robopy/robopi_controller/robopy_controller_host/build/robopy_controller': PYTHONPATH=/home/robopy/robopy/robopi_controller/robopy_controller_host/build/robopy_controller/prefix_override:/usr/lib/python3/dist-packages/colcon_core/task/python/colcon_distutils_commands:/home/robopy/robopy/robopi_controller/robopy_controller_host/install/robopy_controller/lib/python3.11/site-packages:${PYTHONPATH} /usr/bin/python3 -W ignore:setup.py install is deprecated -W ignore:easy_install command is deprecated setup.py develop --editable --build-directory /home/robopy/robopy/robopi_controller/robopy_controller_host/build/robopy_controller/build --no-deps symlink_data
[18.161s] Level 1:colcon.colcon_core.shell:create_environment_hook('robopy_controller', 'pythonpath_develop')
[18.161s] INFO:colcon.colcon_core.shell:Creating environment hook '/home/robopy/robopy/robopi_controller/robopy_controller_host/build/robopy_controller/share/robopy_controller/hook/pythonpath_develop.ps1'
[18.162s] DEBUG:colcon.colcon_core.event_handler.log_command:Invoked command in '/home/robopy/robopy/robopi_controller/robopy_controller_host/build/robopy_controller' returned '0': PYTHONPATH=/home/robopy/robopy/robopi_controller/robopy_controller_host/build/robopy_controller/prefix_override:/usr/lib/python3/dist-packages/colcon_core/task/python/colcon_distutils_commands:/home/robopy/robopy/robopi_controller/robopy_controller_host/install/robopy_controller/lib/python3.11/site-packages:${PYTHONPATH} /usr/bin/python3 -W ignore:setup.py install is deprecated -W ignore:easy_install command is deprecated setup.py develop --editable --build-directory /home/robopy/robopy/robopi_controller/robopy_controller_host/build/robopy_controller/build --no-deps symlink_data
[18.163s] INFO:colcon.colcon_core.shell:Creating environment descriptor '/home/robopy/robopy/robopi_controller/robopy_controller_host/build/robopy_controller/share/robopy_controller/hook/pythonpath_develop.dsv'
[18.164s] INFO:colcon.colcon_core.shell:Creating environment hook '/home/robopy/robopy/robopi_controller/robopy_controller_host/build/robopy_controller/share/robopy_controller/hook/pythonpath_develop.sh'
[18.196s] Level 1:colcon.colcon_core.environment:checking '/home/robopy/robopy/robopi_controller/robopy_controller_host/install/robopy_controller' for CMake module files
[18.196s] Level 1:colcon.colcon_core.environment:checking '/home/robopy/robopy/robopi_controller/robopy_controller_host/install/robopy_controller' for CMake config files
[18.198s] Level 1:colcon.colcon_core.environment:checking '/home/robopy/robopy/robopi_controller/robopy_controller_host/install/robopy_controller/lib'
[18.198s] Level 1:colcon.colcon_core.environment:checking '/home/robopy/robopy/robopi_controller/robopy_controller_host/install/robopy_controller/bin'
[18.198s] Level 1:colcon.colcon_core.environment:checking '/home/robopy/robopy/robopi_controller/robopy_controller_host/install/robopy_controller/lib/pkgconfig/robopy_controller.pc'
[18.198s] Level 1:colcon.colcon_core.environment:checking '/home/robopy/robopy/robopi_controller/robopy_controller_host/install/robopy_controller/lib/python3.11/site-packages'
[18.199s] Level 1:colcon.colcon_core.shell:create_environment_hook('robopy_controller', 'pythonpath')
[18.199s] INFO:colcon.colcon_core.shell:Creating environment hook '/home/robopy/robopy/robopi_controller/robopy_controller_host/install/robopy_controller/share/robopy_controller/hook/pythonpath.ps1'
[18.200s] INFO:colcon.colcon_core.shell:Creating environment descriptor '/home/robopy/robopy/robopi_controller/robopy_controller_host/install/robopy_controller/share/robopy_controller/hook/pythonpath.dsv'
[18.200s] INFO:colcon.colcon_core.shell:Creating environment hook '/home/robopy/robopy/robopi_controller/robopy_controller_host/install/robopy_controller/share/robopy_controller/hook/pythonpath.sh'
[18.201s] Level 1:colcon.colcon_core.environment:checking '/home/robopy/robopy/robopi_controller/robopy_controller_host/install/robopy_controller/bin'
[18.201s] Level 1:colcon.colcon_core.environment:create_environment_scripts_only(robopy_controller)
[18.202s] INFO:colcon.colcon_core.shell:Creating package script '/home/robopy/robopy/robopi_controller/robopy_controller_host/install/robopy_controller/share/robopy_controller/package.ps1'
[18.204s] INFO:colcon.colcon_core.shell:Creating package descriptor '/home/robopy/robopy/robopi_controller/robopy_controller_host/install/robopy_controller/share/robopy_controller/package.dsv'
[18.205s] INFO:colcon.colcon_core.shell:Creating package script '/home/robopy/robopy/robopi_controller/robopy_controller_host/install/robopy_controller/share/robopy_controller/package.sh'
[18.207s] INFO:colcon.colcon_core.shell:Creating package script '/home/robopy/robopy/robopi_controller/robopy_controller_host/install/robopy_controller/share/robopy_controller/package.bash'
[18.210s] INFO:colcon.colcon_core.shell:Creating package script '/home/robopy/robopy/robopi_controller/robopy_controller_host/install/robopy_controller/share/robopy_controller/package.zsh'
[18.211s] Level 1:colcon.colcon_core.environment:create_file_with_runtime_dependencies(/home/robopy/robopy/robopi_controller/robopy_controller_host/install/robopy_controller/share/colcon-core/packages/robopy_controller)
[18.213s] DEBUG:colcon.colcon_parallel_executor.executor.parallel:closing loop
[18.213s] DEBUG:colcon.colcon_parallel_executor.executor.parallel:loop closed
[18.213s] DEBUG:colcon.colcon_parallel_executor.executor.parallel:run_until_complete finished with '0'
[18.213s] DEBUG:colcon.colcon_core.event_reactor:joining thread
[18.308s] INFO:colcon.colcon_core.plugin_system:Skipping extension 'colcon_notification.desktop_notification.terminal_notifier': Not used on non-Darwin systems
[18.309s] INFO:colcon.colcon_core.plugin_system:Skipping extension 'colcon_notification.desktop_notification.win32': Not used on non-Windows systems
[18.309s] INFO:colcon.colcon_notification.desktop_notification:Sending desktop notification using 'notify2'
[18.968s] DEBUG:colcon.colcon_core.event_reactor:joined thread
[18.969s] INFO:colcon.colcon_core.shell:Creating prefix script '/home/robopy/robopy/robopi_controller/robopy_controller_host/install/local_setup.ps1'
[18.971s] INFO:colcon.colcon_core.shell:Creating prefix util module '/home/robopy/robopy/robopi_controller/robopy_controller_host/install/_local_setup_util_ps1.py'
[18.974s] INFO:colcon.colcon_core.shell:Creating prefix chain script '/home/robopy/robopy/robopi_controller/robopy_controller_host/install/setup.ps1'
[19.071s] INFO:colcon.colcon_core.shell:Creating prefix script '/home/robopy/robopy/robopi_controller/robopy_controller_host/install/local_setup.sh'
[19.088s] INFO:colcon.colcon_core.shell:Creating prefix util module '/home/robopy/robopy/robopi_controller/robopy_controller_host/install/_local_setup_util_sh.py'
[19.088s] INFO:colcon.colcon_core.shell:Creating prefix chain script '/home/robopy/robopy/robopi_controller/robopy_controller_host/install/setup.sh'
[19.160s] INFO:colcon.colcon_core.shell:Creating prefix script '/home/robopy/robopy/robopi_controller/robopy_controller_host/install/local_setup.bash'
[19.164s] INFO:colcon.colcon_core.shell:Creating prefix chain script '/home/robopy/robopy/robopi_controller/robopy_controller_host/install/setup.bash'
[19.185s] INFO:colcon.colcon_core.shell:Creating prefix script '/home/robopy/robopy/robopi_controller/robopy_controller_host/install/local_setup.zsh'
[19.186s] INFO:colcon.colcon_core.shell:Creating prefix chain script '/home/robopy/robopy/robopi_controller/robopy_controller_host/install/setup.zsh'
