running develop
running egg_info
writing robopy_controller.egg-info/PKG-INFO
writing dependency_links to robopy_controller.egg-info/dependency_links.txt
writing entry points to robopy_controller.egg-info/entry_points.txt
writing requirements to robopy_controller.egg-info/requires.txt
writing top-level names to robopy_controller.egg-info/top_level.txt
reading manifest file 'robopy_controller.egg-info/SOURCES.txt'
writing manifest file 'robopy_controller.egg-info/SOURCES.txt'
running build_ext
Creating /home/robopy/robopy/robopi_controller/robopy_controller_host/install/robopy_controller/lib/python3.11/site-packages/robopy-controller.egg-link (link to .)
Installing FastDepth_node script to /home/robopy/robopy/robopi_controller/robopy_controller_host/install/robopy_controller/lib/robopy_controller
Installing IMU_node script to /home/robopy/robopy/robopi_controller/robopy_controller_host/install/robopy_controller/lib/robopy_controller
Installing bluedot_node script to /home/robopy/robopy/robopi_controller/robopy_controller_host/install/robopy_controller/lib/robopy_controller
Installing bno080_odom_node script to /home/robopy/robopy/robopi_controller/robopy_controller_host/install/robopy_controller/lib/robopy_controller
Installing camera_publisher_node script to /home/robopy/robopy/robopi_controller/robopy_controller_host/install/robopy_controller/lib/robopy_controller
Installing depth_to_pointcloud_node script to /home/robopy/robopy/robopi_controller/robopy_controller_host/install/robopy_controller/lib/robopy_controller
Installing ekf_localization_node script to /home/robopy/robopy/robopi_controller/robopy_controller_host/install/robopy_controller/lib/robopy_controller
Installing fastdepth_node script to /home/robopy/robopy/robopi_controller/robopy_controller_host/install/robopy_controller/lib/robopy_controller
Installing gray_camera_publisher_node script to /home/robopy/robopy/robopi_controller/robopy_controller_host/install/robopy_controller/lib/robopy_controller
Installing lite_depth_node script to /home/robopy/robopy/robopi_controller/robopy_controller_host/install/robopy_controller/lib/robopy_controller
Installing lite_mono_depth_node script to /home/robopy/robopy/robopi_controller/robopy_controller_host/install/robopy_controller/lib/robopy_controller
Installing lite_mono_node script to /home/robopy/robopy/robopi_controller/robopy_controller_host/install/robopy_controller/lib/robopy_controller
Installing midas_depth_node script to /home/robopy/robopy/robopi_controller/robopy_controller_host/install/robopy_controller/lib/robopy_controller
Installing midas_lite_ONNX_node script to /home/robopy/robopy/robopi_controller/robopy_controller_host/install/robopy_controller/lib/robopy_controller
Installing mobilenet_skipadd_node script to /home/robopy/robopy/robopi_controller/robopy_controller_host/install/robopy_controller/lib/robopy_controller
Installing motion_detector_node script to /home/robopy/robopy/robopi_controller/robopy_controller_host/install/robopy_controller/lib/robopy_controller
Installing motor_control_node script to /home/robopy/robopy/robopi_controller/robopy_controller_host/install/robopy_controller/lib/robopy_controller
Installing object_detection_node script to /home/robopy/robopy/robopi_controller/robopy_controller_host/install/robopy_controller/lib/robopy_controller
Installing odometria_ibrida_node script to /home/robopy/robopy/robopi_controller/robopy_controller_host/install/robopy_controller/lib/robopy_controller
Installing odometry_node script to /home/robopy/robopy/robopi_controller/robopy_controller_host/install/robopy_controller/lib/robopy_controller
Installing performance_monitor script to /home/robopy/robopy/robopi_controller/robopy_controller_host/install/robopy_controller/lib/robopy_controller
Installing rtabmap_node script to /home/robopy/robopy/robopi_controller/robopy_controller_host/install/robopy_controller/lib/robopy_controller
Installing servo_node script to /home/robopy/robopy/robopi_controller/robopy_controller_host/install/robopy_controller/lib/robopy_controller
Installing sync_publisher_node script to /home/robopy/robopy/robopi_controller/robopy_controller_host/install/robopy_controller/lib/robopy_controller
Installing topic_checker_node script to /home/robopy/robopy/robopi_controller/robopy_controller_host/install/robopy_controller/lib/robopy_controller
Installing ultrasonic_sensor script to /home/robopy/robopy/robopi_controller/robopy_controller_host/install/robopy_controller/lib/robopy_controller
Installing v4l2_camera_node script to /home/robopy/robopy/robopi_controller/robopy_controller_host/install/robopy_controller/lib/robopy_controller
Installing web_video_stream_node script to /home/robopy/robopy/robopi_controller/robopy_controller_host/install/robopy_controller/lib/robopy_controller
Installing yuv_camera_publisher_node script to /home/robopy/robopy/robopi_controller/robopy_controller_host/install/robopy_controller/lib/robopy_controller

Installed /home/robopy/robopy/robopi_controller/robopy_controller_host/build/robopy_controller
running symlink_data
