[4.006s] Invoking command in '/home/robopy/robopy/robopi_controller/robopy_controller_host/build/robopy_controller': PYTHONPATH=/home/robopy/robopy/robopi_controller/robopy_controller_host/build/robopy_controller/prefix_override:/usr/lib/python3/dist-packages/colcon_core/task/python/colcon_distutils_commands:/home/robopy/robopy/robopi_controller/robopy_controller_host/install/robopy_controller/lib/python3.11/site-packages:${PYTHONPATH} /usr/bin/python3 -W ignore:setup.py install is deprecated -W ignore:easy_install command is deprecated setup.py develop --editable --build-directory /home/robopy/robopy/robopi_controller/robopy_controller_host/build/robopy_controller/build --no-deps symlink_data
[5.242s] running develop
[5.903s] running egg_info
[5.954s] writing robopy_controller.egg-info/PKG-INFO
[5.956s] writing dependency_links to robopy_controller.egg-info/dependency_links.txt
[5.956s] writing entry points to robopy_controller.egg-info/entry_points.txt
[5.956s] writing requirements to robopy_controller.egg-info/requires.txt
[5.956s] writing top-level names to robopy_controller.egg-info/top_level.txt
[6.067s] reading manifest file 'robopy_controller.egg-info/SOURCES.txt'
[6.072s] writing manifest file 'robopy_controller.egg-info/SOURCES.txt'
[6.226s] running build_ext
[6.226s] Creating /home/robopy/robopy/robopi_controller/robopy_controller_host/install/robopy_controller/lib/python3.11/site-packages/robopy-controller.egg-link (link to .)
[6.227s] Installing FastDepth_node script to /home/robopy/robopy/robopi_controller/robopy_controller_host/install/robopy_controller/lib/robopy_controller
[6.227s] Installing IMU_node script to /home/robopy/robopy/robopi_controller/robopy_controller_host/install/robopy_controller/lib/robopy_controller
[6.227s] Installing bluedot_node script to /home/robopy/robopy/robopi_controller/robopy_controller_host/install/robopy_controller/lib/robopy_controller
[6.228s] Installing bno080_odom_node script to /home/robopy/robopy/robopi_controller/robopy_controller_host/install/robopy_controller/lib/robopy_controller
[6.228s] Installing camera_publisher_node script to /home/robopy/robopy/robopi_controller/robopy_controller_host/install/robopy_controller/lib/robopy_controller
[6.231s] Installing depth_to_pointcloud_node script to /home/robopy/robopy/robopi_controller/robopy_controller_host/install/robopy_controller/lib/robopy_controller
[6.231s] Installing ekf_localization_node script to /home/robopy/robopy/robopi_controller/robopy_controller_host/install/robopy_controller/lib/robopy_controller
[6.233s] Installing fastdepth_node script to /home/robopy/robopy/robopi_controller/robopy_controller_host/install/robopy_controller/lib/robopy_controller
[6.233s] Installing gray_camera_publisher_node script to /home/robopy/robopy/robopi_controller/robopy_controller_host/install/robopy_controller/lib/robopy_controller
[6.233s] Installing lite_depth_node script to /home/robopy/robopy/robopi_controller/robopy_controller_host/install/robopy_controller/lib/robopy_controller
[6.233s] Installing lite_mono_depth_node script to /home/robopy/robopy/robopi_controller/robopy_controller_host/install/robopy_controller/lib/robopy_controller
[6.233s] Installing lite_mono_node script to /home/robopy/robopy/robopi_controller/robopy_controller_host/install/robopy_controller/lib/robopy_controller
[6.233s] Installing midas_depth_node script to /home/robopy/robopy/robopi_controller/robopy_controller_host/install/robopy_controller/lib/robopy_controller
[6.233s] Installing midas_lite_ONNX_node script to /home/robopy/robopy/robopi_controller/robopy_controller_host/install/robopy_controller/lib/robopy_controller
[6.233s] Installing mobilenet_skipadd_node script to /home/robopy/robopy/robopi_controller/robopy_controller_host/install/robopy_controller/lib/robopy_controller
[6.233s] Installing motion_detector_node script to /home/robopy/robopy/robopi_controller/robopy_controller_host/install/robopy_controller/lib/robopy_controller
[6.233s] Installing motor_control_node script to /home/robopy/robopy/robopi_controller/robopy_controller_host/install/robopy_controller/lib/robopy_controller
[6.234s] Installing object_detection_node script to /home/robopy/robopy/robopi_controller/robopy_controller_host/install/robopy_controller/lib/robopy_controller
[6.235s] Installing odometria_ibrida_node script to /home/robopy/robopy/robopi_controller/robopy_controller_host/install/robopy_controller/lib/robopy_controller
[6.235s] Installing odometry_node script to /home/robopy/robopy/robopi_controller/robopy_controller_host/install/robopy_controller/lib/robopy_controller
[6.235s] Installing performance_monitor script to /home/robopy/robopy/robopi_controller/robopy_controller_host/install/robopy_controller/lib/robopy_controller
[6.235s] Installing rtabmap_node script to /home/robopy/robopy/robopi_controller/robopy_controller_host/install/robopy_controller/lib/robopy_controller
[6.235s] Installing servo_node script to /home/robopy/robopy/robopi_controller/robopy_controller_host/install/robopy_controller/lib/robopy_controller
[6.236s] Installing sync_publisher_node script to /home/robopy/robopy/robopi_controller/robopy_controller_host/install/robopy_controller/lib/robopy_controller
[6.236s] Installing topic_checker_node script to /home/robopy/robopy/robopi_controller/robopy_controller_host/install/robopy_controller/lib/robopy_controller
[6.236s] Installing ultrasonic_sensor script to /home/robopy/robopy/robopi_controller/robopy_controller_host/install/robopy_controller/lib/robopy_controller
[6.236s] Installing v4l2_camera_node script to /home/robopy/robopy/robopi_controller/robopy_controller_host/install/robopy_controller/lib/robopy_controller
[6.236s] Installing web_video_stream_node script to /home/robopy/robopy/robopi_controller/robopy_controller_host/install/robopy_controller/lib/robopy_controller
[6.237s] Installing yuv_camera_publisher_node script to /home/robopy/robopy/robopi_controller/robopy_controller_host/install/robopy_controller/lib/robopy_controller
[6.237s] 
[6.237s] Installed /home/robopy/robopy/robopi_controller/robopy_controller_host/build/robopy_controller
[6.237s] running symlink_data
[6.432s] Invoked command in '/home/robopy/robopy/robopi_controller/robopy_controller_host/build/robopy_controller' returned '0': PYTHONPATH=/home/robopy/robopy/robopi_controller/robopy_controller_host/build/robopy_controller/prefix_override:/usr/lib/python3/dist-packages/colcon_core/task/python/colcon_distutils_commands:/home/robopy/robopy/robopi_controller/robopy_controller_host/install/robopy_controller/lib/python3.11/site-packages:${PYTHONPATH} /usr/bin/python3 -W ignore:setup.py install is deprecated -W ignore:easy_install command is deprecated setup.py develop --editable --build-directory /home/robopy/robopy/robopi_controller/robopy_controller_host/build/robopy_controller/build --no-deps symlink_data
