[0.784s] DEBUG:colcon:Command line arguments: ['/usr/bin/colcon', 'build', '--symlink-install']
[0.784s] DEBUG:colcon:Parsed command line arguments: Namespace(log_base=None, log_level=None, verb_name='build', build_base='build', install_base='install', merge_install=False, symlink_install=True, test_result_base=None, continue_on_error=False, executor='parallel', parallel_workers=4, event_handlers=None, ignore_user_meta=False, metas=['./colcon.meta'], base_paths=['.'], packages_ignore=None, packages_ignore_regex=None, paths=None, packages_up_to=None, packages_up_to_regex=None, packages_above=None, packages_above_and_dependencies=None, packages_above_depth=None, packages_select_by_dep=None, packages_skip_by_dep=None, packages_skip_up_to=None, packages_select_build_failed=False, packages_skip_build_finished=False, packages_select_test_failures=False, packages_skip_test_passed=False, packages_select=None, packages_skip=None, packages_select_regex=None, packages_skip_regex=None, packages_start=None, packages_end=None, allow_overriding=[], cmake_args=['-DCMAKE_BUILD_TYPE=Release', '-DCMAKE_C_FLAGS=-march=armv8-a+crypto -mtune=cortex-a76 -O3 -pipe', '-DCMAKE_CXX_FLAGS=-march=armv8-a+crypto -mtune=cortex-a76 -O3 -pipe'], cmake_target=None, cmake_target_skip_unavailable=False, cmake_clean_cache=False, cmake_clean_first=False, cmake_force_configure=False, ament_cmake_args=None, catkin_cmake_args=None, catkin_skip_building_tests=False, verb_parser=<colcon_defaults.argument_parser.defaults.DefaultArgumentsDecorator object at 0x7fff1ea9bc50>, verb_extension=<colcon_core.verb.build.BuildVerb object at 0x7fff1ea9b550>, main=<bound method BuildVerb.main of <colcon_core.verb.build.BuildVerb object at 0x7fff1ea9b550>>)
[1.823s] Level 1:colcon.colcon_core.package_discovery:discover_packages(colcon_meta) check parameters
[1.823s] Level 1:colcon.colcon_core.package_discovery:discover_packages(recursive) check parameters
[1.823s] Level 1:colcon.colcon_core.package_discovery:discover_packages(ignore) check parameters
[1.824s] Level 1:colcon.colcon_core.package_discovery:discover_packages(path) check parameters
[1.824s] Level 1:colcon.colcon_core.package_discovery:discover_packages(colcon_meta) discover
[1.824s] Level 1:colcon.colcon_core.package_discovery:discover_packages(recursive) discover
[1.824s] INFO:colcon.colcon_core.package_discovery:Crawling recursively for packages in '/home/robopy/robopy/robopi_controller/robopy_controller_host'
[1.824s] Level 1:colcon.colcon_core.package_identification:_identify(.) by extensions ['ignore', 'ignore_ament_install']
[1.824s] Level 1:colcon.colcon_core.package_identification:_identify(.) by extension 'ignore'
[1.824s] Level 1:colcon.colcon_core.package_identification:_identify(.) by extension 'ignore_ament_install'
[1.825s] Level 1:colcon.colcon_core.package_identification:_identify(.) by extensions ['colcon_pkg']
[1.825s] Level 1:colcon.colcon_core.package_identification:_identify(.) by extension 'colcon_pkg'
[1.825s] Level 1:colcon.colcon_core.package_identification:_identify(.) by extensions ['colcon_meta']
[1.825s] Level 1:colcon.colcon_core.package_identification:_identify(.) by extension 'colcon_meta'
[1.825s] Level 1:colcon.colcon_core.package_identification:_identify(.) by extensions ['ros']
[1.825s] Level 1:colcon.colcon_core.package_identification:_identify(.) by extension 'ros'
[1.903s] DEBUG:colcon.colcon_core.package_identification:Package '.' with type 'ros.ament_python' and name 'robopy_controller'
[1.903s] Level 1:colcon.colcon_core.package_discovery:discover_packages(recursive) using defaults
[1.903s] Level 1:colcon.colcon_core.package_discovery:discover_packages(ignore) discover
[1.903s] Level 1:colcon.colcon_core.package_discovery:discover_packages(ignore) using defaults
[1.904s] Level 1:colcon.colcon_core.package_discovery:discover_packages(path) discover
[1.904s] Level 1:colcon.colcon_core.package_discovery:discover_packages(path) using defaults
[2.000s] Level 1:colcon.colcon_core.package_discovery:discover_packages(prefix_path) check parameters
[2.000s] Level 1:colcon.colcon_core.package_discovery:discover_packages(prefix_path) discover
[2.546s] DEBUG:colcon.colcon_installed_package_information.package_discovery:Found 460 installed packages in /home/robopy/ros2_jazzy/install
[2.585s] DEBUG:colcon.colcon_installed_package_information.package_discovery:Found 14 installed packages in /home/robopy/ros2_jazzy/src/install
[2.586s] DEBUG:colcon.colcon_installed_package_information.package_discovery:Found 1 installed packages in /home/robopy/robopy/robopi_controller/robopy_controller_host/install
[2.586s] Level 1:colcon.colcon_core.package_discovery:discover_packages(prefix_path) using defaults
[4.466s] Level 5:colcon.colcon_core.verb:set package 'robopy_controller' build argument 'cmake_args' from command line to '['-DCMAKE_BUILD_TYPE=Release', '-DCMAKE_C_FLAGS=-march=armv8-a+crypto -mtune=cortex-a76 -O3 -pipe', '-DCMAKE_CXX_FLAGS=-march=armv8-a+crypto -mtune=cortex-a76 -O3 -pipe']'
[4.466s] Level 5:colcon.colcon_core.verb:set package 'robopy_controller' build argument 'cmake_target' from command line to 'None'
[4.466s] Level 5:colcon.colcon_core.verb:set package 'robopy_controller' build argument 'cmake_target_skip_unavailable' from command line to 'False'
[4.467s] Level 5:colcon.colcon_core.verb:set package 'robopy_controller' build argument 'cmake_clean_cache' from command line to 'False'
[4.467s] Level 5:colcon.colcon_core.verb:set package 'robopy_controller' build argument 'cmake_clean_first' from command line to 'False'
[4.467s] Level 5:colcon.colcon_core.verb:set package 'robopy_controller' build argument 'cmake_force_configure' from command line to 'False'
[4.467s] Level 5:colcon.colcon_core.verb:set package 'robopy_controller' build argument 'ament_cmake_args' from command line to 'None'
[4.467s] Level 5:colcon.colcon_core.verb:set package 'robopy_controller' build argument 'catkin_cmake_args' from command line to 'None'
[4.467s] Level 5:colcon.colcon_core.verb:set package 'robopy_controller' build argument 'catkin_skip_building_tests' from command line to 'False'
[4.467s] DEBUG:colcon.colcon_core.verb:Building package 'robopy_controller' with the following arguments: {'ament_cmake_args': None, 'build_base': '/home/robopy/robopy/robopi_controller/robopy_controller_host/build/robopy_controller', 'catkin_cmake_args': None, 'catkin_skip_building_tests': False, 'cmake_args': ['-DCMAKE_BUILD_TYPE=Release', '-DCMAKE_C_FLAGS=-march=armv8-a+crypto -mtune=cortex-a76 -O3 -pipe', '-DCMAKE_CXX_FLAGS=-march=armv8-a+crypto -mtune=cortex-a76 -O3 -pipe'], 'cmake_clean_cache': False, 'cmake_clean_first': False, 'cmake_force_configure': False, 'cmake_target': None, 'cmake_target_skip_unavailable': False, 'install_base': '/home/robopy/robopy/robopi_controller/robopy_controller_host/install/robopy_controller', 'merge_install': False, 'path': '/home/robopy/robopy/robopi_controller/robopy_controller_host', 'symlink_install': True, 'test_result_base': None}
[4.467s] INFO:colcon.colcon_core.executor:Executing jobs using 'parallel' executor
[4.469s] DEBUG:colcon.colcon_parallel_executor.executor.parallel:run_until_complete
[4.469s] INFO:colcon.colcon_ros.task.ament_python.build:Building ROS package in '/home/robopy/robopy/robopi_controller/robopy_controller_host' with build type 'ament_python'
[4.469s] Level 1:colcon.colcon_core.shell:create_environment_hook('robopy_controller', 'ament_prefix_path')
[4.484s] INFO:colcon.colcon_core.plugin_system:Skipping extension 'colcon_core.shell.bat': Not used on non-Windows systems
[4.485s] INFO:colcon.colcon_core.shell:Creating environment hook '/home/robopy/robopy/robopi_controller/robopy_controller_host/install/robopy_controller/share/robopy_controller/hook/ament_prefix_path.ps1'
[4.487s] INFO:colcon.colcon_core.shell:Creating environment descriptor '/home/robopy/robopy/robopi_controller/robopy_controller_host/install/robopy_controller/share/robopy_controller/hook/ament_prefix_path.dsv'
[4.489s] INFO:colcon.colcon_core.shell:Creating environment hook '/home/robopy/robopy/robopi_controller/robopy_controller_host/install/robopy_controller/share/robopy_controller/hook/ament_prefix_path.sh'
[4.491s] INFO:colcon.colcon_core.shell:Skip shell extension 'powershell' for command environment: Not usable outside of PowerShell
[4.491s] DEBUG:colcon.colcon_core.shell:Skip shell extension 'dsv' for command environment
[5.964s] INFO:colcon.colcon_core.task.python.build:Building Python package in '/home/robopy/robopy/robopi_controller/robopy_controller_host'
[5.964s] INFO:colcon.colcon_core.shell:Skip shell extension 'powershell' for command environment: Not usable outside of PowerShell
[5.964s] DEBUG:colcon.colcon_core.shell:Skip shell extension 'dsv' for command environment
[9.296s] DEBUG:colcon.colcon_core.event_handler.log_command:Invoking command in '/home/robopy/robopy/robopi_controller/robopy_controller_host/build/robopy_controller': PYTHONPATH=/home/robopy/robopy/robopi_controller/robopy_controller_host/build/robopy_controller/prefix_override:/usr/lib/python3/dist-packages/colcon_core/task/python/colcon_distutils_commands:/home/robopy/robopy/robopi_controller/robopy_controller_host/install/robopy_controller/lib/python3.11/site-packages:${PYTHONPATH} /usr/bin/python3 -W ignore:setup.py install is deprecated -W ignore:easy_install command is deprecated setup.py develop --editable --build-directory /home/robopy/robopy/robopi_controller/robopy_controller_host/build/robopy_controller/build --no-deps symlink_data
[11.640s] Level 1:colcon.colcon_core.shell:create_environment_hook('robopy_controller', 'pythonpath_develop')
[11.641s] INFO:colcon.colcon_core.shell:Creating environment hook '/home/robopy/robopy/robopi_controller/robopy_controller_host/build/robopy_controller/share/robopy_controller/hook/pythonpath_develop.ps1'
[11.641s] DEBUG:colcon.colcon_core.event_handler.log_command:Invoked command in '/home/robopy/robopy/robopi_controller/robopy_controller_host/build/robopy_controller' returned '0': PYTHONPATH=/home/robopy/robopy/robopi_controller/robopy_controller_host/build/robopy_controller/prefix_override:/usr/lib/python3/dist-packages/colcon_core/task/python/colcon_distutils_commands:/home/robopy/robopy/robopi_controller/robopy_controller_host/install/robopy_controller/lib/python3.11/site-packages:${PYTHONPATH} /usr/bin/python3 -W ignore:setup.py install is deprecated -W ignore:easy_install command is deprecated setup.py develop --editable --build-directory /home/robopy/robopy/robopi_controller/robopy_controller_host/build/robopy_controller/build --no-deps symlink_data
[11.643s] INFO:colcon.colcon_core.shell:Creating environment descriptor '/home/robopy/robopy/robopi_controller/robopy_controller_host/build/robopy_controller/share/robopy_controller/hook/pythonpath_develop.dsv'
[11.644s] INFO:colcon.colcon_core.shell:Creating environment hook '/home/robopy/robopy/robopi_controller/robopy_controller_host/build/robopy_controller/share/robopy_controller/hook/pythonpath_develop.sh'
[11.658s] Level 1:colcon.colcon_core.environment:checking '/home/robopy/robopy/robopi_controller/robopy_controller_host/install/robopy_controller' for CMake module files
[11.659s] Level 1:colcon.colcon_core.environment:checking '/home/robopy/robopy/robopi_controller/robopy_controller_host/install/robopy_controller' for CMake config files
[11.662s] Level 1:colcon.colcon_core.environment:checking '/home/robopy/robopy/robopi_controller/robopy_controller_host/install/robopy_controller/lib'
[11.663s] Level 1:colcon.colcon_core.environment:checking '/home/robopy/robopy/robopi_controller/robopy_controller_host/install/robopy_controller/bin'
[11.664s] Level 1:colcon.colcon_core.environment:checking '/home/robopy/robopy/robopi_controller/robopy_controller_host/install/robopy_controller/lib/pkgconfig/robopy_controller.pc'
[11.665s] Level 1:colcon.colcon_core.environment:checking '/home/robopy/robopy/robopi_controller/robopy_controller_host/install/robopy_controller/lib/python3.11/site-packages'
[11.665s] Level 1:colcon.colcon_core.shell:create_environment_hook('robopy_controller', 'pythonpath')
[11.665s] INFO:colcon.colcon_core.shell:Creating environment hook '/home/robopy/robopy/robopi_controller/robopy_controller_host/install/robopy_controller/share/robopy_controller/hook/pythonpath.ps1'
[11.666s] INFO:colcon.colcon_core.shell:Creating environment descriptor '/home/robopy/robopy/robopi_controller/robopy_controller_host/install/robopy_controller/share/robopy_controller/hook/pythonpath.dsv'
[11.667s] INFO:colcon.colcon_core.shell:Creating environment hook '/home/robopy/robopy/robopi_controller/robopy_controller_host/install/robopy_controller/share/robopy_controller/hook/pythonpath.sh'
[11.668s] Level 1:colcon.colcon_core.environment:checking '/home/robopy/robopy/robopi_controller/robopy_controller_host/install/robopy_controller/bin'
[11.669s] Level 1:colcon.colcon_core.environment:create_environment_scripts_only(robopy_controller)
[11.669s] INFO:colcon.colcon_core.shell:Creating package script '/home/robopy/robopy/robopi_controller/robopy_controller_host/install/robopy_controller/share/robopy_controller/package.ps1'
[11.671s] INFO:colcon.colcon_core.shell:Creating package descriptor '/home/robopy/robopy/robopi_controller/robopy_controller_host/install/robopy_controller/share/robopy_controller/package.dsv'
[11.672s] INFO:colcon.colcon_core.shell:Creating package script '/home/robopy/robopy/robopi_controller/robopy_controller_host/install/robopy_controller/share/robopy_controller/package.sh'
[11.674s] INFO:colcon.colcon_core.shell:Creating package script '/home/robopy/robopy/robopi_controller/robopy_controller_host/install/robopy_controller/share/robopy_controller/package.bash'
[11.676s] INFO:colcon.colcon_core.shell:Creating package script '/home/robopy/robopy/robopi_controller/robopy_controller_host/install/robopy_controller/share/robopy_controller/package.zsh'
[11.678s] Level 1:colcon.colcon_core.environment:create_file_with_runtime_dependencies(/home/robopy/robopy/robopi_controller/robopy_controller_host/install/robopy_controller/share/colcon-core/packages/robopy_controller)
[11.679s] DEBUG:colcon.colcon_parallel_executor.executor.parallel:closing loop
[11.679s] DEBUG:colcon.colcon_parallel_executor.executor.parallel:loop closed
[11.679s] DEBUG:colcon.colcon_parallel_executor.executor.parallel:run_until_complete finished with '0'
[11.680s] DEBUG:colcon.colcon_core.event_reactor:joining thread
[11.837s] INFO:colcon.colcon_core.plugin_system:Skipping extension 'colcon_notification.desktop_notification.terminal_notifier': Not used on non-Darwin systems
[11.837s] INFO:colcon.colcon_core.plugin_system:Skipping extension 'colcon_notification.desktop_notification.win32': Not used on non-Windows systems
[11.837s] INFO:colcon.colcon_notification.desktop_notification:Sending desktop notification using 'notify2'
[12.408s] DEBUG:colcon.colcon_core.event_reactor:joined thread
[12.409s] INFO:colcon.colcon_core.shell:Creating prefix script '/home/robopy/robopy/robopi_controller/robopy_controller_host/install/local_setup.ps1'
[12.413s] INFO:colcon.colcon_core.shell:Creating prefix util module '/home/robopy/robopy/robopi_controller/robopy_controller_host/install/_local_setup_util_ps1.py'
[12.416s] INFO:colcon.colcon_core.shell:Creating prefix chain script '/home/robopy/robopy/robopi_controller/robopy_controller_host/install/setup.ps1'
[12.439s] INFO:colcon.colcon_core.shell:Creating prefix script '/home/robopy/robopy/robopi_controller/robopy_controller_host/install/local_setup.sh'
[12.441s] INFO:colcon.colcon_core.shell:Creating prefix util module '/home/robopy/robopy/robopi_controller/robopy_controller_host/install/_local_setup_util_sh.py'
[12.442s] INFO:colcon.colcon_core.shell:Creating prefix chain script '/home/robopy/robopy/robopi_controller/robopy_controller_host/install/setup.sh'
[12.461s] INFO:colcon.colcon_core.shell:Creating prefix script '/home/robopy/robopy/robopi_controller/robopy_controller_host/install/local_setup.bash'
[12.463s] INFO:colcon.colcon_core.shell:Creating prefix chain script '/home/robopy/robopy/robopi_controller/robopy_controller_host/install/setup.bash'
[12.482s] INFO:colcon.colcon_core.shell:Creating prefix script '/home/robopy/robopy/robopi_controller/robopy_controller_host/install/local_setup.zsh'
[12.484s] INFO:colcon.colcon_core.shell:Creating prefix chain script '/home/robopy/robopy/robopi_controller/robopy_controller_host/install/setup.zsh'
