[0.516s] DEBUG:colcon:Command line arguments: ['/usr/bin/colcon', 'build', '--symlink-install']
[0.517s] DEBUG:colcon:Parsed command line arguments: Namespace(log_base=None, log_level=None, verb_name='build', build_base='build', install_base='install', merge_install=False, symlink_install=True, test_result_base=None, continue_on_error=False, executor='parallel', parallel_workers=4, event_handlers=None, ignore_user_meta=False, metas=['./colcon.meta'], base_paths=['.'], packages_ignore=None, packages_ignore_regex=None, paths=None, packages_up_to=None, packages_up_to_regex=None, packages_above=None, packages_above_and_dependencies=None, packages_above_depth=None, packages_select_by_dep=None, packages_skip_by_dep=None, packages_skip_up_to=None, packages_select_build_failed=False, packages_skip_build_finished=False, packages_select_test_failures=False, packages_skip_test_passed=False, packages_select=None, packages_skip=None, packages_select_regex=None, packages_skip_regex=None, packages_start=None, packages_end=None, allow_overriding=[], cmake_args=['-DCMAKE_BUILD_TYPE=Release', '-DCMAKE_C_FLAGS=-march=armv8-a+crypto -mtune=cortex-a76 -O3 -pipe', '-DCMAKE_CXX_FLAGS=-march=armv8-a+crypto -mtune=cortex-a76 -O3 -pipe'], cmake_target=None, cmake_target_skip_unavailable=False, cmake_clean_cache=False, cmake_clean_first=False, cmake_force_configure=False, ament_cmake_args=None, catkin_cmake_args=None, catkin_skip_building_tests=False, verb_parser=<colcon_defaults.argument_parser.defaults.DefaultArgumentsDecorator object at 0x7fff7c1dac10>, verb_extension=<colcon_core.verb.build.BuildVerb object at 0x7fff7c1da3d0>, main=<bound method BuildVerb.main of <colcon_core.verb.build.BuildVerb object at 0x7fff7c1da3d0>>)
[1.421s] Level 1:colcon.colcon_core.package_discovery:discover_packages(colcon_meta) check parameters
[1.422s] Level 1:colcon.colcon_core.package_discovery:discover_packages(recursive) check parameters
[1.422s] Level 1:colcon.colcon_core.package_discovery:discover_packages(ignore) check parameters
[1.422s] Level 1:colcon.colcon_core.package_discovery:discover_packages(path) check parameters
[1.422s] Level 1:colcon.colcon_core.package_discovery:discover_packages(colcon_meta) discover
[1.422s] Level 1:colcon.colcon_core.package_discovery:discover_packages(recursive) discover
[1.422s] INFO:colcon.colcon_core.package_discovery:Crawling recursively for packages in '/home/robopy/robopy/robopi_controller/robopy_controller_host'
[1.422s] Level 1:colcon.colcon_core.package_identification:_identify(.) by extensions ['ignore', 'ignore_ament_install']
[1.422s] Level 1:colcon.colcon_core.package_identification:_identify(.) by extension 'ignore'
[1.422s] Level 1:colcon.colcon_core.package_identification:_identify(.) by extension 'ignore_ament_install'
[1.422s] Level 1:colcon.colcon_core.package_identification:_identify(.) by extensions ['colcon_pkg']
[1.422s] Level 1:colcon.colcon_core.package_identification:_identify(.) by extension 'colcon_pkg'
[1.423s] Level 1:colcon.colcon_core.package_identification:_identify(.) by extensions ['colcon_meta']
[1.423s] Level 1:colcon.colcon_core.package_identification:_identify(.) by extension 'colcon_meta'
[1.423s] Level 1:colcon.colcon_core.package_identification:_identify(.) by extensions ['ros']
[1.423s] Level 1:colcon.colcon_core.package_identification:_identify(.) by extension 'ros'
[1.478s] DEBUG:colcon.colcon_core.package_identification:Package '.' with type 'ros.ament_python' and name 'robopy_controller'
[1.478s] Level 1:colcon.colcon_core.package_discovery:discover_packages(recursive) using defaults
[1.478s] Level 1:colcon.colcon_core.package_discovery:discover_packages(ignore) discover
[1.478s] Level 1:colcon.colcon_core.package_discovery:discover_packages(ignore) using defaults
[1.478s] Level 1:colcon.colcon_core.package_discovery:discover_packages(path) discover
[1.478s] Level 1:colcon.colcon_core.package_discovery:discover_packages(path) using defaults
[1.573s] Level 1:colcon.colcon_core.package_discovery:discover_packages(prefix_path) check parameters
[1.573s] Level 1:colcon.colcon_core.package_discovery:discover_packages(prefix_path) discover
[1.746s] DEBUG:colcon.colcon_installed_package_information.package_discovery:Found 460 installed packages in /home/robopy/ros2_jazzy/install
[1.753s] DEBUG:colcon.colcon_installed_package_information.package_discovery:Found 14 installed packages in /home/robopy/ros2_jazzy/src/install
[1.754s] DEBUG:colcon.colcon_installed_package_information.package_discovery:Found 1 installed packages in /home/robopy/robopy/robopi_controller/robopy_controller_host/install
[1.754s] Level 1:colcon.colcon_core.package_discovery:discover_packages(prefix_path) using defaults
[2.638s] Level 5:colcon.colcon_core.verb:set package 'robopy_controller' build argument 'cmake_args' from command line to '['-DCMAKE_BUILD_TYPE=Release', '-DCMAKE_C_FLAGS=-march=armv8-a+crypto -mtune=cortex-a76 -O3 -pipe', '-DCMAKE_CXX_FLAGS=-march=armv8-a+crypto -mtune=cortex-a76 -O3 -pipe']'
[2.639s] Level 5:colcon.colcon_core.verb:set package 'robopy_controller' build argument 'cmake_target' from command line to 'None'
[2.639s] Level 5:colcon.colcon_core.verb:set package 'robopy_controller' build argument 'cmake_target_skip_unavailable' from command line to 'False'
[2.639s] Level 5:colcon.colcon_core.verb:set package 'robopy_controller' build argument 'cmake_clean_cache' from command line to 'False'
[2.639s] Level 5:colcon.colcon_core.verb:set package 'robopy_controller' build argument 'cmake_clean_first' from command line to 'False'
[2.639s] Level 5:colcon.colcon_core.verb:set package 'robopy_controller' build argument 'cmake_force_configure' from command line to 'False'
[2.639s] Level 5:colcon.colcon_core.verb:set package 'robopy_controller' build argument 'ament_cmake_args' from command line to 'None'
[2.639s] Level 5:colcon.colcon_core.verb:set package 'robopy_controller' build argument 'catkin_cmake_args' from command line to 'None'
[2.639s] Level 5:colcon.colcon_core.verb:set package 'robopy_controller' build argument 'catkin_skip_building_tests' from command line to 'False'
[2.639s] DEBUG:colcon.colcon_core.verb:Building package 'robopy_controller' with the following arguments: {'ament_cmake_args': None, 'build_base': '/home/robopy/robopy/robopi_controller/robopy_controller_host/build/robopy_controller', 'catkin_cmake_args': None, 'catkin_skip_building_tests': False, 'cmake_args': ['-DCMAKE_BUILD_TYPE=Release', '-DCMAKE_C_FLAGS=-march=armv8-a+crypto -mtune=cortex-a76 -O3 -pipe', '-DCMAKE_CXX_FLAGS=-march=armv8-a+crypto -mtune=cortex-a76 -O3 -pipe'], 'cmake_clean_cache': False, 'cmake_clean_first': False, 'cmake_force_configure': False, 'cmake_target': None, 'cmake_target_skip_unavailable': False, 'install_base': '/home/robopy/robopy/robopi_controller/robopy_controller_host/install/robopy_controller', 'merge_install': False, 'path': '/home/robopy/robopy/robopi_controller/robopy_controller_host', 'symlink_install': True, 'test_result_base': None}
[2.640s] INFO:colcon.colcon_core.executor:Executing jobs using 'parallel' executor
[2.641s] DEBUG:colcon.colcon_parallel_executor.executor.parallel:run_until_complete
[2.642s] INFO:colcon.colcon_ros.task.ament_python.build:Building ROS package in '/home/robopy/robopy/robopi_controller/robopy_controller_host' with build type 'ament_python'
[2.642s] Level 1:colcon.colcon_core.shell:create_environment_hook('robopy_controller', 'ament_prefix_path')
[2.656s] INFO:colcon.colcon_core.plugin_system:Skipping extension 'colcon_core.shell.bat': Not used on non-Windows systems
[2.656s] INFO:colcon.colcon_core.shell:Creating environment hook '/home/robopy/robopy/robopi_controller/robopy_controller_host/install/robopy_controller/share/robopy_controller/hook/ament_prefix_path.ps1'
[2.658s] INFO:colcon.colcon_core.shell:Creating environment descriptor '/home/robopy/robopy/robopi_controller/robopy_controller_host/install/robopy_controller/share/robopy_controller/hook/ament_prefix_path.dsv'
[2.659s] INFO:colcon.colcon_core.shell:Creating environment hook '/home/robopy/robopy/robopi_controller/robopy_controller_host/install/robopy_controller/share/robopy_controller/hook/ament_prefix_path.sh'
[2.661s] INFO:colcon.colcon_core.shell:Skip shell extension 'powershell' for command environment: Not usable outside of PowerShell
[2.661s] DEBUG:colcon.colcon_core.shell:Skip shell extension 'dsv' for command environment
[3.957s] INFO:colcon.colcon_core.task.python.build:Building Python package in '/home/robopy/robopy/robopi_controller/robopy_controller_host'
[3.958s] INFO:colcon.colcon_core.shell:Skip shell extension 'powershell' for command environment: Not usable outside of PowerShell
[3.958s] DEBUG:colcon.colcon_core.shell:Skip shell extension 'dsv' for command environment
[6.648s] DEBUG:colcon.colcon_core.event_handler.log_command:Invoking command in '/home/robopy/robopy/robopi_controller/robopy_controller_host/build/robopy_controller': PYTHONPATH=/home/robopy/robopy/robopi_controller/robopy_controller_host/build/robopy_controller/prefix_override:/usr/lib/python3/dist-packages/colcon_core/task/python/colcon_distutils_commands:/home/robopy/robopy/robopi_controller/robopy_controller_host/install/robopy_controller/lib/python3.11/site-packages:${PYTHONPATH} /usr/bin/python3 -W ignore:setup.py install is deprecated -W ignore:easy_install command is deprecated setup.py develop --editable --build-directory /home/robopy/robopy/robopi_controller/robopy_controller_host/build/robopy_controller/build --no-deps symlink_data
[9.071s] Level 1:colcon.colcon_core.shell:create_environment_hook('robopy_controller', 'pythonpath_develop')
[9.072s] INFO:colcon.colcon_core.shell:Creating environment hook '/home/robopy/robopy/robopi_controller/robopy_controller_host/build/robopy_controller/share/robopy_controller/hook/pythonpath_develop.ps1'
[9.073s] DEBUG:colcon.colcon_core.event_handler.log_command:Invoked command in '/home/robopy/robopy/robopi_controller/robopy_controller_host/build/robopy_controller' returned '0': PYTHONPATH=/home/robopy/robopy/robopi_controller/robopy_controller_host/build/robopy_controller/prefix_override:/usr/lib/python3/dist-packages/colcon_core/task/python/colcon_distutils_commands:/home/robopy/robopy/robopi_controller/robopy_controller_host/install/robopy_controller/lib/python3.11/site-packages:${PYTHONPATH} /usr/bin/python3 -W ignore:setup.py install is deprecated -W ignore:easy_install command is deprecated setup.py develop --editable --build-directory /home/robopy/robopy/robopi_controller/robopy_controller_host/build/robopy_controller/build --no-deps symlink_data
[9.074s] INFO:colcon.colcon_core.shell:Creating environment descriptor '/home/robopy/robopy/robopi_controller/robopy_controller_host/build/robopy_controller/share/robopy_controller/hook/pythonpath_develop.dsv'
[9.074s] INFO:colcon.colcon_core.shell:Creating environment hook '/home/robopy/robopy/robopi_controller/robopy_controller_host/build/robopy_controller/share/robopy_controller/hook/pythonpath_develop.sh'
[9.094s] Level 1:colcon.colcon_core.environment:checking '/home/robopy/robopy/robopi_controller/robopy_controller_host/install/robopy_controller' for CMake module files
[9.095s] Level 1:colcon.colcon_core.environment:checking '/home/robopy/robopy/robopi_controller/robopy_controller_host/install/robopy_controller' for CMake config files
[9.096s] Level 1:colcon.colcon_core.environment:checking '/home/robopy/robopy/robopi_controller/robopy_controller_host/install/robopy_controller/lib'
[9.096s] Level 1:colcon.colcon_core.environment:checking '/home/robopy/robopy/robopi_controller/robopy_controller_host/install/robopy_controller/bin'
[9.096s] Level 1:colcon.colcon_core.environment:checking '/home/robopy/robopy/robopi_controller/robopy_controller_host/install/robopy_controller/lib/pkgconfig/robopy_controller.pc'
[9.096s] Level 1:colcon.colcon_core.environment:checking '/home/robopy/robopy/robopi_controller/robopy_controller_host/install/robopy_controller/lib/python3.11/site-packages'
[9.097s] Level 1:colcon.colcon_core.shell:create_environment_hook('robopy_controller', 'pythonpath')
[9.097s] INFO:colcon.colcon_core.shell:Creating environment hook '/home/robopy/robopy/robopi_controller/robopy_controller_host/install/robopy_controller/share/robopy_controller/hook/pythonpath.ps1'
[9.097s] INFO:colcon.colcon_core.shell:Creating environment descriptor '/home/robopy/robopy/robopi_controller/robopy_controller_host/install/robopy_controller/share/robopy_controller/hook/pythonpath.dsv'
[9.098s] INFO:colcon.colcon_core.shell:Creating environment hook '/home/robopy/robopy/robopi_controller/robopy_controller_host/install/robopy_controller/share/robopy_controller/hook/pythonpath.sh'
[9.099s] Level 1:colcon.colcon_core.environment:checking '/home/robopy/robopy/robopi_controller/robopy_controller_host/install/robopy_controller/bin'
[9.099s] Level 1:colcon.colcon_core.environment:create_environment_scripts_only(robopy_controller)
[9.100s] INFO:colcon.colcon_core.shell:Creating package script '/home/robopy/robopy/robopi_controller/robopy_controller_host/install/robopy_controller/share/robopy_controller/package.ps1'
[9.101s] INFO:colcon.colcon_core.shell:Creating package descriptor '/home/robopy/robopy/robopi_controller/robopy_controller_host/install/robopy_controller/share/robopy_controller/package.dsv'
[9.102s] INFO:colcon.colcon_core.shell:Creating package script '/home/robopy/robopy/robopi_controller/robopy_controller_host/install/robopy_controller/share/robopy_controller/package.sh'
[9.103s] INFO:colcon.colcon_core.shell:Creating package script '/home/robopy/robopy/robopi_controller/robopy_controller_host/install/robopy_controller/share/robopy_controller/package.bash'
[9.105s] INFO:colcon.colcon_core.shell:Creating package script '/home/robopy/robopy/robopi_controller/robopy_controller_host/install/robopy_controller/share/robopy_controller/package.zsh'
[9.106s] Level 1:colcon.colcon_core.environment:create_file_with_runtime_dependencies(/home/robopy/robopy/robopi_controller/robopy_controller_host/install/robopy_controller/share/colcon-core/packages/robopy_controller)
[9.106s] DEBUG:colcon.colcon_parallel_executor.executor.parallel:closing loop
[9.107s] DEBUG:colcon.colcon_parallel_executor.executor.parallel:loop closed
[9.107s] DEBUG:colcon.colcon_parallel_executor.executor.parallel:run_until_complete finished with '0'
[9.107s] DEBUG:colcon.colcon_core.event_reactor:joining thread
[9.142s] INFO:colcon.colcon_core.plugin_system:Skipping extension 'colcon_notification.desktop_notification.terminal_notifier': Not used on non-Darwin systems
[9.143s] INFO:colcon.colcon_core.plugin_system:Skipping extension 'colcon_notification.desktop_notification.win32': Not used on non-Windows systems
[9.143s] INFO:colcon.colcon_notification.desktop_notification:Sending desktop notification using 'notify2'
[9.203s] DEBUG:colcon.colcon_core.event_reactor:joined thread
[9.204s] INFO:colcon.colcon_core.shell:Creating prefix script '/home/robopy/robopy/robopi_controller/robopy_controller_host/install/local_setup.ps1'
[9.206s] INFO:colcon.colcon_core.shell:Creating prefix util module '/home/robopy/robopy/robopi_controller/robopy_controller_host/install/_local_setup_util_ps1.py'
[9.207s] INFO:colcon.colcon_core.shell:Creating prefix chain script '/home/robopy/robopy/robopi_controller/robopy_controller_host/install/setup.ps1'
[9.226s] INFO:colcon.colcon_core.shell:Creating prefix script '/home/robopy/robopy/robopi_controller/robopy_controller_host/install/local_setup.sh'
[9.228s] INFO:colcon.colcon_core.shell:Creating prefix util module '/home/robopy/robopy/robopi_controller/robopy_controller_host/install/_local_setup_util_sh.py'
[9.229s] INFO:colcon.colcon_core.shell:Creating prefix chain script '/home/robopy/robopy/robopi_controller/robopy_controller_host/install/setup.sh'
[9.247s] INFO:colcon.colcon_core.shell:Creating prefix script '/home/robopy/robopy/robopi_controller/robopy_controller_host/install/local_setup.bash'
[9.250s] INFO:colcon.colcon_core.shell:Creating prefix chain script '/home/robopy/robopy/robopi_controller/robopy_controller_host/install/setup.bash'
[9.268s] INFO:colcon.colcon_core.shell:Creating prefix script '/home/robopy/robopy/robopi_controller/robopy_controller_host/install/local_setup.zsh'
[9.270s] INFO:colcon.colcon_core.shell:Creating prefix chain script '/home/robopy/robopy/robopi_controller/robopy_controller_host/install/setup.zsh'
